[0;34m[1784654628.254] [5517:5517] [DL] ChipLinuxStorage::Init: Using KVS config file: /tmp/chip_tool_kvs[0m
[1;31m[1784654628.256] [5517:5517] [DL] ChipLinuxStorage::Init: Attempt to re-initialize with KVS config file: /tmp/chip_kvs, IGNORING.[0m
[0;34m[1784654628.259] [5517:5517] [DL] ChipLinuxStorage::Init: Using KVS config file: /tmp/chip_factory.ini[0m
[0;34m[1784654628.259] [5517:5517] [DL] ChipLinuxStorage::Init: Using KVS config file: /tmp/chip_config.ini[0m
[0;34m[1784654628.259] [5517:5517] [DL] ChipLinuxStorage::Init: Using KVS config file: /tmp/chip_counters.ini[0m
[0;34m[1784654628.261] [5517:5517] [DL] Wrote settings to /tmp/chip_counters.ini[0m
[0;32m[1784654628.261] [5517:5517] [DL] NVS set: chip-counters/reboot-count = 3 (0x3)[0m
[0;32m[1784654628.261] [5517:5517] [DL] Got Ethernet interface: enp0s3[0m
[0;32m[1784654628.261] [5517:5517] [DL] Found the primary Ethernet interface:enp0s3[0m
[1;31m[1784654628.262] [5517:5517] [DL] Failed to get WiFi interface[0m
[1;31m[1784654628.262] [5517:5517] [DL] Failed to reset WiFi statistic counts[0m
[0;32m[1784654628.262] [5517:5517] [PAF] WiFiPAF: WiFiPAFLayer::Init()[0m
[0;34m[1784654628.262] [5517:5517] [IN] UDP::Init bind&listen port=0[0m
[0;34m[1784654628.262] [5517:5517] [IN] UDP::Init bound to port=37688[0m
[0;34m[1784654628.262] [5517:5517] [IN] UDP::Init bind&listen port=0[0m
[0;34m[1784654628.262] [5517:5517] [IN] UDP::Init bound to port=57763[0m
[0;34m[1784654628.262] [5517:5517] [IN] BLEBase::Init - setting/overriding transport[0m
[0;34m[1784654628.262] [5517:5517] [IN] WiFiPAFBase::Init - setting/overriding transport[0m
[0;34m[1784654628.262] [5517:5517] [IN] TransportMgr initialized[0m
[0;34m[1784654628.262] [5517:5517] [FP] Initializing FabricTable from persistent storage[0m
[0;32m[1784654628.262] [5517:5517] [TS] Last Known Good Time: 2023-10-14T01:16:48[0m
[0;32m[1784654628.262] [5517:5517] [FP] Fabric index 0x1 was retrieved from storage. Compressed FabricId 0x7F212DEB143A9E51, FabricId 0x0000000000000001, NodeId 0x000000000001B669, VendorId 0xFFF1[0m
[0;32m[1784654628.263] [5517:5517] [DMG] Ember attribute persistence requires setting up[0m
[0;32m[1784654628.263] [5517:5517] [ZCL] Using ZAP configuration...[0m
[0;34m[1784654628.263] [5517:5517] [CTL] System State Initialized...[0m
[0;32m[1784654628.263] [5517:5517] [CTL] Setting attestation nonce to random value[0m
[0;32m[1784654628.263] [5517:5517] [CTL] Setting CSR nonce to random value[0m
[0;34m[1784654628.263] [5517:5519] [DL] CHIP task running[0m
[0;32m[1784654628.263] [5517:5519] [CTL] Setting attestation nonce to random value[0m
[0;32m[1784654628.263] [5517:5519] [CTL] Setting CSR nonce to random value[0m
[0;32m[1784654628.263] [5517:5519] [CTL] Generating NOC[0m
[0;32m[1784654628.264] [5517:5519] [FP] Validating NOC chain[0m
[0;32m[1784654628.264] [5517:5519] [FP] NOC chain validation successful[0m
[0;32m[1784654628.264] [5517:5519] [FP] Updated fabric at index: 0x1, Node ID: 0x000000000001B669[0m
[0;32m[1784654628.264] [5517:5519] [TS] Last Known Good Time: 2023-10-14T01:16:48[0m
[0;32m[1784654628.264] [5517:5519] [TS] New proposed Last Known Good Time: 2021-01-01T00:00:00[0m
[0;32m[1784654628.264] [5517:5519] [TS] Retaining current Last Known Good Time[0m
[0;32m[1784654628.268] [5517:5519] [FP] Metadata for Fabric 0x1 persisted to storage.[0m
[0;32m[1784654628.269] [5517:5519] [TS] Committing Last Known Good Time to storage: 2023-10-14T01:16:48[0m
[0;32m[1784654628.270] [5517:5519] [CTL] Joined the fabric at index 1. Fabric ID is 0x0000000000000001 (Compressed Fabric ID: 7F212DEB143A9E51)[0m
[0;32m[1784654628.275] [5517:5519] [TOO] Sending command to node 0x1[0m
[0;34m[1784654628.275] [5517:5519] [CSM] FindOrEstablishSession: PeerId = [1:0000000000000001][0m
[0;34m[1784654628.275] [5517:5519] [CSM] FindOrEstablishSession: No existing OperationalSessionSetup instance found[0m
[0;34m[1784654628.275] [5517:5519] [DIS] OperationalSessionSetup[1:0000000000000001]: State change 1 --> 2[0m
[0;32m[1784654628.275] [5517:5519] [DIS] Lookup started for 7F212DEB143A9E51-0000000000000001[0m
[0;32m[1784654628.276] [5517:5519] [DIS] UDP:[fe80::bfe:a203:38f0:bce7%enp0s3]:5540: new best score: 7 (for 7F212DEB143A9E51-0000000000000001)[0m
[0;34m[1784654628.276] [5517:5519] [DIS] Lookup clearing interface for non LL address[0m
[0;32m[1784654628.276] [5517:5519] [DIS] UDP:10.0.2.15%enp0s3:5540: new best score: 2 (for 7F212DEB143A9E51-0000000000000001)[0m
[0;32m[1784654628.276] [5517:5519] [DIS] Checking node lookup status for 7F212DEB143A9E51-0000000000000001 after 0 ms[0m
[0;32m[1784654628.276] [5517:5519] [DIS] Keeping DNSSD lookup active[0m
[0;32m[1784654628.276] [5517:5519] [DIS] UDP:[fe80::bfe:a203:38f0:bce7%enp0s3]:5540: score has not improved: 7 (for 7F212DEB143A9E51-0000000000000001)[0m
[0;34m[1784654628.276] [5517:5519] [DIS] Lookup clearing interface for non LL address[0m
[0;32m[1784654628.276] [5517:5519] [DIS] UDP:10.0.2.15%enp0s3:5540: score has not improved: 2 (for 7F212DEB143A9E51-0000000000000001)[0m
[0;32m[1784654628.276] [5517:5519] [DIS] Checking node lookup status for 7F212DEB143A9E51-0000000000000001 after 0 ms[0m
[0;32m[1784654628.276] [5517:5519] [DIS] Keeping DNSSD lookup active[0m
[0;32m[1784654628.497] [5517:5519] [DIS] Checking node lookup status for 7F212DEB143A9E51-0000000000000001 after 222 ms[0m
[0;34m[1784654628.497] [5517:5519] [DIS] OperationalSessionSetup[1:0000000000000001]: Updating device address to UDP:[fe80::bfe:a203:38f0:bce7%enp0s3]:5540 while in state 2[0m
[0;34m[1784654628.497] [5517:5519] [DIS] OperationalSessionSetup[1:0000000000000001]: State change 2 --> 3[0m
[0;34m[1784654628.497] [5517:5519] [IN] SecureSession[0x7b6c14009cd0]: Allocated Type:2 LSID:13844[0m
[0;32m[1784654628.497] [5517:5519] [SC] Initiating session on local FabricIndex 1 from 0x000000000001B669 -> 0x0000000000000001[0m
[0;32m[1784654628.498] [5517:5519] [EM] <<< [E:21906i S:0 M:121703335] (U) Msg TX from 2E334EF784017D00 to 0:0000000000000000 [0000] [UDP:[fe80::bfe:a203:38f0:bce7%enp0s3]:5540] --- Type 0000:30 (SecureChannel:CASE_Sigma1) (B:196)[0m
[0;32m[1784654628.498] [5517:5519] [EM] ??1 [E:21906i S:0 M:121703335] (U) Msg Retransmission to 0:0000000000000000 scheduled for 663ms from now [State:Idle II:500 AI:300 AT:4000][0m
[0;32m[1784654628.498] [5517:5519] [SC] Sent Sigma1 msg to <0000000000000001, 1> [II:500ms AI:300ms AT:4000ms][0m
[0;34m[1784654628.498] [5517:5519] [DIS] OperationalSessionSetup[1:0000000000000001]: State change 3 --> 4[0m
[0;32m[1784654628.499] [5517:5519] [EM] >>> [E:21906i S:0 M:184272506 (Ack:121703335)] (U) Msg RX from 0:0000000000000000 [0000] to 2E334EF784017D00 --- Type 0000:31 (SecureChannel:CASE_Sigma2) (B:751)[0m
[0;34m[1784654628.499] [5517:5519] [EM] Found matching exchange: 21906i, Delegate: 0x7b6c1400b8e8[0m
[0;34m[1784654628.499] [5517:5519] [EM] Rxd Ack; Removing MessageCounter:121703335 from Retrans Table on exchange 21906i[0m
[0;32m[1784654628.499] [5517:5519] [SC] Received Sigma2 msg[0m
[0;34m[1784654628.499] [5517:5519] [SC] Found MRP parameters in the message[0m
[0;34m[1784654628.500] [5517:5519] [SC] Peer <0000000000000001, 1> assigned session ID 17387[0m
[0;34m[1784654628.500] [5517:5519] [SC] Sending Sigma3[0m
[0;32m[1784654628.500] [5517:5519] [EM] <<< [E:21906i S:0 M:121703336 (Ack:184272506)] (U) Msg TX from 2E334EF784017D00 to 0:0000000000000000 [0000] [UDP:[fe80::bfe:a203:38f0:bce7%enp0s3]:5540] --- Type 0000:32 (SecureChannel:CASE_Sigma3) (B:598)[0m
[0;32m[1784654628.501] [5517:5519] [EM] ??1 [E:21906i S:0 M:121703336] (U) Msg Retransmission to 0:0000000000000000 scheduled for 333ms from now [State:Active II:500 AI:300 AT:4000][0m
[0;32m[1784654628.501] [5517:5519] [SC] Sent Sigma3 msg[0m
[0;32m[1784654628.512] [5517:5519] [EM] >>> [E:21906i S:0 M:184272507 (Ack:121703336)] (U) Msg RX from 0:0000000000000000 [0000] to 2E334EF784017D00 --- Type 0000:40 (SecureChannel:StatusReport) (B:34)[0m
[0;34m[1784654628.512] [5517:5519] [EM] Found matching exchange: 21906i, Delegate: 0x7b6c1400b8e8[0m
[0;34m[1784654628.512] [5517:5519] [EM] Rxd Ack; Removing MessageCounter:121703336 from Retrans Table on exchange 21906i[0m
[0;32m[1784654628.512] [5517:5519] [SC] Success status report received. Session was established[0m
[0;32m[1784654628.513] [5517:5519] [SC] SecureSession[0x7b6c14009cd0, LSID:13844]: State change 'kEstablishing' --> 'kActive'[0m
[0;34m[1784654628.513] [5517:5519] [IN] SecureSession[0x7b6c14009cd0]: Activated - Type:2 LSID:13844[0m
[0;34m[1784654628.513] [5517:5519] [IN] New secure session activated for device <0000000000000001, 1>, LSID:13844 PSID:17387![0m
[0;34m[1784654628.513] [5517:5519] [DIS] OperationalSessionSetup[1:0000000000000001]: State change 4 --> 5[0m
[0;32m[1784654628.513] [5517:5519] [TOO] Sending cluster (0x00000030) command (0x00000000) on endpoint 0[0m
[0;34m[1784654628.513] [5517:5519] [DMG] ICR moving to [AddingComm][0m
[0;34m[1784654628.513] [5517:5519] [DMG] ICR moving to [AddedComma][0m
[0;32m[1784654628.513] [5517:5519] [EM] <<< [E:21907i S:13844 M:232255637] (S) Msg TX from 000000000001B669 to 1:0000000000000001 [9E51] [UDP:[fe80::bfe:a203:38f0:bce7%enp0s3]:5540] --- Type 0001:08 (IM:InvokeCommandRequest) (B:65)[0m
[0;32m[1784654628.513] [5517:5519] [EM] ??1 [E:21907i S:13844 M:232255637] (S) Msg Retransmission to 1:0000000000000001 scheduled for 411ms from now [State:Active II:500 AI:300 AT:4000][0m
[0;34m[1784654628.513] [5517:5519] [DMG] ICR moving to [AwaitingRe][0m
[0;32m[1784654628.513] [5517:5519] [EM] <<< [E:21906i S:0 M:121703337 (Ack:184272507)] (U) Msg TX from 2E334EF784017D00 to 0:0000000000000000 [0000] [UDP:[fe80::bfe:a203:38f0:bce7%enp0s3]:5540] --- Type 0000:10 (SecureChannel:StandaloneAck) (B:26)[0m
[0;34m[1784654628.513] [5517:5519] [EM] Flushed pending ack for MessageCounter:184272507 on exchange 21906i[0m
[0;32m[1784654628.514] [5517:5519] [EM] >>> [E:21907i S:13844 M:205467758 (Ack:232255637)] (S) Msg RX from 1:0000000000000001 [9E51] to 000000000001B669 --- Type 0001:09 (IM:InvokeCommandResponse) (B:70)[0m
[0;34m[1784654628.514] [5517:5519] [EM] Found matching exchange: 21907i, Delegate: 0x7b6c1400eef8[0m
[0;34m[1784654628.514] [5517:5519] [EM] Rxd Ack; Removing MessageCounter:232255637 from Retrans Table on exchange 21907i[0m
[0;34m[1784654628.514] [5517:5519] [DMG] ICR moving to [ResponseRe][0m
[0;34m[1784654628.514] [5517:5519] [DMG] InvokeResponseMessage =[0m
[0;34m[1784654628.514] [5517:5519] [DMG] {[0m
[0;34m[1784654628.514] [5517:5519] [DMG] 	suppressResponse = false, [0m
[0;34m[1784654628.514] [5517:5519] [DMG] 	InvokeResponseIBs =[0m
[0;34m[1784654628.514] [5517:5519] [DMG] 	[[0m
[0;34m[1784654628.514] [5517:5519] [DMG] 		InvokeResponseIB =[0m
[0;34m[1784654628.514] [5517:5519] [DMG] 		{[0m
[0;34m[1784654628.514] [5517:5519] [DMG] 			CommandDataIB =[0m
[0;34m[1784654628.514] [5517:5519] [DMG] 			{[0m
[0;34m[1784654628.514] [5517:5519] [DMG] 				CommandPathIB =[0m
[0;34m[1784654628.514] [5517:5519] [DMG] 				{[0m
[0;34m[1784654628.514] [5517:5519] [DMG] 					EndpointId = 0x0,[0m
[0;34m[1784654628.514] [5517:5519] [DMG] 					ClusterId = 0x30,[0m
[0;34m[1784654628.514] [5517:5519] [DMG] 					CommandId = 0x1,[0m
[0;34m[1784654628.514] [5517:5519] [DMG] 				},[0m
[0;34m[1784654628.514] [5517:5519] [DMG] 				[0m
[0;34m[1784654628.514] [5517:5519] [DMG] 				CommandFields = [0m
[0;34m[1784654628.514] [5517:5519] [DMG] 				{[0m
[0;34m[1784654628.514] [5517:5519] [DMG] 					0x0 = 0 (unsigned), [0m
[0;34m[1784654628.514] [5517:5519] [DMG] 					0x1 = "" (0 chars), [0m
[0;34m[1784654628.514] [5517:5519] [DMG] 				},[0m
[0;34m[1784654628.514] [5517:5519] [DMG] 			},[0m
[0;34m[1784654628.514] [5517:5519] [DMG] 			[0m
[0;34m[1784654628.514] [5517:5519] [DMG] 		},[0m
[0;34m[1784654628.514] [5517:5519] [DMG] 		[0m
[0;34m[1784654628.514] [5517:5519] [DMG] 	],[0m
[0;34m[1784654628.514] [5517:5519] [DMG] 	[0m
[0;34m[1784654628.514] [5517:5519] [DMG] 	InteractionModelRevision = 12[0m
[0;34m[1784654628.514] [5517:5519] [DMG] },[0m
[0;32m[1784654628.514] [5517:5519] [DMG] Received Command Response Data, Endpoint=0 Cluster=0x0000_0030 Command=0x0000_0001[0m
[0;32m[1784654628.514] [5517:5519] [TOO] Endpoint: 0 Cluster: 0x0000_0030 Command 0x0000_0001[0m
[0;32m[1784654628.514] [5517:5519] [TOO]   ArmFailSafeResponse: {[0m
[0;32m[1784654628.514] [5517:5519] [TOO]     errorCode: 0[0m
[0;32m[1784654628.514] [5517:5519] [TOO]     debugText: [0m
[0;32m[1784654628.514] [5517:5519] [TOO]    }[0m
[0;34m[1784654628.514] [5517:5519] [DMG] ICR moving to [AwaitingDe][0m
[0;32m[1784654628.514] [5517:5519] [EM] <<< [E:21907i S:13844 M:232255638 (Ack:205467758)] (S) Msg TX from 000000000001B669 to 1:0000000000000001 [9E51] [UDP:[fe80::bfe:a203:38f0:bce7%enp0s3]:5540] --- Type 0000:10 (SecureChannel:StandaloneAck) (B:34)[0m
[0;34m[1784654628.514] [5517:5519] [EM] Flushed pending ack for MessageCounter:205467758 on exchange 21907i[0m
[0;34m[1784654628.514] [5517:5517] [CTL] Shutting down the commissioner[0m
[0;32m[1784654628.514] [5517:5517] [PAF] WiFiPAF: Closing all WiFiPAF sessions to shutdown[0m
[0;34m[1784654628.514] [5517:5517] [CTL] Shutting down the controller[0m
[0;34m[1784654628.514] [5517:5517] [IN] Expiring all sessions for fabric 0x1!![0m
[0;34m[1784654628.514] [5517:5517] [IN] SecureSession[0x7b6c14009cd0]: MarkForEviction Type:2 LSID:13844[0m
[0;32m[1784654628.514] [5517:5517] [SC] SecureSession[0x7b6c14009cd0, LSID:13844]: State change 'kActive' --> 'kPendingEviction'[0m
[0;34m[1784654628.514] [5517:5517] [IN] SecureSession[0x7b6c14009cd0]: Released - Type:2 LSID:13844[0m
[0;32m[1784654628.514] [5517:5517] [FP] Forgetting fabric 0x1[0m
[0;32m[1784654628.514] [5517:5517] [TS] Pending Last Known Good Time: 2023-10-14T01:16:48[0m
[0;32m[1784654628.514] [5517:5517] [TS] Previous Last Known Good Time: 2023-10-14T01:16:48[0m
[0;32m[1784654628.514] [5517:5517] [TS] Reverted Last Known Good Time to previous value[0m
[0;34m[1784654628.514] [5517:5517] [CTL] Shutting down the commissioner[0m
[0;32m[1784654628.514] [5517:5517] [PAF] WiFiPAF: Closing all WiFiPAF sessions to shutdown[0m
[0;34m[1784654628.514] [5517:5517] [CTL] Shutting down the controller[0m
[0;34m[1784654628.514] [5517:5517] [CTL] Shutting down the System State, this will teardown the CHIP Stack[0m
[0;34m[1784654628.514] [5517:5517] [DMG] All ReadHandler-s are clean, clear GlobalDirtySet[0m
[0;32m[1784654628.514] [5517:5517] [FP] Shutting down FabricTable[0m
[0;32m[1784654628.514] [5517:5517] [TS] Pending Last Known Good Time: 2023-10-14T01:16:48[0m
[0;32m[1784654628.514] [5517:5517] [TS] Previous Last Known Good Time: 2023-10-14T01:16:48[0m
[0;32m[1784654628.514] [5517:5517] [TS] Reverted Last Known Good Time to previous value[0m
[0;34m[1784654628.517] [5517:5517] [DL] Wrote settings to /tmp/chip_counters.ini[0m
[0;32m[1784654628.517] [5517:5517] [DL] NVS set: chip-counters/total-operational-hours = 0 (0x0)[0m
[0;32m[1784654628.517] [5517:5517] [DL] Inet Layer shutdown[0m
[0;32m[1784654628.517] [5517:5517] [DL] BLE Layer shutdown[0m
[0;32m[1784654628.517] [5517:5517] [DL] WiFi-PAF Layer shutdown[0m
[0;32m[1784654628.517] [5517:5517] [PAF] WiFiPAF: Closing all WiFiPAF sessions to shutdown[0m
[0;32m[1784654628.517] [5517:5517] [DL] System Layer shutdown[0m
