[0;34m[1784654629.226] [5534:5534] [DL] ChipLinuxStorage::Init: Using KVS config file: /tmp/chip_tool_kvs[0m
[1;31m[1784654629.227] [5534:5534] [DL] ChipLinuxStorage::Init: Attempt to re-initialize with KVS config file: /tmp/chip_kvs, IGNORING.[0m
[0;34m[1784654629.228] [5534:5534] [DL] ChipLinuxStorage::Init: Using KVS config file: /tmp/chip_factory.ini[0m
[0;34m[1784654629.228] [5534:5534] [DL] ChipLinuxStorage::Init: Using KVS config file: /tmp/chip_config.ini[0m
[0;34m[1784654629.228] [5534:5534] [DL] ChipLinuxStorage::Init: Using KVS config file: /tmp/chip_counters.ini[0m
[0;34m[1784654629.232] [5534:5534] [DL] Wrote settings to /tmp/chip_counters.ini[0m
[0;32m[1784654629.232] [5534:5534] [DL] NVS set: chip-counters/reboot-count = 6 (0x6)[0m
[0;32m[1784654629.232] [5534:5534] [DL] Got Ethernet interface: enp0s3[0m
[0;32m[1784654629.232] [5534:5534] [DL] Found the primary Ethernet interface:enp0s3[0m
[1;31m[1784654629.233] [5534:5534] [DL] Failed to get WiFi interface[0m
[1;31m[1784654629.233] [5534:5534] [DL] Failed to reset WiFi statistic counts[0m
[0;32m[1784654629.233] [5534:5534] [PAF] WiFiPAF: WiFiPAFLayer::Init()[0m
[0;34m[1784654629.233] [5534:5534] [IN] UDP::Init bind&listen port=0[0m
[0;34m[1784654629.233] [5534:5534] [IN] UDP::Init bound to port=41182[0m
[0;34m[1784654629.233] [5534:5534] [IN] UDP::Init bind&listen port=0[0m
[0;34m[1784654629.233] [5534:5534] [IN] UDP::Init bound to port=58844[0m
[0;34m[1784654629.233] [5534:5534] [IN] BLEBase::Init - setting/overriding transport[0m
[0;34m[1784654629.233] [5534:5534] [IN] WiFiPAFBase::Init - setting/overriding transport[0m
[0;34m[1784654629.233] [5534:5534] [IN] TransportMgr initialized[0m
[0;34m[1784654629.233] [5534:5534] [FP] Initializing FabricTable from persistent storage[0m
[0;32m[1784654629.233] [5534:5534] [TS] Last Known Good Time: 2023-10-14T01:16:48[0m
[0;32m[1784654629.233] [5534:5534] [FP] Fabric index 0x1 was retrieved from storage. Compressed FabricId 0x7F212DEB143A9E51, FabricId 0x0000000000000001, NodeId 0x000000000001B669, VendorId 0xFFF1[0m
[0;32m[1784654629.234] [5534:5534] [DMG] Ember attribute persistence requires setting up[0m
[0;32m[1784654629.234] [5534:5534] [ZCL] Using ZAP configuration...[0m
[0;34m[1784654629.234] [5534:5534] [CTL] System State Initialized...[0m
[0;32m[1784654629.234] [5534:5534] [CTL] Setting attestation nonce to random value[0m
[0;32m[1784654629.234] [5534:5534] [CTL] Setting CSR nonce to random value[0m
[0;34m[1784654629.234] [5534:5536] [DL] CHIP task running[0m
[0;32m[1784654629.234] [5534:5536] [CTL] Setting attestation nonce to random value[0m
[0;32m[1784654629.234] [5534:5536] [CTL] Setting CSR nonce to random value[0m
[0;32m[1784654629.234] [5534:5536] [CTL] Generating NOC[0m
[0;32m[1784654629.235] [5534:5536] [FP] Validating NOC chain[0m
[0;32m[1784654629.235] [5534:5536] [FP] NOC chain validation successful[0m
[0;32m[1784654629.235] [5534:5536] [FP] Updated fabric at index: 0x1, Node ID: 0x000000000001B669[0m
[0;32m[1784654629.235] [5534:5536] [TS] Last Known Good Time: 2023-10-14T01:16:48[0m
[0;32m[1784654629.235] [5534:5536] [TS] New proposed Last Known Good Time: 2021-01-01T00:00:00[0m
[0;32m[1784654629.235] [5534:5536] [TS] Retaining current Last Known Good Time[0m
[0;32m[1784654629.237] [5534:5536] [FP] Metadata for Fabric 0x1 persisted to storage.[0m
[0;32m[1784654629.239] [5534:5536] [TS] Committing Last Known Good Time to storage: 2023-10-14T01:16:48[0m
[0;32m[1784654629.240] [5534:5536] [CTL] Joined the fabric at index 1. Fabric ID is 0x0000000000000001 (Compressed Fabric ID: 7F212DEB143A9E51)[0m
[0;32m[1784654629.246] [5534:5536] [TOO] Sending command to node 0x1[0m
[0;34m[1784654629.246] [5534:5536] [CSM] FindOrEstablishSession: PeerId = [1:0000000000000001][0m
[0;34m[1784654629.246] [5534:5536] [CSM] FindOrEstablishSession: No existing OperationalSessionSetup instance found[0m
[0;34m[1784654629.246] [5534:5536] [DIS] OperationalSessionSetup[1:0000000000000001]: State change 1 --> 2[0m
[0;32m[1784654629.246] [5534:5536] [DIS] Lookup started for 7F212DEB143A9E51-0000000000000001[0m
[0;32m[1784654629.246] [5534:5536] [DIS] UDP:[fe80::bfe:a203:38f0:bce7%enp0s3]:5540: new best score: 7 (for 7F212DEB143A9E51-0000000000000001)[0m
[0;34m[1784654629.246] [5534:5536] [DIS] Lookup clearing interface for non LL address[0m
[0;32m[1784654629.246] [5534:5536] [DIS] UDP:10.0.2.15%enp0s3:5540: new best score: 2 (for 7F212DEB143A9E51-0000000000000001)[0m
[0;32m[1784654629.246] [5534:5536] [DIS] Checking node lookup status for 7F212DEB143A9E51-0000000000000001 after 0 ms[0m
[0;32m[1784654629.246] [5534:5536] [DIS] Keeping DNSSD lookup active[0m
[0;32m[1784654629.246] [5534:5536] [DIS] UDP:[fe80::bfe:a203:38f0:bce7%enp0s3]:5540: score has not improved: 7 (for 7F212DEB143A9E51-0000000000000001)[0m
[0;34m[1784654629.246] [5534:5536] [DIS] Lookup clearing interface for non LL address[0m
[0;32m[1784654629.246] [5534:5536] [DIS] UDP:10.0.2.15%enp0s3:5540: score has not improved: 2 (for 7F212DEB143A9E51-0000000000000001)[0m
[0;32m[1784654629.246] [5534:5536] [DIS] Checking node lookup status for 7F212DEB143A9E51-0000000000000001 after 0 ms[0m
[0;32m[1784654629.246] [5534:5536] [DIS] Keeping DNSSD lookup active[0m
[0;32m[1784654629.447] [5534:5536] [DIS] Checking node lookup status for 7F212DEB143A9E51-0000000000000001 after 201 ms[0m
[0;34m[1784654629.447] [5534:5536] [DIS] OperationalSessionSetup[1:0000000000000001]: Updating device address to UDP:[fe80::bfe:a203:38f0:bce7%enp0s3]:5540 while in state 2[0m
[0;34m[1784654629.447] [5534:5536] [DIS] OperationalSessionSetup[1:0000000000000001]: State change 2 --> 3[0m
[0;34m[1784654629.447] [5534:5536] [IN] SecureSession[0x700470009cd0]: Allocated Type:2 LSID:38469[0m
[0;32m[1784654629.447] [5534:5536] [SC] Initiating session on local FabricIndex 1 from 0x000000000001B669 -> 0x0000000000000001[0m
[0;32m[1784654629.448] [5534:5536] [EM] <<< [E:14751i S:0 M:99467266] (U) Msg TX from DAE1A46AEC451AE1 to 0:0000000000000000 [0000] [UDP:[fe80::bfe:a203:38f0:bce7%enp0s3]:5540] --- Type 0000:30 (SecureChannel:CASE_Sigma1) (B:196)[0m
[0;32m[1784654629.450] [5534:5536] [EM] ??1 [E:14751i S:0 M:99467266] (U) Msg Retransmission to 0:0000000000000000 scheduled for 607ms from now [State:Idle II:500 AI:300 AT:4000][0m
[0;32m[1784654629.450] [5534:5536] [SC] Sent Sigma1 msg to <0000000000000001, 1> [II:500ms AI:300ms AT:4000ms][0m
[0;34m[1784654629.450] [5534:5536] [DIS] OperationalSessionSetup[1:0000000000000001]: State change 3 --> 4[0m
[0;32m[1784654629.450] [5534:5536] [EM] >>> [E:14751i S:0 M:184272512 (Ack:99467266)] (U) Msg RX from 0:0000000000000000 [0000] to DAE1A46AEC451AE1 --- Type 0000:31 (SecureChannel:CASE_Sigma2) (B:751)[0m
[0;34m[1784654629.450] [5534:5536] [EM] Found matching exchange: 14751i, Delegate: 0x70047000b8e8[0m
[0;34m[1784654629.450] [5534:5536] [EM] Rxd Ack; Removing MessageCounter:99467266 from Retrans Table on exchange 14751i[0m
[0;32m[1784654629.450] [5534:5536] [SC] Received Sigma2 msg[0m
[0;34m[1784654629.450] [5534:5536] [SC] Found MRP parameters in the message[0m
[0;34m[1784654629.452] [5534:5536] [SC] Peer <0000000000000001, 1> assigned session ID 17390[0m
[0;34m[1784654629.452] [5534:5536] [SC] Sending Sigma3[0m
[0;32m[1784654629.452] [5534:5536] [EM] <<< [E:14751i S:0 M:99467267 (Ack:184272512)] (U) Msg TX from DAE1A46AEC451AE1 to 0:0000000000000000 [0000] [UDP:[fe80::bfe:a203:38f0:bce7%enp0s3]:5540] --- Type 0000:32 (SecureChannel:CASE_Sigma3) (B:598)[0m
[0;32m[1784654629.452] [5534:5536] [EM] ??1 [E:14751i S:0 M:99467267] (U) Msg Retransmission to 0:0000000000000000 scheduled for 350ms from now [State:Active II:500 AI:300 AT:4000][0m
[0;32m[1784654629.452] [5534:5536] [SC] Sent Sigma3 msg[0m
[0;32m[1784654629.460] [5534:5536] [EM] >>> [E:14751i S:0 M:184272513 (Ack:99467267)] (U) Msg RX from 0:0000000000000000 [0000] to DAE1A46AEC451AE1 --- Type 0000:40 (SecureChannel:StatusReport) (B:34)[0m
[0;34m[1784654629.460] [5534:5536] [EM] Found matching exchange: 14751i, Delegate: 0x70047000b8e8[0m
[0;34m[1784654629.460] [5534:5536] [EM] Rxd Ack; Removing MessageCounter:99467267 from Retrans Table on exchange 14751i[0m
[0;32m[1784654629.460] [5534:5536] [SC] Success status report received. Session was established[0m
[0;32m[1784654629.461] [5534:5536] [SC] SecureSession[0x700470009cd0, LSID:38469]: State change 'kEstablishing' --> 'kActive'[0m
[0;34m[1784654629.461] [5534:5536] [IN] SecureSession[0x700470009cd0]: Activated - Type:2 LSID:38469[0m
[0;34m[1784654629.461] [5534:5536] [IN] New secure session activated for device <0000000000000001, 1>, LSID:38469 PSID:17390![0m
[0;34m[1784654629.461] [5534:5536] [DIS] OperationalSessionSetup[1:0000000000000001]: State change 4 --> 5[0m
[0;32m[1784654629.461] [5534:5536] [TOO] Sending cluster (0x0000003E) command (0x00000007) on endpoint 0[0m
[0;34m[1784654629.461] [5534:5536] [DMG] ICR moving to [AddingComm][0m
[0;34m[1784654629.461] [5534:5536] [DMG] ICR moving to [AddedComma][0m
[0;32m[1784654629.461] [5534:5536] [EM] <<< [E:14752i S:38469 M:178480883] (S) Msg TX from 000000000001B669 to 1:0000000000000001 [9E51] [UDP:[fe80::bfe:a203:38f0:bce7%enp0s3]:5540] --- Type 0001:08 (IM:InvokeCommandRequest) (B:330)[0m
[0;32m[1784654629.462] [5534:5536] [EM] ??1 [E:14752i S:38469 M:178480883] (S) Msg Retransmission to 1:0000000000000001 scheduled for 368ms from now [State:Active II:500 AI:300 AT:4000][0m
[0;34m[1784654629.462] [5534:5536] [DMG] ICR moving to [AwaitingRe][0m
[0;32m[1784654629.462] [5534:5536] [EM] <<< [E:14751i S:0 M:99467268 (Ack:184272513)] (U) Msg TX from DAE1A46AEC451AE1 to 0:0000000000000000 [0000] [UDP:[fe80::bfe:a203:38f0:bce7%enp0s3]:5540] --- Type 0000:10 (SecureChannel:StandaloneAck) (B:26)[0m
[0;34m[1784654629.462] [5534:5536] [EM] Flushed pending ack for MessageCounter:184272513 on exchange 14751i[0m
[0;32m[1784654629.471] [5534:5536] [EM] >>> [E:14752i S:38469 M:57163383 (Ack:178480883)] (S) Msg RX from 1:0000000000000001 [9E51] to 000000000001B669 --- Type 0001:09 (IM:InvokeCommandResponse) (B:70)[0m
[0;34m[1784654629.471] [5534:5536] [EM] Found matching exchange: 14752i, Delegate: 0x70047000eef8[0m
[0;34m[1784654629.471] [5534:5536] [EM] Rxd Ack; Removing MessageCounter:178480883 from Retrans Table on exchange 14752i[0m
[0;34m[1784654629.471] [5534:5536] [DMG] ICR moving to [ResponseRe][0m
[0;34m[1784654629.471] [5534:5536] [DMG] InvokeResponseMessage =[0m
[0;34m[1784654629.471] [5534:5536] [DMG] {[0m
[0;34m[1784654629.471] [5534:5536] [DMG] 	suppressResponse = false, [0m
[0;34m[1784654629.471] [5534:5536] [DMG] 	InvokeResponseIBs =[0m
[0;34m[1784654629.471] [5534:5536] [DMG] 	[[0m
[0;34m[1784654629.471] [5534:5536] [DMG] 		InvokeResponseIB =[0m
[0;34m[1784654629.471] [5534:5536] [DMG] 		{[0m
[0;34m[1784654629.471] [5534:5536] [DMG] 			CommandDataIB =[0m
[0;34m[1784654629.471] [5534:5536] [DMG] 			{[0m
[0;34m[1784654629.471] [5534:5536] [DMG] 				CommandPathIB =[0m
[0;34m[1784654629.471] [5534:5536] [DMG] 				{[0m
[0;34m[1784654629.471] [5534:5536] [DMG] 					EndpointId = 0x0,[0m
[0;34m[1784654629.471] [5534:5536] [DMG] 					ClusterId = 0x3e,[0m
[0;34m[1784654629.471] [5534:5536] [DMG] 					CommandId = 0x8,[0m
[0;34m[1784654629.471] [5534:5536] [DMG] 				},[0m
[0;34m[1784654629.471] [5534:5536] [DMG] 				[0m
[0;34m[1784654629.471] [5534:5536] [DMG] 				CommandFields = [0m
[0;34m[1784654629.471] [5534:5536] [DMG] 				{[0m
[0;34m[1784654629.471] [5534:5536] [DMG] 					0x0 = 0 (unsigned), [0m
[0;34m[1784654629.471] [5534:5536] [DMG] 					0x1 = 1 (unsigned), [0m
[0;34m[1784654629.471] [5534:5536] [DMG] 				},[0m
[0;34m[1784654629.471] [5534:5536] [DMG] 			},[0m
[0;34m[1784654629.471] [5534:5536] [DMG] 			[0m
[0;34m[1784654629.471] [5534:5536] [DMG] 		},[0m
[0;34m[1784654629.471] [5534:5536] [DMG] 		[0m
[0;34m[1784654629.471] [5534:5536] [DMG] 	],[0m
[0;34m[1784654629.471] [5534:5536] [DMG] 	[0m
[0;34m[1784654629.471] [5534:5536] [DMG] 	InteractionModelRevision = 12[0m
[0;34m[1784654629.471] [5534:5536] [DMG] },[0m
[0;32m[1784654629.471] [5534:5536] [DMG] Received Command Response Data, Endpoint=0 Cluster=0x0000_003E Command=0x0000_0008[0m
[0;32m[1784654629.471] [5534:5536] [TOO] Endpoint: 0 Cluster: 0x0000_003E Command 0x0000_0008[0m
[0;32m[1784654629.471] [5534:5536] [TOO]   NOCResponse: {[0m
[0;32m[1784654629.471] [5534:5536] [TOO]     statusCode: 0[0m
[0;32m[1784654629.471] [5534:5536] [TOO]     fabricIndex: 1[0m
[0;32m[1784654629.471] [5534:5536] [TOO]    }[0m
[0;34m[1784654629.471] [5534:5536] [DMG] ICR moving to [AwaitingDe][0m
[0;32m[1784654629.471] [5534:5536] [EM] <<< [E:14752i S:38469 M:178480884 (Ack:57163383)] (S) Msg TX from 000000000001B669 to 1:0000000000000001 [9E51] [UDP:[fe80::bfe:a203:38f0:bce7%enp0s3]:5540] --- Type 0000:10 (SecureChannel:StandaloneAck) (B:34)[0m
[0;34m[1784654629.471] [5534:5536] [EM] Flushed pending ack for MessageCounter:57163383 on exchange 14752i[0m
[0;34m[1784654629.472] [5534:5534] [CTL] Shutting down the commissioner[0m
[0;32m[1784654629.472] [5534:5534] [PAF] WiFiPAF: Closing all WiFiPAF sessions to shutdown[0m
[0;34m[1784654629.472] [5534:5534] [CTL] Shutting down the controller[0m
[0;34m[1784654629.472] [5534:5534] [IN] Expiring all sessions for fabric 0x1!![0m
[0;34m[1784654629.472] [5534:5534] [IN] SecureSession[0x700470009cd0]: MarkForEviction Type:2 LSID:38469[0m
[0;32m[1784654629.472] [5534:5534] [SC] SecureSession[0x700470009cd0, LSID:38469]: State change 'kActive' --> 'kPendingEviction'[0m
[0;34m[1784654629.472] [5534:5534] [IN] SecureSession[0x700470009cd0]: Released - Type:2 LSID:38469[0m
[0;32m[1784654629.472] [5534:5534] [FP] Forgetting fabric 0x1[0m
[0;32m[1784654629.472] [5534:5534] [TS] Pending Last Known Good Time: 2023-10-14T01:16:48[0m
[0;32m[1784654629.472] [5534:5534] [TS] Previous Last Known Good Time: 2023-10-14T01:16:48[0m
[0;32m[1784654629.472] [5534:5534] [TS] Reverted Last Known Good Time to previous value[0m
[0;34m[1784654629.472] [5534:5534] [CTL] Shutting down the commissioner[0m
[0;32m[1784654629.472] [5534:5534] [PAF] WiFiPAF: Closing all WiFiPAF sessions to shutdown[0m
[0;34m[1784654629.472] [5534:5534] [CTL] Shutting down the controller[0m
[0;34m[1784654629.472] [5534:5534] [CTL] Shutting down the System State, this will teardown the CHIP Stack[0m
[0;34m[1784654629.472] [5534:5534] [DMG] All ReadHandler-s are clean, clear GlobalDirtySet[0m
[0;32m[1784654629.472] [5534:5534] [FP] Shutting down FabricTable[0m
[0;32m[1784654629.472] [5534:5534] [TS] Pending Last Known Good Time: 2023-10-14T01:16:48[0m
[0;32m[1784654629.472] [5534:5534] [TS] Previous Last Known Good Time: 2023-10-14T01:16:48[0m
[0;32m[1784654629.472] [5534:5534] [TS] Reverted Last Known Good Time to previous value[0m
[0;34m[1784654629.474] [5534:5534] [DL] Wrote settings to /tmp/chip_counters.ini[0m
[0;32m[1784654629.474] [5534:5534] [DL] NVS set: chip-counters/total-operational-hours = 0 (0x0)[0m
[0;32m[1784654629.474] [5534:5534] [DL] Inet Layer shutdown[0m
[0;32m[1784654629.474] [5534:5534] [DL] BLE Layer shutdown[0m
[0;32m[1784654629.474] [5534:5534] [DL] WiFi-PAF Layer shutdown[0m
[0;32m[1784654629.474] [5534:5534] [PAF] WiFiPAF: Closing all WiFiPAF sessions to shutdown[0m
[0;32m[1784654629.474] [5534:5534] [DL] System Layer shutdown[0m
