[0;34m[1784654326.045] [4214:4214] [DL] ChipLinuxStorage::Init: Using KVS config file: /tmp/chip_tool_kvs[0m
[1;31m[1784654326.046] [4214:4214] [DL] ChipLinuxStorage::Init: Attempt to re-initialize with KVS config file: /tmp/chip_kvs, IGNORING.[0m
[0;34m[1784654326.048] [4214:4214] [DL] ChipLinuxStorage::Init: Using KVS config file: /tmp/chip_factory.ini[0m
[0;34m[1784654326.048] [4214:4214] [DL] ChipLinuxStorage::Init: Using KVS config file: /tmp/chip_config.ini[0m
[0;34m[1784654326.048] [4214:4214] [DL] ChipLinuxStorage::Init: Using KVS config file: /tmp/chip_counters.ini[0m
[0;34m[1784654326.050] [4214:4214] [DL] Wrote settings to /tmp/chip_counters.ini[0m
[0;32m[1784654326.050] [4214:4214] [DL] NVS set: chip-counters/reboot-count = 4 (0x4)[0m
[0;32m[1784654326.050] [4214:4214] [DL] Got Ethernet interface: enp0s3[0m
[0;32m[1784654326.050] [4214:4214] [DL] Found the primary Ethernet interface:enp0s3[0m
[1;31m[1784654326.050] [4214:4214] [DL] Failed to get WiFi interface[0m
[1;31m[1784654326.050] [4214:4214] [DL] Failed to reset WiFi statistic counts[0m
[0;32m[1784654326.050] [4214:4214] [PAF] WiFiPAF: WiFiPAFLayer::Init()[0m
[0;34m[1784654326.050] [4214:4214] [IN] UDP::Init bind&listen port=0[0m
[0;34m[1784654326.050] [4214:4214] [IN] UDP::Init bound to port=42175[0m
[0;34m[1784654326.050] [4214:4214] [IN] UDP::Init bind&listen port=0[0m
[0;34m[1784654326.050] [4214:4214] [IN] UDP::Init bound to port=38372[0m
[0;34m[1784654326.050] [4214:4214] [IN] BLEBase::Init - setting/overriding transport[0m
[0;34m[1784654326.050] [4214:4214] [IN] WiFiPAFBase::Init - setting/overriding transport[0m
[0;34m[1784654326.050] [4214:4214] [IN] TransportMgr initialized[0m
[0;34m[1784654326.050] [4214:4214] [FP] Initializing FabricTable from persistent storage[0m
[0;32m[1784654326.050] [4214:4214] [TS] Last Known Good Time: 2023-10-14T01:16:48[0m
[0;32m[1784654326.051] [4214:4214] [FP] Fabric index 0x1 was retrieved from storage. Compressed FabricId 0xC3B129BDBD522151, FabricId 0x0000000000000001, NodeId 0x000000000001B669, VendorId 0xFFF1[0m
[0;32m[1784654326.051] [4214:4214] [DMG] Ember attribute persistence requires setting up[0m
[0;32m[1784654326.051] [4214:4214] [ZCL] Using ZAP configuration...[0m
[0;34m[1784654326.051] [4214:4214] [CTL] System State Initialized...[0m
[0;32m[1784654326.051] [4214:4214] [CTL] Setting attestation nonce to random value[0m
[0;32m[1784654326.051] [4214:4214] [CTL] Setting CSR nonce to random value[0m
[0;34m[1784654326.052] [4214:4216] [DL] CHIP task running[0m
[0;32m[1784654326.052] [4214:4216] [CTL] Setting attestation nonce to random value[0m
[0;32m[1784654326.052] [4214:4216] [CTL] Setting CSR nonce to random value[0m
[0;32m[1784654326.052] [4214:4216] [CTL] Generating NOC[0m
[0;32m[1784654326.052] [4214:4216] [FP] Validating NOC chain[0m
[0;32m[1784654326.052] [4214:4216] [FP] NOC chain validation successful[0m
[0;32m[1784654326.052] [4214:4216] [FP] Updated fabric at index: 0x1, Node ID: 0x000000000001B669[0m
[0;32m[1784654326.052] [4214:4216] [TS] Last Known Good Time: 2023-10-14T01:16:48[0m
[0;32m[1784654326.052] [4214:4216] [TS] New proposed Last Known Good Time: 2021-01-01T00:00:00[0m
[0;32m[1784654326.052] [4214:4216] [TS] Retaining current Last Known Good Time[0m
[0;32m[1784654326.056] [4214:4216] [FP] Metadata for Fabric 0x1 persisted to storage.[0m
[0;32m[1784654326.056] [4214:4216] [TS] Committing Last Known Good Time to storage: 2023-10-14T01:16:48[0m
[0;32m[1784654326.057] [4214:4216] [CTL] Joined the fabric at index 1. Fabric ID is 0x0000000000000001 (Compressed Fabric ID: C3B129BDBD522151)[0m
[0;32m[1784654326.062] [4214:4216] [TOO] Sending command to node 0x1[0m
[0;34m[1784654326.062] [4214:4216] [CSM] FindOrEstablishSession: PeerId = [1:0000000000000001][0m
[0;34m[1784654326.062] [4214:4216] [CSM] FindOrEstablishSession: No existing OperationalSessionSetup instance found[0m
[0;34m[1784654326.062] [4214:4216] [DIS] OperationalSessionSetup[1:0000000000000001]: State change 1 --> 2[0m
[0;32m[1784654326.063] [4214:4216] [DIS] Lookup started for C3B129BDBD522151-0000000000000001[0m
[0;32m[1784654326.063] [4214:4216] [DIS] UDP:[fe80::bfe:a203:38f0:bce7%enp0s3]:5540: new best score: 7 (for C3B129BDBD522151-0000000000000001)[0m
[0;34m[1784654326.063] [4214:4216] [DIS] Lookup clearing interface for non LL address[0m
[0;32m[1784654326.063] [4214:4216] [DIS] UDP:10.0.2.15%enp0s3:5540: new best score: 2 (for C3B129BDBD522151-0000000000000001)[0m
[0;32m[1784654326.063] [4214:4216] [DIS] Checking node lookup status for C3B129BDBD522151-0000000000000001 after 0 ms[0m
[0;32m[1784654326.063] [4214:4216] [DIS] Keeping DNSSD lookup active[0m
[0;32m[1784654326.063] [4214:4216] [DIS] UDP:[fe80::bfe:a203:38f0:bce7%enp0s3]:5540: score has not improved: 7 (for C3B129BDBD522151-0000000000000001)[0m
[0;34m[1784654326.063] [4214:4216] [DIS] Lookup clearing interface for non LL address[0m
[0;32m[1784654326.063] [4214:4216] [DIS] UDP:10.0.2.15%enp0s3:5540: score has not improved: 2 (for C3B129BDBD522151-0000000000000001)[0m
[0;32m[1784654326.063] [4214:4216] [DIS] Checking node lookup status for C3B129BDBD522151-0000000000000001 after 0 ms[0m
[0;32m[1784654326.063] [4214:4216] [DIS] Keeping DNSSD lookup active[0m
[0;32m[1784654326.273] [4214:4216] [DIS] Checking node lookup status for C3B129BDBD522151-0000000000000001 after 210 ms[0m
[0;34m[1784654326.273] [4214:4216] [DIS] OperationalSessionSetup[1:0000000000000001]: Updating device address to UDP:[fe80::bfe:a203:38f0:bce7%enp0s3]:5540 while in state 2[0m
[0;34m[1784654326.273] [4214:4216] [DIS] OperationalSessionSetup[1:0000000000000001]: State change 2 --> 3[0m
[0;34m[1784654326.273] [4214:4216] [IN] SecureSession[0x7d5458009cd0]: Allocated Type:2 LSID:35417[0m
[0;32m[1784654326.273] [4214:4216] [SC] Initiating session on local FabricIndex 1 from 0x000000000001B669 -> 0x0000000000000001[0m
[0;32m[1784654326.273] [4214:4216] [EM] <<< [E:61702i S:0 M:100361061] (U) Msg TX from E355A645704DD83B to 0:0000000000000000 [0000] [UDP:[fe80::bfe:a203:38f0:bce7%enp0s3]:5540] --- Type 0000:30 (SecureChannel:CASE_Sigma1) (B:196)[0m
[0;32m[1784654326.274] [4214:4216] [EM] ??1 [E:61702i S:0 M:100361061] (U) Msg Retransmission to 0:0000000000000000 scheduled for 683ms from now [State:Idle II:500 AI:300 AT:4000][0m
[0;32m[1784654326.274] [4214:4216] [SC] Sent Sigma1 msg to <0000000000000001, 1> [II:500ms AI:300ms AT:4000ms][0m
[0;34m[1784654326.274] [4214:4216] [DIS] OperationalSessionSetup[1:0000000000000001]: State change 3 --> 4[0m
[0;32m[1784654326.277] [4214:4216] [EM] >>> [E:61702i S:0 M:254445864 (Ack:100361061)] (U) Msg RX from 0:0000000000000000 [0000] to E355A645704DD83B --- Type 0000:31 (SecureChannel:CASE_Sigma2) (B:751)[0m
[0;34m[1784654326.277] [4214:4216] [EM] Found matching exchange: 61702i, Delegate: 0x7d545800b8e8[0m
[0;34m[1784654326.277] [4214:4216] [EM] Rxd Ack; Removing MessageCounter:100361061 from Retrans Table on exchange 61702i[0m
[0;32m[1784654326.277] [4214:4216] [SC] Received Sigma2 msg[0m
[0;34m[1784654326.277] [4214:4216] [SC] Found MRP parameters in the message[0m
[0;34m[1784654326.278] [4214:4216] [SC] Peer <0000000000000001, 1> assigned session ID 6672[0m
[0;34m[1784654326.278] [4214:4216] [SC] Sending Sigma3[0m
[0;32m[1784654326.279] [4214:4216] [EM] <<< [E:61702i S:0 M:100361062 (Ack:254445864)] (U) Msg TX from E355A645704DD83B to 0:0000000000000000 [0000] [UDP:[fe80::bfe:a203:38f0:bce7%enp0s3]:5540] --- Type 0000:32 (SecureChannel:CASE_Sigma3) (B:598)[0m
[0;32m[1784654326.279] [4214:4216] [EM] ??1 [E:61702i S:0 M:100361062] (U) Msg Retransmission to 0:0000000000000000 scheduled for 345ms from now [State:Active II:500 AI:300 AT:4000][0m
[0;32m[1784654326.279] [4214:4216] [SC] Sent Sigma3 msg[0m
[0;32m[1784654326.287] [4214:4216] [EM] >>> [E:61702i S:0 M:254445865 (Ack:100361062)] (U) Msg RX from 0:0000000000000000 [0000] to E355A645704DD83B --- Type 0000:40 (SecureChannel:StatusReport) (B:34)[0m
[0;34m[1784654326.287] [4214:4216] [EM] Found matching exchange: 61702i, Delegate: 0x7d545800b8e8[0m
[0;34m[1784654326.287] [4214:4216] [EM] Rxd Ack; Removing MessageCounter:100361062 from Retrans Table on exchange 61702i[0m
[0;32m[1784654326.287] [4214:4216] [SC] Success status report received. Session was established[0m
[0;32m[1784654326.289] [4214:4216] [SC] SecureSession[0x7d5458009cd0, LSID:35417]: State change 'kEstablishing' --> 'kActive'[0m
[0;34m[1784654326.289] [4214:4216] [IN] SecureSession[0x7d5458009cd0]: Activated - Type:2 LSID:35417[0m
[0;34m[1784654326.289] [4214:4216] [IN] New secure session activated for device <0000000000000001, 1>, LSID:35417 PSID:6672![0m
[0;34m[1784654326.289] [4214:4216] [DIS] OperationalSessionSetup[1:0000000000000001]: State change 4 --> 5[0m
[0;32m[1784654326.289] [4214:4216] [TOO] Sending cluster (0x0000003E) command (0x00000004) on endpoint 0[0m
[0;34m[1784654326.289] [4214:4216] [DMG] ICR moving to [AddingComm][0m
[0;34m[1784654326.289] [4214:4216] [DMG] ICR moving to [AddedComma][0m
[0;32m[1784654326.289] [4214:4216] [EM] <<< [E:61703i S:35417 M:184832994] (S) Msg TX from 000000000001B669 to 1:0000000000000001 [2151] [UDP:[fe80::bfe:a203:38f0:bce7%enp0s3]:5540] --- Type 0001:08 (IM:InvokeCommandRequest) (B:96)[0m
[0;32m[1784654326.289] [4214:4216] [EM] ??1 [E:61703i S:35417 M:184832994] (S) Msg Retransmission to 1:0000000000000001 scheduled for 361ms from now [State:Active II:500 AI:300 AT:4000][0m
[0;34m[1784654326.289] [4214:4216] [DMG] ICR moving to [AwaitingRe][0m
[0;32m[1784654326.289] [4214:4216] [EM] <<< [E:61702i S:0 M:100361063 (Ack:254445865)] (U) Msg TX from E355A645704DD83B to 0:0000000000000000 [0000] [UDP:[fe80::bfe:a203:38f0:bce7%enp0s3]:5540] --- Type 0000:10 (SecureChannel:StandaloneAck) (B:26)[0m
[0;34m[1784654326.289] [4214:4216] [EM] Flushed pending ack for MessageCounter:254445865 on exchange 61702i[0m
[0;32m[1784654326.290] [4214:4216] [EM] >>> [E:61703i S:35417 M:259669357 (Ack:184832994)] (S) Msg RX from 1:0000000000000001 [2151] to 000000000001B669 --- Type 0001:09 (IM:InvokeCommandResponse) (B:376)[0m
[0;34m[1784654326.290] [4214:4216] [EM] Found matching exchange: 61703i, Delegate: 0x7d545800eef8[0m
[0;34m[1784654326.290] [4214:4216] [EM] Rxd Ack; Removing MessageCounter:184832994 from Retrans Table on exchange 61703i[0m
[0;34m[1784654326.290] [4214:4216] [DMG] ICR moving to [ResponseRe][0m
[0;34m[1784654326.290] [4214:4216] [DMG] InvokeResponseMessage =[0m
[0;34m[1784654326.290] [4214:4216] [DMG] {[0m
[0;34m[1784654326.290] [4214:4216] [DMG] 	suppressResponse = false, [0m
[0;34m[1784654326.290] [4214:4216] [DMG] 	InvokeResponseIBs =[0m
[0;34m[1784654326.290] [4214:4216] [DMG] 	[[0m
[0;34m[1784654326.290] [4214:4216] [DMG] 		InvokeResponseIB =[0m
[0;34m[1784654326.290] [4214:4216] [DMG] 		{[0m
[0;34m[1784654326.290] [4214:4216] [DMG] 			CommandDataIB =[0m
[0;34m[1784654326.290] [4214:4216] [DMG] 			{[0m
[0;34m[1784654326.290] [4214:4216] [DMG] 				CommandPathIB =[0m
[0;34m[1784654326.290] [4214:4216] [DMG] 				{[0m
[0;34m[1784654326.290] [4214:4216] [DMG] 					EndpointId = 0x0,[0m
[0;34m[1784654326.290] [4214:4216] [DMG] 					ClusterId = 0x3e,[0m
[0;34m[1784654326.290] [4214:4216] [DMG] 					CommandId = 0x5,[0m
[0;34m[1784654326.290] [4214:4216] [DMG] 				},[0m
[0;34m[1784654326.290] [4214:4216] [DMG] 				[0m
[0;34m[1784654326.290] [4214:4216] [DMG] 				CommandFields = [0m
[0;34m[1784654326.290] [4214:4216] [DMG] 				{[0m
[0;34m[1784654326.290] [4214:4216] [DMG] 					0x0 = [[0m
[0;34m[1784654326.290] [4214:4216] [DMG] 							0x15, 0x30, 0x01, 0xca, 0x30, 0x81, 0xc7, 0x30, 0x70, 0x02, 0x01, 0x00, 0x30, 0x0e, 0x31, 0x0c, 0x30, 0x0a, 0x06, 0x03, 0x55, 0x04, 0x0a, 0x0c, 0x03, 0x43, 0x53, 0x52, 0x30, 0x59, 0x30, 0x13, 0x06, 0x07, 0x2a, 0x86, 0x48, 0xce, 0x3d, 0x02, 0x01, 0x06, 0x08, 0x2a, 0x86, 0x48, 0xce, 0x3d, 0x03, 0x01, 0x07, 0x03, 0x42, 0x00, 0x04, 0xf2, 0x04, 0x4d, 0x96, 0x4d, 0x36, 0x6d, 0xf5, 0x64, 0x4a, 0x46, 0x79, 0xd9, 0x28, 0xa0, 0xf1, 0xff, 0x2c, 0xd7, 0xfa, 0xbc, 0xfc, 0xd9, 0xff, 0x7d, 0xa2, 0x9b, 0xf2, 0x48, 0xb9, 0x44, 0xd7, 0xf8, 0x69, 0x03, 0x41, 0xfc, 0x13, 0x08, 0x57, 0xc6, 0x48, 0xe1, 0xd5, 0x18, 0x02, 0xc9, 0x81, 0x8d, 0xec, 0x68, 0x3f, 0x61, 0x29, 0x12, 0xf2, 0x87, 0xea, 0xab, 0xb7, 0xe4, 0x00, 0x05, 0x8b, 0xa0, 0x00, 0x30, 0x0a, 0x06, 0x08, 0x2a, 0x86, 0x48, 0xce, 0x3d, 0x04, 0x03, 0x02, 0x03, 0x47, 0x00, 0x30, 0x44, 0x02, 0x20, 0x68, 0xdc, 0x59, 0x35, 0x5e, 0xb7, 0x6e, 0xb1, 0xc2, 0x1c, 0x23, 0xfb, 0x6e, 0xad, 0xa1, 0x85, 0x04, 0x48, 0x9e, 0xe2, 0xfb, 0x8a, 0x41, 0xee, 0xea, 0x19, 0x93, 0xb6, 0xd1, 0xbb, 0xb5, 0xdd, 0x02, 0x20, 0x2b, 0xee, 0x7d, 0x6a, 0x4e, 0x68, 0xc0, 0x0d, 0xa6, 0xc3, 0xc6, 0x20, 0xa0, 0x68, 0x09, 0x3e, 0xf1, 0xd7, 0x96, 0x92, 0x1b, 0x31, 0xe8, 0x5f, 0x13, 0x6a, 0x45, 0xc5, 0xae, 0x41, 0xd5, 0xb7, 0x30, 0x02, 0x20, 0xef, 0x43, 0x2b, 0x35, 0x4e, 0xaa, 0x81, 0x02, 0x75, 0xf0, 0xa3, 0x4d, 0x0e, 0xee, 0x8c, 0xcb, 0xa3, 0x3b, 0x85, 0x96, 0xdc, 0x9f, 0x4e, 0x9a, 0x17, 0x8a, 0xd4, 0x20, 0x41, 0xc9, 0x4b, 0x35, 0x18, [0m
[0;34m[1784654326.290] [4214:4216] [DMG] 					] (242 bytes)[0m
[0;34m[1784654326.290] [4214:4216] [DMG] 					0x1 = [[0m
[0;34m[1784654326.290] [4214:4216] [DMG] 							0x2e, 0xc8, 0x44, 0x87, 0xcd, 0xd7, 0x5b, 0x0a, 0xfc, 0x6e, 0x13, 0xf4, 0x9a, 0x20, 0x14, 0xe7, 0x34, 0x70, 0x5f, 0x62, 0x0a, 0xf6, 0x83, 0x69, 0xdb, 0x7f, 0x31, 0xf4, 0xca, 0x7f, 0xcc, 0xb7, 0x82, 0xda, 0x87, 0xef, 0x8e, 0x54, 0xb0, 0x68, 0xde, 0x7a, 0xb9, 0x31, 0xdd, 0x03, 0x93, 0x36, 0xc3, 0xd0, 0xee, 0xe0, 0xff, 0x54, 0x2b, 0xb8, 0x1d, 0x5d, 0x80, 0x79, 0x54, 0x1e, 0x1b, 0xaf, [0m
[0;34m[1784654326.290] [4214:4216] [DMG] 					] (64 bytes)[0m
[0;34m[1784654326.290] [4214:4216] [DMG] 				},[0m
[0;34m[1784654326.290] [4214:4216] [DMG] 			},[0m
[0;34m[1784654326.290] [4214:4216] [DMG] 			[0m
[0;34m[1784654326.290] [4214:4216] [DMG] 		},[0m
[0;34m[1784654326.290] [4214:4216] [DMG] 		[0m
[0;34m[1784654326.290] [4214:4216] [DMG] 	],[0m
[0;34m[1784654326.290] [4214:4216] [DMG] 	[0m
[0;34m[1784654326.290] [4214:4216] [DMG] 	InteractionModelRevision = 12[0m
[0;34m[1784654326.290] [4214:4216] [DMG] },[0m
[0;32m[1784654326.290] [4214:4216] [DMG] Received Command Response Data, Endpoint=0 Cluster=0x0000_003E Command=0x0000_0005[0m
[0;32m[1784654326.290] [4214:4216] [TOO] Endpoint: 0 Cluster: 0x0000_003E Command 0x0000_0005[0m
[0;32m[1784654326.290] [4214:4216] [TOO]   CSRResponse: {[0m
[0;32m[1784654326.290] [4214:4216] [TOO]     NOCSRElements: 153001CA3081C73070020100300E310C300A060355040A0C034353523059301306072A8648CE3D020106082A8648CE3D03010703420004F2044D964D366DF5644A4679D928A0F1FF2CD7FABCFCD9FF7DA29BF248B944D7F8690341FC130857C648E1D51802C9818DEC683F612912F287EAABB7E400058BA000300A06082A8648CE3D0403020347003044022068DC59355EB76EB1C21C23FB6EADA18504489EE2FB8A41EEEA1993B6D1BBB5DD02202BEE7D6A4E68C00DA6C3C620A068093EF1D796921B31E85F136A45C5AE41D5B7300220EF432B354EAA810275F0A34D0EEE8CCBA33B8596DC9F4E9A178AD42041C94B3518[0m
[0;32m[1784654326.290] [4214:4216] [TOO]     attestationSignature: 2EC84487CDD75B0AFC6E13F49A2014E734705F620AF68369DB7F31F4CA7FCCB782DA87EF8E54B068DE7AB931DD039336C3D0EEE0FF542BB81D5D8079541E1BAF[0m
[0;32m[1784654326.290] [4214:4216] [TOO]    }[0m
[0;34m[1784654326.290] [4214:4216] [DMG] ICR moving to [AwaitingDe][0m
[0;32m[1784654326.290] [4214:4216] [EM] <<< [E:61703i S:35417 M:184832995 (Ack:259669357)] (S) Msg TX from 000000000001B669 to 1:0000000000000001 [2151] [UDP:[fe80::bfe:a203:38f0:bce7%enp0s3]:5540] --- Type 0000:10 (SecureChannel:StandaloneAck) (B:34)[0m
[0;34m[1784654326.290] [4214:4216] [EM] Flushed pending ack for MessageCounter:259669357 on exchange 61703i[0m
[0;34m[1784654326.290] [4214:4214] [CTL] Shutting down the commissioner[0m
[0;32m[1784654326.290] [4214:4214] [PAF] WiFiPAF: Closing all WiFiPAF sessions to shutdown[0m
[0;34m[1784654326.290] [4214:4214] [CTL] Shutting down the controller[0m
[0;34m[1784654326.290] [4214:4214] [IN] Expiring all sessions for fabric 0x1!![0m
[0;34m[1784654326.290] [4214:4214] [IN] SecureSession[0x7d5458009cd0]: MarkForEviction Type:2 LSID:35417[0m
[0;32m[1784654326.290] [4214:4214] [SC] SecureSession[0x7d5458009cd0, LSID:35417]: State change 'kActive' --> 'kPendingEviction'[0m
[0;34m[1784654326.290] [4214:4214] [IN] SecureSession[0x7d5458009cd0]: Released - Type:2 LSID:35417[0m
[0;32m[1784654326.290] [4214:4214] [FP] Forgetting fabric 0x1[0m
[0;32m[1784654326.290] [4214:4214] [TS] Pending Last Known Good Time: 2023-10-14T01:16:48[0m
[0;32m[1784654326.290] [4214:4214] [TS] Previous Last Known Good Time: 2023-10-14T01:16:48[0m
[0;32m[1784654326.290] [4214:4214] [TS] Reverted Last Known Good Time to previous value[0m
[0;34m[1784654326.290] [4214:4214] [CTL] Shutting down the commissioner[0m
[0;32m[1784654326.290] [4214:4214] [PAF] WiFiPAF: Closing all WiFiPAF sessions to shutdown[0m
[0;34m[1784654326.290] [4214:4214] [CTL] Shutting down the controller[0m
[0;34m[1784654326.290] [4214:4214] [CTL] Shutting down the System State, this will teardown the CHIP Stack[0m
[0;34m[1784654326.290] [4214:4214] [DMG] All ReadHandler-s are clean, clear GlobalDirtySet[0m
[0;32m[1784654326.290] [4214:4214] [FP] Shutting down FabricTable[0m
[0;32m[1784654326.290] [4214:4214] [TS] Pending Last Known Good Time: 2023-10-14T01:16:48[0m
[0;32m[1784654326.290] [4214:4214] [TS] Previous Last Known Good Time: 2023-10-14T01:16:48[0m
[0;32m[1784654326.290] [4214:4214] [TS] Reverted Last Known Good Time to previous value[0m
[0;34m[1784654326.292] [4214:4214] [DL] Wrote settings to /tmp/chip_counters.ini[0m
[0;32m[1784654326.292] [4214:4214] [DL] NVS set: chip-counters/total-operational-hours = 0 (0x0)[0m
[0;32m[1784654326.292] [4214:4214] [DL] Inet Layer shutdown[0m
[0;32m[1784654326.292] [4214:4214] [DL] BLE Layer shutdown[0m
[0;32m[1784654326.292] [4214:4214] [DL] WiFi-PAF Layer shutdown[0m
[0;32m[1784654326.292] [4214:4214] [PAF] WiFiPAF: Closing all WiFiPAF sessions to shutdown[0m
[0;32m[1784654326.292] [4214:4214] [DL] System Layer shutdown[0m
