[0;34m[1784835337.701] [19625:19625] [DL] ChipLinuxStorage::Init: Using KVS config file: /tmp/chip_tool_kvs[0m
[1;31m[1784835337.702] [19625:19625] [DL] ChipLinuxStorage::Init: Attempt to re-initialize with KVS config file: /tmp/chip_kvs, IGNORING.[0m
[0;34m[1784835337.703] [19625:19625] [DL] ChipLinuxStorage::Init: Using KVS config file: /tmp/chip_factory.ini[0m
[0;34m[1784835337.703] [19625:19625] [DL] ChipLinuxStorage::Init: Using KVS config file: /tmp/chip_config.ini[0m
[0;34m[1784835337.703] [19625:19625] [DL] ChipLinuxStorage::Init: Using KVS config file: /tmp/chip_counters.ini[0m
[0;34m[1784835337.707] [19625:19625] [DL] Wrote settings to /tmp/chip_counters.ini[0m
[0;32m[1784835337.707] [19625:19625] [DL] NVS set: chip-counters/reboot-count = 3 (0x3)[0m
[0;32m[1784835337.707] [19625:19625] [DL] Got Ethernet interface: enp0s3[0m
[0;32m[1784835337.707] [19625:19625] [DL] Found the primary Ethernet interface:enp0s3[0m
[1;31m[1784835337.707] [19625:19625] [DL] Failed to get WiFi interface[0m
[1;31m[1784835337.707] [19625:19625] [DL] Failed to reset WiFi statistic counts[0m
[0;32m[1784835337.707] [19625:19625] [PAF] WiFiPAF: WiFiPAFLayer::Init()[0m
[0;34m[1784835337.707] [19625:19625] [IN] UDP::Init bind&listen port=0[0m
[0;34m[1784835337.707] [19625:19625] [IN] UDP::Init bound to port=34993[0m
[0;34m[1784835337.707] [19625:19625] [IN] UDP::Init bind&listen port=0[0m
[0;34m[1784835337.707] [19625:19625] [IN] UDP::Init bound to port=53703[0m
[0;34m[1784835337.707] [19625:19625] [IN] BLEBase::Init - setting/overriding transport[0m
[0;34m[1784835337.707] [19625:19625] [IN] WiFiPAFBase::Init - setting/overriding transport[0m
[0;34m[1784835337.707] [19625:19625] [IN] TransportMgr initialized[0m
[0;34m[1784835337.707] [19625:19625] [FP] Initializing FabricTable from persistent storage[0m
[0;32m[1784835337.707] [19625:19625] [TS] Last Known Good Time: 2023-10-14T01:16:48[0m
[0;32m[1784835337.708] [19625:19625] [FP] Fabric index 0x1 was retrieved from storage. Compressed FabricId 0x1688750E21B34E1A, FabricId 0x0000000000000001, NodeId 0x000000000001B669, VendorId 0xFFF1[0m
[0;32m[1784835337.709] [19625:19625] [DMG] Ember attribute persistence requires setting up[0m
[0;32m[1784835337.709] [19625:19625] [ZCL] Using ZAP configuration...[0m
[0;34m[1784835337.709] [19625:19625] [CTL] System State Initialized...[0m
[0;32m[1784835337.709] [19625:19625] [CTL] Setting attestation nonce to random value[0m
[0;32m[1784835337.709] [19625:19625] [CTL] Setting CSR nonce to random value[0m
[0;34m[1784835337.709] [19625:19627] [DL] CHIP task running[0m
[0;32m[1784835337.709] [19625:19627] [CTL] Setting attestation nonce to random value[0m
[0;32m[1784835337.709] [19625:19627] [CTL] Setting CSR nonce to random value[0m
[0;32m[1784835337.709] [19625:19627] [CTL] Generating NOC[0m
[0;32m[1784835337.710] [19625:19627] [FP] Validating NOC chain[0m
[0;32m[1784835337.710] [19625:19627] [FP] NOC chain validation successful[0m
[0;32m[1784835337.710] [19625:19627] [FP] Updated fabric at index: 0x1, Node ID: 0x000000000001B669[0m
[0;32m[1784835337.710] [19625:19627] [TS] Last Known Good Time: 2023-10-14T01:16:48[0m
[0;32m[1784835337.710] [19625:19627] [TS] New proposed Last Known Good Time: 2021-01-01T00:00:00[0m
[0;32m[1784835337.710] [19625:19627] [TS] Retaining current Last Known Good Time[0m
[0;32m[1784835337.712] [19625:19627] [FP] Metadata for Fabric 0x1 persisted to storage.[0m
[0;32m[1784835337.713] [19625:19627] [TS] Committing Last Known Good Time to storage: 2023-10-14T01:16:48[0m
[0;32m[1784835337.713] [19625:19627] [CTL] Joined the fabric at index 1. Fabric ID is 0x0000000000000001 (Compressed Fabric ID: 1688750E21B34E1A)[0m
[0;32m[1784835337.717] [19625:19627] [TOO] Sending command to node 0x1[0m
[0;34m[1784835337.718] [19625:19627] [CSM] FindOrEstablishSession: PeerId = [1:0000000000000001][0m
[0;34m[1784835337.718] [19625:19627] [CSM] FindOrEstablishSession: No existing OperationalSessionSetup instance found[0m
[0;34m[1784835337.718] [19625:19627] [DIS] OperationalSessionSetup[1:0000000000000001]: State change 1 --> 2[0m
[0;32m[1784835337.718] [19625:19627] [DIS] Lookup started for 1688750E21B34E1A-0000000000000001[0m
[0;32m[1784835337.718] [19625:19627] [DIS] UDP:[fe80::bfe:a203:38f0:bce7%enp0s3]:5540: new best score: 7 (for 1688750E21B34E1A-0000000000000001)[0m
[0;34m[1784835337.718] [19625:19627] [DIS] Lookup clearing interface for non LL address[0m
[0;32m[1784835337.718] [19625:19627] [DIS] UDP:10.0.2.15%enp0s3:5540: new best score: 2 (for 1688750E21B34E1A-0000000000000001)[0m
[0;32m[1784835337.718] [19625:19627] [DIS] Checking node lookup status for 1688750E21B34E1A-0000000000000001 after 1 ms[0m
[0;32m[1784835337.718] [19625:19627] [DIS] Keeping DNSSD lookup active[0m
[0;32m[1784835337.718] [19625:19627] [DIS] UDP:[fe80::bfe:a203:38f0:bce7%enp0s3]:5540: score has not improved: 7 (for 1688750E21B34E1A-0000000000000001)[0m
[0;34m[1784835337.718] [19625:19627] [DIS] Lookup clearing interface for non LL address[0m
[0;32m[1784835337.718] [19625:19627] [DIS] UDP:10.0.2.15%enp0s3:5540: score has not improved: 2 (for 1688750E21B34E1A-0000000000000001)[0m
[0;32m[1784835337.718] [19625:19627] [DIS] Checking node lookup status for 1688750E21B34E1A-0000000000000001 after 1 ms[0m
[0;32m[1784835337.718] [19625:19627] [DIS] Keeping DNSSD lookup active[0m
[0;32m[1784835337.922] [19625:19627] [DIS] Checking node lookup status for 1688750E21B34E1A-0000000000000001 after 204 ms[0m
[0;34m[1784835337.922] [19625:19627] [DIS] OperationalSessionSetup[1:0000000000000001]: Updating device address to UDP:[fe80::bfe:a203:38f0:bce7%enp0s3]:5540 while in state 2[0m
[0;34m[1784835337.922] [19625:19627] [DIS] OperationalSessionSetup[1:0000000000000001]: State change 2 --> 3[0m
[0;34m[1784835337.922] [19625:19627] [IN] SecureSession[0x79e67c009cd0]: Allocated Type:2 LSID:22269[0m
[0;32m[1784835337.922] [19625:19627] [SC] Initiating session on local FabricIndex 1 from 0x000000000001B669 -> 0x0000000000000001[0m
[0;32m[1784835337.922] [19625:19627] [EM] <<< [E:21728i S:0 M:124291199] (U) Msg TX from 5CCFA2C533F0DBB8 to 0:0000000000000000 [0000] [UDP:[fe80::bfe:a203:38f0:bce7%enp0s3]:5540] --- Type 0000:30 (SecureChannel:CASE_Sigma1) (B:196)[0m
[0;32m[1784835337.922] [19625:19627] [EM] ??1 [E:21728i S:0 M:124291199] (U) Msg Retransmission to 0:0000000000000000 scheduled for 570ms from now [State:Idle II:500 AI:300 AT:4000][0m
[0;32m[1784835337.922] [19625:19627] [SC] Sent Sigma1 msg to <0000000000000001, 1> [II:500ms AI:300ms AT:4000ms][0m
[0;34m[1784835337.922] [19625:19627] [DIS] OperationalSessionSetup[1:0000000000000001]: State change 3 --> 4[0m
[0;32m[1784835337.924] [19625:19627] [EM] >>> [E:21728i S:0 M:198242079 (Ack:124291199)] (U) Msg RX from 0:0000000000000000 [0000] to 5CCFA2C533F0DBB8 --- Type 0000:31 (SecureChannel:CASE_Sigma2) (B:751)[0m
[0;34m[1784835337.924] [19625:19627] [EM] Found matching exchange: 21728i, Delegate: 0x79e67c00b8e8[0m
[0;34m[1784835337.924] [19625:19627] [EM] Rxd Ack; Removing MessageCounter:124291199 from Retrans Table on exchange 21728i[0m
[0;32m[1784835337.924] [19625:19627] [SC] Received Sigma2 msg[0m
[0;34m[1784835337.924] [19625:19627] [SC] Found MRP parameters in the message[0m
[0;34m[1784835337.924] [19625:19627] [SC] Peer <0000000000000001, 1> assigned session ID 49416[0m
[0;34m[1784835337.924] [19625:19627] [SC] Sending Sigma3[0m
[0;32m[1784835337.924] [19625:19627] [EM] <<< [E:21728i S:0 M:124291200 (Ack:198242079)] (U) Msg TX from 5CCFA2C533F0DBB8 to 0:0000000000000000 [0000] [UDP:[fe80::bfe:a203:38f0:bce7%enp0s3]:5540] --- Type 0000:32 (SecureChannel:CASE_Sigma3) (B:598)[0m
[0;32m[1784835337.924] [19625:19627] [EM] ??1 [E:21728i S:0 M:124291200] (U) Msg Retransmission to 0:0000000000000000 scheduled for 404ms from now [State:Active II:500 AI:300 AT:4000][0m
[0;32m[1784835337.925] [19625:19627] [SC] Sent Sigma3 msg[0m
[0;32m[1784835337.938] [19625:19627] [EM] >>> [E:21728i S:0 M:198242080 (Ack:124291200)] (U) Msg RX from 0:0000000000000000 [0000] to 5CCFA2C533F0DBB8 --- Type 0000:40 (SecureChannel:StatusReport) (B:34)[0m
[0;34m[1784835337.938] [19625:19627] [EM] Found matching exchange: 21728i, Delegate: 0x79e67c00b8e8[0m
[0;34m[1784835337.938] [19625:19627] [EM] Rxd Ack; Removing MessageCounter:124291200 from Retrans Table on exchange 21728i[0m
[0;32m[1784835337.938] [19625:19627] [SC] Success status report received. Session was established[0m
[0;32m[1784835337.939] [19625:19627] [SC] SecureSession[0x79e67c009cd0, LSID:22269]: State change 'kEstablishing' --> 'kActive'[0m
[0;34m[1784835337.939] [19625:19627] [IN] SecureSession[0x79e67c009cd0]: Activated - Type:2 LSID:22269[0m
[0;34m[1784835337.939] [19625:19627] [IN] New secure session activated for device <0000000000000001, 1>, LSID:22269 PSID:49416![0m
[0;34m[1784835337.939] [19625:19627] [DIS] OperationalSessionSetup[1:0000000000000001]: State change 4 --> 5[0m
[0;32m[1784835337.939] [19625:19627] [TOO] Sending cluster (0x00000038) command (0x00000000) on endpoint 0[0m
[0;34m[1784835337.939] [19625:19627] [DMG] ICR moving to [AddingComm][0m
[0;34m[1784835337.939] [19625:19627] [DMG] ICR moving to [AddedComma][0m
[0;32m[1784835337.939] [19625:19627] [EM] <<< [E:21729i S:22269 M:31622447] (S) Msg TX from 000000000001B669 to 1:0000000000000001 [4E1A] [UDP:[fe80::bfe:a203:38f0:bce7%enp0s3]:5540] --- Type 0001:08 (IM:InvokeCommandRequest) (B:72)[0m
[0;32m[1784835337.939] [19625:19627] [EM] ??1 [E:21729i S:22269 M:31622447] (S) Msg Retransmission to 1:0000000000000001 scheduled for 347ms from now [State:Active II:500 AI:300 AT:4000][0m
[0;34m[1784835337.939] [19625:19627] [DMG] ICR moving to [AwaitingRe][0m
[0;32m[1784835337.939] [19625:19627] [EM] <<< [E:21728i S:0 M:124291201 (Ack:198242080)] (U) Msg TX from 5CCFA2C533F0DBB8 to 0:0000000000000000 [0000] [UDP:[fe80::bfe:a203:38f0:bce7%enp0s3]:5540] --- Type 0000:10 (SecureChannel:StandaloneAck) (B:26)[0m
[0;34m[1784835337.939] [19625:19627] [EM] Flushed pending ack for MessageCounter:198242080 on exchange 21728i[0m
[0;32m[2524608000.002] [19625:19627] [EM] >>> [E:21729i S:22269 M:211912211 (Ack:31622447)] (S) Msg RX from 1:0000000000000001 [4E1A] to 000000000001B669 --- Type 0001:09 (IM:InvokeCommandResponse) (B:67)[0m
[0;34m[2524608000.002] [19625:19627] [EM] Found matching exchange: 21729i, Delegate: 0x79e67c00eef8[0m
[0;34m[2524608000.002] [19625:19627] [EM] Rxd Ack; Removing MessageCounter:31622447 from Retrans Table on exchange 21729i[0m
[0;34m[2524608000.002] [19625:19627] [DMG] ICR moving to [ResponseRe][0m
[0;34m[2524608000.002] [19625:19627] [DMG] InvokeResponseMessage =[0m
[0;34m[2524608000.002] [19625:19627] [DMG] {[0m
[0;34m[2524608000.002] [19625:19627] [DMG] 	suppressResponse = false, [0m
[0;34m[2524608000.002] [19625:19627] [DMG] 	InvokeResponseIBs =[0m
[0;34m[2524608000.002] [19625:19627] [DMG] 	[[0m
[0;34m[2524608000.002] [19625:19627] [DMG] 		InvokeResponseIB =[0m
[0;34m[2524608000.002] [19625:19627] [DMG] 		{[0m
[0;34m[2524608000.002] [19625:19627] [DMG] 			CommandStatusIB =[0m
[0;34m[2524608000.002] [19625:19627] [DMG] 			{[0m
[0;34m[2524608000.002] [19625:19627] [DMG] 				CommandPathIB =[0m
[0;34m[2524608000.002] [19625:19627] [DMG] 				{[0m
[0;34m[2524608000.002] [19625:19627] [DMG] 					EndpointId = 0x0,[0m
[0;34m[2524608000.002] [19625:19627] [DMG] 					ClusterId = 0x38,[0m
[0;34m[2524608000.002] [19625:19627] [DMG] 					CommandId = 0x0,[0m
[0;34m[2524608000.002] [19625:19627] [DMG] 				},[0m
[0;34m[2524608000.002] [19625:19627] [DMG] 				[0m
[0;34m[2524608000.002] [19625:19627] [DMG] 				StatusIB =[0m
[0;34m[2524608000.002] [19625:19627] [DMG] 				{[0m
[0;34m[2524608000.002] [19625:19627] [DMG] 					status = 0x00 (SUCCESS),[0m
[0;34m[2524608000.002] [19625:19627] [DMG] 				},[0m
[0;34m[2524608000.002] [19625:19627] [DMG] 				[0m
[0;34m[2524608000.002] [19625:19627] [DMG] 			},[0m
[0;34m[2524608000.002] [19625:19627] [DMG] 			[0m
[0;34m[2524608000.002] [19625:19627] [DMG] 		},[0m
[0;34m[2524608000.002] [19625:19627] [DMG] 		[0m
[0;34m[2524608000.002] [19625:19627] [DMG] 	],[0m
[0;34m[2524608000.002] [19625:19627] [DMG] 	[0m
[0;34m[2524608000.002] [19625:19627] [DMG] 	InteractionModelRevision = 12[0m
[0;34m[2524608000.002] [19625:19627] [DMG] },[0m
[0;32m[2524608000.002] [19625:19627] [DMG] Received Command Response Status for Endpoint=0 Cluster=0x0000_0038 Command=0x0000_0000 Status=0x0[0m
[0;34m[2524608000.002] [19625:19627] [DMG] ICR moving to [AwaitingDe][0m
[0;32m[2524608000.002] [19625:19627] [EM] <<< [E:21729i S:22269 M:31622448 (Ack:211912211)] (S) Msg TX from 000000000001B669 to 1:0000000000000001 [4E1A] [UDP:[fe80::bfe:a203:38f0:bce7%enp0s3]:5540] --- Type 0000:10 (SecureChannel:StandaloneAck) (B:34)[0m
[0;34m[2524608000.002] [19625:19627] [EM] Flushed pending ack for MessageCounter:211912211 on exchange 21729i[0m
[0;34m[2524608000.003] [19625:19625] [CTL] Shutting down the commissioner[0m
[0;32m[2524608000.003] [19625:19625] [PAF] WiFiPAF: Closing all WiFiPAF sessions to shutdown[0m
[0;34m[2524608000.003] [19625:19625] [CTL] Shutting down the controller[0m
[0;34m[2524608000.003] [19625:19625] [IN] Expiring all sessions for fabric 0x1!![0m
[0;34m[2524608000.003] [19625:19625] [IN] SecureSession[0x79e67c009cd0]: MarkForEviction Type:2 LSID:22269[0m
[0;32m[2524608000.003] [19625:19625] [SC] SecureSession[0x79e67c009cd0, LSID:22269]: State change 'kActive' --> 'kPendingEviction'[0m
[0;34m[2524608000.003] [19625:19625] [IN] SecureSession[0x79e67c009cd0]: Released - Type:2 LSID:22269[0m
[0;32m[2524608000.003] [19625:19625] [FP] Forgetting fabric 0x1[0m
[0;32m[2524608000.003] [19625:19625] [TS] Pending Last Known Good Time: 2023-10-14T01:16:48[0m
[0;32m[2524608000.003] [19625:19625] [TS] Previous Last Known Good Time: 2023-10-14T01:16:48[0m
[0;32m[2524608000.003] [19625:19625] [TS] Reverted Last Known Good Time to previous value[0m
[0;34m[2524608000.003] [19625:19625] [CTL] Shutting down the commissioner[0m
[0;32m[2524608000.003] [19625:19625] [PAF] WiFiPAF: Closing all WiFiPAF sessions to shutdown[0m
[0;34m[2524608000.003] [19625:19625] [CTL] Shutting down the controller[0m
[0;34m[2524608000.004] [19625:19625] [CTL] Shutting down the System State, this will teardown the CHIP Stack[0m
[0;34m[2524608000.004] [19625:19625] [DMG] All ReadHandler-s are clean, clear GlobalDirtySet[0m
[0;32m[2524608000.004] [19625:19625] [FP] Shutting down FabricTable[0m
[0;32m[2524608000.004] [19625:19625] [TS] Pending Last Known Good Time: 2023-10-14T01:16:48[0m
[0;32m[2524608000.004] [19625:19625] [TS] Previous Last Known Good Time: 2023-10-14T01:16:48[0m
[0;32m[2524608000.004] [19625:19625] [TS] Reverted Last Known Good Time to previous value[0m
[0;34m[2524608000.008] [19625:19625] [DL] Wrote settings to /tmp/chip_counters.ini[0m
[0;32m[2524608000.008] [19625:19625] [DL] NVS set: chip-counters/total-operational-hours = 0 (0x0)[0m
[0;32m[2524608000.008] [19625:19625] [DL] Inet Layer shutdown[0m
[0;32m[2524608000.008] [19625:19625] [DL] BLE Layer shutdown[0m
[0;32m[2524608000.008] [19625:19625] [DL] WiFi-PAF Layer shutdown[0m
[0;32m[2524608000.008] [19625:19625] [PAF] WiFiPAF: Closing all WiFiPAF sessions to shutdown[0m
[0;32m[2524608000.008] [19625:19625] [DL] System Layer shutdown[0m
