[0;34m[1784837172.662] [20919:20919] [DL] ChipLinuxStorage::Init: Using KVS config file: /tmp/chip_tool_kvs[0m
[1;31m[1784837172.663] [20919:20919] [DL] ChipLinuxStorage::Init: Attempt to re-initialize with KVS config file: /tmp/chip_kvs, IGNORING.[0m
[0;34m[1784837172.664] [20919:20919] [DL] ChipLinuxStorage::Init: Using KVS config file: /tmp/chip_factory.ini[0m
[0;34m[1784837172.664] [20919:20919] [DL] ChipLinuxStorage::Init: Using KVS config file: /tmp/chip_config.ini[0m
[0;34m[1784837172.664] [20919:20919] [DL] ChipLinuxStorage::Init: Using KVS config file: /tmp/chip_counters.ini[0m
[0;34m[1784837172.667] [20919:20919] [DL] Wrote settings to /tmp/chip_counters.ini[0m
[0;32m[1784837172.667] [20919:20919] [DL] NVS set: chip-counters/reboot-count = 3 (0x3)[0m
[0;32m[1784837172.667] [20919:20919] [DL] Got Ethernet interface: enp0s3[0m
[0;32m[1784837172.668] [20919:20919] [DL] Found the primary Ethernet interface:enp0s3[0m
[1;31m[1784837172.668] [20919:20919] [DL] Failed to get WiFi interface[0m
[1;31m[1784837172.668] [20919:20919] [DL] Failed to reset WiFi statistic counts[0m
[0;32m[1784837172.668] [20919:20919] [PAF] WiFiPAF: WiFiPAFLayer::Init()[0m
[0;34m[1784837172.668] [20919:20919] [IN] UDP::Init bind&listen port=0[0m
[0;34m[1784837172.668] [20919:20919] [IN] UDP::Init bound to port=41453[0m
[0;34m[1784837172.668] [20919:20919] [IN] UDP::Init bind&listen port=0[0m
[0;34m[1784837172.668] [20919:20919] [IN] UDP::Init bound to port=37412[0m
[0;34m[1784837172.668] [20919:20919] [IN] BLEBase::Init - setting/overriding transport[0m
[0;34m[1784837172.668] [20919:20919] [IN] WiFiPAFBase::Init - setting/overriding transport[0m
[0;34m[1784837172.668] [20919:20919] [IN] TransportMgr initialized[0m
[0;34m[1784837172.668] [20919:20919] [FP] Initializing FabricTable from persistent storage[0m
[0;32m[1784837172.668] [20919:20919] [TS] Last Known Good Time: 2023-10-14T01:16:48[0m
[0;32m[1784837172.668] [20919:20919] [FP] Fabric index 0x1 was retrieved from storage. Compressed FabricId 0xB0763CBD8F3F130A, FabricId 0x0000000000000001, NodeId 0x000000000001B669, VendorId 0xFFF1[0m
[0;32m[1784837172.669] [20919:20919] [DMG] Ember attribute persistence requires setting up[0m
[0;32m[1784837172.669] [20919:20919] [ZCL] Using ZAP configuration...[0m
[0;34m[1784837172.670] [20919:20919] [CTL] System State Initialized...[0m
[0;32m[1784837172.670] [20919:20919] [CTL] Setting attestation nonce to random value[0m
[0;32m[1784837172.670] [20919:20919] [CTL] Setting CSR nonce to random value[0m
[0;34m[1784837172.670] [20919:20921] [DL] CHIP task running[0m
[0;32m[1784837172.670] [20919:20921] [CTL] Setting attestation nonce to random value[0m
[0;32m[1784837172.670] [20919:20921] [CTL] Setting CSR nonce to random value[0m
[0;32m[1784837172.670] [20919:20921] [CTL] Generating NOC[0m
[0;32m[1784837172.670] [20919:20921] [FP] Validating NOC chain[0m
[0;32m[1784837172.670] [20919:20921] [FP] NOC chain validation successful[0m
[0;32m[1784837172.670] [20919:20921] [FP] Updated fabric at index: 0x1, Node ID: 0x000000000001B669[0m
[0;32m[1784837172.670] [20919:20921] [TS] Last Known Good Time: 2023-10-14T01:16:48[0m
[0;32m[1784837172.670] [20919:20921] [TS] New proposed Last Known Good Time: 2021-01-01T00:00:00[0m
[0;32m[1784837172.670] [20919:20921] [TS] Retaining current Last Known Good Time[0m
[0;32m[1784837172.672] [20919:20921] [FP] Metadata for Fabric 0x1 persisted to storage.[0m
[0;32m[1784837172.672] [20919:20921] [TS] Committing Last Known Good Time to storage: 2023-10-14T01:16:48[0m
[0;32m[1784837172.673] [20919:20921] [CTL] Joined the fabric at index 1. Fabric ID is 0x0000000000000001 (Compressed Fabric ID: B0763CBD8F3F130A)[0m
[0;32m[1784837172.676] [20919:20921] [TOO] Sending command to node 0x1[0m
[0;34m[1784837172.676] [20919:20921] [CSM] FindOrEstablishSession: PeerId = [1:0000000000000001][0m
[0;34m[1784837172.676] [20919:20921] [CSM] FindOrEstablishSession: No existing OperationalSessionSetup instance found[0m
[0;34m[1784837172.676] [20919:20921] [DIS] OperationalSessionSetup[1:0000000000000001]: State change 1 --> 2[0m
[0;32m[1784837172.677] [20919:20921] [DIS] Lookup started for B0763CBD8F3F130A-0000000000000001[0m
[0;32m[1784837172.677] [20919:20921] [DIS] UDP:[fe80::bfe:a203:38f0:bce7%enp0s3]:5540: new best score: 7 (for B0763CBD8F3F130A-0000000000000001)[0m
[0;34m[1784837172.677] [20919:20921] [DIS] Lookup clearing interface for non LL address[0m
[0;32m[1784837172.677] [20919:20921] [DIS] UDP:10.0.2.15%enp0s3:5540: new best score: 2 (for B0763CBD8F3F130A-0000000000000001)[0m
[0;32m[1784837172.677] [20919:20921] [DIS] Checking node lookup status for B0763CBD8F3F130A-0000000000000001 after 1 ms[0m
[0;32m[1784837172.677] [20919:20921] [DIS] Keeping DNSSD lookup active[0m
[0;32m[1784837172.677] [20919:20921] [DIS] UDP:[fe80::bfe:a203:38f0:bce7%enp0s3]:5540: score has not improved: 7 (for B0763CBD8F3F130A-0000000000000001)[0m
[0;34m[1784837172.677] [20919:20921] [DIS] Lookup clearing interface for non LL address[0m
[0;32m[1784837172.677] [20919:20921] [DIS] UDP:10.0.2.15%enp0s3:5540: score has not improved: 2 (for B0763CBD8F3F130A-0000000000000001)[0m
[0;32m[1784837172.677] [20919:20921] [DIS] Checking node lookup status for B0763CBD8F3F130A-0000000000000001 after 1 ms[0m
[0;32m[1784837172.677] [20919:20921] [DIS] Keeping DNSSD lookup active[0m
[0;32m[1784837172.877] [20919:20921] [DIS] Checking node lookup status for B0763CBD8F3F130A-0000000000000001 after 201 ms[0m
[0;34m[1784837172.877] [20919:20921] [DIS] OperationalSessionSetup[1:0000000000000001]: Updating device address to UDP:[fe80::bfe:a203:38f0:bce7%enp0s3]:5540 while in state 2[0m
[0;34m[1784837172.877] [20919:20921] [DIS] OperationalSessionSetup[1:0000000000000001]: State change 2 --> 3[0m
[0;34m[1784837172.877] [20919:20921] [IN] SecureSession[0x71e110009cd0]: Allocated Type:2 LSID:57159[0m
[0;32m[1784837172.877] [20919:20921] [SC] Initiating session on local FabricIndex 1 from 0x000000000001B669 -> 0x0000000000000001[0m
[0;32m[1784837172.877] [20919:20921] [EM] <<< [E:33171i S:0 M:251421726] (U) Msg TX from 432B44FF5CF96BAD to 0:0000000000000000 [0000] [UDP:[fe80::bfe:a203:38f0:bce7%enp0s3]:5540] --- Type 0000:30 (SecureChannel:CASE_Sigma1) (B:196)[0m
[0;32m[1784837172.877] [20919:20921] [EM] ??1 [E:33171i S:0 M:251421726] (U) Msg Retransmission to 0:0000000000000000 scheduled for 674ms from now [State:Idle II:500 AI:300 AT:4000][0m
[0;32m[1784837172.877] [20919:20921] [SC] Sent Sigma1 msg to <0000000000000001, 1> [II:500ms AI:300ms AT:4000ms][0m
[0;34m[1784837172.877] [20919:20921] [DIS] OperationalSessionSetup[1:0000000000000001]: State change 3 --> 4[0m
[0;32m[1784837172.879] [20919:20921] [EM] >>> [E:33171i S:0 M:201383918 (Ack:251421726)] (U) Msg RX from 0:0000000000000000 [0000] to 432B44FF5CF96BAD --- Type 0000:31 (SecureChannel:CASE_Sigma2) (B:751)[0m
[0;34m[1784837172.879] [20919:20921] [EM] Found matching exchange: 33171i, Delegate: 0x71e11000b8e8[0m
[0;34m[1784837172.879] [20919:20921] [EM] Rxd Ack; Removing MessageCounter:251421726 from Retrans Table on exchange 33171i[0m
[0;32m[1784837172.879] [20919:20921] [SC] Received Sigma2 msg[0m
[0;34m[1784837172.879] [20919:20921] [SC] Found MRP parameters in the message[0m
[0;34m[1784837172.880] [20919:20921] [SC] Peer <0000000000000001, 1> assigned session ID 11398[0m
[0;34m[1784837172.880] [20919:20921] [SC] Sending Sigma3[0m
[0;32m[1784837172.880] [20919:20921] [EM] <<< [E:33171i S:0 M:251421727 (Ack:201383918)] (U) Msg TX from 432B44FF5CF96BAD to 0:0000000000000000 [0000] [UDP:[fe80::bfe:a203:38f0:bce7%enp0s3]:5540] --- Type 0000:32 (SecureChannel:CASE_Sigma3) (B:598)[0m
[0;32m[1784837172.880] [20919:20921] [EM] ??1 [E:33171i S:0 M:251421727] (U) Msg Retransmission to 0:0000000000000000 scheduled for 357ms from now [State:Active II:500 AI:300 AT:4000][0m
[0;32m[1784837172.880] [20919:20921] [SC] Sent Sigma3 msg[0m
[0;32m[1784837172.889] [20919:20921] [EM] >>> [E:33171i S:0 M:201383919 (Ack:251421727)] (U) Msg RX from 0:0000000000000000 [0000] to 432B44FF5CF96BAD --- Type 0000:40 (SecureChannel:StatusReport) (B:34)[0m
[0;34m[1784837172.889] [20919:20921] [EM] Found matching exchange: 33171i, Delegate: 0x71e11000b8e8[0m
[0;34m[1784837172.889] [20919:20921] [EM] Rxd Ack; Removing MessageCounter:251421727 from Retrans Table on exchange 33171i[0m
[0;32m[1784837172.889] [20919:20921] [SC] Success status report received. Session was established[0m
[0;32m[1784837172.890] [20919:20921] [SC] SecureSession[0x71e110009cd0, LSID:57159]: State change 'kEstablishing' --> 'kActive'[0m
[0;34m[1784837172.890] [20919:20921] [IN] SecureSession[0x71e110009cd0]: Activated - Type:2 LSID:57159[0m
[0;34m[1784837172.890] [20919:20921] [IN] New secure session activated for device <0000000000000001, 1>, LSID:57159 PSID:11398![0m
[0;34m[1784837172.890] [20919:20921] [DIS] OperationalSessionSetup[1:0000000000000001]: State change 4 --> 5[0m
[0;32m[1784837172.890] [20919:20921] [TOO] Sending ReadAttribute to:[0m
[0;32m[1784837172.890] [20919:20921] [TOO] 	cluster 0x0000_0038, attribute: 0x0000_0000, endpoint 0[0m
[0;34m[1784837172.890] [20919:20921] [DMG] SendReadRequest ReadClient[0x71e11000eef0]: Sending Read Request[0m
[0;32m[1784837172.890] [20919:20921] [DMG] 0 data version filters provided, 0 not relevant, 0 encoded, 0 skipped due to lack of space[0m
[0;32m[1784837172.890] [20919:20921] [EM] <<< [E:33172i S:57159 M:3786691] (S) Msg TX from 000000000001B669 to 1:0000000000000001 [130A] [UDP:[fe80::bfe:a203:38f0:bce7%enp0s3]:5540] --- Type 0001:02 (IM:ReadRequest) (B:51)[0m
[0;32m[1784837172.890] [20919:20921] [EM] ??1 [E:33172i S:57159 M:3786691] (S) Msg Retransmission to 1:0000000000000001 scheduled for 410ms from now [State:Active II:500 AI:300 AT:4000][0m
[0;34m[1784837172.890] [20919:20921] [DMG] MoveToState ReadClient[0x71e11000eef0]: Moving to [AwaitingIn][0m
[0;32m[1784837172.890] [20919:20921] [EM] <<< [E:33171i S:0 M:251421728 (Ack:201383919)] (U) Msg TX from 432B44FF5CF96BAD to 0:0000000000000000 [0000] [UDP:[fe80::bfe:a203:38f0:bce7%enp0s3]:5540] --- Type 0000:10 (SecureChannel:StandaloneAck) (B:26)[0m
[0;34m[1784837172.890] [20919:20921] [EM] Flushed pending ack for MessageCounter:201383919 on exchange 33171i[0m
[0;32m[1784837172.891] [20919:20921] [EM] >>> [E:33172i S:57159 M:162476274 (Ack:3786691)] (S) Msg RX from 1:0000000000000001 [130A] to 000000000001B669 --- Type 0001:05 (IM:ReportData) (B:77)[0m
[0;34m[1784837172.891] [20919:20921] [EM] Found matching exchange: 33172i, Delegate: 0x71e11000ef00[0m
[0;34m[1784837172.891] [20919:20921] [EM] Rxd Ack; Removing MessageCounter:3786691 from Retrans Table on exchange 33172i[0m
[0;34m[1784837172.891] [20919:20921] [DMG] ReportDataMessage =[0m
[0;34m[1784837172.891] [20919:20921] [DMG] {[0m
[0;34m[1784837172.891] [20919:20921] [DMG] 	AttributeReportIBs =[0m
[0;34m[1784837172.891] [20919:20921] [DMG] 	[[0m
[0;34m[1784837172.891] [20919:20921] [DMG] 		AttributeReportIB =[0m
[0;34m[1784837172.891] [20919:20921] [DMG] 		{[0m
[0;34m[1784837172.891] [20919:20921] [DMG] 			AttributeDataIB =[0m
[0;34m[1784837172.891] [20919:20921] [DMG] 			{[0m
[0;34m[1784837172.891] [20919:20921] [DMG] 				DataVersion = 0x30ba0b42,[0m
[0;34m[1784837172.891] [20919:20921] [DMG] 				AttributePathIB =[0m
[0;34m[1784837172.891] [20919:20921] [DMG] 				{[0m
[0;34m[1784837172.891] [20919:20921] [DMG] 					Endpoint = 0x0,[0m
[0;34m[1784837172.891] [20919:20921] [DMG] 					Cluster = 0x38,[0m
[0;34m[1784837172.891] [20919:20921] [DMG] 					Attribute = 0x0000_0000,[0m
[0;34m[1784837172.891] [20919:20921] [DMG] 				}[0m
[0;34m[1784837172.891] [20919:20921] [DMG] 					[0m
[0;34m[1784837172.891] [20919:20921] [DMG] 				Data = 838152372890750 (unsigned), [0m
[0;34m[1784837172.891] [20919:20921] [DMG] 			},[0m
[0;34m[1784837172.891] [20919:20921] [DMG] 			[0m
[0;34m[1784837172.891] [20919:20921] [DMG] 		},[0m
[0;34m[1784837172.891] [20919:20921] [DMG] 		[0m
[0;34m[1784837172.891] [20919:20921] [DMG] 	],[0m
[0;34m[1784837172.891] [20919:20921] [DMG] 	[0m
[0;34m[1784837172.891] [20919:20921] [DMG] 	SuppressResponse = true, [0m
[0;34m[1784837172.891] [20919:20921] [DMG] 	InteractionModelRevision = 12[0m
[0;34m[1784837172.891] [20919:20921] [DMG] }[0m
[0;32m[1784837172.891] [20919:20921] [TOO] Endpoint: 0 Cluster: 0x0000_0038 Attribute 0x0000_0000 DataVersion: 817498946[0m
[0;32m[1784837172.891] [20919:20921] [TOO]   UTCTime: 838152372890750[0m
[0;32m[1784837172.891] [20919:20921] [EM] <<< [E:33172i S:57159 M:3786692 (Ack:162476274)] (S) Msg TX from 000000000001B669 to 1:0000000000000001 [130A] [UDP:[fe80::bfe:a203:38f0:bce7%enp0s3]:5540] --- Type 0000:10 (SecureChannel:StandaloneAck) (B:34)[0m
[0;34m[1784837172.891] [20919:20921] [EM] Flushed pending ack for MessageCounter:162476274 on exchange 33172i[0m
[0;34m[1784837172.891] [20919:20919] [CTL] Shutting down the commissioner[0m
[0;32m[1784837172.891] [20919:20919] [PAF] WiFiPAF: Closing all WiFiPAF sessions to shutdown[0m
[0;34m[1784837172.891] [20919:20919] [CTL] Shutting down the controller[0m
[0;34m[1784837172.891] [20919:20919] [IN] Expiring all sessions for fabric 0x1!![0m
[0;34m[1784837172.891] [20919:20919] [IN] SecureSession[0x71e110009cd0]: MarkForEviction Type:2 LSID:57159[0m
[0;32m[1784837172.891] [20919:20919] [SC] SecureSession[0x71e110009cd0, LSID:57159]: State change 'kActive' --> 'kPendingEviction'[0m
[0;34m[1784837172.891] [20919:20919] [IN] SecureSession[0x71e110009cd0]: Released - Type:2 LSID:57159[0m
[0;32m[1784837172.891] [20919:20919] [FP] Forgetting fabric 0x1[0m
[0;32m[1784837172.891] [20919:20919] [TS] Pending Last Known Good Time: 2023-10-14T01:16:48[0m
[0;32m[1784837172.891] [20919:20919] [TS] Previous Last Known Good Time: 2023-10-14T01:16:48[0m
[0;32m[1784837172.891] [20919:20919] [TS] Reverted Last Known Good Time to previous value[0m
[0;34m[1784837172.891] [20919:20919] [CTL] Shutting down the commissioner[0m
[0;32m[1784837172.891] [20919:20919] [PAF] WiFiPAF: Closing all WiFiPAF sessions to shutdown[0m
[0;34m[1784837172.891] [20919:20919] [CTL] Shutting down the controller[0m
[0;34m[1784837172.891] [20919:20919] [CTL] Shutting down the System State, this will teardown the CHIP Stack[0m
[0;34m[1784837172.891] [20919:20919] [DMG] All ReadHandler-s are clean, clear GlobalDirtySet[0m
[0;32m[1784837172.891] [20919:20919] [FP] Shutting down FabricTable[0m
[0;32m[1784837172.891] [20919:20919] [TS] Pending Last Known Good Time: 2023-10-14T01:16:48[0m
[0;32m[1784837172.891] [20919:20919] [TS] Previous Last Known Good Time: 2023-10-14T01:16:48[0m
[0;32m[1784837172.891] [20919:20919] [TS] Reverted Last Known Good Time to previous value[0m
[0;34m[1784837172.893] [20919:20919] [DL] Wrote settings to /tmp/chip_counters.ini[0m
[0;32m[1784837172.893] [20919:20919] [DL] NVS set: chip-counters/total-operational-hours = 0 (0x0)[0m
[0;32m[1784837172.893] [20919:20919] [DL] Inet Layer shutdown[0m
[0;32m[1784837172.893] [20919:20919] [DL] BLE Layer shutdown[0m
[0;32m[1784837172.893] [20919:20919] [DL] WiFi-PAF Layer shutdown[0m
[0;32m[1784837172.893] [20919:20919] [PAF] WiFiPAF: Closing all WiFiPAF sessions to shutdown[0m
[0;32m[1784837172.893] [20919:20919] [DL] System Layer shutdown[0m
