[0;34m[1784655596.945] [8656:8656] [DL] ChipLinuxStorage::Init: Using KVS config file: /tmp/chip_tool_kvs[0m
[1;31m[1784655596.946] [8656:8656] [DL] ChipLinuxStorage::Init: Attempt to re-initialize with KVS config file: /tmp/chip_kvs, IGNORING.[0m
[0;34m[1784655596.948] [8656:8656] [DL] ChipLinuxStorage::Init: Using KVS config file: /tmp/chip_factory.ini[0m
[0;34m[1784655596.948] [8656:8656] [DL] ChipLinuxStorage::Init: Using KVS config file: /tmp/chip_config.ini[0m
[0;34m[1784655596.948] [8656:8656] [DL] ChipLinuxStorage::Init: Using KVS config file: /tmp/chip_counters.ini[0m
[0;34m[1784655596.951] [8656:8656] [DL] Wrote settings to /tmp/chip_counters.ini[0m
[0;32m[1784655596.951] [8656:8656] [DL] NVS set: chip-counters/reboot-count = 6 (0x6)[0m
[0;32m[1784655596.951] [8656:8656] [DL] Got Ethernet interface: enp0s3[0m
[0;32m[1784655596.951] [8656:8656] [DL] Found the primary Ethernet interface:enp0s3[0m
[1;31m[1784655596.951] [8656:8656] [DL] Failed to get WiFi interface[0m
[1;31m[1784655596.951] [8656:8656] [DL] Failed to reset WiFi statistic counts[0m
[0;32m[1784655596.951] [8656:8656] [PAF] WiFiPAF: WiFiPAFLayer::Init()[0m
[0;34m[1784655596.951] [8656:8656] [IN] UDP::Init bind&listen port=0[0m
[0;34m[1784655596.951] [8656:8656] [IN] UDP::Init bound to port=49450[0m
[0;34m[1784655596.951] [8656:8656] [IN] UDP::Init bind&listen port=0[0m
[0;34m[1784655596.951] [8656:8656] [IN] UDP::Init bound to port=35348[0m
[0;34m[1784655596.951] [8656:8656] [IN] BLEBase::Init - setting/overriding transport[0m
[0;34m[1784655596.951] [8656:8656] [IN] WiFiPAFBase::Init - setting/overriding transport[0m
[0;34m[1784655596.951] [8656:8656] [IN] TransportMgr initialized[0m
[0;34m[1784655596.951] [8656:8656] [FP] Initializing FabricTable from persistent storage[0m
[0;32m[1784655596.951] [8656:8656] [TS] Last Known Good Time: 2023-10-14T01:16:48[0m
[0;32m[1784655596.952] [8656:8656] [FP] Fabric index 0x1 was retrieved from storage. Compressed FabricId 0xCAF8515D5D2DB387, FabricId 0x0000000000000001, NodeId 0x000000000001B669, VendorId 0xFFF1[0m
[0;32m[1784655596.953] [8656:8656] [DMG] Ember attribute persistence requires setting up[0m
[0;32m[1784655596.953] [8656:8656] [ZCL] Using ZAP configuration...[0m
[0;34m[1784655596.953] [8656:8656] [CTL] System State Initialized...[0m
[0;32m[1784655596.953] [8656:8656] [CTL] Setting attestation nonce to random value[0m
[0;32m[1784655596.953] [8656:8656] [CTL] Setting CSR nonce to random value[0m
[0;34m[1784655596.953] [8656:8658] [DL] CHIP task running[0m
[0;32m[1784655596.953] [8656:8658] [CTL] Setting attestation nonce to random value[0m
[0;32m[1784655596.953] [8656:8658] [CTL] Setting CSR nonce to random value[0m
[0;32m[1784655596.953] [8656:8658] [CTL] Generating NOC[0m
[0;32m[1784655596.953] [8656:8658] [FP] Validating NOC chain[0m
[0;32m[1784655596.954] [8656:8658] [FP] NOC chain validation successful[0m
[0;32m[1784655596.954] [8656:8658] [FP] Updated fabric at index: 0x1, Node ID: 0x000000000001B669[0m
[0;32m[1784655596.954] [8656:8658] [TS] Last Known Good Time: 2023-10-14T01:16:48[0m
[0;32m[1784655596.954] [8656:8658] [TS] New proposed Last Known Good Time: 2021-01-01T00:00:00[0m
[0;32m[1784655596.954] [8656:8658] [TS] Retaining current Last Known Good Time[0m
[0;32m[1784655596.955] [8656:8658] [FP] Metadata for Fabric 0x1 persisted to storage.[0m
[0;32m[1784655596.955] [8656:8658] [TS] Committing Last Known Good Time to storage: 2023-10-14T01:16:48[0m
[0;32m[1784655596.956] [8656:8658] [CTL] Joined the fabric at index 1. Fabric ID is 0x0000000000000001 (Compressed Fabric ID: CAF8515D5D2DB387)[0m
[0;32m[1784655596.959] [8656:8658] [TOO] Sending command to node 0x1[0m
[0;34m[1784655596.959] [8656:8658] [CSM] FindOrEstablishSession: PeerId = [1:0000000000000001][0m
[0;34m[1784655596.959] [8656:8658] [CSM] FindOrEstablishSession: No existing OperationalSessionSetup instance found[0m
[0;34m[1784655596.959] [8656:8658] [DIS] OperationalSessionSetup[1:0000000000000001]: State change 1 --> 2[0m
[0;32m[1784655596.959] [8656:8658] [DIS] Lookup started for CAF8515D5D2DB387-0000000000000001[0m
[0;32m[1784655596.960] [8656:8658] [DIS] UDP:[fe80::bfe:a203:38f0:bce7%enp0s3]:5540: new best score: 7 (for CAF8515D5D2DB387-0000000000000001)[0m
[0;34m[1784655596.960] [8656:8658] [DIS] Lookup clearing interface for non LL address[0m
[0;32m[1784655596.960] [8656:8658] [DIS] UDP:10.0.2.15%enp0s3:5540: new best score: 2 (for CAF8515D5D2DB387-0000000000000001)[0m
[0;32m[1784655596.960] [8656:8658] [DIS] Checking node lookup status for CAF8515D5D2DB387-0000000000000001 after 1 ms[0m
[0;32m[1784655596.960] [8656:8658] [DIS] Keeping DNSSD lookup active[0m
[0;32m[1784655596.960] [8656:8658] [DIS] UDP:[fe80::bfe:a203:38f0:bce7%enp0s3]:5540: score has not improved: 7 (for CAF8515D5D2DB387-0000000000000001)[0m
[0;34m[1784655596.960] [8656:8658] [DIS] Lookup clearing interface for non LL address[0m
[0;32m[1784655596.960] [8656:8658] [DIS] UDP:10.0.2.15%enp0s3:5540: score has not improved: 2 (for CAF8515D5D2DB387-0000000000000001)[0m
[0;32m[1784655596.960] [8656:8658] [DIS] Checking node lookup status for CAF8515D5D2DB387-0000000000000001 after 1 ms[0m
[0;32m[1784655596.960] [8656:8658] [DIS] Keeping DNSSD lookup active[0m
[0;32m[1784655597.160] [8656:8658] [DIS] Checking node lookup status for CAF8515D5D2DB387-0000000000000001 after 201 ms[0m
[0;34m[1784655597.160] [8656:8658] [DIS] OperationalSessionSetup[1:0000000000000001]: Updating device address to UDP:[fe80::bfe:a203:38f0:bce7%enp0s3]:5540 while in state 2[0m
[0;34m[1784655597.160] [8656:8658] [DIS] OperationalSessionSetup[1:0000000000000001]: State change 2 --> 3[0m
[0;34m[1784655597.160] [8656:8658] [IN] SecureSession[0x7960a0009cd0]: Allocated Type:2 LSID:56783[0m
[0;32m[1784655597.160] [8656:8658] [SC] Initiating session on local FabricIndex 1 from 0x000000000001B669 -> 0x0000000000000001[0m
[0;32m[1784655597.161] [8656:8658] [EM] <<< [E:34429i S:0 M:153815879] (U) Msg TX from 73E8ECBC15FCD429 to 0:0000000000000000 [0000] [UDP:[fe80::bfe:a203:38f0:bce7%enp0s3]:5540] --- Type 0000:30 (SecureChannel:CASE_Sigma1) (B:196)[0m
[0;32m[1784655597.161] [8656:8658] [EM] ??1 [E:34429i S:0 M:153815879] (U) Msg Retransmission to 0:0000000000000000 scheduled for 640ms from now [State:Idle II:500 AI:300 AT:4000][0m
[0;32m[1784655597.161] [8656:8658] [SC] Sent Sigma1 msg to <0000000000000001, 1> [II:500ms AI:300ms AT:4000ms][0m
[0;34m[1784655597.161] [8656:8658] [DIS] OperationalSessionSetup[1:0000000000000001]: State change 3 --> 4[0m
[0;32m[1784655597.163] [8656:8658] [EM] >>> [E:34429i S:0 M:104976161 (Ack:153815879)] (U) Msg RX from 0:0000000000000000 [0000] to 73E8ECBC15FCD429 --- Type 0000:31 (SecureChannel:CASE_Sigma2) (B:751)[0m
[0;34m[1784655597.163] [8656:8658] [EM] Found matching exchange: 34429i, Delegate: 0x7960a000b8e8[0m
[0;34m[1784655597.163] [8656:8658] [EM] Rxd Ack; Removing MessageCounter:153815879 from Retrans Table on exchange 34429i[0m
[0;32m[1784655597.163] [8656:8658] [SC] Received Sigma2 msg[0m
[0;34m[1784655597.163] [8656:8658] [SC] Found MRP parameters in the message[0m
[0;34m[1784655597.164] [8656:8658] [SC] Peer <0000000000000001, 1> assigned session ID 37316[0m
[0;34m[1784655597.164] [8656:8658] [SC] Sending Sigma3[0m
[0;32m[1784655597.164] [8656:8658] [EM] <<< [E:34429i S:0 M:153815880 (Ack:104976161)] (U) Msg TX from 73E8ECBC15FCD429 to 0:0000000000000000 [0000] [UDP:[fe80::bfe:a203:38f0:bce7%enp0s3]:5540] --- Type 0000:32 (SecureChannel:CASE_Sigma3) (B:598)[0m
[0;32m[1784655597.164] [8656:8658] [EM] ??1 [E:34429i S:0 M:153815880] (U) Msg Retransmission to 0:0000000000000000 scheduled for 399ms from now [State:Active II:500 AI:300 AT:4000][0m
[0;32m[1784655597.164] [8656:8658] [SC] Sent Sigma3 msg[0m
[0;32m[1784655597.173] [8656:8658] [EM] >>> [E:34429i S:0 M:104976162 (Ack:153815880)] (U) Msg RX from 0:0000000000000000 [0000] to 73E8ECBC15FCD429 --- Type 0000:40 (SecureChannel:StatusReport) (B:34)[0m
[0;34m[1784655597.173] [8656:8658] [EM] Found matching exchange: 34429i, Delegate: 0x7960a000b8e8[0m
[0;34m[1784655597.173] [8656:8658] [EM] Rxd Ack; Removing MessageCounter:153815880 from Retrans Table on exchange 34429i[0m
[0;32m[1784655597.173] [8656:8658] [SC] Success status report received. Session was established[0m
[0;32m[1784655597.174] [8656:8658] [SC] SecureSession[0x7960a0009cd0, LSID:56783]: State change 'kEstablishing' --> 'kActive'[0m
[0;34m[1784655597.174] [8656:8658] [IN] SecureSession[0x7960a0009cd0]: Activated - Type:2 LSID:56783[0m
[0;34m[1784655597.174] [8656:8658] [IN] New secure session activated for device <0000000000000001, 1>, LSID:56783 PSID:37316![0m
[0;34m[1784655597.174] [8656:8658] [DIS] OperationalSessionSetup[1:0000000000000001]: State change 4 --> 5[0m
[0;32m[1784655597.174] [8656:8658] [TOO] Sending cluster (0x0000003E) command (0x00000007) on endpoint 0[0m
[0;34m[1784655597.174] [8656:8658] [DMG] ICR moving to [AddingComm][0m
[0;34m[1784655597.174] [8656:8658] [DMG] ICR moving to [AddedComma][0m
[0;32m[1784655597.174] [8656:8658] [EM] <<< [E:34430i S:56783 M:236749799] (S) Msg TX from 000000000001B669 to 1:0000000000000001 [B387] [UDP:[fe80::bfe:a203:38f0:bce7%enp0s3]:5540] --- Type 0001:08 (IM:InvokeCommandRequest) (B:330)[0m
[0;32m[1784655597.174] [8656:8658] [EM] ??1 [E:34430i S:56783 M:236749799] (S) Msg Retransmission to 1:0000000000000001 scheduled for 342ms from now [State:Active II:500 AI:300 AT:4000][0m
[0;34m[1784655597.174] [8656:8658] [DMG] ICR moving to [AwaitingRe][0m
[0;32m[1784655597.174] [8656:8658] [EM] <<< [E:34429i S:0 M:153815881 (Ack:104976162)] (U) Msg TX from 73E8ECBC15FCD429 to 0:0000000000000000 [0000] [UDP:[fe80::bfe:a203:38f0:bce7%enp0s3]:5540] --- Type 0000:10 (SecureChannel:StandaloneAck) (B:26)[0m
[0;34m[1784655597.174] [8656:8658] [EM] Flushed pending ack for MessageCounter:104976162 on exchange 34429i[0m
[0;32m[1784655597.184] [8656:8658] [EM] >>> [E:34430i S:56783 M:115872212 (Ack:236749799)] (S) Msg RX from 1:0000000000000001 [B387] to 000000000001B669 --- Type 0001:09 (IM:InvokeCommandResponse) (B:70)[0m
[0;34m[1784655597.185] [8656:8658] [EM] Found matching exchange: 34430i, Delegate: 0x7960a000eef8[0m
[0;34m[1784655597.185] [8656:8658] [EM] Rxd Ack; Removing MessageCounter:236749799 from Retrans Table on exchange 34430i[0m
[0;34m[1784655597.185] [8656:8658] [DMG] ICR moving to [ResponseRe][0m
[0;34m[1784655597.185] [8656:8658] [DMG] InvokeResponseMessage =[0m
[0;34m[1784655597.185] [8656:8658] [DMG] {[0m
[0;34m[1784655597.185] [8656:8658] [DMG] 	suppressResponse = false, [0m
[0;34m[1784655597.185] [8656:8658] [DMG] 	InvokeResponseIBs =[0m
[0;34m[1784655597.185] [8656:8658] [DMG] 	[[0m
[0;34m[1784655597.185] [8656:8658] [DMG] 		InvokeResponseIB =[0m
[0;34m[1784655597.185] [8656:8658] [DMG] 		{[0m
[0;34m[1784655597.185] [8656:8658] [DMG] 			CommandDataIB =[0m
[0;34m[1784655597.185] [8656:8658] [DMG] 			{[0m
[0;34m[1784655597.185] [8656:8658] [DMG] 				CommandPathIB =[0m
[0;34m[1784655597.185] [8656:8658] [DMG] 				{[0m
[0;34m[1784655597.185] [8656:8658] [DMG] 					EndpointId = 0x0,[0m
[0;34m[1784655597.185] [8656:8658] [DMG] 					ClusterId = 0x3e,[0m
[0;34m[1784655597.185] [8656:8658] [DMG] 					CommandId = 0x8,[0m
[0;34m[1784655597.185] [8656:8658] [DMG] 				},[0m
[0;34m[1784655597.185] [8656:8658] [DMG] 				[0m
[0;34m[1784655597.185] [8656:8658] [DMG] 				CommandFields = [0m
[0;34m[1784655597.185] [8656:8658] [DMG] 				{[0m
[0;34m[1784655597.185] [8656:8658] [DMG] 					0x0 = 0 (unsigned), [0m
[0;34m[1784655597.185] [8656:8658] [DMG] 					0x1 = 1 (unsigned), [0m
[0;34m[1784655597.185] [8656:8658] [DMG] 				},[0m
[0;34m[1784655597.185] [8656:8658] [DMG] 			},[0m
[0;34m[1784655597.185] [8656:8658] [DMG] 			[0m
[0;34m[1784655597.185] [8656:8658] [DMG] 		},[0m
[0;34m[1784655597.185] [8656:8658] [DMG] 		[0m
[0;34m[1784655597.185] [8656:8658] [DMG] 	],[0m
[0;34m[1784655597.185] [8656:8658] [DMG] 	[0m
[0;34m[1784655597.185] [8656:8658] [DMG] 	InteractionModelRevision = 12[0m
[0;34m[1784655597.185] [8656:8658] [DMG] },[0m
[0;32m[1784655597.185] [8656:8658] [DMG] Received Command Response Data, Endpoint=0 Cluster=0x0000_003E Command=0x0000_0008[0m
[0;32m[1784655597.185] [8656:8658] [TOO] Endpoint: 0 Cluster: 0x0000_003E Command 0x0000_0008[0m
[0;32m[1784655597.185] [8656:8658] [TOO]   NOCResponse: {[0m
[0;32m[1784655597.185] [8656:8658] [TOO]     statusCode: 0[0m
[0;32m[1784655597.185] [8656:8658] [TOO]     fabricIndex: 1[0m
[0;32m[1784655597.185] [8656:8658] [TOO]    }[0m
[0;34m[1784655597.185] [8656:8658] [DMG] ICR moving to [AwaitingDe][0m
[0;32m[1784655597.185] [8656:8658] [EM] <<< [E:34430i S:56783 M:236749800 (Ack:115872212)] (S) Msg TX from 000000000001B669 to 1:0000000000000001 [B387] [UDP:[fe80::bfe:a203:38f0:bce7%enp0s3]:5540] --- Type 0000:10 (SecureChannel:StandaloneAck) (B:34)[0m
[0;34m[1784655597.185] [8656:8658] [EM] Flushed pending ack for MessageCounter:115872212 on exchange 34430i[0m
[0;34m[1784655597.185] [8656:8656] [CTL] Shutting down the commissioner[0m
[0;32m[1784655597.185] [8656:8656] [PAF] WiFiPAF: Closing all WiFiPAF sessions to shutdown[0m
[0;34m[1784655597.185] [8656:8656] [CTL] Shutting down the controller[0m
[0;34m[1784655597.185] [8656:8656] [IN] Expiring all sessions for fabric 0x1!![0m
[0;34m[1784655597.185] [8656:8656] [IN] SecureSession[0x7960a0009cd0]: MarkForEviction Type:2 LSID:56783[0m
[0;32m[1784655597.185] [8656:8656] [SC] SecureSession[0x7960a0009cd0, LSID:56783]: State change 'kActive' --> 'kPendingEviction'[0m
[0;34m[1784655597.185] [8656:8656] [IN] SecureSession[0x7960a0009cd0]: Released - Type:2 LSID:56783[0m
[0;32m[1784655597.185] [8656:8656] [FP] Forgetting fabric 0x1[0m
[0;32m[1784655597.185] [8656:8656] [TS] Pending Last Known Good Time: 2023-10-14T01:16:48[0m
[0;32m[1784655597.185] [8656:8656] [TS] Previous Last Known Good Time: 2023-10-14T01:16:48[0m
[0;32m[1784655597.185] [8656:8656] [TS] Reverted Last Known Good Time to previous value[0m
[0;34m[1784655597.185] [8656:8656] [CTL] Shutting down the commissioner[0m
[0;32m[1784655597.185] [8656:8656] [PAF] WiFiPAF: Closing all WiFiPAF sessions to shutdown[0m
[0;34m[1784655597.185] [8656:8656] [CTL] Shutting down the controller[0m
[0;34m[1784655597.185] [8656:8656] [CTL] Shutting down the System State, this will teardown the CHIP Stack[0m
[0;34m[1784655597.185] [8656:8656] [DMG] All ReadHandler-s are clean, clear GlobalDirtySet[0m
[0;32m[1784655597.185] [8656:8656] [FP] Shutting down FabricTable[0m
[0;32m[1784655597.185] [8656:8656] [TS] Pending Last Known Good Time: 2023-10-14T01:16:48[0m
[0;32m[1784655597.185] [8656:8656] [TS] Previous Last Known Good Time: 2023-10-14T01:16:48[0m
[0;32m[1784655597.185] [8656:8656] [TS] Reverted Last Known Good Time to previous value[0m
[0;34m[1784655597.187] [8656:8656] [DL] Wrote settings to /tmp/chip_counters.ini[0m
[0;32m[1784655597.187] [8656:8656] [DL] NVS set: chip-counters/total-operational-hours = 0 (0x0)[0m
[0;32m[1784655597.187] [8656:8656] [DL] Inet Layer shutdown[0m
[0;32m[1784655597.187] [8656:8656] [DL] BLE Layer shutdown[0m
[0;32m[1784655597.187] [8656:8656] [DL] WiFi-PAF Layer shutdown[0m
[0;32m[1784655597.187] [8656:8656] [PAF] WiFiPAF: Closing all WiFiPAF sessions to shutdown[0m
[0;32m[1784655597.187] [8656:8656] [DL] System Layer shutdown[0m
