[0;34m[1784653963.808] [3033:3033] [DL] ChipLinuxStorage::Init: Using KVS config file: /tmp/chip_tool_kvs[0m
[1;31m[1784653963.809] [3033:3033] [DL] ChipLinuxStorage::Init: Attempt to re-initialize with KVS config file: /tmp/chip_kvs, IGNORING.[0m
[0;34m[1784653963.810] [3033:3033] [DL] ChipLinuxStorage::Init: Using KVS config file: /tmp/chip_factory.ini[0m
[0;34m[1784653963.810] [3033:3033] [DL] ChipLinuxStorage::Init: Using KVS config file: /tmp/chip_config.ini[0m
[0;34m[1784653963.810] [3033:3033] [DL] ChipLinuxStorage::Init: Using KVS config file: /tmp/chip_counters.ini[0m
[0;34m[1784653963.813] [3033:3033] [DL] Wrote settings to /tmp/chip_counters.ini[0m
[0;32m[1784653963.813] [3033:3033] [DL] NVS set: chip-counters/reboot-count = 6 (0x6)[0m
[0;32m[1784653963.813] [3033:3033] [DL] Got Ethernet interface: enp0s3[0m
[0;32m[1784653963.813] [3033:3033] [DL] Found the primary Ethernet interface:enp0s3[0m
[1;31m[1784653963.813] [3033:3033] [DL] Failed to get WiFi interface[0m
[1;31m[1784653963.813] [3033:3033] [DL] Failed to reset WiFi statistic counts[0m
[0;32m[1784653963.813] [3033:3033] [PAF] WiFiPAF: WiFiPAFLayer::Init()[0m
[0;34m[1784653963.813] [3033:3033] [IN] UDP::Init bind&listen port=0[0m
[0;34m[1784653963.813] [3033:3033] [IN] UDP::Init bound to port=51769[0m
[0;34m[1784653963.813] [3033:3033] [IN] UDP::Init bind&listen port=0[0m
[0;34m[1784653963.813] [3033:3033] [IN] UDP::Init bound to port=32829[0m
[0;34m[1784653963.813] [3033:3033] [IN] BLEBase::Init - setting/overriding transport[0m
[0;34m[1784653963.813] [3033:3033] [IN] WiFiPAFBase::Init - setting/overriding transport[0m
[0;34m[1784653963.813] [3033:3033] [IN] TransportMgr initialized[0m
[0;34m[1784653963.813] [3033:3033] [FP] Initializing FabricTable from persistent storage[0m
[0;32m[1784653963.813] [3033:3033] [TS] Last Known Good Time: 2023-10-14T01:16:48[0m
[0;32m[1784653963.813] [3033:3033] [FP] Fabric index 0x1 was retrieved from storage. Compressed FabricId 0xD228CC937988B5A9, FabricId 0x0000000000000001, NodeId 0x000000000001B669, VendorId 0xFFF1[0m
[0;32m[1784653963.814] [3033:3033] [DMG] Ember attribute persistence requires setting up[0m
[0;32m[1784653963.814] [3033:3033] [ZCL] Using ZAP configuration...[0m
[0;34m[1784653963.814] [3033:3033] [CTL] System State Initialized...[0m
[0;32m[1784653963.814] [3033:3033] [CTL] Setting attestation nonce to random value[0m
[0;32m[1784653963.814] [3033:3033] [CTL] Setting CSR nonce to random value[0m
[0;34m[1784653963.814] [3033:3035] [DL] CHIP task running[0m
[0;32m[1784653963.815] [3033:3035] [CTL] Setting attestation nonce to random value[0m
[0;32m[1784653963.815] [3033:3035] [CTL] Setting CSR nonce to random value[0m
[0;32m[1784653963.815] [3033:3035] [CTL] Generating NOC[0m
[0;32m[1784653963.815] [3033:3035] [FP] Validating NOC chain[0m
[0;32m[1784653963.816] [3033:3035] [FP] NOC chain validation successful[0m
[0;32m[1784653963.816] [3033:3035] [FP] Updated fabric at index: 0x1, Node ID: 0x000000000001B669[0m
[0;32m[1784653963.816] [3033:3035] [TS] Last Known Good Time: 2023-10-14T01:16:48[0m
[0;32m[1784653963.816] [3033:3035] [TS] New proposed Last Known Good Time: 2021-01-01T00:00:00[0m
[0;32m[1784653963.816] [3033:3035] [TS] Retaining current Last Known Good Time[0m
[0;32m[1784653963.818] [3033:3035] [FP] Metadata for Fabric 0x1 persisted to storage.[0m
[0;32m[1784653963.818] [3033:3035] [TS] Committing Last Known Good Time to storage: 2023-10-14T01:16:48[0m
[0;32m[1784653963.819] [3033:3035] [CTL] Joined the fabric at index 1. Fabric ID is 0x0000000000000001 (Compressed Fabric ID: D228CC937988B5A9)[0m
[0;32m[1784653963.824] [3033:3035] [TOO] Sending command to node 0x1[0m
[0;34m[1784653963.824] [3033:3035] [CSM] FindOrEstablishSession: PeerId = [1:0000000000000001][0m
[0;34m[1784653963.824] [3033:3035] [CSM] FindOrEstablishSession: No existing OperationalSessionSetup instance found[0m
[0;34m[1784653963.824] [3033:3035] [DIS] OperationalSessionSetup[1:0000000000000001]: State change 1 --> 2[0m
[0;32m[1784653963.825] [3033:3035] [DIS] Lookup started for D228CC937988B5A9-0000000000000001[0m
[0;32m[1784653963.825] [3033:3035] [DIS] UDP:[fe80::bfe:a203:38f0:bce7%enp0s3]:5540: new best score: 7 (for D228CC937988B5A9-0000000000000001)[0m
[0;34m[1784653963.825] [3033:3035] [DIS] Lookup clearing interface for non LL address[0m
[0;32m[1784653963.825] [3033:3035] [DIS] UDP:10.0.2.15%enp0s3:5540: new best score: 2 (for D228CC937988B5A9-0000000000000001)[0m
[0;32m[1784653963.825] [3033:3035] [DIS] Checking node lookup status for D228CC937988B5A9-0000000000000001 after 1 ms[0m
[0;32m[1784653963.825] [3033:3035] [DIS] Keeping DNSSD lookup active[0m
[0;32m[1784653963.825] [3033:3035] [DIS] UDP:[fe80::bfe:a203:38f0:bce7%enp0s3]:5540: score has not improved: 7 (for D228CC937988B5A9-0000000000000001)[0m
[0;34m[1784653963.825] [3033:3035] [DIS] Lookup clearing interface for non LL address[0m
[0;32m[1784653963.825] [3033:3035] [DIS] UDP:10.0.2.15%enp0s3:5540: score has not improved: 2 (for D228CC937988B5A9-0000000000000001)[0m
[0;32m[1784653963.825] [3033:3035] [DIS] Checking node lookup status for D228CC937988B5A9-0000000000000001 after 1 ms[0m
[0;32m[1784653963.825] [3033:3035] [DIS] Keeping DNSSD lookup active[0m
[0;32m[1784653964.025] [3033:3035] [DIS] Checking node lookup status for D228CC937988B5A9-0000000000000001 after 201 ms[0m
[0;34m[1784653964.025] [3033:3035] [DIS] OperationalSessionSetup[1:0000000000000001]: Updating device address to UDP:[fe80::bfe:a203:38f0:bce7%enp0s3]:5540 while in state 2[0m
[0;34m[1784653964.025] [3033:3035] [DIS] OperationalSessionSetup[1:0000000000000001]: State change 2 --> 3[0m
[0;34m[1784653964.025] [3033:3035] [IN] SecureSession[0x70f224009cd0]: Allocated Type:2 LSID:17653[0m
[0;32m[1784653964.025] [3033:3035] [SC] Initiating session on local FabricIndex 1 from 0x000000000001B669 -> 0x0000000000000001[0m
[0;32m[1784653964.025] [3033:3035] [EM] <<< [E:42215i S:0 M:101747851] (U) Msg TX from 65EAB6527AF6A8C7 to 0:0000000000000000 [0000] [UDP:[fe80::bfe:a203:38f0:bce7%enp0s3]:5540] --- Type 0000:30 (SecureChannel:CASE_Sigma1) (B:196)[0m
[0;32m[1784653964.025] [3033:3035] [EM] ??1 [E:42215i S:0 M:101747851] (U) Msg Retransmission to 0:0000000000000000 scheduled for 667ms from now [State:Idle II:500 AI:300 AT:4000][0m
[0;32m[1784653964.025] [3033:3035] [SC] Sent Sigma1 msg to <0000000000000001, 1> [II:500ms AI:300ms AT:4000ms][0m
[0;34m[1784653964.025] [3033:3035] [DIS] OperationalSessionSetup[1:0000000000000001]: State change 3 --> 4[0m
[0;32m[1784653964.026] [3033:3035] [EM] >>> [E:42215i S:0 M:68084507 (Ack:101747851)] (U) Msg RX from 0:0000000000000000 [0000] to 65EAB6527AF6A8C7 --- Type 0000:31 (SecureChannel:CASE_Sigma2) (B:751)[0m
[0;34m[1784653964.026] [3033:3035] [EM] Found matching exchange: 42215i, Delegate: 0x70f22400b8e8[0m
[0;34m[1784653964.026] [3033:3035] [EM] Rxd Ack; Removing MessageCounter:101747851 from Retrans Table on exchange 42215i[0m
[0;32m[1784653964.026] [3033:3035] [SC] Received Sigma2 msg[0m
[0;34m[1784653964.026] [3033:3035] [SC] Found MRP parameters in the message[0m
[0;34m[1784653964.027] [3033:3035] [SC] Peer <0000000000000001, 1> assigned session ID 56525[0m
[0;34m[1784653964.027] [3033:3035] [SC] Sending Sigma3[0m
[0;32m[1784653964.028] [3033:3035] [EM] <<< [E:42215i S:0 M:101747852 (Ack:68084507)] (U) Msg TX from 65EAB6527AF6A8C7 to 0:0000000000000000 [0000] [UDP:[fe80::bfe:a203:38f0:bce7%enp0s3]:5540] --- Type 0000:32 (SecureChannel:CASE_Sigma3) (B:598)[0m
[0;32m[1784653964.028] [3033:3035] [EM] ??1 [E:42215i S:0 M:101747852] (U) Msg Retransmission to 0:0000000000000000 scheduled for 383ms from now [State:Active II:500 AI:300 AT:4000][0m
[0;32m[1784653964.028] [3033:3035] [SC] Sent Sigma3 msg[0m
[0;32m[1784653964.036] [3033:3035] [EM] >>> [E:42215i S:0 M:68084508 (Ack:101747852)] (U) Msg RX from 0:0000000000000000 [0000] to 65EAB6527AF6A8C7 --- Type 0000:40 (SecureChannel:StatusReport) (B:34)[0m
[0;34m[1784653964.036] [3033:3035] [EM] Found matching exchange: 42215i, Delegate: 0x70f22400b8e8[0m
[0;34m[1784653964.036] [3033:3035] [EM] Rxd Ack; Removing MessageCounter:101747852 from Retrans Table on exchange 42215i[0m
[0;32m[1784653964.036] [3033:3035] [SC] Success status report received. Session was established[0m
[0;32m[1784653964.037] [3033:3035] [SC] SecureSession[0x70f224009cd0, LSID:17653]: State change 'kEstablishing' --> 'kActive'[0m
[0;34m[1784653964.037] [3033:3035] [IN] SecureSession[0x70f224009cd0]: Activated - Type:2 LSID:17653[0m
[0;34m[1784653964.037] [3033:3035] [IN] New secure session activated for device <0000000000000001, 1>, LSID:17653 PSID:56525![0m
[0;34m[1784653964.037] [3033:3035] [DIS] OperationalSessionSetup[1:0000000000000001]: State change 4 --> 5[0m
[0;32m[1784653964.037] [3033:3035] [TOO] Sending cluster (0x0000003E) command (0x00000007) on endpoint 0[0m
[0;34m[1784653964.037] [3033:3035] [DMG] ICR moving to [AddingComm][0m
[0;34m[1784653964.037] [3033:3035] [DMG] ICR moving to [AddedComma][0m
[0;32m[1784653964.037] [3033:3035] [EM] <<< [E:42216i S:17653 M:213326535] (S) Msg TX from 000000000001B669 to 1:0000000000000001 [B5A9] [UDP:[fe80::bfe:a203:38f0:bce7%enp0s3]:5540] --- Type 0001:08 (IM:InvokeCommandRequest) (B:330)[0m
[0;32m[1784653964.037] [3033:3035] [EM] ??1 [E:42216i S:17653 M:213326535] (S) Msg Retransmission to 1:0000000000000001 scheduled for 343ms from now [State:Active II:500 AI:300 AT:4000][0m
[0;34m[1784653964.037] [3033:3035] [DMG] ICR moving to [AwaitingRe][0m
[0;32m[1784653964.037] [3033:3035] [EM] <<< [E:42215i S:0 M:101747853 (Ack:68084508)] (U) Msg TX from 65EAB6527AF6A8C7 to 0:0000000000000000 [0000] [UDP:[fe80::bfe:a203:38f0:bce7%enp0s3]:5540] --- Type 0000:10 (SecureChannel:StandaloneAck) (B:26)[0m
[0;34m[1784653964.037] [3033:3035] [EM] Flushed pending ack for MessageCounter:68084508 on exchange 42215i[0m
[0;32m[1784653964.046] [3033:3035] [EM] >>> [E:42216i S:17653 M:120452627 (Ack:213326535)] (S) Msg RX from 1:0000000000000001 [B5A9] to 000000000001B669 --- Type 0001:09 (IM:InvokeCommandResponse) (B:70)[0m
[0;34m[1784653964.046] [3033:3035] [EM] Found matching exchange: 42216i, Delegate: 0x70f22400eef8[0m
[0;34m[1784653964.046] [3033:3035] [EM] Rxd Ack; Removing MessageCounter:213326535 from Retrans Table on exchange 42216i[0m
[0;34m[1784653964.046] [3033:3035] [DMG] ICR moving to [ResponseRe][0m
[0;34m[1784653964.046] [3033:3035] [DMG] InvokeResponseMessage =[0m
[0;34m[1784653964.046] [3033:3035] [DMG] {[0m
[0;34m[1784653964.046] [3033:3035] [DMG] 	suppressResponse = false, [0m
[0;34m[1784653964.046] [3033:3035] [DMG] 	InvokeResponseIBs =[0m
[0;34m[1784653964.046] [3033:3035] [DMG] 	[[0m
[0;34m[1784653964.046] [3033:3035] [DMG] 		InvokeResponseIB =[0m
[0;34m[1784653964.046] [3033:3035] [DMG] 		{[0m
[0;34m[1784653964.046] [3033:3035] [DMG] 			CommandDataIB =[0m
[0;34m[1784653964.046] [3033:3035] [DMG] 			{[0m
[0;34m[1784653964.046] [3033:3035] [DMG] 				CommandPathIB =[0m
[0;34m[1784653964.046] [3033:3035] [DMG] 				{[0m
[0;34m[1784653964.046] [3033:3035] [DMG] 					EndpointId = 0x0,[0m
[0;34m[1784653964.046] [3033:3035] [DMG] 					ClusterId = 0x3e,[0m
[0;34m[1784653964.046] [3033:3035] [DMG] 					CommandId = 0x8,[0m
[0;34m[1784653964.046] [3033:3035] [DMG] 				},[0m
[0;34m[1784653964.046] [3033:3035] [DMG] 				[0m
[0;34m[1784653964.046] [3033:3035] [DMG] 				CommandFields = [0m
[0;34m[1784653964.046] [3033:3035] [DMG] 				{[0m
[0;34m[1784653964.046] [3033:3035] [DMG] 					0x0 = 0 (unsigned), [0m
[0;34m[1784653964.046] [3033:3035] [DMG] 					0x1 = 1 (unsigned), [0m
[0;34m[1784653964.046] [3033:3035] [DMG] 				},[0m
[0;34m[1784653964.046] [3033:3035] [DMG] 			},[0m
[0;34m[1784653964.046] [3033:3035] [DMG] 			[0m
[0;34m[1784653964.046] [3033:3035] [DMG] 		},[0m
[0;34m[1784653964.046] [3033:3035] [DMG] 		[0m
[0;34m[1784653964.046] [3033:3035] [DMG] 	],[0m
[0;34m[1784653964.046] [3033:3035] [DMG] 	[0m
[0;34m[1784653964.046] [3033:3035] [DMG] 	InteractionModelRevision = 12[0m
[0;34m[1784653964.046] [3033:3035] [DMG] },[0m
[0;32m[1784653964.046] [3033:3035] [DMG] Received Command Response Data, Endpoint=0 Cluster=0x0000_003E Command=0x0000_0008[0m
[0;32m[1784653964.046] [3033:3035] [TOO] Endpoint: 0 Cluster: 0x0000_003E Command 0x0000_0008[0m
[0;32m[1784653964.046] [3033:3035] [TOO]   NOCResponse: {[0m
[0;32m[1784653964.046] [3033:3035] [TOO]     statusCode: 0[0m
[0;32m[1784653964.046] [3033:3035] [TOO]     fabricIndex: 1[0m
[0;32m[1784653964.046] [3033:3035] [TOO]    }[0m
[0;34m[1784653964.046] [3033:3035] [DMG] ICR moving to [AwaitingDe][0m
[0;32m[1784653964.046] [3033:3035] [EM] <<< [E:42216i S:17653 M:213326536 (Ack:120452627)] (S) Msg TX from 000000000001B669 to 1:0000000000000001 [B5A9] [UDP:[fe80::bfe:a203:38f0:bce7%enp0s3]:5540] --- Type 0000:10 (SecureChannel:StandaloneAck) (B:34)[0m
[0;34m[1784653964.046] [3033:3035] [EM] Flushed pending ack for MessageCounter:120452627 on exchange 42216i[0m
[0;34m[1784653964.046] [3033:3033] [CTL] Shutting down the commissioner[0m
[0;32m[1784653964.046] [3033:3033] [PAF] WiFiPAF: Closing all WiFiPAF sessions to shutdown[0m
[0;34m[1784653964.046] [3033:3033] [CTL] Shutting down the controller[0m
[0;34m[1784653964.046] [3033:3033] [IN] Expiring all sessions for fabric 0x1!![0m
[0;34m[1784653964.046] [3033:3033] [IN] SecureSession[0x70f224009cd0]: MarkForEviction Type:2 LSID:17653[0m
[0;32m[1784653964.046] [3033:3033] [SC] SecureSession[0x70f224009cd0, LSID:17653]: State change 'kActive' --> 'kPendingEviction'[0m
[0;34m[1784653964.046] [3033:3033] [IN] SecureSession[0x70f224009cd0]: Released - Type:2 LSID:17653[0m
[0;32m[1784653964.046] [3033:3033] [FP] Forgetting fabric 0x1[0m
[0;32m[1784653964.046] [3033:3033] [TS] Pending Last Known Good Time: 2023-10-14T01:16:48[0m
[0;32m[1784653964.046] [3033:3033] [TS] Previous Last Known Good Time: 2023-10-14T01:16:48[0m
[0;32m[1784653964.046] [3033:3033] [TS] Reverted Last Known Good Time to previous value[0m
[0;34m[1784653964.046] [3033:3033] [CTL] Shutting down the commissioner[0m
[0;32m[1784653964.046] [3033:3033] [PAF] WiFiPAF: Closing all WiFiPAF sessions to shutdown[0m
[0;34m[1784653964.046] [3033:3033] [CTL] Shutting down the controller[0m
[0;34m[1784653964.046] [3033:3033] [CTL] Shutting down the System State, this will teardown the CHIP Stack[0m
[0;34m[1784653964.046] [3033:3033] [DMG] All ReadHandler-s are clean, clear GlobalDirtySet[0m
[0;32m[1784653964.046] [3033:3033] [FP] Shutting down FabricTable[0m
[0;32m[1784653964.046] [3033:3033] [TS] Pending Last Known Good Time: 2023-10-14T01:16:48[0m
[0;32m[1784653964.046] [3033:3033] [TS] Previous Last Known Good Time: 2023-10-14T01:16:48[0m
[0;32m[1784653964.046] [3033:3033] [TS] Reverted Last Known Good Time to previous value[0m
[0;34m[1784653964.049] [3033:3033] [DL] Wrote settings to /tmp/chip_counters.ini[0m
[0;32m[1784653964.049] [3033:3033] [DL] NVS set: chip-counters/total-operational-hours = 0 (0x0)[0m
[0;32m[1784653964.049] [3033:3033] [DL] Inet Layer shutdown[0m
[0;32m[1784653964.049] [3033:3033] [DL] BLE Layer shutdown[0m
[0;32m[1784653964.049] [3033:3033] [DL] WiFi-PAF Layer shutdown[0m
[0;32m[1784653964.049] [3033:3033] [PAF] WiFiPAF: Closing all WiFiPAF sessions to shutdown[0m
[0;32m[1784653964.049] [3033:3033] [DL] System Layer shutdown[0m
