[0;34m[1784654265.169] [4022:4022] [DL] ChipLinuxStorage::Init: Using KVS config file: /tmp/chip_tool_kvs[0m
[1;31m[1784654265.170] [4022:4022] [DL] ChipLinuxStorage::Init: Attempt to re-initialize with KVS config file: /tmp/chip_kvs, IGNORING.[0m
[0;34m[1784654265.172] [4022:4022] [DL] ChipLinuxStorage::Init: Using KVS config file: /tmp/chip_factory.ini[0m
[0;34m[1784654265.172] [4022:4022] [DL] ChipLinuxStorage::Init: Using KVS config file: /tmp/chip_config.ini[0m
[0;34m[1784654265.172] [4022:4022] [DL] ChipLinuxStorage::Init: Using KVS config file: /tmp/chip_counters.ini[0m
[0;34m[1784654265.175] [4022:4022] [DL] Wrote settings to /tmp/chip_counters.ini[0m
[0;32m[1784654265.175] [4022:4022] [DL] NVS set: chip-counters/reboot-count = 3 (0x3)[0m
[0;32m[1784654265.175] [4022:4022] [DL] Got Ethernet interface: enp0s3[0m
[0;32m[1784654265.175] [4022:4022] [DL] Found the primary Ethernet interface:enp0s3[0m
[1;31m[1784654265.175] [4022:4022] [DL] Failed to get WiFi interface[0m
[1;31m[1784654265.175] [4022:4022] [DL] Failed to reset WiFi statistic counts[0m
[0;32m[1784654265.175] [4022:4022] [PAF] WiFiPAF: WiFiPAFLayer::Init()[0m
[0;34m[1784654265.175] [4022:4022] [IN] UDP::Init bind&listen port=0[0m
[0;34m[1784654265.175] [4022:4022] [IN] UDP::Init bound to port=54778[0m
[0;34m[1784654265.175] [4022:4022] [IN] UDP::Init bind&listen port=0[0m
[0;34m[1784654265.175] [4022:4022] [IN] UDP::Init bound to port=55306[0m
[0;34m[1784654265.175] [4022:4022] [IN] BLEBase::Init - setting/overriding transport[0m
[0;34m[1784654265.175] [4022:4022] [IN] WiFiPAFBase::Init - setting/overriding transport[0m
[0;34m[1784654265.175] [4022:4022] [IN] TransportMgr initialized[0m
[0;34m[1784654265.175] [4022:4022] [FP] Initializing FabricTable from persistent storage[0m
[0;32m[1784654265.175] [4022:4022] [TS] Last Known Good Time: 2023-10-14T01:16:48[0m
[0;32m[1784654265.175] [4022:4022] [FP] Fabric index 0x1 was retrieved from storage. Compressed FabricId 0xC2A7F22B5DECBF38, FabricId 0x0000000000000001, NodeId 0x000000000001B669, VendorId 0xFFF1[0m
[0;32m[1784654265.177] [4022:4022] [DMG] Ember attribute persistence requires setting up[0m
[0;32m[1784654265.177] [4022:4022] [ZCL] Using ZAP configuration...[0m
[0;34m[1784654265.177] [4022:4022] [CTL] System State Initialized...[0m
[0;32m[1784654265.177] [4022:4022] [CTL] Setting attestation nonce to random value[0m
[0;32m[1784654265.177] [4022:4022] [CTL] Setting CSR nonce to random value[0m
[0;34m[1784654265.177] [4022:4024] [DL] CHIP task running[0m
[0;32m[1784654265.177] [4022:4024] [CTL] Setting attestation nonce to random value[0m
[0;32m[1784654265.177] [4022:4024] [CTL] Setting CSR nonce to random value[0m
[0;32m[1784654265.178] [4022:4024] [CTL] Generating NOC[0m
[0;32m[1784654265.178] [4022:4024] [FP] Validating NOC chain[0m
[0;32m[1784654265.178] [4022:4024] [FP] NOC chain validation successful[0m
[0;32m[1784654265.178] [4022:4024] [FP] Updated fabric at index: 0x1, Node ID: 0x000000000001B669[0m
[0;32m[1784654265.178] [4022:4024] [TS] Last Known Good Time: 2023-10-14T01:16:48[0m
[0;32m[1784654265.178] [4022:4024] [TS] New proposed Last Known Good Time: 2021-01-01T00:00:00[0m
[0;32m[1784654265.178] [4022:4024] [TS] Retaining current Last Known Good Time[0m
[0;32m[1784654265.180] [4022:4024] [FP] Metadata for Fabric 0x1 persisted to storage.[0m
[0;32m[1784654265.181] [4022:4024] [TS] Committing Last Known Good Time to storage: 2023-10-14T01:16:48[0m
[0;32m[1784654265.182] [4022:4024] [CTL] Joined the fabric at index 1. Fabric ID is 0x0000000000000001 (Compressed Fabric ID: C2A7F22B5DECBF38)[0m
[0;32m[1784654265.186] [4022:4024] [TOO] Sending command to node 0x1[0m
[0;34m[1784654265.186] [4022:4024] [CSM] FindOrEstablishSession: PeerId = [1:0000000000000001][0m
[0;34m[1784654265.186] [4022:4024] [CSM] FindOrEstablishSession: No existing OperationalSessionSetup instance found[0m
[0;34m[1784654265.186] [4022:4024] [DIS] OperationalSessionSetup[1:0000000000000001]: State change 1 --> 2[0m
[0;32m[1784654265.187] [4022:4024] [DIS] Lookup started for C2A7F22B5DECBF38-0000000000000001[0m
[0;32m[1784654265.188] [4022:4024] [DIS] UDP:[fe80::bfe:a203:38f0:bce7%enp0s3]:5540: new best score: 7 (for C2A7F22B5DECBF38-0000000000000001)[0m
[0;34m[1784654265.188] [4022:4024] [DIS] Lookup clearing interface for non LL address[0m
[0;32m[1784654265.188] [4022:4024] [DIS] UDP:10.0.2.15%enp0s3:5540: new best score: 2 (for C2A7F22B5DECBF38-0000000000000001)[0m
[0;32m[1784654265.188] [4022:4024] [DIS] Checking node lookup status for C2A7F22B5DECBF38-0000000000000001 after 1 ms[0m
[0;32m[1784654265.188] [4022:4024] [DIS] Keeping DNSSD lookup active[0m
[0;32m[1784654265.188] [4022:4024] [DIS] UDP:[fe80::bfe:a203:38f0:bce7%enp0s3]:5540: score has not improved: 7 (for C2A7F22B5DECBF38-0000000000000001)[0m
[0;34m[1784654265.188] [4022:4024] [DIS] Lookup clearing interface for non LL address[0m
[0;32m[1784654265.188] [4022:4024] [DIS] UDP:10.0.2.15%enp0s3:5540: score has not improved: 2 (for C2A7F22B5DECBF38-0000000000000001)[0m
[0;32m[1784654265.188] [4022:4024] [DIS] Checking node lookup status for C2A7F22B5DECBF38-0000000000000001 after 1 ms[0m
[0;32m[1784654265.188] [4022:4024] [DIS] Keeping DNSSD lookup active[0m
[0;32m[1784654265.387] [4022:4024] [DIS] Checking node lookup status for C2A7F22B5DECBF38-0000000000000001 after 200 ms[0m
[0;34m[1784654265.387] [4022:4024] [DIS] OperationalSessionSetup[1:0000000000000001]: Updating device address to UDP:[fe80::bfe:a203:38f0:bce7%enp0s3]:5540 while in state 2[0m
[0;34m[1784654265.387] [4022:4024] [DIS] OperationalSessionSetup[1:0000000000000001]: State change 2 --> 3[0m
[0;34m[1784654265.387] [4022:4024] [IN] SecureSession[0x76d0cc009cd0]: Allocated Type:2 LSID:32305[0m
[0;32m[1784654265.387] [4022:4024] [SC] Initiating session on local FabricIndex 1 from 0x000000000001B669 -> 0x0000000000000001[0m
[0;32m[1784654265.387] [4022:4024] [EM] <<< [E:6713i S:0 M:124359877] (U) Msg TX from ED21031CA3718C2B to 0:0000000000000000 [0000] [UDP:[fe80::bfe:a203:38f0:bce7%enp0s3]:5540] --- Type 0000:30 (SecureChannel:CASE_Sigma1) (B:196)[0m
[0;32m[1784654265.388] [4022:4024] [EM] ??1 [E:6713i S:0 M:124359877] (U) Msg Retransmission to 0:0000000000000000 scheduled for 592ms from now [State:Idle II:500 AI:300 AT:4000][0m
[0;32m[1784654265.388] [4022:4024] [SC] Sent Sigma1 msg to <0000000000000001, 1> [II:500ms AI:300ms AT:4000ms][0m
[0;34m[1784654265.388] [4022:4024] [DIS] OperationalSessionSetup[1:0000000000000001]: State change 3 --> 4[0m
[0;32m[1784654265.388] [4022:4024] [EM] >>> [E:6713i S:0 M:151662421 (Ack:124359877)] (U) Msg RX from 0:0000000000000000 [0000] to ED21031CA3718C2B --- Type 0000:31 (SecureChannel:CASE_Sigma2) (B:751)[0m
[0;34m[1784654265.388] [4022:4024] [EM] Found matching exchange: 6713i, Delegate: 0x76d0cc00b8e8[0m
[0;34m[1784654265.388] [4022:4024] [EM] Rxd Ack; Removing MessageCounter:124359877 from Retrans Table on exchange 6713i[0m
[0;32m[1784654265.388] [4022:4024] [SC] Received Sigma2 msg[0m
[0;34m[1784654265.388] [4022:4024] [SC] Found MRP parameters in the message[0m
[0;34m[1784654265.389] [4022:4024] [SC] Peer <0000000000000001, 1> assigned session ID 60290[0m
[0;34m[1784654265.389] [4022:4024] [SC] Sending Sigma3[0m
[0;32m[1784654265.389] [4022:4024] [EM] <<< [E:6713i S:0 M:124359878 (Ack:151662421)] (U) Msg TX from ED21031CA3718C2B to 0:0000000000000000 [0000] [UDP:[fe80::bfe:a203:38f0:bce7%enp0s3]:5540] --- Type 0000:32 (SecureChannel:CASE_Sigma3) (B:598)[0m
[0;32m[1784654265.389] [4022:4024] [EM] ??1 [E:6713i S:0 M:124359878] (U) Msg Retransmission to 0:0000000000000000 scheduled for 360ms from now [State:Active II:500 AI:300 AT:4000][0m
[0;32m[1784654265.389] [4022:4024] [SC] Sent Sigma3 msg[0m
[0;32m[1784654265.399] [4022:4024] [EM] >>> [E:6713i S:0 M:151662422 (Ack:124359878)] (U) Msg RX from 0:0000000000000000 [0000] to ED21031CA3718C2B --- Type 0000:40 (SecureChannel:StatusReport) (B:34)[0m
[0;34m[1784654265.399] [4022:4024] [EM] Found matching exchange: 6713i, Delegate: 0x76d0cc00b8e8[0m
[0;34m[1784654265.399] [4022:4024] [EM] Rxd Ack; Removing MessageCounter:124359878 from Retrans Table on exchange 6713i[0m
[0;32m[1784654265.399] [4022:4024] [SC] Success status report received. Session was established[0m
[0;32m[1784654265.400] [4022:4024] [SC] SecureSession[0x76d0cc009cd0, LSID:32305]: State change 'kEstablishing' --> 'kActive'[0m
[0;34m[1784654265.400] [4022:4024] [IN] SecureSession[0x76d0cc009cd0]: Activated - Type:2 LSID:32305[0m
[0;34m[1784654265.400] [4022:4024] [IN] New secure session activated for device <0000000000000001, 1>, LSID:32305 PSID:60290![0m
[0;34m[1784654265.400] [4022:4024] [DIS] OperationalSessionSetup[1:0000000000000001]: State change 4 --> 5[0m
[0;32m[1784654265.400] [4022:4024] [TOO] Sending cluster (0x00000030) command (0x00000000) on endpoint 0[0m
[0;34m[1784654265.400] [4022:4024] [DMG] ICR moving to [AddingComm][0m
[0;34m[1784654265.400] [4022:4024] [DMG] ICR moving to [AddedComma][0m
[0;32m[1784654265.400] [4022:4024] [EM] <<< [E:6714i S:32305 M:127610669] (S) Msg TX from 000000000001B669 to 1:0000000000000001 [BF38] [UDP:[fe80::bfe:a203:38f0:bce7%enp0s3]:5540] --- Type 0001:08 (IM:InvokeCommandRequest) (B:65)[0m
[0;32m[1784654265.400] [4022:4024] [EM] ??1 [E:6714i S:32305 M:127610669] (S) Msg Retransmission to 1:0000000000000001 scheduled for 336ms from now [State:Active II:500 AI:300 AT:4000][0m
[0;34m[1784654265.400] [4022:4024] [DMG] ICR moving to [AwaitingRe][0m
[0;32m[1784654265.400] [4022:4024] [EM] <<< [E:6713i S:0 M:124359879 (Ack:151662422)] (U) Msg TX from ED21031CA3718C2B to 0:0000000000000000 [0000] [UDP:[fe80::bfe:a203:38f0:bce7%enp0s3]:5540] --- Type 0000:10 (SecureChannel:StandaloneAck) (B:26)[0m
[0;34m[1784654265.400] [4022:4024] [EM] Flushed pending ack for MessageCounter:151662422 on exchange 6713i[0m
[0;32m[1784654265.400] [4022:4024] [EM] >>> [E:6714i S:32305 M:16927909 (Ack:127610669)] (S) Msg RX from 1:0000000000000001 [BF38] to 000000000001B669 --- Type 0001:09 (IM:InvokeCommandResponse) (B:70)[0m
[0;34m[1784654265.400] [4022:4024] [EM] Found matching exchange: 6714i, Delegate: 0x76d0cc00eef8[0m
[0;34m[1784654265.400] [4022:4024] [EM] Rxd Ack; Removing MessageCounter:127610669 from Retrans Table on exchange 6714i[0m
[0;34m[1784654265.400] [4022:4024] [DMG] ICR moving to [ResponseRe][0m
[0;34m[1784654265.400] [4022:4024] [DMG] InvokeResponseMessage =[0m
[0;34m[1784654265.400] [4022:4024] [DMG] {[0m
[0;34m[1784654265.400] [4022:4024] [DMG] 	suppressResponse = false, [0m
[0;34m[1784654265.400] [4022:4024] [DMG] 	InvokeResponseIBs =[0m
[0;34m[1784654265.400] [4022:4024] [DMG] 	[[0m
[0;34m[1784654265.400] [4022:4024] [DMG] 		InvokeResponseIB =[0m
[0;34m[1784654265.400] [4022:4024] [DMG] 		{[0m
[0;34m[1784654265.400] [4022:4024] [DMG] 			CommandDataIB =[0m
[0;34m[1784654265.400] [4022:4024] [DMG] 			{[0m
[0;34m[1784654265.400] [4022:4024] [DMG] 				CommandPathIB =[0m
[0;34m[1784654265.400] [4022:4024] [DMG] 				{[0m
[0;34m[1784654265.400] [4022:4024] [DMG] 					EndpointId = 0x0,[0m
[0;34m[1784654265.400] [4022:4024] [DMG] 					ClusterId = 0x30,[0m
[0;34m[1784654265.400] [4022:4024] [DMG] 					CommandId = 0x1,[0m
[0;34m[1784654265.400] [4022:4024] [DMG] 				},[0m
[0;34m[1784654265.400] [4022:4024] [DMG] 				[0m
[0;34m[1784654265.400] [4022:4024] [DMG] 				CommandFields = [0m
[0;34m[1784654265.400] [4022:4024] [DMG] 				{[0m
[0;34m[1784654265.400] [4022:4024] [DMG] 					0x0 = 0 (unsigned), [0m
[0;34m[1784654265.400] [4022:4024] [DMG] 					0x1 = "" (0 chars), [0m
[0;34m[1784654265.400] [4022:4024] [DMG] 				},[0m
[0;34m[1784654265.400] [4022:4024] [DMG] 			},[0m
[0;34m[1784654265.400] [4022:4024] [DMG] 			[0m
[0;34m[1784654265.400] [4022:4024] [DMG] 		},[0m
[0;34m[1784654265.400] [4022:4024] [DMG] 		[0m
[0;34m[1784654265.400] [4022:4024] [DMG] 	],[0m
[0;34m[1784654265.400] [4022:4024] [DMG] 	[0m
[0;34m[1784654265.400] [4022:4024] [DMG] 	InteractionModelRevision = 12[0m
[0;34m[1784654265.400] [4022:4024] [DMG] },[0m
[0;32m[1784654265.400] [4022:4024] [DMG] Received Command Response Data, Endpoint=0 Cluster=0x0000_0030 Command=0x0000_0001[0m
[0;32m[1784654265.400] [4022:4024] [TOO] Endpoint: 0 Cluster: 0x0000_0030 Command 0x0000_0001[0m
[0;32m[1784654265.400] [4022:4024] [TOO]   ArmFailSafeResponse: {[0m
[0;32m[1784654265.400] [4022:4024] [TOO]     errorCode: 0[0m
[0;32m[1784654265.400] [4022:4024] [TOO]     debugText: [0m
[0;32m[1784654265.400] [4022:4024] [TOO]    }[0m
[0;34m[1784654265.400] [4022:4024] [DMG] ICR moving to [AwaitingDe][0m
[0;32m[1784654265.400] [4022:4024] [EM] <<< [E:6714i S:32305 M:127610670 (Ack:16927909)] (S) Msg TX from 000000000001B669 to 1:0000000000000001 [BF38] [UDP:[fe80::bfe:a203:38f0:bce7%enp0s3]:5540] --- Type 0000:10 (SecureChannel:StandaloneAck) (B:34)[0m
[0;34m[1784654265.400] [4022:4024] [EM] Flushed pending ack for MessageCounter:16927909 on exchange 6714i[0m
[0;34m[1784654265.400] [4022:4022] [CTL] Shutting down the commissioner[0m
[0;32m[1784654265.400] [4022:4022] [PAF] WiFiPAF: Closing all WiFiPAF sessions to shutdown[0m
[0;34m[1784654265.400] [4022:4022] [CTL] Shutting down the controller[0m
[0;34m[1784654265.400] [4022:4022] [IN] Expiring all sessions for fabric 0x1!![0m
[0;34m[1784654265.400] [4022:4022] [IN] SecureSession[0x76d0cc009cd0]: MarkForEviction Type:2 LSID:32305[0m
[0;32m[1784654265.400] [4022:4022] [SC] SecureSession[0x76d0cc009cd0, LSID:32305]: State change 'kActive' --> 'kPendingEviction'[0m
[0;34m[1784654265.400] [4022:4022] [IN] SecureSession[0x76d0cc009cd0]: Released - Type:2 LSID:32305[0m
[0;32m[1784654265.400] [4022:4022] [FP] Forgetting fabric 0x1[0m
[0;32m[1784654265.400] [4022:4022] [TS] Pending Last Known Good Time: 2023-10-14T01:16:48[0m
[0;32m[1784654265.400] [4022:4022] [TS] Previous Last Known Good Time: 2023-10-14T01:16:48[0m
[0;32m[1784654265.400] [4022:4022] [TS] Reverted Last Known Good Time to previous value[0m
[0;34m[1784654265.400] [4022:4022] [CTL] Shutting down the commissioner[0m
[0;32m[1784654265.400] [4022:4022] [PAF] WiFiPAF: Closing all WiFiPAF sessions to shutdown[0m
[0;34m[1784654265.400] [4022:4022] [CTL] Shutting down the controller[0m
[0;34m[1784654265.400] [4022:4022] [CTL] Shutting down the System State, this will teardown the CHIP Stack[0m
[0;34m[1784654265.401] [4022:4022] [DMG] All ReadHandler-s are clean, clear GlobalDirtySet[0m
[0;32m[1784654265.401] [4022:4022] [FP] Shutting down FabricTable[0m
[0;32m[1784654265.401] [4022:4022] [TS] Pending Last Known Good Time: 2023-10-14T01:16:48[0m
[0;32m[1784654265.401] [4022:4022] [TS] Previous Last Known Good Time: 2023-10-14T01:16:48[0m
[0;32m[1784654265.401] [4022:4022] [TS] Reverted Last Known Good Time to previous value[0m
[0;34m[1784654265.403] [4022:4022] [DL] Wrote settings to /tmp/chip_counters.ini[0m
[0;32m[1784654265.403] [4022:4022] [DL] NVS set: chip-counters/total-operational-hours = 0 (0x0)[0m
[0;32m[1784654265.403] [4022:4022] [DL] Inet Layer shutdown[0m
[0;32m[1784654265.403] [4022:4022] [DL] BLE Layer shutdown[0m
[0;32m[1784654265.403] [4022:4022] [DL] WiFi-PAF Layer shutdown[0m
[0;32m[1784654265.403] [4022:4022] [PAF] WiFiPAF: Closing all WiFiPAF sessions to shutdown[0m
[0;32m[1784654265.403] [4022:4022] [DL] System Layer shutdown[0m
