[0;34m[1784654265.452] [4026:4026] [DL] ChipLinuxStorage::Init: Using KVS config file: /tmp/chip_tool_kvs[0m
[1;31m[1784654265.453] [4026:4026] [DL] ChipLinuxStorage::Init: Attempt to re-initialize with KVS config file: /tmp/chip_kvs, IGNORING.[0m
[0;34m[1784654265.454] [4026:4026] [DL] ChipLinuxStorage::Init: Using KVS config file: /tmp/chip_factory.ini[0m
[0;34m[1784654265.454] [4026:4026] [DL] ChipLinuxStorage::Init: Using KVS config file: /tmp/chip_config.ini[0m
[0;34m[1784654265.454] [4026:4026] [DL] ChipLinuxStorage::Init: Using KVS config file: /tmp/chip_counters.ini[0m
[0;34m[1784654265.458] [4026:4026] [DL] Wrote settings to /tmp/chip_counters.ini[0m
[0;32m[1784654265.458] [4026:4026] [DL] NVS set: chip-counters/reboot-count = 4 (0x4)[0m
[0;32m[1784654265.458] [4026:4026] [DL] Got Ethernet interface: enp0s3[0m
[0;32m[1784654265.458] [4026:4026] [DL] Found the primary Ethernet interface:enp0s3[0m
[1;31m[1784654265.459] [4026:4026] [DL] Failed to get WiFi interface[0m
[1;31m[1784654265.459] [4026:4026] [DL] Failed to reset WiFi statistic counts[0m
[0;32m[1784654265.459] [4026:4026] [PAF] WiFiPAF: WiFiPAFLayer::Init()[0m
[0;34m[1784654265.459] [4026:4026] [IN] UDP::Init bind&listen port=0[0m
[0;34m[1784654265.459] [4026:4026] [IN] UDP::Init bound to port=43203[0m
[0;34m[1784654265.459] [4026:4026] [IN] UDP::Init bind&listen port=0[0m
[0;34m[1784654265.459] [4026:4026] [IN] UDP::Init bound to port=39412[0m
[0;34m[1784654265.459] [4026:4026] [IN] BLEBase::Init - setting/overriding transport[0m
[0;34m[1784654265.459] [4026:4026] [IN] WiFiPAFBase::Init - setting/overriding transport[0m
[0;34m[1784654265.459] [4026:4026] [IN] TransportMgr initialized[0m
[0;34m[1784654265.459] [4026:4026] [FP] Initializing FabricTable from persistent storage[0m
[0;32m[1784654265.459] [4026:4026] [TS] Last Known Good Time: 2023-10-14T01:16:48[0m
[0;32m[1784654265.459] [4026:4026] [FP] Fabric index 0x1 was retrieved from storage. Compressed FabricId 0xC2A7F22B5DECBF38, FabricId 0x0000000000000001, NodeId 0x000000000001B669, VendorId 0xFFF1[0m
[0;32m[1784654265.460] [4026:4026] [DMG] Ember attribute persistence requires setting up[0m
[0;32m[1784654265.460] [4026:4026] [ZCL] Using ZAP configuration...[0m
[0;34m[1784654265.460] [4026:4026] [CTL] System State Initialized...[0m
[0;32m[1784654265.460] [4026:4026] [CTL] Setting attestation nonce to random value[0m
[0;32m[1784654265.460] [4026:4026] [CTL] Setting CSR nonce to random value[0m
[0;34m[1784654265.460] [4026:4028] [DL] CHIP task running[0m
[0;32m[1784654265.461] [4026:4028] [CTL] Setting attestation nonce to random value[0m
[0;32m[1784654265.461] [4026:4028] [CTL] Setting CSR nonce to random value[0m
[0;32m[1784654265.461] [4026:4028] [CTL] Generating NOC[0m
[0;32m[1784654265.461] [4026:4028] [FP] Validating NOC chain[0m
[0;32m[1784654265.461] [4026:4028] [FP] NOC chain validation successful[0m
[0;32m[1784654265.461] [4026:4028] [FP] Updated fabric at index: 0x1, Node ID: 0x000000000001B669[0m
[0;32m[1784654265.461] [4026:4028] [TS] Last Known Good Time: 2023-10-14T01:16:48[0m
[0;32m[1784654265.461] [4026:4028] [TS] New proposed Last Known Good Time: 2021-01-01T00:00:00[0m
[0;32m[1784654265.461] [4026:4028] [TS] Retaining current Last Known Good Time[0m
[0;32m[1784654265.464] [4026:4028] [FP] Metadata for Fabric 0x1 persisted to storage.[0m
[0;32m[1784654265.464] [4026:4028] [TS] Committing Last Known Good Time to storage: 2023-10-14T01:16:48[0m
[0;32m[1784654265.465] [4026:4028] [CTL] Joined the fabric at index 1. Fabric ID is 0x0000000000000001 (Compressed Fabric ID: C2A7F22B5DECBF38)[0m
[0;32m[1784654265.471] [4026:4028] [TOO] Sending command to node 0x1[0m
[0;34m[1784654265.471] [4026:4028] [CSM] FindOrEstablishSession: PeerId = [1:0000000000000001][0m
[0;34m[1784654265.471] [4026:4028] [CSM] FindOrEstablishSession: No existing OperationalSessionSetup instance found[0m
[0;34m[1784654265.471] [4026:4028] [DIS] OperationalSessionSetup[1:0000000000000001]: State change 1 --> 2[0m
[0;32m[1784654265.472] [4026:4028] [DIS] Lookup started for C2A7F22B5DECBF38-0000000000000001[0m
[0;32m[1784654265.472] [4026:4028] [DIS] UDP:[fe80::bfe:a203:38f0:bce7%enp0s3]:5540: new best score: 7 (for C2A7F22B5DECBF38-0000000000000001)[0m
[0;34m[1784654265.472] [4026:4028] [DIS] Lookup clearing interface for non LL address[0m
[0;32m[1784654265.472] [4026:4028] [DIS] UDP:10.0.2.15%enp0s3:5540: new best score: 2 (for C2A7F22B5DECBF38-0000000000000001)[0m
[0;32m[1784654265.472] [4026:4028] [DIS] Checking node lookup status for C2A7F22B5DECBF38-0000000000000001 after 0 ms[0m
[0;32m[1784654265.472] [4026:4028] [DIS] Keeping DNSSD lookup active[0m
[0;32m[1784654265.472] [4026:4028] [DIS] UDP:[fe80::bfe:a203:38f0:bce7%enp0s3]:5540: score has not improved: 7 (for C2A7F22B5DECBF38-0000000000000001)[0m
[0;34m[1784654265.472] [4026:4028] [DIS] Lookup clearing interface for non LL address[0m
[0;32m[1784654265.472] [4026:4028] [DIS] UDP:10.0.2.15%enp0s3:5540: score has not improved: 2 (for C2A7F22B5DECBF38-0000000000000001)[0m
[0;32m[1784654265.472] [4026:4028] [DIS] Checking node lookup status for C2A7F22B5DECBF38-0000000000000001 after 0 ms[0m
[0;32m[1784654265.472] [4026:4028] [DIS] Keeping DNSSD lookup active[0m
[0;32m[1784654265.672] [4026:4028] [DIS] Checking node lookup status for C2A7F22B5DECBF38-0000000000000001 after 201 ms[0m
[0;34m[1784654265.673] [4026:4028] [DIS] OperationalSessionSetup[1:0000000000000001]: Updating device address to UDP:[fe80::bfe:a203:38f0:bce7%enp0s3]:5540 while in state 2[0m
[0;34m[1784654265.673] [4026:4028] [DIS] OperationalSessionSetup[1:0000000000000001]: State change 2 --> 3[0m
[0;34m[1784654265.673] [4026:4028] [IN] SecureSession[0x79d974009cd0]: Allocated Type:2 LSID:33557[0m
[0;32m[1784654265.673] [4026:4028] [SC] Initiating session on local FabricIndex 1 from 0x000000000001B669 -> 0x0000000000000001[0m
[0;32m[1784654265.673] [4026:4028] [EM] <<< [E:21706i S:0 M:42255589] (U) Msg TX from 7FE33B3827377AA4 to 0:0000000000000000 [0000] [UDP:[fe80::bfe:a203:38f0:bce7%enp0s3]:5540] --- Type 0000:30 (SecureChannel:CASE_Sigma1) (B:196)[0m
[0;32m[1784654265.673] [4026:4028] [EM] ??1 [E:21706i S:0 M:42255589] (U) Msg Retransmission to 0:0000000000000000 scheduled for 685ms from now [State:Idle II:500 AI:300 AT:4000][0m
[0;32m[1784654265.673] [4026:4028] [SC] Sent Sigma1 msg to <0000000000000001, 1> [II:500ms AI:300ms AT:4000ms][0m
[0;34m[1784654265.673] [4026:4028] [DIS] OperationalSessionSetup[1:0000000000000001]: State change 3 --> 4[0m
[0;32m[1784654265.674] [4026:4028] [EM] >>> [E:21706i S:0 M:151662423 (Ack:42255589)] (U) Msg RX from 0:0000000000000000 [0000] to 7FE33B3827377AA4 --- Type 0000:31 (SecureChannel:CASE_Sigma2) (B:751)[0m
[0;34m[1784654265.674] [4026:4028] [EM] Found matching exchange: 21706i, Delegate: 0x79d97400b8e8[0m
[0;34m[1784654265.674] [4026:4028] [EM] Rxd Ack; Removing MessageCounter:42255589 from Retrans Table on exchange 21706i[0m
[0;32m[1784654265.674] [4026:4028] [SC] Received Sigma2 msg[0m
[0;34m[1784654265.674] [4026:4028] [SC] Found MRP parameters in the message[0m
[0;34m[1784654265.675] [4026:4028] [SC] Peer <0000000000000001, 1> assigned session ID 60291[0m
[0;34m[1784654265.675] [4026:4028] [SC] Sending Sigma3[0m
[0;32m[1784654265.675] [4026:4028] [EM] <<< [E:21706i S:0 M:42255590 (Ack:151662423)] (U) Msg TX from 7FE33B3827377AA4 to 0:0000000000000000 [0000] [UDP:[fe80::bfe:a203:38f0:bce7%enp0s3]:5540] --- Type 0000:32 (SecureChannel:CASE_Sigma3) (B:598)[0m
[0;32m[1784654265.675] [4026:4028] [EM] ??1 [E:21706i S:0 M:42255590] (U) Msg Retransmission to 0:0000000000000000 scheduled for 345ms from now [State:Active II:500 AI:300 AT:4000][0m
[0;32m[1784654265.675] [4026:4028] [SC] Sent Sigma3 msg[0m
[0;32m[1784654265.685] [4026:4028] [EM] >>> [E:21706i S:0 M:151662424 (Ack:42255590)] (U) Msg RX from 0:0000000000000000 [0000] to 7FE33B3827377AA4 --- Type 0000:40 (SecureChannel:StatusReport) (B:34)[0m
[0;34m[1784654265.685] [4026:4028] [EM] Found matching exchange: 21706i, Delegate: 0x79d97400b8e8[0m
[0;34m[1784654265.685] [4026:4028] [EM] Rxd Ack; Removing MessageCounter:42255590 from Retrans Table on exchange 21706i[0m
[0;32m[1784654265.685] [4026:4028] [SC] Success status report received. Session was established[0m
[0;32m[1784654265.686] [4026:4028] [SC] SecureSession[0x79d974009cd0, LSID:33557]: State change 'kEstablishing' --> 'kActive'[0m
[0;34m[1784654265.686] [4026:4028] [IN] SecureSession[0x79d974009cd0]: Activated - Type:2 LSID:33557[0m
[0;34m[1784654265.686] [4026:4028] [IN] New secure session activated for device <0000000000000001, 1>, LSID:33557 PSID:60291![0m
[0;34m[1784654265.686] [4026:4028] [DIS] OperationalSessionSetup[1:0000000000000001]: State change 4 --> 5[0m
[0;32m[1784654265.686] [4026:4028] [TOO] Sending cluster (0x0000003E) command (0x00000004) on endpoint 0[0m
[0;34m[1784654265.686] [4026:4028] [DMG] ICR moving to [AddingComm][0m
[0;34m[1784654265.686] [4026:4028] [DMG] ICR moving to [AddedComma][0m
[0;32m[1784654265.686] [4026:4028] [EM] <<< [E:21707i S:33557 M:75859931] (S) Msg TX from 000000000001B669 to 1:0000000000000001 [BF38] [UDP:[fe80::bfe:a203:38f0:bce7%enp0s3]:5540] --- Type 0001:08 (IM:InvokeCommandRequest) (B:96)[0m
[0;32m[1784654265.687] [4026:4028] [EM] ??1 [E:21707i S:33557 M:75859931] (S) Msg Retransmission to 1:0000000000000001 scheduled for 397ms from now [State:Active II:500 AI:300 AT:4000][0m
[0;34m[1784654265.687] [4026:4028] [DMG] ICR moving to [AwaitingRe][0m
[0;32m[1784654265.687] [4026:4028] [EM] <<< [E:21706i S:0 M:42255591 (Ack:151662424)] (U) Msg TX from 7FE33B3827377AA4 to 0:0000000000000000 [0000] [UDP:[fe80::bfe:a203:38f0:bce7%enp0s3]:5540] --- Type 0000:10 (SecureChannel:StandaloneAck) (B:26)[0m
[0;34m[1784654265.687] [4026:4028] [EM] Flushed pending ack for MessageCounter:151662424 on exchange 21706i[0m
[0;32m[1784654265.687] [4026:4028] [EM] >>> [E:21707i S:33557 M:241859980 (Ack:75859931)] (S) Msg RX from 1:0000000000000001 [BF38] to 000000000001B669 --- Type 0001:09 (IM:InvokeCommandResponse) (B:377)[0m
[0;34m[1784654265.687] [4026:4028] [EM] Found matching exchange: 21707i, Delegate: 0x79d97400eef8[0m
[0;34m[1784654265.687] [4026:4028] [EM] Rxd Ack; Removing MessageCounter:75859931 from Retrans Table on exchange 21707i[0m
[0;34m[1784654265.687] [4026:4028] [DMG] ICR moving to [ResponseRe][0m
[0;34m[1784654265.687] [4026:4028] [DMG] InvokeResponseMessage =[0m
[0;34m[1784654265.687] [4026:4028] [DMG] {[0m
[0;34m[1784654265.687] [4026:4028] [DMG] 	suppressResponse = false, [0m
[0;34m[1784654265.687] [4026:4028] [DMG] 	InvokeResponseIBs =[0m
[0;34m[1784654265.687] [4026:4028] [DMG] 	[[0m
[0;34m[1784654265.687] [4026:4028] [DMG] 		InvokeResponseIB =[0m
[0;34m[1784654265.687] [4026:4028] [DMG] 		{[0m
[0;34m[1784654265.687] [4026:4028] [DMG] 			CommandDataIB =[0m
[0;34m[1784654265.687] [4026:4028] [DMG] 			{[0m
[0;34m[1784654265.687] [4026:4028] [DMG] 				CommandPathIB =[0m
[0;34m[1784654265.687] [4026:4028] [DMG] 				{[0m
[0;34m[1784654265.687] [4026:4028] [DMG] 					EndpointId = 0x0,[0m
[0;34m[1784654265.687] [4026:4028] [DMG] 					ClusterId = 0x3e,[0m
[0;34m[1784654265.687] [4026:4028] [DMG] 					CommandId = 0x5,[0m
[0;34m[1784654265.687] [4026:4028] [DMG] 				},[0m
[0;34m[1784654265.687] [4026:4028] [DMG] 				[0m
[0;34m[1784654265.687] [4026:4028] [DMG] 				CommandFields = [0m
[0;34m[1784654265.687] [4026:4028] [DMG] 				{[0m
[0;34m[1784654265.687] [4026:4028] [DMG] 					0x0 = [[0m
[0;34m[1784654265.687] [4026:4028] [DMG] 							0x15, 0x30, 0x01, 0xcb, 0x30, 0x81, 0xc8, 0x30, 0x70, 0x02, 0x01, 0x00, 0x30, 0x0e, 0x31, 0x0c, 0x30, 0x0a, 0x06, 0x03, 0x55, 0x04, 0x0a, 0x0c, 0x03, 0x43, 0x53, 0x52, 0x30, 0x59, 0x30, 0x13, 0x06, 0x07, 0x2a, 0x86, 0x48, 0xce, 0x3d, 0x02, 0x01, 0x06, 0x08, 0x2a, 0x86, 0x48, 0xce, 0x3d, 0x03, 0x01, 0x07, 0x03, 0x42, 0x00, 0x04, 0xd4, 0x3e, 0xae, 0x4b, 0xe3, 0x4e, 0xa9, 0x2d, 0x7e, 0xea, 0x67, 0x6b, 0xd0, 0x13, 0xba, 0xc7, 0x65, 0x4b, 0xf9, 0xf2, 0x07, 0x85, 0x7b, 0x8b, 0x26, 0x38, 0xc9, 0x42, 0xd0, 0x90, 0x83, 0x2c, 0x92, 0x14, 0x59, 0x63, 0x49, 0xee, 0x33, 0xe5, 0x84, 0x50, 0x14, 0xd2, 0x38, 0x59, 0xe9, 0xda, 0x12, 0x5a, 0x86, 0x43, 0x0f, 0xa3, 0x83, 0xc6, 0x4c, 0x7d, 0x6e, 0xd3, 0xb8, 0xf0, 0x61, 0x6d, 0xa0, 0x00, 0x30, 0x0a, 0x06, 0x08, 0x2a, 0x86, 0x48, 0xce, 0x3d, 0x04, 0x03, 0x02, 0x03, 0x48, 0x00, 0x30, 0x45, 0x02, 0x21, 0x00, 0xd1, 0x50, 0xda, 0x05, 0x68, 0x46, 0x44, 0x1d, 0x83, 0x9e, 0xe7, 0x57, 0x3b, 0xb4, 0xd2, 0xc8, 0xcf, 0x7a, 0xc2, 0xdf, 0xef, 0x89, 0x45, 0x51, 0x8c, 0xfb, 0x6d, 0xe1, 0xe4, 0x1b, 0xe6, 0x87, 0x02, 0x20, 0x3d, 0x90, 0x9a, 0x1d, 0x29, 0x81, 0x94, 0x4c, 0x93, 0x61, 0x44, 0x17, 0x15, 0xb0, 0x66, 0xbb, 0xdd, 0x90, 0xb8, 0x58, 0x62, 0x47, 0xc9, 0xd7, 0xcd, 0xb0, 0xf0, 0x97, 0x36, 0x06, 0x22, 0x95, 0x30, 0x02, 0x20, 0xc7, 0x6d, 0xfb, 0x34, 0x8b, 0x28, 0x77, 0x52, 0x74, 0xeb, 0x2a, 0xb8, 0x72, 0x82, 0x6b, 0x5c, 0x19, 0x6d, 0xaa, 0x80, 0xf1, 0xed, 0x92, 0x9c, 0x32, 0xa2, 0x83, 0x97, 0x50, 0x55, 0xcc, 0xf2, 0x18, [0m
[0;34m[1784654265.687] [4026:4028] [DMG] 					] (243 bytes)[0m
[0;34m[1784654265.687] [4026:4028] [DMG] 					0x1 = [[0m
[0;34m[1784654265.687] [4026:4028] [DMG] 							0xb5, 0x02, 0x56, 0x5d, 0x1d, 0x4a, 0x5b, 0x3f, 0xd6, 0xfd, 0xab, 0x03, 0xa7, 0x73, 0xe6, 0xc0, 0x12, 0x0a, 0xab, 0xbd, 0x63, 0xb6, 0xcf, 0x3d, 0x19, 0x79, 0xb6, 0x1c, 0x8e, 0xe4, 0xe9, 0x3a, 0x8b, 0x2b, 0x22, 0x7a, 0x50, 0x06, 0x9c, 0xd9, 0xbc, 0x28, 0xc2, 0x5f, 0xf8, 0x20, 0x96, 0xe0, 0x98, 0xbc, 0xd6, 0xff, 0xc7, 0x3e, 0x79, 0x7a, 0x50, 0x3c, 0xe6, 0x5f, 0xf2, 0x89, 0x9e, 0xbe, [0m
[0;34m[1784654265.687] [4026:4028] [DMG] 					] (64 bytes)[0m
[0;34m[1784654265.687] [4026:4028] [DMG] 				},[0m
[0;34m[1784654265.687] [4026:4028] [DMG] 			},[0m
[0;34m[1784654265.687] [4026:4028] [DMG] 			[0m
[0;34m[1784654265.687] [4026:4028] [DMG] 		},[0m
[0;34m[1784654265.687] [4026:4028] [DMG] 		[0m
[0;34m[1784654265.687] [4026:4028] [DMG] 	],[0m
[0;34m[1784654265.687] [4026:4028] [DMG] 	[0m
[0;34m[1784654265.687] [4026:4028] [DMG] 	InteractionModelRevision = 12[0m
[0;34m[1784654265.687] [4026:4028] [DMG] },[0m
[0;32m[1784654265.687] [4026:4028] [DMG] Received Command Response Data, Endpoint=0 Cluster=0x0000_003E Command=0x0000_0005[0m
[0;32m[1784654265.687] [4026:4028] [TOO] Endpoint: 0 Cluster: 0x0000_003E Command 0x0000_0005[0m
[0;32m[1784654265.687] [4026:4028] [TOO]   CSRResponse: {[0m
[0;32m[1784654265.687] [4026:4028] [TOO]     NOCSRElements: 153001CB3081C83070020100300E310C300A060355040A0C034353523059301306072A8648CE3D020106082A8648CE3D03010703420004D43EAE4BE34EA92D7EEA676BD013BAC7654BF9F207857B8B2638C942D090832C9214596349EE33E5845014D23859E9DA125A86430FA383C64C7D6ED3B8F0616DA000300A06082A8648CE3D0403020348003045022100D150DA056846441D839EE7573BB4D2C8CF7AC2DFEF8945518CFB6DE1E41BE68702203D909A1D2981944C9361441715B066BBDD90B8586247C9D7CDB0F09736062295300220C76DFB348B28775274EB2AB872826B5C196DAA80F1ED929C32A283975055CCF218[0m
[0;32m[1784654265.687] [4026:4028] [TOO]     attestationSignature: B502565D1D4A5B3FD6FDAB03A773E6C0120AABBD63B6CF3D1979B61C8EE4E93A8B2B227A50069CD9BC28C25FF82096E098BCD6FFC73E797A503CE65FF2899EBE[0m
[0;32m[1784654265.687] [4026:4028] [TOO]    }[0m
[0;34m[1784654265.687] [4026:4028] [DMG] ICR moving to [AwaitingDe][0m
[0;32m[1784654265.687] [4026:4028] [EM] <<< [E:21707i S:33557 M:75859932 (Ack:241859980)] (S) Msg TX from 000000000001B669 to 1:0000000000000001 [BF38] [UDP:[fe80::bfe:a203:38f0:bce7%enp0s3]:5540] --- Type 0000:10 (SecureChannel:StandaloneAck) (B:34)[0m
[0;34m[1784654265.688] [4026:4028] [EM] Flushed pending ack for MessageCounter:241859980 on exchange 21707i[0m
[0;34m[1784654265.688] [4026:4026] [CTL] Shutting down the commissioner[0m
[0;32m[1784654265.688] [4026:4026] [PAF] WiFiPAF: Closing all WiFiPAF sessions to shutdown[0m
[0;34m[1784654265.688] [4026:4026] [CTL] Shutting down the controller[0m
[0;34m[1784654265.688] [4026:4026] [IN] Expiring all sessions for fabric 0x1!![0m
[0;34m[1784654265.688] [4026:4026] [IN] SecureSession[0x79d974009cd0]: MarkForEviction Type:2 LSID:33557[0m
[0;32m[1784654265.688] [4026:4026] [SC] SecureSession[0x79d974009cd0, LSID:33557]: State change 'kActive' --> 'kPendingEviction'[0m
[0;34m[1784654265.688] [4026:4026] [IN] SecureSession[0x79d974009cd0]: Released - Type:2 LSID:33557[0m
[0;32m[1784654265.688] [4026:4026] [FP] Forgetting fabric 0x1[0m
[0;32m[1784654265.688] [4026:4026] [TS] Pending Last Known Good Time: 2023-10-14T01:16:48[0m
[0;32m[1784654265.688] [4026:4026] [TS] Previous Last Known Good Time: 2023-10-14T01:16:48[0m
[0;32m[1784654265.688] [4026:4026] [TS] Reverted Last Known Good Time to previous value[0m
[0;34m[1784654265.688] [4026:4026] [CTL] Shutting down the commissioner[0m
[0;32m[1784654265.688] [4026:4026] [PAF] WiFiPAF: Closing all WiFiPAF sessions to shutdown[0m
[0;34m[1784654265.688] [4026:4026] [CTL] Shutting down the controller[0m
[0;34m[1784654265.688] [4026:4026] [CTL] Shutting down the System State, this will teardown the CHIP Stack[0m
[0;34m[1784654265.688] [4026:4026] [DMG] All ReadHandler-s are clean, clear GlobalDirtySet[0m
[0;32m[1784654265.688] [4026:4026] [FP] Shutting down FabricTable[0m
[0;32m[1784654265.688] [4026:4026] [TS] Pending Last Known Good Time: 2023-10-14T01:16:48[0m
[0;32m[1784654265.688] [4026:4026] [TS] Previous Last Known Good Time: 2023-10-14T01:16:48[0m
[0;32m[1784654265.688] [4026:4026] [TS] Reverted Last Known Good Time to previous value[0m
[0;34m[1784654265.690] [4026:4026] [DL] Wrote settings to /tmp/chip_counters.ini[0m
[0;32m[1784654265.690] [4026:4026] [DL] NVS set: chip-counters/total-operational-hours = 0 (0x0)[0m
[0;32m[1784654265.690] [4026:4026] [DL] Inet Layer shutdown[0m
[0;32m[1784654265.690] [4026:4026] [DL] BLE Layer shutdown[0m
[0;32m[1784654265.690] [4026:4026] [DL] WiFi-PAF Layer shutdown[0m
[0;32m[1784654265.690] [4026:4026] [PAF] WiFiPAF: Closing all WiFiPAF sessions to shutdown[0m
[0;32m[1784654265.690] [4026:4026] [DL] System Layer shutdown[0m
