[0;34m[2524608000.139] [16811:16811] [DL] ChipLinuxStorage::Init: Using KVS config file: /tmp/chip_tool_kvs[0m
[1;31m[2524608000.140] [16811:16811] [DL] ChipLinuxStorage::Init: Attempt to re-initialize with KVS config file: /tmp/chip_kvs, IGNORING.[0m
[0;34m[2524608000.141] [16811:16811] [DL] ChipLinuxStorage::Init: Using KVS config file: /tmp/chip_factory.ini[0m
[0;34m[2524608000.141] [16811:16811] [DL] ChipLinuxStorage::Init: Using KVS config file: /tmp/chip_config.ini[0m
[0;34m[2524608000.142] [16811:16811] [DL] ChipLinuxStorage::Init: Using KVS config file: /tmp/chip_counters.ini[0m
[0;34m[2524608000.144] [16811:16811] [DL] Wrote settings to /tmp/chip_counters.ini[0m
[0;32m[2524608000.144] [16811:16811] [DL] NVS set: chip-counters/reboot-count = 4 (0x4)[0m
[0;32m[2524608000.145] [16811:16811] [DL] Got Ethernet interface: enp0s3[0m
[0;32m[2524608000.145] [16811:16811] [DL] Found the primary Ethernet interface:enp0s3[0m
[1;31m[2524608000.145] [16811:16811] [DL] Failed to get WiFi interface[0m
[1;31m[2524608000.145] [16811:16811] [DL] Failed to reset WiFi statistic counts[0m
[0;32m[2524608000.145] [16811:16811] [PAF] WiFiPAF: WiFiPAFLayer::Init()[0m
[0;34m[2524608000.145] [16811:16811] [IN] UDP::Init bind&listen port=0[0m
[0;34m[2524608000.145] [16811:16811] [IN] UDP::Init bound to port=57384[0m
[0;34m[2524608000.145] [16811:16811] [IN] UDP::Init bind&listen port=0[0m
[0;34m[2524608000.145] [16811:16811] [IN] UDP::Init bound to port=33402[0m
[0;34m[2524608000.145] [16811:16811] [IN] BLEBase::Init - setting/overriding transport[0m
[0;34m[2524608000.145] [16811:16811] [IN] WiFiPAFBase::Init - setting/overriding transport[0m
[0;34m[2524608000.145] [16811:16811] [IN] TransportMgr initialized[0m
[0;34m[2524608000.145] [16811:16811] [FP] Initializing FabricTable from persistent storage[0m
[0;32m[2524608000.145] [16811:16811] [TS] Last Known Good Time: 2023-10-14T01:16:48[0m
[0;32m[2524608000.146] [16811:16811] [FP] Fabric index 0x1 was retrieved from storage. Compressed FabricId 0x82D686C8C79B6C44, FabricId 0x0000000000000001, NodeId 0x000000000001B669, VendorId 0xFFF1[0m
[0;32m[2524608000.147] [16811:16811] [DMG] Ember attribute persistence requires setting up[0m
[0;32m[2524608000.147] [16811:16811] [ZCL] Using ZAP configuration...[0m
[0;34m[2524608000.147] [16811:16811] [CTL] System State Initialized...[0m
[0;32m[2524608000.147] [16811:16811] [CTL] Setting attestation nonce to random value[0m
[0;32m[2524608000.147] [16811:16811] [CTL] Setting CSR nonce to random value[0m
[0;34m[2524608000.147] [16811:16824] [DL] CHIP task running[0m
[0;32m[2524608000.147] [16811:16824] [CTL] Setting attestation nonce to random value[0m
[0;32m[2524608000.147] [16811:16824] [CTL] Setting CSR nonce to random value[0m
[0;32m[2524608000.148] [16811:16824] [CTL] Generating NOC[0m
[0;32m[2524608000.148] [16811:16824] [FP] Validating NOC chain[0m
[0;32m[2524608000.148] [16811:16824] [FP] NOC chain validation successful[0m
[0;32m[2524608000.148] [16811:16824] [FP] Updated fabric at index: 0x1, Node ID: 0x000000000001B669[0m
[0;32m[2524608000.148] [16811:16824] [TS] Last Known Good Time: 2023-10-14T01:16:48[0m
[0;32m[2524608000.148] [16811:16824] [TS] New proposed Last Known Good Time: 2021-01-01T00:00:00[0m
[0;32m[2524608000.148] [16811:16824] [TS] Retaining current Last Known Good Time[0m
[0;32m[2524608000.151] [16811:16824] [FP] Metadata for Fabric 0x1 persisted to storage.[0m
[0;32m[2524608000.153] [16811:16824] [TS] Committing Last Known Good Time to storage: 2023-10-14T01:16:48[0m
[0;32m[2524608000.154] [16811:16824] [CTL] Joined the fabric at index 1. Fabric ID is 0x0000000000000001 (Compressed Fabric ID: 82D686C8C79B6C44)[0m
[0;32m[2524608000.162] [16811:16824] [TOO] Sending command to node 0x1[0m
[0;34m[2524608000.162] [16811:16824] [CSM] FindOrEstablishSession: PeerId = [1:0000000000000001][0m
[0;34m[2524608000.162] [16811:16824] [CSM] FindOrEstablishSession: No existing OperationalSessionSetup instance found[0m
[0;34m[2524608000.162] [16811:16824] [DIS] OperationalSessionSetup[1:0000000000000001]: State change 1 --> 2[0m
[0;32m[2524608000.162] [16811:16824] [DIS] Lookup started for 82D686C8C79B6C44-0000000000000001[0m
[0;32m[2524608000.163] [16811:16824] [DIS] UDP:[fe80::bfe:a203:38f0:bce7%enp0s3]:5540: new best score: 7 (for 82D686C8C79B6C44-0000000000000001)[0m
[0;34m[2524608000.164] [16811:16824] [DIS] Lookup clearing interface for non LL address[0m
[0;32m[2524608000.164] [16811:16824] [DIS] UDP:10.0.2.15%enp0s3:5540: new best score: 2 (for 82D686C8C79B6C44-0000000000000001)[0m
[0;32m[2524608000.164] [16811:16824] [DIS] Checking node lookup status for 82D686C8C79B6C44-0000000000000001 after 2 ms[0m
[0;32m[2524608000.164] [16811:16824] [DIS] Keeping DNSSD lookup active[0m
[0;32m[2524608000.164] [16811:16824] [DIS] UDP:[fe80::bfe:a203:38f0:bce7%enp0s3]:5540: score has not improved: 7 (for 82D686C8C79B6C44-0000000000000001)[0m
[0;34m[2524608000.164] [16811:16824] [DIS] Lookup clearing interface for non LL address[0m
[0;32m[2524608000.164] [16811:16824] [DIS] UDP:10.0.2.15%enp0s3:5540: score has not improved: 2 (for 82D686C8C79B6C44-0000000000000001)[0m
[0;32m[2524608000.164] [16811:16824] [DIS] Checking node lookup status for 82D686C8C79B6C44-0000000000000001 after 3 ms[0m
[0;32m[2524608000.164] [16811:16824] [DIS] Keeping DNSSD lookup active[0m
[0;32m[2524608000.383] [16811:16824] [DIS] Checking node lookup status for 82D686C8C79B6C44-0000000000000001 after 221 ms[0m
[0;34m[2524608000.383] [16811:16824] [DIS] OperationalSessionSetup[1:0000000000000001]: Updating device address to UDP:[fe80::bfe:a203:38f0:bce7%enp0s3]:5540 while in state 2[0m
[0;34m[2524608000.383] [16811:16824] [DIS] OperationalSessionSetup[1:0000000000000001]: State change 2 --> 3[0m
[0;34m[2524608000.383] [16811:16824] [IN] SecureSession[0x7cd500009cd0]: Allocated Type:2 LSID:47591[0m
[0;32m[2524608000.383] [16811:16824] [SC] Initiating session on local FabricIndex 1 from 0x000000000001B669 -> 0x0000000000000001[0m
[0;32m[2524608000.383] [16811:16824] [EM] <<< [E:59509i S:0 M:263022786] (U) Msg TX from EDD1662B0CFDEBF3 to 0:0000000000000000 [0000] [UDP:[fe80::bfe:a203:38f0:bce7%enp0s3]:5540] --- Type 0000:30 (SecureChannel:CASE_Sigma1) (B:196)[0m
[0;32m[2524608000.384] [16811:16824] [EM] ??1 [E:59509i S:0 M:263022786] (U) Msg Retransmission to 0:0000000000000000 scheduled for 575ms from now [State:Idle II:500 AI:300 AT:4000][0m
[0;32m[2524608000.384] [16811:16824] [SC] Sent Sigma1 msg to <0000000000000001, 1> [II:500ms AI:300ms AT:4000ms][0m
[0;34m[2524608000.384] [16811:16824] [DIS] OperationalSessionSetup[1:0000000000000001]: State change 3 --> 4[0m
[0;32m[2524608000.385] [16811:16824] [EM] >>> [E:59509i S:0 M:264700993 (Ack:263022786)] (U) Msg RX from 0:0000000000000000 [0000] to EDD1662B0CFDEBF3 --- Type 0000:31 (SecureChannel:CASE_Sigma2) (B:751)[0m
[0;34m[2524608000.385] [16811:16824] [EM] Found matching exchange: 59509i, Delegate: 0x7cd50000b8e8[0m
[0;34m[2524608000.385] [16811:16824] [EM] Rxd Ack; Removing MessageCounter:263022786 from Retrans Table on exchange 59509i[0m
[0;32m[2524608000.386] [16811:16824] [SC] Received Sigma2 msg[0m
[0;34m[2524608000.386] [16811:16824] [SC] Found MRP parameters in the message[0m
[0;34m[2524608000.387] [16811:16824] [SC] Certificate's mNotAfterTime (978134400) is before current time (1577923200)[0m
[0;34m[2524608000.387] [16811:16824] [SC] Sending status report. Protocol code 2, exchange 59509[0m
[0;32m[2524608000.387] [16811:16824] [EM] <<< [E:59509i S:0 M:263022787 (Ack:264700993)] (U) Msg TX from EDD1662B0CFDEBF3 to 0:0000000000000000 [0000] [UDP:[fe80::bfe:a203:38f0:bce7%enp0s3]:5540] --- Type 0000:40 (SecureChannel:StatusReport) (B:34)[0m
[0;32m[2524608000.387] [16811:16824] [EM] ??1 [E:59509i S:0 M:263022787] (U) Msg Retransmission to 0:0000000000000000 scheduled for 342ms from now [State:Active II:500 AI:300 AT:4000][0m
[0;34m[2524608000.387] [16811:16824] [IN] SecureSession[0x7cd500009cd0]: Released - Type:2 LSID:47591[0m
[1;31m[2524608000.387] [16811:16824] [-] src/credentials/CHIPCert.cpp:1481: CHIP Error 0x0000004E: Certificate expired at examples/chip-tool/commands/clusters/ModelCommand.cpp:67[0m
[0;32m[2524608000.387] [16811:16824] [EM] >>> [E:59509i S:0 M:264700994 (Ack:263022787)] (U) Msg RX from 0:0000000000000000 [0000] to EDD1662B0CFDEBF3 --- Type 0000:10 (SecureChannel:StandaloneAck) (B:26)[0m
[0;34m[2524608000.387] [16811:16824] [EM] Found matching exchange: 59509i, Delegate: (nil)[0m
[0;34m[2524608000.387] [16811:16824] [EM] Rxd Ack; Removing MessageCounter:263022787 from Retrans Table on exchange 59509i[0m
[0;34m[2524608000.387] [16811:16811] [CTL] Shutting down the commissioner[0m
[0;32m[2524608000.387] [16811:16811] [PAF] WiFiPAF: Closing all WiFiPAF sessions to shutdown[0m
[0;34m[2524608000.387] [16811:16811] [CTL] Shutting down the controller[0m
[0;34m[2524608000.387] [16811:16811] [IN] Expiring all sessions for fabric 0x1!![0m
[0;32m[2524608000.387] [16811:16811] [FP] Forgetting fabric 0x1[0m
[0;32m[2524608000.387] [16811:16811] [TS] Pending Last Known Good Time: 2023-10-14T01:16:48[0m
[0;32m[2524608000.387] [16811:16811] [TS] Previous Last Known Good Time: 2023-10-14T01:16:48[0m
[0;32m[2524608000.387] [16811:16811] [TS] Reverted Last Known Good Time to previous value[0m
[0;34m[2524608000.387] [16811:16811] [CTL] Shutting down the commissioner[0m
[0;32m[2524608000.387] [16811:16811] [PAF] WiFiPAF: Closing all WiFiPAF sessions to shutdown[0m
[0;34m[2524608000.387] [16811:16811] [CTL] Shutting down the controller[0m
[0;34m[2524608000.387] [16811:16811] [CTL] Shutting down the System State, this will teardown the CHIP Stack[0m
[0;34m[2524608000.387] [16811:16811] [DMG] All ReadHandler-s are clean, clear GlobalDirtySet[0m
[0;32m[2524608000.387] [16811:16811] [FP] Shutting down FabricTable[0m
[0;32m[2524608000.387] [16811:16811] [TS] Pending Last Known Good Time: 2023-10-14T01:16:48[0m
[0;32m[2524608000.388] [16811:16811] [TS] Previous Last Known Good Time: 2023-10-14T01:16:48[0m
[0;32m[2524608000.388] [16811:16811] [TS] Reverted Last Known Good Time to previous value[0m
[0;34m[2524608000.394] [16811:16811] [DL] Wrote settings to /tmp/chip_counters.ini[0m
[0;32m[2524608000.394] [16811:16811] [DL] NVS set: chip-counters/total-operational-hours = 0 (0x0)[0m
[0;32m[2524608000.394] [16811:16811] [DL] Inet Layer shutdown[0m
[0;32m[2524608000.394] [16811:16811] [DL] BLE Layer shutdown[0m
[0;32m[2524608000.394] [16811:16811] [DL] WiFi-PAF Layer shutdown[0m
[0;32m[2524608000.394] [16811:16811] [PAF] WiFiPAF: Closing all WiFiPAF sessions to shutdown[0m
[0;32m[2524608000.394] [16811:16811] [DL] System Layer shutdown[0m
[1;31m[2524608000.394] [16811:16811] [TOO] Run command failure: src/credentials/CHIPCert.cpp:1481: CHIP Error 0x0000004E: Certificate expired[0m
