[0;34m[1784834805.693] [16789:16789] [DL] ChipLinuxStorage::Init: Using KVS config file: /tmp/chip_tool_kvs[0m
[1;31m[1784834805.694] [16789:16789] [DL] ChipLinuxStorage::Init: Attempt to re-initialize with KVS config file: /tmp/chip_kvs, IGNORING.[0m
[0;34m[1784834805.695] [16789:16789] [DL] ChipLinuxStorage::Init: Using KVS config file: /tmp/chip_factory.ini[0m
[0;34m[1784834805.695] [16789:16789] [DL] ChipLinuxStorage::Init: Using KVS config file: /tmp/chip_config.ini[0m
[0;34m[1784834805.695] [16789:16789] [DL] ChipLinuxStorage::Init: Using KVS config file: /tmp/chip_counters.ini[0m
[0;34m[1784834805.698] [16789:16789] [DL] Wrote settings to /tmp/chip_counters.ini[0m
[0;32m[1784834805.698] [16789:16789] [DL] NVS set: chip-counters/reboot-count = 3 (0x3)[0m
[0;32m[1784834805.698] [16789:16789] [DL] Got Ethernet interface: enp0s3[0m
[0;32m[1784834805.698] [16789:16789] [DL] Found the primary Ethernet interface:enp0s3[0m
[1;31m[1784834805.698] [16789:16789] [DL] Failed to get WiFi interface[0m
[1;31m[1784834805.698] [16789:16789] [DL] Failed to reset WiFi statistic counts[0m
[0;32m[1784834805.698] [16789:16789] [PAF] WiFiPAF: WiFiPAFLayer::Init()[0m
[0;34m[1784834805.698] [16789:16789] [IN] UDP::Init bind&listen port=0[0m
[0;34m[1784834805.698] [16789:16789] [IN] UDP::Init bound to port=39124[0m
[0;34m[1784834805.698] [16789:16789] [IN] UDP::Init bind&listen port=0[0m
[0;34m[1784834805.698] [16789:16789] [IN] UDP::Init bound to port=46009[0m
[0;34m[1784834805.698] [16789:16789] [IN] BLEBase::Init - setting/overriding transport[0m
[0;34m[1784834805.698] [16789:16789] [IN] WiFiPAFBase::Init - setting/overriding transport[0m
[0;34m[1784834805.698] [16789:16789] [IN] TransportMgr initialized[0m
[0;34m[1784834805.698] [16789:16789] [FP] Initializing FabricTable from persistent storage[0m
[0;32m[1784834805.698] [16789:16789] [TS] Last Known Good Time: 2023-10-14T01:16:48[0m
[0;32m[1784834805.699] [16789:16789] [FP] Fabric index 0x1 was retrieved from storage. Compressed FabricId 0x82D686C8C79B6C44, FabricId 0x0000000000000001, NodeId 0x000000000001B669, VendorId 0xFFF1[0m
[0;32m[1784834805.700] [16789:16789] [DMG] Ember attribute persistence requires setting up[0m
[0;32m[1784834805.700] [16789:16789] [ZCL] Using ZAP configuration...[0m
[0;34m[1784834805.700] [16789:16789] [CTL] System State Initialized...[0m
[0;32m[1784834805.700] [16789:16789] [CTL] Setting attestation nonce to random value[0m
[0;32m[1784834805.700] [16789:16789] [CTL] Setting CSR nonce to random value[0m
[0;34m[1784834805.700] [16789:16791] [DL] CHIP task running[0m
[0;32m[1784834805.700] [16789:16791] [CTL] Setting attestation nonce to random value[0m
[0;32m[1784834805.700] [16789:16791] [CTL] Setting CSR nonce to random value[0m
[0;32m[1784834805.701] [16789:16791] [CTL] Generating NOC[0m
[0;32m[1784834805.701] [16789:16791] [FP] Validating NOC chain[0m
[0;32m[1784834805.701] [16789:16791] [FP] NOC chain validation successful[0m
[0;32m[1784834805.701] [16789:16791] [FP] Updated fabric at index: 0x1, Node ID: 0x000000000001B669[0m
[0;32m[1784834805.701] [16789:16791] [TS] Last Known Good Time: 2023-10-14T01:16:48[0m
[0;32m[1784834805.701] [16789:16791] [TS] New proposed Last Known Good Time: 2021-01-01T00:00:00[0m
[0;32m[1784834805.701] [16789:16791] [TS] Retaining current Last Known Good Time[0m
[0;32m[1784834805.703] [16789:16791] [FP] Metadata for Fabric 0x1 persisted to storage.[0m
[0;32m[1784834805.704] [16789:16791] [TS] Committing Last Known Good Time to storage: 2023-10-14T01:16:48[0m
[0;32m[1784834805.704] [16789:16791] [CTL] Joined the fabric at index 1. Fabric ID is 0x0000000000000001 (Compressed Fabric ID: 82D686C8C79B6C44)[0m
[0;32m[1784834805.708] [16789:16791] [TOO] Sending command to node 0x1[0m
[0;34m[1784834805.709] [16789:16791] [CSM] FindOrEstablishSession: PeerId = [1:0000000000000001][0m
[0;34m[1784834805.709] [16789:16791] [CSM] FindOrEstablishSession: No existing OperationalSessionSetup instance found[0m
[0;34m[1784834805.709] [16789:16791] [DIS] OperationalSessionSetup[1:0000000000000001]: State change 1 --> 2[0m
[0;32m[1784834805.709] [16789:16791] [DIS] Lookup started for 82D686C8C79B6C44-0000000000000001[0m
[0;32m[1784834805.709] [16789:16791] [DIS] UDP:[fe80::bfe:a203:38f0:bce7%enp0s3]:5540: new best score: 7 (for 82D686C8C79B6C44-0000000000000001)[0m
[0;34m[1784834805.709] [16789:16791] [DIS] Lookup clearing interface for non LL address[0m
[0;32m[1784834805.709] [16789:16791] [DIS] UDP:10.0.2.15%enp0s3:5540: new best score: 2 (for 82D686C8C79B6C44-0000000000000001)[0m
[0;32m[1784834805.709] [16789:16791] [DIS] Checking node lookup status for 82D686C8C79B6C44-0000000000000001 after 0 ms[0m
[0;32m[1784834805.709] [16789:16791] [DIS] Keeping DNSSD lookup active[0m
[0;32m[1784834805.709] [16789:16791] [DIS] UDP:[fe80::bfe:a203:38f0:bce7%enp0s3]:5540: score has not improved: 7 (for 82D686C8C79B6C44-0000000000000001)[0m
[0;34m[1784834805.709] [16789:16791] [DIS] Lookup clearing interface for non LL address[0m
[0;32m[1784834805.709] [16789:16791] [DIS] UDP:10.0.2.15%enp0s3:5540: score has not improved: 2 (for 82D686C8C79B6C44-0000000000000001)[0m
[0;32m[1784834805.709] [16789:16791] [DIS] Checking node lookup status for 82D686C8C79B6C44-0000000000000001 after 1 ms[0m
[0;32m[1784834805.709] [16789:16791] [DIS] Keeping DNSSD lookup active[0m
[0;32m[1784834805.920] [16789:16791] [DIS] Checking node lookup status for 82D686C8C79B6C44-0000000000000001 after 211 ms[0m
[0;34m[1784834805.920] [16789:16791] [DIS] OperationalSessionSetup[1:0000000000000001]: Updating device address to UDP:[fe80::bfe:a203:38f0:bce7%enp0s3]:5540 while in state 2[0m
[0;34m[1784834805.920] [16789:16791] [DIS] OperationalSessionSetup[1:0000000000000001]: State change 2 --> 3[0m
[0;34m[1784834805.920] [16789:16791] [IN] SecureSession[0x769ee0009cd0]: Allocated Type:2 LSID:38039[0m
[0;32m[1784834805.920] [16789:16791] [SC] Initiating session on local FabricIndex 1 from 0x000000000001B669 -> 0x0000000000000001[0m
[0;32m[1784834805.920] [16789:16791] [EM] <<< [E:38324i S:0 M:136021480] (U) Msg TX from 6271AC0BFD9620C7 to 0:0000000000000000 [0000] [UDP:[fe80::bfe:a203:38f0:bce7%enp0s3]:5540] --- Type 0000:30 (SecureChannel:CASE_Sigma1) (B:196)[0m
[0;32m[1784834805.920] [16789:16791] [EM] ??1 [E:38324i S:0 M:136021480] (U) Msg Retransmission to 0:0000000000000000 scheduled for 632ms from now [State:Idle II:500 AI:300 AT:4000][0m
[0;32m[1784834805.920] [16789:16791] [SC] Sent Sigma1 msg to <0000000000000001, 1> [II:500ms AI:300ms AT:4000ms][0m
[0;34m[1784834805.920] [16789:16791] [DIS] OperationalSessionSetup[1:0000000000000001]: State change 3 --> 4[0m
[0;32m[1784834805.921] [16789:16791] [EM] >>> [E:38324i S:0 M:264700991 (Ack:136021480)] (U) Msg RX from 0:0000000000000000 [0000] to 6271AC0BFD9620C7 --- Type 0000:31 (SecureChannel:CASE_Sigma2) (B:751)[0m
[0;34m[1784834805.921] [16789:16791] [EM] Found matching exchange: 38324i, Delegate: 0x769ee000b8e8[0m
[0;34m[1784834805.921] [16789:16791] [EM] Rxd Ack; Removing MessageCounter:136021480 from Retrans Table on exchange 38324i[0m
[0;32m[1784834805.921] [16789:16791] [SC] Received Sigma2 msg[0m
[0;34m[1784834805.921] [16789:16791] [SC] Found MRP parameters in the message[0m
[0;34m[1784834805.922] [16789:16791] [SC] Peer <0000000000000001, 1> assigned session ID 31150[0m
[0;34m[1784834805.922] [16789:16791] [SC] Sending Sigma3[0m
[0;32m[1784834805.922] [16789:16791] [EM] <<< [E:38324i S:0 M:136021481 (Ack:264700991)] (U) Msg TX from 6271AC0BFD9620C7 to 0:0000000000000000 [0000] [UDP:[fe80::bfe:a203:38f0:bce7%enp0s3]:5540] --- Type 0000:32 (SecureChannel:CASE_Sigma3) (B:598)[0m
[0;32m[1784834805.922] [16789:16791] [EM] ??1 [E:38324i S:0 M:136021481] (U) Msg Retransmission to 0:0000000000000000 scheduled for 347ms from now [State:Active II:500 AI:300 AT:4000][0m
[0;32m[1784834805.922] [16789:16791] [SC] Sent Sigma3 msg[0m
[0;32m[1784834805.931] [16789:16791] [EM] >>> [E:38324i S:0 M:264700992 (Ack:136021481)] (U) Msg RX from 0:0000000000000000 [0000] to 6271AC0BFD9620C7 --- Type 0000:40 (SecureChannel:StatusReport) (B:34)[0m
[0;34m[1784834805.931] [16789:16791] [EM] Found matching exchange: 38324i, Delegate: 0x769ee000b8e8[0m
[0;34m[1784834805.931] [16789:16791] [EM] Rxd Ack; Removing MessageCounter:136021481 from Retrans Table on exchange 38324i[0m
[0;32m[1784834805.931] [16789:16791] [SC] Success status report received. Session was established[0m
[0;32m[1784834805.933] [16789:16791] [SC] SecureSession[0x769ee0009cd0, LSID:38039]: State change 'kEstablishing' --> 'kActive'[0m
[0;34m[1784834805.933] [16789:16791] [IN] SecureSession[0x769ee0009cd0]: Activated - Type:2 LSID:38039[0m
[0;34m[1784834805.933] [16789:16791] [IN] New secure session activated for device <0000000000000001, 1>, LSID:38039 PSID:31150![0m
[0;34m[1784834805.933] [16789:16791] [DIS] OperationalSessionSetup[1:0000000000000001]: State change 4 --> 5[0m
[0;32m[1784834805.933] [16789:16791] [TOO] Sending cluster (0x00000038) command (0x00000000) on endpoint 0[0m
[0;34m[1784834805.933] [16789:16791] [DMG] ICR moving to [AddingComm][0m
[0;34m[1784834805.933] [16789:16791] [DMG] ICR moving to [AddedComma][0m
[0;32m[1784834805.933] [16789:16791] [EM] <<< [E:38325i S:38039 M:168496750] (S) Msg TX from 000000000001B669 to 1:0000000000000001 [6C44] [UDP:[fe80::bfe:a203:38f0:bce7%enp0s3]:5540] --- Type 0001:08 (IM:InvokeCommandRequest) (B:72)[0m
[0;32m[1784834805.933] [16789:16791] [EM] ??1 [E:38325i S:38039 M:168496750] (S) Msg Retransmission to 1:0000000000000001 scheduled for 341ms from now [State:Active II:500 AI:300 AT:4000][0m
[0;34m[1784834805.933] [16789:16791] [DMG] ICR moving to [AwaitingRe][0m
[0;32m[1784834805.933] [16789:16791] [EM] <<< [E:38324i S:0 M:136021482 (Ack:264700992)] (U) Msg TX from 6271AC0BFD9620C7 to 0:0000000000000000 [0000] [UDP:[fe80::bfe:a203:38f0:bce7%enp0s3]:5540] --- Type 0000:10 (SecureChannel:StandaloneAck) (B:26)[0m
[0;34m[1784834805.933] [16789:16791] [EM] Flushed pending ack for MessageCounter:264700992 on exchange 38324i[0m
[0;32m[2524608000.002] [16789:16791] [EM] >>> [E:38325i S:38039 M:224294663 (Ack:168496750)] (S) Msg RX from 1:0000000000000001 [6C44] to 000000000001B669 --- Type 0001:09 (IM:InvokeCommandResponse) (B:67)[0m
[0;34m[2524608000.002] [16789:16791] [EM] Found matching exchange: 38325i, Delegate: 0x769ee000eef8[0m
[0;34m[2524608000.002] [16789:16791] [EM] Rxd Ack; Removing MessageCounter:168496750 from Retrans Table on exchange 38325i[0m
[0;34m[2524608000.002] [16789:16791] [DMG] ICR moving to [ResponseRe][0m
[0;34m[2524608000.002] [16789:16791] [DMG] InvokeResponseMessage =[0m
[0;34m[2524608000.002] [16789:16791] [DMG] {[0m
[0;34m[2524608000.002] [16789:16791] [DMG] 	suppressResponse = false, [0m
[0;34m[2524608000.002] [16789:16791] [DMG] 	InvokeResponseIBs =[0m
[0;34m[2524608000.002] [16789:16791] [DMG] 	[[0m
[0;34m[2524608000.002] [16789:16791] [DMG] 		InvokeResponseIB =[0m
[0;34m[2524608000.002] [16789:16791] [DMG] 		{[0m
[0;34m[2524608000.002] [16789:16791] [DMG] 			CommandStatusIB =[0m
[0;34m[2524608000.002] [16789:16791] [DMG] 			{[0m
[0;34m[2524608000.002] [16789:16791] [DMG] 				CommandPathIB =[0m
[0;34m[2524608000.002] [16789:16791] [DMG] 				{[0m
[0;34m[2524608000.002] [16789:16791] [DMG] 					EndpointId = 0x0,[0m
[0;34m[2524608000.002] [16789:16791] [DMG] 					ClusterId = 0x38,[0m
[0;34m[2524608000.002] [16789:16791] [DMG] 					CommandId = 0x0,[0m
[0;34m[2524608000.002] [16789:16791] [DMG] 				},[0m
[0;34m[2524608000.002] [16789:16791] [DMG] 				[0m
[0;34m[2524608000.002] [16789:16791] [DMG] 				StatusIB =[0m
[0;34m[2524608000.002] [16789:16791] [DMG] 				{[0m
[0;34m[2524608000.002] [16789:16791] [DMG] 					status = 0x00 (SUCCESS),[0m
[0;34m[2524608000.002] [16789:16791] [DMG] 				},[0m
[0;34m[2524608000.002] [16789:16791] [DMG] 				[0m
[0;34m[2524608000.002] [16789:16791] [DMG] 			},[0m
[0;34m[2524608000.002] [16789:16791] [DMG] 			[0m
[0;34m[2524608000.002] [16789:16791] [DMG] 		},[0m
[0;34m[2524608000.002] [16789:16791] [DMG] 		[0m
[0;34m[2524608000.002] [16789:16791] [DMG] 	],[0m
[0;34m[2524608000.002] [16789:16791] [DMG] 	[0m
[0;34m[2524608000.002] [16789:16791] [DMG] 	InteractionModelRevision = 12[0m
[0;34m[2524608000.002] [16789:16791] [DMG] },[0m
[0;32m[2524608000.002] [16789:16791] [DMG] Received Command Response Status for Endpoint=0 Cluster=0x0000_0038 Command=0x0000_0000 Status=0x0[0m
[0;34m[2524608000.002] [16789:16791] [DMG] ICR moving to [AwaitingDe][0m
[0;32m[2524608000.002] [16789:16791] [EM] <<< [E:38325i S:38039 M:168496751 (Ack:224294663)] (S) Msg TX from 000000000001B669 to 1:0000000000000001 [6C44] [UDP:[fe80::bfe:a203:38f0:bce7%enp0s3]:5540] --- Type 0000:10 (SecureChannel:StandaloneAck) (B:34)[0m
[0;34m[2524608000.002] [16789:16791] [EM] Flushed pending ack for MessageCounter:224294663 on exchange 38325i[0m
[0;34m[2524608000.006] [16789:16789] [CTL] Shutting down the commissioner[0m
[0;32m[2524608000.006] [16789:16789] [PAF] WiFiPAF: Closing all WiFiPAF sessions to shutdown[0m
[0;34m[2524608000.006] [16789:16789] [CTL] Shutting down the controller[0m
[0;34m[2524608000.006] [16789:16789] [IN] Expiring all sessions for fabric 0x1!![0m
[0;34m[2524608000.006] [16789:16789] [IN] SecureSession[0x769ee0009cd0]: MarkForEviction Type:2 LSID:38039[0m
[0;32m[2524608000.006] [16789:16789] [SC] SecureSession[0x769ee0009cd0, LSID:38039]: State change 'kActive' --> 'kPendingEviction'[0m
[0;34m[2524608000.006] [16789:16789] [IN] SecureSession[0x769ee0009cd0]: Released - Type:2 LSID:38039[0m
[0;32m[2524608000.006] [16789:16789] [FP] Forgetting fabric 0x1[0m
[0;32m[2524608000.006] [16789:16789] [TS] Pending Last Known Good Time: 2023-10-14T01:16:48[0m
[0;32m[2524608000.006] [16789:16789] [TS] Previous Last Known Good Time: 2023-10-14T01:16:48[0m
[0;32m[2524608000.006] [16789:16789] [TS] Reverted Last Known Good Time to previous value[0m
[0;34m[2524608000.006] [16789:16789] [CTL] Shutting down the commissioner[0m
[0;32m[2524608000.006] [16789:16789] [PAF] WiFiPAF: Closing all WiFiPAF sessions to shutdown[0m
[0;34m[2524608000.006] [16789:16789] [CTL] Shutting down the controller[0m
[0;34m[2524608000.006] [16789:16789] [CTL] Shutting down the System State, this will teardown the CHIP Stack[0m
[0;34m[2524608000.006] [16789:16789] [DMG] All ReadHandler-s are clean, clear GlobalDirtySet[0m
[0;32m[2524608000.006] [16789:16789] [FP] Shutting down FabricTable[0m
[0;32m[2524608000.006] [16789:16789] [TS] Pending Last Known Good Time: 2023-10-14T01:16:48[0m
[0;32m[2524608000.006] [16789:16789] [TS] Previous Last Known Good Time: 2023-10-14T01:16:48[0m
[0;32m[2524608000.006] [16789:16789] [TS] Reverted Last Known Good Time to previous value[0m
[0;34m[2524608000.011] [16789:16789] [DL] Wrote settings to /tmp/chip_counters.ini[0m
[0;32m[2524608000.011] [16789:16789] [DL] NVS set: chip-counters/total-operational-hours = 0 (0x0)[0m
[0;32m[2524608000.011] [16789:16789] [DL] Inet Layer shutdown[0m
[0;32m[2524608000.011] [16789:16789] [DL] BLE Layer shutdown[0m
[0;32m[2524608000.011] [16789:16789] [DL] WiFi-PAF Layer shutdown[0m
[0;32m[2524608000.011] [16789:16789] [PAF] WiFiPAF: Closing all WiFiPAF sessions to shutdown[0m
[0;32m[2524608000.011] [16789:16789] [DL] System Layer shutdown[0m
