[0;34m[1784656381.732] [11184:11184] [DL] ChipLinuxStorage::Init: Using KVS config file: /tmp/chip_tool_kvs[0m
[1;31m[1784656381.733] [11184:11184] [DL] ChipLinuxStorage::Init: Attempt to re-initialize with KVS config file: /tmp/chip_kvs, IGNORING.[0m
[0;34m[1784656381.734] [11184:11184] [DL] ChipLinuxStorage::Init: Using KVS config file: /tmp/chip_factory.ini[0m
[0;34m[1784656381.734] [11184:11184] [DL] ChipLinuxStorage::Init: Using KVS config file: /tmp/chip_config.ini[0m
[0;34m[1784656381.734] [11184:11184] [DL] ChipLinuxStorage::Init: Using KVS config file: /tmp/chip_counters.ini[0m
[0;34m[1784656381.737] [11184:11184] [DL] Wrote settings to /tmp/chip_counters.ini[0m
[0;32m[1784656381.737] [11184:11184] [DL] NVS set: chip-counters/reboot-count = 3 (0x3)[0m
[0;32m[1784656381.737] [11184:11184] [DL] Got Ethernet interface: enp0s3[0m
[0;32m[1784656381.737] [11184:11184] [DL] Found the primary Ethernet interface:enp0s3[0m
[1;31m[1784656381.737] [11184:11184] [DL] Failed to get WiFi interface[0m
[1;31m[1784656381.737] [11184:11184] [DL] Failed to reset WiFi statistic counts[0m
[0;32m[1784656381.737] [11184:11184] [PAF] WiFiPAF: WiFiPAFLayer::Init()[0m
[0;34m[1784656381.737] [11184:11184] [IN] UDP::Init bind&listen port=0[0m
[0;34m[1784656381.737] [11184:11184] [IN] UDP::Init bound to port=58562[0m
[0;34m[1784656381.737] [11184:11184] [IN] UDP::Init bind&listen port=0[0m
[0;34m[1784656381.737] [11184:11184] [IN] UDP::Init bound to port=38434[0m
[0;34m[1784656381.737] [11184:11184] [IN] BLEBase::Init - setting/overriding transport[0m
[0;34m[1784656381.737] [11184:11184] [IN] WiFiPAFBase::Init - setting/overriding transport[0m
[0;34m[1784656381.737] [11184:11184] [IN] TransportMgr initialized[0m
[0;34m[1784656381.737] [11184:11184] [FP] Initializing FabricTable from persistent storage[0m
[0;32m[1784656381.737] [11184:11184] [TS] Last Known Good Time: 2023-10-14T01:16:48[0m
[0;32m[1784656381.738] [11184:11184] [FP] Fabric index 0x1 was retrieved from storage. Compressed FabricId 0xCF08AE2610DCCACA, FabricId 0x0000000000000001, NodeId 0x000000000001B669, VendorId 0xFFF1[0m
[0;32m[1784656381.739] [11184:11184] [DMG] Ember attribute persistence requires setting up[0m
[0;32m[1784656381.739] [11184:11184] [ZCL] Using ZAP configuration...[0m
[0;34m[1784656381.739] [11184:11184] [CTL] System State Initialized...[0m
[0;32m[1784656381.739] [11184:11184] [CTL] Setting attestation nonce to random value[0m
[0;32m[1784656381.739] [11184:11184] [CTL] Setting CSR nonce to random value[0m
[0;34m[1784656381.739] [11184:11186] [DL] CHIP task running[0m
[0;32m[1784656381.739] [11184:11186] [CTL] Setting attestation nonce to random value[0m
[0;32m[1784656381.739] [11184:11186] [CTL] Setting CSR nonce to random value[0m
[0;32m[1784656381.739] [11184:11186] [CTL] Generating NOC[0m
[0;32m[1784656381.740] [11184:11186] [FP] Validating NOC chain[0m
[0;32m[1784656381.740] [11184:11186] [FP] NOC chain validation successful[0m
[0;32m[1784656381.740] [11184:11186] [FP] Updated fabric at index: 0x1, Node ID: 0x000000000001B669[0m
[0;32m[1784656381.740] [11184:11186] [TS] Last Known Good Time: 2023-10-14T01:16:48[0m
[0;32m[1784656381.740] [11184:11186] [TS] New proposed Last Known Good Time: 2021-01-01T00:00:00[0m
[0;32m[1784656381.740] [11184:11186] [TS] Retaining current Last Known Good Time[0m
[0;32m[1784656381.741] [11184:11186] [FP] Metadata for Fabric 0x1 persisted to storage.[0m
[0;32m[1784656381.741] [11184:11186] [TS] Committing Last Known Good Time to storage: 2023-10-14T01:16:48[0m
[0;32m[1784656381.742] [11184:11186] [CTL] Joined the fabric at index 1. Fabric ID is 0x0000000000000001 (Compressed Fabric ID: CF08AE2610DCCACA)[0m
[0;32m[1784656381.746] [11184:11186] [TOO] Sending command to node 0x1[0m
[0;34m[1784656381.746] [11184:11186] [CSM] FindOrEstablishSession: PeerId = [1:0000000000000001][0m
[0;34m[1784656381.746] [11184:11186] [CSM] FindOrEstablishSession: No existing OperationalSessionSetup instance found[0m
[0;34m[1784656381.746] [11184:11186] [DIS] OperationalSessionSetup[1:0000000000000001]: State change 1 --> 2[0m
[0;32m[1784656381.747] [11184:11186] [DIS] Lookup started for CF08AE2610DCCACA-0000000000000001[0m
[0;32m[1784656381.748] [11184:11186] [DIS] UDP:[fe80::bfe:a203:38f0:bce7%enp0s3]:5540: new best score: 7 (for CF08AE2610DCCACA-0000000000000001)[0m
[0;34m[1784656381.748] [11184:11186] [DIS] Lookup clearing interface for non LL address[0m
[0;32m[1784656381.748] [11184:11186] [DIS] UDP:10.0.2.15%enp0s3:5540: new best score: 2 (for CF08AE2610DCCACA-0000000000000001)[0m
[0;32m[1784656381.748] [11184:11186] [DIS] Checking node lookup status for CF08AE2610DCCACA-0000000000000001 after 2 ms[0m
[0;32m[1784656381.748] [11184:11186] [DIS] Keeping DNSSD lookup active[0m
[0;32m[1784656381.748] [11184:11186] [DIS] UDP:[fe80::bfe:a203:38f0:bce7%enp0s3]:5540: score has not improved: 7 (for CF08AE2610DCCACA-0000000000000001)[0m
[0;34m[1784656381.748] [11184:11186] [DIS] Lookup clearing interface for non LL address[0m
[0;32m[1784656381.748] [11184:11186] [DIS] UDP:10.0.2.15%enp0s3:5540: score has not improved: 2 (for CF08AE2610DCCACA-0000000000000001)[0m
[0;32m[1784656381.748] [11184:11186] [DIS] Checking node lookup status for CF08AE2610DCCACA-0000000000000001 after 2 ms[0m
[0;32m[1784656381.748] [11184:11186] [DIS] Keeping DNSSD lookup active[0m
[0;32m[1784656381.948] [11184:11186] [DIS] Checking node lookup status for CF08AE2610DCCACA-0000000000000001 after 202 ms[0m
[0;34m[1784656381.948] [11184:11186] [DIS] OperationalSessionSetup[1:0000000000000001]: Updating device address to UDP:[fe80::bfe:a203:38f0:bce7%enp0s3]:5540 while in state 2[0m
[0;34m[1784656381.948] [11184:11186] [DIS] OperationalSessionSetup[1:0000000000000001]: State change 2 --> 3[0m
[0;34m[1784656381.948] [11184:11186] [IN] SecureSession[0x7c31a0009cd0]: Allocated Type:2 LSID:44815[0m
[0;32m[1784656381.948] [11184:11186] [SC] Initiating session on local FabricIndex 1 from 0x000000000001B669 -> 0x0000000000000001[0m
[0;32m[1784656381.949] [11184:11186] [EM] <<< [E:59633i S:0 M:27474478] (U) Msg TX from 6A22538A62075C88 to 0:0000000000000000 [0000] [UDP:[fe80::bfe:a203:38f0:bce7%enp0s3]:5540] --- Type 0000:30 (SecureChannel:CASE_Sigma1) (B:196)[0m
[0;32m[1784656381.949] [11184:11186] [EM] ??1 [E:59633i S:0 M:27474478] (U) Msg Retransmission to 0:0000000000000000 scheduled for 656ms from now [State:Idle II:500 AI:300 AT:4000][0m
[0;32m[1784656381.949] [11184:11186] [SC] Sent Sigma1 msg to <0000000000000001, 1> [II:500ms AI:300ms AT:4000ms][0m
[0;34m[1784656381.949] [11184:11186] [DIS] OperationalSessionSetup[1:0000000000000001]: State change 3 --> 4[0m
[0;32m[1784656381.951] [11184:11186] [EM] >>> [E:59633i S:0 M:111867960 (Ack:27474478)] (U) Msg RX from 0:0000000000000000 [0000] to 6A22538A62075C88 --- Type 0000:31 (SecureChannel:CASE_Sigma2) (B:751)[0m
[0;34m[1784656381.951] [11184:11186] [EM] Found matching exchange: 59633i, Delegate: 0x7c31a000b8e8[0m
[0;34m[1784656381.951] [11184:11186] [EM] Rxd Ack; Removing MessageCounter:27474478 from Retrans Table on exchange 59633i[0m
[0;32m[1784656381.951] [11184:11186] [SC] Received Sigma2 msg[0m
[0;34m[1784656381.951] [11184:11186] [SC] Found MRP parameters in the message[0m
[0;34m[1784656381.952] [11184:11186] [SC] Peer <0000000000000001, 1> assigned session ID 23799[0m
[0;34m[1784656381.952] [11184:11186] [SC] Sending Sigma3[0m
[0;32m[1784656381.952] [11184:11186] [EM] <<< [E:59633i S:0 M:27474479 (Ack:111867960)] (U) Msg TX from 6A22538A62075C88 to 0:0000000000000000 [0000] [UDP:[fe80::bfe:a203:38f0:bce7%enp0s3]:5540] --- Type 0000:32 (SecureChannel:CASE_Sigma3) (B:598)[0m
[0;32m[1784656381.952] [11184:11186] [EM] ??1 [E:59633i S:0 M:27474479] (U) Msg Retransmission to 0:0000000000000000 scheduled for 409ms from now [State:Active II:500 AI:300 AT:4000][0m
[0;32m[1784656381.952] [11184:11186] [SC] Sent Sigma3 msg[0m
[0;32m[1784656381.963] [11184:11186] [EM] >>> [E:59633i S:0 M:111867961 (Ack:27474479)] (U) Msg RX from 0:0000000000000000 [0000] to 6A22538A62075C88 --- Type 0000:40 (SecureChannel:StatusReport) (B:34)[0m
[0;34m[1784656381.963] [11184:11186] [EM] Found matching exchange: 59633i, Delegate: 0x7c31a000b8e8[0m
[0;34m[1784656381.963] [11184:11186] [EM] Rxd Ack; Removing MessageCounter:27474479 from Retrans Table on exchange 59633i[0m
[0;32m[1784656381.963] [11184:11186] [SC] Success status report received. Session was established[0m
[0;32m[1784656381.964] [11184:11186] [SC] SecureSession[0x7c31a0009cd0, LSID:44815]: State change 'kEstablishing' --> 'kActive'[0m
[0;34m[1784656381.964] [11184:11186] [IN] SecureSession[0x7c31a0009cd0]: Activated - Type:2 LSID:44815[0m
[0;34m[1784656381.964] [11184:11186] [IN] New secure session activated for device <0000000000000001, 1>, LSID:44815 PSID:23799![0m
[0;34m[1784656381.964] [11184:11186] [DIS] OperationalSessionSetup[1:0000000000000001]: State change 4 --> 5[0m
[0;32m[1784656381.964] [11184:11186] [TOO] Sending cluster (0x00000030) command (0x00000000) on endpoint 0[0m
[0;34m[1784656381.964] [11184:11186] [DMG] ICR moving to [AddingComm][0m
[0;34m[1784656381.964] [11184:11186] [DMG] ICR moving to [AddedComma][0m
[0;32m[1784656381.964] [11184:11186] [EM] <<< [E:59634i S:44815 M:124882514] (S) Msg TX from 000000000001B669 to 1:0000000000000001 [CACA] [UDP:[fe80::bfe:a203:38f0:bce7%enp0s3]:5540] --- Type 0001:08 (IM:InvokeCommandRequest) (B:65)[0m
[0;32m[1784656381.964] [11184:11186] [EM] ??1 [E:59634i S:44815 M:124882514] (S) Msg Retransmission to 1:0000000000000001 scheduled for 396ms from now [State:Active II:500 AI:300 AT:4000][0m
[0;34m[1784656381.964] [11184:11186] [DMG] ICR moving to [AwaitingRe][0m
[0;32m[1784656381.964] [11184:11186] [EM] <<< [E:59633i S:0 M:27474480 (Ack:111867961)] (U) Msg TX from 6A22538A62075C88 to 0:0000000000000000 [0000] [UDP:[fe80::bfe:a203:38f0:bce7%enp0s3]:5540] --- Type 0000:10 (SecureChannel:StandaloneAck) (B:26)[0m
[0;34m[1784656381.964] [11184:11186] [EM] Flushed pending ack for MessageCounter:111867961 on exchange 59633i[0m
[0;32m[1784656381.964] [11184:11186] [EM] >>> [E:59634i S:44815 M:240000600 (Ack:124882514)] (S) Msg RX from 1:0000000000000001 [CACA] to 000000000001B669 --- Type 0001:09 (IM:InvokeCommandResponse) (B:70)[0m
[0;34m[1784656381.964] [11184:11186] [EM] Found matching exchange: 59634i, Delegate: 0x7c31a000eef8[0m
[0;34m[1784656381.964] [11184:11186] [EM] Rxd Ack; Removing MessageCounter:124882514 from Retrans Table on exchange 59634i[0m
[0;34m[1784656381.964] [11184:11186] [DMG] ICR moving to [ResponseRe][0m
[0;34m[1784656381.964] [11184:11186] [DMG] InvokeResponseMessage =[0m
[0;34m[1784656381.964] [11184:11186] [DMG] {[0m
[0;34m[1784656381.964] [11184:11186] [DMG] 	suppressResponse = false, [0m
[0;34m[1784656381.964] [11184:11186] [DMG] 	InvokeResponseIBs =[0m
[0;34m[1784656381.964] [11184:11186] [DMG] 	[[0m
[0;34m[1784656381.964] [11184:11186] [DMG] 		InvokeResponseIB =[0m
[0;34m[1784656381.964] [11184:11186] [DMG] 		{[0m
[0;34m[1784656381.964] [11184:11186] [DMG] 			CommandDataIB =[0m
[0;34m[1784656381.964] [11184:11186] [DMG] 			{[0m
[0;34m[1784656381.964] [11184:11186] [DMG] 				CommandPathIB =[0m
[0;34m[1784656381.964] [11184:11186] [DMG] 				{[0m
[0;34m[1784656381.964] [11184:11186] [DMG] 					EndpointId = 0x0,[0m
[0;34m[1784656381.964] [11184:11186] [DMG] 					ClusterId = 0x30,[0m
[0;34m[1784656381.964] [11184:11186] [DMG] 					CommandId = 0x1,[0m
[0;34m[1784656381.964] [11184:11186] [DMG] 				},[0m
[0;34m[1784656381.964] [11184:11186] [DMG] 				[0m
[0;34m[1784656381.964] [11184:11186] [DMG] 				CommandFields = [0m
[0;34m[1784656381.964] [11184:11186] [DMG] 				{[0m
[0;34m[1784656381.964] [11184:11186] [DMG] 					0x0 = 0 (unsigned), [0m
[0;34m[1784656381.964] [11184:11186] [DMG] 					0x1 = "" (0 chars), [0m
[0;34m[1784656381.964] [11184:11186] [DMG] 				},[0m
[0;34m[1784656381.964] [11184:11186] [DMG] 			},[0m
[0;34m[1784656381.964] [11184:11186] [DMG] 			[0m
[0;34m[1784656381.964] [11184:11186] [DMG] 		},[0m
[0;34m[1784656381.965] [11184:11186] [DMG] 		[0m
[0;34m[1784656381.965] [11184:11186] [DMG] 	],[0m
[0;34m[1784656381.965] [11184:11186] [DMG] 	[0m
[0;34m[1784656381.965] [11184:11186] [DMG] 	InteractionModelRevision = 12[0m
[0;34m[1784656381.965] [11184:11186] [DMG] },[0m
[0;32m[1784656381.965] [11184:11186] [DMG] Received Command Response Data, Endpoint=0 Cluster=0x0000_0030 Command=0x0000_0001[0m
[0;32m[1784656381.965] [11184:11186] [TOO] Endpoint: 0 Cluster: 0x0000_0030 Command 0x0000_0001[0m
[0;32m[1784656381.965] [11184:11186] [TOO]   ArmFailSafeResponse: {[0m
[0;32m[1784656381.965] [11184:11186] [TOO]     errorCode: 0[0m
[0;32m[1784656381.965] [11184:11186] [TOO]     debugText: [0m
[0;32m[1784656381.965] [11184:11186] [TOO]    }[0m
[0;34m[1784656381.965] [11184:11186] [DMG] ICR moving to [AwaitingDe][0m
[0;32m[1784656381.965] [11184:11186] [EM] <<< [E:59634i S:44815 M:124882515 (Ack:240000600)] (S) Msg TX from 000000000001B669 to 1:0000000000000001 [CACA] [UDP:[fe80::bfe:a203:38f0:bce7%enp0s3]:5540] --- Type 0000:10 (SecureChannel:StandaloneAck) (B:34)[0m
[0;34m[1784656381.965] [11184:11186] [EM] Flushed pending ack for MessageCounter:240000600 on exchange 59634i[0m
[0;34m[1784656381.965] [11184:11184] [CTL] Shutting down the commissioner[0m
[0;32m[1784656381.965] [11184:11184] [PAF] WiFiPAF: Closing all WiFiPAF sessions to shutdown[0m
[0;34m[1784656381.965] [11184:11184] [CTL] Shutting down the controller[0m
[0;34m[1784656381.965] [11184:11184] [IN] Expiring all sessions for fabric 0x1!![0m
[0;34m[1784656381.965] [11184:11184] [IN] SecureSession[0x7c31a0009cd0]: MarkForEviction Type:2 LSID:44815[0m
[0;32m[1784656381.965] [11184:11184] [SC] SecureSession[0x7c31a0009cd0, LSID:44815]: State change 'kActive' --> 'kPendingEviction'[0m
[0;34m[1784656381.965] [11184:11184] [IN] SecureSession[0x7c31a0009cd0]: Released - Type:2 LSID:44815[0m
[0;32m[1784656381.965] [11184:11184] [FP] Forgetting fabric 0x1[0m
[0;32m[1784656381.965] [11184:11184] [TS] Pending Last Known Good Time: 2023-10-14T01:16:48[0m
[0;32m[1784656381.965] [11184:11184] [TS] Previous Last Known Good Time: 2023-10-14T01:16:48[0m
[0;32m[1784656381.965] [11184:11184] [TS] Reverted Last Known Good Time to previous value[0m
[0;34m[1784656381.965] [11184:11184] [CTL] Shutting down the commissioner[0m
[0;32m[1784656381.965] [11184:11184] [PAF] WiFiPAF: Closing all WiFiPAF sessions to shutdown[0m
[0;34m[1784656381.965] [11184:11184] [CTL] Shutting down the controller[0m
[0;34m[1784656381.965] [11184:11184] [CTL] Shutting down the System State, this will teardown the CHIP Stack[0m
[0;34m[1784656381.965] [11184:11184] [DMG] All ReadHandler-s are clean, clear GlobalDirtySet[0m
[0;32m[1784656381.965] [11184:11184] [FP] Shutting down FabricTable[0m
[0;32m[1784656381.965] [11184:11184] [TS] Pending Last Known Good Time: 2023-10-14T01:16:48[0m
[0;32m[1784656381.965] [11184:11184] [TS] Previous Last Known Good Time: 2023-10-14T01:16:48[0m
[0;32m[1784656381.965] [11184:11184] [TS] Reverted Last Known Good Time to previous value[0m
[0;34m[1784656381.968] [11184:11184] [DL] Wrote settings to /tmp/chip_counters.ini[0m
[0;32m[1784656381.968] [11184:11184] [DL] NVS set: chip-counters/total-operational-hours = 0 (0x0)[0m
[0;32m[1784656381.968] [11184:11184] [DL] Inet Layer shutdown[0m
[0;32m[1784656381.968] [11184:11184] [DL] BLE Layer shutdown[0m
[0;32m[1784656381.968] [11184:11184] [DL] WiFi-PAF Layer shutdown[0m
[0;32m[1784656381.968] [11184:11184] [PAF] WiFiPAF: Closing all WiFiPAF sessions to shutdown[0m
[0;32m[1784656381.968] [11184:11184] [DL] System Layer shutdown[0m
