[0;34m[1784656382.015] [11188:11188] [DL] ChipLinuxStorage::Init: Using KVS config file: /tmp/chip_tool_kvs[0m
[1;31m[1784656382.016] [11188:11188] [DL] ChipLinuxStorage::Init: Attempt to re-initialize with KVS config file: /tmp/chip_kvs, IGNORING.[0m
[0;34m[1784656382.019] [11188:11188] [DL] ChipLinuxStorage::Init: Using KVS config file: /tmp/chip_factory.ini[0m
[0;34m[1784656382.019] [11188:11188] [DL] ChipLinuxStorage::Init: Using KVS config file: /tmp/chip_config.ini[0m
[0;34m[1784656382.019] [11188:11188] [DL] ChipLinuxStorage::Init: Using KVS config file: /tmp/chip_counters.ini[0m
[0;34m[1784656382.021] [11188:11188] [DL] Wrote settings to /tmp/chip_counters.ini[0m
[0;32m[1784656382.021] [11188:11188] [DL] NVS set: chip-counters/reboot-count = 4 (0x4)[0m
[0;32m[1784656382.022] [11188:11188] [DL] Got Ethernet interface: enp0s3[0m
[0;32m[1784656382.022] [11188:11188] [DL] Found the primary Ethernet interface:enp0s3[0m
[1;31m[1784656382.022] [11188:11188] [DL] Failed to get WiFi interface[0m
[1;31m[1784656382.022] [11188:11188] [DL] Failed to reset WiFi statistic counts[0m
[0;32m[1784656382.022] [11188:11188] [PAF] WiFiPAF: WiFiPAFLayer::Init()[0m
[0;34m[1784656382.022] [11188:11188] [IN] UDP::Init bind&listen port=0[0m
[0;34m[1784656382.022] [11188:11188] [IN] UDP::Init bound to port=55120[0m
[0;34m[1784656382.022] [11188:11188] [IN] UDP::Init bind&listen port=0[0m
[0;34m[1784656382.022] [11188:11188] [IN] UDP::Init bound to port=44193[0m
[0;34m[1784656382.022] [11188:11188] [IN] BLEBase::Init - setting/overriding transport[0m
[0;34m[1784656382.022] [11188:11188] [IN] WiFiPAFBase::Init - setting/overriding transport[0m
[0;34m[1784656382.022] [11188:11188] [IN] TransportMgr initialized[0m
[0;34m[1784656382.022] [11188:11188] [FP] Initializing FabricTable from persistent storage[0m
[0;32m[1784656382.022] [11188:11188] [TS] Last Known Good Time: 2023-10-14T01:16:48[0m
[0;32m[1784656382.022] [11188:11188] [FP] Fabric index 0x1 was retrieved from storage. Compressed FabricId 0xCF08AE2610DCCACA, FabricId 0x0000000000000001, NodeId 0x000000000001B669, VendorId 0xFFF1[0m
[0;32m[1784656382.023] [11188:11188] [DMG] Ember attribute persistence requires setting up[0m
[0;32m[1784656382.023] [11188:11188] [ZCL] Using ZAP configuration...[0m
[0;34m[1784656382.023] [11188:11188] [CTL] System State Initialized...[0m
[0;32m[1784656382.023] [11188:11188] [CTL] Setting attestation nonce to random value[0m
[0;32m[1784656382.023] [11188:11188] [CTL] Setting CSR nonce to random value[0m
[0;34m[1784656382.023] [11188:11190] [DL] CHIP task running[0m
[0;32m[1784656382.024] [11188:11190] [CTL] Setting attestation nonce to random value[0m
[0;32m[1784656382.024] [11188:11190] [CTL] Setting CSR nonce to random value[0m
[0;32m[1784656382.024] [11188:11190] [CTL] Generating NOC[0m
[0;32m[1784656382.024] [11188:11190] [FP] Validating NOC chain[0m
[0;32m[1784656382.024] [11188:11190] [FP] NOC chain validation successful[0m
[0;32m[1784656382.024] [11188:11190] [FP] Updated fabric at index: 0x1, Node ID: 0x000000000001B669[0m
[0;32m[1784656382.024] [11188:11190] [TS] Last Known Good Time: 2023-10-14T01:16:48[0m
[0;32m[1784656382.024] [11188:11190] [TS] New proposed Last Known Good Time: 2021-01-01T00:00:00[0m
[0;32m[1784656382.024] [11188:11190] [TS] Retaining current Last Known Good Time[0m
[0;32m[1784656382.026] [11188:11190] [FP] Metadata for Fabric 0x1 persisted to storage.[0m
[0;32m[1784656382.027] [11188:11190] [TS] Committing Last Known Good Time to storage: 2023-10-14T01:16:48[0m
[0;32m[1784656382.027] [11188:11190] [CTL] Joined the fabric at index 1. Fabric ID is 0x0000000000000001 (Compressed Fabric ID: CF08AE2610DCCACA)[0m
[0;32m[1784656382.032] [11188:11190] [TOO] Sending command to node 0x1[0m
[0;34m[1784656382.032] [11188:11190] [CSM] FindOrEstablishSession: PeerId = [1:0000000000000001][0m
[0;34m[1784656382.032] [11188:11190] [CSM] FindOrEstablishSession: No existing OperationalSessionSetup instance found[0m
[0;34m[1784656382.032] [11188:11190] [DIS] OperationalSessionSetup[1:0000000000000001]: State change 1 --> 2[0m
[0;32m[1784656382.033] [11188:11190] [DIS] Lookup started for CF08AE2610DCCACA-0000000000000001[0m
[0;32m[1784656382.033] [11188:11190] [DIS] UDP:[fe80::bfe:a203:38f0:bce7%enp0s3]:5540: new best score: 7 (for CF08AE2610DCCACA-0000000000000001)[0m
[0;34m[1784656382.033] [11188:11190] [DIS] Lookup clearing interface for non LL address[0m
[0;32m[1784656382.033] [11188:11190] [DIS] UDP:10.0.2.15%enp0s3:5540: new best score: 2 (for CF08AE2610DCCACA-0000000000000001)[0m
[0;32m[1784656382.033] [11188:11190] [DIS] Checking node lookup status for CF08AE2610DCCACA-0000000000000001 after 0 ms[0m
[0;32m[1784656382.033] [11188:11190] [DIS] Keeping DNSSD lookup active[0m
[0;32m[1784656382.033] [11188:11190] [DIS] UDP:[fe80::bfe:a203:38f0:bce7%enp0s3]:5540: score has not improved: 7 (for CF08AE2610DCCACA-0000000000000001)[0m
[0;34m[1784656382.033] [11188:11190] [DIS] Lookup clearing interface for non LL address[0m
[0;32m[1784656382.033] [11188:11190] [DIS] UDP:10.0.2.15%enp0s3:5540: score has not improved: 2 (for CF08AE2610DCCACA-0000000000000001)[0m
[0;32m[1784656382.033] [11188:11190] [DIS] Checking node lookup status for CF08AE2610DCCACA-0000000000000001 after 0 ms[0m
[0;32m[1784656382.033] [11188:11190] [DIS] Keeping DNSSD lookup active[0m
[0;32m[1784656382.239] [11188:11190] [DIS] Checking node lookup status for CF08AE2610DCCACA-0000000000000001 after 207 ms[0m
[0;34m[1784656382.239] [11188:11190] [DIS] OperationalSessionSetup[1:0000000000000001]: Updating device address to UDP:[fe80::bfe:a203:38f0:bce7%enp0s3]:5540 while in state 2[0m
[0;34m[1784656382.239] [11188:11190] [DIS] OperationalSessionSetup[1:0000000000000001]: State change 2 --> 3[0m
[0;34m[1784656382.239] [11188:11190] [IN] SecureSession[0x7e84cc009cd0]: Allocated Type:2 LSID:40126[0m
[0;32m[1784656382.239] [11188:11190] [SC] Initiating session on local FabricIndex 1 from 0x000000000001B669 -> 0x0000000000000001[0m
[0;32m[1784656382.240] [11188:11190] [EM] <<< [E:26379i S:0 M:73416776] (U) Msg TX from EAE1BE4B24A186B5 to 0:0000000000000000 [0000] [UDP:[fe80::bfe:a203:38f0:bce7%enp0s3]:5540] --- Type 0000:30 (SecureChannel:CASE_Sigma1) (B:196)[0m
[0;32m[1784656382.240] [11188:11190] [EM] ??1 [E:26379i S:0 M:73416776] (U) Msg Retransmission to 0:0000000000000000 scheduled for 559ms from now [State:Idle II:500 AI:300 AT:4000][0m
[0;32m[1784656382.240] [11188:11190] [SC] Sent Sigma1 msg to <0000000000000001, 1> [II:500ms AI:300ms AT:4000ms][0m
[0;34m[1784656382.240] [11188:11190] [DIS] OperationalSessionSetup[1:0000000000000001]: State change 3 --> 4[0m
[0;32m[1784656382.242] [11188:11190] [EM] >>> [E:26379i S:0 M:111867962 (Ack:73416776)] (U) Msg RX from 0:0000000000000000 [0000] to EAE1BE4B24A186B5 --- Type 0000:31 (SecureChannel:CASE_Sigma2) (B:751)[0m
[0;34m[1784656382.242] [11188:11190] [EM] Found matching exchange: 26379i, Delegate: 0x7e84cc00b8e8[0m
[0;34m[1784656382.242] [11188:11190] [EM] Rxd Ack; Removing MessageCounter:73416776 from Retrans Table on exchange 26379i[0m
[0;32m[1784656382.242] [11188:11190] [SC] Received Sigma2 msg[0m
[0;34m[1784656382.242] [11188:11190] [SC] Found MRP parameters in the message[0m
[0;34m[1784656382.243] [11188:11190] [SC] Peer <0000000000000001, 1> assigned session ID 23800[0m
[0;34m[1784656382.243] [11188:11190] [SC] Sending Sigma3[0m
[0;32m[1784656382.243] [11188:11190] [EM] <<< [E:26379i S:0 M:73416777 (Ack:111867962)] (U) Msg TX from EAE1BE4B24A186B5 to 0:0000000000000000 [0000] [UDP:[fe80::bfe:a203:38f0:bce7%enp0s3]:5540] --- Type 0000:32 (SecureChannel:CASE_Sigma3) (B:598)[0m
[0;32m[1784656382.243] [11188:11190] [EM] ??1 [E:26379i S:0 M:73416777] (U) Msg Retransmission to 0:0000000000000000 scheduled for 330ms from now [State:Active II:500 AI:300 AT:4000][0m
[0;32m[1784656382.243] [11188:11190] [SC] Sent Sigma3 msg[0m
[0;32m[1784656382.251] [11188:11190] [EM] >>> [E:26379i S:0 M:111867963 (Ack:73416777)] (U) Msg RX from 0:0000000000000000 [0000] to EAE1BE4B24A186B5 --- Type 0000:40 (SecureChannel:StatusReport) (B:34)[0m
[0;34m[1784656382.252] [11188:11190] [EM] Found matching exchange: 26379i, Delegate: 0x7e84cc00b8e8[0m
[0;34m[1784656382.252] [11188:11190] [EM] Rxd Ack; Removing MessageCounter:73416777 from Retrans Table on exchange 26379i[0m
[0;32m[1784656382.252] [11188:11190] [SC] Success status report received. Session was established[0m
[0;32m[1784656382.253] [11188:11190] [SC] SecureSession[0x7e84cc009cd0, LSID:40126]: State change 'kEstablishing' --> 'kActive'[0m
[0;34m[1784656382.253] [11188:11190] [IN] SecureSession[0x7e84cc009cd0]: Activated - Type:2 LSID:40126[0m
[0;34m[1784656382.253] [11188:11190] [IN] New secure session activated for device <0000000000000001, 1>, LSID:40126 PSID:23800![0m
[0;34m[1784656382.253] [11188:11190] [DIS] OperationalSessionSetup[1:0000000000000001]: State change 4 --> 5[0m
[0;32m[1784656382.253] [11188:11190] [TOO] Sending cluster (0x0000003E) command (0x00000004) on endpoint 0[0m
[0;34m[1784656382.253] [11188:11190] [DMG] ICR moving to [AddingComm][0m
[0;34m[1784656382.253] [11188:11190] [DMG] ICR moving to [AddedComma][0m
[0;32m[1784656382.253] [11188:11190] [EM] <<< [E:26380i S:40126 M:212503431] (S) Msg TX from 000000000001B669 to 1:0000000000000001 [CACA] [UDP:[fe80::bfe:a203:38f0:bce7%enp0s3]:5540] --- Type 0001:08 (IM:InvokeCommandRequest) (B:96)[0m
[0;32m[1784656382.253] [11188:11190] [EM] ??1 [E:26380i S:40126 M:212503431] (S) Msg Retransmission to 1:0000000000000001 scheduled for 348ms from now [State:Active II:500 AI:300 AT:4000][0m
[0;34m[1784656382.253] [11188:11190] [DMG] ICR moving to [AwaitingRe][0m
[0;32m[1784656382.253] [11188:11190] [EM] <<< [E:26379i S:0 M:73416778 (Ack:111867963)] (U) Msg TX from EAE1BE4B24A186B5 to 0:0000000000000000 [0000] [UDP:[fe80::bfe:a203:38f0:bce7%enp0s3]:5540] --- Type 0000:10 (SecureChannel:StandaloneAck) (B:26)[0m
[0;34m[1784656382.253] [11188:11190] [EM] Flushed pending ack for MessageCounter:111867963 on exchange 26379i[0m
[0;32m[1784656382.253] [11188:11190] [EM] >>> [E:26380i S:40126 M:49299621 (Ack:212503431)] (S) Msg RX from 1:0000000000000001 [CACA] to 000000000001B669 --- Type 0001:09 (IM:InvokeCommandResponse) (B:377)[0m
[0;34m[1784656382.253] [11188:11190] [EM] Found matching exchange: 26380i, Delegate: 0x7e84cc00eef8[0m
[0;34m[1784656382.253] [11188:11190] [EM] Rxd Ack; Removing MessageCounter:212503431 from Retrans Table on exchange 26380i[0m
[0;34m[1784656382.253] [11188:11190] [DMG] ICR moving to [ResponseRe][0m
[0;34m[1784656382.253] [11188:11190] [DMG] InvokeResponseMessage =[0m
[0;34m[1784656382.253] [11188:11190] [DMG] {[0m
[0;34m[1784656382.253] [11188:11190] [DMG] 	suppressResponse = false, [0m
[0;34m[1784656382.253] [11188:11190] [DMG] 	InvokeResponseIBs =[0m
[0;34m[1784656382.253] [11188:11190] [DMG] 	[[0m
[0;34m[1784656382.253] [11188:11190] [DMG] 		InvokeResponseIB =[0m
[0;34m[1784656382.253] [11188:11190] [DMG] 		{[0m
[0;34m[1784656382.253] [11188:11190] [DMG] 			CommandDataIB =[0m
[0;34m[1784656382.253] [11188:11190] [DMG] 			{[0m
[0;34m[1784656382.253] [11188:11190] [DMG] 				CommandPathIB =[0m
[0;34m[1784656382.253] [11188:11190] [DMG] 				{[0m
[0;34m[1784656382.253] [11188:11190] [DMG] 					EndpointId = 0x0,[0m
[0;34m[1784656382.253] [11188:11190] [DMG] 					ClusterId = 0x3e,[0m
[0;34m[1784656382.253] [11188:11190] [DMG] 					CommandId = 0x5,[0m
[0;34m[1784656382.253] [11188:11190] [DMG] 				},[0m
[0;34m[1784656382.253] [11188:11190] [DMG] 				[0m
[0;34m[1784656382.253] [11188:11190] [DMG] 				CommandFields = [0m
[0;34m[1784656382.253] [11188:11190] [DMG] 				{[0m
[0;34m[1784656382.253] [11188:11190] [DMG] 					0x0 = [[0m
[0;34m[1784656382.254] [11188:11190] [DMG] 							0x15, 0x30, 0x01, 0xcb, 0x30, 0x81, 0xc8, 0x30, 0x70, 0x02, 0x01, 0x00, 0x30, 0x0e, 0x31, 0x0c, 0x30, 0x0a, 0x06, 0x03, 0x55, 0x04, 0x0a, 0x0c, 0x03, 0x43, 0x53, 0x52, 0x30, 0x59, 0x30, 0x13, 0x06, 0x07, 0x2a, 0x86, 0x48, 0xce, 0x3d, 0x02, 0x01, 0x06, 0x08, 0x2a, 0x86, 0x48, 0xce, 0x3d, 0x03, 0x01, 0x07, 0x03, 0x42, 0x00, 0x04, 0x45, 0x39, 0x4f, 0xf3, 0x02, 0x83, 0x18, 0x4b, 0x27, 0x3b, 0x16, 0xb0, 0x14, 0x4e, 0x37, 0xd1, 0xd0, 0xb8, 0xfb, 0x30, 0xcc, 0x57, 0x82, 0x92, 0xb9, 0x49, 0x90, 0xb4, 0x6b, 0x8f, 0x66, 0x9b, 0x55, 0x12, 0x83, 0x3b, 0xef, 0x6f, 0x54, 0xf7, 0xb0, 0x0d, 0x39, 0x3e, 0x4a, 0xc2, 0x47, 0xeb, 0x6e, 0xa0, 0xba, 0xe0, 0xe4, 0xa0, 0x07, 0xb6, 0x0f, 0x9e, 0x3d, 0xd5, 0x7c, 0x60, 0xcc, 0xde, 0xa0, 0x00, 0x30, 0x0a, 0x06, 0x08, 0x2a, 0x86, 0x48, 0xce, 0x3d, 0x04, 0x03, 0x02, 0x03, 0x48, 0x00, 0x30, 0x45, 0x02, 0x20, 0x3c, 0xa8, 0x42, 0xac, 0xa6, 0xf5, 0xf6, 0x8b, 0xa5, 0x21, 0xd9, 0xe3, 0x94, 0x4e, 0x62, 0xc1, 0xe0, 0x59, 0x5b, 0x41, 0x16, 0x98, 0x2b, 0x64, 0xb4, 0xab, 0xe8, 0x6b, 0x7e, 0xbf, 0x2a, 0x77, 0x02, 0x21, 0x00, 0xe1, 0xad, 0x66, 0xe3, 0xba, 0xc9, 0x75, 0xe9, 0x1b, 0xce, 0xb6, 0x25, 0x4d, 0xa4, 0x1b, 0x87, 0x7d, 0xf4, 0xa9, 0x42, 0x6e, 0xf1, 0x37, 0x9b, 0x84, 0x1e, 0x50, 0x5c, 0xeb, 0x19, 0xa1, 0x36, 0x30, 0x02, 0x20, 0x6a, 0xe4, 0x90, 0x64, 0x5a, 0x23, 0x0a, 0x36, 0x88, 0x8d, 0x91, 0x46, 0xeb, 0x33, 0xb4, 0xd0, 0x07, 0xae, 0xcd, 0xe7, 0x51, 0x21, 0x6a, 0x62, 0x36, 0xae, 0xe9, 0xb9, 0xfc, 0x47, 0x3e, 0xff, 0x18, [0m
[0;34m[1784656382.254] [11188:11190] [DMG] 					] (243 bytes)[0m
[0;34m[1784656382.254] [11188:11190] [DMG] 					0x1 = [[0m
[0;34m[1784656382.254] [11188:11190] [DMG] 							0x0b, 0x96, 0x6b, 0x0d, 0xc3, 0x55, 0xc1, 0x40, 0x4a, 0x63, 0x34, 0x29, 0x91, 0x53, 0x88, 0xd3, 0x9a, 0xf0, 0xb6, 0xd0, 0x34, 0x5d, 0x11, 0x03, 0x24, 0x55, 0x14, 0x41, 0x64, 0x34, 0xa7, 0x3f, 0x2a, 0xb2, 0x05, 0x58, 0x86, 0xbd, 0x2e, 0x51, 0xfd, 0x76, 0x33, 0x41, 0x40, 0xda, 0x0f, 0x2b, 0xdc, 0x75, 0xc0, 0x2c, 0x1d, 0x34, 0x1e, 0xe5, 0x10, 0x42, 0x63, 0x4d, 0x61, 0x1e, 0x84, 0xb6, [0m
[0;34m[1784656382.254] [11188:11190] [DMG] 					] (64 bytes)[0m
[0;34m[1784656382.254] [11188:11190] [DMG] 				},[0m
[0;34m[1784656382.254] [11188:11190] [DMG] 			},[0m
[0;34m[1784656382.254] [11188:11190] [DMG] 			[0m
[0;34m[1784656382.254] [11188:11190] [DMG] 		},[0m
[0;34m[1784656382.254] [11188:11190] [DMG] 		[0m
[0;34m[1784656382.254] [11188:11190] [DMG] 	],[0m
[0;34m[1784656382.254] [11188:11190] [DMG] 	[0m
[0;34m[1784656382.254] [11188:11190] [DMG] 	InteractionModelRevision = 12[0m
[0;34m[1784656382.254] [11188:11190] [DMG] },[0m
[0;32m[1784656382.254] [11188:11190] [DMG] Received Command Response Data, Endpoint=0 Cluster=0x0000_003E Command=0x0000_0005[0m
[0;32m[1784656382.254] [11188:11190] [TOO] Endpoint: 0 Cluster: 0x0000_003E Command 0x0000_0005[0m
[0;32m[1784656382.254] [11188:11190] [TOO]   CSRResponse: {[0m
[0;32m[1784656382.254] [11188:11190] [TOO]     NOCSRElements: 153001CB3081C83070020100300E310C300A060355040A0C034353523059301306072A8648CE3D020106082A8648CE3D0301070342000445394FF30283184B273B16B0144E37D1D0B8FB30CC578292B94990B46B8F669B5512833BEF6F54F7B00D393E4AC247EB6EA0BAE0E4A007B60F9E3DD57C60CCDEA000300A06082A8648CE3D040302034800304502203CA842ACA6F5F68BA521D9E3944E62C1E0595B4116982B64B4ABE86B7EBF2A77022100E1AD66E3BAC975E91BCEB6254DA41B877DF4A9426EF1379B841E505CEB19A1363002206AE490645A230A36888D9146EB33B4D007AECDE751216A6236AEE9B9FC473EFF18[0m
[0;32m[1784656382.254] [11188:11190] [TOO]     attestationSignature: 0B966B0DC355C1404A633429915388D39AF0B6D0345D1103245514416434A73F2AB2055886BD2E51FD76334140DA0F2BDC75C02C1D341EE51042634D611E84B6[0m
[0;32m[1784656382.254] [11188:11190] [TOO]    }[0m
[0;34m[1784656382.254] [11188:11190] [DMG] ICR moving to [AwaitingDe][0m
[0;32m[1784656382.254] [11188:11190] [EM] <<< [E:26380i S:40126 M:212503432 (Ack:49299621)] (S) Msg TX from 000000000001B669 to 1:0000000000000001 [CACA] [UDP:[fe80::bfe:a203:38f0:bce7%enp0s3]:5540] --- Type 0000:10 (SecureChannel:StandaloneAck) (B:34)[0m
[0;34m[1784656382.254] [11188:11190] [EM] Flushed pending ack for MessageCounter:49299621 on exchange 26380i[0m
[0;34m[1784656382.254] [11188:11188] [CTL] Shutting down the commissioner[0m
[0;32m[1784656382.254] [11188:11188] [PAF] WiFiPAF: Closing all WiFiPAF sessions to shutdown[0m
[0;34m[1784656382.254] [11188:11188] [CTL] Shutting down the controller[0m
[0;34m[1784656382.254] [11188:11188] [IN] Expiring all sessions for fabric 0x1!![0m
[0;34m[1784656382.254] [11188:11188] [IN] SecureSession[0x7e84cc009cd0]: MarkForEviction Type:2 LSID:40126[0m
[0;32m[1784656382.254] [11188:11188] [SC] SecureSession[0x7e84cc009cd0, LSID:40126]: State change 'kActive' --> 'kPendingEviction'[0m
[0;34m[1784656382.254] [11188:11188] [IN] SecureSession[0x7e84cc009cd0]: Released - Type:2 LSID:40126[0m
[0;32m[1784656382.254] [11188:11188] [FP] Forgetting fabric 0x1[0m
[0;32m[1784656382.254] [11188:11188] [TS] Pending Last Known Good Time: 2023-10-14T01:16:48[0m
[0;32m[1784656382.254] [11188:11188] [TS] Previous Last Known Good Time: 2023-10-14T01:16:48[0m
[0;32m[1784656382.254] [11188:11188] [TS] Reverted Last Known Good Time to previous value[0m
[0;34m[1784656382.254] [11188:11188] [CTL] Shutting down the commissioner[0m
[0;32m[1784656382.254] [11188:11188] [PAF] WiFiPAF: Closing all WiFiPAF sessions to shutdown[0m
[0;34m[1784656382.254] [11188:11188] [CTL] Shutting down the controller[0m
[0;34m[1784656382.254] [11188:11188] [CTL] Shutting down the System State, this will teardown the CHIP Stack[0m
[0;34m[1784656382.254] [11188:11188] [DMG] All ReadHandler-s are clean, clear GlobalDirtySet[0m
[0;32m[1784656382.254] [11188:11188] [FP] Shutting down FabricTable[0m
[0;32m[1784656382.254] [11188:11188] [TS] Pending Last Known Good Time: 2023-10-14T01:16:48[0m
[0;32m[1784656382.254] [11188:11188] [TS] Previous Last Known Good Time: 2023-10-14T01:16:48[0m
[0;32m[1784656382.254] [11188:11188] [TS] Reverted Last Known Good Time to previous value[0m
[0;34m[1784656382.256] [11188:11188] [DL] Wrote settings to /tmp/chip_counters.ini[0m
[0;32m[1784656382.256] [11188:11188] [DL] NVS set: chip-counters/total-operational-hours = 0 (0x0)[0m
[0;32m[1784656382.256] [11188:11188] [DL] Inet Layer shutdown[0m
[0;32m[1784656382.256] [11188:11188] [DL] BLE Layer shutdown[0m
[0;32m[1784656382.256] [11188:11188] [DL] WiFi-PAF Layer shutdown[0m
[0;32m[1784656382.256] [11188:11188] [PAF] WiFiPAF: Closing all WiFiPAF sessions to shutdown[0m
[0;32m[1784656382.256] [11188:11188] [DL] System Layer shutdown[0m
