[0;34m[1784656653.519] [12049:12049] [DL] ChipLinuxStorage::Init: Using KVS config file: /tmp/chip_tool_kvs[0m
[1;31m[1784656653.520] [12049:12049] [DL] ChipLinuxStorage::Init: Attempt to re-initialize with KVS config file: /tmp/chip_kvs, IGNORING.[0m
[0;34m[1784656653.521] [12049:12049] [DL] ChipLinuxStorage::Init: Using KVS config file: /tmp/chip_factory.ini[0m
[0;34m[1784656653.521] [12049:12049] [DL] ChipLinuxStorage::Init: Using KVS config file: /tmp/chip_config.ini[0m
[0;34m[1784656653.521] [12049:12049] [DL] ChipLinuxStorage::Init: Using KVS config file: /tmp/chip_counters.ini[0m
[0;34m[1784656653.524] [12049:12049] [DL] Wrote settings to /tmp/chip_counters.ini[0m
[0;32m[1784656653.524] [12049:12049] [DL] NVS set: chip-counters/reboot-count = 3 (0x3)[0m
[0;32m[1784656653.524] [12049:12049] [DL] Got Ethernet interface: enp0s3[0m
[0;32m[1784656653.524] [12049:12049] [DL] Found the primary Ethernet interface:enp0s3[0m
[1;31m[1784656653.524] [12049:12049] [DL] Failed to get WiFi interface[0m
[1;31m[1784656653.524] [12049:12049] [DL] Failed to reset WiFi statistic counts[0m
[0;32m[1784656653.524] [12049:12049] [PAF] WiFiPAF: WiFiPAFLayer::Init()[0m
[0;34m[1784656653.524] [12049:12049] [IN] UDP::Init bind&listen port=0[0m
[0;34m[1784656653.524] [12049:12049] [IN] UDP::Init bound to port=47401[0m
[0;34m[1784656653.524] [12049:12049] [IN] UDP::Init bind&listen port=0[0m
[0;34m[1784656653.524] [12049:12049] [IN] UDP::Init bound to port=34045[0m
[0;34m[1784656653.524] [12049:12049] [IN] BLEBase::Init - setting/overriding transport[0m
[0;34m[1784656653.524] [12049:12049] [IN] WiFiPAFBase::Init - setting/overriding transport[0m
[0;34m[1784656653.524] [12049:12049] [IN] TransportMgr initialized[0m
[0;34m[1784656653.524] [12049:12049] [FP] Initializing FabricTable from persistent storage[0m
[0;32m[1784656653.524] [12049:12049] [TS] Last Known Good Time: 2023-10-14T01:16:48[0m
[0;32m[1784656653.524] [12049:12049] [FP] Fabric index 0x1 was retrieved from storage. Compressed FabricId 0x7F30B15B54D8DA19, FabricId 0x0000000000000001, NodeId 0x000000000001B669, VendorId 0xFFF1[0m
[0;32m[1784656653.525] [12049:12049] [DMG] Ember attribute persistence requires setting up[0m
[0;32m[1784656653.525] [12049:12049] [ZCL] Using ZAP configuration...[0m
[0;34m[1784656653.526] [12049:12049] [CTL] System State Initialized...[0m
[0;32m[1784656653.526] [12049:12049] [CTL] Setting attestation nonce to random value[0m
[0;32m[1784656653.526] [12049:12049] [CTL] Setting CSR nonce to random value[0m
[0;34m[1784656653.526] [12049:12051] [DL] CHIP task running[0m
[0;32m[1784656653.526] [12049:12051] [CTL] Setting attestation nonce to random value[0m
[0;32m[1784656653.526] [12049:12051] [CTL] Setting CSR nonce to random value[0m
[0;32m[1784656653.526] [12049:12051] [CTL] Generating NOC[0m
[0;32m[1784656653.526] [12049:12051] [FP] Validating NOC chain[0m
[0;32m[1784656653.526] [12049:12051] [FP] NOC chain validation successful[0m
[0;32m[1784656653.526] [12049:12051] [FP] Updated fabric at index: 0x1, Node ID: 0x000000000001B669[0m
[0;32m[1784656653.526] [12049:12051] [TS] Last Known Good Time: 2023-10-14T01:16:48[0m
[0;32m[1784656653.526] [12049:12051] [TS] New proposed Last Known Good Time: 2021-01-01T00:00:00[0m
[0;32m[1784656653.526] [12049:12051] [TS] Retaining current Last Known Good Time[0m
[0;32m[1784656653.529] [12049:12051] [FP] Metadata for Fabric 0x1 persisted to storage.[0m
[0;32m[1784656653.530] [12049:12051] [TS] Committing Last Known Good Time to storage: 2023-10-14T01:16:48[0m
[0;32m[1784656653.531] [12049:12051] [CTL] Joined the fabric at index 1. Fabric ID is 0x0000000000000001 (Compressed Fabric ID: 7F30B15B54D8DA19)[0m
[0;32m[1784656653.537] [12049:12051] [TOO] Sending command to node 0x1[0m
[0;34m[1784656653.537] [12049:12051] [CSM] FindOrEstablishSession: PeerId = [1:0000000000000001][0m
[0;34m[1784656653.537] [12049:12051] [CSM] FindOrEstablishSession: No existing OperationalSessionSetup instance found[0m
[0;34m[1784656653.537] [12049:12051] [DIS] OperationalSessionSetup[1:0000000000000001]: State change 1 --> 2[0m
[0;32m[1784656653.537] [12049:12051] [DIS] Lookup started for 7F30B15B54D8DA19-0000000000000001[0m
[0;32m[1784656653.537] [12049:12051] [DIS] UDP:[fe80::bfe:a203:38f0:bce7%enp0s3]:5540: new best score: 7 (for 7F30B15B54D8DA19-0000000000000001)[0m
[0;34m[1784656653.537] [12049:12051] [DIS] Lookup clearing interface for non LL address[0m
[0;32m[1784656653.537] [12049:12051] [DIS] UDP:10.0.2.15%enp0s3:5540: new best score: 2 (for 7F30B15B54D8DA19-0000000000000001)[0m
[0;32m[1784656653.537] [12049:12051] [DIS] Checking node lookup status for 7F30B15B54D8DA19-0000000000000001 after 1 ms[0m
[0;32m[1784656653.537] [12049:12051] [DIS] Keeping DNSSD lookup active[0m
[0;32m[1784656653.538] [12049:12051] [DIS] UDP:[fe80::bfe:a203:38f0:bce7%enp0s3]:5540: score has not improved: 7 (for 7F30B15B54D8DA19-0000000000000001)[0m
[0;34m[1784656653.538] [12049:12051] [DIS] Lookup clearing interface for non LL address[0m
[0;32m[1784656653.538] [12049:12051] [DIS] UDP:10.0.2.15%enp0s3:5540: score has not improved: 2 (for 7F30B15B54D8DA19-0000000000000001)[0m
[0;32m[1784656653.538] [12049:12051] [DIS] Checking node lookup status for 7F30B15B54D8DA19-0000000000000001 after 1 ms[0m
[0;32m[1784656653.538] [12049:12051] [DIS] Keeping DNSSD lookup active[0m
[0;32m[1784656653.740] [12049:12051] [DIS] Checking node lookup status for 7F30B15B54D8DA19-0000000000000001 after 203 ms[0m
[0;34m[1784656653.740] [12049:12051] [DIS] OperationalSessionSetup[1:0000000000000001]: Updating device address to UDP:[fe80::bfe:a203:38f0:bce7%enp0s3]:5540 while in state 2[0m
[0;34m[1784656653.740] [12049:12051] [DIS] OperationalSessionSetup[1:0000000000000001]: State change 2 --> 3[0m
[0;34m[1784656653.740] [12049:12051] [IN] SecureSession[0x7b8cac009cd0]: Allocated Type:2 LSID:1009[0m
[0;32m[1784656653.740] [12049:12051] [SC] Initiating session on local FabricIndex 1 from 0x000000000001B669 -> 0x0000000000000001[0m
[0;32m[1784656653.741] [12049:12051] [EM] <<< [E:956i S:0 M:150138806] (U) Msg TX from DCEE22D8ACA4DC67 to 0:0000000000000000 [0000] [UDP:[fe80::bfe:a203:38f0:bce7%enp0s3]:5540] --- Type 0000:30 (SecureChannel:CASE_Sigma1) (B:196)[0m
[0;32m[1784656653.741] [12049:12051] [EM] ??1 [E:956i S:0 M:150138806] (U) Msg Retransmission to 0:0000000000000000 scheduled for 617ms from now [State:Idle II:500 AI:300 AT:4000][0m
[0;32m[1784656653.741] [12049:12051] [SC] Sent Sigma1 msg to <0000000000000001, 1> [II:500ms AI:300ms AT:4000ms][0m
[0;34m[1784656653.741] [12049:12051] [DIS] OperationalSessionSetup[1:0000000000000001]: State change 3 --> 4[0m
[0;32m[1784656653.741] [12049:12051] [EM] >>> [E:956i S:0 M:114231676 (Ack:150138806)] (U) Msg RX from 0:0000000000000000 [0000] to DCEE22D8ACA4DC67 --- Type 0000:31 (SecureChannel:CASE_Sigma2) (B:751)[0m
[0;34m[1784656653.741] [12049:12051] [EM] Found matching exchange: 956i, Delegate: 0x7b8cac00b8e8[0m
[0;34m[1784656653.741] [12049:12051] [EM] Rxd Ack; Removing MessageCounter:150138806 from Retrans Table on exchange 956i[0m
[0;32m[1784656653.741] [12049:12051] [SC] Received Sigma2 msg[0m
[0;34m[1784656653.741] [12049:12051] [SC] Found MRP parameters in the message[0m
[0;34m[1784656653.742] [12049:12051] [SC] Peer <0000000000000001, 1> assigned session ID 33015[0m
[0;34m[1784656653.742] [12049:12051] [SC] Sending Sigma3[0m
[0;32m[1784656653.742] [12049:12051] [EM] <<< [E:956i S:0 M:150138807 (Ack:114231676)] (U) Msg TX from DCEE22D8ACA4DC67 to 0:0000000000000000 [0000] [UDP:[fe80::bfe:a203:38f0:bce7%enp0s3]:5540] --- Type 0000:32 (SecureChannel:CASE_Sigma3) (B:598)[0m
[0;32m[1784656653.742] [12049:12051] [EM] ??1 [E:956i S:0 M:150138807] (U) Msg Retransmission to 0:0000000000000000 scheduled for 404ms from now [State:Active II:500 AI:300 AT:4000][0m
[0;32m[1784656653.742] [12049:12051] [SC] Sent Sigma3 msg[0m
[0;32m[1784656653.751] [12049:12051] [EM] >>> [E:956i S:0 M:114231677 (Ack:150138807)] (U) Msg RX from 0:0000000000000000 [0000] to DCEE22D8ACA4DC67 --- Type 0000:40 (SecureChannel:StatusReport) (B:34)[0m
[0;34m[1784656653.751] [12049:12051] [EM] Found matching exchange: 956i, Delegate: 0x7b8cac00b8e8[0m
[0;34m[1784656653.751] [12049:12051] [EM] Rxd Ack; Removing MessageCounter:150138807 from Retrans Table on exchange 956i[0m
[0;32m[1784656653.751] [12049:12051] [SC] Success status report received. Session was established[0m
[0;32m[1784656653.753] [12049:12051] [SC] SecureSession[0x7b8cac009cd0, LSID:1009]: State change 'kEstablishing' --> 'kActive'[0m
[0;34m[1784656653.753] [12049:12051] [IN] SecureSession[0x7b8cac009cd0]: Activated - Type:2 LSID:1009[0m
[0;34m[1784656653.753] [12049:12051] [IN] New secure session activated for device <0000000000000001, 1>, LSID:1009 PSID:33015![0m
[0;34m[1784656653.753] [12049:12051] [DIS] OperationalSessionSetup[1:0000000000000001]: State change 4 --> 5[0m
[0;32m[1784656653.753] [12049:12051] [TOO] Sending cluster (0x00000030) command (0x00000000) on endpoint 0[0m
[0;34m[1784656653.753] [12049:12051] [DMG] ICR moving to [AddingComm][0m
[0;34m[1784656653.753] [12049:12051] [DMG] ICR moving to [AddedComma][0m
[0;32m[1784656653.753] [12049:12051] [EM] <<< [E:957i S:1009 M:54579159] (S) Msg TX from 000000000001B669 to 1:0000000000000001 [DA19] [UDP:[fe80::bfe:a203:38f0:bce7%enp0s3]:5540] --- Type 0001:08 (IM:InvokeCommandRequest) (B:65)[0m
[0;32m[1784656653.753] [12049:12051] [EM] ??1 [E:957i S:1009 M:54579159] (S) Msg Retransmission to 1:0000000000000001 scheduled for 394ms from now [State:Active II:500 AI:300 AT:4000][0m
[0;34m[1784656653.753] [12049:12051] [DMG] ICR moving to [AwaitingRe][0m
[0;32m[1784656653.753] [12049:12051] [EM] <<< [E:956i S:0 M:150138808 (Ack:114231677)] (U) Msg TX from DCEE22D8ACA4DC67 to 0:0000000000000000 [0000] [UDP:[fe80::bfe:a203:38f0:bce7%enp0s3]:5540] --- Type 0000:10 (SecureChannel:StandaloneAck) (B:26)[0m
[0;34m[1784656653.753] [12049:12051] [EM] Flushed pending ack for MessageCounter:114231677 on exchange 956i[0m
[0;32m[1784656653.753] [12049:12051] [EM] >>> [E:957i S:1009 M:100375209 (Ack:54579159)] (S) Msg RX from 1:0000000000000001 [DA19] to 000000000001B669 --- Type 0001:09 (IM:InvokeCommandResponse) (B:70)[0m
[0;34m[1784656653.753] [12049:12051] [EM] Found matching exchange: 957i, Delegate: 0x7b8cac00eef8[0m
[0;34m[1784656653.753] [12049:12051] [EM] Rxd Ack; Removing MessageCounter:54579159 from Retrans Table on exchange 957i[0m
[0;34m[1784656653.753] [12049:12051] [DMG] ICR moving to [ResponseRe][0m
[0;34m[1784656653.753] [12049:12051] [DMG] InvokeResponseMessage =[0m
[0;34m[1784656653.753] [12049:12051] [DMG] {[0m
[0;34m[1784656653.753] [12049:12051] [DMG] 	suppressResponse = false, [0m
[0;34m[1784656653.753] [12049:12051] [DMG] 	InvokeResponseIBs =[0m
[0;34m[1784656653.753] [12049:12051] [DMG] 	[[0m
[0;34m[1784656653.753] [12049:12051] [DMG] 		InvokeResponseIB =[0m
[0;34m[1784656653.753] [12049:12051] [DMG] 		{[0m
[0;34m[1784656653.753] [12049:12051] [DMG] 			CommandDataIB =[0m
[0;34m[1784656653.753] [12049:12051] [DMG] 			{[0m
[0;34m[1784656653.753] [12049:12051] [DMG] 				CommandPathIB =[0m
[0;34m[1784656653.753] [12049:12051] [DMG] 				{[0m
[0;34m[1784656653.753] [12049:12051] [DMG] 					EndpointId = 0x0,[0m
[0;34m[1784656653.753] [12049:12051] [DMG] 					ClusterId = 0x30,[0m
[0;34m[1784656653.753] [12049:12051] [DMG] 					CommandId = 0x1,[0m
[0;34m[1784656653.753] [12049:12051] [DMG] 				},[0m
[0;34m[1784656653.753] [12049:12051] [DMG] 				[0m
[0;34m[1784656653.753] [12049:12051] [DMG] 				CommandFields = [0m
[0;34m[1784656653.753] [12049:12051] [DMG] 				{[0m
[0;34m[1784656653.753] [12049:12051] [DMG] 					0x0 = 0 (unsigned), [0m
[0;34m[1784656653.753] [12049:12051] [DMG] 					0x1 = "" (0 chars), [0m
[0;34m[1784656653.753] [12049:12051] [DMG] 				},[0m
[0;34m[1784656653.753] [12049:12051] [DMG] 			},[0m
[0;34m[1784656653.753] [12049:12051] [DMG] 			[0m
[0;34m[1784656653.753] [12049:12051] [DMG] 		},[0m
[0;34m[1784656653.753] [12049:12051] [DMG] 		[0m
[0;34m[1784656653.753] [12049:12051] [DMG] 	],[0m
[0;34m[1784656653.753] [12049:12051] [DMG] 	[0m
[0;34m[1784656653.753] [12049:12051] [DMG] 	InteractionModelRevision = 12[0m
[0;34m[1784656653.753] [12049:12051] [DMG] },[0m
[0;32m[1784656653.753] [12049:12051] [DMG] Received Command Response Data, Endpoint=0 Cluster=0x0000_0030 Command=0x0000_0001[0m
[0;32m[1784656653.753] [12049:12051] [TOO] Endpoint: 0 Cluster: 0x0000_0030 Command 0x0000_0001[0m
[0;32m[1784656653.753] [12049:12051] [TOO]   ArmFailSafeResponse: {[0m
[0;32m[1784656653.753] [12049:12051] [TOO]     errorCode: 0[0m
[0;32m[1784656653.753] [12049:12051] [TOO]     debugText: [0m
[0;32m[1784656653.753] [12049:12051] [TOO]    }[0m
[0;34m[1784656653.753] [12049:12051] [DMG] ICR moving to [AwaitingDe][0m
[0;32m[1784656653.753] [12049:12051] [EM] <<< [E:957i S:1009 M:54579160 (Ack:100375209)] (S) Msg TX from 000000000001B669 to 1:0000000000000001 [DA19] [UDP:[fe80::bfe:a203:38f0:bce7%enp0s3]:5540] --- Type 0000:10 (SecureChannel:StandaloneAck) (B:34)[0m
[0;34m[1784656653.754] [12049:12051] [EM] Flushed pending ack for MessageCounter:100375209 on exchange 957i[0m
[0;34m[1784656653.754] [12049:12049] [CTL] Shutting down the commissioner[0m
[0;32m[1784656653.754] [12049:12049] [PAF] WiFiPAF: Closing all WiFiPAF sessions to shutdown[0m
[0;34m[1784656653.754] [12049:12049] [CTL] Shutting down the controller[0m
[0;34m[1784656653.754] [12049:12049] [IN] Expiring all sessions for fabric 0x1!![0m
[0;34m[1784656653.754] [12049:12049] [IN] SecureSession[0x7b8cac009cd0]: MarkForEviction Type:2 LSID:1009[0m
[0;32m[1784656653.754] [12049:12049] [SC] SecureSession[0x7b8cac009cd0, LSID:1009]: State change 'kActive' --> 'kPendingEviction'[0m
[0;34m[1784656653.754] [12049:12049] [IN] SecureSession[0x7b8cac009cd0]: Released - Type:2 LSID:1009[0m
[0;32m[1784656653.754] [12049:12049] [FP] Forgetting fabric 0x1[0m
[0;32m[1784656653.754] [12049:12049] [TS] Pending Last Known Good Time: 2023-10-14T01:16:48[0m
[0;32m[1784656653.754] [12049:12049] [TS] Previous Last Known Good Time: 2023-10-14T01:16:48[0m
[0;32m[1784656653.754] [12049:12049] [TS] Reverted Last Known Good Time to previous value[0m
[0;34m[1784656653.754] [12049:12049] [CTL] Shutting down the commissioner[0m
[0;32m[1784656653.754] [12049:12049] [PAF] WiFiPAF: Closing all WiFiPAF sessions to shutdown[0m
[0;34m[1784656653.754] [12049:12049] [CTL] Shutting down the controller[0m
[0;34m[1784656653.754] [12049:12049] [CTL] Shutting down the System State, this will teardown the CHIP Stack[0m
[0;34m[1784656653.754] [12049:12049] [DMG] All ReadHandler-s are clean, clear GlobalDirtySet[0m
[0;32m[1784656653.754] [12049:12049] [FP] Shutting down FabricTable[0m
[0;32m[1784656653.754] [12049:12049] [TS] Pending Last Known Good Time: 2023-10-14T01:16:48[0m
[0;32m[1784656653.754] [12049:12049] [TS] Previous Last Known Good Time: 2023-10-14T01:16:48[0m
[0;32m[1784656653.754] [12049:12049] [TS] Reverted Last Known Good Time to previous value[0m
[0;34m[1784656653.756] [12049:12049] [DL] Wrote settings to /tmp/chip_counters.ini[0m
[0;32m[1784656653.756] [12049:12049] [DL] NVS set: chip-counters/total-operational-hours = 0 (0x0)[0m
[0;32m[1784656653.756] [12049:12049] [DL] Inet Layer shutdown[0m
[0;32m[1784656653.756] [12049:12049] [DL] BLE Layer shutdown[0m
[0;32m[1784656653.756] [12049:12049] [DL] WiFi-PAF Layer shutdown[0m
[0;32m[1784656653.756] [12049:12049] [PAF] WiFiPAF: Closing all WiFiPAF sessions to shutdown[0m
[0;32m[1784656653.756] [12049:12049] [DL] System Layer shutdown[0m
