[0;34m[1784656653.805] [12053:12053] [DL] ChipLinuxStorage::Init: Using KVS config file: /tmp/chip_tool_kvs[0m
[1;31m[1784656653.806] [12053:12053] [DL] ChipLinuxStorage::Init: Attempt to re-initialize with KVS config file: /tmp/chip_kvs, IGNORING.[0m
[0;34m[1784656653.807] [12053:12053] [DL] ChipLinuxStorage::Init: Using KVS config file: /tmp/chip_factory.ini[0m
[0;34m[1784656653.807] [12053:12053] [DL] ChipLinuxStorage::Init: Using KVS config file: /tmp/chip_config.ini[0m
[0;34m[1784656653.807] [12053:12053] [DL] ChipLinuxStorage::Init: Using KVS config file: /tmp/chip_counters.ini[0m
[0;34m[1784656653.809] [12053:12053] [DL] Wrote settings to /tmp/chip_counters.ini[0m
[0;32m[1784656653.809] [12053:12053] [DL] NVS set: chip-counters/reboot-count = 4 (0x4)[0m
[0;32m[1784656653.810] [12053:12053] [DL] Got Ethernet interface: enp0s3[0m
[0;32m[1784656653.810] [12053:12053] [DL] Found the primary Ethernet interface:enp0s3[0m
[1;31m[1784656653.810] [12053:12053] [DL] Failed to get WiFi interface[0m
[1;31m[1784656653.810] [12053:12053] [DL] Failed to reset WiFi statistic counts[0m
[0;32m[1784656653.810] [12053:12053] [PAF] WiFiPAF: WiFiPAFLayer::Init()[0m
[0;34m[1784656653.810] [12053:12053] [IN] UDP::Init bind&listen port=0[0m
[0;34m[1784656653.810] [12053:12053] [IN] UDP::Init bound to port=36528[0m
[0;34m[1784656653.810] [12053:12053] [IN] UDP::Init bind&listen port=0[0m
[0;34m[1784656653.810] [12053:12053] [IN] UDP::Init bound to port=41048[0m
[0;34m[1784656653.810] [12053:12053] [IN] BLEBase::Init - setting/overriding transport[0m
[0;34m[1784656653.810] [12053:12053] [IN] WiFiPAFBase::Init - setting/overriding transport[0m
[0;34m[1784656653.810] [12053:12053] [IN] TransportMgr initialized[0m
[0;34m[1784656653.810] [12053:12053] [FP] Initializing FabricTable from persistent storage[0m
[0;32m[1784656653.810] [12053:12053] [TS] Last Known Good Time: 2023-10-14T01:16:48[0m
[0;32m[1784656653.810] [12053:12053] [FP] Fabric index 0x1 was retrieved from storage. Compressed FabricId 0x7F30B15B54D8DA19, FabricId 0x0000000000000001, NodeId 0x000000000001B669, VendorId 0xFFF1[0m
[0;32m[1784656653.811] [12053:12053] [DMG] Ember attribute persistence requires setting up[0m
[0;32m[1784656653.811] [12053:12053] [ZCL] Using ZAP configuration...[0m
[0;34m[1784656653.811] [12053:12053] [CTL] System State Initialized...[0m
[0;32m[1784656653.811] [12053:12053] [CTL] Setting attestation nonce to random value[0m
[0;32m[1784656653.811] [12053:12053] [CTL] Setting CSR nonce to random value[0m
[0;34m[1784656653.812] [12053:12055] [DL] CHIP task running[0m
[0;32m[1784656653.812] [12053:12055] [CTL] Setting attestation nonce to random value[0m
[0;32m[1784656653.812] [12053:12055] [CTL] Setting CSR nonce to random value[0m
[0;32m[1784656653.812] [12053:12055] [CTL] Generating NOC[0m
[0;32m[1784656653.812] [12053:12055] [FP] Validating NOC chain[0m
[0;32m[1784656653.812] [12053:12055] [FP] NOC chain validation successful[0m
[0;32m[1784656653.812] [12053:12055] [FP] Updated fabric at index: 0x1, Node ID: 0x000000000001B669[0m
[0;32m[1784656653.812] [12053:12055] [TS] Last Known Good Time: 2023-10-14T01:16:48[0m
[0;32m[1784656653.812] [12053:12055] [TS] New proposed Last Known Good Time: 2021-01-01T00:00:00[0m
[0;32m[1784656653.812] [12053:12055] [TS] Retaining current Last Known Good Time[0m
[0;32m[1784656653.814] [12053:12055] [FP] Metadata for Fabric 0x1 persisted to storage.[0m
[0;32m[1784656653.815] [12053:12055] [TS] Committing Last Known Good Time to storage: 2023-10-14T01:16:48[0m
[0;32m[1784656653.816] [12053:12055] [CTL] Joined the fabric at index 1. Fabric ID is 0x0000000000000001 (Compressed Fabric ID: 7F30B15B54D8DA19)[0m
[0;32m[1784656653.820] [12053:12055] [TOO] Sending command to node 0x1[0m
[0;34m[1784656653.821] [12053:12055] [CSM] FindOrEstablishSession: PeerId = [1:0000000000000001][0m
[0;34m[1784656653.821] [12053:12055] [CSM] FindOrEstablishSession: No existing OperationalSessionSetup instance found[0m
[0;34m[1784656653.821] [12053:12055] [DIS] OperationalSessionSetup[1:0000000000000001]: State change 1 --> 2[0m
[0;32m[1784656653.821] [12053:12055] [DIS] Lookup started for 7F30B15B54D8DA19-0000000000000001[0m
[0;32m[1784656653.821] [12053:12055] [DIS] UDP:[fe80::bfe:a203:38f0:bce7%enp0s3]:5540: new best score: 7 (for 7F30B15B54D8DA19-0000000000000001)[0m
[0;34m[1784656653.821] [12053:12055] [DIS] Lookup clearing interface for non LL address[0m
[0;32m[1784656653.821] [12053:12055] [DIS] UDP:10.0.2.15%enp0s3:5540: new best score: 2 (for 7F30B15B54D8DA19-0000000000000001)[0m
[0;32m[1784656653.821] [12053:12055] [DIS] Checking node lookup status for 7F30B15B54D8DA19-0000000000000001 after 0 ms[0m
[0;32m[1784656653.821] [12053:12055] [DIS] Keeping DNSSD lookup active[0m
[0;32m[1784656653.821] [12053:12055] [DIS] UDP:[fe80::bfe:a203:38f0:bce7%enp0s3]:5540: score has not improved: 7 (for 7F30B15B54D8DA19-0000000000000001)[0m
[0;34m[1784656653.821] [12053:12055] [DIS] Lookup clearing interface for non LL address[0m
[0;32m[1784656653.821] [12053:12055] [DIS] UDP:10.0.2.15%enp0s3:5540: score has not improved: 2 (for 7F30B15B54D8DA19-0000000000000001)[0m
[0;32m[1784656653.821] [12053:12055] [DIS] Checking node lookup status for 7F30B15B54D8DA19-0000000000000001 after 0 ms[0m
[0;32m[1784656653.821] [12053:12055] [DIS] Keeping DNSSD lookup active[0m
[0;32m[1784656654.022] [12053:12055] [DIS] Checking node lookup status for 7F30B15B54D8DA19-0000000000000001 after 201 ms[0m
[0;34m[1784656654.022] [12053:12055] [DIS] OperationalSessionSetup[1:0000000000000001]: Updating device address to UDP:[fe80::bfe:a203:38f0:bce7%enp0s3]:5540 while in state 2[0m
[0;34m[1784656654.022] [12053:12055] [DIS] OperationalSessionSetup[1:0000000000000001]: State change 2 --> 3[0m
[0;34m[1784656654.022] [12053:12055] [IN] SecureSession[0x7933f4009cd0]: Allocated Type:2 LSID:14083[0m
[0;32m[1784656654.022] [12053:12055] [SC] Initiating session on local FabricIndex 1 from 0x000000000001B669 -> 0x0000000000000001[0m
[0;32m[1784656654.023] [12053:12055] [EM] <<< [E:347i S:0 M:227640396] (U) Msg TX from F51421916B7C20C7 to 0:0000000000000000 [0000] [UDP:[fe80::bfe:a203:38f0:bce7%enp0s3]:5540] --- Type 0000:30 (SecureChannel:CASE_Sigma1) (B:196)[0m
[0;32m[1784656654.024] [12053:12055] [EM] ??1 [E:347i S:0 M:227640396] (U) Msg Retransmission to 0:0000000000000000 scheduled for 682ms from now [State:Idle II:500 AI:300 AT:4000][0m
[0;32m[1784656654.024] [12053:12055] [SC] Sent Sigma1 msg to <0000000000000001, 1> [II:500ms AI:300ms AT:4000ms][0m
[0;34m[1784656654.024] [12053:12055] [DIS] OperationalSessionSetup[1:0000000000000001]: State change 3 --> 4[0m
[0;32m[1784656654.026] [12053:12055] [EM] >>> [E:347i S:0 M:114231678 (Ack:227640396)] (U) Msg RX from 0:0000000000000000 [0000] to F51421916B7C20C7 --- Type 0000:31 (SecureChannel:CASE_Sigma2) (B:751)[0m
[0;34m[1784656654.026] [12053:12055] [EM] Found matching exchange: 347i, Delegate: 0x7933f400b8e8[0m
[0;34m[1784656654.026] [12053:12055] [EM] Rxd Ack; Removing MessageCounter:227640396 from Retrans Table on exchange 347i[0m
[0;32m[1784656654.026] [12053:12055] [SC] Received Sigma2 msg[0m
[0;34m[1784656654.026] [12053:12055] [SC] Found MRP parameters in the message[0m
[0;34m[1784656654.027] [12053:12055] [SC] Peer <0000000000000001, 1> assigned session ID 33016[0m
[0;34m[1784656654.027] [12053:12055] [SC] Sending Sigma3[0m
[0;32m[1784656654.027] [12053:12055] [EM] <<< [E:347i S:0 M:227640397 (Ack:114231678)] (U) Msg TX from F51421916B7C20C7 to 0:0000000000000000 [0000] [UDP:[fe80::bfe:a203:38f0:bce7%enp0s3]:5540] --- Type 0000:32 (SecureChannel:CASE_Sigma3) (B:598)[0m
[0;32m[1784656654.027] [12053:12055] [EM] ??1 [E:347i S:0 M:227640397] (U) Msg Retransmission to 0:0000000000000000 scheduled for 405ms from now [State:Active II:500 AI:300 AT:4000][0m
[0;32m[1784656654.027] [12053:12055] [SC] Sent Sigma3 msg[0m
[0;32m[1784656654.037] [12053:12055] [EM] >>> [E:347i S:0 M:114231679 (Ack:227640397)] (U) Msg RX from 0:0000000000000000 [0000] to F51421916B7C20C7 --- Type 0000:40 (SecureChannel:StatusReport) (B:34)[0m
[0;34m[1784656654.037] [12053:12055] [EM] Found matching exchange: 347i, Delegate: 0x7933f400b8e8[0m
[0;34m[1784656654.037] [12053:12055] [EM] Rxd Ack; Removing MessageCounter:227640397 from Retrans Table on exchange 347i[0m
[0;32m[1784656654.037] [12053:12055] [SC] Success status report received. Session was established[0m
[0;32m[1784656654.038] [12053:12055] [SC] SecureSession[0x7933f4009cd0, LSID:14083]: State change 'kEstablishing' --> 'kActive'[0m
[0;34m[1784656654.038] [12053:12055] [IN] SecureSession[0x7933f4009cd0]: Activated - Type:2 LSID:14083[0m
[0;34m[1784656654.038] [12053:12055] [IN] New secure session activated for device <0000000000000001, 1>, LSID:14083 PSID:33016![0m
[0;34m[1784656654.038] [12053:12055] [DIS] OperationalSessionSetup[1:0000000000000001]: State change 4 --> 5[0m
[0;32m[1784656654.038] [12053:12055] [TOO] Sending cluster (0x0000003E) command (0x00000004) on endpoint 0[0m
[0;34m[1784656654.038] [12053:12055] [DMG] ICR moving to [AddingComm][0m
[0;34m[1784656654.038] [12053:12055] [DMG] ICR moving to [AddedComma][0m
[0;32m[1784656654.038] [12053:12055] [EM] <<< [E:348i S:14083 M:124996910] (S) Msg TX from 000000000001B669 to 1:0000000000000001 [DA19] [UDP:[fe80::bfe:a203:38f0:bce7%enp0s3]:5540] --- Type 0001:08 (IM:InvokeCommandRequest) (B:96)[0m
[0;32m[1784656654.038] [12053:12055] [EM] ??1 [E:348i S:14083 M:124996910] (S) Msg Retransmission to 1:0000000000000001 scheduled for 398ms from now [State:Active II:500 AI:300 AT:4000][0m
[0;34m[1784656654.038] [12053:12055] [DMG] ICR moving to [AwaitingRe][0m
[0;32m[1784656654.038] [12053:12055] [EM] <<< [E:347i S:0 M:227640398 (Ack:114231679)] (U) Msg TX from F51421916B7C20C7 to 0:0000000000000000 [0000] [UDP:[fe80::bfe:a203:38f0:bce7%enp0s3]:5540] --- Type 0000:10 (SecureChannel:StandaloneAck) (B:26)[0m
[0;34m[1784656654.038] [12053:12055] [EM] Flushed pending ack for MessageCounter:114231679 on exchange 347i[0m
[0;32m[1784656654.039] [12053:12055] [EM] >>> [E:348i S:14083 M:166790826 (Ack:124996910)] (S) Msg RX from 1:0000000000000001 [DA19] to 000000000001B669 --- Type 0001:09 (IM:InvokeCommandResponse) (B:376)[0m
[0;34m[1784656654.039] [12053:12055] [EM] Found matching exchange: 348i, Delegate: 0x7933f400eef8[0m
[0;34m[1784656654.039] [12053:12055] [EM] Rxd Ack; Removing MessageCounter:124996910 from Retrans Table on exchange 348i[0m
[0;34m[1784656654.039] [12053:12055] [DMG] ICR moving to [ResponseRe][0m
[0;34m[1784656654.039] [12053:12055] [DMG] InvokeResponseMessage =[0m
[0;34m[1784656654.039] [12053:12055] [DMG] {[0m
[0;34m[1784656654.039] [12053:12055] [DMG] 	suppressResponse = false, [0m
[0;34m[1784656654.039] [12053:12055] [DMG] 	InvokeResponseIBs =[0m
[0;34m[1784656654.039] [12053:12055] [DMG] 	[[0m
[0;34m[1784656654.039] [12053:12055] [DMG] 		InvokeResponseIB =[0m
[0;34m[1784656654.039] [12053:12055] [DMG] 		{[0m
[0;34m[1784656654.039] [12053:12055] [DMG] 			CommandDataIB =[0m
[0;34m[1784656654.039] [12053:12055] [DMG] 			{[0m
[0;34m[1784656654.039] [12053:12055] [DMG] 				CommandPathIB =[0m
[0;34m[1784656654.039] [12053:12055] [DMG] 				{[0m
[0;34m[1784656654.039] [12053:12055] [DMG] 					EndpointId = 0x0,[0m
[0;34m[1784656654.039] [12053:12055] [DMG] 					ClusterId = 0x3e,[0m
[0;34m[1784656654.039] [12053:12055] [DMG] 					CommandId = 0x5,[0m
[0;34m[1784656654.039] [12053:12055] [DMG] 				},[0m
[0;34m[1784656654.039] [12053:12055] [DMG] 				[0m
[0;34m[1784656654.039] [12053:12055] [DMG] 				CommandFields = [0m
[0;34m[1784656654.039] [12053:12055] [DMG] 				{[0m
[0;34m[1784656654.039] [12053:12055] [DMG] 					0x0 = [[0m
[0;34m[1784656654.039] [12053:12055] [DMG] 							0x15, 0x30, 0x01, 0xca, 0x30, 0x81, 0xc7, 0x30, 0x70, 0x02, 0x01, 0x00, 0x30, 0x0e, 0x31, 0x0c, 0x30, 0x0a, 0x06, 0x03, 0x55, 0x04, 0x0a, 0x0c, 0x03, 0x43, 0x53, 0x52, 0x30, 0x59, 0x30, 0x13, 0x06, 0x07, 0x2a, 0x86, 0x48, 0xce, 0x3d, 0x02, 0x01, 0x06, 0x08, 0x2a, 0x86, 0x48, 0xce, 0x3d, 0x03, 0x01, 0x07, 0x03, 0x42, 0x00, 0x04, 0xd3, 0x8f, 0x7d, 0x20, 0x7c, 0x56, 0x6e, 0x7a, 0xde, 0x92, 0x7a, 0x73, 0x26, 0xe9, 0x25, 0x7c, 0x17, 0x29, 0x43, 0x08, 0x07, 0xa4, 0xe6, 0x61, 0x44, 0x42, 0x4f, 0x29, 0xf4, 0x75, 0x06, 0xb1, 0x6f, 0xfe, 0xbf, 0x78, 0x80, 0xc4, 0xf8, 0x71, 0xc7, 0x38, 0x14, 0x2b, 0xab, 0xe2, 0x14, 0x91, 0x97, 0xec, 0xb0, 0x35, 0xd4, 0x95, 0x5b, 0x0d, 0x63, 0xb6, 0xbb, 0x71, 0x2e, 0x25, 0x3f, 0xa4, 0xa0, 0x00, 0x30, 0x0a, 0x06, 0x08, 0x2a, 0x86, 0x48, 0xce, 0x3d, 0x04, 0x03, 0x02, 0x03, 0x47, 0x00, 0x30, 0x44, 0x02, 0x20, 0x46, 0x9d, 0x22, 0x45, 0x88, 0x1a, 0x10, 0x77, 0x24, 0x02, 0x85, 0x5d, 0x87, 0x87, 0xb6, 0xb3, 0xe6, 0xb9, 0xa0, 0x92, 0x09, 0xaf, 0x53, 0x29, 0x9d, 0xb4, 0xb8, 0xe3, 0x03, 0xd9, 0xa3, 0x87, 0x02, 0x20, 0x13, 0xf8, 0x75, 0x90, 0x5f, 0x11, 0xc9, 0x01, 0x7b, 0x09, 0x7d, 0xcf, 0xee, 0xab, 0xe3, 0x03, 0x74, 0x59, 0x55, 0x06, 0x3f, 0xa6, 0xa3, 0xca, 0x9c, 0x98, 0x88, 0x9d, 0x06, 0x2c, 0xc9, 0x7f, 0x30, 0x02, 0x20, 0x02, 0x9c, 0x1c, 0xee, 0xb5, 0xc3, 0x36, 0x9a, 0x0b, 0xa6, 0xca, 0xd4, 0x76, 0xa9, 0xc8, 0xef, 0x4f, 0x84, 0x4f, 0x27, 0x35, 0x99, 0x8a, 0xb4, 0x5b, 0xc2, 0x53, 0xd4, 0x13, 0xb7, 0x54, 0x70, 0x18, [0m
[0;34m[1784656654.039] [12053:12055] [DMG] 					] (242 bytes)[0m
[0;34m[1784656654.039] [12053:12055] [DMG] 					0x1 = [[0m
[0;34m[1784656654.039] [12053:12055] [DMG] 							0xf8, 0xee, 0x17, 0xd6, 0x55, 0xdf, 0x74, 0x27, 0x2b, 0xe7, 0xf8, 0xd8, 0xc7, 0x58, 0xdc, 0xaf, 0x46, 0xb8, 0xc7, 0x6c, 0xc6, 0x57, 0x27, 0x81, 0xba, 0x5e, 0x4a, 0x28, 0x37, 0xe3, 0x31, 0x8e, 0x85, 0x69, 0xdc, 0x1e, 0xa8, 0xc8, 0x35, 0x25, 0x9f, 0x99, 0x3e, 0x43, 0x23, 0x25, 0xb9, 0xa8, 0xc5, 0x11, 0x29, 0xb8, 0x9e, 0xd0, 0x9c, 0x55, 0x36, 0x8d, 0x69, 0x1a, 0x23, 0x4f, 0x10, 0xb4, [0m
[0;34m[1784656654.039] [12053:12055] [DMG] 					] (64 bytes)[0m
[0;34m[1784656654.039] [12053:12055] [DMG] 				},[0m
[0;34m[1784656654.039] [12053:12055] [DMG] 			},[0m
[0;34m[1784656654.039] [12053:12055] [DMG] 			[0m
[0;34m[1784656654.039] [12053:12055] [DMG] 		},[0m
[0;34m[1784656654.039] [12053:12055] [DMG] 		[0m
[0;34m[1784656654.039] [12053:12055] [DMG] 	],[0m
[0;34m[1784656654.039] [12053:12055] [DMG] 	[0m
[0;34m[1784656654.039] [12053:12055] [DMG] 	InteractionModelRevision = 12[0m
[0;34m[1784656654.039] [12053:12055] [DMG] },[0m
[0;32m[1784656654.039] [12053:12055] [DMG] Received Command Response Data, Endpoint=0 Cluster=0x0000_003E Command=0x0000_0005[0m
[0;32m[1784656654.039] [12053:12055] [TOO] Endpoint: 0 Cluster: 0x0000_003E Command 0x0000_0005[0m
[0;32m[1784656654.039] [12053:12055] [TOO]   CSRResponse: {[0m
[0;32m[1784656654.039] [12053:12055] [TOO]     NOCSRElements: 153001CA3081C73070020100300E310C300A060355040A0C034353523059301306072A8648CE3D020106082A8648CE3D03010703420004D38F7D207C566E7ADE927A7326E9257C1729430807A4E66144424F29F47506B16FFEBF7880C4F871C738142BABE2149197ECB035D4955B0D63B6BB712E253FA4A000300A06082A8648CE3D04030203470030440220469D2245881A10772402855D8787B6B3E6B9A09209AF53299DB4B8E303D9A387022013F875905F11C9017B097DCFEEABE303745955063FA6A3CA9C98889D062CC97F300220029C1CEEB5C3369A0BA6CAD476A9C8EF4F844F2735998AB45BC253D413B7547018[0m
[0;32m[1784656654.039] [12053:12055] [TOO]     attestationSignature: F8EE17D655DF74272BE7F8D8C758DCAF46B8C76CC6572781BA5E4A2837E3318E8569DC1EA8C835259F993E432325B9A8C51129B89ED09C55368D691A234F10B4[0m
[0;32m[1784656654.039] [12053:12055] [TOO]    }[0m
[0;34m[1784656654.039] [12053:12055] [DMG] ICR moving to [AwaitingDe][0m
[0;32m[1784656654.039] [12053:12055] [EM] <<< [E:348i S:14083 M:124996911 (Ack:166790826)] (S) Msg TX from 000000000001B669 to 1:0000000000000001 [DA19] [UDP:[fe80::bfe:a203:38f0:bce7%enp0s3]:5540] --- Type 0000:10 (SecureChannel:StandaloneAck) (B:34)[0m
[0;34m[1784656654.039] [12053:12055] [EM] Flushed pending ack for MessageCounter:166790826 on exchange 348i[0m
[0;34m[1784656654.040] [12053:12053] [CTL] Shutting down the commissioner[0m
[0;32m[1784656654.040] [12053:12053] [PAF] WiFiPAF: Closing all WiFiPAF sessions to shutdown[0m
[0;34m[1784656654.040] [12053:12053] [CTL] Shutting down the controller[0m
[0;34m[1784656654.040] [12053:12053] [IN] Expiring all sessions for fabric 0x1!![0m
[0;34m[1784656654.040] [12053:12053] [IN] SecureSession[0x7933f4009cd0]: MarkForEviction Type:2 LSID:14083[0m
[0;32m[1784656654.040] [12053:12053] [SC] SecureSession[0x7933f4009cd0, LSID:14083]: State change 'kActive' --> 'kPendingEviction'[0m
[0;34m[1784656654.040] [12053:12053] [IN] SecureSession[0x7933f4009cd0]: Released - Type:2 LSID:14083[0m
[0;32m[1784656654.040] [12053:12053] [FP] Forgetting fabric 0x1[0m
[0;32m[1784656654.040] [12053:12053] [TS] Pending Last Known Good Time: 2023-10-14T01:16:48[0m
[0;32m[1784656654.040] [12053:12053] [TS] Previous Last Known Good Time: 2023-10-14T01:16:48[0m
[0;32m[1784656654.040] [12053:12053] [TS] Reverted Last Known Good Time to previous value[0m
[0;34m[1784656654.040] [12053:12053] [CTL] Shutting down the commissioner[0m
[0;32m[1784656654.040] [12053:12053] [PAF] WiFiPAF: Closing all WiFiPAF sessions to shutdown[0m
[0;34m[1784656654.040] [12053:12053] [CTL] Shutting down the controller[0m
[0;34m[1784656654.040] [12053:12053] [CTL] Shutting down the System State, this will teardown the CHIP Stack[0m
[0;34m[1784656654.040] [12053:12053] [DMG] All ReadHandler-s are clean, clear GlobalDirtySet[0m
[0;32m[1784656654.040] [12053:12053] [FP] Shutting down FabricTable[0m
[0;32m[1784656654.040] [12053:12053] [TS] Pending Last Known Good Time: 2023-10-14T01:16:48[0m
[0;32m[1784656654.040] [12053:12053] [TS] Previous Last Known Good Time: 2023-10-14T01:16:48[0m
[0;32m[1784656654.040] [12053:12053] [TS] Reverted Last Known Good Time to previous value[0m
[0;34m[1784656654.041] [12053:12053] [DL] Wrote settings to /tmp/chip_counters.ini[0m
[0;32m[1784656654.041] [12053:12053] [DL] NVS set: chip-counters/total-operational-hours = 0 (0x0)[0m
[0;32m[1784656654.041] [12053:12053] [DL] Inet Layer shutdown[0m
[0;32m[1784656654.041] [12053:12053] [DL] BLE Layer shutdown[0m
[0;32m[1784656654.041] [12053:12053] [DL] WiFi-PAF Layer shutdown[0m
[0;32m[1784656654.041] [12053:12053] [PAF] WiFiPAF: Closing all WiFiPAF sessions to shutdown[0m
[0;32m[1784656654.041] [12053:12053] [DL] System Layer shutdown[0m
