[0;34m[1784656654.452] [12066:12066] [DL] ChipLinuxStorage::Init: Using KVS config file: /tmp/chip_tool_kvs[0m
[1;31m[1784656654.455] [12066:12066] [DL] ChipLinuxStorage::Init: Attempt to re-initialize with KVS config file: /tmp/chip_kvs, IGNORING.[0m
[0;34m[1784656654.457] [12066:12066] [DL] ChipLinuxStorage::Init: Using KVS config file: /tmp/chip_factory.ini[0m
[0;34m[1784656654.457] [12066:12066] [DL] ChipLinuxStorage::Init: Using KVS config file: /tmp/chip_config.ini[0m
[0;34m[1784656654.457] [12066:12066] [DL] ChipLinuxStorage::Init: Using KVS config file: /tmp/chip_counters.ini[0m
[0;34m[1784656654.460] [12066:12066] [DL] Wrote settings to /tmp/chip_counters.ini[0m
[0;32m[1784656654.460] [12066:12066] [DL] NVS set: chip-counters/reboot-count = 6 (0x6)[0m
[0;32m[1784656654.460] [12066:12066] [DL] Got Ethernet interface: enp0s3[0m
[0;32m[1784656654.460] [12066:12066] [DL] Found the primary Ethernet interface:enp0s3[0m
[1;31m[1784656654.460] [12066:12066] [DL] Failed to get WiFi interface[0m
[1;31m[1784656654.460] [12066:12066] [DL] Failed to reset WiFi statistic counts[0m
[0;32m[1784656654.460] [12066:12066] [PAF] WiFiPAF: WiFiPAFLayer::Init()[0m
[0;34m[1784656654.460] [12066:12066] [IN] UDP::Init bind&listen port=0[0m
[0;34m[1784656654.460] [12066:12066] [IN] UDP::Init bound to port=38511[0m
[0;34m[1784656654.460] [12066:12066] [IN] UDP::Init bind&listen port=0[0m
[0;34m[1784656654.460] [12066:12066] [IN] UDP::Init bound to port=46879[0m
[0;34m[1784656654.460] [12066:12066] [IN] BLEBase::Init - setting/overriding transport[0m
[0;34m[1784656654.460] [12066:12066] [IN] WiFiPAFBase::Init - setting/overriding transport[0m
[0;34m[1784656654.460] [12066:12066] [IN] TransportMgr initialized[0m
[0;34m[1784656654.460] [12066:12066] [FP] Initializing FabricTable from persistent storage[0m
[0;32m[1784656654.460] [12066:12066] [TS] Last Known Good Time: 2023-10-14T01:16:48[0m
[0;32m[1784656654.460] [12066:12066] [FP] Fabric index 0x1 was retrieved from storage. Compressed FabricId 0x7F30B15B54D8DA19, FabricId 0x0000000000000001, NodeId 0x000000000001B669, VendorId 0xFFF1[0m
[0;32m[1784656654.461] [12066:12066] [DMG] Ember attribute persistence requires setting up[0m
[0;32m[1784656654.461] [12066:12066] [ZCL] Using ZAP configuration...[0m
[0;34m[1784656654.461] [12066:12066] [CTL] System State Initialized...[0m
[0;32m[1784656654.461] [12066:12066] [CTL] Setting attestation nonce to random value[0m
[0;32m[1784656654.461] [12066:12066] [CTL] Setting CSR nonce to random value[0m
[0;34m[1784656654.461] [12066:12068] [DL] CHIP task running[0m
[0;32m[1784656654.461] [12066:12068] [CTL] Setting attestation nonce to random value[0m
[0;32m[1784656654.461] [12066:12068] [CTL] Setting CSR nonce to random value[0m
[0;32m[1784656654.462] [12066:12068] [CTL] Generating NOC[0m
[0;32m[1784656654.462] [12066:12068] [FP] Validating NOC chain[0m
[0;32m[1784656654.462] [12066:12068] [FP] NOC chain validation successful[0m
[0;32m[1784656654.462] [12066:12068] [FP] Updated fabric at index: 0x1, Node ID: 0x000000000001B669[0m
[0;32m[1784656654.462] [12066:12068] [TS] Last Known Good Time: 2023-10-14T01:16:48[0m
[0;32m[1784656654.462] [12066:12068] [TS] New proposed Last Known Good Time: 2021-01-01T00:00:00[0m
[0;32m[1784656654.462] [12066:12068] [TS] Retaining current Last Known Good Time[0m
[0;32m[1784656654.464] [12066:12068] [FP] Metadata for Fabric 0x1 persisted to storage.[0m
[0;32m[1784656654.465] [12066:12068] [TS] Committing Last Known Good Time to storage: 2023-10-14T01:16:48[0m
[0;32m[1784656654.466] [12066:12068] [CTL] Joined the fabric at index 1. Fabric ID is 0x0000000000000001 (Compressed Fabric ID: 7F30B15B54D8DA19)[0m
[0;32m[1784656654.470] [12066:12068] [TOO] Sending command to node 0x1[0m
[0;34m[1784656654.471] [12066:12068] [CSM] FindOrEstablishSession: PeerId = [1:0000000000000001][0m
[0;34m[1784656654.471] [12066:12068] [CSM] FindOrEstablishSession: No existing OperationalSessionSetup instance found[0m
[0;34m[1784656654.471] [12066:12068] [DIS] OperationalSessionSetup[1:0000000000000001]: State change 1 --> 2[0m
[0;32m[1784656654.471] [12066:12068] [DIS] Lookup started for 7F30B15B54D8DA19-0000000000000001[0m
[0;32m[1784656654.472] [12066:12068] [DIS] UDP:[fe80::bfe:a203:38f0:bce7%enp0s3]:5540: new best score: 7 (for 7F30B15B54D8DA19-0000000000000001)[0m
[0;34m[1784656654.472] [12066:12068] [DIS] Lookup clearing interface for non LL address[0m
[0;32m[1784656654.472] [12066:12068] [DIS] UDP:10.0.2.15%enp0s3:5540: new best score: 2 (for 7F30B15B54D8DA19-0000000000000001)[0m
[0;32m[1784656654.472] [12066:12068] [DIS] Checking node lookup status for 7F30B15B54D8DA19-0000000000000001 after 1 ms[0m
[0;32m[1784656654.472] [12066:12068] [DIS] Keeping DNSSD lookup active[0m
[0;32m[1784656654.472] [12066:12068] [DIS] UDP:[fe80::bfe:a203:38f0:bce7%enp0s3]:5540: score has not improved: 7 (for 7F30B15B54D8DA19-0000000000000001)[0m
[0;34m[1784656654.472] [12066:12068] [DIS] Lookup clearing interface for non LL address[0m
[0;32m[1784656654.472] [12066:12068] [DIS] UDP:10.0.2.15%enp0s3:5540: score has not improved: 2 (for 7F30B15B54D8DA19-0000000000000001)[0m
[0;32m[1784656654.472] [12066:12068] [DIS] Checking node lookup status for 7F30B15B54D8DA19-0000000000000001 after 1 ms[0m
[0;32m[1784656654.472] [12066:12068] [DIS] Keeping DNSSD lookup active[0m
[0;32m[1784656654.674] [12066:12068] [DIS] Checking node lookup status for 7F30B15B54D8DA19-0000000000000001 after 203 ms[0m
[0;34m[1784656654.674] [12066:12068] [DIS] OperationalSessionSetup[1:0000000000000001]: Updating device address to UDP:[fe80::bfe:a203:38f0:bce7%enp0s3]:5540 while in state 2[0m
[0;34m[1784656654.674] [12066:12068] [DIS] OperationalSessionSetup[1:0000000000000001]: State change 2 --> 3[0m
[0;34m[1784656654.674] [12066:12068] [IN] SecureSession[0x740cf4009cd0]: Allocated Type:2 LSID:54223[0m
[0;32m[1784656654.674] [12066:12068] [SC] Initiating session on local FabricIndex 1 from 0x000000000001B669 -> 0x0000000000000001[0m
[0;32m[1784656654.675] [12066:12068] [EM] <<< [E:57554i S:0 M:258465415] (U) Msg TX from E5E3468DD1FA60C0 to 0:0000000000000000 [0000] [UDP:[fe80::bfe:a203:38f0:bce7%enp0s3]:5540] --- Type 0000:30 (SecureChannel:CASE_Sigma1) (B:196)[0m
[0;32m[1784656654.676] [12066:12068] [EM] ??1 [E:57554i S:0 M:258465415] (U) Msg Retransmission to 0:0000000000000000 scheduled for 628ms from now [State:Idle II:500 AI:300 AT:4000][0m
[0;32m[1784656654.676] [12066:12068] [SC] Sent Sigma1 msg to <0000000000000001, 1> [II:500ms AI:300ms AT:4000ms][0m
[0;34m[1784656654.676] [12066:12068] [DIS] OperationalSessionSetup[1:0000000000000001]: State change 3 --> 4[0m
[0;32m[1784656654.677] [12066:12068] [EM] >>> [E:57554i S:0 M:114231682 (Ack:258465415)] (U) Msg RX from 0:0000000000000000 [0000] to E5E3468DD1FA60C0 --- Type 0000:31 (SecureChannel:CASE_Sigma2) (B:751)[0m
[0;34m[1784656654.677] [12066:12068] [EM] Found matching exchange: 57554i, Delegate: 0x740cf400b8e8[0m
[0;34m[1784656654.677] [12066:12068] [EM] Rxd Ack; Removing MessageCounter:258465415 from Retrans Table on exchange 57554i[0m
[0;32m[1784656654.677] [12066:12068] [SC] Received Sigma2 msg[0m
[0;34m[1784656654.677] [12066:12068] [SC] Found MRP parameters in the message[0m
[0;34m[1784656654.678] [12066:12068] [SC] Peer <0000000000000001, 1> assigned session ID 33018[0m
[0;34m[1784656654.678] [12066:12068] [SC] Sending Sigma3[0m
[0;32m[1784656654.678] [12066:12068] [EM] <<< [E:57554i S:0 M:258465416 (Ack:114231682)] (U) Msg TX from E5E3468DD1FA60C0 to 0:0000000000000000 [0000] [UDP:[fe80::bfe:a203:38f0:bce7%enp0s3]:5540] --- Type 0000:32 (SecureChannel:CASE_Sigma3) (B:598)[0m
[0;32m[1784656654.678] [12066:12068] [EM] ??1 [E:57554i S:0 M:258465416] (U) Msg Retransmission to 0:0000000000000000 scheduled for 373ms from now [State:Active II:500 AI:300 AT:4000][0m
[0;32m[1784656654.678] [12066:12068] [SC] Sent Sigma3 msg[0m
[0;32m[1784656654.687] [12066:12068] [EM] >>> [E:57554i S:0 M:114231683 (Ack:258465416)] (U) Msg RX from 0:0000000000000000 [0000] to E5E3468DD1FA60C0 --- Type 0000:40 (SecureChannel:StatusReport) (B:34)[0m
[0;34m[1784656654.687] [12066:12068] [EM] Found matching exchange: 57554i, Delegate: 0x740cf400b8e8[0m
[0;34m[1784656654.687] [12066:12068] [EM] Rxd Ack; Removing MessageCounter:258465416 from Retrans Table on exchange 57554i[0m
[0;32m[1784656654.687] [12066:12068] [SC] Success status report received. Session was established[0m
[0;32m[1784656654.688] [12066:12068] [SC] SecureSession[0x740cf4009cd0, LSID:54223]: State change 'kEstablishing' --> 'kActive'[0m
[0;34m[1784656654.688] [12066:12068] [IN] SecureSession[0x740cf4009cd0]: Activated - Type:2 LSID:54223[0m
[0;34m[1784656654.688] [12066:12068] [IN] New secure session activated for device <0000000000000001, 1>, LSID:54223 PSID:33018![0m
[0;34m[1784656654.688] [12066:12068] [DIS] OperationalSessionSetup[1:0000000000000001]: State change 4 --> 5[0m
[0;32m[1784656654.688] [12066:12068] [TOO] Sending cluster (0x0000003E) command (0x00000007) on endpoint 0[0m
[0;34m[1784656654.688] [12066:12068] [DMG] ICR moving to [AddingComm][0m
[0;34m[1784656654.688] [12066:12068] [DMG] ICR moving to [AddedComma][0m
[0;32m[1784656654.688] [12066:12068] [EM] <<< [E:57555i S:54223 M:19190242] (S) Msg TX from 000000000001B669 to 1:0000000000000001 [DA19] [UDP:[fe80::bfe:a203:38f0:bce7%enp0s3]:5540] --- Type 0001:08 (IM:InvokeCommandRequest) (B:330)[0m
[0;32m[1784656654.688] [12066:12068] [EM] ??1 [E:57555i S:54223 M:19190242] (S) Msg Retransmission to 1:0000000000000001 scheduled for 351ms from now [State:Active II:500 AI:300 AT:4000][0m
[0;34m[1784656654.688] [12066:12068] [DMG] ICR moving to [AwaitingRe][0m
[0;32m[1784656654.688] [12066:12068] [EM] <<< [E:57554i S:0 M:258465417 (Ack:114231683)] (U) Msg TX from E5E3468DD1FA60C0 to 0:0000000000000000 [0000] [UDP:[fe80::bfe:a203:38f0:bce7%enp0s3]:5540] --- Type 0000:10 (SecureChannel:StandaloneAck) (B:26)[0m
[0;34m[1784656654.688] [12066:12068] [EM] Flushed pending ack for MessageCounter:114231683 on exchange 57554i[0m
[0;32m[1784656654.699] [12066:12068] [EM] >>> [E:57555i S:54223 M:38425690 (Ack:19190242)] (S) Msg RX from 1:0000000000000001 [DA19] to 000000000001B669 --- Type 0001:09 (IM:InvokeCommandResponse) (B:70)[0m
[0;34m[1784656654.699] [12066:12068] [EM] Found matching exchange: 57555i, Delegate: 0x740cf400eef8[0m
[0;34m[1784656654.699] [12066:12068] [EM] Rxd Ack; Removing MessageCounter:19190242 from Retrans Table on exchange 57555i[0m
[0;34m[1784656654.699] [12066:12068] [DMG] ICR moving to [ResponseRe][0m
[0;34m[1784656654.699] [12066:12068] [DMG] InvokeResponseMessage =[0m
[0;34m[1784656654.699] [12066:12068] [DMG] {[0m
[0;34m[1784656654.699] [12066:12068] [DMG] 	suppressResponse = false, [0m
[0;34m[1784656654.699] [12066:12068] [DMG] 	InvokeResponseIBs =[0m
[0;34m[1784656654.699] [12066:12068] [DMG] 	[[0m
[0;34m[1784656654.699] [12066:12068] [DMG] 		InvokeResponseIB =[0m
[0;34m[1784656654.699] [12066:12068] [DMG] 		{[0m
[0;34m[1784656654.699] [12066:12068] [DMG] 			CommandDataIB =[0m
[0;34m[1784656654.699] [12066:12068] [DMG] 			{[0m
[0;34m[1784656654.699] [12066:12068] [DMG] 				CommandPathIB =[0m
[0;34m[1784656654.699] [12066:12068] [DMG] 				{[0m
[0;34m[1784656654.699] [12066:12068] [DMG] 					EndpointId = 0x0,[0m
[0;34m[1784656654.699] [12066:12068] [DMG] 					ClusterId = 0x3e,[0m
[0;34m[1784656654.699] [12066:12068] [DMG] 					CommandId = 0x8,[0m
[0;34m[1784656654.699] [12066:12068] [DMG] 				},[0m
[0;34m[1784656654.699] [12066:12068] [DMG] 				[0m
[0;34m[1784656654.699] [12066:12068] [DMG] 				CommandFields = [0m
[0;34m[1784656654.699] [12066:12068] [DMG] 				{[0m
[0;34m[1784656654.699] [12066:12068] [DMG] 					0x0 = 0 (unsigned), [0m
[0;34m[1784656654.699] [12066:12068] [DMG] 					0x1 = 1 (unsigned), [0m
[0;34m[1784656654.699] [12066:12068] [DMG] 				},[0m
[0;34m[1784656654.699] [12066:12068] [DMG] 			},[0m
[0;34m[1784656654.699] [12066:12068] [DMG] 			[0m
[0;34m[1784656654.699] [12066:12068] [DMG] 		},[0m
[0;34m[1784656654.699] [12066:12068] [DMG] 		[0m
[0;34m[1784656654.699] [12066:12068] [DMG] 	],[0m
[0;34m[1784656654.699] [12066:12068] [DMG] 	[0m
[0;34m[1784656654.699] [12066:12068] [DMG] 	InteractionModelRevision = 12[0m
[0;34m[1784656654.699] [12066:12068] [DMG] },[0m
[0;32m[1784656654.699] [12066:12068] [DMG] Received Command Response Data, Endpoint=0 Cluster=0x0000_003E Command=0x0000_0008[0m
[0;32m[1784656654.699] [12066:12068] [TOO] Endpoint: 0 Cluster: 0x0000_003E Command 0x0000_0008[0m
[0;32m[1784656654.699] [12066:12068] [TOO]   NOCResponse: {[0m
[0;32m[1784656654.699] [12066:12068] [TOO]     statusCode: 0[0m
[0;32m[1784656654.699] [12066:12068] [TOO]     fabricIndex: 1[0m
[0;32m[1784656654.699] [12066:12068] [TOO]    }[0m
[0;34m[1784656654.699] [12066:12068] [DMG] ICR moving to [AwaitingDe][0m
[0;32m[1784656654.699] [12066:12068] [EM] <<< [E:57555i S:54223 M:19190243 (Ack:38425690)] (S) Msg TX from 000000000001B669 to 1:0000000000000001 [DA19] [UDP:[fe80::bfe:a203:38f0:bce7%enp0s3]:5540] --- Type 0000:10 (SecureChannel:StandaloneAck) (B:34)[0m
[0;34m[1784656654.699] [12066:12068] [EM] Flushed pending ack for MessageCounter:38425690 on exchange 57555i[0m
[0;34m[1784656654.699] [12066:12066] [CTL] Shutting down the commissioner[0m
[0;32m[1784656654.699] [12066:12066] [PAF] WiFiPAF: Closing all WiFiPAF sessions to shutdown[0m
[0;34m[1784656654.699] [12066:12066] [CTL] Shutting down the controller[0m
[0;34m[1784656654.699] [12066:12066] [IN] Expiring all sessions for fabric 0x1!![0m
[0;34m[1784656654.699] [12066:12066] [IN] SecureSession[0x740cf4009cd0]: MarkForEviction Type:2 LSID:54223[0m
[0;32m[1784656654.699] [12066:12066] [SC] SecureSession[0x740cf4009cd0, LSID:54223]: State change 'kActive' --> 'kPendingEviction'[0m
[0;34m[1784656654.699] [12066:12066] [IN] SecureSession[0x740cf4009cd0]: Released - Type:2 LSID:54223[0m
[0;32m[1784656654.699] [12066:12066] [FP] Forgetting fabric 0x1[0m
[0;32m[1784656654.699] [12066:12066] [TS] Pending Last Known Good Time: 2023-10-14T01:16:48[0m
[0;32m[1784656654.699] [12066:12066] [TS] Previous Last Known Good Time: 2023-10-14T01:16:48[0m
[0;32m[1784656654.699] [12066:12066] [TS] Reverted Last Known Good Time to previous value[0m
[0;34m[1784656654.699] [12066:12066] [CTL] Shutting down the commissioner[0m
[0;32m[1784656654.699] [12066:12066] [PAF] WiFiPAF: Closing all WiFiPAF sessions to shutdown[0m
[0;34m[1784656654.699] [12066:12066] [CTL] Shutting down the controller[0m
[0;34m[1784656654.699] [12066:12066] [CTL] Shutting down the System State, this will teardown the CHIP Stack[0m
[0;34m[1784656654.699] [12066:12066] [DMG] All ReadHandler-s are clean, clear GlobalDirtySet[0m
[0;32m[1784656654.699] [12066:12066] [FP] Shutting down FabricTable[0m
[0;32m[1784656654.699] [12066:12066] [TS] Pending Last Known Good Time: 2023-10-14T01:16:48[0m
[0;32m[1784656654.699] [12066:12066] [TS] Previous Last Known Good Time: 2023-10-14T01:16:48[0m
[0;32m[1784656654.699] [12066:12066] [TS] Reverted Last Known Good Time to previous value[0m
[0;34m[1784656654.701] [12066:12066] [DL] Wrote settings to /tmp/chip_counters.ini[0m
[0;32m[1784656654.701] [12066:12066] [DL] NVS set: chip-counters/total-operational-hours = 0 (0x0)[0m
[0;32m[1784656654.701] [12066:12066] [DL] Inet Layer shutdown[0m
[0;32m[1784656654.701] [12066:12066] [DL] BLE Layer shutdown[0m
[0;32m[1784656654.701] [12066:12066] [DL] WiFi-PAF Layer shutdown[0m
[0;32m[1784656654.701] [12066:12066] [PAF] WiFiPAF: Closing all WiFiPAF sessions to shutdown[0m
[0;32m[1784656654.701] [12066:12066] [DL] System Layer shutdown[0m
