[0;34m[2524608000.138] [17831:17831] [DL] ChipLinuxStorage::Init: Using KVS config file: /tmp/chip_tool_kvs[0m
[1;31m[2524608000.138] [17831:17831] [DL] ChipLinuxStorage::Init: Attempt to re-initialize with KVS config file: /tmp/chip_kvs, IGNORING.[0m
[0;34m[2524608000.140] [17831:17831] [DL] ChipLinuxStorage::Init: Using KVS config file: /tmp/chip_factory.ini[0m
[0;34m[2524608000.140] [17831:17831] [DL] ChipLinuxStorage::Init: Using KVS config file: /tmp/chip_config.ini[0m
[0;34m[2524608000.140] [17831:17831] [DL] ChipLinuxStorage::Init: Using KVS config file: /tmp/chip_counters.ini[0m
[0;34m[2524608000.145] [17831:17831] [DL] Wrote settings to /tmp/chip_counters.ini[0m
[0;32m[2524608000.145] [17831:17831] [DL] NVS set: chip-counters/reboot-count = 4 (0x4)[0m
[0;32m[2524608000.145] [17831:17831] [DL] Got Ethernet interface: enp0s3[0m
[0;32m[2524608000.145] [17831:17831] [DL] Found the primary Ethernet interface:enp0s3[0m
[1;31m[2524608000.146] [17831:17831] [DL] Failed to get WiFi interface[0m
[1;31m[2524608000.146] [17831:17831] [DL] Failed to reset WiFi statistic counts[0m
[0;32m[2524608000.146] [17831:17831] [PAF] WiFiPAF: WiFiPAFLayer::Init()[0m
[0;34m[2524608000.146] [17831:17831] [IN] UDP::Init bind&listen port=0[0m
[0;34m[2524608000.146] [17831:17831] [IN] UDP::Init bound to port=36977[0m
[0;34m[2524608000.146] [17831:17831] [IN] UDP::Init bind&listen port=0[0m
[0;34m[2524608000.146] [17831:17831] [IN] UDP::Init bound to port=36154[0m
[0;34m[2524608000.146] [17831:17831] [IN] BLEBase::Init - setting/overriding transport[0m
[0;34m[2524608000.146] [17831:17831] [IN] WiFiPAFBase::Init - setting/overriding transport[0m
[0;34m[2524608000.146] [17831:17831] [IN] TransportMgr initialized[0m
[0;34m[2524608000.146] [17831:17831] [FP] Initializing FabricTable from persistent storage[0m
[0;32m[2524608000.146] [17831:17831] [TS] Last Known Good Time: 2023-10-14T01:16:48[0m
[0;32m[2524608000.146] [17831:17831] [FP] Fabric index 0x1 was retrieved from storage. Compressed FabricId 0x6B9CDFF3A69AB4D9, FabricId 0x0000000000000001, NodeId 0x000000000001B669, VendorId 0xFFF1[0m
[0;32m[2524608000.147] [17831:17831] [DMG] Ember attribute persistence requires setting up[0m
[0;32m[2524608000.147] [17831:17831] [ZCL] Using ZAP configuration...[0m
[0;34m[2524608000.147] [17831:17831] [CTL] System State Initialized...[0m
[0;32m[2524608000.148] [17831:17831] [CTL] Setting attestation nonce to random value[0m
[0;32m[2524608000.148] [17831:17831] [CTL] Setting CSR nonce to random value[0m
[0;34m[2524608000.148] [17831:17851] [DL] CHIP task running[0m
[0;32m[2524608000.148] [17831:17851] [CTL] Setting attestation nonce to random value[0m
[0;32m[2524608000.148] [17831:17851] [CTL] Setting CSR nonce to random value[0m
[0;32m[2524608000.148] [17831:17851] [CTL] Generating NOC[0m
[0;32m[2524608000.148] [17831:17851] [FP] Validating NOC chain[0m
[0;32m[2524608000.149] [17831:17851] [FP] NOC chain validation successful[0m
[0;32m[2524608000.149] [17831:17851] [FP] Updated fabric at index: 0x1, Node ID: 0x000000000001B669[0m
[0;32m[2524608000.149] [17831:17851] [TS] Last Known Good Time: 2023-10-14T01:16:48[0m
[0;32m[2524608000.149] [17831:17851] [TS] New proposed Last Known Good Time: 2021-01-01T00:00:00[0m
[0;32m[2524608000.149] [17831:17851] [TS] Retaining current Last Known Good Time[0m
[0;32m[2524608000.151] [17831:17851] [FP] Metadata for Fabric 0x1 persisted to storage.[0m
[0;32m[2524608000.151] [17831:17851] [TS] Committing Last Known Good Time to storage: 2023-10-14T01:16:48[0m
[0;32m[2524608000.152] [17831:17851] [CTL] Joined the fabric at index 1. Fabric ID is 0x0000000000000001 (Compressed Fabric ID: 6B9CDFF3A69AB4D9)[0m
[0;32m[2524608000.156] [17831:17851] [TOO] Sending command to node 0x1[0m
[0;34m[2524608000.156] [17831:17851] [CSM] FindOrEstablishSession: PeerId = [1:0000000000000001][0m
[0;34m[2524608000.156] [17831:17851] [CSM] FindOrEstablishSession: No existing OperationalSessionSetup instance found[0m
[0;34m[2524608000.156] [17831:17851] [DIS] OperationalSessionSetup[1:0000000000000001]: State change 1 --> 2[0m
[0;32m[2524608000.157] [17831:17851] [DIS] Lookup started for 6B9CDFF3A69AB4D9-0000000000000001[0m
[0;32m[2524608000.157] [17831:17851] [DIS] UDP:[fe80::bfe:a203:38f0:bce7%enp0s3]:5540: new best score: 7 (for 6B9CDFF3A69AB4D9-0000000000000001)[0m
[0;34m[2524608000.157] [17831:17851] [DIS] Lookup clearing interface for non LL address[0m
[0;32m[2524608000.157] [17831:17851] [DIS] UDP:10.0.2.15%enp0s3:5540: new best score: 2 (for 6B9CDFF3A69AB4D9-0000000000000001)[0m
[0;32m[2524608000.157] [17831:17851] [DIS] Checking node lookup status for 6B9CDFF3A69AB4D9-0000000000000001 after 1 ms[0m
[0;32m[2524608000.157] [17831:17851] [DIS] Keeping DNSSD lookup active[0m
[0;32m[2524608000.157] [17831:17851] [DIS] UDP:[fe80::bfe:a203:38f0:bce7%enp0s3]:5540: score has not improved: 7 (for 6B9CDFF3A69AB4D9-0000000000000001)[0m
[0;34m[2524608000.157] [17831:17851] [DIS] Lookup clearing interface for non LL address[0m
[0;32m[2524608000.157] [17831:17851] [DIS] UDP:10.0.2.15%enp0s3:5540: score has not improved: 2 (for 6B9CDFF3A69AB4D9-0000000000000001)[0m
[0;32m[2524608000.157] [17831:17851] [DIS] Checking node lookup status for 6B9CDFF3A69AB4D9-0000000000000001 after 1 ms[0m
[0;32m[2524608000.157] [17831:17851] [DIS] Keeping DNSSD lookup active[0m
[0;32m[2524608000.380] [17831:17851] [DIS] Checking node lookup status for 6B9CDFF3A69AB4D9-0000000000000001 after 223 ms[0m
[0;34m[2524608000.380] [17831:17851] [DIS] OperationalSessionSetup[1:0000000000000001]: Updating device address to UDP:[fe80::bfe:a203:38f0:bce7%enp0s3]:5540 while in state 2[0m
[0;34m[2524608000.380] [17831:17851] [DIS] OperationalSessionSetup[1:0000000000000001]: State change 2 --> 3[0m
[0;34m[2524608000.380] [17831:17851] [IN] SecureSession[0x7d6a1c009cd0]: Allocated Type:2 LSID:19488[0m
[0;32m[2524608000.380] [17831:17851] [SC] Initiating session on local FabricIndex 1 from 0x000000000001B669 -> 0x0000000000000001[0m
[0;32m[2524608000.380] [17831:17851] [EM] <<< [E:16449i S:0 M:265041565] (U) Msg TX from 4D2E8C27303FE85D to 0:0000000000000000 [0000] [UDP:[fe80::bfe:a203:38f0:bce7%enp0s3]:5540] --- Type 0000:30 (SecureChannel:CASE_Sigma1) (B:196)[0m
[0;32m[2524608000.380] [17831:17851] [EM] ??1 [E:16449i S:0 M:265041565] (U) Msg Retransmission to 0:0000000000000000 scheduled for 658ms from now [State:Idle II:500 AI:300 AT:4000][0m
[0;32m[2524608000.380] [17831:17851] [SC] Sent Sigma1 msg to <0000000000000001, 1> [II:500ms AI:300ms AT:4000ms][0m
[0;34m[2524608000.380] [17831:17851] [DIS] OperationalSessionSetup[1:0000000000000001]: State change 3 --> 4[0m
[0;32m[2524608000.381] [17831:17851] [EM] >>> [E:16449i S:0 M:52878225 (Ack:265041565)] (U) Msg RX from 0:0000000000000000 [0000] to 4D2E8C27303FE85D --- Type 0000:31 (SecureChannel:CASE_Sigma2) (B:751)[0m
[0;34m[2524608000.381] [17831:17851] [EM] Found matching exchange: 16449i, Delegate: 0x7d6a1c00b8e8[0m
[0;34m[2524608000.381] [17831:17851] [EM] Rxd Ack; Removing MessageCounter:265041565 from Retrans Table on exchange 16449i[0m
[0;32m[2524608000.381] [17831:17851] [SC] Received Sigma2 msg[0m
[0;34m[2524608000.381] [17831:17851] [SC] Found MRP parameters in the message[0m
[0;34m[2524608000.382] [17831:17851] [SC] Certificate's mNotAfterTime (978134400) is before current time (1577923200)[0m
[0;34m[2524608000.382] [17831:17851] [SC] Sending status report. Protocol code 2, exchange 16449[0m
[0;32m[2524608000.382] [17831:17851] [EM] <<< [E:16449i S:0 M:265041566 (Ack:52878225)] (U) Msg TX from 4D2E8C27303FE85D to 0:0000000000000000 [0000] [UDP:[fe80::bfe:a203:38f0:bce7%enp0s3]:5540] --- Type 0000:40 (SecureChannel:StatusReport) (B:34)[0m
[0;32m[2524608000.382] [17831:17851] [EM] ??1 [E:16449i S:0 M:265041566] (U) Msg Retransmission to 0:0000000000000000 scheduled for 356ms from now [State:Active II:500 AI:300 AT:4000][0m
[0;34m[2524608000.382] [17831:17851] [IN] SecureSession[0x7d6a1c009cd0]: Released - Type:2 LSID:19488[0m
[1;31m[2524608000.382] [17831:17851] [-] src/credentials/CHIPCert.cpp:1481: CHIP Error 0x0000004E: Certificate expired at examples/chip-tool/commands/clusters/ModelCommand.cpp:67[0m
[0;32m[2524608000.382] [17831:17851] [EM] >>> [E:16449i S:0 M:52878226 (Ack:265041566)] (U) Msg RX from 0:0000000000000000 [0000] to 4D2E8C27303FE85D --- Type 0000:10 (SecureChannel:StandaloneAck) (B:26)[0m
[0;34m[2524608000.382] [17831:17851] [EM] Found matching exchange: 16449i, Delegate: (nil)[0m
[0;34m[2524608000.382] [17831:17851] [EM] Rxd Ack; Removing MessageCounter:265041566 from Retrans Table on exchange 16449i[0m
[0;34m[2524608000.383] [17831:17831] [CTL] Shutting down the commissioner[0m
[0;32m[2524608000.383] [17831:17831] [PAF] WiFiPAF: Closing all WiFiPAF sessions to shutdown[0m
[0;34m[2524608000.383] [17831:17831] [CTL] Shutting down the controller[0m
[0;34m[2524608000.383] [17831:17831] [IN] Expiring all sessions for fabric 0x1!![0m
[0;32m[2524608000.383] [17831:17831] [FP] Forgetting fabric 0x1[0m
[0;32m[2524608000.383] [17831:17831] [TS] Pending Last Known Good Time: 2023-10-14T01:16:48[0m
[0;32m[2524608000.383] [17831:17831] [TS] Previous Last Known Good Time: 2023-10-14T01:16:48[0m
[0;32m[2524608000.383] [17831:17831] [TS] Reverted Last Known Good Time to previous value[0m
[0;34m[2524608000.383] [17831:17831] [CTL] Shutting down the commissioner[0m
[0;32m[2524608000.383] [17831:17831] [PAF] WiFiPAF: Closing all WiFiPAF sessions to shutdown[0m
[0;34m[2524608000.383] [17831:17831] [CTL] Shutting down the controller[0m
[0;34m[2524608000.383] [17831:17831] [CTL] Shutting down the System State, this will teardown the CHIP Stack[0m
[0;34m[2524608000.383] [17831:17831] [DMG] All ReadHandler-s are clean, clear GlobalDirtySet[0m
[0;32m[2524608000.383] [17831:17831] [FP] Shutting down FabricTable[0m
[0;32m[2524608000.383] [17831:17831] [TS] Pending Last Known Good Time: 2023-10-14T01:16:48[0m
[0;32m[2524608000.383] [17831:17831] [TS] Previous Last Known Good Time: 2023-10-14T01:16:48[0m
[0;32m[2524608000.383] [17831:17831] [TS] Reverted Last Known Good Time to previous value[0m
[0;34m[2524608000.389] [17831:17831] [DL] Wrote settings to /tmp/chip_counters.ini[0m
[0;32m[2524608000.390] [17831:17831] [DL] NVS set: chip-counters/total-operational-hours = 0 (0x0)[0m
[0;32m[2524608000.390] [17831:17831] [DL] Inet Layer shutdown[0m
[0;32m[2524608000.390] [17831:17831] [DL] BLE Layer shutdown[0m
[0;32m[2524608000.390] [17831:17831] [DL] WiFi-PAF Layer shutdown[0m
[0;32m[2524608000.390] [17831:17831] [PAF] WiFiPAF: Closing all WiFiPAF sessions to shutdown[0m
[0;32m[2524608000.390] [17831:17831] [DL] System Layer shutdown[0m
[1;31m[2524608000.390] [17831:17831] [TOO] Run command failure: src/credentials/CHIPCert.cpp:1481: CHIP Error 0x0000004E: Certificate expired[0m
