[0;34m[1784834981.722] [17808:17808] [DL] ChipLinuxStorage::Init: Using KVS config file: /tmp/chip_tool_kvs[0m
[1;31m[1784834981.722] [17808:17808] [DL] ChipLinuxStorage::Init: Attempt to re-initialize with KVS config file: /tmp/chip_kvs, IGNORING.[0m
[0;34m[1784834981.725] [17808:17808] [DL] ChipLinuxStorage::Init: Using KVS config file: /tmp/chip_factory.ini[0m
[0;34m[1784834981.725] [17808:17808] [DL] ChipLinuxStorage::Init: Using KVS config file: /tmp/chip_config.ini[0m
[0;34m[1784834981.725] [17808:17808] [DL] ChipLinuxStorage::Init: Using KVS config file: /tmp/chip_counters.ini[0m
[0;34m[1784834981.728] [17808:17808] [DL] Wrote settings to /tmp/chip_counters.ini[0m
[0;32m[1784834981.728] [17808:17808] [DL] NVS set: chip-counters/reboot-count = 3 (0x3)[0m
[0;32m[1784834981.729] [17808:17808] [DL] Got Ethernet interface: enp0s3[0m
[0;32m[1784834981.729] [17808:17808] [DL] Found the primary Ethernet interface:enp0s3[0m
[1;31m[1784834981.729] [17808:17808] [DL] Failed to get WiFi interface[0m
[1;31m[1784834981.729] [17808:17808] [DL] Failed to reset WiFi statistic counts[0m
[0;32m[1784834981.729] [17808:17808] [PAF] WiFiPAF: WiFiPAFLayer::Init()[0m
[0;34m[1784834981.729] [17808:17808] [IN] UDP::Init bind&listen port=0[0m
[0;34m[1784834981.729] [17808:17808] [IN] UDP::Init bound to port=56141[0m
[0;34m[1784834981.729] [17808:17808] [IN] UDP::Init bind&listen port=0[0m
[0;34m[1784834981.729] [17808:17808] [IN] UDP::Init bound to port=41348[0m
[0;34m[1784834981.729] [17808:17808] [IN] BLEBase::Init - setting/overriding transport[0m
[0;34m[1784834981.729] [17808:17808] [IN] WiFiPAFBase::Init - setting/overriding transport[0m
[0;34m[1784834981.729] [17808:17808] [IN] TransportMgr initialized[0m
[0;34m[1784834981.729] [17808:17808] [FP] Initializing FabricTable from persistent storage[0m
[0;32m[1784834981.729] [17808:17808] [TS] Last Known Good Time: 2023-10-14T01:16:48[0m
[0;32m[1784834981.730] [17808:17808] [FP] Fabric index 0x1 was retrieved from storage. Compressed FabricId 0x6B9CDFF3A69AB4D9, FabricId 0x0000000000000001, NodeId 0x000000000001B669, VendorId 0xFFF1[0m
[0;32m[1784834981.731] [17808:17808] [DMG] Ember attribute persistence requires setting up[0m
[0;32m[1784834981.731] [17808:17808] [ZCL] Using ZAP configuration...[0m
[0;34m[1784834981.731] [17808:17808] [CTL] System State Initialized...[0m
[0;32m[1784834981.731] [17808:17808] [CTL] Setting attestation nonce to random value[0m
[0;32m[1784834981.731] [17808:17808] [CTL] Setting CSR nonce to random value[0m
[0;34m[1784834981.731] [17808:17810] [DL] CHIP task running[0m
[0;32m[1784834981.732] [17808:17810] [CTL] Setting attestation nonce to random value[0m
[0;32m[1784834981.732] [17808:17810] [CTL] Setting CSR nonce to random value[0m
[0;32m[1784834981.732] [17808:17810] [CTL] Generating NOC[0m
[0;32m[1784834981.732] [17808:17810] [FP] Validating NOC chain[0m
[0;32m[1784834981.732] [17808:17810] [FP] NOC chain validation successful[0m
[0;32m[1784834981.732] [17808:17810] [FP] Updated fabric at index: 0x1, Node ID: 0x000000000001B669[0m
[0;32m[1784834981.732] [17808:17810] [TS] Last Known Good Time: 2023-10-14T01:16:48[0m
[0;32m[1784834981.732] [17808:17810] [TS] New proposed Last Known Good Time: 2021-01-01T00:00:00[0m
[0;32m[1784834981.732] [17808:17810] [TS] Retaining current Last Known Good Time[0m
[0;32m[1784834981.734] [17808:17810] [FP] Metadata for Fabric 0x1 persisted to storage.[0m
[0;32m[1784834981.735] [17808:17810] [TS] Committing Last Known Good Time to storage: 2023-10-14T01:16:48[0m
[0;32m[1784834981.736] [17808:17810] [CTL] Joined the fabric at index 1. Fabric ID is 0x0000000000000001 (Compressed Fabric ID: 6B9CDFF3A69AB4D9)[0m
[0;32m[1784834981.741] [17808:17810] [TOO] Sending command to node 0x1[0m
[0;34m[1784834981.742] [17808:17810] [CSM] FindOrEstablishSession: PeerId = [1:0000000000000001][0m
[0;34m[1784834981.742] [17808:17810] [CSM] FindOrEstablishSession: No existing OperationalSessionSetup instance found[0m
[0;34m[1784834981.742] [17808:17810] [DIS] OperationalSessionSetup[1:0000000000000001]: State change 1 --> 2[0m
[0;32m[1784834981.742] [17808:17810] [DIS] Lookup started for 6B9CDFF3A69AB4D9-0000000000000001[0m
[0;32m[1784834981.742] [17808:17810] [DIS] UDP:[fe80::bfe:a203:38f0:bce7%enp0s3]:5540: new best score: 7 (for 6B9CDFF3A69AB4D9-0000000000000001)[0m
[0;34m[1784834981.742] [17808:17810] [DIS] Lookup clearing interface for non LL address[0m
[0;32m[1784834981.742] [17808:17810] [DIS] UDP:10.0.2.15%enp0s3:5540: new best score: 2 (for 6B9CDFF3A69AB4D9-0000000000000001)[0m
[0;32m[1784834981.742] [17808:17810] [DIS] Checking node lookup status for 6B9CDFF3A69AB4D9-0000000000000001 after 1 ms[0m
[0;32m[1784834981.742] [17808:17810] [DIS] Keeping DNSSD lookup active[0m
[0;32m[1784834981.742] [17808:17810] [DIS] UDP:[fe80::bfe:a203:38f0:bce7%enp0s3]:5540: score has not improved: 7 (for 6B9CDFF3A69AB4D9-0000000000000001)[0m
[0;34m[1784834981.742] [17808:17810] [DIS] Lookup clearing interface for non LL address[0m
[0;32m[1784834981.742] [17808:17810] [DIS] UDP:10.0.2.15%enp0s3:5540: score has not improved: 2 (for 6B9CDFF3A69AB4D9-0000000000000001)[0m
[0;32m[1784834981.742] [17808:17810] [DIS] Checking node lookup status for 6B9CDFF3A69AB4D9-0000000000000001 after 1 ms[0m
[0;32m[1784834981.742] [17808:17810] [DIS] Keeping DNSSD lookup active[0m
[0;32m[1784834981.942] [17808:17810] [DIS] Checking node lookup status for 6B9CDFF3A69AB4D9-0000000000000001 after 201 ms[0m
[0;34m[1784834981.942] [17808:17810] [DIS] OperationalSessionSetup[1:0000000000000001]: Updating device address to UDP:[fe80::bfe:a203:38f0:bce7%enp0s3]:5540 while in state 2[0m
[0;34m[1784834981.942] [17808:17810] [DIS] OperationalSessionSetup[1:0000000000000001]: State change 2 --> 3[0m
[0;34m[1784834981.943] [17808:17810] [IN] SecureSession[0x7568b4009cd0]: Allocated Type:2 LSID:47155[0m
[0;32m[1784834981.943] [17808:17810] [SC] Initiating session on local FabricIndex 1 from 0x000000000001B669 -> 0x0000000000000001[0m
[0;32m[1784834981.943] [17808:17810] [EM] <<< [E:53172i S:0 M:231084578] (U) Msg TX from 282FD5CA4F472B64 to 0:0000000000000000 [0000] [UDP:[fe80::bfe:a203:38f0:bce7%enp0s3]:5540] --- Type 0000:30 (SecureChannel:CASE_Sigma1) (B:196)[0m
[0;32m[1784834981.943] [17808:17810] [EM] ??1 [E:53172i S:0 M:231084578] (U) Msg Retransmission to 0:0000000000000000 scheduled for 550ms from now [State:Idle II:500 AI:300 AT:4000][0m
[0;32m[1784834981.943] [17808:17810] [SC] Sent Sigma1 msg to <0000000000000001, 1> [II:500ms AI:300ms AT:4000ms][0m
[0;34m[1784834981.943] [17808:17810] [DIS] OperationalSessionSetup[1:0000000000000001]: State change 3 --> 4[0m
[0;32m[1784834981.944] [17808:17810] [EM] >>> [E:53172i S:0 M:52878223 (Ack:231084578)] (U) Msg RX from 0:0000000000000000 [0000] to 282FD5CA4F472B64 --- Type 0000:31 (SecureChannel:CASE_Sigma2) (B:751)[0m
[0;34m[1784834981.944] [17808:17810] [EM] Found matching exchange: 53172i, Delegate: 0x7568b400b8e8[0m
[0;34m[1784834981.944] [17808:17810] [EM] Rxd Ack; Removing MessageCounter:231084578 from Retrans Table on exchange 53172i[0m
[0;32m[1784834981.944] [17808:17810] [SC] Received Sigma2 msg[0m
[0;34m[1784834981.944] [17808:17810] [SC] Found MRP parameters in the message[0m
[0;34m[1784834981.945] [17808:17810] [SC] Peer <0000000000000001, 1> assigned session ID 19333[0m
[0;34m[1784834981.945] [17808:17810] [SC] Sending Sigma3[0m
[0;32m[1784834981.945] [17808:17810] [EM] <<< [E:53172i S:0 M:231084579 (Ack:52878223)] (U) Msg TX from 282FD5CA4F472B64 to 0:0000000000000000 [0000] [UDP:[fe80::bfe:a203:38f0:bce7%enp0s3]:5540] --- Type 0000:32 (SecureChannel:CASE_Sigma3) (B:598)[0m
[0;32m[1784834981.945] [17808:17810] [EM] ??1 [E:53172i S:0 M:231084579] (U) Msg Retransmission to 0:0000000000000000 scheduled for 401ms from now [State:Active II:500 AI:300 AT:4000][0m
[0;32m[1784834981.945] [17808:17810] [SC] Sent Sigma3 msg[0m
[0;32m[1784834981.954] [17808:17810] [EM] >>> [E:53172i S:0 M:52878224 (Ack:231084579)] (U) Msg RX from 0:0000000000000000 [0000] to 282FD5CA4F472B64 --- Type 0000:40 (SecureChannel:StatusReport) (B:34)[0m
[0;34m[1784834981.954] [17808:17810] [EM] Found matching exchange: 53172i, Delegate: 0x7568b400b8e8[0m
[0;34m[1784834981.954] [17808:17810] [EM] Rxd Ack; Removing MessageCounter:231084579 from Retrans Table on exchange 53172i[0m
[0;32m[1784834981.954] [17808:17810] [SC] Success status report received. Session was established[0m
[0;32m[1784834981.956] [17808:17810] [SC] SecureSession[0x7568b4009cd0, LSID:47155]: State change 'kEstablishing' --> 'kActive'[0m
[0;34m[1784834981.956] [17808:17810] [IN] SecureSession[0x7568b4009cd0]: Activated - Type:2 LSID:47155[0m
[0;34m[1784834981.956] [17808:17810] [IN] New secure session activated for device <0000000000000001, 1>, LSID:47155 PSID:19333![0m
[0;34m[1784834981.956] [17808:17810] [DIS] OperationalSessionSetup[1:0000000000000001]: State change 4 --> 5[0m
[0;32m[1784834981.956] [17808:17810] [TOO] Sending cluster (0x00000038) command (0x00000000) on endpoint 0[0m
[0;34m[1784834981.956] [17808:17810] [DMG] ICR moving to [AddingComm][0m
[0;34m[1784834981.956] [17808:17810] [DMG] ICR moving to [AddedComma][0m
[0;32m[1784834981.956] [17808:17810] [EM] <<< [E:53173i S:47155 M:173361185] (S) Msg TX from 000000000001B669 to 1:0000000000000001 [B4D9] [UDP:[fe80::bfe:a203:38f0:bce7%enp0s3]:5540] --- Type 0001:08 (IM:InvokeCommandRequest) (B:72)[0m
[0;32m[1784834981.956] [17808:17810] [EM] ??1 [E:53173i S:47155 M:173361185] (S) Msg Retransmission to 1:0000000000000001 scheduled for 367ms from now [State:Active II:500 AI:300 AT:4000][0m
[0;34m[1784834981.956] [17808:17810] [DMG] ICR moving to [AwaitingRe][0m
[0;32m[1784834981.956] [17808:17810] [EM] <<< [E:53172i S:0 M:231084580 (Ack:52878224)] (U) Msg TX from 282FD5CA4F472B64 to 0:0000000000000000 [0000] [UDP:[fe80::bfe:a203:38f0:bce7%enp0s3]:5540] --- Type 0000:10 (SecureChannel:StandaloneAck) (B:26)[0m
[0;34m[1784834981.956] [17808:17810] [EM] Flushed pending ack for MessageCounter:52878224 on exchange 53172i[0m
[0;32m[2524608000.000] [17808:17810] [EM] >>> [E:53173i S:47155 M:105628154 (Ack:173361185)] (S) Msg RX from 1:0000000000000001 [B4D9] to 000000000001B669 --- Type 0001:09 (IM:InvokeCommandResponse) (B:67)[0m
[0;34m[2524608000.000] [17808:17810] [EM] Found matching exchange: 53173i, Delegate: 0x7568b400eef8[0m
[0;34m[2524608000.000] [17808:17810] [EM] Rxd Ack; Removing MessageCounter:173361185 from Retrans Table on exchange 53173i[0m
[0;34m[2524608000.000] [17808:17810] [DMG] ICR moving to [ResponseRe][0m
[0;34m[2524608000.000] [17808:17810] [DMG] InvokeResponseMessage =[0m
[0;34m[2524608000.000] [17808:17810] [DMG] {[0m
[0;34m[2524608000.000] [17808:17810] [DMG] 	suppressResponse = false, [0m
[0;34m[2524608000.000] [17808:17810] [DMG] 	InvokeResponseIBs =[0m
[0;34m[2524608000.000] [17808:17810] [DMG] 	[[0m
[0;34m[2524608000.000] [17808:17810] [DMG] 		InvokeResponseIB =[0m
[0;34m[2524608000.000] [17808:17810] [DMG] 		{[0m
[0;34m[2524608000.000] [17808:17810] [DMG] 			CommandStatusIB =[0m
[0;34m[2524608000.000] [17808:17810] [DMG] 			{[0m
[0;34m[2524608000.000] [17808:17810] [DMG] 				CommandPathIB =[0m
[0;34m[2524608000.000] [17808:17810] [DMG] 				{[0m
[0;34m[2524608000.000] [17808:17810] [DMG] 					EndpointId = 0x0,[0m
[0;34m[2524608000.000] [17808:17810] [DMG] 					ClusterId = 0x38,[0m
[0;34m[2524608000.000] [17808:17810] [DMG] 					CommandId = 0x0,[0m
[0;34m[2524608000.000] [17808:17810] [DMG] 				},[0m
[0;34m[2524608000.000] [17808:17810] [DMG] 				[0m
[0;34m[2524608000.000] [17808:17810] [DMG] 				StatusIB =[0m
[0;34m[2524608000.000] [17808:17810] [DMG] 				{[0m
[0;34m[2524608000.000] [17808:17810] [DMG] 					status = 0x00 (SUCCESS),[0m
[0;34m[2524608000.000] [17808:17810] [DMG] 				},[0m
[0;34m[2524608000.000] [17808:17810] [DMG] 				[0m
[0;34m[2524608000.000] [17808:17810] [DMG] 			},[0m
[0;34m[2524608000.000] [17808:17810] [DMG] 			[0m
[0;34m[2524608000.000] [17808:17810] [DMG] 		},[0m
[0;34m[2524608000.000] [17808:17810] [DMG] 		[0m
[0;34m[2524608000.000] [17808:17810] [DMG] 	],[0m
[0;34m[2524608000.000] [17808:17810] [DMG] 	[0m
[0;34m[2524608000.000] [17808:17810] [DMG] 	InteractionModelRevision = 12[0m
[0;34m[2524608000.000] [17808:17810] [DMG] },[0m
[0;32m[2524608000.000] [17808:17810] [DMG] Received Command Response Status for Endpoint=0 Cluster=0x0000_0038 Command=0x0000_0000 Status=0x0[0m
[0;34m[2524608000.000] [17808:17810] [DMG] ICR moving to [AwaitingDe][0m
[0;32m[2524608000.000] [17808:17810] [EM] <<< [E:53173i S:47155 M:173361186 (Ack:105628154)] (S) Msg TX from 000000000001B669 to 1:0000000000000001 [B4D9] [UDP:[fe80::bfe:a203:38f0:bce7%enp0s3]:5540] --- Type 0000:10 (SecureChannel:StandaloneAck) (B:34)[0m
[0;34m[2524608000.001] [17808:17810] [EM] Flushed pending ack for MessageCounter:105628154 on exchange 53173i[0m
[0;34m[2524608000.002] [17808:17808] [CTL] Shutting down the commissioner[0m
[0;32m[2524608000.002] [17808:17808] [PAF] WiFiPAF: Closing all WiFiPAF sessions to shutdown[0m
[0;34m[2524608000.002] [17808:17808] [CTL] Shutting down the controller[0m
[0;34m[2524608000.002] [17808:17808] [IN] Expiring all sessions for fabric 0x1!![0m
[0;34m[2524608000.002] [17808:17808] [IN] SecureSession[0x7568b4009cd0]: MarkForEviction Type:2 LSID:47155[0m
[0;32m[2524608000.002] [17808:17808] [SC] SecureSession[0x7568b4009cd0, LSID:47155]: State change 'kActive' --> 'kPendingEviction'[0m
[0;34m[2524608000.002] [17808:17808] [IN] SecureSession[0x7568b4009cd0]: Released - Type:2 LSID:47155[0m
[0;32m[2524608000.002] [17808:17808] [FP] Forgetting fabric 0x1[0m
[0;32m[2524608000.002] [17808:17808] [TS] Pending Last Known Good Time: 2023-10-14T01:16:48[0m
[0;32m[2524608000.002] [17808:17808] [TS] Previous Last Known Good Time: 2023-10-14T01:16:48[0m
[0;32m[2524608000.002] [17808:17808] [TS] Reverted Last Known Good Time to previous value[0m
[0;34m[2524608000.002] [17808:17808] [CTL] Shutting down the commissioner[0m
[0;32m[2524608000.002] [17808:17808] [PAF] WiFiPAF: Closing all WiFiPAF sessions to shutdown[0m
[0;34m[2524608000.002] [17808:17808] [CTL] Shutting down the controller[0m
[0;34m[2524608000.002] [17808:17808] [CTL] Shutting down the System State, this will teardown the CHIP Stack[0m
[0;34m[2524608000.002] [17808:17808] [DMG] All ReadHandler-s are clean, clear GlobalDirtySet[0m
[0;32m[2524608000.002] [17808:17808] [FP] Shutting down FabricTable[0m
[0;32m[2524608000.002] [17808:17808] [TS] Pending Last Known Good Time: 2023-10-14T01:16:48[0m
[0;32m[2524608000.002] [17808:17808] [TS] Previous Last Known Good Time: 2023-10-14T01:16:48[0m
[0;32m[2524608000.002] [17808:17808] [TS] Reverted Last Known Good Time to previous value[0m
[0;34m[2524608000.007] [17808:17808] [DL] Wrote settings to /tmp/chip_counters.ini[0m
[0;32m[2524608000.007] [17808:17808] [DL] NVS set: chip-counters/total-operational-hours = 0 (0x0)[0m
[0;32m[2524608000.007] [17808:17808] [DL] Inet Layer shutdown[0m
[0;32m[2524608000.007] [17808:17808] [DL] BLE Layer shutdown[0m
[0;32m[2524608000.007] [17808:17808] [DL] WiFi-PAF Layer shutdown[0m
[0;32m[2524608000.007] [17808:17808] [PAF] WiFiPAF: Closing all WiFiPAF sessions to shutdown[0m
[0;32m[2524608000.007] [17808:17808] [DL] System Layer shutdown[0m
