[0;34m[1784656261.961] [10821:10821] [DL] ChipLinuxStorage::Init: Using KVS config file: /tmp/chip_tool_kvs[0m
[1;31m[1784656261.962] [10821:10821] [DL] ChipLinuxStorage::Init: Attempt to re-initialize with KVS config file: /tmp/chip_kvs, IGNORING.[0m
[0;34m[1784656261.963] [10821:10821] [DL] ChipLinuxStorage::Init: Using KVS config file: /tmp/chip_factory.ini[0m
[0;34m[1784656261.963] [10821:10821] [DL] ChipLinuxStorage::Init: Using KVS config file: /tmp/chip_config.ini[0m
[0;34m[1784656261.963] [10821:10821] [DL] ChipLinuxStorage::Init: Using KVS config file: /tmp/chip_counters.ini[0m
[0;34m[1784656261.966] [10821:10821] [DL] Wrote settings to /tmp/chip_counters.ini[0m
[0;32m[1784656261.966] [10821:10821] [DL] NVS set: chip-counters/reboot-count = 6 (0x6)[0m
[0;32m[1784656261.966] [10821:10821] [DL] Got Ethernet interface: enp0s3[0m
[0;32m[1784656261.966] [10821:10821] [DL] Found the primary Ethernet interface:enp0s3[0m
[1;31m[1784656261.967] [10821:10821] [DL] Failed to get WiFi interface[0m
[1;31m[1784656261.967] [10821:10821] [DL] Failed to reset WiFi statistic counts[0m
[0;32m[1784656261.967] [10821:10821] [PAF] WiFiPAF: WiFiPAFLayer::Init()[0m
[0;34m[1784656261.967] [10821:10821] [IN] UDP::Init bind&listen port=0[0m
[0;34m[1784656261.967] [10821:10821] [IN] UDP::Init bound to port=56398[0m
[0;34m[1784656261.967] [10821:10821] [IN] UDP::Init bind&listen port=0[0m
[0;34m[1784656261.967] [10821:10821] [IN] UDP::Init bound to port=38878[0m
[0;34m[1784656261.967] [10821:10821] [IN] BLEBase::Init - setting/overriding transport[0m
[0;34m[1784656261.967] [10821:10821] [IN] WiFiPAFBase::Init - setting/overriding transport[0m
[0;34m[1784656261.967] [10821:10821] [IN] TransportMgr initialized[0m
[0;34m[1784656261.967] [10821:10821] [FP] Initializing FabricTable from persistent storage[0m
[0;32m[1784656261.967] [10821:10821] [TS] Last Known Good Time: 2023-10-14T01:16:48[0m
[0;32m[1784656261.967] [10821:10821] [FP] Fabric index 0x1 was retrieved from storage. Compressed FabricId 0x2D107294EA23DFD5, FabricId 0x0000000000000001, NodeId 0x000000000001B669, VendorId 0xFFF1[0m
[0;32m[1784656261.968] [10821:10821] [DMG] Ember attribute persistence requires setting up[0m
[0;32m[1784656261.968] [10821:10821] [ZCL] Using ZAP configuration...[0m
[0;34m[1784656261.968] [10821:10821] [CTL] System State Initialized...[0m
[0;32m[1784656261.968] [10821:10821] [CTL] Setting attestation nonce to random value[0m
[0;32m[1784656261.968] [10821:10821] [CTL] Setting CSR nonce to random value[0m
[0;34m[1784656261.968] [10821:10823] [DL] CHIP task running[0m
[0;32m[1784656261.968] [10821:10823] [CTL] Setting attestation nonce to random value[0m
[0;32m[1784656261.968] [10821:10823] [CTL] Setting CSR nonce to random value[0m
[0;32m[1784656261.969] [10821:10823] [CTL] Generating NOC[0m
[0;32m[1784656261.969] [10821:10823] [FP] Validating NOC chain[0m
[0;32m[1784656261.969] [10821:10823] [FP] NOC chain validation successful[0m
[0;32m[1784656261.969] [10821:10823] [FP] Updated fabric at index: 0x1, Node ID: 0x000000000001B669[0m
[0;32m[1784656261.969] [10821:10823] [TS] Last Known Good Time: 2023-10-14T01:16:48[0m
[0;32m[1784656261.969] [10821:10823] [TS] New proposed Last Known Good Time: 2021-01-01T00:00:00[0m
[0;32m[1784656261.969] [10821:10823] [TS] Retaining current Last Known Good Time[0m
[0;32m[1784656261.971] [10821:10823] [FP] Metadata for Fabric 0x1 persisted to storage.[0m
[0;32m[1784656261.973] [10821:10823] [TS] Committing Last Known Good Time to storage: 2023-10-14T01:16:48[0m
[0;32m[1784656261.974] [10821:10823] [CTL] Joined the fabric at index 1. Fabric ID is 0x0000000000000001 (Compressed Fabric ID: 2D107294EA23DFD5)[0m
[0;32m[1784656261.979] [10821:10823] [TOO] Sending command to node 0x1[0m
[0;34m[1784656261.980] [10821:10823] [CSM] FindOrEstablishSession: PeerId = [1:0000000000000001][0m
[0;34m[1784656261.980] [10821:10823] [CSM] FindOrEstablishSession: No existing OperationalSessionSetup instance found[0m
[0;34m[1784656261.980] [10821:10823] [DIS] OperationalSessionSetup[1:0000000000000001]: State change 1 --> 2[0m
[0;32m[1784656261.980] [10821:10823] [DIS] Lookup started for 2D107294EA23DFD5-0000000000000001[0m
[0;32m[1784656261.980] [10821:10823] [DIS] UDP:[fe80::bfe:a203:38f0:bce7%enp0s3]:5540: new best score: 7 (for 2D107294EA23DFD5-0000000000000001)[0m
[0;34m[1784656261.981] [10821:10823] [DIS] Lookup clearing interface for non LL address[0m
[0;32m[1784656261.981] [10821:10823] [DIS] UDP:10.0.2.15%enp0s3:5540: new best score: 2 (for 2D107294EA23DFD5-0000000000000001)[0m
[0;32m[1784656261.981] [10821:10823] [DIS] Checking node lookup status for 2D107294EA23DFD5-0000000000000001 after 1 ms[0m
[0;32m[1784656261.981] [10821:10823] [DIS] Keeping DNSSD lookup active[0m
[0;32m[1784656261.981] [10821:10823] [DIS] UDP:[fe80::bfe:a203:38f0:bce7%enp0s3]:5540: score has not improved: 7 (for 2D107294EA23DFD5-0000000000000001)[0m
[0;34m[1784656261.981] [10821:10823] [DIS] Lookup clearing interface for non LL address[0m
[0;32m[1784656261.981] [10821:10823] [DIS] UDP:10.0.2.15%enp0s3:5540: score has not improved: 2 (for 2D107294EA23DFD5-0000000000000001)[0m
[0;32m[1784656261.981] [10821:10823] [DIS] Checking node lookup status for 2D107294EA23DFD5-0000000000000001 after 1 ms[0m
[0;32m[1784656261.981] [10821:10823] [DIS] Keeping DNSSD lookup active[0m
[0;32m[1784656262.181] [10821:10823] [DIS] Checking node lookup status for 2D107294EA23DFD5-0000000000000001 after 202 ms[0m
[0;34m[1784656262.181] [10821:10823] [DIS] OperationalSessionSetup[1:0000000000000001]: Updating device address to UDP:[fe80::bfe:a203:38f0:bce7%enp0s3]:5540 while in state 2[0m
[0;34m[1784656262.181] [10821:10823] [DIS] OperationalSessionSetup[1:0000000000000001]: State change 2 --> 3[0m
[0;34m[1784656262.182] [10821:10823] [IN] SecureSession[0x74cefc009cd0]: Allocated Type:2 LSID:36256[0m
[0;32m[1784656262.182] [10821:10823] [SC] Initiating session on local FabricIndex 1 from 0x000000000001B669 -> 0x0000000000000001[0m
[0;32m[1784656262.182] [10821:10823] [EM] <<< [E:56809i S:0 M:54857582] (U) Msg TX from 791532FC0D2BD55A to 0:0000000000000000 [0000] [UDP:[fe80::bfe:a203:38f0:bce7%enp0s3]:5540] --- Type 0000:30 (SecureChannel:CASE_Sigma1) (B:196)[0m
[0;32m[1784656262.182] [10821:10823] [EM] ??1 [E:56809i S:0 M:54857582] (U) Msg Retransmission to 0:0000000000000000 scheduled for 685ms from now [State:Idle II:500 AI:300 AT:4000][0m
[0;32m[1784656262.183] [10821:10823] [SC] Sent Sigma1 msg to <0000000000000001, 1> [II:500ms AI:300ms AT:4000ms][0m
[0;34m[1784656262.183] [10821:10823] [DIS] OperationalSessionSetup[1:0000000000000001]: State change 3 --> 4[0m
[0;32m[1784656262.187] [10821:10823] [EM] >>> [E:56809i S:0 M:216745553 (Ack:54857582)] (U) Msg RX from 0:0000000000000000 [0000] to 791532FC0D2BD55A --- Type 0000:31 (SecureChannel:CASE_Sigma2) (B:751)[0m
[0;34m[1784656262.187] [10821:10823] [EM] Found matching exchange: 56809i, Delegate: 0x74cefc00b8e8[0m
[0;34m[1784656262.187] [10821:10823] [EM] Rxd Ack; Removing MessageCounter:54857582 from Retrans Table on exchange 56809i[0m
[0;32m[1784656262.187] [10821:10823] [SC] Received Sigma2 msg[0m
[0;34m[1784656262.187] [10821:10823] [SC] Found MRP parameters in the message[0m
[0;34m[1784656262.188] [10821:10823] [SC] Peer <0000000000000001, 1> assigned session ID 54861[0m
[0;34m[1784656262.188] [10821:10823] [SC] Sending Sigma3[0m
[0;32m[1784656262.188] [10821:10823] [EM] <<< [E:56809i S:0 M:54857583 (Ack:216745553)] (U) Msg TX from 791532FC0D2BD55A to 0:0000000000000000 [0000] [UDP:[fe80::bfe:a203:38f0:bce7%enp0s3]:5540] --- Type 0000:32 (SecureChannel:CASE_Sigma3) (B:598)[0m
[0;32m[1784656262.189] [10821:10823] [EM] ??1 [E:56809i S:0 M:54857583] (U) Msg Retransmission to 0:0000000000000000 scheduled for 359ms from now [State:Active II:500 AI:300 AT:4000][0m
[0;32m[1784656262.189] [10821:10823] [SC] Sent Sigma3 msg[0m
[0;32m[1784656262.198] [10821:10823] [EM] >>> [E:56809i S:0 M:216745554 (Ack:54857583)] (U) Msg RX from 0:0000000000000000 [0000] to 791532FC0D2BD55A --- Type 0000:40 (SecureChannel:StatusReport) (B:34)[0m
[0;34m[1784656262.198] [10821:10823] [EM] Found matching exchange: 56809i, Delegate: 0x74cefc00b8e8[0m
[0;34m[1784656262.198] [10821:10823] [EM] Rxd Ack; Removing MessageCounter:54857583 from Retrans Table on exchange 56809i[0m
[0;32m[1784656262.198] [10821:10823] [SC] Success status report received. Session was established[0m
[0;32m[1784656262.200] [10821:10823] [SC] SecureSession[0x74cefc009cd0, LSID:36256]: State change 'kEstablishing' --> 'kActive'[0m
[0;34m[1784656262.200] [10821:10823] [IN] SecureSession[0x74cefc009cd0]: Activated - Type:2 LSID:36256[0m
[0;34m[1784656262.200] [10821:10823] [IN] New secure session activated for device <0000000000000001, 1>, LSID:36256 PSID:54861![0m
[0;34m[1784656262.200] [10821:10823] [DIS] OperationalSessionSetup[1:0000000000000001]: State change 4 --> 5[0m
[0;32m[1784656262.200] [10821:10823] [TOO] Sending cluster (0x0000003E) command (0x00000007) on endpoint 0[0m
[0;34m[1784656262.200] [10821:10823] [DMG] ICR moving to [AddingComm][0m
[0;34m[1784656262.200] [10821:10823] [DMG] ICR moving to [AddedComma][0m
[0;32m[1784656262.200] [10821:10823] [EM] <<< [E:56810i S:36256 M:227272088] (S) Msg TX from 000000000001B669 to 1:0000000000000001 [DFD5] [UDP:[fe80::bfe:a203:38f0:bce7%enp0s3]:5540] --- Type 0001:08 (IM:InvokeCommandRequest) (B:330)[0m
[0;32m[1784656262.200] [10821:10823] [EM] ??1 [E:56810i S:36256 M:227272088] (S) Msg Retransmission to 1:0000000000000001 scheduled for 399ms from now [State:Active II:500 AI:300 AT:4000][0m
[0;34m[1784656262.200] [10821:10823] [DMG] ICR moving to [AwaitingRe][0m
[0;32m[1784656262.200] [10821:10823] [EM] <<< [E:56809i S:0 M:54857584 (Ack:216745554)] (U) Msg TX from 791532FC0D2BD55A to 0:0000000000000000 [0000] [UDP:[fe80::bfe:a203:38f0:bce7%enp0s3]:5540] --- Type 0000:10 (SecureChannel:StandaloneAck) (B:26)[0m
[0;34m[1784656262.200] [10821:10823] [EM] Flushed pending ack for MessageCounter:216745554 on exchange 56809i[0m
[0;32m[1784656262.223] [10821:10823] [EM] >>> [E:56810i S:36256 M:10129399 (Ack:227272088)] (S) Msg RX from 1:0000000000000001 [DFD5] to 000000000001B669 --- Type 0001:09 (IM:InvokeCommandResponse) (B:70)[0m
[0;34m[1784656262.223] [10821:10823] [EM] Found matching exchange: 56810i, Delegate: 0x74cefc00eef8[0m
[0;34m[1784656262.223] [10821:10823] [EM] Rxd Ack; Removing MessageCounter:227272088 from Retrans Table on exchange 56810i[0m
[0;34m[1784656262.223] [10821:10823] [DMG] ICR moving to [ResponseRe][0m
[0;34m[1784656262.223] [10821:10823] [DMG] InvokeResponseMessage =[0m
[0;34m[1784656262.223] [10821:10823] [DMG] {[0m
[0;34m[1784656262.223] [10821:10823] [DMG] 	suppressResponse = false, [0m
[0;34m[1784656262.223] [10821:10823] [DMG] 	InvokeResponseIBs =[0m
[0;34m[1784656262.223] [10821:10823] [DMG] 	[[0m
[0;34m[1784656262.223] [10821:10823] [DMG] 		InvokeResponseIB =[0m
[0;34m[1784656262.223] [10821:10823] [DMG] 		{[0m
[0;34m[1784656262.223] [10821:10823] [DMG] 			CommandDataIB =[0m
[0;34m[1784656262.223] [10821:10823] [DMG] 			{[0m
[0;34m[1784656262.223] [10821:10823] [DMG] 				CommandPathIB =[0m
[0;34m[1784656262.223] [10821:10823] [DMG] 				{[0m
[0;34m[1784656262.223] [10821:10823] [DMG] 					EndpointId = 0x0,[0m
[0;34m[1784656262.223] [10821:10823] [DMG] 					ClusterId = 0x3e,[0m
[0;34m[1784656262.223] [10821:10823] [DMG] 					CommandId = 0x8,[0m
[0;34m[1784656262.223] [10821:10823] [DMG] 				},[0m
[0;34m[1784656262.223] [10821:10823] [DMG] 				[0m
[0;34m[1784656262.223] [10821:10823] [DMG] 				CommandFields = [0m
[0;34m[1784656262.223] [10821:10823] [DMG] 				{[0m
[0;34m[1784656262.223] [10821:10823] [DMG] 					0x0 = 0 (unsigned), [0m
[0;34m[1784656262.223] [10821:10823] [DMG] 					0x1 = 1 (unsigned), [0m
[0;34m[1784656262.223] [10821:10823] [DMG] 				},[0m
[0;34m[1784656262.223] [10821:10823] [DMG] 			},[0m
[0;34m[1784656262.223] [10821:10823] [DMG] 			[0m
[0;34m[1784656262.223] [10821:10823] [DMG] 		},[0m
[0;34m[1784656262.223] [10821:10823] [DMG] 		[0m
[0;34m[1784656262.223] [10821:10823] [DMG] 	],[0m
[0;34m[1784656262.223] [10821:10823] [DMG] 	[0m
[0;34m[1784656262.223] [10821:10823] [DMG] 	InteractionModelRevision = 12[0m
[0;34m[1784656262.223] [10821:10823] [DMG] },[0m
[0;32m[1784656262.223] [10821:10823] [DMG] Received Command Response Data, Endpoint=0 Cluster=0x0000_003E Command=0x0000_0008[0m
[0;32m[1784656262.223] [10821:10823] [TOO] Endpoint: 0 Cluster: 0x0000_003E Command 0x0000_0008[0m
[0;32m[1784656262.223] [10821:10823] [TOO]   NOCResponse: {[0m
[0;32m[1784656262.223] [10821:10823] [TOO]     statusCode: 0[0m
[0;32m[1784656262.223] [10821:10823] [TOO]     fabricIndex: 1[0m
[0;32m[1784656262.223] [10821:10823] [TOO]    }[0m
[0;34m[1784656262.223] [10821:10823] [DMG] ICR moving to [AwaitingDe][0m
[0;32m[1784656262.223] [10821:10823] [EM] <<< [E:56810i S:36256 M:227272089 (Ack:10129399)] (S) Msg TX from 000000000001B669 to 1:0000000000000001 [DFD5] [UDP:[fe80::bfe:a203:38f0:bce7%enp0s3]:5540] --- Type 0000:10 (SecureChannel:StandaloneAck) (B:34)[0m
[0;34m[1784656262.223] [10821:10823] [EM] Flushed pending ack for MessageCounter:10129399 on exchange 56810i[0m
[0;34m[1784656262.223] [10821:10821] [CTL] Shutting down the commissioner[0m
[0;32m[1784656262.223] [10821:10821] [PAF] WiFiPAF: Closing all WiFiPAF sessions to shutdown[0m
[0;34m[1784656262.223] [10821:10821] [CTL] Shutting down the controller[0m
[0;34m[1784656262.223] [10821:10821] [IN] Expiring all sessions for fabric 0x1!![0m
[0;34m[1784656262.223] [10821:10821] [IN] SecureSession[0x74cefc009cd0]: MarkForEviction Type:2 LSID:36256[0m
[0;32m[1784656262.223] [10821:10821] [SC] SecureSession[0x74cefc009cd0, LSID:36256]: State change 'kActive' --> 'kPendingEviction'[0m
[0;34m[1784656262.223] [10821:10821] [IN] SecureSession[0x74cefc009cd0]: Released - Type:2 LSID:36256[0m
[0;32m[1784656262.223] [10821:10821] [FP] Forgetting fabric 0x1[0m
[0;32m[1784656262.223] [10821:10821] [TS] Pending Last Known Good Time: 2023-10-14T01:16:48[0m
[0;32m[1784656262.223] [10821:10821] [TS] Previous Last Known Good Time: 2023-10-14T01:16:48[0m
[0;32m[1784656262.223] [10821:10821] [TS] Reverted Last Known Good Time to previous value[0m
[0;34m[1784656262.223] [10821:10821] [CTL] Shutting down the commissioner[0m
[0;32m[1784656262.223] [10821:10821] [PAF] WiFiPAF: Closing all WiFiPAF sessions to shutdown[0m
[0;34m[1784656262.223] [10821:10821] [CTL] Shutting down the controller[0m
[0;34m[1784656262.223] [10821:10821] [CTL] Shutting down the System State, this will teardown the CHIP Stack[0m
[0;34m[1784656262.223] [10821:10821] [DMG] All ReadHandler-s are clean, clear GlobalDirtySet[0m
[0;32m[1784656262.223] [10821:10821] [FP] Shutting down FabricTable[0m
[0;32m[1784656262.223] [10821:10821] [TS] Pending Last Known Good Time: 2023-10-14T01:16:48[0m
[0;32m[1784656262.223] [10821:10821] [TS] Previous Last Known Good Time: 2023-10-14T01:16:48[0m
[0;32m[1784656262.223] [10821:10821] [TS] Reverted Last Known Good Time to previous value[0m
[0;34m[1784656262.225] [10821:10821] [DL] Wrote settings to /tmp/chip_counters.ini[0m
[0;32m[1784656262.225] [10821:10821] [DL] NVS set: chip-counters/total-operational-hours = 0 (0x0)[0m
[0;32m[1784656262.225] [10821:10821] [DL] Inet Layer shutdown[0m
[0;32m[1784656262.225] [10821:10821] [DL] BLE Layer shutdown[0m
[0;32m[1784656262.225] [10821:10821] [DL] WiFi-PAF Layer shutdown[0m
[0;32m[1784656262.225] [10821:10821] [PAF] WiFiPAF: Closing all WiFiPAF sessions to shutdown[0m
[0;32m[1784656262.225] [10821:10821] [DL] System Layer shutdown[0m
