[0;34m[1784836930.677] [20556:20556] [DL] ChipLinuxStorage::Init: Using KVS config file: /tmp/chip_tool_kvs[0m
[1;31m[1784836930.677] [20556:20556] [DL] ChipLinuxStorage::Init: Attempt to re-initialize with KVS config file: /tmp/chip_kvs, IGNORING.[0m
[0;34m[1784836930.678] [20556:20556] [DL] ChipLinuxStorage::Init: Using KVS config file: /tmp/chip_factory.ini[0m
[0;34m[1784836930.678] [20556:20556] [DL] ChipLinuxStorage::Init: Using KVS config file: /tmp/chip_config.ini[0m
[0;34m[1784836930.679] [20556:20556] [DL] ChipLinuxStorage::Init: Using KVS config file: /tmp/chip_counters.ini[0m
[0;34m[1784836930.681] [20556:20556] [DL] Wrote settings to /tmp/chip_counters.ini[0m
[0;32m[1784836930.681] [20556:20556] [DL] NVS set: chip-counters/reboot-count = 3 (0x3)[0m
[0;32m[1784836930.681] [20556:20556] [DL] Got Ethernet interface: enp0s3[0m
[0;32m[1784836930.681] [20556:20556] [DL] Found the primary Ethernet interface:enp0s3[0m
[1;31m[1784836930.681] [20556:20556] [DL] Failed to get WiFi interface[0m
[1;31m[1784836930.681] [20556:20556] [DL] Failed to reset WiFi statistic counts[0m
[0;32m[1784836930.681] [20556:20556] [PAF] WiFiPAF: WiFiPAFLayer::Init()[0m
[0;34m[1784836930.681] [20556:20556] [IN] UDP::Init bind&listen port=0[0m
[0;34m[1784836930.682] [20556:20556] [IN] UDP::Init bound to port=52713[0m
[0;34m[1784836930.682] [20556:20556] [IN] UDP::Init bind&listen port=0[0m
[0;34m[1784836930.682] [20556:20556] [IN] UDP::Init bound to port=47652[0m
[0;34m[1784836930.682] [20556:20556] [IN] BLEBase::Init - setting/overriding transport[0m
[0;34m[1784836930.682] [20556:20556] [IN] WiFiPAFBase::Init - setting/overriding transport[0m
[0;34m[1784836930.682] [20556:20556] [IN] TransportMgr initialized[0m
[0;34m[1784836930.682] [20556:20556] [FP] Initializing FabricTable from persistent storage[0m
[0;32m[1784836930.682] [20556:20556] [TS] Last Known Good Time: 2023-10-14T01:16:48[0m
[0;32m[1784836930.682] [20556:20556] [FP] Fabric index 0x1 was retrieved from storage. Compressed FabricId 0x093AC37AB56385CD, FabricId 0x0000000000000001, NodeId 0x000000000001B669, VendorId 0xFFF1[0m
[0;32m[1784836930.683] [20556:20556] [DMG] Ember attribute persistence requires setting up[0m
[0;32m[1784836930.683] [20556:20556] [ZCL] Using ZAP configuration...[0m
[0;34m[1784836930.683] [20556:20556] [CTL] System State Initialized...[0m
[0;32m[1784836930.683] [20556:20556] [CTL] Setting attestation nonce to random value[0m
[0;32m[1784836930.683] [20556:20556] [CTL] Setting CSR nonce to random value[0m
[0;34m[1784836930.683] [20556:20558] [DL] CHIP task running[0m
[0;32m[1784836930.683] [20556:20558] [CTL] Setting attestation nonce to random value[0m
[0;32m[1784836930.683] [20556:20558] [CTL] Setting CSR nonce to random value[0m
[0;32m[1784836930.684] [20556:20558] [CTL] Generating NOC[0m
[0;32m[1784836930.684] [20556:20558] [FP] Validating NOC chain[0m
[0;32m[1784836930.684] [20556:20558] [FP] NOC chain validation successful[0m
[0;32m[1784836930.684] [20556:20558] [FP] Updated fabric at index: 0x1, Node ID: 0x000000000001B669[0m
[0;32m[1784836930.684] [20556:20558] [TS] Last Known Good Time: 2023-10-14T01:16:48[0m
[0;32m[1784836930.684] [20556:20558] [TS] New proposed Last Known Good Time: 2021-01-01T00:00:00[0m
[0;32m[1784836930.684] [20556:20558] [TS] Retaining current Last Known Good Time[0m
[0;32m[1784836930.686] [20556:20558] [FP] Metadata for Fabric 0x1 persisted to storage.[0m
[0;32m[1784836930.686] [20556:20558] [TS] Committing Last Known Good Time to storage: 2023-10-14T01:16:48[0m
[0;32m[1784836930.687] [20556:20558] [CTL] Joined the fabric at index 1. Fabric ID is 0x0000000000000001 (Compressed Fabric ID: 093AC37AB56385CD)[0m
[0;32m[1784836930.691] [20556:20558] [TOO] Sending command to node 0x1[0m
[0;34m[1784836930.691] [20556:20558] [CSM] FindOrEstablishSession: PeerId = [1:0000000000000001][0m
[0;34m[1784836930.691] [20556:20558] [CSM] FindOrEstablishSession: No existing OperationalSessionSetup instance found[0m
[0;34m[1784836930.691] [20556:20558] [DIS] OperationalSessionSetup[1:0000000000000001]: State change 1 --> 2[0m
[0;32m[1784836930.691] [20556:20558] [DIS] Lookup started for 093AC37AB56385CD-0000000000000001[0m
[0;32m[1784836930.692] [20556:20558] [DIS] UDP:[fe80::bfe:a203:38f0:bce7%enp0s3]:5540: new best score: 7 (for 093AC37AB56385CD-0000000000000001)[0m
[0;34m[1784836930.692] [20556:20558] [DIS] Lookup clearing interface for non LL address[0m
[0;32m[1784836930.692] [20556:20558] [DIS] UDP:10.0.2.15%enp0s3:5540: new best score: 2 (for 093AC37AB56385CD-0000000000000001)[0m
[0;32m[1784836930.692] [20556:20558] [DIS] Checking node lookup status for 093AC37AB56385CD-0000000000000001 after 1 ms[0m
[0;32m[1784836930.692] [20556:20558] [DIS] Keeping DNSSD lookup active[0m
[0;32m[1784836930.692] [20556:20558] [DIS] UDP:[fe80::bfe:a203:38f0:bce7%enp0s3]:5540: score has not improved: 7 (for 093AC37AB56385CD-0000000000000001)[0m
[0;34m[1784836930.692] [20556:20558] [DIS] Lookup clearing interface for non LL address[0m
[0;32m[1784836930.692] [20556:20558] [DIS] UDP:10.0.2.15%enp0s3:5540: score has not improved: 2 (for 093AC37AB56385CD-0000000000000001)[0m
[0;32m[1784836930.692] [20556:20558] [DIS] Checking node lookup status for 093AC37AB56385CD-0000000000000001 after 1 ms[0m
[0;32m[1784836930.692] [20556:20558] [DIS] Keeping DNSSD lookup active[0m
[0;32m[1784836930.892] [20556:20558] [DIS] Checking node lookup status for 093AC37AB56385CD-0000000000000001 after 201 ms[0m
[0;34m[1784836930.893] [20556:20558] [DIS] OperationalSessionSetup[1:0000000000000001]: Updating device address to UDP:[fe80::bfe:a203:38f0:bce7%enp0s3]:5540 while in state 2[0m
[0;34m[1784836930.893] [20556:20558] [DIS] OperationalSessionSetup[1:0000000000000001]: State change 2 --> 3[0m
[0;34m[1784836930.893] [20556:20558] [IN] SecureSession[0x7e9234009cd0]: Allocated Type:2 LSID:39955[0m
[0;32m[1784836930.893] [20556:20558] [SC] Initiating session on local FabricIndex 1 from 0x000000000001B669 -> 0x0000000000000001[0m
[0;32m[1784836930.894] [20556:20558] [EM] <<< [E:22329i S:0 M:5445065] (U) Msg TX from 6F824A0B40495C71 to 0:0000000000000000 [0000] [UDP:[fe80::bfe:a203:38f0:bce7%enp0s3]:5540] --- Type 0000:30 (SecureChannel:CASE_Sigma1) (B:196)[0m
[0;32m[1784836930.894] [20556:20558] [EM] ??1 [E:22329i S:0 M:5445065] (U) Msg Retransmission to 0:0000000000000000 scheduled for 611ms from now [State:Idle II:500 AI:300 AT:4000][0m
[0;32m[1784836930.894] [20556:20558] [SC] Sent Sigma1 msg to <0000000000000001, 1> [II:500ms AI:300ms AT:4000ms][0m
[0;34m[1784836930.894] [20556:20558] [DIS] OperationalSessionSetup[1:0000000000000001]: State change 3 --> 4[0m
[0;32m[1784836930.898] [20556:20558] [EM] >>> [E:22329i S:0 M:179542145 (Ack:5445065)] (U) Msg RX from 0:0000000000000000 [0000] to 6F824A0B40495C71 --- Type 0000:31 (SecureChannel:CASE_Sigma2) (B:751)[0m
[0;34m[1784836930.898] [20556:20558] [EM] Found matching exchange: 22329i, Delegate: 0x7e923400b8e8[0m
[0;34m[1784836930.898] [20556:20558] [EM] Rxd Ack; Removing MessageCounter:5445065 from Retrans Table on exchange 22329i[0m
[0;32m[1784836930.898] [20556:20558] [SC] Received Sigma2 msg[0m
[0;34m[1784836930.898] [20556:20558] [SC] Found MRP parameters in the message[0m
[0;34m[1784836930.900] [20556:20558] [SC] Peer <0000000000000001, 1> assigned session ID 6643[0m
[0;34m[1784836930.900] [20556:20558] [SC] Sending Sigma3[0m
[0;32m[1784836930.900] [20556:20558] [EM] <<< [E:22329i S:0 M:5445066 (Ack:179542145)] (U) Msg TX from 6F824A0B40495C71 to 0:0000000000000000 [0000] [UDP:[fe80::bfe:a203:38f0:bce7%enp0s3]:5540] --- Type 0000:32 (SecureChannel:CASE_Sigma3) (B:598)[0m
[0;32m[1784836930.900] [20556:20558] [EM] ??1 [E:22329i S:0 M:5445066] (U) Msg Retransmission to 0:0000000000000000 scheduled for 368ms from now [State:Active II:500 AI:300 AT:4000][0m
[0;32m[1784836930.900] [20556:20558] [SC] Sent Sigma3 msg[0m
[0;32m[1784836930.911] [20556:20558] [EM] >>> [E:22329i S:0 M:179542146 (Ack:5445066)] (U) Msg RX from 0:0000000000000000 [0000] to 6F824A0B40495C71 --- Type 0000:40 (SecureChannel:StatusReport) (B:34)[0m
[0;34m[1784836930.911] [20556:20558] [EM] Found matching exchange: 22329i, Delegate: 0x7e923400b8e8[0m
[0;34m[1784836930.911] [20556:20558] [EM] Rxd Ack; Removing MessageCounter:5445066 from Retrans Table on exchange 22329i[0m
[0;32m[1784836930.911] [20556:20558] [SC] Success status report received. Session was established[0m
[0;32m[1784836930.912] [20556:20558] [SC] SecureSession[0x7e9234009cd0, LSID:39955]: State change 'kEstablishing' --> 'kActive'[0m
[0;34m[1784836930.912] [20556:20558] [IN] SecureSession[0x7e9234009cd0]: Activated - Type:2 LSID:39955[0m
[0;34m[1784836930.912] [20556:20558] [IN] New secure session activated for device <0000000000000001, 1>, LSID:39955 PSID:6643![0m
[0;34m[1784836930.912] [20556:20558] [DIS] OperationalSessionSetup[1:0000000000000001]: State change 4 --> 5[0m
[0;32m[1784836930.912] [20556:20558] [TOO] Sending ReadAttribute to:[0m
[0;32m[1784836930.912] [20556:20558] [TOO] 	cluster 0x0000_0038, attribute: 0x0000_0000, endpoint 0[0m
[0;34m[1784836930.913] [20556:20558] [DMG] SendReadRequest ReadClient[0x7e923400eef0]: Sending Read Request[0m
[0;32m[1784836930.913] [20556:20558] [DMG] 0 data version filters provided, 0 not relevant, 0 encoded, 0 skipped due to lack of space[0m
[0;32m[1784836930.913] [20556:20558] [EM] <<< [E:22330i S:39955 M:78634937] (S) Msg TX from 000000000001B669 to 1:0000000000000001 [85CD] [UDP:[fe80::bfe:a203:38f0:bce7%enp0s3]:5540] --- Type 0001:02 (IM:ReadRequest) (B:51)[0m
[0;32m[1784836930.913] [20556:20558] [EM] ??1 [E:22330i S:39955 M:78634937] (S) Msg Retransmission to 1:0000000000000001 scheduled for 348ms from now [State:Active II:500 AI:300 AT:4000][0m
[0;34m[1784836930.913] [20556:20558] [DMG] MoveToState ReadClient[0x7e923400eef0]: Moving to [AwaitingIn][0m
[0;32m[1784836930.913] [20556:20558] [EM] <<< [E:22329i S:0 M:5445067 (Ack:179542146)] (U) Msg TX from 6F824A0B40495C71 to 0:0000000000000000 [0000] [UDP:[fe80::bfe:a203:38f0:bce7%enp0s3]:5540] --- Type 0000:10 (SecureChannel:StandaloneAck) (B:26)[0m
[0;34m[1784836930.913] [20556:20558] [EM] Flushed pending ack for MessageCounter:179542146 on exchange 22329i[0m
[0;32m[1784836930.913] [20556:20558] [EM] >>> [E:22330i S:39955 M:189952557 (Ack:78634937)] (S) Msg RX from 1:0000000000000001 [85CD] to 000000000001B669 --- Type 0001:05 (IM:ReportData) (B:77)[0m
[0;34m[1784836930.913] [20556:20558] [EM] Found matching exchange: 22330i, Delegate: 0x7e923400ef00[0m
[0;34m[1784836930.913] [20556:20558] [EM] Rxd Ack; Removing MessageCounter:78634937 from Retrans Table on exchange 22330i[0m
[0;34m[1784836930.913] [20556:20558] [DMG] ReportDataMessage =[0m
[0;34m[1784836930.913] [20556:20558] [DMG] {[0m
[0;34m[1784836930.913] [20556:20558] [DMG] 	AttributeReportIBs =[0m
[0;34m[1784836930.913] [20556:20558] [DMG] 	[[0m
[0;34m[1784836930.913] [20556:20558] [DMG] 		AttributeReportIB =[0m
[0;34m[1784836930.913] [20556:20558] [DMG] 		{[0m
[0;34m[1784836930.913] [20556:20558] [DMG] 			AttributeDataIB =[0m
[0;34m[1784836930.913] [20556:20558] [DMG] 			{[0m
[0;34m[1784836930.913] [20556:20558] [DMG] 				DataVersion = 0x991228aa,[0m
[0;34m[1784836930.913] [20556:20558] [DMG] 				AttributePathIB =[0m
[0;34m[1784836930.913] [20556:20558] [DMG] 				{[0m
[0;34m[1784836930.913] [20556:20558] [DMG] 					Endpoint = 0x0,[0m
[0;34m[1784836930.913] [20556:20558] [DMG] 					Cluster = 0x38,[0m
[0;34m[1784836930.913] [20556:20558] [DMG] 					Attribute = 0x0000_0000,[0m
[0;34m[1784836930.913] [20556:20558] [DMG] 				}[0m
[0;34m[1784836930.913] [20556:20558] [DMG] 					[0m
[0;34m[1784836930.913] [20556:20558] [DMG] 				Data = 838152130913337 (unsigned), [0m
[0;34m[1784836930.913] [20556:20558] [DMG] 			},[0m
[0;34m[1784836930.913] [20556:20558] [DMG] 			[0m
[0;34m[1784836930.913] [20556:20558] [DMG] 		},[0m
[0;34m[1784836930.913] [20556:20558] [DMG] 		[0m
[0;34m[1784836930.913] [20556:20558] [DMG] 	],[0m
[0;34m[1784836930.913] [20556:20558] [DMG] 	[0m
[0;34m[1784836930.913] [20556:20558] [DMG] 	SuppressResponse = true, [0m
[0;34m[1784836930.913] [20556:20558] [DMG] 	InteractionModelRevision = 12[0m
[0;34m[1784836930.913] [20556:20558] [DMG] }[0m
[0;32m[1784836930.913] [20556:20558] [TOO] Endpoint: 0 Cluster: 0x0000_0038 Attribute 0x0000_0000 DataVersion: 2568104106[0m
[0;32m[1784836930.913] [20556:20558] [TOO]   UTCTime: 838152130913337[0m
[0;32m[1784836930.913] [20556:20558] [EM] <<< [E:22330i S:39955 M:78634938 (Ack:189952557)] (S) Msg TX from 000000000001B669 to 1:0000000000000001 [85CD] [UDP:[fe80::bfe:a203:38f0:bce7%enp0s3]:5540] --- Type 0000:10 (SecureChannel:StandaloneAck) (B:34)[0m
[0;34m[1784836930.913] [20556:20558] [EM] Flushed pending ack for MessageCounter:189952557 on exchange 22330i[0m
[0;34m[1784836930.914] [20556:20556] [CTL] Shutting down the commissioner[0m
[0;32m[1784836930.914] [20556:20556] [PAF] WiFiPAF: Closing all WiFiPAF sessions to shutdown[0m
[0;34m[1784836930.914] [20556:20556] [CTL] Shutting down the controller[0m
[0;34m[1784836930.914] [20556:20556] [IN] Expiring all sessions for fabric 0x1!![0m
[0;34m[1784836930.914] [20556:20556] [IN] SecureSession[0x7e9234009cd0]: MarkForEviction Type:2 LSID:39955[0m
[0;32m[1784836930.914] [20556:20556] [SC] SecureSession[0x7e9234009cd0, LSID:39955]: State change 'kActive' --> 'kPendingEviction'[0m
[0;34m[1784836930.914] [20556:20556] [IN] SecureSession[0x7e9234009cd0]: Released - Type:2 LSID:39955[0m
[0;32m[1784836930.914] [20556:20556] [FP] Forgetting fabric 0x1[0m
[0;32m[1784836930.914] [20556:20556] [TS] Pending Last Known Good Time: 2023-10-14T01:16:48[0m
[0;32m[1784836930.914] [20556:20556] [TS] Previous Last Known Good Time: 2023-10-14T01:16:48[0m
[0;32m[1784836930.914] [20556:20556] [TS] Reverted Last Known Good Time to previous value[0m
[0;34m[1784836930.914] [20556:20556] [CTL] Shutting down the commissioner[0m
[0;32m[1784836930.914] [20556:20556] [PAF] WiFiPAF: Closing all WiFiPAF sessions to shutdown[0m
[0;34m[1784836930.914] [20556:20556] [CTL] Shutting down the controller[0m
[0;34m[1784836930.914] [20556:20556] [CTL] Shutting down the System State, this will teardown the CHIP Stack[0m
[0;34m[1784836930.914] [20556:20556] [DMG] All ReadHandler-s are clean, clear GlobalDirtySet[0m
[0;32m[1784836930.914] [20556:20556] [FP] Shutting down FabricTable[0m
[0;32m[1784836930.914] [20556:20556] [TS] Pending Last Known Good Time: 2023-10-14T01:16:48[0m
[0;32m[1784836930.914] [20556:20556] [TS] Previous Last Known Good Time: 2023-10-14T01:16:48[0m
[0;32m[1784836930.914] [20556:20556] [TS] Reverted Last Known Good Time to previous value[0m
[0;34m[1784836930.916] [20556:20556] [DL] Wrote settings to /tmp/chip_counters.ini[0m
[0;32m[1784836930.916] [20556:20556] [DL] NVS set: chip-counters/total-operational-hours = 0 (0x0)[0m
[0;32m[1784836930.916] [20556:20556] [DL] Inet Layer shutdown[0m
[0;32m[1784836930.916] [20556:20556] [DL] BLE Layer shutdown[0m
[0;32m[1784836930.916] [20556:20556] [DL] WiFi-PAF Layer shutdown[0m
[0;32m[1784836930.916] [20556:20556] [PAF] WiFiPAF: Closing all WiFiPAF sessions to shutdown[0m
[0;32m[1784836930.916] [20556:20556] [DL] System Layer shutdown[0m
