[0;34m[1784836964.786] [20606:20606] [DL] ChipLinuxStorage::Init: Using KVS config file: /tmp/chip_tool_kvs[0m
[1;31m[1784836964.786] [20606:20606] [DL] ChipLinuxStorage::Init: Attempt to re-initialize with KVS config file: /tmp/chip_kvs, IGNORING.[0m
[0;34m[1784836964.788] [20606:20606] [DL] ChipLinuxStorage::Init: Using KVS config file: /tmp/chip_factory.ini[0m
[0;34m[1784836964.788] [20606:20606] [DL] ChipLinuxStorage::Init: Using KVS config file: /tmp/chip_config.ini[0m
[0;34m[1784836964.788] [20606:20606] [DL] ChipLinuxStorage::Init: Using KVS config file: /tmp/chip_counters.ini[0m
[0;34m[1784836964.790] [20606:20606] [DL] Wrote settings to /tmp/chip_counters.ini[0m
[0;32m[1784836964.790] [20606:20606] [DL] NVS set: chip-counters/reboot-count = 3 (0x3)[0m
[0;32m[1784836964.791] [20606:20606] [DL] Got Ethernet interface: enp0s3[0m
[0;32m[1784836964.791] [20606:20606] [DL] Found the primary Ethernet interface:enp0s3[0m
[1;31m[1784836964.791] [20606:20606] [DL] Failed to get WiFi interface[0m
[1;31m[1784836964.791] [20606:20606] [DL] Failed to reset WiFi statistic counts[0m
[0;32m[1784836964.791] [20606:20606] [PAF] WiFiPAF: WiFiPAFLayer::Init()[0m
[0;34m[1784836964.791] [20606:20606] [IN] UDP::Init bind&listen port=0[0m
[0;34m[1784836964.791] [20606:20606] [IN] UDP::Init bound to port=60687[0m
[0;34m[1784836964.791] [20606:20606] [IN] UDP::Init bind&listen port=0[0m
[0;34m[1784836964.791] [20606:20606] [IN] UDP::Init bound to port=58426[0m
[0;34m[1784836964.791] [20606:20606] [IN] BLEBase::Init - setting/overriding transport[0m
[0;34m[1784836964.791] [20606:20606] [IN] WiFiPAFBase::Init - setting/overriding transport[0m
[0;34m[1784836964.791] [20606:20606] [IN] TransportMgr initialized[0m
[0;34m[1784836964.791] [20606:20606] [FP] Initializing FabricTable from persistent storage[0m
[0;32m[1784836964.791] [20606:20606] [TS] Last Known Good Time: 2023-10-14T01:16:48[0m
[0;32m[1784836964.791] [20606:20606] [FP] Fabric index 0x1 was retrieved from storage. Compressed FabricId 0x618FF6366593CA14, FabricId 0x0000000000000001, NodeId 0x000000000001B669, VendorId 0xFFF1[0m
[0;32m[1784836964.792] [20606:20606] [DMG] Ember attribute persistence requires setting up[0m
[0;32m[1784836964.792] [20606:20606] [ZCL] Using ZAP configuration...[0m
[0;34m[1784836964.792] [20606:20606] [CTL] System State Initialized...[0m
[0;32m[1784836964.792] [20606:20606] [CTL] Setting attestation nonce to random value[0m
[0;32m[1784836964.792] [20606:20606] [CTL] Setting CSR nonce to random value[0m
[0;34m[1784836964.792] [20606:20608] [DL] CHIP task running[0m
[0;32m[1784836964.792] [20606:20608] [CTL] Setting attestation nonce to random value[0m
[0;32m[1784836964.792] [20606:20608] [CTL] Setting CSR nonce to random value[0m
[0;32m[1784836964.793] [20606:20608] [CTL] Generating NOC[0m
[0;32m[1784836964.793] [20606:20608] [FP] Validating NOC chain[0m
[0;32m[1784836964.793] [20606:20608] [FP] NOC chain validation successful[0m
[0;32m[1784836964.793] [20606:20608] [FP] Updated fabric at index: 0x1, Node ID: 0x000000000001B669[0m
[0;32m[1784836964.793] [20606:20608] [TS] Last Known Good Time: 2023-10-14T01:16:48[0m
[0;32m[1784836964.793] [20606:20608] [TS] New proposed Last Known Good Time: 2021-01-01T00:00:00[0m
[0;32m[1784836964.793] [20606:20608] [TS] Retaining current Last Known Good Time[0m
[0;32m[1784836964.795] [20606:20608] [FP] Metadata for Fabric 0x1 persisted to storage.[0m
[0;32m[1784836964.796] [20606:20608] [TS] Committing Last Known Good Time to storage: 2023-10-14T01:16:48[0m
[0;32m[1784836964.797] [20606:20608] [CTL] Joined the fabric at index 1. Fabric ID is 0x0000000000000001 (Compressed Fabric ID: 618FF6366593CA14)[0m
[0;32m[1784836964.802] [20606:20608] [TOO] Sending command to node 0x1[0m
[0;34m[1784836964.802] [20606:20608] [CSM] FindOrEstablishSession: PeerId = [1:0000000000000001][0m
[0;34m[1784836964.802] [20606:20608] [CSM] FindOrEstablishSession: No existing OperationalSessionSetup instance found[0m
[0;34m[1784836964.802] [20606:20608] [DIS] OperationalSessionSetup[1:0000000000000001]: State change 1 --> 2[0m
[0;32m[1784836964.803] [20606:20608] [DIS] Lookup started for 618FF6366593CA14-0000000000000001[0m
[0;32m[1784836964.803] [20606:20608] [DIS] UDP:[fe80::bfe:a203:38f0:bce7%enp0s3]:5540: new best score: 7 (for 618FF6366593CA14-0000000000000001)[0m
[0;34m[1784836964.803] [20606:20608] [DIS] Lookup clearing interface for non LL address[0m
[0;32m[1784836964.803] [20606:20608] [DIS] UDP:10.0.2.15%enp0s3:5540: new best score: 2 (for 618FF6366593CA14-0000000000000001)[0m
[0;32m[1784836964.803] [20606:20608] [DIS] Checking node lookup status for 618FF6366593CA14-0000000000000001 after 1 ms[0m
[0;32m[1784836964.803] [20606:20608] [DIS] Keeping DNSSD lookup active[0m
[0;32m[1784836964.803] [20606:20608] [DIS] UDP:[fe80::bfe:a203:38f0:bce7%enp0s3]:5540: score has not improved: 7 (for 618FF6366593CA14-0000000000000001)[0m
[0;34m[1784836964.803] [20606:20608] [DIS] Lookup clearing interface for non LL address[0m
[0;32m[1784836964.803] [20606:20608] [DIS] UDP:10.0.2.15%enp0s3:5540: score has not improved: 2 (for 618FF6366593CA14-0000000000000001)[0m
[0;32m[1784836964.803] [20606:20608] [DIS] Checking node lookup status for 618FF6366593CA14-0000000000000001 after 1 ms[0m
[0;32m[1784836964.803] [20606:20608] [DIS] Keeping DNSSD lookup active[0m
[0;32m[1784836965.011] [20606:20608] [DIS] Checking node lookup status for 618FF6366593CA14-0000000000000001 after 209 ms[0m
[0;34m[1784836965.011] [20606:20608] [DIS] OperationalSessionSetup[1:0000000000000001]: Updating device address to UDP:[fe80::bfe:a203:38f0:bce7%enp0s3]:5540 while in state 2[0m
[0;34m[1784836965.011] [20606:20608] [DIS] OperationalSessionSetup[1:0000000000000001]: State change 2 --> 3[0m
[0;34m[1784836965.012] [20606:20608] [IN] SecureSession[0x79dd28009cd0]: Allocated Type:2 LSID:47370[0m
[0;32m[1784836965.012] [20606:20608] [SC] Initiating session on local FabricIndex 1 from 0x000000000001B669 -> 0x0000000000000001[0m
[0;32m[1784836965.013] [20606:20608] [EM] <<< [E:55582i S:0 M:19679898] (U) Msg TX from 7CD6A82F130AC402 to 0:0000000000000000 [0000] [UDP:[fe80::bfe:a203:38f0:bce7%enp0s3]:5540] --- Type 0000:30 (SecureChannel:CASE_Sigma1) (B:196)[0m
[0;32m[1784836965.013] [20606:20608] [EM] ??1 [E:55582i S:0 M:19679898] (U) Msg Retransmission to 0:0000000000000000 scheduled for 577ms from now [State:Idle II:500 AI:300 AT:4000][0m
[0;32m[1784836965.013] [20606:20608] [SC] Sent Sigma1 msg to <0000000000000001, 1> [II:500ms AI:300ms AT:4000ms][0m
[0;34m[1784836965.013] [20606:20608] [DIS] OperationalSessionSetup[1:0000000000000001]: State change 3 --> 4[0m
[0;32m[1784836965.016] [20606:20608] [EM] >>> [E:55582i S:0 M:91459471 (Ack:19679898)] (U) Msg RX from 0:0000000000000000 [0000] to 7CD6A82F130AC402 --- Type 0000:31 (SecureChannel:CASE_Sigma2) (B:751)[0m
[0;34m[1784836965.016] [20606:20608] [EM] Found matching exchange: 55582i, Delegate: 0x79dd2800b8e8[0m
[0;34m[1784836965.016] [20606:20608] [EM] Rxd Ack; Removing MessageCounter:19679898 from Retrans Table on exchange 55582i[0m
[0;32m[1784836965.016] [20606:20608] [SC] Received Sigma2 msg[0m
[0;34m[1784836965.016] [20606:20608] [SC] Found MRP parameters in the message[0m
[0;34m[1784836965.016] [20606:20608] [SC] Peer <0000000000000001, 1> assigned session ID 13654[0m
[0;34m[1784836965.016] [20606:20608] [SC] Sending Sigma3[0m
[0;32m[1784836965.017] [20606:20608] [EM] <<< [E:55582i S:0 M:19679899 (Ack:91459471)] (U) Msg TX from 7CD6A82F130AC402 to 0:0000000000000000 [0000] [UDP:[fe80::bfe:a203:38f0:bce7%enp0s3]:5540] --- Type 0000:32 (SecureChannel:CASE_Sigma3) (B:598)[0m
[0;32m[1784836965.017] [20606:20608] [EM] ??1 [E:55582i S:0 M:19679899] (U) Msg Retransmission to 0:0000000000000000 scheduled for 346ms from now [State:Active II:500 AI:300 AT:4000][0m
[0;32m[1784836965.017] [20606:20608] [SC] Sent Sigma3 msg[0m
[0;32m[1784836965.027] [20606:20608] [EM] >>> [E:55582i S:0 M:91459472 (Ack:19679899)] (U) Msg RX from 0:0000000000000000 [0000] to 7CD6A82F130AC402 --- Type 0000:40 (SecureChannel:StatusReport) (B:34)[0m
[0;34m[1784836965.027] [20606:20608] [EM] Found matching exchange: 55582i, Delegate: 0x79dd2800b8e8[0m
[0;34m[1784836965.027] [20606:20608] [EM] Rxd Ack; Removing MessageCounter:19679899 from Retrans Table on exchange 55582i[0m
[0;32m[1784836965.027] [20606:20608] [SC] Success status report received. Session was established[0m
[0;32m[1784836965.029] [20606:20608] [SC] SecureSession[0x79dd28009cd0, LSID:47370]: State change 'kEstablishing' --> 'kActive'[0m
[0;34m[1784836965.029] [20606:20608] [IN] SecureSession[0x79dd28009cd0]: Activated - Type:2 LSID:47370[0m
[0;34m[1784836965.029] [20606:20608] [IN] New secure session activated for device <0000000000000001, 1>, LSID:47370 PSID:13654![0m
[0;34m[1784836965.029] [20606:20608] [DIS] OperationalSessionSetup[1:0000000000000001]: State change 4 --> 5[0m
[0;32m[1784836965.029] [20606:20608] [TOO] Sending ReadAttribute to:[0m
[0;32m[1784836965.029] [20606:20608] [TOO] 	cluster 0x0000_0038, attribute: 0x0000_0000, endpoint 0[0m
[0;34m[1784836965.029] [20606:20608] [DMG] SendReadRequest ReadClient[0x79dd2800eef0]: Sending Read Request[0m
[0;32m[1784836965.029] [20606:20608] [DMG] 0 data version filters provided, 0 not relevant, 0 encoded, 0 skipped due to lack of space[0m
[0;32m[1784836965.029] [20606:20608] [EM] <<< [E:55583i S:47370 M:233908615] (S) Msg TX from 000000000001B669 to 1:0000000000000001 [CA14] [UDP:[fe80::bfe:a203:38f0:bce7%enp0s3]:5540] --- Type 0001:02 (IM:ReadRequest) (B:51)[0m
[0;32m[1784836965.029] [20606:20608] [EM] ??1 [E:55583i S:47370 M:233908615] (S) Msg Retransmission to 1:0000000000000001 scheduled for 377ms from now [State:Active II:500 AI:300 AT:4000][0m
[0;34m[1784836965.029] [20606:20608] [DMG] MoveToState ReadClient[0x79dd2800eef0]: Moving to [AwaitingIn][0m
[0;32m[1784836965.029] [20606:20608] [EM] <<< [E:55582i S:0 M:19679900 (Ack:91459472)] (U) Msg TX from 7CD6A82F130AC402 to 0:0000000000000000 [0000] [UDP:[fe80::bfe:a203:38f0:bce7%enp0s3]:5540] --- Type 0000:10 (SecureChannel:StandaloneAck) (B:26)[0m
[0;34m[1784836965.029] [20606:20608] [EM] Flushed pending ack for MessageCounter:91459472 on exchange 55582i[0m
[0;32m[1784836965.029] [20606:20608] [EM] >>> [E:55583i S:47370 M:42066334 (Ack:233908615)] (S) Msg RX from 1:0000000000000001 [CA14] to 000000000001B669 --- Type 0001:05 (IM:ReportData) (B:77)[0m
[0;34m[1784836965.029] [20606:20608] [EM] Found matching exchange: 55583i, Delegate: 0x79dd2800ef00[0m
[0;34m[1784836965.029] [20606:20608] [EM] Rxd Ack; Removing MessageCounter:233908615 from Retrans Table on exchange 55583i[0m
[0;34m[1784836965.029] [20606:20608] [DMG] ReportDataMessage =[0m
[0;34m[1784836965.029] [20606:20608] [DMG] {[0m
[0;34m[1784836965.029] [20606:20608] [DMG] 	AttributeReportIBs =[0m
[0;34m[1784836965.029] [20606:20608] [DMG] 	[[0m
[0;34m[1784836965.029] [20606:20608] [DMG] 		AttributeReportIB =[0m
[0;34m[1784836965.029] [20606:20608] [DMG] 		{[0m
[0;34m[1784836965.029] [20606:20608] [DMG] 			AttributeDataIB =[0m
[0;34m[1784836965.029] [20606:20608] [DMG] 			{[0m
[0;34m[1784836965.029] [20606:20608] [DMG] 				DataVersion = 0x1d75f4b9,[0m
[0;34m[1784836965.029] [20606:20608] [DMG] 				AttributePathIB =[0m
[0;34m[1784836965.029] [20606:20608] [DMG] 				{[0m
[0;34m[1784836965.029] [20606:20608] [DMG] 					Endpoint = 0x0,[0m
[0;34m[1784836965.029] [20606:20608] [DMG] 					Cluster = 0x38,[0m
[0;34m[1784836965.029] [20606:20608] [DMG] 					Attribute = 0x0000_0000,[0m
[0;34m[1784836965.029] [20606:20608] [DMG] 				}[0m
[0;34m[1784836965.029] [20606:20608] [DMG] 					[0m
[0;34m[1784836965.029] [20606:20608] [DMG] 				Data = 838152165029676 (unsigned), [0m
[0;34m[1784836965.029] [20606:20608] [DMG] 			},[0m
[0;34m[1784836965.029] [20606:20608] [DMG] 			[0m
[0;34m[1784836965.029] [20606:20608] [DMG] 		},[0m
[0;34m[1784836965.029] [20606:20608] [DMG] 		[0m
[0;34m[1784836965.029] [20606:20608] [DMG] 	],[0m
[0;34m[1784836965.029] [20606:20608] [DMG] 	[0m
[0;34m[1784836965.029] [20606:20608] [DMG] 	SuppressResponse = true, [0m
[0;34m[1784836965.029] [20606:20608] [DMG] 	InteractionModelRevision = 12[0m
[0;34m[1784836965.029] [20606:20608] [DMG] }[0m
[0;32m[1784836965.029] [20606:20608] [TOO] Endpoint: 0 Cluster: 0x0000_0038 Attribute 0x0000_0000 DataVersion: 494269625[0m
[0;32m[1784836965.029] [20606:20608] [TOO]   UTCTime: 838152165029676[0m
[0;32m[1784836965.030] [20606:20608] [EM] <<< [E:55583i S:47370 M:233908616 (Ack:42066334)] (S) Msg TX from 000000000001B669 to 1:0000000000000001 [CA14] [UDP:[fe80::bfe:a203:38f0:bce7%enp0s3]:5540] --- Type 0000:10 (SecureChannel:StandaloneAck) (B:34)[0m
[0;34m[1784836965.030] [20606:20608] [EM] Flushed pending ack for MessageCounter:42066334 on exchange 55583i[0m
[0;34m[1784836965.030] [20606:20606] [CTL] Shutting down the commissioner[0m
[0;32m[1784836965.030] [20606:20606] [PAF] WiFiPAF: Closing all WiFiPAF sessions to shutdown[0m
[0;34m[1784836965.030] [20606:20606] [CTL] Shutting down the controller[0m
[0;34m[1784836965.030] [20606:20606] [IN] Expiring all sessions for fabric 0x1!![0m
[0;34m[1784836965.030] [20606:20606] [IN] SecureSession[0x79dd28009cd0]: MarkForEviction Type:2 LSID:47370[0m
[0;32m[1784836965.030] [20606:20606] [SC] SecureSession[0x79dd28009cd0, LSID:47370]: State change 'kActive' --> 'kPendingEviction'[0m
[0;34m[1784836965.030] [20606:20606] [IN] SecureSession[0x79dd28009cd0]: Released - Type:2 LSID:47370[0m
[0;32m[1784836965.030] [20606:20606] [FP] Forgetting fabric 0x1[0m
[0;32m[1784836965.030] [20606:20606] [TS] Pending Last Known Good Time: 2023-10-14T01:16:48[0m
[0;32m[1784836965.030] [20606:20606] [TS] Previous Last Known Good Time: 2023-10-14T01:16:48[0m
[0;32m[1784836965.030] [20606:20606] [TS] Reverted Last Known Good Time to previous value[0m
[0;34m[1784836965.030] [20606:20606] [CTL] Shutting down the commissioner[0m
[0;32m[1784836965.030] [20606:20606] [PAF] WiFiPAF: Closing all WiFiPAF sessions to shutdown[0m
[0;34m[1784836965.030] [20606:20606] [CTL] Shutting down the controller[0m
[0;34m[1784836965.030] [20606:20606] [CTL] Shutting down the System State, this will teardown the CHIP Stack[0m
[0;34m[1784836965.030] [20606:20606] [DMG] All ReadHandler-s are clean, clear GlobalDirtySet[0m
[0;32m[1784836965.030] [20606:20606] [FP] Shutting down FabricTable[0m
[0;32m[1784836965.030] [20606:20606] [TS] Pending Last Known Good Time: 2023-10-14T01:16:48[0m
[0;32m[1784836965.030] [20606:20606] [TS] Previous Last Known Good Time: 2023-10-14T01:16:48[0m
[0;32m[1784836965.030] [20606:20606] [TS] Reverted Last Known Good Time to previous value[0m
[0;34m[1784836965.032] [20606:20606] [DL] Wrote settings to /tmp/chip_counters.ini[0m
[0;32m[1784836965.032] [20606:20606] [DL] NVS set: chip-counters/total-operational-hours = 0 (0x0)[0m
[0;32m[1784836965.032] [20606:20606] [DL] Inet Layer shutdown[0m
[0;32m[1784836965.032] [20606:20606] [DL] BLE Layer shutdown[0m
[0;32m[1784836965.032] [20606:20606] [DL] WiFi-PAF Layer shutdown[0m
[0;32m[1784836965.032] [20606:20606] [PAF] WiFiPAF: Closing all WiFiPAF sessions to shutdown[0m
[0;32m[1784836965.032] [20606:20606] [DL] System Layer shutdown[0m
