[0;34m[1784654448.049] [4970:4970] [DL] ChipLinuxStorage::Init: Using KVS config file: /tmp/chip_tool_kvs[0m
[1;31m[1784654448.050] [4970:4970] [DL] ChipLinuxStorage::Init: Attempt to re-initialize with KVS config file: /tmp/chip_kvs, IGNORING.[0m
[0;34m[1784654448.051] [4970:4970] [DL] ChipLinuxStorage::Init: Using KVS config file: /tmp/chip_factory.ini[0m
[0;34m[1784654448.051] [4970:4970] [DL] ChipLinuxStorage::Init: Using KVS config file: /tmp/chip_config.ini[0m
[0;34m[1784654448.051] [4970:4970] [DL] ChipLinuxStorage::Init: Using KVS config file: /tmp/chip_counters.ini[0m
[0;34m[1784654448.054] [4970:4970] [DL] Wrote settings to /tmp/chip_counters.ini[0m
[0;32m[1784654448.054] [4970:4970] [DL] NVS set: chip-counters/reboot-count = 6 (0x6)[0m
[0;32m[1784654448.054] [4970:4970] [DL] Got Ethernet interface: enp0s3[0m
[0;32m[1784654448.054] [4970:4970] [DL] Found the primary Ethernet interface:enp0s3[0m
[1;31m[1784654448.054] [4970:4970] [DL] Failed to get WiFi interface[0m
[1;31m[1784654448.054] [4970:4970] [DL] Failed to reset WiFi statistic counts[0m
[0;32m[1784654448.054] [4970:4970] [PAF] WiFiPAF: WiFiPAFLayer::Init()[0m
[0;34m[1784654448.054] [4970:4970] [IN] UDP::Init bind&listen port=0[0m
[0;34m[1784654448.054] [4970:4970] [IN] UDP::Init bound to port=41806[0m
[0;34m[1784654448.054] [4970:4970] [IN] UDP::Init bind&listen port=0[0m
[0;34m[1784654448.054] [4970:4970] [IN] UDP::Init bound to port=58828[0m
[0;34m[1784654448.054] [4970:4970] [IN] BLEBase::Init - setting/overriding transport[0m
[0;34m[1784654448.054] [4970:4970] [IN] WiFiPAFBase::Init - setting/overriding transport[0m
[0;34m[1784654448.054] [4970:4970] [IN] TransportMgr initialized[0m
[0;34m[1784654448.054] [4970:4970] [FP] Initializing FabricTable from persistent storage[0m
[0;32m[1784654448.055] [4970:4970] [TS] Last Known Good Time: 2023-10-14T01:16:48[0m
[0;32m[1784654448.055] [4970:4970] [FP] Fabric index 0x1 was retrieved from storage. Compressed FabricId 0xE93D5797E70CC1ED, FabricId 0x0000000000000001, NodeId 0x000000000001B669, VendorId 0xFFF1[0m
[0;32m[1784654448.056] [4970:4970] [DMG] Ember attribute persistence requires setting up[0m
[0;32m[1784654448.056] [4970:4970] [ZCL] Using ZAP configuration...[0m
[0;34m[1784654448.056] [4970:4970] [CTL] System State Initialized...[0m
[0;32m[1784654448.056] [4970:4970] [CTL] Setting attestation nonce to random value[0m
[0;32m[1784654448.056] [4970:4970] [CTL] Setting CSR nonce to random value[0m
[0;34m[1784654448.056] [4970:4972] [DL] CHIP task running[0m
[0;32m[1784654448.056] [4970:4972] [CTL] Setting attestation nonce to random value[0m
[0;32m[1784654448.056] [4970:4972] [CTL] Setting CSR nonce to random value[0m
[0;32m[1784654448.056] [4970:4972] [CTL] Generating NOC[0m
[0;32m[1784654448.057] [4970:4972] [FP] Validating NOC chain[0m
[0;32m[1784654448.057] [4970:4972] [FP] NOC chain validation successful[0m
[0;32m[1784654448.057] [4970:4972] [FP] Updated fabric at index: 0x1, Node ID: 0x000000000001B669[0m
[0;32m[1784654448.057] [4970:4972] [TS] Last Known Good Time: 2023-10-14T01:16:48[0m
[0;32m[1784654448.057] [4970:4972] [TS] New proposed Last Known Good Time: 2021-01-01T00:00:00[0m
[0;32m[1784654448.057] [4970:4972] [TS] Retaining current Last Known Good Time[0m
[0;32m[1784654448.059] [4970:4972] [FP] Metadata for Fabric 0x1 persisted to storage.[0m
[0;32m[1784654448.059] [4970:4972] [TS] Committing Last Known Good Time to storage: 2023-10-14T01:16:48[0m
[0;32m[1784654448.060] [4970:4972] [CTL] Joined the fabric at index 1. Fabric ID is 0x0000000000000001 (Compressed Fabric ID: E93D5797E70CC1ED)[0m
[0;32m[1784654448.064] [4970:4972] [TOO] Sending command to node 0x1[0m
[0;34m[1784654448.064] [4970:4972] [CSM] FindOrEstablishSession: PeerId = [1:0000000000000001][0m
[0;34m[1784654448.065] [4970:4972] [CSM] FindOrEstablishSession: No existing OperationalSessionSetup instance found[0m
[0;34m[1784654448.065] [4970:4972] [DIS] OperationalSessionSetup[1:0000000000000001]: State change 1 --> 2[0m
[0;32m[1784654448.065] [4970:4972] [DIS] Lookup started for E93D5797E70CC1ED-0000000000000001[0m
[0;32m[1784654448.066] [4970:4972] [DIS] UDP:[fe80::bfe:a203:38f0:bce7%enp0s3]:5540: new best score: 7 (for E93D5797E70CC1ED-0000000000000001)[0m
[0;34m[1784654448.066] [4970:4972] [DIS] Lookup clearing interface for non LL address[0m
[0;32m[1784654448.066] [4970:4972] [DIS] UDP:10.0.2.15%enp0s3:5540: new best score: 2 (for E93D5797E70CC1ED-0000000000000001)[0m
[0;32m[1784654448.066] [4970:4972] [DIS] Checking node lookup status for E93D5797E70CC1ED-0000000000000001 after 1 ms[0m
[0;32m[1784654448.066] [4970:4972] [DIS] Keeping DNSSD lookup active[0m
[0;32m[1784654448.066] [4970:4972] [DIS] UDP:[fe80::bfe:a203:38f0:bce7%enp0s3]:5540: score has not improved: 7 (for E93D5797E70CC1ED-0000000000000001)[0m
[0;34m[1784654448.066] [4970:4972] [DIS] Lookup clearing interface for non LL address[0m
[0;32m[1784654448.066] [4970:4972] [DIS] UDP:10.0.2.15%enp0s3:5540: score has not improved: 2 (for E93D5797E70CC1ED-0000000000000001)[0m
[0;32m[1784654448.066] [4970:4972] [DIS] Checking node lookup status for E93D5797E70CC1ED-0000000000000001 after 2 ms[0m
[0;32m[1784654448.066] [4970:4972] [DIS] Keeping DNSSD lookup active[0m
[0;32m[1784654448.266] [4970:4972] [DIS] Checking node lookup status for E93D5797E70CC1ED-0000000000000001 after 201 ms[0m
[0;34m[1784654448.266] [4970:4972] [DIS] OperationalSessionSetup[1:0000000000000001]: Updating device address to UDP:[fe80::bfe:a203:38f0:bce7%enp0s3]:5540 while in state 2[0m
[0;34m[1784654448.266] [4970:4972] [DIS] OperationalSessionSetup[1:0000000000000001]: State change 2 --> 3[0m
[0;34m[1784654448.266] [4970:4972] [IN] SecureSession[0x786210009cd0]: Allocated Type:2 LSID:51402[0m
[0;32m[1784654448.266] [4970:4972] [SC] Initiating session on local FabricIndex 1 from 0x000000000001B669 -> 0x0000000000000001[0m
[0;32m[1784654448.268] [4970:4972] [EM] <<< [E:56290i S:0 M:256015098] (U) Msg TX from 2C85C1DDD55F6346 to 0:0000000000000000 [0000] [UDP:[fe80::bfe:a203:38f0:bce7%enp0s3]:5540] --- Type 0000:30 (SecureChannel:CASE_Sigma1) (B:196)[0m
[0;32m[1784654448.268] [4970:4972] [EM] ??1 [E:56290i S:0 M:256015098] (U) Msg Retransmission to 0:0000000000000000 scheduled for 586ms from now [State:Idle II:500 AI:300 AT:4000][0m
[0;32m[1784654448.268] [4970:4972] [SC] Sent Sigma1 msg to <0000000000000001, 1> [II:500ms AI:300ms AT:4000ms][0m
[0;34m[1784654448.268] [4970:4972] [DIS] OperationalSessionSetup[1:0000000000000001]: State change 3 --> 4[0m
[0;32m[1784654448.269] [4970:4972] [EM] >>> [E:56290i S:0 M:202010988 (Ack:256015098)] (U) Msg RX from 0:0000000000000000 [0000] to 2C85C1DDD55F6346 --- Type 0000:31 (SecureChannel:CASE_Sigma2) (B:751)[0m
[0;34m[1784654448.269] [4970:4972] [EM] Found matching exchange: 56290i, Delegate: 0x78621000b8e8[0m
[0;34m[1784654448.269] [4970:4972] [EM] Rxd Ack; Removing MessageCounter:256015098 from Retrans Table on exchange 56290i[0m
[0;32m[1784654448.269] [4970:4972] [SC] Received Sigma2 msg[0m
[0;34m[1784654448.269] [4970:4972] [SC] Found MRP parameters in the message[0m
[0;34m[1784654448.270] [4970:4972] [SC] Peer <0000000000000001, 1> assigned session ID 39415[0m
[0;34m[1784654448.270] [4970:4972] [SC] Sending Sigma3[0m
[0;32m[1784654448.270] [4970:4972] [EM] <<< [E:56290i S:0 M:256015099 (Ack:202010988)] (U) Msg TX from 2C85C1DDD55F6346 to 0:0000000000000000 [0000] [UDP:[fe80::bfe:a203:38f0:bce7%enp0s3]:5540] --- Type 0000:32 (SecureChannel:CASE_Sigma3) (B:598)[0m
[0;32m[1784654448.270] [4970:4972] [EM] ??1 [E:56290i S:0 M:256015099] (U) Msg Retransmission to 0:0000000000000000 scheduled for 409ms from now [State:Active II:500 AI:300 AT:4000][0m
[0;32m[1784654448.270] [4970:4972] [SC] Sent Sigma3 msg[0m
[0;32m[1784654448.280] [4970:4972] [EM] >>> [E:56290i S:0 M:202010989 (Ack:256015099)] (U) Msg RX from 0:0000000000000000 [0000] to 2C85C1DDD55F6346 --- Type 0000:40 (SecureChannel:StatusReport) (B:34)[0m
[0;34m[1784654448.280] [4970:4972] [EM] Found matching exchange: 56290i, Delegate: 0x78621000b8e8[0m
[0;34m[1784654448.280] [4970:4972] [EM] Rxd Ack; Removing MessageCounter:256015099 from Retrans Table on exchange 56290i[0m
[0;32m[1784654448.280] [4970:4972] [SC] Success status report received. Session was established[0m
[0;32m[1784654448.281] [4970:4972] [SC] SecureSession[0x786210009cd0, LSID:51402]: State change 'kEstablishing' --> 'kActive'[0m
[0;34m[1784654448.281] [4970:4972] [IN] SecureSession[0x786210009cd0]: Activated - Type:2 LSID:51402[0m
[0;34m[1784654448.281] [4970:4972] [IN] New secure session activated for device <0000000000000001, 1>, LSID:51402 PSID:39415![0m
[0;34m[1784654448.281] [4970:4972] [DIS] OperationalSessionSetup[1:0000000000000001]: State change 4 --> 5[0m
[0;32m[1784654448.281] [4970:4972] [TOO] Sending cluster (0x0000003E) command (0x00000007) on endpoint 0[0m
[0;34m[1784654448.281] [4970:4972] [DMG] ICR moving to [AddingComm][0m
[0;34m[1784654448.281] [4970:4972] [DMG] ICR moving to [AddedComma][0m
[0;32m[1784654448.281] [4970:4972] [EM] <<< [E:56291i S:51402 M:23676968] (S) Msg TX from 000000000001B669 to 1:0000000000000001 [C1ED] [UDP:[fe80::bfe:a203:38f0:bce7%enp0s3]:5540] --- Type 0001:08 (IM:InvokeCommandRequest) (B:330)[0m
[0;32m[1784654448.281] [4970:4972] [EM] ??1 [E:56291i S:51402 M:23676968] (S) Msg Retransmission to 1:0000000000000001 scheduled for 403ms from now [State:Active II:500 AI:300 AT:4000][0m
[0;34m[1784654448.281] [4970:4972] [DMG] ICR moving to [AwaitingRe][0m
[0;32m[1784654448.281] [4970:4972] [EM] <<< [E:56290i S:0 M:256015100 (Ack:202010989)] (U) Msg TX from 2C85C1DDD55F6346 to 0:0000000000000000 [0000] [UDP:[fe80::bfe:a203:38f0:bce7%enp0s3]:5540] --- Type 0000:10 (SecureChannel:StandaloneAck) (B:26)[0m
[0;34m[1784654448.281] [4970:4972] [EM] Flushed pending ack for MessageCounter:202010989 on exchange 56290i[0m
[0;32m[1784654448.292] [4970:4972] [EM] >>> [E:56291i S:51402 M:173176887 (Ack:23676968)] (S) Msg RX from 1:0000000000000001 [C1ED] to 000000000001B669 --- Type 0001:09 (IM:InvokeCommandResponse) (B:70)[0m
[0;34m[1784654448.292] [4970:4972] [EM] Found matching exchange: 56291i, Delegate: 0x78621000eef8[0m
[0;34m[1784654448.292] [4970:4972] [EM] Rxd Ack; Removing MessageCounter:23676968 from Retrans Table on exchange 56291i[0m
[0;34m[1784654448.292] [4970:4972] [DMG] ICR moving to [ResponseRe][0m
[0;34m[1784654448.292] [4970:4972] [DMG] InvokeResponseMessage =[0m
[0;34m[1784654448.292] [4970:4972] [DMG] {[0m
[0;34m[1784654448.292] [4970:4972] [DMG] 	suppressResponse = false, [0m
[0;34m[1784654448.292] [4970:4972] [DMG] 	InvokeResponseIBs =[0m
[0;34m[1784654448.292] [4970:4972] [DMG] 	[[0m
[0;34m[1784654448.292] [4970:4972] [DMG] 		InvokeResponseIB =[0m
[0;34m[1784654448.292] [4970:4972] [DMG] 		{[0m
[0;34m[1784654448.292] [4970:4972] [DMG] 			CommandDataIB =[0m
[0;34m[1784654448.292] [4970:4972] [DMG] 			{[0m
[0;34m[1784654448.292] [4970:4972] [DMG] 				CommandPathIB =[0m
[0;34m[1784654448.292] [4970:4972] [DMG] 				{[0m
[0;34m[1784654448.292] [4970:4972] [DMG] 					EndpointId = 0x0,[0m
[0;34m[1784654448.292] [4970:4972] [DMG] 					ClusterId = 0x3e,[0m
[0;34m[1784654448.292] [4970:4972] [DMG] 					CommandId = 0x8,[0m
[0;34m[1784654448.292] [4970:4972] [DMG] 				},[0m
[0;34m[1784654448.292] [4970:4972] [DMG] 				[0m
[0;34m[1784654448.292] [4970:4972] [DMG] 				CommandFields = [0m
[0;34m[1784654448.292] [4970:4972] [DMG] 				{[0m
[0;34m[1784654448.292] [4970:4972] [DMG] 					0x0 = 0 (unsigned), [0m
[0;34m[1784654448.292] [4970:4972] [DMG] 					0x1 = 1 (unsigned), [0m
[0;34m[1784654448.292] [4970:4972] [DMG] 				},[0m
[0;34m[1784654448.292] [4970:4972] [DMG] 			},[0m
[0;34m[1784654448.292] [4970:4972] [DMG] 			[0m
[0;34m[1784654448.292] [4970:4972] [DMG] 		},[0m
[0;34m[1784654448.292] [4970:4972] [DMG] 		[0m
[0;34m[1784654448.292] [4970:4972] [DMG] 	],[0m
[0;34m[1784654448.292] [4970:4972] [DMG] 	[0m
[0;34m[1784654448.292] [4970:4972] [DMG] 	InteractionModelRevision = 12[0m
[0;34m[1784654448.292] [4970:4972] [DMG] },[0m
[0;32m[1784654448.292] [4970:4972] [DMG] Received Command Response Data, Endpoint=0 Cluster=0x0000_003E Command=0x0000_0008[0m
[0;32m[1784654448.292] [4970:4972] [TOO] Endpoint: 0 Cluster: 0x0000_003E Command 0x0000_0008[0m
[0;32m[1784654448.292] [4970:4972] [TOO]   NOCResponse: {[0m
[0;32m[1784654448.292] [4970:4972] [TOO]     statusCode: 0[0m
[0;32m[1784654448.292] [4970:4972] [TOO]     fabricIndex: 1[0m
[0;32m[1784654448.292] [4970:4972] [TOO]    }[0m
[0;34m[1784654448.292] [4970:4972] [DMG] ICR moving to [AwaitingDe][0m
[0;32m[1784654448.292] [4970:4972] [EM] <<< [E:56291i S:51402 M:23676969 (Ack:173176887)] (S) Msg TX from 000000000001B669 to 1:0000000000000001 [C1ED] [UDP:[fe80::bfe:a203:38f0:bce7%enp0s3]:5540] --- Type 0000:10 (SecureChannel:StandaloneAck) (B:34)[0m
[0;34m[1784654448.293] [4970:4972] [EM] Flushed pending ack for MessageCounter:173176887 on exchange 56291i[0m
[0;34m[1784654448.293] [4970:4970] [CTL] Shutting down the commissioner[0m
[0;32m[1784654448.293] [4970:4970] [PAF] WiFiPAF: Closing all WiFiPAF sessions to shutdown[0m
[0;34m[1784654448.293] [4970:4970] [CTL] Shutting down the controller[0m
[0;34m[1784654448.293] [4970:4970] [IN] Expiring all sessions for fabric 0x1!![0m
[0;34m[1784654448.293] [4970:4970] [IN] SecureSession[0x786210009cd0]: MarkForEviction Type:2 LSID:51402[0m
[0;32m[1784654448.293] [4970:4970] [SC] SecureSession[0x786210009cd0, LSID:51402]: State change 'kActive' --> 'kPendingEviction'[0m
[0;34m[1784654448.293] [4970:4970] [IN] SecureSession[0x786210009cd0]: Released - Type:2 LSID:51402[0m
[0;32m[1784654448.293] [4970:4970] [FP] Forgetting fabric 0x1[0m
[0;32m[1784654448.293] [4970:4970] [TS] Pending Last Known Good Time: 2023-10-14T01:16:48[0m
[0;32m[1784654448.293] [4970:4970] [TS] Previous Last Known Good Time: 2023-10-14T01:16:48[0m
[0;32m[1784654448.293] [4970:4970] [TS] Reverted Last Known Good Time to previous value[0m
[0;34m[1784654448.293] [4970:4970] [CTL] Shutting down the commissioner[0m
[0;32m[1784654448.293] [4970:4970] [PAF] WiFiPAF: Closing all WiFiPAF sessions to shutdown[0m
[0;34m[1784654448.293] [4970:4970] [CTL] Shutting down the controller[0m
[0;34m[1784654448.293] [4970:4970] [CTL] Shutting down the System State, this will teardown the CHIP Stack[0m
[0;34m[1784654448.293] [4970:4970] [DMG] All ReadHandler-s are clean, clear GlobalDirtySet[0m
[0;32m[1784654448.293] [4970:4970] [FP] Shutting down FabricTable[0m
[0;32m[1784654448.293] [4970:4970] [TS] Pending Last Known Good Time: 2023-10-14T01:16:48[0m
[0;32m[1784654448.293] [4970:4970] [TS] Previous Last Known Good Time: 2023-10-14T01:16:48[0m
[0;32m[1784654448.293] [4970:4970] [TS] Reverted Last Known Good Time to previous value[0m
[0;34m[1784654448.295] [4970:4970] [DL] Wrote settings to /tmp/chip_counters.ini[0m
[0;32m[1784654448.295] [4970:4970] [DL] NVS set: chip-counters/total-operational-hours = 0 (0x0)[0m
[0;32m[1784654448.295] [4970:4970] [DL] Inet Layer shutdown[0m
[0;32m[1784654448.295] [4970:4970] [DL] BLE Layer shutdown[0m
[0;32m[1784654448.295] [4970:4970] [DL] WiFi-PAF Layer shutdown[0m
[0;32m[1784654448.295] [4970:4970] [PAF] WiFiPAF: Closing all WiFiPAF sessions to shutdown[0m
[0;32m[1784654448.295] [4970:4970] [DL] System Layer shutdown[0m
