[0;34m[1784654658.759] [5615:5615] [DL] ChipLinuxStorage::Init: Using KVS config file: /tmp/chip_tool_kvs[0m
[1;31m[1784654658.760] [5615:5615] [DL] ChipLinuxStorage::Init: Attempt to re-initialize with KVS config file: /tmp/chip_kvs, IGNORING.[0m
[0;34m[1784654658.761] [5615:5615] [DL] ChipLinuxStorage::Init: Using KVS config file: /tmp/chip_factory.ini[0m
[0;34m[1784654658.761] [5615:5615] [DL] ChipLinuxStorage::Init: Using KVS config file: /tmp/chip_config.ini[0m
[0;34m[1784654658.761] [5615:5615] [DL] ChipLinuxStorage::Init: Using KVS config file: /tmp/chip_counters.ini[0m
[0;34m[1784654658.764] [5615:5615] [DL] Wrote settings to /tmp/chip_counters.ini[0m
[0;32m[1784654658.764] [5615:5615] [DL] NVS set: chip-counters/reboot-count = 4 (0x4)[0m
[0;32m[1784654658.764] [5615:5615] [DL] Got Ethernet interface: enp0s3[0m
[0;32m[1784654658.764] [5615:5615] [DL] Found the primary Ethernet interface:enp0s3[0m
[1;31m[1784654658.765] [5615:5615] [DL] Failed to get WiFi interface[0m
[1;31m[1784654658.765] [5615:5615] [DL] Failed to reset WiFi statistic counts[0m
[0;32m[1784654658.765] [5615:5615] [PAF] WiFiPAF: WiFiPAFLayer::Init()[0m
[0;34m[1784654658.765] [5615:5615] [IN] UDP::Init bind&listen port=0[0m
[0;34m[1784654658.765] [5615:5615] [IN] UDP::Init bound to port=52274[0m
[0;34m[1784654658.765] [5615:5615] [IN] UDP::Init bind&listen port=0[0m
[0;34m[1784654658.765] [5615:5615] [IN] UDP::Init bound to port=52320[0m
[0;34m[1784654658.765] [5615:5615] [IN] BLEBase::Init - setting/overriding transport[0m
[0;34m[1784654658.765] [5615:5615] [IN] WiFiPAFBase::Init - setting/overriding transport[0m
[0;34m[1784654658.765] [5615:5615] [IN] TransportMgr initialized[0m
[0;34m[1784654658.765] [5615:5615] [FP] Initializing FabricTable from persistent storage[0m
[0;32m[1784654658.765] [5615:5615] [TS] Last Known Good Time: 2023-10-14T01:16:48[0m
[0;32m[1784654658.766] [5615:5615] [FP] Fabric index 0x1 was retrieved from storage. Compressed FabricId 0xFAA5D8FE4665C6CE, FabricId 0x0000000000000001, NodeId 0x000000000001B669, VendorId 0xFFF1[0m
[0;32m[1784654658.767] [5615:5615] [DMG] Ember attribute persistence requires setting up[0m
[0;32m[1784654658.767] [5615:5615] [ZCL] Using ZAP configuration...[0m
[0;34m[1784654658.768] [5615:5615] [CTL] System State Initialized...[0m
[0;32m[1784654658.768] [5615:5615] [CTL] Setting attestation nonce to random value[0m
[0;32m[1784654658.768] [5615:5615] [CTL] Setting CSR nonce to random value[0m
[0;34m[1784654658.769] [5615:5617] [DL] CHIP task running[0m
[0;32m[1784654658.769] [5615:5617] [CTL] Setting attestation nonce to random value[0m
[0;32m[1784654658.769] [5615:5617] [CTL] Setting CSR nonce to random value[0m
[0;32m[1784654658.769] [5615:5617] [CTL] Generating NOC[0m
[0;32m[1784654658.769] [5615:5617] [FP] Validating NOC chain[0m
[0;32m[1784654658.770] [5615:5617] [FP] NOC chain validation successful[0m
[0;32m[1784654658.770] [5615:5617] [FP] Updated fabric at index: 0x1, Node ID: 0x000000000001B669[0m
[0;32m[1784654658.770] [5615:5617] [TS] Last Known Good Time: 2023-10-14T01:16:48[0m
[0;32m[1784654658.770] [5615:5617] [TS] New proposed Last Known Good Time: 2021-01-01T00:00:00[0m
[0;32m[1784654658.770] [5615:5617] [TS] Retaining current Last Known Good Time[0m
[0;32m[1784654658.772] [5615:5617] [FP] Metadata for Fabric 0x1 persisted to storage.[0m
[0;32m[1784654658.773] [5615:5617] [TS] Committing Last Known Good Time to storage: 2023-10-14T01:16:48[0m
[0;32m[1784654658.774] [5615:5617] [CTL] Joined the fabric at index 1. Fabric ID is 0x0000000000000001 (Compressed Fabric ID: FAA5D8FE4665C6CE)[0m
[0;32m[1784654658.779] [5615:5617] [TOO] Sending command to node 0x1[0m
[0;34m[1784654658.779] [5615:5617] [CSM] FindOrEstablishSession: PeerId = [1:0000000000000001][0m
[0;34m[1784654658.779] [5615:5617] [CSM] FindOrEstablishSession: No existing OperationalSessionSetup instance found[0m
[0;34m[1784654658.779] [5615:5617] [DIS] OperationalSessionSetup[1:0000000000000001]: State change 1 --> 2[0m
[0;32m[1784654658.780] [5615:5617] [DIS] Lookup started for FAA5D8FE4665C6CE-0000000000000001[0m
[0;32m[1784654658.780] [5615:5617] [DIS] UDP:[fe80::bfe:a203:38f0:bce7%enp0s3]:5540: new best score: 7 (for FAA5D8FE4665C6CE-0000000000000001)[0m
[0;34m[1784654658.780] [5615:5617] [DIS] Lookup clearing interface for non LL address[0m
[0;32m[1784654658.780] [5615:5617] [DIS] UDP:10.0.2.15%enp0s3:5540: new best score: 2 (for FAA5D8FE4665C6CE-0000000000000001)[0m
[0;32m[1784654658.780] [5615:5617] [DIS] Checking node lookup status for FAA5D8FE4665C6CE-0000000000000001 after 1 ms[0m
[0;32m[1784654658.780] [5615:5617] [DIS] Keeping DNSSD lookup active[0m
[0;32m[1784654658.780] [5615:5617] [DIS] UDP:[fe80::bfe:a203:38f0:bce7%enp0s3]:5540: score has not improved: 7 (for FAA5D8FE4665C6CE-0000000000000001)[0m
[0;34m[1784654658.780] [5615:5617] [DIS] Lookup clearing interface for non LL address[0m
[0;32m[1784654658.780] [5615:5617] [DIS] UDP:10.0.2.15%enp0s3:5540: score has not improved: 2 (for FAA5D8FE4665C6CE-0000000000000001)[0m
[0;32m[1784654658.780] [5615:5617] [DIS] Checking node lookup status for FAA5D8FE4665C6CE-0000000000000001 after 1 ms[0m
[0;32m[1784654658.780] [5615:5617] [DIS] Keeping DNSSD lookup active[0m
[0;32m[1784654658.980] [5615:5617] [DIS] Checking node lookup status for FAA5D8FE4665C6CE-0000000000000001 after 202 ms[0m
[0;34m[1784654658.980] [5615:5617] [DIS] OperationalSessionSetup[1:0000000000000001]: Updating device address to UDP:[fe80::bfe:a203:38f0:bce7%enp0s3]:5540 while in state 2[0m
[0;34m[1784654658.980] [5615:5617] [DIS] OperationalSessionSetup[1:0000000000000001]: State change 2 --> 3[0m
[0;34m[1784654658.981] [5615:5617] [IN] SecureSession[0x7ce1d4009cd0]: Allocated Type:2 LSID:62796[0m
[0;32m[1784654658.981] [5615:5617] [SC] Initiating session on local FabricIndex 1 from 0x000000000001B669 -> 0x0000000000000001[0m
[0;32m[1784654658.981] [5615:5617] [EM] <<< [E:11708i S:0 M:104463842] (U) Msg TX from C95A92022F6EC8A0 to 0:0000000000000000 [0000] [UDP:[fe80::bfe:a203:38f0:bce7%enp0s3]:5540] --- Type 0000:30 (SecureChannel:CASE_Sigma1) (B:196)[0m
[0;32m[1784654658.981] [5615:5617] [EM] ??1 [E:11708i S:0 M:104463842] (U) Msg Retransmission to 0:0000000000000000 scheduled for 680ms from now [State:Idle II:500 AI:300 AT:4000][0m
[0;32m[1784654658.981] [5615:5617] [SC] Sent Sigma1 msg to <0000000000000001, 1> [II:500ms AI:300ms AT:4000ms][0m
[0;34m[1784654658.981] [5615:5617] [DIS] OperationalSessionSetup[1:0000000000000001]: State change 3 --> 4[0m
[0;32m[1784654658.982] [5615:5617] [EM] >>> [E:11708i S:0 M:227261387 (Ack:104463842)] (U) Msg RX from 0:0000000000000000 [0000] to C95A92022F6EC8A0 --- Type 0000:31 (SecureChannel:CASE_Sigma2) (B:751)[0m
[0;34m[1784654658.982] [5615:5617] [EM] Found matching exchange: 11708i, Delegate: 0x7ce1d400b8e8[0m
[0;34m[1784654658.982] [5615:5617] [EM] Rxd Ack; Removing MessageCounter:104463842 from Retrans Table on exchange 11708i[0m
[0;32m[1784654658.982] [5615:5617] [SC] Received Sigma2 msg[0m
[0;34m[1784654658.982] [5615:5617] [SC] Found MRP parameters in the message[0m
[0;34m[1784654658.983] [5615:5617] [SC] Peer <0000000000000001, 1> assigned session ID 54485[0m
[0;34m[1784654658.983] [5615:5617] [SC] Sending Sigma3[0m
[0;32m[1784654658.983] [5615:5617] [EM] <<< [E:11708i S:0 M:104463843 (Ack:227261387)] (U) Msg TX from C95A92022F6EC8A0 to 0:0000000000000000 [0000] [UDP:[fe80::bfe:a203:38f0:bce7%enp0s3]:5540] --- Type 0000:32 (SecureChannel:CASE_Sigma3) (B:598)[0m
[0;32m[1784654658.983] [5615:5617] [EM] ??1 [E:11708i S:0 M:104463843] (U) Msg Retransmission to 0:0000000000000000 scheduled for 379ms from now [State:Active II:500 AI:300 AT:4000][0m
[0;32m[1784654658.983] [5615:5617] [SC] Sent Sigma3 msg[0m
[0;32m[1784654658.991] [5615:5617] [EM] >>> [E:11708i S:0 M:227261388 (Ack:104463843)] (U) Msg RX from 0:0000000000000000 [0000] to C95A92022F6EC8A0 --- Type 0000:40 (SecureChannel:StatusReport) (B:34)[0m
[0;34m[1784654658.991] [5615:5617] [EM] Found matching exchange: 11708i, Delegate: 0x7ce1d400b8e8[0m
[0;34m[1784654658.991] [5615:5617] [EM] Rxd Ack; Removing MessageCounter:104463843 from Retrans Table on exchange 11708i[0m
[0;32m[1784654658.991] [5615:5617] [SC] Success status report received. Session was established[0m
[0;32m[1784654658.992] [5615:5617] [SC] SecureSession[0x7ce1d4009cd0, LSID:62796]: State change 'kEstablishing' --> 'kActive'[0m
[0;34m[1784654658.992] [5615:5617] [IN] SecureSession[0x7ce1d4009cd0]: Activated - Type:2 LSID:62796[0m
[0;34m[1784654658.992] [5615:5617] [IN] New secure session activated for device <0000000000000001, 1>, LSID:62796 PSID:54485![0m
[0;34m[1784654658.992] [5615:5617] [DIS] OperationalSessionSetup[1:0000000000000001]: State change 4 --> 5[0m
[0;32m[1784654658.992] [5615:5617] [TOO] Sending cluster (0x0000003E) command (0x00000004) on endpoint 0[0m
[0;34m[1784654658.992] [5615:5617] [DMG] ICR moving to [AddingComm][0m
[0;34m[1784654658.992] [5615:5617] [DMG] ICR moving to [AddedComma][0m
[0;32m[1784654658.992] [5615:5617] [EM] <<< [E:11709i S:62796 M:58419403] (S) Msg TX from 000000000001B669 to 1:0000000000000001 [C6CE] [UDP:[fe80::bfe:a203:38f0:bce7%enp0s3]:5540] --- Type 0001:08 (IM:InvokeCommandRequest) (B:96)[0m
[0;32m[1784654658.992] [5615:5617] [EM] ??1 [E:11709i S:62796 M:58419403] (S) Msg Retransmission to 1:0000000000000001 scheduled for 354ms from now [State:Active II:500 AI:300 AT:4000][0m
[0;34m[1784654658.992] [5615:5617] [DMG] ICR moving to [AwaitingRe][0m
[0;32m[1784654658.992] [5615:5617] [EM] <<< [E:11708i S:0 M:104463844 (Ack:227261388)] (U) Msg TX from C95A92022F6EC8A0 to 0:0000000000000000 [0000] [UDP:[fe80::bfe:a203:38f0:bce7%enp0s3]:5540] --- Type 0000:10 (SecureChannel:StandaloneAck) (B:26)[0m
[0;34m[1784654658.992] [5615:5617] [EM] Flushed pending ack for MessageCounter:227261388 on exchange 11708i[0m
[0;32m[1784654658.993] [5615:5617] [EM] >>> [E:11709i S:62796 M:131375098 (Ack:58419403)] (S) Msg RX from 1:0000000000000001 [C6CE] to 000000000001B669 --- Type 0001:09 (IM:InvokeCommandResponse) (B:378)[0m
[0;34m[1784654658.993] [5615:5617] [EM] Found matching exchange: 11709i, Delegate: 0x7ce1d400eef8[0m
[0;34m[1784654658.993] [5615:5617] [EM] Rxd Ack; Removing MessageCounter:58419403 from Retrans Table on exchange 11709i[0m
[0;34m[1784654658.993] [5615:5617] [DMG] ICR moving to [ResponseRe][0m
[0;34m[1784654658.993] [5615:5617] [DMG] InvokeResponseMessage =[0m
[0;34m[1784654658.993] [5615:5617] [DMG] {[0m
[0;34m[1784654658.993] [5615:5617] [DMG] 	suppressResponse = false, [0m
[0;34m[1784654658.993] [5615:5617] [DMG] 	InvokeResponseIBs =[0m
[0;34m[1784654658.993] [5615:5617] [DMG] 	[[0m
[0;34m[1784654658.993] [5615:5617] [DMG] 		InvokeResponseIB =[0m
[0;34m[1784654658.993] [5615:5617] [DMG] 		{[0m
[0;34m[1784654658.993] [5615:5617] [DMG] 			CommandDataIB =[0m
[0;34m[1784654658.993] [5615:5617] [DMG] 			{[0m
[0;34m[1784654658.993] [5615:5617] [DMG] 				CommandPathIB =[0m
[0;34m[1784654658.993] [5615:5617] [DMG] 				{[0m
[0;34m[1784654658.993] [5615:5617] [DMG] 					EndpointId = 0x0,[0m
[0;34m[1784654658.993] [5615:5617] [DMG] 					ClusterId = 0x3e,[0m
[0;34m[1784654658.993] [5615:5617] [DMG] 					CommandId = 0x5,[0m
[0;34m[1784654658.993] [5615:5617] [DMG] 				},[0m
[0;34m[1784654658.993] [5615:5617] [DMG] 				[0m
[0;34m[1784654658.993] [5615:5617] [DMG] 				CommandFields = [0m
[0;34m[1784654658.993] [5615:5617] [DMG] 				{[0m
[0;34m[1784654658.993] [5615:5617] [DMG] 					0x0 = [[0m
[0;34m[1784654658.993] [5615:5617] [DMG] 							0x15, 0x30, 0x01, 0xcc, 0x30, 0x81, 0xc9, 0x30, 0x70, 0x02, 0x01, 0x00, 0x30, 0x0e, 0x31, 0x0c, 0x30, 0x0a, 0x06, 0x03, 0x55, 0x04, 0x0a, 0x0c, 0x03, 0x43, 0x53, 0x52, 0x30, 0x59, 0x30, 0x13, 0x06, 0x07, 0x2a, 0x86, 0x48, 0xce, 0x3d, 0x02, 0x01, 0x06, 0x08, 0x2a, 0x86, 0x48, 0xce, 0x3d, 0x03, 0x01, 0x07, 0x03, 0x42, 0x00, 0x04, 0x00, 0x7a, 0x7c, 0x9b, 0xd9, 0xd9, 0x1b, 0x86, 0xb2, 0x7b, 0x61, 0xc8, 0xfc, 0xf2, 0xd5, 0x88, 0xdf, 0xf5, 0xcd, 0x7d, 0xbe, 0x1e, 0x69, 0x62, 0x73, 0x91, 0x88, 0x55, 0x0c, 0x9c, 0x69, 0xe5, 0x86, 0xd7, 0x0c, 0x6b, 0xb7, 0x69, 0x70, 0xe0, 0xb5, 0xa3, 0x31, 0x69, 0xdf, 0xe1, 0x67, 0xad, 0x23, 0xf6, 0x10, 0xec, 0x3e, 0x54, 0x9a, 0x6a, 0xcd, 0x15, 0xfa, 0x57, 0xee, 0x83, 0x4b, 0x81, 0xa0, 0x00, 0x30, 0x0a, 0x06, 0x08, 0x2a, 0x86, 0x48, 0xce, 0x3d, 0x04, 0x03, 0x02, 0x03, 0x49, 0x00, 0x30, 0x46, 0x02, 0x21, 0x00, 0xf6, 0xdd, 0xc6, 0xf3, 0x3d, 0x0b, 0x1d, 0xfc, 0x94, 0x5f, 0xa1, 0xc7, 0xe1, 0x62, 0x1e, 0xf5, 0x90, 0x01, 0x1d, 0x66, 0x62, 0xcb, 0x6d, 0x26, 0x04, 0x2f, 0xb8, 0xb0, 0x90, 0xca, 0xf4, 0xce, 0x02, 0x21, 0x00, 0x91, 0xcb, 0x26, 0x53, 0xdf, 0x4c, 0xbc, 0x6d, 0xc9, 0xb8, 0x58, 0x49, 0x38, 0x90, 0x37, 0x8c, 0xee, 0xbe, 0xa5, 0xb6, 0xca, 0x6e, 0x46, 0x31, 0xd6, 0x41, 0x04, 0x8f, 0xf5, 0x2a, 0xae, 0xe7, 0x30, 0x02, 0x20, 0x5b, 0x9e, 0xa1, 0x56, 0xc1, 0xc0, 0x71, 0xfd, 0x59, 0x91, 0x0b, 0xb9, 0x0c, 0x70, 0x87, 0x7f, 0x54, 0xa4, 0x75, 0x14, 0x20, 0x03, 0x0e, 0xa3, 0x37, 0xfb, 0xbe, 0xbf, 0xc5, 0x87, 0x62, 0xd0, 0x18, [0m
[0;34m[1784654658.993] [5615:5617] [DMG] 					] (244 bytes)[0m
[0;34m[1784654658.993] [5615:5617] [DMG] 					0x1 = [[0m
[0;34m[1784654658.993] [5615:5617] [DMG] 							0x06, 0x76, 0xbe, 0xc7, 0xe3, 0x81, 0x1e, 0x9b, 0x12, 0x5f, 0x01, 0xa6, 0x7e, 0xd1, 0x53, 0x7b, 0xdb, 0x96, 0x22, 0xf9, 0x71, 0x1b, 0x30, 0xe9, 0x2e, 0xba, 0x73, 0x06, 0x32, 0x7b, 0x14, 0xf7, 0x2a, 0x2d, 0xd9, 0x69, 0x77, 0x92, 0xdc, 0xf3, 0x3e, 0x2d, 0xd2, 0xa7, 0x82, 0x2b, 0xad, 0x4c, 0x80, 0xf4, 0x88, 0xfd, 0x2c, 0x34, 0x1c, 0x4b, 0x29, 0x3c, 0xd4, 0xf3, 0x60, 0x73, 0x7a, 0xa0, [0m
[0;34m[1784654658.993] [5615:5617] [DMG] 					] (64 bytes)[0m
[0;34m[1784654658.993] [5615:5617] [DMG] 				},[0m
[0;34m[1784654658.993] [5615:5617] [DMG] 			},[0m
[0;34m[1784654658.993] [5615:5617] [DMG] 			[0m
[0;34m[1784654658.993] [5615:5617] [DMG] 		},[0m
[0;34m[1784654658.993] [5615:5617] [DMG] 		[0m
[0;34m[1784654658.993] [5615:5617] [DMG] 	],[0m
[0;34m[1784654658.993] [5615:5617] [DMG] 	[0m
[0;34m[1784654658.993] [5615:5617] [DMG] 	InteractionModelRevision = 12[0m
[0;34m[1784654658.993] [5615:5617] [DMG] },[0m
[0;32m[1784654658.993] [5615:5617] [DMG] Received Command Response Data, Endpoint=0 Cluster=0x0000_003E Command=0x0000_0005[0m
[0;32m[1784654658.993] [5615:5617] [TOO] Endpoint: 0 Cluster: 0x0000_003E Command 0x0000_0005[0m
[0;32m[1784654658.993] [5615:5617] [TOO]   CSRResponse: {[0m
[0;32m[1784654658.993] [5615:5617] [TOO]     NOCSRElements: 153001CC3081C93070020100300E310C300A060355040A0C034353523059301306072A8648CE3D020106082A8648CE3D03010703420004007A7C9BD9D91B86B27B61C8FCF2D588DFF5CD7DBE1E6962739188550C9C69E586D70C6BB76970E0B5A33169DFE167AD23F610EC3E549A6ACD15FA57EE834B81A000300A06082A8648CE3D0403020349003046022100F6DDC6F33D0B1DFC945FA1C7E1621EF590011D6662CB6D26042FB8B090CAF4CE02210091CB2653DF4CBC6DC9B858493890378CEEBEA5B6CA6E4631D641048FF52AAEE73002205B9EA156C1C071FD59910BB90C70877F54A4751420030EA337FBBEBFC58762D018[0m
[0;32m[1784654658.993] [5615:5617] [TOO]     attestationSignature: 0676BEC7E3811E9B125F01A67ED1537BDB9622F9711B30E92EBA7306327B14F72A2DD9697792DCF33E2DD2A7822BAD4C80F488FD2C341C4B293CD4F360737AA0[0m
[0;32m[1784654658.993] [5615:5617] [TOO]    }[0m
[0;34m[1784654658.993] [5615:5617] [DMG] ICR moving to [AwaitingDe][0m
[0;32m[1784654658.993] [5615:5617] [EM] <<< [E:11709i S:62796 M:58419404 (Ack:131375098)] (S) Msg TX from 000000000001B669 to 1:0000000000000001 [C6CE] [UDP:[fe80::bfe:a203:38f0:bce7%enp0s3]:5540] --- Type 0000:10 (SecureChannel:StandaloneAck) (B:34)[0m
[0;34m[1784654658.993] [5615:5617] [EM] Flushed pending ack for MessageCounter:131375098 on exchange 11709i[0m
[0;34m[1784654658.993] [5615:5615] [CTL] Shutting down the commissioner[0m
[0;32m[1784654658.993] [5615:5615] [PAF] WiFiPAF: Closing all WiFiPAF sessions to shutdown[0m
[0;34m[1784654658.993] [5615:5615] [CTL] Shutting down the controller[0m
[0;34m[1784654658.993] [5615:5615] [IN] Expiring all sessions for fabric 0x1!![0m
[0;34m[1784654658.993] [5615:5615] [IN] SecureSession[0x7ce1d4009cd0]: MarkForEviction Type:2 LSID:62796[0m
[0;32m[1784654658.993] [5615:5615] [SC] SecureSession[0x7ce1d4009cd0, LSID:62796]: State change 'kActive' --> 'kPendingEviction'[0m
[0;34m[1784654658.993] [5615:5615] [IN] SecureSession[0x7ce1d4009cd0]: Released - Type:2 LSID:62796[0m
[0;32m[1784654658.993] [5615:5615] [FP] Forgetting fabric 0x1[0m
[0;32m[1784654658.993] [5615:5615] [TS] Pending Last Known Good Time: 2023-10-14T01:16:48[0m
[0;32m[1784654658.993] [5615:5615] [TS] Previous Last Known Good Time: 2023-10-14T01:16:48[0m
[0;32m[1784654658.993] [5615:5615] [TS] Reverted Last Known Good Time to previous value[0m
[0;34m[1784654658.993] [5615:5615] [CTL] Shutting down the commissioner[0m
[0;32m[1784654658.993] [5615:5615] [PAF] WiFiPAF: Closing all WiFiPAF sessions to shutdown[0m
[0;34m[1784654658.993] [5615:5615] [CTL] Shutting down the controller[0m
[0;34m[1784654658.993] [5615:5615] [CTL] Shutting down the System State, this will teardown the CHIP Stack[0m
[0;34m[1784654658.993] [5615:5615] [DMG] All ReadHandler-s are clean, clear GlobalDirtySet[0m
[0;32m[1784654658.993] [5615:5615] [FP] Shutting down FabricTable[0m
[0;32m[1784654658.993] [5615:5615] [TS] Pending Last Known Good Time: 2023-10-14T01:16:48[0m
[0;32m[1784654658.993] [5615:5615] [TS] Previous Last Known Good Time: 2023-10-14T01:16:48[0m
[0;32m[1784654658.993] [5615:5615] [TS] Reverted Last Known Good Time to previous value[0m
[0;34m[1784654658.996] [5615:5615] [DL] Wrote settings to /tmp/chip_counters.ini[0m
[0;32m[1784654658.996] [5615:5615] [DL] NVS set: chip-counters/total-operational-hours = 0 (0x0)[0m
[0;32m[1784654658.996] [5615:5615] [DL] Inet Layer shutdown[0m
[0;32m[1784654658.996] [5615:5615] [DL] BLE Layer shutdown[0m
[0;32m[1784654658.996] [5615:5615] [DL] WiFi-PAF Layer shutdown[0m
[0;32m[1784654658.996] [5615:5615] [PAF] WiFiPAF: Closing all WiFiPAF sessions to shutdown[0m
[0;32m[1784654658.996] [5615:5615] [DL] System Layer shutdown[0m
