[0;34m[1784654659.403] [5628:5628] [DL] ChipLinuxStorage::Init: Using KVS config file: /tmp/chip_tool_kvs[0m
[1;31m[1784654659.403] [5628:5628] [DL] ChipLinuxStorage::Init: Attempt to re-initialize with KVS config file: /tmp/chip_kvs, IGNORING.[0m
[0;34m[1784654659.405] [5628:5628] [DL] ChipLinuxStorage::Init: Using KVS config file: /tmp/chip_factory.ini[0m
[0;34m[1784654659.405] [5628:5628] [DL] ChipLinuxStorage::Init: Using KVS config file: /tmp/chip_config.ini[0m
[0;34m[1784654659.405] [5628:5628] [DL] ChipLinuxStorage::Init: Using KVS config file: /tmp/chip_counters.ini[0m
[0;34m[1784654659.408] [5628:5628] [DL] Wrote settings to /tmp/chip_counters.ini[0m
[0;32m[1784654659.408] [5628:5628] [DL] NVS set: chip-counters/reboot-count = 6 (0x6)[0m
[0;32m[1784654659.408] [5628:5628] [DL] Got Ethernet interface: enp0s3[0m
[0;32m[1784654659.408] [5628:5628] [DL] Found the primary Ethernet interface:enp0s3[0m
[1;31m[1784654659.408] [5628:5628] [DL] Failed to get WiFi interface[0m
[1;31m[1784654659.408] [5628:5628] [DL] Failed to reset WiFi statistic counts[0m
[0;32m[1784654659.408] [5628:5628] [PAF] WiFiPAF: WiFiPAFLayer::Init()[0m
[0;34m[1784654659.408] [5628:5628] [IN] UDP::Init bind&listen port=0[0m
[0;34m[1784654659.408] [5628:5628] [IN] UDP::Init bound to port=34064[0m
[0;34m[1784654659.408] [5628:5628] [IN] UDP::Init bind&listen port=0[0m
[0;34m[1784654659.408] [5628:5628] [IN] UDP::Init bound to port=52493[0m
[0;34m[1784654659.408] [5628:5628] [IN] BLEBase::Init - setting/overriding transport[0m
[0;34m[1784654659.408] [5628:5628] [IN] WiFiPAFBase::Init - setting/overriding transport[0m
[0;34m[1784654659.408] [5628:5628] [IN] TransportMgr initialized[0m
[0;34m[1784654659.408] [5628:5628] [FP] Initializing FabricTable from persistent storage[0m
[0;32m[1784654659.408] [5628:5628] [TS] Last Known Good Time: 2023-10-14T01:16:48[0m
[0;32m[1784654659.408] [5628:5628] [FP] Fabric index 0x1 was retrieved from storage. Compressed FabricId 0xFAA5D8FE4665C6CE, FabricId 0x0000000000000001, NodeId 0x000000000001B669, VendorId 0xFFF1[0m
[0;32m[1784654659.410] [5628:5628] [DMG] Ember attribute persistence requires setting up[0m
[0;32m[1784654659.410] [5628:5628] [ZCL] Using ZAP configuration...[0m
[0;34m[1784654659.410] [5628:5628] [CTL] System State Initialized...[0m
[0;32m[1784654659.410] [5628:5628] [CTL] Setting attestation nonce to random value[0m
[0;32m[1784654659.410] [5628:5628] [CTL] Setting CSR nonce to random value[0m
[0;34m[1784654659.410] [5628:5630] [DL] CHIP task running[0m
[0;32m[1784654659.410] [5628:5630] [CTL] Setting attestation nonce to random value[0m
[0;32m[1784654659.410] [5628:5630] [CTL] Setting CSR nonce to random value[0m
[0;32m[1784654659.410] [5628:5630] [CTL] Generating NOC[0m
[0;32m[1784654659.411] [5628:5630] [FP] Validating NOC chain[0m
[0;32m[1784654659.411] [5628:5630] [FP] NOC chain validation successful[0m
[0;32m[1784654659.411] [5628:5630] [FP] Updated fabric at index: 0x1, Node ID: 0x000000000001B669[0m
[0;32m[1784654659.411] [5628:5630] [TS] Last Known Good Time: 2023-10-14T01:16:48[0m
[0;32m[1784654659.411] [5628:5630] [TS] New proposed Last Known Good Time: 2021-01-01T00:00:00[0m
[0;32m[1784654659.411] [5628:5630] [TS] Retaining current Last Known Good Time[0m
[0;32m[1784654659.414] [5628:5630] [FP] Metadata for Fabric 0x1 persisted to storage.[0m
[0;32m[1784654659.414] [5628:5630] [TS] Committing Last Known Good Time to storage: 2023-10-14T01:16:48[0m
[0;32m[1784654659.415] [5628:5630] [CTL] Joined the fabric at index 1. Fabric ID is 0x0000000000000001 (Compressed Fabric ID: FAA5D8FE4665C6CE)[0m
[0;32m[1784654659.420] [5628:5630] [TOO] Sending command to node 0x1[0m
[0;34m[1784654659.420] [5628:5630] [CSM] FindOrEstablishSession: PeerId = [1:0000000000000001][0m
[0;34m[1784654659.420] [5628:5630] [CSM] FindOrEstablishSession: No existing OperationalSessionSetup instance found[0m
[0;34m[1784654659.420] [5628:5630] [DIS] OperationalSessionSetup[1:0000000000000001]: State change 1 --> 2[0m
[0;32m[1784654659.421] [5628:5630] [DIS] Lookup started for FAA5D8FE4665C6CE-0000000000000001[0m
[0;32m[1784654659.421] [5628:5630] [DIS] UDP:[fe80::bfe:a203:38f0:bce7%enp0s3]:5540: new best score: 7 (for FAA5D8FE4665C6CE-0000000000000001)[0m
[0;34m[1784654659.421] [5628:5630] [DIS] Lookup clearing interface for non LL address[0m
[0;32m[1784654659.421] [5628:5630] [DIS] UDP:10.0.2.15%enp0s3:5540: new best score: 2 (for FAA5D8FE4665C6CE-0000000000000001)[0m
[0;32m[1784654659.421] [5628:5630] [DIS] Checking node lookup status for FAA5D8FE4665C6CE-0000000000000001 after 1 ms[0m
[0;32m[1784654659.421] [5628:5630] [DIS] Keeping DNSSD lookup active[0m
[0;32m[1784654659.421] [5628:5630] [DIS] UDP:[fe80::bfe:a203:38f0:bce7%enp0s3]:5540: score has not improved: 7 (for FAA5D8FE4665C6CE-0000000000000001)[0m
[0;34m[1784654659.421] [5628:5630] [DIS] Lookup clearing interface for non LL address[0m
[0;32m[1784654659.421] [5628:5630] [DIS] UDP:10.0.2.15%enp0s3:5540: score has not improved: 2 (for FAA5D8FE4665C6CE-0000000000000001)[0m
[0;32m[1784654659.421] [5628:5630] [DIS] Checking node lookup status for FAA5D8FE4665C6CE-0000000000000001 after 1 ms[0m
[0;32m[1784654659.421] [5628:5630] [DIS] Keeping DNSSD lookup active[0m
[0;32m[1784654659.622] [5628:5630] [DIS] Checking node lookup status for FAA5D8FE4665C6CE-0000000000000001 after 202 ms[0m
[0;34m[1784654659.622] [5628:5630] [DIS] OperationalSessionSetup[1:0000000000000001]: Updating device address to UDP:[fe80::bfe:a203:38f0:bce7%enp0s3]:5540 while in state 2[0m
[0;34m[1784654659.622] [5628:5630] [DIS] OperationalSessionSetup[1:0000000000000001]: State change 2 --> 3[0m
[0;34m[1784654659.622] [5628:5630] [IN] SecureSession[0x772894009cd0]: Allocated Type:2 LSID:14904[0m
[0;32m[1784654659.622] [5628:5630] [SC] Initiating session on local FabricIndex 1 from 0x000000000001B669 -> 0x0000000000000001[0m
[0;32m[1784654659.622] [5628:5630] [EM] <<< [E:13271i S:0 M:8220993] (U) Msg TX from A18CB8415DAD8403 to 0:0000000000000000 [0000] [UDP:[fe80::bfe:a203:38f0:bce7%enp0s3]:5540] --- Type 0000:30 (SecureChannel:CASE_Sigma1) (B:196)[0m
[0;32m[1784654659.623] [5628:5630] [EM] ??1 [E:13271i S:0 M:8220993] (U) Msg Retransmission to 0:0000000000000000 scheduled for 684ms from now [State:Idle II:500 AI:300 AT:4000][0m
[0;32m[1784654659.623] [5628:5630] [SC] Sent Sigma1 msg to <0000000000000001, 1> [II:500ms AI:300ms AT:4000ms][0m
[0;34m[1784654659.623] [5628:5630] [DIS] OperationalSessionSetup[1:0000000000000001]: State change 3 --> 4[0m
[0;32m[1784654659.624] [5628:5630] [EM] >>> [E:13271i S:0 M:227261391 (Ack:8220993)] (U) Msg RX from 0:0000000000000000 [0000] to A18CB8415DAD8403 --- Type 0000:31 (SecureChannel:CASE_Sigma2) (B:751)[0m
[0;34m[1784654659.624] [5628:5630] [EM] Found matching exchange: 13271i, Delegate: 0x77289400b8e8[0m
[0;34m[1784654659.624] [5628:5630] [EM] Rxd Ack; Removing MessageCounter:8220993 from Retrans Table on exchange 13271i[0m
[0;32m[1784654659.624] [5628:5630] [SC] Received Sigma2 msg[0m
[0;34m[1784654659.624] [5628:5630] [SC] Found MRP parameters in the message[0m
[0;34m[1784654659.624] [5628:5630] [SC] Peer <0000000000000001, 1> assigned session ID 54487[0m
[0;34m[1784654659.624] [5628:5630] [SC] Sending Sigma3[0m
[0;32m[1784654659.624] [5628:5630] [EM] <<< [E:13271i S:0 M:8220994 (Ack:227261391)] (U) Msg TX from A18CB8415DAD8403 to 0:0000000000000000 [0000] [UDP:[fe80::bfe:a203:38f0:bce7%enp0s3]:5540] --- Type 0000:32 (SecureChannel:CASE_Sigma3) (B:598)[0m
[0;32m[1784654659.625] [5628:5630] [EM] ??1 [E:13271i S:0 M:8220994] (U) Msg Retransmission to 0:0000000000000000 scheduled for 352ms from now [State:Active II:500 AI:300 AT:4000][0m
[0;32m[1784654659.625] [5628:5630] [SC] Sent Sigma3 msg[0m
[0;32m[1784654659.632] [5628:5630] [EM] >>> [E:13271i S:0 M:227261392 (Ack:8220994)] (U) Msg RX from 0:0000000000000000 [0000] to A18CB8415DAD8403 --- Type 0000:40 (SecureChannel:StatusReport) (B:34)[0m
[0;34m[1784654659.632] [5628:5630] [EM] Found matching exchange: 13271i, Delegate: 0x77289400b8e8[0m
[0;34m[1784654659.632] [5628:5630] [EM] Rxd Ack; Removing MessageCounter:8220994 from Retrans Table on exchange 13271i[0m
[0;32m[1784654659.632] [5628:5630] [SC] Success status report received. Session was established[0m
[0;32m[1784654659.633] [5628:5630] [SC] SecureSession[0x772894009cd0, LSID:14904]: State change 'kEstablishing' --> 'kActive'[0m
[0;34m[1784654659.633] [5628:5630] [IN] SecureSession[0x772894009cd0]: Activated - Type:2 LSID:14904[0m
[0;34m[1784654659.633] [5628:5630] [IN] New secure session activated for device <0000000000000001, 1>, LSID:14904 PSID:54487![0m
[0;34m[1784654659.633] [5628:5630] [DIS] OperationalSessionSetup[1:0000000000000001]: State change 4 --> 5[0m
[0;32m[1784654659.633] [5628:5630] [TOO] Sending cluster (0x0000003E) command (0x00000007) on endpoint 0[0m
[0;34m[1784654659.633] [5628:5630] [DMG] ICR moving to [AddingComm][0m
[0;34m[1784654659.633] [5628:5630] [DMG] ICR moving to [AddedComma][0m
[0;32m[1784654659.633] [5628:5630] [EM] <<< [E:13272i S:14904 M:131104740] (S) Msg TX from 000000000001B669 to 1:0000000000000001 [C6CE] [UDP:[fe80::bfe:a203:38f0:bce7%enp0s3]:5540] --- Type 0001:08 (IM:InvokeCommandRequest) (B:330)[0m
[0;32m[1784654659.633] [5628:5630] [EM] ??1 [E:13272i S:14904 M:131104740] (S) Msg Retransmission to 1:0000000000000001 scheduled for 377ms from now [State:Active II:500 AI:300 AT:4000][0m
[0;34m[1784654659.633] [5628:5630] [DMG] ICR moving to [AwaitingRe][0m
[0;32m[1784654659.633] [5628:5630] [EM] <<< [E:13271i S:0 M:8220995 (Ack:227261392)] (U) Msg TX from A18CB8415DAD8403 to 0:0000000000000000 [0000] [UDP:[fe80::bfe:a203:38f0:bce7%enp0s3]:5540] --- Type 0000:10 (SecureChannel:StandaloneAck) (B:26)[0m
[0;34m[1784654659.633] [5628:5630] [EM] Flushed pending ack for MessageCounter:227261392 on exchange 13271i[0m
[0;32m[1784654659.642] [5628:5630] [EM] >>> [E:13272i S:14904 M:146772818 (Ack:131104740)] (S) Msg RX from 1:0000000000000001 [C6CE] to 000000000001B669 --- Type 0001:09 (IM:InvokeCommandResponse) (B:70)[0m
[0;34m[1784654659.642] [5628:5630] [EM] Found matching exchange: 13272i, Delegate: 0x77289400eef8[0m
[0;34m[1784654659.643] [5628:5630] [EM] Rxd Ack; Removing MessageCounter:131104740 from Retrans Table on exchange 13272i[0m
[0;34m[1784654659.643] [5628:5630] [DMG] ICR moving to [ResponseRe][0m
[0;34m[1784654659.643] [5628:5630] [DMG] InvokeResponseMessage =[0m
[0;34m[1784654659.643] [5628:5630] [DMG] {[0m
[0;34m[1784654659.643] [5628:5630] [DMG] 	suppressResponse = false, [0m
[0;34m[1784654659.643] [5628:5630] [DMG] 	InvokeResponseIBs =[0m
[0;34m[1784654659.643] [5628:5630] [DMG] 	[[0m
[0;34m[1784654659.643] [5628:5630] [DMG] 		InvokeResponseIB =[0m
[0;34m[1784654659.643] [5628:5630] [DMG] 		{[0m
[0;34m[1784654659.643] [5628:5630] [DMG] 			CommandDataIB =[0m
[0;34m[1784654659.643] [5628:5630] [DMG] 			{[0m
[0;34m[1784654659.643] [5628:5630] [DMG] 				CommandPathIB =[0m
[0;34m[1784654659.643] [5628:5630] [DMG] 				{[0m
[0;34m[1784654659.643] [5628:5630] [DMG] 					EndpointId = 0x0,[0m
[0;34m[1784654659.643] [5628:5630] [DMG] 					ClusterId = 0x3e,[0m
[0;34m[1784654659.643] [5628:5630] [DMG] 					CommandId = 0x8,[0m
[0;34m[1784654659.643] [5628:5630] [DMG] 				},[0m
[0;34m[1784654659.643] [5628:5630] [DMG] 				[0m
[0;34m[1784654659.643] [5628:5630] [DMG] 				CommandFields = [0m
[0;34m[1784654659.643] [5628:5630] [DMG] 				{[0m
[0;34m[1784654659.643] [5628:5630] [DMG] 					0x0 = 0 (unsigned), [0m
[0;34m[1784654659.643] [5628:5630] [DMG] 					0x1 = 1 (unsigned), [0m
[0;34m[1784654659.643] [5628:5630] [DMG] 				},[0m
[0;34m[1784654659.643] [5628:5630] [DMG] 			},[0m
[0;34m[1784654659.643] [5628:5630] [DMG] 			[0m
[0;34m[1784654659.643] [5628:5630] [DMG] 		},[0m
[0;34m[1784654659.643] [5628:5630] [DMG] 		[0m
[0;34m[1784654659.643] [5628:5630] [DMG] 	],[0m
[0;34m[1784654659.643] [5628:5630] [DMG] 	[0m
[0;34m[1784654659.643] [5628:5630] [DMG] 	InteractionModelRevision = 12[0m
[0;34m[1784654659.643] [5628:5630] [DMG] },[0m
[0;32m[1784654659.643] [5628:5630] [DMG] Received Command Response Data, Endpoint=0 Cluster=0x0000_003E Command=0x0000_0008[0m
[0;32m[1784654659.643] [5628:5630] [TOO] Endpoint: 0 Cluster: 0x0000_003E Command 0x0000_0008[0m
[0;32m[1784654659.643] [5628:5630] [TOO]   NOCResponse: {[0m
[0;32m[1784654659.643] [5628:5630] [TOO]     statusCode: 0[0m
[0;32m[1784654659.643] [5628:5630] [TOO]     fabricIndex: 1[0m
[0;32m[1784654659.643] [5628:5630] [TOO]    }[0m
[0;34m[1784654659.643] [5628:5630] [DMG] ICR moving to [AwaitingDe][0m
[0;32m[1784654659.643] [5628:5630] [EM] <<< [E:13272i S:14904 M:131104741 (Ack:146772818)] (S) Msg TX from 000000000001B669 to 1:0000000000000001 [C6CE] [UDP:[fe80::bfe:a203:38f0:bce7%enp0s3]:5540] --- Type 0000:10 (SecureChannel:StandaloneAck) (B:34)[0m
[0;34m[1784654659.643] [5628:5630] [EM] Flushed pending ack for MessageCounter:146772818 on exchange 13272i[0m
[0;34m[1784654659.643] [5628:5628] [CTL] Shutting down the commissioner[0m
[0;32m[1784654659.643] [5628:5628] [PAF] WiFiPAF: Closing all WiFiPAF sessions to shutdown[0m
[0;34m[1784654659.643] [5628:5628] [CTL] Shutting down the controller[0m
[0;34m[1784654659.643] [5628:5628] [IN] Expiring all sessions for fabric 0x1!![0m
[0;34m[1784654659.643] [5628:5628] [IN] SecureSession[0x772894009cd0]: MarkForEviction Type:2 LSID:14904[0m
[0;32m[1784654659.643] [5628:5628] [SC] SecureSession[0x772894009cd0, LSID:14904]: State change 'kActive' --> 'kPendingEviction'[0m
[0;34m[1784654659.643] [5628:5628] [IN] SecureSession[0x772894009cd0]: Released - Type:2 LSID:14904[0m
[0;32m[1784654659.643] [5628:5628] [FP] Forgetting fabric 0x1[0m
[0;32m[1784654659.643] [5628:5628] [TS] Pending Last Known Good Time: 2023-10-14T01:16:48[0m
[0;32m[1784654659.643] [5628:5628] [TS] Previous Last Known Good Time: 2023-10-14T01:16:48[0m
[0;32m[1784654659.643] [5628:5628] [TS] Reverted Last Known Good Time to previous value[0m
[0;34m[1784654659.643] [5628:5628] [CTL] Shutting down the commissioner[0m
[0;32m[1784654659.643] [5628:5628] [PAF] WiFiPAF: Closing all WiFiPAF sessions to shutdown[0m
[0;34m[1784654659.643] [5628:5628] [CTL] Shutting down the controller[0m
[0;34m[1784654659.643] [5628:5628] [CTL] Shutting down the System State, this will teardown the CHIP Stack[0m
[0;34m[1784654659.643] [5628:5628] [DMG] All ReadHandler-s are clean, clear GlobalDirtySet[0m
[0;32m[1784654659.643] [5628:5628] [FP] Shutting down FabricTable[0m
[0;32m[1784654659.643] [5628:5628] [TS] Pending Last Known Good Time: 2023-10-14T01:16:48[0m
[0;32m[1784654659.643] [5628:5628] [TS] Previous Last Known Good Time: 2023-10-14T01:16:48[0m
[0;32m[1784654659.643] [5628:5628] [TS] Reverted Last Known Good Time to previous value[0m
[0;34m[1784654659.645] [5628:5628] [DL] Wrote settings to /tmp/chip_counters.ini[0m
[0;32m[1784654659.645] [5628:5628] [DL] NVS set: chip-counters/total-operational-hours = 0 (0x0)[0m
[0;32m[1784654659.645] [5628:5628] [DL] Inet Layer shutdown[0m
[0;32m[1784654659.645] [5628:5628] [DL] BLE Layer shutdown[0m
[0;32m[1784654659.645] [5628:5628] [DL] WiFi-PAF Layer shutdown[0m
[0;32m[1784654659.645] [5628:5628] [PAF] WiFiPAF: Closing all WiFiPAF sessions to shutdown[0m
[0;32m[1784654659.645] [5628:5628] [DL] System Layer shutdown[0m
