[0;34m[1784654568.141] [5333:5333] [DL] ChipLinuxStorage::Init: Using KVS config file: /tmp/chip_tool_kvs[0m
[1;31m[1784654568.142] [5333:5333] [DL] ChipLinuxStorage::Init: Attempt to re-initialize with KVS config file: /tmp/chip_kvs, IGNORING.[0m
[0;34m[1784654568.143] [5333:5333] [DL] ChipLinuxStorage::Init: Using KVS config file: /tmp/chip_factory.ini[0m
[0;34m[1784654568.143] [5333:5333] [DL] ChipLinuxStorage::Init: Using KVS config file: /tmp/chip_config.ini[0m
[0;34m[1784654568.143] [5333:5333] [DL] ChipLinuxStorage::Init: Using KVS config file: /tmp/chip_counters.ini[0m
[0;34m[1784654568.146] [5333:5333] [DL] Wrote settings to /tmp/chip_counters.ini[0m
[0;32m[1784654568.146] [5333:5333] [DL] NVS set: chip-counters/reboot-count = 4 (0x4)[0m
[0;32m[1784654568.146] [5333:5333] [DL] Got Ethernet interface: enp0s3[0m
[0;32m[1784654568.147] [5333:5333] [DL] Found the primary Ethernet interface:enp0s3[0m
[1;31m[1784654568.147] [5333:5333] [DL] Failed to get WiFi interface[0m
[1;31m[1784654568.147] [5333:5333] [DL] Failed to reset WiFi statistic counts[0m
[0;32m[1784654568.147] [5333:5333] [PAF] WiFiPAF: WiFiPAFLayer::Init()[0m
[0;34m[1784654568.147] [5333:5333] [IN] UDP::Init bind&listen port=0[0m
[0;34m[1784654568.147] [5333:5333] [IN] UDP::Init bound to port=33167[0m
[0;34m[1784654568.147] [5333:5333] [IN] UDP::Init bind&listen port=0[0m
[0;34m[1784654568.147] [5333:5333] [IN] UDP::Init bound to port=48577[0m
[0;34m[1784654568.147] [5333:5333] [IN] BLEBase::Init - setting/overriding transport[0m
[0;34m[1784654568.147] [5333:5333] [IN] WiFiPAFBase::Init - setting/overriding transport[0m
[0;34m[1784654568.147] [5333:5333] [IN] TransportMgr initialized[0m
[0;34m[1784654568.147] [5333:5333] [FP] Initializing FabricTable from persistent storage[0m
[0;32m[1784654568.147] [5333:5333] [TS] Last Known Good Time: 2023-10-14T01:16:48[0m
[0;32m[1784654568.147] [5333:5333] [FP] Fabric index 0x1 was retrieved from storage. Compressed FabricId 0x28791BC34216E0FC, FabricId 0x0000000000000001, NodeId 0x000000000001B669, VendorId 0xFFF1[0m
[0;32m[1784654568.149] [5333:5333] [DMG] Ember attribute persistence requires setting up[0m
[0;32m[1784654568.149] [5333:5333] [ZCL] Using ZAP configuration...[0m
[0;34m[1784654568.149] [5333:5333] [CTL] System State Initialized...[0m
[0;32m[1784654568.149] [5333:5333] [CTL] Setting attestation nonce to random value[0m
[0;32m[1784654568.149] [5333:5333] [CTL] Setting CSR nonce to random value[0m
[0;34m[1784654568.149] [5333:5335] [DL] CHIP task running[0m
[0;32m[1784654568.149] [5333:5335] [CTL] Setting attestation nonce to random value[0m
[0;32m[1784654568.149] [5333:5335] [CTL] Setting CSR nonce to random value[0m
[0;32m[1784654568.149] [5333:5335] [CTL] Generating NOC[0m
[0;32m[1784654568.150] [5333:5335] [FP] Validating NOC chain[0m
[0;32m[1784654568.150] [5333:5335] [FP] NOC chain validation successful[0m
[0;32m[1784654568.150] [5333:5335] [FP] Updated fabric at index: 0x1, Node ID: 0x000000000001B669[0m
[0;32m[1784654568.150] [5333:5335] [TS] Last Known Good Time: 2023-10-14T01:16:48[0m
[0;32m[1784654568.150] [5333:5335] [TS] New proposed Last Known Good Time: 2021-01-01T00:00:00[0m
[0;32m[1784654568.150] [5333:5335] [TS] Retaining current Last Known Good Time[0m
[0;32m[1784654568.151] [5333:5335] [FP] Metadata for Fabric 0x1 persisted to storage.[0m
[0;32m[1784654568.152] [5333:5335] [TS] Committing Last Known Good Time to storage: 2023-10-14T01:16:48[0m
[0;32m[1784654568.153] [5333:5335] [CTL] Joined the fabric at index 1. Fabric ID is 0x0000000000000001 (Compressed Fabric ID: 28791BC34216E0FC)[0m
[0;32m[1784654568.157] [5333:5335] [TOO] Sending command to node 0x1[0m
[0;34m[1784654568.157] [5333:5335] [CSM] FindOrEstablishSession: PeerId = [1:0000000000000001][0m
[0;34m[1784654568.157] [5333:5335] [CSM] FindOrEstablishSession: No existing OperationalSessionSetup instance found[0m
[0;34m[1784654568.157] [5333:5335] [DIS] OperationalSessionSetup[1:0000000000000001]: State change 1 --> 2[0m
[0;32m[1784654568.157] [5333:5335] [DIS] Lookup started for 28791BC34216E0FC-0000000000000001[0m
[0;32m[1784654568.158] [5333:5335] [DIS] UDP:[fe80::bfe:a203:38f0:bce7%enp0s3]:5540: new best score: 7 (for 28791BC34216E0FC-0000000000000001)[0m
[0;34m[1784654568.158] [5333:5335] [DIS] Lookup clearing interface for non LL address[0m
[0;32m[1784654568.158] [5333:5335] [DIS] UDP:10.0.2.15%enp0s3:5540: new best score: 2 (for 28791BC34216E0FC-0000000000000001)[0m
[0;32m[1784654568.158] [5333:5335] [DIS] Checking node lookup status for 28791BC34216E0FC-0000000000000001 after 1 ms[0m
[0;32m[1784654568.158] [5333:5335] [DIS] Keeping DNSSD lookup active[0m
[0;32m[1784654568.158] [5333:5335] [DIS] UDP:[fe80::bfe:a203:38f0:bce7%enp0s3]:5540: score has not improved: 7 (for 28791BC34216E0FC-0000000000000001)[0m
[0;34m[1784654568.158] [5333:5335] [DIS] Lookup clearing interface for non LL address[0m
[0;32m[1784654568.158] [5333:5335] [DIS] UDP:10.0.2.15%enp0s3:5540: score has not improved: 2 (for 28791BC34216E0FC-0000000000000001)[0m
[0;32m[1784654568.158] [5333:5335] [DIS] Checking node lookup status for 28791BC34216E0FC-0000000000000001 after 1 ms[0m
[0;32m[1784654568.158] [5333:5335] [DIS] Keeping DNSSD lookup active[0m
[0;32m[1784654568.363] [5333:5335] [DIS] Checking node lookup status for 28791BC34216E0FC-0000000000000001 after 206 ms[0m
[0;34m[1784654568.363] [5333:5335] [DIS] OperationalSessionSetup[1:0000000000000001]: Updating device address to UDP:[fe80::bfe:a203:38f0:bce7%enp0s3]:5540 while in state 2[0m
[0;34m[1784654568.363] [5333:5335] [DIS] OperationalSessionSetup[1:0000000000000001]: State change 2 --> 3[0m
[0;34m[1784654568.363] [5333:5335] [IN] SecureSession[0x7bcf60009cd0]: Allocated Type:2 LSID:22286[0m
[0;32m[1784654568.363] [5333:5335] [SC] Initiating session on local FabricIndex 1 from 0x000000000001B669 -> 0x0000000000000001[0m
[0;32m[1784654568.363] [5333:5335] [EM] <<< [E:5537i S:0 M:122317723] (U) Msg TX from 75DEC9A0FA11B408 to 0:0000000000000000 [0000] [UDP:[fe80::bfe:a203:38f0:bce7%enp0s3]:5540] --- Type 0000:30 (SecureChannel:CASE_Sigma1) (B:196)[0m
[0;32m[1784654568.363] [5333:5335] [EM] ??1 [E:5537i S:0 M:122317723] (U) Msg Retransmission to 0:0000000000000000 scheduled for 558ms from now [State:Idle II:500 AI:300 AT:4000][0m
[0;32m[1784654568.363] [5333:5335] [SC] Sent Sigma1 msg to <0000000000000001, 1> [II:500ms AI:300ms AT:4000ms][0m
[0;34m[1784654568.363] [5333:5335] [DIS] OperationalSessionSetup[1:0000000000000001]: State change 3 --> 4[0m
[0;32m[1784654568.365] [5333:5335] [EM] >>> [E:5537i S:0 M:91624624 (Ack:122317723)] (U) Msg RX from 0:0000000000000000 [0000] to 75DEC9A0FA11B408 --- Type 0000:31 (SecureChannel:CASE_Sigma2) (B:751)[0m
[0;34m[1784654568.365] [5333:5335] [EM] Found matching exchange: 5537i, Delegate: 0x7bcf6000b8e8[0m
[0;34m[1784654568.365] [5333:5335] [EM] Rxd Ack; Removing MessageCounter:122317723 from Retrans Table on exchange 5537i[0m
[0;32m[1784654568.365] [5333:5335] [SC] Received Sigma2 msg[0m
[0;34m[1784654568.365] [5333:5335] [SC] Found MRP parameters in the message[0m
[0;34m[1784654568.367] [5333:5335] [SC] Peer <0000000000000001, 1> assigned session ID 42180[0m
[0;34m[1784654568.367] [5333:5335] [SC] Sending Sigma3[0m
[0;32m[1784654568.367] [5333:5335] [EM] <<< [E:5537i S:0 M:122317724 (Ack:91624624)] (U) Msg TX from 75DEC9A0FA11B408 to 0:0000000000000000 [0000] [UDP:[fe80::bfe:a203:38f0:bce7%enp0s3]:5540] --- Type 0000:32 (SecureChannel:CASE_Sigma3) (B:598)[0m
[0;32m[1784654568.367] [5333:5335] [EM] ??1 [E:5537i S:0 M:122317724] (U) Msg Retransmission to 0:0000000000000000 scheduled for 394ms from now [State:Active II:500 AI:300 AT:4000][0m
[0;32m[1784654568.367] [5333:5335] [SC] Sent Sigma3 msg[0m
[0;32m[1784654568.378] [5333:5335] [EM] >>> [E:5537i S:0 M:91624625 (Ack:122317724)] (U) Msg RX from 0:0000000000000000 [0000] to 75DEC9A0FA11B408 --- Type 0000:40 (SecureChannel:StatusReport) (B:34)[0m
[0;34m[1784654568.378] [5333:5335] [EM] Found matching exchange: 5537i, Delegate: 0x7bcf6000b8e8[0m
[0;34m[1784654568.378] [5333:5335] [EM] Rxd Ack; Removing MessageCounter:122317724 from Retrans Table on exchange 5537i[0m
[0;32m[1784654568.378] [5333:5335] [SC] Success status report received. Session was established[0m
[0;32m[1784654568.379] [5333:5335] [SC] SecureSession[0x7bcf60009cd0, LSID:22286]: State change 'kEstablishing' --> 'kActive'[0m
[0;34m[1784654568.379] [5333:5335] [IN] SecureSession[0x7bcf60009cd0]: Activated - Type:2 LSID:22286[0m
[0;34m[1784654568.379] [5333:5335] [IN] New secure session activated for device <0000000000000001, 1>, LSID:22286 PSID:42180![0m
[0;34m[1784654568.379] [5333:5335] [DIS] OperationalSessionSetup[1:0000000000000001]: State change 4 --> 5[0m
[0;32m[1784654568.379] [5333:5335] [TOO] Sending cluster (0x0000003E) command (0x00000004) on endpoint 0[0m
[0;34m[1784654568.379] [5333:5335] [DMG] ICR moving to [AddingComm][0m
[0;34m[1784654568.379] [5333:5335] [DMG] ICR moving to [AddedComma][0m
[0;32m[1784654568.379] [5333:5335] [EM] <<< [E:5538i S:22286 M:154847428] (S) Msg TX from 000000000001B669 to 1:0000000000000001 [E0FC] [UDP:[fe80::bfe:a203:38f0:bce7%enp0s3]:5540] --- Type 0001:08 (IM:InvokeCommandRequest) (B:96)[0m
[0;32m[1784654568.379] [5333:5335] [EM] ??1 [E:5538i S:22286 M:154847428] (S) Msg Retransmission to 1:0000000000000001 scheduled for 367ms from now [State:Active II:500 AI:300 AT:4000][0m
[0;34m[1784654568.379] [5333:5335] [DMG] ICR moving to [AwaitingRe][0m
[0;32m[1784654568.379] [5333:5335] [EM] <<< [E:5537i S:0 M:122317725 (Ack:91624625)] (U) Msg TX from 75DEC9A0FA11B408 to 0:0000000000000000 [0000] [UDP:[fe80::bfe:a203:38f0:bce7%enp0s3]:5540] --- Type 0000:10 (SecureChannel:StandaloneAck) (B:26)[0m
[0;34m[1784654568.379] [5333:5335] [EM] Flushed pending ack for MessageCounter:91624625 on exchange 5537i[0m
[0;32m[1784654568.379] [5333:5335] [EM] >>> [E:5538i S:22286 M:23997522 (Ack:154847428)] (S) Msg RX from 1:0000000000000001 [E0FC] to 000000000001B669 --- Type 0001:09 (IM:InvokeCommandResponse) (B:378)[0m
[0;34m[1784654568.379] [5333:5335] [EM] Found matching exchange: 5538i, Delegate: 0x7bcf6000eef8[0m
[0;34m[1784654568.379] [5333:5335] [EM] Rxd Ack; Removing MessageCounter:154847428 from Retrans Table on exchange 5538i[0m
[0;34m[1784654568.379] [5333:5335] [DMG] ICR moving to [ResponseRe][0m
[0;34m[1784654568.379] [5333:5335] [DMG] InvokeResponseMessage =[0m
[0;34m[1784654568.379] [5333:5335] [DMG] {[0m
[0;34m[1784654568.379] [5333:5335] [DMG] 	suppressResponse = false, [0m
[0;34m[1784654568.379] [5333:5335] [DMG] 	InvokeResponseIBs =[0m
[0;34m[1784654568.379] [5333:5335] [DMG] 	[[0m
[0;34m[1784654568.379] [5333:5335] [DMG] 		InvokeResponseIB =[0m
[0;34m[1784654568.379] [5333:5335] [DMG] 		{[0m
[0;34m[1784654568.379] [5333:5335] [DMG] 			CommandDataIB =[0m
[0;34m[1784654568.379] [5333:5335] [DMG] 			{[0m
[0;34m[1784654568.379] [5333:5335] [DMG] 				CommandPathIB =[0m
[0;34m[1784654568.379] [5333:5335] [DMG] 				{[0m
[0;34m[1784654568.380] [5333:5335] [DMG] 					EndpointId = 0x0,[0m
[0;34m[1784654568.380] [5333:5335] [DMG] 					ClusterId = 0x3e,[0m
[0;34m[1784654568.380] [5333:5335] [DMG] 					CommandId = 0x5,[0m
[0;34m[1784654568.380] [5333:5335] [DMG] 				},[0m
[0;34m[1784654568.380] [5333:5335] [DMG] 				[0m
[0;34m[1784654568.380] [5333:5335] [DMG] 				CommandFields = [0m
[0;34m[1784654568.380] [5333:5335] [DMG] 				{[0m
[0;34m[1784654568.380] [5333:5335] [DMG] 					0x0 = [[0m
[0;34m[1784654568.380] [5333:5335] [DMG] 							0x15, 0x30, 0x01, 0xcc, 0x30, 0x81, 0xc9, 0x30, 0x70, 0x02, 0x01, 0x00, 0x30, 0x0e, 0x31, 0x0c, 0x30, 0x0a, 0x06, 0x03, 0x55, 0x04, 0x0a, 0x0c, 0x03, 0x43, 0x53, 0x52, 0x30, 0x59, 0x30, 0x13, 0x06, 0x07, 0x2a, 0x86, 0x48, 0xce, 0x3d, 0x02, 0x01, 0x06, 0x08, 0x2a, 0x86, 0x48, 0xce, 0x3d, 0x03, 0x01, 0x07, 0x03, 0x42, 0x00, 0x04, 0x48, 0x48, 0xf9, 0x71, 0x57, 0x9d, 0x52, 0xc5, 0xcd, 0x27, 0x11, 0x55, 0x73, 0xe8, 0x91, 0x94, 0x32, 0x7d, 0xc6, 0x84, 0xb7, 0x74, 0xb9, 0x35, 0x43, 0x54, 0x78, 0xc6, 0x73, 0x6e, 0x5d, 0x69, 0x4b, 0x53, 0x98, 0x16, 0xe0, 0x3f, 0x47, 0xa4, 0x2d, 0x5e, 0xe6, 0x4a, 0x0d, 0xfd, 0x57, 0x46, 0x4f, 0xe3, 0x7e, 0x45, 0x1f, 0xe5, 0x52, 0xd6, 0x72, 0x3d, 0xeb, 0x97, 0xf4, 0xd3, 0x65, 0xa3, 0xa0, 0x00, 0x30, 0x0a, 0x06, 0x08, 0x2a, 0x86, 0x48, 0xce, 0x3d, 0x04, 0x03, 0x02, 0x03, 0x49, 0x00, 0x30, 0x46, 0x02, 0x21, 0x00, 0xa7, 0x8e, 0x39, 0xce, 0x89, 0x4c, 0x92, 0x2f, 0x70, 0x40, 0x7e, 0x83, 0x09, 0x6b, 0xd9, 0x64, 0x5d, 0x9b, 0x58, 0x7d, 0xcb, 0xcf, 0x6f, 0xfa, 0x1c, 0xc5, 0xd2, 0xbb, 0xdd, 0x83, 0x3f, 0xd4, 0x02, 0x21, 0x00, 0xed, 0x8a, 0xe4, 0xc7, 0xd3, 0x42, 0x8e, 0x90, 0xd9, 0x43, 0xf2, 0x5f, 0xd7, 0x20, 0x42, 0x55, 0xcd, 0xda, 0x43, 0xd4, 0x9f, 0xb5, 0x83, 0xf8, 0xfe, 0xa7, 0x3c, 0x6a, 0xb7, 0x36, 0xe2, 0xc3, 0x30, 0x02, 0x20, 0x7b, 0x7c, 0x64, 0x71, 0xd1, 0xa6, 0xa6, 0x17, 0x95, 0xf3, 0x5f, 0xc6, 0xfc, 0xc0, 0x1f, 0xcd, 0xed, 0xaf, 0x89, 0xc0, 0x36, 0x0c, 0xfc, 0x07, 0xce, 0xa7, 0xec, 0x6a, 0xfe, 0xa9, 0x7c, 0x46, 0x18, [0m
[0;34m[1784654568.380] [5333:5335] [DMG] 					] (244 bytes)[0m
[0;34m[1784654568.380] [5333:5335] [DMG] 					0x1 = [[0m
[0;34m[1784654568.380] [5333:5335] [DMG] 							0xf0, 0xac, 0x8b, 0x46, 0x60, 0xc0, 0xee, 0xea, 0x1c, 0xae, 0x84, 0xf2, 0x34, 0x78, 0x3d, 0x1f, 0xc5, 0x7a, 0x2a, 0xa5, 0x2f, 0xe3, 0xfb, 0x08, 0x18, 0xb9, 0x55, 0x5b, 0x12, 0x30, 0xaf, 0x93, 0x7e, 0xfc, 0x4d, 0x44, 0x8b, 0x98, 0xf5, 0x08, 0x61, 0x75, 0x00, 0x1b, 0xa6, 0xcc, 0x68, 0x27, 0xab, 0xdc, 0x47, 0xf5, 0x8a, 0xcd, 0x7e, 0xf7, 0x35, 0xa8, 0x45, 0xbc, 0x68, 0x6d, 0x93, 0xde, [0m
[0;34m[1784654568.380] [5333:5335] [DMG] 					] (64 bytes)[0m
[0;34m[1784654568.380] [5333:5335] [DMG] 				},[0m
[0;34m[1784654568.380] [5333:5335] [DMG] 			},[0m
[0;34m[1784654568.380] [5333:5335] [DMG] 			[0m
[0;34m[1784654568.380] [5333:5335] [DMG] 		},[0m
[0;34m[1784654568.380] [5333:5335] [DMG] 		[0m
[0;34m[1784654568.380] [5333:5335] [DMG] 	],[0m
[0;34m[1784654568.380] [5333:5335] [DMG] 	[0m
[0;34m[1784654568.380] [5333:5335] [DMG] 	InteractionModelRevision = 12[0m
[0;34m[1784654568.380] [5333:5335] [DMG] },[0m
[0;32m[1784654568.380] [5333:5335] [DMG] Received Command Response Data, Endpoint=0 Cluster=0x0000_003E Command=0x0000_0005[0m
[0;32m[1784654568.380] [5333:5335] [TOO] Endpoint: 0 Cluster: 0x0000_003E Command 0x0000_0005[0m
[0;32m[1784654568.380] [5333:5335] [TOO]   CSRResponse: {[0m
[0;32m[1784654568.380] [5333:5335] [TOO]     NOCSRElements: 153001CC3081C93070020100300E310C300A060355040A0C034353523059301306072A8648CE3D020106082A8648CE3D030107034200044848F971579D52C5CD27115573E89194327DC684B774B935435478C6736E5D694B539816E03F47A42D5EE64A0DFD57464FE37E451FE552D6723DEB97F4D365A3A000300A06082A8648CE3D0403020349003046022100A78E39CE894C922F70407E83096BD9645D9B587DCBCF6FFA1CC5D2BBDD833FD4022100ED8AE4C7D3428E90D943F25FD7204255CDDA43D49FB583F8FEA73C6AB736E2C33002207B7C6471D1A6A61795F35FC6FCC01FCDEDAF89C0360CFC07CEA7EC6AFEA97C4618[0m
[0;32m[1784654568.380] [5333:5335] [TOO]     attestationSignature: F0AC8B4660C0EEEA1CAE84F234783D1FC57A2AA52FE3FB0818B9555B1230AF937EFC4D448B98F5086175001BA6CC6827ABDC47F58ACD7EF735A845BC686D93DE[0m
[0;32m[1784654568.380] [5333:5335] [TOO]    }[0m
[0;34m[1784654568.380] [5333:5335] [DMG] ICR moving to [AwaitingDe][0m
[0;32m[1784654568.380] [5333:5335] [EM] <<< [E:5538i S:22286 M:154847429 (Ack:23997522)] (S) Msg TX from 000000000001B669 to 1:0000000000000001 [E0FC] [UDP:[fe80::bfe:a203:38f0:bce7%enp0s3]:5540] --- Type 0000:10 (SecureChannel:StandaloneAck) (B:34)[0m
[0;34m[1784654568.380] [5333:5335] [EM] Flushed pending ack for MessageCounter:23997522 on exchange 5538i[0m
[0;34m[1784654568.380] [5333:5333] [CTL] Shutting down the commissioner[0m
[0;32m[1784654568.380] [5333:5333] [PAF] WiFiPAF: Closing all WiFiPAF sessions to shutdown[0m
[0;34m[1784654568.380] [5333:5333] [CTL] Shutting down the controller[0m
[0;34m[1784654568.380] [5333:5333] [IN] Expiring all sessions for fabric 0x1!![0m
[0;34m[1784654568.380] [5333:5333] [IN] SecureSession[0x7bcf60009cd0]: MarkForEviction Type:2 LSID:22286[0m
[0;32m[1784654568.380] [5333:5333] [SC] SecureSession[0x7bcf60009cd0, LSID:22286]: State change 'kActive' --> 'kPendingEviction'[0m
[0;34m[1784654568.380] [5333:5333] [IN] SecureSession[0x7bcf60009cd0]: Released - Type:2 LSID:22286[0m
[0;32m[1784654568.380] [5333:5333] [FP] Forgetting fabric 0x1[0m
[0;32m[1784654568.380] [5333:5333] [TS] Pending Last Known Good Time: 2023-10-14T01:16:48[0m
[0;32m[1784654568.380] [5333:5333] [TS] Previous Last Known Good Time: 2023-10-14T01:16:48[0m
[0;32m[1784654568.380] [5333:5333] [TS] Reverted Last Known Good Time to previous value[0m
[0;34m[1784654568.380] [5333:5333] [CTL] Shutting down the commissioner[0m
[0;32m[1784654568.380] [5333:5333] [PAF] WiFiPAF: Closing all WiFiPAF sessions to shutdown[0m
[0;34m[1784654568.380] [5333:5333] [CTL] Shutting down the controller[0m
[0;34m[1784654568.380] [5333:5333] [CTL] Shutting down the System State, this will teardown the CHIP Stack[0m
[0;34m[1784654568.380] [5333:5333] [DMG] All ReadHandler-s are clean, clear GlobalDirtySet[0m
[0;32m[1784654568.380] [5333:5333] [FP] Shutting down FabricTable[0m
[0;32m[1784654568.380] [5333:5333] [TS] Pending Last Known Good Time: 2023-10-14T01:16:48[0m
[0;32m[1784654568.380] [5333:5333] [TS] Previous Last Known Good Time: 2023-10-14T01:16:48[0m
[0;32m[1784654568.380] [5333:5333] [TS] Reverted Last Known Good Time to previous value[0m
[0;34m[1784654568.383] [5333:5333] [DL] Wrote settings to /tmp/chip_counters.ini[0m
[0;32m[1784654568.383] [5333:5333] [DL] NVS set: chip-counters/total-operational-hours = 0 (0x0)[0m
[0;32m[1784654568.383] [5333:5333] [DL] Inet Layer shutdown[0m
[0;32m[1784654568.383] [5333:5333] [DL] BLE Layer shutdown[0m
[0;32m[1784654568.383] [5333:5333] [DL] WiFi-PAF Layer shutdown[0m
[0;32m[1784654568.383] [5333:5333] [PAF] WiFiPAF: Closing all WiFiPAF sessions to shutdown[0m
[0;32m[1784654568.383] [5333:5333] [DL] System Layer shutdown[0m
