[0;34m[1784654568.795] [5346:5346] [DL] ChipLinuxStorage::Init: Using KVS config file: /tmp/chip_tool_kvs[0m
[1;31m[1784654568.796] [5346:5346] [DL] ChipLinuxStorage::Init: Attempt to re-initialize with KVS config file: /tmp/chip_kvs, IGNORING.[0m
[0;34m[1784654568.797] [5346:5346] [DL] ChipLinuxStorage::Init: Using KVS config file: /tmp/chip_factory.ini[0m
[0;34m[1784654568.797] [5346:5346] [DL] ChipLinuxStorage::Init: Using KVS config file: /tmp/chip_config.ini[0m
[0;34m[1784654568.798] [5346:5346] [DL] ChipLinuxStorage::Init: Using KVS config file: /tmp/chip_counters.ini[0m
[0;34m[1784654568.800] [5346:5346] [DL] Wrote settings to /tmp/chip_counters.ini[0m
[0;32m[1784654568.800] [5346:5346] [DL] NVS set: chip-counters/reboot-count = 6 (0x6)[0m
[0;32m[1784654568.801] [5346:5346] [DL] Got Ethernet interface: enp0s3[0m
[0;32m[1784654568.801] [5346:5346] [DL] Found the primary Ethernet interface:enp0s3[0m
[1;31m[1784654568.801] [5346:5346] [DL] Failed to get WiFi interface[0m
[1;31m[1784654568.801] [5346:5346] [DL] Failed to reset WiFi statistic counts[0m
[0;32m[1784654568.801] [5346:5346] [PAF] WiFiPAF: WiFiPAFLayer::Init()[0m
[0;34m[1784654568.801] [5346:5346] [IN] UDP::Init bind&listen port=0[0m
[0;34m[1784654568.801] [5346:5346] [IN] UDP::Init bound to port=49345[0m
[0;34m[1784654568.801] [5346:5346] [IN] UDP::Init bind&listen port=0[0m
[0;34m[1784654568.801] [5346:5346] [IN] UDP::Init bound to port=36856[0m
[0;34m[1784654568.801] [5346:5346] [IN] BLEBase::Init - setting/overriding transport[0m
[0;34m[1784654568.801] [5346:5346] [IN] WiFiPAFBase::Init - setting/overriding transport[0m
[0;34m[1784654568.801] [5346:5346] [IN] TransportMgr initialized[0m
[0;34m[1784654568.801] [5346:5346] [FP] Initializing FabricTable from persistent storage[0m
[0;32m[1784654568.801] [5346:5346] [TS] Last Known Good Time: 2023-10-14T01:16:48[0m
[0;32m[1784654568.801] [5346:5346] [FP] Fabric index 0x1 was retrieved from storage. Compressed FabricId 0x28791BC34216E0FC, FabricId 0x0000000000000001, NodeId 0x000000000001B669, VendorId 0xFFF1[0m
[0;32m[1784654568.802] [5346:5346] [DMG] Ember attribute persistence requires setting up[0m
[0;32m[1784654568.802] [5346:5346] [ZCL] Using ZAP configuration...[0m
[0;34m[1784654568.802] [5346:5346] [CTL] System State Initialized...[0m
[0;32m[1784654568.802] [5346:5346] [CTL] Setting attestation nonce to random value[0m
[0;32m[1784654568.802] [5346:5346] [CTL] Setting CSR nonce to random value[0m
[0;34m[1784654568.803] [5346:5348] [DL] CHIP task running[0m
[0;32m[1784654568.803] [5346:5348] [CTL] Setting attestation nonce to random value[0m
[0;32m[1784654568.803] [5346:5348] [CTL] Setting CSR nonce to random value[0m
[0;32m[1784654568.803] [5346:5348] [CTL] Generating NOC[0m
[0;32m[1784654568.803] [5346:5348] [FP] Validating NOC chain[0m
[0;32m[1784654568.803] [5346:5348] [FP] NOC chain validation successful[0m
[0;32m[1784654568.803] [5346:5348] [FP] Updated fabric at index: 0x1, Node ID: 0x000000000001B669[0m
[0;32m[1784654568.803] [5346:5348] [TS] Last Known Good Time: 2023-10-14T01:16:48[0m
[0;32m[1784654568.803] [5346:5348] [TS] New proposed Last Known Good Time: 2021-01-01T00:00:00[0m
[0;32m[1784654568.803] [5346:5348] [TS] Retaining current Last Known Good Time[0m
[0;32m[1784654568.806] [5346:5348] [FP] Metadata for Fabric 0x1 persisted to storage.[0m
[0;32m[1784654568.807] [5346:5348] [TS] Committing Last Known Good Time to storage: 2023-10-14T01:16:48[0m
[0;32m[1784654568.808] [5346:5348] [CTL] Joined the fabric at index 1. Fabric ID is 0x0000000000000001 (Compressed Fabric ID: 28791BC34216E0FC)[0m
[0;32m[1784654568.814] [5346:5348] [TOO] Sending command to node 0x1[0m
[0;34m[1784654568.814] [5346:5348] [CSM] FindOrEstablishSession: PeerId = [1:0000000000000001][0m
[0;34m[1784654568.814] [5346:5348] [CSM] FindOrEstablishSession: No existing OperationalSessionSetup instance found[0m
[0;34m[1784654568.814] [5346:5348] [DIS] OperationalSessionSetup[1:0000000000000001]: State change 1 --> 2[0m
[0;32m[1784654568.814] [5346:5348] [DIS] Lookup started for 28791BC34216E0FC-0000000000000001[0m
[0;32m[1784654568.815] [5346:5348] [DIS] UDP:[fe80::bfe:a203:38f0:bce7%enp0s3]:5540: new best score: 7 (for 28791BC34216E0FC-0000000000000001)[0m
[0;34m[1784654568.815] [5346:5348] [DIS] Lookup clearing interface for non LL address[0m
[0;32m[1784654568.815] [5346:5348] [DIS] UDP:10.0.2.15%enp0s3:5540: new best score: 2 (for 28791BC34216E0FC-0000000000000001)[0m
[0;32m[1784654568.815] [5346:5348] [DIS] Checking node lookup status for 28791BC34216E0FC-0000000000000001 after 1 ms[0m
[0;32m[1784654568.815] [5346:5348] [DIS] Keeping DNSSD lookup active[0m
[0;32m[1784654568.815] [5346:5348] [DIS] UDP:[fe80::bfe:a203:38f0:bce7%enp0s3]:5540: score has not improved: 7 (for 28791BC34216E0FC-0000000000000001)[0m
[0;34m[1784654568.815] [5346:5348] [DIS] Lookup clearing interface for non LL address[0m
[0;32m[1784654568.815] [5346:5348] [DIS] UDP:10.0.2.15%enp0s3:5540: score has not improved: 2 (for 28791BC34216E0FC-0000000000000001)[0m
[0;32m[1784654568.815] [5346:5348] [DIS] Checking node lookup status for 28791BC34216E0FC-0000000000000001 after 1 ms[0m
[0;32m[1784654568.815] [5346:5348] [DIS] Keeping DNSSD lookup active[0m
[0;32m[1784654569.016] [5346:5348] [DIS] Checking node lookup status for 28791BC34216E0FC-0000000000000001 after 202 ms[0m
[0;34m[1784654569.016] [5346:5348] [DIS] OperationalSessionSetup[1:0000000000000001]: Updating device address to UDP:[fe80::bfe:a203:38f0:bce7%enp0s3]:5540 while in state 2[0m
[0;34m[1784654569.016] [5346:5348] [DIS] OperationalSessionSetup[1:0000000000000001]: State change 2 --> 3[0m
[0;34m[1784654569.016] [5346:5348] [IN] SecureSession[0x730ce8009cd0]: Allocated Type:2 LSID:2245[0m
[0;32m[1784654569.016] [5346:5348] [SC] Initiating session on local FabricIndex 1 from 0x000000000001B669 -> 0x0000000000000001[0m
[0;32m[1784654569.017] [5346:5348] [EM] <<< [E:61723i S:0 M:250733541] (U) Msg TX from AA1D7785E479AC3D to 0:0000000000000000 [0000] [UDP:[fe80::bfe:a203:38f0:bce7%enp0s3]:5540] --- Type 0000:30 (SecureChannel:CASE_Sigma1) (B:196)[0m
[0;32m[1784654569.017] [5346:5348] [EM] ??1 [E:61723i S:0 M:250733541] (U) Msg Retransmission to 0:0000000000000000 scheduled for 578ms from now [State:Idle II:500 AI:300 AT:4000][0m
[0;32m[1784654569.017] [5346:5348] [SC] Sent Sigma1 msg to <0000000000000001, 1> [II:500ms AI:300ms AT:4000ms][0m
[0;34m[1784654569.017] [5346:5348] [DIS] OperationalSessionSetup[1:0000000000000001]: State change 3 --> 4[0m
[0;32m[1784654569.020] [5346:5348] [EM] >>> [E:61723i S:0 M:91624628 (Ack:250733541)] (U) Msg RX from 0:0000000000000000 [0000] to AA1D7785E479AC3D --- Type 0000:31 (SecureChannel:CASE_Sigma2) (B:751)[0m
[0;34m[1784654569.020] [5346:5348] [EM] Found matching exchange: 61723i, Delegate: 0x730ce800b8e8[0m
[0;34m[1784654569.020] [5346:5348] [EM] Rxd Ack; Removing MessageCounter:250733541 from Retrans Table on exchange 61723i[0m
[0;32m[1784654569.020] [5346:5348] [SC] Received Sigma2 msg[0m
[0;34m[1784654569.020] [5346:5348] [SC] Found MRP parameters in the message[0m
[0;34m[1784654569.021] [5346:5348] [SC] Peer <0000000000000001, 1> assigned session ID 42182[0m
[0;34m[1784654569.021] [5346:5348] [SC] Sending Sigma3[0m
[0;32m[1784654569.021] [5346:5348] [EM] <<< [E:61723i S:0 M:250733542 (Ack:91624628)] (U) Msg TX from AA1D7785E479AC3D to 0:0000000000000000 [0000] [UDP:[fe80::bfe:a203:38f0:bce7%enp0s3]:5540] --- Type 0000:32 (SecureChannel:CASE_Sigma3) (B:598)[0m
[0;32m[1784654569.021] [5346:5348] [EM] ??1 [E:61723i S:0 M:250733542] (U) Msg Retransmission to 0:0000000000000000 scheduled for 378ms from now [State:Active II:500 AI:300 AT:4000][0m
[0;32m[1784654569.021] [5346:5348] [SC] Sent Sigma3 msg[0m
[0;32m[1784654569.030] [5346:5348] [EM] >>> [E:61723i S:0 M:91624629 (Ack:250733542)] (U) Msg RX from 0:0000000000000000 [0000] to AA1D7785E479AC3D --- Type 0000:40 (SecureChannel:StatusReport) (B:34)[0m
[0;34m[1784654569.030] [5346:5348] [EM] Found matching exchange: 61723i, Delegate: 0x730ce800b8e8[0m
[0;34m[1784654569.030] [5346:5348] [EM] Rxd Ack; Removing MessageCounter:250733542 from Retrans Table on exchange 61723i[0m
[0;32m[1784654569.030] [5346:5348] [SC] Success status report received. Session was established[0m
[0;32m[1784654569.032] [5346:5348] [SC] SecureSession[0x730ce8009cd0, LSID:2245]: State change 'kEstablishing' --> 'kActive'[0m
[0;34m[1784654569.032] [5346:5348] [IN] SecureSession[0x730ce8009cd0]: Activated - Type:2 LSID:2245[0m
[0;34m[1784654569.032] [5346:5348] [IN] New secure session activated for device <0000000000000001, 1>, LSID:2245 PSID:42182![0m
[0;34m[1784654569.032] [5346:5348] [DIS] OperationalSessionSetup[1:0000000000000001]: State change 4 --> 5[0m
[0;32m[1784654569.032] [5346:5348] [TOO] Sending cluster (0x0000003E) command (0x00000007) on endpoint 0[0m
[0;34m[1784654569.032] [5346:5348] [DMG] ICR moving to [AddingComm][0m
[0;34m[1784654569.032] [5346:5348] [DMG] ICR moving to [AddedComma][0m
[0;32m[1784654569.032] [5346:5348] [EM] <<< [E:61724i S:2245 M:177041605] (S) Msg TX from 000000000001B669 to 1:0000000000000001 [E0FC] [UDP:[fe80::bfe:a203:38f0:bce7%enp0s3]:5540] --- Type 0001:08 (IM:InvokeCommandRequest) (B:330)[0m
[0;32m[1784654569.032] [5346:5348] [EM] ??1 [E:61724i S:2245 M:177041605] (S) Msg Retransmission to 1:0000000000000001 scheduled for 366ms from now [State:Active II:500 AI:300 AT:4000][0m
[0;34m[1784654569.032] [5346:5348] [DMG] ICR moving to [AwaitingRe][0m
[0;32m[1784654569.032] [5346:5348] [EM] <<< [E:61723i S:0 M:250733543 (Ack:91624629)] (U) Msg TX from AA1D7785E479AC3D to 0:0000000000000000 [0000] [UDP:[fe80::bfe:a203:38f0:bce7%enp0s3]:5540] --- Type 0000:10 (SecureChannel:StandaloneAck) (B:26)[0m
[0;34m[1784654569.032] [5346:5348] [EM] Flushed pending ack for MessageCounter:91624629 on exchange 61723i[0m
[0;32m[1784654569.041] [5346:5348] [EM] >>> [E:61724i S:2245 M:101921460 (Ack:177041605)] (S) Msg RX from 1:0000000000000001 [E0FC] to 000000000001B669 --- Type 0001:09 (IM:InvokeCommandResponse) (B:70)[0m
[0;34m[1784654569.041] [5346:5348] [EM] Found matching exchange: 61724i, Delegate: 0x730ce800eef8[0m
[0;34m[1784654569.041] [5346:5348] [EM] Rxd Ack; Removing MessageCounter:177041605 from Retrans Table on exchange 61724i[0m
[0;34m[1784654569.041] [5346:5348] [DMG] ICR moving to [ResponseRe][0m
[0;34m[1784654569.041] [5346:5348] [DMG] InvokeResponseMessage =[0m
[0;34m[1784654569.041] [5346:5348] [DMG] {[0m
[0;34m[1784654569.041] [5346:5348] [DMG] 	suppressResponse = false, [0m
[0;34m[1784654569.041] [5346:5348] [DMG] 	InvokeResponseIBs =[0m
[0;34m[1784654569.041] [5346:5348] [DMG] 	[[0m
[0;34m[1784654569.041] [5346:5348] [DMG] 		InvokeResponseIB =[0m
[0;34m[1784654569.041] [5346:5348] [DMG] 		{[0m
[0;34m[1784654569.041] [5346:5348] [DMG] 			CommandDataIB =[0m
[0;34m[1784654569.041] [5346:5348] [DMG] 			{[0m
[0;34m[1784654569.041] [5346:5348] [DMG] 				CommandPathIB =[0m
[0;34m[1784654569.041] [5346:5348] [DMG] 				{[0m
[0;34m[1784654569.041] [5346:5348] [DMG] 					EndpointId = 0x0,[0m
[0;34m[1784654569.041] [5346:5348] [DMG] 					ClusterId = 0x3e,[0m
[0;34m[1784654569.041] [5346:5348] [DMG] 					CommandId = 0x8,[0m
[0;34m[1784654569.041] [5346:5348] [DMG] 				},[0m
[0;34m[1784654569.041] [5346:5348] [DMG] 				[0m
[0;34m[1784654569.041] [5346:5348] [DMG] 				CommandFields = [0m
[0;34m[1784654569.041] [5346:5348] [DMG] 				{[0m
[0;34m[1784654569.041] [5346:5348] [DMG] 					0x0 = 0 (unsigned), [0m
[0;34m[1784654569.041] [5346:5348] [DMG] 					0x1 = 1 (unsigned), [0m
[0;34m[1784654569.041] [5346:5348] [DMG] 				},[0m
[0;34m[1784654569.041] [5346:5348] [DMG] 			},[0m
[0;34m[1784654569.041] [5346:5348] [DMG] 			[0m
[0;34m[1784654569.041] [5346:5348] [DMG] 		},[0m
[0;34m[1784654569.041] [5346:5348] [DMG] 		[0m
[0;34m[1784654569.041] [5346:5348] [DMG] 	],[0m
[0;34m[1784654569.041] [5346:5348] [DMG] 	[0m
[0;34m[1784654569.041] [5346:5348] [DMG] 	InteractionModelRevision = 12[0m
[0;34m[1784654569.041] [5346:5348] [DMG] },[0m
[0;32m[1784654569.041] [5346:5348] [DMG] Received Command Response Data, Endpoint=0 Cluster=0x0000_003E Command=0x0000_0008[0m
[0;32m[1784654569.041] [5346:5348] [TOO] Endpoint: 0 Cluster: 0x0000_003E Command 0x0000_0008[0m
[0;32m[1784654569.041] [5346:5348] [TOO]   NOCResponse: {[0m
[0;32m[1784654569.041] [5346:5348] [TOO]     statusCode: 0[0m
[0;32m[1784654569.041] [5346:5348] [TOO]     fabricIndex: 1[0m
[0;32m[1784654569.041] [5346:5348] [TOO]    }[0m
[0;34m[1784654569.041] [5346:5348] [DMG] ICR moving to [AwaitingDe][0m
[0;32m[1784654569.042] [5346:5348] [EM] <<< [E:61724i S:2245 M:177041606 (Ack:101921460)] (S) Msg TX from 000000000001B669 to 1:0000000000000001 [E0FC] [UDP:[fe80::bfe:a203:38f0:bce7%enp0s3]:5540] --- Type 0000:10 (SecureChannel:StandaloneAck) (B:34)[0m
[0;34m[1784654569.042] [5346:5348] [EM] Flushed pending ack for MessageCounter:101921460 on exchange 61724i[0m
[0;34m[1784654569.042] [5346:5346] [CTL] Shutting down the commissioner[0m
[0;32m[1784654569.042] [5346:5346] [PAF] WiFiPAF: Closing all WiFiPAF sessions to shutdown[0m
[0;34m[1784654569.042] [5346:5346] [CTL] Shutting down the controller[0m
[0;34m[1784654569.042] [5346:5346] [IN] Expiring all sessions for fabric 0x1!![0m
[0;34m[1784654569.042] [5346:5346] [IN] SecureSession[0x730ce8009cd0]: MarkForEviction Type:2 LSID:2245[0m
[0;32m[1784654569.042] [5346:5346] [SC] SecureSession[0x730ce8009cd0, LSID:2245]: State change 'kActive' --> 'kPendingEviction'[0m
[0;34m[1784654569.042] [5346:5346] [IN] SecureSession[0x730ce8009cd0]: Released - Type:2 LSID:2245[0m
[0;32m[1784654569.042] [5346:5346] [FP] Forgetting fabric 0x1[0m
[0;32m[1784654569.042] [5346:5346] [TS] Pending Last Known Good Time: 2023-10-14T01:16:48[0m
[0;32m[1784654569.042] [5346:5346] [TS] Previous Last Known Good Time: 2023-10-14T01:16:48[0m
[0;32m[1784654569.042] [5346:5346] [TS] Reverted Last Known Good Time to previous value[0m
[0;34m[1784654569.042] [5346:5346] [CTL] Shutting down the commissioner[0m
[0;32m[1784654569.042] [5346:5346] [PAF] WiFiPAF: Closing all WiFiPAF sessions to shutdown[0m
[0;34m[1784654569.042] [5346:5346] [CTL] Shutting down the controller[0m
[0;34m[1784654569.042] [5346:5346] [CTL] Shutting down the System State, this will teardown the CHIP Stack[0m
[0;34m[1784654569.042] [5346:5346] [DMG] All ReadHandler-s are clean, clear GlobalDirtySet[0m
[0;32m[1784654569.042] [5346:5346] [FP] Shutting down FabricTable[0m
[0;32m[1784654569.042] [5346:5346] [TS] Pending Last Known Good Time: 2023-10-14T01:16:48[0m
[0;32m[1784654569.042] [5346:5346] [TS] Previous Last Known Good Time: 2023-10-14T01:16:48[0m
[0;32m[1784654569.042] [5346:5346] [TS] Reverted Last Known Good Time to previous value[0m
[0;34m[1784654569.044] [5346:5346] [DL] Wrote settings to /tmp/chip_counters.ini[0m
[0;32m[1784654569.044] [5346:5346] [DL] NVS set: chip-counters/total-operational-hours = 0 (0x0)[0m
[0;32m[1784654569.044] [5346:5346] [DL] Inet Layer shutdown[0m
[0;32m[1784654569.044] [5346:5346] [DL] BLE Layer shutdown[0m
[0;32m[1784654569.044] [5346:5346] [DL] WiFi-PAF Layer shutdown[0m
[0;32m[1784654569.044] [5346:5346] [PAF] WiFiPAF: Closing all WiFiPAF sessions to shutdown[0m
[0;32m[1784654569.044] [5346:5346] [DL] System Layer shutdown[0m
