[0;34m[1784654416.899] [4856:4856] [DL] ChipLinuxStorage::Init: Using KVS config file: /tmp/chip_tool_kvs[0m
[1;31m[1784654416.901] [4856:4856] [DL] ChipLinuxStorage::Init: Attempt to re-initialize with KVS config file: /tmp/chip_kvs, IGNORING.[0m
[0;34m[1784654416.903] [4856:4856] [DL] ChipLinuxStorage::Init: Using KVS config file: /tmp/chip_factory.ini[0m
[0;34m[1784654416.903] [4856:4856] [DL] ChipLinuxStorage::Init: Using KVS config file: /tmp/chip_config.ini[0m
[0;34m[1784654416.903] [4856:4856] [DL] ChipLinuxStorage::Init: Using KVS config file: /tmp/chip_counters.ini[0m
[0;34m[1784654416.906] [4856:4856] [DL] Wrote settings to /tmp/chip_counters.ini[0m
[0;32m[1784654416.906] [4856:4856] [DL] NVS set: chip-counters/reboot-count = 3 (0x3)[0m
[0;32m[1784654416.906] [4856:4856] [DL] Got Ethernet interface: enp0s3[0m
[0;32m[1784654416.906] [4856:4856] [DL] Found the primary Ethernet interface:enp0s3[0m
[1;31m[1784654416.907] [4856:4856] [DL] Failed to get WiFi interface[0m
[1;31m[1784654416.907] [4856:4856] [DL] Failed to reset WiFi statistic counts[0m
[0;32m[1784654416.907] [4856:4856] [PAF] WiFiPAF: WiFiPAFLayer::Init()[0m
[0;34m[1784654416.907] [4856:4856] [IN] UDP::Init bind&listen port=0[0m
[0;34m[1784654416.907] [4856:4856] [IN] UDP::Init bound to port=35440[0m
[0;34m[1784654416.907] [4856:4856] [IN] UDP::Init bind&listen port=0[0m
[0;34m[1784654416.907] [4856:4856] [IN] UDP::Init bound to port=36818[0m
[0;34m[1784654416.907] [4856:4856] [IN] BLEBase::Init - setting/overriding transport[0m
[0;34m[1784654416.907] [4856:4856] [IN] WiFiPAFBase::Init - setting/overriding transport[0m
[0;34m[1784654416.907] [4856:4856] [IN] TransportMgr initialized[0m
[0;34m[1784654416.907] [4856:4856] [FP] Initializing FabricTable from persistent storage[0m
[0;32m[1784654416.907] [4856:4856] [TS] Last Known Good Time: 2023-10-14T01:16:48[0m
[0;32m[1784654416.907] [4856:4856] [FP] Fabric index 0x1 was retrieved from storage. Compressed FabricId 0x250C7C11D254927D, FabricId 0x0000000000000001, NodeId 0x000000000001B669, VendorId 0xFFF1[0m
[0;32m[1784654416.908] [4856:4856] [DMG] Ember attribute persistence requires setting up[0m
[0;32m[1784654416.908] [4856:4856] [ZCL] Using ZAP configuration...[0m
[0;34m[1784654416.908] [4856:4856] [CTL] System State Initialized...[0m
[0;32m[1784654416.908] [4856:4856] [CTL] Setting attestation nonce to random value[0m
[0;32m[1784654416.908] [4856:4856] [CTL] Setting CSR nonce to random value[0m
[0;34m[1784654416.908] [4856:4858] [DL] CHIP task running[0m
[0;32m[1784654416.908] [4856:4858] [CTL] Setting attestation nonce to random value[0m
[0;32m[1784654416.908] [4856:4858] [CTL] Setting CSR nonce to random value[0m
[0;32m[1784654416.908] [4856:4858] [CTL] Generating NOC[0m
[0;32m[1784654416.909] [4856:4858] [FP] Validating NOC chain[0m
[0;32m[1784654416.909] [4856:4858] [FP] NOC chain validation successful[0m
[0;32m[1784654416.909] [4856:4858] [FP] Updated fabric at index: 0x1, Node ID: 0x000000000001B669[0m
[0;32m[1784654416.909] [4856:4858] [TS] Last Known Good Time: 2023-10-14T01:16:48[0m
[0;32m[1784654416.909] [4856:4858] [TS] New proposed Last Known Good Time: 2021-01-01T00:00:00[0m
[0;32m[1784654416.909] [4856:4858] [TS] Retaining current Last Known Good Time[0m
[0;32m[1784654416.911] [4856:4858] [FP] Metadata for Fabric 0x1 persisted to storage.[0m
[0;32m[1784654416.912] [4856:4858] [TS] Committing Last Known Good Time to storage: 2023-10-14T01:16:48[0m
[0;32m[1784654416.913] [4856:4858] [CTL] Joined the fabric at index 1. Fabric ID is 0x0000000000000001 (Compressed Fabric ID: 250C7C11D254927D)[0m
[0;32m[1784654416.918] [4856:4858] [TOO] Sending command to node 0x1[0m
[0;34m[1784654416.919] [4856:4858] [CSM] FindOrEstablishSession: PeerId = [1:0000000000000001][0m
[0;34m[1784654416.919] [4856:4858] [CSM] FindOrEstablishSession: No existing OperationalSessionSetup instance found[0m
[0;34m[1784654416.919] [4856:4858] [DIS] OperationalSessionSetup[1:0000000000000001]: State change 1 --> 2[0m
[0;32m[1784654416.919] [4856:4858] [DIS] Lookup started for 250C7C11D254927D-0000000000000001[0m
[0;32m[1784654416.919] [4856:4858] [DIS] UDP:[fe80::bfe:a203:38f0:bce7%enp0s3]:5540: new best score: 7 (for 250C7C11D254927D-0000000000000001)[0m
[0;34m[1784654416.919] [4856:4858] [DIS] Lookup clearing interface for non LL address[0m
[0;32m[1784654416.919] [4856:4858] [DIS] UDP:10.0.2.15%enp0s3:5540: new best score: 2 (for 250C7C11D254927D-0000000000000001)[0m
[0;32m[1784654416.919] [4856:4858] [DIS] Checking node lookup status for 250C7C11D254927D-0000000000000001 after 0 ms[0m
[0;32m[1784654416.919] [4856:4858] [DIS] Keeping DNSSD lookup active[0m
[0;32m[1784654416.919] [4856:4858] [DIS] UDP:[fe80::bfe:a203:38f0:bce7%enp0s3]:5540: score has not improved: 7 (for 250C7C11D254927D-0000000000000001)[0m
[0;34m[1784654416.919] [4856:4858] [DIS] Lookup clearing interface for non LL address[0m
[0;32m[1784654416.919] [4856:4858] [DIS] UDP:10.0.2.15%enp0s3:5540: score has not improved: 2 (for 250C7C11D254927D-0000000000000001)[0m
[0;32m[1784654416.919] [4856:4858] [DIS] Checking node lookup status for 250C7C11D254927D-0000000000000001 after 0 ms[0m
[0;32m[1784654416.919] [4856:4858] [DIS] Keeping DNSSD lookup active[0m
[0;32m[1784654417.120] [4856:4858] [DIS] Checking node lookup status for 250C7C11D254927D-0000000000000001 after 201 ms[0m
[0;34m[1784654417.120] [4856:4858] [DIS] OperationalSessionSetup[1:0000000000000001]: Updating device address to UDP:[fe80::bfe:a203:38f0:bce7%enp0s3]:5540 while in state 2[0m
[0;34m[1784654417.120] [4856:4858] [DIS] OperationalSessionSetup[1:0000000000000001]: State change 2 --> 3[0m
[0;34m[1784654417.120] [4856:4858] [IN] SecureSession[0x7d5494009cd0]: Allocated Type:2 LSID:30744[0m
[0;32m[1784654417.120] [4856:4858] [SC] Initiating session on local FabricIndex 1 from 0x000000000001B669 -> 0x0000000000000001[0m
[0;32m[1784654417.121] [4856:4858] [EM] <<< [E:47386i S:0 M:100305626] (U) Msg TX from 134A376E15DA8530 to 0:0000000000000000 [0000] [UDP:[fe80::bfe:a203:38f0:bce7%enp0s3]:5540] --- Type 0000:30 (SecureChannel:CASE_Sigma1) (B:196)[0m
[0;32m[1784654417.121] [4856:4858] [EM] ??1 [E:47386i S:0 M:100305626] (U) Msg Retransmission to 0:0000000000000000 scheduled for 614ms from now [State:Idle II:500 AI:300 AT:4000][0m
[0;32m[1784654417.121] [4856:4858] [SC] Sent Sigma1 msg to <0000000000000001, 1> [II:500ms AI:300ms AT:4000ms][0m
[0;34m[1784654417.121] [4856:4858] [DIS] OperationalSessionSetup[1:0000000000000001]: State change 3 --> 4[0m
[0;32m[1784654417.123] [4856:4858] [EM] >>> [E:47386i S:0 M:138021988 (Ack:100305626)] (U) Msg RX from 0:0000000000000000 [0000] to 134A376E15DA8530 --- Type 0000:31 (SecureChannel:CASE_Sigma2) (B:751)[0m
[0;34m[1784654417.123] [4856:4858] [EM] Found matching exchange: 47386i, Delegate: 0x7d549400b8e8[0m
[0;34m[1784654417.123] [4856:4858] [EM] Rxd Ack; Removing MessageCounter:100305626 from Retrans Table on exchange 47386i[0m
[0;32m[1784654417.123] [4856:4858] [SC] Received Sigma2 msg[0m
[0;34m[1784654417.123] [4856:4858] [SC] Found MRP parameters in the message[0m
[0;34m[1784654417.125] [4856:4858] [SC] Peer <0000000000000001, 1> assigned session ID 32951[0m
[0;34m[1784654417.125] [4856:4858] [SC] Sending Sigma3[0m
[0;32m[1784654417.125] [4856:4858] [EM] <<< [E:47386i S:0 M:100305627 (Ack:138021988)] (U) Msg TX from 134A376E15DA8530 to 0:0000000000000000 [0000] [UDP:[fe80::bfe:a203:38f0:bce7%enp0s3]:5540] --- Type 0000:32 (SecureChannel:CASE_Sigma3) (B:598)[0m
[0;32m[1784654417.125] [4856:4858] [EM] ??1 [E:47386i S:0 M:100305627] (U) Msg Retransmission to 0:0000000000000000 scheduled for 333ms from now [State:Active II:500 AI:300 AT:4000][0m
[0;32m[1784654417.126] [4856:4858] [SC] Sent Sigma3 msg[0m
[0;32m[1784654417.137] [4856:4858] [EM] >>> [E:47386i S:0 M:138021989 (Ack:100305627)] (U) Msg RX from 0:0000000000000000 [0000] to 134A376E15DA8530 --- Type 0000:40 (SecureChannel:StatusReport) (B:34)[0m
[0;34m[1784654417.137] [4856:4858] [EM] Found matching exchange: 47386i, Delegate: 0x7d549400b8e8[0m
[0;34m[1784654417.137] [4856:4858] [EM] Rxd Ack; Removing MessageCounter:100305627 from Retrans Table on exchange 47386i[0m
[0;32m[1784654417.137] [4856:4858] [SC] Success status report received. Session was established[0m
[0;32m[1784654417.138] [4856:4858] [SC] SecureSession[0x7d5494009cd0, LSID:30744]: State change 'kEstablishing' --> 'kActive'[0m
[0;34m[1784654417.138] [4856:4858] [IN] SecureSession[0x7d5494009cd0]: Activated - Type:2 LSID:30744[0m
[0;34m[1784654417.138] [4856:4858] [IN] New secure session activated for device <0000000000000001, 1>, LSID:30744 PSID:32951![0m
[0;34m[1784654417.138] [4856:4858] [DIS] OperationalSessionSetup[1:0000000000000001]: State change 4 --> 5[0m
[0;32m[1784654417.138] [4856:4858] [TOO] Sending cluster (0x00000030) command (0x00000000) on endpoint 0[0m
[0;34m[1784654417.138] [4856:4858] [DMG] ICR moving to [AddingComm][0m
[0;34m[1784654417.138] [4856:4858] [DMG] ICR moving to [AddedComma][0m
[0;32m[1784654417.138] [4856:4858] [EM] <<< [E:47387i S:30744 M:108884409] (S) Msg TX from 000000000001B669 to 1:0000000000000001 [927D] [UDP:[fe80::bfe:a203:38f0:bce7%enp0s3]:5540] --- Type 0001:08 (IM:InvokeCommandRequest) (B:65)[0m
[0;32m[1784654417.138] [4856:4858] [EM] ??1 [E:47387i S:30744 M:108884409] (S) Msg Retransmission to 1:0000000000000001 scheduled for 344ms from now [State:Active II:500 AI:300 AT:4000][0m
[0;34m[1784654417.138] [4856:4858] [DMG] ICR moving to [AwaitingRe][0m
[0;32m[1784654417.138] [4856:4858] [EM] <<< [E:47386i S:0 M:100305628 (Ack:138021989)] (U) Msg TX from 134A376E15DA8530 to 0:0000000000000000 [0000] [UDP:[fe80::bfe:a203:38f0:bce7%enp0s3]:5540] --- Type 0000:10 (SecureChannel:StandaloneAck) (B:26)[0m
[0;34m[1784654417.138] [4856:4858] [EM] Flushed pending ack for MessageCounter:138021989 on exchange 47386i[0m
[0;32m[1784654417.139] [4856:4858] [EM] >>> [E:47387i S:30744 M:13890271 (Ack:108884409)] (S) Msg RX from 1:0000000000000001 [927D] to 000000000001B669 --- Type 0001:09 (IM:InvokeCommandResponse) (B:70)[0m
[0;34m[1784654417.139] [4856:4858] [EM] Found matching exchange: 47387i, Delegate: 0x7d549400eef8[0m
[0;34m[1784654417.139] [4856:4858] [EM] Rxd Ack; Removing MessageCounter:108884409 from Retrans Table on exchange 47387i[0m
[0;34m[1784654417.139] [4856:4858] [DMG] ICR moving to [ResponseRe][0m
[0;34m[1784654417.139] [4856:4858] [DMG] InvokeResponseMessage =[0m
[0;34m[1784654417.139] [4856:4858] [DMG] {[0m
[0;34m[1784654417.139] [4856:4858] [DMG] 	suppressResponse = false, [0m
[0;34m[1784654417.139] [4856:4858] [DMG] 	InvokeResponseIBs =[0m
[0;34m[1784654417.139] [4856:4858] [DMG] 	[[0m
[0;34m[1784654417.139] [4856:4858] [DMG] 		InvokeResponseIB =[0m
[0;34m[1784654417.139] [4856:4858] [DMG] 		{[0m
[0;34m[1784654417.139] [4856:4858] [DMG] 			CommandDataIB =[0m
[0;34m[1784654417.139] [4856:4858] [DMG] 			{[0m
[0;34m[1784654417.139] [4856:4858] [DMG] 				CommandPathIB =[0m
[0;34m[1784654417.139] [4856:4858] [DMG] 				{[0m
[0;34m[1784654417.139] [4856:4858] [DMG] 					EndpointId = 0x0,[0m
[0;34m[1784654417.139] [4856:4858] [DMG] 					ClusterId = 0x30,[0m
[0;34m[1784654417.139] [4856:4858] [DMG] 					CommandId = 0x1,[0m
[0;34m[1784654417.139] [4856:4858] [DMG] 				},[0m
[0;34m[1784654417.139] [4856:4858] [DMG] 				[0m
[0;34m[1784654417.139] [4856:4858] [DMG] 				CommandFields = [0m
[0;34m[1784654417.139] [4856:4858] [DMG] 				{[0m
[0;34m[1784654417.139] [4856:4858] [DMG] 					0x0 = 0 (unsigned), [0m
[0;34m[1784654417.139] [4856:4858] [DMG] 					0x1 = "" (0 chars), [0m
[0;34m[1784654417.139] [4856:4858] [DMG] 				},[0m
[0;34m[1784654417.139] [4856:4858] [DMG] 			},[0m
[0;34m[1784654417.139] [4856:4858] [DMG] 			[0m
[0;34m[1784654417.139] [4856:4858] [DMG] 		},[0m
[0;34m[1784654417.139] [4856:4858] [DMG] 		[0m
[0;34m[1784654417.139] [4856:4858] [DMG] 	],[0m
[0;34m[1784654417.139] [4856:4858] [DMG] 	[0m
[0;34m[1784654417.139] [4856:4858] [DMG] 	InteractionModelRevision = 12[0m
[0;34m[1784654417.139] [4856:4858] [DMG] },[0m
[0;32m[1784654417.139] [4856:4858] [DMG] Received Command Response Data, Endpoint=0 Cluster=0x0000_0030 Command=0x0000_0001[0m
[0;32m[1784654417.139] [4856:4858] [TOO] Endpoint: 0 Cluster: 0x0000_0030 Command 0x0000_0001[0m
[0;32m[1784654417.139] [4856:4858] [TOO]   ArmFailSafeResponse: {[0m
[0;32m[1784654417.139] [4856:4858] [TOO]     errorCode: 0[0m
[0;32m[1784654417.139] [4856:4858] [TOO]     debugText: [0m
[0;32m[1784654417.139] [4856:4858] [TOO]    }[0m
[0;34m[1784654417.139] [4856:4858] [DMG] ICR moving to [AwaitingDe][0m
[0;32m[1784654417.139] [4856:4858] [EM] <<< [E:47387i S:30744 M:108884410 (Ack:13890271)] (S) Msg TX from 000000000001B669 to 1:0000000000000001 [927D] [UDP:[fe80::bfe:a203:38f0:bce7%enp0s3]:5540] --- Type 0000:10 (SecureChannel:StandaloneAck) (B:34)[0m
[0;34m[1784654417.139] [4856:4858] [EM] Flushed pending ack for MessageCounter:13890271 on exchange 47387i[0m
[0;34m[1784654417.140] [4856:4856] [CTL] Shutting down the commissioner[0m
[0;32m[1784654417.140] [4856:4856] [PAF] WiFiPAF: Closing all WiFiPAF sessions to shutdown[0m
[0;34m[1784654417.140] [4856:4856] [CTL] Shutting down the controller[0m
[0;34m[1784654417.140] [4856:4856] [IN] Expiring all sessions for fabric 0x1!![0m
[0;34m[1784654417.140] [4856:4856] [IN] SecureSession[0x7d5494009cd0]: MarkForEviction Type:2 LSID:30744[0m
[0;32m[1784654417.140] [4856:4856] [SC] SecureSession[0x7d5494009cd0, LSID:30744]: State change 'kActive' --> 'kPendingEviction'[0m
[0;34m[1784654417.140] [4856:4856] [IN] SecureSession[0x7d5494009cd0]: Released - Type:2 LSID:30744[0m
[0;32m[1784654417.140] [4856:4856] [FP] Forgetting fabric 0x1[0m
[0;32m[1784654417.140] [4856:4856] [TS] Pending Last Known Good Time: 2023-10-14T01:16:48[0m
[0;32m[1784654417.140] [4856:4856] [TS] Previous Last Known Good Time: 2023-10-14T01:16:48[0m
[0;32m[1784654417.140] [4856:4856] [TS] Reverted Last Known Good Time to previous value[0m
[0;34m[1784654417.140] [4856:4856] [CTL] Shutting down the commissioner[0m
[0;32m[1784654417.140] [4856:4856] [PAF] WiFiPAF: Closing all WiFiPAF sessions to shutdown[0m
[0;34m[1784654417.140] [4856:4856] [CTL] Shutting down the controller[0m
[0;34m[1784654417.140] [4856:4856] [CTL] Shutting down the System State, this will teardown the CHIP Stack[0m
[0;34m[1784654417.140] [4856:4856] [DMG] All ReadHandler-s are clean, clear GlobalDirtySet[0m
[0;32m[1784654417.140] [4856:4856] [FP] Shutting down FabricTable[0m
[0;32m[1784654417.140] [4856:4856] [TS] Pending Last Known Good Time: 2023-10-14T01:16:48[0m
[0;32m[1784654417.140] [4856:4856] [TS] Previous Last Known Good Time: 2023-10-14T01:16:48[0m
[0;32m[1784654417.140] [4856:4856] [TS] Reverted Last Known Good Time to previous value[0m
[0;34m[1784654417.144] [4856:4856] [DL] Wrote settings to /tmp/chip_counters.ini[0m
[0;32m[1784654417.144] [4856:4856] [DL] NVS set: chip-counters/total-operational-hours = 0 (0x0)[0m
[0;32m[1784654417.144] [4856:4856] [DL] Inet Layer shutdown[0m
[0;32m[1784654417.144] [4856:4856] [DL] BLE Layer shutdown[0m
[0;32m[1784654417.144] [4856:4856] [DL] WiFi-PAF Layer shutdown[0m
[0;32m[1784654417.144] [4856:4856] [PAF] WiFiPAF: Closing all WiFiPAF sessions to shutdown[0m
[0;32m[1784654417.144] [4856:4856] [DL] System Layer shutdown[0m
