[0;34m[1784654417.192] [4860:4860] [DL] ChipLinuxStorage::Init: Using KVS config file: /tmp/chip_tool_kvs[0m
[1;31m[1784654417.193] [4860:4860] [DL] ChipLinuxStorage::Init: Attempt to re-initialize with KVS config file: /tmp/chip_kvs, IGNORING.[0m
[0;34m[1784654417.194] [4860:4860] [DL] ChipLinuxStorage::Init: Using KVS config file: /tmp/chip_factory.ini[0m
[0;34m[1784654417.194] [4860:4860] [DL] ChipLinuxStorage::Init: Using KVS config file: /tmp/chip_config.ini[0m
[0;34m[1784654417.194] [4860:4860] [DL] ChipLinuxStorage::Init: Using KVS config file: /tmp/chip_counters.ini[0m
[0;34m[1784654417.198] [4860:4860] [DL] Wrote settings to /tmp/chip_counters.ini[0m
[0;32m[1784654417.198] [4860:4860] [DL] NVS set: chip-counters/reboot-count = 4 (0x4)[0m
[0;32m[1784654417.198] [4860:4860] [DL] Got Ethernet interface: enp0s3[0m
[0;32m[1784654417.198] [4860:4860] [DL] Found the primary Ethernet interface:enp0s3[0m
[1;31m[1784654417.198] [4860:4860] [DL] Failed to get WiFi interface[0m
[1;31m[1784654417.198] [4860:4860] [DL] Failed to reset WiFi statistic counts[0m
[0;32m[1784654417.198] [4860:4860] [PAF] WiFiPAF: WiFiPAFLayer::Init()[0m
[0;34m[1784654417.198] [4860:4860] [IN] UDP::Init bind&listen port=0[0m
[0;34m[1784654417.198] [4860:4860] [IN] UDP::Init bound to port=44709[0m
[0;34m[1784654417.198] [4860:4860] [IN] UDP::Init bind&listen port=0[0m
[0;34m[1784654417.198] [4860:4860] [IN] UDP::Init bound to port=43492[0m
[0;34m[1784654417.198] [4860:4860] [IN] BLEBase::Init - setting/overriding transport[0m
[0;34m[1784654417.198] [4860:4860] [IN] WiFiPAFBase::Init - setting/overriding transport[0m
[0;34m[1784654417.198] [4860:4860] [IN] TransportMgr initialized[0m
[0;34m[1784654417.198] [4860:4860] [FP] Initializing FabricTable from persistent storage[0m
[0;32m[1784654417.198] [4860:4860] [TS] Last Known Good Time: 2023-10-14T01:16:48[0m
[0;32m[1784654417.198] [4860:4860] [FP] Fabric index 0x1 was retrieved from storage. Compressed FabricId 0x250C7C11D254927D, FabricId 0x0000000000000001, NodeId 0x000000000001B669, VendorId 0xFFF1[0m
[0;32m[1784654417.199] [4860:4860] [DMG] Ember attribute persistence requires setting up[0m
[0;32m[1784654417.199] [4860:4860] [ZCL] Using ZAP configuration...[0m
[0;34m[1784654417.199] [4860:4860] [CTL] System State Initialized...[0m
[0;32m[1784654417.199] [4860:4860] [CTL] Setting attestation nonce to random value[0m
[0;32m[1784654417.199] [4860:4860] [CTL] Setting CSR nonce to random value[0m
[0;34m[1784654417.199] [4860:4862] [DL] CHIP task running[0m
[0;32m[1784654417.200] [4860:4862] [CTL] Setting attestation nonce to random value[0m
[0;32m[1784654417.200] [4860:4862] [CTL] Setting CSR nonce to random value[0m
[0;32m[1784654417.200] [4860:4862] [CTL] Generating NOC[0m
[0;32m[1784654417.200] [4860:4862] [FP] Validating NOC chain[0m
[0;32m[1784654417.200] [4860:4862] [FP] NOC chain validation successful[0m
[0;32m[1784654417.200] [4860:4862] [FP] Updated fabric at index: 0x1, Node ID: 0x000000000001B669[0m
[0;32m[1784654417.200] [4860:4862] [TS] Last Known Good Time: 2023-10-14T01:16:48[0m
[0;32m[1784654417.200] [4860:4862] [TS] New proposed Last Known Good Time: 2021-01-01T00:00:00[0m
[0;32m[1784654417.200] [4860:4862] [TS] Retaining current Last Known Good Time[0m
[0;32m[1784654417.202] [4860:4862] [FP] Metadata for Fabric 0x1 persisted to storage.[0m
[0;32m[1784654417.203] [4860:4862] [TS] Committing Last Known Good Time to storage: 2023-10-14T01:16:48[0m
[0;32m[1784654417.203] [4860:4862] [CTL] Joined the fabric at index 1. Fabric ID is 0x0000000000000001 (Compressed Fabric ID: 250C7C11D254927D)[0m
[0;32m[1784654417.208] [4860:4862] [TOO] Sending command to node 0x1[0m
[0;34m[1784654417.208] [4860:4862] [CSM] FindOrEstablishSession: PeerId = [1:0000000000000001][0m
[0;34m[1784654417.208] [4860:4862] [CSM] FindOrEstablishSession: No existing OperationalSessionSetup instance found[0m
[0;34m[1784654417.208] [4860:4862] [DIS] OperationalSessionSetup[1:0000000000000001]: State change 1 --> 2[0m
[0;32m[1784654417.208] [4860:4862] [DIS] Lookup started for 250C7C11D254927D-0000000000000001[0m
[0;32m[1784654417.208] [4860:4862] [DIS] UDP:[fe80::bfe:a203:38f0:bce7%enp0s3]:5540: new best score: 7 (for 250C7C11D254927D-0000000000000001)[0m
[0;34m[1784654417.208] [4860:4862] [DIS] Lookup clearing interface for non LL address[0m
[0;32m[1784654417.208] [4860:4862] [DIS] UDP:10.0.2.15%enp0s3:5540: new best score: 2 (for 250C7C11D254927D-0000000000000001)[0m
[0;32m[1784654417.208] [4860:4862] [DIS] Checking node lookup status for 250C7C11D254927D-0000000000000001 after 1 ms[0m
[0;32m[1784654417.208] [4860:4862] [DIS] Keeping DNSSD lookup active[0m
[0;32m[1784654417.209] [4860:4862] [DIS] UDP:[fe80::bfe:a203:38f0:bce7%enp0s3]:5540: score has not improved: 7 (for 250C7C11D254927D-0000000000000001)[0m
[0;34m[1784654417.209] [4860:4862] [DIS] Lookup clearing interface for non LL address[0m
[0;32m[1784654417.209] [4860:4862] [DIS] UDP:10.0.2.15%enp0s3:5540: score has not improved: 2 (for 250C7C11D254927D-0000000000000001)[0m
[0;32m[1784654417.209] [4860:4862] [DIS] Checking node lookup status for 250C7C11D254927D-0000000000000001 after 1 ms[0m
[0;32m[1784654417.209] [4860:4862] [DIS] Keeping DNSSD lookup active[0m
[0;32m[1784654417.413] [4860:4862] [DIS] Checking node lookup status for 250C7C11D254927D-0000000000000001 after 206 ms[0m
[0;34m[1784654417.414] [4860:4862] [DIS] OperationalSessionSetup[1:0000000000000001]: Updating device address to UDP:[fe80::bfe:a203:38f0:bce7%enp0s3]:5540 while in state 2[0m
[0;34m[1784654417.414] [4860:4862] [DIS] OperationalSessionSetup[1:0000000000000001]: State change 2 --> 3[0m
[0;34m[1784654417.414] [4860:4862] [IN] SecureSession[0x7a78b4009cd0]: Allocated Type:2 LSID:6774[0m
[0;32m[1784654417.414] [4860:4862] [SC] Initiating session on local FabricIndex 1 from 0x000000000001B669 -> 0x0000000000000001[0m
[0;32m[1784654417.415] [4860:4862] [EM] <<< [E:10156i S:0 M:189991882] (U) Msg TX from A7F522ECFEF2FB68 to 0:0000000000000000 [0000] [UDP:[fe80::bfe:a203:38f0:bce7%enp0s3]:5540] --- Type 0000:30 (SecureChannel:CASE_Sigma1) (B:196)[0m
[0;32m[1784654417.415] [4860:4862] [EM] ??1 [E:10156i S:0 M:189991882] (U) Msg Retransmission to 0:0000000000000000 scheduled for 585ms from now [State:Idle II:500 AI:300 AT:4000][0m
[0;32m[1784654417.415] [4860:4862] [SC] Sent Sigma1 msg to <0000000000000001, 1> [II:500ms AI:300ms AT:4000ms][0m
[0;34m[1784654417.415] [4860:4862] [DIS] OperationalSessionSetup[1:0000000000000001]: State change 3 --> 4[0m
[0;32m[1784654417.420] [4860:4862] [EM] >>> [E:10156i S:0 M:138021990 (Ack:189991882)] (U) Msg RX from 0:0000000000000000 [0000] to A7F522ECFEF2FB68 --- Type 0000:31 (SecureChannel:CASE_Sigma2) (B:751)[0m
[0;34m[1784654417.420] [4860:4862] [EM] Found matching exchange: 10156i, Delegate: 0x7a78b400b8e8[0m
[0;34m[1784654417.420] [4860:4862] [EM] Rxd Ack; Removing MessageCounter:189991882 from Retrans Table on exchange 10156i[0m
[0;32m[1784654417.420] [4860:4862] [SC] Received Sigma2 msg[0m
[0;34m[1784654417.420] [4860:4862] [SC] Found MRP parameters in the message[0m
[0;34m[1784654417.422] [4860:4862] [SC] Peer <0000000000000001, 1> assigned session ID 32952[0m
[0;34m[1784654417.422] [4860:4862] [SC] Sending Sigma3[0m
[0;32m[1784654417.422] [4860:4862] [EM] <<< [E:10156i S:0 M:189991883 (Ack:138021990)] (U) Msg TX from A7F522ECFEF2FB68 to 0:0000000000000000 [0000] [UDP:[fe80::bfe:a203:38f0:bce7%enp0s3]:5540] --- Type 0000:32 (SecureChannel:CASE_Sigma3) (B:598)[0m
[0;32m[1784654417.422] [4860:4862] [EM] ??1 [E:10156i S:0 M:189991883] (U) Msg Retransmission to 0:0000000000000000 scheduled for 339ms from now [State:Active II:500 AI:300 AT:4000][0m
[0;32m[1784654417.422] [4860:4862] [SC] Sent Sigma3 msg[0m
[0;32m[1784654417.430] [4860:4862] [EM] >>> [E:10156i S:0 M:138021991 (Ack:189991883)] (U) Msg RX from 0:0000000000000000 [0000] to A7F522ECFEF2FB68 --- Type 0000:40 (SecureChannel:StatusReport) (B:34)[0m
[0;34m[1784654417.430] [4860:4862] [EM] Found matching exchange: 10156i, Delegate: 0x7a78b400b8e8[0m
[0;34m[1784654417.430] [4860:4862] [EM] Rxd Ack; Removing MessageCounter:189991883 from Retrans Table on exchange 10156i[0m
[0;32m[1784654417.430] [4860:4862] [SC] Success status report received. Session was established[0m
[0;32m[1784654417.431] [4860:4862] [SC] SecureSession[0x7a78b4009cd0, LSID:6774]: State change 'kEstablishing' --> 'kActive'[0m
[0;34m[1784654417.431] [4860:4862] [IN] SecureSession[0x7a78b4009cd0]: Activated - Type:2 LSID:6774[0m
[0;34m[1784654417.431] [4860:4862] [IN] New secure session activated for device <0000000000000001, 1>, LSID:6774 PSID:32952![0m
[0;34m[1784654417.431] [4860:4862] [DIS] OperationalSessionSetup[1:0000000000000001]: State change 4 --> 5[0m
[0;32m[1784654417.431] [4860:4862] [TOO] Sending cluster (0x0000003E) command (0x00000004) on endpoint 0[0m
[0;34m[1784654417.431] [4860:4862] [DMG] ICR moving to [AddingComm][0m
[0;34m[1784654417.431] [4860:4862] [DMG] ICR moving to [AddedComma][0m
[0;32m[1784654417.431] [4860:4862] [EM] <<< [E:10157i S:6774 M:254547287] (S) Msg TX from 000000000001B669 to 1:0000000000000001 [927D] [UDP:[fe80::bfe:a203:38f0:bce7%enp0s3]:5540] --- Type 0001:08 (IM:InvokeCommandRequest) (B:96)[0m
[0;32m[1784654417.431] [4860:4862] [EM] ??1 [E:10157i S:6774 M:254547287] (S) Msg Retransmission to 1:0000000000000001 scheduled for 398ms from now [State:Active II:500 AI:300 AT:4000][0m
[0;34m[1784654417.431] [4860:4862] [DMG] ICR moving to [AwaitingRe][0m
[0;32m[1784654417.431] [4860:4862] [EM] <<< [E:10156i S:0 M:189991884 (Ack:138021991)] (U) Msg TX from A7F522ECFEF2FB68 to 0:0000000000000000 [0000] [UDP:[fe80::bfe:a203:38f0:bce7%enp0s3]:5540] --- Type 0000:10 (SecureChannel:StandaloneAck) (B:26)[0m
[0;34m[1784654417.431] [4860:4862] [EM] Flushed pending ack for MessageCounter:138021991 on exchange 10156i[0m
[0;32m[1784654417.432] [4860:4862] [EM] >>> [E:10157i S:6774 M:162377992 (Ack:254547287)] (S) Msg RX from 1:0000000000000001 [927D] to 000000000001B669 --- Type 0001:09 (IM:InvokeCommandResponse) (B:378)[0m
[0;34m[1784654417.432] [4860:4862] [EM] Found matching exchange: 10157i, Delegate: 0x7a78b400eef8[0m
[0;34m[1784654417.432] [4860:4862] [EM] Rxd Ack; Removing MessageCounter:254547287 from Retrans Table on exchange 10157i[0m
[0;34m[1784654417.432] [4860:4862] [DMG] ICR moving to [ResponseRe][0m
[0;34m[1784654417.432] [4860:4862] [DMG] InvokeResponseMessage =[0m
[0;34m[1784654417.432] [4860:4862] [DMG] {[0m
[0;34m[1784654417.432] [4860:4862] [DMG] 	suppressResponse = false, [0m
[0;34m[1784654417.432] [4860:4862] [DMG] 	InvokeResponseIBs =[0m
[0;34m[1784654417.432] [4860:4862] [DMG] 	[[0m
[0;34m[1784654417.432] [4860:4862] [DMG] 		InvokeResponseIB =[0m
[0;34m[1784654417.432] [4860:4862] [DMG] 		{[0m
[0;34m[1784654417.432] [4860:4862] [DMG] 			CommandDataIB =[0m
[0;34m[1784654417.432] [4860:4862] [DMG] 			{[0m
[0;34m[1784654417.432] [4860:4862] [DMG] 				CommandPathIB =[0m
[0;34m[1784654417.432] [4860:4862] [DMG] 				{[0m
[0;34m[1784654417.432] [4860:4862] [DMG] 					EndpointId = 0x0,[0m
[0;34m[1784654417.432] [4860:4862] [DMG] 					ClusterId = 0x3e,[0m
[0;34m[1784654417.432] [4860:4862] [DMG] 					CommandId = 0x5,[0m
[0;34m[1784654417.432] [4860:4862] [DMG] 				},[0m
[0;34m[1784654417.432] [4860:4862] [DMG] 				[0m
[0;34m[1784654417.432] [4860:4862] [DMG] 				CommandFields = [0m
[0;34m[1784654417.432] [4860:4862] [DMG] 				{[0m
[0;34m[1784654417.432] [4860:4862] [DMG] 					0x0 = [[0m
[0;34m[1784654417.432] [4860:4862] [DMG] 							0x15, 0x30, 0x01, 0xcc, 0x30, 0x81, 0xc9, 0x30, 0x70, 0x02, 0x01, 0x00, 0x30, 0x0e, 0x31, 0x0c, 0x30, 0x0a, 0x06, 0x03, 0x55, 0x04, 0x0a, 0x0c, 0x03, 0x43, 0x53, 0x52, 0x30, 0x59, 0x30, 0x13, 0x06, 0x07, 0x2a, 0x86, 0x48, 0xce, 0x3d, 0x02, 0x01, 0x06, 0x08, 0x2a, 0x86, 0x48, 0xce, 0x3d, 0x03, 0x01, 0x07, 0x03, 0x42, 0x00, 0x04, 0x6f, 0xe9, 0xd4, 0x01, 0x8b, 0x81, 0xa4, 0xa3, 0xf3, 0xc0, 0x4e, 0x29, 0xe8, 0xba, 0xc8, 0x5f, 0x75, 0xe9, 0x74, 0x86, 0xfb, 0xab, 0x11, 0x3f, 0x82, 0x57, 0xe4, 0x98, 0xc9, 0xa5, 0xca, 0x83, 0xbb, 0xb7, 0x97, 0xd5, 0x8b, 0x5a, 0xcb, 0x4b, 0x29, 0xbf, 0x6a, 0xc2, 0x72, 0x91, 0x54, 0xcb, 0x4f, 0x6f, 0x76, 0xbf, 0x4f, 0xc0, 0x3a, 0x55, 0x7d, 0x3a, 0xf1, 0x4f, 0x0d, 0x8e, 0x68, 0x28, 0xa0, 0x00, 0x30, 0x0a, 0x06, 0x08, 0x2a, 0x86, 0x48, 0xce, 0x3d, 0x04, 0x03, 0x02, 0x03, 0x49, 0x00, 0x30, 0x46, 0x02, 0x21, 0x00, 0x8d, 0x4f, 0x9f, 0x94, 0x02, 0x86, 0xcf, 0x2a, 0xeb, 0xcc, 0x36, 0x8d, 0x3d, 0xa7, 0x07, 0x3c, 0x66, 0x06, 0x19, 0xba, 0xe2, 0xa2, 0x46, 0x60, 0x9a, 0x9c, 0xf6, 0xae, 0xd3, 0x27, 0x3b, 0xdb, 0x02, 0x21, 0x00, 0xea, 0xee, 0xbb, 0x59, 0x4a, 0xb1, 0x68, 0xf6, 0xd9, 0xb2, 0x1e, 0xf5, 0xb5, 0x24, 0x82, 0x92, 0x71, 0x3b, 0x2a, 0x2a, 0x43, 0x12, 0xc5, 0x0d, 0xab, 0x01, 0x25, 0xc7, 0x78, 0x3f, 0x75, 0x26, 0x30, 0x02, 0x20, 0x62, 0xa3, 0x0c, 0x5d, 0x80, 0x29, 0x6b, 0x4f, 0xb0, 0x89, 0x0a, 0x2c, 0x42, 0x43, 0x6c, 0xeb, 0xb4, 0x9b, 0x81, 0x41, 0x63, 0xc8, 0x1d, 0x26, 0xa6, 0x1a, 0xe0, 0x58, 0xe2, 0x74, 0x80, 0xb7, 0x18, [0m
[0;34m[1784654417.432] [4860:4862] [DMG] 					] (244 bytes)[0m
[0;34m[1784654417.432] [4860:4862] [DMG] 					0x1 = [[0m
[0;34m[1784654417.432] [4860:4862] [DMG] 							0x80, 0xc1, 0x74, 0xd3, 0x3a, 0x70, 0xde, 0x04, 0xf7, 0x25, 0x0f, 0x00, 0x3b, 0xd8, 0xc2, 0xa8, 0x57, 0xf2, 0xc2, 0xbd, 0x36, 0x96, 0x8f, 0x4e, 0xdd, 0x82, 0xbe, 0x4b, 0x6f, 0xe9, 0x14, 0xdd, 0x18, 0xcf, 0x91, 0x2b, 0x66, 0x5f, 0x06, 0xf0, 0x26, 0x95, 0xb7, 0x8f, 0xc5, 0x20, 0x0b, 0x52, 0xc5, 0xc0, 0xe5, 0xe7, 0x80, 0xdf, 0xaf, 0x40, 0x33, 0x46, 0xaa, 0x61, 0x53, 0xc7, 0xf2, 0x86, [0m
[0;34m[1784654417.432] [4860:4862] [DMG] 					] (64 bytes)[0m
[0;34m[1784654417.432] [4860:4862] [DMG] 				},[0m
[0;34m[1784654417.432] [4860:4862] [DMG] 			},[0m
[0;34m[1784654417.432] [4860:4862] [DMG] 			[0m
[0;34m[1784654417.432] [4860:4862] [DMG] 		},[0m
[0;34m[1784654417.432] [4860:4862] [DMG] 		[0m
[0;34m[1784654417.432] [4860:4862] [DMG] 	],[0m
[0;34m[1784654417.432] [4860:4862] [DMG] 	[0m
[0;34m[1784654417.432] [4860:4862] [DMG] 	InteractionModelRevision = 12[0m
[0;34m[1784654417.432] [4860:4862] [DMG] },[0m
[0;32m[1784654417.432] [4860:4862] [DMG] Received Command Response Data, Endpoint=0 Cluster=0x0000_003E Command=0x0000_0005[0m
[0;32m[1784654417.432] [4860:4862] [TOO] Endpoint: 0 Cluster: 0x0000_003E Command 0x0000_0005[0m
[0;32m[1784654417.432] [4860:4862] [TOO]   CSRResponse: {[0m
[0;32m[1784654417.432] [4860:4862] [TOO]     NOCSRElements: 153001CC3081C93070020100300E310C300A060355040A0C034353523059301306072A8648CE3D020106082A8648CE3D030107034200046FE9D4018B81A4A3F3C04E29E8BAC85F75E97486FBAB113F8257E498C9A5CA83BBB797D58B5ACB4B29BF6AC2729154CB4F6F76BF4FC03A557D3AF14F0D8E6828A000300A06082A8648CE3D04030203490030460221008D4F9F940286CF2AEBCC368D3DA7073C660619BAE2A246609A9CF6AED3273BDB022100EAEEBB594AB168F6D9B21EF5B5248292713B2A2A4312C50DAB0125C7783F752630022062A30C5D80296B4FB0890A2C42436CEBB49B814163C81D26A61AE058E27480B718[0m
[0;32m[1784654417.432] [4860:4862] [TOO]     attestationSignature: 80C174D33A70DE04F7250F003BD8C2A857F2C2BD36968F4EDD82BE4B6FE914DD18CF912B665F06F02695B78FC5200B52C5C0E5E780DFAF403346AA6153C7F286[0m
[0;32m[1784654417.432] [4860:4862] [TOO]    }[0m
[0;34m[1784654417.432] [4860:4862] [DMG] ICR moving to [AwaitingDe][0m
[0;32m[1784654417.432] [4860:4862] [EM] <<< [E:10157i S:6774 M:254547288 (Ack:162377992)] (S) Msg TX from 000000000001B669 to 1:0000000000000001 [927D] [UDP:[fe80::bfe:a203:38f0:bce7%enp0s3]:5540] --- Type 0000:10 (SecureChannel:StandaloneAck) (B:34)[0m
[0;34m[1784654417.432] [4860:4862] [EM] Flushed pending ack for MessageCounter:162377992 on exchange 10157i[0m
[0;34m[1784654417.433] [4860:4860] [CTL] Shutting down the commissioner[0m
[0;32m[1784654417.433] [4860:4860] [PAF] WiFiPAF: Closing all WiFiPAF sessions to shutdown[0m
[0;34m[1784654417.433] [4860:4860] [CTL] Shutting down the controller[0m
[0;34m[1784654417.433] [4860:4860] [IN] Expiring all sessions for fabric 0x1!![0m
[0;34m[1784654417.433] [4860:4860] [IN] SecureSession[0x7a78b4009cd0]: MarkForEviction Type:2 LSID:6774[0m
[0;32m[1784654417.433] [4860:4860] [SC] SecureSession[0x7a78b4009cd0, LSID:6774]: State change 'kActive' --> 'kPendingEviction'[0m
[0;34m[1784654417.433] [4860:4860] [IN] SecureSession[0x7a78b4009cd0]: Released - Type:2 LSID:6774[0m
[0;32m[1784654417.433] [4860:4860] [FP] Forgetting fabric 0x1[0m
[0;32m[1784654417.433] [4860:4860] [TS] Pending Last Known Good Time: 2023-10-14T01:16:48[0m
[0;32m[1784654417.433] [4860:4860] [TS] Previous Last Known Good Time: 2023-10-14T01:16:48[0m
[0;32m[1784654417.433] [4860:4860] [TS] Reverted Last Known Good Time to previous value[0m
[0;34m[1784654417.433] [4860:4860] [CTL] Shutting down the commissioner[0m
[0;32m[1784654417.433] [4860:4860] [PAF] WiFiPAF: Closing all WiFiPAF sessions to shutdown[0m
[0;34m[1784654417.433] [4860:4860] [CTL] Shutting down the controller[0m
[0;34m[1784654417.433] [4860:4860] [CTL] Shutting down the System State, this will teardown the CHIP Stack[0m
[0;34m[1784654417.433] [4860:4860] [DMG] All ReadHandler-s are clean, clear GlobalDirtySet[0m
[0;32m[1784654417.433] [4860:4860] [FP] Shutting down FabricTable[0m
[0;32m[1784654417.433] [4860:4860] [TS] Pending Last Known Good Time: 2023-10-14T01:16:48[0m
[0;32m[1784654417.433] [4860:4860] [TS] Previous Last Known Good Time: 2023-10-14T01:16:48[0m
[0;32m[1784654417.433] [4860:4860] [TS] Reverted Last Known Good Time to previous value[0m
[0;34m[1784654417.435] [4860:4860] [DL] Wrote settings to /tmp/chip_counters.ini[0m
[0;32m[1784654417.435] [4860:4860] [DL] NVS set: chip-counters/total-operational-hours = 0 (0x0)[0m
[0;32m[1784654417.435] [4860:4860] [DL] Inet Layer shutdown[0m
[0;32m[1784654417.435] [4860:4860] [DL] BLE Layer shutdown[0m
[0;32m[1784654417.435] [4860:4860] [DL] WiFi-PAF Layer shutdown[0m
[0;32m[1784654417.435] [4860:4860] [PAF] WiFiPAF: Closing all WiFiPAF sessions to shutdown[0m
[0;32m[1784654417.435] [4860:4860] [DL] System Layer shutdown[0m
