[0;34m[1784654417.835] [4873:4873] [DL] ChipLinuxStorage::Init: Using KVS config file: /tmp/chip_tool_kvs[0m
[1;31m[1784654417.837] [4873:4873] [DL] ChipLinuxStorage::Init: Attempt to re-initialize with KVS config file: /tmp/chip_kvs, IGNORING.[0m
[0;34m[1784654417.839] [4873:4873] [DL] ChipLinuxStorage::Init: Using KVS config file: /tmp/chip_factory.ini[0m
[0;34m[1784654417.839] [4873:4873] [DL] ChipLinuxStorage::Init: Using KVS config file: /tmp/chip_config.ini[0m
[0;34m[1784654417.839] [4873:4873] [DL] ChipLinuxStorage::Init: Using KVS config file: /tmp/chip_counters.ini[0m
[0;34m[1784654417.843] [4873:4873] [DL] Wrote settings to /tmp/chip_counters.ini[0m
[0;32m[1784654417.843] [4873:4873] [DL] NVS set: chip-counters/reboot-count = 6 (0x6)[0m
[0;32m[1784654417.843] [4873:4873] [DL] Got Ethernet interface: enp0s3[0m
[0;32m[1784654417.843] [4873:4873] [DL] Found the primary Ethernet interface:enp0s3[0m
[1;31m[1784654417.843] [4873:4873] [DL] Failed to get WiFi interface[0m
[1;31m[1784654417.843] [4873:4873] [DL] Failed to reset WiFi statistic counts[0m
[0;32m[1784654417.843] [4873:4873] [PAF] WiFiPAF: WiFiPAFLayer::Init()[0m
[0;34m[1784654417.843] [4873:4873] [IN] UDP::Init bind&listen port=0[0m
[0;34m[1784654417.843] [4873:4873] [IN] UDP::Init bound to port=59485[0m
[0;34m[1784654417.843] [4873:4873] [IN] UDP::Init bind&listen port=0[0m
[0;34m[1784654417.843] [4873:4873] [IN] UDP::Init bound to port=58864[0m
[0;34m[1784654417.843] [4873:4873] [IN] BLEBase::Init - setting/overriding transport[0m
[0;34m[1784654417.843] [4873:4873] [IN] WiFiPAFBase::Init - setting/overriding transport[0m
[0;34m[1784654417.843] [4873:4873] [IN] TransportMgr initialized[0m
[0;34m[1784654417.843] [4873:4873] [FP] Initializing FabricTable from persistent storage[0m
[0;32m[1784654417.843] [4873:4873] [TS] Last Known Good Time: 2023-10-14T01:16:48[0m
[0;32m[1784654417.843] [4873:4873] [FP] Fabric index 0x1 was retrieved from storage. Compressed FabricId 0x250C7C11D254927D, FabricId 0x0000000000000001, NodeId 0x000000000001B669, VendorId 0xFFF1[0m
[0;32m[1784654417.844] [4873:4873] [DMG] Ember attribute persistence requires setting up[0m
[0;32m[1784654417.844] [4873:4873] [ZCL] Using ZAP configuration...[0m
[0;34m[1784654417.844] [4873:4873] [CTL] System State Initialized...[0m
[0;32m[1784654417.844] [4873:4873] [CTL] Setting attestation nonce to random value[0m
[0;32m[1784654417.844] [4873:4873] [CTL] Setting CSR nonce to random value[0m
[0;34m[1784654417.845] [4873:4875] [DL] CHIP task running[0m
[0;32m[1784654417.845] [4873:4875] [CTL] Setting attestation nonce to random value[0m
[0;32m[1784654417.845] [4873:4875] [CTL] Setting CSR nonce to random value[0m
[0;32m[1784654417.845] [4873:4875] [CTL] Generating NOC[0m
[0;32m[1784654417.845] [4873:4875] [FP] Validating NOC chain[0m
[0;32m[1784654417.845] [4873:4875] [FP] NOC chain validation successful[0m
[0;32m[1784654417.845] [4873:4875] [FP] Updated fabric at index: 0x1, Node ID: 0x000000000001B669[0m
[0;32m[1784654417.845] [4873:4875] [TS] Last Known Good Time: 2023-10-14T01:16:48[0m
[0;32m[1784654417.845] [4873:4875] [TS] New proposed Last Known Good Time: 2021-01-01T00:00:00[0m
[0;32m[1784654417.845] [4873:4875] [TS] Retaining current Last Known Good Time[0m
[0;32m[1784654417.847] [4873:4875] [FP] Metadata for Fabric 0x1 persisted to storage.[0m
[0;32m[1784654417.847] [4873:4875] [TS] Committing Last Known Good Time to storage: 2023-10-14T01:16:48[0m
[0;32m[1784654417.848] [4873:4875] [CTL] Joined the fabric at index 1. Fabric ID is 0x0000000000000001 (Compressed Fabric ID: 250C7C11D254927D)[0m
[0;32m[1784654417.852] [4873:4875] [TOO] Sending command to node 0x1[0m
[0;34m[1784654417.852] [4873:4875] [CSM] FindOrEstablishSession: PeerId = [1:0000000000000001][0m
[0;34m[1784654417.852] [4873:4875] [CSM] FindOrEstablishSession: No existing OperationalSessionSetup instance found[0m
[0;34m[1784654417.852] [4873:4875] [DIS] OperationalSessionSetup[1:0000000000000001]: State change 1 --> 2[0m
[0;32m[1784654417.852] [4873:4875] [DIS] Lookup started for 250C7C11D254927D-0000000000000001[0m
[0;32m[1784654417.853] [4873:4875] [DIS] UDP:[fe80::bfe:a203:38f0:bce7%enp0s3]:5540: new best score: 7 (for 250C7C11D254927D-0000000000000001)[0m
[0;34m[1784654417.853] [4873:4875] [DIS] Lookup clearing interface for non LL address[0m
[0;32m[1784654417.853] [4873:4875] [DIS] UDP:10.0.2.15%enp0s3:5540: new best score: 2 (for 250C7C11D254927D-0000000000000001)[0m
[0;32m[1784654417.853] [4873:4875] [DIS] Checking node lookup status for 250C7C11D254927D-0000000000000001 after 1 ms[0m
[0;32m[1784654417.853] [4873:4875] [DIS] Keeping DNSSD lookup active[0m
[0;32m[1784654417.853] [4873:4875] [DIS] UDP:[fe80::bfe:a203:38f0:bce7%enp0s3]:5540: score has not improved: 7 (for 250C7C11D254927D-0000000000000001)[0m
[0;34m[1784654417.853] [4873:4875] [DIS] Lookup clearing interface for non LL address[0m
[0;32m[1784654417.853] [4873:4875] [DIS] UDP:10.0.2.15%enp0s3:5540: score has not improved: 2 (for 250C7C11D254927D-0000000000000001)[0m
[0;32m[1784654417.853] [4873:4875] [DIS] Checking node lookup status for 250C7C11D254927D-0000000000000001 after 1 ms[0m
[0;32m[1784654417.853] [4873:4875] [DIS] Keeping DNSSD lookup active[0m
[0;32m[1784654418.052] [4873:4875] [DIS] Checking node lookup status for 250C7C11D254927D-0000000000000001 after 200 ms[0m
[0;34m[1784654418.052] [4873:4875] [DIS] OperationalSessionSetup[1:0000000000000001]: Updating device address to UDP:[fe80::bfe:a203:38f0:bce7%enp0s3]:5540 while in state 2[0m
[0;34m[1784654418.052] [4873:4875] [DIS] OperationalSessionSetup[1:0000000000000001]: State change 2 --> 3[0m
[0;34m[1784654418.052] [4873:4875] [IN] SecureSession[0x7861f4009cd0]: Allocated Type:2 LSID:23422[0m
[0;32m[1784654418.052] [4873:4875] [SC] Initiating session on local FabricIndex 1 from 0x000000000001B669 -> 0x0000000000000001[0m
[0;32m[1784654418.053] [4873:4875] [EM] <<< [E:38422i S:0 M:171317025] (U) Msg TX from C4BB9C88CE329BE9 to 0:0000000000000000 [0000] [UDP:[fe80::bfe:a203:38f0:bce7%enp0s3]:5540] --- Type 0000:30 (SecureChannel:CASE_Sigma1) (B:196)[0m
[0;32m[1784654418.053] [4873:4875] [EM] ??1 [E:38422i S:0 M:171317025] (U) Msg Retransmission to 0:0000000000000000 scheduled for 611ms from now [State:Idle II:500 AI:300 AT:4000][0m
[0;32m[1784654418.053] [4873:4875] [SC] Sent Sigma1 msg to <0000000000000001, 1> [II:500ms AI:300ms AT:4000ms][0m
[0;34m[1784654418.053] [4873:4875] [DIS] OperationalSessionSetup[1:0000000000000001]: State change 3 --> 4[0m
[0;32m[1784654418.055] [4873:4875] [EM] >>> [E:38422i S:0 M:138021994 (Ack:171317025)] (U) Msg RX from 0:0000000000000000 [0000] to C4BB9C88CE329BE9 --- Type 0000:31 (SecureChannel:CASE_Sigma2) (B:751)[0m
[0;34m[1784654418.055] [4873:4875] [EM] Found matching exchange: 38422i, Delegate: 0x7861f400b8e8[0m
[0;34m[1784654418.055] [4873:4875] [EM] Rxd Ack; Removing MessageCounter:171317025 from Retrans Table on exchange 38422i[0m
[0;32m[1784654418.055] [4873:4875] [SC] Received Sigma2 msg[0m
[0;34m[1784654418.055] [4873:4875] [SC] Found MRP parameters in the message[0m
[0;34m[1784654418.055] [4873:4875] [SC] Peer <0000000000000001, 1> assigned session ID 32954[0m
[0;34m[1784654418.056] [4873:4875] [SC] Sending Sigma3[0m
[0;32m[1784654418.056] [4873:4875] [EM] <<< [E:38422i S:0 M:171317026 (Ack:138021994)] (U) Msg TX from C4BB9C88CE329BE9 to 0:0000000000000000 [0000] [UDP:[fe80::bfe:a203:38f0:bce7%enp0s3]:5540] --- Type 0000:32 (SecureChannel:CASE_Sigma3) (B:598)[0m
[0;32m[1784654418.056] [4873:4875] [EM] ??1 [E:38422i S:0 M:171317026] (U) Msg Retransmission to 0:0000000000000000 scheduled for 407ms from now [State:Active II:500 AI:300 AT:4000][0m
[0;32m[1784654418.056] [4873:4875] [SC] Sent Sigma3 msg[0m
[0;32m[1784654418.067] [4873:4875] [EM] >>> [E:38422i S:0 M:138021995 (Ack:171317026)] (U) Msg RX from 0:0000000000000000 [0000] to C4BB9C88CE329BE9 --- Type 0000:40 (SecureChannel:StatusReport) (B:34)[0m
[0;34m[1784654418.067] [4873:4875] [EM] Found matching exchange: 38422i, Delegate: 0x7861f400b8e8[0m
[0;34m[1784654418.067] [4873:4875] [EM] Rxd Ack; Removing MessageCounter:171317026 from Retrans Table on exchange 38422i[0m
[0;32m[1784654418.067] [4873:4875] [SC] Success status report received. Session was established[0m
[0;32m[1784654418.068] [4873:4875] [SC] SecureSession[0x7861f4009cd0, LSID:23422]: State change 'kEstablishing' --> 'kActive'[0m
[0;34m[1784654418.068] [4873:4875] [IN] SecureSession[0x7861f4009cd0]: Activated - Type:2 LSID:23422[0m
[0;34m[1784654418.068] [4873:4875] [IN] New secure session activated for device <0000000000000001, 1>, LSID:23422 PSID:32954![0m
[0;34m[1784654418.068] [4873:4875] [DIS] OperationalSessionSetup[1:0000000000000001]: State change 4 --> 5[0m
[0;32m[1784654418.068] [4873:4875] [TOO] Sending cluster (0x0000003E) command (0x00000007) on endpoint 0[0m
[0;34m[1784654418.068] [4873:4875] [DMG] ICR moving to [AddingComm][0m
[0;34m[1784654418.068] [4873:4875] [DMG] ICR moving to [AddedComma][0m
[0;32m[1784654418.068] [4873:4875] [EM] <<< [E:38423i S:23422 M:193321694] (S) Msg TX from 000000000001B669 to 1:0000000000000001 [927D] [UDP:[fe80::bfe:a203:38f0:bce7%enp0s3]:5540] --- Type 0001:08 (IM:InvokeCommandRequest) (B:330)[0m
[0;32m[1784654418.068] [4873:4875] [EM] ??1 [E:38423i S:23422 M:193321694] (S) Msg Retransmission to 1:0000000000000001 scheduled for 349ms from now [State:Active II:500 AI:300 AT:4000][0m
[0;34m[1784654418.068] [4873:4875] [DMG] ICR moving to [AwaitingRe][0m
[0;32m[1784654418.068] [4873:4875] [EM] <<< [E:38422i S:0 M:171317027 (Ack:138021995)] (U) Msg TX from C4BB9C88CE329BE9 to 0:0000000000000000 [0000] [UDP:[fe80::bfe:a203:38f0:bce7%enp0s3]:5540] --- Type 0000:10 (SecureChannel:StandaloneAck) (B:26)[0m
[0;34m[1784654418.068] [4873:4875] [EM] Flushed pending ack for MessageCounter:138021995 on exchange 38422i[0m
[0;32m[1784654418.078] [4873:4875] [EM] >>> [E:38423i S:23422 M:231381249 (Ack:193321694)] (S) Msg RX from 1:0000000000000001 [927D] to 000000000001B669 --- Type 0001:09 (IM:InvokeCommandResponse) (B:70)[0m
[0;34m[1784654418.078] [4873:4875] [EM] Found matching exchange: 38423i, Delegate: 0x7861f400eef8[0m
[0;34m[1784654418.078] [4873:4875] [EM] Rxd Ack; Removing MessageCounter:193321694 from Retrans Table on exchange 38423i[0m
[0;34m[1784654418.078] [4873:4875] [DMG] ICR moving to [ResponseRe][0m
[0;34m[1784654418.078] [4873:4875] [DMG] InvokeResponseMessage =[0m
[0;34m[1784654418.078] [4873:4875] [DMG] {[0m
[0;34m[1784654418.078] [4873:4875] [DMG] 	suppressResponse = false, [0m
[0;34m[1784654418.078] [4873:4875] [DMG] 	InvokeResponseIBs =[0m
[0;34m[1784654418.078] [4873:4875] [DMG] 	[[0m
[0;34m[1784654418.078] [4873:4875] [DMG] 		InvokeResponseIB =[0m
[0;34m[1784654418.078] [4873:4875] [DMG] 		{[0m
[0;34m[1784654418.078] [4873:4875] [DMG] 			CommandDataIB =[0m
[0;34m[1784654418.078] [4873:4875] [DMG] 			{[0m
[0;34m[1784654418.078] [4873:4875] [DMG] 				CommandPathIB =[0m
[0;34m[1784654418.078] [4873:4875] [DMG] 				{[0m
[0;34m[1784654418.078] [4873:4875] [DMG] 					EndpointId = 0x0,[0m
[0;34m[1784654418.078] [4873:4875] [DMG] 					ClusterId = 0x3e,[0m
[0;34m[1784654418.078] [4873:4875] [DMG] 					CommandId = 0x8,[0m
[0;34m[1784654418.078] [4873:4875] [DMG] 				},[0m
[0;34m[1784654418.078] [4873:4875] [DMG] 				[0m
[0;34m[1784654418.078] [4873:4875] [DMG] 				CommandFields = [0m
[0;34m[1784654418.078] [4873:4875] [DMG] 				{[0m
[0;34m[1784654418.078] [4873:4875] [DMG] 					0x0 = 0 (unsigned), [0m
[0;34m[1784654418.078] [4873:4875] [DMG] 					0x1 = 1 (unsigned), [0m
[0;34m[1784654418.078] [4873:4875] [DMG] 				},[0m
[0;34m[1784654418.078] [4873:4875] [DMG] 			},[0m
[0;34m[1784654418.078] [4873:4875] [DMG] 			[0m
[0;34m[1784654418.078] [4873:4875] [DMG] 		},[0m
[0;34m[1784654418.078] [4873:4875] [DMG] 		[0m
[0;34m[1784654418.078] [4873:4875] [DMG] 	],[0m
[0;34m[1784654418.078] [4873:4875] [DMG] 	[0m
[0;34m[1784654418.078] [4873:4875] [DMG] 	InteractionModelRevision = 12[0m
[0;34m[1784654418.078] [4873:4875] [DMG] },[0m
[0;32m[1784654418.078] [4873:4875] [DMG] Received Command Response Data, Endpoint=0 Cluster=0x0000_003E Command=0x0000_0008[0m
[0;32m[1784654418.078] [4873:4875] [TOO] Endpoint: 0 Cluster: 0x0000_003E Command 0x0000_0008[0m
[0;32m[1784654418.078] [4873:4875] [TOO]   NOCResponse: {[0m
[0;32m[1784654418.078] [4873:4875] [TOO]     statusCode: 0[0m
[0;32m[1784654418.078] [4873:4875] [TOO]     fabricIndex: 1[0m
[0;32m[1784654418.078] [4873:4875] [TOO]    }[0m
[0;34m[1784654418.078] [4873:4875] [DMG] ICR moving to [AwaitingDe][0m
[0;32m[1784654418.078] [4873:4875] [EM] <<< [E:38423i S:23422 M:193321695 (Ack:231381249)] (S) Msg TX from 000000000001B669 to 1:0000000000000001 [927D] [UDP:[fe80::bfe:a203:38f0:bce7%enp0s3]:5540] --- Type 0000:10 (SecureChannel:StandaloneAck) (B:34)[0m
[0;34m[1784654418.078] [4873:4875] [EM] Flushed pending ack for MessageCounter:231381249 on exchange 38423i[0m
[0;34m[1784654418.079] [4873:4873] [CTL] Shutting down the commissioner[0m
[0;32m[1784654418.079] [4873:4873] [PAF] WiFiPAF: Closing all WiFiPAF sessions to shutdown[0m
[0;34m[1784654418.079] [4873:4873] [CTL] Shutting down the controller[0m
[0;34m[1784654418.079] [4873:4873] [IN] Expiring all sessions for fabric 0x1!![0m
[0;34m[1784654418.079] [4873:4873] [IN] SecureSession[0x7861f4009cd0]: MarkForEviction Type:2 LSID:23422[0m
[0;32m[1784654418.079] [4873:4873] [SC] SecureSession[0x7861f4009cd0, LSID:23422]: State change 'kActive' --> 'kPendingEviction'[0m
[0;34m[1784654418.079] [4873:4873] [IN] SecureSession[0x7861f4009cd0]: Released - Type:2 LSID:23422[0m
[0;32m[1784654418.079] [4873:4873] [FP] Forgetting fabric 0x1[0m
[0;32m[1784654418.079] [4873:4873] [TS] Pending Last Known Good Time: 2023-10-14T01:16:48[0m
[0;32m[1784654418.079] [4873:4873] [TS] Previous Last Known Good Time: 2023-10-14T01:16:48[0m
[0;32m[1784654418.079] [4873:4873] [TS] Reverted Last Known Good Time to previous value[0m
[0;34m[1784654418.079] [4873:4873] [CTL] Shutting down the commissioner[0m
[0;32m[1784654418.079] [4873:4873] [PAF] WiFiPAF: Closing all WiFiPAF sessions to shutdown[0m
[0;34m[1784654418.079] [4873:4873] [CTL] Shutting down the controller[0m
[0;34m[1784654418.079] [4873:4873] [CTL] Shutting down the System State, this will teardown the CHIP Stack[0m
[0;34m[1784654418.079] [4873:4873] [DMG] All ReadHandler-s are clean, clear GlobalDirtySet[0m
[0;32m[1784654418.079] [4873:4873] [FP] Shutting down FabricTable[0m
[0;32m[1784654418.079] [4873:4873] [TS] Pending Last Known Good Time: 2023-10-14T01:16:48[0m
[0;32m[1784654418.079] [4873:4873] [TS] Previous Last Known Good Time: 2023-10-14T01:16:48[0m
[0;32m[1784654418.079] [4873:4873] [TS] Reverted Last Known Good Time to previous value[0m
[0;34m[1784654418.081] [4873:4873] [DL] Wrote settings to /tmp/chip_counters.ini[0m
[0;32m[1784654418.081] [4873:4873] [DL] NVS set: chip-counters/total-operational-hours = 0 (0x0)[0m
[0;32m[1784654418.081] [4873:4873] [DL] Inet Layer shutdown[0m
[0;32m[1784654418.081] [4873:4873] [DL] BLE Layer shutdown[0m
[0;32m[1784654418.081] [4873:4873] [DL] WiFi-PAF Layer shutdown[0m
[0;32m[1784654418.081] [4873:4873] [PAF] WiFiPAF: Closing all WiFiPAF sessions to shutdown[0m
[0;32m[1784654418.081] [4873:4873] [DL] System Layer shutdown[0m
