[0;34m[1784656502.746] [11571:11571] [DL] ChipLinuxStorage::Init: Using KVS config file: /tmp/chip_tool_kvs[0m
[1;31m[1784656502.747] [11571:11571] [DL] ChipLinuxStorage::Init: Attempt to re-initialize with KVS config file: /tmp/chip_kvs, IGNORING.[0m
[0;34m[1784656502.748] [11571:11571] [DL] ChipLinuxStorage::Init: Using KVS config file: /tmp/chip_factory.ini[0m
[0;34m[1784656502.748] [11571:11571] [DL] ChipLinuxStorage::Init: Using KVS config file: /tmp/chip_config.ini[0m
[0;34m[1784656502.748] [11571:11571] [DL] ChipLinuxStorage::Init: Using KVS config file: /tmp/chip_counters.ini[0m
[0;34m[1784656502.751] [11571:11571] [DL] Wrote settings to /tmp/chip_counters.ini[0m
[0;32m[1784656502.751] [11571:11571] [DL] NVS set: chip-counters/reboot-count = 4 (0x4)[0m
[0;32m[1784656502.751] [11571:11571] [DL] Got Ethernet interface: enp0s3[0m
[0;32m[1784656502.751] [11571:11571] [DL] Found the primary Ethernet interface:enp0s3[0m
[1;31m[1784656502.752] [11571:11571] [DL] Failed to get WiFi interface[0m
[1;31m[1784656502.752] [11571:11571] [DL] Failed to reset WiFi statistic counts[0m
[0;32m[1784656502.752] [11571:11571] [PAF] WiFiPAF: WiFiPAFLayer::Init()[0m
[0;34m[1784656502.752] [11571:11571] [IN] UDP::Init bind&listen port=0[0m
[0;34m[1784656502.752] [11571:11571] [IN] UDP::Init bound to port=41134[0m
[0;34m[1784656502.752] [11571:11571] [IN] UDP::Init bind&listen port=0[0m
[0;34m[1784656502.752] [11571:11571] [IN] UDP::Init bound to port=56072[0m
[0;34m[1784656502.752] [11571:11571] [IN] BLEBase::Init - setting/overriding transport[0m
[0;34m[1784656502.752] [11571:11571] [IN] WiFiPAFBase::Init - setting/overriding transport[0m
[0;34m[1784656502.752] [11571:11571] [IN] TransportMgr initialized[0m
[0;34m[1784656502.752] [11571:11571] [FP] Initializing FabricTable from persistent storage[0m
[0;32m[1784656502.752] [11571:11571] [TS] Last Known Good Time: 2023-10-14T01:16:48[0m
[0;32m[1784656502.752] [11571:11571] [FP] Fabric index 0x1 was retrieved from storage. Compressed FabricId 0xB64B505C5D1130F4, FabricId 0x0000000000000001, NodeId 0x000000000001B669, VendorId 0xFFF1[0m
[0;32m[1784656502.753] [11571:11571] [DMG] Ember attribute persistence requires setting up[0m
[0;32m[1784656502.753] [11571:11571] [ZCL] Using ZAP configuration...[0m
[0;34m[1784656502.753] [11571:11571] [CTL] System State Initialized...[0m
[0;32m[1784656502.753] [11571:11571] [CTL] Setting attestation nonce to random value[0m
[0;32m[1784656502.753] [11571:11571] [CTL] Setting CSR nonce to random value[0m
[0;34m[1784656502.753] [11571:11573] [DL] CHIP task running[0m
[0;32m[1784656502.753] [11571:11573] [CTL] Setting attestation nonce to random value[0m
[0;32m[1784656502.753] [11571:11573] [CTL] Setting CSR nonce to random value[0m
[0;32m[1784656502.754] [11571:11573] [CTL] Generating NOC[0m
[0;32m[1784656502.754] [11571:11573] [FP] Validating NOC chain[0m
[0;32m[1784656502.754] [11571:11573] [FP] NOC chain validation successful[0m
[0;32m[1784656502.754] [11571:11573] [FP] Updated fabric at index: 0x1, Node ID: 0x000000000001B669[0m
[0;32m[1784656502.754] [11571:11573] [TS] Last Known Good Time: 2023-10-14T01:16:48[0m
[0;32m[1784656502.754] [11571:11573] [TS] New proposed Last Known Good Time: 2021-01-01T00:00:00[0m
[0;32m[1784656502.754] [11571:11573] [TS] Retaining current Last Known Good Time[0m
[0;32m[1784656502.755] [11571:11573] [FP] Metadata for Fabric 0x1 persisted to storage.[0m
[0;32m[1784656502.756] [11571:11573] [TS] Committing Last Known Good Time to storage: 2023-10-14T01:16:48[0m
[0;32m[1784656502.757] [11571:11573] [CTL] Joined the fabric at index 1. Fabric ID is 0x0000000000000001 (Compressed Fabric ID: B64B505C5D1130F4)[0m
[0;32m[1784656502.761] [11571:11573] [TOO] Sending command to node 0x1[0m
[0;34m[1784656502.762] [11571:11573] [CSM] FindOrEstablishSession: PeerId = [1:0000000000000001][0m
[0;34m[1784656502.762] [11571:11573] [CSM] FindOrEstablishSession: No existing OperationalSessionSetup instance found[0m
[0;34m[1784656502.762] [11571:11573] [DIS] OperationalSessionSetup[1:0000000000000001]: State change 1 --> 2[0m
[0;32m[1784656502.763] [11571:11573] [DIS] Lookup started for B64B505C5D1130F4-0000000000000001[0m
[0;32m[1784656502.763] [11571:11573] [DIS] UDP:[fe80::bfe:a203:38f0:bce7%enp0s3]:5540: new best score: 7 (for B64B505C5D1130F4-0000000000000001)[0m
[0;34m[1784656502.763] [11571:11573] [DIS] Lookup clearing interface for non LL address[0m
[0;32m[1784656502.763] [11571:11573] [DIS] UDP:10.0.2.15%enp0s3:5540: new best score: 2 (for B64B505C5D1130F4-0000000000000001)[0m
[0;32m[1784656502.763] [11571:11573] [DIS] Checking node lookup status for B64B505C5D1130F4-0000000000000001 after 1 ms[0m
[0;32m[1784656502.763] [11571:11573] [DIS] Keeping DNSSD lookup active[0m
[0;32m[1784656502.763] [11571:11573] [DIS] UDP:[fe80::bfe:a203:38f0:bce7%enp0s3]:5540: score has not improved: 7 (for B64B505C5D1130F4-0000000000000001)[0m
[0;34m[1784656502.763] [11571:11573] [DIS] Lookup clearing interface for non LL address[0m
[0;32m[1784656502.763] [11571:11573] [DIS] UDP:10.0.2.15%enp0s3:5540: score has not improved: 2 (for B64B505C5D1130F4-0000000000000001)[0m
[0;32m[1784656502.763] [11571:11573] [DIS] Checking node lookup status for B64B505C5D1130F4-0000000000000001 after 1 ms[0m
[0;32m[1784656502.763] [11571:11573] [DIS] Keeping DNSSD lookup active[0m
[0;32m[1784656502.962] [11571:11573] [DIS] Checking node lookup status for B64B505C5D1130F4-0000000000000001 after 201 ms[0m
[0;34m[1784656502.962] [11571:11573] [DIS] OperationalSessionSetup[1:0000000000000001]: Updating device address to UDP:[fe80::bfe:a203:38f0:bce7%enp0s3]:5540 while in state 2[0m
[0;34m[1784656502.962] [11571:11573] [DIS] OperationalSessionSetup[1:0000000000000001]: State change 2 --> 3[0m
[0;34m[1784656502.963] [11571:11573] [IN] SecureSession[0x732f7c009cd0]: Allocated Type:2 LSID:53102[0m
[0;32m[1784656502.963] [11571:11573] [SC] Initiating session on local FabricIndex 1 from 0x000000000001B669 -> 0x0000000000000001[0m
[0;32m[1784656502.963] [11571:11573] [EM] <<< [E:6859i S:0 M:167176242] (U) Msg TX from 41C8BB5885F11056 to 0:0000000000000000 [0000] [UDP:[fe80::bfe:a203:38f0:bce7%enp0s3]:5540] --- Type 0000:30 (SecureChannel:CASE_Sigma1) (B:196)[0m
[0;32m[1784656502.963] [11571:11573] [EM] ??1 [E:6859i S:0 M:167176242] (U) Msg Retransmission to 0:0000000000000000 scheduled for 665ms from now [State:Idle II:500 AI:300 AT:4000][0m
[0;32m[1784656502.963] [11571:11573] [SC] Sent Sigma1 msg to <0000000000000001, 1> [II:500ms AI:300ms AT:4000ms][0m
[0;34m[1784656502.963] [11571:11573] [DIS] OperationalSessionSetup[1:0000000000000001]: State change 3 --> 4[0m
[0;32m[1784656502.965] [11571:11573] [EM] >>> [E:6859i S:0 M:97834412 (Ack:167176242)] (U) Msg RX from 0:0000000000000000 [0000] to 41C8BB5885F11056 --- Type 0000:31 (SecureChannel:CASE_Sigma2) (B:751)[0m
[0;34m[1784656502.965] [11571:11573] [EM] Found matching exchange: 6859i, Delegate: 0x732f7c00b8e8[0m
[0;34m[1784656502.965] [11571:11573] [EM] Rxd Ack; Removing MessageCounter:167176242 from Retrans Table on exchange 6859i[0m
[0;32m[1784656502.965] [11571:11573] [SC] Received Sigma2 msg[0m
[0;34m[1784656502.965] [11571:11573] [SC] Found MRP parameters in the message[0m
[0;34m[1784656502.966] [11571:11573] [SC] Peer <0000000000000001, 1> assigned session ID 1275[0m
[0;34m[1784656502.966] [11571:11573] [SC] Sending Sigma3[0m
[0;32m[1784656502.966] [11571:11573] [EM] <<< [E:6859i S:0 M:167176243 (Ack:97834412)] (U) Msg TX from 41C8BB5885F11056 to 0:0000000000000000 [0000] [UDP:[fe80::bfe:a203:38f0:bce7%enp0s3]:5540] --- Type 0000:32 (SecureChannel:CASE_Sigma3) (B:598)[0m
[0;32m[1784656502.966] [11571:11573] [EM] ??1 [E:6859i S:0 M:167176243] (U) Msg Retransmission to 0:0000000000000000 scheduled for 330ms from now [State:Active II:500 AI:300 AT:4000][0m
[0;32m[1784656502.966] [11571:11573] [SC] Sent Sigma3 msg[0m
[0;32m[1784656502.977] [11571:11573] [EM] >>> [E:6859i S:0 M:97834413 (Ack:167176243)] (U) Msg RX from 0:0000000000000000 [0000] to 41C8BB5885F11056 --- Type 0000:40 (SecureChannel:StatusReport) (B:34)[0m
[0;34m[1784656502.977] [11571:11573] [EM] Found matching exchange: 6859i, Delegate: 0x732f7c00b8e8[0m
[0;34m[1784656502.977] [11571:11573] [EM] Rxd Ack; Removing MessageCounter:167176243 from Retrans Table on exchange 6859i[0m
[0;32m[1784656502.977] [11571:11573] [SC] Success status report received. Session was established[0m
[0;32m[1784656502.977] [11571:11573] [SC] SecureSession[0x732f7c009cd0, LSID:53102]: State change 'kEstablishing' --> 'kActive'[0m
[0;34m[1784656502.977] [11571:11573] [IN] SecureSession[0x732f7c009cd0]: Activated - Type:2 LSID:53102[0m
[0;34m[1784656502.977] [11571:11573] [IN] New secure session activated for device <0000000000000001, 1>, LSID:53102 PSID:1275![0m
[0;34m[1784656502.978] [11571:11573] [DIS] OperationalSessionSetup[1:0000000000000001]: State change 4 --> 5[0m
[0;32m[1784656502.978] [11571:11573] [TOO] Sending cluster (0x0000003E) command (0x00000004) on endpoint 0[0m
[0;34m[1784656502.978] [11571:11573] [DMG] ICR moving to [AddingComm][0m
[0;34m[1784656502.978] [11571:11573] [DMG] ICR moving to [AddedComma][0m
[0;32m[1784656502.978] [11571:11573] [EM] <<< [E:6860i S:53102 M:222030119] (S) Msg TX from 000000000001B669 to 1:0000000000000001 [30F4] [UDP:[fe80::bfe:a203:38f0:bce7%enp0s3]:5540] --- Type 0001:08 (IM:InvokeCommandRequest) (B:96)[0m
[0;32m[1784656502.978] [11571:11573] [EM] ??1 [E:6860i S:53102 M:222030119] (S) Msg Retransmission to 1:0000000000000001 scheduled for 356ms from now [State:Active II:500 AI:300 AT:4000][0m
[0;34m[1784656502.978] [11571:11573] [DMG] ICR moving to [AwaitingRe][0m
[0;32m[1784656502.978] [11571:11573] [EM] <<< [E:6859i S:0 M:167176244 (Ack:97834413)] (U) Msg TX from 41C8BB5885F11056 to 0:0000000000000000 [0000] [UDP:[fe80::bfe:a203:38f0:bce7%enp0s3]:5540] --- Type 0000:10 (SecureChannel:StandaloneAck) (B:26)[0m
[0;34m[1784656502.978] [11571:11573] [EM] Flushed pending ack for MessageCounter:97834413 on exchange 6859i[0m
[0;32m[1784656502.979] [11571:11573] [EM] >>> [E:6860i S:53102 M:22179358 (Ack:222030119)] (S) Msg RX from 1:0000000000000001 [30F4] to 000000000001B669 --- Type 0001:09 (IM:InvokeCommandResponse) (B:378)[0m
[0;34m[1784656502.979] [11571:11573] [EM] Found matching exchange: 6860i, Delegate: 0x732f7c00eef8[0m
[0;34m[1784656502.979] [11571:11573] [EM] Rxd Ack; Removing MessageCounter:222030119 from Retrans Table on exchange 6860i[0m
[0;34m[1784656502.979] [11571:11573] [DMG] ICR moving to [ResponseRe][0m
[0;34m[1784656502.979] [11571:11573] [DMG] InvokeResponseMessage =[0m
[0;34m[1784656502.979] [11571:11573] [DMG] {[0m
[0;34m[1784656502.979] [11571:11573] [DMG] 	suppressResponse = false, [0m
[0;34m[1784656502.979] [11571:11573] [DMG] 	InvokeResponseIBs =[0m
[0;34m[1784656502.979] [11571:11573] [DMG] 	[[0m
[0;34m[1784656502.979] [11571:11573] [DMG] 		InvokeResponseIB =[0m
[0;34m[1784656502.979] [11571:11573] [DMG] 		{[0m
[0;34m[1784656502.979] [11571:11573] [DMG] 			CommandDataIB =[0m
[0;34m[1784656502.979] [11571:11573] [DMG] 			{[0m
[0;34m[1784656502.979] [11571:11573] [DMG] 				CommandPathIB =[0m
[0;34m[1784656502.979] [11571:11573] [DMG] 				{[0m
[0;34m[1784656502.979] [11571:11573] [DMG] 					EndpointId = 0x0,[0m
[0;34m[1784656502.979] [11571:11573] [DMG] 					ClusterId = 0x3e,[0m
[0;34m[1784656502.979] [11571:11573] [DMG] 					CommandId = 0x5,[0m
[0;34m[1784656502.979] [11571:11573] [DMG] 				},[0m
[0;34m[1784656502.979] [11571:11573] [DMG] 				[0m
[0;34m[1784656502.979] [11571:11573] [DMG] 				CommandFields = [0m
[0;34m[1784656502.979] [11571:11573] [DMG] 				{[0m
[0;34m[1784656502.979] [11571:11573] [DMG] 					0x0 = [[0m
[0;34m[1784656502.979] [11571:11573] [DMG] 							0x15, 0x30, 0x01, 0xcc, 0x30, 0x81, 0xc9, 0x30, 0x70, 0x02, 0x01, 0x00, 0x30, 0x0e, 0x31, 0x0c, 0x30, 0x0a, 0x06, 0x03, 0x55, 0x04, 0x0a, 0x0c, 0x03, 0x43, 0x53, 0x52, 0x30, 0x59, 0x30, 0x13, 0x06, 0x07, 0x2a, 0x86, 0x48, 0xce, 0x3d, 0x02, 0x01, 0x06, 0x08, 0x2a, 0x86, 0x48, 0xce, 0x3d, 0x03, 0x01, 0x07, 0x03, 0x42, 0x00, 0x04, 0x7f, 0x8d, 0xf1, 0x38, 0xcf, 0xfd, 0x36, 0xd1, 0x71, 0xee, 0x0d, 0x0a, 0x43, 0x8c, 0x64, 0x49, 0x84, 0x7a, 0xd7, 0xe2, 0xb8, 0xa5, 0xd9, 0x43, 0xe1, 0x16, 0xa7, 0xd0, 0xad, 0xda, 0xfc, 0xba, 0x55, 0x56, 0xc8, 0x1d, 0xe9, 0xc0, 0x74, 0xa0, 0x47, 0x3c, 0x73, 0x3c, 0x17, 0x86, 0x16, 0x07, 0x2e, 0x93, 0xca, 0xf8, 0x23, 0xec, 0xa7, 0x8a, 0x0e, 0x8f, 0xd3, 0x89, 0x1c, 0x24, 0x94, 0xe1, 0xa0, 0x00, 0x30, 0x0a, 0x06, 0x08, 0x2a, 0x86, 0x48, 0xce, 0x3d, 0x04, 0x03, 0x02, 0x03, 0x49, 0x00, 0x30, 0x46, 0x02, 0x21, 0x00, 0x86, 0x44, 0xc4, 0xe8, 0x9e, 0x15, 0x69, 0x40, 0xc3, 0x71, 0x86, 0x4f, 0x80, 0x24, 0x4f, 0x4f, 0x1d, 0x81, 0x35, 0xe8, 0x1c, 0x53, 0xc6, 0x28, 0x00, 0x78, 0x97, 0x20, 0x1b, 0xa3, 0x91, 0x43, 0x02, 0x21, 0x00, 0xa8, 0xfa, 0xe5, 0x3a, 0xb5, 0xcf, 0x6f, 0xe8, 0x49, 0x17, 0x4f, 0x46, 0x47, 0x63, 0x4e, 0x7c, 0x8d, 0x2f, 0xb2, 0x68, 0x99, 0x8e, 0xc8, 0x29, 0xe5, 0x0b, 0x39, 0x82, 0x42, 0x44, 0xf1, 0x3a, 0x30, 0x02, 0x20, 0x24, 0x2e, 0xc9, 0x0e, 0x4c, 0x60, 0x61, 0x73, 0x1d, 0xf6, 0x2e, 0x85, 0xa1, 0x14, 0x59, 0x19, 0xdf, 0xe3, 0xc8, 0x17, 0x12, 0xb5, 0x61, 0x6f, 0xd4, 0x94, 0x28, 0xf5, 0xc2, 0x15, 0xfc, 0xd7, 0x18, [0m
[0;34m[1784656502.979] [11571:11573] [DMG] 					] (244 bytes)[0m
[0;34m[1784656502.979] [11571:11573] [DMG] 					0x1 = [[0m
[0;34m[1784656502.979] [11571:11573] [DMG] 							0xbd, 0x37, 0x01, 0xaf, 0x99, 0xc2, 0x95, 0xbc, 0x4f, 0xa4, 0x31, 0x3b, 0xf7, 0x62, 0x2c, 0xc7, 0x38, 0x13, 0x05, 0x74, 0x39, 0x10, 0x1c, 0xd8, 0xfa, 0xad, 0x53, 0x82, 0xf0, 0x9c, 0x43, 0x70, 0xeb, 0xd7, 0xa7, 0xe9, 0xc3, 0xaf, 0x9f, 0xd8, 0x4e, 0x78, 0xbe, 0x71, 0x0b, 0xb5, 0x18, 0x88, 0x4a, 0x37, 0x21, 0x18, 0xd1, 0x4b, 0x0b, 0xc0, 0xe2, 0xd5, 0x29, 0xb9, 0xfb, 0x7e, 0x00, 0xff, [0m
[0;34m[1784656502.979] [11571:11573] [DMG] 					] (64 bytes)[0m
[0;34m[1784656502.979] [11571:11573] [DMG] 				},[0m
[0;34m[1784656502.979] [11571:11573] [DMG] 			},[0m
[0;34m[1784656502.979] [11571:11573] [DMG] 			[0m
[0;34m[1784656502.979] [11571:11573] [DMG] 		},[0m
[0;34m[1784656502.979] [11571:11573] [DMG] 		[0m
[0;34m[1784656502.979] [11571:11573] [DMG] 	],[0m
[0;34m[1784656502.979] [11571:11573] [DMG] 	[0m
[0;34m[1784656502.979] [11571:11573] [DMG] 	InteractionModelRevision = 12[0m
[0;34m[1784656502.979] [11571:11573] [DMG] },[0m
[0;32m[1784656502.979] [11571:11573] [DMG] Received Command Response Data, Endpoint=0 Cluster=0x0000_003E Command=0x0000_0005[0m
[0;32m[1784656502.979] [11571:11573] [TOO] Endpoint: 0 Cluster: 0x0000_003E Command 0x0000_0005[0m
[0;32m[1784656502.979] [11571:11573] [TOO]   CSRResponse: {[0m
[0;32m[1784656502.979] [11571:11573] [TOO]     NOCSRElements: 153001CC3081C93070020100300E310C300A060355040A0C034353523059301306072A8648CE3D020106082A8648CE3D030107034200047F8DF138CFFD36D171EE0D0A438C6449847AD7E2B8A5D943E116A7D0ADDAFCBA5556C81DE9C074A0473C733C178616072E93CAF823ECA78A0E8FD3891C2494E1A000300A06082A8648CE3D04030203490030460221008644C4E89E156940C371864F80244F4F1D8135E81C53C628007897201BA39143022100A8FAE53AB5CF6FE849174F4647634E7C8D2FB268998EC829E50B39824244F13A300220242EC90E4C6061731DF62E85A1145919DFE3C81712B5616FD49428F5C215FCD718[0m
[0;32m[1784656502.979] [11571:11573] [TOO]     attestationSignature: BD3701AF99C295BC4FA4313BF7622CC73813057439101CD8FAAD5382F09C4370EBD7A7E9C3AF9FD84E78BE710BB518884A372118D14B0BC0E2D529B9FB7E00FF[0m
[0;32m[1784656502.979] [11571:11573] [TOO]    }[0m
[0;34m[1784656502.979] [11571:11573] [DMG] ICR moving to [AwaitingDe][0m
[0;32m[1784656502.979] [11571:11573] [EM] <<< [E:6860i S:53102 M:222030120 (Ack:22179358)] (S) Msg TX from 000000000001B669 to 1:0000000000000001 [30F4] [UDP:[fe80::bfe:a203:38f0:bce7%enp0s3]:5540] --- Type 0000:10 (SecureChannel:StandaloneAck) (B:34)[0m
[0;34m[1784656502.979] [11571:11573] [EM] Flushed pending ack for MessageCounter:22179358 on exchange 6860i[0m
[0;34m[1784656502.980] [11571:11571] [CTL] Shutting down the commissioner[0m
[0;32m[1784656502.980] [11571:11571] [PAF] WiFiPAF: Closing all WiFiPAF sessions to shutdown[0m
[0;34m[1784656502.980] [11571:11571] [CTL] Shutting down the controller[0m
[0;34m[1784656502.980] [11571:11571] [IN] Expiring all sessions for fabric 0x1!![0m
[0;34m[1784656502.980] [11571:11571] [IN] SecureSession[0x732f7c009cd0]: MarkForEviction Type:2 LSID:53102[0m
[0;32m[1784656502.980] [11571:11571] [SC] SecureSession[0x732f7c009cd0, LSID:53102]: State change 'kActive' --> 'kPendingEviction'[0m
[0;34m[1784656502.980] [11571:11571] [IN] SecureSession[0x732f7c009cd0]: Released - Type:2 LSID:53102[0m
[0;32m[1784656502.980] [11571:11571] [FP] Forgetting fabric 0x1[0m
[0;32m[1784656502.980] [11571:11571] [TS] Pending Last Known Good Time: 2023-10-14T01:16:48[0m
[0;32m[1784656502.980] [11571:11571] [TS] Previous Last Known Good Time: 2023-10-14T01:16:48[0m
[0;32m[1784656502.980] [11571:11571] [TS] Reverted Last Known Good Time to previous value[0m
[0;34m[1784656502.980] [11571:11571] [CTL] Shutting down the commissioner[0m
[0;32m[1784656502.980] [11571:11571] [PAF] WiFiPAF: Closing all WiFiPAF sessions to shutdown[0m
[0;34m[1784656502.980] [11571:11571] [CTL] Shutting down the controller[0m
[0;34m[1784656502.980] [11571:11571] [CTL] Shutting down the System State, this will teardown the CHIP Stack[0m
[0;34m[1784656502.980] [11571:11571] [DMG] All ReadHandler-s are clean, clear GlobalDirtySet[0m
[0;32m[1784656502.980] [11571:11571] [FP] Shutting down FabricTable[0m
[0;32m[1784656502.980] [11571:11571] [TS] Pending Last Known Good Time: 2023-10-14T01:16:48[0m
[0;32m[1784656502.980] [11571:11571] [TS] Previous Last Known Good Time: 2023-10-14T01:16:48[0m
[0;32m[1784656502.980] [11571:11571] [TS] Reverted Last Known Good Time to previous value[0m
[0;34m[1784656502.982] [11571:11571] [DL] Wrote settings to /tmp/chip_counters.ini[0m
[0;32m[1784656502.982] [11571:11571] [DL] NVS set: chip-counters/total-operational-hours = 0 (0x0)[0m
[0;32m[1784656502.982] [11571:11571] [DL] Inet Layer shutdown[0m
[0;32m[1784656502.982] [11571:11571] [DL] BLE Layer shutdown[0m
[0;32m[1784656502.982] [11571:11571] [DL] WiFi-PAF Layer shutdown[0m
[0;32m[1784656502.982] [11571:11571] [PAF] WiFiPAF: Closing all WiFiPAF sessions to shutdown[0m
[0;32m[1784656502.982] [11571:11571] [DL] System Layer shutdown[0m
