[0;34m[1784654992.123] [6745:6745] [DL] ChipLinuxStorage::Init: Using KVS config file: /tmp/chip_tool_kvs[0m
[1;31m[1784654992.124] [6745:6745] [DL] ChipLinuxStorage::Init: Attempt to re-initialize with KVS config file: /tmp/chip_kvs, IGNORING.[0m
[0;34m[1784654992.126] [6745:6745] [DL] ChipLinuxStorage::Init: Using KVS config file: /tmp/chip_factory.ini[0m
[0;34m[1784654992.126] [6745:6745] [DL] ChipLinuxStorage::Init: Using KVS config file: /tmp/chip_config.ini[0m
[0;34m[1784654992.126] [6745:6745] [DL] ChipLinuxStorage::Init: Using KVS config file: /tmp/chip_counters.ini[0m
[0;34m[1784654992.129] [6745:6745] [DL] Wrote settings to /tmp/chip_counters.ini[0m
[0;32m[1784654992.129] [6745:6745] [DL] NVS set: chip-counters/reboot-count = 6 (0x6)[0m
[0;32m[1784654992.129] [6745:6745] [DL] Got Ethernet interface: enp0s3[0m
[0;32m[1784654992.129] [6745:6745] [DL] Found the primary Ethernet interface:enp0s3[0m
[1;31m[1784654992.130] [6745:6745] [DL] Failed to get WiFi interface[0m
[1;31m[1784654992.130] [6745:6745] [DL] Failed to reset WiFi statistic counts[0m
[0;32m[1784654992.130] [6745:6745] [PAF] WiFiPAF: WiFiPAFLayer::Init()[0m
[0;34m[1784654992.130] [6745:6745] [IN] UDP::Init bind&listen port=0[0m
[0;34m[1784654992.130] [6745:6745] [IN] UDP::Init bound to port=51793[0m
[0;34m[1784654992.130] [6745:6745] [IN] UDP::Init bind&listen port=0[0m
[0;34m[1784654992.130] [6745:6745] [IN] UDP::Init bound to port=51771[0m
[0;34m[1784654992.130] [6745:6745] [IN] BLEBase::Init - setting/overriding transport[0m
[0;34m[1784654992.130] [6745:6745] [IN] WiFiPAFBase::Init - setting/overriding transport[0m
[0;34m[1784654992.130] [6745:6745] [IN] TransportMgr initialized[0m
[0;34m[1784654992.130] [6745:6745] [FP] Initializing FabricTable from persistent storage[0m
[0;32m[1784654992.130] [6745:6745] [TS] Last Known Good Time: 2023-10-14T01:16:48[0m
[0;32m[1784654992.130] [6745:6745] [FP] Fabric index 0x1 was retrieved from storage. Compressed FabricId 0xAB987A54AF86E74B, FabricId 0x0000000000000001, NodeId 0x000000000001B669, VendorId 0xFFF1[0m
[0;32m[1784654992.131] [6745:6745] [DMG] Ember attribute persistence requires setting up[0m
[0;32m[1784654992.131] [6745:6745] [ZCL] Using ZAP configuration...[0m
[0;34m[1784654992.131] [6745:6745] [CTL] System State Initialized...[0m
[0;32m[1784654992.131] [6745:6745] [CTL] Setting attestation nonce to random value[0m
[0;32m[1784654992.131] [6745:6745] [CTL] Setting CSR nonce to random value[0m
[0;34m[1784654992.131] [6745:6747] [DL] CHIP task running[0m
[0;32m[1784654992.131] [6745:6747] [CTL] Setting attestation nonce to random value[0m
[0;32m[1784654992.131] [6745:6747] [CTL] Setting CSR nonce to random value[0m
[0;32m[1784654992.131] [6745:6747] [CTL] Generating NOC[0m
[0;32m[1784654992.132] [6745:6747] [FP] Validating NOC chain[0m
[0;32m[1784654992.132] [6745:6747] [FP] NOC chain validation successful[0m
[0;32m[1784654992.132] [6745:6747] [FP] Updated fabric at index: 0x1, Node ID: 0x000000000001B669[0m
[0;32m[1784654992.132] [6745:6747] [TS] Last Known Good Time: 2023-10-14T01:16:48[0m
[0;32m[1784654992.132] [6745:6747] [TS] New proposed Last Known Good Time: 2021-01-01T00:00:00[0m
[0;32m[1784654992.132] [6745:6747] [TS] Retaining current Last Known Good Time[0m
[0;32m[1784654992.133] [6745:6747] [FP] Metadata for Fabric 0x1 persisted to storage.[0m
[0;32m[1784654992.134] [6745:6747] [TS] Committing Last Known Good Time to storage: 2023-10-14T01:16:48[0m
[0;32m[1784654992.134] [6745:6747] [CTL] Joined the fabric at index 1. Fabric ID is 0x0000000000000001 (Compressed Fabric ID: AB987A54AF86E74B)[0m
[0;32m[1784654992.138] [6745:6747] [TOO] Sending command to node 0x1[0m
[0;34m[1784654992.138] [6745:6747] [CSM] FindOrEstablishSession: PeerId = [1:0000000000000001][0m
[0;34m[1784654992.138] [6745:6747] [CSM] FindOrEstablishSession: No existing OperationalSessionSetup instance found[0m
[0;34m[1784654992.138] [6745:6747] [DIS] OperationalSessionSetup[1:0000000000000001]: State change 1 --> 2[0m
[0;32m[1784654992.138] [6745:6747] [DIS] Lookup started for AB987A54AF86E74B-0000000000000001[0m
[0;32m[1784654992.138] [6745:6747] [DIS] UDP:[fe80::bfe:a203:38f0:bce7%enp0s3]:5540: new best score: 7 (for AB987A54AF86E74B-0000000000000001)[0m
[0;34m[1784654992.138] [6745:6747] [DIS] Lookup clearing interface for non LL address[0m
[0;32m[1784654992.138] [6745:6747] [DIS] UDP:10.0.2.15%enp0s3:5540: new best score: 2 (for AB987A54AF86E74B-0000000000000001)[0m
[0;32m[1784654992.138] [6745:6747] [DIS] Checking node lookup status for AB987A54AF86E74B-0000000000000001 after 1 ms[0m
[0;32m[1784654992.138] [6745:6747] [DIS] Keeping DNSSD lookup active[0m
[0;32m[1784654992.139] [6745:6747] [DIS] UDP:[fe80::bfe:a203:38f0:bce7%enp0s3]:5540: score has not improved: 7 (for AB987A54AF86E74B-0000000000000001)[0m
[0;34m[1784654992.139] [6745:6747] [DIS] Lookup clearing interface for non LL address[0m
[0;32m[1784654992.139] [6745:6747] [DIS] UDP:10.0.2.15%enp0s3:5540: score has not improved: 2 (for AB987A54AF86E74B-0000000000000001)[0m
[0;32m[1784654992.139] [6745:6747] [DIS] Checking node lookup status for AB987A54AF86E74B-0000000000000001 after 1 ms[0m
[0;32m[1784654992.139] [6745:6747] [DIS] Keeping DNSSD lookup active[0m
[0;32m[1784654992.339] [6745:6747] [DIS] Checking node lookup status for AB987A54AF86E74B-0000000000000001 after 202 ms[0m
[0;34m[1784654992.339] [6745:6747] [DIS] OperationalSessionSetup[1:0000000000000001]: Updating device address to UDP:[fe80::bfe:a203:38f0:bce7%enp0s3]:5540 while in state 2[0m
[0;34m[1784654992.339] [6745:6747] [DIS] OperationalSessionSetup[1:0000000000000001]: State change 2 --> 3[0m
[0;34m[1784654992.339] [6745:6747] [IN] SecureSession[0x751184009cd0]: Allocated Type:2 LSID:53364[0m
[0;32m[1784654992.339] [6745:6747] [SC] Initiating session on local FabricIndex 1 from 0x000000000001B669 -> 0x0000000000000001[0m
[0;32m[1784654992.340] [6745:6747] [EM] <<< [E:52736i S:0 M:82405559] (U) Msg TX from 80451082F95C0401 to 0:0000000000000000 [0000] [UDP:[fe80::bfe:a203:38f0:bce7%enp0s3]:5540] --- Type 0000:30 (SecureChannel:CASE_Sigma1) (B:196)[0m
[0;32m[1784654992.340] [6745:6747] [EM] ??1 [E:52736i S:0 M:82405559] (U) Msg Retransmission to 0:0000000000000000 scheduled for 562ms from now [State:Idle II:500 AI:300 AT:4000][0m
[0;32m[1784654992.340] [6745:6747] [SC] Sent Sigma1 msg to <0000000000000001, 1> [II:500ms AI:300ms AT:4000ms][0m
[0;34m[1784654992.340] [6745:6747] [DIS] OperationalSessionSetup[1:0000000000000001]: State change 3 --> 4[0m
[0;32m[1784654992.341] [6745:6747] [EM] >>> [E:52736i S:0 M:71276417 (Ack:82405559)] (U) Msg RX from 0:0000000000000000 [0000] to 80451082F95C0401 --- Type 0000:31 (SecureChannel:CASE_Sigma2) (B:751)[0m
[0;34m[1784654992.341] [6745:6747] [EM] Found matching exchange: 52736i, Delegate: 0x75118400b8e8[0m
[0;34m[1784654992.341] [6745:6747] [EM] Rxd Ack; Removing MessageCounter:82405559 from Retrans Table on exchange 52736i[0m
[0;32m[1784654992.341] [6745:6747] [SC] Received Sigma2 msg[0m
[0;34m[1784654992.341] [6745:6747] [SC] Found MRP parameters in the message[0m
[0;34m[1784654992.342] [6745:6747] [SC] Peer <0000000000000001, 1> assigned session ID 36860[0m
[0;34m[1784654992.342] [6745:6747] [SC] Sending Sigma3[0m
[0;32m[1784654992.342] [6745:6747] [EM] <<< [E:52736i S:0 M:82405560 (Ack:71276417)] (U) Msg TX from 80451082F95C0401 to 0:0000000000000000 [0000] [UDP:[fe80::bfe:a203:38f0:bce7%enp0s3]:5540] --- Type 0000:32 (SecureChannel:CASE_Sigma3) (B:598)[0m
[0;32m[1784654992.342] [6745:6747] [EM] ??1 [E:52736i S:0 M:82405560] (U) Msg Retransmission to 0:0000000000000000 scheduled for 350ms from now [State:Active II:500 AI:300 AT:4000][0m
[0;32m[1784654992.342] [6745:6747] [SC] Sent Sigma3 msg[0m
[0;32m[1784654992.351] [6745:6747] [EM] >>> [E:52736i S:0 M:71276418 (Ack:82405560)] (U) Msg RX from 0:0000000000000000 [0000] to 80451082F95C0401 --- Type 0000:40 (SecureChannel:StatusReport) (B:34)[0m
[0;34m[1784654992.351] [6745:6747] [EM] Found matching exchange: 52736i, Delegate: 0x75118400b8e8[0m
[0;34m[1784654992.351] [6745:6747] [EM] Rxd Ack; Removing MessageCounter:82405560 from Retrans Table on exchange 52736i[0m
[0;32m[1784654992.351] [6745:6747] [SC] Success status report received. Session was established[0m
[0;32m[1784654992.352] [6745:6747] [SC] SecureSession[0x751184009cd0, LSID:53364]: State change 'kEstablishing' --> 'kActive'[0m
[0;34m[1784654992.352] [6745:6747] [IN] SecureSession[0x751184009cd0]: Activated - Type:2 LSID:53364[0m
[0;34m[1784654992.352] [6745:6747] [IN] New secure session activated for device <0000000000000001, 1>, LSID:53364 PSID:36860![0m
[0;34m[1784654992.352] [6745:6747] [DIS] OperationalSessionSetup[1:0000000000000001]: State change 4 --> 5[0m
[0;32m[1784654992.352] [6745:6747] [TOO] Sending cluster (0x0000003E) command (0x00000007) on endpoint 0[0m
[0;34m[1784654992.352] [6745:6747] [DMG] ICR moving to [AddingComm][0m
[0;34m[1784654992.352] [6745:6747] [DMG] ICR moving to [AddedComma][0m
[0;32m[1784654992.352] [6745:6747] [EM] <<< [E:52737i S:53364 M:224594307] (S) Msg TX from 000000000001B669 to 1:0000000000000001 [E74B] [UDP:[fe80::bfe:a203:38f0:bce7%enp0s3]:5540] --- Type 0001:08 (IM:InvokeCommandRequest) (B:330)[0m
[0;32m[1784654992.352] [6745:6747] [EM] ??1 [E:52737i S:53364 M:224594307] (S) Msg Retransmission to 1:0000000000000001 scheduled for 372ms from now [State:Active II:500 AI:300 AT:4000][0m
[0;34m[1784654992.352] [6745:6747] [DMG] ICR moving to [AwaitingRe][0m
[0;32m[1784654992.352] [6745:6747] [EM] <<< [E:52736i S:0 M:82405561 (Ack:71276418)] (U) Msg TX from 80451082F95C0401 to 0:0000000000000000 [0000] [UDP:[fe80::bfe:a203:38f0:bce7%enp0s3]:5540] --- Type 0000:10 (SecureChannel:StandaloneAck) (B:26)[0m
[0;34m[1784654992.353] [6745:6747] [EM] Flushed pending ack for MessageCounter:71276418 on exchange 52736i[0m
[0;32m[1784654992.362] [6745:6747] [EM] >>> [E:52737i S:53364 M:183418438 (Ack:224594307)] (S) Msg RX from 1:0000000000000001 [E74B] to 000000000001B669 --- Type 0001:09 (IM:InvokeCommandResponse) (B:70)[0m
[0;34m[1784654992.362] [6745:6747] [EM] Found matching exchange: 52737i, Delegate: 0x75118400eef8[0m
[0;34m[1784654992.362] [6745:6747] [EM] Rxd Ack; Removing MessageCounter:224594307 from Retrans Table on exchange 52737i[0m
[0;34m[1784654992.362] [6745:6747] [DMG] ICR moving to [ResponseRe][0m
[0;34m[1784654992.362] [6745:6747] [DMG] InvokeResponseMessage =[0m
[0;34m[1784654992.362] [6745:6747] [DMG] {[0m
[0;34m[1784654992.362] [6745:6747] [DMG] 	suppressResponse = false, [0m
[0;34m[1784654992.362] [6745:6747] [DMG] 	InvokeResponseIBs =[0m
[0;34m[1784654992.362] [6745:6747] [DMG] 	[[0m
[0;34m[1784654992.362] [6745:6747] [DMG] 		InvokeResponseIB =[0m
[0;34m[1784654992.362] [6745:6747] [DMG] 		{[0m
[0;34m[1784654992.362] [6745:6747] [DMG] 			CommandDataIB =[0m
[0;34m[1784654992.362] [6745:6747] [DMG] 			{[0m
[0;34m[1784654992.362] [6745:6747] [DMG] 				CommandPathIB =[0m
[0;34m[1784654992.362] [6745:6747] [DMG] 				{[0m
[0;34m[1784654992.362] [6745:6747] [DMG] 					EndpointId = 0x0,[0m
[0;34m[1784654992.362] [6745:6747] [DMG] 					ClusterId = 0x3e,[0m
[0;34m[1784654992.362] [6745:6747] [DMG] 					CommandId = 0x8,[0m
[0;34m[1784654992.362] [6745:6747] [DMG] 				},[0m
[0;34m[1784654992.362] [6745:6747] [DMG] 				[0m
[0;34m[1784654992.362] [6745:6747] [DMG] 				CommandFields = [0m
[0;34m[1784654992.362] [6745:6747] [DMG] 				{[0m
[0;34m[1784654992.362] [6745:6747] [DMG] 					0x0 = 0 (unsigned), [0m
[0;34m[1784654992.362] [6745:6747] [DMG] 					0x1 = 1 (unsigned), [0m
[0;34m[1784654992.362] [6745:6747] [DMG] 				},[0m
[0;34m[1784654992.362] [6745:6747] [DMG] 			},[0m
[0;34m[1784654992.362] [6745:6747] [DMG] 			[0m
[0;34m[1784654992.362] [6745:6747] [DMG] 		},[0m
[0;34m[1784654992.362] [6745:6747] [DMG] 		[0m
[0;34m[1784654992.362] [6745:6747] [DMG] 	],[0m
[0;34m[1784654992.362] [6745:6747] [DMG] 	[0m
[0;34m[1784654992.362] [6745:6747] [DMG] 	InteractionModelRevision = 12[0m
[0;34m[1784654992.362] [6745:6747] [DMG] },[0m
[0;32m[1784654992.362] [6745:6747] [DMG] Received Command Response Data, Endpoint=0 Cluster=0x0000_003E Command=0x0000_0008[0m
[0;32m[1784654992.362] [6745:6747] [TOO] Endpoint: 0 Cluster: 0x0000_003E Command 0x0000_0008[0m
[0;32m[1784654992.362] [6745:6747] [TOO]   NOCResponse: {[0m
[0;32m[1784654992.362] [6745:6747] [TOO]     statusCode: 0[0m
[0;32m[1784654992.362] [6745:6747] [TOO]     fabricIndex: 1[0m
[0;32m[1784654992.362] [6745:6747] [TOO]    }[0m
[0;34m[1784654992.362] [6745:6747] [DMG] ICR moving to [AwaitingDe][0m
[0;32m[1784654992.362] [6745:6747] [EM] <<< [E:52737i S:53364 M:224594308 (Ack:183418438)] (S) Msg TX from 000000000001B669 to 1:0000000000000001 [E74B] [UDP:[fe80::bfe:a203:38f0:bce7%enp0s3]:5540] --- Type 0000:10 (SecureChannel:StandaloneAck) (B:34)[0m
[0;34m[1784654992.362] [6745:6747] [EM] Flushed pending ack for MessageCounter:183418438 on exchange 52737i[0m
[0;34m[1784654992.362] [6745:6745] [CTL] Shutting down the commissioner[0m
[0;32m[1784654992.362] [6745:6745] [PAF] WiFiPAF: Closing all WiFiPAF sessions to shutdown[0m
[0;34m[1784654992.362] [6745:6745] [CTL] Shutting down the controller[0m
[0;34m[1784654992.362] [6745:6745] [IN] Expiring all sessions for fabric 0x1!![0m
[0;34m[1784654992.362] [6745:6745] [IN] SecureSession[0x751184009cd0]: MarkForEviction Type:2 LSID:53364[0m
[0;32m[1784654992.362] [6745:6745] [SC] SecureSession[0x751184009cd0, LSID:53364]: State change 'kActive' --> 'kPendingEviction'[0m
[0;34m[1784654992.362] [6745:6745] [IN] SecureSession[0x751184009cd0]: Released - Type:2 LSID:53364[0m
[0;32m[1784654992.362] [6745:6745] [FP] Forgetting fabric 0x1[0m
[0;32m[1784654992.362] [6745:6745] [TS] Pending Last Known Good Time: 2023-10-14T01:16:48[0m
[0;32m[1784654992.362] [6745:6745] [TS] Previous Last Known Good Time: 2023-10-14T01:16:48[0m
[0;32m[1784654992.362] [6745:6745] [TS] Reverted Last Known Good Time to previous value[0m
[0;34m[1784654992.362] [6745:6745] [CTL] Shutting down the commissioner[0m
[0;32m[1784654992.362] [6745:6745] [PAF] WiFiPAF: Closing all WiFiPAF sessions to shutdown[0m
[0;34m[1784654992.362] [6745:6745] [CTL] Shutting down the controller[0m
[0;34m[1784654992.362] [6745:6745] [CTL] Shutting down the System State, this will teardown the CHIP Stack[0m
[0;34m[1784654992.362] [6745:6745] [DMG] All ReadHandler-s are clean, clear GlobalDirtySet[0m
[0;32m[1784654992.362] [6745:6745] [FP] Shutting down FabricTable[0m
[0;32m[1784654992.362] [6745:6745] [TS] Pending Last Known Good Time: 2023-10-14T01:16:48[0m
[0;32m[1784654992.362] [6745:6745] [TS] Previous Last Known Good Time: 2023-10-14T01:16:48[0m
[0;32m[1784654992.362] [6745:6745] [TS] Reverted Last Known Good Time to previous value[0m
[0;34m[1784654992.364] [6745:6745] [DL] Wrote settings to /tmp/chip_counters.ini[0m
[0;32m[1784654992.364] [6745:6745] [DL] NVS set: chip-counters/total-operational-hours = 0 (0x0)[0m
[0;32m[1784654992.364] [6745:6745] [DL] Inet Layer shutdown[0m
[0;32m[1784654992.364] [6745:6745] [DL] BLE Layer shutdown[0m
[0;32m[1784654992.364] [6745:6745] [DL] WiFi-PAF Layer shutdown[0m
[0;32m[1784654992.364] [6745:6745] [PAF] WiFiPAF: Closing all WiFiPAF sessions to shutdown[0m
[0;32m[1784654992.364] [6745:6745] [DL] System Layer shutdown[0m
