[0;34m[2524608000.101] [16381:16381] [DL] ChipLinuxStorage::Init: Using KVS config file: /tmp/chip_tool_kvs[0m
[1;31m[2524608000.102] [16381:16381] [DL] ChipLinuxStorage::Init: Attempt to re-initialize with KVS config file: /tmp/chip_kvs, IGNORING.[0m
[0;34m[2524608000.104] [16381:16381] [DL] ChipLinuxStorage::Init: Using KVS config file: /tmp/chip_factory.ini[0m
[0;34m[2524608000.104] [16381:16381] [DL] ChipLinuxStorage::Init: Using KVS config file: /tmp/chip_config.ini[0m
[0;34m[2524608000.104] [16381:16381] [DL] ChipLinuxStorage::Init: Using KVS config file: /tmp/chip_counters.ini[0m
[0;34m[2524608000.110] [16381:16381] [DL] Wrote settings to /tmp/chip_counters.ini[0m
[0;32m[2524608000.110] [16381:16381] [DL] NVS set: chip-counters/reboot-count = 4 (0x4)[0m
[0;32m[2524608000.110] [16381:16381] [DL] Got Ethernet interface: enp0s3[0m
[0;32m[2524608000.110] [16381:16381] [DL] Found the primary Ethernet interface:enp0s3[0m
[1;31m[2524608000.110] [16381:16381] [DL] Failed to get WiFi interface[0m
[1;31m[2524608000.110] [16381:16381] [DL] Failed to reset WiFi statistic counts[0m
[0;32m[2524608000.110] [16381:16381] [PAF] WiFiPAF: WiFiPAFLayer::Init()[0m
[0;34m[2524608000.111] [16381:16381] [IN] UDP::Init bind&listen port=0[0m
[0;34m[2524608000.111] [16381:16381] [IN] UDP::Init bound to port=60808[0m
[0;34m[2524608000.111] [16381:16381] [IN] UDP::Init bind&listen port=0[0m
[0;34m[2524608000.111] [16381:16381] [IN] UDP::Init bound to port=48642[0m
[0;34m[2524608000.111] [16381:16381] [IN] BLEBase::Init - setting/overriding transport[0m
[0;34m[2524608000.111] [16381:16381] [IN] WiFiPAFBase::Init - setting/overriding transport[0m
[0;34m[2524608000.111] [16381:16381] [IN] TransportMgr initialized[0m
[0;34m[2524608000.111] [16381:16381] [FP] Initializing FabricTable from persistent storage[0m
[0;32m[2524608000.111] [16381:16381] [TS] Last Known Good Time: 2023-10-14T01:16:48[0m
[0;32m[2524608000.111] [16381:16381] [FP] Fabric index 0x1 was retrieved from storage. Compressed FabricId 0x869061B8EBC6F1F6, FabricId 0x0000000000000001, NodeId 0x000000000001B669, VendorId 0xFFF1[0m
[0;32m[2524608000.112] [16381:16381] [DMG] Ember attribute persistence requires setting up[0m
[0;32m[2524608000.112] [16381:16381] [ZCL] Using ZAP configuration...[0m
[0;34m[2524608000.112] [16381:16381] [CTL] System State Initialized...[0m
[0;32m[2524608000.112] [16381:16381] [CTL] Setting attestation nonce to random value[0m
[0;32m[2524608000.112] [16381:16381] [CTL] Setting CSR nonce to random value[0m
[0;34m[2524608000.112] [16381:16397] [DL] CHIP task running[0m
[0;32m[2524608000.113] [16381:16397] [CTL] Setting attestation nonce to random value[0m
[0;32m[2524608000.113] [16381:16397] [CTL] Setting CSR nonce to random value[0m
[0;32m[2524608000.113] [16381:16397] [CTL] Generating NOC[0m
[0;32m[2524608000.113] [16381:16397] [FP] Validating NOC chain[0m
[0;32m[2524608000.113] [16381:16397] [FP] NOC chain validation successful[0m
[0;32m[2524608000.113] [16381:16397] [FP] Updated fabric at index: 0x1, Node ID: 0x000000000001B669[0m
[0;32m[2524608000.113] [16381:16397] [TS] Last Known Good Time: 2023-10-14T01:16:48[0m
[0;32m[2524608000.113] [16381:16397] [TS] New proposed Last Known Good Time: 2021-01-01T00:00:00[0m
[0;32m[2524608000.113] [16381:16397] [TS] Retaining current Last Known Good Time[0m
[0;32m[2524608000.117] [16381:16397] [FP] Metadata for Fabric 0x1 persisted to storage.[0m
[0;32m[2524608000.118] [16381:16397] [TS] Committing Last Known Good Time to storage: 2023-10-14T01:16:48[0m
[0;32m[2524608000.119] [16381:16397] [CTL] Joined the fabric at index 1. Fabric ID is 0x0000000000000001 (Compressed Fabric ID: 869061B8EBC6F1F6)[0m
[0;32m[2524608000.125] [16381:16397] [TOO] Sending command to node 0x1[0m
[0;34m[2524608000.125] [16381:16397] [CSM] FindOrEstablishSession: PeerId = [1:0000000000000001][0m
[0;34m[2524608000.125] [16381:16397] [CSM] FindOrEstablishSession: No existing OperationalSessionSetup instance found[0m
[0;34m[2524608000.125] [16381:16397] [DIS] OperationalSessionSetup[1:0000000000000001]: State change 1 --> 2[0m
[0;32m[2524608000.126] [16381:16397] [DIS] Lookup started for 869061B8EBC6F1F6-0000000000000001[0m
[0;32m[2524608000.126] [16381:16397] [DIS] UDP:[fe80::bfe:a203:38f0:bce7%enp0s3]:5540: new best score: 7 (for 869061B8EBC6F1F6-0000000000000001)[0m
[0;34m[2524608000.126] [16381:16397] [DIS] Lookup clearing interface for non LL address[0m
[0;32m[2524608000.126] [16381:16397] [DIS] UDP:10.0.2.15%enp0s3:5540: new best score: 2 (for 869061B8EBC6F1F6-0000000000000001)[0m
[0;32m[2524608000.126] [16381:16397] [DIS] Checking node lookup status for 869061B8EBC6F1F6-0000000000000001 after 1 ms[0m
[0;32m[2524608000.126] [16381:16397] [DIS] Keeping DNSSD lookup active[0m
[0;32m[2524608000.126] [16381:16397] [DIS] UDP:[fe80::bfe:a203:38f0:bce7%enp0s3]:5540: score has not improved: 7 (for 869061B8EBC6F1F6-0000000000000001)[0m
[0;34m[2524608000.126] [16381:16397] [DIS] Lookup clearing interface for non LL address[0m
[0;32m[2524608000.126] [16381:16397] [DIS] UDP:10.0.2.15%enp0s3:5540: score has not improved: 2 (for 869061B8EBC6F1F6-0000000000000001)[0m
[0;32m[2524608000.126] [16381:16397] [DIS] Checking node lookup status for 869061B8EBC6F1F6-0000000000000001 after 1 ms[0m
[0;32m[2524608000.126] [16381:16397] [DIS] Keeping DNSSD lookup active[0m
[0;32m[2524608000.405] [16381:16397] [DIS] Checking node lookup status for 869061B8EBC6F1F6-0000000000000001 after 279 ms[0m
[0;34m[2524608000.405] [16381:16397] [DIS] OperationalSessionSetup[1:0000000000000001]: Updating device address to UDP:[fe80::bfe:a203:38f0:bce7%enp0s3]:5540 while in state 2[0m
[0;34m[2524608000.405] [16381:16397] [DIS] OperationalSessionSetup[1:0000000000000001]: State change 2 --> 3[0m
[0;34m[2524608000.406] [16381:16397] [IN] SecureSession[0x7ad53c009cd0]: Allocated Type:2 LSID:51246[0m
[0;32m[2524608000.406] [16381:16397] [SC] Initiating session on local FabricIndex 1 from 0x000000000001B669 -> 0x0000000000000001[0m
[0;32m[2524608000.407] [16381:16397] [EM] <<< [E:61161i S:0 M:29785712] (U) Msg TX from 6BEC96D813B3ACBF to 0:0000000000000000 [0000] [UDP:[fe80::bfe:a203:38f0:bce7%enp0s3]:5540] --- Type 0000:30 (SecureChannel:CASE_Sigma1) (B:196)[0m
[0;32m[2524608000.408] [16381:16397] [EM] ??1 [E:61161i S:0 M:29785712] (U) Msg Retransmission to 0:0000000000000000 scheduled for 663ms from now [State:Idle II:500 AI:300 AT:4000][0m
[0;32m[2524608000.408] [16381:16397] [SC] Sent Sigma1 msg to <0000000000000001, 1> [II:500ms AI:300ms AT:4000ms][0m
[0;34m[2524608000.408] [16381:16397] [DIS] OperationalSessionSetup[1:0000000000000001]: State change 3 --> 4[0m
[0;32m[2524608000.409] [16381:16397] [EM] >>> [E:61161i S:0 M:73478060 (Ack:29785712)] (U) Msg RX from 0:0000000000000000 [0000] to 6BEC96D813B3ACBF --- Type 0000:31 (SecureChannel:CASE_Sigma2) (B:751)[0m
[0;34m[2524608000.409] [16381:16397] [EM] Found matching exchange: 61161i, Delegate: 0x7ad53c00b8e8[0m
[0;34m[2524608000.410] [16381:16397] [EM] Rxd Ack; Removing MessageCounter:29785712 from Retrans Table on exchange 61161i[0m
[0;32m[2524608000.410] [16381:16397] [SC] Received Sigma2 msg[0m
[0;34m[2524608000.410] [16381:16397] [SC] Found MRP parameters in the message[0m
[0;34m[2524608000.411] [16381:16397] [SC] Certificate's mNotAfterTime (978134400) is before current time (1577923200)[0m
[0;34m[2524608000.411] [16381:16397] [SC] Sending status report. Protocol code 2, exchange 61161[0m
[0;32m[2524608000.411] [16381:16397] [EM] <<< [E:61161i S:0 M:29785713 (Ack:73478060)] (U) Msg TX from 6BEC96D813B3ACBF to 0:0000000000000000 [0000] [UDP:[fe80::bfe:a203:38f0:bce7%enp0s3]:5540] --- Type 0000:40 (SecureChannel:StatusReport) (B:34)[0m
[0;32m[2524608000.411] [16381:16397] [EM] ??1 [E:61161i S:0 M:29785713] (U) Msg Retransmission to 0:0000000000000000 scheduled for 408ms from now [State:Active II:500 AI:300 AT:4000][0m
[0;34m[2524608000.411] [16381:16397] [IN] SecureSession[0x7ad53c009cd0]: Released - Type:2 LSID:51246[0m
[1;31m[2524608000.411] [16381:16397] [-] src/credentials/CHIPCert.cpp:1481: CHIP Error 0x0000004E: Certificate expired at examples/chip-tool/commands/clusters/ModelCommand.cpp:67[0m
[0;32m[2524608000.413] [16381:16397] [EM] >>> [E:61161i S:0 M:73478061 (Ack:29785713)] (U) Msg RX from 0:0000000000000000 [0000] to 6BEC96D813B3ACBF --- Type 0000:10 (SecureChannel:StandaloneAck) (B:26)[0m
[0;34m[2524608000.413] [16381:16397] [EM] Found matching exchange: 61161i, Delegate: (nil)[0m
[0;34m[2524608000.414] [16381:16397] [EM] Rxd Ack; Removing MessageCounter:29785713 from Retrans Table on exchange 61161i[0m
[0;34m[2524608000.415] [16381:16381] [CTL] Shutting down the commissioner[0m
[0;32m[2524608000.415] [16381:16381] [PAF] WiFiPAF: Closing all WiFiPAF sessions to shutdown[0m
[0;34m[2524608000.415] [16381:16381] [CTL] Shutting down the controller[0m
[0;34m[2524608000.415] [16381:16381] [IN] Expiring all sessions for fabric 0x1!![0m
[0;32m[2524608000.415] [16381:16381] [FP] Forgetting fabric 0x1[0m
[0;32m[2524608000.415] [16381:16381] [TS] Pending Last Known Good Time: 2023-10-14T01:16:48[0m
[0;32m[2524608000.415] [16381:16381] [TS] Previous Last Known Good Time: 2023-10-14T01:16:48[0m
[0;32m[2524608000.415] [16381:16381] [TS] Reverted Last Known Good Time to previous value[0m
[0;34m[2524608000.415] [16381:16381] [CTL] Shutting down the commissioner[0m
[0;32m[2524608000.415] [16381:16381] [PAF] WiFiPAF: Closing all WiFiPAF sessions to shutdown[0m
[0;34m[2524608000.415] [16381:16381] [CTL] Shutting down the controller[0m
[0;34m[2524608000.415] [16381:16381] [CTL] Shutting down the System State, this will teardown the CHIP Stack[0m
[0;34m[2524608000.415] [16381:16381] [DMG] All ReadHandler-s are clean, clear GlobalDirtySet[0m
[0;32m[2524608000.415] [16381:16381] [FP] Shutting down FabricTable[0m
[0;32m[2524608000.415] [16381:16381] [TS] Pending Last Known Good Time: 2023-10-14T01:16:48[0m
[0;32m[2524608000.416] [16381:16381] [TS] Previous Last Known Good Time: 2023-10-14T01:16:48[0m
[0;32m[2524608000.416] [16381:16381] [TS] Reverted Last Known Good Time to previous value[0m
[0;34m[2524608000.430] [16381:16381] [DL] Wrote settings to /tmp/chip_counters.ini[0m
[0;32m[2524608000.430] [16381:16381] [DL] NVS set: chip-counters/total-operational-hours = 0 (0x0)[0m
[0;32m[2524608000.430] [16381:16381] [DL] Inet Layer shutdown[0m
[0;32m[2524608000.430] [16381:16381] [DL] BLE Layer shutdown[0m
[0;32m[2524608000.430] [16381:16381] [DL] WiFi-PAF Layer shutdown[0m
[0;32m[2524608000.430] [16381:16381] [PAF] WiFiPAF: Closing all WiFiPAF sessions to shutdown[0m
[0;32m[2524608000.430] [16381:16381] [DL] System Layer shutdown[0m
[1;31m[2524608000.430] [16381:16381] [TOO] Run command failure: src/credentials/CHIPCert.cpp:1481: CHIP Error 0x0000004E: Certificate expired[0m
