[0;34m[2524608000.541] [12545:12545] [DL] ChipLinuxStorage::Init: Using KVS config file: /tmp/chip_tool_kvs[0m
[1;31m[2524608000.542] [12545:12545] [DL] ChipLinuxStorage::Init: Attempt to re-initialize with KVS config file: /tmp/chip_kvs, IGNORING.[0m
[0;34m[2524608000.543] [12545:12545] [DL] ChipLinuxStorage::Init: Using KVS config file: /tmp/chip_factory.ini[0m
[0;34m[2524608000.543] [12545:12545] [DL] ChipLinuxStorage::Init: Using KVS config file: /tmp/chip_config.ini[0m
[0;34m[2524608000.543] [12545:12545] [DL] ChipLinuxStorage::Init: Using KVS config file: /tmp/chip_counters.ini[0m
[0;34m[2524608000.546] [12545:12545] [DL] Wrote settings to /tmp/chip_counters.ini[0m
[0;32m[2524608000.546] [12545:12545] [DL] NVS set: chip-counters/reboot-count = 5 (0x5)[0m
[0;32m[2524608000.546] [12545:12545] [DL] Got Ethernet interface: enp0s3[0m
[0;32m[2524608000.546] [12545:12545] [DL] Found the primary Ethernet interface:enp0s3[0m
[1;31m[2524608000.546] [12545:12545] [DL] Failed to get WiFi interface[0m
[1;31m[2524608000.546] [12545:12545] [DL] Failed to reset WiFi statistic counts[0m
[0;32m[2524608000.546] [12545:12545] [PAF] WiFiPAF: WiFiPAFLayer::Init()[0m
[0;34m[2524608000.546] [12545:12545] [IN] UDP::Init bind&listen port=0[0m
[0;34m[2524608000.546] [12545:12545] [IN] UDP::Init bound to port=45456[0m
[0;34m[2524608000.546] [12545:12545] [IN] UDP::Init bind&listen port=0[0m
[0;34m[2524608000.546] [12545:12545] [IN] UDP::Init bound to port=46878[0m
[0;34m[2524608000.546] [12545:12545] [IN] BLEBase::Init - setting/overriding transport[0m
[0;34m[2524608000.546] [12545:12545] [IN] WiFiPAFBase::Init - setting/overriding transport[0m
[0;34m[2524608000.546] [12545:12545] [IN] TransportMgr initialized[0m
[0;34m[2524608000.546] [12545:12545] [FP] Initializing FabricTable from persistent storage[0m
[0;32m[2524608000.546] [12545:12545] [TS] Last Known Good Time: 2023-10-14T01:16:48[0m
[0;32m[2524608000.547] [12545:12545] [FP] Fabric index 0x1 was retrieved from storage. Compressed FabricId 0xA75DABD36937F68C, FabricId 0x0000000000000001, NodeId 0x000000000001B669, VendorId 0xFFF1[0m
[0;32m[2524608000.548] [12545:12545] [DMG] Ember attribute persistence requires setting up[0m
[0;32m[2524608000.548] [12545:12545] [ZCL] Using ZAP configuration...[0m
[0;34m[2524608000.548] [12545:12545] [CTL] System State Initialized...[0m
[0;32m[2524608000.548] [12545:12545] [CTL] Setting attestation nonce to random value[0m
[0;32m[2524608000.548] [12545:12545] [CTL] Setting CSR nonce to random value[0m
[0;34m[2524608000.548] [12545:12564] [DL] CHIP task running[0m
[0;32m[2524608000.548] [12545:12564] [CTL] Setting attestation nonce to random value[0m
[0;32m[2524608000.548] [12545:12564] [CTL] Setting CSR nonce to random value[0m
[0;32m[2524608000.548] [12545:12564] [CTL] Generating NOC[0m
[0;32m[2524608000.549] [12545:12564] [FP] Validating NOC chain[0m
[0;32m[2524608000.549] [12545:12564] [FP] NOC chain validation successful[0m
[0;32m[2524608000.549] [12545:12564] [FP] Updated fabric at index: 0x1, Node ID: 0x000000000001B669[0m
[0;32m[2524608000.549] [12545:12564] [TS] Last Known Good Time: 2023-10-14T01:16:48[0m
[0;32m[2524608000.549] [12545:12564] [TS] New proposed Last Known Good Time: 2021-01-01T00:00:00[0m
[0;32m[2524608000.549] [12545:12564] [TS] Retaining current Last Known Good Time[0m
[0;32m[2524608000.550] [12545:12564] [FP] Metadata for Fabric 0x1 persisted to storage.[0m
[0;32m[2524608000.550] [12545:12564] [TS] Committing Last Known Good Time to storage: 2023-10-14T01:16:48[0m
[0;32m[2524608000.551] [12545:12564] [CTL] Joined the fabric at index 1. Fabric ID is 0x0000000000000001 (Compressed Fabric ID: A75DABD36937F68C)[0m
[0;32m[2524608000.555] [12545:12564] [TOO] Sending command to node 0x1[0m
[0;34m[2524608000.555] [12545:12564] [CSM] FindOrEstablishSession: PeerId = [1:0000000000000001][0m
[0;34m[2524608000.555] [12545:12564] [CSM] FindOrEstablishSession: No existing OperationalSessionSetup instance found[0m
[0;34m[2524608000.555] [12545:12564] [DIS] OperationalSessionSetup[1:0000000000000001]: State change 1 --> 2[0m
[0;32m[2524608000.555] [12545:12564] [DIS] Lookup started for A75DABD36937F68C-0000000000000001[0m
[0;32m[2524608000.556] [12545:12564] [DIS] UDP:[fe80::bfe:a203:38f0:bce7%enp0s3]:5540: new best score: 7 (for A75DABD36937F68C-0000000000000001)[0m
[0;34m[2524608000.556] [12545:12564] [DIS] Lookup clearing interface for non LL address[0m
[0;32m[2524608000.556] [12545:12564] [DIS] UDP:10.0.2.15%enp0s3:5540: new best score: 2 (for A75DABD36937F68C-0000000000000001)[0m
[0;32m[2524608000.556] [12545:12564] [DIS] Checking node lookup status for A75DABD36937F68C-0000000000000001 after 1 ms[0m
[0;32m[2524608000.556] [12545:12564] [DIS] Keeping DNSSD lookup active[0m
[0;32m[2524608000.556] [12545:12564] [DIS] UDP:[fe80::bfe:a203:38f0:bce7%enp0s3]:5540: score has not improved: 7 (for A75DABD36937F68C-0000000000000001)[0m
[0;34m[2524608000.556] [12545:12564] [DIS] Lookup clearing interface for non LL address[0m
[0;32m[2524608000.556] [12545:12564] [DIS] UDP:10.0.2.15%enp0s3:5540: score has not improved: 2 (for A75DABD36937F68C-0000000000000001)[0m
[0;32m[2524608000.556] [12545:12564] [DIS] Checking node lookup status for A75DABD36937F68C-0000000000000001 after 1 ms[0m
[0;32m[2524608000.556] [12545:12564] [DIS] Keeping DNSSD lookup active[0m
[0;32m[2524608000.757] [12545:12564] [DIS] Checking node lookup status for A75DABD36937F68C-0000000000000001 after 202 ms[0m
[0;34m[2524608000.757] [12545:12564] [DIS] OperationalSessionSetup[1:0000000000000001]: Updating device address to UDP:[fe80::bfe:a203:38f0:bce7%enp0s3]:5540 while in state 2[0m
[0;34m[2524608000.757] [12545:12564] [DIS] OperationalSessionSetup[1:0000000000000001]: State change 2 --> 3[0m
[0;34m[2524608000.757] [12545:12564] [IN] SecureSession[0x79686400c1f0]: Allocated Type:2 LSID:32075[0m
[0;32m[2524608000.757] [12545:12564] [SC] Initiating session on local FabricIndex 1 from 0x000000000001B669 -> 0x0000000000000001[0m
[0;32m[2524608000.757] [12545:12564] [EM] <<< [E:39794i S:0 M:131530776] (U) Msg TX from A4DAC7043272FFA5 to 0:0000000000000000 [0000] [UDP:[fe80::bfe:a203:38f0:bce7%enp0s3]:5540] --- Type 0000:30 (SecureChannel:CASE_Sigma1) (B:196)[0m
[0;32m[2524608000.757] [12545:12564] [EM] ??1 [E:39794i S:0 M:131530776] (U) Msg Retransmission to 0:0000000000000000 scheduled for 661ms from now [State:Idle II:500 AI:300 AT:4000][0m
[0;32m[2524608000.757] [12545:12564] [SC] Sent Sigma1 msg to <0000000000000001, 1> [II:500ms AI:300ms AT:4000ms][0m
[0;34m[2524608000.757] [12545:12564] [DIS] OperationalSessionSetup[1:0000000000000001]: State change 3 --> 4[0m
[0;32m[2524608000.758] [12545:12564] [EM] >>> [E:39794i S:0 M:156221787 (Ack:131530776)] (U) Msg RX from 0:0000000000000000 [0000] to A4DAC7043272FFA5 --- Type 0000:31 (SecureChannel:CASE_Sigma2) (B:751)[0m
[0;34m[2524608000.758] [12545:12564] [EM] Found matching exchange: 39794i, Delegate: 0x79686400bf28[0m
[0;34m[2524608000.758] [12545:12564] [EM] Rxd Ack; Removing MessageCounter:131530776 from Retrans Table on exchange 39794i[0m
[0;32m[2524608000.758] [12545:12564] [SC] Received Sigma2 msg[0m
[0;34m[2524608000.758] [12545:12564] [SC] Found MRP parameters in the message[0m
[0;34m[2524608000.759] [12545:12564] [SC] Certificate's mNotAfterTime (978134400) is before current time (1577923200)[0m
[0;34m[2524608000.759] [12545:12564] [SC] Sending status report. Protocol code 2, exchange 39794[0m
[0;32m[2524608000.759] [12545:12564] [EM] <<< [E:39794i S:0 M:131530777 (Ack:156221787)] (U) Msg TX from A4DAC7043272FFA5 to 0:0000000000000000 [0000] [UDP:[fe80::bfe:a203:38f0:bce7%enp0s3]:5540] --- Type 0000:40 (SecureChannel:StatusReport) (B:34)[0m
[0;32m[2524608000.759] [12545:12564] [EM] ??1 [E:39794i S:0 M:131530777] (U) Msg Retransmission to 0:0000000000000000 scheduled for 359ms from now [State:Active II:500 AI:300 AT:4000][0m
[0;34m[2524608000.759] [12545:12564] [IN] SecureSession[0x79686400c1f0]: Released - Type:2 LSID:32075[0m
[1;31m[2524608000.759] [12545:12564] [-] src/credentials/CHIPCert.cpp:1481: CHIP Error 0x0000004E: Certificate expired at examples/chip-tool/commands/clusters/ModelCommand.cpp:67[0m
[0;32m[2524608000.760] [12545:12564] [EM] >>> [E:39794i S:0 M:156221788 (Ack:131530777)] (U) Msg RX from 0:0000000000000000 [0000] to A4DAC7043272FFA5 --- Type 0000:10 (SecureChannel:StandaloneAck) (B:26)[0m
[0;34m[2524608000.760] [12545:12564] [EM] Found matching exchange: 39794i, Delegate: (nil)[0m
[0;34m[2524608000.760] [12545:12564] [EM] Rxd Ack; Removing MessageCounter:131530777 from Retrans Table on exchange 39794i[0m
[0;34m[2524608000.760] [12545:12545] [CTL] Shutting down the commissioner[0m
[0;32m[2524608000.760] [12545:12545] [PAF] WiFiPAF: Closing all WiFiPAF sessions to shutdown[0m
[0;34m[2524608000.760] [12545:12545] [CTL] Shutting down the controller[0m
[0;34m[2524608000.760] [12545:12545] [IN] Expiring all sessions for fabric 0x1!![0m
[0;32m[2524608000.760] [12545:12545] [FP] Forgetting fabric 0x1[0m
[0;32m[2524608000.760] [12545:12545] [TS] Pending Last Known Good Time: 2023-10-14T01:16:48[0m
[0;32m[2524608000.760] [12545:12545] [TS] Previous Last Known Good Time: 2023-10-14T01:16:48[0m
[0;32m[2524608000.760] [12545:12545] [TS] Reverted Last Known Good Time to previous value[0m
[0;34m[2524608000.760] [12545:12545] [CTL] Shutting down the commissioner[0m
[0;32m[2524608000.760] [12545:12545] [PAF] WiFiPAF: Closing all WiFiPAF sessions to shutdown[0m
[0;34m[2524608000.760] [12545:12545] [CTL] Shutting down the controller[0m
[0;34m[2524608000.760] [12545:12545] [CTL] Shutting down the System State, this will teardown the CHIP Stack[0m
[0;34m[2524608000.760] [12545:12545] [DMG] All ReadHandler-s are clean, clear GlobalDirtySet[0m
[0;32m[2524608000.760] [12545:12545] [FP] Shutting down FabricTable[0m
[0;32m[2524608000.760] [12545:12545] [TS] Pending Last Known Good Time: 2023-10-14T01:16:48[0m
[0;32m[2524608000.760] [12545:12545] [TS] Previous Last Known Good Time: 2023-10-14T01:16:48[0m
[0;32m[2524608000.760] [12545:12545] [TS] Reverted Last Known Good Time to previous value[0m
[0;34m[2524608000.763] [12545:12545] [DL] Wrote settings to /tmp/chip_counters.ini[0m
[0;32m[2524608000.763] [12545:12545] [DL] NVS set: chip-counters/total-operational-hours = 0 (0x0)[0m
[0;32m[2524608000.763] [12545:12545] [DL] Inet Layer shutdown[0m
[0;32m[2524608000.763] [12545:12545] [DL] BLE Layer shutdown[0m
[0;32m[2524608000.763] [12545:12545] [DL] WiFi-PAF Layer shutdown[0m
[0;32m[2524608000.763] [12545:12545] [PAF] WiFiPAF: Closing all WiFiPAF sessions to shutdown[0m
[0;32m[2524608000.763] [12545:12545] [DL] System Layer shutdown[0m
[1;31m[2524608000.763] [12545:12545] [TOO] Run command failure: src/credentials/CHIPCert.cpp:1481: CHIP Error 0x0000004E: Certificate expired[0m
