[0;34m[1784833989.622] [12481:12481] [DL] ChipLinuxStorage::Init: Using KVS config file: /tmp/chip_tool_kvs[0m
[1;31m[1784833989.624] [12481:12481] [DL] ChipLinuxStorage::Init: Attempt to re-initialize with KVS config file: /tmp/chip_kvs, IGNORING.[0m
[0;34m[1784833989.625] [12481:12481] [DL] ChipLinuxStorage::Init: Using KVS config file: /tmp/chip_factory.ini[0m
[0;34m[1784833989.625] [12481:12481] [DL] ChipLinuxStorage::Init: Using KVS config file: /tmp/chip_config.ini[0m
[0;34m[1784833989.625] [12481:12481] [DL] ChipLinuxStorage::Init: Using KVS config file: /tmp/chip_counters.ini[0m
[0;34m[1784833989.628] [12481:12481] [DL] Wrote settings to /tmp/chip_counters.ini[0m
[0;32m[1784833989.628] [12481:12481] [DL] NVS set: chip-counters/reboot-count = 3 (0x3)[0m
[0;32m[1784833989.628] [12481:12481] [DL] Got Ethernet interface: enp0s3[0m
[0;32m[1784833989.628] [12481:12481] [DL] Found the primary Ethernet interface:enp0s3[0m
[1;31m[1784833989.628] [12481:12481] [DL] Failed to get WiFi interface[0m
[1;31m[1784833989.628] [12481:12481] [DL] Failed to reset WiFi statistic counts[0m
[0;32m[1784833989.628] [12481:12481] [PAF] WiFiPAF: WiFiPAFLayer::Init()[0m
[0;34m[1784833989.628] [12481:12481] [IN] UDP::Init bind&listen port=0[0m
[0;34m[1784833989.628] [12481:12481] [IN] UDP::Init bound to port=55924[0m
[0;34m[1784833989.628] [12481:12481] [IN] UDP::Init bind&listen port=0[0m
[0;34m[1784833989.628] [12481:12481] [IN] UDP::Init bound to port=43627[0m
[0;34m[1784833989.628] [12481:12481] [IN] BLEBase::Init - setting/overriding transport[0m
[0;34m[1784833989.628] [12481:12481] [IN] WiFiPAFBase::Init - setting/overriding transport[0m
[0;34m[1784833989.628] [12481:12481] [IN] TransportMgr initialized[0m
[0;34m[1784833989.628] [12481:12481] [FP] Initializing FabricTable from persistent storage[0m
[0;32m[1784833989.628] [12481:12481] [TS] Last Known Good Time: 2023-10-14T01:16:48[0m
[0;32m[1784833989.628] [12481:12481] [FP] Fabric index 0x1 was retrieved from storage. Compressed FabricId 0xA75DABD36937F68C, FabricId 0x0000000000000001, NodeId 0x000000000001B669, VendorId 0xFFF1[0m
[0;32m[1784833989.629] [12481:12481] [DMG] Ember attribute persistence requires setting up[0m
[0;32m[1784833989.629] [12481:12481] [ZCL] Using ZAP configuration...[0m
[0;34m[1784833989.630] [12481:12481] [CTL] System State Initialized...[0m
[0;32m[1784833989.630] [12481:12481] [CTL] Setting attestation nonce to random value[0m
[0;32m[1784833989.630] [12481:12481] [CTL] Setting CSR nonce to random value[0m
[0;34m[1784833989.630] [12481:12483] [DL] CHIP task running[0m
[0;32m[1784833989.630] [12481:12483] [CTL] Setting attestation nonce to random value[0m
[0;32m[1784833989.630] [12481:12483] [CTL] Setting CSR nonce to random value[0m
[0;32m[1784833989.630] [12481:12483] [CTL] Generating NOC[0m
[0;32m[1784833989.630] [12481:12483] [FP] Validating NOC chain[0m
[0;32m[1784833989.630] [12481:12483] [FP] NOC chain validation successful[0m
[0;32m[1784833989.630] [12481:12483] [FP] Updated fabric at index: 0x1, Node ID: 0x000000000001B669[0m
[0;32m[1784833989.630] [12481:12483] [TS] Last Known Good Time: 2023-10-14T01:16:48[0m
[0;32m[1784833989.630] [12481:12483] [TS] New proposed Last Known Good Time: 2021-01-01T00:00:00[0m
[0;32m[1784833989.630] [12481:12483] [TS] Retaining current Last Known Good Time[0m
[0;32m[1784833989.633] [12481:12483] [FP] Metadata for Fabric 0x1 persisted to storage.[0m
[0;32m[1784833989.633] [12481:12483] [TS] Committing Last Known Good Time to storage: 2023-10-14T01:16:48[0m
[0;32m[1784833989.634] [12481:12483] [CTL] Joined the fabric at index 1. Fabric ID is 0x0000000000000001 (Compressed Fabric ID: A75DABD36937F68C)[0m
[0;32m[1784833989.639] [12481:12483] [TOO] Sending command to node 0x1[0m
[0;34m[1784833989.639] [12481:12483] [CSM] FindOrEstablishSession: PeerId = [1:0000000000000001][0m
[0;34m[1784833989.639] [12481:12483] [CSM] FindOrEstablishSession: No existing OperationalSessionSetup instance found[0m
[0;34m[1784833989.639] [12481:12483] [DIS] OperationalSessionSetup[1:0000000000000001]: State change 1 --> 2[0m
[0;32m[1784833989.639] [12481:12483] [DIS] Lookup started for A75DABD36937F68C-0000000000000001[0m
[0;32m[1784833989.640] [12481:12483] [DIS] UDP:[fe80::bfe:a203:38f0:bce7%enp0s3]:5540: new best score: 7 (for A75DABD36937F68C-0000000000000001)[0m
[0;34m[1784833989.640] [12481:12483] [DIS] Lookup clearing interface for non LL address[0m
[0;32m[1784833989.640] [12481:12483] [DIS] UDP:10.0.2.15%enp0s3:5540: new best score: 2 (for A75DABD36937F68C-0000000000000001)[0m
[0;32m[1784833989.640] [12481:12483] [DIS] Checking node lookup status for A75DABD36937F68C-0000000000000001 after 1 ms[0m
[0;32m[1784833989.640] [12481:12483] [DIS] Keeping DNSSD lookup active[0m
[0;32m[1784833989.640] [12481:12483] [DIS] UDP:[fe80::bfe:a203:38f0:bce7%enp0s3]:5540: score has not improved: 7 (for A75DABD36937F68C-0000000000000001)[0m
[0;34m[1784833989.640] [12481:12483] [DIS] Lookup clearing interface for non LL address[0m
[0;32m[1784833989.640] [12481:12483] [DIS] UDP:10.0.2.15%enp0s3:5540: score has not improved: 2 (for A75DABD36937F68C-0000000000000001)[0m
[0;32m[1784833989.640] [12481:12483] [DIS] Checking node lookup status for A75DABD36937F68C-0000000000000001 after 1 ms[0m
[0;32m[1784833989.640] [12481:12483] [DIS] Keeping DNSSD lookup active[0m
[0;32m[1784833989.841] [12481:12483] [DIS] Checking node lookup status for A75DABD36937F68C-0000000000000001 after 202 ms[0m
[0;34m[1784833989.841] [12481:12483] [DIS] OperationalSessionSetup[1:0000000000000001]: Updating device address to UDP:[fe80::bfe:a203:38f0:bce7%enp0s3]:5540 while in state 2[0m
[0;34m[1784833989.841] [12481:12483] [DIS] OperationalSessionSetup[1:0000000000000001]: State change 2 --> 3[0m
[0;34m[1784833989.841] [12481:12483] [IN] SecureSession[0x7dac4c009cd0]: Allocated Type:2 LSID:48323[0m
[0;32m[1784833989.841] [12481:12483] [SC] Initiating session on local FabricIndex 1 from 0x000000000001B669 -> 0x0000000000000001[0m
[0;32m[1784833989.841] [12481:12483] [EM] <<< [E:57539i S:0 M:254110156] (U) Msg TX from 80B3A64B70F408C3 to 0:0000000000000000 [0000] [UDP:[fe80::bfe:a203:38f0:bce7%enp0s3]:5540] --- Type 0000:30 (SecureChannel:CASE_Sigma1) (B:196)[0m
[0;32m[1784833989.842] [12481:12483] [EM] ??1 [E:57539i S:0 M:254110156] (U) Msg Retransmission to 0:0000000000000000 scheduled for 664ms from now [State:Idle II:500 AI:300 AT:4000][0m
[0;32m[1784833989.842] [12481:12483] [SC] Sent Sigma1 msg to <0000000000000001, 1> [II:500ms AI:300ms AT:4000ms][0m
[0;34m[1784833989.842] [12481:12483] [DIS] OperationalSessionSetup[1:0000000000000001]: State change 3 --> 4[0m
[0;32m[1784833989.843] [12481:12483] [EM] >>> [E:57539i S:0 M:156221783 (Ack:254110156)] (U) Msg RX from 0:0000000000000000 [0000] to 80B3A64B70F408C3 --- Type 0000:31 (SecureChannel:CASE_Sigma2) (B:751)[0m
[0;34m[1784833989.843] [12481:12483] [EM] Found matching exchange: 57539i, Delegate: 0x7dac4c00b8e8[0m
[0;34m[1784833989.843] [12481:12483] [EM] Rxd Ack; Removing MessageCounter:254110156 from Retrans Table on exchange 57539i[0m
[0;32m[1784833989.843] [12481:12483] [SC] Received Sigma2 msg[0m
[0;34m[1784833989.843] [12481:12483] [SC] Found MRP parameters in the message[0m
[0;34m[1784833989.844] [12481:12483] [SC] Peer <0000000000000001, 1> assigned session ID 19245[0m
[0;34m[1784833989.844] [12481:12483] [SC] Sending Sigma3[0m
[0;32m[1784833989.844] [12481:12483] [EM] <<< [E:57539i S:0 M:254110157 (Ack:156221783)] (U) Msg TX from 80B3A64B70F408C3 to 0:0000000000000000 [0000] [UDP:[fe80::bfe:a203:38f0:bce7%enp0s3]:5540] --- Type 0000:32 (SecureChannel:CASE_Sigma3) (B:598)[0m
[0;32m[1784833989.844] [12481:12483] [EM] ??1 [E:57539i S:0 M:254110157] (U) Msg Retransmission to 0:0000000000000000 scheduled for 351ms from now [State:Active II:500 AI:300 AT:4000][0m
[0;32m[1784833989.844] [12481:12483] [SC] Sent Sigma3 msg[0m
[0;32m[1784833989.854] [12481:12483] [EM] >>> [E:57539i S:0 M:156221784 (Ack:254110157)] (U) Msg RX from 0:0000000000000000 [0000] to 80B3A64B70F408C3 --- Type 0000:40 (SecureChannel:StatusReport) (B:34)[0m
[0;34m[1784833989.854] [12481:12483] [EM] Found matching exchange: 57539i, Delegate: 0x7dac4c00b8e8[0m
[0;34m[1784833989.854] [12481:12483] [EM] Rxd Ack; Removing MessageCounter:254110157 from Retrans Table on exchange 57539i[0m
[0;32m[1784833989.854] [12481:12483] [SC] Success status report received. Session was established[0m
[0;32m[1784833989.855] [12481:12483] [SC] SecureSession[0x7dac4c009cd0, LSID:48323]: State change 'kEstablishing' --> 'kActive'[0m
[0;34m[1784833989.855] [12481:12483] [IN] SecureSession[0x7dac4c009cd0]: Activated - Type:2 LSID:48323[0m
[0;34m[1784833989.855] [12481:12483] [IN] New secure session activated for device <0000000000000001, 1>, LSID:48323 PSID:19245![0m
[0;34m[1784833989.855] [12481:12483] [DIS] OperationalSessionSetup[1:0000000000000001]: State change 4 --> 5[0m
[0;32m[1784833989.855] [12481:12483] [TOO] Sending cluster (0x00000038) command (0x00000000) on endpoint 0[0m
[0;34m[1784833989.855] [12481:12483] [DMG] ICR moving to [AddingComm][0m
[0;34m[1784833989.855] [12481:12483] [DMG] ICR moving to [AddedComma][0m
[0;32m[1784833989.855] [12481:12483] [EM] <<< [E:57540i S:48323 M:226211241] (S) Msg TX from 000000000001B669 to 1:0000000000000001 [F68C] [UDP:[fe80::bfe:a203:38f0:bce7%enp0s3]:5540] --- Type 0001:08 (IM:InvokeCommandRequest) (B:72)[0m
[0;32m[1784833989.855] [12481:12483] [EM] ??1 [E:57540i S:48323 M:226211241] (S) Msg Retransmission to 1:0000000000000001 scheduled for 387ms from now [State:Active II:500 AI:300 AT:4000][0m
[0;34m[1784833989.855] [12481:12483] [DMG] ICR moving to [AwaitingRe][0m
[0;32m[1784833989.855] [12481:12483] [EM] <<< [E:57539i S:0 M:254110158 (Ack:156221784)] (U) Msg TX from 80B3A64B70F408C3 to 0:0000000000000000 [0000] [UDP:[fe80::bfe:a203:38f0:bce7%enp0s3]:5540] --- Type 0000:10 (SecureChannel:StandaloneAck) (B:26)[0m
[0;34m[1784833989.855] [12481:12483] [EM] Flushed pending ack for MessageCounter:156221784 on exchange 57539i[0m
[0;32m[2524608000.000] [12481:12483] [EM] >>> [E:57540i S:48323 M:130003923 (Ack:226211241)] (S) Msg RX from 1:0000000000000001 [F68C] to 000000000001B669 --- Type 0001:09 (IM:InvokeCommandResponse) (B:67)[0m
[0;34m[2524608000.000] [12481:12483] [EM] Found matching exchange: 57540i, Delegate: 0x7dac4c00eef8[0m
[0;34m[2524608000.000] [12481:12483] [EM] Rxd Ack; Removing MessageCounter:226211241 from Retrans Table on exchange 57540i[0m
[0;34m[2524608000.000] [12481:12483] [DMG] ICR moving to [ResponseRe][0m
[0;34m[2524608000.000] [12481:12483] [DMG] InvokeResponseMessage =[0m
[0;34m[2524608000.000] [12481:12483] [DMG] {[0m
[0;34m[2524608000.000] [12481:12483] [DMG] 	suppressResponse = false, [0m
[0;34m[2524608000.000] [12481:12483] [DMG] 	InvokeResponseIBs =[0m
[0;34m[2524608000.000] [12481:12483] [DMG] 	[[0m
[0;34m[2524608000.000] [12481:12483] [DMG] 		InvokeResponseIB =[0m
[0;34m[2524608000.000] [12481:12483] [DMG] 		{[0m
[0;34m[2524608000.000] [12481:12483] [DMG] 			CommandStatusIB =[0m
[0;34m[2524608000.000] [12481:12483] [DMG] 			{[0m
[0;34m[2524608000.000] [12481:12483] [DMG] 				CommandPathIB =[0m
[0;34m[2524608000.000] [12481:12483] [DMG] 				{[0m
[0;34m[2524608000.000] [12481:12483] [DMG] 					EndpointId = 0x0,[0m
[0;34m[2524608000.000] [12481:12483] [DMG] 					ClusterId = 0x38,[0m
[0;34m[2524608000.000] [12481:12483] [DMG] 					CommandId = 0x0,[0m
[0;34m[2524608000.000] [12481:12483] [DMG] 				},[0m
[0;34m[2524608000.000] [12481:12483] [DMG] 				[0m
[0;34m[2524608000.000] [12481:12483] [DMG] 				StatusIB =[0m
[0;34m[2524608000.000] [12481:12483] [DMG] 				{[0m
[0;34m[2524608000.000] [12481:12483] [DMG] 					status = 0x00 (SUCCESS),[0m
[0;34m[2524608000.000] [12481:12483] [DMG] 				},[0m
[0;34m[2524608000.000] [12481:12483] [DMG] 				[0m
[0;34m[2524608000.000] [12481:12483] [DMG] 			},[0m
[0;34m[2524608000.000] [12481:12483] [DMG] 			[0m
[0;34m[2524608000.000] [12481:12483] [DMG] 		},[0m
[0;34m[2524608000.000] [12481:12483] [DMG] 		[0m
[0;34m[2524608000.000] [12481:12483] [DMG] 	],[0m
[0;34m[2524608000.000] [12481:12483] [DMG] 	[0m
[0;34m[2524608000.000] [12481:12483] [DMG] 	InteractionModelRevision = 12[0m
[0;34m[2524608000.000] [12481:12483] [DMG] },[0m
[0;32m[2524608000.000] [12481:12483] [DMG] Received Command Response Status for Endpoint=0 Cluster=0x0000_0038 Command=0x0000_0000 Status=0x0[0m
[0;34m[2524608000.000] [12481:12483] [DMG] ICR moving to [AwaitingDe][0m
[0;32m[2524608000.000] [12481:12483] [EM] <<< [E:57540i S:48323 M:226211242 (Ack:130003923)] (S) Msg TX from 000000000001B669 to 1:0000000000000001 [F68C] [UDP:[fe80::bfe:a203:38f0:bce7%enp0s3]:5540] --- Type 0000:10 (SecureChannel:StandaloneAck) (B:34)[0m
[0;34m[2524608000.001] [12481:12483] [EM] Flushed pending ack for MessageCounter:130003923 on exchange 57540i[0m
[0;34m[2524608000.003] [12481:12481] [CTL] Shutting down the commissioner[0m
[0;32m[2524608000.003] [12481:12481] [PAF] WiFiPAF: Closing all WiFiPAF sessions to shutdown[0m
[0;34m[2524608000.003] [12481:12481] [CTL] Shutting down the controller[0m
[0;34m[2524608000.003] [12481:12481] [IN] Expiring all sessions for fabric 0x1!![0m
[0;34m[2524608000.003] [12481:12481] [IN] SecureSession[0x7dac4c009cd0]: MarkForEviction Type:2 LSID:48323[0m
[0;32m[2524608000.003] [12481:12481] [SC] SecureSession[0x7dac4c009cd0, LSID:48323]: State change 'kActive' --> 'kPendingEviction'[0m
[0;34m[2524608000.003] [12481:12481] [IN] SecureSession[0x7dac4c009cd0]: Released - Type:2 LSID:48323[0m
[0;32m[2524608000.003] [12481:12481] [FP] Forgetting fabric 0x1[0m
[0;32m[2524608000.003] [12481:12481] [TS] Pending Last Known Good Time: 2023-10-14T01:16:48[0m
[0;32m[2524608000.003] [12481:12481] [TS] Previous Last Known Good Time: 2023-10-14T01:16:48[0m
[0;32m[2524608000.003] [12481:12481] [TS] Reverted Last Known Good Time to previous value[0m
[0;34m[2524608000.003] [12481:12481] [CTL] Shutting down the commissioner[0m
[0;32m[2524608000.003] [12481:12481] [PAF] WiFiPAF: Closing all WiFiPAF sessions to shutdown[0m
[0;34m[2524608000.003] [12481:12481] [CTL] Shutting down the controller[0m
[0;34m[2524608000.003] [12481:12481] [CTL] Shutting down the System State, this will teardown the CHIP Stack[0m
[0;34m[2524608000.003] [12481:12481] [DMG] All ReadHandler-s are clean, clear GlobalDirtySet[0m
[0;32m[2524608000.003] [12481:12481] [FP] Shutting down FabricTable[0m
[0;32m[2524608000.003] [12481:12481] [TS] Pending Last Known Good Time: 2023-10-14T01:16:48[0m
[0;32m[2524608000.004] [12481:12481] [TS] Previous Last Known Good Time: 2023-10-14T01:16:48[0m
[0;32m[2524608000.004] [12481:12481] [TS] Reverted Last Known Good Time to previous value[0m
[0;34m[2524608000.008] [12481:12481] [DL] Wrote settings to /tmp/chip_counters.ini[0m
[0;32m[2524608000.008] [12481:12481] [DL] NVS set: chip-counters/total-operational-hours = 0 (0x0)[0m
[0;32m[2524608000.008] [12481:12481] [DL] Inet Layer shutdown[0m
[0;32m[2524608000.008] [12481:12481] [DL] BLE Layer shutdown[0m
[0;32m[2524608000.008] [12481:12481] [DL] WiFi-PAF Layer shutdown[0m
[0;32m[2524608000.008] [12481:12481] [PAF] WiFiPAF: Closing all WiFiPAF sessions to shutdown[0m
[0;32m[2524608000.008] [12481:12481] [DL] System Layer shutdown[0m
