[0;34m[1784837621.651] [21575:21575] [DL] ChipLinuxStorage::Init: Using KVS config file: /tmp/chip_tool_kvs[0m
[1;31m[1784837621.653] [21575:21575] [DL] ChipLinuxStorage::Init: Attempt to re-initialize with KVS config file: /tmp/chip_kvs, IGNORING.[0m
[0;34m[1784837621.654] [21575:21575] [DL] ChipLinuxStorage::Init: Using KVS config file: /tmp/chip_factory.ini[0m
[0;34m[1784837621.654] [21575:21575] [DL] ChipLinuxStorage::Init: Using KVS config file: /tmp/chip_config.ini[0m
[0;34m[1784837621.654] [21575:21575] [DL] ChipLinuxStorage::Init: Using KVS config file: /tmp/chip_counters.ini[0m
[0;34m[1784837621.657] [21575:21575] [DL] Wrote settings to /tmp/chip_counters.ini[0m
[0;32m[1784837621.657] [21575:21575] [DL] NVS set: chip-counters/reboot-count = 3 (0x3)[0m
[0;32m[1784837621.657] [21575:21575] [DL] Got Ethernet interface: enp0s3[0m
[0;32m[1784837621.657] [21575:21575] [DL] Found the primary Ethernet interface:enp0s3[0m
[1;31m[1784837621.657] [21575:21575] [DL] Failed to get WiFi interface[0m
[1;31m[1784837621.657] [21575:21575] [DL] Failed to reset WiFi statistic counts[0m
[0;32m[1784837621.657] [21575:21575] [PAF] WiFiPAF: WiFiPAFLayer::Init()[0m
[0;34m[1784837621.657] [21575:21575] [IN] UDP::Init bind&listen port=0[0m
[0;34m[1784837621.657] [21575:21575] [IN] UDP::Init bound to port=50472[0m
[0;34m[1784837621.657] [21575:21575] [IN] UDP::Init bind&listen port=0[0m
[0;34m[1784837621.657] [21575:21575] [IN] UDP::Init bound to port=55049[0m
[0;34m[1784837621.657] [21575:21575] [IN] BLEBase::Init - setting/overriding transport[0m
[0;34m[1784837621.657] [21575:21575] [IN] WiFiPAFBase::Init - setting/overriding transport[0m
[0;34m[1784837621.657] [21575:21575] [IN] TransportMgr initialized[0m
[0;34m[1784837621.657] [21575:21575] [FP] Initializing FabricTable from persistent storage[0m
[0;32m[1784837621.657] [21575:21575] [TS] Last Known Good Time: 2023-10-14T01:16:48[0m
[0;32m[1784837621.657] [21575:21575] [FP] Fabric index 0x1 was retrieved from storage. Compressed FabricId 0x7776C718AFD9DCEC, FabricId 0x0000000000000001, NodeId 0x000000000001B669, VendorId 0xFFF1[0m
[0;32m[1784837621.658] [21575:21575] [DMG] Ember attribute persistence requires setting up[0m
[0;32m[1784837621.658] [21575:21575] [ZCL] Using ZAP configuration...[0m
[0;34m[1784837621.658] [21575:21575] [CTL] System State Initialized...[0m
[0;32m[1784837621.658] [21575:21575] [CTL] Setting attestation nonce to random value[0m
[0;32m[1784837621.658] [21575:21575] [CTL] Setting CSR nonce to random value[0m
[0;34m[1784837621.658] [21575:21577] [DL] CHIP task running[0m
[0;32m[1784837621.659] [21575:21577] [CTL] Setting attestation nonce to random value[0m
[0;32m[1784837621.659] [21575:21577] [CTL] Setting CSR nonce to random value[0m
[0;32m[1784837621.659] [21575:21577] [CTL] Generating NOC[0m
[0;32m[1784837621.659] [21575:21577] [FP] Validating NOC chain[0m
[0;32m[1784837621.659] [21575:21577] [FP] NOC chain validation successful[0m
[0;32m[1784837621.659] [21575:21577] [FP] Updated fabric at index: 0x1, Node ID: 0x000000000001B669[0m
[0;32m[1784837621.659] [21575:21577] [TS] Last Known Good Time: 2023-10-14T01:16:48[0m
[0;32m[1784837621.659] [21575:21577] [TS] New proposed Last Known Good Time: 2021-01-01T00:00:00[0m
[0;32m[1784837621.659] [21575:21577] [TS] Retaining current Last Known Good Time[0m
[0;32m[1784837621.661] [21575:21577] [FP] Metadata for Fabric 0x1 persisted to storage.[0m
[0;32m[1784837621.662] [21575:21577] [TS] Committing Last Known Good Time to storage: 2023-10-14T01:16:48[0m
[0;32m[1784837621.663] [21575:21577] [CTL] Joined the fabric at index 1. Fabric ID is 0x0000000000000001 (Compressed Fabric ID: 7776C718AFD9DCEC)[0m
[0;32m[1784837621.667] [21575:21577] [TOO] Sending command to node 0x1[0m
[0;34m[1784837621.667] [21575:21577] [CSM] FindOrEstablishSession: PeerId = [1:0000000000000001][0m
[0;34m[1784837621.667] [21575:21577] [CSM] FindOrEstablishSession: No existing OperationalSessionSetup instance found[0m
[0;34m[1784837621.667] [21575:21577] [DIS] OperationalSessionSetup[1:0000000000000001]: State change 1 --> 2[0m
[0;32m[1784837621.667] [21575:21577] [DIS] Lookup started for 7776C718AFD9DCEC-0000000000000001[0m
[0;32m[1784837621.667] [21575:21577] [DIS] UDP:[fe80::bfe:a203:38f0:bce7%enp0s3]:5540: new best score: 7 (for 7776C718AFD9DCEC-0000000000000001)[0m
[0;34m[1784837621.667] [21575:21577] [DIS] Lookup clearing interface for non LL address[0m
[0;32m[1784837621.667] [21575:21577] [DIS] UDP:10.0.2.15%enp0s3:5540: new best score: 2 (for 7776C718AFD9DCEC-0000000000000001)[0m
[0;32m[1784837621.667] [21575:21577] [DIS] Checking node lookup status for 7776C718AFD9DCEC-0000000000000001 after 0 ms[0m
[0;32m[1784837621.667] [21575:21577] [DIS] Keeping DNSSD lookup active[0m
[0;32m[1784837621.667] [21575:21577] [DIS] UDP:[fe80::bfe:a203:38f0:bce7%enp0s3]:5540: score has not improved: 7 (for 7776C718AFD9DCEC-0000000000000001)[0m
[0;34m[1784837621.667] [21575:21577] [DIS] Lookup clearing interface for non LL address[0m
[0;32m[1784837621.667] [21575:21577] [DIS] UDP:10.0.2.15%enp0s3:5540: score has not improved: 2 (for 7776C718AFD9DCEC-0000000000000001)[0m
[0;32m[1784837621.667] [21575:21577] [DIS] Checking node lookup status for 7776C718AFD9DCEC-0000000000000001 after 0 ms[0m
[0;32m[1784837621.667] [21575:21577] [DIS] Keeping DNSSD lookup active[0m
[0;32m[1784837621.900] [21575:21577] [DIS] Checking node lookup status for 7776C718AFD9DCEC-0000000000000001 after 233 ms[0m
[0;34m[1784837621.901] [21575:21577] [DIS] OperationalSessionSetup[1:0000000000000001]: Updating device address to UDP:[fe80::bfe:a203:38f0:bce7%enp0s3]:5540 while in state 2[0m
[0;34m[1784837621.901] [21575:21577] [DIS] OperationalSessionSetup[1:0000000000000001]: State change 2 --> 3[0m
[0;34m[1784837621.901] [21575:21577] [IN] SecureSession[0x71d1b8009cd0]: Allocated Type:2 LSID:31264[0m
[0;32m[1784837621.901] [21575:21577] [SC] Initiating session on local FabricIndex 1 from 0x000000000001B669 -> 0x0000000000000001[0m
[0;32m[1784837621.902] [21575:21577] [EM] <<< [E:4470i S:0 M:231768642] (U) Msg TX from 1ABA229C0A3C1D02 to 0:0000000000000000 [0000] [UDP:[fe80::bfe:a203:38f0:bce7%enp0s3]:5540] --- Type 0000:30 (SecureChannel:CASE_Sigma1) (B:196)[0m
[0;32m[1784837621.902] [21575:21577] [EM] ??1 [E:4470i S:0 M:231768642] (U) Msg Retransmission to 0:0000000000000000 scheduled for 639ms from now [State:Idle II:500 AI:300 AT:4000][0m
[0;32m[1784837621.902] [21575:21577] [SC] Sent Sigma1 msg to <0000000000000001, 1> [II:500ms AI:300ms AT:4000ms][0m
[0;34m[1784837621.902] [21575:21577] [DIS] OperationalSessionSetup[1:0000000000000001]: State change 3 --> 4[0m
[0;32m[1784837621.908] [21575:21577] [EM] >>> [E:4470i S:0 M:87476020 (Ack:231768642)] (U) Msg RX from 0:0000000000000000 [0000] to 1ABA229C0A3C1D02 --- Type 0000:31 (SecureChannel:CASE_Sigma2) (B:751)[0m
[0;34m[1784837621.908] [21575:21577] [EM] Found matching exchange: 4470i, Delegate: 0x71d1b800b8e8[0m
[0;34m[1784837621.908] [21575:21577] [EM] Rxd Ack; Removing MessageCounter:231768642 from Retrans Table on exchange 4470i[0m
[0;32m[1784837621.908] [21575:21577] [SC] Received Sigma2 msg[0m
[0;34m[1784837621.908] [21575:21577] [SC] Found MRP parameters in the message[0m
[0;34m[1784837621.908] [21575:21577] [SC] Peer <0000000000000001, 1> assigned session ID 508[0m
[0;34m[1784837621.909] [21575:21577] [SC] Sending Sigma3[0m
[0;32m[1784837621.909] [21575:21577] [EM] <<< [E:4470i S:0 M:231768643 (Ack:87476020)] (U) Msg TX from 1ABA229C0A3C1D02 to 0:0000000000000000 [0000] [UDP:[fe80::bfe:a203:38f0:bce7%enp0s3]:5540] --- Type 0000:32 (SecureChannel:CASE_Sigma3) (B:598)[0m
[0;32m[1784837621.909] [21575:21577] [EM] ??1 [E:4470i S:0 M:231768643] (U) Msg Retransmission to 0:0000000000000000 scheduled for 378ms from now [State:Active II:500 AI:300 AT:4000][0m
[0;32m[1784837621.909] [21575:21577] [SC] Sent Sigma3 msg[0m
[0;32m[1784837621.919] [21575:21577] [EM] >>> [E:4470i S:0 M:87476021 (Ack:231768643)] (U) Msg RX from 0:0000000000000000 [0000] to 1ABA229C0A3C1D02 --- Type 0000:40 (SecureChannel:StatusReport) (B:34)[0m
[0;34m[1784837621.919] [21575:21577] [EM] Found matching exchange: 4470i, Delegate: 0x71d1b800b8e8[0m
[0;34m[1784837621.919] [21575:21577] [EM] Rxd Ack; Removing MessageCounter:231768643 from Retrans Table on exchange 4470i[0m
[0;32m[1784837621.919] [21575:21577] [SC] Success status report received. Session was established[0m
[0;32m[1784837621.920] [21575:21577] [SC] SecureSession[0x71d1b8009cd0, LSID:31264]: State change 'kEstablishing' --> 'kActive'[0m
[0;34m[1784837621.920] [21575:21577] [IN] SecureSession[0x71d1b8009cd0]: Activated - Type:2 LSID:31264[0m
[0;34m[1784837621.920] [21575:21577] [IN] New secure session activated for device <0000000000000001, 1>, LSID:31264 PSID:508![0m
[0;34m[1784837621.920] [21575:21577] [DIS] OperationalSessionSetup[1:0000000000000001]: State change 4 --> 5[0m
[0;32m[1784837621.920] [21575:21577] [TOO] Sending ReadAttribute to:[0m
[0;32m[1784837621.920] [21575:21577] [TOO] 	cluster 0x0000_0038, attribute: 0x0000_0000, endpoint 0[0m
[0;34m[1784837621.920] [21575:21577] [DMG] SendReadRequest ReadClient[0x71d1b800eef0]: Sending Read Request[0m
[0;32m[1784837621.920] [21575:21577] [DMG] 0 data version filters provided, 0 not relevant, 0 encoded, 0 skipped due to lack of space[0m
[0;32m[1784837621.920] [21575:21577] [EM] <<< [E:4471i S:31264 M:249077689] (S) Msg TX from 000000000001B669 to 1:0000000000000001 [DCEC] [UDP:[fe80::bfe:a203:38f0:bce7%enp0s3]:5540] --- Type 0001:02 (IM:ReadRequest) (B:51)[0m
[0;32m[1784837621.920] [21575:21577] [EM] ??1 [E:4471i S:31264 M:249077689] (S) Msg Retransmission to 1:0000000000000001 scheduled for 341ms from now [State:Active II:500 AI:300 AT:4000][0m
[0;34m[1784837621.920] [21575:21577] [DMG] MoveToState ReadClient[0x71d1b800eef0]: Moving to [AwaitingIn][0m
[0;32m[1784837621.920] [21575:21577] [EM] <<< [E:4470i S:0 M:231768644 (Ack:87476021)] (U) Msg TX from 1ABA229C0A3C1D02 to 0:0000000000000000 [0000] [UDP:[fe80::bfe:a203:38f0:bce7%enp0s3]:5540] --- Type 0000:10 (SecureChannel:StandaloneAck) (B:26)[0m
[0;34m[1784837621.920] [21575:21577] [EM] Flushed pending ack for MessageCounter:87476021 on exchange 4470i[0m
[0;32m[1784837621.921] [21575:21577] [EM] >>> [E:4471i S:31264 M:147927701 (Ack:249077689)] (S) Msg RX from 1:0000000000000001 [DCEC] to 000000000001B669 --- Type 0001:05 (IM:ReportData) (B:77)[0m
[0;34m[1784837621.921] [21575:21577] [EM] Found matching exchange: 4471i, Delegate: 0x71d1b800ef00[0m
[0;34m[1784837621.921] [21575:21577] [EM] Rxd Ack; Removing MessageCounter:249077689 from Retrans Table on exchange 4471i[0m
[0;34m[1784837621.921] [21575:21577] [DMG] ReportDataMessage =[0m
[0;34m[1784837621.921] [21575:21577] [DMG] {[0m
[0;34m[1784837621.921] [21575:21577] [DMG] 	AttributeReportIBs =[0m
[0;34m[1784837621.921] [21575:21577] [DMG] 	[[0m
[0;34m[1784837621.921] [21575:21577] [DMG] 		AttributeReportIB =[0m
[0;34m[1784837621.921] [21575:21577] [DMG] 		{[0m
[0;34m[1784837621.921] [21575:21577] [DMG] 			AttributeDataIB =[0m
[0;34m[1784837621.921] [21575:21577] [DMG] 			{[0m
[0;34m[1784837621.921] [21575:21577] [DMG] 				DataVersion = 0xda479066,[0m
[0;34m[1784837621.921] [21575:21577] [DMG] 				AttributePathIB =[0m
[0;34m[1784837621.921] [21575:21577] [DMG] 				{[0m
[0;34m[1784837621.921] [21575:21577] [DMG] 					Endpoint = 0x0,[0m
[0;34m[1784837621.921] [21575:21577] [DMG] 					Cluster = 0x38,[0m
[0;34m[1784837621.921] [21575:21577] [DMG] 					Attribute = 0x0000_0000,[0m
[0;34m[1784837621.921] [21575:21577] [DMG] 				}[0m
[0;34m[1784837621.921] [21575:21577] [DMG] 					[0m
[0;34m[1784837621.921] [21575:21577] [DMG] 				Data = 838152821921092 (unsigned), [0m
[0;34m[1784837621.921] [21575:21577] [DMG] 			},[0m
[0;34m[1784837621.921] [21575:21577] [DMG] 			[0m
[0;34m[1784837621.921] [21575:21577] [DMG] 		},[0m
[0;34m[1784837621.921] [21575:21577] [DMG] 		[0m
[0;34m[1784837621.921] [21575:21577] [DMG] 	],[0m
[0;34m[1784837621.921] [21575:21577] [DMG] 	[0m
[0;34m[1784837621.921] [21575:21577] [DMG] 	SuppressResponse = true, [0m
[0;34m[1784837621.921] [21575:21577] [DMG] 	InteractionModelRevision = 12[0m
[0;34m[1784837621.921] [21575:21577] [DMG] }[0m
[0;32m[1784837621.921] [21575:21577] [TOO] Endpoint: 0 Cluster: 0x0000_0038 Attribute 0x0000_0000 DataVersion: 3662123110[0m
[0;32m[1784837621.921] [21575:21577] [TOO]   UTCTime: 838152821921092[0m
[0;32m[1784837621.921] [21575:21577] [EM] <<< [E:4471i S:31264 M:249077690 (Ack:147927701)] (S) Msg TX from 000000000001B669 to 1:0000000000000001 [DCEC] [UDP:[fe80::bfe:a203:38f0:bce7%enp0s3]:5540] --- Type 0000:10 (SecureChannel:StandaloneAck) (B:34)[0m
[0;34m[1784837621.921] [21575:21577] [EM] Flushed pending ack for MessageCounter:147927701 on exchange 4471i[0m
[0;34m[1784837621.921] [21575:21575] [CTL] Shutting down the commissioner[0m
[0;32m[1784837621.921] [21575:21575] [PAF] WiFiPAF: Closing all WiFiPAF sessions to shutdown[0m
[0;34m[1784837621.921] [21575:21575] [CTL] Shutting down the controller[0m
[0;34m[1784837621.921] [21575:21575] [IN] Expiring all sessions for fabric 0x1!![0m
[0;34m[1784837621.921] [21575:21575] [IN] SecureSession[0x71d1b8009cd0]: MarkForEviction Type:2 LSID:31264[0m
[0;32m[1784837621.921] [21575:21575] [SC] SecureSession[0x71d1b8009cd0, LSID:31264]: State change 'kActive' --> 'kPendingEviction'[0m
[0;34m[1784837621.921] [21575:21575] [IN] SecureSession[0x71d1b8009cd0]: Released - Type:2 LSID:31264[0m
[0;32m[1784837621.921] [21575:21575] [FP] Forgetting fabric 0x1[0m
[0;32m[1784837621.921] [21575:21575] [TS] Pending Last Known Good Time: 2023-10-14T01:16:48[0m
[0;32m[1784837621.921] [21575:21575] [TS] Previous Last Known Good Time: 2023-10-14T01:16:48[0m
[0;32m[1784837621.921] [21575:21575] [TS] Reverted Last Known Good Time to previous value[0m
[0;34m[1784837621.921] [21575:21575] [CTL] Shutting down the commissioner[0m
[0;32m[1784837621.921] [21575:21575] [PAF] WiFiPAF: Closing all WiFiPAF sessions to shutdown[0m
[0;34m[1784837621.921] [21575:21575] [CTL] Shutting down the controller[0m
[0;34m[1784837621.921] [21575:21575] [CTL] Shutting down the System State, this will teardown the CHIP Stack[0m
[0;34m[1784837621.921] [21575:21575] [DMG] All ReadHandler-s are clean, clear GlobalDirtySet[0m
[0;32m[1784837621.922] [21575:21575] [FP] Shutting down FabricTable[0m
[0;32m[1784837621.922] [21575:21575] [TS] Pending Last Known Good Time: 2023-10-14T01:16:48[0m
[0;32m[1784837621.922] [21575:21575] [TS] Previous Last Known Good Time: 2023-10-14T01:16:48[0m
[0;32m[1784837621.922] [21575:21575] [TS] Reverted Last Known Good Time to previous value[0m
[0;34m[1784837621.924] [21575:21575] [DL] Wrote settings to /tmp/chip_counters.ini[0m
[0;32m[1784837621.924] [21575:21575] [DL] NVS set: chip-counters/total-operational-hours = 0 (0x0)[0m
[0;32m[1784837621.924] [21575:21575] [DL] Inet Layer shutdown[0m
[0;32m[1784837621.924] [21575:21575] [DL] BLE Layer shutdown[0m
[0;32m[1784837621.924] [21575:21575] [DL] WiFi-PAF Layer shutdown[0m
[0;32m[1784837621.924] [21575:21575] [PAF] WiFiPAF: Closing all WiFiPAF sessions to shutdown[0m
[0;32m[1784837621.924] [21575:21575] [DL] System Layer shutdown[0m
