[0;34m[1784838210.662] [22437:22437] [DL] ChipLinuxStorage::Init: Using KVS config file: /tmp/chip_tool_kvs[0m
[1;31m[1784838210.663] [22437:22437] [DL] ChipLinuxStorage::Init: Attempt to re-initialize with KVS config file: /tmp/chip_kvs, IGNORING.[0m
[0;34m[1784838210.664] [22437:22437] [DL] ChipLinuxStorage::Init: Using KVS config file: /tmp/chip_factory.ini[0m
[0;34m[1784838210.664] [22437:22437] [DL] ChipLinuxStorage::Init: Using KVS config file: /tmp/chip_config.ini[0m
[0;34m[1784838210.664] [22437:22437] [DL] ChipLinuxStorage::Init: Using KVS config file: /tmp/chip_counters.ini[0m
[0;34m[1784838210.666] [22437:22437] [DL] Wrote settings to /tmp/chip_counters.ini[0m
[0;32m[1784838210.666] [22437:22437] [DL] NVS set: chip-counters/reboot-count = 3 (0x3)[0m
[0;32m[1784838210.666] [22437:22437] [DL] Got Ethernet interface: enp0s3[0m
[0;32m[1784838210.666] [22437:22437] [DL] Found the primary Ethernet interface:enp0s3[0m
[1;31m[1784838210.667] [22437:22437] [DL] Failed to get WiFi interface[0m
[1;31m[1784838210.667] [22437:22437] [DL] Failed to reset WiFi statistic counts[0m
[0;32m[1784838210.667] [22437:22437] [PAF] WiFiPAF: WiFiPAFLayer::Init()[0m
[0;34m[1784838210.667] [22437:22437] [IN] UDP::Init bind&listen port=0[0m
[0;34m[1784838210.667] [22437:22437] [IN] UDP::Init bound to port=38087[0m
[0;34m[1784838210.667] [22437:22437] [IN] UDP::Init bind&listen port=0[0m
[0;34m[1784838210.667] [22437:22437] [IN] UDP::Init bound to port=49806[0m
[0;34m[1784838210.667] [22437:22437] [IN] BLEBase::Init - setting/overriding transport[0m
[0;34m[1784838210.667] [22437:22437] [IN] WiFiPAFBase::Init - setting/overriding transport[0m
[0;34m[1784838210.667] [22437:22437] [IN] TransportMgr initialized[0m
[0;34m[1784838210.667] [22437:22437] [FP] Initializing FabricTable from persistent storage[0m
[0;32m[1784838210.667] [22437:22437] [TS] Last Known Good Time: 2023-10-14T01:16:48[0m
[0;32m[1784838210.667] [22437:22437] [FP] Fabric index 0x1 was retrieved from storage. Compressed FabricId 0x8001F2B972D4A07A, FabricId 0x0000000000000001, NodeId 0x000000000001B669, VendorId 0xFFF1[0m
[0;32m[1784838210.669] [22437:22437] [DMG] Ember attribute persistence requires setting up[0m
[0;32m[1784838210.669] [22437:22437] [ZCL] Using ZAP configuration...[0m
[0;34m[1784838210.669] [22437:22437] [CTL] System State Initialized...[0m
[0;32m[1784838210.669] [22437:22437] [CTL] Setting attestation nonce to random value[0m
[0;32m[1784838210.669] [22437:22437] [CTL] Setting CSR nonce to random value[0m
[0;34m[1784838210.669] [22437:22439] [DL] CHIP task running[0m
[0;32m[1784838210.669] [22437:22439] [CTL] Setting attestation nonce to random value[0m
[0;32m[1784838210.669] [22437:22439] [CTL] Setting CSR nonce to random value[0m
[0;32m[1784838210.669] [22437:22439] [CTL] Generating NOC[0m
[0;32m[1784838210.670] [22437:22439] [FP] Validating NOC chain[0m
[0;32m[1784838210.670] [22437:22439] [FP] NOC chain validation successful[0m
[0;32m[1784838210.670] [22437:22439] [FP] Updated fabric at index: 0x1, Node ID: 0x000000000001B669[0m
[0;32m[1784838210.670] [22437:22439] [TS] Last Known Good Time: 2023-10-14T01:16:48[0m
[0;32m[1784838210.670] [22437:22439] [TS] New proposed Last Known Good Time: 2021-01-01T00:00:00[0m
[0;32m[1784838210.670] [22437:22439] [TS] Retaining current Last Known Good Time[0m
[0;32m[1784838210.672] [22437:22439] [FP] Metadata for Fabric 0x1 persisted to storage.[0m
[0;32m[1784838210.672] [22437:22439] [TS] Committing Last Known Good Time to storage: 2023-10-14T01:16:48[0m
[0;32m[1784838210.672] [22437:22439] [CTL] Joined the fabric at index 1. Fabric ID is 0x0000000000000001 (Compressed Fabric ID: 8001F2B972D4A07A)[0m
[0;32m[1784838210.676] [22437:22439] [TOO] Sending command to node 0x1[0m
[0;34m[1784838210.676] [22437:22439] [CSM] FindOrEstablishSession: PeerId = [1:0000000000000001][0m
[0;34m[1784838210.676] [22437:22439] [CSM] FindOrEstablishSession: No existing OperationalSessionSetup instance found[0m
[0;34m[1784838210.676] [22437:22439] [DIS] OperationalSessionSetup[1:0000000000000001]: State change 1 --> 2[0m
[0;32m[1784838210.676] [22437:22439] [DIS] Lookup started for 8001F2B972D4A07A-0000000000000001[0m
[0;32m[1784838210.676] [22437:22439] [DIS] UDP:[fe80::bfe:a203:38f0:bce7%enp0s3]:5540: new best score: 7 (for 8001F2B972D4A07A-0000000000000001)[0m
[0;34m[1784838210.676] [22437:22439] [DIS] Lookup clearing interface for non LL address[0m
[0;32m[1784838210.676] [22437:22439] [DIS] UDP:10.0.2.15%enp0s3:5540: new best score: 2 (for 8001F2B972D4A07A-0000000000000001)[0m
[0;32m[1784838210.676] [22437:22439] [DIS] Checking node lookup status for 8001F2B972D4A07A-0000000000000001 after 1 ms[0m
[0;32m[1784838210.676] [22437:22439] [DIS] Keeping DNSSD lookup active[0m
[0;32m[1784838210.677] [22437:22439] [DIS] UDP:[fe80::bfe:a203:38f0:bce7%enp0s3]:5540: score has not improved: 7 (for 8001F2B972D4A07A-0000000000000001)[0m
[0;34m[1784838210.677] [22437:22439] [DIS] Lookup clearing interface for non LL address[0m
[0;32m[1784838210.677] [22437:22439] [DIS] UDP:10.0.2.15%enp0s3:5540: score has not improved: 2 (for 8001F2B972D4A07A-0000000000000001)[0m
[0;32m[1784838210.677] [22437:22439] [DIS] Checking node lookup status for 8001F2B972D4A07A-0000000000000001 after 1 ms[0m
[0;32m[1784838210.677] [22437:22439] [DIS] Keeping DNSSD lookup active[0m
[0;32m[1784838210.879] [22437:22439] [DIS] Checking node lookup status for 8001F2B972D4A07A-0000000000000001 after 203 ms[0m
[0;34m[1784838210.879] [22437:22439] [DIS] OperationalSessionSetup[1:0000000000000001]: Updating device address to UDP:[fe80::bfe:a203:38f0:bce7%enp0s3]:5540 while in state 2[0m
[0;34m[1784838210.879] [22437:22439] [DIS] OperationalSessionSetup[1:0000000000000001]: State change 2 --> 3[0m
[0;34m[1784838210.879] [22437:22439] [IN] SecureSession[0x7f29c0009cd0]: Allocated Type:2 LSID:54186[0m
[0;32m[1784838210.879] [22437:22439] [SC] Initiating session on local FabricIndex 1 from 0x000000000001B669 -> 0x0000000000000001[0m
[0;32m[1784838210.880] [22437:22439] [EM] <<< [E:43085i S:0 M:175768582] (U) Msg TX from 65953202643AD1A9 to 0:0000000000000000 [0000] [UDP:[fe80::bfe:a203:38f0:bce7%enp0s3]:5540] --- Type 0000:30 (SecureChannel:CASE_Sigma1) (B:196)[0m
[0;32m[1784838210.880] [22437:22439] [EM] ??1 [E:43085i S:0 M:175768582] (U) Msg Retransmission to 0:0000000000000000 scheduled for 632ms from now [State:Idle II:500 AI:300 AT:4000][0m
[0;32m[1784838210.880] [22437:22439] [SC] Sent Sigma1 msg to <0000000000000001, 1> [II:500ms AI:300ms AT:4000ms][0m
[0;34m[1784838210.880] [22437:22439] [DIS] OperationalSessionSetup[1:0000000000000001]: State change 3 --> 4[0m
[0;32m[1784838210.884] [22437:22439] [EM] >>> [E:43085i S:0 M:116253987 (Ack:175768582)] (U) Msg RX from 0:0000000000000000 [0000] to 65953202643AD1A9 --- Type 0000:31 (SecureChannel:CASE_Sigma2) (B:751)[0m
[0;34m[1784838210.884] [22437:22439] [EM] Found matching exchange: 43085i, Delegate: 0x7f29c000b8e8[0m
[0;34m[1784838210.884] [22437:22439] [EM] Rxd Ack; Removing MessageCounter:175768582 from Retrans Table on exchange 43085i[0m
[0;32m[1784838210.884] [22437:22439] [SC] Received Sigma2 msg[0m
[0;34m[1784838210.884] [22437:22439] [SC] Found MRP parameters in the message[0m
[0;34m[1784838210.885] [22437:22439] [SC] Peer <0000000000000001, 1> assigned session ID 59230[0m
[0;34m[1784838210.885] [22437:22439] [SC] Sending Sigma3[0m
[0;32m[1784838210.886] [22437:22439] [EM] <<< [E:43085i S:0 M:175768583 (Ack:116253987)] (U) Msg TX from 65953202643AD1A9 to 0:0000000000000000 [0000] [UDP:[fe80::bfe:a203:38f0:bce7%enp0s3]:5540] --- Type 0000:32 (SecureChannel:CASE_Sigma3) (B:598)[0m
[0;32m[1784838210.886] [22437:22439] [EM] ??1 [E:43085i S:0 M:175768583] (U) Msg Retransmission to 0:0000000000000000 scheduled for 397ms from now [State:Active II:500 AI:300 AT:4000][0m
[0;32m[1784838210.886] [22437:22439] [SC] Sent Sigma3 msg[0m
[0;32m[1784838210.896] [22437:22439] [EM] >>> [E:43085i S:0 M:116253988 (Ack:175768583)] (U) Msg RX from 0:0000000000000000 [0000] to 65953202643AD1A9 --- Type 0000:40 (SecureChannel:StatusReport) (B:34)[0m
[0;34m[1784838210.896] [22437:22439] [EM] Found matching exchange: 43085i, Delegate: 0x7f29c000b8e8[0m
[0;34m[1784838210.896] [22437:22439] [EM] Rxd Ack; Removing MessageCounter:175768583 from Retrans Table on exchange 43085i[0m
[0;32m[1784838210.896] [22437:22439] [SC] Success status report received. Session was established[0m
[0;32m[1784838210.897] [22437:22439] [SC] SecureSession[0x7f29c0009cd0, LSID:54186]: State change 'kEstablishing' --> 'kActive'[0m
[0;34m[1784838210.897] [22437:22439] [IN] SecureSession[0x7f29c0009cd0]: Activated - Type:2 LSID:54186[0m
[0;34m[1784838210.897] [22437:22439] [IN] New secure session activated for device <0000000000000001, 1>, LSID:54186 PSID:59230![0m
[0;34m[1784838210.897] [22437:22439] [DIS] OperationalSessionSetup[1:0000000000000001]: State change 4 --> 5[0m
[0;32m[1784838210.897] [22437:22439] [TOO] Sending ReadAttribute to:[0m
[0;32m[1784838210.897] [22437:22439] [TOO] 	cluster 0x0000_0038, attribute: 0x0000_0000, endpoint 0[0m
[0;34m[1784838210.897] [22437:22439] [DMG] SendReadRequest ReadClient[0x7f29c000eef0]: Sending Read Request[0m
[0;32m[1784838210.897] [22437:22439] [DMG] 0 data version filters provided, 0 not relevant, 0 encoded, 0 skipped due to lack of space[0m
[0;32m[1784838210.897] [22437:22439] [EM] <<< [E:43086i S:54186 M:178351358] (S) Msg TX from 000000000001B669 to 1:0000000000000001 [A07A] [UDP:[fe80::bfe:a203:38f0:bce7%enp0s3]:5540] --- Type 0001:02 (IM:ReadRequest) (B:51)[0m
[0;32m[1784838210.897] [22437:22439] [EM] ??1 [E:43086i S:54186 M:178351358] (S) Msg Retransmission to 1:0000000000000001 scheduled for 363ms from now [State:Active II:500 AI:300 AT:4000][0m
[0;34m[1784838210.897] [22437:22439] [DMG] MoveToState ReadClient[0x7f29c000eef0]: Moving to [AwaitingIn][0m
[0;32m[1784838210.897] [22437:22439] [EM] <<< [E:43085i S:0 M:175768584 (Ack:116253988)] (U) Msg TX from 65953202643AD1A9 to 0:0000000000000000 [0000] [UDP:[fe80::bfe:a203:38f0:bce7%enp0s3]:5540] --- Type 0000:10 (SecureChannel:StandaloneAck) (B:26)[0m
[0;34m[1784838210.897] [22437:22439] [EM] Flushed pending ack for MessageCounter:116253988 on exchange 43085i[0m
[0;32m[1784838210.898] [22437:22439] [EM] >>> [E:43086i S:54186 M:167635337 (Ack:178351358)] (S) Msg RX from 1:0000000000000001 [A07A] to 000000000001B669 --- Type 0001:05 (IM:ReportData) (B:77)[0m
[0;34m[1784838210.898] [22437:22439] [EM] Found matching exchange: 43086i, Delegate: 0x7f29c000ef00[0m
[0;34m[1784838210.898] [22437:22439] [EM] Rxd Ack; Removing MessageCounter:178351358 from Retrans Table on exchange 43086i[0m
[0;34m[1784838210.898] [22437:22439] [DMG] ReportDataMessage =[0m
[0;34m[1784838210.898] [22437:22439] [DMG] {[0m
[0;34m[1784838210.898] [22437:22439] [DMG] 	AttributeReportIBs =[0m
[0;34m[1784838210.898] [22437:22439] [DMG] 	[[0m
[0;34m[1784838210.898] [22437:22439] [DMG] 		AttributeReportIB =[0m
[0;34m[1784838210.898] [22437:22439] [DMG] 		{[0m
[0;34m[1784838210.898] [22437:22439] [DMG] 			AttributeDataIB =[0m
[0;34m[1784838210.898] [22437:22439] [DMG] 			{[0m
[0;34m[1784838210.898] [22437:22439] [DMG] 				DataVersion = 0x5423d7a7,[0m
[0;34m[1784838210.898] [22437:22439] [DMG] 				AttributePathIB =[0m
[0;34m[1784838210.898] [22437:22439] [DMG] 				{[0m
[0;34m[1784838210.898] [22437:22439] [DMG] 					Endpoint = 0x0,[0m
[0;34m[1784838210.898] [22437:22439] [DMG] 					Cluster = 0x38,[0m
[0;34m[1784838210.898] [22437:22439] [DMG] 					Attribute = 0x0000_0000,[0m
[0;34m[1784838210.898] [22437:22439] [DMG] 				}[0m
[0;34m[1784838210.898] [22437:22439] [DMG] 					[0m
[0;34m[1784838210.898] [22437:22439] [DMG] 				Data = 838153410897954 (unsigned), [0m
[0;34m[1784838210.898] [22437:22439] [DMG] 			},[0m
[0;34m[1784838210.898] [22437:22439] [DMG] 			[0m
[0;34m[1784838210.898] [22437:22439] [DMG] 		},[0m
[0;34m[1784838210.898] [22437:22439] [DMG] 		[0m
[0;34m[1784838210.898] [22437:22439] [DMG] 	],[0m
[0;34m[1784838210.898] [22437:22439] [DMG] 	[0m
[0;34m[1784838210.898] [22437:22439] [DMG] 	SuppressResponse = true, [0m
[0;34m[1784838210.898] [22437:22439] [DMG] 	InteractionModelRevision = 12[0m
[0;34m[1784838210.898] [22437:22439] [DMG] }[0m
[0;32m[1784838210.898] [22437:22439] [TOO] Endpoint: 0 Cluster: 0x0000_0038 Attribute 0x0000_0000 DataVersion: 1411635111[0m
[0;32m[1784838210.898] [22437:22439] [TOO]   UTCTime: 838153410897954[0m
[0;32m[1784838210.898] [22437:22439] [EM] <<< [E:43086i S:54186 M:178351359 (Ack:167635337)] (S) Msg TX from 000000000001B669 to 1:0000000000000001 [A07A] [UDP:[fe80::bfe:a203:38f0:bce7%enp0s3]:5540] --- Type 0000:10 (SecureChannel:StandaloneAck) (B:34)[0m
[0;34m[1784838210.898] [22437:22439] [EM] Flushed pending ack for MessageCounter:167635337 on exchange 43086i[0m
[0;34m[1784838210.898] [22437:22437] [CTL] Shutting down the commissioner[0m
[0;32m[1784838210.898] [22437:22437] [PAF] WiFiPAF: Closing all WiFiPAF sessions to shutdown[0m
[0;34m[1784838210.898] [22437:22437] [CTL] Shutting down the controller[0m
[0;34m[1784838210.898] [22437:22437] [IN] Expiring all sessions for fabric 0x1!![0m
[0;34m[1784838210.898] [22437:22437] [IN] SecureSession[0x7f29c0009cd0]: MarkForEviction Type:2 LSID:54186[0m
[0;32m[1784838210.898] [22437:22437] [SC] SecureSession[0x7f29c0009cd0, LSID:54186]: State change 'kActive' --> 'kPendingEviction'[0m
[0;34m[1784838210.898] [22437:22437] [IN] SecureSession[0x7f29c0009cd0]: Released - Type:2 LSID:54186[0m
[0;32m[1784838210.898] [22437:22437] [FP] Forgetting fabric 0x1[0m
[0;32m[1784838210.898] [22437:22437] [TS] Pending Last Known Good Time: 2023-10-14T01:16:48[0m
[0;32m[1784838210.898] [22437:22437] [TS] Previous Last Known Good Time: 2023-10-14T01:16:48[0m
[0;32m[1784838210.898] [22437:22437] [TS] Reverted Last Known Good Time to previous value[0m
[0;34m[1784838210.898] [22437:22437] [CTL] Shutting down the commissioner[0m
[0;32m[1784838210.898] [22437:22437] [PAF] WiFiPAF: Closing all WiFiPAF sessions to shutdown[0m
[0;34m[1784838210.898] [22437:22437] [CTL] Shutting down the controller[0m
[0;34m[1784838210.898] [22437:22437] [CTL] Shutting down the System State, this will teardown the CHIP Stack[0m
[0;34m[1784838210.898] [22437:22437] [DMG] All ReadHandler-s are clean, clear GlobalDirtySet[0m
[0;32m[1784838210.898] [22437:22437] [FP] Shutting down FabricTable[0m
[0;32m[1784838210.898] [22437:22437] [TS] Pending Last Known Good Time: 2023-10-14T01:16:48[0m
[0;32m[1784838210.898] [22437:22437] [TS] Previous Last Known Good Time: 2023-10-14T01:16:48[0m
[0;32m[1784838210.898] [22437:22437] [TS] Reverted Last Known Good Time to previous value[0m
[0;34m[1784838210.900] [22437:22437] [DL] Wrote settings to /tmp/chip_counters.ini[0m
[0;32m[1784838210.900] [22437:22437] [DL] NVS set: chip-counters/total-operational-hours = 0 (0x0)[0m
[0;32m[1784838210.900] [22437:22437] [DL] Inet Layer shutdown[0m
[0;32m[1784838210.900] [22437:22437] [DL] BLE Layer shutdown[0m
[0;32m[1784838210.900] [22437:22437] [DL] WiFi-PAF Layer shutdown[0m
[0;32m[1784838210.900] [22437:22437] [PAF] WiFiPAF: Closing all WiFiPAF sessions to shutdown[0m
[0;32m[1784838210.900] [22437:22437] [DL] System Layer shutdown[0m
