[0;34m[2524608000.104] [11437:11437] [DL] ChipLinuxStorage::Init: Using KVS config file: /tmp/chip_tool_kvs[0m
[1;31m[2524608000.105] [11437:11437] [DL] ChipLinuxStorage::Init: Attempt to re-initialize with KVS config file: /tmp/chip_kvs, IGNORING.[0m
[0;34m[2524608000.106] [11437:11437] [DL] ChipLinuxStorage::Init: Using KVS config file: /tmp/chip_factory.ini[0m
[0;34m[2524608000.106] [11437:11437] [DL] ChipLinuxStorage::Init: Using KVS config file: /tmp/chip_config.ini[0m
[0;34m[2524608000.106] [11437:11437] [DL] ChipLinuxStorage::Init: Using KVS config file: /tmp/chip_counters.ini[0m
[0;34m[2524608000.113] [11437:11437] [DL] Wrote settings to /tmp/chip_counters.ini[0m
[0;32m[2524608000.113] [11437:11437] [DL] NVS set: chip-counters/reboot-count = 4 (0x4)[0m
[0;32m[2524608000.116] [11437:11437] [DL] Got Ethernet interface: enp0s3[0m
[0;32m[2524608000.116] [11437:11437] [DL] Found the primary Ethernet interface:enp0s3[0m
[1;31m[2524608000.116] [11437:11437] [DL] Failed to get WiFi interface[0m
[1;31m[2524608000.116] [11437:11437] [DL] Failed to reset WiFi statistic counts[0m
[0;32m[2524608000.116] [11437:11437] [PAF] WiFiPAF: WiFiPAFLayer::Init()[0m
[0;34m[2524608000.116] [11437:11437] [IN] UDP::Init bind&listen port=0[0m
[0;34m[2524608000.116] [11437:11437] [IN] UDP::Init bound to port=42163[0m
[0;34m[2524608000.116] [11437:11437] [IN] UDP::Init bind&listen port=0[0m
[0;34m[2524608000.116] [11437:11437] [IN] UDP::Init bound to port=35919[0m
[0;34m[2524608000.116] [11437:11437] [IN] BLEBase::Init - setting/overriding transport[0m
[0;34m[2524608000.116] [11437:11437] [IN] WiFiPAFBase::Init - setting/overriding transport[0m
[0;34m[2524608000.116] [11437:11437] [IN] TransportMgr initialized[0m
[0;34m[2524608000.116] [11437:11437] [FP] Initializing FabricTable from persistent storage[0m
[0;32m[2524608000.117] [11437:11437] [TS] Last Known Good Time: 2023-10-14T01:16:48[0m
[0;32m[2524608000.117] [11437:11437] [FP] Fabric index 0x1 was retrieved from storage. Compressed FabricId 0x759AA75D3383AD2E, FabricId 0x0000000000000001, NodeId 0x000000000001B669, VendorId 0xFFF1[0m
[0;32m[2524608000.118] [11437:11437] [DMG] Ember attribute persistence requires setting up[0m
[0;32m[2524608000.118] [11437:11437] [ZCL] Using ZAP configuration...[0m
[0;34m[2524608000.119] [11437:11437] [CTL] System State Initialized...[0m
[0;32m[2524608000.119] [11437:11437] [CTL] Setting attestation nonce to random value[0m
[0;32m[2524608000.119] [11437:11437] [CTL] Setting CSR nonce to random value[0m
[0;34m[2524608000.119] [11437:11453] [DL] CHIP task running[0m
[0;32m[2524608000.119] [11437:11453] [CTL] Setting attestation nonce to random value[0m
[0;32m[2524608000.119] [11437:11453] [CTL] Setting CSR nonce to random value[0m
[0;32m[2524608000.120] [11437:11453] [CTL] Generating NOC[0m
[0;32m[2524608000.120] [11437:11453] [FP] Validating NOC chain[0m
[0;32m[2524608000.120] [11437:11453] [FP] NOC chain validation successful[0m
[0;32m[2524608000.120] [11437:11453] [FP] Updated fabric at index: 0x1, Node ID: 0x000000000001B669[0m
[0;32m[2524608000.120] [11437:11453] [TS] Last Known Good Time: 2023-10-14T01:16:48[0m
[0;32m[2524608000.120] [11437:11453] [TS] New proposed Last Known Good Time: 2021-01-01T00:00:00[0m
[0;32m[2524608000.120] [11437:11453] [TS] Retaining current Last Known Good Time[0m
[0;32m[2524608000.122] [11437:11453] [FP] Metadata for Fabric 0x1 persisted to storage.[0m
[0;32m[2524608000.123] [11437:11453] [TS] Committing Last Known Good Time to storage: 2023-10-14T01:16:48[0m
[0;32m[2524608000.124] [11437:11453] [CTL] Joined the fabric at index 1. Fabric ID is 0x0000000000000001 (Compressed Fabric ID: 759AA75D3383AD2E)[0m
[0;32m[2524608000.128] [11437:11453] [TOO] Sending command to node 0x1[0m
[0;34m[2524608000.128] [11437:11453] [CSM] FindOrEstablishSession: PeerId = [1:0000000000000001][0m
[0;34m[2524608000.128] [11437:11453] [CSM] FindOrEstablishSession: No existing OperationalSessionSetup instance found[0m
[0;34m[2524608000.128] [11437:11453] [DIS] OperationalSessionSetup[1:0000000000000001]: State change 1 --> 2[0m
[0;32m[2524608000.129] [11437:11453] [DIS] Lookup started for 759AA75D3383AD2E-0000000000000001[0m
[0;32m[2524608000.129] [11437:11453] [DIS] UDP:[fe80::bfe:a203:38f0:bce7%enp0s3]:5540: new best score: 7 (for 759AA75D3383AD2E-0000000000000001)[0m
[0;34m[2524608000.129] [11437:11453] [DIS] Lookup clearing interface for non LL address[0m
[0;32m[2524608000.129] [11437:11453] [DIS] UDP:10.0.2.15%enp0s3:5540: new best score: 2 (for 759AA75D3383AD2E-0000000000000001)[0m
[0;32m[2524608000.129] [11437:11453] [DIS] Checking node lookup status for 759AA75D3383AD2E-0000000000000001 after 1 ms[0m
[0;32m[2524608000.129] [11437:11453] [DIS] Keeping DNSSD lookup active[0m
[0;32m[2524608000.129] [11437:11453] [DIS] UDP:[fe80::bfe:a203:38f0:bce7%enp0s3]:5540: score has not improved: 7 (for 759AA75D3383AD2E-0000000000000001)[0m
[0;34m[2524608000.129] [11437:11453] [DIS] Lookup clearing interface for non LL address[0m
[0;32m[2524608000.129] [11437:11453] [DIS] UDP:10.0.2.15%enp0s3:5540: score has not improved: 2 (for 759AA75D3383AD2E-0000000000000001)[0m
[0;32m[2524608000.129] [11437:11453] [DIS] Checking node lookup status for 759AA75D3383AD2E-0000000000000001 after 1 ms[0m
[0;32m[2524608000.129] [11437:11453] [DIS] Keeping DNSSD lookup active[0m
[0;32m[2524608000.425] [11437:11453] [DIS] Checking node lookup status for 759AA75D3383AD2E-0000000000000001 after 297 ms[0m
[0;34m[2524608000.425] [11437:11453] [DIS] OperationalSessionSetup[1:0000000000000001]: Updating device address to UDP:[fe80::bfe:a203:38f0:bce7%enp0s3]:5540 while in state 2[0m
[0;34m[2524608000.425] [11437:11453] [DIS] OperationalSessionSetup[1:0000000000000001]: State change 2 --> 3[0m
[0;34m[2524608000.425] [11437:11453] [IN] SecureSession[0x76f394009cd0]: Allocated Type:2 LSID:31747[0m
[0;32m[2524608000.425] [11437:11453] [SC] Initiating session on local FabricIndex 1 from 0x000000000001B669 -> 0x0000000000000001[0m
[0;32m[2524608000.427] [11437:11453] [EM] <<< [E:8716i S:0 M:111519531] (U) Msg TX from 14A1981F7E22B0D1 to 0:0000000000000000 [0000] [UDP:[fe80::bfe:a203:38f0:bce7%enp0s3]:5540] --- Type 0000:30 (SecureChannel:CASE_Sigma1) (B:196)[0m
[0;32m[2524608000.427] [11437:11453] [EM] ??1 [E:8716i S:0 M:111519531] (U) Msg Retransmission to 0:0000000000000000 scheduled for 595ms from now [State:Idle II:500 AI:300 AT:4000][0m
[0;32m[2524608000.427] [11437:11453] [SC] Sent Sigma1 msg to <0000000000000001, 1> [II:500ms AI:300ms AT:4000ms][0m
[0;34m[2524608000.427] [11437:11453] [DIS] OperationalSessionSetup[1:0000000000000001]: State change 3 --> 4[0m
[0;32m[2524608000.429] [11437:11453] [EM] >>> [E:8716i S:0 M:229131693 (Ack:111519531)] (U) Msg RX from 0:0000000000000000 [0000] to 14A1981F7E22B0D1 --- Type 0000:31 (SecureChannel:CASE_Sigma2) (B:751)[0m
[0;34m[2524608000.429] [11437:11453] [EM] Found matching exchange: 8716i, Delegate: 0x76f39400b8e8[0m
[0;34m[2524608000.429] [11437:11453] [EM] Rxd Ack; Removing MessageCounter:111519531 from Retrans Table on exchange 8716i[0m
[0;32m[2524608000.429] [11437:11453] [SC] Received Sigma2 msg[0m
[0;34m[2524608000.429] [11437:11453] [SC] Found MRP parameters in the message[0m
[0;34m[2524608000.430] [11437:11453] [SC] Certificate's mNotAfterTime (978134400) is before current time (1577923200)[0m
[0;34m[2524608000.430] [11437:11453] [SC] Sending status report. Protocol code 2, exchange 8716[0m
[0;32m[2524608000.430] [11437:11453] [EM] <<< [E:8716i S:0 M:111519532 (Ack:229131693)] (U) Msg TX from 14A1981F7E22B0D1 to 0:0000000000000000 [0000] [UDP:[fe80::bfe:a203:38f0:bce7%enp0s3]:5540] --- Type 0000:40 (SecureChannel:StatusReport) (B:34)[0m
[0;32m[2524608000.430] [11437:11453] [EM] ??1 [E:8716i S:0 M:111519532] (U) Msg Retransmission to 0:0000000000000000 scheduled for 353ms from now [State:Active II:500 AI:300 AT:4000][0m
[0;34m[2524608000.430] [11437:11453] [IN] SecureSession[0x76f394009cd0]: Released - Type:2 LSID:31747[0m
[1;31m[2524608000.430] [11437:11453] [-] src/credentials/CHIPCert.cpp:1481: CHIP Error 0x0000004E: Certificate expired at examples/chip-tool/commands/clusters/ModelCommand.cpp:67[0m
[0;34m[2524608000.430] [11437:11437] [CTL] Shutting down the commissioner[0m
[0;32m[2524608000.430] [11437:11437] [PAF] WiFiPAF: Closing all WiFiPAF sessions to shutdown[0m
[0;34m[2524608000.430] [11437:11437] [CTL] Shutting down the controller[0m
[0;34m[2524608000.430] [11437:11437] [IN] Expiring all sessions for fabric 0x1!![0m
[0;32m[2524608000.430] [11437:11437] [FP] Forgetting fabric 0x1[0m
[0;32m[2524608000.430] [11437:11437] [TS] Pending Last Known Good Time: 2023-10-14T01:16:48[0m
[0;32m[2524608000.430] [11437:11437] [TS] Previous Last Known Good Time: 2023-10-14T01:16:48[0m
[0;32m[2524608000.431] [11437:11437] [TS] Reverted Last Known Good Time to previous value[0m
[0;34m[2524608000.431] [11437:11437] [CTL] Shutting down the commissioner[0m
[0;32m[2524608000.431] [11437:11437] [PAF] WiFiPAF: Closing all WiFiPAF sessions to shutdown[0m
[0;34m[2524608000.431] [11437:11437] [CTL] Shutting down the controller[0m
[0;34m[2524608000.431] [11437:11437] [CTL] Shutting down the System State, this will teardown the CHIP Stack[0m
[0;34m[2524608000.431] [11437:11437] [DMG] All ReadHandler-s are clean, clear GlobalDirtySet[0m
[0;32m[2524608000.431] [11437:11437] [FP] Shutting down FabricTable[0m
[0;32m[2524608000.431] [11437:11437] [TS] Pending Last Known Good Time: 2023-10-14T01:16:48[0m
[0;32m[2524608000.431] [11437:11437] [TS] Previous Last Known Good Time: 2023-10-14T01:16:48[0m
[0;32m[2524608000.431] [11437:11437] [TS] Reverted Last Known Good Time to previous value[0m
[0;34m[2524608000.464] [11437:11437] [DL] Wrote settings to /tmp/chip_counters.ini[0m
[0;32m[2524608000.464] [11437:11437] [DL] NVS set: chip-counters/total-operational-hours = 0 (0x0)[0m
[0;32m[2524608000.464] [11437:11437] [DL] Inet Layer shutdown[0m
[0;32m[2524608000.464] [11437:11437] [DL] BLE Layer shutdown[0m
[0;32m[2524608000.464] [11437:11437] [DL] WiFi-PAF Layer shutdown[0m
[0;32m[2524608000.464] [11437:11437] [PAF] WiFiPAF: Closing all WiFiPAF sessions to shutdown[0m
[0;32m[2524608000.464] [11437:11437] [DL] System Layer shutdown[0m
[1;31m[2524608000.465] [11437:11437] [TOO] Run command failure: src/credentials/CHIPCert.cpp:1481: CHIP Error 0x0000004E: Certificate expired[0m
