[0;34m[2524608000.525] [11478:11478] [DL] ChipLinuxStorage::Init: Using KVS config file: /tmp/chip_tool_kvs[0m
[1;31m[2524608000.525] [11478:11478] [DL] ChipLinuxStorage::Init: Attempt to re-initialize with KVS config file: /tmp/chip_kvs, IGNORING.[0m
[0;34m[2524608000.527] [11478:11478] [DL] ChipLinuxStorage::Init: Using KVS config file: /tmp/chip_factory.ini[0m
[0;34m[2524608000.527] [11478:11478] [DL] ChipLinuxStorage::Init: Using KVS config file: /tmp/chip_config.ini[0m
[0;34m[2524608000.527] [11478:11478] [DL] ChipLinuxStorage::Init: Using KVS config file: /tmp/chip_counters.ini[0m
[0;34m[2524608000.531] [11478:11478] [DL] Wrote settings to /tmp/chip_counters.ini[0m
[0;32m[2524608000.531] [11478:11478] [DL] NVS set: chip-counters/reboot-count = 5 (0x5)[0m
[0;32m[2524608000.531] [11478:11478] [DL] Got Ethernet interface: enp0s3[0m
[0;32m[2524608000.531] [11478:11478] [DL] Found the primary Ethernet interface:enp0s3[0m
[1;31m[2524608000.532] [11478:11478] [DL] Failed to get WiFi interface[0m
[1;31m[2524608000.532] [11478:11478] [DL] Failed to reset WiFi statistic counts[0m
[0;32m[2524608000.532] [11478:11478] [PAF] WiFiPAF: WiFiPAFLayer::Init()[0m
[0;34m[2524608000.532] [11478:11478] [IN] UDP::Init bind&listen port=0[0m
[0;34m[2524608000.532] [11478:11478] [IN] UDP::Init bound to port=47854[0m
[0;34m[2524608000.532] [11478:11478] [IN] UDP::Init bind&listen port=0[0m
[0;34m[2524608000.532] [11478:11478] [IN] UDP::Init bound to port=54661[0m
[0;34m[2524608000.532] [11478:11478] [IN] BLEBase::Init - setting/overriding transport[0m
[0;34m[2524608000.532] [11478:11478] [IN] WiFiPAFBase::Init - setting/overriding transport[0m
[0;34m[2524608000.532] [11478:11478] [IN] TransportMgr initialized[0m
[0;34m[2524608000.532] [11478:11478] [FP] Initializing FabricTable from persistent storage[0m
[0;32m[2524608000.532] [11478:11478] [TS] Last Known Good Time: 2023-10-14T01:16:48[0m
[0;32m[2524608000.532] [11478:11478] [FP] Fabric index 0x1 was retrieved from storage. Compressed FabricId 0x759AA75D3383AD2E, FabricId 0x0000000000000001, NodeId 0x000000000001B669, VendorId 0xFFF1[0m
[0;32m[2524608000.533] [11478:11478] [DMG] Ember attribute persistence requires setting up[0m
[0;32m[2524608000.533] [11478:11478] [ZCL] Using ZAP configuration...[0m
[0;34m[2524608000.533] [11478:11478] [CTL] System State Initialized...[0m
[0;32m[2524608000.533] [11478:11478] [CTL] Setting attestation nonce to random value[0m
[0;32m[2524608000.533] [11478:11478] [CTL] Setting CSR nonce to random value[0m
[0;34m[2524608000.533] [11478:11496] [DL] CHIP task running[0m
[0;32m[2524608000.533] [11478:11496] [CTL] Setting attestation nonce to random value[0m
[0;32m[2524608000.533] [11478:11496] [CTL] Setting CSR nonce to random value[0m
[0;32m[2524608000.533] [11478:11496] [CTL] Generating NOC[0m
[0;32m[2524608000.533] [11478:11496] [FP] Validating NOC chain[0m
[0;32m[2524608000.534] [11478:11496] [FP] NOC chain validation successful[0m
[0;32m[2524608000.534] [11478:11496] [FP] Updated fabric at index: 0x1, Node ID: 0x000000000001B669[0m
[0;32m[2524608000.534] [11478:11496] [TS] Last Known Good Time: 2023-10-14T01:16:48[0m
[0;32m[2524608000.534] [11478:11496] [TS] New proposed Last Known Good Time: 2021-01-01T00:00:00[0m
[0;32m[2524608000.534] [11478:11496] [TS] Retaining current Last Known Good Time[0m
[0;32m[2524608000.535] [11478:11496] [FP] Metadata for Fabric 0x1 persisted to storage.[0m
[0;32m[2524608000.536] [11478:11496] [TS] Committing Last Known Good Time to storage: 2023-10-14T01:16:48[0m
[0;32m[2524608000.537] [11478:11496] [CTL] Joined the fabric at index 1. Fabric ID is 0x0000000000000001 (Compressed Fabric ID: 759AA75D3383AD2E)[0m
[0;32m[2524608000.543] [11478:11496] [TOO] Sending command to node 0x1[0m
[0;34m[2524608000.544] [11478:11496] [CSM] FindOrEstablishSession: PeerId = [1:0000000000000001][0m
[0;34m[2524608000.544] [11478:11496] [CSM] FindOrEstablishSession: No existing OperationalSessionSetup instance found[0m
[0;34m[2524608000.544] [11478:11496] [DIS] OperationalSessionSetup[1:0000000000000001]: State change 1 --> 2[0m
[0;32m[2524608000.544] [11478:11496] [DIS] Lookup started for 759AA75D3383AD2E-0000000000000001[0m
[0;32m[2524608000.545] [11478:11496] [DIS] UDP:[fe80::bfe:a203:38f0:bce7%enp0s3]:5540: new best score: 7 (for 759AA75D3383AD2E-0000000000000001)[0m
[0;34m[2524608000.545] [11478:11496] [DIS] Lookup clearing interface for non LL address[0m
[0;32m[2524608000.545] [11478:11496] [DIS] UDP:10.0.2.15%enp0s3:5540: new best score: 2 (for 759AA75D3383AD2E-0000000000000001)[0m
[0;32m[2524608000.545] [11478:11496] [DIS] Checking node lookup status for 759AA75D3383AD2E-0000000000000001 after 0 ms[0m
[0;32m[2524608000.545] [11478:11496] [DIS] Keeping DNSSD lookup active[0m
[0;32m[2524608000.545] [11478:11496] [DIS] UDP:[fe80::bfe:a203:38f0:bce7%enp0s3]:5540: score has not improved: 7 (for 759AA75D3383AD2E-0000000000000001)[0m
[0;34m[2524608000.545] [11478:11496] [DIS] Lookup clearing interface for non LL address[0m
[0;32m[2524608000.545] [11478:11496] [DIS] UDP:10.0.2.15%enp0s3:5540: score has not improved: 2 (for 759AA75D3383AD2E-0000000000000001)[0m
[0;32m[2524608000.545] [11478:11496] [DIS] Checking node lookup status for 759AA75D3383AD2E-0000000000000001 after 0 ms[0m
[0;32m[2524608000.545] [11478:11496] [DIS] Keeping DNSSD lookup active[0m
[0;32m[2524608000.748] [11478:11496] [DIS] Checking node lookup status for 759AA75D3383AD2E-0000000000000001 after 204 ms[0m
[0;34m[2524608000.749] [11478:11496] [DIS] OperationalSessionSetup[1:0000000000000001]: Updating device address to UDP:[fe80::bfe:a203:38f0:bce7%enp0s3]:5540 while in state 2[0m
[0;34m[2524608000.749] [11478:11496] [DIS] OperationalSessionSetup[1:0000000000000001]: State change 2 --> 3[0m
[0;34m[2524608000.749] [11478:11496] [IN] SecureSession[0x7cc6dc00c1f0]: Allocated Type:2 LSID:8609[0m
[0;32m[2524608000.749] [11478:11496] [SC] Initiating session on local FabricIndex 1 from 0x000000000001B669 -> 0x0000000000000001[0m
[0;32m[2524608000.749] [11478:11496] [EM] <<< [E:65022i S:0 M:153145547] (U) Msg TX from BA633C5870FD4060 to 0:0000000000000000 [0000] [UDP:[fe80::bfe:a203:38f0:bce7%enp0s3]:5540] --- Type 0000:30 (SecureChannel:CASE_Sigma1) (B:196)[0m
[0;32m[2524608000.750] [11478:11496] [EM] ??1 [E:65022i S:0 M:153145547] (U) Msg Retransmission to 0:0000000000000000 scheduled for 574ms from now [State:Idle II:500 AI:300 AT:4000][0m
[0;32m[2524608000.750] [11478:11496] [SC] Sent Sigma1 msg to <0000000000000001, 1> [II:500ms AI:300ms AT:4000ms][0m
[0;34m[2524608000.750] [11478:11496] [DIS] OperationalSessionSetup[1:0000000000000001]: State change 3 --> 4[0m
[0;32m[2524608000.752] [11478:11496] [EM] >>> [E:65022i S:0 M:229131695 (Ack:153145547)] (U) Msg RX from 0:0000000000000000 [0000] to BA633C5870FD4060 --- Type 0000:31 (SecureChannel:CASE_Sigma2) (B:751)[0m
[0;34m[2524608000.752] [11478:11496] [EM] Found matching exchange: 65022i, Delegate: 0x7cc6dc00bf28[0m
[0;34m[2524608000.752] [11478:11496] [EM] Rxd Ack; Removing MessageCounter:153145547 from Retrans Table on exchange 65022i[0m
[0;32m[2524608000.752] [11478:11496] [SC] Received Sigma2 msg[0m
[0;34m[2524608000.752] [11478:11496] [SC] Found MRP parameters in the message[0m
[0;34m[2524608000.753] [11478:11496] [SC] Certificate's mNotAfterTime (978134400) is before current time (1577923200)[0m
[0;34m[2524608000.753] [11478:11496] [SC] Sending status report. Protocol code 2, exchange 65022[0m
[0;32m[2524608000.753] [11478:11496] [EM] <<< [E:65022i S:0 M:153145548 (Ack:229131695)] (U) Msg TX from BA633C5870FD4060 to 0:0000000000000000 [0000] [UDP:[fe80::bfe:a203:38f0:bce7%enp0s3]:5540] --- Type 0000:40 (SecureChannel:StatusReport) (B:34)[0m
[0;32m[2524608000.753] [11478:11496] [EM] ??1 [E:65022i S:0 M:153145548] (U) Msg Retransmission to 0:0000000000000000 scheduled for 389ms from now [State:Active II:500 AI:300 AT:4000][0m
[0;34m[2524608000.753] [11478:11496] [IN] SecureSession[0x7cc6dc00c1f0]: Released - Type:2 LSID:8609[0m
[1;31m[2524608000.753] [11478:11496] [-] src/credentials/CHIPCert.cpp:1481: CHIP Error 0x0000004E: Certificate expired at examples/chip-tool/commands/clusters/ModelCommand.cpp:67[0m
[0;34m[2524608000.753] [11478:11478] [CTL] Shutting down the commissioner[0m
[0;32m[2524608000.753] [11478:11478] [PAF] WiFiPAF: Closing all WiFiPAF sessions to shutdown[0m
[0;34m[2524608000.753] [11478:11478] [CTL] Shutting down the controller[0m
[0;34m[2524608000.753] [11478:11478] [IN] Expiring all sessions for fabric 0x1!![0m
[0;32m[2524608000.753] [11478:11478] [FP] Forgetting fabric 0x1[0m
[0;32m[2524608000.753] [11478:11478] [TS] Pending Last Known Good Time: 2023-10-14T01:16:48[0m
[0;32m[2524608000.753] [11478:11478] [TS] Previous Last Known Good Time: 2023-10-14T01:16:48[0m
[0;32m[2524608000.753] [11478:11478] [TS] Reverted Last Known Good Time to previous value[0m
[0;34m[2524608000.753] [11478:11478] [CTL] Shutting down the commissioner[0m
[0;32m[2524608000.753] [11478:11478] [PAF] WiFiPAF: Closing all WiFiPAF sessions to shutdown[0m
[0;34m[2524608000.753] [11478:11478] [CTL] Shutting down the controller[0m
[0;34m[2524608000.753] [11478:11478] [CTL] Shutting down the System State, this will teardown the CHIP Stack[0m
[0;34m[2524608000.754] [11478:11478] [DMG] All ReadHandler-s are clean, clear GlobalDirtySet[0m
[0;32m[2524608000.754] [11478:11478] [FP] Shutting down FabricTable[0m
[0;32m[2524608000.754] [11478:11478] [TS] Pending Last Known Good Time: 2023-10-14T01:16:48[0m
[0;32m[2524608000.754] [11478:11478] [TS] Previous Last Known Good Time: 2023-10-14T01:16:48[0m
[0;32m[2524608000.754] [11478:11478] [TS] Reverted Last Known Good Time to previous value[0m
[0;34m[2524608000.758] [11478:11478] [DL] Wrote settings to /tmp/chip_counters.ini[0m
[0;32m[2524608000.758] [11478:11478] [DL] NVS set: chip-counters/total-operational-hours = 0 (0x0)[0m
[0;32m[2524608000.758] [11478:11478] [DL] Inet Layer shutdown[0m
[0;32m[2524608000.758] [11478:11478] [DL] BLE Layer shutdown[0m
[0;32m[2524608000.758] [11478:11478] [DL] WiFi-PAF Layer shutdown[0m
[0;32m[2524608000.758] [11478:11478] [PAF] WiFiPAF: Closing all WiFiPAF sessions to shutdown[0m
[0;32m[2524608000.758] [11478:11478] [DL] System Layer shutdown[0m
[1;31m[2524608000.758] [11478:11478] [TOO] Run command failure: src/credentials/CHIPCert.cpp:1481: CHIP Error 0x0000004E: Certificate expired[0m
