[0;34m[1784833742.667] [11419:11419] [DL] ChipLinuxStorage::Init: Using KVS config file: /tmp/chip_tool_kvs[0m
[1;31m[1784833742.668] [11419:11419] [DL] ChipLinuxStorage::Init: Attempt to re-initialize with KVS config file: /tmp/chip_kvs, IGNORING.[0m
[0;34m[1784833742.670] [11419:11419] [DL] ChipLinuxStorage::Init: Using KVS config file: /tmp/chip_factory.ini[0m
[0;34m[1784833742.670] [11419:11419] [DL] ChipLinuxStorage::Init: Using KVS config file: /tmp/chip_config.ini[0m
[0;34m[1784833742.670] [11419:11419] [DL] ChipLinuxStorage::Init: Using KVS config file: /tmp/chip_counters.ini[0m
[0;34m[1784833742.672] [11419:11419] [DL] Wrote settings to /tmp/chip_counters.ini[0m
[0;32m[1784833742.672] [11419:11419] [DL] NVS set: chip-counters/reboot-count = 3 (0x3)[0m
[0;32m[1784833742.672] [11419:11419] [DL] Got Ethernet interface: enp0s3[0m
[0;32m[1784833742.673] [11419:11419] [DL] Found the primary Ethernet interface:enp0s3[0m
[1;31m[1784833742.673] [11419:11419] [DL] Failed to get WiFi interface[0m
[1;31m[1784833742.673] [11419:11419] [DL] Failed to reset WiFi statistic counts[0m
[0;32m[1784833742.673] [11419:11419] [PAF] WiFiPAF: WiFiPAFLayer::Init()[0m
[0;34m[1784833742.673] [11419:11419] [IN] UDP::Init bind&listen port=0[0m
[0;34m[1784833742.673] [11419:11419] [IN] UDP::Init bound to port=35436[0m
[0;34m[1784833742.673] [11419:11419] [IN] UDP::Init bind&listen port=0[0m
[0;34m[1784833742.673] [11419:11419] [IN] UDP::Init bound to port=46077[0m
[0;34m[1784833742.673] [11419:11419] [IN] BLEBase::Init - setting/overriding transport[0m
[0;34m[1784833742.673] [11419:11419] [IN] WiFiPAFBase::Init - setting/overriding transport[0m
[0;34m[1784833742.673] [11419:11419] [IN] TransportMgr initialized[0m
[0;34m[1784833742.673] [11419:11419] [FP] Initializing FabricTable from persistent storage[0m
[0;32m[1784833742.673] [11419:11419] [TS] Last Known Good Time: 2023-10-14T01:16:48[0m
[0;32m[1784833742.673] [11419:11419] [FP] Fabric index 0x1 was retrieved from storage. Compressed FabricId 0x759AA75D3383AD2E, FabricId 0x0000000000000001, NodeId 0x000000000001B669, VendorId 0xFFF1[0m
[0;32m[1784833742.674] [11419:11419] [DMG] Ember attribute persistence requires setting up[0m
[0;32m[1784833742.674] [11419:11419] [ZCL] Using ZAP configuration...[0m
[0;34m[1784833742.675] [11419:11419] [CTL] System State Initialized...[0m
[0;32m[1784833742.675] [11419:11419] [CTL] Setting attestation nonce to random value[0m
[0;32m[1784833742.675] [11419:11419] [CTL] Setting CSR nonce to random value[0m
[0;34m[1784833742.675] [11419:11421] [DL] CHIP task running[0m
[0;32m[1784833742.675] [11419:11421] [CTL] Setting attestation nonce to random value[0m
[0;32m[1784833742.675] [11419:11421] [CTL] Setting CSR nonce to random value[0m
[0;32m[1784833742.675] [11419:11421] [CTL] Generating NOC[0m
[0;32m[1784833742.675] [11419:11421] [FP] Validating NOC chain[0m
[0;32m[1784833742.676] [11419:11421] [FP] NOC chain validation successful[0m
[0;32m[1784833742.676] [11419:11421] [FP] Updated fabric at index: 0x1, Node ID: 0x000000000001B669[0m
[0;32m[1784833742.676] [11419:11421] [TS] Last Known Good Time: 2023-10-14T01:16:48[0m
[0;32m[1784833742.676] [11419:11421] [TS] New proposed Last Known Good Time: 2021-01-01T00:00:00[0m
[0;32m[1784833742.676] [11419:11421] [TS] Retaining current Last Known Good Time[0m
[0;32m[1784833742.678] [11419:11421] [FP] Metadata for Fabric 0x1 persisted to storage.[0m
[0;32m[1784833742.679] [11419:11421] [TS] Committing Last Known Good Time to storage: 2023-10-14T01:16:48[0m
[0;32m[1784833742.680] [11419:11421] [CTL] Joined the fabric at index 1. Fabric ID is 0x0000000000000001 (Compressed Fabric ID: 759AA75D3383AD2E)[0m
[0;32m[1784833742.686] [11419:11421] [TOO] Sending command to node 0x1[0m
[0;34m[1784833742.686] [11419:11421] [CSM] FindOrEstablishSession: PeerId = [1:0000000000000001][0m
[0;34m[1784833742.686] [11419:11421] [CSM] FindOrEstablishSession: No existing OperationalSessionSetup instance found[0m
[0;34m[1784833742.686] [11419:11421] [DIS] OperationalSessionSetup[1:0000000000000001]: State change 1 --> 2[0m
[0;32m[1784833742.687] [11419:11421] [DIS] Lookup started for 759AA75D3383AD2E-0000000000000001[0m
[0;32m[1784833742.687] [11419:11421] [DIS] UDP:[fe80::bfe:a203:38f0:bce7%enp0s3]:5540: new best score: 7 (for 759AA75D3383AD2E-0000000000000001)[0m
[0;34m[1784833742.687] [11419:11421] [DIS] Lookup clearing interface for non LL address[0m
[0;32m[1784833742.687] [11419:11421] [DIS] UDP:10.0.2.15%enp0s3:5540: new best score: 2 (for 759AA75D3383AD2E-0000000000000001)[0m
[0;32m[1784833742.687] [11419:11421] [DIS] Checking node lookup status for 759AA75D3383AD2E-0000000000000001 after 1 ms[0m
[0;32m[1784833742.687] [11419:11421] [DIS] Keeping DNSSD lookup active[0m
[0;32m[1784833742.687] [11419:11421] [DIS] UDP:[fe80::bfe:a203:38f0:bce7%enp0s3]:5540: score has not improved: 7 (for 759AA75D3383AD2E-0000000000000001)[0m
[0;34m[1784833742.687] [11419:11421] [DIS] Lookup clearing interface for non LL address[0m
[0;32m[1784833742.687] [11419:11421] [DIS] UDP:10.0.2.15%enp0s3:5540: score has not improved: 2 (for 759AA75D3383AD2E-0000000000000001)[0m
[0;32m[1784833742.687] [11419:11421] [DIS] Checking node lookup status for 759AA75D3383AD2E-0000000000000001 after 1 ms[0m
[0;32m[1784833742.687] [11419:11421] [DIS] Keeping DNSSD lookup active[0m
[0;32m[1784833742.895] [11419:11421] [DIS] Checking node lookup status for 759AA75D3383AD2E-0000000000000001 after 209 ms[0m
[0;34m[1784833742.895] [11419:11421] [DIS] OperationalSessionSetup[1:0000000000000001]: Updating device address to UDP:[fe80::bfe:a203:38f0:bce7%enp0s3]:5540 while in state 2[0m
[0;34m[1784833742.895] [11419:11421] [DIS] OperationalSessionSetup[1:0000000000000001]: State change 2 --> 3[0m
[0;34m[1784833742.895] [11419:11421] [IN] SecureSession[0x7baba0009cd0]: Allocated Type:2 LSID:51200[0m
[0;32m[1784833742.895] [11419:11421] [SC] Initiating session on local FabricIndex 1 from 0x000000000001B669 -> 0x0000000000000001[0m
[0;32m[1784833742.895] [11419:11421] [EM] <<< [E:19829i S:0 M:209875653] (U) Msg TX from 3DAF228957311980 to 0:0000000000000000 [0000] [UDP:[fe80::bfe:a203:38f0:bce7%enp0s3]:5540] --- Type 0000:30 (SecureChannel:CASE_Sigma1) (B:196)[0m
[0;32m[1784833742.895] [11419:11421] [EM] ??1 [E:19829i S:0 M:209875653] (U) Msg Retransmission to 0:0000000000000000 scheduled for 602ms from now [State:Idle II:500 AI:300 AT:4000][0m
[0;32m[1784833742.896] [11419:11421] [SC] Sent Sigma1 msg to <0000000000000001, 1> [II:500ms AI:300ms AT:4000ms][0m
[0;34m[1784833742.896] [11419:11421] [DIS] OperationalSessionSetup[1:0000000000000001]: State change 3 --> 4[0m
[0;32m[1784833742.899] [11419:11421] [EM] >>> [E:19829i S:0 M:229131691 (Ack:209875653)] (U) Msg RX from 0:0000000000000000 [0000] to 3DAF228957311980 --- Type 0000:31 (SecureChannel:CASE_Sigma2) (B:751)[0m
[0;34m[1784833742.899] [11419:11421] [EM] Found matching exchange: 19829i, Delegate: 0x7baba000b8e8[0m
[0;34m[1784833742.899] [11419:11421] [EM] Rxd Ack; Removing MessageCounter:209875653 from Retrans Table on exchange 19829i[0m
[0;32m[1784833742.899] [11419:11421] [SC] Received Sigma2 msg[0m
[0;34m[1784833742.899] [11419:11421] [SC] Found MRP parameters in the message[0m
[0;34m[1784833742.901] [11419:11421] [SC] Peer <0000000000000001, 1> assigned session ID 5897[0m
[0;34m[1784833742.901] [11419:11421] [SC] Sending Sigma3[0m
[0;32m[1784833742.902] [11419:11421] [EM] <<< [E:19829i S:0 M:209875654 (Ack:229131691)] (U) Msg TX from 3DAF228957311980 to 0:0000000000000000 [0000] [UDP:[fe80::bfe:a203:38f0:bce7%enp0s3]:5540] --- Type 0000:32 (SecureChannel:CASE_Sigma3) (B:598)[0m
[0;32m[1784833742.902] [11419:11421] [EM] ??1 [E:19829i S:0 M:209875654] (U) Msg Retransmission to 0:0000000000000000 scheduled for 352ms from now [State:Active II:500 AI:300 AT:4000][0m
[0;32m[1784833742.902] [11419:11421] [SC] Sent Sigma3 msg[0m
[0;32m[1784833742.912] [11419:11421] [EM] >>> [E:19829i S:0 M:229131692 (Ack:209875654)] (U) Msg RX from 0:0000000000000000 [0000] to 3DAF228957311980 --- Type 0000:40 (SecureChannel:StatusReport) (B:34)[0m
[0;34m[1784833742.912] [11419:11421] [EM] Found matching exchange: 19829i, Delegate: 0x7baba000b8e8[0m
[0;34m[1784833742.912] [11419:11421] [EM] Rxd Ack; Removing MessageCounter:209875654 from Retrans Table on exchange 19829i[0m
[0;32m[1784833742.912] [11419:11421] [SC] Success status report received. Session was established[0m
[0;32m[1784833742.914] [11419:11421] [SC] SecureSession[0x7baba0009cd0, LSID:51200]: State change 'kEstablishing' --> 'kActive'[0m
[0;34m[1784833742.914] [11419:11421] [IN] SecureSession[0x7baba0009cd0]: Activated - Type:2 LSID:51200[0m
[0;34m[1784833742.914] [11419:11421] [IN] New secure session activated for device <0000000000000001, 1>, LSID:51200 PSID:5897![0m
[0;34m[1784833742.914] [11419:11421] [DIS] OperationalSessionSetup[1:0000000000000001]: State change 4 --> 5[0m
[0;32m[1784833742.914] [11419:11421] [TOO] Sending cluster (0x00000038) command (0x00000000) on endpoint 0[0m
[0;34m[1784833742.914] [11419:11421] [DMG] ICR moving to [AddingComm][0m
[0;34m[1784833742.914] [11419:11421] [DMG] ICR moving to [AddedComma][0m
[0;32m[1784833742.914] [11419:11421] [EM] <<< [E:19830i S:51200 M:151664580] (S) Msg TX from 000000000001B669 to 1:0000000000000001 [AD2E] [UDP:[fe80::bfe:a203:38f0:bce7%enp0s3]:5540] --- Type 0001:08 (IM:InvokeCommandRequest) (B:72)[0m
[0;32m[1784833742.914] [11419:11421] [EM] ??1 [E:19830i S:51200 M:151664580] (S) Msg Retransmission to 1:0000000000000001 scheduled for 399ms from now [State:Active II:500 AI:300 AT:4000][0m
[0;34m[1784833742.914] [11419:11421] [DMG] ICR moving to [AwaitingRe][0m
[0;32m[1784833742.914] [11419:11421] [EM] <<< [E:19829i S:0 M:209875655 (Ack:229131692)] (U) Msg TX from 3DAF228957311980 to 0:0000000000000000 [0000] [UDP:[fe80::bfe:a203:38f0:bce7%enp0s3]:5540] --- Type 0000:10 (SecureChannel:StandaloneAck) (B:26)[0m
[0;34m[1784833742.914] [11419:11421] [EM] Flushed pending ack for MessageCounter:229131692 on exchange 19829i[0m
[0;32m[2524608000.001] [11419:11421] [EM] >>> [E:19830i S:51200 M:47061405 (Ack:151664580)] (S) Msg RX from 1:0000000000000001 [AD2E] to 000000000001B669 --- Type 0001:09 (IM:InvokeCommandResponse) (B:67)[0m
[0;34m[2524608000.001] [11419:11421] [EM] Found matching exchange: 19830i, Delegate: 0x7baba000eef8[0m
[0;34m[2524608000.001] [11419:11421] [EM] Rxd Ack; Removing MessageCounter:151664580 from Retrans Table on exchange 19830i[0m
[0;34m[2524608000.001] [11419:11421] [DMG] ICR moving to [ResponseRe][0m
[0;34m[2524608000.001] [11419:11421] [DMG] InvokeResponseMessage =[0m
[0;34m[2524608000.001] [11419:11421] [DMG] {[0m
[0;34m[2524608000.001] [11419:11421] [DMG] 	suppressResponse = false, [0m
[0;34m[2524608000.001] [11419:11421] [DMG] 	InvokeResponseIBs =[0m
[0;34m[2524608000.001] [11419:11421] [DMG] 	[[0m
[0;34m[2524608000.001] [11419:11421] [DMG] 		InvokeResponseIB =[0m
[0;34m[2524608000.001] [11419:11421] [DMG] 		{[0m
[0;34m[2524608000.001] [11419:11421] [DMG] 			CommandStatusIB =[0m
[0;34m[2524608000.001] [11419:11421] [DMG] 			{[0m
[0;34m[2524608000.001] [11419:11421] [DMG] 				CommandPathIB =[0m
[0;34m[2524608000.001] [11419:11421] [DMG] 				{[0m
[0;34m[2524608000.001] [11419:11421] [DMG] 					EndpointId = 0x0,[0m
[0;34m[2524608000.001] [11419:11421] [DMG] 					ClusterId = 0x38,[0m
[0;34m[2524608000.001] [11419:11421] [DMG] 					CommandId = 0x0,[0m
[0;34m[2524608000.001] [11419:11421] [DMG] 				},[0m
[0;34m[2524608000.001] [11419:11421] [DMG] 				[0m
[0;34m[2524608000.001] [11419:11421] [DMG] 				StatusIB =[0m
[0;34m[2524608000.001] [11419:11421] [DMG] 				{[0m
[0;34m[2524608000.001] [11419:11421] [DMG] 					status = 0x00 (SUCCESS),[0m
[0;34m[2524608000.001] [11419:11421] [DMG] 				},[0m
[0;34m[2524608000.001] [11419:11421] [DMG] 				[0m
[0;34m[2524608000.001] [11419:11421] [DMG] 			},[0m
[0;34m[2524608000.001] [11419:11421] [DMG] 			[0m
[0;34m[2524608000.001] [11419:11421] [DMG] 		},[0m
[0;34m[2524608000.001] [11419:11421] [DMG] 		[0m
[0;34m[2524608000.001] [11419:11421] [DMG] 	],[0m
[0;34m[2524608000.001] [11419:11421] [DMG] 	[0m
[0;34m[2524608000.001] [11419:11421] [DMG] 	InteractionModelRevision = 12[0m
[0;34m[2524608000.001] [11419:11421] [DMG] },[0m
[0;32m[2524608000.001] [11419:11421] [DMG] Received Command Response Status for Endpoint=0 Cluster=0x0000_0038 Command=0x0000_0000 Status=0x0[0m
[0;34m[2524608000.001] [11419:11421] [DMG] ICR moving to [AwaitingDe][0m
[0;32m[2524608000.001] [11419:11421] [EM] <<< [E:19830i S:51200 M:151664581 (Ack:47061405)] (S) Msg TX from 000000000001B669 to 1:0000000000000001 [AD2E] [UDP:[fe80::bfe:a203:38f0:bce7%enp0s3]:5540] --- Type 0000:10 (SecureChannel:StandaloneAck) (B:34)[0m
[0;34m[2524608000.001] [11419:11421] [EM] Flushed pending ack for MessageCounter:47061405 on exchange 19830i[0m
[0;34m[2524608000.002] [11419:11419] [CTL] Shutting down the commissioner[0m
[0;32m[2524608000.002] [11419:11419] [PAF] WiFiPAF: Closing all WiFiPAF sessions to shutdown[0m
[0;34m[2524608000.002] [11419:11419] [CTL] Shutting down the controller[0m
[0;34m[2524608000.002] [11419:11419] [IN] Expiring all sessions for fabric 0x1!![0m
[0;34m[2524608000.002] [11419:11419] [IN] SecureSession[0x7baba0009cd0]: MarkForEviction Type:2 LSID:51200[0m
[0;32m[2524608000.002] [11419:11419] [SC] SecureSession[0x7baba0009cd0, LSID:51200]: State change 'kActive' --> 'kPendingEviction'[0m
[0;34m[2524608000.002] [11419:11419] [IN] SecureSession[0x7baba0009cd0]: Released - Type:2 LSID:51200[0m
[0;32m[2524608000.002] [11419:11419] [FP] Forgetting fabric 0x1[0m
[0;32m[2524608000.002] [11419:11419] [TS] Pending Last Known Good Time: 2023-10-14T01:16:48[0m
[0;32m[2524608000.002] [11419:11419] [TS] Previous Last Known Good Time: 2023-10-14T01:16:48[0m
[0;32m[2524608000.002] [11419:11419] [TS] Reverted Last Known Good Time to previous value[0m
[0;34m[2524608000.002] [11419:11419] [CTL] Shutting down the commissioner[0m
[0;32m[2524608000.002] [11419:11419] [PAF] WiFiPAF: Closing all WiFiPAF sessions to shutdown[0m
[0;34m[2524608000.002] [11419:11419] [CTL] Shutting down the controller[0m
[0;34m[2524608000.002] [11419:11419] [CTL] Shutting down the System State, this will teardown the CHIP Stack[0m
[0;34m[2524608000.002] [11419:11419] [DMG] All ReadHandler-s are clean, clear GlobalDirtySet[0m
[0;32m[2524608000.003] [11419:11419] [FP] Shutting down FabricTable[0m
[0;32m[2524608000.003] [11419:11419] [TS] Pending Last Known Good Time: 2023-10-14T01:16:48[0m
[0;32m[2524608000.003] [11419:11419] [TS] Previous Last Known Good Time: 2023-10-14T01:16:48[0m
[0;32m[2524608000.003] [11419:11419] [TS] Reverted Last Known Good Time to previous value[0m
[0;34m[2524608000.005] [11419:11419] [DL] Wrote settings to /tmp/chip_counters.ini[0m
[0;32m[2524608000.006] [11419:11419] [DL] NVS set: chip-counters/total-operational-hours = 0 (0x0)[0m
[0;32m[2524608000.006] [11419:11419] [DL] Inet Layer shutdown[0m
[0;32m[2524608000.006] [11419:11419] [DL] BLE Layer shutdown[0m
[0;32m[2524608000.006] [11419:11419] [DL] WiFi-PAF Layer shutdown[0m
[0;32m[2524608000.006] [11419:11419] [PAF] WiFiPAF: Closing all WiFiPAF sessions to shutdown[0m
[0;32m[2524608000.006] [11419:11419] [DL] System Layer shutdown[0m
