[0;34m[2524608000.112] [18153:18153] [DL] ChipLinuxStorage::Init: Using KVS config file: /tmp/chip_tool_kvs[0m
[1;31m[2524608000.113] [18153:18153] [DL] ChipLinuxStorage::Init: Attempt to re-initialize with KVS config file: /tmp/chip_kvs, IGNORING.[0m
[0;34m[2524608000.115] [18153:18153] [DL] ChipLinuxStorage::Init: Using KVS config file: /tmp/chip_factory.ini[0m
[0;34m[2524608000.115] [18153:18153] [DL] ChipLinuxStorage::Init: Using KVS config file: /tmp/chip_config.ini[0m
[0;34m[2524608000.115] [18153:18153] [DL] ChipLinuxStorage::Init: Using KVS config file: /tmp/chip_counters.ini[0m
[0;34m[2524608000.118] [18153:18153] [DL] Wrote settings to /tmp/chip_counters.ini[0m
[0;32m[2524608000.118] [18153:18153] [DL] NVS set: chip-counters/reboot-count = 4 (0x4)[0m
[0;32m[2524608000.118] [18153:18153] [DL] Got Ethernet interface: enp0s3[0m
[0;32m[2524608000.118] [18153:18153] [DL] Found the primary Ethernet interface:enp0s3[0m
[1;31m[2524608000.118] [18153:18153] [DL] Failed to get WiFi interface[0m
[1;31m[2524608000.118] [18153:18153] [DL] Failed to reset WiFi statistic counts[0m
[0;32m[2524608000.118] [18153:18153] [PAF] WiFiPAF: WiFiPAFLayer::Init()[0m
[0;34m[2524608000.118] [18153:18153] [IN] UDP::Init bind&listen port=0[0m
[0;34m[2524608000.118] [18153:18153] [IN] UDP::Init bound to port=54726[0m
[0;34m[2524608000.118] [18153:18153] [IN] UDP::Init bind&listen port=0[0m
[0;34m[2524608000.118] [18153:18153] [IN] UDP::Init bound to port=55492[0m
[0;34m[2524608000.118] [18153:18153] [IN] BLEBase::Init - setting/overriding transport[0m
[0;34m[2524608000.118] [18153:18153] [IN] WiFiPAFBase::Init - setting/overriding transport[0m
[0;34m[2524608000.118] [18153:18153] [IN] TransportMgr initialized[0m
[0;34m[2524608000.118] [18153:18153] [FP] Initializing FabricTable from persistent storage[0m
[0;32m[2524608000.118] [18153:18153] [TS] Last Known Good Time: 2023-10-14T01:16:48[0m
[0;32m[2524608000.119] [18153:18153] [FP] Fabric index 0x1 was retrieved from storage. Compressed FabricId 0xC8994817F28819A7, FabricId 0x0000000000000001, NodeId 0x000000000001B669, VendorId 0xFFF1[0m
[0;32m[2524608000.119] [18153:18153] [DMG] Ember attribute persistence requires setting up[0m
[0;32m[2524608000.119] [18153:18153] [ZCL] Using ZAP configuration...[0m
[0;34m[2524608000.120] [18153:18153] [CTL] System State Initialized...[0m
[0;32m[2524608000.120] [18153:18153] [CTL] Setting attestation nonce to random value[0m
[0;32m[2524608000.120] [18153:18153] [CTL] Setting CSR nonce to random value[0m
[0;34m[2524608000.120] [18153:18162] [DL] CHIP task running[0m
[0;32m[2524608000.120] [18153:18162] [CTL] Setting attestation nonce to random value[0m
[0;32m[2524608000.120] [18153:18162] [CTL] Setting CSR nonce to random value[0m
[0;32m[2524608000.120] [18153:18162] [CTL] Generating NOC[0m
[0;32m[2524608000.120] [18153:18162] [FP] Validating NOC chain[0m
[0;32m[2524608000.121] [18153:18162] [FP] NOC chain validation successful[0m
[0;32m[2524608000.121] [18153:18162] [FP] Updated fabric at index: 0x1, Node ID: 0x000000000001B669[0m
[0;32m[2524608000.121] [18153:18162] [TS] Last Known Good Time: 2023-10-14T01:16:48[0m
[0;32m[2524608000.121] [18153:18162] [TS] New proposed Last Known Good Time: 2021-01-01T00:00:00[0m
[0;32m[2524608000.121] [18153:18162] [TS] Retaining current Last Known Good Time[0m
[0;32m[2524608000.123] [18153:18162] [FP] Metadata for Fabric 0x1 persisted to storage.[0m
[0;32m[2524608000.124] [18153:18162] [TS] Committing Last Known Good Time to storage: 2023-10-14T01:16:48[0m
[0;32m[2524608000.125] [18153:18162] [CTL] Joined the fabric at index 1. Fabric ID is 0x0000000000000001 (Compressed Fabric ID: C8994817F28819A7)[0m
[0;32m[2524608000.129] [18153:18162] [TOO] Sending command to node 0x1[0m
[0;34m[2524608000.129] [18153:18162] [CSM] FindOrEstablishSession: PeerId = [1:0000000000000001][0m
[0;34m[2524608000.129] [18153:18162] [CSM] FindOrEstablishSession: No existing OperationalSessionSetup instance found[0m
[0;34m[2524608000.129] [18153:18162] [DIS] OperationalSessionSetup[1:0000000000000001]: State change 1 --> 2[0m
[0;32m[2524608000.129] [18153:18162] [DIS] Lookup started for C8994817F28819A7-0000000000000001[0m
[0;32m[2524608000.130] [18153:18162] [DIS] UDP:[fe80::bfe:a203:38f0:bce7%enp0s3]:5540: new best score: 7 (for C8994817F28819A7-0000000000000001)[0m
[0;34m[2524608000.130] [18153:18162] [DIS] Lookup clearing interface for non LL address[0m
[0;32m[2524608000.130] [18153:18162] [DIS] UDP:10.0.2.15%enp0s3:5540: new best score: 2 (for C8994817F28819A7-0000000000000001)[0m
[0;32m[2524608000.130] [18153:18162] [DIS] Checking node lookup status for C8994817F28819A7-0000000000000001 after 0 ms[0m
[0;32m[2524608000.130] [18153:18162] [DIS] Keeping DNSSD lookup active[0m
[0;32m[2524608000.130] [18153:18162] [DIS] UDP:[fe80::bfe:a203:38f0:bce7%enp0s3]:5540: score has not improved: 7 (for C8994817F28819A7-0000000000000001)[0m
[0;34m[2524608000.130] [18153:18162] [DIS] Lookup clearing interface for non LL address[0m
[0;32m[2524608000.130] [18153:18162] [DIS] UDP:10.0.2.15%enp0s3:5540: score has not improved: 2 (for C8994817F28819A7-0000000000000001)[0m
[0;32m[2524608000.130] [18153:18162] [DIS] Checking node lookup status for C8994817F28819A7-0000000000000001 after 0 ms[0m
[0;32m[2524608000.130] [18153:18162] [DIS] Keeping DNSSD lookup active[0m
[0;32m[2524608000.412] [18153:18162] [DIS] Checking node lookup status for C8994817F28819A7-0000000000000001 after 283 ms[0m
[0;34m[2524608000.412] [18153:18162] [DIS] OperationalSessionSetup[1:0000000000000001]: Updating device address to UDP:[fe80::bfe:a203:38f0:bce7%enp0s3]:5540 while in state 2[0m
[0;34m[2524608000.412] [18153:18162] [DIS] OperationalSessionSetup[1:0000000000000001]: State change 2 --> 3[0m
[0;34m[2524608000.412] [18153:18162] [IN] SecureSession[0x7d462c009cd0]: Allocated Type:2 LSID:17263[0m
[0;32m[2524608000.412] [18153:18162] [SC] Initiating session on local FabricIndex 1 from 0x000000000001B669 -> 0x0000000000000001[0m
[0;32m[2524608000.413] [18153:18162] [EM] <<< [E:15411i S:0 M:123736247] (U) Msg TX from 95198A06D86EFF5B to 0:0000000000000000 [0000] [UDP:[fe80::bfe:a203:38f0:bce7%enp0s3]:5540] --- Type 0000:30 (SecureChannel:CASE_Sigma1) (B:196)[0m
[0;32m[2524608000.413] [18153:18162] [EM] ??1 [E:15411i S:0 M:123736247] (U) Msg Retransmission to 0:0000000000000000 scheduled for 667ms from now [State:Idle II:500 AI:300 AT:4000][0m
[0;32m[2524608000.413] [18153:18162] [SC] Sent Sigma1 msg to <0000000000000001, 1> [II:500ms AI:300ms AT:4000ms][0m
[0;34m[2524608000.413] [18153:18162] [DIS] OperationalSessionSetup[1:0000000000000001]: State change 3 --> 4[0m
[0;32m[2524608000.417] [18153:18162] [EM] >>> [E:15411i S:0 M:222417612 (Ack:123736247)] (U) Msg RX from 0:0000000000000000 [0000] to 95198A06D86EFF5B --- Type 0000:31 (SecureChannel:CASE_Sigma2) (B:751)[0m
[0;34m[2524608000.417] [18153:18162] [EM] Found matching exchange: 15411i, Delegate: 0x7d462c00b8e8[0m
[0;34m[2524608000.417] [18153:18162] [EM] Rxd Ack; Removing MessageCounter:123736247 from Retrans Table on exchange 15411i[0m
[0;32m[2524608000.417] [18153:18162] [SC] Received Sigma2 msg[0m
[0;34m[2524608000.417] [18153:18162] [SC] Found MRP parameters in the message[0m
[0;34m[2524608000.419] [18153:18162] [SC] Certificate's mNotAfterTime (978134400) is before current time (1577923200)[0m
[0;34m[2524608000.419] [18153:18162] [SC] Sending status report. Protocol code 2, exchange 15411[0m
[0;32m[2524608000.419] [18153:18162] [EM] <<< [E:15411i S:0 M:123736248 (Ack:222417612)] (U) Msg TX from 95198A06D86EFF5B to 0:0000000000000000 [0000] [UDP:[fe80::bfe:a203:38f0:bce7%enp0s3]:5540] --- Type 0000:40 (SecureChannel:StatusReport) (B:34)[0m
[0;32m[2524608000.419] [18153:18162] [EM] ??1 [E:15411i S:0 M:123736248] (U) Msg Retransmission to 0:0000000000000000 scheduled for 330ms from now [State:Active II:500 AI:300 AT:4000][0m
[0;34m[2524608000.419] [18153:18162] [IN] SecureSession[0x7d462c009cd0]: Released - Type:2 LSID:17263[0m
[1;31m[2524608000.419] [18153:18162] [-] src/credentials/CHIPCert.cpp:1481: CHIP Error 0x0000004E: Certificate expired at examples/chip-tool/commands/clusters/ModelCommand.cpp:67[0m
[0;34m[2524608000.420] [18153:18153] [CTL] Shutting down the commissioner[0m
[0;32m[2524608000.420] [18153:18153] [PAF] WiFiPAF: Closing all WiFiPAF sessions to shutdown[0m
[0;34m[2524608000.420] [18153:18153] [CTL] Shutting down the controller[0m
[0;34m[2524608000.420] [18153:18153] [IN] Expiring all sessions for fabric 0x1!![0m
[0;32m[2524608000.420] [18153:18153] [FP] Forgetting fabric 0x1[0m
[0;32m[2524608000.420] [18153:18153] [TS] Pending Last Known Good Time: 2023-10-14T01:16:48[0m
[0;32m[2524608000.420] [18153:18153] [TS] Previous Last Known Good Time: 2023-10-14T01:16:48[0m
[0;32m[2524608000.420] [18153:18153] [TS] Reverted Last Known Good Time to previous value[0m
[0;34m[2524608000.420] [18153:18153] [CTL] Shutting down the commissioner[0m
[0;32m[2524608000.420] [18153:18153] [PAF] WiFiPAF: Closing all WiFiPAF sessions to shutdown[0m
[0;34m[2524608000.420] [18153:18153] [CTL] Shutting down the controller[0m
[0;34m[2524608000.420] [18153:18153] [CTL] Shutting down the System State, this will teardown the CHIP Stack[0m
[0;34m[2524608000.420] [18153:18153] [DMG] All ReadHandler-s are clean, clear GlobalDirtySet[0m
[0;32m[2524608000.420] [18153:18153] [FP] Shutting down FabricTable[0m
[0;32m[2524608000.420] [18153:18153] [TS] Pending Last Known Good Time: 2023-10-14T01:16:48[0m
[0;32m[2524608000.420] [18153:18153] [TS] Previous Last Known Good Time: 2023-10-14T01:16:48[0m
[0;32m[2524608000.420] [18153:18153] [TS] Reverted Last Known Good Time to previous value[0m
[0;34m[2524608000.424] [18153:18153] [DL] Wrote settings to /tmp/chip_counters.ini[0m
[0;32m[2524608000.424] [18153:18153] [DL] NVS set: chip-counters/total-operational-hours = 0 (0x0)[0m
[0;32m[2524608000.424] [18153:18153] [DL] Inet Layer shutdown[0m
[0;32m[2524608000.424] [18153:18153] [DL] BLE Layer shutdown[0m
[0;32m[2524608000.424] [18153:18153] [DL] WiFi-PAF Layer shutdown[0m
[0;32m[2524608000.424] [18153:18153] [PAF] WiFiPAF: Closing all WiFiPAF sessions to shutdown[0m
[0;32m[2524608000.424] [18153:18153] [DL] System Layer shutdown[0m
[1;31m[2524608000.424] [18153:18153] [TOO] Run command failure: src/credentials/CHIPCert.cpp:1481: CHIP Error 0x0000004E: Certificate expired[0m
