[0;34m[2524608000.486] [18191:18191] [DL] ChipLinuxStorage::Init: Using KVS config file: /tmp/chip_tool_kvs[0m
[1;31m[2524608000.486] [18191:18191] [DL] ChipLinuxStorage::Init: Attempt to re-initialize with KVS config file: /tmp/chip_kvs, IGNORING.[0m
[0;34m[2524608000.488] [18191:18191] [DL] ChipLinuxStorage::Init: Using KVS config file: /tmp/chip_factory.ini[0m
[0;34m[2524608000.488] [18191:18191] [DL] ChipLinuxStorage::Init: Using KVS config file: /tmp/chip_config.ini[0m
[0;34m[2524608000.488] [18191:18191] [DL] ChipLinuxStorage::Init: Using KVS config file: /tmp/chip_counters.ini[0m
[0;34m[2524608000.491] [18191:18191] [DL] Wrote settings to /tmp/chip_counters.ini[0m
[0;32m[2524608000.491] [18191:18191] [DL] NVS set: chip-counters/reboot-count = 5 (0x5)[0m
[0;32m[2524608000.491] [18191:18191] [DL] Got Ethernet interface: enp0s3[0m
[0;32m[2524608000.491] [18191:18191] [DL] Found the primary Ethernet interface:enp0s3[0m
[1;31m[2524608000.491] [18191:18191] [DL] Failed to get WiFi interface[0m
[1;31m[2524608000.491] [18191:18191] [DL] Failed to reset WiFi statistic counts[0m
[0;32m[2524608000.491] [18191:18191] [PAF] WiFiPAF: WiFiPAFLayer::Init()[0m
[0;34m[2524608000.491] [18191:18191] [IN] UDP::Init bind&listen port=0[0m
[0;34m[2524608000.491] [18191:18191] [IN] UDP::Init bound to port=48577[0m
[0;34m[2524608000.491] [18191:18191] [IN] UDP::Init bind&listen port=0[0m
[0;34m[2524608000.491] [18191:18191] [IN] UDP::Init bound to port=46023[0m
[0;34m[2524608000.491] [18191:18191] [IN] BLEBase::Init - setting/overriding transport[0m
[0;34m[2524608000.491] [18191:18191] [IN] WiFiPAFBase::Init - setting/overriding transport[0m
[0;34m[2524608000.491] [18191:18191] [IN] TransportMgr initialized[0m
[0;34m[2524608000.491] [18191:18191] [FP] Initializing FabricTable from persistent storage[0m
[0;32m[2524608000.491] [18191:18191] [TS] Last Known Good Time: 2023-10-14T01:16:48[0m
[0;32m[2524608000.492] [18191:18191] [FP] Fabric index 0x1 was retrieved from storage. Compressed FabricId 0xC8994817F28819A7, FabricId 0x0000000000000001, NodeId 0x000000000001B669, VendorId 0xFFF1[0m
[0;32m[2524608000.492] [18191:18191] [DMG] Ember attribute persistence requires setting up[0m
[0;32m[2524608000.492] [18191:18191] [ZCL] Using ZAP configuration...[0m
[0;34m[2524608000.493] [18191:18191] [CTL] System State Initialized...[0m
[0;32m[2524608000.493] [18191:18191] [CTL] Setting attestation nonce to random value[0m
[0;32m[2524608000.493] [18191:18191] [CTL] Setting CSR nonce to random value[0m
[0;34m[2524608000.493] [18191:18207] [DL] CHIP task running[0m
[0;32m[2524608000.493] [18191:18207] [CTL] Setting attestation nonce to random value[0m
[0;32m[2524608000.493] [18191:18207] [CTL] Setting CSR nonce to random value[0m
[0;32m[2524608000.493] [18191:18207] [CTL] Generating NOC[0m
[0;32m[2524608000.493] [18191:18207] [FP] Validating NOC chain[0m
[0;32m[2524608000.494] [18191:18207] [FP] NOC chain validation successful[0m
[0;32m[2524608000.494] [18191:18207] [FP] Updated fabric at index: 0x1, Node ID: 0x000000000001B669[0m
[0;32m[2524608000.494] [18191:18207] [TS] Last Known Good Time: 2023-10-14T01:16:48[0m
[0;32m[2524608000.494] [18191:18207] [TS] New proposed Last Known Good Time: 2021-01-01T00:00:00[0m
[0;32m[2524608000.494] [18191:18207] [TS] Retaining current Last Known Good Time[0m
[0;32m[2524608000.495] [18191:18207] [FP] Metadata for Fabric 0x1 persisted to storage.[0m
[0;32m[2524608000.496] [18191:18207] [TS] Committing Last Known Good Time to storage: 2023-10-14T01:16:48[0m
[0;32m[2524608000.497] [18191:18207] [CTL] Joined the fabric at index 1. Fabric ID is 0x0000000000000001 (Compressed Fabric ID: C8994817F28819A7)[0m
[0;32m[2524608000.505] [18191:18207] [TOO] Sending command to node 0x1[0m
[0;34m[2524608000.505] [18191:18207] [CSM] FindOrEstablishSession: PeerId = [1:0000000000000001][0m
[0;34m[2524608000.505] [18191:18207] [CSM] FindOrEstablishSession: No existing OperationalSessionSetup instance found[0m
[0;34m[2524608000.505] [18191:18207] [DIS] OperationalSessionSetup[1:0000000000000001]: State change 1 --> 2[0m
[0;32m[2524608000.505] [18191:18207] [DIS] Lookup started for C8994817F28819A7-0000000000000001[0m
[0;32m[2524608000.507] [18191:18207] [DIS] UDP:[fe80::bfe:a203:38f0:bce7%enp0s3]:5540: new best score: 7 (for C8994817F28819A7-0000000000000001)[0m
[0;34m[2524608000.507] [18191:18207] [DIS] Lookup clearing interface for non LL address[0m
[0;32m[2524608000.507] [18191:18207] [DIS] UDP:10.0.2.15%enp0s3:5540: new best score: 2 (for C8994817F28819A7-0000000000000001)[0m
[0;32m[2524608000.507] [18191:18207] [DIS] Checking node lookup status for C8994817F28819A7-0000000000000001 after 1 ms[0m
[0;32m[2524608000.507] [18191:18207] [DIS] Keeping DNSSD lookup active[0m
[0;32m[2524608000.507] [18191:18207] [DIS] UDP:[fe80::bfe:a203:38f0:bce7%enp0s3]:5540: score has not improved: 7 (for C8994817F28819A7-0000000000000001)[0m
[0;34m[2524608000.507] [18191:18207] [DIS] Lookup clearing interface for non LL address[0m
[0;32m[2524608000.507] [18191:18207] [DIS] UDP:10.0.2.15%enp0s3:5540: score has not improved: 2 (for C8994817F28819A7-0000000000000001)[0m
[0;32m[2524608000.507] [18191:18207] [DIS] Checking node lookup status for C8994817F28819A7-0000000000000001 after 2 ms[0m
[0;32m[2524608000.507] [18191:18207] [DIS] Keeping DNSSD lookup active[0m
[0;32m[2524608000.706] [18191:18207] [DIS] Checking node lookup status for C8994817F28819A7-0000000000000001 after 201 ms[0m
[0;34m[2524608000.706] [18191:18207] [DIS] OperationalSessionSetup[1:0000000000000001]: Updating device address to UDP:[fe80::bfe:a203:38f0:bce7%enp0s3]:5540 while in state 2[0m
[0;34m[2524608000.706] [18191:18207] [DIS] OperationalSessionSetup[1:0000000000000001]: State change 2 --> 3[0m
[0;34m[2524608000.706] [18191:18207] [IN] SecureSession[0x74fcac00c1f0]: Allocated Type:2 LSID:36981[0m
[0;32m[2524608000.706] [18191:18207] [SC] Initiating session on local FabricIndex 1 from 0x000000000001B669 -> 0x0000000000000001[0m
[0;32m[2524608000.706] [18191:18207] [EM] <<< [E:41906i S:0 M:68893632] (U) Msg TX from C246614B0E334560 to 0:0000000000000000 [0000] [UDP:[fe80::bfe:a203:38f0:bce7%enp0s3]:5540] --- Type 0000:30 (SecureChannel:CASE_Sigma1) (B:196)[0m
[0;32m[2524608000.707] [18191:18207] [EM] ??1 [E:41906i S:0 M:68893632] (U) Msg Retransmission to 0:0000000000000000 scheduled for 580ms from now [State:Idle II:500 AI:300 AT:4000][0m
[0;32m[2524608000.707] [18191:18207] [SC] Sent Sigma1 msg to <0000000000000001, 1> [II:500ms AI:300ms AT:4000ms][0m
[0;34m[2524608000.707] [18191:18207] [DIS] OperationalSessionSetup[1:0000000000000001]: State change 3 --> 4[0m
[0;32m[2524608000.708] [18191:18207] [EM] >>> [E:41906i S:0 M:222417614 (Ack:68893632)] (U) Msg RX from 0:0000000000000000 [0000] to C246614B0E334560 --- Type 0000:31 (SecureChannel:CASE_Sigma2) (B:751)[0m
[0;34m[2524608000.708] [18191:18207] [EM] Found matching exchange: 41906i, Delegate: 0x74fcac00bf28[0m
[0;34m[2524608000.708] [18191:18207] [EM] Rxd Ack; Removing MessageCounter:68893632 from Retrans Table on exchange 41906i[0m
[0;32m[2524608000.708] [18191:18207] [SC] Received Sigma2 msg[0m
[0;34m[2524608000.708] [18191:18207] [SC] Found MRP parameters in the message[0m
[0;34m[2524608000.709] [18191:18207] [SC] Certificate's mNotAfterTime (978134400) is before current time (1577923200)[0m
[0;34m[2524608000.709] [18191:18207] [SC] Sending status report. Protocol code 2, exchange 41906[0m
[0;32m[2524608000.709] [18191:18207] [EM] <<< [E:41906i S:0 M:68893633 (Ack:222417614)] (U) Msg TX from C246614B0E334560 to 0:0000000000000000 [0000] [UDP:[fe80::bfe:a203:38f0:bce7%enp0s3]:5540] --- Type 0000:40 (SecureChannel:StatusReport) (B:34)[0m
[0;32m[2524608000.709] [18191:18207] [EM] ??1 [E:41906i S:0 M:68893633] (U) Msg Retransmission to 0:0000000000000000 scheduled for 398ms from now [State:Active II:500 AI:300 AT:4000][0m
[0;34m[2524608000.709] [18191:18207] [IN] SecureSession[0x74fcac00c1f0]: Released - Type:2 LSID:36981[0m
[1;31m[2524608000.709] [18191:18207] [-] src/credentials/CHIPCert.cpp:1481: CHIP Error 0x0000004E: Certificate expired at examples/chip-tool/commands/clusters/ModelCommand.cpp:67[0m
[0;32m[2524608000.709] [18191:18207] [EM] >>> [E:41906i S:0 M:222417615 (Ack:68893633)] (U) Msg RX from 0:0000000000000000 [0000] to C246614B0E334560 --- Type 0000:10 (SecureChannel:StandaloneAck) (B:26)[0m
[0;34m[2524608000.709] [18191:18207] [EM] Found matching exchange: 41906i, Delegate: (nil)[0m
[0;34m[2524608000.709] [18191:18207] [EM] Rxd Ack; Removing MessageCounter:68893633 from Retrans Table on exchange 41906i[0m
[0;34m[2524608000.709] [18191:18191] [CTL] Shutting down the commissioner[0m
[0;32m[2524608000.709] [18191:18191] [PAF] WiFiPAF: Closing all WiFiPAF sessions to shutdown[0m
[0;34m[2524608000.709] [18191:18191] [CTL] Shutting down the controller[0m
[0;34m[2524608000.709] [18191:18191] [IN] Expiring all sessions for fabric 0x1!![0m
[0;32m[2524608000.709] [18191:18191] [FP] Forgetting fabric 0x1[0m
[0;32m[2524608000.709] [18191:18191] [TS] Pending Last Known Good Time: 2023-10-14T01:16:48[0m
[0;32m[2524608000.709] [18191:18191] [TS] Previous Last Known Good Time: 2023-10-14T01:16:48[0m
[0;32m[2524608000.709] [18191:18191] [TS] Reverted Last Known Good Time to previous value[0m
[0;34m[2524608000.709] [18191:18191] [CTL] Shutting down the commissioner[0m
[0;32m[2524608000.709] [18191:18191] [PAF] WiFiPAF: Closing all WiFiPAF sessions to shutdown[0m
[0;34m[2524608000.709] [18191:18191] [CTL] Shutting down the controller[0m
[0;34m[2524608000.709] [18191:18191] [CTL] Shutting down the System State, this will teardown the CHIP Stack[0m
[0;34m[2524608000.709] [18191:18191] [DMG] All ReadHandler-s are clean, clear GlobalDirtySet[0m
[0;32m[2524608000.709] [18191:18191] [FP] Shutting down FabricTable[0m
[0;32m[2524608000.709] [18191:18191] [TS] Pending Last Known Good Time: 2023-10-14T01:16:48[0m
[0;32m[2524608000.709] [18191:18191] [TS] Previous Last Known Good Time: 2023-10-14T01:16:48[0m
[0;32m[2524608000.709] [18191:18191] [TS] Reverted Last Known Good Time to previous value[0m
[0;34m[2524608000.712] [18191:18191] [DL] Wrote settings to /tmp/chip_counters.ini[0m
[0;32m[2524608000.712] [18191:18191] [DL] NVS set: chip-counters/total-operational-hours = 0 (0x0)[0m
[0;32m[2524608000.712] [18191:18191] [DL] Inet Layer shutdown[0m
[0;32m[2524608000.712] [18191:18191] [DL] BLE Layer shutdown[0m
[0;32m[2524608000.712] [18191:18191] [DL] WiFi-PAF Layer shutdown[0m
[0;32m[2524608000.712] [18191:18191] [PAF] WiFiPAF: Closing all WiFiPAF sessions to shutdown[0m
[0;32m[2524608000.712] [18191:18191] [DL] System Layer shutdown[0m
[1;31m[2524608000.712] [18191:18191] [TOO] Run command failure: src/credentials/CHIPCert.cpp:1481: CHIP Error 0x0000004E: Certificate expired[0m
