[0;34m[1784835053.689] [18133:18133] [DL] ChipLinuxStorage::Init: Using KVS config file: /tmp/chip_tool_kvs[0m
[1;31m[1784835053.689] [18133:18133] [DL] ChipLinuxStorage::Init: Attempt to re-initialize with KVS config file: /tmp/chip_kvs, IGNORING.[0m
[0;34m[1784835053.690] [18133:18133] [DL] ChipLinuxStorage::Init: Using KVS config file: /tmp/chip_factory.ini[0m
[0;34m[1784835053.690] [18133:18133] [DL] ChipLinuxStorage::Init: Using KVS config file: /tmp/chip_config.ini[0m
[0;34m[1784835053.690] [18133:18133] [DL] ChipLinuxStorage::Init: Using KVS config file: /tmp/chip_counters.ini[0m
[0;34m[1784835053.693] [18133:18133] [DL] Wrote settings to /tmp/chip_counters.ini[0m
[0;32m[1784835053.693] [18133:18133] [DL] NVS set: chip-counters/reboot-count = 3 (0x3)[0m
[0;32m[1784835053.693] [18133:18133] [DL] Got Ethernet interface: enp0s3[0m
[0;32m[1784835053.694] [18133:18133] [DL] Found the primary Ethernet interface:enp0s3[0m
[1;31m[1784835053.694] [18133:18133] [DL] Failed to get WiFi interface[0m
[1;31m[1784835053.694] [18133:18133] [DL] Failed to reset WiFi statistic counts[0m
[0;32m[1784835053.694] [18133:18133] [PAF] WiFiPAF: WiFiPAFLayer::Init()[0m
[0;34m[1784835053.694] [18133:18133] [IN] UDP::Init bind&listen port=0[0m
[0;34m[1784835053.694] [18133:18133] [IN] UDP::Init bound to port=60756[0m
[0;34m[1784835053.694] [18133:18133] [IN] UDP::Init bind&listen port=0[0m
[0;34m[1784835053.694] [18133:18133] [IN] UDP::Init bound to port=60288[0m
[0;34m[1784835053.694] [18133:18133] [IN] BLEBase::Init - setting/overriding transport[0m
[0;34m[1784835053.694] [18133:18133] [IN] WiFiPAFBase::Init - setting/overriding transport[0m
[0;34m[1784835053.694] [18133:18133] [IN] TransportMgr initialized[0m
[0;34m[1784835053.694] [18133:18133] [FP] Initializing FabricTable from persistent storage[0m
[0;32m[1784835053.694] [18133:18133] [TS] Last Known Good Time: 2023-10-14T01:16:48[0m
[0;32m[1784835053.694] [18133:18133] [FP] Fabric index 0x1 was retrieved from storage. Compressed FabricId 0xC8994817F28819A7, FabricId 0x0000000000000001, NodeId 0x000000000001B669, VendorId 0xFFF1[0m
[0;32m[1784835053.695] [18133:18133] [DMG] Ember attribute persistence requires setting up[0m
[0;32m[1784835053.695] [18133:18133] [ZCL] Using ZAP configuration...[0m
[0;34m[1784835053.695] [18133:18133] [CTL] System State Initialized...[0m
[0;32m[1784835053.696] [18133:18133] [CTL] Setting attestation nonce to random value[0m
[0;32m[1784835053.696] [18133:18133] [CTL] Setting CSR nonce to random value[0m
[0;34m[1784835053.696] [18133:18135] [DL] CHIP task running[0m
[0;32m[1784835053.696] [18133:18135] [CTL] Setting attestation nonce to random value[0m
[0;32m[1784835053.696] [18133:18135] [CTL] Setting CSR nonce to random value[0m
[0;32m[1784835053.696] [18133:18135] [CTL] Generating NOC[0m
[0;32m[1784835053.696] [18133:18135] [FP] Validating NOC chain[0m
[0;32m[1784835053.696] [18133:18135] [FP] NOC chain validation successful[0m
[0;32m[1784835053.696] [18133:18135] [FP] Updated fabric at index: 0x1, Node ID: 0x000000000001B669[0m
[0;32m[1784835053.696] [18133:18135] [TS] Last Known Good Time: 2023-10-14T01:16:48[0m
[0;32m[1784835053.696] [18133:18135] [TS] New proposed Last Known Good Time: 2021-01-01T00:00:00[0m
[0;32m[1784835053.696] [18133:18135] [TS] Retaining current Last Known Good Time[0m
[0;32m[1784835053.698] [18133:18135] [FP] Metadata for Fabric 0x1 persisted to storage.[0m
[0;32m[1784835053.699] [18133:18135] [TS] Committing Last Known Good Time to storage: 2023-10-14T01:16:48[0m
[0;32m[1784835053.700] [18133:18135] [CTL] Joined the fabric at index 1. Fabric ID is 0x0000000000000001 (Compressed Fabric ID: C8994817F28819A7)[0m
[0;32m[1784835053.705] [18133:18135] [TOO] Sending command to node 0x1[0m
[0;34m[1784835053.705] [18133:18135] [CSM] FindOrEstablishSession: PeerId = [1:0000000000000001][0m
[0;34m[1784835053.705] [18133:18135] [CSM] FindOrEstablishSession: No existing OperationalSessionSetup instance found[0m
[0;34m[1784835053.705] [18133:18135] [DIS] OperationalSessionSetup[1:0000000000000001]: State change 1 --> 2[0m
[0;32m[1784835053.705] [18133:18135] [DIS] Lookup started for C8994817F28819A7-0000000000000001[0m
[0;32m[1784835053.706] [18133:18135] [DIS] UDP:[fe80::bfe:a203:38f0:bce7%enp0s3]:5540: new best score: 7 (for C8994817F28819A7-0000000000000001)[0m
[0;34m[1784835053.706] [18133:18135] [DIS] Lookup clearing interface for non LL address[0m
[0;32m[1784835053.706] [18133:18135] [DIS] UDP:10.0.2.15%enp0s3:5540: new best score: 2 (for C8994817F28819A7-0000000000000001)[0m
[0;32m[1784835053.706] [18133:18135] [DIS] Checking node lookup status for C8994817F28819A7-0000000000000001 after 0 ms[0m
[0;32m[1784835053.706] [18133:18135] [DIS] Keeping DNSSD lookup active[0m
[0;32m[1784835053.706] [18133:18135] [DIS] UDP:[fe80::bfe:a203:38f0:bce7%enp0s3]:5540: score has not improved: 7 (for C8994817F28819A7-0000000000000001)[0m
[0;34m[1784835053.706] [18133:18135] [DIS] Lookup clearing interface for non LL address[0m
[0;32m[1784835053.706] [18133:18135] [DIS] UDP:10.0.2.15%enp0s3:5540: score has not improved: 2 (for C8994817F28819A7-0000000000000001)[0m
[0;32m[1784835053.706] [18133:18135] [DIS] Checking node lookup status for C8994817F28819A7-0000000000000001 after 1 ms[0m
[0;32m[1784835053.706] [18133:18135] [DIS] Keeping DNSSD lookup active[0m
[0;32m[1784835053.906] [18133:18135] [DIS] Checking node lookup status for C8994817F28819A7-0000000000000001 after 201 ms[0m
[0;34m[1784835053.906] [18133:18135] [DIS] OperationalSessionSetup[1:0000000000000001]: Updating device address to UDP:[fe80::bfe:a203:38f0:bce7%enp0s3]:5540 while in state 2[0m
[0;34m[1784835053.906] [18133:18135] [DIS] OperationalSessionSetup[1:0000000000000001]: State change 2 --> 3[0m
[0;34m[1784835053.907] [18133:18135] [IN] SecureSession[0x78b5c0009cd0]: Allocated Type:2 LSID:22819[0m
[0;32m[1784835053.907] [18133:18135] [SC] Initiating session on local FabricIndex 1 from 0x000000000001B669 -> 0x0000000000000001[0m
[0;32m[1784835053.908] [18133:18135] [EM] <<< [E:29187i S:0 M:19464592] (U) Msg TX from 5328DDF7897BC194 to 0:0000000000000000 [0000] [UDP:[fe80::bfe:a203:38f0:bce7%enp0s3]:5540] --- Type 0000:30 (SecureChannel:CASE_Sigma1) (B:196)[0m
[0;32m[1784835053.909] [18133:18135] [EM] ??1 [E:29187i S:0 M:19464592] (U) Msg Retransmission to 0:0000000000000000 scheduled for 630ms from now [State:Idle II:500 AI:300 AT:4000][0m
[0;32m[1784835053.909] [18133:18135] [SC] Sent Sigma1 msg to <0000000000000001, 1> [II:500ms AI:300ms AT:4000ms][0m
[0;34m[1784835053.910] [18133:18135] [DIS] OperationalSessionSetup[1:0000000000000001]: State change 3 --> 4[0m
[0;32m[1784835053.912] [18133:18135] [EM] >>> [E:29187i S:0 M:222417610 (Ack:19464592)] (U) Msg RX from 0:0000000000000000 [0000] to 5328DDF7897BC194 --- Type 0000:31 (SecureChannel:CASE_Sigma2) (B:751)[0m
[0;34m[1784835053.912] [18133:18135] [EM] Found matching exchange: 29187i, Delegate: 0x78b5c000b8e8[0m
[0;34m[1784835053.912] [18133:18135] [EM] Rxd Ack; Removing MessageCounter:19464592 from Retrans Table on exchange 29187i[0m
[0;32m[1784835053.912] [18133:18135] [SC] Received Sigma2 msg[0m
[0;34m[1784835053.912] [18133:18135] [SC] Found MRP parameters in the message[0m
[0;34m[1784835053.914] [18133:18135] [SC] Peer <0000000000000001, 1> assigned session ID 13811[0m
[0;34m[1784835053.914] [18133:18135] [SC] Sending Sigma3[0m
[0;32m[1784835053.914] [18133:18135] [EM] <<< [E:29187i S:0 M:19464593 (Ack:222417610)] (U) Msg TX from 5328DDF7897BC194 to 0:0000000000000000 [0000] [UDP:[fe80::bfe:a203:38f0:bce7%enp0s3]:5540] --- Type 0000:32 (SecureChannel:CASE_Sigma3) (B:598)[0m
[0;32m[1784835053.914] [18133:18135] [EM] ??1 [E:29187i S:0 M:19464593] (U) Msg Retransmission to 0:0000000000000000 scheduled for 409ms from now [State:Active II:500 AI:300 AT:4000][0m
[0;32m[1784835053.914] [18133:18135] [SC] Sent Sigma3 msg[0m
[0;32m[1784835053.925] [18133:18135] [EM] >>> [E:29187i S:0 M:222417611 (Ack:19464593)] (U) Msg RX from 0:0000000000000000 [0000] to 5328DDF7897BC194 --- Type 0000:40 (SecureChannel:StatusReport) (B:34)[0m
[0;34m[1784835053.925] [18133:18135] [EM] Found matching exchange: 29187i, Delegate: 0x78b5c000b8e8[0m
[0;34m[1784835053.925] [18133:18135] [EM] Rxd Ack; Removing MessageCounter:19464593 from Retrans Table on exchange 29187i[0m
[0;32m[1784835053.925] [18133:18135] [SC] Success status report received. Session was established[0m
[0;32m[1784835053.927] [18133:18135] [SC] SecureSession[0x78b5c0009cd0, LSID:22819]: State change 'kEstablishing' --> 'kActive'[0m
[0;34m[1784835053.927] [18133:18135] [IN] SecureSession[0x78b5c0009cd0]: Activated - Type:2 LSID:22819[0m
[0;34m[1784835053.927] [18133:18135] [IN] New secure session activated for device <0000000000000001, 1>, LSID:22819 PSID:13811![0m
[0;34m[1784835053.927] [18133:18135] [DIS] OperationalSessionSetup[1:0000000000000001]: State change 4 --> 5[0m
[0;32m[1784835053.927] [18133:18135] [TOO] Sending cluster (0x00000038) command (0x00000000) on endpoint 0[0m
[0;34m[1784835053.927] [18133:18135] [DMG] ICR moving to [AddingComm][0m
[0;34m[1784835053.927] [18133:18135] [DMG] ICR moving to [AddedComma][0m
[0;32m[1784835053.927] [18133:18135] [EM] <<< [E:29188i S:22819 M:2556093] (S) Msg TX from 000000000001B669 to 1:0000000000000001 [19A7] [UDP:[fe80::bfe:a203:38f0:bce7%enp0s3]:5540] --- Type 0001:08 (IM:InvokeCommandRequest) (B:72)[0m
[0;32m[1784835053.927] [18133:18135] [EM] ??1 [E:29188i S:22819 M:2556093] (S) Msg Retransmission to 1:0000000000000001 scheduled for 391ms from now [State:Active II:500 AI:300 AT:4000][0m
[0;34m[1784835053.927] [18133:18135] [DMG] ICR moving to [AwaitingRe][0m
[0;32m[1784835053.927] [18133:18135] [EM] <<< [E:29187i S:0 M:19464594 (Ack:222417611)] (U) Msg TX from 5328DDF7897BC194 to 0:0000000000000000 [0000] [UDP:[fe80::bfe:a203:38f0:bce7%enp0s3]:5540] --- Type 0000:10 (SecureChannel:StandaloneAck) (B:26)[0m
[0;34m[1784835053.927] [18133:18135] [EM] Flushed pending ack for MessageCounter:222417611 on exchange 29187i[0m
[0;32m[2524608000.001] [18133:18135] [EM] >>> [E:29188i S:22819 M:253480127 (Ack:2556093)] (S) Msg RX from 1:0000000000000001 [19A7] to 000000000001B669 --- Type 0001:09 (IM:InvokeCommandResponse) (B:67)[0m
[0;34m[2524608000.001] [18133:18135] [EM] Found matching exchange: 29188i, Delegate: 0x78b5c000eef8[0m
[0;34m[2524608000.001] [18133:18135] [EM] Rxd Ack; Removing MessageCounter:2556093 from Retrans Table on exchange 29188i[0m
[0;34m[2524608000.001] [18133:18135] [DMG] ICR moving to [ResponseRe][0m
[0;34m[2524608000.001] [18133:18135] [DMG] InvokeResponseMessage =[0m
[0;34m[2524608000.001] [18133:18135] [DMG] {[0m
[0;34m[2524608000.001] [18133:18135] [DMG] 	suppressResponse = false, [0m
[0;34m[2524608000.001] [18133:18135] [DMG] 	InvokeResponseIBs =[0m
[0;34m[2524608000.001] [18133:18135] [DMG] 	[[0m
[0;34m[2524608000.001] [18133:18135] [DMG] 		InvokeResponseIB =[0m
[0;34m[2524608000.001] [18133:18135] [DMG] 		{[0m
[0;34m[2524608000.001] [18133:18135] [DMG] 			CommandStatusIB =[0m
[0;34m[2524608000.001] [18133:18135] [DMG] 			{[0m
[0;34m[2524608000.001] [18133:18135] [DMG] 				CommandPathIB =[0m
[0;34m[2524608000.001] [18133:18135] [DMG] 				{[0m
[0;34m[2524608000.001] [18133:18135] [DMG] 					EndpointId = 0x0,[0m
[0;34m[2524608000.001] [18133:18135] [DMG] 					ClusterId = 0x38,[0m
[0;34m[2524608000.001] [18133:18135] [DMG] 					CommandId = 0x0,[0m
[0;34m[2524608000.001] [18133:18135] [DMG] 				},[0m
[0;34m[2524608000.001] [18133:18135] [DMG] 				[0m
[0;34m[2524608000.001] [18133:18135] [DMG] 				StatusIB =[0m
[0;34m[2524608000.001] [18133:18135] [DMG] 				{[0m
[0;34m[2524608000.001] [18133:18135] [DMG] 					status = 0x00 (SUCCESS),[0m
[0;34m[2524608000.001] [18133:18135] [DMG] 				},[0m
[0;34m[2524608000.001] [18133:18135] [DMG] 				[0m
[0;34m[2524608000.001] [18133:18135] [DMG] 			},[0m
[0;34m[2524608000.001] [18133:18135] [DMG] 			[0m
[0;34m[2524608000.001] [18133:18135] [DMG] 		},[0m
[0;34m[2524608000.001] [18133:18135] [DMG] 		[0m
[0;34m[2524608000.001] [18133:18135] [DMG] 	],[0m
[0;34m[2524608000.001] [18133:18135] [DMG] 	[0m
[0;34m[2524608000.001] [18133:18135] [DMG] 	InteractionModelRevision = 12[0m
[0;34m[2524608000.001] [18133:18135] [DMG] },[0m
[0;32m[2524608000.001] [18133:18135] [DMG] Received Command Response Status for Endpoint=0 Cluster=0x0000_0038 Command=0x0000_0000 Status=0x0[0m
[0;34m[2524608000.001] [18133:18135] [DMG] ICR moving to [AwaitingDe][0m
[0;32m[2524608000.001] [18133:18135] [EM] <<< [E:29188i S:22819 M:2556094 (Ack:253480127)] (S) Msg TX from 000000000001B669 to 1:0000000000000001 [19A7] [UDP:[fe80::bfe:a203:38f0:bce7%enp0s3]:5540] --- Type 0000:10 (SecureChannel:StandaloneAck) (B:34)[0m
[0;34m[2524608000.001] [18133:18135] [EM] Flushed pending ack for MessageCounter:253480127 on exchange 29188i[0m
[0;34m[2524608000.001] [18133:18133] [CTL] Shutting down the commissioner[0m
[0;32m[2524608000.002] [18133:18133] [PAF] WiFiPAF: Closing all WiFiPAF sessions to shutdown[0m
[0;34m[2524608000.002] [18133:18133] [CTL] Shutting down the controller[0m
[0;34m[2524608000.002] [18133:18133] [IN] Expiring all sessions for fabric 0x1!![0m
[0;34m[2524608000.002] [18133:18133] [IN] SecureSession[0x78b5c0009cd0]: MarkForEviction Type:2 LSID:22819[0m
[0;32m[2524608000.002] [18133:18133] [SC] SecureSession[0x78b5c0009cd0, LSID:22819]: State change 'kActive' --> 'kPendingEviction'[0m
[0;34m[2524608000.002] [18133:18133] [IN] SecureSession[0x78b5c0009cd0]: Released - Type:2 LSID:22819[0m
[0;32m[2524608000.002] [18133:18133] [FP] Forgetting fabric 0x1[0m
[0;32m[2524608000.002] [18133:18133] [TS] Pending Last Known Good Time: 2023-10-14T01:16:48[0m
[0;32m[2524608000.002] [18133:18133] [TS] Previous Last Known Good Time: 2023-10-14T01:16:48[0m
[0;32m[2524608000.002] [18133:18133] [TS] Reverted Last Known Good Time to previous value[0m
[0;34m[2524608000.002] [18133:18133] [CTL] Shutting down the commissioner[0m
[0;32m[2524608000.002] [18133:18133] [PAF] WiFiPAF: Closing all WiFiPAF sessions to shutdown[0m
[0;34m[2524608000.002] [18133:18133] [CTL] Shutting down the controller[0m
[0;34m[2524608000.002] [18133:18133] [CTL] Shutting down the System State, this will teardown the CHIP Stack[0m
[0;34m[2524608000.002] [18133:18133] [DMG] All ReadHandler-s are clean, clear GlobalDirtySet[0m
[0;32m[2524608000.002] [18133:18133] [FP] Shutting down FabricTable[0m
[0;32m[2524608000.002] [18133:18133] [TS] Pending Last Known Good Time: 2023-10-14T01:16:48[0m
[0;32m[2524608000.002] [18133:18133] [TS] Previous Last Known Good Time: 2023-10-14T01:16:48[0m
[0;32m[2524608000.002] [18133:18133] [TS] Reverted Last Known Good Time to previous value[0m
[0;34m[2524608000.006] [18133:18133] [DL] Wrote settings to /tmp/chip_counters.ini[0m
[0;32m[2524608000.006] [18133:18133] [DL] NVS set: chip-counters/total-operational-hours = 0 (0x0)[0m
[0;32m[2524608000.006] [18133:18133] [DL] Inet Layer shutdown[0m
[0;32m[2524608000.006] [18133:18133] [DL] BLE Layer shutdown[0m
[0;32m[2524608000.006] [18133:18133] [DL] WiFi-PAF Layer shutdown[0m
[0;32m[2524608000.006] [18133:18133] [PAF] WiFiPAF: Closing all WiFiPAF sessions to shutdown[0m
[0;32m[2524608000.006] [18133:18133] [DL] System Layer shutdown[0m
