[0;34m[1784655233.328] [7490:7490] [DL] ChipLinuxStorage::Init: Using KVS config file: /tmp/chip_tool_kvs[0m
[1;31m[1784655233.330] [7490:7490] [DL] ChipLinuxStorage::Init: Attempt to re-initialize with KVS config file: /tmp/chip_kvs, IGNORING.[0m
[0;34m[1784655233.332] [7490:7490] [DL] ChipLinuxStorage::Init: Using KVS config file: /tmp/chip_factory.ini[0m
[0;34m[1784655233.332] [7490:7490] [DL] ChipLinuxStorage::Init: Using KVS config file: /tmp/chip_config.ini[0m
[0;34m[1784655233.332] [7490:7490] [DL] ChipLinuxStorage::Init: Using KVS config file: /tmp/chip_counters.ini[0m
[0;34m[1784655233.335] [7490:7490] [DL] Wrote settings to /tmp/chip_counters.ini[0m
[0;32m[1784655233.335] [7490:7490] [DL] NVS set: chip-counters/reboot-count = 4 (0x4)[0m
[0;32m[1784655233.335] [7490:7490] [DL] Got Ethernet interface: enp0s3[0m
[0;32m[1784655233.335] [7490:7490] [DL] Found the primary Ethernet interface:enp0s3[0m
[1;31m[1784655233.335] [7490:7490] [DL] Failed to get WiFi interface[0m
[1;31m[1784655233.335] [7490:7490] [DL] Failed to reset WiFi statistic counts[0m
[0;32m[1784655233.335] [7490:7490] [PAF] WiFiPAF: WiFiPAFLayer::Init()[0m
[0;34m[1784655233.335] [7490:7490] [IN] UDP::Init bind&listen port=0[0m
[0;34m[1784655233.335] [7490:7490] [IN] UDP::Init bound to port=41443[0m
[0;34m[1784655233.335] [7490:7490] [IN] UDP::Init bind&listen port=0[0m
[0;34m[1784655233.335] [7490:7490] [IN] UDP::Init bound to port=45725[0m
[0;34m[1784655233.335] [7490:7490] [IN] BLEBase::Init - setting/overriding transport[0m
[0;34m[1784655233.335] [7490:7490] [IN] WiFiPAFBase::Init - setting/overriding transport[0m
[0;34m[1784655233.335] [7490:7490] [IN] TransportMgr initialized[0m
[0;34m[1784655233.336] [7490:7490] [FP] Initializing FabricTable from persistent storage[0m
[0;32m[1784655233.336] [7490:7490] [TS] Last Known Good Time: 2023-10-14T01:16:48[0m
[0;32m[1784655233.336] [7490:7490] [FP] Fabric index 0x1 was retrieved from storage. Compressed FabricId 0xF43C1E4689F9FB4A, FabricId 0x0000000000000001, NodeId 0x000000000001B669, VendorId 0xFFF1[0m
[0;32m[1784655233.337] [7490:7490] [DMG] Ember attribute persistence requires setting up[0m
[0;32m[1784655233.337] [7490:7490] [ZCL] Using ZAP configuration...[0m
[0;34m[1784655233.337] [7490:7490] [CTL] System State Initialized...[0m
[0;32m[1784655233.337] [7490:7490] [CTL] Setting attestation nonce to random value[0m
[0;32m[1784655233.337] [7490:7490] [CTL] Setting CSR nonce to random value[0m
[0;34m[1784655233.337] [7490:7492] [DL] CHIP task running[0m
[0;32m[1784655233.337] [7490:7492] [CTL] Setting attestation nonce to random value[0m
[0;32m[1784655233.337] [7490:7492] [CTL] Setting CSR nonce to random value[0m
[0;32m[1784655233.338] [7490:7492] [CTL] Generating NOC[0m
[0;32m[1784655233.338] [7490:7492] [FP] Validating NOC chain[0m
[0;32m[1784655233.338] [7490:7492] [FP] NOC chain validation successful[0m
[0;32m[1784655233.338] [7490:7492] [FP] Updated fabric at index: 0x1, Node ID: 0x000000000001B669[0m
[0;32m[1784655233.338] [7490:7492] [TS] Last Known Good Time: 2023-10-14T01:16:48[0m
[0;32m[1784655233.338] [7490:7492] [TS] New proposed Last Known Good Time: 2021-01-01T00:00:00[0m
[0;32m[1784655233.338] [7490:7492] [TS] Retaining current Last Known Good Time[0m
[0;32m[1784655233.341] [7490:7492] [FP] Metadata for Fabric 0x1 persisted to storage.[0m
[0;32m[1784655233.341] [7490:7492] [TS] Committing Last Known Good Time to storage: 2023-10-14T01:16:48[0m
[0;32m[1784655233.342] [7490:7492] [CTL] Joined the fabric at index 1. Fabric ID is 0x0000000000000001 (Compressed Fabric ID: F43C1E4689F9FB4A)[0m
[0;32m[1784655233.347] [7490:7492] [TOO] Sending command to node 0x1[0m
[0;34m[1784655233.348] [7490:7492] [CSM] FindOrEstablishSession: PeerId = [1:0000000000000001][0m
[0;34m[1784655233.348] [7490:7492] [CSM] FindOrEstablishSession: No existing OperationalSessionSetup instance found[0m
[0;34m[1784655233.348] [7490:7492] [DIS] OperationalSessionSetup[1:0000000000000001]: State change 1 --> 2[0m
[0;32m[1784655233.348] [7490:7492] [DIS] Lookup started for F43C1E4689F9FB4A-0000000000000001[0m
[0;32m[1784655233.348] [7490:7492] [DIS] UDP:[fe80::bfe:a203:38f0:bce7%enp0s3]:5540: new best score: 7 (for F43C1E4689F9FB4A-0000000000000001)[0m
[0;34m[1784655233.348] [7490:7492] [DIS] Lookup clearing interface for non LL address[0m
[0;32m[1784655233.348] [7490:7492] [DIS] UDP:10.0.2.15%enp0s3:5540: new best score: 2 (for F43C1E4689F9FB4A-0000000000000001)[0m
[0;32m[1784655233.348] [7490:7492] [DIS] Checking node lookup status for F43C1E4689F9FB4A-0000000000000001 after 0 ms[0m
[0;32m[1784655233.348] [7490:7492] [DIS] Keeping DNSSD lookup active[0m
[0;32m[1784655233.348] [7490:7492] [DIS] UDP:[fe80::bfe:a203:38f0:bce7%enp0s3]:5540: score has not improved: 7 (for F43C1E4689F9FB4A-0000000000000001)[0m
[0;34m[1784655233.348] [7490:7492] [DIS] Lookup clearing interface for non LL address[0m
[0;32m[1784655233.348] [7490:7492] [DIS] UDP:10.0.2.15%enp0s3:5540: score has not improved: 2 (for F43C1E4689F9FB4A-0000000000000001)[0m
[0;32m[1784655233.348] [7490:7492] [DIS] Checking node lookup status for F43C1E4689F9FB4A-0000000000000001 after 1 ms[0m
[0;32m[1784655233.348] [7490:7492] [DIS] Keeping DNSSD lookup active[0m
[0;32m[1784655233.552] [7490:7492] [DIS] Checking node lookup status for F43C1E4689F9FB4A-0000000000000001 after 204 ms[0m
[0;34m[1784655233.552] [7490:7492] [DIS] OperationalSessionSetup[1:0000000000000001]: Updating device address to UDP:[fe80::bfe:a203:38f0:bce7%enp0s3]:5540 while in state 2[0m
[0;34m[1784655233.552] [7490:7492] [DIS] OperationalSessionSetup[1:0000000000000001]: State change 2 --> 3[0m
[0;34m[1784655233.552] [7490:7492] [IN] SecureSession[0x71f1ec009cd0]: Allocated Type:2 LSID:25001[0m
[0;32m[1784655233.552] [7490:7492] [SC] Initiating session on local FabricIndex 1 from 0x000000000001B669 -> 0x0000000000000001[0m
[0;32m[1784655233.552] [7490:7492] [EM] <<< [E:47758i S:0 M:72457937] (U) Msg TX from BBC8E33051093344 to 0:0000000000000000 [0000] [UDP:[fe80::bfe:a203:38f0:bce7%enp0s3]:5540] --- Type 0000:30 (SecureChannel:CASE_Sigma1) (B:196)[0m
[0;32m[1784655233.552] [7490:7492] [EM] ??1 [E:47758i S:0 M:72457937] (U) Msg Retransmission to 0:0000000000000000 scheduled for 675ms from now [State:Idle II:500 AI:300 AT:4000][0m
[0;32m[1784655233.552] [7490:7492] [SC] Sent Sigma1 msg to <0000000000000001, 1> [II:500ms AI:300ms AT:4000ms][0m
[0;34m[1784655233.552] [7490:7492] [DIS] OperationalSessionSetup[1:0000000000000001]: State change 3 --> 4[0m
[0;32m[1784655233.553] [7490:7492] [EM] >>> [E:47758i S:0 M:247541065 (Ack:72457937)] (U) Msg RX from 0:0000000000000000 [0000] to BBC8E33051093344 --- Type 0000:31 (SecureChannel:CASE_Sigma2) (B:751)[0m
[0;34m[1784655233.553] [7490:7492] [EM] Found matching exchange: 47758i, Delegate: 0x71f1ec00b8e8[0m
[0;34m[1784655233.553] [7490:7492] [EM] Rxd Ack; Removing MessageCounter:72457937 from Retrans Table on exchange 47758i[0m
[0;32m[1784655233.553] [7490:7492] [SC] Received Sigma2 msg[0m
[0;34m[1784655233.553] [7490:7492] [SC] Found MRP parameters in the message[0m
[0;34m[1784655233.553] [7490:7492] [SC] Peer <0000000000000001, 1> assigned session ID 20771[0m
[0;34m[1784655233.553] [7490:7492] [SC] Sending Sigma3[0m
[0;32m[1784655233.554] [7490:7492] [EM] <<< [E:47758i S:0 M:72457938 (Ack:247541065)] (U) Msg TX from BBC8E33051093344 to 0:0000000000000000 [0000] [UDP:[fe80::bfe:a203:38f0:bce7%enp0s3]:5540] --- Type 0000:32 (SecureChannel:CASE_Sigma3) (B:598)[0m
[0;32m[1784655233.555] [7490:7492] [EM] ??1 [E:47758i S:0 M:72457938] (U) Msg Retransmission to 0:0000000000000000 scheduled for 339ms from now [State:Active II:500 AI:300 AT:4000][0m
[0;32m[1784655233.555] [7490:7492] [SC] Sent Sigma3 msg[0m
[0;32m[1784655233.563] [7490:7492] [EM] >>> [E:47758i S:0 M:247541066 (Ack:72457938)] (U) Msg RX from 0:0000000000000000 [0000] to BBC8E33051093344 --- Type 0000:40 (SecureChannel:StatusReport) (B:34)[0m
[0;34m[1784655233.563] [7490:7492] [EM] Found matching exchange: 47758i, Delegate: 0x71f1ec00b8e8[0m
[0;34m[1784655233.563] [7490:7492] [EM] Rxd Ack; Removing MessageCounter:72457938 from Retrans Table on exchange 47758i[0m
[0;32m[1784655233.563] [7490:7492] [SC] Success status report received. Session was established[0m
[0;32m[1784655233.564] [7490:7492] [SC] SecureSession[0x71f1ec009cd0, LSID:25001]: State change 'kEstablishing' --> 'kActive'[0m
[0;34m[1784655233.564] [7490:7492] [IN] SecureSession[0x71f1ec009cd0]: Activated - Type:2 LSID:25001[0m
[0;34m[1784655233.564] [7490:7492] [IN] New secure session activated for device <0000000000000001, 1>, LSID:25001 PSID:20771![0m
[0;34m[1784655233.564] [7490:7492] [DIS] OperationalSessionSetup[1:0000000000000001]: State change 4 --> 5[0m
[0;32m[1784655233.564] [7490:7492] [TOO] Sending cluster (0x0000003E) command (0x00000004) on endpoint 0[0m
[0;34m[1784655233.564] [7490:7492] [DMG] ICR moving to [AddingComm][0m
[0;34m[1784655233.564] [7490:7492] [DMG] ICR moving to [AddedComma][0m
[0;32m[1784655233.564] [7490:7492] [EM] <<< [E:47759i S:25001 M:78015150] (S) Msg TX from 000000000001B669 to 1:0000000000000001 [FB4A] [UDP:[fe80::bfe:a203:38f0:bce7%enp0s3]:5540] --- Type 0001:08 (IM:InvokeCommandRequest) (B:96)[0m
[0;32m[1784655233.564] [7490:7492] [EM] ??1 [E:47759i S:25001 M:78015150] (S) Msg Retransmission to 1:0000000000000001 scheduled for 333ms from now [State:Active II:500 AI:300 AT:4000][0m
[0;34m[1784655233.565] [7490:7492] [DMG] ICR moving to [AwaitingRe][0m
[0;32m[1784655233.565] [7490:7492] [EM] <<< [E:47758i S:0 M:72457939 (Ack:247541066)] (U) Msg TX from BBC8E33051093344 to 0:0000000000000000 [0000] [UDP:[fe80::bfe:a203:38f0:bce7%enp0s3]:5540] --- Type 0000:10 (SecureChannel:StandaloneAck) (B:26)[0m
[0;34m[1784655233.565] [7490:7492] [EM] Flushed pending ack for MessageCounter:247541066 on exchange 47758i[0m
[0;32m[1784655233.565] [7490:7492] [EM] >>> [E:47759i S:25001 M:105258444 (Ack:78015150)] (S) Msg RX from 1:0000000000000001 [FB4A] to 000000000001B669 --- Type 0001:09 (IM:InvokeCommandResponse) (B:378)[0m
[0;34m[1784655233.565] [7490:7492] [EM] Found matching exchange: 47759i, Delegate: 0x71f1ec00eef8[0m
[0;34m[1784655233.565] [7490:7492] [EM] Rxd Ack; Removing MessageCounter:78015150 from Retrans Table on exchange 47759i[0m
[0;34m[1784655233.565] [7490:7492] [DMG] ICR moving to [ResponseRe][0m
[0;34m[1784655233.565] [7490:7492] [DMG] InvokeResponseMessage =[0m
[0;34m[1784655233.565] [7490:7492] [DMG] {[0m
[0;34m[1784655233.565] [7490:7492] [DMG] 	suppressResponse = false, [0m
[0;34m[1784655233.565] [7490:7492] [DMG] 	InvokeResponseIBs =[0m
[0;34m[1784655233.565] [7490:7492] [DMG] 	[[0m
[0;34m[1784655233.565] [7490:7492] [DMG] 		InvokeResponseIB =[0m
[0;34m[1784655233.565] [7490:7492] [DMG] 		{[0m
[0;34m[1784655233.565] [7490:7492] [DMG] 			CommandDataIB =[0m
[0;34m[1784655233.565] [7490:7492] [DMG] 			{[0m
[0;34m[1784655233.565] [7490:7492] [DMG] 				CommandPathIB =[0m
[0;34m[1784655233.565] [7490:7492] [DMG] 				{[0m
[0;34m[1784655233.565] [7490:7492] [DMG] 					EndpointId = 0x0,[0m
[0;34m[1784655233.565] [7490:7492] [DMG] 					ClusterId = 0x3e,[0m
[0;34m[1784655233.565] [7490:7492] [DMG] 					CommandId = 0x5,[0m
[0;34m[1784655233.565] [7490:7492] [DMG] 				},[0m
[0;34m[1784655233.565] [7490:7492] [DMG] 				[0m
[0;34m[1784655233.565] [7490:7492] [DMG] 				CommandFields = [0m
[0;34m[1784655233.565] [7490:7492] [DMG] 				{[0m
[0;34m[1784655233.565] [7490:7492] [DMG] 					0x0 = [[0m
[0;34m[1784655233.565] [7490:7492] [DMG] 							0x15, 0x30, 0x01, 0xcc, 0x30, 0x81, 0xc9, 0x30, 0x70, 0x02, 0x01, 0x00, 0x30, 0x0e, 0x31, 0x0c, 0x30, 0x0a, 0x06, 0x03, 0x55, 0x04, 0x0a, 0x0c, 0x03, 0x43, 0x53, 0x52, 0x30, 0x59, 0x30, 0x13, 0x06, 0x07, 0x2a, 0x86, 0x48, 0xce, 0x3d, 0x02, 0x01, 0x06, 0x08, 0x2a, 0x86, 0x48, 0xce, 0x3d, 0x03, 0x01, 0x07, 0x03, 0x42, 0x00, 0x04, 0x85, 0x78, 0x7c, 0x6b, 0x69, 0x23, 0x88, 0x6a, 0x14, 0xd6, 0xce, 0xb6, 0x27, 0x6a, 0x78, 0x64, 0x64, 0xa4, 0x4f, 0x02, 0x96, 0xff, 0x8d, 0x0b, 0xff, 0x04, 0xfc, 0x92, 0xbb, 0x60, 0x4c, 0x5c, 0x40, 0x03, 0x83, 0xfe, 0x58, 0x8b, 0x38, 0x64, 0x6b, 0x4f, 0x12, 0x3d, 0xed, 0x62, 0xcc, 0xb8, 0xc8, 0x7b, 0xb9, 0xba, 0x6c, 0x8d, 0x74, 0x96, 0xb7, 0x90, 0xf5, 0xec, 0x98, 0xe9, 0x7e, 0x0d, 0xa0, 0x00, 0x30, 0x0a, 0x06, 0x08, 0x2a, 0x86, 0x48, 0xce, 0x3d, 0x04, 0x03, 0x02, 0x03, 0x49, 0x00, 0x30, 0x46, 0x02, 0x21, 0x00, 0x99, 0x00, 0xeb, 0xdb, 0x45, 0xf1, 0xcc, 0x5e, 0x4c, 0x2d, 0x02, 0x2d, 0x2f, 0x59, 0x2b, 0xfe, 0x8a, 0xcf, 0xba, 0xb0, 0xbc, 0x8b, 0x38, 0x31, 0x37, 0x06, 0x64, 0x0e, 0xaa, 0x0b, 0xef, 0x7b, 0x02, 0x21, 0x00, 0xf8, 0xd1, 0x21, 0x63, 0x68, 0x67, 0x5c, 0x78, 0xc2, 0x37, 0x74, 0xe5, 0x04, 0x74, 0x61, 0x9c, 0xd3, 0x83, 0x86, 0x52, 0x32, 0xa0, 0x22, 0x75, 0xb6, 0x91, 0x53, 0xc9, 0xea, 0xf6, 0xa6, 0x2d, 0x30, 0x02, 0x20, 0x7f, 0xeb, 0xd7, 0xad, 0x90, 0xc3, 0x7a, 0x30, 0x91, 0x26, 0x11, 0x12, 0x85, 0x1c, 0x56, 0x8c, 0x88, 0x2a, 0x18, 0xf5, 0x52, 0x9e, 0xdb, 0x84, 0x61, 0xc7, 0xc7, 0x56, 0xcf, 0xe1, 0xcb, 0x08, 0x18, [0m
[0;34m[1784655233.565] [7490:7492] [DMG] 					] (244 bytes)[0m
[0;34m[1784655233.565] [7490:7492] [DMG] 					0x1 = [[0m
[0;34m[1784655233.565] [7490:7492] [DMG] 							0x9a, 0xee, 0x48, 0x5d, 0x95, 0xe9, 0xc8, 0xeb, 0xc9, 0x51, 0xef, 0xe2, 0x61, 0x40, 0xa2, 0x83, 0x5b, 0xba, 0xc5, 0x7b, 0x24, 0x4e, 0xf1, 0x0c, 0x6a, 0x83, 0x6b, 0x0d, 0x4b, 0x49, 0x4c, 0x60, 0xf2, 0x88, 0x54, 0x02, 0x34, 0x90, 0xf4, 0xa1, 0xf0, 0xf2, 0x95, 0x0b, 0x8f, 0xad, 0x11, 0xe0, 0x52, 0xae, 0x4e, 0x17, 0x11, 0x77, 0x64, 0x53, 0x0d, 0x57, 0x54, 0xb0, 0xc1, 0xd2, 0x5a, 0xb3, [0m
[0;34m[1784655233.565] [7490:7492] [DMG] 					] (64 bytes)[0m
[0;34m[1784655233.565] [7490:7492] [DMG] 				},[0m
[0;34m[1784655233.565] [7490:7492] [DMG] 			},[0m
[0;34m[1784655233.565] [7490:7492] [DMG] 			[0m
[0;34m[1784655233.565] [7490:7492] [DMG] 		},[0m
[0;34m[1784655233.565] [7490:7492] [DMG] 		[0m
[0;34m[1784655233.565] [7490:7492] [DMG] 	],[0m
[0;34m[1784655233.565] [7490:7492] [DMG] 	[0m
[0;34m[1784655233.565] [7490:7492] [DMG] 	InteractionModelRevision = 12[0m
[0;34m[1784655233.565] [7490:7492] [DMG] },[0m
[0;32m[1784655233.565] [7490:7492] [DMG] Received Command Response Data, Endpoint=0 Cluster=0x0000_003E Command=0x0000_0005[0m
[0;32m[1784655233.565] [7490:7492] [TOO] Endpoint: 0 Cluster: 0x0000_003E Command 0x0000_0005[0m
[0;32m[1784655233.565] [7490:7492] [TOO]   CSRResponse: {[0m
[0;32m[1784655233.565] [7490:7492] [TOO]     NOCSRElements: 153001CC3081C93070020100300E310C300A060355040A0C034353523059301306072A8648CE3D020106082A8648CE3D0301070342000485787C6B6923886A14D6CEB6276A786464A44F0296FF8D0BFF04FC92BB604C5C400383FE588B38646B4F123DED62CCB8C87BB9BA6C8D7496B790F5EC98E97E0DA000300A06082A8648CE3D04030203490030460221009900EBDB45F1CC5E4C2D022D2F592BFE8ACFBAB0BC8B38313706640EAA0BEF7B022100F8D1216368675C78C23774E50474619CD383865232A02275B69153C9EAF6A62D3002207FEBD7AD90C37A3091261112851C568C882A18F5529EDB8461C7C756CFE1CB0818[0m
[0;32m[1784655233.565] [7490:7492] [TOO]     attestationSignature: 9AEE485D95E9C8EBC951EFE26140A2835BBAC57B244EF10C6A836B0D4B494C60F28854023490F4A1F0F2950B8FAD11E052AE4E17117764530D5754B0C1D25AB3[0m
[0;32m[1784655233.565] [7490:7492] [TOO]    }[0m
[0;34m[1784655233.565] [7490:7492] [DMG] ICR moving to [AwaitingDe][0m
[0;32m[1784655233.565] [7490:7492] [EM] <<< [E:47759i S:25001 M:78015151 (Ack:105258444)] (S) Msg TX from 000000000001B669 to 1:0000000000000001 [FB4A] [UDP:[fe80::bfe:a203:38f0:bce7%enp0s3]:5540] --- Type 0000:10 (SecureChannel:StandaloneAck) (B:34)[0m
[0;34m[1784655233.565] [7490:7492] [EM] Flushed pending ack for MessageCounter:105258444 on exchange 47759i[0m
[0;34m[1784655233.566] [7490:7490] [CTL] Shutting down the commissioner[0m
[0;32m[1784655233.566] [7490:7490] [PAF] WiFiPAF: Closing all WiFiPAF sessions to shutdown[0m
[0;34m[1784655233.566] [7490:7490] [CTL] Shutting down the controller[0m
[0;34m[1784655233.566] [7490:7490] [IN] Expiring all sessions for fabric 0x1!![0m
[0;34m[1784655233.566] [7490:7490] [IN] SecureSession[0x71f1ec009cd0]: MarkForEviction Type:2 LSID:25001[0m
[0;32m[1784655233.566] [7490:7490] [SC] SecureSession[0x71f1ec009cd0, LSID:25001]: State change 'kActive' --> 'kPendingEviction'[0m
[0;34m[1784655233.566] [7490:7490] [IN] SecureSession[0x71f1ec009cd0]: Released - Type:2 LSID:25001[0m
[0;32m[1784655233.566] [7490:7490] [FP] Forgetting fabric 0x1[0m
[0;32m[1784655233.566] [7490:7490] [TS] Pending Last Known Good Time: 2023-10-14T01:16:48[0m
[0;32m[1784655233.566] [7490:7490] [TS] Previous Last Known Good Time: 2023-10-14T01:16:48[0m
[0;32m[1784655233.566] [7490:7490] [TS] Reverted Last Known Good Time to previous value[0m
[0;34m[1784655233.566] [7490:7490] [CTL] Shutting down the commissioner[0m
[0;32m[1784655233.566] [7490:7490] [PAF] WiFiPAF: Closing all WiFiPAF sessions to shutdown[0m
[0;34m[1784655233.566] [7490:7490] [CTL] Shutting down the controller[0m
[0;34m[1784655233.566] [7490:7490] [CTL] Shutting down the System State, this will teardown the CHIP Stack[0m
[0;34m[1784655233.566] [7490:7490] [DMG] All ReadHandler-s are clean, clear GlobalDirtySet[0m
[0;32m[1784655233.566] [7490:7490] [FP] Shutting down FabricTable[0m
[0;32m[1784655233.566] [7490:7490] [TS] Pending Last Known Good Time: 2023-10-14T01:16:48[0m
[0;32m[1784655233.566] [7490:7490] [TS] Previous Last Known Good Time: 2023-10-14T01:16:48[0m
[0;32m[1784655233.566] [7490:7490] [TS] Reverted Last Known Good Time to previous value[0m
[0;34m[1784655233.568] [7490:7490] [DL] Wrote settings to /tmp/chip_counters.ini[0m
[0;32m[1784655233.568] [7490:7490] [DL] NVS set: chip-counters/total-operational-hours = 0 (0x0)[0m
[0;32m[1784655233.568] [7490:7490] [DL] Inet Layer shutdown[0m
[0;32m[1784655233.568] [7490:7490] [DL] BLE Layer shutdown[0m
[0;32m[1784655233.568] [7490:7490] [DL] WiFi-PAF Layer shutdown[0m
[0;32m[1784655233.568] [7490:7490] [PAF] WiFiPAF: Closing all WiFiPAF sessions to shutdown[0m
[0;32m[1784655233.568] [7490:7490] [DL] System Layer shutdown[0m
