[0;34m[1784834235.916] [13971:13971] [DL] ChipLinuxStorage::Init: Using KVS config file: /tmp/chip_tool_kvs[0m
[1;31m[1784834235.917] [13971:13971] [DL] ChipLinuxStorage::Init: Attempt to re-initialize with KVS config file: /tmp/chip_kvs, IGNORING.[0m
[0;34m[1784834235.918] [13971:13971] [DL] ChipLinuxStorage::Init: Using KVS config file: /tmp/chip_factory.ini[0m
[0;34m[1784834235.918] [13971:13971] [DL] ChipLinuxStorage::Init: Using KVS config file: /tmp/chip_config.ini[0m
[0;34m[1784834235.918] [13971:13971] [DL] ChipLinuxStorage::Init: Using KVS config file: /tmp/chip_counters.ini[0m
[0;34m[1784834235.920] [13971:13971] [DL] Wrote settings to /tmp/chip_counters.ini[0m
[0;32m[1784834235.920] [13971:13971] [DL] NVS set: chip-counters/reboot-count = 3 (0x3)[0m
[0;32m[1784834235.921] [13971:13971] [DL] Got Ethernet interface: enp0s3[0m
[0;32m[1784834235.921] [13971:13971] [DL] Found the primary Ethernet interface:enp0s3[0m
[1;31m[1784834235.921] [13971:13971] [DL] Failed to get WiFi interface[0m
[1;31m[1784834235.921] [13971:13971] [DL] Failed to reset WiFi statistic counts[0m
[0;32m[1784834235.921] [13971:13971] [PAF] WiFiPAF: WiFiPAFLayer::Init()[0m
[0;34m[1784834235.921] [13971:13971] [IN] UDP::Init bind&listen port=0[0m
[0;34m[1784834235.921] [13971:13971] [IN] UDP::Init bound to port=43005[0m
[0;34m[1784834235.921] [13971:13971] [IN] UDP::Init bind&listen port=0[0m
[0;34m[1784834235.921] [13971:13971] [IN] UDP::Init bound to port=49738[0m
[0;34m[1784834235.921] [13971:13971] [IN] BLEBase::Init - setting/overriding transport[0m
[0;34m[1784834235.921] [13971:13971] [IN] WiFiPAFBase::Init - setting/overriding transport[0m
[0;34m[1784834235.921] [13971:13971] [IN] TransportMgr initialized[0m
[0;34m[1784834235.921] [13971:13971] [FP] Initializing FabricTable from persistent storage[0m
[0;32m[1784834235.921] [13971:13971] [TS] Last Known Good Time: 2023-10-14T01:16:48[0m
[0;32m[1784834235.921] [13971:13971] [FP] Fabric index 0x1 was retrieved from storage. Compressed FabricId 0x899B71469A878B99, FabricId 0x0000000000000001, NodeId 0x000000000001B669, VendorId 0xFFF1[0m
[0;32m[1784834235.922] [13971:13971] [DMG] Ember attribute persistence requires setting up[0m
[0;32m[1784834235.922] [13971:13971] [ZCL] Using ZAP configuration...[0m
[0;34m[1784834235.922] [13971:13971] [CTL] System State Initialized...[0m
[0;32m[1784834235.922] [13971:13971] [CTL] Setting attestation nonce to random value[0m
[0;32m[1784834235.922] [13971:13971] [CTL] Setting CSR nonce to random value[0m
[0;34m[1784834235.922] [13971:13973] [DL] CHIP task running[0m
[0;32m[1784834235.922] [13971:13973] [CTL] Setting attestation nonce to random value[0m
[0;32m[1784834235.922] [13971:13973] [CTL] Setting CSR nonce to random value[0m
[0;32m[1784834235.923] [13971:13973] [CTL] Generating NOC[0m
[0;32m[1784834235.923] [13971:13973] [FP] Validating NOC chain[0m
[0;32m[1784834235.923] [13971:13973] [FP] NOC chain validation successful[0m
[0;32m[1784834235.923] [13971:13973] [FP] Updated fabric at index: 0x1, Node ID: 0x000000000001B669[0m
[0;32m[1784834235.923] [13971:13973] [TS] Last Known Good Time: 2023-10-14T01:16:48[0m
[0;32m[1784834235.923] [13971:13973] [TS] New proposed Last Known Good Time: 2021-01-01T00:00:00[0m
[0;32m[1784834235.923] [13971:13973] [TS] Retaining current Last Known Good Time[0m
[0;32m[1784834235.925] [13971:13973] [FP] Metadata for Fabric 0x1 persisted to storage.[0m
[0;32m[1784834235.926] [13971:13973] [TS] Committing Last Known Good Time to storage: 2023-10-14T01:16:48[0m
[0;32m[1784834235.926] [13971:13973] [CTL] Joined the fabric at index 1. Fabric ID is 0x0000000000000001 (Compressed Fabric ID: 899B71469A878B99)[0m
[0;32m[1784834235.930] [13971:13973] [TOO] Sending command to node 0x1[0m
[0;34m[1784834235.930] [13971:13973] [CSM] FindOrEstablishSession: PeerId = [1:0000000000000001][0m
[0;34m[1784834235.930] [13971:13973] [CSM] FindOrEstablishSession: No existing OperationalSessionSetup instance found[0m
[0;34m[1784834235.930] [13971:13973] [DIS] OperationalSessionSetup[1:0000000000000001]: State change 1 --> 2[0m
[0;32m[1784834235.930] [13971:13973] [DIS] Lookup started for 899B71469A878B99-0000000000000001[0m
[0;32m[1784834235.931] [13971:13973] [DIS] UDP:[fe80::bfe:a203:38f0:bce7%enp0s3]:5540: new best score: 7 (for 899B71469A878B99-0000000000000001)[0m
[0;34m[1784834235.931] [13971:13973] [DIS] Lookup clearing interface for non LL address[0m
[0;32m[1784834235.931] [13971:13973] [DIS] UDP:10.0.2.15%enp0s3:5540: new best score: 2 (for 899B71469A878B99-0000000000000001)[0m
[0;32m[1784834235.931] [13971:13973] [DIS] Checking node lookup status for 899B71469A878B99-0000000000000001 after 0 ms[0m
[0;32m[1784834235.931] [13971:13973] [DIS] Keeping DNSSD lookup active[0m
[0;32m[1784834235.931] [13971:13973] [DIS] UDP:[fe80::bfe:a203:38f0:bce7%enp0s3]:5540: score has not improved: 7 (for 899B71469A878B99-0000000000000001)[0m
[0;34m[1784834235.931] [13971:13973] [DIS] Lookup clearing interface for non LL address[0m
[0;32m[1784834235.931] [13971:13973] [DIS] UDP:10.0.2.15%enp0s3:5540: score has not improved: 2 (for 899B71469A878B99-0000000000000001)[0m
[0;32m[1784834235.931] [13971:13973] [DIS] Checking node lookup status for 899B71469A878B99-0000000000000001 after 1 ms[0m
[0;32m[1784834235.931] [13971:13973] [DIS] Keeping DNSSD lookup active[0m
[0;32m[1784834236.132] [13971:13973] [DIS] Checking node lookup status for 899B71469A878B99-0000000000000001 after 202 ms[0m
[0;34m[1784834236.132] [13971:13973] [DIS] OperationalSessionSetup[1:0000000000000001]: Updating device address to UDP:[fe80::bfe:a203:38f0:bce7%enp0s3]:5540 while in state 2[0m
[0;34m[1784834236.132] [13971:13973] [DIS] OperationalSessionSetup[1:0000000000000001]: State change 2 --> 3[0m
[0;34m[1784834236.133] [13971:13973] [IN] SecureSession[0x743f34009cd0]: Allocated Type:2 LSID:16137[0m
[0;32m[1784834236.133] [13971:13973] [SC] Initiating session on local FabricIndex 1 from 0x000000000001B669 -> 0x0000000000000001[0m
[0;32m[1784834236.133] [13971:13973] [EM] <<< [E:26321i S:0 M:222142732] (U) Msg TX from 30A70544B383C850 to 0:0000000000000000 [0000] [UDP:[fe80::bfe:a203:38f0:bce7%enp0s3]:5540] --- Type 0000:30 (SecureChannel:CASE_Sigma1) (B:196)[0m
[0;32m[1784834236.133] [13971:13973] [EM] ??1 [E:26321i S:0 M:222142732] (U) Msg Retransmission to 0:0000000000000000 scheduled for 606ms from now [State:Idle II:500 AI:300 AT:4000][0m
[0;32m[1784834236.134] [13971:13973] [SC] Sent Sigma1 msg to <0000000000000001, 1> [II:500ms AI:300ms AT:4000ms][0m
[0;34m[1784834236.134] [13971:13973] [DIS] OperationalSessionSetup[1:0000000000000001]: State change 3 --> 4[0m
[0;32m[1784834236.136] [13971:13973] [EM] >>> [E:26321i S:0 M:259921906 (Ack:222142732)] (U) Msg RX from 0:0000000000000000 [0000] to 30A70544B383C850 --- Type 0000:31 (SecureChannel:CASE_Sigma2) (B:751)[0m
[0;34m[1784834236.136] [13971:13973] [EM] Found matching exchange: 26321i, Delegate: 0x743f3400b8e8[0m
[0;34m[1784834236.136] [13971:13973] [EM] Rxd Ack; Removing MessageCounter:222142732 from Retrans Table on exchange 26321i[0m
[0;32m[1784834236.136] [13971:13973] [SC] Received Sigma2 msg[0m
[0;34m[1784834236.136] [13971:13973] [SC] Found MRP parameters in the message[0m
[0;34m[1784834236.138] [13971:13973] [SC] Peer <0000000000000001, 1> assigned session ID 40705[0m
[0;34m[1784834236.138] [13971:13973] [SC] Sending Sigma3[0m
[0;32m[1784834236.138] [13971:13973] [EM] <<< [E:26321i S:0 M:222142733 (Ack:259921906)] (U) Msg TX from 30A70544B383C850 to 0:0000000000000000 [0000] [UDP:[fe80::bfe:a203:38f0:bce7%enp0s3]:5540] --- Type 0000:32 (SecureChannel:CASE_Sigma3) (B:598)[0m
[0;32m[1784834236.138] [13971:13973] [EM] ??1 [E:26321i S:0 M:222142733] (U) Msg Retransmission to 0:0000000000000000 scheduled for 389ms from now [State:Active II:500 AI:300 AT:4000][0m
[0;32m[1784834236.138] [13971:13973] [SC] Sent Sigma3 msg[0m
[0;32m[1784834236.148] [13971:13973] [EM] >>> [E:26321i S:0 M:259921907 (Ack:222142733)] (U) Msg RX from 0:0000000000000000 [0000] to 30A70544B383C850 --- Type 0000:40 (SecureChannel:StatusReport) (B:34)[0m
[0;34m[1784834236.148] [13971:13973] [EM] Found matching exchange: 26321i, Delegate: 0x743f3400b8e8[0m
[0;34m[1784834236.148] [13971:13973] [EM] Rxd Ack; Removing MessageCounter:222142733 from Retrans Table on exchange 26321i[0m
[0;32m[1784834236.148] [13971:13973] [SC] Success status report received. Session was established[0m
[0;32m[1784834236.149] [13971:13973] [SC] SecureSession[0x743f34009cd0, LSID:16137]: State change 'kEstablishing' --> 'kActive'[0m
[0;34m[1784834236.149] [13971:13973] [IN] SecureSession[0x743f34009cd0]: Activated - Type:2 LSID:16137[0m
[0;34m[1784834236.149] [13971:13973] [IN] New secure session activated for device <0000000000000001, 1>, LSID:16137 PSID:40705![0m
[0;34m[1784834236.149] [13971:13973] [DIS] OperationalSessionSetup[1:0000000000000001]: State change 4 --> 5[0m
[0;32m[1784834236.149] [13971:13973] [TOO] Sending cluster (0x00000038) command (0x00000000) on endpoint 0[0m
[0;34m[1784834236.149] [13971:13973] [DMG] ICR moving to [AddingComm][0m
[0;34m[1784834236.149] [13971:13973] [DMG] ICR moving to [AddedComma][0m
[0;32m[1784834236.149] [13971:13973] [EM] <<< [E:26322i S:16137 M:73324444] (S) Msg TX from 000000000001B669 to 1:0000000000000001 [8B99] [UDP:[fe80::bfe:a203:38f0:bce7%enp0s3]:5540] --- Type 0001:08 (IM:InvokeCommandRequest) (B:72)[0m
[0;32m[1784834236.149] [13971:13973] [EM] ??1 [E:26322i S:16137 M:73324444] (S) Msg Retransmission to 1:0000000000000001 scheduled for 379ms from now [State:Active II:500 AI:300 AT:4000][0m
[0;34m[1784834236.149] [13971:13973] [DMG] ICR moving to [AwaitingRe][0m
[0;32m[1784834236.149] [13971:13973] [EM] <<< [E:26321i S:0 M:222142734 (Ack:259921907)] (U) Msg TX from 30A70544B383C850 to 0:0000000000000000 [0000] [UDP:[fe80::bfe:a203:38f0:bce7%enp0s3]:5540] --- Type 0000:10 (SecureChannel:StandaloneAck) (B:26)[0m
[0;34m[1784834236.149] [13971:13973] [EM] Flushed pending ack for MessageCounter:259921907 on exchange 26321i[0m
[0;32m[2524608000.001] [13971:13973] [EM] >>> [E:26322i S:16137 M:263931864 (Ack:73324444)] (S) Msg RX from 1:0000000000000001 [8B99] to 000000000001B669 --- Type 0001:09 (IM:InvokeCommandResponse) (B:67)[0m
[0;34m[2524608000.001] [13971:13973] [EM] Found matching exchange: 26322i, Delegate: 0x743f3400eef8[0m
[0;34m[2524608000.001] [13971:13973] [EM] Rxd Ack; Removing MessageCounter:73324444 from Retrans Table on exchange 26322i[0m
[0;34m[2524608000.001] [13971:13973] [DMG] ICR moving to [ResponseRe][0m
[0;34m[2524608000.001] [13971:13973] [DMG] InvokeResponseMessage =[0m
[0;34m[2524608000.001] [13971:13973] [DMG] {[0m
[0;34m[2524608000.001] [13971:13973] [DMG] 	suppressResponse = false, [0m
[0;34m[2524608000.001] [13971:13973] [DMG] 	InvokeResponseIBs =[0m
[0;34m[2524608000.001] [13971:13973] [DMG] 	[[0m
[0;34m[2524608000.001] [13971:13973] [DMG] 		InvokeResponseIB =[0m
[0;34m[2524608000.001] [13971:13973] [DMG] 		{[0m
[0;34m[2524608000.001] [13971:13973] [DMG] 			CommandStatusIB =[0m
[0;34m[2524608000.001] [13971:13973] [DMG] 			{[0m
[0;34m[2524608000.001] [13971:13973] [DMG] 				CommandPathIB =[0m
[0;34m[2524608000.001] [13971:13973] [DMG] 				{[0m
[0;34m[2524608000.001] [13971:13973] [DMG] 					EndpointId = 0x0,[0m
[0;34m[2524608000.001] [13971:13973] [DMG] 					ClusterId = 0x38,[0m
[0;34m[2524608000.001] [13971:13973] [DMG] 					CommandId = 0x0,[0m
[0;34m[2524608000.001] [13971:13973] [DMG] 				},[0m
[0;34m[2524608000.001] [13971:13973] [DMG] 				[0m
[0;34m[2524608000.001] [13971:13973] [DMG] 				StatusIB =[0m
[0;34m[2524608000.001] [13971:13973] [DMG] 				{[0m
[0;34m[2524608000.001] [13971:13973] [DMG] 					status = 0x00 (SUCCESS),[0m
[0;34m[2524608000.001] [13971:13973] [DMG] 				},[0m
[0;34m[2524608000.001] [13971:13973] [DMG] 				[0m
[0;34m[2524608000.001] [13971:13973] [DMG] 			},[0m
[0;34m[2524608000.001] [13971:13973] [DMG] 			[0m
[0;34m[2524608000.001] [13971:13973] [DMG] 		},[0m
[0;34m[2524608000.001] [13971:13973] [DMG] 		[0m
[0;34m[2524608000.001] [13971:13973] [DMG] 	],[0m
[0;34m[2524608000.001] [13971:13973] [DMG] 	[0m
[0;34m[2524608000.001] [13971:13973] [DMG] 	InteractionModelRevision = 12[0m
[0;34m[2524608000.001] [13971:13973] [DMG] },[0m
[0;32m[2524608000.001] [13971:13973] [DMG] Received Command Response Status for Endpoint=0 Cluster=0x0000_0038 Command=0x0000_0000 Status=0x0[0m
[0;34m[2524608000.001] [13971:13973] [DMG] ICR moving to [AwaitingDe][0m
[0;32m[2524608000.001] [13971:13973] [EM] <<< [E:26322i S:16137 M:73324445 (Ack:263931864)] (S) Msg TX from 000000000001B669 to 1:0000000000000001 [8B99] [UDP:[fe80::bfe:a203:38f0:bce7%enp0s3]:5540] --- Type 0000:10 (SecureChannel:StandaloneAck) (B:34)[0m
[0;34m[2524608000.001] [13971:13973] [EM] Flushed pending ack for MessageCounter:263931864 on exchange 26322i[0m
[0;34m[2524608000.001] [13971:13971] [CTL] Shutting down the commissioner[0m
[0;32m[2524608000.001] [13971:13971] [PAF] WiFiPAF: Closing all WiFiPAF sessions to shutdown[0m
[0;34m[2524608000.001] [13971:13971] [CTL] Shutting down the controller[0m
[0;34m[2524608000.001] [13971:13971] [IN] Expiring all sessions for fabric 0x1!![0m
[0;34m[2524608000.001] [13971:13971] [IN] SecureSession[0x743f34009cd0]: MarkForEviction Type:2 LSID:16137[0m
[0;32m[2524608000.001] [13971:13971] [SC] SecureSession[0x743f34009cd0, LSID:16137]: State change 'kActive' --> 'kPendingEviction'[0m
[0;34m[2524608000.001] [13971:13971] [IN] SecureSession[0x743f34009cd0]: Released - Type:2 LSID:16137[0m
[0;32m[2524608000.001] [13971:13971] [FP] Forgetting fabric 0x1[0m
[0;32m[2524608000.001] [13971:13971] [TS] Pending Last Known Good Time: 2023-10-14T01:16:48[0m
[0;32m[2524608000.001] [13971:13971] [TS] Previous Last Known Good Time: 2023-10-14T01:16:48[0m
[0;32m[2524608000.001] [13971:13971] [TS] Reverted Last Known Good Time to previous value[0m
[0;34m[2524608000.001] [13971:13971] [CTL] Shutting down the commissioner[0m
[0;32m[2524608000.001] [13971:13971] [PAF] WiFiPAF: Closing all WiFiPAF sessions to shutdown[0m
[0;34m[2524608000.001] [13971:13971] [CTL] Shutting down the controller[0m
[0;34m[2524608000.001] [13971:13971] [CTL] Shutting down the System State, this will teardown the CHIP Stack[0m
[0;34m[2524608000.002] [13971:13971] [DMG] All ReadHandler-s are clean, clear GlobalDirtySet[0m
[0;32m[2524608000.002] [13971:13971] [FP] Shutting down FabricTable[0m
[0;32m[2524608000.002] [13971:13971] [TS] Pending Last Known Good Time: 2023-10-14T01:16:48[0m
[0;32m[2524608000.002] [13971:13971] [TS] Previous Last Known Good Time: 2023-10-14T01:16:48[0m
[0;32m[2524608000.002] [13971:13971] [TS] Reverted Last Known Good Time to previous value[0m
[0;34m[2524608000.006] [13971:13971] [DL] Wrote settings to /tmp/chip_counters.ini[0m
[0;32m[2524608000.006] [13971:13971] [DL] NVS set: chip-counters/total-operational-hours = 0 (0x0)[0m
[0;32m[2524608000.006] [13971:13971] [DL] Inet Layer shutdown[0m
[0;32m[2524608000.006] [13971:13971] [DL] BLE Layer shutdown[0m
[0;32m[2524608000.006] [13971:13971] [DL] WiFi-PAF Layer shutdown[0m
[0;32m[2524608000.006] [13971:13971] [PAF] WiFiPAF: Closing all WiFiPAF sessions to shutdown[0m
[0;32m[2524608000.006] [13971:13971] [DL] System Layer shutdown[0m
