[0;34m[1784834663.660] [16219:16219] [DL] ChipLinuxStorage::Init: Using KVS config file: /tmp/chip_tool_kvs[0m
[1;31m[1784834663.662] [16219:16219] [DL] ChipLinuxStorage::Init: Attempt to re-initialize with KVS config file: /tmp/chip_kvs, IGNORING.[0m
[0;34m[1784834663.665] [16219:16219] [DL] ChipLinuxStorage::Init: Using KVS config file: /tmp/chip_factory.ini[0m
[0;34m[1784834663.665] [16219:16219] [DL] ChipLinuxStorage::Init: Using KVS config file: /tmp/chip_config.ini[0m
[0;34m[1784834663.665] [16219:16219] [DL] ChipLinuxStorage::Init: Using KVS config file: /tmp/chip_counters.ini[0m
[0;34m[1784834663.670] [16219:16219] [DL] Wrote settings to /tmp/chip_counters.ini[0m
[0;32m[1784834663.670] [16219:16219] [DL] NVS set: chip-counters/reboot-count = 3 (0x3)[0m
[0;32m[1784834663.670] [16219:16219] [DL] Got Ethernet interface: enp0s3[0m
[0;32m[1784834663.670] [16219:16219] [DL] Found the primary Ethernet interface:enp0s3[0m
[1;31m[1784834663.670] [16219:16219] [DL] Failed to get WiFi interface[0m
[1;31m[1784834663.670] [16219:16219] [DL] Failed to reset WiFi statistic counts[0m
[0;32m[1784834663.670] [16219:16219] [PAF] WiFiPAF: WiFiPAFLayer::Init()[0m
[0;34m[1784834663.670] [16219:16219] [IN] UDP::Init bind&listen port=0[0m
[0;34m[1784834663.670] [16219:16219] [IN] UDP::Init bound to port=33782[0m
[0;34m[1784834663.670] [16219:16219] [IN] UDP::Init bind&listen port=0[0m
[0;34m[1784834663.670] [16219:16219] [IN] UDP::Init bound to port=43051[0m
[0;34m[1784834663.670] [16219:16219] [IN] BLEBase::Init - setting/overriding transport[0m
[0;34m[1784834663.670] [16219:16219] [IN] WiFiPAFBase::Init - setting/overriding transport[0m
[0;34m[1784834663.670] [16219:16219] [IN] TransportMgr initialized[0m
[0;34m[1784834663.670] [16219:16219] [FP] Initializing FabricTable from persistent storage[0m
[0;32m[1784834663.670] [16219:16219] [TS] Last Known Good Time: 2023-10-14T01:16:48[0m
[0;32m[1784834663.670] [16219:16219] [FP] Fabric index 0x1 was retrieved from storage. Compressed FabricId 0x8995DFE37BFD5D66, FabricId 0x0000000000000001, NodeId 0x000000000001B669, VendorId 0xFFF1[0m
[0;32m[1784834663.671] [16219:16219] [DMG] Ember attribute persistence requires setting up[0m
[0;32m[1784834663.671] [16219:16219] [ZCL] Using ZAP configuration...[0m
[0;34m[1784834663.672] [16219:16219] [CTL] System State Initialized...[0m
[0;32m[1784834663.672] [16219:16219] [CTL] Setting attestation nonce to random value[0m
[0;32m[1784834663.672] [16219:16219] [CTL] Setting CSR nonce to random value[0m
[0;34m[1784834663.672] [16219:16221] [DL] CHIP task running[0m
[0;32m[1784834663.672] [16219:16221] [CTL] Setting attestation nonce to random value[0m
[0;32m[1784834663.672] [16219:16221] [CTL] Setting CSR nonce to random value[0m
[0;32m[1784834663.672] [16219:16221] [CTL] Generating NOC[0m
[0;32m[1784834663.672] [16219:16221] [FP] Validating NOC chain[0m
[0;32m[1784834663.673] [16219:16221] [FP] NOC chain validation successful[0m
[0;32m[1784834663.673] [16219:16221] [FP] Updated fabric at index: 0x1, Node ID: 0x000000000001B669[0m
[0;32m[1784834663.673] [16219:16221] [TS] Last Known Good Time: 2023-10-14T01:16:48[0m
[0;32m[1784834663.673] [16219:16221] [TS] New proposed Last Known Good Time: 2021-01-01T00:00:00[0m
[0;32m[1784834663.673] [16219:16221] [TS] Retaining current Last Known Good Time[0m
[0;32m[1784834663.675] [16219:16221] [FP] Metadata for Fabric 0x1 persisted to storage.[0m
[0;32m[1784834663.676] [16219:16221] [TS] Committing Last Known Good Time to storage: 2023-10-14T01:16:48[0m
[0;32m[1784834663.677] [16219:16221] [CTL] Joined the fabric at index 1. Fabric ID is 0x0000000000000001 (Compressed Fabric ID: 8995DFE37BFD5D66)[0m
[0;32m[1784834663.681] [16219:16221] [TOO] Sending command to node 0x1[0m
[0;34m[1784834663.681] [16219:16221] [CSM] FindOrEstablishSession: PeerId = [1:0000000000000001][0m
[0;34m[1784834663.681] [16219:16221] [CSM] FindOrEstablishSession: No existing OperationalSessionSetup instance found[0m
[0;34m[1784834663.681] [16219:16221] [DIS] OperationalSessionSetup[1:0000000000000001]: State change 1 --> 2[0m
[0;32m[1784834663.682] [16219:16221] [DIS] Lookup started for 8995DFE37BFD5D66-0000000000000001[0m
[0;32m[1784834663.682] [16219:16221] [DIS] UDP:[fe80::bfe:a203:38f0:bce7%enp0s3]:5540: new best score: 7 (for 8995DFE37BFD5D66-0000000000000001)[0m
[0;34m[1784834663.682] [16219:16221] [DIS] Lookup clearing interface for non LL address[0m
[0;32m[1784834663.682] [16219:16221] [DIS] UDP:10.0.2.15%enp0s3:5540: new best score: 2 (for 8995DFE37BFD5D66-0000000000000001)[0m
[0;32m[1784834663.682] [16219:16221] [DIS] Checking node lookup status for 8995DFE37BFD5D66-0000000000000001 after 1 ms[0m
[0;32m[1784834663.682] [16219:16221] [DIS] Keeping DNSSD lookup active[0m
[0;32m[1784834663.682] [16219:16221] [DIS] UDP:[fe80::bfe:a203:38f0:bce7%enp0s3]:5540: score has not improved: 7 (for 8995DFE37BFD5D66-0000000000000001)[0m
[0;34m[1784834663.682] [16219:16221] [DIS] Lookup clearing interface for non LL address[0m
[0;32m[1784834663.682] [16219:16221] [DIS] UDP:10.0.2.15%enp0s3:5540: score has not improved: 2 (for 8995DFE37BFD5D66-0000000000000001)[0m
[0;32m[1784834663.682] [16219:16221] [DIS] Checking node lookup status for 8995DFE37BFD5D66-0000000000000001 after 1 ms[0m
[0;32m[1784834663.682] [16219:16221] [DIS] Keeping DNSSD lookup active[0m
[0;32m[1784834663.887] [16219:16221] [DIS] Checking node lookup status for 8995DFE37BFD5D66-0000000000000001 after 206 ms[0m
[0;34m[1784834663.887] [16219:16221] [DIS] OperationalSessionSetup[1:0000000000000001]: Updating device address to UDP:[fe80::bfe:a203:38f0:bce7%enp0s3]:5540 while in state 2[0m
[0;34m[1784834663.887] [16219:16221] [DIS] OperationalSessionSetup[1:0000000000000001]: State change 2 --> 3[0m
[0;34m[1784834663.887] [16219:16221] [IN] SecureSession[0x701098009cd0]: Allocated Type:2 LSID:10573[0m
[0;32m[1784834663.887] [16219:16221] [SC] Initiating session on local FabricIndex 1 from 0x000000000001B669 -> 0x0000000000000001[0m
[0;32m[1784834663.888] [16219:16221] [EM] <<< [E:6564i S:0 M:120745762] (U) Msg TX from 8C4A7C881FB17CD3 to 0:0000000000000000 [0000] [UDP:[fe80::bfe:a203:38f0:bce7%enp0s3]:5540] --- Type 0000:30 (SecureChannel:CASE_Sigma1) (B:196)[0m
[0;32m[1784834663.888] [16219:16221] [EM] ??1 [E:6564i S:0 M:120745762] (U) Msg Retransmission to 0:0000000000000000 scheduled for 616ms from now [State:Idle II:500 AI:300 AT:4000][0m
[0;32m[1784834663.888] [16219:16221] [SC] Sent Sigma1 msg to <0000000000000001, 1> [II:500ms AI:300ms AT:4000ms][0m
[0;34m[1784834663.888] [16219:16221] [DIS] OperationalSessionSetup[1:0000000000000001]: State change 3 --> 4[0m
[0;32m[1784834663.890] [16219:16221] [EM] >>> [E:6564i S:0 M:15681792 (Ack:120745762)] (U) Msg RX from 0:0000000000000000 [0000] to 8C4A7C881FB17CD3 --- Type 0000:31 (SecureChannel:CASE_Sigma2) (B:751)[0m
[0;34m[1784834663.890] [16219:16221] [EM] Found matching exchange: 6564i, Delegate: 0x70109800b8e8[0m
[0;34m[1784834663.890] [16219:16221] [EM] Rxd Ack; Removing MessageCounter:120745762 from Retrans Table on exchange 6564i[0m
[0;32m[1784834663.890] [16219:16221] [SC] Received Sigma2 msg[0m
[0;34m[1784834663.890] [16219:16221] [SC] Found MRP parameters in the message[0m
[0;34m[1784834663.891] [16219:16221] [SC] Peer <0000000000000001, 1> assigned session ID 25153[0m
[0;34m[1784834663.891] [16219:16221] [SC] Sending Sigma3[0m
[0;32m[1784834663.892] [16219:16221] [EM] <<< [E:6564i S:0 M:120745763 (Ack:15681792)] (U) Msg TX from 8C4A7C881FB17CD3 to 0:0000000000000000 [0000] [UDP:[fe80::bfe:a203:38f0:bce7%enp0s3]:5540] --- Type 0000:32 (SecureChannel:CASE_Sigma3) (B:598)[0m
[0;32m[1784834663.892] [16219:16221] [EM] ??1 [E:6564i S:0 M:120745763] (U) Msg Retransmission to 0:0000000000000000 scheduled for 371ms from now [State:Active II:500 AI:300 AT:4000][0m
[0;32m[1784834663.892] [16219:16221] [SC] Sent Sigma3 msg[0m
[0;32m[1784834663.906] [16219:16221] [EM] >>> [E:6564i S:0 M:15681793 (Ack:120745763)] (U) Msg RX from 0:0000000000000000 [0000] to 8C4A7C881FB17CD3 --- Type 0000:40 (SecureChannel:StatusReport) (B:34)[0m
[0;34m[1784834663.906] [16219:16221] [EM] Found matching exchange: 6564i, Delegate: 0x70109800b8e8[0m
[0;34m[1784834663.906] [16219:16221] [EM] Rxd Ack; Removing MessageCounter:120745763 from Retrans Table on exchange 6564i[0m
[0;32m[1784834663.906] [16219:16221] [SC] Success status report received. Session was established[0m
[0;32m[1784834663.907] [16219:16221] [SC] SecureSession[0x701098009cd0, LSID:10573]: State change 'kEstablishing' --> 'kActive'[0m
[0;34m[1784834663.907] [16219:16221] [IN] SecureSession[0x701098009cd0]: Activated - Type:2 LSID:10573[0m
[0;34m[1784834663.907] [16219:16221] [IN] New secure session activated for device <0000000000000001, 1>, LSID:10573 PSID:25153![0m
[0;34m[1784834663.907] [16219:16221] [DIS] OperationalSessionSetup[1:0000000000000001]: State change 4 --> 5[0m
[0;32m[1784834663.907] [16219:16221] [TOO] Sending cluster (0x00000038) command (0x00000000) on endpoint 0[0m
[0;34m[1784834663.907] [16219:16221] [DMG] ICR moving to [AddingComm][0m
[0;34m[1784834663.907] [16219:16221] [DMG] ICR moving to [AddedComma][0m
[0;32m[1784834663.907] [16219:16221] [EM] <<< [E:6565i S:10573 M:267189233] (S) Msg TX from 000000000001B669 to 1:0000000000000001 [5D66] [UDP:[fe80::bfe:a203:38f0:bce7%enp0s3]:5540] --- Type 0001:08 (IM:InvokeCommandRequest) (B:72)[0m
[0;32m[1784834663.907] [16219:16221] [EM] ??1 [E:6565i S:10573 M:267189233] (S) Msg Retransmission to 1:0000000000000001 scheduled for 412ms from now [State:Active II:500 AI:300 AT:4000][0m
[0;34m[1784834663.907] [16219:16221] [DMG] ICR moving to [AwaitingRe][0m
[0;32m[1784834663.907] [16219:16221] [EM] <<< [E:6564i S:0 M:120745764 (Ack:15681793)] (U) Msg TX from 8C4A7C881FB17CD3 to 0:0000000000000000 [0000] [UDP:[fe80::bfe:a203:38f0:bce7%enp0s3]:5540] --- Type 0000:10 (SecureChannel:StandaloneAck) (B:26)[0m
[0;34m[1784834663.907] [16219:16221] [EM] Flushed pending ack for MessageCounter:15681793 on exchange 6564i[0m
[0;32m[2524608000.000] [16219:16221] [EM] >>> [E:6565i S:10573 M:138467957 (Ack:267189233)] (S) Msg RX from 1:0000000000000001 [5D66] to 000000000001B669 --- Type 0001:09 (IM:InvokeCommandResponse) (B:67)[0m
[0;34m[2524608000.000] [16219:16221] [EM] Found matching exchange: 6565i, Delegate: 0x70109800eef8[0m
[0;34m[2524608000.000] [16219:16221] [EM] Rxd Ack; Removing MessageCounter:267189233 from Retrans Table on exchange 6565i[0m
[0;34m[2524608000.000] [16219:16221] [DMG] ICR moving to [ResponseRe][0m
[0;34m[2524608000.000] [16219:16221] [DMG] InvokeResponseMessage =[0m
[0;34m[2524608000.000] [16219:16221] [DMG] {[0m
[0;34m[2524608000.000] [16219:16221] [DMG] 	suppressResponse = false, [0m
[0;34m[2524608000.000] [16219:16221] [DMG] 	InvokeResponseIBs =[0m
[0;34m[2524608000.000] [16219:16221] [DMG] 	[[0m
[0;34m[2524608000.000] [16219:16221] [DMG] 		InvokeResponseIB =[0m
[0;34m[2524608000.000] [16219:16221] [DMG] 		{[0m
[0;34m[2524608000.000] [16219:16221] [DMG] 			CommandStatusIB =[0m
[0;34m[2524608000.000] [16219:16221] [DMG] 			{[0m
[0;34m[2524608000.000] [16219:16221] [DMG] 				CommandPathIB =[0m
[0;34m[2524608000.000] [16219:16221] [DMG] 				{[0m
[0;34m[2524608000.000] [16219:16221] [DMG] 					EndpointId = 0x0,[0m
[0;34m[2524608000.000] [16219:16221] [DMG] 					ClusterId = 0x38,[0m
[0;34m[2524608000.000] [16219:16221] [DMG] 					CommandId = 0x0,[0m
[0;34m[2524608000.000] [16219:16221] [DMG] 				},[0m
[0;34m[2524608000.000] [16219:16221] [DMG] 				[0m
[0;34m[2524608000.000] [16219:16221] [DMG] 				StatusIB =[0m
[0;34m[2524608000.000] [16219:16221] [DMG] 				{[0m
[0;34m[2524608000.000] [16219:16221] [DMG] 					status = 0x00 (SUCCESS),[0m
[0;34m[2524608000.000] [16219:16221] [DMG] 				},[0m
[0;34m[2524608000.000] [16219:16221] [DMG] 				[0m
[0;34m[2524608000.000] [16219:16221] [DMG] 			},[0m
[0;34m[2524608000.000] [16219:16221] [DMG] 			[0m
[0;34m[2524608000.000] [16219:16221] [DMG] 		},[0m
[0;34m[2524608000.000] [16219:16221] [DMG] 		[0m
[0;34m[2524608000.000] [16219:16221] [DMG] 	],[0m
[0;34m[2524608000.000] [16219:16221] [DMG] 	[0m
[0;34m[2524608000.000] [16219:16221] [DMG] 	InteractionModelRevision = 12[0m
[0;34m[2524608000.000] [16219:16221] [DMG] },[0m
[0;32m[2524608000.000] [16219:16221] [DMG] Received Command Response Status for Endpoint=0 Cluster=0x0000_0038 Command=0x0000_0000 Status=0x0[0m
[0;34m[2524608000.000] [16219:16221] [DMG] ICR moving to [AwaitingDe][0m
[0;32m[2524608000.000] [16219:16221] [EM] <<< [E:6565i S:10573 M:267189234 (Ack:138467957)] (S) Msg TX from 000000000001B669 to 1:0000000000000001 [5D66] [UDP:[fe80::bfe:a203:38f0:bce7%enp0s3]:5540] --- Type 0000:10 (SecureChannel:StandaloneAck) (B:34)[0m
[0;34m[2524608000.001] [16219:16221] [EM] Flushed pending ack for MessageCounter:138467957 on exchange 6565i[0m
[0;34m[2524608000.003] [16219:16219] [CTL] Shutting down the commissioner[0m
[0;32m[2524608000.003] [16219:16219] [PAF] WiFiPAF: Closing all WiFiPAF sessions to shutdown[0m
[0;34m[2524608000.003] [16219:16219] [CTL] Shutting down the controller[0m
[0;34m[2524608000.003] [16219:16219] [IN] Expiring all sessions for fabric 0x1!![0m
[0;34m[2524608000.003] [16219:16219] [IN] SecureSession[0x701098009cd0]: MarkForEviction Type:2 LSID:10573[0m
[0;32m[2524608000.003] [16219:16219] [SC] SecureSession[0x701098009cd0, LSID:10573]: State change 'kActive' --> 'kPendingEviction'[0m
[0;34m[2524608000.003] [16219:16219] [IN] SecureSession[0x701098009cd0]: Released - Type:2 LSID:10573[0m
[0;32m[2524608000.003] [16219:16219] [FP] Forgetting fabric 0x1[0m
[0;32m[2524608000.003] [16219:16219] [TS] Pending Last Known Good Time: 2023-10-14T01:16:48[0m
[0;32m[2524608000.003] [16219:16219] [TS] Previous Last Known Good Time: 2023-10-14T01:16:48[0m
[0;32m[2524608000.003] [16219:16219] [TS] Reverted Last Known Good Time to previous value[0m
[0;34m[2524608000.003] [16219:16219] [CTL] Shutting down the commissioner[0m
[0;32m[2524608000.003] [16219:16219] [PAF] WiFiPAF: Closing all WiFiPAF sessions to shutdown[0m
[0;34m[2524608000.003] [16219:16219] [CTL] Shutting down the controller[0m
[0;34m[2524608000.003] [16219:16219] [CTL] Shutting down the System State, this will teardown the CHIP Stack[0m
[0;34m[2524608000.003] [16219:16219] [DMG] All ReadHandler-s are clean, clear GlobalDirtySet[0m
[0;32m[2524608000.003] [16219:16219] [FP] Shutting down FabricTable[0m
[0;32m[2524608000.003] [16219:16219] [TS] Pending Last Known Good Time: 2023-10-14T01:16:48[0m
[0;32m[2524608000.003] [16219:16219] [TS] Previous Last Known Good Time: 2023-10-14T01:16:48[0m
[0;32m[2524608000.003] [16219:16219] [TS] Reverted Last Known Good Time to previous value[0m
[0;34m[2524608000.008] [16219:16219] [DL] Wrote settings to /tmp/chip_counters.ini[0m
[0;32m[2524608000.008] [16219:16219] [DL] NVS set: chip-counters/total-operational-hours = 0 (0x0)[0m
[0;32m[2524608000.008] [16219:16219] [DL] Inet Layer shutdown[0m
[0;32m[2524608000.008] [16219:16219] [DL] BLE Layer shutdown[0m
[0;32m[2524608000.008] [16219:16219] [DL] WiFi-PAF Layer shutdown[0m
[0;32m[2524608000.008] [16219:16219] [PAF] WiFiPAF: Closing all WiFiPAF sessions to shutdown[0m
[0;32m[2524608000.008] [16219:16219] [DL] System Layer shutdown[0m
