[0;34m[1784836758.738] [20304:20304] [DL] ChipLinuxStorage::Init: Using KVS config file: /tmp/chip_tool_kvs[0m
[1;31m[1784836758.739] [20304:20304] [DL] ChipLinuxStorage::Init: Attempt to re-initialize with KVS config file: /tmp/chip_kvs, IGNORING.[0m
[0;34m[1784836758.740] [20304:20304] [DL] ChipLinuxStorage::Init: Using KVS config file: /tmp/chip_factory.ini[0m
[0;34m[1784836758.740] [20304:20304] [DL] ChipLinuxStorage::Init: Using KVS config file: /tmp/chip_config.ini[0m
[0;34m[1784836758.740] [20304:20304] [DL] ChipLinuxStorage::Init: Using KVS config file: /tmp/chip_counters.ini[0m
[0;34m[1784836758.742] [20304:20304] [DL] Wrote settings to /tmp/chip_counters.ini[0m
[0;32m[1784836758.743] [20304:20304] [DL] NVS set: chip-counters/reboot-count = 3 (0x3)[0m
[0;32m[1784836758.743] [20304:20304] [DL] Got Ethernet interface: enp0s3[0m
[0;32m[1784836758.743] [20304:20304] [DL] Found the primary Ethernet interface:enp0s3[0m
[1;31m[1784836758.743] [20304:20304] [DL] Failed to get WiFi interface[0m
[1;31m[1784836758.743] [20304:20304] [DL] Failed to reset WiFi statistic counts[0m
[0;32m[1784836758.743] [20304:20304] [PAF] WiFiPAF: WiFiPAFLayer::Init()[0m
[0;34m[1784836758.743] [20304:20304] [IN] UDP::Init bind&listen port=0[0m
[0;34m[1784836758.743] [20304:20304] [IN] UDP::Init bound to port=56468[0m
[0;34m[1784836758.743] [20304:20304] [IN] UDP::Init bind&listen port=0[0m
[0;34m[1784836758.743] [20304:20304] [IN] UDP::Init bound to port=39669[0m
[0;34m[1784836758.743] [20304:20304] [IN] BLEBase::Init - setting/overriding transport[0m
[0;34m[1784836758.743] [20304:20304] [IN] WiFiPAFBase::Init - setting/overriding transport[0m
[0;34m[1784836758.743] [20304:20304] [IN] TransportMgr initialized[0m
[0;34m[1784836758.743] [20304:20304] [FP] Initializing FabricTable from persistent storage[0m
[0;32m[1784836758.743] [20304:20304] [TS] Last Known Good Time: 2023-10-14T01:16:48[0m
[0;32m[1784836758.744] [20304:20304] [FP] Fabric index 0x1 was retrieved from storage. Compressed FabricId 0xC53D1C5E56959A1E, FabricId 0x0000000000000001, NodeId 0x000000000001B669, VendorId 0xFFF1[0m
[0;32m[1784836758.745] [20304:20304] [DMG] Ember attribute persistence requires setting up[0m
[0;32m[1784836758.745] [20304:20304] [ZCL] Using ZAP configuration...[0m
[0;34m[1784836758.745] [20304:20304] [CTL] System State Initialized...[0m
[0;32m[1784836758.745] [20304:20304] [CTL] Setting attestation nonce to random value[0m
[0;32m[1784836758.745] [20304:20304] [CTL] Setting CSR nonce to random value[0m
[0;34m[1784836758.745] [20304:20306] [DL] CHIP task running[0m
[0;32m[1784836758.745] [20304:20306] [CTL] Setting attestation nonce to random value[0m
[0;32m[1784836758.745] [20304:20306] [CTL] Setting CSR nonce to random value[0m
[0;32m[1784836758.745] [20304:20306] [CTL] Generating NOC[0m
[0;32m[1784836758.745] [20304:20306] [FP] Validating NOC chain[0m
[0;32m[1784836758.746] [20304:20306] [FP] NOC chain validation successful[0m
[0;32m[1784836758.746] [20304:20306] [FP] Updated fabric at index: 0x1, Node ID: 0x000000000001B669[0m
[0;32m[1784836758.746] [20304:20306] [TS] Last Known Good Time: 2023-10-14T01:16:48[0m
[0;32m[1784836758.746] [20304:20306] [TS] New proposed Last Known Good Time: 2021-01-01T00:00:00[0m
[0;32m[1784836758.746] [20304:20306] [TS] Retaining current Last Known Good Time[0m
[0;32m[1784836758.748] [20304:20306] [FP] Metadata for Fabric 0x1 persisted to storage.[0m
[0;32m[1784836758.749] [20304:20306] [TS] Committing Last Known Good Time to storage: 2023-10-14T01:16:48[0m
[0;32m[1784836758.750] [20304:20306] [CTL] Joined the fabric at index 1. Fabric ID is 0x0000000000000001 (Compressed Fabric ID: C53D1C5E56959A1E)[0m
[0;32m[1784836758.754] [20304:20306] [TOO] Sending command to node 0x1[0m
[0;34m[1784836758.754] [20304:20306] [CSM] FindOrEstablishSession: PeerId = [1:0000000000000001][0m
[0;34m[1784836758.754] [20304:20306] [CSM] FindOrEstablishSession: No existing OperationalSessionSetup instance found[0m
[0;34m[1784836758.754] [20304:20306] [DIS] OperationalSessionSetup[1:0000000000000001]: State change 1 --> 2[0m
[0;32m[1784836758.754] [20304:20306] [DIS] Lookup started for C53D1C5E56959A1E-0000000000000001[0m
[0;32m[1784836758.755] [20304:20306] [DIS] UDP:[fe80::bfe:a203:38f0:bce7%enp0s3]:5540: new best score: 7 (for C53D1C5E56959A1E-0000000000000001)[0m
[0;34m[1784836758.755] [20304:20306] [DIS] Lookup clearing interface for non LL address[0m
[0;32m[1784836758.755] [20304:20306] [DIS] UDP:10.0.2.15%enp0s3:5540: new best score: 2 (for C53D1C5E56959A1E-0000000000000001)[0m
[0;32m[1784836758.755] [20304:20306] [DIS] Checking node lookup status for C53D1C5E56959A1E-0000000000000001 after 1 ms[0m
[0;32m[1784836758.755] [20304:20306] [DIS] Keeping DNSSD lookup active[0m
[0;32m[1784836758.755] [20304:20306] [DIS] UDP:[fe80::bfe:a203:38f0:bce7%enp0s3]:5540: score has not improved: 7 (for C53D1C5E56959A1E-0000000000000001)[0m
[0;34m[1784836758.755] [20304:20306] [DIS] Lookup clearing interface for non LL address[0m
[0;32m[1784836758.755] [20304:20306] [DIS] UDP:10.0.2.15%enp0s3:5540: score has not improved: 2 (for C53D1C5E56959A1E-0000000000000001)[0m
[0;32m[1784836758.755] [20304:20306] [DIS] Checking node lookup status for C53D1C5E56959A1E-0000000000000001 after 1 ms[0m
[0;32m[1784836758.755] [20304:20306] [DIS] Keeping DNSSD lookup active[0m
[0;32m[1784836758.958] [20304:20306] [DIS] Checking node lookup status for C53D1C5E56959A1E-0000000000000001 after 204 ms[0m
[0;34m[1784836758.958] [20304:20306] [DIS] OperationalSessionSetup[1:0000000000000001]: Updating device address to UDP:[fe80::bfe:a203:38f0:bce7%enp0s3]:5540 while in state 2[0m
[0;34m[1784836758.958] [20304:20306] [DIS] OperationalSessionSetup[1:0000000000000001]: State change 2 --> 3[0m
[0;34m[1784836758.958] [20304:20306] [IN] SecureSession[0x7ab608009cd0]: Allocated Type:2 LSID:59202[0m
[0;32m[1784836758.958] [20304:20306] [SC] Initiating session on local FabricIndex 1 from 0x000000000001B669 -> 0x0000000000000001[0m
[0;32m[1784836758.959] [20304:20306] [EM] <<< [E:9438i S:0 M:29455061] (U) Msg TX from F753B75B3A303E74 to 0:0000000000000000 [0000] [UDP:[fe80::bfe:a203:38f0:bce7%enp0s3]:5540] --- Type 0000:30 (SecureChannel:CASE_Sigma1) (B:196)[0m
[0;32m[1784836758.959] [20304:20306] [EM] ??1 [E:9438i S:0 M:29455061] (U) Msg Retransmission to 0:0000000000000000 scheduled for 580ms from now [State:Idle II:500 AI:300 AT:4000][0m
[0;32m[1784836758.959] [20304:20306] [SC] Sent Sigma1 msg to <0000000000000001, 1> [II:500ms AI:300ms AT:4000ms][0m
[0;34m[1784836758.959] [20304:20306] [DIS] OperationalSessionSetup[1:0000000000000001]: State change 3 --> 4[0m
[0;32m[1784836758.962] [20304:20306] [EM] >>> [E:9438i S:0 M:258173041 (Ack:29455061)] (U) Msg RX from 0:0000000000000000 [0000] to F753B75B3A303E74 --- Type 0000:31 (SecureChannel:CASE_Sigma2) (B:751)[0m
[0;34m[1784836758.962] [20304:20306] [EM] Found matching exchange: 9438i, Delegate: 0x7ab60800b8e8[0m
[0;34m[1784836758.962] [20304:20306] [EM] Rxd Ack; Removing MessageCounter:29455061 from Retrans Table on exchange 9438i[0m
[0;32m[1784836758.962] [20304:20306] [SC] Received Sigma2 msg[0m
[0;34m[1784836758.962] [20304:20306] [SC] Found MRP parameters in the message[0m
[0;34m[1784836758.964] [20304:20306] [SC] Peer <0000000000000001, 1> assigned session ID 36413[0m
[0;34m[1784836758.964] [20304:20306] [SC] Sending Sigma3[0m
[0;32m[1784836758.964] [20304:20306] [EM] <<< [E:9438i S:0 M:29455062 (Ack:258173041)] (U) Msg TX from F753B75B3A303E74 to 0:0000000000000000 [0000] [UDP:[fe80::bfe:a203:38f0:bce7%enp0s3]:5540] --- Type 0000:32 (SecureChannel:CASE_Sigma3) (B:598)[0m
[0;32m[1784836758.964] [20304:20306] [EM] ??1 [E:9438i S:0 M:29455062] (U) Msg Retransmission to 0:0000000000000000 scheduled for 410ms from now [State:Active II:500 AI:300 AT:4000][0m
[0;32m[1784836758.964] [20304:20306] [SC] Sent Sigma3 msg[0m
[0;32m[1784836758.973] [20304:20306] [EM] >>> [E:9438i S:0 M:258173042 (Ack:29455062)] (U) Msg RX from 0:0000000000000000 [0000] to F753B75B3A303E74 --- Type 0000:40 (SecureChannel:StatusReport) (B:34)[0m
[0;34m[1784836758.973] [20304:20306] [EM] Found matching exchange: 9438i, Delegate: 0x7ab60800b8e8[0m
[0;34m[1784836758.973] [20304:20306] [EM] Rxd Ack; Removing MessageCounter:29455062 from Retrans Table on exchange 9438i[0m
[0;32m[1784836758.973] [20304:20306] [SC] Success status report received. Session was established[0m
[0;32m[1784836758.974] [20304:20306] [SC] SecureSession[0x7ab608009cd0, LSID:59202]: State change 'kEstablishing' --> 'kActive'[0m
[0;34m[1784836758.974] [20304:20306] [IN] SecureSession[0x7ab608009cd0]: Activated - Type:2 LSID:59202[0m
[0;34m[1784836758.974] [20304:20306] [IN] New secure session activated for device <0000000000000001, 1>, LSID:59202 PSID:36413![0m
[0;34m[1784836758.974] [20304:20306] [DIS] OperationalSessionSetup[1:0000000000000001]: State change 4 --> 5[0m
[0;32m[1784836758.974] [20304:20306] [TOO] Sending ReadAttribute to:[0m
[0;32m[1784836758.975] [20304:20306] [TOO] 	cluster 0x0000_0038, attribute: 0x0000_0000, endpoint 0[0m
[0;34m[1784836758.975] [20304:20306] [DMG] SendReadRequest ReadClient[0x7ab60800eef0]: Sending Read Request[0m
[0;32m[1784836758.975] [20304:20306] [DMG] 0 data version filters provided, 0 not relevant, 0 encoded, 0 skipped due to lack of space[0m
[0;32m[1784836758.975] [20304:20306] [EM] <<< [E:9439i S:59202 M:22103758] (S) Msg TX from 000000000001B669 to 1:0000000000000001 [9A1E] [UDP:[fe80::bfe:a203:38f0:bce7%enp0s3]:5540] --- Type 0001:02 (IM:ReadRequest) (B:51)[0m
[0;32m[1784836758.975] [20304:20306] [EM] ??1 [E:9439i S:59202 M:22103758] (S) Msg Retransmission to 1:0000000000000001 scheduled for 361ms from now [State:Active II:500 AI:300 AT:4000][0m
[0;34m[1784836758.975] [20304:20306] [DMG] MoveToState ReadClient[0x7ab60800eef0]: Moving to [AwaitingIn][0m
[0;32m[1784836758.975] [20304:20306] [EM] <<< [E:9438i S:0 M:29455063 (Ack:258173042)] (U) Msg TX from F753B75B3A303E74 to 0:0000000000000000 [0000] [UDP:[fe80::bfe:a203:38f0:bce7%enp0s3]:5540] --- Type 0000:10 (SecureChannel:StandaloneAck) (B:26)[0m
[0;34m[1784836758.975] [20304:20306] [EM] Flushed pending ack for MessageCounter:258173042 on exchange 9438i[0m
[0;32m[1784836758.975] [20304:20306] [EM] >>> [E:9439i S:59202 M:256221292 (Ack:22103758)] (S) Msg RX from 1:0000000000000001 [9A1E] to 000000000001B669 --- Type 0001:05 (IM:ReportData) (B:77)[0m
[0;34m[1784836758.975] [20304:20306] [EM] Found matching exchange: 9439i, Delegate: 0x7ab60800ef00[0m
[0;34m[1784836758.975] [20304:20306] [EM] Rxd Ack; Removing MessageCounter:22103758 from Retrans Table on exchange 9439i[0m
[0;34m[1784836758.975] [20304:20306] [DMG] ReportDataMessage =[0m
[0;34m[1784836758.975] [20304:20306] [DMG] {[0m
[0;34m[1784836758.975] [20304:20306] [DMG] 	AttributeReportIBs =[0m
[0;34m[1784836758.975] [20304:20306] [DMG] 	[[0m
[0;34m[1784836758.975] [20304:20306] [DMG] 		AttributeReportIB =[0m
[0;34m[1784836758.975] [20304:20306] [DMG] 		{[0m
[0;34m[1784836758.975] [20304:20306] [DMG] 			AttributeDataIB =[0m
[0;34m[1784836758.975] [20304:20306] [DMG] 			{[0m
[0;34m[1784836758.975] [20304:20306] [DMG] 				DataVersion = 0x2d28fd38,[0m
[0;34m[1784836758.975] [20304:20306] [DMG] 				AttributePathIB =[0m
[0;34m[1784836758.975] [20304:20306] [DMG] 				{[0m
[0;34m[1784836758.975] [20304:20306] [DMG] 					Endpoint = 0x0,[0m
[0;34m[1784836758.975] [20304:20306] [DMG] 					Cluster = 0x38,[0m
[0;34m[1784836758.975] [20304:20306] [DMG] 					Attribute = 0x0000_0000,[0m
[0;34m[1784836758.975] [20304:20306] [DMG] 				}[0m
[0;34m[1784836758.975] [20304:20306] [DMG] 					[0m
[0;34m[1784836758.975] [20304:20306] [DMG] 				Data = 838151958975402 (unsigned), [0m
[0;34m[1784836758.975] [20304:20306] [DMG] 			},[0m
[0;34m[1784836758.975] [20304:20306] [DMG] 			[0m
[0;34m[1784836758.975] [20304:20306] [DMG] 		},[0m
[0;34m[1784836758.975] [20304:20306] [DMG] 		[0m
[0;34m[1784836758.975] [20304:20306] [DMG] 	],[0m
[0;34m[1784836758.975] [20304:20306] [DMG] 	[0m
[0;34m[1784836758.975] [20304:20306] [DMG] 	SuppressResponse = true, [0m
[0;34m[1784836758.975] [20304:20306] [DMG] 	InteractionModelRevision = 12[0m
[0;34m[1784836758.975] [20304:20306] [DMG] }[0m
[0;32m[1784836758.975] [20304:20306] [TOO] Endpoint: 0 Cluster: 0x0000_0038 Attribute 0x0000_0000 DataVersion: 757660984[0m
[0;32m[1784836758.975] [20304:20306] [TOO]   UTCTime: 838151958975402[0m
[0;32m[1784836758.975] [20304:20306] [EM] <<< [E:9439i S:59202 M:22103759 (Ack:256221292)] (S) Msg TX from 000000000001B669 to 1:0000000000000001 [9A1E] [UDP:[fe80::bfe:a203:38f0:bce7%enp0s3]:5540] --- Type 0000:10 (SecureChannel:StandaloneAck) (B:34)[0m
[0;34m[1784836758.975] [20304:20306] [EM] Flushed pending ack for MessageCounter:256221292 on exchange 9439i[0m
[0;34m[1784836758.976] [20304:20304] [CTL] Shutting down the commissioner[0m
[0;32m[1784836758.976] [20304:20304] [PAF] WiFiPAF: Closing all WiFiPAF sessions to shutdown[0m
[0;34m[1784836758.976] [20304:20304] [CTL] Shutting down the controller[0m
[0;34m[1784836758.976] [20304:20304] [IN] Expiring all sessions for fabric 0x1!![0m
[0;34m[1784836758.976] [20304:20304] [IN] SecureSession[0x7ab608009cd0]: MarkForEviction Type:2 LSID:59202[0m
[0;32m[1784836758.976] [20304:20304] [SC] SecureSession[0x7ab608009cd0, LSID:59202]: State change 'kActive' --> 'kPendingEviction'[0m
[0;34m[1784836758.976] [20304:20304] [IN] SecureSession[0x7ab608009cd0]: Released - Type:2 LSID:59202[0m
[0;32m[1784836758.976] [20304:20304] [FP] Forgetting fabric 0x1[0m
[0;32m[1784836758.976] [20304:20304] [TS] Pending Last Known Good Time: 2023-10-14T01:16:48[0m
[0;32m[1784836758.976] [20304:20304] [TS] Previous Last Known Good Time: 2023-10-14T01:16:48[0m
[0;32m[1784836758.976] [20304:20304] [TS] Reverted Last Known Good Time to previous value[0m
[0;34m[1784836758.976] [20304:20304] [CTL] Shutting down the commissioner[0m
[0;32m[1784836758.976] [20304:20304] [PAF] WiFiPAF: Closing all WiFiPAF sessions to shutdown[0m
[0;34m[1784836758.976] [20304:20304] [CTL] Shutting down the controller[0m
[0;34m[1784836758.976] [20304:20304] [CTL] Shutting down the System State, this will teardown the CHIP Stack[0m
[0;34m[1784836758.976] [20304:20304] [DMG] All ReadHandler-s are clean, clear GlobalDirtySet[0m
[0;32m[1784836758.976] [20304:20304] [FP] Shutting down FabricTable[0m
[0;32m[1784836758.976] [20304:20304] [TS] Pending Last Known Good Time: 2023-10-14T01:16:48[0m
[0;32m[1784836758.976] [20304:20304] [TS] Previous Last Known Good Time: 2023-10-14T01:16:48[0m
[0;32m[1784836758.976] [20304:20304] [TS] Reverted Last Known Good Time to previous value[0m
[0;34m[1784836758.978] [20304:20304] [DL] Wrote settings to /tmp/chip_counters.ini[0m
[0;32m[1784836758.978] [20304:20304] [DL] NVS set: chip-counters/total-operational-hours = 0 (0x0)[0m
[0;32m[1784836758.978] [20304:20304] [DL] Inet Layer shutdown[0m
[0;32m[1784836758.978] [20304:20304] [DL] BLE Layer shutdown[0m
[0;32m[1784836758.978] [20304:20304] [DL] WiFi-PAF Layer shutdown[0m
[0;32m[1784836758.978] [20304:20304] [PAF] WiFiPAF: Closing all WiFiPAF sessions to shutdown[0m
[0;32m[1784836758.978] [20304:20304] [DL] System Layer shutdown[0m
