[0;34m[1784655203.142] [7396:7396] [DL] ChipLinuxStorage::Init: Using KVS config file: /tmp/chip_tool_kvs[0m
[1;31m[1784655203.143] [7396:7396] [DL] ChipLinuxStorage::Init: Attempt to re-initialize with KVS config file: /tmp/chip_kvs, IGNORING.[0m
[0;34m[1784655203.144] [7396:7396] [DL] ChipLinuxStorage::Init: Using KVS config file: /tmp/chip_factory.ini[0m
[0;34m[1784655203.145] [7396:7396] [DL] ChipLinuxStorage::Init: Using KVS config file: /tmp/chip_config.ini[0m
[0;34m[1784655203.145] [7396:7396] [DL] ChipLinuxStorage::Init: Using KVS config file: /tmp/chip_counters.ini[0m
[0;34m[1784655203.148] [7396:7396] [DL] Wrote settings to /tmp/chip_counters.ini[0m
[0;32m[1784655203.148] [7396:7396] [DL] NVS set: chip-counters/reboot-count = 4 (0x4)[0m
[0;32m[1784655203.148] [7396:7396] [DL] Got Ethernet interface: enp0s3[0m
[0;32m[1784655203.148] [7396:7396] [DL] Found the primary Ethernet interface:enp0s3[0m
[1;31m[1784655203.148] [7396:7396] [DL] Failed to get WiFi interface[0m
[1;31m[1784655203.148] [7396:7396] [DL] Failed to reset WiFi statistic counts[0m
[0;32m[1784655203.148] [7396:7396] [PAF] WiFiPAF: WiFiPAFLayer::Init()[0m
[0;34m[1784655203.148] [7396:7396] [IN] UDP::Init bind&listen port=0[0m
[0;34m[1784655203.148] [7396:7396] [IN] UDP::Init bound to port=40159[0m
[0;34m[1784655203.148] [7396:7396] [IN] UDP::Init bind&listen port=0[0m
[0;34m[1784655203.148] [7396:7396] [IN] UDP::Init bound to port=57844[0m
[0;34m[1784655203.148] [7396:7396] [IN] BLEBase::Init - setting/overriding transport[0m
[0;34m[1784655203.148] [7396:7396] [IN] WiFiPAFBase::Init - setting/overriding transport[0m
[0;34m[1784655203.148] [7396:7396] [IN] TransportMgr initialized[0m
[0;34m[1784655203.148] [7396:7396] [FP] Initializing FabricTable from persistent storage[0m
[0;32m[1784655203.148] [7396:7396] [TS] Last Known Good Time: 2023-10-14T01:16:48[0m
[0;32m[1784655203.149] [7396:7396] [FP] Fabric index 0x1 was retrieved from storage. Compressed FabricId 0x98FE79CF2C5B4A4C, FabricId 0x0000000000000001, NodeId 0x000000000001B669, VendorId 0xFFF1[0m
[0;32m[1784655203.149] [7396:7396] [DMG] Ember attribute persistence requires setting up[0m
[0;32m[1784655203.149] [7396:7396] [ZCL] Using ZAP configuration...[0m
[0;34m[1784655203.150] [7396:7396] [CTL] System State Initialized...[0m
[0;32m[1784655203.150] [7396:7396] [CTL] Setting attestation nonce to random value[0m
[0;32m[1784655203.150] [7396:7396] [CTL] Setting CSR nonce to random value[0m
[0;34m[1784655203.150] [7396:7398] [DL] CHIP task running[0m
[0;32m[1784655203.150] [7396:7398] [CTL] Setting attestation nonce to random value[0m
[0;32m[1784655203.150] [7396:7398] [CTL] Setting CSR nonce to random value[0m
[0;32m[1784655203.150] [7396:7398] [CTL] Generating NOC[0m
[0;32m[1784655203.150] [7396:7398] [FP] Validating NOC chain[0m
[0;32m[1784655203.150] [7396:7398] [FP] NOC chain validation successful[0m
[0;32m[1784655203.150] [7396:7398] [FP] Updated fabric at index: 0x1, Node ID: 0x000000000001B669[0m
[0;32m[1784655203.150] [7396:7398] [TS] Last Known Good Time: 2023-10-14T01:16:48[0m
[0;32m[1784655203.150] [7396:7398] [TS] New proposed Last Known Good Time: 2021-01-01T00:00:00[0m
[0;32m[1784655203.150] [7396:7398] [TS] Retaining current Last Known Good Time[0m
[0;32m[1784655203.153] [7396:7398] [FP] Metadata for Fabric 0x1 persisted to storage.[0m
[0;32m[1784655203.154] [7396:7398] [TS] Committing Last Known Good Time to storage: 2023-10-14T01:16:48[0m
[0;32m[1784655203.155] [7396:7398] [CTL] Joined the fabric at index 1. Fabric ID is 0x0000000000000001 (Compressed Fabric ID: 98FE79CF2C5B4A4C)[0m
[0;32m[1784655203.160] [7396:7398] [TOO] Sending command to node 0x1[0m
[0;34m[1784655203.160] [7396:7398] [CSM] FindOrEstablishSession: PeerId = [1:0000000000000001][0m
[0;34m[1784655203.160] [7396:7398] [CSM] FindOrEstablishSession: No existing OperationalSessionSetup instance found[0m
[0;34m[1784655203.160] [7396:7398] [DIS] OperationalSessionSetup[1:0000000000000001]: State change 1 --> 2[0m
[0;32m[1784655203.160] [7396:7398] [DIS] Lookup started for 98FE79CF2C5B4A4C-0000000000000001[0m
[0;32m[1784655203.160] [7396:7398] [DIS] UDP:[fe80::bfe:a203:38f0:bce7%enp0s3]:5540: new best score: 7 (for 98FE79CF2C5B4A4C-0000000000000001)[0m
[0;34m[1784655203.160] [7396:7398] [DIS] Lookup clearing interface for non LL address[0m
[0;32m[1784655203.160] [7396:7398] [DIS] UDP:10.0.2.15%enp0s3:5540: new best score: 2 (for 98FE79CF2C5B4A4C-0000000000000001)[0m
[0;32m[1784655203.160] [7396:7398] [DIS] Checking node lookup status for 98FE79CF2C5B4A4C-0000000000000001 after 1 ms[0m
[0;32m[1784655203.160] [7396:7398] [DIS] Keeping DNSSD lookup active[0m
[0;32m[1784655203.160] [7396:7398] [DIS] UDP:[fe80::bfe:a203:38f0:bce7%enp0s3]:5540: score has not improved: 7 (for 98FE79CF2C5B4A4C-0000000000000001)[0m
[0;34m[1784655203.160] [7396:7398] [DIS] Lookup clearing interface for non LL address[0m
[0;32m[1784655203.160] [7396:7398] [DIS] UDP:10.0.2.15%enp0s3:5540: score has not improved: 2 (for 98FE79CF2C5B4A4C-0000000000000001)[0m
[0;32m[1784655203.160] [7396:7398] [DIS] Checking node lookup status for 98FE79CF2C5B4A4C-0000000000000001 after 1 ms[0m
[0;32m[1784655203.160] [7396:7398] [DIS] Keeping DNSSD lookup active[0m
[0;32m[1784655203.362] [7396:7398] [DIS] Checking node lookup status for 98FE79CF2C5B4A4C-0000000000000001 after 202 ms[0m
[0;34m[1784655203.362] [7396:7398] [DIS] OperationalSessionSetup[1:0000000000000001]: Updating device address to UDP:[fe80::bfe:a203:38f0:bce7%enp0s3]:5540 while in state 2[0m
[0;34m[1784655203.362] [7396:7398] [DIS] OperationalSessionSetup[1:0000000000000001]: State change 2 --> 3[0m
[0;34m[1784655203.364] [7396:7398] [IN] SecureSession[0x7d0220009cd0]: Allocated Type:2 LSID:64516[0m
[0;32m[1784655203.364] [7396:7398] [SC] Initiating session on local FabricIndex 1 from 0x000000000001B669 -> 0x0000000000000001[0m
[0;32m[1784655203.365] [7396:7398] [EM] <<< [E:9680i S:0 M:129229554] (U) Msg TX from 064C19A3B99E8D39 to 0:0000000000000000 [0000] [UDP:[fe80::bfe:a203:38f0:bce7%enp0s3]:5540] --- Type 0000:30 (SecureChannel:CASE_Sigma1) (B:196)[0m
[0;32m[1784655203.366] [7396:7398] [EM] ??1 [E:9680i S:0 M:129229554] (U) Msg Retransmission to 0:0000000000000000 scheduled for 635ms from now [State:Idle II:500 AI:300 AT:4000][0m
[0;32m[1784655203.366] [7396:7398] [SC] Sent Sigma1 msg to <0000000000000001, 1> [II:500ms AI:300ms AT:4000ms][0m
[0;34m[1784655203.366] [7396:7398] [DIS] OperationalSessionSetup[1:0000000000000001]: State change 3 --> 4[0m
[0;32m[1784655203.367] [7396:7398] [EM] >>> [E:9680i S:0 M:25747451 (Ack:129229554)] (U) Msg RX from 0:0000000000000000 [0000] to 064C19A3B99E8D39 --- Type 0000:31 (SecureChannel:CASE_Sigma2) (B:751)[0m
[0;34m[1784655203.367] [7396:7398] [EM] Found matching exchange: 9680i, Delegate: 0x7d022000b8e8[0m
[0;34m[1784655203.367] [7396:7398] [EM] Rxd Ack; Removing MessageCounter:129229554 from Retrans Table on exchange 9680i[0m
[0;32m[1784655203.367] [7396:7398] [SC] Received Sigma2 msg[0m
[0;34m[1784655203.367] [7396:7398] [SC] Found MRP parameters in the message[0m
[0;34m[1784655203.368] [7396:7398] [SC] Peer <0000000000000001, 1> assigned session ID 13160[0m
[0;34m[1784655203.368] [7396:7398] [SC] Sending Sigma3[0m
[0;32m[1784655203.368] [7396:7398] [EM] <<< [E:9680i S:0 M:129229555 (Ack:25747451)] (U) Msg TX from 064C19A3B99E8D39 to 0:0000000000000000 [0000] [UDP:[fe80::bfe:a203:38f0:bce7%enp0s3]:5540] --- Type 0000:32 (SecureChannel:CASE_Sigma3) (B:598)[0m
[0;32m[1784655203.368] [7396:7398] [EM] ??1 [E:9680i S:0 M:129229555] (U) Msg Retransmission to 0:0000000000000000 scheduled for 409ms from now [State:Active II:500 AI:300 AT:4000][0m
[0;32m[1784655203.368] [7396:7398] [SC] Sent Sigma3 msg[0m
[0;32m[1784655203.375] [7396:7398] [EM] >>> [E:9680i S:0 M:25747452 (Ack:129229555)] (U) Msg RX from 0:0000000000000000 [0000] to 064C19A3B99E8D39 --- Type 0000:40 (SecureChannel:StatusReport) (B:34)[0m
[0;34m[1784655203.375] [7396:7398] [EM] Found matching exchange: 9680i, Delegate: 0x7d022000b8e8[0m
[0;34m[1784655203.375] [7396:7398] [EM] Rxd Ack; Removing MessageCounter:129229555 from Retrans Table on exchange 9680i[0m
[0;32m[1784655203.375] [7396:7398] [SC] Success status report received. Session was established[0m
[0;32m[1784655203.377] [7396:7398] [SC] SecureSession[0x7d0220009cd0, LSID:64516]: State change 'kEstablishing' --> 'kActive'[0m
[0;34m[1784655203.377] [7396:7398] [IN] SecureSession[0x7d0220009cd0]: Activated - Type:2 LSID:64516[0m
[0;34m[1784655203.377] [7396:7398] [IN] New secure session activated for device <0000000000000001, 1>, LSID:64516 PSID:13160![0m
[0;34m[1784655203.377] [7396:7398] [DIS] OperationalSessionSetup[1:0000000000000001]: State change 4 --> 5[0m
[0;32m[1784655203.377] [7396:7398] [TOO] Sending cluster (0x0000003E) command (0x00000004) on endpoint 0[0m
[0;34m[1784655203.377] [7396:7398] [DMG] ICR moving to [AddingComm][0m
[0;34m[1784655203.377] [7396:7398] [DMG] ICR moving to [AddedComma][0m
[0;32m[1784655203.377] [7396:7398] [EM] <<< [E:9681i S:64516 M:98580080] (S) Msg TX from 000000000001B669 to 1:0000000000000001 [4A4C] [UDP:[fe80::bfe:a203:38f0:bce7%enp0s3]:5540] --- Type 0001:08 (IM:InvokeCommandRequest) (B:96)[0m
[0;32m[1784655203.378] [7396:7398] [EM] ??1 [E:9681i S:64516 M:98580080] (S) Msg Retransmission to 1:0000000000000001 scheduled for 409ms from now [State:Active II:500 AI:300 AT:4000][0m
[0;34m[1784655203.378] [7396:7398] [DMG] ICR moving to [AwaitingRe][0m
[0;32m[1784655203.378] [7396:7398] [EM] <<< [E:9680i S:0 M:129229556 (Ack:25747452)] (U) Msg TX from 064C19A3B99E8D39 to 0:0000000000000000 [0000] [UDP:[fe80::bfe:a203:38f0:bce7%enp0s3]:5540] --- Type 0000:10 (SecureChannel:StandaloneAck) (B:26)[0m
[0;34m[1784655203.378] [7396:7398] [EM] Flushed pending ack for MessageCounter:25747452 on exchange 9680i[0m
[0;32m[1784655203.378] [7396:7398] [EM] >>> [E:9681i S:64516 M:224117084 (Ack:98580080)] (S) Msg RX from 1:0000000000000001 [4A4C] to 000000000001B669 --- Type 0001:09 (IM:InvokeCommandResponse) (B:376)[0m
[0;34m[1784655203.378] [7396:7398] [EM] Found matching exchange: 9681i, Delegate: 0x7d022000eef8[0m
[0;34m[1784655203.378] [7396:7398] [EM] Rxd Ack; Removing MessageCounter:98580080 from Retrans Table on exchange 9681i[0m
[0;34m[1784655203.378] [7396:7398] [DMG] ICR moving to [ResponseRe][0m
[0;34m[1784655203.378] [7396:7398] [DMG] InvokeResponseMessage =[0m
[0;34m[1784655203.378] [7396:7398] [DMG] {[0m
[0;34m[1784655203.378] [7396:7398] [DMG] 	suppressResponse = false, [0m
[0;34m[1784655203.378] [7396:7398] [DMG] 	InvokeResponseIBs =[0m
[0;34m[1784655203.378] [7396:7398] [DMG] 	[[0m
[0;34m[1784655203.378] [7396:7398] [DMG] 		InvokeResponseIB =[0m
[0;34m[1784655203.378] [7396:7398] [DMG] 		{[0m
[0;34m[1784655203.378] [7396:7398] [DMG] 			CommandDataIB =[0m
[0;34m[1784655203.378] [7396:7398] [DMG] 			{[0m
[0;34m[1784655203.378] [7396:7398] [DMG] 				CommandPathIB =[0m
[0;34m[1784655203.378] [7396:7398] [DMG] 				{[0m
[0;34m[1784655203.378] [7396:7398] [DMG] 					EndpointId = 0x0,[0m
[0;34m[1784655203.378] [7396:7398] [DMG] 					ClusterId = 0x3e,[0m
[0;34m[1784655203.378] [7396:7398] [DMG] 					CommandId = 0x5,[0m
[0;34m[1784655203.378] [7396:7398] [DMG] 				},[0m
[0;34m[1784655203.378] [7396:7398] [DMG] 				[0m
[0;34m[1784655203.378] [7396:7398] [DMG] 				CommandFields = [0m
[0;34m[1784655203.378] [7396:7398] [DMG] 				{[0m
[0;34m[1784655203.378] [7396:7398] [DMG] 					0x0 = [[0m
[0;34m[1784655203.378] [7396:7398] [DMG] 							0x15, 0x30, 0x01, 0xca, 0x30, 0x81, 0xc7, 0x30, 0x70, 0x02, 0x01, 0x00, 0x30, 0x0e, 0x31, 0x0c, 0x30, 0x0a, 0x06, 0x03, 0x55, 0x04, 0x0a, 0x0c, 0x03, 0x43, 0x53, 0x52, 0x30, 0x59, 0x30, 0x13, 0x06, 0x07, 0x2a, 0x86, 0x48, 0xce, 0x3d, 0x02, 0x01, 0x06, 0x08, 0x2a, 0x86, 0x48, 0xce, 0x3d, 0x03, 0x01, 0x07, 0x03, 0x42, 0x00, 0x04, 0xdf, 0x3a, 0x15, 0xf3, 0xc9, 0x12, 0x2b, 0xc1, 0xbe, 0xd3, 0xa5, 0xf6, 0x34, 0xc1, 0xcc, 0x91, 0xbf, 0x88, 0xea, 0xbc, 0x2e, 0x36, 0x58, 0x82, 0x0e, 0xa6, 0x9b, 0xb9, 0x5a, 0x70, 0xf8, 0xc3, 0xf3, 0x3b, 0x75, 0xac, 0x06, 0xe9, 0xc2, 0x1a, 0x42, 0x91, 0xf3, 0x5a, 0x73, 0xf4, 0xcd, 0xde, 0xf4, 0x54, 0x83, 0x07, 0xc7, 0x94, 0xe8, 0xe1, 0x38, 0xc8, 0x3e, 0xac, 0xaf, 0xde, 0x2e, 0x14, 0xa0, 0x00, 0x30, 0x0a, 0x06, 0x08, 0x2a, 0x86, 0x48, 0xce, 0x3d, 0x04, 0x03, 0x02, 0x03, 0x47, 0x00, 0x30, 0x44, 0x02, 0x20, 0x41, 0xb8, 0x12, 0xa2, 0x27, 0xf1, 0x70, 0x67, 0xa8, 0xf8, 0xbc, 0xe9, 0xc2, 0x4d, 0x87, 0x4c, 0x4c, 0x0d, 0x37, 0xd2, 0xef, 0xbf, 0x6b, 0x60, 0x1e, 0xeb, 0x6d, 0x23, 0x1b, 0x06, 0x69, 0x33, 0x02, 0x20, 0x64, 0xac, 0x9b, 0x47, 0x93, 0x65, 0xb5, 0xdc, 0x97, 0x30, 0x22, 0x2b, 0xac, 0x7e, 0xbb, 0x8c, 0x93, 0x84, 0x3d, 0xe6, 0xce, 0xc8, 0xd5, 0x1d, 0x1e, 0x72, 0xb4, 0xcf, 0x87, 0xd8, 0x29, 0x7d, 0x30, 0x02, 0x20, 0x9e, 0xbb, 0xbf, 0xde, 0xee, 0x1a, 0xd3, 0x71, 0x92, 0x47, 0x53, 0x14, 0x9c, 0x48, 0x2d, 0xd6, 0x8c, 0x3d, 0xff, 0x7d, 0xe8, 0xa9, 0x35, 0xb4, 0x3c, 0x34, 0xf0, 0xf0, 0x78, 0xc2, 0x35, 0x03, 0x18, [0m
[0;34m[1784655203.378] [7396:7398] [DMG] 					] (242 bytes)[0m
[0;34m[1784655203.378] [7396:7398] [DMG] 					0x1 = [[0m
[0;34m[1784655203.378] [7396:7398] [DMG] 							0x4e, 0xf3, 0xda, 0x9d, 0xd5, 0x43, 0xf4, 0xdb, 0x95, 0x69, 0xb6, 0xd5, 0xc1, 0x5c, 0x42, 0xa8, 0x33, 0xf0, 0xd4, 0xaa, 0xcc, 0x50, 0xa6, 0x87, 0x5d, 0x0a, 0x02, 0xe9, 0x89, 0x6c, 0x9b, 0x9c, 0x8d, 0x5b, 0xe9, 0x90, 0x63, 0xf4, 0x49, 0x95, 0x62, 0x4c, 0xa5, 0x2b, 0xb4, 0xf4, 0x13, 0xfe, 0x1c, 0x3e, 0x55, 0x49, 0x30, 0xb4, 0x71, 0x1c, 0x2a, 0x3d, 0x13, 0x0c, 0x5d, 0xec, 0x93, 0xad, [0m
[0;34m[1784655203.378] [7396:7398] [DMG] 					] (64 bytes)[0m
[0;34m[1784655203.378] [7396:7398] [DMG] 				},[0m
[0;34m[1784655203.378] [7396:7398] [DMG] 			},[0m
[0;34m[1784655203.378] [7396:7398] [DMG] 			[0m
[0;34m[1784655203.378] [7396:7398] [DMG] 		},[0m
[0;34m[1784655203.378] [7396:7398] [DMG] 		[0m
[0;34m[1784655203.378] [7396:7398] [DMG] 	],[0m
[0;34m[1784655203.378] [7396:7398] [DMG] 	[0m
[0;34m[1784655203.378] [7396:7398] [DMG] 	InteractionModelRevision = 12[0m
[0;34m[1784655203.378] [7396:7398] [DMG] },[0m
[0;32m[1784655203.378] [7396:7398] [DMG] Received Command Response Data, Endpoint=0 Cluster=0x0000_003E Command=0x0000_0005[0m
[0;32m[1784655203.378] [7396:7398] [TOO] Endpoint: 0 Cluster: 0x0000_003E Command 0x0000_0005[0m
[0;32m[1784655203.378] [7396:7398] [TOO]   CSRResponse: {[0m
[0;32m[1784655203.378] [7396:7398] [TOO]     NOCSRElements: 153001CA3081C73070020100300E310C300A060355040A0C034353523059301306072A8648CE3D020106082A8648CE3D03010703420004DF3A15F3C9122BC1BED3A5F634C1CC91BF88EABC2E3658820EA69BB95A70F8C3F33B75AC06E9C21A4291F35A73F4CDDEF4548307C794E8E138C83EACAFDE2E14A000300A06082A8648CE3D0403020347003044022041B812A227F17067A8F8BCE9C24D874C4C0D37D2EFBF6B601EEB6D231B066933022064AC9B479365B5DC9730222BAC7EBB8C93843DE6CEC8D51D1E72B4CF87D8297D3002209EBBBFDEEE1AD371924753149C482DD68C3DFF7DE8A935B43C34F0F078C2350318[0m
[0;32m[1784655203.378] [7396:7398] [TOO]     attestationSignature: 4EF3DA9DD543F4DB9569B6D5C15C42A833F0D4AACC50A6875D0A02E9896C9B9C8D5BE99063F44995624CA52BB4F413FE1C3E554930B4711C2A3D130C5DEC93AD[0m
[0;32m[1784655203.378] [7396:7398] [TOO]    }[0m
[0;34m[1784655203.378] [7396:7398] [DMG] ICR moving to [AwaitingDe][0m
[0;32m[1784655203.378] [7396:7398] [EM] <<< [E:9681i S:64516 M:98580081 (Ack:224117084)] (S) Msg TX from 000000000001B669 to 1:0000000000000001 [4A4C] [UDP:[fe80::bfe:a203:38f0:bce7%enp0s3]:5540] --- Type 0000:10 (SecureChannel:StandaloneAck) (B:34)[0m
[0;34m[1784655203.378] [7396:7398] [EM] Flushed pending ack for MessageCounter:224117084 on exchange 9681i[0m
[0;34m[1784655203.379] [7396:7396] [CTL] Shutting down the commissioner[0m
[0;32m[1784655203.379] [7396:7396] [PAF] WiFiPAF: Closing all WiFiPAF sessions to shutdown[0m
[0;34m[1784655203.379] [7396:7396] [CTL] Shutting down the controller[0m
[0;34m[1784655203.379] [7396:7396] [IN] Expiring all sessions for fabric 0x1!![0m
[0;34m[1784655203.379] [7396:7396] [IN] SecureSession[0x7d0220009cd0]: MarkForEviction Type:2 LSID:64516[0m
[0;32m[1784655203.379] [7396:7396] [SC] SecureSession[0x7d0220009cd0, LSID:64516]: State change 'kActive' --> 'kPendingEviction'[0m
[0;34m[1784655203.379] [7396:7396] [IN] SecureSession[0x7d0220009cd0]: Released - Type:2 LSID:64516[0m
[0;32m[1784655203.379] [7396:7396] [FP] Forgetting fabric 0x1[0m
[0;32m[1784655203.379] [7396:7396] [TS] Pending Last Known Good Time: 2023-10-14T01:16:48[0m
[0;32m[1784655203.379] [7396:7396] [TS] Previous Last Known Good Time: 2023-10-14T01:16:48[0m
[0;32m[1784655203.379] [7396:7396] [TS] Reverted Last Known Good Time to previous value[0m
[0;34m[1784655203.379] [7396:7396] [CTL] Shutting down the commissioner[0m
[0;32m[1784655203.379] [7396:7396] [PAF] WiFiPAF: Closing all WiFiPAF sessions to shutdown[0m
[0;34m[1784655203.379] [7396:7396] [CTL] Shutting down the controller[0m
[0;34m[1784655203.379] [7396:7396] [CTL] Shutting down the System State, this will teardown the CHIP Stack[0m
[0;34m[1784655203.379] [7396:7396] [DMG] All ReadHandler-s are clean, clear GlobalDirtySet[0m
[0;32m[1784655203.379] [7396:7396] [FP] Shutting down FabricTable[0m
[0;32m[1784655203.379] [7396:7396] [TS] Pending Last Known Good Time: 2023-10-14T01:16:48[0m
[0;32m[1784655203.379] [7396:7396] [TS] Previous Last Known Good Time: 2023-10-14T01:16:48[0m
[0;32m[1784655203.379] [7396:7396] [TS] Reverted Last Known Good Time to previous value[0m
[0;34m[1784655203.381] [7396:7396] [DL] Wrote settings to /tmp/chip_counters.ini[0m
[0;32m[1784655203.381] [7396:7396] [DL] NVS set: chip-counters/total-operational-hours = 0 (0x0)[0m
[0;32m[1784655203.381] [7396:7396] [DL] Inet Layer shutdown[0m
[0;32m[1784655203.381] [7396:7396] [DL] BLE Layer shutdown[0m
[0;32m[1784655203.381] [7396:7396] [DL] WiFi-PAF Layer shutdown[0m
[0;32m[1784655203.381] [7396:7396] [PAF] WiFiPAF: Closing all WiFiPAF sessions to shutdown[0m
[0;32m[1784655203.381] [7396:7396] [DL] System Layer shutdown[0m
