[0;34m[1784655203.787] [7409:7409] [DL] ChipLinuxStorage::Init: Using KVS config file: /tmp/chip_tool_kvs[0m
[1;31m[1784655203.789] [7409:7409] [DL] ChipLinuxStorage::Init: Attempt to re-initialize with KVS config file: /tmp/chip_kvs, IGNORING.[0m
[0;34m[1784655203.790] [7409:7409] [DL] ChipLinuxStorage::Init: Using KVS config file: /tmp/chip_factory.ini[0m
[0;34m[1784655203.790] [7409:7409] [DL] ChipLinuxStorage::Init: Using KVS config file: /tmp/chip_config.ini[0m
[0;34m[1784655203.790] [7409:7409] [DL] ChipLinuxStorage::Init: Using KVS config file: /tmp/chip_counters.ini[0m
[0;34m[1784655203.793] [7409:7409] [DL] Wrote settings to /tmp/chip_counters.ini[0m
[0;32m[1784655203.793] [7409:7409] [DL] NVS set: chip-counters/reboot-count = 6 (0x6)[0m
[0;32m[1784655203.793] [7409:7409] [DL] Got Ethernet interface: enp0s3[0m
[0;32m[1784655203.793] [7409:7409] [DL] Found the primary Ethernet interface:enp0s3[0m
[1;31m[1784655203.794] [7409:7409] [DL] Failed to get WiFi interface[0m
[1;31m[1784655203.794] [7409:7409] [DL] Failed to reset WiFi statistic counts[0m
[0;32m[1784655203.794] [7409:7409] [PAF] WiFiPAF: WiFiPAFLayer::Init()[0m
[0;34m[1784655203.794] [7409:7409] [IN] UDP::Init bind&listen port=0[0m
[0;34m[1784655203.794] [7409:7409] [IN] UDP::Init bound to port=41260[0m
[0;34m[1784655203.794] [7409:7409] [IN] UDP::Init bind&listen port=0[0m
[0;34m[1784655203.794] [7409:7409] [IN] UDP::Init bound to port=44894[0m
[0;34m[1784655203.794] [7409:7409] [IN] BLEBase::Init - setting/overriding transport[0m
[0;34m[1784655203.794] [7409:7409] [IN] WiFiPAFBase::Init - setting/overriding transport[0m
[0;34m[1784655203.794] [7409:7409] [IN] TransportMgr initialized[0m
[0;34m[1784655203.794] [7409:7409] [FP] Initializing FabricTable from persistent storage[0m
[0;32m[1784655203.794] [7409:7409] [TS] Last Known Good Time: 2023-10-14T01:16:48[0m
[0;32m[1784655203.794] [7409:7409] [FP] Fabric index 0x1 was retrieved from storage. Compressed FabricId 0x98FE79CF2C5B4A4C, FabricId 0x0000000000000001, NodeId 0x000000000001B669, VendorId 0xFFF1[0m
[0;32m[1784655203.795] [7409:7409] [DMG] Ember attribute persistence requires setting up[0m
[0;32m[1784655203.795] [7409:7409] [ZCL] Using ZAP configuration...[0m
[0;34m[1784655203.795] [7409:7409] [CTL] System State Initialized...[0m
[0;32m[1784655203.795] [7409:7409] [CTL] Setting attestation nonce to random value[0m
[0;32m[1784655203.795] [7409:7409] [CTL] Setting CSR nonce to random value[0m
[0;34m[1784655203.795] [7409:7411] [DL] CHIP task running[0m
[0;32m[1784655203.795] [7409:7411] [CTL] Setting attestation nonce to random value[0m
[0;32m[1784655203.795] [7409:7411] [CTL] Setting CSR nonce to random value[0m
[0;32m[1784655203.795] [7409:7411] [CTL] Generating NOC[0m
[0;32m[1784655203.796] [7409:7411] [FP] Validating NOC chain[0m
[0;32m[1784655203.796] [7409:7411] [FP] NOC chain validation successful[0m
[0;32m[1784655203.796] [7409:7411] [FP] Updated fabric at index: 0x1, Node ID: 0x000000000001B669[0m
[0;32m[1784655203.796] [7409:7411] [TS] Last Known Good Time: 2023-10-14T01:16:48[0m
[0;32m[1784655203.796] [7409:7411] [TS] New proposed Last Known Good Time: 2021-01-01T00:00:00[0m
[0;32m[1784655203.796] [7409:7411] [TS] Retaining current Last Known Good Time[0m
[0;32m[1784655203.799] [7409:7411] [FP] Metadata for Fabric 0x1 persisted to storage.[0m
[0;32m[1784655203.800] [7409:7411] [TS] Committing Last Known Good Time to storage: 2023-10-14T01:16:48[0m
[0;32m[1784655203.801] [7409:7411] [CTL] Joined the fabric at index 1. Fabric ID is 0x0000000000000001 (Compressed Fabric ID: 98FE79CF2C5B4A4C)[0m
[0;32m[1784655203.807] [7409:7411] [TOO] Sending command to node 0x1[0m
[0;34m[1784655203.807] [7409:7411] [CSM] FindOrEstablishSession: PeerId = [1:0000000000000001][0m
[0;34m[1784655203.807] [7409:7411] [CSM] FindOrEstablishSession: No existing OperationalSessionSetup instance found[0m
[0;34m[1784655203.807] [7409:7411] [DIS] OperationalSessionSetup[1:0000000000000001]: State change 1 --> 2[0m
[0;32m[1784655203.807] [7409:7411] [DIS] Lookup started for 98FE79CF2C5B4A4C-0000000000000001[0m
[0;32m[1784655203.807] [7409:7411] [DIS] UDP:[fe80::bfe:a203:38f0:bce7%enp0s3]:5540: new best score: 7 (for 98FE79CF2C5B4A4C-0000000000000001)[0m
[0;34m[1784655203.807] [7409:7411] [DIS] Lookup clearing interface for non LL address[0m
[0;32m[1784655203.807] [7409:7411] [DIS] UDP:10.0.2.15%enp0s3:5540: new best score: 2 (for 98FE79CF2C5B4A4C-0000000000000001)[0m
[0;32m[1784655203.807] [7409:7411] [DIS] Checking node lookup status for 98FE79CF2C5B4A4C-0000000000000001 after 1 ms[0m
[0;32m[1784655203.807] [7409:7411] [DIS] Keeping DNSSD lookup active[0m
[0;32m[1784655203.807] [7409:7411] [DIS] UDP:[fe80::bfe:a203:38f0:bce7%enp0s3]:5540: score has not improved: 7 (for 98FE79CF2C5B4A4C-0000000000000001)[0m
[0;34m[1784655203.807] [7409:7411] [DIS] Lookup clearing interface for non LL address[0m
[0;32m[1784655203.807] [7409:7411] [DIS] UDP:10.0.2.15%enp0s3:5540: score has not improved: 2 (for 98FE79CF2C5B4A4C-0000000000000001)[0m
[0;32m[1784655203.807] [7409:7411] [DIS] Checking node lookup status for 98FE79CF2C5B4A4C-0000000000000001 after 1 ms[0m
[0;32m[1784655203.807] [7409:7411] [DIS] Keeping DNSSD lookup active[0m
[0;32m[1784655204.008] [7409:7411] [DIS] Checking node lookup status for 98FE79CF2C5B4A4C-0000000000000001 after 202 ms[0m
[0;34m[1784655204.009] [7409:7411] [DIS] OperationalSessionSetup[1:0000000000000001]: Updating device address to UDP:[fe80::bfe:a203:38f0:bce7%enp0s3]:5540 while in state 2[0m
[0;34m[1784655204.009] [7409:7411] [DIS] OperationalSessionSetup[1:0000000000000001]: State change 2 --> 3[0m
[0;34m[1784655204.009] [7409:7411] [IN] SecureSession[0x775bac009cd0]: Allocated Type:2 LSID:53471[0m
[0;32m[1784655204.009] [7409:7411] [SC] Initiating session on local FabricIndex 1 from 0x000000000001B669 -> 0x0000000000000001[0m
[0;32m[1784655204.010] [7409:7411] [EM] <<< [E:56391i S:0 M:163489930] (U) Msg TX from FC0B4BD19839ACAC to 0:0000000000000000 [0000] [UDP:[fe80::bfe:a203:38f0:bce7%enp0s3]:5540] --- Type 0000:30 (SecureChannel:CASE_Sigma1) (B:196)[0m
[0;32m[1784655204.010] [7409:7411] [EM] ??1 [E:56391i S:0 M:163489930] (U) Msg Retransmission to 0:0000000000000000 scheduled for 566ms from now [State:Idle II:500 AI:300 AT:4000][0m
[0;32m[1784655204.010] [7409:7411] [SC] Sent Sigma1 msg to <0000000000000001, 1> [II:500ms AI:300ms AT:4000ms][0m
[0;34m[1784655204.010] [7409:7411] [DIS] OperationalSessionSetup[1:0000000000000001]: State change 3 --> 4[0m
[0;32m[1784655204.014] [7409:7411] [EM] >>> [E:56391i S:0 M:25747455 (Ack:163489930)] (U) Msg RX from 0:0000000000000000 [0000] to FC0B4BD19839ACAC --- Type 0000:31 (SecureChannel:CASE_Sigma2) (B:751)[0m
[0;34m[1784655204.014] [7409:7411] [EM] Found matching exchange: 56391i, Delegate: 0x775bac00b8e8[0m
[0;34m[1784655204.014] [7409:7411] [EM] Rxd Ack; Removing MessageCounter:163489930 from Retrans Table on exchange 56391i[0m
[0;32m[1784655204.014] [7409:7411] [SC] Received Sigma2 msg[0m
[0;34m[1784655204.014] [7409:7411] [SC] Found MRP parameters in the message[0m
[0;34m[1784655204.016] [7409:7411] [SC] Peer <0000000000000001, 1> assigned session ID 13162[0m
[0;34m[1784655204.016] [7409:7411] [SC] Sending Sigma3[0m
[0;32m[1784655204.016] [7409:7411] [EM] <<< [E:56391i S:0 M:163489931 (Ack:25747455)] (U) Msg TX from FC0B4BD19839ACAC to 0:0000000000000000 [0000] [UDP:[fe80::bfe:a203:38f0:bce7%enp0s3]:5540] --- Type 0000:32 (SecureChannel:CASE_Sigma3) (B:598)[0m
[0;32m[1784655204.017] [7409:7411] [EM] ??1 [E:56391i S:0 M:163489931] (U) Msg Retransmission to 0:0000000000000000 scheduled for 348ms from now [State:Active II:500 AI:300 AT:4000][0m
[0;32m[1784655204.017] [7409:7411] [SC] Sent Sigma3 msg[0m
[0;32m[1784655204.025] [7409:7411] [EM] >>> [E:56391i S:0 M:25747456 (Ack:163489931)] (U) Msg RX from 0:0000000000000000 [0000] to FC0B4BD19839ACAC --- Type 0000:40 (SecureChannel:StatusReport) (B:34)[0m
[0;34m[1784655204.025] [7409:7411] [EM] Found matching exchange: 56391i, Delegate: 0x775bac00b8e8[0m
[0;34m[1784655204.025] [7409:7411] [EM] Rxd Ack; Removing MessageCounter:163489931 from Retrans Table on exchange 56391i[0m
[0;32m[1784655204.025] [7409:7411] [SC] Success status report received. Session was established[0m
[0;32m[1784655204.026] [7409:7411] [SC] SecureSession[0x775bac009cd0, LSID:53471]: State change 'kEstablishing' --> 'kActive'[0m
[0;34m[1784655204.026] [7409:7411] [IN] SecureSession[0x775bac009cd0]: Activated - Type:2 LSID:53471[0m
[0;34m[1784655204.026] [7409:7411] [IN] New secure session activated for device <0000000000000001, 1>, LSID:53471 PSID:13162![0m
[0;34m[1784655204.026] [7409:7411] [DIS] OperationalSessionSetup[1:0000000000000001]: State change 4 --> 5[0m
[0;32m[1784655204.026] [7409:7411] [TOO] Sending cluster (0x0000003E) command (0x00000007) on endpoint 0[0m
[0;34m[1784655204.026] [7409:7411] [DMG] ICR moving to [AddingComm][0m
[0;34m[1784655204.026] [7409:7411] [DMG] ICR moving to [AddedComma][0m
[0;32m[1784655204.026] [7409:7411] [EM] <<< [E:56392i S:53471 M:228002255] (S) Msg TX from 000000000001B669 to 1:0000000000000001 [4A4C] [UDP:[fe80::bfe:a203:38f0:bce7%enp0s3]:5540] --- Type 0001:08 (IM:InvokeCommandRequest) (B:330)[0m
[0;32m[1784655204.027] [7409:7411] [EM] ??1 [E:56392i S:53471 M:228002255] (S) Msg Retransmission to 1:0000000000000001 scheduled for 355ms from now [State:Active II:500 AI:300 AT:4000][0m
[0;34m[1784655204.027] [7409:7411] [DMG] ICR moving to [AwaitingRe][0m
[0;32m[1784655204.027] [7409:7411] [EM] <<< [E:56391i S:0 M:163489932 (Ack:25747456)] (U) Msg TX from FC0B4BD19839ACAC to 0:0000000000000000 [0000] [UDP:[fe80::bfe:a203:38f0:bce7%enp0s3]:5540] --- Type 0000:10 (SecureChannel:StandaloneAck) (B:26)[0m
[0;34m[1784655204.027] [7409:7411] [EM] Flushed pending ack for MessageCounter:25747456 on exchange 56391i[0m
[0;32m[1784655204.035] [7409:7411] [EM] >>> [E:56392i S:53471 M:13923305 (Ack:228002255)] (S) Msg RX from 1:0000000000000001 [4A4C] to 000000000001B669 --- Type 0001:09 (IM:InvokeCommandResponse) (B:70)[0m
[0;34m[1784655204.035] [7409:7411] [EM] Found matching exchange: 56392i, Delegate: 0x775bac00eef8[0m
[0;34m[1784655204.035] [7409:7411] [EM] Rxd Ack; Removing MessageCounter:228002255 from Retrans Table on exchange 56392i[0m
[0;34m[1784655204.035] [7409:7411] [DMG] ICR moving to [ResponseRe][0m
[0;34m[1784655204.035] [7409:7411] [DMG] InvokeResponseMessage =[0m
[0;34m[1784655204.035] [7409:7411] [DMG] {[0m
[0;34m[1784655204.035] [7409:7411] [DMG] 	suppressResponse = false, [0m
[0;34m[1784655204.035] [7409:7411] [DMG] 	InvokeResponseIBs =[0m
[0;34m[1784655204.035] [7409:7411] [DMG] 	[[0m
[0;34m[1784655204.035] [7409:7411] [DMG] 		InvokeResponseIB =[0m
[0;34m[1784655204.035] [7409:7411] [DMG] 		{[0m
[0;34m[1784655204.035] [7409:7411] [DMG] 			CommandDataIB =[0m
[0;34m[1784655204.035] [7409:7411] [DMG] 			{[0m
[0;34m[1784655204.035] [7409:7411] [DMG] 				CommandPathIB =[0m
[0;34m[1784655204.035] [7409:7411] [DMG] 				{[0m
[0;34m[1784655204.035] [7409:7411] [DMG] 					EndpointId = 0x0,[0m
[0;34m[1784655204.035] [7409:7411] [DMG] 					ClusterId = 0x3e,[0m
[0;34m[1784655204.035] [7409:7411] [DMG] 					CommandId = 0x8,[0m
[0;34m[1784655204.035] [7409:7411] [DMG] 				},[0m
[0;34m[1784655204.035] [7409:7411] [DMG] 				[0m
[0;34m[1784655204.035] [7409:7411] [DMG] 				CommandFields = [0m
[0;34m[1784655204.035] [7409:7411] [DMG] 				{[0m
[0;34m[1784655204.035] [7409:7411] [DMG] 					0x0 = 0 (unsigned), [0m
[0;34m[1784655204.035] [7409:7411] [DMG] 					0x1 = 1 (unsigned), [0m
[0;34m[1784655204.035] [7409:7411] [DMG] 				},[0m
[0;34m[1784655204.035] [7409:7411] [DMG] 			},[0m
[0;34m[1784655204.035] [7409:7411] [DMG] 			[0m
[0;34m[1784655204.035] [7409:7411] [DMG] 		},[0m
[0;34m[1784655204.035] [7409:7411] [DMG] 		[0m
[0;34m[1784655204.035] [7409:7411] [DMG] 	],[0m
[0;34m[1784655204.035] [7409:7411] [DMG] 	[0m
[0;34m[1784655204.035] [7409:7411] [DMG] 	InteractionModelRevision = 12[0m
[0;34m[1784655204.035] [7409:7411] [DMG] },[0m
[0;32m[1784655204.035] [7409:7411] [DMG] Received Command Response Data, Endpoint=0 Cluster=0x0000_003E Command=0x0000_0008[0m
[0;32m[1784655204.035] [7409:7411] [TOO] Endpoint: 0 Cluster: 0x0000_003E Command 0x0000_0008[0m
[0;32m[1784655204.035] [7409:7411] [TOO]   NOCResponse: {[0m
[0;32m[1784655204.035] [7409:7411] [TOO]     statusCode: 0[0m
[0;32m[1784655204.035] [7409:7411] [TOO]     fabricIndex: 1[0m
[0;32m[1784655204.035] [7409:7411] [TOO]    }[0m
[0;34m[1784655204.035] [7409:7411] [DMG] ICR moving to [AwaitingDe][0m
[0;32m[1784655204.035] [7409:7411] [EM] <<< [E:56392i S:53471 M:228002256 (Ack:13923305)] (S) Msg TX from 000000000001B669 to 1:0000000000000001 [4A4C] [UDP:[fe80::bfe:a203:38f0:bce7%enp0s3]:5540] --- Type 0000:10 (SecureChannel:StandaloneAck) (B:34)[0m
[0;34m[1784655204.035] [7409:7411] [EM] Flushed pending ack for MessageCounter:13923305 on exchange 56392i[0m
[0;34m[1784655204.035] [7409:7409] [CTL] Shutting down the commissioner[0m
[0;32m[1784655204.035] [7409:7409] [PAF] WiFiPAF: Closing all WiFiPAF sessions to shutdown[0m
[0;34m[1784655204.035] [7409:7409] [CTL] Shutting down the controller[0m
[0;34m[1784655204.035] [7409:7409] [IN] Expiring all sessions for fabric 0x1!![0m
[0;34m[1784655204.035] [7409:7409] [IN] SecureSession[0x775bac009cd0]: MarkForEviction Type:2 LSID:53471[0m
[0;32m[1784655204.035] [7409:7409] [SC] SecureSession[0x775bac009cd0, LSID:53471]: State change 'kActive' --> 'kPendingEviction'[0m
[0;34m[1784655204.035] [7409:7409] [IN] SecureSession[0x775bac009cd0]: Released - Type:2 LSID:53471[0m
[0;32m[1784655204.035] [7409:7409] [FP] Forgetting fabric 0x1[0m
[0;32m[1784655204.035] [7409:7409] [TS] Pending Last Known Good Time: 2023-10-14T01:16:48[0m
[0;32m[1784655204.035] [7409:7409] [TS] Previous Last Known Good Time: 2023-10-14T01:16:48[0m
[0;32m[1784655204.035] [7409:7409] [TS] Reverted Last Known Good Time to previous value[0m
[0;34m[1784655204.035] [7409:7409] [CTL] Shutting down the commissioner[0m
[0;32m[1784655204.035] [7409:7409] [PAF] WiFiPAF: Closing all WiFiPAF sessions to shutdown[0m
[0;34m[1784655204.035] [7409:7409] [CTL] Shutting down the controller[0m
[0;34m[1784655204.035] [7409:7409] [CTL] Shutting down the System State, this will teardown the CHIP Stack[0m
[0;34m[1784655204.035] [7409:7409] [DMG] All ReadHandler-s are clean, clear GlobalDirtySet[0m
[0;32m[1784655204.036] [7409:7409] [FP] Shutting down FabricTable[0m
[0;32m[1784655204.036] [7409:7409] [TS] Pending Last Known Good Time: 2023-10-14T01:16:48[0m
[0;32m[1784655204.036] [7409:7409] [TS] Previous Last Known Good Time: 2023-10-14T01:16:48[0m
[0;32m[1784655204.036] [7409:7409] [TS] Reverted Last Known Good Time to previous value[0m
[0;34m[1784655204.038] [7409:7409] [DL] Wrote settings to /tmp/chip_counters.ini[0m
[0;32m[1784655204.038] [7409:7409] [DL] NVS set: chip-counters/total-operational-hours = 0 (0x0)[0m
[0;32m[1784655204.038] [7409:7409] [DL] Inet Layer shutdown[0m
[0;32m[1784655204.038] [7409:7409] [DL] BLE Layer shutdown[0m
[0;32m[1784655204.038] [7409:7409] [DL] WiFi-PAF Layer shutdown[0m
[0;32m[1784655204.038] [7409:7409] [PAF] WiFiPAF: Closing all WiFiPAF sessions to shutdown[0m
[0;32m[1784655204.038] [7409:7409] [DL] System Layer shutdown[0m
