[0;34m[1784834410.729] [14722:14722] [DL] ChipLinuxStorage::Init: Using KVS config file: /tmp/chip_tool_kvs[0m
[1;31m[1784834410.730] [14722:14722] [DL] ChipLinuxStorage::Init: Attempt to re-initialize with KVS config file: /tmp/chip_kvs, IGNORING.[0m
[0;34m[1784834410.732] [14722:14722] [DL] ChipLinuxStorage::Init: Using KVS config file: /tmp/chip_factory.ini[0m
[0;34m[1784834410.732] [14722:14722] [DL] ChipLinuxStorage::Init: Using KVS config file: /tmp/chip_config.ini[0m
[0;34m[1784834410.732] [14722:14722] [DL] ChipLinuxStorage::Init: Using KVS config file: /tmp/chip_counters.ini[0m
[0;34m[1784834410.736] [14722:14722] [DL] Wrote settings to /tmp/chip_counters.ini[0m
[0;32m[1784834410.736] [14722:14722] [DL] NVS set: chip-counters/reboot-count = 3 (0x3)[0m
[0;32m[1784834410.736] [14722:14722] [DL] Got Ethernet interface: enp0s3[0m
[0;32m[1784834410.736] [14722:14722] [DL] Found the primary Ethernet interface:enp0s3[0m
[1;31m[1784834410.737] [14722:14722] [DL] Failed to get WiFi interface[0m
[1;31m[1784834410.737] [14722:14722] [DL] Failed to reset WiFi statistic counts[0m
[0;32m[1784834410.737] [14722:14722] [PAF] WiFiPAF: WiFiPAFLayer::Init()[0m
[0;34m[1784834410.737] [14722:14722] [IN] UDP::Init bind&listen port=0[0m
[0;34m[1784834410.737] [14722:14722] [IN] UDP::Init bound to port=41298[0m
[0;34m[1784834410.737] [14722:14722] [IN] UDP::Init bind&listen port=0[0m
[0;34m[1784834410.737] [14722:14722] [IN] UDP::Init bound to port=54195[0m
[0;34m[1784834410.737] [14722:14722] [IN] BLEBase::Init - setting/overriding transport[0m
[0;34m[1784834410.737] [14722:14722] [IN] WiFiPAFBase::Init - setting/overriding transport[0m
[0;34m[1784834410.737] [14722:14722] [IN] TransportMgr initialized[0m
[0;34m[1784834410.737] [14722:14722] [FP] Initializing FabricTable from persistent storage[0m
[0;32m[1784834410.737] [14722:14722] [TS] Last Known Good Time: 2023-10-14T01:16:48[0m
[0;32m[1784834410.737] [14722:14722] [FP] Fabric index 0x1 was retrieved from storage. Compressed FabricId 0x8A088FBF3E9DDF2A, FabricId 0x0000000000000001, NodeId 0x000000000001B669, VendorId 0xFFF1[0m
[0;32m[1784834410.738] [14722:14722] [DMG] Ember attribute persistence requires setting up[0m
[0;32m[1784834410.738] [14722:14722] [ZCL] Using ZAP configuration...[0m
[0;34m[1784834410.739] [14722:14722] [CTL] System State Initialized...[0m
[0;32m[1784834410.739] [14722:14722] [CTL] Setting attestation nonce to random value[0m
[0;32m[1784834410.739] [14722:14722] [CTL] Setting CSR nonce to random value[0m
[0;34m[1784834410.739] [14722:14724] [DL] CHIP task running[0m
[0;32m[1784834410.739] [14722:14724] [CTL] Setting attestation nonce to random value[0m
[0;32m[1784834410.739] [14722:14724] [CTL] Setting CSR nonce to random value[0m
[0;32m[1784834410.740] [14722:14724] [CTL] Generating NOC[0m
[0;32m[1784834410.740] [14722:14724] [FP] Validating NOC chain[0m
[0;32m[1784834410.740] [14722:14724] [FP] NOC chain validation successful[0m
[0;32m[1784834410.740] [14722:14724] [FP] Updated fabric at index: 0x1, Node ID: 0x000000000001B669[0m
[0;32m[1784834410.740] [14722:14724] [TS] Last Known Good Time: 2023-10-14T01:16:48[0m
[0;32m[1784834410.740] [14722:14724] [TS] New proposed Last Known Good Time: 2021-01-01T00:00:00[0m
[0;32m[1784834410.740] [14722:14724] [TS] Retaining current Last Known Good Time[0m
[0;32m[1784834410.743] [14722:14724] [FP] Metadata for Fabric 0x1 persisted to storage.[0m
[0;32m[1784834410.744] [14722:14724] [TS] Committing Last Known Good Time to storage: 2023-10-14T01:16:48[0m
[0;32m[1784834410.745] [14722:14724] [CTL] Joined the fabric at index 1. Fabric ID is 0x0000000000000001 (Compressed Fabric ID: 8A088FBF3E9DDF2A)[0m
[0;32m[1784834410.751] [14722:14724] [TOO] Sending command to node 0x1[0m
[0;34m[1784834410.751] [14722:14724] [CSM] FindOrEstablishSession: PeerId = [1:0000000000000001][0m
[0;34m[1784834410.751] [14722:14724] [CSM] FindOrEstablishSession: No existing OperationalSessionSetup instance found[0m
[0;34m[1784834410.751] [14722:14724] [DIS] OperationalSessionSetup[1:0000000000000001]: State change 1 --> 2[0m
[0;32m[1784834410.751] [14722:14724] [DIS] Lookup started for 8A088FBF3E9DDF2A-0000000000000001[0m
[0;32m[1784834410.752] [14722:14724] [DIS] UDP:[fe80::bfe:a203:38f0:bce7%enp0s3]:5540: new best score: 7 (for 8A088FBF3E9DDF2A-0000000000000001)[0m
[0;34m[1784834410.752] [14722:14724] [DIS] Lookup clearing interface for non LL address[0m
[0;32m[1784834410.752] [14722:14724] [DIS] UDP:10.0.2.15%enp0s3:5540: new best score: 2 (for 8A088FBF3E9DDF2A-0000000000000001)[0m
[0;32m[1784834410.752] [14722:14724] [DIS] Checking node lookup status for 8A088FBF3E9DDF2A-0000000000000001 after 0 ms[0m
[0;32m[1784834410.752] [14722:14724] [DIS] Keeping DNSSD lookup active[0m
[0;32m[1784834410.752] [14722:14724] [DIS] UDP:[fe80::bfe:a203:38f0:bce7%enp0s3]:5540: score has not improved: 7 (for 8A088FBF3E9DDF2A-0000000000000001)[0m
[0;34m[1784834410.752] [14722:14724] [DIS] Lookup clearing interface for non LL address[0m
[0;32m[1784834410.752] [14722:14724] [DIS] UDP:10.0.2.15%enp0s3:5540: score has not improved: 2 (for 8A088FBF3E9DDF2A-0000000000000001)[0m
[0;32m[1784834410.752] [14722:14724] [DIS] Checking node lookup status for 8A088FBF3E9DDF2A-0000000000000001 after 0 ms[0m
[0;32m[1784834410.752] [14722:14724] [DIS] Keeping DNSSD lookup active[0m
[0;32m[1784834410.953] [14722:14724] [DIS] Checking node lookup status for 8A088FBF3E9DDF2A-0000000000000001 after 201 ms[0m
[0;34m[1784834410.953] [14722:14724] [DIS] OperationalSessionSetup[1:0000000000000001]: Updating device address to UDP:[fe80::bfe:a203:38f0:bce7%enp0s3]:5540 while in state 2[0m
[0;34m[1784834410.953] [14722:14724] [DIS] OperationalSessionSetup[1:0000000000000001]: State change 2 --> 3[0m
[0;34m[1784834410.953] [14722:14724] [IN] SecureSession[0x7ecfe0009cd0]: Allocated Type:2 LSID:25084[0m
[0;32m[1784834410.953] [14722:14724] [SC] Initiating session on local FabricIndex 1 from 0x000000000001B669 -> 0x0000000000000001[0m
[0;32m[1784834410.953] [14722:14724] [EM] <<< [E:30657i S:0 M:252918427] (U) Msg TX from FE8D8F558359E041 to 0:0000000000000000 [0000] [UDP:[fe80::bfe:a203:38f0:bce7%enp0s3]:5540] --- Type 0000:30 (SecureChannel:CASE_Sigma1) (B:196)[0m
[0;32m[1784834410.953] [14722:14724] [EM] ??1 [E:30657i S:0 M:252918427] (U) Msg Retransmission to 0:0000000000000000 scheduled for 629ms from now [State:Idle II:500 AI:300 AT:4000][0m
[0;32m[1784834410.953] [14722:14724] [SC] Sent Sigma1 msg to <0000000000000001, 1> [II:500ms AI:300ms AT:4000ms][0m
[0;34m[1784834410.953] [14722:14724] [DIS] OperationalSessionSetup[1:0000000000000001]: State change 3 --> 4[0m
[0;32m[1784834410.954] [14722:14724] [EM] >>> [E:30657i S:0 M:38251891 (Ack:252918427)] (U) Msg RX from 0:0000000000000000 [0000] to FE8D8F558359E041 --- Type 0000:31 (SecureChannel:CASE_Sigma2) (B:751)[0m
[0;34m[1784834410.954] [14722:14724] [EM] Found matching exchange: 30657i, Delegate: 0x7ecfe000b8e8[0m
[0;34m[1784834410.954] [14722:14724] [EM] Rxd Ack; Removing MessageCounter:252918427 from Retrans Table on exchange 30657i[0m
[0;32m[1784834410.954] [14722:14724] [SC] Received Sigma2 msg[0m
[0;34m[1784834410.954] [14722:14724] [SC] Found MRP parameters in the message[0m
[0;34m[1784834410.955] [14722:14724] [SC] Peer <0000000000000001, 1> assigned session ID 20985[0m
[0;34m[1784834410.955] [14722:14724] [SC] Sending Sigma3[0m
[0;32m[1784834410.955] [14722:14724] [EM] <<< [E:30657i S:0 M:252918428 (Ack:38251891)] (U) Msg TX from FE8D8F558359E041 to 0:0000000000000000 [0000] [UDP:[fe80::bfe:a203:38f0:bce7%enp0s3]:5540] --- Type 0000:32 (SecureChannel:CASE_Sigma3) (B:598)[0m
[0;32m[1784834410.955] [14722:14724] [EM] ??1 [E:30657i S:0 M:252918428] (U) Msg Retransmission to 0:0000000000000000 scheduled for 341ms from now [State:Active II:500 AI:300 AT:4000][0m
[0;32m[1784834410.955] [14722:14724] [SC] Sent Sigma3 msg[0m
[0;32m[1784834410.965] [14722:14724] [EM] >>> [E:30657i S:0 M:38251892 (Ack:252918428)] (U) Msg RX from 0:0000000000000000 [0000] to FE8D8F558359E041 --- Type 0000:40 (SecureChannel:StatusReport) (B:34)[0m
[0;34m[1784834410.965] [14722:14724] [EM] Found matching exchange: 30657i, Delegate: 0x7ecfe000b8e8[0m
[0;34m[1784834410.965] [14722:14724] [EM] Rxd Ack; Removing MessageCounter:252918428 from Retrans Table on exchange 30657i[0m
[0;32m[1784834410.965] [14722:14724] [SC] Success status report received. Session was established[0m
[0;32m[1784834410.966] [14722:14724] [SC] SecureSession[0x7ecfe0009cd0, LSID:25084]: State change 'kEstablishing' --> 'kActive'[0m
[0;34m[1784834410.966] [14722:14724] [IN] SecureSession[0x7ecfe0009cd0]: Activated - Type:2 LSID:25084[0m
[0;34m[1784834410.966] [14722:14724] [IN] New secure session activated for device <0000000000000001, 1>, LSID:25084 PSID:20985![0m
[0;34m[1784834410.966] [14722:14724] [DIS] OperationalSessionSetup[1:0000000000000001]: State change 4 --> 5[0m
[0;32m[1784834410.966] [14722:14724] [TOO] Sending cluster (0x00000038) command (0x00000000) on endpoint 0[0m
[0;34m[1784834410.966] [14722:14724] [DMG] ICR moving to [AddingComm][0m
[0;34m[1784834410.966] [14722:14724] [DMG] ICR moving to [AddedComma][0m
[0;32m[1784834410.967] [14722:14724] [EM] <<< [E:30658i S:25084 M:76206528] (S) Msg TX from 000000000001B669 to 1:0000000000000001 [DF2A] [UDP:[fe80::bfe:a203:38f0:bce7%enp0s3]:5540] --- Type 0001:08 (IM:InvokeCommandRequest) (B:72)[0m
[0;32m[1784834410.967] [14722:14724] [EM] ??1 [E:30658i S:25084 M:76206528] (S) Msg Retransmission to 1:0000000000000001 scheduled for 331ms from now [State:Active II:500 AI:300 AT:4000][0m
[0;34m[1784834410.967] [14722:14724] [DMG] ICR moving to [AwaitingRe][0m
[0;32m[1784834410.967] [14722:14724] [EM] <<< [E:30657i S:0 M:252918429 (Ack:38251892)] (U) Msg TX from FE8D8F558359E041 to 0:0000000000000000 [0000] [UDP:[fe80::bfe:a203:38f0:bce7%enp0s3]:5540] --- Type 0000:10 (SecureChannel:StandaloneAck) (B:26)[0m
[0;34m[1784834410.967] [14722:14724] [EM] Flushed pending ack for MessageCounter:38251892 on exchange 30657i[0m
[0;32m[2524608000.001] [14722:14724] [EM] >>> [E:30658i S:25084 M:258937083 (Ack:76206528)] (S) Msg RX from 1:0000000000000001 [DF2A] to 000000000001B669 --- Type 0001:09 (IM:InvokeCommandResponse) (B:67)[0m
[0;34m[2524608000.001] [14722:14724] [EM] Found matching exchange: 30658i, Delegate: 0x7ecfe000eef8[0m
[0;34m[2524608000.002] [14722:14724] [EM] Rxd Ack; Removing MessageCounter:76206528 from Retrans Table on exchange 30658i[0m
[0;34m[2524608000.002] [14722:14724] [DMG] ICR moving to [ResponseRe][0m
[0;34m[2524608000.002] [14722:14724] [DMG] InvokeResponseMessage =[0m
[0;34m[2524608000.002] [14722:14724] [DMG] {[0m
[0;34m[2524608000.002] [14722:14724] [DMG] 	suppressResponse = false, [0m
[0;34m[2524608000.002] [14722:14724] [DMG] 	InvokeResponseIBs =[0m
[0;34m[2524608000.002] [14722:14724] [DMG] 	[[0m
[0;34m[2524608000.002] [14722:14724] [DMG] 		InvokeResponseIB =[0m
[0;34m[2524608000.002] [14722:14724] [DMG] 		{[0m
[0;34m[2524608000.002] [14722:14724] [DMG] 			CommandStatusIB =[0m
[0;34m[2524608000.002] [14722:14724] [DMG] 			{[0m
[0;34m[2524608000.002] [14722:14724] [DMG] 				CommandPathIB =[0m
[0;34m[2524608000.002] [14722:14724] [DMG] 				{[0m
[0;34m[2524608000.002] [14722:14724] [DMG] 					EndpointId = 0x0,[0m
[0;34m[2524608000.002] [14722:14724] [DMG] 					ClusterId = 0x38,[0m
[0;34m[2524608000.002] [14722:14724] [DMG] 					CommandId = 0x0,[0m
[0;34m[2524608000.002] [14722:14724] [DMG] 				},[0m
[0;34m[2524608000.002] [14722:14724] [DMG] 				[0m
[0;34m[2524608000.002] [14722:14724] [DMG] 				StatusIB =[0m
[0;34m[2524608000.002] [14722:14724] [DMG] 				{[0m
[0;34m[2524608000.002] [14722:14724] [DMG] 					status = 0x00 (SUCCESS),[0m
[0;34m[2524608000.002] [14722:14724] [DMG] 				},[0m
[0;34m[2524608000.002] [14722:14724] [DMG] 				[0m
[0;34m[2524608000.002] [14722:14724] [DMG] 			},[0m
[0;34m[2524608000.002] [14722:14724] [DMG] 			[0m
[0;34m[2524608000.002] [14722:14724] [DMG] 		},[0m
[0;34m[2524608000.002] [14722:14724] [DMG] 		[0m
[0;34m[2524608000.002] [14722:14724] [DMG] 	],[0m
[0;34m[2524608000.002] [14722:14724] [DMG] 	[0m
[0;34m[2524608000.002] [14722:14724] [DMG] 	InteractionModelRevision = 12[0m
[0;34m[2524608000.002] [14722:14724] [DMG] },[0m
[0;32m[2524608000.002] [14722:14724] [DMG] Received Command Response Status for Endpoint=0 Cluster=0x0000_0038 Command=0x0000_0000 Status=0x0[0m
[0;34m[2524608000.002] [14722:14724] [DMG] ICR moving to [AwaitingDe][0m
[0;32m[2524608000.002] [14722:14724] [EM] <<< [E:30658i S:25084 M:76206529 (Ack:258937083)] (S) Msg TX from 000000000001B669 to 1:0000000000000001 [DF2A] [UDP:[fe80::bfe:a203:38f0:bce7%enp0s3]:5540] --- Type 0000:10 (SecureChannel:StandaloneAck) (B:34)[0m
[0;34m[2524608000.002] [14722:14724] [EM] Flushed pending ack for MessageCounter:258937083 on exchange 30658i[0m
[0;34m[2524608000.002] [14722:14722] [CTL] Shutting down the commissioner[0m
[0;32m[2524608000.002] [14722:14722] [PAF] WiFiPAF: Closing all WiFiPAF sessions to shutdown[0m
[0;34m[2524608000.002] [14722:14722] [CTL] Shutting down the controller[0m
[0;34m[2524608000.002] [14722:14722] [IN] Expiring all sessions for fabric 0x1!![0m
[0;34m[2524608000.002] [14722:14722] [IN] SecureSession[0x7ecfe0009cd0]: MarkForEviction Type:2 LSID:25084[0m
[0;32m[2524608000.002] [14722:14722] [SC] SecureSession[0x7ecfe0009cd0, LSID:25084]: State change 'kActive' --> 'kPendingEviction'[0m
[0;34m[2524608000.002] [14722:14722] [IN] SecureSession[0x7ecfe0009cd0]: Released - Type:2 LSID:25084[0m
[0;32m[2524608000.002] [14722:14722] [FP] Forgetting fabric 0x1[0m
[0;32m[2524608000.002] [14722:14722] [TS] Pending Last Known Good Time: 2023-10-14T01:16:48[0m
[0;32m[2524608000.002] [14722:14722] [TS] Previous Last Known Good Time: 2023-10-14T01:16:48[0m
[0;32m[2524608000.002] [14722:14722] [TS] Reverted Last Known Good Time to previous value[0m
[0;34m[2524608000.002] [14722:14722] [CTL] Shutting down the commissioner[0m
[0;32m[2524608000.002] [14722:14722] [PAF] WiFiPAF: Closing all WiFiPAF sessions to shutdown[0m
[0;34m[2524608000.002] [14722:14722] [CTL] Shutting down the controller[0m
[0;34m[2524608000.002] [14722:14722] [CTL] Shutting down the System State, this will teardown the CHIP Stack[0m
[0;34m[2524608000.002] [14722:14722] [DMG] All ReadHandler-s are clean, clear GlobalDirtySet[0m
[0;32m[2524608000.003] [14722:14722] [FP] Shutting down FabricTable[0m
[0;32m[2524608000.003] [14722:14722] [TS] Pending Last Known Good Time: 2023-10-14T01:16:48[0m
[0;32m[2524608000.003] [14722:14722] [TS] Previous Last Known Good Time: 2023-10-14T01:16:48[0m
[0;32m[2524608000.003] [14722:14722] [TS] Reverted Last Known Good Time to previous value[0m
[0;34m[2524608000.007] [14722:14722] [DL] Wrote settings to /tmp/chip_counters.ini[0m
[0;32m[2524608000.007] [14722:14722] [DL] NVS set: chip-counters/total-operational-hours = 0 (0x0)[0m
[0;32m[2524608000.007] [14722:14722] [DL] Inet Layer shutdown[0m
[0;32m[2524608000.007] [14722:14722] [DL] BLE Layer shutdown[0m
[0;32m[2524608000.007] [14722:14722] [DL] WiFi-PAF Layer shutdown[0m
[0;32m[2524608000.007] [14722:14722] [PAF] WiFiPAF: Closing all WiFiPAF sessions to shutdown[0m
[0;32m[2524608000.007] [14722:14722] [DL] System Layer shutdown[0m
