[0;34m[1784834910.721] [17215:17215] [DL] ChipLinuxStorage::Init: Using KVS config file: /tmp/chip_tool_kvs[0m
[1;31m[1784834910.722] [17215:17215] [DL] ChipLinuxStorage::Init: Attempt to re-initialize with KVS config file: /tmp/chip_kvs, IGNORING.[0m
[0;34m[1784834910.724] [17215:17215] [DL] ChipLinuxStorage::Init: Using KVS config file: /tmp/chip_factory.ini[0m
[0;34m[1784834910.724] [17215:17215] [DL] ChipLinuxStorage::Init: Using KVS config file: /tmp/chip_config.ini[0m
[0;34m[1784834910.724] [17215:17215] [DL] ChipLinuxStorage::Init: Using KVS config file: /tmp/chip_counters.ini[0m
[0;34m[1784834910.727] [17215:17215] [DL] Wrote settings to /tmp/chip_counters.ini[0m
[0;32m[1784834910.727] [17215:17215] [DL] NVS set: chip-counters/reboot-count = 3 (0x3)[0m
[0;32m[1784834910.727] [17215:17215] [DL] Got Ethernet interface: enp0s3[0m
[0;32m[1784834910.727] [17215:17215] [DL] Found the primary Ethernet interface:enp0s3[0m
[1;31m[1784834910.727] [17215:17215] [DL] Failed to get WiFi interface[0m
[1;31m[1784834910.727] [17215:17215] [DL] Failed to reset WiFi statistic counts[0m
[0;32m[1784834910.727] [17215:17215] [PAF] WiFiPAF: WiFiPAFLayer::Init()[0m
[0;34m[1784834910.727] [17215:17215] [IN] UDP::Init bind&listen port=0[0m
[0;34m[1784834910.727] [17215:17215] [IN] UDP::Init bound to port=42313[0m
[0;34m[1784834910.727] [17215:17215] [IN] UDP::Init bind&listen port=0[0m
[0;34m[1784834910.727] [17215:17215] [IN] UDP::Init bound to port=56294[0m
[0;34m[1784834910.727] [17215:17215] [IN] BLEBase::Init - setting/overriding transport[0m
[0;34m[1784834910.727] [17215:17215] [IN] WiFiPAFBase::Init - setting/overriding transport[0m
[0;34m[1784834910.727] [17215:17215] [IN] TransportMgr initialized[0m
[0;34m[1784834910.727] [17215:17215] [FP] Initializing FabricTable from persistent storage[0m
[0;32m[1784834910.727] [17215:17215] [TS] Last Known Good Time: 2023-10-14T01:16:48[0m
[0;32m[1784834910.728] [17215:17215] [FP] Fabric index 0x1 was retrieved from storage. Compressed FabricId 0x3CD4BB3B9A80DF21, FabricId 0x0000000000000001, NodeId 0x000000000001B669, VendorId 0xFFF1[0m
[0;32m[1784834910.729] [17215:17215] [DMG] Ember attribute persistence requires setting up[0m
[0;32m[1784834910.729] [17215:17215] [ZCL] Using ZAP configuration...[0m
[0;34m[1784834910.729] [17215:17215] [CTL] System State Initialized...[0m
[0;32m[1784834910.729] [17215:17215] [CTL] Setting attestation nonce to random value[0m
[0;32m[1784834910.729] [17215:17215] [CTL] Setting CSR nonce to random value[0m
[0;34m[1784834910.730] [17215:17217] [DL] CHIP task running[0m
[0;32m[1784834910.730] [17215:17217] [CTL] Setting attestation nonce to random value[0m
[0;32m[1784834910.730] [17215:17217] [CTL] Setting CSR nonce to random value[0m
[0;32m[1784834910.730] [17215:17217] [CTL] Generating NOC[0m
[0;32m[1784834910.730] [17215:17217] [FP] Validating NOC chain[0m
[0;32m[1784834910.730] [17215:17217] [FP] NOC chain validation successful[0m
[0;32m[1784834910.730] [17215:17217] [FP] Updated fabric at index: 0x1, Node ID: 0x000000000001B669[0m
[0;32m[1784834910.730] [17215:17217] [TS] Last Known Good Time: 2023-10-14T01:16:48[0m
[0;32m[1784834910.730] [17215:17217] [TS] New proposed Last Known Good Time: 2021-01-01T00:00:00[0m
[0;32m[1784834910.730] [17215:17217] [TS] Retaining current Last Known Good Time[0m
[0;32m[1784834910.733] [17215:17217] [FP] Metadata for Fabric 0x1 persisted to storage.[0m
[0;32m[1784834910.734] [17215:17217] [TS] Committing Last Known Good Time to storage: 2023-10-14T01:16:48[0m
[0;32m[1784834910.734] [17215:17217] [CTL] Joined the fabric at index 1. Fabric ID is 0x0000000000000001 (Compressed Fabric ID: 3CD4BB3B9A80DF21)[0m
[0;32m[1784834910.738] [17215:17217] [TOO] Sending command to node 0x1[0m
[0;34m[1784834910.739] [17215:17217] [CSM] FindOrEstablishSession: PeerId = [1:0000000000000001][0m
[0;34m[1784834910.739] [17215:17217] [CSM] FindOrEstablishSession: No existing OperationalSessionSetup instance found[0m
[0;34m[1784834910.739] [17215:17217] [DIS] OperationalSessionSetup[1:0000000000000001]: State change 1 --> 2[0m
[0;32m[1784834910.739] [17215:17217] [DIS] Lookup started for 3CD4BB3B9A80DF21-0000000000000001[0m
[0;32m[1784834910.739] [17215:17217] [DIS] UDP:[fe80::bfe:a203:38f0:bce7%enp0s3]:5540: new best score: 7 (for 3CD4BB3B9A80DF21-0000000000000001)[0m
[0;34m[1784834910.739] [17215:17217] [DIS] Lookup clearing interface for non LL address[0m
[0;32m[1784834910.739] [17215:17217] [DIS] UDP:10.0.2.15%enp0s3:5540: new best score: 2 (for 3CD4BB3B9A80DF21-0000000000000001)[0m
[0;32m[1784834910.739] [17215:17217] [DIS] Checking node lookup status for 3CD4BB3B9A80DF21-0000000000000001 after 1 ms[0m
[0;32m[1784834910.739] [17215:17217] [DIS] Keeping DNSSD lookup active[0m
[0;32m[1784834910.739] [17215:17217] [DIS] UDP:[fe80::bfe:a203:38f0:bce7%enp0s3]:5540: score has not improved: 7 (for 3CD4BB3B9A80DF21-0000000000000001)[0m
[0;34m[1784834910.739] [17215:17217] [DIS] Lookup clearing interface for non LL address[0m
[0;32m[1784834910.739] [17215:17217] [DIS] UDP:10.0.2.15%enp0s3:5540: score has not improved: 2 (for 3CD4BB3B9A80DF21-0000000000000001)[0m
[0;32m[1784834910.739] [17215:17217] [DIS] Checking node lookup status for 3CD4BB3B9A80DF21-0000000000000001 after 1 ms[0m
[0;32m[1784834910.739] [17215:17217] [DIS] Keeping DNSSD lookup active[0m
[0;32m[1784834910.939] [17215:17217] [DIS] Checking node lookup status for 3CD4BB3B9A80DF21-0000000000000001 after 201 ms[0m
[0;34m[1784834910.939] [17215:17217] [DIS] OperationalSessionSetup[1:0000000000000001]: Updating device address to UDP:[fe80::bfe:a203:38f0:bce7%enp0s3]:5540 while in state 2[0m
[0;34m[1784834910.939] [17215:17217] [DIS] OperationalSessionSetup[1:0000000000000001]: State change 2 --> 3[0m
[0;34m[1784834910.939] [17215:17217] [IN] SecureSession[0x7fe830009cd0]: Allocated Type:2 LSID:35867[0m
[0;32m[1784834910.939] [17215:17217] [SC] Initiating session on local FabricIndex 1 from 0x000000000001B669 -> 0x0000000000000001[0m
[0;32m[1784834910.940] [17215:17217] [EM] <<< [E:14020i S:0 M:161433419] (U) Msg TX from C85BE2C9CCC1B2F3 to 0:0000000000000000 [0000] [UDP:[fe80::bfe:a203:38f0:bce7%enp0s3]:5540] --- Type 0000:30 (SecureChannel:CASE_Sigma1) (B:196)[0m
[0;32m[1784834910.940] [17215:17217] [EM] ??1 [E:14020i S:0 M:161433419] (U) Msg Retransmission to 0:0000000000000000 scheduled for 565ms from now [State:Idle II:500 AI:300 AT:4000][0m
[0;32m[1784834910.940] [17215:17217] [SC] Sent Sigma1 msg to <0000000000000001, 1> [II:500ms AI:300ms AT:4000ms][0m
[0;34m[1784834910.940] [17215:17217] [DIS] OperationalSessionSetup[1:0000000000000001]: State change 3 --> 4[0m
[0;32m[1784834910.941] [17215:17217] [EM] >>> [E:14020i S:0 M:162804635 (Ack:161433419)] (U) Msg RX from 0:0000000000000000 [0000] to C85BE2C9CCC1B2F3 --- Type 0000:31 (SecureChannel:CASE_Sigma2) (B:751)[0m
[0;34m[1784834910.941] [17215:17217] [EM] Found matching exchange: 14020i, Delegate: 0x7fe83000b8e8[0m
[0;34m[1784834910.941] [17215:17217] [EM] Rxd Ack; Removing MessageCounter:161433419 from Retrans Table on exchange 14020i[0m
[0;32m[1784834910.941] [17215:17217] [SC] Received Sigma2 msg[0m
[0;34m[1784834910.941] [17215:17217] [SC] Found MRP parameters in the message[0m
[0;34m[1784834910.942] [17215:17217] [SC] Peer <0000000000000001, 1> assigned session ID 2542[0m
[0;34m[1784834910.942] [17215:17217] [SC] Sending Sigma3[0m
[0;32m[1784834910.942] [17215:17217] [EM] <<< [E:14020i S:0 M:161433420 (Ack:162804635)] (U) Msg TX from C85BE2C9CCC1B2F3 to 0:0000000000000000 [0000] [UDP:[fe80::bfe:a203:38f0:bce7%enp0s3]:5540] --- Type 0000:32 (SecureChannel:CASE_Sigma3) (B:598)[0m
[0;32m[1784834910.942] [17215:17217] [EM] ??1 [E:14020i S:0 M:161433420] (U) Msg Retransmission to 0:0000000000000000 scheduled for 333ms from now [State:Active II:500 AI:300 AT:4000][0m
[0;32m[1784834910.942] [17215:17217] [SC] Sent Sigma3 msg[0m
[0;32m[1784834910.953] [17215:17217] [EM] >>> [E:14020i S:0 M:162804636 (Ack:161433420)] (U) Msg RX from 0:0000000000000000 [0000] to C85BE2C9CCC1B2F3 --- Type 0000:40 (SecureChannel:StatusReport) (B:34)[0m
[0;34m[1784834910.953] [17215:17217] [EM] Found matching exchange: 14020i, Delegate: 0x7fe83000b8e8[0m
[0;34m[1784834910.953] [17215:17217] [EM] Rxd Ack; Removing MessageCounter:161433420 from Retrans Table on exchange 14020i[0m
[0;32m[1784834910.953] [17215:17217] [SC] Success status report received. Session was established[0m
[0;32m[1784834910.955] [17215:17217] [SC] SecureSession[0x7fe830009cd0, LSID:35867]: State change 'kEstablishing' --> 'kActive'[0m
[0;34m[1784834910.955] [17215:17217] [IN] SecureSession[0x7fe830009cd0]: Activated - Type:2 LSID:35867[0m
[0;34m[1784834910.955] [17215:17217] [IN] New secure session activated for device <0000000000000001, 1>, LSID:35867 PSID:2542![0m
[0;34m[1784834910.955] [17215:17217] [DIS] OperationalSessionSetup[1:0000000000000001]: State change 4 --> 5[0m
[0;32m[1784834910.955] [17215:17217] [TOO] Sending cluster (0x00000038) command (0x00000000) on endpoint 0[0m
[0;34m[1784834910.955] [17215:17217] [DMG] ICR moving to [AddingComm][0m
[0;34m[1784834910.955] [17215:17217] [DMG] ICR moving to [AddedComma][0m
[0;32m[1784834910.955] [17215:17217] [EM] <<< [E:14021i S:35867 M:175934714] (S) Msg TX from 000000000001B669 to 1:0000000000000001 [DF21] [UDP:[fe80::bfe:a203:38f0:bce7%enp0s3]:5540] --- Type 0001:08 (IM:InvokeCommandRequest) (B:72)[0m
[0;32m[1784834910.955] [17215:17217] [EM] ??1 [E:14021i S:35867 M:175934714] (S) Msg Retransmission to 1:0000000000000001 scheduled for 407ms from now [State:Active II:500 AI:300 AT:4000][0m
[0;34m[1784834910.955] [17215:17217] [DMG] ICR moving to [AwaitingRe][0m
[0;32m[1784834910.955] [17215:17217] [EM] <<< [E:14020i S:0 M:161433421 (Ack:162804636)] (U) Msg TX from C85BE2C9CCC1B2F3 to 0:0000000000000000 [0000] [UDP:[fe80::bfe:a203:38f0:bce7%enp0s3]:5540] --- Type 0000:10 (SecureChannel:StandaloneAck) (B:26)[0m
[0;34m[1784834910.955] [17215:17217] [EM] Flushed pending ack for MessageCounter:162804636 on exchange 14020i[0m
[0;32m[2524608000.000] [17215:17217] [EM] >>> [E:14021i S:35867 M:165074103 (Ack:175934714)] (S) Msg RX from 1:0000000000000001 [DF21] to 000000000001B669 --- Type 0001:09 (IM:InvokeCommandResponse) (B:67)[0m
[0;34m[2524608000.000] [17215:17217] [EM] Found matching exchange: 14021i, Delegate: 0x7fe83000eef8[0m
[0;34m[2524608000.000] [17215:17217] [EM] Rxd Ack; Removing MessageCounter:175934714 from Retrans Table on exchange 14021i[0m
[0;34m[2524608000.000] [17215:17217] [DMG] ICR moving to [ResponseRe][0m
[0;34m[2524608000.000] [17215:17217] [DMG] InvokeResponseMessage =[0m
[0;34m[2524608000.000] [17215:17217] [DMG] {[0m
[0;34m[2524608000.000] [17215:17217] [DMG] 	suppressResponse = false, [0m
[0;34m[2524608000.000] [17215:17217] [DMG] 	InvokeResponseIBs =[0m
[0;34m[2524608000.000] [17215:17217] [DMG] 	[[0m
[0;34m[2524608000.000] [17215:17217] [DMG] 		InvokeResponseIB =[0m
[0;34m[2524608000.000] [17215:17217] [DMG] 		{[0m
[0;34m[2524608000.000] [17215:17217] [DMG] 			CommandStatusIB =[0m
[0;34m[2524608000.000] [17215:17217] [DMG] 			{[0m
[0;34m[2524608000.000] [17215:17217] [DMG] 				CommandPathIB =[0m
[0;34m[2524608000.000] [17215:17217] [DMG] 				{[0m
[0;34m[2524608000.000] [17215:17217] [DMG] 					EndpointId = 0x0,[0m
[0;34m[2524608000.000] [17215:17217] [DMG] 					ClusterId = 0x38,[0m
[0;34m[2524608000.000] [17215:17217] [DMG] 					CommandId = 0x0,[0m
[0;34m[2524608000.000] [17215:17217] [DMG] 				},[0m
[0;34m[2524608000.000] [17215:17217] [DMG] 				[0m
[0;34m[2524608000.000] [17215:17217] [DMG] 				StatusIB =[0m
[0;34m[2524608000.000] [17215:17217] [DMG] 				{[0m
[0;34m[2524608000.000] [17215:17217] [DMG] 					status = 0x00 (SUCCESS),[0m
[0;34m[2524608000.000] [17215:17217] [DMG] 				},[0m
[0;34m[2524608000.000] [17215:17217] [DMG] 				[0m
[0;34m[2524608000.000] [17215:17217] [DMG] 			},[0m
[0;34m[2524608000.000] [17215:17217] [DMG] 			[0m
[0;34m[2524608000.000] [17215:17217] [DMG] 		},[0m
[0;34m[2524608000.000] [17215:17217] [DMG] 		[0m
[0;34m[2524608000.000] [17215:17217] [DMG] 	],[0m
[0;34m[2524608000.000] [17215:17217] [DMG] 	[0m
[0;34m[2524608000.000] [17215:17217] [DMG] 	InteractionModelRevision = 12[0m
[0;34m[2524608000.000] [17215:17217] [DMG] },[0m
[0;32m[2524608000.000] [17215:17217] [DMG] Received Command Response Status for Endpoint=0 Cluster=0x0000_0038 Command=0x0000_0000 Status=0x0[0m
[0;34m[2524608000.000] [17215:17217] [DMG] ICR moving to [AwaitingDe][0m
[0;32m[2524608000.000] [17215:17217] [EM] <<< [E:14021i S:35867 M:175934715 (Ack:165074103)] (S) Msg TX from 000000000001B669 to 1:0000000000000001 [DF21] [UDP:[fe80::bfe:a203:38f0:bce7%enp0s3]:5540] --- Type 0000:10 (SecureChannel:StandaloneAck) (B:34)[0m
[0;34m[2524608000.000] [17215:17217] [EM] Flushed pending ack for MessageCounter:165074103 on exchange 14021i[0m
[0;34m[2524608000.001] [17215:17215] [CTL] Shutting down the commissioner[0m
[0;32m[2524608000.002] [17215:17215] [PAF] WiFiPAF: Closing all WiFiPAF sessions to shutdown[0m
[0;34m[2524608000.002] [17215:17215] [CTL] Shutting down the controller[0m
[0;34m[2524608000.002] [17215:17215] [IN] Expiring all sessions for fabric 0x1!![0m
[0;34m[2524608000.002] [17215:17215] [IN] SecureSession[0x7fe830009cd0]: MarkForEviction Type:2 LSID:35867[0m
[0;32m[2524608000.002] [17215:17215] [SC] SecureSession[0x7fe830009cd0, LSID:35867]: State change 'kActive' --> 'kPendingEviction'[0m
[0;34m[2524608000.002] [17215:17215] [IN] SecureSession[0x7fe830009cd0]: Released - Type:2 LSID:35867[0m
[0;32m[2524608000.002] [17215:17215] [FP] Forgetting fabric 0x1[0m
[0;32m[2524608000.002] [17215:17215] [TS] Pending Last Known Good Time: 2023-10-14T01:16:48[0m
[0;32m[2524608000.002] [17215:17215] [TS] Previous Last Known Good Time: 2023-10-14T01:16:48[0m
[0;32m[2524608000.002] [17215:17215] [TS] Reverted Last Known Good Time to previous value[0m
[0;34m[2524608000.002] [17215:17215] [CTL] Shutting down the commissioner[0m
[0;32m[2524608000.002] [17215:17215] [PAF] WiFiPAF: Closing all WiFiPAF sessions to shutdown[0m
[0;34m[2524608000.002] [17215:17215] [CTL] Shutting down the controller[0m
[0;34m[2524608000.002] [17215:17215] [CTL] Shutting down the System State, this will teardown the CHIP Stack[0m
[0;34m[2524608000.002] [17215:17215] [DMG] All ReadHandler-s are clean, clear GlobalDirtySet[0m
[0;32m[2524608000.002] [17215:17215] [FP] Shutting down FabricTable[0m
[0;32m[2524608000.002] [17215:17215] [TS] Pending Last Known Good Time: 2023-10-14T01:16:48[0m
[0;32m[2524608000.002] [17215:17215] [TS] Previous Last Known Good Time: 2023-10-14T01:16:48[0m
[0;32m[2524608000.002] [17215:17215] [TS] Reverted Last Known Good Time to previous value[0m
[0;34m[2524608000.008] [17215:17215] [DL] Wrote settings to /tmp/chip_counters.ini[0m
[0;32m[2524608000.008] [17215:17215] [DL] NVS set: chip-counters/total-operational-hours = 0 (0x0)[0m
[0;32m[2524608000.008] [17215:17215] [DL] Inet Layer shutdown[0m
[0;32m[2524608000.008] [17215:17215] [DL] BLE Layer shutdown[0m
[0;32m[2524608000.008] [17215:17215] [DL] WiFi-PAF Layer shutdown[0m
[0;32m[2524608000.008] [17215:17215] [PAF] WiFiPAF: Closing all WiFiPAF sessions to shutdown[0m
[0;32m[2524608000.008] [17215:17215] [DL] System Layer shutdown[0m
