[0;34m[1784655173.541] [7315:7315] [DL] ChipLinuxStorage::Init: Using KVS config file: /tmp/chip_tool_kvs[0m
[1;31m[1784655173.542] [7315:7315] [DL] ChipLinuxStorage::Init: Attempt to re-initialize with KVS config file: /tmp/chip_kvs, IGNORING.[0m
[0;34m[1784655173.544] [7315:7315] [DL] ChipLinuxStorage::Init: Using KVS config file: /tmp/chip_factory.ini[0m
[0;34m[1784655173.544] [7315:7315] [DL] ChipLinuxStorage::Init: Using KVS config file: /tmp/chip_config.ini[0m
[0;34m[1784655173.544] [7315:7315] [DL] ChipLinuxStorage::Init: Using KVS config file: /tmp/chip_counters.ini[0m
[0;34m[1784655173.547] [7315:7315] [DL] Wrote settings to /tmp/chip_counters.ini[0m
[0;32m[1784655173.547] [7315:7315] [DL] NVS set: chip-counters/reboot-count = 6 (0x6)[0m
[0;32m[1784655173.547] [7315:7315] [DL] Got Ethernet interface: enp0s3[0m
[0;32m[1784655173.547] [7315:7315] [DL] Found the primary Ethernet interface:enp0s3[0m
[1;31m[1784655173.548] [7315:7315] [DL] Failed to get WiFi interface[0m
[1;31m[1784655173.548] [7315:7315] [DL] Failed to reset WiFi statistic counts[0m
[0;32m[1784655173.548] [7315:7315] [PAF] WiFiPAF: WiFiPAFLayer::Init()[0m
[0;34m[1784655173.548] [7315:7315] [IN] UDP::Init bind&listen port=0[0m
[0;34m[1784655173.548] [7315:7315] [IN] UDP::Init bound to port=54266[0m
[0;34m[1784655173.548] [7315:7315] [IN] UDP::Init bind&listen port=0[0m
[0;34m[1784655173.548] [7315:7315] [IN] UDP::Init bound to port=50860[0m
[0;34m[1784655173.548] [7315:7315] [IN] BLEBase::Init - setting/overriding transport[0m
[0;34m[1784655173.548] [7315:7315] [IN] WiFiPAFBase::Init - setting/overriding transport[0m
[0;34m[1784655173.548] [7315:7315] [IN] TransportMgr initialized[0m
[0;34m[1784655173.548] [7315:7315] [FP] Initializing FabricTable from persistent storage[0m
[0;32m[1784655173.548] [7315:7315] [TS] Last Known Good Time: 2023-10-14T01:16:48[0m
[0;32m[1784655173.548] [7315:7315] [FP] Fabric index 0x1 was retrieved from storage. Compressed FabricId 0x61522FE809AFFC08, FabricId 0x0000000000000001, NodeId 0x000000000001B669, VendorId 0xFFF1[0m
[0;32m[1784655173.549] [7315:7315] [DMG] Ember attribute persistence requires setting up[0m
[0;32m[1784655173.549] [7315:7315] [ZCL] Using ZAP configuration...[0m
[0;34m[1784655173.549] [7315:7315] [CTL] System State Initialized...[0m
[0;32m[1784655173.549] [7315:7315] [CTL] Setting attestation nonce to random value[0m
[0;32m[1784655173.549] [7315:7315] [CTL] Setting CSR nonce to random value[0m
[0;34m[1784655173.549] [7315:7317] [DL] CHIP task running[0m
[0;32m[1784655173.549] [7315:7317] [CTL] Setting attestation nonce to random value[0m
[0;32m[1784655173.549] [7315:7317] [CTL] Setting CSR nonce to random value[0m
[0;32m[1784655173.549] [7315:7317] [CTL] Generating NOC[0m
[0;32m[1784655173.549] [7315:7317] [FP] Validating NOC chain[0m
[0;32m[1784655173.550] [7315:7317] [FP] NOC chain validation successful[0m
[0;32m[1784655173.550] [7315:7317] [FP] Updated fabric at index: 0x1, Node ID: 0x000000000001B669[0m
[0;32m[1784655173.550] [7315:7317] [TS] Last Known Good Time: 2023-10-14T01:16:48[0m
[0;32m[1784655173.550] [7315:7317] [TS] New proposed Last Known Good Time: 2021-01-01T00:00:00[0m
[0;32m[1784655173.550] [7315:7317] [TS] Retaining current Last Known Good Time[0m
[0;32m[1784655173.552] [7315:7317] [FP] Metadata for Fabric 0x1 persisted to storage.[0m
[0;32m[1784655173.553] [7315:7317] [TS] Committing Last Known Good Time to storage: 2023-10-14T01:16:48[0m
[0;32m[1784655173.553] [7315:7317] [CTL] Joined the fabric at index 1. Fabric ID is 0x0000000000000001 (Compressed Fabric ID: 61522FE809AFFC08)[0m
[0;32m[1784655173.559] [7315:7317] [TOO] Sending command to node 0x1[0m
[0;34m[1784655173.559] [7315:7317] [CSM] FindOrEstablishSession: PeerId = [1:0000000000000001][0m
[0;34m[1784655173.559] [7315:7317] [CSM] FindOrEstablishSession: No existing OperationalSessionSetup instance found[0m
[0;34m[1784655173.559] [7315:7317] [DIS] OperationalSessionSetup[1:0000000000000001]: State change 1 --> 2[0m
[0;32m[1784655173.559] [7315:7317] [DIS] Lookup started for 61522FE809AFFC08-0000000000000001[0m
[0;32m[1784655173.559] [7315:7317] [DIS] UDP:[fe80::bfe:a203:38f0:bce7%enp0s3]:5540: new best score: 7 (for 61522FE809AFFC08-0000000000000001)[0m
[0;34m[1784655173.559] [7315:7317] [DIS] Lookup clearing interface for non LL address[0m
[0;32m[1784655173.559] [7315:7317] [DIS] UDP:10.0.2.15%enp0s3:5540: new best score: 2 (for 61522FE809AFFC08-0000000000000001)[0m
[0;32m[1784655173.559] [7315:7317] [DIS] Checking node lookup status for 61522FE809AFFC08-0000000000000001 after 1 ms[0m
[0;32m[1784655173.559] [7315:7317] [DIS] Keeping DNSSD lookup active[0m
[0;32m[1784655173.559] [7315:7317] [DIS] UDP:[fe80::bfe:a203:38f0:bce7%enp0s3]:5540: score has not improved: 7 (for 61522FE809AFFC08-0000000000000001)[0m
[0;34m[1784655173.559] [7315:7317] [DIS] Lookup clearing interface for non LL address[0m
[0;32m[1784655173.559] [7315:7317] [DIS] UDP:10.0.2.15%enp0s3:5540: score has not improved: 2 (for 61522FE809AFFC08-0000000000000001)[0m
[0;32m[1784655173.559] [7315:7317] [DIS] Checking node lookup status for 61522FE809AFFC08-0000000000000001 after 1 ms[0m
[0;32m[1784655173.559] [7315:7317] [DIS] Keeping DNSSD lookup active[0m
[0;32m[1784655173.760] [7315:7317] [DIS] Checking node lookup status for 61522FE809AFFC08-0000000000000001 after 201 ms[0m
[0;34m[1784655173.760] [7315:7317] [DIS] OperationalSessionSetup[1:0000000000000001]: Updating device address to UDP:[fe80::bfe:a203:38f0:bce7%enp0s3]:5540 while in state 2[0m
[0;34m[1784655173.760] [7315:7317] [DIS] OperationalSessionSetup[1:0000000000000001]: State change 2 --> 3[0m
[0;34m[1784655173.760] [7315:7317] [IN] SecureSession[0x7d3a3c009cd0]: Allocated Type:2 LSID:38490[0m
[0;32m[1784655173.760] [7315:7317] [SC] Initiating session on local FabricIndex 1 from 0x000000000001B669 -> 0x0000000000000001[0m
[0;32m[1784655173.761] [7315:7317] [EM] <<< [E:53202i S:0 M:185081245] (U) Msg TX from 324F327717B900EB to 0:0000000000000000 [0000] [UDP:[fe80::bfe:a203:38f0:bce7%enp0s3]:5540] --- Type 0000:30 (SecureChannel:CASE_Sigma1) (B:196)[0m
[0;32m[1784655173.764] [7315:7317] [EM] ??1 [E:53202i S:0 M:185081245] (U) Msg Retransmission to 0:0000000000000000 scheduled for 595ms from now [State:Idle II:500 AI:300 AT:4000][0m
[0;32m[1784655173.766] [7315:7317] [SC] Sent Sigma1 msg to <0000000000000001, 1> [II:500ms AI:300ms AT:4000ms][0m
[0;34m[1784655173.766] [7315:7317] [DIS] OperationalSessionSetup[1:0000000000000001]: State change 3 --> 4[0m
[0;32m[1784655173.768] [7315:7317] [EM] >>> [E:53202i S:0 M:142462621 (Ack:185081245)] (U) Msg RX from 0:0000000000000000 [0000] to 324F327717B900EB --- Type 0000:31 (SecureChannel:CASE_Sigma2) (B:751)[0m
[0;34m[1784655173.768] [7315:7317] [EM] Found matching exchange: 53202i, Delegate: 0x7d3a3c00b8e8[0m
[0;34m[1784655173.768] [7315:7317] [EM] Rxd Ack; Removing MessageCounter:185081245 from Retrans Table on exchange 53202i[0m
[0;32m[1784655173.768] [7315:7317] [SC] Received Sigma2 msg[0m
[0;34m[1784655173.768] [7315:7317] [SC] Found MRP parameters in the message[0m
[0;34m[1784655173.770] [7315:7317] [SC] Peer <0000000000000001, 1> assigned session ID 1321[0m
[0;34m[1784655173.770] [7315:7317] [SC] Sending Sigma3[0m
[0;32m[1784655173.770] [7315:7317] [EM] <<< [E:53202i S:0 M:185081246 (Ack:142462621)] (U) Msg TX from 324F327717B900EB to 0:0000000000000000 [0000] [UDP:[fe80::bfe:a203:38f0:bce7%enp0s3]:5540] --- Type 0000:32 (SecureChannel:CASE_Sigma3) (B:598)[0m
[0;32m[1784655173.771] [7315:7317] [EM] ??1 [E:53202i S:0 M:185081246] (U) Msg Retransmission to 0:0000000000000000 scheduled for 401ms from now [State:Active II:500 AI:300 AT:4000][0m
[0;32m[1784655173.771] [7315:7317] [SC] Sent Sigma3 msg[0m
[0;32m[1784655173.779] [7315:7317] [EM] >>> [E:53202i S:0 M:142462622 (Ack:185081246)] (U) Msg RX from 0:0000000000000000 [0000] to 324F327717B900EB --- Type 0000:40 (SecureChannel:StatusReport) (B:34)[0m
[0;34m[1784655173.779] [7315:7317] [EM] Found matching exchange: 53202i, Delegate: 0x7d3a3c00b8e8[0m
[0;34m[1784655173.779] [7315:7317] [EM] Rxd Ack; Removing MessageCounter:185081246 from Retrans Table on exchange 53202i[0m
[0;32m[1784655173.779] [7315:7317] [SC] Success status report received. Session was established[0m
[0;32m[1784655173.781] [7315:7317] [SC] SecureSession[0x7d3a3c009cd0, LSID:38490]: State change 'kEstablishing' --> 'kActive'[0m
[0;34m[1784655173.781] [7315:7317] [IN] SecureSession[0x7d3a3c009cd0]: Activated - Type:2 LSID:38490[0m
[0;34m[1784655173.781] [7315:7317] [IN] New secure session activated for device <0000000000000001, 1>, LSID:38490 PSID:1321![0m
[0;34m[1784655173.781] [7315:7317] [DIS] OperationalSessionSetup[1:0000000000000001]: State change 4 --> 5[0m
[0;32m[1784655173.781] [7315:7317] [TOO] Sending cluster (0x0000003E) command (0x00000007) on endpoint 0[0m
[0;34m[1784655173.781] [7315:7317] [DMG] ICR moving to [AddingComm][0m
[0;34m[1784655173.781] [7315:7317] [DMG] ICR moving to [AddedComma][0m
[0;32m[1784655173.781] [7315:7317] [EM] <<< [E:53203i S:38490 M:186586943] (S) Msg TX from 000000000001B669 to 1:0000000000000001 [FC08] [UDP:[fe80::bfe:a203:38f0:bce7%enp0s3]:5540] --- Type 0001:08 (IM:InvokeCommandRequest) (B:330)[0m
[0;32m[1784655173.781] [7315:7317] [EM] ??1 [E:53203i S:38490 M:186586943] (S) Msg Retransmission to 1:0000000000000001 scheduled for 378ms from now [State:Active II:500 AI:300 AT:4000][0m
[0;34m[1784655173.781] [7315:7317] [DMG] ICR moving to [AwaitingRe][0m
[0;32m[1784655173.781] [7315:7317] [EM] <<< [E:53202i S:0 M:185081247 (Ack:142462622)] (U) Msg TX from 324F327717B900EB to 0:0000000000000000 [0000] [UDP:[fe80::bfe:a203:38f0:bce7%enp0s3]:5540] --- Type 0000:10 (SecureChannel:StandaloneAck) (B:26)[0m
[0;34m[1784655173.781] [7315:7317] [EM] Flushed pending ack for MessageCounter:142462622 on exchange 53202i[0m
[0;32m[1784655173.790] [7315:7317] [EM] >>> [E:53203i S:38490 M:24624756 (Ack:186586943)] (S) Msg RX from 1:0000000000000001 [FC08] to 000000000001B669 --- Type 0001:09 (IM:InvokeCommandResponse) (B:70)[0m
[0;34m[1784655173.790] [7315:7317] [EM] Found matching exchange: 53203i, Delegate: 0x7d3a3c00eef8[0m
[0;34m[1784655173.790] [7315:7317] [EM] Rxd Ack; Removing MessageCounter:186586943 from Retrans Table on exchange 53203i[0m
[0;34m[1784655173.790] [7315:7317] [DMG] ICR moving to [ResponseRe][0m
[0;34m[1784655173.790] [7315:7317] [DMG] InvokeResponseMessage =[0m
[0;34m[1784655173.790] [7315:7317] [DMG] {[0m
[0;34m[1784655173.790] [7315:7317] [DMG] 	suppressResponse = false, [0m
[0;34m[1784655173.790] [7315:7317] [DMG] 	InvokeResponseIBs =[0m
[0;34m[1784655173.790] [7315:7317] [DMG] 	[[0m
[0;34m[1784655173.790] [7315:7317] [DMG] 		InvokeResponseIB =[0m
[0;34m[1784655173.790] [7315:7317] [DMG] 		{[0m
[0;34m[1784655173.790] [7315:7317] [DMG] 			CommandDataIB =[0m
[0;34m[1784655173.790] [7315:7317] [DMG] 			{[0m
[0;34m[1784655173.790] [7315:7317] [DMG] 				CommandPathIB =[0m
[0;34m[1784655173.790] [7315:7317] [DMG] 				{[0m
[0;34m[1784655173.790] [7315:7317] [DMG] 					EndpointId = 0x0,[0m
[0;34m[1784655173.790] [7315:7317] [DMG] 					ClusterId = 0x3e,[0m
[0;34m[1784655173.790] [7315:7317] [DMG] 					CommandId = 0x8,[0m
[0;34m[1784655173.790] [7315:7317] [DMG] 				},[0m
[0;34m[1784655173.790] [7315:7317] [DMG] 				[0m
[0;34m[1784655173.790] [7315:7317] [DMG] 				CommandFields = [0m
[0;34m[1784655173.790] [7315:7317] [DMG] 				{[0m
[0;34m[1784655173.790] [7315:7317] [DMG] 					0x0 = 0 (unsigned), [0m
[0;34m[1784655173.790] [7315:7317] [DMG] 					0x1 = 1 (unsigned), [0m
[0;34m[1784655173.790] [7315:7317] [DMG] 				},[0m
[0;34m[1784655173.790] [7315:7317] [DMG] 			},[0m
[0;34m[1784655173.790] [7315:7317] [DMG] 			[0m
[0;34m[1784655173.790] [7315:7317] [DMG] 		},[0m
[0;34m[1784655173.790] [7315:7317] [DMG] 		[0m
[0;34m[1784655173.790] [7315:7317] [DMG] 	],[0m
[0;34m[1784655173.790] [7315:7317] [DMG] 	[0m
[0;34m[1784655173.790] [7315:7317] [DMG] 	InteractionModelRevision = 12[0m
[0;34m[1784655173.790] [7315:7317] [DMG] },[0m
[0;32m[1784655173.790] [7315:7317] [DMG] Received Command Response Data, Endpoint=0 Cluster=0x0000_003E Command=0x0000_0008[0m
[0;32m[1784655173.790] [7315:7317] [TOO] Endpoint: 0 Cluster: 0x0000_003E Command 0x0000_0008[0m
[0;32m[1784655173.790] [7315:7317] [TOO]   NOCResponse: {[0m
[0;32m[1784655173.790] [7315:7317] [TOO]     statusCode: 0[0m
[0;32m[1784655173.790] [7315:7317] [TOO]     fabricIndex: 1[0m
[0;32m[1784655173.790] [7315:7317] [TOO]    }[0m
[0;34m[1784655173.790] [7315:7317] [DMG] ICR moving to [AwaitingDe][0m
[0;32m[1784655173.790] [7315:7317] [EM] <<< [E:53203i S:38490 M:186586944 (Ack:24624756)] (S) Msg TX from 000000000001B669 to 1:0000000000000001 [FC08] [UDP:[fe80::bfe:a203:38f0:bce7%enp0s3]:5540] --- Type 0000:10 (SecureChannel:StandaloneAck) (B:34)[0m
[0;34m[1784655173.790] [7315:7317] [EM] Flushed pending ack for MessageCounter:24624756 on exchange 53203i[0m
[0;34m[1784655173.790] [7315:7315] [CTL] Shutting down the commissioner[0m
[0;32m[1784655173.790] [7315:7315] [PAF] WiFiPAF: Closing all WiFiPAF sessions to shutdown[0m
[0;34m[1784655173.791] [7315:7315] [CTL] Shutting down the controller[0m
[0;34m[1784655173.791] [7315:7315] [IN] Expiring all sessions for fabric 0x1!![0m
[0;34m[1784655173.791] [7315:7315] [IN] SecureSession[0x7d3a3c009cd0]: MarkForEviction Type:2 LSID:38490[0m
[0;32m[1784655173.791] [7315:7315] [SC] SecureSession[0x7d3a3c009cd0, LSID:38490]: State change 'kActive' --> 'kPendingEviction'[0m
[0;34m[1784655173.791] [7315:7315] [IN] SecureSession[0x7d3a3c009cd0]: Released - Type:2 LSID:38490[0m
[0;32m[1784655173.791] [7315:7315] [FP] Forgetting fabric 0x1[0m
[0;32m[1784655173.791] [7315:7315] [TS] Pending Last Known Good Time: 2023-10-14T01:16:48[0m
[0;32m[1784655173.791] [7315:7315] [TS] Previous Last Known Good Time: 2023-10-14T01:16:48[0m
[0;32m[1784655173.791] [7315:7315] [TS] Reverted Last Known Good Time to previous value[0m
[0;34m[1784655173.791] [7315:7315] [CTL] Shutting down the commissioner[0m
[0;32m[1784655173.791] [7315:7315] [PAF] WiFiPAF: Closing all WiFiPAF sessions to shutdown[0m
[0;34m[1784655173.791] [7315:7315] [CTL] Shutting down the controller[0m
[0;34m[1784655173.791] [7315:7315] [CTL] Shutting down the System State, this will teardown the CHIP Stack[0m
[0;34m[1784655173.791] [7315:7315] [DMG] All ReadHandler-s are clean, clear GlobalDirtySet[0m
[0;32m[1784655173.791] [7315:7315] [FP] Shutting down FabricTable[0m
[0;32m[1784655173.791] [7315:7315] [TS] Pending Last Known Good Time: 2023-10-14T01:16:48[0m
[0;32m[1784655173.791] [7315:7315] [TS] Previous Last Known Good Time: 2023-10-14T01:16:48[0m
[0;32m[1784655173.791] [7315:7315] [TS] Reverted Last Known Good Time to previous value[0m
[0;34m[1784655173.793] [7315:7315] [DL] Wrote settings to /tmp/chip_counters.ini[0m
[0;32m[1784655173.793] [7315:7315] [DL] NVS set: chip-counters/total-operational-hours = 0 (0x0)[0m
[0;32m[1784655173.793] [7315:7315] [DL] Inet Layer shutdown[0m
[0;32m[1784655173.793] [7315:7315] [DL] BLE Layer shutdown[0m
[0;32m[1784655173.793] [7315:7315] [DL] WiFi-PAF Layer shutdown[0m
[0;32m[1784655173.793] [7315:7315] [PAF] WiFiPAF: Closing all WiFiPAF sessions to shutdown[0m
[0;32m[1784655173.793] [7315:7315] [DL] System Layer shutdown[0m
