[0;34m[1784656019.033] [9971:9971] [DL] ChipLinuxStorage::Init: Using KVS config file: /tmp/chip_tool_kvs[0m
[1;31m[1784656019.034] [9971:9971] [DL] ChipLinuxStorage::Init: Attempt to re-initialize with KVS config file: /tmp/chip_kvs, IGNORING.[0m
[0;34m[1784656019.035] [9971:9971] [DL] ChipLinuxStorage::Init: Using KVS config file: /tmp/chip_factory.ini[0m
[0;34m[1784656019.035] [9971:9971] [DL] ChipLinuxStorage::Init: Using KVS config file: /tmp/chip_config.ini[0m
[0;34m[1784656019.035] [9971:9971] [DL] ChipLinuxStorage::Init: Using KVS config file: /tmp/chip_counters.ini[0m
[0;34m[1784656019.038] [9971:9971] [DL] Wrote settings to /tmp/chip_counters.ini[0m
[0;32m[1784656019.038] [9971:9971] [DL] NVS set: chip-counters/reboot-count = 3 (0x3)[0m
[0;32m[1784656019.039] [9971:9971] [DL] Got Ethernet interface: enp0s3[0m
[0;32m[1784656019.039] [9971:9971] [DL] Found the primary Ethernet interface:enp0s3[0m
[1;31m[1784656019.039] [9971:9971] [DL] Failed to get WiFi interface[0m
[1;31m[1784656019.039] [9971:9971] [DL] Failed to reset WiFi statistic counts[0m
[0;32m[1784656019.039] [9971:9971] [PAF] WiFiPAF: WiFiPAFLayer::Init()[0m
[0;34m[1784656019.039] [9971:9971] [IN] UDP::Init bind&listen port=0[0m
[0;34m[1784656019.039] [9971:9971] [IN] UDP::Init bound to port=43913[0m
[0;34m[1784656019.039] [9971:9971] [IN] UDP::Init bind&listen port=0[0m
[0;34m[1784656019.039] [9971:9971] [IN] UDP::Init bound to port=40869[0m
[0;34m[1784656019.039] [9971:9971] [IN] BLEBase::Init - setting/overriding transport[0m
[0;34m[1784656019.039] [9971:9971] [IN] WiFiPAFBase::Init - setting/overriding transport[0m
[0;34m[1784656019.039] [9971:9971] [IN] TransportMgr initialized[0m
[0;34m[1784656019.039] [9971:9971] [FP] Initializing FabricTable from persistent storage[0m
[0;32m[1784656019.039] [9971:9971] [TS] Last Known Good Time: 2023-10-14T01:16:48[0m
[0;32m[1784656019.039] [9971:9971] [FP] Fabric index 0x1 was retrieved from storage. Compressed FabricId 0xA893AF48F76DC991, FabricId 0x0000000000000001, NodeId 0x000000000001B669, VendorId 0xFFF1[0m
[0;32m[1784656019.040] [9971:9971] [DMG] Ember attribute persistence requires setting up[0m
[0;32m[1784656019.040] [9971:9971] [ZCL] Using ZAP configuration...[0m
[0;34m[1784656019.040] [9971:9971] [CTL] System State Initialized...[0m
[0;32m[1784656019.040] [9971:9971] [CTL] Setting attestation nonce to random value[0m
[0;32m[1784656019.040] [9971:9971] [CTL] Setting CSR nonce to random value[0m
[0;34m[1784656019.040] [9971:9973] [DL] CHIP task running[0m
[0;32m[1784656019.040] [9971:9973] [CTL] Setting attestation nonce to random value[0m
[0;32m[1784656019.040] [9971:9973] [CTL] Setting CSR nonce to random value[0m
[0;32m[1784656019.041] [9971:9973] [CTL] Generating NOC[0m
[0;32m[1784656019.041] [9971:9973] [FP] Validating NOC chain[0m
[0;32m[1784656019.041] [9971:9973] [FP] NOC chain validation successful[0m
[0;32m[1784656019.041] [9971:9973] [FP] Updated fabric at index: 0x1, Node ID: 0x000000000001B669[0m
[0;32m[1784656019.041] [9971:9973] [TS] Last Known Good Time: 2023-10-14T01:16:48[0m
[0;32m[1784656019.041] [9971:9973] [TS] New proposed Last Known Good Time: 2021-01-01T00:00:00[0m
[0;32m[1784656019.041] [9971:9973] [TS] Retaining current Last Known Good Time[0m
[0;32m[1784656019.043] [9971:9973] [FP] Metadata for Fabric 0x1 persisted to storage.[0m
[0;32m[1784656019.044] [9971:9973] [TS] Committing Last Known Good Time to storage: 2023-10-14T01:16:48[0m
[0;32m[1784656019.045] [9971:9973] [CTL] Joined the fabric at index 1. Fabric ID is 0x0000000000000001 (Compressed Fabric ID: A893AF48F76DC991)[0m
[0;32m[1784656019.050] [9971:9973] [TOO] Sending command to node 0x1[0m
[0;34m[1784656019.050] [9971:9973] [CSM] FindOrEstablishSession: PeerId = [1:0000000000000001][0m
[0;34m[1784656019.050] [9971:9973] [CSM] FindOrEstablishSession: No existing OperationalSessionSetup instance found[0m
[0;34m[1784656019.050] [9971:9973] [DIS] OperationalSessionSetup[1:0000000000000001]: State change 1 --> 2[0m
[0;32m[1784656019.051] [9971:9973] [DIS] Lookup started for A893AF48F76DC991-0000000000000001[0m
[0;32m[1784656019.051] [9971:9973] [DIS] UDP:[fe80::bfe:a203:38f0:bce7%enp0s3]:5540: new best score: 7 (for A893AF48F76DC991-0000000000000001)[0m
[0;34m[1784656019.051] [9971:9973] [DIS] Lookup clearing interface for non LL address[0m
[0;32m[1784656019.051] [9971:9973] [DIS] UDP:10.0.2.15%enp0s3:5540: new best score: 2 (for A893AF48F76DC991-0000000000000001)[0m
[0;32m[1784656019.051] [9971:9973] [DIS] Checking node lookup status for A893AF48F76DC991-0000000000000001 after 1 ms[0m
[0;32m[1784656019.051] [9971:9973] [DIS] Keeping DNSSD lookup active[0m
[0;32m[1784656019.051] [9971:9973] [DIS] UDP:[fe80::bfe:a203:38f0:bce7%enp0s3]:5540: score has not improved: 7 (for A893AF48F76DC991-0000000000000001)[0m
[0;34m[1784656019.051] [9971:9973] [DIS] Lookup clearing interface for non LL address[0m
[0;32m[1784656019.051] [9971:9973] [DIS] UDP:10.0.2.15%enp0s3:5540: score has not improved: 2 (for A893AF48F76DC991-0000000000000001)[0m
[0;32m[1784656019.051] [9971:9973] [DIS] Checking node lookup status for A893AF48F76DC991-0000000000000001 after 1 ms[0m
[0;32m[1784656019.051] [9971:9973] [DIS] Keeping DNSSD lookup active[0m
[0;32m[1784656019.251] [9971:9973] [DIS] Checking node lookup status for A893AF48F76DC991-0000000000000001 after 201 ms[0m
[0;34m[1784656019.251] [9971:9973] [DIS] OperationalSessionSetup[1:0000000000000001]: Updating device address to UDP:[fe80::bfe:a203:38f0:bce7%enp0s3]:5540 while in state 2[0m
[0;34m[1784656019.251] [9971:9973] [DIS] OperationalSessionSetup[1:0000000000000001]: State change 2 --> 3[0m
[0;34m[1784656019.251] [9971:9973] [IN] SecureSession[0x73afac009cd0]: Allocated Type:2 LSID:36016[0m
[0;32m[1784656019.251] [9971:9973] [SC] Initiating session on local FabricIndex 1 from 0x000000000001B669 -> 0x0000000000000001[0m
[0;32m[1784656019.252] [9971:9973] [EM] <<< [E:29506i S:0 M:55215202] (U) Msg TX from 973FC906CB3CFCBE to 0:0000000000000000 [0000] [UDP:[fe80::bfe:a203:38f0:bce7%enp0s3]:5540] --- Type 0000:30 (SecureChannel:CASE_Sigma1) (B:196)[0m
[0;32m[1784656019.252] [9971:9973] [EM] ??1 [E:29506i S:0 M:55215202] (U) Msg Retransmission to 0:0000000000000000 scheduled for 618ms from now [State:Idle II:500 AI:300 AT:4000][0m
[0;32m[1784656019.252] [9971:9973] [SC] Sent Sigma1 msg to <0000000000000001, 1> [II:500ms AI:300ms AT:4000ms][0m
[0;34m[1784656019.252] [9971:9973] [DIS] OperationalSessionSetup[1:0000000000000001]: State change 3 --> 4[0m
[0;32m[1784656019.254] [9971:9973] [EM] >>> [E:29506i S:0 M:78514333 (Ack:55215202)] (U) Msg RX from 0:0000000000000000 [0000] to 973FC906CB3CFCBE --- Type 0000:31 (SecureChannel:CASE_Sigma2) (B:751)[0m
[0;34m[1784656019.254] [9971:9973] [EM] Found matching exchange: 29506i, Delegate: 0x73afac00b8e8[0m
[0;34m[1784656019.254] [9971:9973] [EM] Rxd Ack; Removing MessageCounter:55215202 from Retrans Table on exchange 29506i[0m
[0;32m[1784656019.254] [9971:9973] [SC] Received Sigma2 msg[0m
[0;34m[1784656019.254] [9971:9973] [SC] Found MRP parameters in the message[0m
[0;34m[1784656019.255] [9971:9973] [SC] Peer <0000000000000001, 1> assigned session ID 39839[0m
[0;34m[1784656019.255] [9971:9973] [SC] Sending Sigma3[0m
[0;32m[1784656019.255] [9971:9973] [EM] <<< [E:29506i S:0 M:55215203 (Ack:78514333)] (U) Msg TX from 973FC906CB3CFCBE to 0:0000000000000000 [0000] [UDP:[fe80::bfe:a203:38f0:bce7%enp0s3]:5540] --- Type 0000:32 (SecureChannel:CASE_Sigma3) (B:598)[0m
[0;32m[1784656019.255] [9971:9973] [EM] ??1 [E:29506i S:0 M:55215203] (U) Msg Retransmission to 0:0000000000000000 scheduled for 398ms from now [State:Active II:500 AI:300 AT:4000][0m
[0;32m[1784656019.255] [9971:9973] [SC] Sent Sigma3 msg[0m
[0;32m[1784656019.265] [9971:9973] [EM] >>> [E:29506i S:0 M:78514334 (Ack:55215203)] (U) Msg RX from 0:0000000000000000 [0000] to 973FC906CB3CFCBE --- Type 0000:40 (SecureChannel:StatusReport) (B:34)[0m
[0;34m[1784656019.265] [9971:9973] [EM] Found matching exchange: 29506i, Delegate: 0x73afac00b8e8[0m
[0;34m[1784656019.265] [9971:9973] [EM] Rxd Ack; Removing MessageCounter:55215203 from Retrans Table on exchange 29506i[0m
[0;32m[1784656019.265] [9971:9973] [SC] Success status report received. Session was established[0m
[0;32m[1784656019.266] [9971:9973] [SC] SecureSession[0x73afac009cd0, LSID:36016]: State change 'kEstablishing' --> 'kActive'[0m
[0;34m[1784656019.266] [9971:9973] [IN] SecureSession[0x73afac009cd0]: Activated - Type:2 LSID:36016[0m
[0;34m[1784656019.266] [9971:9973] [IN] New secure session activated for device <0000000000000001, 1>, LSID:36016 PSID:39839![0m
[0;34m[1784656019.266] [9971:9973] [DIS] OperationalSessionSetup[1:0000000000000001]: State change 4 --> 5[0m
[0;32m[1784656019.266] [9971:9973] [TOO] Sending cluster (0x00000030) command (0x00000000) on endpoint 0[0m
[0;34m[1784656019.266] [9971:9973] [DMG] ICR moving to [AddingComm][0m
[0;34m[1784656019.266] [9971:9973] [DMG] ICR moving to [AddedComma][0m
[0;32m[1784656019.266] [9971:9973] [EM] <<< [E:29507i S:36016 M:218712755] (S) Msg TX from 000000000001B669 to 1:0000000000000001 [C991] [UDP:[fe80::bfe:a203:38f0:bce7%enp0s3]:5540] --- Type 0001:08 (IM:InvokeCommandRequest) (B:65)[0m
[0;32m[1784656019.266] [9971:9973] [EM] ??1 [E:29507i S:36016 M:218712755] (S) Msg Retransmission to 1:0000000000000001 scheduled for 387ms from now [State:Active II:500 AI:300 AT:4000][0m
[0;34m[1784656019.266] [9971:9973] [DMG] ICR moving to [AwaitingRe][0m
[0;32m[1784656019.266] [9971:9973] [EM] <<< [E:29506i S:0 M:55215204 (Ack:78514334)] (U) Msg TX from 973FC906CB3CFCBE to 0:0000000000000000 [0000] [UDP:[fe80::bfe:a203:38f0:bce7%enp0s3]:5540] --- Type 0000:10 (SecureChannel:StandaloneAck) (B:26)[0m
[0;34m[1784656019.266] [9971:9973] [EM] Flushed pending ack for MessageCounter:78514334 on exchange 29506i[0m
[0;32m[1784656019.267] [9971:9973] [EM] >>> [E:29507i S:36016 M:244025013 (Ack:218712755)] (S) Msg RX from 1:0000000000000001 [C991] to 000000000001B669 --- Type 0001:09 (IM:InvokeCommandResponse) (B:70)[0m
[0;34m[1784656019.267] [9971:9973] [EM] Found matching exchange: 29507i, Delegate: 0x73afac00eef8[0m
[0;34m[1784656019.267] [9971:9973] [EM] Rxd Ack; Removing MessageCounter:218712755 from Retrans Table on exchange 29507i[0m
[0;34m[1784656019.267] [9971:9973] [DMG] ICR moving to [ResponseRe][0m
[0;34m[1784656019.267] [9971:9973] [DMG] InvokeResponseMessage =[0m
[0;34m[1784656019.267] [9971:9973] [DMG] {[0m
[0;34m[1784656019.267] [9971:9973] [DMG] 	suppressResponse = false, [0m
[0;34m[1784656019.267] [9971:9973] [DMG] 	InvokeResponseIBs =[0m
[0;34m[1784656019.267] [9971:9973] [DMG] 	[[0m
[0;34m[1784656019.267] [9971:9973] [DMG] 		InvokeResponseIB =[0m
[0;34m[1784656019.267] [9971:9973] [DMG] 		{[0m
[0;34m[1784656019.267] [9971:9973] [DMG] 			CommandDataIB =[0m
[0;34m[1784656019.267] [9971:9973] [DMG] 			{[0m
[0;34m[1784656019.267] [9971:9973] [DMG] 				CommandPathIB =[0m
[0;34m[1784656019.267] [9971:9973] [DMG] 				{[0m
[0;34m[1784656019.267] [9971:9973] [DMG] 					EndpointId = 0x0,[0m
[0;34m[1784656019.267] [9971:9973] [DMG] 					ClusterId = 0x30,[0m
[0;34m[1784656019.267] [9971:9973] [DMG] 					CommandId = 0x1,[0m
[0;34m[1784656019.267] [9971:9973] [DMG] 				},[0m
[0;34m[1784656019.267] [9971:9973] [DMG] 				[0m
[0;34m[1784656019.267] [9971:9973] [DMG] 				CommandFields = [0m
[0;34m[1784656019.267] [9971:9973] [DMG] 				{[0m
[0;34m[1784656019.267] [9971:9973] [DMG] 					0x0 = 0 (unsigned), [0m
[0;34m[1784656019.267] [9971:9973] [DMG] 					0x1 = "" (0 chars), [0m
[0;34m[1784656019.267] [9971:9973] [DMG] 				},[0m
[0;34m[1784656019.267] [9971:9973] [DMG] 			},[0m
[0;34m[1784656019.267] [9971:9973] [DMG] 			[0m
[0;34m[1784656019.267] [9971:9973] [DMG] 		},[0m
[0;34m[1784656019.267] [9971:9973] [DMG] 		[0m
[0;34m[1784656019.267] [9971:9973] [DMG] 	],[0m
[0;34m[1784656019.267] [9971:9973] [DMG] 	[0m
[0;34m[1784656019.267] [9971:9973] [DMG] 	InteractionModelRevision = 12[0m
[0;34m[1784656019.267] [9971:9973] [DMG] },[0m
[0;32m[1784656019.267] [9971:9973] [DMG] Received Command Response Data, Endpoint=0 Cluster=0x0000_0030 Command=0x0000_0001[0m
[0;32m[1784656019.267] [9971:9973] [TOO] Endpoint: 0 Cluster: 0x0000_0030 Command 0x0000_0001[0m
[0;32m[1784656019.267] [9971:9973] [TOO]   ArmFailSafeResponse: {[0m
[0;32m[1784656019.267] [9971:9973] [TOO]     errorCode: 0[0m
[0;32m[1784656019.267] [9971:9973] [TOO]     debugText: [0m
[0;32m[1784656019.267] [9971:9973] [TOO]    }[0m
[0;34m[1784656019.267] [9971:9973] [DMG] ICR moving to [AwaitingDe][0m
[0;32m[1784656019.267] [9971:9973] [EM] <<< [E:29507i S:36016 M:218712756 (Ack:244025013)] (S) Msg TX from 000000000001B669 to 1:0000000000000001 [C991] [UDP:[fe80::bfe:a203:38f0:bce7%enp0s3]:5540] --- Type 0000:10 (SecureChannel:StandaloneAck) (B:34)[0m
[0;34m[1784656019.267] [9971:9973] [EM] Flushed pending ack for MessageCounter:244025013 on exchange 29507i[0m
[0;34m[1784656019.267] [9971:9971] [CTL] Shutting down the commissioner[0m
[0;32m[1784656019.267] [9971:9971] [PAF] WiFiPAF: Closing all WiFiPAF sessions to shutdown[0m
[0;34m[1784656019.267] [9971:9971] [CTL] Shutting down the controller[0m
[0;34m[1784656019.267] [9971:9971] [IN] Expiring all sessions for fabric 0x1!![0m
[0;34m[1784656019.267] [9971:9971] [IN] SecureSession[0x73afac009cd0]: MarkForEviction Type:2 LSID:36016[0m
[0;32m[1784656019.267] [9971:9971] [SC] SecureSession[0x73afac009cd0, LSID:36016]: State change 'kActive' --> 'kPendingEviction'[0m
[0;34m[1784656019.267] [9971:9971] [IN] SecureSession[0x73afac009cd0]: Released - Type:2 LSID:36016[0m
[0;32m[1784656019.267] [9971:9971] [FP] Forgetting fabric 0x1[0m
[0;32m[1784656019.267] [9971:9971] [TS] Pending Last Known Good Time: 2023-10-14T01:16:48[0m
[0;32m[1784656019.267] [9971:9971] [TS] Previous Last Known Good Time: 2023-10-14T01:16:48[0m
[0;32m[1784656019.267] [9971:9971] [TS] Reverted Last Known Good Time to previous value[0m
[0;34m[1784656019.267] [9971:9971] [CTL] Shutting down the commissioner[0m
[0;32m[1784656019.267] [9971:9971] [PAF] WiFiPAF: Closing all WiFiPAF sessions to shutdown[0m
[0;34m[1784656019.267] [9971:9971] [CTL] Shutting down the controller[0m
[0;34m[1784656019.267] [9971:9971] [CTL] Shutting down the System State, this will teardown the CHIP Stack[0m
[0;34m[1784656019.267] [9971:9971] [DMG] All ReadHandler-s are clean, clear GlobalDirtySet[0m
[0;32m[1784656019.267] [9971:9971] [FP] Shutting down FabricTable[0m
[0;32m[1784656019.267] [9971:9971] [TS] Pending Last Known Good Time: 2023-10-14T01:16:48[0m
[0;32m[1784656019.267] [9971:9971] [TS] Previous Last Known Good Time: 2023-10-14T01:16:48[0m
[0;32m[1784656019.267] [9971:9971] [TS] Reverted Last Known Good Time to previous value[0m
[0;34m[1784656019.269] [9971:9971] [DL] Wrote settings to /tmp/chip_counters.ini[0m
[0;32m[1784656019.269] [9971:9971] [DL] NVS set: chip-counters/total-operational-hours = 0 (0x0)[0m
[0;32m[1784656019.269] [9971:9971] [DL] Inet Layer shutdown[0m
[0;32m[1784656019.269] [9971:9971] [DL] BLE Layer shutdown[0m
[0;32m[1784656019.269] [9971:9971] [DL] WiFi-PAF Layer shutdown[0m
[0;32m[1784656019.269] [9971:9971] [PAF] WiFiPAF: Closing all WiFiPAF sessions to shutdown[0m
[0;32m[1784656019.269] [9971:9971] [DL] System Layer shutdown[0m
