[0;34m[1784656019.316] [9975:9975] [DL] ChipLinuxStorage::Init: Using KVS config file: /tmp/chip_tool_kvs[0m
[1;31m[1784656019.318] [9975:9975] [DL] ChipLinuxStorage::Init: Attempt to re-initialize with KVS config file: /tmp/chip_kvs, IGNORING.[0m
[0;34m[1784656019.320] [9975:9975] [DL] ChipLinuxStorage::Init: Using KVS config file: /tmp/chip_factory.ini[0m
[0;34m[1784656019.320] [9975:9975] [DL] ChipLinuxStorage::Init: Using KVS config file: /tmp/chip_config.ini[0m
[0;34m[1784656019.320] [9975:9975] [DL] ChipLinuxStorage::Init: Using KVS config file: /tmp/chip_counters.ini[0m
[0;34m[1784656019.324] [9975:9975] [DL] Wrote settings to /tmp/chip_counters.ini[0m
[0;32m[1784656019.324] [9975:9975] [DL] NVS set: chip-counters/reboot-count = 4 (0x4)[0m
[0;32m[1784656019.324] [9975:9975] [DL] Got Ethernet interface: enp0s3[0m
[0;32m[1784656019.325] [9975:9975] [DL] Found the primary Ethernet interface:enp0s3[0m
[1;31m[1784656019.325] [9975:9975] [DL] Failed to get WiFi interface[0m
[1;31m[1784656019.325] [9975:9975] [DL] Failed to reset WiFi statistic counts[0m
[0;32m[1784656019.325] [9975:9975] [PAF] WiFiPAF: WiFiPAFLayer::Init()[0m
[0;34m[1784656019.325] [9975:9975] [IN] UDP::Init bind&listen port=0[0m
[0;34m[1784656019.325] [9975:9975] [IN] UDP::Init bound to port=51091[0m
[0;34m[1784656019.325] [9975:9975] [IN] UDP::Init bind&listen port=0[0m
[0;34m[1784656019.325] [9975:9975] [IN] UDP::Init bound to port=37177[0m
[0;34m[1784656019.325] [9975:9975] [IN] BLEBase::Init - setting/overriding transport[0m
[0;34m[1784656019.325] [9975:9975] [IN] WiFiPAFBase::Init - setting/overriding transport[0m
[0;34m[1784656019.325] [9975:9975] [IN] TransportMgr initialized[0m
[0;34m[1784656019.325] [9975:9975] [FP] Initializing FabricTable from persistent storage[0m
[0;32m[1784656019.325] [9975:9975] [TS] Last Known Good Time: 2023-10-14T01:16:48[0m
[0;32m[1784656019.325] [9975:9975] [FP] Fabric index 0x1 was retrieved from storage. Compressed FabricId 0xA893AF48F76DC991, FabricId 0x0000000000000001, NodeId 0x000000000001B669, VendorId 0xFFF1[0m
[0;32m[1784656019.326] [9975:9975] [DMG] Ember attribute persistence requires setting up[0m
[0;32m[1784656019.326] [9975:9975] [ZCL] Using ZAP configuration...[0m
[0;34m[1784656019.326] [9975:9975] [CTL] System State Initialized...[0m
[0;32m[1784656019.326] [9975:9975] [CTL] Setting attestation nonce to random value[0m
[0;32m[1784656019.326] [9975:9975] [CTL] Setting CSR nonce to random value[0m
[0;34m[1784656019.326] [9975:9977] [DL] CHIP task running[0m
[0;32m[1784656019.326] [9975:9977] [CTL] Setting attestation nonce to random value[0m
[0;32m[1784656019.326] [9975:9977] [CTL] Setting CSR nonce to random value[0m
[0;32m[1784656019.326] [9975:9977] [CTL] Generating NOC[0m
[0;32m[1784656019.327] [9975:9977] [FP] Validating NOC chain[0m
[0;32m[1784656019.327] [9975:9977] [FP] NOC chain validation successful[0m
[0;32m[1784656019.327] [9975:9977] [FP] Updated fabric at index: 0x1, Node ID: 0x000000000001B669[0m
[0;32m[1784656019.327] [9975:9977] [TS] Last Known Good Time: 2023-10-14T01:16:48[0m
[0;32m[1784656019.327] [9975:9977] [TS] New proposed Last Known Good Time: 2021-01-01T00:00:00[0m
[0;32m[1784656019.327] [9975:9977] [TS] Retaining current Last Known Good Time[0m
[0;32m[1784656019.329] [9975:9977] [FP] Metadata for Fabric 0x1 persisted to storage.[0m
[0;32m[1784656019.330] [9975:9977] [TS] Committing Last Known Good Time to storage: 2023-10-14T01:16:48[0m
[0;32m[1784656019.331] [9975:9977] [CTL] Joined the fabric at index 1. Fabric ID is 0x0000000000000001 (Compressed Fabric ID: A893AF48F76DC991)[0m
[0;32m[1784656019.336] [9975:9977] [TOO] Sending command to node 0x1[0m
[0;34m[1784656019.337] [9975:9977] [CSM] FindOrEstablishSession: PeerId = [1:0000000000000001][0m
[0;34m[1784656019.337] [9975:9977] [CSM] FindOrEstablishSession: No existing OperationalSessionSetup instance found[0m
[0;34m[1784656019.337] [9975:9977] [DIS] OperationalSessionSetup[1:0000000000000001]: State change 1 --> 2[0m
[0;32m[1784656019.337] [9975:9977] [DIS] Lookup started for A893AF48F76DC991-0000000000000001[0m
[0;32m[1784656019.337] [9975:9977] [DIS] UDP:[fe80::bfe:a203:38f0:bce7%enp0s3]:5540: new best score: 7 (for A893AF48F76DC991-0000000000000001)[0m
[0;34m[1784656019.337] [9975:9977] [DIS] Lookup clearing interface for non LL address[0m
[0;32m[1784656019.337] [9975:9977] [DIS] UDP:10.0.2.15%enp0s3:5540: new best score: 2 (for A893AF48F76DC991-0000000000000001)[0m
[0;32m[1784656019.337] [9975:9977] [DIS] Checking node lookup status for A893AF48F76DC991-0000000000000001 after 0 ms[0m
[0;32m[1784656019.337] [9975:9977] [DIS] Keeping DNSSD lookup active[0m
[0;32m[1784656019.337] [9975:9977] [DIS] UDP:[fe80::bfe:a203:38f0:bce7%enp0s3]:5540: score has not improved: 7 (for A893AF48F76DC991-0000000000000001)[0m
[0;34m[1784656019.337] [9975:9977] [DIS] Lookup clearing interface for non LL address[0m
[0;32m[1784656019.337] [9975:9977] [DIS] UDP:10.0.2.15%enp0s3:5540: score has not improved: 2 (for A893AF48F76DC991-0000000000000001)[0m
[0;32m[1784656019.337] [9975:9977] [DIS] Checking node lookup status for A893AF48F76DC991-0000000000000001 after 0 ms[0m
[0;32m[1784656019.337] [9975:9977] [DIS] Keeping DNSSD lookup active[0m
[0;32m[1784656019.538] [9975:9977] [DIS] Checking node lookup status for A893AF48F76DC991-0000000000000001 after 201 ms[0m
[0;34m[1784656019.538] [9975:9977] [DIS] OperationalSessionSetup[1:0000000000000001]: Updating device address to UDP:[fe80::bfe:a203:38f0:bce7%enp0s3]:5540 while in state 2[0m
[0;34m[1784656019.538] [9975:9977] [DIS] OperationalSessionSetup[1:0000000000000001]: State change 2 --> 3[0m
[0;34m[1784656019.538] [9975:9977] [IN] SecureSession[0x77a294009cd0]: Allocated Type:2 LSID:11849[0m
[0;32m[1784656019.538] [9975:9977] [SC] Initiating session on local FabricIndex 1 from 0x000000000001B669 -> 0x0000000000000001[0m
[0;32m[1784656019.538] [9975:9977] [EM] <<< [E:56045i S:0 M:238596705] (U) Msg TX from B284D2CDC29AFD89 to 0:0000000000000000 [0000] [UDP:[fe80::bfe:a203:38f0:bce7%enp0s3]:5540] --- Type 0000:30 (SecureChannel:CASE_Sigma1) (B:196)[0m
[0;32m[1784656019.538] [9975:9977] [EM] ??1 [E:56045i S:0 M:238596705] (U) Msg Retransmission to 0:0000000000000000 scheduled for 608ms from now [State:Idle II:500 AI:300 AT:4000][0m
[0;32m[1784656019.538] [9975:9977] [SC] Sent Sigma1 msg to <0000000000000001, 1> [II:500ms AI:300ms AT:4000ms][0m
[0;34m[1784656019.538] [9975:9977] [DIS] OperationalSessionSetup[1:0000000000000001]: State change 3 --> 4[0m
[0;32m[1784656019.539] [9975:9977] [EM] >>> [E:56045i S:0 M:78514335 (Ack:238596705)] (U) Msg RX from 0:0000000000000000 [0000] to B284D2CDC29AFD89 --- Type 0000:31 (SecureChannel:CASE_Sigma2) (B:751)[0m
[0;34m[1784656019.539] [9975:9977] [EM] Found matching exchange: 56045i, Delegate: 0x77a29400b8e8[0m
[0;34m[1784656019.539] [9975:9977] [EM] Rxd Ack; Removing MessageCounter:238596705 from Retrans Table on exchange 56045i[0m
[0;32m[1784656019.539] [9975:9977] [SC] Received Sigma2 msg[0m
[0;34m[1784656019.539] [9975:9977] [SC] Found MRP parameters in the message[0m
[0;34m[1784656019.540] [9975:9977] [SC] Peer <0000000000000001, 1> assigned session ID 39840[0m
[0;34m[1784656019.540] [9975:9977] [SC] Sending Sigma3[0m
[0;32m[1784656019.540] [9975:9977] [EM] <<< [E:56045i S:0 M:238596706 (Ack:78514335)] (U) Msg TX from B284D2CDC29AFD89 to 0:0000000000000000 [0000] [UDP:[fe80::bfe:a203:38f0:bce7%enp0s3]:5540] --- Type 0000:32 (SecureChannel:CASE_Sigma3) (B:598)[0m
[0;32m[1784656019.540] [9975:9977] [EM] ??1 [E:56045i S:0 M:238596706] (U) Msg Retransmission to 0:0000000000000000 scheduled for 337ms from now [State:Active II:500 AI:300 AT:4000][0m
[0;32m[1784656019.540] [9975:9977] [SC] Sent Sigma3 msg[0m
[0;32m[1784656019.549] [9975:9977] [EM] >>> [E:56045i S:0 M:78514336 (Ack:238596706)] (U) Msg RX from 0:0000000000000000 [0000] to B284D2CDC29AFD89 --- Type 0000:40 (SecureChannel:StatusReport) (B:34)[0m
[0;34m[1784656019.549] [9975:9977] [EM] Found matching exchange: 56045i, Delegate: 0x77a29400b8e8[0m
[0;34m[1784656019.549] [9975:9977] [EM] Rxd Ack; Removing MessageCounter:238596706 from Retrans Table on exchange 56045i[0m
[0;32m[1784656019.549] [9975:9977] [SC] Success status report received. Session was established[0m
[0;32m[1784656019.551] [9975:9977] [SC] SecureSession[0x77a294009cd0, LSID:11849]: State change 'kEstablishing' --> 'kActive'[0m
[0;34m[1784656019.551] [9975:9977] [IN] SecureSession[0x77a294009cd0]: Activated - Type:2 LSID:11849[0m
[0;34m[1784656019.551] [9975:9977] [IN] New secure session activated for device <0000000000000001, 1>, LSID:11849 PSID:39840![0m
[0;34m[1784656019.551] [9975:9977] [DIS] OperationalSessionSetup[1:0000000000000001]: State change 4 --> 5[0m
[0;32m[1784656019.551] [9975:9977] [TOO] Sending cluster (0x0000003E) command (0x00000004) on endpoint 0[0m
[0;34m[1784656019.551] [9975:9977] [DMG] ICR moving to [AddingComm][0m
[0;34m[1784656019.551] [9975:9977] [DMG] ICR moving to [AddedComma][0m
[0;32m[1784656019.551] [9975:9977] [EM] <<< [E:56046i S:11849 M:223025763] (S) Msg TX from 000000000001B669 to 1:0000000000000001 [C991] [UDP:[fe80::bfe:a203:38f0:bce7%enp0s3]:5540] --- Type 0001:08 (IM:InvokeCommandRequest) (B:96)[0m
[0;32m[1784656019.551] [9975:9977] [EM] ??1 [E:56046i S:11849 M:223025763] (S) Msg Retransmission to 1:0000000000000001 scheduled for 371ms from now [State:Active II:500 AI:300 AT:4000][0m
[0;34m[1784656019.551] [9975:9977] [DMG] ICR moving to [AwaitingRe][0m
[0;32m[1784656019.551] [9975:9977] [EM] <<< [E:56045i S:0 M:238596707 (Ack:78514336)] (U) Msg TX from B284D2CDC29AFD89 to 0:0000000000000000 [0000] [UDP:[fe80::bfe:a203:38f0:bce7%enp0s3]:5540] --- Type 0000:10 (SecureChannel:StandaloneAck) (B:26)[0m
[0;34m[1784656019.551] [9975:9977] [EM] Flushed pending ack for MessageCounter:78514336 on exchange 56045i[0m
[0;32m[1784656019.552] [9975:9977] [EM] >>> [E:56046i S:11849 M:151832415 (Ack:223025763)] (S) Msg RX from 1:0000000000000001 [C991] to 000000000001B669 --- Type 0001:09 (IM:InvokeCommandResponse) (B:378)[0m
[0;34m[1784656019.552] [9975:9977] [EM] Found matching exchange: 56046i, Delegate: 0x77a29400eef8[0m
[0;34m[1784656019.552] [9975:9977] [EM] Rxd Ack; Removing MessageCounter:223025763 from Retrans Table on exchange 56046i[0m
[0;34m[1784656019.552] [9975:9977] [DMG] ICR moving to [ResponseRe][0m
[0;34m[1784656019.552] [9975:9977] [DMG] InvokeResponseMessage =[0m
[0;34m[1784656019.552] [9975:9977] [DMG] {[0m
[0;34m[1784656019.552] [9975:9977] [DMG] 	suppressResponse = false, [0m
[0;34m[1784656019.552] [9975:9977] [DMG] 	InvokeResponseIBs =[0m
[0;34m[1784656019.552] [9975:9977] [DMG] 	[[0m
[0;34m[1784656019.552] [9975:9977] [DMG] 		InvokeResponseIB =[0m
[0;34m[1784656019.552] [9975:9977] [DMG] 		{[0m
[0;34m[1784656019.552] [9975:9977] [DMG] 			CommandDataIB =[0m
[0;34m[1784656019.552] [9975:9977] [DMG] 			{[0m
[0;34m[1784656019.552] [9975:9977] [DMG] 				CommandPathIB =[0m
[0;34m[1784656019.552] [9975:9977] [DMG] 				{[0m
[0;34m[1784656019.552] [9975:9977] [DMG] 					EndpointId = 0x0,[0m
[0;34m[1784656019.552] [9975:9977] [DMG] 					ClusterId = 0x3e,[0m
[0;34m[1784656019.552] [9975:9977] [DMG] 					CommandId = 0x5,[0m
[0;34m[1784656019.552] [9975:9977] [DMG] 				},[0m
[0;34m[1784656019.552] [9975:9977] [DMG] 				[0m
[0;34m[1784656019.552] [9975:9977] [DMG] 				CommandFields = [0m
[0;34m[1784656019.552] [9975:9977] [DMG] 				{[0m
[0;34m[1784656019.552] [9975:9977] [DMG] 					0x0 = [[0m
[0;34m[1784656019.552] [9975:9977] [DMG] 							0x15, 0x30, 0x01, 0xcc, 0x30, 0x81, 0xc9, 0x30, 0x70, 0x02, 0x01, 0x00, 0x30, 0x0e, 0x31, 0x0c, 0x30, 0x0a, 0x06, 0x03, 0x55, 0x04, 0x0a, 0x0c, 0x03, 0x43, 0x53, 0x52, 0x30, 0x59, 0x30, 0x13, 0x06, 0x07, 0x2a, 0x86, 0x48, 0xce, 0x3d, 0x02, 0x01, 0x06, 0x08, 0x2a, 0x86, 0x48, 0xce, 0x3d, 0x03, 0x01, 0x07, 0x03, 0x42, 0x00, 0x04, 0x02, 0xef, 0x0f, 0xf8, 0x8c, 0x10, 0x2d, 0x3b, 0x29, 0x3d, 0xfd, 0xe5, 0xcc, 0xfa, 0x52, 0xea, 0x92, 0xad, 0x99, 0x74, 0x0a, 0x16, 0x8c, 0xd8, 0x53, 0x4d, 0xa7, 0x5a, 0x0f, 0x14, 0xd7, 0xdf, 0xea, 0xf5, 0xf3, 0x73, 0x63, 0xd5, 0x43, 0x8f, 0x4c, 0xed, 0x21, 0x17, 0xae, 0x1b, 0xbb, 0x4e, 0x1e, 0x95, 0x8a, 0x1b, 0x7f, 0x4a, 0x68, 0x08, 0x05, 0xb2, 0x50, 0xb9, 0x60, 0x26, 0x49, 0x06, 0xa0, 0x00, 0x30, 0x0a, 0x06, 0x08, 0x2a, 0x86, 0x48, 0xce, 0x3d, 0x04, 0x03, 0x02, 0x03, 0x49, 0x00, 0x30, 0x46, 0x02, 0x21, 0x00, 0xe7, 0x4a, 0x3f, 0x30, 0xf1, 0xe4, 0x8a, 0x10, 0x26, 0xb1, 0x48, 0x2b, 0xad, 0x04, 0x1b, 0x86, 0x6d, 0x52, 0x89, 0x4d, 0x00, 0x54, 0x16, 0x32, 0xb0, 0x59, 0xc6, 0xd7, 0x20, 0x71, 0x85, 0xdd, 0x02, 0x21, 0x00, 0xf5, 0x92, 0x05, 0x67, 0xc5, 0x69, 0x51, 0xd6, 0x86, 0x06, 0x30, 0xfc, 0xbf, 0xcf, 0xa4, 0xcb, 0x68, 0x52, 0xf5, 0xc7, 0xf6, 0xcc, 0x4a, 0xbb, 0x11, 0x3d, 0xb8, 0x4a, 0x98, 0x68, 0xc2, 0x5b, 0x30, 0x02, 0x20, 0x48, 0xd7, 0x57, 0x87, 0x02, 0x84, 0x24, 0xfa, 0xb6, 0x20, 0x36, 0x09, 0xe6, 0x37, 0x09, 0x83, 0xe3, 0x21, 0x92, 0xfd, 0xdd, 0x1d, 0x18, 0x64, 0xf4, 0xa3, 0x76, 0x0f, 0x8c, 0x69, 0x86, 0x51, 0x18, [0m
[0;34m[1784656019.552] [9975:9977] [DMG] 					] (244 bytes)[0m
[0;34m[1784656019.552] [9975:9977] [DMG] 					0x1 = [[0m
[0;34m[1784656019.552] [9975:9977] [DMG] 							0x02, 0xe2, 0x07, 0xd3, 0x6b, 0xb0, 0x89, 0xe4, 0x7c, 0xe6, 0x17, 0xe3, 0x5b, 0x32, 0x66, 0x18, 0x7c, 0xdc, 0x75, 0x4a, 0xba, 0xc8, 0x57, 0xdc, 0x4a, 0x24, 0x0a, 0xfa, 0xd2, 0x62, 0x5c, 0xee, 0xc0, 0x99, 0xa0, 0x39, 0x0d, 0xdd, 0x5f, 0xd9, 0xab, 0xe5, 0xe2, 0x42, 0xf6, 0xd0, 0xe7, 0xa6, 0xe2, 0xd1, 0x8b, 0xe5, 0x7d, 0x3b, 0xb4, 0x12, 0x88, 0x5d, 0xf3, 0x91, 0xfb, 0x4d, 0x20, 0xab, [0m
[0;34m[1784656019.552] [9975:9977] [DMG] 					] (64 bytes)[0m
[0;34m[1784656019.552] [9975:9977] [DMG] 				},[0m
[0;34m[1784656019.552] [9975:9977] [DMG] 			},[0m
[0;34m[1784656019.552] [9975:9977] [DMG] 			[0m
[0;34m[1784656019.552] [9975:9977] [DMG] 		},[0m
[0;34m[1784656019.552] [9975:9977] [DMG] 		[0m
[0;34m[1784656019.552] [9975:9977] [DMG] 	],[0m
[0;34m[1784656019.552] [9975:9977] [DMG] 	[0m
[0;34m[1784656019.552] [9975:9977] [DMG] 	InteractionModelRevision = 12[0m
[0;34m[1784656019.552] [9975:9977] [DMG] },[0m
[0;32m[1784656019.552] [9975:9977] [DMG] Received Command Response Data, Endpoint=0 Cluster=0x0000_003E Command=0x0000_0005[0m
[0;32m[1784656019.552] [9975:9977] [TOO] Endpoint: 0 Cluster: 0x0000_003E Command 0x0000_0005[0m
[0;32m[1784656019.552] [9975:9977] [TOO]   CSRResponse: {[0m
[0;32m[1784656019.552] [9975:9977] [TOO]     NOCSRElements: 153001CC3081C93070020100300E310C300A060355040A0C034353523059301306072A8648CE3D020106082A8648CE3D0301070342000402EF0FF88C102D3B293DFDE5CCFA52EA92AD99740A168CD8534DA75A0F14D7DFEAF5F37363D5438F4CED2117AE1BBB4E1E958A1B7F4A680805B250B960264906A000300A06082A8648CE3D0403020349003046022100E74A3F30F1E48A1026B1482BAD041B866D52894D00541632B059C6D7207185DD022100F5920567C56951D6860630FCBFCFA4CB6852F5C7F6CC4ABB113DB84A9868C25B30022048D75787028424FAB6203609E6370983E32192FDDD1D1864F4A3760F8C69865118[0m
[0;32m[1784656019.552] [9975:9977] [TOO]     attestationSignature: 02E207D36BB089E47CE617E35B3266187CDC754ABAC857DC4A240AFAD2625CEEC099A0390DDD5FD9ABE5E242F6D0E7A6E2D18BE57D3BB412885DF391FB4D20AB[0m
[0;32m[1784656019.552] [9975:9977] [TOO]    }[0m
[0;34m[1784656019.552] [9975:9977] [DMG] ICR moving to [AwaitingDe][0m
[0;32m[1784656019.552] [9975:9977] [EM] <<< [E:56046i S:11849 M:223025764 (Ack:151832415)] (S) Msg TX from 000000000001B669 to 1:0000000000000001 [C991] [UDP:[fe80::bfe:a203:38f0:bce7%enp0s3]:5540] --- Type 0000:10 (SecureChannel:StandaloneAck) (B:34)[0m
[0;34m[1784656019.552] [9975:9977] [EM] Flushed pending ack for MessageCounter:151832415 on exchange 56046i[0m
[0;34m[1784656019.552] [9975:9975] [CTL] Shutting down the commissioner[0m
[0;32m[1784656019.552] [9975:9975] [PAF] WiFiPAF: Closing all WiFiPAF sessions to shutdown[0m
[0;34m[1784656019.552] [9975:9975] [CTL] Shutting down the controller[0m
[0;34m[1784656019.552] [9975:9975] [IN] Expiring all sessions for fabric 0x1!![0m
[0;34m[1784656019.552] [9975:9975] [IN] SecureSession[0x77a294009cd0]: MarkForEviction Type:2 LSID:11849[0m
[0;32m[1784656019.552] [9975:9975] [SC] SecureSession[0x77a294009cd0, LSID:11849]: State change 'kActive' --> 'kPendingEviction'[0m
[0;34m[1784656019.552] [9975:9975] [IN] SecureSession[0x77a294009cd0]: Released - Type:2 LSID:11849[0m
[0;32m[1784656019.552] [9975:9975] [FP] Forgetting fabric 0x1[0m
[0;32m[1784656019.552] [9975:9975] [TS] Pending Last Known Good Time: 2023-10-14T01:16:48[0m
[0;32m[1784656019.552] [9975:9975] [TS] Previous Last Known Good Time: 2023-10-14T01:16:48[0m
[0;32m[1784656019.552] [9975:9975] [TS] Reverted Last Known Good Time to previous value[0m
[0;34m[1784656019.552] [9975:9975] [CTL] Shutting down the commissioner[0m
[0;32m[1784656019.552] [9975:9975] [PAF] WiFiPAF: Closing all WiFiPAF sessions to shutdown[0m
[0;34m[1784656019.552] [9975:9975] [CTL] Shutting down the controller[0m
[0;34m[1784656019.552] [9975:9975] [CTL] Shutting down the System State, this will teardown the CHIP Stack[0m
[0;34m[1784656019.552] [9975:9975] [DMG] All ReadHandler-s are clean, clear GlobalDirtySet[0m
[0;32m[1784656019.552] [9975:9975] [FP] Shutting down FabricTable[0m
[0;32m[1784656019.552] [9975:9975] [TS] Pending Last Known Good Time: 2023-10-14T01:16:48[0m
[0;32m[1784656019.552] [9975:9975] [TS] Previous Last Known Good Time: 2023-10-14T01:16:48[0m
[0;32m[1784656019.552] [9975:9975] [TS] Reverted Last Known Good Time to previous value[0m
[0;34m[1784656019.555] [9975:9975] [DL] Wrote settings to /tmp/chip_counters.ini[0m
[0;32m[1784656019.555] [9975:9975] [DL] NVS set: chip-counters/total-operational-hours = 0 (0x0)[0m
[0;32m[1784656019.555] [9975:9975] [DL] Inet Layer shutdown[0m
[0;32m[1784656019.555] [9975:9975] [DL] BLE Layer shutdown[0m
[0;32m[1784656019.555] [9975:9975] [DL] WiFi-PAF Layer shutdown[0m
[0;32m[1784656019.555] [9975:9975] [PAF] WiFiPAF: Closing all WiFiPAF sessions to shutdown[0m
[0;32m[1784656019.555] [9975:9975] [DL] System Layer shutdown[0m
