[0;34m[1784656079.385] [10161:10161] [DL] ChipLinuxStorage::Init: Using KVS config file: /tmp/chip_tool_kvs[0m
[1;31m[1784656079.387] [10161:10161] [DL] ChipLinuxStorage::Init: Attempt to re-initialize with KVS config file: /tmp/chip_kvs, IGNORING.[0m
[0;34m[1784656079.388] [10161:10161] [DL] ChipLinuxStorage::Init: Using KVS config file: /tmp/chip_factory.ini[0m
[0;34m[1784656079.388] [10161:10161] [DL] ChipLinuxStorage::Init: Using KVS config file: /tmp/chip_config.ini[0m
[0;34m[1784656079.388] [10161:10161] [DL] ChipLinuxStorage::Init: Using KVS config file: /tmp/chip_counters.ini[0m
[0;34m[1784656079.393] [10161:10161] [DL] Wrote settings to /tmp/chip_counters.ini[0m
[0;32m[1784656079.393] [10161:10161] [DL] NVS set: chip-counters/reboot-count = 3 (0x3)[0m
[0;32m[1784656079.393] [10161:10161] [DL] Got Ethernet interface: enp0s3[0m
[0;32m[1784656079.393] [10161:10161] [DL] Found the primary Ethernet interface:enp0s3[0m
[1;31m[1784656079.393] [10161:10161] [DL] Failed to get WiFi interface[0m
[1;31m[1784656079.393] [10161:10161] [DL] Failed to reset WiFi statistic counts[0m
[0;32m[1784656079.393] [10161:10161] [PAF] WiFiPAF: WiFiPAFLayer::Init()[0m
[0;34m[1784656079.393] [10161:10161] [IN] UDP::Init bind&listen port=0[0m
[0;34m[1784656079.393] [10161:10161] [IN] UDP::Init bound to port=49534[0m
[0;34m[1784656079.393] [10161:10161] [IN] UDP::Init bind&listen port=0[0m
[0;34m[1784656079.393] [10161:10161] [IN] UDP::Init bound to port=35758[0m
[0;34m[1784656079.393] [10161:10161] [IN] BLEBase::Init - setting/overriding transport[0m
[0;34m[1784656079.393] [10161:10161] [IN] WiFiPAFBase::Init - setting/overriding transport[0m
[0;34m[1784656079.393] [10161:10161] [IN] TransportMgr initialized[0m
[0;34m[1784656079.393] [10161:10161] [FP] Initializing FabricTable from persistent storage[0m
[0;32m[1784656079.393] [10161:10161] [TS] Last Known Good Time: 2023-10-14T01:16:48[0m
[0;32m[1784656079.394] [10161:10161] [FP] Fabric index 0x1 was retrieved from storage. Compressed FabricId 0x44B0022F54D0DC73, FabricId 0x0000000000000001, NodeId 0x000000000001B669, VendorId 0xFFF1[0m
[0;32m[1784656079.395] [10161:10161] [DMG] Ember attribute persistence requires setting up[0m
[0;32m[1784656079.395] [10161:10161] [ZCL] Using ZAP configuration...[0m
[0;34m[1784656079.395] [10161:10161] [CTL] System State Initialized...[0m
[0;32m[1784656079.395] [10161:10161] [CTL] Setting attestation nonce to random value[0m
[0;32m[1784656079.395] [10161:10161] [CTL] Setting CSR nonce to random value[0m
[0;34m[1784656079.395] [10161:10163] [DL] CHIP task running[0m
[0;32m[1784656079.395] [10161:10163] [CTL] Setting attestation nonce to random value[0m
[0;32m[1784656079.395] [10161:10163] [CTL] Setting CSR nonce to random value[0m
[0;32m[1784656079.396] [10161:10163] [CTL] Generating NOC[0m
[0;32m[1784656079.396] [10161:10163] [FP] Validating NOC chain[0m
[0;32m[1784656079.396] [10161:10163] [FP] NOC chain validation successful[0m
[0;32m[1784656079.396] [10161:10163] [FP] Updated fabric at index: 0x1, Node ID: 0x000000000001B669[0m
[0;32m[1784656079.396] [10161:10163] [TS] Last Known Good Time: 2023-10-14T01:16:48[0m
[0;32m[1784656079.396] [10161:10163] [TS] New proposed Last Known Good Time: 2021-01-01T00:00:00[0m
[0;32m[1784656079.396] [10161:10163] [TS] Retaining current Last Known Good Time[0m
[0;32m[1784656079.398] [10161:10163] [FP] Metadata for Fabric 0x1 persisted to storage.[0m
[0;32m[1784656079.399] [10161:10163] [TS] Committing Last Known Good Time to storage: 2023-10-14T01:16:48[0m
[0;32m[1784656079.400] [10161:10163] [CTL] Joined the fabric at index 1. Fabric ID is 0x0000000000000001 (Compressed Fabric ID: 44B0022F54D0DC73)[0m
[0;32m[1784656079.406] [10161:10163] [TOO] Sending command to node 0x1[0m
[0;34m[1784656079.406] [10161:10163] [CSM] FindOrEstablishSession: PeerId = [1:0000000000000001][0m
[0;34m[1784656079.406] [10161:10163] [CSM] FindOrEstablishSession: No existing OperationalSessionSetup instance found[0m
[0;34m[1784656079.406] [10161:10163] [DIS] OperationalSessionSetup[1:0000000000000001]: State change 1 --> 2[0m
[0;32m[1784656079.406] [10161:10163] [DIS] Lookup started for 44B0022F54D0DC73-0000000000000001[0m
[0;32m[1784656079.407] [10161:10163] [DIS] UDP:[fe80::bfe:a203:38f0:bce7%enp0s3]:5540: new best score: 7 (for 44B0022F54D0DC73-0000000000000001)[0m
[0;34m[1784656079.407] [10161:10163] [DIS] Lookup clearing interface for non LL address[0m
[0;32m[1784656079.407] [10161:10163] [DIS] UDP:10.0.2.15%enp0s3:5540: new best score: 2 (for 44B0022F54D0DC73-0000000000000001)[0m
[0;32m[1784656079.407] [10161:10163] [DIS] Checking node lookup status for 44B0022F54D0DC73-0000000000000001 after 1 ms[0m
[0;32m[1784656079.407] [10161:10163] [DIS] Keeping DNSSD lookup active[0m
[0;32m[1784656079.407] [10161:10163] [DIS] UDP:[fe80::bfe:a203:38f0:bce7%enp0s3]:5540: score has not improved: 7 (for 44B0022F54D0DC73-0000000000000001)[0m
[0;34m[1784656079.407] [10161:10163] [DIS] Lookup clearing interface for non LL address[0m
[0;32m[1784656079.407] [10161:10163] [DIS] UDP:10.0.2.15%enp0s3:5540: score has not improved: 2 (for 44B0022F54D0DC73-0000000000000001)[0m
[0;32m[1784656079.407] [10161:10163] [DIS] Checking node lookup status for 44B0022F54D0DC73-0000000000000001 after 1 ms[0m
[0;32m[1784656079.407] [10161:10163] [DIS] Keeping DNSSD lookup active[0m
[0;32m[1784656079.614] [10161:10163] [DIS] Checking node lookup status for 44B0022F54D0DC73-0000000000000001 after 208 ms[0m
[0;34m[1784656079.614] [10161:10163] [DIS] OperationalSessionSetup[1:0000000000000001]: Updating device address to UDP:[fe80::bfe:a203:38f0:bce7%enp0s3]:5540 while in state 2[0m
[0;34m[1784656079.614] [10161:10163] [DIS] OperationalSessionSetup[1:0000000000000001]: State change 2 --> 3[0m
[0;34m[1784656079.614] [10161:10163] [IN] SecureSession[0x78376c009cd0]: Allocated Type:2 LSID:26102[0m
[0;32m[1784656079.614] [10161:10163] [SC] Initiating session on local FabricIndex 1 from 0x000000000001B669 -> 0x0000000000000001[0m
[0;32m[1784656079.614] [10161:10163] [EM] <<< [E:807i S:0 M:251316045] (U) Msg TX from 8010C6B583DFD3B5 to 0:0000000000000000 [0000] [UDP:[fe80::bfe:a203:38f0:bce7%enp0s3]:5540] --- Type 0000:30 (SecureChannel:CASE_Sigma1) (B:196)[0m
[0;32m[1784656079.615] [10161:10163] [EM] ??1 [E:807i S:0 M:251316045] (U) Msg Retransmission to 0:0000000000000000 scheduled for 680ms from now [State:Idle II:500 AI:300 AT:4000][0m
[0;32m[1784656079.615] [10161:10163] [SC] Sent Sigma1 msg to <0000000000000001, 1> [II:500ms AI:300ms AT:4000ms][0m
[0;34m[1784656079.615] [10161:10163] [DIS] OperationalSessionSetup[1:0000000000000001]: State change 3 --> 4[0m
[0;32m[1784656079.616] [10161:10163] [EM] >>> [E:807i S:0 M:259601933 (Ack:251316045)] (U) Msg RX from 0:0000000000000000 [0000] to 8010C6B583DFD3B5 --- Type 0000:31 (SecureChannel:CASE_Sigma2) (B:751)[0m
[0;34m[1784656079.616] [10161:10163] [EM] Found matching exchange: 807i, Delegate: 0x78376c00b8e8[0m
[0;34m[1784656079.616] [10161:10163] [EM] Rxd Ack; Removing MessageCounter:251316045 from Retrans Table on exchange 807i[0m
[0;32m[1784656079.616] [10161:10163] [SC] Received Sigma2 msg[0m
[0;34m[1784656079.616] [10161:10163] [SC] Found MRP parameters in the message[0m
[0;34m[1784656079.617] [10161:10163] [SC] Peer <0000000000000001, 1> assigned session ID 57704[0m
[0;34m[1784656079.617] [10161:10163] [SC] Sending Sigma3[0m
[0;32m[1784656079.617] [10161:10163] [EM] <<< [E:807i S:0 M:251316046 (Ack:259601933)] (U) Msg TX from 8010C6B583DFD3B5 to 0:0000000000000000 [0000] [UDP:[fe80::bfe:a203:38f0:bce7%enp0s3]:5540] --- Type 0000:32 (SecureChannel:CASE_Sigma3) (B:598)[0m
[0;32m[1784656079.617] [10161:10163] [EM] ??1 [E:807i S:0 M:251316046] (U) Msg Retransmission to 0:0000000000000000 scheduled for 347ms from now [State:Active II:500 AI:300 AT:4000][0m
[0;32m[1784656079.617] [10161:10163] [SC] Sent Sigma3 msg[0m
[0;32m[1784656079.625] [10161:10163] [EM] >>> [E:807i S:0 M:259601934 (Ack:251316046)] (U) Msg RX from 0:0000000000000000 [0000] to 8010C6B583DFD3B5 --- Type 0000:40 (SecureChannel:StatusReport) (B:34)[0m
[0;34m[1784656079.625] [10161:10163] [EM] Found matching exchange: 807i, Delegate: 0x78376c00b8e8[0m
[0;34m[1784656079.625] [10161:10163] [EM] Rxd Ack; Removing MessageCounter:251316046 from Retrans Table on exchange 807i[0m
[0;32m[1784656079.625] [10161:10163] [SC] Success status report received. Session was established[0m
[0;32m[1784656079.626] [10161:10163] [SC] SecureSession[0x78376c009cd0, LSID:26102]: State change 'kEstablishing' --> 'kActive'[0m
[0;34m[1784656079.626] [10161:10163] [IN] SecureSession[0x78376c009cd0]: Activated - Type:2 LSID:26102[0m
[0;34m[1784656079.626] [10161:10163] [IN] New secure session activated for device <0000000000000001, 1>, LSID:26102 PSID:57704![0m
[0;34m[1784656079.626] [10161:10163] [DIS] OperationalSessionSetup[1:0000000000000001]: State change 4 --> 5[0m
[0;32m[1784656079.626] [10161:10163] [TOO] Sending cluster (0x00000030) command (0x00000000) on endpoint 0[0m
[0;34m[1784656079.626] [10161:10163] [DMG] ICR moving to [AddingComm][0m
[0;34m[1784656079.626] [10161:10163] [DMG] ICR moving to [AddedComma][0m
[0;32m[1784656079.626] [10161:10163] [EM] <<< [E:808i S:26102 M:37397942] (S) Msg TX from 000000000001B669 to 1:0000000000000001 [DC73] [UDP:[fe80::bfe:a203:38f0:bce7%enp0s3]:5540] --- Type 0001:08 (IM:InvokeCommandRequest) (B:65)[0m
[0;32m[1784656079.626] [10161:10163] [EM] ??1 [E:808i S:26102 M:37397942] (S) Msg Retransmission to 1:0000000000000001 scheduled for 363ms from now [State:Active II:500 AI:300 AT:4000][0m
[0;34m[1784656079.626] [10161:10163] [DMG] ICR moving to [AwaitingRe][0m
[0;32m[1784656079.626] [10161:10163] [EM] <<< [E:807i S:0 M:251316047 (Ack:259601934)] (U) Msg TX from 8010C6B583DFD3B5 to 0:0000000000000000 [0000] [UDP:[fe80::bfe:a203:38f0:bce7%enp0s3]:5540] --- Type 0000:10 (SecureChannel:StandaloneAck) (B:26)[0m
[0;34m[1784656079.626] [10161:10163] [EM] Flushed pending ack for MessageCounter:259601934 on exchange 807i[0m
[0;32m[1784656079.627] [10161:10163] [EM] >>> [E:808i S:26102 M:201996080 (Ack:37397942)] (S) Msg RX from 1:0000000000000001 [DC73] to 000000000001B669 --- Type 0001:09 (IM:InvokeCommandResponse) (B:70)[0m
[0;34m[1784656079.627] [10161:10163] [EM] Found matching exchange: 808i, Delegate: 0x78376c00eef8[0m
[0;34m[1784656079.627] [10161:10163] [EM] Rxd Ack; Removing MessageCounter:37397942 from Retrans Table on exchange 808i[0m
[0;34m[1784656079.627] [10161:10163] [DMG] ICR moving to [ResponseRe][0m
[0;34m[1784656079.627] [10161:10163] [DMG] InvokeResponseMessage =[0m
[0;34m[1784656079.627] [10161:10163] [DMG] {[0m
[0;34m[1784656079.627] [10161:10163] [DMG] 	suppressResponse = false, [0m
[0;34m[1784656079.627] [10161:10163] [DMG] 	InvokeResponseIBs =[0m
[0;34m[1784656079.627] [10161:10163] [DMG] 	[[0m
[0;34m[1784656079.627] [10161:10163] [DMG] 		InvokeResponseIB =[0m
[0;34m[1784656079.627] [10161:10163] [DMG] 		{[0m
[0;34m[1784656079.627] [10161:10163] [DMG] 			CommandDataIB =[0m
[0;34m[1784656079.627] [10161:10163] [DMG] 			{[0m
[0;34m[1784656079.627] [10161:10163] [DMG] 				CommandPathIB =[0m
[0;34m[1784656079.627] [10161:10163] [DMG] 				{[0m
[0;34m[1784656079.627] [10161:10163] [DMG] 					EndpointId = 0x0,[0m
[0;34m[1784656079.627] [10161:10163] [DMG] 					ClusterId = 0x30,[0m
[0;34m[1784656079.627] [10161:10163] [DMG] 					CommandId = 0x1,[0m
[0;34m[1784656079.627] [10161:10163] [DMG] 				},[0m
[0;34m[1784656079.627] [10161:10163] [DMG] 				[0m
[0;34m[1784656079.627] [10161:10163] [DMG] 				CommandFields = [0m
[0;34m[1784656079.627] [10161:10163] [DMG] 				{[0m
[0;34m[1784656079.627] [10161:10163] [DMG] 					0x0 = 0 (unsigned), [0m
[0;34m[1784656079.627] [10161:10163] [DMG] 					0x1 = "" (0 chars), [0m
[0;34m[1784656079.627] [10161:10163] [DMG] 				},[0m
[0;34m[1784656079.627] [10161:10163] [DMG] 			},[0m
[0;34m[1784656079.627] [10161:10163] [DMG] 			[0m
[0;34m[1784656079.627] [10161:10163] [DMG] 		},[0m
[0;34m[1784656079.627] [10161:10163] [DMG] 		[0m
[0;34m[1784656079.627] [10161:10163] [DMG] 	],[0m
[0;34m[1784656079.627] [10161:10163] [DMG] 	[0m
[0;34m[1784656079.627] [10161:10163] [DMG] 	InteractionModelRevision = 12[0m
[0;34m[1784656079.627] [10161:10163] [DMG] },[0m
[0;32m[1784656079.627] [10161:10163] [DMG] Received Command Response Data, Endpoint=0 Cluster=0x0000_0030 Command=0x0000_0001[0m
[0;32m[1784656079.627] [10161:10163] [TOO] Endpoint: 0 Cluster: 0x0000_0030 Command 0x0000_0001[0m
[0;32m[1784656079.627] [10161:10163] [TOO]   ArmFailSafeResponse: {[0m
[0;32m[1784656079.627] [10161:10163] [TOO]     errorCode: 0[0m
[0;32m[1784656079.627] [10161:10163] [TOO]     debugText: [0m
[0;32m[1784656079.627] [10161:10163] [TOO]    }[0m
[0;34m[1784656079.627] [10161:10163] [DMG] ICR moving to [AwaitingDe][0m
[0;32m[1784656079.627] [10161:10163] [EM] <<< [E:808i S:26102 M:37397943 (Ack:201996080)] (S) Msg TX from 000000000001B669 to 1:0000000000000001 [DC73] [UDP:[fe80::bfe:a203:38f0:bce7%enp0s3]:5540] --- Type 0000:10 (SecureChannel:StandaloneAck) (B:34)[0m
[0;34m[1784656079.627] [10161:10163] [EM] Flushed pending ack for MessageCounter:201996080 on exchange 808i[0m
[0;34m[1784656079.627] [10161:10161] [CTL] Shutting down the commissioner[0m
[0;32m[1784656079.627] [10161:10161] [PAF] WiFiPAF: Closing all WiFiPAF sessions to shutdown[0m
[0;34m[1784656079.627] [10161:10161] [CTL] Shutting down the controller[0m
[0;34m[1784656079.627] [10161:10161] [IN] Expiring all sessions for fabric 0x1!![0m
[0;34m[1784656079.627] [10161:10161] [IN] SecureSession[0x78376c009cd0]: MarkForEviction Type:2 LSID:26102[0m
[0;32m[1784656079.627] [10161:10161] [SC] SecureSession[0x78376c009cd0, LSID:26102]: State change 'kActive' --> 'kPendingEviction'[0m
[0;34m[1784656079.627] [10161:10161] [IN] SecureSession[0x78376c009cd0]: Released - Type:2 LSID:26102[0m
[0;32m[1784656079.627] [10161:10161] [FP] Forgetting fabric 0x1[0m
[0;32m[1784656079.627] [10161:10161] [TS] Pending Last Known Good Time: 2023-10-14T01:16:48[0m
[0;32m[1784656079.627] [10161:10161] [TS] Previous Last Known Good Time: 2023-10-14T01:16:48[0m
[0;32m[1784656079.627] [10161:10161] [TS] Reverted Last Known Good Time to previous value[0m
[0;34m[1784656079.627] [10161:10161] [CTL] Shutting down the commissioner[0m
[0;32m[1784656079.627] [10161:10161] [PAF] WiFiPAF: Closing all WiFiPAF sessions to shutdown[0m
[0;34m[1784656079.627] [10161:10161] [CTL] Shutting down the controller[0m
[0;34m[1784656079.627] [10161:10161] [CTL] Shutting down the System State, this will teardown the CHIP Stack[0m
[0;34m[1784656079.627] [10161:10161] [DMG] All ReadHandler-s are clean, clear GlobalDirtySet[0m
[0;32m[1784656079.627] [10161:10161] [FP] Shutting down FabricTable[0m
[0;32m[1784656079.627] [10161:10161] [TS] Pending Last Known Good Time: 2023-10-14T01:16:48[0m
[0;32m[1784656079.627] [10161:10161] [TS] Previous Last Known Good Time: 2023-10-14T01:16:48[0m
[0;32m[1784656079.627] [10161:10161] [TS] Reverted Last Known Good Time to previous value[0m
[0;34m[1784656079.630] [10161:10161] [DL] Wrote settings to /tmp/chip_counters.ini[0m
[0;32m[1784656079.630] [10161:10161] [DL] NVS set: chip-counters/total-operational-hours = 0 (0x0)[0m
[0;32m[1784656079.630] [10161:10161] [DL] Inet Layer shutdown[0m
[0;32m[1784656079.630] [10161:10161] [DL] BLE Layer shutdown[0m
[0;32m[1784656079.630] [10161:10161] [DL] WiFi-PAF Layer shutdown[0m
[0;32m[1784656079.630] [10161:10161] [PAF] WiFiPAF: Closing all WiFiPAF sessions to shutdown[0m
[0;32m[1784656079.630] [10161:10161] [DL] System Layer shutdown[0m
