[0;34m[1784656079.683] [10165:10165] [DL] ChipLinuxStorage::Init: Using KVS config file: /tmp/chip_tool_kvs[0m
[1;31m[1784656079.684] [10165:10165] [DL] ChipLinuxStorage::Init: Attempt to re-initialize with KVS config file: /tmp/chip_kvs, IGNORING.[0m
[0;34m[1784656079.685] [10165:10165] [DL] ChipLinuxStorage::Init: Using KVS config file: /tmp/chip_factory.ini[0m
[0;34m[1784656079.685] [10165:10165] [DL] ChipLinuxStorage::Init: Using KVS config file: /tmp/chip_config.ini[0m
[0;34m[1784656079.685] [10165:10165] [DL] ChipLinuxStorage::Init: Using KVS config file: /tmp/chip_counters.ini[0m
[0;34m[1784656079.689] [10165:10165] [DL] Wrote settings to /tmp/chip_counters.ini[0m
[0;32m[1784656079.689] [10165:10165] [DL] NVS set: chip-counters/reboot-count = 4 (0x4)[0m
[0;32m[1784656079.689] [10165:10165] [DL] Got Ethernet interface: enp0s3[0m
[0;32m[1784656079.689] [10165:10165] [DL] Found the primary Ethernet interface:enp0s3[0m
[1;31m[1784656079.689] [10165:10165] [DL] Failed to get WiFi interface[0m
[1;31m[1784656079.689] [10165:10165] [DL] Failed to reset WiFi statistic counts[0m
[0;32m[1784656079.689] [10165:10165] [PAF] WiFiPAF: WiFiPAFLayer::Init()[0m
[0;34m[1784656079.689] [10165:10165] [IN] UDP::Init bind&listen port=0[0m
[0;34m[1784656079.689] [10165:10165] [IN] UDP::Init bound to port=43529[0m
[0;34m[1784656079.689] [10165:10165] [IN] UDP::Init bind&listen port=0[0m
[0;34m[1784656079.689] [10165:10165] [IN] UDP::Init bound to port=39356[0m
[0;34m[1784656079.689] [10165:10165] [IN] BLEBase::Init - setting/overriding transport[0m
[0;34m[1784656079.689] [10165:10165] [IN] WiFiPAFBase::Init - setting/overriding transport[0m
[0;34m[1784656079.689] [10165:10165] [IN] TransportMgr initialized[0m
[0;34m[1784656079.689] [10165:10165] [FP] Initializing FabricTable from persistent storage[0m
[0;32m[1784656079.690] [10165:10165] [TS] Last Known Good Time: 2023-10-14T01:16:48[0m
[0;32m[1784656079.690] [10165:10165] [FP] Fabric index 0x1 was retrieved from storage. Compressed FabricId 0x44B0022F54D0DC73, FabricId 0x0000000000000001, NodeId 0x000000000001B669, VendorId 0xFFF1[0m
[0;32m[1784656079.691] [10165:10165] [DMG] Ember attribute persistence requires setting up[0m
[0;32m[1784656079.691] [10165:10165] [ZCL] Using ZAP configuration...[0m
[0;34m[1784656079.691] [10165:10165] [CTL] System State Initialized...[0m
[0;32m[1784656079.691] [10165:10165] [CTL] Setting attestation nonce to random value[0m
[0;32m[1784656079.691] [10165:10165] [CTL] Setting CSR nonce to random value[0m
[0;34m[1784656079.692] [10165:10167] [DL] CHIP task running[0m
[0;32m[1784656079.692] [10165:10167] [CTL] Setting attestation nonce to random value[0m
[0;32m[1784656079.692] [10165:10167] [CTL] Setting CSR nonce to random value[0m
[0;32m[1784656079.692] [10165:10167] [CTL] Generating NOC[0m
[0;32m[1784656079.692] [10165:10167] [FP] Validating NOC chain[0m
[0;32m[1784656079.692] [10165:10167] [FP] NOC chain validation successful[0m
[0;32m[1784656079.692] [10165:10167] [FP] Updated fabric at index: 0x1, Node ID: 0x000000000001B669[0m
[0;32m[1784656079.692] [10165:10167] [TS] Last Known Good Time: 2023-10-14T01:16:48[0m
[0;32m[1784656079.692] [10165:10167] [TS] New proposed Last Known Good Time: 2021-01-01T00:00:00[0m
[0;32m[1784656079.692] [10165:10167] [TS] Retaining current Last Known Good Time[0m
[0;32m[1784656079.695] [10165:10167] [FP] Metadata for Fabric 0x1 persisted to storage.[0m
[0;32m[1784656079.696] [10165:10167] [TS] Committing Last Known Good Time to storage: 2023-10-14T01:16:48[0m
[0;32m[1784656079.697] [10165:10167] [CTL] Joined the fabric at index 1. Fabric ID is 0x0000000000000001 (Compressed Fabric ID: 44B0022F54D0DC73)[0m
[0;32m[1784656079.701] [10165:10167] [TOO] Sending command to node 0x1[0m
[0;34m[1784656079.702] [10165:10167] [CSM] FindOrEstablishSession: PeerId = [1:0000000000000001][0m
[0;34m[1784656079.702] [10165:10167] [CSM] FindOrEstablishSession: No existing OperationalSessionSetup instance found[0m
[0;34m[1784656079.702] [10165:10167] [DIS] OperationalSessionSetup[1:0000000000000001]: State change 1 --> 2[0m
[0;32m[1784656079.703] [10165:10167] [DIS] Lookup started for 44B0022F54D0DC73-0000000000000001[0m
[0;32m[1784656079.703] [10165:10167] [DIS] UDP:[fe80::bfe:a203:38f0:bce7%enp0s3]:5540: new best score: 7 (for 44B0022F54D0DC73-0000000000000001)[0m
[0;34m[1784656079.703] [10165:10167] [DIS] Lookup clearing interface for non LL address[0m
[0;32m[1784656079.703] [10165:10167] [DIS] UDP:10.0.2.15%enp0s3:5540: new best score: 2 (for 44B0022F54D0DC73-0000000000000001)[0m
[0;32m[1784656079.703] [10165:10167] [DIS] Checking node lookup status for 44B0022F54D0DC73-0000000000000001 after 1 ms[0m
[0;32m[1784656079.703] [10165:10167] [DIS] Keeping DNSSD lookup active[0m
[0;32m[1784656079.703] [10165:10167] [DIS] UDP:[fe80::bfe:a203:38f0:bce7%enp0s3]:5540: score has not improved: 7 (for 44B0022F54D0DC73-0000000000000001)[0m
[0;34m[1784656079.703] [10165:10167] [DIS] Lookup clearing interface for non LL address[0m
[0;32m[1784656079.703] [10165:10167] [DIS] UDP:10.0.2.15%enp0s3:5540: score has not improved: 2 (for 44B0022F54D0DC73-0000000000000001)[0m
[0;32m[1784656079.703] [10165:10167] [DIS] Checking node lookup status for 44B0022F54D0DC73-0000000000000001 after 1 ms[0m
[0;32m[1784656079.703] [10165:10167] [DIS] Keeping DNSSD lookup active[0m
[0;32m[1784656079.913] [10165:10167] [DIS] Checking node lookup status for 44B0022F54D0DC73-0000000000000001 after 212 ms[0m
[0;34m[1784656079.914] [10165:10167] [DIS] OperationalSessionSetup[1:0000000000000001]: Updating device address to UDP:[fe80::bfe:a203:38f0:bce7%enp0s3]:5540 while in state 2[0m
[0;34m[1784656079.914] [10165:10167] [DIS] OperationalSessionSetup[1:0000000000000001]: State change 2 --> 3[0m
[0;34m[1784656079.914] [10165:10167] [IN] SecureSession[0x71cdcc009cd0]: Allocated Type:2 LSID:24906[0m
[0;32m[1784656079.914] [10165:10167] [SC] Initiating session on local FabricIndex 1 from 0x000000000001B669 -> 0x0000000000000001[0m
[0;32m[1784656079.914] [10165:10167] [EM] <<< [E:5677i S:0 M:109005795] (U) Msg TX from 00EA538983B15478 to 0:0000000000000000 [0000] [UDP:[fe80::bfe:a203:38f0:bce7%enp0s3]:5540] --- Type 0000:30 (SecureChannel:CASE_Sigma1) (B:196)[0m
[0;32m[1784656079.914] [10165:10167] [EM] ??1 [E:5677i S:0 M:109005795] (U) Msg Retransmission to 0:0000000000000000 scheduled for 598ms from now [State:Idle II:500 AI:300 AT:4000][0m
[0;32m[1784656079.914] [10165:10167] [SC] Sent Sigma1 msg to <0000000000000001, 1> [II:500ms AI:300ms AT:4000ms][0m
[0;34m[1784656079.914] [10165:10167] [DIS] OperationalSessionSetup[1:0000000000000001]: State change 3 --> 4[0m
[0;32m[1784656079.915] [10165:10167] [EM] >>> [E:5677i S:0 M:259601935 (Ack:109005795)] (U) Msg RX from 0:0000000000000000 [0000] to 00EA538983B15478 --- Type 0000:31 (SecureChannel:CASE_Sigma2) (B:751)[0m
[0;34m[1784656079.915] [10165:10167] [EM] Found matching exchange: 5677i, Delegate: 0x71cdcc00b8e8[0m
[0;34m[1784656079.915] [10165:10167] [EM] Rxd Ack; Removing MessageCounter:109005795 from Retrans Table on exchange 5677i[0m
[0;32m[1784656079.915] [10165:10167] [SC] Received Sigma2 msg[0m
[0;34m[1784656079.915] [10165:10167] [SC] Found MRP parameters in the message[0m
[0;34m[1784656079.916] [10165:10167] [SC] Peer <0000000000000001, 1> assigned session ID 57705[0m
[0;34m[1784656079.916] [10165:10167] [SC] Sending Sigma3[0m
[0;32m[1784656079.916] [10165:10167] [EM] <<< [E:5677i S:0 M:109005796 (Ack:259601935)] (U) Msg TX from 00EA538983B15478 to 0:0000000000000000 [0000] [UDP:[fe80::bfe:a203:38f0:bce7%enp0s3]:5540] --- Type 0000:32 (SecureChannel:CASE_Sigma3) (B:598)[0m
[0;32m[1784656079.916] [10165:10167] [EM] ??1 [E:5677i S:0 M:109005796] (U) Msg Retransmission to 0:0000000000000000 scheduled for 349ms from now [State:Active II:500 AI:300 AT:4000][0m
[0;32m[1784656079.916] [10165:10167] [SC] Sent Sigma3 msg[0m
[0;32m[1784656079.924] [10165:10167] [EM] >>> [E:5677i S:0 M:259601936 (Ack:109005796)] (U) Msg RX from 0:0000000000000000 [0000] to 00EA538983B15478 --- Type 0000:40 (SecureChannel:StatusReport) (B:34)[0m
[0;34m[1784656079.924] [10165:10167] [EM] Found matching exchange: 5677i, Delegate: 0x71cdcc00b8e8[0m
[0;34m[1784656079.924] [10165:10167] [EM] Rxd Ack; Removing MessageCounter:109005796 from Retrans Table on exchange 5677i[0m
[0;32m[1784656079.924] [10165:10167] [SC] Success status report received. Session was established[0m
[0;32m[1784656079.926] [10165:10167] [SC] SecureSession[0x71cdcc009cd0, LSID:24906]: State change 'kEstablishing' --> 'kActive'[0m
[0;34m[1784656079.926] [10165:10167] [IN] SecureSession[0x71cdcc009cd0]: Activated - Type:2 LSID:24906[0m
[0;34m[1784656079.926] [10165:10167] [IN] New secure session activated for device <0000000000000001, 1>, LSID:24906 PSID:57705![0m
[0;34m[1784656079.926] [10165:10167] [DIS] OperationalSessionSetup[1:0000000000000001]: State change 4 --> 5[0m
[0;32m[1784656079.926] [10165:10167] [TOO] Sending cluster (0x0000003E) command (0x00000004) on endpoint 0[0m
[0;34m[1784656079.926] [10165:10167] [DMG] ICR moving to [AddingComm][0m
[0;34m[1784656079.926] [10165:10167] [DMG] ICR moving to [AddedComma][0m
[0;32m[1784656079.926] [10165:10167] [EM] <<< [E:5678i S:24906 M:33866034] (S) Msg TX from 000000000001B669 to 1:0000000000000001 [DC73] [UDP:[fe80::bfe:a203:38f0:bce7%enp0s3]:5540] --- Type 0001:08 (IM:InvokeCommandRequest) (B:96)[0m
[0;32m[1784656079.926] [10165:10167] [EM] ??1 [E:5678i S:24906 M:33866034] (S) Msg Retransmission to 1:0000000000000001 scheduled for 339ms from now [State:Active II:500 AI:300 AT:4000][0m
[0;34m[1784656079.926] [10165:10167] [DMG] ICR moving to [AwaitingRe][0m
[0;32m[1784656079.926] [10165:10167] [EM] <<< [E:5677i S:0 M:109005797 (Ack:259601936)] (U) Msg TX from 00EA538983B15478 to 0:0000000000000000 [0000] [UDP:[fe80::bfe:a203:38f0:bce7%enp0s3]:5540] --- Type 0000:10 (SecureChannel:StandaloneAck) (B:26)[0m
[0;34m[1784656079.926] [10165:10167] [EM] Flushed pending ack for MessageCounter:259601936 on exchange 5677i[0m
[0;32m[1784656079.927] [10165:10167] [EM] >>> [E:5678i S:24906 M:56230331 (Ack:33866034)] (S) Msg RX from 1:0000000000000001 [DC73] to 000000000001B669 --- Type 0001:09 (IM:InvokeCommandResponse) (B:377)[0m
[0;34m[1784656079.927] [10165:10167] [EM] Found matching exchange: 5678i, Delegate: 0x71cdcc00eef8[0m
[0;34m[1784656079.927] [10165:10167] [EM] Rxd Ack; Removing MessageCounter:33866034 from Retrans Table on exchange 5678i[0m
[0;34m[1784656079.927] [10165:10167] [DMG] ICR moving to [ResponseRe][0m
[0;34m[1784656079.927] [10165:10167] [DMG] InvokeResponseMessage =[0m
[0;34m[1784656079.927] [10165:10167] [DMG] {[0m
[0;34m[1784656079.927] [10165:10167] [DMG] 	suppressResponse = false, [0m
[0;34m[1784656079.927] [10165:10167] [DMG] 	InvokeResponseIBs =[0m
[0;34m[1784656079.927] [10165:10167] [DMG] 	[[0m
[0;34m[1784656079.927] [10165:10167] [DMG] 		InvokeResponseIB =[0m
[0;34m[1784656079.927] [10165:10167] [DMG] 		{[0m
[0;34m[1784656079.927] [10165:10167] [DMG] 			CommandDataIB =[0m
[0;34m[1784656079.927] [10165:10167] [DMG] 			{[0m
[0;34m[1784656079.927] [10165:10167] [DMG] 				CommandPathIB =[0m
[0;34m[1784656079.927] [10165:10167] [DMG] 				{[0m
[0;34m[1784656079.927] [10165:10167] [DMG] 					EndpointId = 0x0,[0m
[0;34m[1784656079.927] [10165:10167] [DMG] 					ClusterId = 0x3e,[0m
[0;34m[1784656079.927] [10165:10167] [DMG] 					CommandId = 0x5,[0m
[0;34m[1784656079.927] [10165:10167] [DMG] 				},[0m
[0;34m[1784656079.927] [10165:10167] [DMG] 				[0m
[0;34m[1784656079.927] [10165:10167] [DMG] 				CommandFields = [0m
[0;34m[1784656079.927] [10165:10167] [DMG] 				{[0m
[0;34m[1784656079.927] [10165:10167] [DMG] 					0x0 = [[0m
[0;34m[1784656079.927] [10165:10167] [DMG] 							0x15, 0x30, 0x01, 0xcb, 0x30, 0x81, 0xc8, 0x30, 0x70, 0x02, 0x01, 0x00, 0x30, 0x0e, 0x31, 0x0c, 0x30, 0x0a, 0x06, 0x03, 0x55, 0x04, 0x0a, 0x0c, 0x03, 0x43, 0x53, 0x52, 0x30, 0x59, 0x30, 0x13, 0x06, 0x07, 0x2a, 0x86, 0x48, 0xce, 0x3d, 0x02, 0x01, 0x06, 0x08, 0x2a, 0x86, 0x48, 0xce, 0x3d, 0x03, 0x01, 0x07, 0x03, 0x42, 0x00, 0x04, 0xf7, 0xef, 0x49, 0xe4, 0x96, 0xca, 0x2f, 0xb3, 0xf6, 0x75, 0xda, 0xa3, 0xea, 0x68, 0x3a, 0x1a, 0xa1, 0x51, 0x35, 0xde, 0x7d, 0x4c, 0x7a, 0x08, 0xee, 0x39, 0x21, 0x01, 0x59, 0x73, 0x8c, 0xa2, 0x1e, 0x61, 0x3c, 0x99, 0xf9, 0x84, 0x34, 0xf1, 0x30, 0x79, 0x45, 0x2f, 0x02, 0x72, 0x51, 0x0b, 0xf9, 0x88, 0x37, 0x59, 0x64, 0x22, 0x04, 0x8d, 0x7e, 0xe8, 0x21, 0xb0, 0x54, 0x57, 0x07, 0x9c, 0xa0, 0x00, 0x30, 0x0a, 0x06, 0x08, 0x2a, 0x86, 0x48, 0xce, 0x3d, 0x04, 0x03, 0x02, 0x03, 0x48, 0x00, 0x30, 0x45, 0x02, 0x20, 0x24, 0xc3, 0x35, 0xfd, 0xbb, 0x62, 0x6b, 0x5a, 0xf6, 0x06, 0x22, 0x38, 0x38, 0xcd, 0x21, 0x4d, 0xf8, 0x64, 0xf1, 0x09, 0xfd, 0x30, 0x98, 0x82, 0x21, 0xae, 0x46, 0x48, 0x7d, 0x2c, 0x1f, 0x71, 0x02, 0x21, 0x00, 0xc7, 0x87, 0x4e, 0xf3, 0xe8, 0x6b, 0xca, 0x5f, 0x3b, 0xa8, 0x1c, 0xb7, 0x7d, 0xc0, 0x49, 0x2b, 0x2b, 0x28, 0x00, 0x06, 0x8e, 0x59, 0x0f, 0xd6, 0x9c, 0x7d, 0x2b, 0xaa, 0xc2, 0xf5, 0x43, 0xe1, 0x30, 0x02, 0x20, 0x39, 0x26, 0x24, 0x46, 0x19, 0xb4, 0x7f, 0x7a, 0xbb, 0xed, 0x7e, 0xb8, 0xd7, 0xab, 0x4f, 0x05, 0xf7, 0x8b, 0x64, 0x97, 0x45, 0x75, 0x03, 0xd4, 0xa4, 0xe7, 0xe0, 0x79, 0x0d, 0x5c, 0xa2, 0x40, 0x18, [0m
[0;34m[1784656079.927] [10165:10167] [DMG] 					] (243 bytes)[0m
[0;34m[1784656079.927] [10165:10167] [DMG] 					0x1 = [[0m
[0;34m[1784656079.927] [10165:10167] [DMG] 							0x9c, 0x71, 0x5a, 0x8f, 0x98, 0xcf, 0xd7, 0xed, 0x5e, 0x40, 0xf2, 0xc7, 0x19, 0xc4, 0x0a, 0xdf, 0x1f, 0x04, 0x85, 0x74, 0x8b, 0x79, 0xd6, 0x8f, 0x89, 0xa8, 0x9c, 0xf5, 0xc2, 0x9d, 0x17, 0xa1, 0x35, 0xb6, 0x82, 0x5c, 0xda, 0xbf, 0x55, 0x2c, 0xfe, 0x00, 0x8f, 0x3a, 0x4f, 0x9f, 0x86, 0xa6, 0xc7, 0x12, 0x2e, 0x68, 0xfe, 0xb4, 0x6d, 0xfa, 0xe8, 0x96, 0x38, 0x7a, 0x32, 0x0f, 0x05, 0x56, [0m
[0;34m[1784656079.927] [10165:10167] [DMG] 					] (64 bytes)[0m
[0;34m[1784656079.927] [10165:10167] [DMG] 				},[0m
[0;34m[1784656079.927] [10165:10167] [DMG] 			},[0m
[0;34m[1784656079.927] [10165:10167] [DMG] 			[0m
[0;34m[1784656079.927] [10165:10167] [DMG] 		},[0m
[0;34m[1784656079.927] [10165:10167] [DMG] 		[0m
[0;34m[1784656079.927] [10165:10167] [DMG] 	],[0m
[0;34m[1784656079.927] [10165:10167] [DMG] 	[0m
[0;34m[1784656079.927] [10165:10167] [DMG] 	InteractionModelRevision = 12[0m
[0;34m[1784656079.927] [10165:10167] [DMG] },[0m
[0;32m[1784656079.927] [10165:10167] [DMG] Received Command Response Data, Endpoint=0 Cluster=0x0000_003E Command=0x0000_0005[0m
[0;32m[1784656079.927] [10165:10167] [TOO] Endpoint: 0 Cluster: 0x0000_003E Command 0x0000_0005[0m
[0;32m[1784656079.927] [10165:10167] [TOO]   CSRResponse: {[0m
[0;32m[1784656079.927] [10165:10167] [TOO]     NOCSRElements: 153001CB3081C83070020100300E310C300A060355040A0C034353523059301306072A8648CE3D020106082A8648CE3D03010703420004F7EF49E496CA2FB3F675DAA3EA683A1AA15135DE7D4C7A08EE39210159738CA21E613C99F98434F13079452F0272510BF98837596422048D7EE821B05457079CA000300A06082A8648CE3D0403020348003045022024C335FDBB626B5AF606223838CD214DF864F109FD30988221AE46487D2C1F71022100C7874EF3E86BCA5F3BA81CB77DC0492B2B2800068E590FD69C7D2BAAC2F543E13002203926244619B47F7ABBED7EB8D7AB4F05F78B6497457503D4A4E7E0790D5CA24018[0m
[0;32m[1784656079.927] [10165:10167] [TOO]     attestationSignature: 9C715A8F98CFD7ED5E40F2C719C40ADF1F0485748B79D68F89A89CF5C29D17A135B6825CDABF552CFE008F3A4F9F86A6C7122E68FEB46DFAE896387A320F0556[0m
[0;32m[1784656079.927] [10165:10167] [TOO]    }[0m
[0;34m[1784656079.927] [10165:10167] [DMG] ICR moving to [AwaitingDe][0m
[0;32m[1784656079.927] [10165:10167] [EM] <<< [E:5678i S:24906 M:33866035 (Ack:56230331)] (S) Msg TX from 000000000001B669 to 1:0000000000000001 [DC73] [UDP:[fe80::bfe:a203:38f0:bce7%enp0s3]:5540] --- Type 0000:10 (SecureChannel:StandaloneAck) (B:34)[0m
[0;34m[1784656079.927] [10165:10167] [EM] Flushed pending ack for MessageCounter:56230331 on exchange 5678i[0m
[0;34m[1784656079.927] [10165:10165] [CTL] Shutting down the commissioner[0m
[0;32m[1784656079.927] [10165:10165] [PAF] WiFiPAF: Closing all WiFiPAF sessions to shutdown[0m
[0;34m[1784656079.927] [10165:10165] [CTL] Shutting down the controller[0m
[0;34m[1784656079.927] [10165:10165] [IN] Expiring all sessions for fabric 0x1!![0m
[0;34m[1784656079.927] [10165:10165] [IN] SecureSession[0x71cdcc009cd0]: MarkForEviction Type:2 LSID:24906[0m
[0;32m[1784656079.927] [10165:10165] [SC] SecureSession[0x71cdcc009cd0, LSID:24906]: State change 'kActive' --> 'kPendingEviction'[0m
[0;34m[1784656079.927] [10165:10165] [IN] SecureSession[0x71cdcc009cd0]: Released - Type:2 LSID:24906[0m
[0;32m[1784656079.927] [10165:10165] [FP] Forgetting fabric 0x1[0m
[0;32m[1784656079.928] [10165:10165] [TS] Pending Last Known Good Time: 2023-10-14T01:16:48[0m
[0;32m[1784656079.928] [10165:10165] [TS] Previous Last Known Good Time: 2023-10-14T01:16:48[0m
[0;32m[1784656079.928] [10165:10165] [TS] Reverted Last Known Good Time to previous value[0m
[0;34m[1784656079.928] [10165:10165] [CTL] Shutting down the commissioner[0m
[0;32m[1784656079.928] [10165:10165] [PAF] WiFiPAF: Closing all WiFiPAF sessions to shutdown[0m
[0;34m[1784656079.928] [10165:10165] [CTL] Shutting down the controller[0m
[0;34m[1784656079.928] [10165:10165] [CTL] Shutting down the System State, this will teardown the CHIP Stack[0m
[0;34m[1784656079.928] [10165:10165] [DMG] All ReadHandler-s are clean, clear GlobalDirtySet[0m
[0;32m[1784656079.928] [10165:10165] [FP] Shutting down FabricTable[0m
[0;32m[1784656079.928] [10165:10165] [TS] Pending Last Known Good Time: 2023-10-14T01:16:48[0m
[0;32m[1784656079.928] [10165:10165] [TS] Previous Last Known Good Time: 2023-10-14T01:16:48[0m
[0;32m[1784656079.928] [10165:10165] [TS] Reverted Last Known Good Time to previous value[0m
[0;34m[1784656079.930] [10165:10165] [DL] Wrote settings to /tmp/chip_counters.ini[0m
[0;32m[1784656079.930] [10165:10165] [DL] NVS set: chip-counters/total-operational-hours = 0 (0x0)[0m
[0;32m[1784656079.930] [10165:10165] [DL] Inet Layer shutdown[0m
[0;32m[1784656079.930] [10165:10165] [DL] BLE Layer shutdown[0m
[0;32m[1784656079.930] [10165:10165] [DL] WiFi-PAF Layer shutdown[0m
[0;32m[1784656079.930] [10165:10165] [PAF] WiFiPAF: Closing all WiFiPAF sessions to shutdown[0m
[0;32m[1784656079.930] [10165:10165] [DL] System Layer shutdown[0m
