[0;34m[1784656080.373] [10178:10178] [DL] ChipLinuxStorage::Init: Using KVS config file: /tmp/chip_tool_kvs[0m
[1;31m[1784656080.376] [10178:10178] [DL] ChipLinuxStorage::Init: Attempt to re-initialize with KVS config file: /tmp/chip_kvs, IGNORING.[0m
[0;34m[1784656080.377] [10178:10178] [DL] ChipLinuxStorage::Init: Using KVS config file: /tmp/chip_factory.ini[0m
[0;34m[1784656080.377] [10178:10178] [DL] ChipLinuxStorage::Init: Using KVS config file: /tmp/chip_config.ini[0m
[0;34m[1784656080.377] [10178:10178] [DL] ChipLinuxStorage::Init: Using KVS config file: /tmp/chip_counters.ini[0m
[0;34m[1784656080.380] [10178:10178] [DL] Wrote settings to /tmp/chip_counters.ini[0m
[0;32m[1784656080.380] [10178:10178] [DL] NVS set: chip-counters/reboot-count = 6 (0x6)[0m
[0;32m[1784656080.381] [10178:10178] [DL] Got Ethernet interface: enp0s3[0m
[0;32m[1784656080.381] [10178:10178] [DL] Found the primary Ethernet interface:enp0s3[0m
[1;31m[1784656080.381] [10178:10178] [DL] Failed to get WiFi interface[0m
[1;31m[1784656080.381] [10178:10178] [DL] Failed to reset WiFi statistic counts[0m
[0;32m[1784656080.381] [10178:10178] [PAF] WiFiPAF: WiFiPAFLayer::Init()[0m
[0;34m[1784656080.381] [10178:10178] [IN] UDP::Init bind&listen port=0[0m
[0;34m[1784656080.381] [10178:10178] [IN] UDP::Init bound to port=53114[0m
[0;34m[1784656080.381] [10178:10178] [IN] UDP::Init bind&listen port=0[0m
[0;34m[1784656080.381] [10178:10178] [IN] UDP::Init bound to port=38196[0m
[0;34m[1784656080.381] [10178:10178] [IN] BLEBase::Init - setting/overriding transport[0m
[0;34m[1784656080.381] [10178:10178] [IN] WiFiPAFBase::Init - setting/overriding transport[0m
[0;34m[1784656080.381] [10178:10178] [IN] TransportMgr initialized[0m
[0;34m[1784656080.381] [10178:10178] [FP] Initializing FabricTable from persistent storage[0m
[0;32m[1784656080.381] [10178:10178] [TS] Last Known Good Time: 2023-10-14T01:16:48[0m
[0;32m[1784656080.381] [10178:10178] [FP] Fabric index 0x1 was retrieved from storage. Compressed FabricId 0x44B0022F54D0DC73, FabricId 0x0000000000000001, NodeId 0x000000000001B669, VendorId 0xFFF1[0m
[0;32m[1784656080.382] [10178:10178] [DMG] Ember attribute persistence requires setting up[0m
[0;32m[1784656080.382] [10178:10178] [ZCL] Using ZAP configuration...[0m
[0;34m[1784656080.382] [10178:10178] [CTL] System State Initialized...[0m
[0;32m[1784656080.382] [10178:10178] [CTL] Setting attestation nonce to random value[0m
[0;32m[1784656080.382] [10178:10178] [CTL] Setting CSR nonce to random value[0m
[0;34m[1784656080.383] [10178:10180] [DL] CHIP task running[0m
[0;32m[1784656080.383] [10178:10180] [CTL] Setting attestation nonce to random value[0m
[0;32m[1784656080.383] [10178:10180] [CTL] Setting CSR nonce to random value[0m
[0;32m[1784656080.383] [10178:10180] [CTL] Generating NOC[0m
[0;32m[1784656080.383] [10178:10180] [FP] Validating NOC chain[0m
[0;32m[1784656080.383] [10178:10180] [FP] NOC chain validation successful[0m
[0;32m[1784656080.383] [10178:10180] [FP] Updated fabric at index: 0x1, Node ID: 0x000000000001B669[0m
[0;32m[1784656080.383] [10178:10180] [TS] Last Known Good Time: 2023-10-14T01:16:48[0m
[0;32m[1784656080.383] [10178:10180] [TS] New proposed Last Known Good Time: 2021-01-01T00:00:00[0m
[0;32m[1784656080.383] [10178:10180] [TS] Retaining current Last Known Good Time[0m
[0;32m[1784656080.386] [10178:10180] [FP] Metadata for Fabric 0x1 persisted to storage.[0m
[0;32m[1784656080.387] [10178:10180] [TS] Committing Last Known Good Time to storage: 2023-10-14T01:16:48[0m
[0;32m[1784656080.388] [10178:10180] [CTL] Joined the fabric at index 1. Fabric ID is 0x0000000000000001 (Compressed Fabric ID: 44B0022F54D0DC73)[0m
[0;32m[1784656080.394] [10178:10180] [TOO] Sending command to node 0x1[0m
[0;34m[1784656080.394] [10178:10180] [CSM] FindOrEstablishSession: PeerId = [1:0000000000000001][0m
[0;34m[1784656080.394] [10178:10180] [CSM] FindOrEstablishSession: No existing OperationalSessionSetup instance found[0m
[0;34m[1784656080.394] [10178:10180] [DIS] OperationalSessionSetup[1:0000000000000001]: State change 1 --> 2[0m
[0;32m[1784656080.394] [10178:10180] [DIS] Lookup started for 44B0022F54D0DC73-0000000000000001[0m
[0;32m[1784656080.395] [10178:10180] [DIS] UDP:[fe80::bfe:a203:38f0:bce7%enp0s3]:5540: new best score: 7 (for 44B0022F54D0DC73-0000000000000001)[0m
[0;34m[1784656080.395] [10178:10180] [DIS] Lookup clearing interface for non LL address[0m
[0;32m[1784656080.395] [10178:10180] [DIS] UDP:10.0.2.15%enp0s3:5540: new best score: 2 (for 44B0022F54D0DC73-0000000000000001)[0m
[0;32m[1784656080.395] [10178:10180] [DIS] Checking node lookup status for 44B0022F54D0DC73-0000000000000001 after 1 ms[0m
[0;32m[1784656080.395] [10178:10180] [DIS] Keeping DNSSD lookup active[0m
[0;32m[1784656080.395] [10178:10180] [DIS] UDP:[fe80::bfe:a203:38f0:bce7%enp0s3]:5540: score has not improved: 7 (for 44B0022F54D0DC73-0000000000000001)[0m
[0;34m[1784656080.395] [10178:10180] [DIS] Lookup clearing interface for non LL address[0m
[0;32m[1784656080.395] [10178:10180] [DIS] UDP:10.0.2.15%enp0s3:5540: score has not improved: 2 (for 44B0022F54D0DC73-0000000000000001)[0m
[0;32m[1784656080.395] [10178:10180] [DIS] Checking node lookup status for 44B0022F54D0DC73-0000000000000001 after 1 ms[0m
[0;32m[1784656080.395] [10178:10180] [DIS] Keeping DNSSD lookup active[0m
[0;32m[1784656080.594] [10178:10180] [DIS] Checking node lookup status for 44B0022F54D0DC73-0000000000000001 after 200 ms[0m
[0;34m[1784656080.594] [10178:10180] [DIS] OperationalSessionSetup[1:0000000000000001]: Updating device address to UDP:[fe80::bfe:a203:38f0:bce7%enp0s3]:5540 while in state 2[0m
[0;34m[1784656080.594] [10178:10180] [DIS] OperationalSessionSetup[1:0000000000000001]: State change 2 --> 3[0m
[0;34m[1784656080.594] [10178:10180] [IN] SecureSession[0x79baa8009cd0]: Allocated Type:2 LSID:57116[0m
[0;32m[1784656080.594] [10178:10180] [SC] Initiating session on local FabricIndex 1 from 0x000000000001B669 -> 0x0000000000000001[0m
[0;32m[1784656080.595] [10178:10180] [EM] <<< [E:48226i S:0 M:155377388] (U) Msg TX from 2D45145C6DF28B74 to 0:0000000000000000 [0000] [UDP:[fe80::bfe:a203:38f0:bce7%enp0s3]:5540] --- Type 0000:30 (SecureChannel:CASE_Sigma1) (B:196)[0m
[0;32m[1784656080.595] [10178:10180] [EM] ??1 [E:48226i S:0 M:155377388] (U) Msg Retransmission to 0:0000000000000000 scheduled for 685ms from now [State:Idle II:500 AI:300 AT:4000][0m
[0;32m[1784656080.595] [10178:10180] [SC] Sent Sigma1 msg to <0000000000000001, 1> [II:500ms AI:300ms AT:4000ms][0m
[0;34m[1784656080.595] [10178:10180] [DIS] OperationalSessionSetup[1:0000000000000001]: State change 3 --> 4[0m
[0;32m[1784656080.596] [10178:10180] [EM] >>> [E:48226i S:0 M:259601939 (Ack:155377388)] (U) Msg RX from 0:0000000000000000 [0000] to 2D45145C6DF28B74 --- Type 0000:31 (SecureChannel:CASE_Sigma2) (B:751)[0m
[0;34m[1784656080.596] [10178:10180] [EM] Found matching exchange: 48226i, Delegate: 0x79baa800b8e8[0m
[0;34m[1784656080.596] [10178:10180] [EM] Rxd Ack; Removing MessageCounter:155377388 from Retrans Table on exchange 48226i[0m
[0;32m[1784656080.596] [10178:10180] [SC] Received Sigma2 msg[0m
[0;34m[1784656080.596] [10178:10180] [SC] Found MRP parameters in the message[0m
[0;34m[1784656080.596] [10178:10180] [SC] Peer <0000000000000001, 1> assigned session ID 57707[0m
[0;34m[1784656080.596] [10178:10180] [SC] Sending Sigma3[0m
[0;32m[1784656080.597] [10178:10180] [EM] <<< [E:48226i S:0 M:155377389 (Ack:259601939)] (U) Msg TX from 2D45145C6DF28B74 to 0:0000000000000000 [0000] [UDP:[fe80::bfe:a203:38f0:bce7%enp0s3]:5540] --- Type 0000:32 (SecureChannel:CASE_Sigma3) (B:598)[0m
[0;32m[1784656080.597] [10178:10180] [EM] ??1 [E:48226i S:0 M:155377389] (U) Msg Retransmission to 0:0000000000000000 scheduled for 411ms from now [State:Active II:500 AI:300 AT:4000][0m
[0;32m[1784656080.597] [10178:10180] [SC] Sent Sigma3 msg[0m
[0;32m[1784656080.606] [10178:10180] [EM] >>> [E:48226i S:0 M:259601940 (Ack:155377389)] (U) Msg RX from 0:0000000000000000 [0000] to 2D45145C6DF28B74 --- Type 0000:40 (SecureChannel:StatusReport) (B:34)[0m
[0;34m[1784656080.606] [10178:10180] [EM] Found matching exchange: 48226i, Delegate: 0x79baa800b8e8[0m
[0;34m[1784656080.606] [10178:10180] [EM] Rxd Ack; Removing MessageCounter:155377389 from Retrans Table on exchange 48226i[0m
[0;32m[1784656080.606] [10178:10180] [SC] Success status report received. Session was established[0m
[0;32m[1784656080.608] [10178:10180] [SC] SecureSession[0x79baa8009cd0, LSID:57116]: State change 'kEstablishing' --> 'kActive'[0m
[0;34m[1784656080.608] [10178:10180] [IN] SecureSession[0x79baa8009cd0]: Activated - Type:2 LSID:57116[0m
[0;34m[1784656080.608] [10178:10180] [IN] New secure session activated for device <0000000000000001, 1>, LSID:57116 PSID:57707![0m
[0;34m[1784656080.608] [10178:10180] [DIS] OperationalSessionSetup[1:0000000000000001]: State change 4 --> 5[0m
[0;32m[1784656080.608] [10178:10180] [TOO] Sending cluster (0x0000003E) command (0x00000007) on endpoint 0[0m
[0;34m[1784656080.608] [10178:10180] [DMG] ICR moving to [AddingComm][0m
[0;34m[1784656080.608] [10178:10180] [DMG] ICR moving to [AddedComma][0m
[0;32m[1784656080.608] [10178:10180] [EM] <<< [E:48227i S:57116 M:90363180] (S) Msg TX from 000000000001B669 to 1:0000000000000001 [DC73] [UDP:[fe80::bfe:a203:38f0:bce7%enp0s3]:5540] --- Type 0001:08 (IM:InvokeCommandRequest) (B:330)[0m
[0;32m[1784656080.608] [10178:10180] [EM] ??1 [E:48227i S:57116 M:90363180] (S) Msg Retransmission to 1:0000000000000001 scheduled for 401ms from now [State:Active II:500 AI:300 AT:4000][0m
[0;34m[1784656080.608] [10178:10180] [DMG] ICR moving to [AwaitingRe][0m
[0;32m[1784656080.608] [10178:10180] [EM] <<< [E:48226i S:0 M:155377390 (Ack:259601940)] (U) Msg TX from 2D45145C6DF28B74 to 0:0000000000000000 [0000] [UDP:[fe80::bfe:a203:38f0:bce7%enp0s3]:5540] --- Type 0000:10 (SecureChannel:StandaloneAck) (B:26)[0m
[0;34m[1784656080.608] [10178:10180] [EM] Flushed pending ack for MessageCounter:259601940 on exchange 48226i[0m
[0;32m[1784656080.618] [10178:10180] [EM] >>> [E:48227i S:57116 M:107260762 (Ack:90363180)] (S) Msg RX from 1:0000000000000001 [DC73] to 000000000001B669 --- Type 0001:09 (IM:InvokeCommandResponse) (B:70)[0m
[0;34m[1784656080.618] [10178:10180] [EM] Found matching exchange: 48227i, Delegate: 0x79baa800eef8[0m
[0;34m[1784656080.618] [10178:10180] [EM] Rxd Ack; Removing MessageCounter:90363180 from Retrans Table on exchange 48227i[0m
[0;34m[1784656080.618] [10178:10180] [DMG] ICR moving to [ResponseRe][0m
[0;34m[1784656080.618] [10178:10180] [DMG] InvokeResponseMessage =[0m
[0;34m[1784656080.618] [10178:10180] [DMG] {[0m
[0;34m[1784656080.618] [10178:10180] [DMG] 	suppressResponse = false, [0m
[0;34m[1784656080.618] [10178:10180] [DMG] 	InvokeResponseIBs =[0m
[0;34m[1784656080.618] [10178:10180] [DMG] 	[[0m
[0;34m[1784656080.618] [10178:10180] [DMG] 		InvokeResponseIB =[0m
[0;34m[1784656080.618] [10178:10180] [DMG] 		{[0m
[0;34m[1784656080.618] [10178:10180] [DMG] 			CommandDataIB =[0m
[0;34m[1784656080.618] [10178:10180] [DMG] 			{[0m
[0;34m[1784656080.618] [10178:10180] [DMG] 				CommandPathIB =[0m
[0;34m[1784656080.618] [10178:10180] [DMG] 				{[0m
[0;34m[1784656080.618] [10178:10180] [DMG] 					EndpointId = 0x0,[0m
[0;34m[1784656080.618] [10178:10180] [DMG] 					ClusterId = 0x3e,[0m
[0;34m[1784656080.618] [10178:10180] [DMG] 					CommandId = 0x8,[0m
[0;34m[1784656080.618] [10178:10180] [DMG] 				},[0m
[0;34m[1784656080.618] [10178:10180] [DMG] 				[0m
[0;34m[1784656080.618] [10178:10180] [DMG] 				CommandFields = [0m
[0;34m[1784656080.618] [10178:10180] [DMG] 				{[0m
[0;34m[1784656080.618] [10178:10180] [DMG] 					0x0 = 0 (unsigned), [0m
[0;34m[1784656080.618] [10178:10180] [DMG] 					0x1 = 1 (unsigned), [0m
[0;34m[1784656080.618] [10178:10180] [DMG] 				},[0m
[0;34m[1784656080.618] [10178:10180] [DMG] 			},[0m
[0;34m[1784656080.618] [10178:10180] [DMG] 			[0m
[0;34m[1784656080.618] [10178:10180] [DMG] 		},[0m
[0;34m[1784656080.618] [10178:10180] [DMG] 		[0m
[0;34m[1784656080.618] [10178:10180] [DMG] 	],[0m
[0;34m[1784656080.618] [10178:10180] [DMG] 	[0m
[0;34m[1784656080.618] [10178:10180] [DMG] 	InteractionModelRevision = 12[0m
[0;34m[1784656080.618] [10178:10180] [DMG] },[0m
[0;32m[1784656080.618] [10178:10180] [DMG] Received Command Response Data, Endpoint=0 Cluster=0x0000_003E Command=0x0000_0008[0m
[0;32m[1784656080.618] [10178:10180] [TOO] Endpoint: 0 Cluster: 0x0000_003E Command 0x0000_0008[0m
[0;32m[1784656080.618] [10178:10180] [TOO]   NOCResponse: {[0m
[0;32m[1784656080.618] [10178:10180] [TOO]     statusCode: 0[0m
[0;32m[1784656080.618] [10178:10180] [TOO]     fabricIndex: 1[0m
[0;32m[1784656080.618] [10178:10180] [TOO]    }[0m
[0;34m[1784656080.618] [10178:10180] [DMG] ICR moving to [AwaitingDe][0m
[0;32m[1784656080.618] [10178:10180] [EM] <<< [E:48227i S:57116 M:90363181 (Ack:107260762)] (S) Msg TX from 000000000001B669 to 1:0000000000000001 [DC73] [UDP:[fe80::bfe:a203:38f0:bce7%enp0s3]:5540] --- Type 0000:10 (SecureChannel:StandaloneAck) (B:34)[0m
[0;34m[1784656080.618] [10178:10180] [EM] Flushed pending ack for MessageCounter:107260762 on exchange 48227i[0m
[0;34m[1784656080.618] [10178:10178] [CTL] Shutting down the commissioner[0m
[0;32m[1784656080.618] [10178:10178] [PAF] WiFiPAF: Closing all WiFiPAF sessions to shutdown[0m
[0;34m[1784656080.618] [10178:10178] [CTL] Shutting down the controller[0m
[0;34m[1784656080.618] [10178:10178] [IN] Expiring all sessions for fabric 0x1!![0m
[0;34m[1784656080.618] [10178:10178] [IN] SecureSession[0x79baa8009cd0]: MarkForEviction Type:2 LSID:57116[0m
[0;32m[1784656080.618] [10178:10178] [SC] SecureSession[0x79baa8009cd0, LSID:57116]: State change 'kActive' --> 'kPendingEviction'[0m
[0;34m[1784656080.618] [10178:10178] [IN] SecureSession[0x79baa8009cd0]: Released - Type:2 LSID:57116[0m
[0;32m[1784656080.618] [10178:10178] [FP] Forgetting fabric 0x1[0m
[0;32m[1784656080.618] [10178:10178] [TS] Pending Last Known Good Time: 2023-10-14T01:16:48[0m
[0;32m[1784656080.618] [10178:10178] [TS] Previous Last Known Good Time: 2023-10-14T01:16:48[0m
[0;32m[1784656080.618] [10178:10178] [TS] Reverted Last Known Good Time to previous value[0m
[0;34m[1784656080.618] [10178:10178] [CTL] Shutting down the commissioner[0m
[0;32m[1784656080.618] [10178:10178] [PAF] WiFiPAF: Closing all WiFiPAF sessions to shutdown[0m
[0;34m[1784656080.618] [10178:10178] [CTL] Shutting down the controller[0m
[0;34m[1784656080.618] [10178:10178] [CTL] Shutting down the System State, this will teardown the CHIP Stack[0m
[0;34m[1784656080.618] [10178:10178] [DMG] All ReadHandler-s are clean, clear GlobalDirtySet[0m
[0;32m[1784656080.618] [10178:10178] [FP] Shutting down FabricTable[0m
[0;32m[1784656080.618] [10178:10178] [TS] Pending Last Known Good Time: 2023-10-14T01:16:48[0m
[0;32m[1784656080.618] [10178:10178] [TS] Previous Last Known Good Time: 2023-10-14T01:16:48[0m
[0;32m[1784656080.618] [10178:10178] [TS] Reverted Last Known Good Time to previous value[0m
[0;34m[1784656080.620] [10178:10178] [DL] Wrote settings to /tmp/chip_counters.ini[0m
[0;32m[1784656080.620] [10178:10178] [DL] NVS set: chip-counters/total-operational-hours = 0 (0x0)[0m
[0;32m[1784656080.620] [10178:10178] [DL] Inet Layer shutdown[0m
[0;32m[1784656080.620] [10178:10178] [DL] BLE Layer shutdown[0m
[0;32m[1784656080.620] [10178:10178] [DL] WiFi-PAF Layer shutdown[0m
[0;32m[1784656080.620] [10178:10178] [PAF] WiFiPAF: Closing all WiFiPAF sessions to shutdown[0m
[0;32m[1784656080.620] [10178:10178] [DL] System Layer shutdown[0m
