[0;34m[1784838414.921] [22742:22742] [DL] ChipLinuxStorage::Init: Using KVS config file: /tmp/chip_tool_kvs[0m
[1;31m[1784838414.922] [22742:22742] [DL] ChipLinuxStorage::Init: Attempt to re-initialize with KVS config file: /tmp/chip_kvs, IGNORING.[0m
[0;34m[1784838414.923] [22742:22742] [DL] ChipLinuxStorage::Init: Using KVS config file: /tmp/chip_factory.ini[0m
[0;34m[1784838414.923] [22742:22742] [DL] ChipLinuxStorage::Init: Using KVS config file: /tmp/chip_config.ini[0m
[0;34m[1784838414.923] [22742:22742] [DL] ChipLinuxStorage::Init: Using KVS config file: /tmp/chip_counters.ini[0m
[0;34m[1784838414.926] [22742:22742] [DL] Wrote settings to /tmp/chip_counters.ini[0m
[0;32m[1784838414.926] [22742:22742] [DL] NVS set: chip-counters/reboot-count = 3 (0x3)[0m
[0;32m[1784838414.926] [22742:22742] [DL] Got Ethernet interface: enp0s3[0m
[0;32m[1784838414.926] [22742:22742] [DL] Found the primary Ethernet interface:enp0s3[0m
[1;31m[1784838414.926] [22742:22742] [DL] Failed to get WiFi interface[0m
[1;31m[1784838414.926] [22742:22742] [DL] Failed to reset WiFi statistic counts[0m
[0;32m[1784838414.926] [22742:22742] [PAF] WiFiPAF: WiFiPAFLayer::Init()[0m
[0;34m[1784838414.926] [22742:22742] [IN] UDP::Init bind&listen port=0[0m
[0;34m[1784838414.926] [22742:22742] [IN] UDP::Init bound to port=34099[0m
[0;34m[1784838414.926] [22742:22742] [IN] UDP::Init bind&listen port=0[0m
[0;34m[1784838414.926] [22742:22742] [IN] UDP::Init bound to port=46223[0m
[0;34m[1784838414.926] [22742:22742] [IN] BLEBase::Init - setting/overriding transport[0m
[0;34m[1784838414.926] [22742:22742] [IN] WiFiPAFBase::Init - setting/overriding transport[0m
[0;34m[1784838414.926] [22742:22742] [IN] TransportMgr initialized[0m
[0;34m[1784838414.926] [22742:22742] [FP] Initializing FabricTable from persistent storage[0m
[0;32m[1784838414.926] [22742:22742] [TS] Last Known Good Time: 2023-10-14T01:16:48[0m
[0;32m[1784838414.926] [22742:22742] [FP] Fabric index 0x1 was retrieved from storage. Compressed FabricId 0x68C83A84A9CE8E04, FabricId 0x0000000000000001, NodeId 0x000000000001B669, VendorId 0xFFF1[0m
[0;32m[1784838414.927] [22742:22742] [DMG] Ember attribute persistence requires setting up[0m
[0;32m[1784838414.927] [22742:22742] [ZCL] Using ZAP configuration...[0m
[0;34m[1784838414.927] [22742:22742] [CTL] System State Initialized...[0m
[0;32m[1784838414.927] [22742:22742] [CTL] Setting attestation nonce to random value[0m
[0;32m[1784838414.928] [22742:22742] [CTL] Setting CSR nonce to random value[0m
[0;34m[1784838414.928] [22742:22744] [DL] CHIP task running[0m
[0;32m[1784838414.928] [22742:22744] [CTL] Setting attestation nonce to random value[0m
[0;32m[1784838414.928] [22742:22744] [CTL] Setting CSR nonce to random value[0m
[0;32m[1784838414.928] [22742:22744] [CTL] Generating NOC[0m
[0;32m[1784838414.928] [22742:22744] [FP] Validating NOC chain[0m
[0;32m[1784838414.929] [22742:22744] [FP] NOC chain validation successful[0m
[0;32m[1784838414.929] [22742:22744] [FP] Updated fabric at index: 0x1, Node ID: 0x000000000001B669[0m
[0;32m[1784838414.929] [22742:22744] [TS] Last Known Good Time: 2023-10-14T01:16:48[0m
[0;32m[1784838414.929] [22742:22744] [TS] New proposed Last Known Good Time: 2021-01-01T00:00:00[0m
[0;32m[1784838414.929] [22742:22744] [TS] Retaining current Last Known Good Time[0m
[0;32m[1784838414.931] [22742:22744] [FP] Metadata for Fabric 0x1 persisted to storage.[0m
[0;32m[1784838414.932] [22742:22744] [TS] Committing Last Known Good Time to storage: 2023-10-14T01:16:48[0m
[0;32m[1784838414.934] [22742:22744] [CTL] Joined the fabric at index 1. Fabric ID is 0x0000000000000001 (Compressed Fabric ID: 68C83A84A9CE8E04)[0m
[0;32m[1784838414.940] [22742:22744] [TOO] Sending command to node 0x1[0m
[0;34m[1784838414.940] [22742:22744] [CSM] FindOrEstablishSession: PeerId = [1:0000000000000001][0m
[0;34m[1784838414.940] [22742:22744] [CSM] FindOrEstablishSession: No existing OperationalSessionSetup instance found[0m
[0;34m[1784838414.940] [22742:22744] [DIS] OperationalSessionSetup[1:0000000000000001]: State change 1 --> 2[0m
[0;32m[1784838414.941] [22742:22744] [DIS] Lookup started for 68C83A84A9CE8E04-0000000000000001[0m
[0;32m[1784838414.941] [22742:22744] [DIS] UDP:[fe80::bfe:a203:38f0:bce7%enp0s3]:5540: new best score: 7 (for 68C83A84A9CE8E04-0000000000000001)[0m
[0;34m[1784838414.941] [22742:22744] [DIS] Lookup clearing interface for non LL address[0m
[0;32m[1784838414.941] [22742:22744] [DIS] UDP:10.0.2.15%enp0s3:5540: new best score: 2 (for 68C83A84A9CE8E04-0000000000000001)[0m
[0;32m[1784838414.941] [22742:22744] [DIS] Checking node lookup status for 68C83A84A9CE8E04-0000000000000001 after 0 ms[0m
[0;32m[1784838414.941] [22742:22744] [DIS] Keeping DNSSD lookup active[0m
[0;32m[1784838414.941] [22742:22744] [DIS] UDP:[fe80::bfe:a203:38f0:bce7%enp0s3]:5540: score has not improved: 7 (for 68C83A84A9CE8E04-0000000000000001)[0m
[0;34m[1784838414.941] [22742:22744] [DIS] Lookup clearing interface for non LL address[0m
[0;32m[1784838414.941] [22742:22744] [DIS] UDP:10.0.2.15%enp0s3:5540: score has not improved: 2 (for 68C83A84A9CE8E04-0000000000000001)[0m
[0;32m[1784838414.941] [22742:22744] [DIS] Checking node lookup status for 68C83A84A9CE8E04-0000000000000001 after 0 ms[0m
[0;32m[1784838414.941] [22742:22744] [DIS] Keeping DNSSD lookup active[0m
[0;32m[1784838415.150] [22742:22744] [DIS] Checking node lookup status for 68C83A84A9CE8E04-0000000000000001 after 210 ms[0m
[0;34m[1784838415.150] [22742:22744] [DIS] OperationalSessionSetup[1:0000000000000001]: Updating device address to UDP:[fe80::bfe:a203:38f0:bce7%enp0s3]:5540 while in state 2[0m
[0;34m[1784838415.150] [22742:22744] [DIS] OperationalSessionSetup[1:0000000000000001]: State change 2 --> 3[0m
[0;34m[1784838415.150] [22742:22744] [IN] SecureSession[0x77820c009cd0]: Allocated Type:2 LSID:14826[0m
[0;32m[1784838415.150] [22742:22744] [SC] Initiating session on local FabricIndex 1 from 0x000000000001B669 -> 0x0000000000000001[0m
[0;32m[1784838415.151] [22742:22744] [EM] <<< [E:3990i S:0 M:94137115] (U) Msg TX from 99B703E7FC0D9D5A to 0:0000000000000000 [0000] [UDP:[fe80::bfe:a203:38f0:bce7%enp0s3]:5540] --- Type 0000:30 (SecureChannel:CASE_Sigma1) (B:196)[0m
[0;32m[1784838415.151] [22742:22744] [EM] ??1 [E:3990i S:0 M:94137115] (U) Msg Retransmission to 0:0000000000000000 scheduled for 572ms from now [State:Idle II:500 AI:300 AT:4000][0m
[0;32m[1784838415.151] [22742:22744] [SC] Sent Sigma1 msg to <0000000000000001, 1> [II:500ms AI:300ms AT:4000ms][0m
[0;34m[1784838415.151] [22742:22744] [DIS] OperationalSessionSetup[1:0000000000000001]: State change 3 --> 4[0m
[0;32m[1784838415.152] [22742:22744] [EM] >>> [E:3990i S:0 M:37236951 (Ack:94137115)] (U) Msg RX from 0:0000000000000000 [0000] to 99B703E7FC0D9D5A --- Type 0000:31 (SecureChannel:CASE_Sigma2) (B:751)[0m
[0;34m[1784838415.152] [22742:22744] [EM] Found matching exchange: 3990i, Delegate: 0x77820c00b8e8[0m
[0;34m[1784838415.152] [22742:22744] [EM] Rxd Ack; Removing MessageCounter:94137115 from Retrans Table on exchange 3990i[0m
[0;32m[1784838415.152] [22742:22744] [SC] Received Sigma2 msg[0m
[0;34m[1784838415.152] [22742:22744] [SC] Found MRP parameters in the message[0m
[0;34m[1784838415.153] [22742:22744] [SC] Peer <0000000000000001, 1> assigned session ID 62334[0m
[0;34m[1784838415.153] [22742:22744] [SC] Sending Sigma3[0m
[0;32m[1784838415.153] [22742:22744] [EM] <<< [E:3990i S:0 M:94137116 (Ack:37236951)] (U) Msg TX from 99B703E7FC0D9D5A to 0:0000000000000000 [0000] [UDP:[fe80::bfe:a203:38f0:bce7%enp0s3]:5540] --- Type 0000:32 (SecureChannel:CASE_Sigma3) (B:598)[0m
[0;32m[1784838415.154] [22742:22744] [EM] ??1 [E:3990i S:0 M:94137116] (U) Msg Retransmission to 0:0000000000000000 scheduled for 360ms from now [State:Active II:500 AI:300 AT:4000][0m
[0;32m[1784838415.154] [22742:22744] [SC] Sent Sigma3 msg[0m
[0;32m[1784838415.165] [22742:22744] [EM] >>> [E:3990i S:0 M:37236952 (Ack:94137116)] (U) Msg RX from 0:0000000000000000 [0000] to 99B703E7FC0D9D5A --- Type 0000:40 (SecureChannel:StatusReport) (B:34)[0m
[0;34m[1784838415.165] [22742:22744] [EM] Found matching exchange: 3990i, Delegate: 0x77820c00b8e8[0m
[0;34m[1784838415.165] [22742:22744] [EM] Rxd Ack; Removing MessageCounter:94137116 from Retrans Table on exchange 3990i[0m
[0;32m[1784838415.165] [22742:22744] [SC] Success status report received. Session was established[0m
[0;32m[1784838415.166] [22742:22744] [SC] SecureSession[0x77820c009cd0, LSID:14826]: State change 'kEstablishing' --> 'kActive'[0m
[0;34m[1784838415.166] [22742:22744] [IN] SecureSession[0x77820c009cd0]: Activated - Type:2 LSID:14826[0m
[0;34m[1784838415.166] [22742:22744] [IN] New secure session activated for device <0000000000000001, 1>, LSID:14826 PSID:62334![0m
[0;34m[1784838415.166] [22742:22744] [DIS] OperationalSessionSetup[1:0000000000000001]: State change 4 --> 5[0m
[0;32m[1784838415.166] [22742:22744] [TOO] Sending ReadAttribute to:[0m
[0;32m[1784838415.166] [22742:22744] [TOO] 	cluster 0x0000_0038, attribute: 0x0000_0000, endpoint 0[0m
[0;34m[1784838415.166] [22742:22744] [DMG] SendReadRequest ReadClient[0x77820c00eef0]: Sending Read Request[0m
[0;32m[1784838415.166] [22742:22744] [DMG] 0 data version filters provided, 0 not relevant, 0 encoded, 0 skipped due to lack of space[0m
[0;32m[1784838415.166] [22742:22744] [EM] <<< [E:3991i S:14826 M:156111938] (S) Msg TX from 000000000001B669 to 1:0000000000000001 [8E04] [UDP:[fe80::bfe:a203:38f0:bce7%enp0s3]:5540] --- Type 0001:02 (IM:ReadRequest) (B:51)[0m
[0;32m[1784838415.166] [22742:22744] [EM] ??1 [E:3991i S:14826 M:156111938] (S) Msg Retransmission to 1:0000000000000001 scheduled for 379ms from now [State:Active II:500 AI:300 AT:4000][0m
[0;34m[1784838415.166] [22742:22744] [DMG] MoveToState ReadClient[0x77820c00eef0]: Moving to [AwaitingIn][0m
[0;32m[1784838415.167] [22742:22744] [EM] <<< [E:3990i S:0 M:94137117 (Ack:37236952)] (U) Msg TX from 99B703E7FC0D9D5A to 0:0000000000000000 [0000] [UDP:[fe80::bfe:a203:38f0:bce7%enp0s3]:5540] --- Type 0000:10 (SecureChannel:StandaloneAck) (B:26)[0m
[0;34m[1784838415.167] [22742:22744] [EM] Flushed pending ack for MessageCounter:37236952 on exchange 3990i[0m
[0;32m[1784838415.167] [22742:22744] [EM] >>> [E:3991i S:14826 M:183877191 (Ack:156111938)] (S) Msg RX from 1:0000000000000001 [8E04] to 000000000001B669 --- Type 0001:05 (IM:ReportData) (B:77)[0m
[0;34m[1784838415.167] [22742:22744] [EM] Found matching exchange: 3991i, Delegate: 0x77820c00ef00[0m
[0;34m[1784838415.167] [22742:22744] [EM] Rxd Ack; Removing MessageCounter:156111938 from Retrans Table on exchange 3991i[0m
[0;34m[1784838415.167] [22742:22744] [DMG] ReportDataMessage =[0m
[0;34m[1784838415.167] [22742:22744] [DMG] {[0m
[0;34m[1784838415.167] [22742:22744] [DMG] 	AttributeReportIBs =[0m
[0;34m[1784838415.167] [22742:22744] [DMG] 	[[0m
[0;34m[1784838415.167] [22742:22744] [DMG] 		AttributeReportIB =[0m
[0;34m[1784838415.167] [22742:22744] [DMG] 		{[0m
[0;34m[1784838415.167] [22742:22744] [DMG] 			AttributeDataIB =[0m
[0;34m[1784838415.167] [22742:22744] [DMG] 			{[0m
[0;34m[1784838415.167] [22742:22744] [DMG] 				DataVersion = 0xb31335fb,[0m
[0;34m[1784838415.167] [22742:22744] [DMG] 				AttributePathIB =[0m
[0;34m[1784838415.167] [22742:22744] [DMG] 				{[0m
[0;34m[1784838415.167] [22742:22744] [DMG] 					Endpoint = 0x0,[0m
[0;34m[1784838415.167] [22742:22744] [DMG] 					Cluster = 0x38,[0m
[0;34m[1784838415.167] [22742:22744] [DMG] 					Attribute = 0x0000_0000,[0m
[0;34m[1784838415.167] [22742:22744] [DMG] 				}[0m
[0;34m[1784838415.167] [22742:22744] [DMG] 					[0m
[0;34m[1784838415.167] [22742:22744] [DMG] 				Data = 838153615167160 (unsigned), [0m
[0;34m[1784838415.167] [22742:22744] [DMG] 			},[0m
[0;34m[1784838415.167] [22742:22744] [DMG] 			[0m
[0;34m[1784838415.167] [22742:22744] [DMG] 		},[0m
[0;34m[1784838415.167] [22742:22744] [DMG] 		[0m
[0;34m[1784838415.167] [22742:22744] [DMG] 	],[0m
[0;34m[1784838415.167] [22742:22744] [DMG] 	[0m
[0;34m[1784838415.167] [22742:22744] [DMG] 	SuppressResponse = true, [0m
[0;34m[1784838415.167] [22742:22744] [DMG] 	InteractionModelRevision = 12[0m
[0;34m[1784838415.167] [22742:22744] [DMG] }[0m
[0;32m[1784838415.167] [22742:22744] [TOO] Endpoint: 0 Cluster: 0x0000_0038 Attribute 0x0000_0000 DataVersion: 3004380667[0m
[0;32m[1784838415.167] [22742:22744] [TOO]   UTCTime: 838153615167160[0m
[0;32m[1784838415.167] [22742:22744] [EM] <<< [E:3991i S:14826 M:156111939 (Ack:183877191)] (S) Msg TX from 000000000001B669 to 1:0000000000000001 [8E04] [UDP:[fe80::bfe:a203:38f0:bce7%enp0s3]:5540] --- Type 0000:10 (SecureChannel:StandaloneAck) (B:34)[0m
[0;34m[1784838415.167] [22742:22744] [EM] Flushed pending ack for MessageCounter:183877191 on exchange 3991i[0m
[0;34m[1784838415.167] [22742:22742] [CTL] Shutting down the commissioner[0m
[0;32m[1784838415.168] [22742:22742] [PAF] WiFiPAF: Closing all WiFiPAF sessions to shutdown[0m
[0;34m[1784838415.168] [22742:22742] [CTL] Shutting down the controller[0m
[0;34m[1784838415.168] [22742:22742] [IN] Expiring all sessions for fabric 0x1!![0m
[0;34m[1784838415.168] [22742:22742] [IN] SecureSession[0x77820c009cd0]: MarkForEviction Type:2 LSID:14826[0m
[0;32m[1784838415.168] [22742:22742] [SC] SecureSession[0x77820c009cd0, LSID:14826]: State change 'kActive' --> 'kPendingEviction'[0m
[0;34m[1784838415.168] [22742:22742] [IN] SecureSession[0x77820c009cd0]: Released - Type:2 LSID:14826[0m
[0;32m[1784838415.168] [22742:22742] [FP] Forgetting fabric 0x1[0m
[0;32m[1784838415.168] [22742:22742] [TS] Pending Last Known Good Time: 2023-10-14T01:16:48[0m
[0;32m[1784838415.168] [22742:22742] [TS] Previous Last Known Good Time: 2023-10-14T01:16:48[0m
[0;32m[1784838415.168] [22742:22742] [TS] Reverted Last Known Good Time to previous value[0m
[0;34m[1784838415.168] [22742:22742] [CTL] Shutting down the commissioner[0m
[0;32m[1784838415.168] [22742:22742] [PAF] WiFiPAF: Closing all WiFiPAF sessions to shutdown[0m
[0;34m[1784838415.168] [22742:22742] [CTL] Shutting down the controller[0m
[0;34m[1784838415.168] [22742:22742] [CTL] Shutting down the System State, this will teardown the CHIP Stack[0m
[0;34m[1784838415.168] [22742:22742] [DMG] All ReadHandler-s are clean, clear GlobalDirtySet[0m
[0;32m[1784838415.168] [22742:22742] [FP] Shutting down FabricTable[0m
[0;32m[1784838415.168] [22742:22742] [TS] Pending Last Known Good Time: 2023-10-14T01:16:48[0m
[0;32m[1784838415.168] [22742:22742] [TS] Previous Last Known Good Time: 2023-10-14T01:16:48[0m
[0;32m[1784838415.168] [22742:22742] [TS] Reverted Last Known Good Time to previous value[0m
[0;34m[1784838415.171] [22742:22742] [DL] Wrote settings to /tmp/chip_counters.ini[0m
[0;32m[1784838415.171] [22742:22742] [DL] NVS set: chip-counters/total-operational-hours = 0 (0x0)[0m
[0;32m[1784838415.171] [22742:22742] [DL] Inet Layer shutdown[0m
[0;32m[1784838415.171] [22742:22742] [DL] BLE Layer shutdown[0m
[0;32m[1784838415.171] [22742:22742] [DL] WiFi-PAF Layer shutdown[0m
[0;32m[1784838415.171] [22742:22742] [PAF] WiFiPAF: Closing all WiFiPAF sessions to shutdown[0m
[0;32m[1784838415.171] [22742:22742] [DL] System Layer shutdown[0m
