[0;34m[1784655082.274] [7020:7020] [DL] ChipLinuxStorage::Init: Using KVS config file: /tmp/chip_tool_kvs[0m
[1;31m[1784655082.275] [7020:7020] [DL] ChipLinuxStorage::Init: Attempt to re-initialize with KVS config file: /tmp/chip_kvs, IGNORING.[0m
[0;34m[1784655082.276] [7020:7020] [DL] ChipLinuxStorage::Init: Using KVS config file: /tmp/chip_factory.ini[0m
[0;34m[1784655082.276] [7020:7020] [DL] ChipLinuxStorage::Init: Using KVS config file: /tmp/chip_config.ini[0m
[0;34m[1784655082.276] [7020:7020] [DL] ChipLinuxStorage::Init: Using KVS config file: /tmp/chip_counters.ini[0m
[0;34m[1784655082.279] [7020:7020] [DL] Wrote settings to /tmp/chip_counters.ini[0m
[0;32m[1784655082.279] [7020:7020] [DL] NVS set: chip-counters/reboot-count = 4 (0x4)[0m
[0;32m[1784655082.279] [7020:7020] [DL] Got Ethernet interface: enp0s3[0m
[0;32m[1784655082.279] [7020:7020] [DL] Found the primary Ethernet interface:enp0s3[0m
[1;31m[1784655082.279] [7020:7020] [DL] Failed to get WiFi interface[0m
[1;31m[1784655082.279] [7020:7020] [DL] Failed to reset WiFi statistic counts[0m
[0;32m[1784655082.279] [7020:7020] [PAF] WiFiPAF: WiFiPAFLayer::Init()[0m
[0;34m[1784655082.279] [7020:7020] [IN] UDP::Init bind&listen port=0[0m
[0;34m[1784655082.279] [7020:7020] [IN] UDP::Init bound to port=55255[0m
[0;34m[1784655082.279] [7020:7020] [IN] UDP::Init bind&listen port=0[0m
[0;34m[1784655082.279] [7020:7020] [IN] UDP::Init bound to port=38131[0m
[0;34m[1784655082.279] [7020:7020] [IN] BLEBase::Init - setting/overriding transport[0m
[0;34m[1784655082.279] [7020:7020] [IN] WiFiPAFBase::Init - setting/overriding transport[0m
[0;34m[1784655082.279] [7020:7020] [IN] TransportMgr initialized[0m
[0;34m[1784655082.279] [7020:7020] [FP] Initializing FabricTable from persistent storage[0m
[0;32m[1784655082.279] [7020:7020] [TS] Last Known Good Time: 2023-10-14T01:16:48[0m
[0;32m[1784655082.280] [7020:7020] [FP] Fabric index 0x1 was retrieved from storage. Compressed FabricId 0xCA3A0678988566F6, FabricId 0x0000000000000001, NodeId 0x000000000001B669, VendorId 0xFFF1[0m
[0;32m[1784655082.281] [7020:7020] [DMG] Ember attribute persistence requires setting up[0m
[0;32m[1784655082.281] [7020:7020] [ZCL] Using ZAP configuration...[0m
[0;34m[1784655082.281] [7020:7020] [CTL] System State Initialized...[0m
[0;32m[1784655082.281] [7020:7020] [CTL] Setting attestation nonce to random value[0m
[0;32m[1784655082.281] [7020:7020] [CTL] Setting CSR nonce to random value[0m
[0;34m[1784655082.281] [7020:7022] [DL] CHIP task running[0m
[0;32m[1784655082.281] [7020:7022] [CTL] Setting attestation nonce to random value[0m
[0;32m[1784655082.281] [7020:7022] [CTL] Setting CSR nonce to random value[0m
[0;32m[1784655082.282] [7020:7022] [CTL] Generating NOC[0m
[0;32m[1784655082.282] [7020:7022] [FP] Validating NOC chain[0m
[0;32m[1784655082.282] [7020:7022] [FP] NOC chain validation successful[0m
[0;32m[1784655082.282] [7020:7022] [FP] Updated fabric at index: 0x1, Node ID: 0x000000000001B669[0m
[0;32m[1784655082.282] [7020:7022] [TS] Last Known Good Time: 2023-10-14T01:16:48[0m
[0;32m[1784655082.282] [7020:7022] [TS] New proposed Last Known Good Time: 2021-01-01T00:00:00[0m
[0;32m[1784655082.282] [7020:7022] [TS] Retaining current Last Known Good Time[0m
[0;32m[1784655082.284] [7020:7022] [FP] Metadata for Fabric 0x1 persisted to storage.[0m
[0;32m[1784655082.285] [7020:7022] [TS] Committing Last Known Good Time to storage: 2023-10-14T01:16:48[0m
[0;32m[1784655082.285] [7020:7022] [CTL] Joined the fabric at index 1. Fabric ID is 0x0000000000000001 (Compressed Fabric ID: CA3A0678988566F6)[0m
[0;32m[1784655082.290] [7020:7022] [TOO] Sending command to node 0x1[0m
[0;34m[1784655082.290] [7020:7022] [CSM] FindOrEstablishSession: PeerId = [1:0000000000000001][0m
[0;34m[1784655082.290] [7020:7022] [CSM] FindOrEstablishSession: No existing OperationalSessionSetup instance found[0m
[0;34m[1784655082.290] [7020:7022] [DIS] OperationalSessionSetup[1:0000000000000001]: State change 1 --> 2[0m
[0;32m[1784655082.291] [7020:7022] [DIS] Lookup started for CA3A0678988566F6-0000000000000001[0m
[0;32m[1784655082.291] [7020:7022] [DIS] UDP:[fe80::bfe:a203:38f0:bce7%enp0s3]:5540: new best score: 7 (for CA3A0678988566F6-0000000000000001)[0m
[0;34m[1784655082.291] [7020:7022] [DIS] Lookup clearing interface for non LL address[0m
[0;32m[1784655082.291] [7020:7022] [DIS] UDP:10.0.2.15%enp0s3:5540: new best score: 2 (for CA3A0678988566F6-0000000000000001)[0m
[0;32m[1784655082.291] [7020:7022] [DIS] Checking node lookup status for CA3A0678988566F6-0000000000000001 after 1 ms[0m
[0;32m[1784655082.291] [7020:7022] [DIS] Keeping DNSSD lookup active[0m
[0;32m[1784655082.291] [7020:7022] [DIS] UDP:[fe80::bfe:a203:38f0:bce7%enp0s3]:5540: score has not improved: 7 (for CA3A0678988566F6-0000000000000001)[0m
[0;34m[1784655082.291] [7020:7022] [DIS] Lookup clearing interface for non LL address[0m
[0;32m[1784655082.291] [7020:7022] [DIS] UDP:10.0.2.15%enp0s3:5540: score has not improved: 2 (for CA3A0678988566F6-0000000000000001)[0m
[0;32m[1784655082.291] [7020:7022] [DIS] Checking node lookup status for CA3A0678988566F6-0000000000000001 after 1 ms[0m
[0;32m[1784655082.291] [7020:7022] [DIS] Keeping DNSSD lookup active[0m
[0;32m[1784655082.491] [7020:7022] [DIS] Checking node lookup status for CA3A0678988566F6-0000000000000001 after 201 ms[0m
[0;34m[1784655082.491] [7020:7022] [DIS] OperationalSessionSetup[1:0000000000000001]: Updating device address to UDP:[fe80::bfe:a203:38f0:bce7%enp0s3]:5540 while in state 2[0m
[0;34m[1784655082.491] [7020:7022] [DIS] OperationalSessionSetup[1:0000000000000001]: State change 2 --> 3[0m
[0;34m[1784655082.491] [7020:7022] [IN] SecureSession[0x741b44009cd0]: Allocated Type:2 LSID:5356[0m
[0;32m[1784655082.491] [7020:7022] [SC] Initiating session on local FabricIndex 1 from 0x000000000001B669 -> 0x0000000000000001[0m
[0;32m[1784655082.491] [7020:7022] [EM] <<< [E:14193i S:0 M:164137638] (U) Msg TX from 5923AC98A3BA28C7 to 0:0000000000000000 [0000] [UDP:[fe80::bfe:a203:38f0:bce7%enp0s3]:5540] --- Type 0000:30 (SecureChannel:CASE_Sigma1) (B:196)[0m
[0;32m[1784655082.492] [7020:7022] [EM] ??1 [E:14193i S:0 M:164137638] (U) Msg Retransmission to 0:0000000000000000 scheduled for 652ms from now [State:Idle II:500 AI:300 AT:4000][0m
[0;32m[1784655082.492] [7020:7022] [SC] Sent Sigma1 msg to <0000000000000001, 1> [II:500ms AI:300ms AT:4000ms][0m
[0;34m[1784655082.492] [7020:7022] [DIS] OperationalSessionSetup[1:0000000000000001]: State change 3 --> 4[0m
[0;32m[1784655082.494] [7020:7022] [EM] >>> [E:14193i S:0 M:42722475 (Ack:164137638)] (U) Msg RX from 0:0000000000000000 [0000] to 5923AC98A3BA28C7 --- Type 0000:31 (SecureChannel:CASE_Sigma2) (B:751)[0m
[0;34m[1784655082.494] [7020:7022] [EM] Found matching exchange: 14193i, Delegate: 0x741b4400b8e8[0m
[0;34m[1784655082.494] [7020:7022] [EM] Rxd Ack; Removing MessageCounter:164137638 from Retrans Table on exchange 14193i[0m
[0;32m[1784655082.494] [7020:7022] [SC] Received Sigma2 msg[0m
[0;34m[1784655082.494] [7020:7022] [SC] Found MRP parameters in the message[0m
[0;34m[1784655082.494] [7020:7022] [SC] Peer <0000000000000001, 1> assigned session ID 53329[0m
[0;34m[1784655082.494] [7020:7022] [SC] Sending Sigma3[0m
[0;32m[1784655082.495] [7020:7022] [EM] <<< [E:14193i S:0 M:164137639 (Ack:42722475)] (U) Msg TX from 5923AC98A3BA28C7 to 0:0000000000000000 [0000] [UDP:[fe80::bfe:a203:38f0:bce7%enp0s3]:5540] --- Type 0000:32 (SecureChannel:CASE_Sigma3) (B:598)[0m
[0;32m[1784655082.495] [7020:7022] [EM] ??1 [E:14193i S:0 M:164137639] (U) Msg Retransmission to 0:0000000000000000 scheduled for 373ms from now [State:Active II:500 AI:300 AT:4000][0m
[0;32m[1784655082.495] [7020:7022] [SC] Sent Sigma3 msg[0m
[0;32m[1784655082.503] [7020:7022] [EM] >>> [E:14193i S:0 M:42722476 (Ack:164137639)] (U) Msg RX from 0:0000000000000000 [0000] to 5923AC98A3BA28C7 --- Type 0000:40 (SecureChannel:StatusReport) (B:34)[0m
[0;34m[1784655082.503] [7020:7022] [EM] Found matching exchange: 14193i, Delegate: 0x741b4400b8e8[0m
[0;34m[1784655082.503] [7020:7022] [EM] Rxd Ack; Removing MessageCounter:164137639 from Retrans Table on exchange 14193i[0m
[0;32m[1784655082.503] [7020:7022] [SC] Success status report received. Session was established[0m
[0;32m[1784655082.504] [7020:7022] [SC] SecureSession[0x741b44009cd0, LSID:5356]: State change 'kEstablishing' --> 'kActive'[0m
[0;34m[1784655082.504] [7020:7022] [IN] SecureSession[0x741b44009cd0]: Activated - Type:2 LSID:5356[0m
[0;34m[1784655082.504] [7020:7022] [IN] New secure session activated for device <0000000000000001, 1>, LSID:5356 PSID:53329![0m
[0;34m[1784655082.504] [7020:7022] [DIS] OperationalSessionSetup[1:0000000000000001]: State change 4 --> 5[0m
[0;32m[1784655082.504] [7020:7022] [TOO] Sending cluster (0x0000003E) command (0x00000004) on endpoint 0[0m
[0;34m[1784655082.504] [7020:7022] [DMG] ICR moving to [AddingComm][0m
[0;34m[1784655082.504] [7020:7022] [DMG] ICR moving to [AddedComma][0m
[0;32m[1784655082.504] [7020:7022] [EM] <<< [E:14194i S:5356 M:173603874] (S) Msg TX from 000000000001B669 to 1:0000000000000001 [66F6] [UDP:[fe80::bfe:a203:38f0:bce7%enp0s3]:5540] --- Type 0001:08 (IM:InvokeCommandRequest) (B:96)[0m
[0;32m[1784655082.504] [7020:7022] [EM] ??1 [E:14194i S:5356 M:173603874] (S) Msg Retransmission to 1:0000000000000001 scheduled for 333ms from now [State:Active II:500 AI:300 AT:4000][0m
[0;34m[1784655082.504] [7020:7022] [DMG] ICR moving to [AwaitingRe][0m
[0;32m[1784655082.504] [7020:7022] [EM] <<< [E:14193i S:0 M:164137640 (Ack:42722476)] (U) Msg TX from 5923AC98A3BA28C7 to 0:0000000000000000 [0000] [UDP:[fe80::bfe:a203:38f0:bce7%enp0s3]:5540] --- Type 0000:10 (SecureChannel:StandaloneAck) (B:26)[0m
[0;34m[1784655082.504] [7020:7022] [EM] Flushed pending ack for MessageCounter:42722476 on exchange 14193i[0m
[0;32m[1784655082.505] [7020:7022] [EM] >>> [E:14194i S:5356 M:203965364 (Ack:173603874)] (S) Msg RX from 1:0000000000000001 [66F6] to 000000000001B669 --- Type 0001:09 (IM:InvokeCommandResponse) (B:376)[0m
[0;34m[1784655082.505] [7020:7022] [EM] Found matching exchange: 14194i, Delegate: 0x741b4400eef8[0m
[0;34m[1784655082.505] [7020:7022] [EM] Rxd Ack; Removing MessageCounter:173603874 from Retrans Table on exchange 14194i[0m
[0;34m[1784655082.505] [7020:7022] [DMG] ICR moving to [ResponseRe][0m
[0;34m[1784655082.505] [7020:7022] [DMG] InvokeResponseMessage =[0m
[0;34m[1784655082.505] [7020:7022] [DMG] {[0m
[0;34m[1784655082.505] [7020:7022] [DMG] 	suppressResponse = false, [0m
[0;34m[1784655082.505] [7020:7022] [DMG] 	InvokeResponseIBs =[0m
[0;34m[1784655082.505] [7020:7022] [DMG] 	[[0m
[0;34m[1784655082.505] [7020:7022] [DMG] 		InvokeResponseIB =[0m
[0;34m[1784655082.505] [7020:7022] [DMG] 		{[0m
[0;34m[1784655082.505] [7020:7022] [DMG] 			CommandDataIB =[0m
[0;34m[1784655082.505] [7020:7022] [DMG] 			{[0m
[0;34m[1784655082.505] [7020:7022] [DMG] 				CommandPathIB =[0m
[0;34m[1784655082.505] [7020:7022] [DMG] 				{[0m
[0;34m[1784655082.505] [7020:7022] [DMG] 					EndpointId = 0x0,[0m
[0;34m[1784655082.505] [7020:7022] [DMG] 					ClusterId = 0x3e,[0m
[0;34m[1784655082.505] [7020:7022] [DMG] 					CommandId = 0x5,[0m
[0;34m[1784655082.505] [7020:7022] [DMG] 				},[0m
[0;34m[1784655082.505] [7020:7022] [DMG] 				[0m
[0;34m[1784655082.505] [7020:7022] [DMG] 				CommandFields = [0m
[0;34m[1784655082.505] [7020:7022] [DMG] 				{[0m
[0;34m[1784655082.505] [7020:7022] [DMG] 					0x0 = [[0m
[0;34m[1784655082.505] [7020:7022] [DMG] 							0x15, 0x30, 0x01, 0xca, 0x30, 0x81, 0xc7, 0x30, 0x70, 0x02, 0x01, 0x00, 0x30, 0x0e, 0x31, 0x0c, 0x30, 0x0a, 0x06, 0x03, 0x55, 0x04, 0x0a, 0x0c, 0x03, 0x43, 0x53, 0x52, 0x30, 0x59, 0x30, 0x13, 0x06, 0x07, 0x2a, 0x86, 0x48, 0xce, 0x3d, 0x02, 0x01, 0x06, 0x08, 0x2a, 0x86, 0x48, 0xce, 0x3d, 0x03, 0x01, 0x07, 0x03, 0x42, 0x00, 0x04, 0x02, 0x94, 0x83, 0x4a, 0xa9, 0xfe, 0x54, 0xca, 0x3a, 0xb4, 0x1b, 0x92, 0xe6, 0xbc, 0x1d, 0x20, 0x42, 0x8a, 0x27, 0x2d, 0xcb, 0x74, 0x72, 0x4a, 0x7d, 0xe8, 0x79, 0x7d, 0xcc, 0xfd, 0x8f, 0x69, 0xeb, 0x43, 0x8e, 0xd4, 0xe2, 0x0e, 0xfa, 0x29, 0x09, 0xa5, 0x6e, 0x91, 0x01, 0x6d, 0xe1, 0x3d, 0x26, 0xf5, 0x70, 0x48, 0x9f, 0x34, 0x57, 0x66, 0xd8, 0xfb, 0xb0, 0x0b, 0x79, 0xbd, 0x94, 0x88, 0xa0, 0x00, 0x30, 0x0a, 0x06, 0x08, 0x2a, 0x86, 0x48, 0xce, 0x3d, 0x04, 0x03, 0x02, 0x03, 0x47, 0x00, 0x30, 0x44, 0x02, 0x20, 0x6a, 0x50, 0x8c, 0xe8, 0x7b, 0xf9, 0x4e, 0xbc, 0x91, 0x0b, 0xa5, 0x68, 0xac, 0xb3, 0x38, 0xe0, 0x8e, 0xcb, 0xf6, 0xf6, 0x1c, 0x1d, 0xb2, 0xd7, 0x6d, 0x91, 0xc0, 0x32, 0x5d, 0xbd, 0xc1, 0xb7, 0x02, 0x20, 0x29, 0x70, 0x2d, 0x52, 0xe2, 0xf7, 0x45, 0x7a, 0x03, 0x48, 0x1b, 0x5e, 0xda, 0x7b, 0xa3, 0x52, 0x96, 0xdc, 0xf9, 0x78, 0x6a, 0x99, 0x64, 0x13, 0x5e, 0x13, 0x2f, 0x00, 0x56, 0xd5, 0x02, 0x12, 0x30, 0x02, 0x20, 0xca, 0x89, 0xba, 0xf9, 0x05, 0x29, 0xa3, 0x0d, 0x18, 0x6b, 0xf2, 0xf1, 0xa6, 0xdd, 0x9c, 0xad, 0x8d, 0xc4, 0x87, 0x00, 0x3a, 0xc1, 0x28, 0x7f, 0x15, 0x20, 0x35, 0xf3, 0xd3, 0xeb, 0x76, 0xbf, 0x18, [0m
[0;34m[1784655082.505] [7020:7022] [DMG] 					] (242 bytes)[0m
[0;34m[1784655082.505] [7020:7022] [DMG] 					0x1 = [[0m
[0;34m[1784655082.505] [7020:7022] [DMG] 							0x1f, 0x31, 0x5d, 0xf1, 0xd2, 0xbd, 0x87, 0x9e, 0xda, 0x8d, 0xb1, 0x2a, 0xee, 0x88, 0x00, 0x32, 0x4f, 0x3f, 0xdb, 0x98, 0x4d, 0x47, 0xc2, 0xd8, 0x47, 0xdc, 0x94, 0x60, 0xf4, 0x26, 0x2b, 0x1e, 0xe8, 0xf0, 0xe3, 0x16, 0x19, 0x44, 0xf6, 0x76, 0xaa, 0x0d, 0x53, 0x40, 0x3e, 0xf4, 0xd5, 0xba, 0x79, 0xfb, 0x68, 0x7e, 0x26, 0x6d, 0xe7, 0x8d, 0xb6, 0xec, 0x6f, 0x0f, 0xeb, 0x77, 0x11, 0x2e, [0m
[0;34m[1784655082.505] [7020:7022] [DMG] 					] (64 bytes)[0m
[0;34m[1784655082.505] [7020:7022] [DMG] 				},[0m
[0;34m[1784655082.505] [7020:7022] [DMG] 			},[0m
[0;34m[1784655082.505] [7020:7022] [DMG] 			[0m
[0;34m[1784655082.505] [7020:7022] [DMG] 		},[0m
[0;34m[1784655082.505] [7020:7022] [DMG] 		[0m
[0;34m[1784655082.505] [7020:7022] [DMG] 	],[0m
[0;34m[1784655082.505] [7020:7022] [DMG] 	[0m
[0;34m[1784655082.505] [7020:7022] [DMG] 	InteractionModelRevision = 12[0m
[0;34m[1784655082.505] [7020:7022] [DMG] },[0m
[0;32m[1784655082.505] [7020:7022] [DMG] Received Command Response Data, Endpoint=0 Cluster=0x0000_003E Command=0x0000_0005[0m
[0;32m[1784655082.505] [7020:7022] [TOO] Endpoint: 0 Cluster: 0x0000_003E Command 0x0000_0005[0m
[0;32m[1784655082.505] [7020:7022] [TOO]   CSRResponse: {[0m
[0;32m[1784655082.505] [7020:7022] [TOO]     NOCSRElements: 153001CA3081C73070020100300E310C300A060355040A0C034353523059301306072A8648CE3D020106082A8648CE3D030107034200040294834AA9FE54CA3AB41B92E6BC1D20428A272DCB74724A7DE8797DCCFD8F69EB438ED4E20EFA2909A56E91016DE13D26F570489F345766D8FBB00B79BD9488A000300A06082A8648CE3D040302034700304402206A508CE87BF94EBC910BA568ACB338E08ECBF6F61C1DB2D76D91C0325DBDC1B7022029702D52E2F7457A03481B5EDA7BA35296DCF9786A9964135E132F0056D50212300220CA89BAF90529A30D186BF2F1A6DD9CAD8DC487003AC1287F152035F3D3EB76BF18[0m
[0;32m[1784655082.505] [7020:7022] [TOO]     attestationSignature: 1F315DF1D2BD879EDA8DB12AEE8800324F3FDB984D47C2D847DC9460F4262B1EE8F0E3161944F676AA0D53403EF4D5BA79FB687E266DE78DB6EC6F0FEB77112E[0m
[0;32m[1784655082.505] [7020:7022] [TOO]    }[0m
[0;34m[1784655082.505] [7020:7022] [DMG] ICR moving to [AwaitingDe][0m
[0;32m[1784655082.505] [7020:7022] [EM] <<< [E:14194i S:5356 M:173603875 (Ack:203965364)] (S) Msg TX from 000000000001B669 to 1:0000000000000001 [66F6] [UDP:[fe80::bfe:a203:38f0:bce7%enp0s3]:5540] --- Type 0000:10 (SecureChannel:StandaloneAck) (B:34)[0m
[0;34m[1784655082.505] [7020:7022] [EM] Flushed pending ack for MessageCounter:203965364 on exchange 14194i[0m
[0;34m[1784655082.506] [7020:7020] [CTL] Shutting down the commissioner[0m
[0;32m[1784655082.506] [7020:7020] [PAF] WiFiPAF: Closing all WiFiPAF sessions to shutdown[0m
[0;34m[1784655082.506] [7020:7020] [CTL] Shutting down the controller[0m
[0;34m[1784655082.506] [7020:7020] [IN] Expiring all sessions for fabric 0x1!![0m
[0;34m[1784655082.506] [7020:7020] [IN] SecureSession[0x741b44009cd0]: MarkForEviction Type:2 LSID:5356[0m
[0;32m[1784655082.506] [7020:7020] [SC] SecureSession[0x741b44009cd0, LSID:5356]: State change 'kActive' --> 'kPendingEviction'[0m
[0;34m[1784655082.506] [7020:7020] [IN] SecureSession[0x741b44009cd0]: Released - Type:2 LSID:5356[0m
[0;32m[1784655082.506] [7020:7020] [FP] Forgetting fabric 0x1[0m
[0;32m[1784655082.506] [7020:7020] [TS] Pending Last Known Good Time: 2023-10-14T01:16:48[0m
[0;32m[1784655082.506] [7020:7020] [TS] Previous Last Known Good Time: 2023-10-14T01:16:48[0m
[0;32m[1784655082.506] [7020:7020] [TS] Reverted Last Known Good Time to previous value[0m
[0;34m[1784655082.506] [7020:7020] [CTL] Shutting down the commissioner[0m
[0;32m[1784655082.506] [7020:7020] [PAF] WiFiPAF: Closing all WiFiPAF sessions to shutdown[0m
[0;34m[1784655082.506] [7020:7020] [CTL] Shutting down the controller[0m
[0;34m[1784655082.506] [7020:7020] [CTL] Shutting down the System State, this will teardown the CHIP Stack[0m
[0;34m[1784655082.506] [7020:7020] [DMG] All ReadHandler-s are clean, clear GlobalDirtySet[0m
[0;32m[1784655082.506] [7020:7020] [FP] Shutting down FabricTable[0m
[0;32m[1784655082.506] [7020:7020] [TS] Pending Last Known Good Time: 2023-10-14T01:16:48[0m
[0;32m[1784655082.506] [7020:7020] [TS] Previous Last Known Good Time: 2023-10-14T01:16:48[0m
[0;32m[1784655082.506] [7020:7020] [TS] Reverted Last Known Good Time to previous value[0m
[0;34m[1784655082.508] [7020:7020] [DL] Wrote settings to /tmp/chip_counters.ini[0m
[0;32m[1784655082.508] [7020:7020] [DL] NVS set: chip-counters/total-operational-hours = 0 (0x0)[0m
[0;32m[1784655082.508] [7020:7020] [DL] Inet Layer shutdown[0m
[0;32m[1784655082.508] [7020:7020] [DL] BLE Layer shutdown[0m
[0;32m[1784655082.508] [7020:7020] [DL] WiFi-PAF Layer shutdown[0m
[0;32m[1784655082.508] [7020:7020] [PAF] WiFiPAF: Closing all WiFiPAF sessions to shutdown[0m
[0;32m[1784655082.508] [7020:7020] [DL] System Layer shutdown[0m
