[0;34m[2524608000.439] [12387:12387] [DL] ChipLinuxStorage::Init: Using KVS config file: /tmp/chip_tool_kvs[0m
[1;31m[2524608000.439] [12387:12387] [DL] ChipLinuxStorage::Init: Attempt to re-initialize with KVS config file: /tmp/chip_kvs, IGNORING.[0m
[0;34m[2524608000.440] [12387:12387] [DL] ChipLinuxStorage::Init: Using KVS config file: /tmp/chip_factory.ini[0m
[0;34m[2524608000.440] [12387:12387] [DL] ChipLinuxStorage::Init: Using KVS config file: /tmp/chip_config.ini[0m
[0;34m[2524608000.440] [12387:12387] [DL] ChipLinuxStorage::Init: Using KVS config file: /tmp/chip_counters.ini[0m
[0;34m[2524608000.444] [12387:12387] [DL] Wrote settings to /tmp/chip_counters.ini[0m
[0;32m[2524608000.444] [12387:12387] [DL] NVS set: chip-counters/reboot-count = 5 (0x5)[0m
[0;32m[2524608000.444] [12387:12387] [DL] Got Ethernet interface: enp0s3[0m
[0;32m[2524608000.444] [12387:12387] [DL] Found the primary Ethernet interface:enp0s3[0m
[1;31m[2524608000.444] [12387:12387] [DL] Failed to get WiFi interface[0m
[1;31m[2524608000.445] [12387:12387] [DL] Failed to reset WiFi statistic counts[0m
[0;32m[2524608000.445] [12387:12387] [PAF] WiFiPAF: WiFiPAFLayer::Init()[0m
[0;34m[2524608000.445] [12387:12387] [IN] UDP::Init bind&listen port=0[0m
[0;34m[2524608000.445] [12387:12387] [IN] UDP::Init bound to port=56977[0m
[0;34m[2524608000.445] [12387:12387] [IN] UDP::Init bind&listen port=0[0m
[0;34m[2524608000.445] [12387:12387] [IN] UDP::Init bound to port=58966[0m
[0;34m[2524608000.445] [12387:12387] [IN] BLEBase::Init - setting/overriding transport[0m
[0;34m[2524608000.445] [12387:12387] [IN] WiFiPAFBase::Init - setting/overriding transport[0m
[0;34m[2524608000.445] [12387:12387] [IN] TransportMgr initialized[0m
[0;34m[2524608000.445] [12387:12387] [FP] Initializing FabricTable from persistent storage[0m
[0;32m[2524608000.445] [12387:12387] [TS] Last Known Good Time: 2023-10-14T01:16:48[0m
[0;32m[2524608000.445] [12387:12387] [FP] Fabric index 0x1 was retrieved from storage. Compressed FabricId 0xC415F8E94BEC9A41, FabricId 0x0000000000000001, NodeId 0x000000000001B669, VendorId 0xFFF1[0m
[0;32m[2524608000.447] [12387:12387] [DMG] Ember attribute persistence requires setting up[0m
[0;32m[2524608000.447] [12387:12387] [ZCL] Using ZAP configuration...[0m
[0;34m[2524608000.447] [12387:12387] [CTL] System State Initialized...[0m
[0;32m[2524608000.447] [12387:12387] [CTL] Setting attestation nonce to random value[0m
[0;32m[2524608000.447] [12387:12387] [CTL] Setting CSR nonce to random value[0m
[0;34m[2524608000.448] [12387:12389] [DL] CHIP task running[0m
[0;32m[2524608000.448] [12387:12389] [CTL] Setting attestation nonce to random value[0m
[0;32m[2524608000.448] [12387:12389] [CTL] Setting CSR nonce to random value[0m
[0;32m[2524608000.448] [12387:12389] [CTL] Generating NOC[0m
[0;32m[2524608000.448] [12387:12389] [FP] Validating NOC chain[0m
[0;32m[2524608000.449] [12387:12389] [FP] NOC chain validation successful[0m
[0;32m[2524608000.449] [12387:12389] [FP] Updated fabric at index: 0x1, Node ID: 0x000000000001B669[0m
[0;32m[2524608000.449] [12387:12389] [TS] Last Known Good Time: 2023-10-14T01:16:48[0m
[0;32m[2524608000.449] [12387:12389] [TS] New proposed Last Known Good Time: 2021-01-01T00:00:00[0m
[0;32m[2524608000.449] [12387:12389] [TS] Retaining current Last Known Good Time[0m
[0;32m[2524608000.450] [12387:12389] [FP] Metadata for Fabric 0x1 persisted to storage.[0m
[0;32m[2524608000.450] [12387:12389] [TS] Committing Last Known Good Time to storage: 2023-10-14T01:16:48[0m
[0;32m[2524608000.451] [12387:12389] [CTL] Joined the fabric at index 1. Fabric ID is 0x0000000000000001 (Compressed Fabric ID: C415F8E94BEC9A41)[0m
[0;32m[2524608000.455] [12387:12389] [TOO] Sending command to node 0x1[0m
[0;34m[2524608000.455] [12387:12389] [CSM] FindOrEstablishSession: PeerId = [1:0000000000000001][0m
[0;34m[2524608000.455] [12387:12389] [CSM] FindOrEstablishSession: No existing OperationalSessionSetup instance found[0m
[0;34m[2524608000.456] [12387:12389] [DIS] OperationalSessionSetup[1:0000000000000001]: State change 1 --> 2[0m
[0;32m[2524608000.456] [12387:12389] [DIS] Lookup started for C415F8E94BEC9A41-0000000000000001[0m
[0;32m[2524608000.456] [12387:12389] [DIS] UDP:[fe80::bfe:a203:38f0:bce7%enp0s3]:5540: new best score: 7 (for C415F8E94BEC9A41-0000000000000001)[0m
[0;34m[2524608000.456] [12387:12389] [DIS] Lookup clearing interface for non LL address[0m
[0;32m[2524608000.456] [12387:12389] [DIS] UDP:10.0.2.15%enp0s3:5540: new best score: 2 (for C415F8E94BEC9A41-0000000000000001)[0m
[0;32m[2524608000.456] [12387:12389] [DIS] Checking node lookup status for C415F8E94BEC9A41-0000000000000001 after 1 ms[0m
[0;32m[2524608000.456] [12387:12389] [DIS] Keeping DNSSD lookup active[0m
[0;32m[2524608000.456] [12387:12389] [DIS] UDP:[fe80::bfe:a203:38f0:bce7%enp0s3]:5540: score has not improved: 7 (for C415F8E94BEC9A41-0000000000000001)[0m
[0;34m[2524608000.456] [12387:12389] [DIS] Lookup clearing interface for non LL address[0m
[0;32m[2524608000.456] [12387:12389] [DIS] UDP:10.0.2.15%enp0s3:5540: score has not improved: 2 (for C415F8E94BEC9A41-0000000000000001)[0m
[0;32m[2524608000.456] [12387:12389] [DIS] Checking node lookup status for C415F8E94BEC9A41-0000000000000001 after 1 ms[0m
[0;32m[2524608000.456] [12387:12389] [DIS] Keeping DNSSD lookup active[0m
[0;32m[2524608000.656] [12387:12389] [DIS] Checking node lookup status for C415F8E94BEC9A41-0000000000000001 after 201 ms[0m
[0;34m[2524608000.656] [12387:12389] [DIS] OperationalSessionSetup[1:0000000000000001]: Updating device address to UDP:[fe80::bfe:a203:38f0:bce7%enp0s3]:5540 while in state 2[0m
[0;34m[2524608000.656] [12387:12389] [DIS] OperationalSessionSetup[1:0000000000000001]: State change 2 --> 3[0m
[0;34m[2524608000.656] [12387:12389] [IN] SecureSession[0x7b6ffc00c1f0]: Allocated Type:2 LSID:33636[0m
[0;32m[2524608000.656] [12387:12389] [SC] Initiating session on local FabricIndex 1 from 0x000000000001B669 -> 0x0000000000000001[0m
[0;32m[2524608000.656] [12387:12389] [EM] <<< [E:31946i S:0 M:125261458] (U) Msg TX from 6E1340E4EB8AACAF to 0:0000000000000000 [0000] [UDP:[fe80::bfe:a203:38f0:bce7%enp0s3]:5540] --- Type 0000:30 (SecureChannel:CASE_Sigma1) (B:196)[0m
[0;32m[2524608000.657] [12387:12389] [EM] ??1 [E:31946i S:0 M:125261458] (U) Msg Retransmission to 0:0000000000000000 scheduled for 614ms from now [State:Idle II:500 AI:300 AT:4000][0m
[0;32m[2524608000.657] [12387:12389] [SC] Sent Sigma1 msg to <0000000000000001, 1> [II:500ms AI:300ms AT:4000ms][0m
[0;34m[2524608000.657] [12387:12389] [DIS] OperationalSessionSetup[1:0000000000000001]: State change 3 --> 4[0m
[0;32m[2524608000.657] [12387:12389] [EM] >>> [E:31946i S:0 M:219143573 (Ack:125261458)] (U) Msg RX from 0:0000000000000000 [0000] to 6E1340E4EB8AACAF --- Type 0000:31 (SecureChannel:CASE_Sigma2) (B:751)[0m
[0;34m[2524608000.657] [12387:12389] [EM] Found matching exchange: 31946i, Delegate: 0x7b6ffc00bf28[0m
[0;34m[2524608000.657] [12387:12389] [EM] Rxd Ack; Removing MessageCounter:125261458 from Retrans Table on exchange 31946i[0m
[0;32m[2524608000.657] [12387:12389] [SC] Received Sigma2 msg[0m
[0;34m[2524608000.657] [12387:12389] [SC] Found MRP parameters in the message[0m
[0;34m[2524608000.658] [12387:12389] [SC] Certificate's mNotAfterTime (978134400) is before current time (1577923200)[0m
[0;34m[2524608000.658] [12387:12389] [SC] Sending status report. Protocol code 2, exchange 31946[0m
[0;32m[2524608000.658] [12387:12389] [EM] <<< [E:31946i S:0 M:125261459 (Ack:219143573)] (U) Msg TX from 6E1340E4EB8AACAF to 0:0000000000000000 [0000] [UDP:[fe80::bfe:a203:38f0:bce7%enp0s3]:5540] --- Type 0000:40 (SecureChannel:StatusReport) (B:34)[0m
[0;32m[2524608000.658] [12387:12389] [EM] ??1 [E:31946i S:0 M:125261459] (U) Msg Retransmission to 0:0000000000000000 scheduled for 370ms from now [State:Active II:500 AI:300 AT:4000][0m
[0;34m[2524608000.658] [12387:12389] [IN] SecureSession[0x7b6ffc00c1f0]: Released - Type:2 LSID:33636[0m
[1;31m[2524608000.658] [12387:12389] [-] src/credentials/CHIPCert.cpp:1481: CHIP Error 0x0000004E: Certificate expired at examples/chip-tool/commands/clusters/ModelCommand.cpp:67[0m
[0;34m[2524608000.658] [12387:12387] [CTL] Shutting down the commissioner[0m
[0;32m[2524608000.658] [12387:12387] [PAF] WiFiPAF: Closing all WiFiPAF sessions to shutdown[0m
[0;34m[2524608000.658] [12387:12387] [CTL] Shutting down the controller[0m
[0;34m[2524608000.658] [12387:12387] [IN] Expiring all sessions for fabric 0x1!![0m
[0;32m[2524608000.658] [12387:12387] [FP] Forgetting fabric 0x1[0m
[0;32m[2524608000.658] [12387:12387] [TS] Pending Last Known Good Time: 2023-10-14T01:16:48[0m
[0;32m[2524608000.658] [12387:12387] [TS] Previous Last Known Good Time: 2023-10-14T01:16:48[0m
[0;32m[2524608000.658] [12387:12387] [TS] Reverted Last Known Good Time to previous value[0m
[0;34m[2524608000.658] [12387:12387] [CTL] Shutting down the commissioner[0m
[0;32m[2524608000.658] [12387:12387] [PAF] WiFiPAF: Closing all WiFiPAF sessions to shutdown[0m
[0;34m[2524608000.658] [12387:12387] [CTL] Shutting down the controller[0m
[0;34m[2524608000.658] [12387:12387] [CTL] Shutting down the System State, this will teardown the CHIP Stack[0m
[0;34m[2524608000.658] [12387:12387] [DMG] All ReadHandler-s are clean, clear GlobalDirtySet[0m
[0;32m[2524608000.658] [12387:12387] [FP] Shutting down FabricTable[0m
[0;32m[2524608000.658] [12387:12387] [TS] Pending Last Known Good Time: 2023-10-14T01:16:48[0m
[0;32m[2524608000.658] [12387:12387] [TS] Previous Last Known Good Time: 2023-10-14T01:16:48[0m
[0;32m[2524608000.658] [12387:12387] [TS] Reverted Last Known Good Time to previous value[0m
[0;34m[2524608000.661] [12387:12387] [DL] Wrote settings to /tmp/chip_counters.ini[0m
[0;32m[2524608000.661] [12387:12387] [DL] NVS set: chip-counters/total-operational-hours = 0 (0x0)[0m
[0;32m[2524608000.661] [12387:12387] [DL] Inet Layer shutdown[0m
[0;32m[2524608000.661] [12387:12387] [DL] BLE Layer shutdown[0m
[0;32m[2524608000.661] [12387:12387] [DL] WiFi-PAF Layer shutdown[0m
[0;32m[2524608000.662] [12387:12387] [PAF] WiFiPAF: Closing all WiFiPAF sessions to shutdown[0m
[0;32m[2524608000.662] [12387:12387] [DL] System Layer shutdown[0m
[1;31m[2524608000.662] [12387:12387] [TOO] Run command failure: src/credentials/CHIPCert.cpp:1481: CHIP Error 0x0000004E: Certificate expired[0m
