[0;34m[1784833953.719] [12334:12334] [DL] ChipLinuxStorage::Init: Using KVS config file: /tmp/chip_tool_kvs[0m
[1;31m[1784833953.720] [12334:12334] [DL] ChipLinuxStorage::Init: Attempt to re-initialize with KVS config file: /tmp/chip_kvs, IGNORING.[0m
[0;34m[1784833953.722] [12334:12334] [DL] ChipLinuxStorage::Init: Using KVS config file: /tmp/chip_factory.ini[0m
[0;34m[1784833953.722] [12334:12334] [DL] ChipLinuxStorage::Init: Using KVS config file: /tmp/chip_config.ini[0m
[0;34m[1784833953.722] [12334:12334] [DL] ChipLinuxStorage::Init: Using KVS config file: /tmp/chip_counters.ini[0m
[0;34m[1784833953.726] [12334:12334] [DL] Wrote settings to /tmp/chip_counters.ini[0m
[0;32m[1784833953.726] [12334:12334] [DL] NVS set: chip-counters/reboot-count = 3 (0x3)[0m
[0;32m[1784833953.727] [12334:12334] [DL] Got Ethernet interface: enp0s3[0m
[0;32m[1784833953.727] [12334:12334] [DL] Found the primary Ethernet interface:enp0s3[0m
[1;31m[1784833953.727] [12334:12334] [DL] Failed to get WiFi interface[0m
[1;31m[1784833953.727] [12334:12334] [DL] Failed to reset WiFi statistic counts[0m
[0;32m[1784833953.727] [12334:12334] [PAF] WiFiPAF: WiFiPAFLayer::Init()[0m
[0;34m[1784833953.727] [12334:12334] [IN] UDP::Init bind&listen port=0[0m
[0;34m[1784833953.727] [12334:12334] [IN] UDP::Init bound to port=36114[0m
[0;34m[1784833953.727] [12334:12334] [IN] UDP::Init bind&listen port=0[0m
[0;34m[1784833953.727] [12334:12334] [IN] UDP::Init bound to port=58886[0m
[0;34m[1784833953.727] [12334:12334] [IN] BLEBase::Init - setting/overriding transport[0m
[0;34m[1784833953.727] [12334:12334] [IN] WiFiPAFBase::Init - setting/overriding transport[0m
[0;34m[1784833953.727] [12334:12334] [IN] TransportMgr initialized[0m
[0;34m[1784833953.727] [12334:12334] [FP] Initializing FabricTable from persistent storage[0m
[0;32m[1784833953.727] [12334:12334] [TS] Last Known Good Time: 2023-10-14T01:16:48[0m
[0;32m[1784833953.727] [12334:12334] [FP] Fabric index 0x1 was retrieved from storage. Compressed FabricId 0xC415F8E94BEC9A41, FabricId 0x0000000000000001, NodeId 0x000000000001B669, VendorId 0xFFF1[0m
[0;32m[1784833953.729] [12334:12334] [DMG] Ember attribute persistence requires setting up[0m
[0;32m[1784833953.729] [12334:12334] [ZCL] Using ZAP configuration...[0m
[0;34m[1784833953.729] [12334:12334] [CTL] System State Initialized...[0m
[0;32m[1784833953.729] [12334:12334] [CTL] Setting attestation nonce to random value[0m
[0;32m[1784833953.729] [12334:12334] [CTL] Setting CSR nonce to random value[0m
[0;34m[1784833953.729] [12334:12336] [DL] CHIP task running[0m
[0;32m[1784833953.729] [12334:12336] [CTL] Setting attestation nonce to random value[0m
[0;32m[1784833953.729] [12334:12336] [CTL] Setting CSR nonce to random value[0m
[0;32m[1784833953.729] [12334:12336] [CTL] Generating NOC[0m
[0;32m[1784833953.730] [12334:12336] [FP] Validating NOC chain[0m
[0;32m[1784833953.730] [12334:12336] [FP] NOC chain validation successful[0m
[0;32m[1784833953.730] [12334:12336] [FP] Updated fabric at index: 0x1, Node ID: 0x000000000001B669[0m
[0;32m[1784833953.730] [12334:12336] [TS] Last Known Good Time: 2023-10-14T01:16:48[0m
[0;32m[1784833953.730] [12334:12336] [TS] New proposed Last Known Good Time: 2021-01-01T00:00:00[0m
[0;32m[1784833953.730] [12334:12336] [TS] Retaining current Last Known Good Time[0m
[0;32m[1784833953.732] [12334:12336] [FP] Metadata for Fabric 0x1 persisted to storage.[0m
[0;32m[1784833953.732] [12334:12336] [TS] Committing Last Known Good Time to storage: 2023-10-14T01:16:48[0m
[0;32m[1784833953.733] [12334:12336] [CTL] Joined the fabric at index 1. Fabric ID is 0x0000000000000001 (Compressed Fabric ID: C415F8E94BEC9A41)[0m
[0;32m[1784833953.738] [12334:12336] [TOO] Sending command to node 0x1[0m
[0;34m[1784833953.738] [12334:12336] [CSM] FindOrEstablishSession: PeerId = [1:0000000000000001][0m
[0;34m[1784833953.738] [12334:12336] [CSM] FindOrEstablishSession: No existing OperationalSessionSetup instance found[0m
[0;34m[1784833953.738] [12334:12336] [DIS] OperationalSessionSetup[1:0000000000000001]: State change 1 --> 2[0m
[0;32m[1784833953.739] [12334:12336] [DIS] Lookup started for C415F8E94BEC9A41-0000000000000001[0m
[0;32m[1784833953.739] [12334:12336] [DIS] UDP:[fe80::bfe:a203:38f0:bce7%enp0s3]:5540: new best score: 7 (for C415F8E94BEC9A41-0000000000000001)[0m
[0;34m[1784833953.739] [12334:12336] [DIS] Lookup clearing interface for non LL address[0m
[0;32m[1784833953.739] [12334:12336] [DIS] UDP:10.0.2.15%enp0s3:5540: new best score: 2 (for C415F8E94BEC9A41-0000000000000001)[0m
[0;32m[1784833953.739] [12334:12336] [DIS] Checking node lookup status for C415F8E94BEC9A41-0000000000000001 after 1 ms[0m
[0;32m[1784833953.739] [12334:12336] [DIS] Keeping DNSSD lookup active[0m
[0;32m[1784833953.739] [12334:12336] [DIS] UDP:[fe80::bfe:a203:38f0:bce7%enp0s3]:5540: score has not improved: 7 (for C415F8E94BEC9A41-0000000000000001)[0m
[0;34m[1784833953.739] [12334:12336] [DIS] Lookup clearing interface for non LL address[0m
[0;32m[1784833953.739] [12334:12336] [DIS] UDP:10.0.2.15%enp0s3:5540: score has not improved: 2 (for C415F8E94BEC9A41-0000000000000001)[0m
[0;32m[1784833953.739] [12334:12336] [DIS] Checking node lookup status for C415F8E94BEC9A41-0000000000000001 after 1 ms[0m
[0;32m[1784833953.739] [12334:12336] [DIS] Keeping DNSSD lookup active[0m
[0;32m[1784833953.938] [12334:12336] [DIS] Checking node lookup status for C415F8E94BEC9A41-0000000000000001 after 200 ms[0m
[0;34m[1784833953.938] [12334:12336] [DIS] OperationalSessionSetup[1:0000000000000001]: Updating device address to UDP:[fe80::bfe:a203:38f0:bce7%enp0s3]:5540 while in state 2[0m
[0;34m[1784833953.938] [12334:12336] [DIS] OperationalSessionSetup[1:0000000000000001]: State change 2 --> 3[0m
[0;34m[1784833953.938] [12334:12336] [IN] SecureSession[0x7555c0009cd0]: Allocated Type:2 LSID:43050[0m
[0;32m[1784833953.938] [12334:12336] [SC] Initiating session on local FabricIndex 1 from 0x000000000001B669 -> 0x0000000000000001[0m
[0;32m[1784833953.939] [12334:12336] [EM] <<< [E:854i S:0 M:146728868] (U) Msg TX from B286CAA5CFB17649 to 0:0000000000000000 [0000] [UDP:[fe80::bfe:a203:38f0:bce7%enp0s3]:5540] --- Type 0000:30 (SecureChannel:CASE_Sigma1) (B:196)[0m
[0;32m[1784833953.939] [12334:12336] [EM] ??1 [E:854i S:0 M:146728868] (U) Msg Retransmission to 0:0000000000000000 scheduled for 598ms from now [State:Idle II:500 AI:300 AT:4000][0m
[0;32m[1784833953.939] [12334:12336] [SC] Sent Sigma1 msg to <0000000000000001, 1> [II:500ms AI:300ms AT:4000ms][0m
[0;34m[1784833953.939] [12334:12336] [DIS] OperationalSessionSetup[1:0000000000000001]: State change 3 --> 4[0m
[0;32m[1784833953.939] [12334:12336] [EM] >>> [E:854i S:0 M:219143569 (Ack:146728868)] (U) Msg RX from 0:0000000000000000 [0000] to B286CAA5CFB17649 --- Type 0000:31 (SecureChannel:CASE_Sigma2) (B:751)[0m
[0;34m[1784833953.939] [12334:12336] [EM] Found matching exchange: 854i, Delegate: 0x7555c000b8e8[0m
[0;34m[1784833953.939] [12334:12336] [EM] Rxd Ack; Removing MessageCounter:146728868 from Retrans Table on exchange 854i[0m
[0;32m[1784833953.939] [12334:12336] [SC] Received Sigma2 msg[0m
[0;34m[1784833953.939] [12334:12336] [SC] Found MRP parameters in the message[0m
[0;34m[1784833953.940] [12334:12336] [SC] Peer <0000000000000001, 1> assigned session ID 64453[0m
[0;34m[1784833953.940] [12334:12336] [SC] Sending Sigma3[0m
[0;32m[1784833953.940] [12334:12336] [EM] <<< [E:854i S:0 M:146728869 (Ack:219143569)] (U) Msg TX from B286CAA5CFB17649 to 0:0000000000000000 [0000] [UDP:[fe80::bfe:a203:38f0:bce7%enp0s3]:5540] --- Type 0000:32 (SecureChannel:CASE_Sigma3) (B:598)[0m
[0;32m[1784833953.940] [12334:12336] [EM] ??1 [E:854i S:0 M:146728869] (U) Msg Retransmission to 0:0000000000000000 scheduled for 359ms from now [State:Active II:500 AI:300 AT:4000][0m
[0;32m[1784833953.940] [12334:12336] [SC] Sent Sigma3 msg[0m
[0;32m[1784833953.948] [12334:12336] [EM] >>> [E:854i S:0 M:219143570 (Ack:146728869)] (U) Msg RX from 0:0000000000000000 [0000] to B286CAA5CFB17649 --- Type 0000:40 (SecureChannel:StatusReport) (B:34)[0m
[0;34m[1784833953.949] [12334:12336] [EM] Found matching exchange: 854i, Delegate: 0x7555c000b8e8[0m
[0;34m[1784833953.949] [12334:12336] [EM] Rxd Ack; Removing MessageCounter:146728869 from Retrans Table on exchange 854i[0m
[0;32m[1784833953.949] [12334:12336] [SC] Success status report received. Session was established[0m
[0;32m[1784833953.950] [12334:12336] [SC] SecureSession[0x7555c0009cd0, LSID:43050]: State change 'kEstablishing' --> 'kActive'[0m
[0;34m[1784833953.950] [12334:12336] [IN] SecureSession[0x7555c0009cd0]: Activated - Type:2 LSID:43050[0m
[0;34m[1784833953.950] [12334:12336] [IN] New secure session activated for device <0000000000000001, 1>, LSID:43050 PSID:64453![0m
[0;34m[1784833953.950] [12334:12336] [DIS] OperationalSessionSetup[1:0000000000000001]: State change 4 --> 5[0m
[0;32m[1784833953.950] [12334:12336] [TOO] Sending cluster (0x00000038) command (0x00000000) on endpoint 0[0m
[0;34m[1784833953.950] [12334:12336] [DMG] ICR moving to [AddingComm][0m
[0;34m[1784833953.950] [12334:12336] [DMG] ICR moving to [AddedComma][0m
[0;32m[1784833953.950] [12334:12336] [EM] <<< [E:855i S:43050 M:247243171] (S) Msg TX from 000000000001B669 to 1:0000000000000001 [9A41] [UDP:[fe80::bfe:a203:38f0:bce7%enp0s3]:5540] --- Type 0001:08 (IM:InvokeCommandRequest) (B:72)[0m
[0;32m[1784833953.950] [12334:12336] [EM] ??1 [E:855i S:43050 M:247243171] (S) Msg Retransmission to 1:0000000000000001 scheduled for 399ms from now [State:Active II:500 AI:300 AT:4000][0m
[0;34m[1784833953.950] [12334:12336] [DMG] ICR moving to [AwaitingRe][0m
[0;32m[1784833953.950] [12334:12336] [EM] <<< [E:854i S:0 M:146728870 (Ack:219143570)] (U) Msg TX from B286CAA5CFB17649 to 0:0000000000000000 [0000] [UDP:[fe80::bfe:a203:38f0:bce7%enp0s3]:5540] --- Type 0000:10 (SecureChannel:StandaloneAck) (B:26)[0m
[0;34m[1784833953.950] [12334:12336] [EM] Flushed pending ack for MessageCounter:219143570 on exchange 854i[0m
[0;32m[2524608000.000] [12334:12336] [EM] >>> [E:855i S:43050 M:13335619 (Ack:247243171)] (S) Msg RX from 1:0000000000000001 [9A41] to 000000000001B669 --- Type 0001:09 (IM:InvokeCommandResponse) (B:67)[0m
[0;34m[2524608000.000] [12334:12336] [EM] Found matching exchange: 855i, Delegate: 0x7555c000eef8[0m
[0;34m[2524608000.000] [12334:12336] [EM] Rxd Ack; Removing MessageCounter:247243171 from Retrans Table on exchange 855i[0m
[0;34m[2524608000.000] [12334:12336] [DMG] ICR moving to [ResponseRe][0m
[0;34m[2524608000.001] [12334:12336] [DMG] InvokeResponseMessage =[0m
[0;34m[2524608000.001] [12334:12336] [DMG] {[0m
[0;34m[2524608000.001] [12334:12336] [DMG] 	suppressResponse = false, [0m
[0;34m[2524608000.001] [12334:12336] [DMG] 	InvokeResponseIBs =[0m
[0;34m[2524608000.001] [12334:12336] [DMG] 	[[0m
[0;34m[2524608000.001] [12334:12336] [DMG] 		InvokeResponseIB =[0m
[0;34m[2524608000.001] [12334:12336] [DMG] 		{[0m
[0;34m[2524608000.001] [12334:12336] [DMG] 			CommandStatusIB =[0m
[0;34m[2524608000.001] [12334:12336] [DMG] 			{[0m
[0;34m[2524608000.001] [12334:12336] [DMG] 				CommandPathIB =[0m
[0;34m[2524608000.001] [12334:12336] [DMG] 				{[0m
[0;34m[2524608000.001] [12334:12336] [DMG] 					EndpointId = 0x0,[0m
[0;34m[2524608000.001] [12334:12336] [DMG] 					ClusterId = 0x38,[0m
[0;34m[2524608000.001] [12334:12336] [DMG] 					CommandId = 0x0,[0m
[0;34m[2524608000.001] [12334:12336] [DMG] 				},[0m
[0;34m[2524608000.001] [12334:12336] [DMG] 				[0m
[0;34m[2524608000.001] [12334:12336] [DMG] 				StatusIB =[0m
[0;34m[2524608000.001] [12334:12336] [DMG] 				{[0m
[0;34m[2524608000.001] [12334:12336] [DMG] 					status = 0x00 (SUCCESS),[0m
[0;34m[2524608000.001] [12334:12336] [DMG] 				},[0m
[0;34m[2524608000.001] [12334:12336] [DMG] 				[0m
[0;34m[2524608000.001] [12334:12336] [DMG] 			},[0m
[0;34m[2524608000.001] [12334:12336] [DMG] 			[0m
[0;34m[2524608000.001] [12334:12336] [DMG] 		},[0m
[0;34m[2524608000.001] [12334:12336] [DMG] 		[0m
[0;34m[2524608000.001] [12334:12336] [DMG] 	],[0m
[0;34m[2524608000.001] [12334:12336] [DMG] 	[0m
[0;34m[2524608000.001] [12334:12336] [DMG] 	InteractionModelRevision = 12[0m
[0;34m[2524608000.001] [12334:12336] [DMG] },[0m
[0;32m[2524608000.001] [12334:12336] [DMG] Received Command Response Status for Endpoint=0 Cluster=0x0000_0038 Command=0x0000_0000 Status=0x0[0m
[0;34m[2524608000.001] [12334:12336] [DMG] ICR moving to [AwaitingDe][0m
[0;32m[2524608000.001] [12334:12336] [EM] <<< [E:855i S:43050 M:247243172 (Ack:13335619)] (S) Msg TX from 000000000001B669 to 1:0000000000000001 [9A41] [UDP:[fe80::bfe:a203:38f0:bce7%enp0s3]:5540] --- Type 0000:10 (SecureChannel:StandaloneAck) (B:34)[0m
[0;34m[2524608000.001] [12334:12336] [EM] Flushed pending ack for MessageCounter:13335619 on exchange 855i[0m
[0;34m[2524608000.002] [12334:12334] [CTL] Shutting down the commissioner[0m
[0;32m[2524608000.002] [12334:12334] [PAF] WiFiPAF: Closing all WiFiPAF sessions to shutdown[0m
[0;34m[2524608000.002] [12334:12334] [CTL] Shutting down the controller[0m
[0;34m[2524608000.002] [12334:12334] [IN] Expiring all sessions for fabric 0x1!![0m
[0;34m[2524608000.002] [12334:12334] [IN] SecureSession[0x7555c0009cd0]: MarkForEviction Type:2 LSID:43050[0m
[0;32m[2524608000.002] [12334:12334] [SC] SecureSession[0x7555c0009cd0, LSID:43050]: State change 'kActive' --> 'kPendingEviction'[0m
[0;34m[2524608000.002] [12334:12334] [IN] SecureSession[0x7555c0009cd0]: Released - Type:2 LSID:43050[0m
[0;32m[2524608000.002] [12334:12334] [FP] Forgetting fabric 0x1[0m
[0;32m[2524608000.002] [12334:12334] [TS] Pending Last Known Good Time: 2023-10-14T01:16:48[0m
[0;32m[2524608000.002] [12334:12334] [TS] Previous Last Known Good Time: 2023-10-14T01:16:48[0m
[0;32m[2524608000.002] [12334:12334] [TS] Reverted Last Known Good Time to previous value[0m
[0;34m[2524608000.002] [12334:12334] [CTL] Shutting down the commissioner[0m
[0;32m[2524608000.002] [12334:12334] [PAF] WiFiPAF: Closing all WiFiPAF sessions to shutdown[0m
[0;34m[2524608000.002] [12334:12334] [CTL] Shutting down the controller[0m
[0;34m[2524608000.002] [12334:12334] [CTL] Shutting down the System State, this will teardown the CHIP Stack[0m
[0;34m[2524608000.002] [12334:12334] [DMG] All ReadHandler-s are clean, clear GlobalDirtySet[0m
[0;32m[2524608000.003] [12334:12334] [FP] Shutting down FabricTable[0m
[0;32m[2524608000.003] [12334:12334] [TS] Pending Last Known Good Time: 2023-10-14T01:16:48[0m
[0;32m[2524608000.003] [12334:12334] [TS] Previous Last Known Good Time: 2023-10-14T01:16:48[0m
[0;32m[2524608000.003] [12334:12334] [TS] Reverted Last Known Good Time to previous value[0m
[0;34m[2524608000.007] [12334:12334] [DL] Wrote settings to /tmp/chip_counters.ini[0m
[0;32m[2524608000.007] [12334:12334] [DL] NVS set: chip-counters/total-operational-hours = 0 (0x0)[0m
[0;32m[2524608000.007] [12334:12334] [DL] Inet Layer shutdown[0m
[0;32m[2524608000.007] [12334:12334] [DL] BLE Layer shutdown[0m
[0;32m[2524608000.007] [12334:12334] [DL] WiFi-PAF Layer shutdown[0m
[0;32m[2524608000.007] [12334:12334] [PAF] WiFiPAF: Closing all WiFiPAF sessions to shutdown[0m
[0;32m[2524608000.007] [12334:12334] [DL] System Layer shutdown[0m
