[0;34m[1784656863.884] [13659:13659] [DL] ChipLinuxStorage::Init: Using KVS config file: /tmp/chip_tool_kvs[0m
[1;31m[1784656863.884] [13659:13659] [DL] ChipLinuxStorage::Init: Attempt to re-initialize with KVS config file: /tmp/chip_kvs, IGNORING.[0m
[0;34m[1784656863.885] [13659:13659] [DL] ChipLinuxStorage::Init: Using KVS config file: /tmp/chip_factory.ini[0m
[0;34m[1784656863.885] [13659:13659] [DL] ChipLinuxStorage::Init: Using KVS config file: /tmp/chip_config.ini[0m
[0;34m[1784656863.885] [13659:13659] [DL] ChipLinuxStorage::Init: Using KVS config file: /tmp/chip_counters.ini[0m
[0;34m[1784656863.895] [13659:13659] [DL] Wrote settings to /tmp/chip_counters.ini[0m
[0;32m[1784656863.895] [13659:13659] [DL] NVS set: chip-counters/reboot-count = 4 (0x4)[0m
[0;32m[1784656863.895] [13659:13659] [DL] Got Ethernet interface: enp0s3[0m
[0;32m[1784656863.895] [13659:13659] [DL] Found the primary Ethernet interface:enp0s3[0m
[1;31m[1784656863.895] [13659:13659] [DL] Failed to get WiFi interface[0m
[1;31m[1784656863.895] [13659:13659] [DL] Failed to reset WiFi statistic counts[0m
[0;32m[1784656863.895] [13659:13659] [PAF] WiFiPAF: WiFiPAFLayer::Init()[0m
[0;34m[1784656863.895] [13659:13659] [IN] UDP::Init bind&listen port=0[0m
[0;34m[1784656863.895] [13659:13659] [IN] UDP::Init bound to port=51596[0m
[0;34m[1784656863.895] [13659:13659] [IN] UDP::Init bind&listen port=0[0m
[0;34m[1784656863.895] [13659:13659] [IN] UDP::Init bound to port=50644[0m
[0;34m[1784656863.895] [13659:13659] [IN] BLEBase::Init - setting/overriding transport[0m
[0;34m[1784656863.895] [13659:13659] [IN] WiFiPAFBase::Init - setting/overriding transport[0m
[0;34m[1784656863.895] [13659:13659] [IN] TransportMgr initialized[0m
[0;34m[1784656863.895] [13659:13659] [FP] Initializing FabricTable from persistent storage[0m
[0;32m[1784656863.896] [13659:13659] [TS] Last Known Good Time: 2023-10-14T01:16:48[0m
[0;32m[1784656863.896] [13659:13659] [FP] Fabric index 0x1 was retrieved from storage. Compressed FabricId 0xF8237E06BBE5F111, FabricId 0x0000000000000001, NodeId 0x000000000001B669, VendorId 0xFFF1[0m
[0;32m[1784656863.897] [13659:13659] [DMG] Ember attribute persistence requires setting up[0m
[0;32m[1784656863.897] [13659:13659] [ZCL] Using ZAP configuration...[0m
[0;34m[1784656863.898] [13659:13659] [CTL] System State Initialized...[0m
[0;32m[1784656863.898] [13659:13659] [CTL] Setting attestation nonce to random value[0m
[0;32m[1784656863.898] [13659:13659] [CTL] Setting CSR nonce to random value[0m
[0;34m[1784656863.898] [13659:13661] [DL] CHIP task running[0m
[0;32m[1784656863.898] [13659:13661] [CTL] Setting attestation nonce to random value[0m
[0;32m[1784656863.898] [13659:13661] [CTL] Setting CSR nonce to random value[0m
[0;32m[1784656863.898] [13659:13661] [CTL] Generating NOC[0m
[0;32m[1784656863.899] [13659:13661] [FP] Validating NOC chain[0m
[0;32m[1784656863.899] [13659:13661] [FP] NOC chain validation successful[0m
[0;32m[1784656863.899] [13659:13661] [FP] Updated fabric at index: 0x1, Node ID: 0x000000000001B669[0m
[0;32m[1784656863.899] [13659:13661] [TS] Last Known Good Time: 2023-10-14T01:16:48[0m
[0;32m[1784656863.899] [13659:13661] [TS] New proposed Last Known Good Time: 2021-01-01T00:00:00[0m
[0;32m[1784656863.899] [13659:13661] [TS] Retaining current Last Known Good Time[0m
[0;32m[1784656863.901] [13659:13661] [FP] Metadata for Fabric 0x1 persisted to storage.[0m
[0;32m[1784656863.917] [13659:13661] [TS] Committing Last Known Good Time to storage: 2023-10-14T01:16:48[0m
[0;32m[1784656863.927] [13659:13661] [CTL] Joined the fabric at index 1. Fabric ID is 0x0000000000000001 (Compressed Fabric ID: F8237E06BBE5F111)[0m
[0;32m[1784656863.978] [13659:13661] [TOO] Sending command to node 0x1[0m
[0;34m[1784656863.979] [13659:13661] [CSM] FindOrEstablishSession: PeerId = [1:0000000000000001][0m
[0;34m[1784656863.979] [13659:13661] [CSM] FindOrEstablishSession: No existing OperationalSessionSetup instance found[0m
[0;34m[1784656863.979] [13659:13661] [DIS] OperationalSessionSetup[1:0000000000000001]: State change 1 --> 2[0m
[0;32m[1784656863.979] [13659:13661] [DIS] Lookup started for F8237E06BBE5F111-0000000000000001[0m
[0;32m[1784656863.984] [13659:13661] [DIS] UDP:[fe80::bfe:a203:38f0:bce7%enp0s3]:5540: new best score: 7 (for F8237E06BBE5F111-0000000000000001)[0m
[0;34m[1784656863.984] [13659:13661] [DIS] Lookup clearing interface for non LL address[0m
[0;32m[1784656863.984] [13659:13661] [DIS] UDP:10.0.2.15%enp0s3:5540: new best score: 2 (for F8237E06BBE5F111-0000000000000001)[0m
[0;32m[1784656863.984] [13659:13661] [DIS] Checking node lookup status for F8237E06BBE5F111-0000000000000001 after 5 ms[0m
[0;32m[1784656863.984] [13659:13661] [DIS] Keeping DNSSD lookup active[0m
[0;32m[1784656863.992] [13659:13661] [DIS] UDP:[fe80::bfe:a203:38f0:bce7%enp0s3]:5540: score has not improved: 7 (for F8237E06BBE5F111-0000000000000001)[0m
[0;34m[1784656863.992] [13659:13661] [DIS] Lookup clearing interface for non LL address[0m
[0;32m[1784656863.992] [13659:13661] [DIS] UDP:10.0.2.15%enp0s3:5540: score has not improved: 2 (for F8237E06BBE5F111-0000000000000001)[0m
[0;32m[1784656863.992] [13659:13661] [DIS] Checking node lookup status for F8237E06BBE5F111-0000000000000001 after 14 ms[0m
[0;32m[1784656863.992] [13659:13661] [DIS] Keeping DNSSD lookup active[0m
[0;32m[1784656864.180] [13659:13661] [DIS] Checking node lookup status for F8237E06BBE5F111-0000000000000001 after 202 ms[0m
[0;34m[1784656864.180] [13659:13661] [DIS] OperationalSessionSetup[1:0000000000000001]: Updating device address to UDP:[fe80::bfe:a203:38f0:bce7%enp0s3]:5540 while in state 2[0m
[0;34m[1784656864.180] [13659:13661] [DIS] OperationalSessionSetup[1:0000000000000001]: State change 2 --> 3[0m
[0;34m[1784656864.180] [13659:13661] [IN] SecureSession[0x7a2d48009cd0]: Allocated Type:2 LSID:16064[0m
[0;32m[1784656864.180] [13659:13661] [SC] Initiating session on local FabricIndex 1 from 0x000000000001B669 -> 0x0000000000000001[0m
[0;32m[1784656864.181] [13659:13661] [EM] <<< [E:58154i S:0 M:175080623] (U) Msg TX from 18D7DAB135EE8CF9 to 0:0000000000000000 [0000] [UDP:[fe80::bfe:a203:38f0:bce7%enp0s3]:5540] --- Type 0000:30 (SecureChannel:CASE_Sigma1) (B:196)[0m
[0;32m[1784656864.181] [13659:13661] [EM] ??1 [E:58154i S:0 M:175080623] (U) Msg Retransmission to 0:0000000000000000 scheduled for 632ms from now [State:Idle II:500 AI:300 AT:4000][0m
[0;32m[1784656864.181] [13659:13661] [SC] Sent Sigma1 msg to <0000000000000001, 1> [II:500ms AI:300ms AT:4000ms][0m
[0;34m[1784656864.181] [13659:13661] [DIS] OperationalSessionSetup[1:0000000000000001]: State change 3 --> 4[0m
[0;32m[1784656864.185] [13659:13661] [EM] >>> [E:58154i S:0 M:102925907 (Ack:175080623)] (U) Msg RX from 0:0000000000000000 [0000] to 18D7DAB135EE8CF9 --- Type 0000:31 (SecureChannel:CASE_Sigma2) (B:751)[0m
[0;34m[1784656864.185] [13659:13661] [EM] Found matching exchange: 58154i, Delegate: 0x7a2d4800b8e8[0m
[0;34m[1784656864.185] [13659:13661] [EM] Rxd Ack; Removing MessageCounter:175080623 from Retrans Table on exchange 58154i[0m
[0;32m[1784656864.185] [13659:13661] [SC] Received Sigma2 msg[0m
[0;34m[1784656864.185] [13659:13661] [SC] Found MRP parameters in the message[0m
[0;34m[1784656864.186] [13659:13661] [SC] Peer <0000000000000001, 1> assigned session ID 24830[0m
[0;34m[1784656864.186] [13659:13661] [SC] Sending Sigma3[0m
[0;32m[1784656864.186] [13659:13661] [EM] <<< [E:58154i S:0 M:175080624 (Ack:102925907)] (U) Msg TX from 18D7DAB135EE8CF9 to 0:0000000000000000 [0000] [UDP:[fe80::bfe:a203:38f0:bce7%enp0s3]:5540] --- Type 0000:32 (SecureChannel:CASE_Sigma3) (B:598)[0m
[0;32m[1784656864.186] [13659:13661] [EM] ??1 [E:58154i S:0 M:175080624] (U) Msg Retransmission to 0:0000000000000000 scheduled for 389ms from now [State:Active II:500 AI:300 AT:4000][0m
[0;32m[1784656864.186] [13659:13661] [SC] Sent Sigma3 msg[0m
[0;32m[1784656864.209] [13659:13661] [EM] >>> [E:58154i S:0 M:102925908 (Ack:175080624)] (U) Msg RX from 0:0000000000000000 [0000] to 18D7DAB135EE8CF9 --- Type 0000:40 (SecureChannel:StatusReport) (B:34)[0m
[0;34m[1784656864.209] [13659:13661] [EM] Found matching exchange: 58154i, Delegate: 0x7a2d4800b8e8[0m
[0;34m[1784656864.209] [13659:13661] [EM] Rxd Ack; Removing MessageCounter:175080624 from Retrans Table on exchange 58154i[0m
[0;32m[1784656864.209] [13659:13661] [SC] Success status report received. Session was established[0m
[0;32m[1784656864.211] [13659:13661] [SC] SecureSession[0x7a2d48009cd0, LSID:16064]: State change 'kEstablishing' --> 'kActive'[0m
[0;34m[1784656864.211] [13659:13661] [IN] SecureSession[0x7a2d48009cd0]: Activated - Type:2 LSID:16064[0m
[0;34m[1784656864.211] [13659:13661] [IN] New secure session activated for device <0000000000000001, 1>, LSID:16064 PSID:24830![0m
[0;34m[1784656864.211] [13659:13661] [DIS] OperationalSessionSetup[1:0000000000000001]: State change 4 --> 5[0m
[0;32m[1784656864.211] [13659:13661] [TOO] Sending cluster (0x0000003E) command (0x00000004) on endpoint 0[0m
[0;34m[1784656864.211] [13659:13661] [DMG] ICR moving to [AddingComm][0m
[0;34m[1784656864.211] [13659:13661] [DMG] ICR moving to [AddedComma][0m
[0;32m[1784656864.211] [13659:13661] [EM] <<< [E:58155i S:16064 M:31806300] (S) Msg TX from 000000000001B669 to 1:0000000000000001 [F111] [UDP:[fe80::bfe:a203:38f0:bce7%enp0s3]:5540] --- Type 0001:08 (IM:InvokeCommandRequest) (B:96)[0m
[0;32m[1784656864.211] [13659:13661] [EM] ??1 [E:58155i S:16064 M:31806300] (S) Msg Retransmission to 1:0000000000000001 scheduled for 367ms from now [State:Active II:500 AI:300 AT:4000][0m
[0;34m[1784656864.211] [13659:13661] [DMG] ICR moving to [AwaitingRe][0m
[0;32m[1784656864.212] [13659:13661] [EM] <<< [E:58154i S:0 M:175080625 (Ack:102925908)] (U) Msg TX from 18D7DAB135EE8CF9 to 0:0000000000000000 [0000] [UDP:[fe80::bfe:a203:38f0:bce7%enp0s3]:5540] --- Type 0000:10 (SecureChannel:StandaloneAck) (B:26)[0m
[0;34m[1784656864.212] [13659:13661] [EM] Flushed pending ack for MessageCounter:102925908 on exchange 58154i[0m
[0;32m[1784656864.212] [13659:13661] [EM] >>> [E:58155i S:16064 M:15785820 (Ack:31806300)] (S) Msg RX from 1:0000000000000001 [F111] to 000000000001B669 --- Type 0001:09 (IM:InvokeCommandResponse) (B:377)[0m
[0;34m[1784656864.212] [13659:13661] [EM] Found matching exchange: 58155i, Delegate: 0x7a2d4800eef8[0m
[0;34m[1784656864.212] [13659:13661] [EM] Rxd Ack; Removing MessageCounter:31806300 from Retrans Table on exchange 58155i[0m
[0;34m[1784656864.212] [13659:13661] [DMG] ICR moving to [ResponseRe][0m
[0;34m[1784656864.212] [13659:13661] [DMG] InvokeResponseMessage =[0m
[0;34m[1784656864.212] [13659:13661] [DMG] {[0m
[0;34m[1784656864.212] [13659:13661] [DMG] 	suppressResponse = false, [0m
[0;34m[1784656864.212] [13659:13661] [DMG] 	InvokeResponseIBs =[0m
[0;34m[1784656864.212] [13659:13661] [DMG] 	[[0m
[0;34m[1784656864.212] [13659:13661] [DMG] 		InvokeResponseIB =[0m
[0;34m[1784656864.212] [13659:13661] [DMG] 		{[0m
[0;34m[1784656864.212] [13659:13661] [DMG] 			CommandDataIB =[0m
[0;34m[1784656864.212] [13659:13661] [DMG] 			{[0m
[0;34m[1784656864.212] [13659:13661] [DMG] 				CommandPathIB =[0m
[0;34m[1784656864.212] [13659:13661] [DMG] 				{[0m
[0;34m[1784656864.212] [13659:13661] [DMG] 					EndpointId = 0x0,[0m
[0;34m[1784656864.212] [13659:13661] [DMG] 					ClusterId = 0x3e,[0m
[0;34m[1784656864.212] [13659:13661] [DMG] 					CommandId = 0x5,[0m
[0;34m[1784656864.212] [13659:13661] [DMG] 				},[0m
[0;34m[1784656864.212] [13659:13661] [DMG] 				[0m
[0;34m[1784656864.212] [13659:13661] [DMG] 				CommandFields = [0m
[0;34m[1784656864.212] [13659:13661] [DMG] 				{[0m
[0;34m[1784656864.212] [13659:13661] [DMG] 					0x0 = [[0m
[0;34m[1784656864.212] [13659:13661] [DMG] 							0x15, 0x30, 0x01, 0xcb, 0x30, 0x81, 0xc8, 0x30, 0x70, 0x02, 0x01, 0x00, 0x30, 0x0e, 0x31, 0x0c, 0x30, 0x0a, 0x06, 0x03, 0x55, 0x04, 0x0a, 0x0c, 0x03, 0x43, 0x53, 0x52, 0x30, 0x59, 0x30, 0x13, 0x06, 0x07, 0x2a, 0x86, 0x48, 0xce, 0x3d, 0x02, 0x01, 0x06, 0x08, 0x2a, 0x86, 0x48, 0xce, 0x3d, 0x03, 0x01, 0x07, 0x03, 0x42, 0x00, 0x04, 0x62, 0x8a, 0x45, 0x36, 0xbb, 0xea, 0xc1, 0xfa, 0xcf, 0x95, 0x5d, 0x37, 0x69, 0x7a, 0xd6, 0x53, 0xc0, 0x35, 0x6c, 0x55, 0x1f, 0x83, 0x26, 0xbe, 0x6a, 0xa5, 0x19, 0x5b, 0xf3, 0x7e, 0x74, 0x0c, 0x5e, 0xfd, 0x41, 0x07, 0x1c, 0xa6, 0xc6, 0xab, 0x93, 0xcd, 0x31, 0xb9, 0x56, 0x7b, 0xeb, 0x55, 0xc0, 0xa9, 0x67, 0x65, 0x04, 0x98, 0x39, 0x3b, 0x28, 0xc1, 0x5c, 0x0f, 0xf5, 0xe3, 0x99, 0xdf, 0xa0, 0x00, 0x30, 0x0a, 0x06, 0x08, 0x2a, 0x86, 0x48, 0xce, 0x3d, 0x04, 0x03, 0x02, 0x03, 0x48, 0x00, 0x30, 0x45, 0x02, 0x20, 0x72, 0xf8, 0xb0, 0xbb, 0xb1, 0x70, 0x83, 0xbf, 0x40, 0xe4, 0xdc, 0x09, 0xd2, 0x69, 0x93, 0x07, 0xa7, 0x2f, 0xbf, 0x56, 0x33, 0xd9, 0x58, 0x7e, 0x8d, 0x32, 0x74, 0xdb, 0xdf, 0x1f, 0x2e, 0x81, 0x02, 0x21, 0x00, 0x84, 0xa8, 0xe6, 0x16, 0xf9, 0x48, 0x52, 0xae, 0x32, 0xe1, 0x84, 0xf1, 0x06, 0x7c, 0xca, 0x79, 0x11, 0x4b, 0xef, 0xc2, 0xbb, 0x4e, 0xc1, 0x9b, 0xed, 0x5f, 0xd3, 0x20, 0xd2, 0x2c, 0xc0, 0x55, 0x30, 0x02, 0x20, 0xce, 0x95, 0x6c, 0xe3, 0xe2, 0x05, 0xde, 0xed, 0x3f, 0x14, 0xc6, 0x2b, 0x67, 0xd5, 0x1f, 0xd8, 0xc6, 0x9a, 0x9a, 0x14, 0x6e, 0x94, 0xf4, 0xa6, 0x31, 0x76, 0xd9, 0xbc, 0x20, 0x01, 0xfd, 0x84, 0x18, [0m
[0;34m[1784656864.212] [13659:13661] [DMG] 					] (243 bytes)[0m
[0;34m[1784656864.212] [13659:13661] [DMG] 					0x1 = [[0m
[0;34m[1784656864.212] [13659:13661] [DMG] 							0x84, 0x10, 0xd0, 0x10, 0x78, 0xb7, 0x33, 0xc4, 0x2b, 0x01, 0xb3, 0x54, 0x34, 0x47, 0x2c, 0xaf, 0x73, 0x98, 0xae, 0x9e, 0x75, 0xe9, 0xad, 0x82, 0x34, 0x9b, 0x58, 0x6b, 0xbb, 0x1d, 0x07, 0x99, 0xe6, 0xff, 0xd6, 0xa9, 0x76, 0x6b, 0x7c, 0xff, 0x92, 0x5a, 0x50, 0xde, 0xfd, 0x58, 0x79, 0x7a, 0xb7, 0x9e, 0x75, 0x31, 0x39, 0xef, 0x1b, 0x8d, 0x91, 0xee, 0xcd, 0xf5, 0x18, 0x42, 0xff, 0x97, [0m
[0;34m[1784656864.212] [13659:13661] [DMG] 					] (64 bytes)[0m
[0;34m[1784656864.212] [13659:13661] [DMG] 				},[0m
[0;34m[1784656864.212] [13659:13661] [DMG] 			},[0m
[0;34m[1784656864.212] [13659:13661] [DMG] 			[0m
[0;34m[1784656864.212] [13659:13661] [DMG] 		},[0m
[0;34m[1784656864.212] [13659:13661] [DMG] 		[0m
[0;34m[1784656864.212] [13659:13661] [DMG] 	],[0m
[0;34m[1784656864.212] [13659:13661] [DMG] 	[0m
[0;34m[1784656864.212] [13659:13661] [DMG] 	InteractionModelRevision = 12[0m
[0;34m[1784656864.212] [13659:13661] [DMG] },[0m
[0;32m[1784656864.212] [13659:13661] [DMG] Received Command Response Data, Endpoint=0 Cluster=0x0000_003E Command=0x0000_0005[0m
[0;32m[1784656864.212] [13659:13661] [TOO] Endpoint: 0 Cluster: 0x0000_003E Command 0x0000_0005[0m
[0;32m[1784656864.212] [13659:13661] [TOO]   CSRResponse: {[0m
[0;32m[1784656864.212] [13659:13661] [TOO]     NOCSRElements: 153001CB3081C83070020100300E310C300A060355040A0C034353523059301306072A8648CE3D020106082A8648CE3D03010703420004628A4536BBEAC1FACF955D37697AD653C0356C551F8326BE6AA5195BF37E740C5EFD41071CA6C6AB93CD31B9567BEB55C0A967650498393B28C15C0FF5E399DFA000300A06082A8648CE3D0403020348003045022072F8B0BBB17083BF40E4DC09D2699307A72FBF5633D9587E8D3274DBDF1F2E8102210084A8E616F94852AE32E184F1067CCA79114BEFC2BB4EC19BED5FD320D22CC055300220CE956CE3E205DEED3F14C62B67D51FD8C69A9A146E94F4A63176D9BC2001FD8418[0m
[0;32m[1784656864.212] [13659:13661] [TOO]     attestationSignature: 8410D01078B733C42B01B35434472CAF7398AE9E75E9AD82349B586BBB1D0799E6FFD6A9766B7CFF925A50DEFD58797AB79E753139EF1B8D91EECDF51842FF97[0m
[0;32m[1784656864.212] [13659:13661] [TOO]    }[0m
[0;34m[1784656864.212] [13659:13661] [DMG] ICR moving to [AwaitingDe][0m
[0;32m[1784656864.212] [13659:13661] [EM] <<< [E:58155i S:16064 M:31806301 (Ack:15785820)] (S) Msg TX from 000000000001B669 to 1:0000000000000001 [F111] [UDP:[fe80::bfe:a203:38f0:bce7%enp0s3]:5540] --- Type 0000:10 (SecureChannel:StandaloneAck) (B:34)[0m
[0;34m[1784656864.212] [13659:13661] [EM] Flushed pending ack for MessageCounter:15785820 on exchange 58155i[0m
[0;34m[1784656864.213] [13659:13659] [CTL] Shutting down the commissioner[0m
[0;32m[1784656864.213] [13659:13659] [PAF] WiFiPAF: Closing all WiFiPAF sessions to shutdown[0m
[0;34m[1784656864.213] [13659:13659] [CTL] Shutting down the controller[0m
[0;34m[1784656864.213] [13659:13659] [IN] Expiring all sessions for fabric 0x1!![0m
[0;34m[1784656864.213] [13659:13659] [IN] SecureSession[0x7a2d48009cd0]: MarkForEviction Type:2 LSID:16064[0m
[0;32m[1784656864.213] [13659:13659] [SC] SecureSession[0x7a2d48009cd0, LSID:16064]: State change 'kActive' --> 'kPendingEviction'[0m
[0;34m[1784656864.213] [13659:13659] [IN] SecureSession[0x7a2d48009cd0]: Released - Type:2 LSID:16064[0m
[0;32m[1784656864.213] [13659:13659] [FP] Forgetting fabric 0x1[0m
[0;32m[1784656864.213] [13659:13659] [TS] Pending Last Known Good Time: 2023-10-14T01:16:48[0m
[0;32m[1784656864.213] [13659:13659] [TS] Previous Last Known Good Time: 2023-10-14T01:16:48[0m
[0;32m[1784656864.213] [13659:13659] [TS] Reverted Last Known Good Time to previous value[0m
[0;34m[1784656864.213] [13659:13659] [CTL] Shutting down the commissioner[0m
[0;32m[1784656864.213] [13659:13659] [PAF] WiFiPAF: Closing all WiFiPAF sessions to shutdown[0m
[0;34m[1784656864.213] [13659:13659] [CTL] Shutting down the controller[0m
[0;34m[1784656864.213] [13659:13659] [CTL] Shutting down the System State, this will teardown the CHIP Stack[0m
[0;34m[1784656864.213] [13659:13659] [DMG] All ReadHandler-s are clean, clear GlobalDirtySet[0m
[0;32m[1784656864.213] [13659:13659] [FP] Shutting down FabricTable[0m
[0;32m[1784656864.213] [13659:13659] [TS] Pending Last Known Good Time: 2023-10-14T01:16:48[0m
[0;32m[1784656864.213] [13659:13659] [TS] Previous Last Known Good Time: 2023-10-14T01:16:48[0m
[0;32m[1784656864.213] [13659:13659] [TS] Reverted Last Known Good Time to previous value[0m
[0;34m[1784656864.216] [13659:13659] [DL] Wrote settings to /tmp/chip_counters.ini[0m
[0;32m[1784656864.216] [13659:13659] [DL] NVS set: chip-counters/total-operational-hours = 0 (0x0)[0m
[0;32m[1784656864.216] [13659:13659] [DL] Inet Layer shutdown[0m
[0;32m[1784656864.216] [13659:13659] [DL] BLE Layer shutdown[0m
[0;32m[1784656864.216] [13659:13659] [DL] WiFi-PAF Layer shutdown[0m
[0;32m[1784656864.216] [13659:13659] [PAF] WiFiPAF: Closing all WiFiPAF sessions to shutdown[0m
[0;32m[1784656864.216] [13659:13659] [DL] System Layer shutdown[0m
