[0;34m[1784656864.732] [13672:13672] [DL] ChipLinuxStorage::Init: Using KVS config file: /tmp/chip_tool_kvs[0m
[1;31m[1784656864.733] [13672:13672] [DL] ChipLinuxStorage::Init: Attempt to re-initialize with KVS config file: /tmp/chip_kvs, IGNORING.[0m
[0;34m[1784656864.734] [13672:13672] [DL] ChipLinuxStorage::Init: Using KVS config file: /tmp/chip_factory.ini[0m
[0;34m[1784656864.734] [13672:13672] [DL] ChipLinuxStorage::Init: Using KVS config file: /tmp/chip_config.ini[0m
[0;34m[1784656864.734] [13672:13672] [DL] ChipLinuxStorage::Init: Using KVS config file: /tmp/chip_counters.ini[0m
[0;34m[1784656864.738] [13672:13672] [DL] Wrote settings to /tmp/chip_counters.ini[0m
[0;32m[1784656864.738] [13672:13672] [DL] NVS set: chip-counters/reboot-count = 6 (0x6)[0m
[0;32m[1784656864.738] [13672:13672] [DL] Got Ethernet interface: enp0s3[0m
[0;32m[1784656864.738] [13672:13672] [DL] Found the primary Ethernet interface:enp0s3[0m
[1;31m[1784656864.739] [13672:13672] [DL] Failed to get WiFi interface[0m
[1;31m[1784656864.739] [13672:13672] [DL] Failed to reset WiFi statistic counts[0m
[0;32m[1784656864.739] [13672:13672] [PAF] WiFiPAF: WiFiPAFLayer::Init()[0m
[0;34m[1784656864.739] [13672:13672] [IN] UDP::Init bind&listen port=0[0m
[0;34m[1784656864.739] [13672:13672] [IN] UDP::Init bound to port=51813[0m
[0;34m[1784656864.739] [13672:13672] [IN] UDP::Init bind&listen port=0[0m
[0;34m[1784656864.739] [13672:13672] [IN] UDP::Init bound to port=44437[0m
[0;34m[1784656864.739] [13672:13672] [IN] BLEBase::Init - setting/overriding transport[0m
[0;34m[1784656864.739] [13672:13672] [IN] WiFiPAFBase::Init - setting/overriding transport[0m
[0;34m[1784656864.739] [13672:13672] [IN] TransportMgr initialized[0m
[0;34m[1784656864.739] [13672:13672] [FP] Initializing FabricTable from persistent storage[0m
[0;32m[1784656864.739] [13672:13672] [TS] Last Known Good Time: 2023-10-14T01:16:48[0m
[0;32m[1784656864.739] [13672:13672] [FP] Fabric index 0x1 was retrieved from storage. Compressed FabricId 0xF8237E06BBE5F111, FabricId 0x0000000000000001, NodeId 0x000000000001B669, VendorId 0xFFF1[0m
[0;32m[1784656864.740] [13672:13672] [DMG] Ember attribute persistence requires setting up[0m
[0;32m[1784656864.740] [13672:13672] [ZCL] Using ZAP configuration...[0m
[0;34m[1784656864.740] [13672:13672] [CTL] System State Initialized...[0m
[0;32m[1784656864.740] [13672:13672] [CTL] Setting attestation nonce to random value[0m
[0;32m[1784656864.740] [13672:13672] [CTL] Setting CSR nonce to random value[0m
[0;34m[1784656864.741] [13672:13674] [DL] CHIP task running[0m
[0;32m[1784656864.741] [13672:13674] [CTL] Setting attestation nonce to random value[0m
[0;32m[1784656864.741] [13672:13674] [CTL] Setting CSR nonce to random value[0m
[0;32m[1784656864.741] [13672:13674] [CTL] Generating NOC[0m
[0;32m[1784656864.741] [13672:13674] [FP] Validating NOC chain[0m
[0;32m[1784656864.741] [13672:13674] [FP] NOC chain validation successful[0m
[0;32m[1784656864.742] [13672:13674] [FP] Updated fabric at index: 0x1, Node ID: 0x000000000001B669[0m
[0;32m[1784656864.742] [13672:13674] [TS] Last Known Good Time: 2023-10-14T01:16:48[0m
[0;32m[1784656864.742] [13672:13674] [TS] New proposed Last Known Good Time: 2021-01-01T00:00:00[0m
[0;32m[1784656864.742] [13672:13674] [TS] Retaining current Last Known Good Time[0m
[0;32m[1784656864.744] [13672:13674] [FP] Metadata for Fabric 0x1 persisted to storage.[0m
[0;32m[1784656864.744] [13672:13674] [TS] Committing Last Known Good Time to storage: 2023-10-14T01:16:48[0m
[0;32m[1784656864.745] [13672:13674] [CTL] Joined the fabric at index 1. Fabric ID is 0x0000000000000001 (Compressed Fabric ID: F8237E06BBE5F111)[0m
[0;32m[1784656864.749] [13672:13674] [TOO] Sending command to node 0x1[0m
[0;34m[1784656864.750] [13672:13674] [CSM] FindOrEstablishSession: PeerId = [1:0000000000000001][0m
[0;34m[1784656864.750] [13672:13674] [CSM] FindOrEstablishSession: No existing OperationalSessionSetup instance found[0m
[0;34m[1784656864.750] [13672:13674] [DIS] OperationalSessionSetup[1:0000000000000001]: State change 1 --> 2[0m
[0;32m[1784656864.750] [13672:13674] [DIS] Lookup started for F8237E06BBE5F111-0000000000000001[0m
[0;32m[1784656864.750] [13672:13674] [DIS] UDP:[fe80::bfe:a203:38f0:bce7%enp0s3]:5540: new best score: 7 (for F8237E06BBE5F111-0000000000000001)[0m
[0;34m[1784656864.750] [13672:13674] [DIS] Lookup clearing interface for non LL address[0m
[0;32m[1784656864.750] [13672:13674] [DIS] UDP:10.0.2.15%enp0s3:5540: new best score: 2 (for F8237E06BBE5F111-0000000000000001)[0m
[0;32m[1784656864.750] [13672:13674] [DIS] Checking node lookup status for F8237E06BBE5F111-0000000000000001 after 0 ms[0m
[0;32m[1784656864.750] [13672:13674] [DIS] Keeping DNSSD lookup active[0m
[0;32m[1784656864.750] [13672:13674] [DIS] UDP:[fe80::bfe:a203:38f0:bce7%enp0s3]:5540: score has not improved: 7 (for F8237E06BBE5F111-0000000000000001)[0m
[0;34m[1784656864.750] [13672:13674] [DIS] Lookup clearing interface for non LL address[0m
[0;32m[1784656864.750] [13672:13674] [DIS] UDP:10.0.2.15%enp0s3:5540: score has not improved: 2 (for F8237E06BBE5F111-0000000000000001)[0m
[0;32m[1784656864.750] [13672:13674] [DIS] Checking node lookup status for F8237E06BBE5F111-0000000000000001 after 0 ms[0m
[0;32m[1784656864.750] [13672:13674] [DIS] Keeping DNSSD lookup active[0m
[0;32m[1784656864.952] [13672:13674] [DIS] Checking node lookup status for F8237E06BBE5F111-0000000000000001 after 203 ms[0m
[0;34m[1784656864.952] [13672:13674] [DIS] OperationalSessionSetup[1:0000000000000001]: Updating device address to UDP:[fe80::bfe:a203:38f0:bce7%enp0s3]:5540 while in state 2[0m
[0;34m[1784656864.952] [13672:13674] [DIS] OperationalSessionSetup[1:0000000000000001]: State change 2 --> 3[0m
[0;34m[1784656864.952] [13672:13674] [IN] SecureSession[0x78fc7c009cd0]: Allocated Type:2 LSID:26356[0m
[0;32m[1784656864.952] [13672:13674] [SC] Initiating session on local FabricIndex 1 from 0x000000000001B669 -> 0x0000000000000001[0m
[0;32m[1784656864.953] [13672:13674] [EM] <<< [E:14257i S:0 M:248353766] (U) Msg TX from 97B281B519FAE723 to 0:0000000000000000 [0000] [UDP:[fe80::bfe:a203:38f0:bce7%enp0s3]:5540] --- Type 0000:30 (SecureChannel:CASE_Sigma1) (B:196)[0m
[0;32m[1784656864.953] [13672:13674] [EM] ??1 [E:14257i S:0 M:248353766] (U) Msg Retransmission to 0:0000000000000000 scheduled for 627ms from now [State:Idle II:500 AI:300 AT:4000][0m
[0;32m[1784656864.953] [13672:13674] [SC] Sent Sigma1 msg to <0000000000000001, 1> [II:500ms AI:300ms AT:4000ms][0m
[0;34m[1784656864.953] [13672:13674] [DIS] OperationalSessionSetup[1:0000000000000001]: State change 3 --> 4[0m
[0;32m[1784656864.954] [13672:13674] [EM] >>> [E:14257i S:0 M:102925911 (Ack:248353766)] (U) Msg RX from 0:0000000000000000 [0000] to 97B281B519FAE723 --- Type 0000:31 (SecureChannel:CASE_Sigma2) (B:751)[0m
[0;34m[1784656864.954] [13672:13674] [EM] Found matching exchange: 14257i, Delegate: 0x78fc7c00b8e8[0m
[0;34m[1784656864.954] [13672:13674] [EM] Rxd Ack; Removing MessageCounter:248353766 from Retrans Table on exchange 14257i[0m
[0;32m[1784656864.954] [13672:13674] [SC] Received Sigma2 msg[0m
[0;34m[1784656864.954] [13672:13674] [SC] Found MRP parameters in the message[0m
[0;34m[1784656864.956] [13672:13674] [SC] Peer <0000000000000001, 1> assigned session ID 24832[0m
[0;34m[1784656864.956] [13672:13674] [SC] Sending Sigma3[0m
[0;32m[1784656864.956] [13672:13674] [EM] <<< [E:14257i S:0 M:248353767 (Ack:102925911)] (U) Msg TX from 97B281B519FAE723 to 0:0000000000000000 [0000] [UDP:[fe80::bfe:a203:38f0:bce7%enp0s3]:5540] --- Type 0000:32 (SecureChannel:CASE_Sigma3) (B:598)[0m
[0;32m[1784656864.957] [13672:13674] [EM] ??1 [E:14257i S:0 M:248353767] (U) Msg Retransmission to 0:0000000000000000 scheduled for 407ms from now [State:Active II:500 AI:300 AT:4000][0m
[0;32m[1784656864.957] [13672:13674] [SC] Sent Sigma3 msg[0m
[0;32m[1784656864.966] [13672:13674] [EM] >>> [E:14257i S:0 M:102925912 (Ack:248353767)] (U) Msg RX from 0:0000000000000000 [0000] to 97B281B519FAE723 --- Type 0000:40 (SecureChannel:StatusReport) (B:34)[0m
[0;34m[1784656864.966] [13672:13674] [EM] Found matching exchange: 14257i, Delegate: 0x78fc7c00b8e8[0m
[0;34m[1784656864.966] [13672:13674] [EM] Rxd Ack; Removing MessageCounter:248353767 from Retrans Table on exchange 14257i[0m
[0;32m[1784656864.966] [13672:13674] [SC] Success status report received. Session was established[0m
[0;32m[1784656864.967] [13672:13674] [SC] SecureSession[0x78fc7c009cd0, LSID:26356]: State change 'kEstablishing' --> 'kActive'[0m
[0;34m[1784656864.967] [13672:13674] [IN] SecureSession[0x78fc7c009cd0]: Activated - Type:2 LSID:26356[0m
[0;34m[1784656864.967] [13672:13674] [IN] New secure session activated for device <0000000000000001, 1>, LSID:26356 PSID:24832![0m
[0;34m[1784656864.967] [13672:13674] [DIS] OperationalSessionSetup[1:0000000000000001]: State change 4 --> 5[0m
[0;32m[1784656864.967] [13672:13674] [TOO] Sending cluster (0x0000003E) command (0x00000007) on endpoint 0[0m
[0;34m[1784656864.967] [13672:13674] [DMG] ICR moving to [AddingComm][0m
[0;34m[1784656864.967] [13672:13674] [DMG] ICR moving to [AddedComma][0m
[0;32m[1784656864.967] [13672:13674] [EM] <<< [E:14258i S:26356 M:130934797] (S) Msg TX from 000000000001B669 to 1:0000000000000001 [F111] [UDP:[fe80::bfe:a203:38f0:bce7%enp0s3]:5540] --- Type 0001:08 (IM:InvokeCommandRequest) (B:330)[0m
[0;32m[1784656864.967] [13672:13674] [EM] ??1 [E:14258i S:26356 M:130934797] (S) Msg Retransmission to 1:0000000000000001 scheduled for 382ms from now [State:Active II:500 AI:300 AT:4000][0m
[0;34m[1784656864.967] [13672:13674] [DMG] ICR moving to [AwaitingRe][0m
[0;32m[1784656864.967] [13672:13674] [EM] <<< [E:14257i S:0 M:248353768 (Ack:102925912)] (U) Msg TX from 97B281B519FAE723 to 0:0000000000000000 [0000] [UDP:[fe80::bfe:a203:38f0:bce7%enp0s3]:5540] --- Type 0000:10 (SecureChannel:StandaloneAck) (B:26)[0m
[0;34m[1784656864.968] [13672:13674] [EM] Flushed pending ack for MessageCounter:102925912 on exchange 14257i[0m
[0;32m[1784656864.977] [13672:13674] [EM] >>> [E:14258i S:26356 M:113585077 (Ack:130934797)] (S) Msg RX from 1:0000000000000001 [F111] to 000000000001B669 --- Type 0001:09 (IM:InvokeCommandResponse) (B:70)[0m
[0;34m[1784656864.977] [13672:13674] [EM] Found matching exchange: 14258i, Delegate: 0x78fc7c00eef8[0m
[0;34m[1784656864.977] [13672:13674] [EM] Rxd Ack; Removing MessageCounter:130934797 from Retrans Table on exchange 14258i[0m
[0;34m[1784656864.977] [13672:13674] [DMG] ICR moving to [ResponseRe][0m
[0;34m[1784656864.977] [13672:13674] [DMG] InvokeResponseMessage =[0m
[0;34m[1784656864.977] [13672:13674] [DMG] {[0m
[0;34m[1784656864.977] [13672:13674] [DMG] 	suppressResponse = false, [0m
[0;34m[1784656864.977] [13672:13674] [DMG] 	InvokeResponseIBs =[0m
[0;34m[1784656864.977] [13672:13674] [DMG] 	[[0m
[0;34m[1784656864.977] [13672:13674] [DMG] 		InvokeResponseIB =[0m
[0;34m[1784656864.977] [13672:13674] [DMG] 		{[0m
[0;34m[1784656864.977] [13672:13674] [DMG] 			CommandDataIB =[0m
[0;34m[1784656864.977] [13672:13674] [DMG] 			{[0m
[0;34m[1784656864.977] [13672:13674] [DMG] 				CommandPathIB =[0m
[0;34m[1784656864.977] [13672:13674] [DMG] 				{[0m
[0;34m[1784656864.977] [13672:13674] [DMG] 					EndpointId = 0x0,[0m
[0;34m[1784656864.977] [13672:13674] [DMG] 					ClusterId = 0x3e,[0m
[0;34m[1784656864.977] [13672:13674] [DMG] 					CommandId = 0x8,[0m
[0;34m[1784656864.977] [13672:13674] [DMG] 				},[0m
[0;34m[1784656864.977] [13672:13674] [DMG] 				[0m
[0;34m[1784656864.977] [13672:13674] [DMG] 				CommandFields = [0m
[0;34m[1784656864.977] [13672:13674] [DMG] 				{[0m
[0;34m[1784656864.977] [13672:13674] [DMG] 					0x0 = 0 (unsigned), [0m
[0;34m[1784656864.977] [13672:13674] [DMG] 					0x1 = 1 (unsigned), [0m
[0;34m[1784656864.977] [13672:13674] [DMG] 				},[0m
[0;34m[1784656864.977] [13672:13674] [DMG] 			},[0m
[0;34m[1784656864.977] [13672:13674] [DMG] 			[0m
[0;34m[1784656864.977] [13672:13674] [DMG] 		},[0m
[0;34m[1784656864.977] [13672:13674] [DMG] 		[0m
[0;34m[1784656864.977] [13672:13674] [DMG] 	],[0m
[0;34m[1784656864.977] [13672:13674] [DMG] 	[0m
[0;34m[1784656864.977] [13672:13674] [DMG] 	InteractionModelRevision = 12[0m
[0;34m[1784656864.977] [13672:13674] [DMG] },[0m
[0;32m[1784656864.977] [13672:13674] [DMG] Received Command Response Data, Endpoint=0 Cluster=0x0000_003E Command=0x0000_0008[0m
[0;32m[1784656864.977] [13672:13674] [TOO] Endpoint: 0 Cluster: 0x0000_003E Command 0x0000_0008[0m
[0;32m[1784656864.977] [13672:13674] [TOO]   NOCResponse: {[0m
[0;32m[1784656864.977] [13672:13674] [TOO]     statusCode: 0[0m
[0;32m[1784656864.977] [13672:13674] [TOO]     fabricIndex: 1[0m
[0;32m[1784656864.977] [13672:13674] [TOO]    }[0m
[0;34m[1784656864.977] [13672:13674] [DMG] ICR moving to [AwaitingDe][0m
[0;32m[1784656864.977] [13672:13674] [EM] <<< [E:14258i S:26356 M:130934798 (Ack:113585077)] (S) Msg TX from 000000000001B669 to 1:0000000000000001 [F111] [UDP:[fe80::bfe:a203:38f0:bce7%enp0s3]:5540] --- Type 0000:10 (SecureChannel:StandaloneAck) (B:34)[0m
[0;34m[1784656864.977] [13672:13674] [EM] Flushed pending ack for MessageCounter:113585077 on exchange 14258i[0m
[0;34m[1784656864.978] [13672:13672] [CTL] Shutting down the commissioner[0m
[0;32m[1784656864.978] [13672:13672] [PAF] WiFiPAF: Closing all WiFiPAF sessions to shutdown[0m
[0;34m[1784656864.978] [13672:13672] [CTL] Shutting down the controller[0m
[0;34m[1784656864.978] [13672:13672] [IN] Expiring all sessions for fabric 0x1!![0m
[0;34m[1784656864.978] [13672:13672] [IN] SecureSession[0x78fc7c009cd0]: MarkForEviction Type:2 LSID:26356[0m
[0;32m[1784656864.978] [13672:13672] [SC] SecureSession[0x78fc7c009cd0, LSID:26356]: State change 'kActive' --> 'kPendingEviction'[0m
[0;34m[1784656864.978] [13672:13672] [IN] SecureSession[0x78fc7c009cd0]: Released - Type:2 LSID:26356[0m
[0;32m[1784656864.978] [13672:13672] [FP] Forgetting fabric 0x1[0m
[0;32m[1784656864.978] [13672:13672] [TS] Pending Last Known Good Time: 2023-10-14T01:16:48[0m
[0;32m[1784656864.978] [13672:13672] [TS] Previous Last Known Good Time: 2023-10-14T01:16:48[0m
[0;32m[1784656864.978] [13672:13672] [TS] Reverted Last Known Good Time to previous value[0m
[0;34m[1784656864.978] [13672:13672] [CTL] Shutting down the commissioner[0m
[0;32m[1784656864.978] [13672:13672] [PAF] WiFiPAF: Closing all WiFiPAF sessions to shutdown[0m
[0;34m[1784656864.978] [13672:13672] [CTL] Shutting down the controller[0m
[0;34m[1784656864.978] [13672:13672] [CTL] Shutting down the System State, this will teardown the CHIP Stack[0m
[0;34m[1784656864.978] [13672:13672] [DMG] All ReadHandler-s are clean, clear GlobalDirtySet[0m
[0;32m[1784656864.978] [13672:13672] [FP] Shutting down FabricTable[0m
[0;32m[1784656864.978] [13672:13672] [TS] Pending Last Known Good Time: 2023-10-14T01:16:48[0m
[0;32m[1784656864.978] [13672:13672] [TS] Previous Last Known Good Time: 2023-10-14T01:16:48[0m
[0;32m[1784656864.978] [13672:13672] [TS] Reverted Last Known Good Time to previous value[0m
[0;34m[1784656864.980] [13672:13672] [DL] Wrote settings to /tmp/chip_counters.ini[0m
[0;32m[1784656864.980] [13672:13672] [DL] NVS set: chip-counters/total-operational-hours = 0 (0x0)[0m
[0;32m[1784656864.980] [13672:13672] [DL] Inet Layer shutdown[0m
[0;32m[1784656864.980] [13672:13672] [DL] BLE Layer shutdown[0m
[0;32m[1784656864.980] [13672:13672] [DL] WiFi-PAF Layer shutdown[0m
[0;32m[1784656864.980] [13672:13672] [PAF] WiFiPAF: Closing all WiFiPAF sessions to shutdown[0m
[0;32m[1784656864.980] [13672:13672] [DL] System Layer shutdown[0m
