[0;34m[1784656291.505] [10903:10903] [DL] ChipLinuxStorage::Init: Using KVS config file: /tmp/chip_tool_kvs[0m
[1;31m[1784656291.506] [10903:10903] [DL] ChipLinuxStorage::Init: Attempt to re-initialize with KVS config file: /tmp/chip_kvs, IGNORING.[0m
[0;34m[1784656291.507] [10903:10903] [DL] ChipLinuxStorage::Init: Using KVS config file: /tmp/chip_factory.ini[0m
[0;34m[1784656291.507] [10903:10903] [DL] ChipLinuxStorage::Init: Using KVS config file: /tmp/chip_config.ini[0m
[0;34m[1784656291.507] [10903:10903] [DL] ChipLinuxStorage::Init: Using KVS config file: /tmp/chip_counters.ini[0m
[0;34m[1784656291.510] [10903:10903] [DL] Wrote settings to /tmp/chip_counters.ini[0m
[0;32m[1784656291.510] [10903:10903] [DL] NVS set: chip-counters/reboot-count = 4 (0x4)[0m
[0;32m[1784656291.510] [10903:10903] [DL] Got Ethernet interface: enp0s3[0m
[0;32m[1784656291.510] [10903:10903] [DL] Found the primary Ethernet interface:enp0s3[0m
[1;31m[1784656291.510] [10903:10903] [DL] Failed to get WiFi interface[0m
[1;31m[1784656291.510] [10903:10903] [DL] Failed to reset WiFi statistic counts[0m
[0;32m[1784656291.510] [10903:10903] [PAF] WiFiPAF: WiFiPAFLayer::Init()[0m
[0;34m[1784656291.510] [10903:10903] [IN] UDP::Init bind&listen port=0[0m
[0;34m[1784656291.510] [10903:10903] [IN] UDP::Init bound to port=38600[0m
[0;34m[1784656291.510] [10903:10903] [IN] UDP::Init bind&listen port=0[0m
[0;34m[1784656291.510] [10903:10903] [IN] UDP::Init bound to port=60927[0m
[0;34m[1784656291.510] [10903:10903] [IN] BLEBase::Init - setting/overriding transport[0m
[0;34m[1784656291.510] [10903:10903] [IN] WiFiPAFBase::Init - setting/overriding transport[0m
[0;34m[1784656291.510] [10903:10903] [IN] TransportMgr initialized[0m
[0;34m[1784656291.510] [10903:10903] [FP] Initializing FabricTable from persistent storage[0m
[0;32m[1784656291.510] [10903:10903] [TS] Last Known Good Time: 2023-10-14T01:16:48[0m
[0;32m[1784656291.511] [10903:10903] [FP] Fabric index 0x1 was retrieved from storage. Compressed FabricId 0x22B43CD3669E86FD, FabricId 0x0000000000000001, NodeId 0x000000000001B669, VendorId 0xFFF1[0m
[0;32m[1784656291.512] [10903:10903] [DMG] Ember attribute persistence requires setting up[0m
[0;32m[1784656291.512] [10903:10903] [ZCL] Using ZAP configuration...[0m
[0;34m[1784656291.512] [10903:10903] [CTL] System State Initialized...[0m
[0;32m[1784656291.512] [10903:10903] [CTL] Setting attestation nonce to random value[0m
[0;32m[1784656291.512] [10903:10903] [CTL] Setting CSR nonce to random value[0m
[0;34m[1784656291.512] [10903:10905] [DL] CHIP task running[0m
[0;32m[1784656291.512] [10903:10905] [CTL] Setting attestation nonce to random value[0m
[0;32m[1784656291.512] [10903:10905] [CTL] Setting CSR nonce to random value[0m
[0;32m[1784656291.512] [10903:10905] [CTL] Generating NOC[0m
[0;32m[1784656291.512] [10903:10905] [FP] Validating NOC chain[0m
[0;32m[1784656291.513] [10903:10905] [FP] NOC chain validation successful[0m
[0;32m[1784656291.513] [10903:10905] [FP] Updated fabric at index: 0x1, Node ID: 0x000000000001B669[0m
[0;32m[1784656291.513] [10903:10905] [TS] Last Known Good Time: 2023-10-14T01:16:48[0m
[0;32m[1784656291.513] [10903:10905] [TS] New proposed Last Known Good Time: 2021-01-01T00:00:00[0m
[0;32m[1784656291.513] [10903:10905] [TS] Retaining current Last Known Good Time[0m
[0;32m[1784656291.514] [10903:10905] [FP] Metadata for Fabric 0x1 persisted to storage.[0m
[0;32m[1784656291.515] [10903:10905] [TS] Committing Last Known Good Time to storage: 2023-10-14T01:16:48[0m
[0;32m[1784656291.516] [10903:10905] [CTL] Joined the fabric at index 1. Fabric ID is 0x0000000000000001 (Compressed Fabric ID: 22B43CD3669E86FD)[0m
[0;32m[1784656291.519] [10903:10905] [TOO] Sending command to node 0x1[0m
[0;34m[1784656291.520] [10903:10905] [CSM] FindOrEstablishSession: PeerId = [1:0000000000000001][0m
[0;34m[1784656291.520] [10903:10905] [CSM] FindOrEstablishSession: No existing OperationalSessionSetup instance found[0m
[0;34m[1784656291.520] [10903:10905] [DIS] OperationalSessionSetup[1:0000000000000001]: State change 1 --> 2[0m
[0;32m[1784656291.520] [10903:10905] [DIS] Lookup started for 22B43CD3669E86FD-0000000000000001[0m
[0;32m[1784656291.520] [10903:10905] [DIS] UDP:[fe80::bfe:a203:38f0:bce7%enp0s3]:5540: new best score: 7 (for 22B43CD3669E86FD-0000000000000001)[0m
[0;34m[1784656291.520] [10903:10905] [DIS] Lookup clearing interface for non LL address[0m
[0;32m[1784656291.520] [10903:10905] [DIS] UDP:10.0.2.15%enp0s3:5540: new best score: 2 (for 22B43CD3669E86FD-0000000000000001)[0m
[0;32m[1784656291.520] [10903:10905] [DIS] Checking node lookup status for 22B43CD3669E86FD-0000000000000001 after 0 ms[0m
[0;32m[1784656291.520] [10903:10905] [DIS] Keeping DNSSD lookup active[0m
[0;32m[1784656291.520] [10903:10905] [DIS] UDP:[fe80::bfe:a203:38f0:bce7%enp0s3]:5540: score has not improved: 7 (for 22B43CD3669E86FD-0000000000000001)[0m
[0;34m[1784656291.520] [10903:10905] [DIS] Lookup clearing interface for non LL address[0m
[0;32m[1784656291.520] [10903:10905] [DIS] UDP:10.0.2.15%enp0s3:5540: score has not improved: 2 (for 22B43CD3669E86FD-0000000000000001)[0m
[0;32m[1784656291.520] [10903:10905] [DIS] Checking node lookup status for 22B43CD3669E86FD-0000000000000001 after 0 ms[0m
[0;32m[1784656291.520] [10903:10905] [DIS] Keeping DNSSD lookup active[0m
[0;32m[1784656291.724] [10903:10905] [DIS] Checking node lookup status for 22B43CD3669E86FD-0000000000000001 after 204 ms[0m
[0;34m[1784656291.724] [10903:10905] [DIS] OperationalSessionSetup[1:0000000000000001]: Updating device address to UDP:[fe80::bfe:a203:38f0:bce7%enp0s3]:5540 while in state 2[0m
[0;34m[1784656291.724] [10903:10905] [DIS] OperationalSessionSetup[1:0000000000000001]: State change 2 --> 3[0m
[0;34m[1784656291.724] [10903:10905] [IN] SecureSession[0x737c10009cd0]: Allocated Type:2 LSID:11534[0m
[0;32m[1784656291.724] [10903:10905] [SC] Initiating session on local FabricIndex 1 from 0x000000000001B669 -> 0x0000000000000001[0m
[0;32m[1784656291.725] [10903:10905] [EM] <<< [E:44739i S:0 M:128042137] (U) Msg TX from 0838307035A5FE8F to 0:0000000000000000 [0000] [UDP:[fe80::bfe:a203:38f0:bce7%enp0s3]:5540] --- Type 0000:30 (SecureChannel:CASE_Sigma1) (B:196)[0m
[0;32m[1784656291.725] [10903:10905] [EM] ??1 [E:44739i S:0 M:128042137] (U) Msg Retransmission to 0:0000000000000000 scheduled for 680ms from now [State:Idle II:500 AI:300 AT:4000][0m
[0;32m[1784656291.725] [10903:10905] [SC] Sent Sigma1 msg to <0000000000000001, 1> [II:500ms AI:300ms AT:4000ms][0m
[0;34m[1784656291.725] [10903:10905] [DIS] OperationalSessionSetup[1:0000000000000001]: State change 3 --> 4[0m
[0;32m[1784656291.728] [10903:10905] [EM] >>> [E:44739i S:0 M:128407213 (Ack:128042137)] (U) Msg RX from 0:0000000000000000 [0000] to 0838307035A5FE8F --- Type 0000:31 (SecureChannel:CASE_Sigma2) (B:751)[0m
[0;34m[1784656291.728] [10903:10905] [EM] Found matching exchange: 44739i, Delegate: 0x737c1000b8e8[0m
[0;34m[1784656291.728] [10903:10905] [EM] Rxd Ack; Removing MessageCounter:128042137 from Retrans Table on exchange 44739i[0m
[0;32m[1784656291.728] [10903:10905] [SC] Received Sigma2 msg[0m
[0;34m[1784656291.728] [10903:10905] [SC] Found MRP parameters in the message[0m
[0;34m[1784656291.730] [10903:10905] [SC] Peer <0000000000000001, 1> assigned session ID 20602[0m
[0;34m[1784656291.730] [10903:10905] [SC] Sending Sigma3[0m
[0;32m[1784656291.730] [10903:10905] [EM] <<< [E:44739i S:0 M:128042138 (Ack:128407213)] (U) Msg TX from 0838307035A5FE8F to 0:0000000000000000 [0000] [UDP:[fe80::bfe:a203:38f0:bce7%enp0s3]:5540] --- Type 0000:32 (SecureChannel:CASE_Sigma3) (B:598)[0m
[0;32m[1784656291.730] [10903:10905] [EM] ??1 [E:44739i S:0 M:128042138] (U) Msg Retransmission to 0:0000000000000000 scheduled for 360ms from now [State:Active II:500 AI:300 AT:4000][0m
[0;32m[1784656291.730] [10903:10905] [SC] Sent Sigma3 msg[0m
[0;32m[1784656291.739] [10903:10905] [EM] >>> [E:44739i S:0 M:128407214 (Ack:128042138)] (U) Msg RX from 0:0000000000000000 [0000] to 0838307035A5FE8F --- Type 0000:40 (SecureChannel:StatusReport) (B:34)[0m
[0;34m[1784656291.739] [10903:10905] [EM] Found matching exchange: 44739i, Delegate: 0x737c1000b8e8[0m
[0;34m[1784656291.739] [10903:10905] [EM] Rxd Ack; Removing MessageCounter:128042138 from Retrans Table on exchange 44739i[0m
[0;32m[1784656291.739] [10903:10905] [SC] Success status report received. Session was established[0m
[0;32m[1784656291.740] [10903:10905] [SC] SecureSession[0x737c10009cd0, LSID:11534]: State change 'kEstablishing' --> 'kActive'[0m
[0;34m[1784656291.740] [10903:10905] [IN] SecureSession[0x737c10009cd0]: Activated - Type:2 LSID:11534[0m
[0;34m[1784656291.740] [10903:10905] [IN] New secure session activated for device <0000000000000001, 1>, LSID:11534 PSID:20602![0m
[0;34m[1784656291.740] [10903:10905] [DIS] OperationalSessionSetup[1:0000000000000001]: State change 4 --> 5[0m
[0;32m[1784656291.740] [10903:10905] [TOO] Sending cluster (0x0000003E) command (0x00000004) on endpoint 0[0m
[0;34m[1784656291.740] [10903:10905] [DMG] ICR moving to [AddingComm][0m
[0;34m[1784656291.740] [10903:10905] [DMG] ICR moving to [AddedComma][0m
[0;32m[1784656291.740] [10903:10905] [EM] <<< [E:44740i S:11534 M:71626082] (S) Msg TX from 000000000001B669 to 1:0000000000000001 [86FD] [UDP:[fe80::bfe:a203:38f0:bce7%enp0s3]:5540] --- Type 0001:08 (IM:InvokeCommandRequest) (B:96)[0m
[0;32m[1784656291.740] [10903:10905] [EM] ??1 [E:44740i S:11534 M:71626082] (S) Msg Retransmission to 1:0000000000000001 scheduled for 346ms from now [State:Active II:500 AI:300 AT:4000][0m
[0;34m[1784656291.740] [10903:10905] [DMG] ICR moving to [AwaitingRe][0m
[0;32m[1784656291.740] [10903:10905] [EM] <<< [E:44739i S:0 M:128042139 (Ack:128407214)] (U) Msg TX from 0838307035A5FE8F to 0:0000000000000000 [0000] [UDP:[fe80::bfe:a203:38f0:bce7%enp0s3]:5540] --- Type 0000:10 (SecureChannel:StandaloneAck) (B:26)[0m
[0;34m[1784656291.740] [10903:10905] [EM] Flushed pending ack for MessageCounter:128407214 on exchange 44739i[0m
[0;32m[1784656291.741] [10903:10905] [EM] >>> [E:44740i S:11534 M:64067694 (Ack:71626082)] (S) Msg RX from 1:0000000000000001 [86FD] to 000000000001B669 --- Type 0001:09 (IM:InvokeCommandResponse) (B:378)[0m
[0;34m[1784656291.741] [10903:10905] [EM] Found matching exchange: 44740i, Delegate: 0x737c1000eef8[0m
[0;34m[1784656291.741] [10903:10905] [EM] Rxd Ack; Removing MessageCounter:71626082 from Retrans Table on exchange 44740i[0m
[0;34m[1784656291.741] [10903:10905] [DMG] ICR moving to [ResponseRe][0m
[0;34m[1784656291.741] [10903:10905] [DMG] InvokeResponseMessage =[0m
[0;34m[1784656291.741] [10903:10905] [DMG] {[0m
[0;34m[1784656291.741] [10903:10905] [DMG] 	suppressResponse = false, [0m
[0;34m[1784656291.741] [10903:10905] [DMG] 	InvokeResponseIBs =[0m
[0;34m[1784656291.741] [10903:10905] [DMG] 	[[0m
[0;34m[1784656291.741] [10903:10905] [DMG] 		InvokeResponseIB =[0m
[0;34m[1784656291.741] [10903:10905] [DMG] 		{[0m
[0;34m[1784656291.741] [10903:10905] [DMG] 			CommandDataIB =[0m
[0;34m[1784656291.741] [10903:10905] [DMG] 			{[0m
[0;34m[1784656291.741] [10903:10905] [DMG] 				CommandPathIB =[0m
[0;34m[1784656291.741] [10903:10905] [DMG] 				{[0m
[0;34m[1784656291.741] [10903:10905] [DMG] 					EndpointId = 0x0,[0m
[0;34m[1784656291.741] [10903:10905] [DMG] 					ClusterId = 0x3e,[0m
[0;34m[1784656291.741] [10903:10905] [DMG] 					CommandId = 0x5,[0m
[0;34m[1784656291.741] [10903:10905] [DMG] 				},[0m
[0;34m[1784656291.741] [10903:10905] [DMG] 				[0m
[0;34m[1784656291.741] [10903:10905] [DMG] 				CommandFields = [0m
[0;34m[1784656291.741] [10903:10905] [DMG] 				{[0m
[0;34m[1784656291.741] [10903:10905] [DMG] 					0x0 = [[0m
[0;34m[1784656291.741] [10903:10905] [DMG] 							0x15, 0x30, 0x01, 0xcc, 0x30, 0x81, 0xc9, 0x30, 0x70, 0x02, 0x01, 0x00, 0x30, 0x0e, 0x31, 0x0c, 0x30, 0x0a, 0x06, 0x03, 0x55, 0x04, 0x0a, 0x0c, 0x03, 0x43, 0x53, 0x52, 0x30, 0x59, 0x30, 0x13, 0x06, 0x07, 0x2a, 0x86, 0x48, 0xce, 0x3d, 0x02, 0x01, 0x06, 0x08, 0x2a, 0x86, 0x48, 0xce, 0x3d, 0x03, 0x01, 0x07, 0x03, 0x42, 0x00, 0x04, 0xb9, 0x8d, 0x4c, 0x00, 0xce, 0xae, 0x88, 0x8b, 0x54, 0x9d, 0x71, 0x80, 0xf1, 0x9c, 0x42, 0x5b, 0x50, 0x62, 0x61, 0x14, 0xf1, 0x40, 0xfb, 0x2c, 0xcc, 0x8a, 0x11, 0x55, 0x6f, 0x09, 0x81, 0x1f, 0xa7, 0xf2, 0x7a, 0x0d, 0xbb, 0xfc, 0xcd, 0xde, 0x3b, 0x03, 0x35, 0x9f, 0x70, 0xa5, 0x0d, 0xc4, 0x34, 0x21, 0x80, 0x9b, 0x3d, 0xba, 0x85, 0xb8, 0x09, 0x7e, 0x24, 0x49, 0x34, 0x56, 0xbf, 0xc1, 0xa0, 0x00, 0x30, 0x0a, 0x06, 0x08, 0x2a, 0x86, 0x48, 0xce, 0x3d, 0x04, 0x03, 0x02, 0x03, 0x49, 0x00, 0x30, 0x46, 0x02, 0x21, 0x00, 0x8f, 0xef, 0xc7, 0xd7, 0xf5, 0x8c, 0xad, 0x62, 0xee, 0x55, 0x56, 0x4f, 0x18, 0x1c, 0x91, 0xc4, 0x93, 0xeb, 0xd5, 0x0e, 0xe6, 0x6b, 0x94, 0x7c, 0x30, 0x4c, 0x3b, 0x04, 0x39, 0x70, 0x20, 0xc5, 0x02, 0x21, 0x00, 0xcc, 0xe6, 0xa3, 0x68, 0x45, 0xcd, 0xf1, 0xca, 0xcd, 0x7c, 0x06, 0x8a, 0xdf, 0x8d, 0x5b, 0x3f, 0x1a, 0x68, 0x8f, 0xb9, 0xcf, 0xe3, 0xf2, 0x0e, 0x54, 0xbc, 0x1d, 0xf5, 0x66, 0x9d, 0xee, 0xcb, 0x30, 0x02, 0x20, 0x2b, 0x89, 0x4d, 0x63, 0xf6, 0x35, 0x17, 0x9d, 0x8c, 0x6c, 0x87, 0xea, 0x58, 0xe8, 0x47, 0x3b, 0x35, 0xe0, 0x80, 0xda, 0x41, 0x1a, 0x56, 0x93, 0x5a, 0xee, 0x35, 0x8e, 0x5f, 0xbd, 0x47, 0x17, 0x18, [0m
[0;34m[1784656291.741] [10903:10905] [DMG] 					] (244 bytes)[0m
[0;34m[1784656291.741] [10903:10905] [DMG] 					0x1 = [[0m
[0;34m[1784656291.741] [10903:10905] [DMG] 							0xda, 0x89, 0x3f, 0x35, 0x58, 0x4b, 0x9e, 0xe3, 0x16, 0x50, 0x56, 0xe4, 0xb7, 0x48, 0x23, 0x19, 0x1b, 0xb4, 0x03, 0xa0, 0xd6, 0x15, 0xa1, 0xb3, 0x0a, 0x0b, 0x23, 0x83, 0x61, 0xa9, 0x86, 0xb9, 0xcc, 0x51, 0xa0, 0xb8, 0x7f, 0x9d, 0x51, 0x32, 0x85, 0xc3, 0x9f, 0x0c, 0x4e, 0x09, 0xc2, 0x83, 0x6f, 0x68, 0xe3, 0x7f, 0x48, 0xa3, 0xbe, 0xf0, 0xe4, 0xe4, 0xd3, 0x05, 0x9d, 0xf4, 0x60, 0xa0, [0m
[0;34m[1784656291.741] [10903:10905] [DMG] 					] (64 bytes)[0m
[0;34m[1784656291.741] [10903:10905] [DMG] 				},[0m
[0;34m[1784656291.741] [10903:10905] [DMG] 			},[0m
[0;34m[1784656291.741] [10903:10905] [DMG] 			[0m
[0;34m[1784656291.741] [10903:10905] [DMG] 		},[0m
[0;34m[1784656291.741] [10903:10905] [DMG] 		[0m
[0;34m[1784656291.741] [10903:10905] [DMG] 	],[0m
[0;34m[1784656291.741] [10903:10905] [DMG] 	[0m
[0;34m[1784656291.741] [10903:10905] [DMG] 	InteractionModelRevision = 12[0m
[0;34m[1784656291.741] [10903:10905] [DMG] },[0m
[0;32m[1784656291.741] [10903:10905] [DMG] Received Command Response Data, Endpoint=0 Cluster=0x0000_003E Command=0x0000_0005[0m
[0;32m[1784656291.741] [10903:10905] [TOO] Endpoint: 0 Cluster: 0x0000_003E Command 0x0000_0005[0m
[0;32m[1784656291.741] [10903:10905] [TOO]   CSRResponse: {[0m
[0;32m[1784656291.741] [10903:10905] [TOO]     NOCSRElements: 153001CC3081C93070020100300E310C300A060355040A0C034353523059301306072A8648CE3D020106082A8648CE3D03010703420004B98D4C00CEAE888B549D7180F19C425B50626114F140FB2CCC8A11556F09811FA7F27A0DBBFCCDDE3B03359F70A50DC43421809B3DBA85B8097E24493456BFC1A000300A06082A8648CE3D04030203490030460221008FEFC7D7F58CAD62EE55564F181C91C493EBD50EE66B947C304C3B04397020C5022100CCE6A36845CDF1CACD7C068ADF8D5B3F1A688FB9CFE3F20E54BC1DF5669DEECB3002202B894D63F635179D8C6C87EA58E8473B35E080DA411A56935AEE358E5FBD471718[0m
[0;32m[1784656291.741] [10903:10905] [TOO]     attestationSignature: DA893F35584B9EE3165056E4B74823191BB403A0D615A1B30A0B238361A986B9CC51A0B87F9D513285C39F0C4E09C2836F68E37F48A3BEF0E4E4D3059DF460A0[0m
[0;32m[1784656291.741] [10903:10905] [TOO]    }[0m
[0;34m[1784656291.741] [10903:10905] [DMG] ICR moving to [AwaitingDe][0m
[0;32m[1784656291.741] [10903:10905] [EM] <<< [E:44740i S:11534 M:71626083 (Ack:64067694)] (S) Msg TX from 000000000001B669 to 1:0000000000000001 [86FD] [UDP:[fe80::bfe:a203:38f0:bce7%enp0s3]:5540] --- Type 0000:10 (SecureChannel:StandaloneAck) (B:34)[0m
[0;34m[1784656291.742] [10903:10905] [EM] Flushed pending ack for MessageCounter:64067694 on exchange 44740i[0m
[0;34m[1784656291.742] [10903:10903] [CTL] Shutting down the commissioner[0m
[0;32m[1784656291.742] [10903:10903] [PAF] WiFiPAF: Closing all WiFiPAF sessions to shutdown[0m
[0;34m[1784656291.742] [10903:10903] [CTL] Shutting down the controller[0m
[0;34m[1784656291.742] [10903:10903] [IN] Expiring all sessions for fabric 0x1!![0m
[0;34m[1784656291.742] [10903:10903] [IN] SecureSession[0x737c10009cd0]: MarkForEviction Type:2 LSID:11534[0m
[0;32m[1784656291.742] [10903:10903] [SC] SecureSession[0x737c10009cd0, LSID:11534]: State change 'kActive' --> 'kPendingEviction'[0m
[0;34m[1784656291.742] [10903:10903] [IN] SecureSession[0x737c10009cd0]: Released - Type:2 LSID:11534[0m
[0;32m[1784656291.742] [10903:10903] [FP] Forgetting fabric 0x1[0m
[0;32m[1784656291.742] [10903:10903] [TS] Pending Last Known Good Time: 2023-10-14T01:16:48[0m
[0;32m[1784656291.742] [10903:10903] [TS] Previous Last Known Good Time: 2023-10-14T01:16:48[0m
[0;32m[1784656291.742] [10903:10903] [TS] Reverted Last Known Good Time to previous value[0m
[0;34m[1784656291.742] [10903:10903] [CTL] Shutting down the commissioner[0m
[0;32m[1784656291.742] [10903:10903] [PAF] WiFiPAF: Closing all WiFiPAF sessions to shutdown[0m
[0;34m[1784656291.742] [10903:10903] [CTL] Shutting down the controller[0m
[0;34m[1784656291.742] [10903:10903] [CTL] Shutting down the System State, this will teardown the CHIP Stack[0m
[0;34m[1784656291.742] [10903:10903] [DMG] All ReadHandler-s are clean, clear GlobalDirtySet[0m
[0;32m[1784656291.742] [10903:10903] [FP] Shutting down FabricTable[0m
[0;32m[1784656291.742] [10903:10903] [TS] Pending Last Known Good Time: 2023-10-14T01:16:48[0m
[0;32m[1784656291.742] [10903:10903] [TS] Previous Last Known Good Time: 2023-10-14T01:16:48[0m
[0;32m[1784656291.742] [10903:10903] [TS] Reverted Last Known Good Time to previous value[0m
[0;34m[1784656291.744] [10903:10903] [DL] Wrote settings to /tmp/chip_counters.ini[0m
[0;32m[1784656291.744] [10903:10903] [DL] NVS set: chip-counters/total-operational-hours = 0 (0x0)[0m
[0;32m[1784656291.744] [10903:10903] [DL] Inet Layer shutdown[0m
[0;32m[1784656291.744] [10903:10903] [DL] BLE Layer shutdown[0m
[0;32m[1784656291.744] [10903:10903] [DL] WiFi-PAF Layer shutdown[0m
[0;32m[1784656291.744] [10903:10903] [PAF] WiFiPAF: Closing all WiFiPAF sessions to shutdown[0m
[0;32m[1784656291.744] [10903:10903] [DL] System Layer shutdown[0m
