[0;34m[1784656292.153] [10916:10916] [DL] ChipLinuxStorage::Init: Using KVS config file: /tmp/chip_tool_kvs[0m
[1;31m[1784656292.155] [10916:10916] [DL] ChipLinuxStorage::Init: Attempt to re-initialize with KVS config file: /tmp/chip_kvs, IGNORING.[0m
[0;34m[1784656292.156] [10916:10916] [DL] ChipLinuxStorage::Init: Using KVS config file: /tmp/chip_factory.ini[0m
[0;34m[1784656292.156] [10916:10916] [DL] ChipLinuxStorage::Init: Using KVS config file: /tmp/chip_config.ini[0m
[0;34m[1784656292.156] [10916:10916] [DL] ChipLinuxStorage::Init: Using KVS config file: /tmp/chip_counters.ini[0m
[0;34m[1784656292.158] [10916:10916] [DL] Wrote settings to /tmp/chip_counters.ini[0m
[0;32m[1784656292.158] [10916:10916] [DL] NVS set: chip-counters/reboot-count = 6 (0x6)[0m
[0;32m[1784656292.159] [10916:10916] [DL] Got Ethernet interface: enp0s3[0m
[0;32m[1784656292.159] [10916:10916] [DL] Found the primary Ethernet interface:enp0s3[0m
[1;31m[1784656292.159] [10916:10916] [DL] Failed to get WiFi interface[0m
[1;31m[1784656292.159] [10916:10916] [DL] Failed to reset WiFi statistic counts[0m
[0;32m[1784656292.159] [10916:10916] [PAF] WiFiPAF: WiFiPAFLayer::Init()[0m
[0;34m[1784656292.159] [10916:10916] [IN] UDP::Init bind&listen port=0[0m
[0;34m[1784656292.159] [10916:10916] [IN] UDP::Init bound to port=59010[0m
[0;34m[1784656292.159] [10916:10916] [IN] UDP::Init bind&listen port=0[0m
[0;34m[1784656292.159] [10916:10916] [IN] UDP::Init bound to port=54827[0m
[0;34m[1784656292.159] [10916:10916] [IN] BLEBase::Init - setting/overriding transport[0m
[0;34m[1784656292.159] [10916:10916] [IN] WiFiPAFBase::Init - setting/overriding transport[0m
[0;34m[1784656292.159] [10916:10916] [IN] TransportMgr initialized[0m
[0;34m[1784656292.159] [10916:10916] [FP] Initializing FabricTable from persistent storage[0m
[0;32m[1784656292.159] [10916:10916] [TS] Last Known Good Time: 2023-10-14T01:16:48[0m
[0;32m[1784656292.159] [10916:10916] [FP] Fabric index 0x1 was retrieved from storage. Compressed FabricId 0x22B43CD3669E86FD, FabricId 0x0000000000000001, NodeId 0x000000000001B669, VendorId 0xFFF1[0m
[0;32m[1784656292.161] [10916:10916] [DMG] Ember attribute persistence requires setting up[0m
[0;32m[1784656292.161] [10916:10916] [ZCL] Using ZAP configuration...[0m
[0;34m[1784656292.161] [10916:10916] [CTL] System State Initialized...[0m
[0;32m[1784656292.161] [10916:10916] [CTL] Setting attestation nonce to random value[0m
[0;32m[1784656292.161] [10916:10916] [CTL] Setting CSR nonce to random value[0m
[0;34m[1784656292.161] [10916:10918] [DL] CHIP task running[0m
[0;32m[1784656292.161] [10916:10918] [CTL] Setting attestation nonce to random value[0m
[0;32m[1784656292.161] [10916:10918] [CTL] Setting CSR nonce to random value[0m
[0;32m[1784656292.161] [10916:10918] [CTL] Generating NOC[0m
[0;32m[1784656292.161] [10916:10918] [FP] Validating NOC chain[0m
[0;32m[1784656292.162] [10916:10918] [FP] NOC chain validation successful[0m
[0;32m[1784656292.162] [10916:10918] [FP] Updated fabric at index: 0x1, Node ID: 0x000000000001B669[0m
[0;32m[1784656292.162] [10916:10918] [TS] Last Known Good Time: 2023-10-14T01:16:48[0m
[0;32m[1784656292.162] [10916:10918] [TS] New proposed Last Known Good Time: 2021-01-01T00:00:00[0m
[0;32m[1784656292.162] [10916:10918] [TS] Retaining current Last Known Good Time[0m
[0;32m[1784656292.164] [10916:10918] [FP] Metadata for Fabric 0x1 persisted to storage.[0m
[0;32m[1784656292.165] [10916:10918] [TS] Committing Last Known Good Time to storage: 2023-10-14T01:16:48[0m
[0;32m[1784656292.166] [10916:10918] [CTL] Joined the fabric at index 1. Fabric ID is 0x0000000000000001 (Compressed Fabric ID: 22B43CD3669E86FD)[0m
[0;32m[1784656292.171] [10916:10918] [TOO] Sending command to node 0x1[0m
[0;34m[1784656292.171] [10916:10918] [CSM] FindOrEstablishSession: PeerId = [1:0000000000000001][0m
[0;34m[1784656292.171] [10916:10918] [CSM] FindOrEstablishSession: No existing OperationalSessionSetup instance found[0m
[0;34m[1784656292.171] [10916:10918] [DIS] OperationalSessionSetup[1:0000000000000001]: State change 1 --> 2[0m
[0;32m[1784656292.171] [10916:10918] [DIS] Lookup started for 22B43CD3669E86FD-0000000000000001[0m
[0;32m[1784656292.172] [10916:10918] [DIS] UDP:[fe80::bfe:a203:38f0:bce7%enp0s3]:5540: new best score: 7 (for 22B43CD3669E86FD-0000000000000001)[0m
[0;34m[1784656292.172] [10916:10918] [DIS] Lookup clearing interface for non LL address[0m
[0;32m[1784656292.172] [10916:10918] [DIS] UDP:10.0.2.15%enp0s3:5540: new best score: 2 (for 22B43CD3669E86FD-0000000000000001)[0m
[0;32m[1784656292.172] [10916:10918] [DIS] Checking node lookup status for 22B43CD3669E86FD-0000000000000001 after 1 ms[0m
[0;32m[1784656292.172] [10916:10918] [DIS] Keeping DNSSD lookup active[0m
[0;32m[1784656292.172] [10916:10918] [DIS] UDP:[fe80::bfe:a203:38f0:bce7%enp0s3]:5540: score has not improved: 7 (for 22B43CD3669E86FD-0000000000000001)[0m
[0;34m[1784656292.172] [10916:10918] [DIS] Lookup clearing interface for non LL address[0m
[0;32m[1784656292.172] [10916:10918] [DIS] UDP:10.0.2.15%enp0s3:5540: score has not improved: 2 (for 22B43CD3669E86FD-0000000000000001)[0m
[0;32m[1784656292.172] [10916:10918] [DIS] Checking node lookup status for 22B43CD3669E86FD-0000000000000001 after 1 ms[0m
[0;32m[1784656292.172] [10916:10918] [DIS] Keeping DNSSD lookup active[0m
[0;32m[1784656292.371] [10916:10918] [DIS] Checking node lookup status for 22B43CD3669E86FD-0000000000000001 after 200 ms[0m
[0;34m[1784656292.371] [10916:10918] [DIS] OperationalSessionSetup[1:0000000000000001]: Updating device address to UDP:[fe80::bfe:a203:38f0:bce7%enp0s3]:5540 while in state 2[0m
[0;34m[1784656292.371] [10916:10918] [DIS] OperationalSessionSetup[1:0000000000000001]: State change 2 --> 3[0m
[0;34m[1784656292.372] [10916:10918] [IN] SecureSession[0x7c7534009cd0]: Allocated Type:2 LSID:53488[0m
[0;32m[1784656292.372] [10916:10918] [SC] Initiating session on local FabricIndex 1 from 0x000000000001B669 -> 0x0000000000000001[0m
[0;32m[1784656292.372] [10916:10918] [EM] <<< [E:49701i S:0 M:167353072] (U) Msg TX from 02C9CBCFE5A35241 to 0:0000000000000000 [0000] [UDP:[fe80::bfe:a203:38f0:bce7%enp0s3]:5540] --- Type 0000:30 (SecureChannel:CASE_Sigma1) (B:196)[0m
[0;32m[1784656292.374] [10916:10918] [EM] ??1 [E:49701i S:0 M:167353072] (U) Msg Retransmission to 0:0000000000000000 scheduled for 671ms from now [State:Idle II:500 AI:300 AT:4000][0m
[0;32m[1784656292.374] [10916:10918] [SC] Sent Sigma1 msg to <0000000000000001, 1> [II:500ms AI:300ms AT:4000ms][0m
[0;34m[1784656292.374] [10916:10918] [DIS] OperationalSessionSetup[1:0000000000000001]: State change 3 --> 4[0m
[0;32m[1784656292.374] [10916:10918] [EM] >>> [E:49701i S:0 M:128407217 (Ack:167353072)] (U) Msg RX from 0:0000000000000000 [0000] to 02C9CBCFE5A35241 --- Type 0000:31 (SecureChannel:CASE_Sigma2) (B:751)[0m
[0;34m[1784656292.374] [10916:10918] [EM] Found matching exchange: 49701i, Delegate: 0x7c753400b8e8[0m
[0;34m[1784656292.374] [10916:10918] [EM] Rxd Ack; Removing MessageCounter:167353072 from Retrans Table on exchange 49701i[0m
[0;32m[1784656292.374] [10916:10918] [SC] Received Sigma2 msg[0m
[0;34m[1784656292.374] [10916:10918] [SC] Found MRP parameters in the message[0m
[0;34m[1784656292.375] [10916:10918] [SC] Peer <0000000000000001, 1> assigned session ID 20604[0m
[0;34m[1784656292.375] [10916:10918] [SC] Sending Sigma3[0m
[0;32m[1784656292.376] [10916:10918] [EM] <<< [E:49701i S:0 M:167353073 (Ack:128407217)] (U) Msg TX from 02C9CBCFE5A35241 to 0:0000000000000000 [0000] [UDP:[fe80::bfe:a203:38f0:bce7%enp0s3]:5540] --- Type 0000:32 (SecureChannel:CASE_Sigma3) (B:598)[0m
[0;32m[1784656292.376] [10916:10918] [EM] ??1 [E:49701i S:0 M:167353073] (U) Msg Retransmission to 0:0000000000000000 scheduled for 396ms from now [State:Active II:500 AI:300 AT:4000][0m
[0;32m[1784656292.376] [10916:10918] [SC] Sent Sigma3 msg[0m
[0;32m[1784656292.386] [10916:10918] [EM] >>> [E:49701i S:0 M:128407218 (Ack:167353073)] (U) Msg RX from 0:0000000000000000 [0000] to 02C9CBCFE5A35241 --- Type 0000:40 (SecureChannel:StatusReport) (B:34)[0m
[0;34m[1784656292.386] [10916:10918] [EM] Found matching exchange: 49701i, Delegate: 0x7c753400b8e8[0m
[0;34m[1784656292.386] [10916:10918] [EM] Rxd Ack; Removing MessageCounter:167353073 from Retrans Table on exchange 49701i[0m
[0;32m[1784656292.386] [10916:10918] [SC] Success status report received. Session was established[0m
[0;32m[1784656292.387] [10916:10918] [SC] SecureSession[0x7c7534009cd0, LSID:53488]: State change 'kEstablishing' --> 'kActive'[0m
[0;34m[1784656292.387] [10916:10918] [IN] SecureSession[0x7c7534009cd0]: Activated - Type:2 LSID:53488[0m
[0;34m[1784656292.387] [10916:10918] [IN] New secure session activated for device <0000000000000001, 1>, LSID:53488 PSID:20604![0m
[0;34m[1784656292.387] [10916:10918] [DIS] OperationalSessionSetup[1:0000000000000001]: State change 4 --> 5[0m
[0;32m[1784656292.387] [10916:10918] [TOO] Sending cluster (0x0000003E) command (0x00000007) on endpoint 0[0m
[0;34m[1784656292.387] [10916:10918] [DMG] ICR moving to [AddingComm][0m
[0;34m[1784656292.387] [10916:10918] [DMG] ICR moving to [AddedComma][0m
[0;32m[1784656292.387] [10916:10918] [EM] <<< [E:49702i S:53488 M:50704388] (S) Msg TX from 000000000001B669 to 1:0000000000000001 [86FD] [UDP:[fe80::bfe:a203:38f0:bce7%enp0s3]:5540] --- Type 0001:08 (IM:InvokeCommandRequest) (B:330)[0m
[0;32m[1784656292.388] [10916:10918] [EM] ??1 [E:49702i S:53488 M:50704388] (S) Msg Retransmission to 1:0000000000000001 scheduled for 370ms from now [State:Active II:500 AI:300 AT:4000][0m
[0;34m[1784656292.388] [10916:10918] [DMG] ICR moving to [AwaitingRe][0m
[0;32m[1784656292.388] [10916:10918] [EM] <<< [E:49701i S:0 M:167353074 (Ack:128407218)] (U) Msg TX from 02C9CBCFE5A35241 to 0:0000000000000000 [0000] [UDP:[fe80::bfe:a203:38f0:bce7%enp0s3]:5540] --- Type 0000:10 (SecureChannel:StandaloneAck) (B:26)[0m
[0;34m[1784656292.388] [10916:10918] [EM] Flushed pending ack for MessageCounter:128407218 on exchange 49701i[0m
[0;32m[1784656292.398] [10916:10918] [EM] >>> [E:49702i S:53488 M:105053671 (Ack:50704388)] (S) Msg RX from 1:0000000000000001 [86FD] to 000000000001B669 --- Type 0001:09 (IM:InvokeCommandResponse) (B:70)[0m
[0;34m[1784656292.398] [10916:10918] [EM] Found matching exchange: 49702i, Delegate: 0x7c753400eef8[0m
[0;34m[1784656292.398] [10916:10918] [EM] Rxd Ack; Removing MessageCounter:50704388 from Retrans Table on exchange 49702i[0m
[0;34m[1784656292.398] [10916:10918] [DMG] ICR moving to [ResponseRe][0m
[0;34m[1784656292.398] [10916:10918] [DMG] InvokeResponseMessage =[0m
[0;34m[1784656292.398] [10916:10918] [DMG] {[0m
[0;34m[1784656292.398] [10916:10918] [DMG] 	suppressResponse = false, [0m
[0;34m[1784656292.398] [10916:10918] [DMG] 	InvokeResponseIBs =[0m
[0;34m[1784656292.398] [10916:10918] [DMG] 	[[0m
[0;34m[1784656292.398] [10916:10918] [DMG] 		InvokeResponseIB =[0m
[0;34m[1784656292.398] [10916:10918] [DMG] 		{[0m
[0;34m[1784656292.398] [10916:10918] [DMG] 			CommandDataIB =[0m
[0;34m[1784656292.398] [10916:10918] [DMG] 			{[0m
[0;34m[1784656292.398] [10916:10918] [DMG] 				CommandPathIB =[0m
[0;34m[1784656292.398] [10916:10918] [DMG] 				{[0m
[0;34m[1784656292.398] [10916:10918] [DMG] 					EndpointId = 0x0,[0m
[0;34m[1784656292.398] [10916:10918] [DMG] 					ClusterId = 0x3e,[0m
[0;34m[1784656292.398] [10916:10918] [DMG] 					CommandId = 0x8,[0m
[0;34m[1784656292.398] [10916:10918] [DMG] 				},[0m
[0;34m[1784656292.398] [10916:10918] [DMG] 				[0m
[0;34m[1784656292.398] [10916:10918] [DMG] 				CommandFields = [0m
[0;34m[1784656292.398] [10916:10918] [DMG] 				{[0m
[0;34m[1784656292.398] [10916:10918] [DMG] 					0x0 = 0 (unsigned), [0m
[0;34m[1784656292.398] [10916:10918] [DMG] 					0x1 = 1 (unsigned), [0m
[0;34m[1784656292.398] [10916:10918] [DMG] 				},[0m
[0;34m[1784656292.398] [10916:10918] [DMG] 			},[0m
[0;34m[1784656292.398] [10916:10918] [DMG] 			[0m
[0;34m[1784656292.398] [10916:10918] [DMG] 		},[0m
[0;34m[1784656292.398] [10916:10918] [DMG] 		[0m
[0;34m[1784656292.398] [10916:10918] [DMG] 	],[0m
[0;34m[1784656292.398] [10916:10918] [DMG] 	[0m
[0;34m[1784656292.398] [10916:10918] [DMG] 	InteractionModelRevision = 12[0m
[0;34m[1784656292.398] [10916:10918] [DMG] },[0m
[0;32m[1784656292.399] [10916:10918] [DMG] Received Command Response Data, Endpoint=0 Cluster=0x0000_003E Command=0x0000_0008[0m
[0;32m[1784656292.399] [10916:10918] [TOO] Endpoint: 0 Cluster: 0x0000_003E Command 0x0000_0008[0m
[0;32m[1784656292.399] [10916:10918] [TOO]   NOCResponse: {[0m
[0;32m[1784656292.399] [10916:10918] [TOO]     statusCode: 0[0m
[0;32m[1784656292.399] [10916:10918] [TOO]     fabricIndex: 1[0m
[0;32m[1784656292.399] [10916:10918] [TOO]    }[0m
[0;34m[1784656292.399] [10916:10918] [DMG] ICR moving to [AwaitingDe][0m
[0;32m[1784656292.399] [10916:10918] [EM] <<< [E:49702i S:53488 M:50704389 (Ack:105053671)] (S) Msg TX from 000000000001B669 to 1:0000000000000001 [86FD] [UDP:[fe80::bfe:a203:38f0:bce7%enp0s3]:5540] --- Type 0000:10 (SecureChannel:StandaloneAck) (B:34)[0m
[0;34m[1784656292.399] [10916:10918] [EM] Flushed pending ack for MessageCounter:105053671 on exchange 49702i[0m
[0;34m[1784656292.399] [10916:10916] [CTL] Shutting down the commissioner[0m
[0;32m[1784656292.399] [10916:10916] [PAF] WiFiPAF: Closing all WiFiPAF sessions to shutdown[0m
[0;34m[1784656292.399] [10916:10916] [CTL] Shutting down the controller[0m
[0;34m[1784656292.399] [10916:10916] [IN] Expiring all sessions for fabric 0x1!![0m
[0;34m[1784656292.399] [10916:10916] [IN] SecureSession[0x7c7534009cd0]: MarkForEviction Type:2 LSID:53488[0m
[0;32m[1784656292.399] [10916:10916] [SC] SecureSession[0x7c7534009cd0, LSID:53488]: State change 'kActive' --> 'kPendingEviction'[0m
[0;34m[1784656292.399] [10916:10916] [IN] SecureSession[0x7c7534009cd0]: Released - Type:2 LSID:53488[0m
[0;32m[1784656292.399] [10916:10916] [FP] Forgetting fabric 0x1[0m
[0;32m[1784656292.399] [10916:10916] [TS] Pending Last Known Good Time: 2023-10-14T01:16:48[0m
[0;32m[1784656292.399] [10916:10916] [TS] Previous Last Known Good Time: 2023-10-14T01:16:48[0m
[0;32m[1784656292.399] [10916:10916] [TS] Reverted Last Known Good Time to previous value[0m
[0;34m[1784656292.399] [10916:10916] [CTL] Shutting down the commissioner[0m
[0;32m[1784656292.399] [10916:10916] [PAF] WiFiPAF: Closing all WiFiPAF sessions to shutdown[0m
[0;34m[1784656292.399] [10916:10916] [CTL] Shutting down the controller[0m
[0;34m[1784656292.399] [10916:10916] [CTL] Shutting down the System State, this will teardown the CHIP Stack[0m
[0;34m[1784656292.399] [10916:10916] [DMG] All ReadHandler-s are clean, clear GlobalDirtySet[0m
[0;32m[1784656292.399] [10916:10916] [FP] Shutting down FabricTable[0m
[0;32m[1784656292.399] [10916:10916] [TS] Pending Last Known Good Time: 2023-10-14T01:16:48[0m
[0;32m[1784656292.399] [10916:10916] [TS] Previous Last Known Good Time: 2023-10-14T01:16:48[0m
[0;32m[1784656292.399] [10916:10916] [TS] Reverted Last Known Good Time to previous value[0m
[0;34m[1784656292.401] [10916:10916] [DL] Wrote settings to /tmp/chip_counters.ini[0m
[0;32m[1784656292.401] [10916:10916] [DL] NVS set: chip-counters/total-operational-hours = 0 (0x0)[0m
[0;32m[1784656292.401] [10916:10916] [DL] Inet Layer shutdown[0m
[0;32m[1784656292.401] [10916:10916] [DL] BLE Layer shutdown[0m
[0;32m[1784656292.401] [10916:10916] [DL] WiFi-PAF Layer shutdown[0m
[0;32m[1784656292.401] [10916:10916] [PAF] WiFiPAF: Closing all WiFiPAF sessions to shutdown[0m
[0;32m[1784656292.401] [10916:10916] [DL] System Layer shutdown[0m
