[0;34m[1784656893.974] [13756:13756] [DL] ChipLinuxStorage::Init: Using KVS config file: /tmp/chip_tool_kvs[0m
[1;31m[1784656893.975] [13756:13756] [DL] ChipLinuxStorage::Init: Attempt to re-initialize with KVS config file: /tmp/chip_kvs, IGNORING.[0m
[0;34m[1784656893.976] [13756:13756] [DL] ChipLinuxStorage::Init: Using KVS config file: /tmp/chip_factory.ini[0m
[0;34m[1784656893.976] [13756:13756] [DL] ChipLinuxStorage::Init: Using KVS config file: /tmp/chip_config.ini[0m
[0;34m[1784656893.976] [13756:13756] [DL] ChipLinuxStorage::Init: Using KVS config file: /tmp/chip_counters.ini[0m
[0;34m[1784656893.979] [13756:13756] [DL] Wrote settings to /tmp/chip_counters.ini[0m
[0;32m[1784656893.979] [13756:13756] [DL] NVS set: chip-counters/reboot-count = 3 (0x3)[0m
[0;32m[1784656893.980] [13756:13756] [DL] Got Ethernet interface: enp0s3[0m
[0;32m[1784656893.980] [13756:13756] [DL] Found the primary Ethernet interface:enp0s3[0m
[1;31m[1784656893.980] [13756:13756] [DL] Failed to get WiFi interface[0m
[1;31m[1784656893.980] [13756:13756] [DL] Failed to reset WiFi statistic counts[0m
[0;32m[1784656893.980] [13756:13756] [PAF] WiFiPAF: WiFiPAFLayer::Init()[0m
[0;34m[1784656893.980] [13756:13756] [IN] UDP::Init bind&listen port=0[0m
[0;34m[1784656893.980] [13756:13756] [IN] UDP::Init bound to port=45098[0m
[0;34m[1784656893.980] [13756:13756] [IN] UDP::Init bind&listen port=0[0m
[0;34m[1784656893.980] [13756:13756] [IN] UDP::Init bound to port=50835[0m
[0;34m[1784656893.980] [13756:13756] [IN] BLEBase::Init - setting/overriding transport[0m
[0;34m[1784656893.980] [13756:13756] [IN] WiFiPAFBase::Init - setting/overriding transport[0m
[0;34m[1784656893.980] [13756:13756] [IN] TransportMgr initialized[0m
[0;34m[1784656893.980] [13756:13756] [FP] Initializing FabricTable from persistent storage[0m
[0;32m[1784656893.980] [13756:13756] [TS] Last Known Good Time: 2023-10-14T01:16:48[0m
[0;32m[1784656893.980] [13756:13756] [FP] Fabric index 0x1 was retrieved from storage. Compressed FabricId 0x8232F1D10384546B, FabricId 0x0000000000000001, NodeId 0x000000000001B669, VendorId 0xFFF1[0m
[0;32m[1784656893.981] [13756:13756] [DMG] Ember attribute persistence requires setting up[0m
[0;32m[1784656893.981] [13756:13756] [ZCL] Using ZAP configuration...[0m
[0;34m[1784656893.981] [13756:13756] [CTL] System State Initialized...[0m
[0;32m[1784656893.981] [13756:13756] [CTL] Setting attestation nonce to random value[0m
[0;32m[1784656893.981] [13756:13756] [CTL] Setting CSR nonce to random value[0m
[0;34m[1784656893.981] [13756:13758] [DL] CHIP task running[0m
[0;32m[1784656893.982] [13756:13758] [CTL] Setting attestation nonce to random value[0m
[0;32m[1784656893.982] [13756:13758] [CTL] Setting CSR nonce to random value[0m
[0;32m[1784656893.982] [13756:13758] [CTL] Generating NOC[0m
[0;32m[1784656893.982] [13756:13758] [FP] Validating NOC chain[0m
[0;32m[1784656893.982] [13756:13758] [FP] NOC chain validation successful[0m
[0;32m[1784656893.982] [13756:13758] [FP] Updated fabric at index: 0x1, Node ID: 0x000000000001B669[0m
[0;32m[1784656893.982] [13756:13758] [TS] Last Known Good Time: 2023-10-14T01:16:48[0m
[0;32m[1784656893.982] [13756:13758] [TS] New proposed Last Known Good Time: 2021-01-01T00:00:00[0m
[0;32m[1784656893.982] [13756:13758] [TS] Retaining current Last Known Good Time[0m
[0;32m[1784656893.985] [13756:13758] [FP] Metadata for Fabric 0x1 persisted to storage.[0m
[0;32m[1784656893.985] [13756:13758] [TS] Committing Last Known Good Time to storage: 2023-10-14T01:16:48[0m
[0;32m[1784656893.987] [13756:13758] [CTL] Joined the fabric at index 1. Fabric ID is 0x0000000000000001 (Compressed Fabric ID: 8232F1D10384546B)[0m
[0;32m[1784656893.992] [13756:13758] [TOO] Sending command to node 0x1[0m
[0;34m[1784656893.992] [13756:13758] [CSM] FindOrEstablishSession: PeerId = [1:0000000000000001][0m
[0;34m[1784656893.992] [13756:13758] [CSM] FindOrEstablishSession: No existing OperationalSessionSetup instance found[0m
[0;34m[1784656893.992] [13756:13758] [DIS] OperationalSessionSetup[1:0000000000000001]: State change 1 --> 2[0m
[0;32m[1784656893.993] [13756:13758] [DIS] Lookup started for 8232F1D10384546B-0000000000000001[0m
[0;32m[1784656893.993] [13756:13758] [DIS] UDP:[fe80::bfe:a203:38f0:bce7%enp0s3]:5540: new best score: 7 (for 8232F1D10384546B-0000000000000001)[0m
[0;34m[1784656893.993] [13756:13758] [DIS] Lookup clearing interface for non LL address[0m
[0;32m[1784656893.993] [13756:13758] [DIS] UDP:10.0.2.15%enp0s3:5540: new best score: 2 (for 8232F1D10384546B-0000000000000001)[0m
[0;32m[1784656893.993] [13756:13758] [DIS] Checking node lookup status for 8232F1D10384546B-0000000000000001 after 1 ms[0m
[0;32m[1784656893.993] [13756:13758] [DIS] Keeping DNSSD lookup active[0m
[0;32m[1784656893.993] [13756:13758] [DIS] UDP:[fe80::bfe:a203:38f0:bce7%enp0s3]:5540: score has not improved: 7 (for 8232F1D10384546B-0000000000000001)[0m
[0;34m[1784656893.993] [13756:13758] [DIS] Lookup clearing interface for non LL address[0m
[0;32m[1784656893.993] [13756:13758] [DIS] UDP:10.0.2.15%enp0s3:5540: score has not improved: 2 (for 8232F1D10384546B-0000000000000001)[0m
[0;32m[1784656893.993] [13756:13758] [DIS] Checking node lookup status for 8232F1D10384546B-0000000000000001 after 1 ms[0m
[0;32m[1784656893.993] [13756:13758] [DIS] Keeping DNSSD lookup active[0m
[0;32m[1784656894.197] [13756:13758] [DIS] Checking node lookup status for 8232F1D10384546B-0000000000000001 after 204 ms[0m
[0;34m[1784656894.197] [13756:13758] [DIS] OperationalSessionSetup[1:0000000000000001]: Updating device address to UDP:[fe80::bfe:a203:38f0:bce7%enp0s3]:5540 while in state 2[0m
[0;34m[1784656894.197] [13756:13758] [DIS] OperationalSessionSetup[1:0000000000000001]: State change 2 --> 3[0m
[0;34m[1784656894.197] [13756:13758] [IN] SecureSession[0x746990009cd0]: Allocated Type:2 LSID:15628[0m
[0;32m[1784656894.197] [13756:13758] [SC] Initiating session on local FabricIndex 1 from 0x000000000001B669 -> 0x0000000000000001[0m
[0;32m[1784656894.197] [13756:13758] [EM] <<< [E:17841i S:0 M:267354051] (U) Msg TX from 657DCE1FDEDD3F57 to 0:0000000000000000 [0000] [UDP:[fe80::bfe:a203:38f0:bce7%enp0s3]:5540] --- Type 0000:30 (SecureChannel:CASE_Sigma1) (B:196)[0m
[0;32m[1784656894.198] [13756:13758] [EM] ??1 [E:17841i S:0 M:267354051] (U) Msg Retransmission to 0:0000000000000000 scheduled for 639ms from now [State:Idle II:500 AI:300 AT:4000][0m
[0;32m[1784656894.198] [13756:13758] [SC] Sent Sigma1 msg to <0000000000000001, 1> [II:500ms AI:300ms AT:4000ms][0m
[0;34m[1784656894.198] [13756:13758] [DIS] OperationalSessionSetup[1:0000000000000001]: State change 3 --> 4[0m
[0;32m[1784656894.199] [13756:13758] [EM] >>> [E:17841i S:0 M:77056700 (Ack:267354051)] (U) Msg RX from 0:0000000000000000 [0000] to 657DCE1FDEDD3F57 --- Type 0000:31 (SecureChannel:CASE_Sigma2) (B:751)[0m
[0;34m[1784656894.199] [13756:13758] [EM] Found matching exchange: 17841i, Delegate: 0x74699000b8e8[0m
[0;34m[1784656894.199] [13756:13758] [EM] Rxd Ack; Removing MessageCounter:267354051 from Retrans Table on exchange 17841i[0m
[0;32m[1784656894.199] [13756:13758] [SC] Received Sigma2 msg[0m
[0;34m[1784656894.199] [13756:13758] [SC] Found MRP parameters in the message[0m
[0;34m[1784656894.200] [13756:13758] [SC] Peer <0000000000000001, 1> assigned session ID 24385[0m
[0;34m[1784656894.200] [13756:13758] [SC] Sending Sigma3[0m
[0;32m[1784656894.200] [13756:13758] [EM] <<< [E:17841i S:0 M:267354052 (Ack:77056700)] (U) Msg TX from 657DCE1FDEDD3F57 to 0:0000000000000000 [0000] [UDP:[fe80::bfe:a203:38f0:bce7%enp0s3]:5540] --- Type 0000:32 (SecureChannel:CASE_Sigma3) (B:598)[0m
[0;32m[1784656894.200] [13756:13758] [EM] ??1 [E:17841i S:0 M:267354052] (U) Msg Retransmission to 0:0000000000000000 scheduled for 409ms from now [State:Active II:500 AI:300 AT:4000][0m
[0;32m[1784656894.200] [13756:13758] [SC] Sent Sigma3 msg[0m
[0;32m[1784656894.210] [13756:13758] [EM] >>> [E:17841i S:0 M:77056701 (Ack:267354052)] (U) Msg RX from 0:0000000000000000 [0000] to 657DCE1FDEDD3F57 --- Type 0000:40 (SecureChannel:StatusReport) (B:34)[0m
[0;34m[1784656894.210] [13756:13758] [EM] Found matching exchange: 17841i, Delegate: 0x74699000b8e8[0m
[0;34m[1784656894.210] [13756:13758] [EM] Rxd Ack; Removing MessageCounter:267354052 from Retrans Table on exchange 17841i[0m
[0;32m[1784656894.210] [13756:13758] [SC] Success status report received. Session was established[0m
[0;32m[1784656894.212] [13756:13758] [SC] SecureSession[0x746990009cd0, LSID:15628]: State change 'kEstablishing' --> 'kActive'[0m
[0;34m[1784656894.212] [13756:13758] [IN] SecureSession[0x746990009cd0]: Activated - Type:2 LSID:15628[0m
[0;34m[1784656894.212] [13756:13758] [IN] New secure session activated for device <0000000000000001, 1>, LSID:15628 PSID:24385![0m
[0;34m[1784656894.212] [13756:13758] [DIS] OperationalSessionSetup[1:0000000000000001]: State change 4 --> 5[0m
[0;32m[1784656894.213] [13756:13758] [TOO] Sending cluster (0x00000030) command (0x00000000) on endpoint 0[0m
[0;34m[1784656894.213] [13756:13758] [DMG] ICR moving to [AddingComm][0m
[0;34m[1784656894.213] [13756:13758] [DMG] ICR moving to [AddedComma][0m
[0;32m[1784656894.213] [13756:13758] [EM] <<< [E:17842i S:15628 M:44734267] (S) Msg TX from 000000000001B669 to 1:0000000000000001 [546B] [UDP:[fe80::bfe:a203:38f0:bce7%enp0s3]:5540] --- Type 0001:08 (IM:InvokeCommandRequest) (B:65)[0m
[0;32m[1784656894.213] [13756:13758] [EM] ??1 [E:17842i S:15628 M:44734267] (S) Msg Retransmission to 1:0000000000000001 scheduled for 370ms from now [State:Active II:500 AI:300 AT:4000][0m
[0;34m[1784656894.213] [13756:13758] [DMG] ICR moving to [AwaitingRe][0m
[0;32m[1784656894.213] [13756:13758] [EM] <<< [E:17841i S:0 M:267354053 (Ack:77056701)] (U) Msg TX from 657DCE1FDEDD3F57 to 0:0000000000000000 [0000] [UDP:[fe80::bfe:a203:38f0:bce7%enp0s3]:5540] --- Type 0000:10 (SecureChannel:StandaloneAck) (B:26)[0m
[0;34m[1784656894.213] [13756:13758] [EM] Flushed pending ack for MessageCounter:77056701 on exchange 17841i[0m
[0;32m[1784656894.213] [13756:13758] [EM] >>> [E:17842i S:15628 M:229464790 (Ack:44734267)] (S) Msg RX from 1:0000000000000001 [546B] to 000000000001B669 --- Type 0001:09 (IM:InvokeCommandResponse) (B:70)[0m
[0;34m[1784656894.213] [13756:13758] [EM] Found matching exchange: 17842i, Delegate: 0x74699000eef8[0m
[0;34m[1784656894.213] [13756:13758] [EM] Rxd Ack; Removing MessageCounter:44734267 from Retrans Table on exchange 17842i[0m
[0;34m[1784656894.213] [13756:13758] [DMG] ICR moving to [ResponseRe][0m
[0;34m[1784656894.213] [13756:13758] [DMG] InvokeResponseMessage =[0m
[0;34m[1784656894.213] [13756:13758] [DMG] {[0m
[0;34m[1784656894.213] [13756:13758] [DMG] 	suppressResponse = false, [0m
[0;34m[1784656894.213] [13756:13758] [DMG] 	InvokeResponseIBs =[0m
[0;34m[1784656894.213] [13756:13758] [DMG] 	[[0m
[0;34m[1784656894.213] [13756:13758] [DMG] 		InvokeResponseIB =[0m
[0;34m[1784656894.213] [13756:13758] [DMG] 		{[0m
[0;34m[1784656894.213] [13756:13758] [DMG] 			CommandDataIB =[0m
[0;34m[1784656894.213] [13756:13758] [DMG] 			{[0m
[0;34m[1784656894.213] [13756:13758] [DMG] 				CommandPathIB =[0m
[0;34m[1784656894.213] [13756:13758] [DMG] 				{[0m
[0;34m[1784656894.213] [13756:13758] [DMG] 					EndpointId = 0x0,[0m
[0;34m[1784656894.213] [13756:13758] [DMG] 					ClusterId = 0x30,[0m
[0;34m[1784656894.213] [13756:13758] [DMG] 					CommandId = 0x1,[0m
[0;34m[1784656894.213] [13756:13758] [DMG] 				},[0m
[0;34m[1784656894.213] [13756:13758] [DMG] 				[0m
[0;34m[1784656894.213] [13756:13758] [DMG] 				CommandFields = [0m
[0;34m[1784656894.213] [13756:13758] [DMG] 				{[0m
[0;34m[1784656894.213] [13756:13758] [DMG] 					0x0 = 0 (unsigned), [0m
[0;34m[1784656894.213] [13756:13758] [DMG] 					0x1 = "" (0 chars), [0m
[0;34m[1784656894.213] [13756:13758] [DMG] 				},[0m
[0;34m[1784656894.213] [13756:13758] [DMG] 			},[0m
[0;34m[1784656894.213] [13756:13758] [DMG] 			[0m
[0;34m[1784656894.213] [13756:13758] [DMG] 		},[0m
[0;34m[1784656894.213] [13756:13758] [DMG] 		[0m
[0;34m[1784656894.213] [13756:13758] [DMG] 	],[0m
[0;34m[1784656894.213] [13756:13758] [DMG] 	[0m
[0;34m[1784656894.213] [13756:13758] [DMG] 	InteractionModelRevision = 12[0m
[0;34m[1784656894.213] [13756:13758] [DMG] },[0m
[0;32m[1784656894.213] [13756:13758] [DMG] Received Command Response Data, Endpoint=0 Cluster=0x0000_0030 Command=0x0000_0001[0m
[0;32m[1784656894.213] [13756:13758] [TOO] Endpoint: 0 Cluster: 0x0000_0030 Command 0x0000_0001[0m
[0;32m[1784656894.213] [13756:13758] [TOO]   ArmFailSafeResponse: {[0m
[0;32m[1784656894.213] [13756:13758] [TOO]     errorCode: 0[0m
[0;32m[1784656894.213] [13756:13758] [TOO]     debugText: [0m
[0;32m[1784656894.213] [13756:13758] [TOO]    }[0m
[0;34m[1784656894.213] [13756:13758] [DMG] ICR moving to [AwaitingDe][0m
[0;32m[1784656894.213] [13756:13758] [EM] <<< [E:17842i S:15628 M:44734268 (Ack:229464790)] (S) Msg TX from 000000000001B669 to 1:0000000000000001 [546B] [UDP:[fe80::bfe:a203:38f0:bce7%enp0s3]:5540] --- Type 0000:10 (SecureChannel:StandaloneAck) (B:34)[0m
[0;34m[1784656894.213] [13756:13758] [EM] Flushed pending ack for MessageCounter:229464790 on exchange 17842i[0m
[0;34m[1784656894.213] [13756:13756] [CTL] Shutting down the commissioner[0m
[0;32m[1784656894.213] [13756:13756] [PAF] WiFiPAF: Closing all WiFiPAF sessions to shutdown[0m
[0;34m[1784656894.213] [13756:13756] [CTL] Shutting down the controller[0m
[0;34m[1784656894.213] [13756:13756] [IN] Expiring all sessions for fabric 0x1!![0m
[0;34m[1784656894.213] [13756:13756] [IN] SecureSession[0x746990009cd0]: MarkForEviction Type:2 LSID:15628[0m
[0;32m[1784656894.213] [13756:13756] [SC] SecureSession[0x746990009cd0, LSID:15628]: State change 'kActive' --> 'kPendingEviction'[0m
[0;34m[1784656894.213] [13756:13756] [IN] SecureSession[0x746990009cd0]: Released - Type:2 LSID:15628[0m
[0;32m[1784656894.213] [13756:13756] [FP] Forgetting fabric 0x1[0m
[0;32m[1784656894.213] [13756:13756] [TS] Pending Last Known Good Time: 2023-10-14T01:16:48[0m
[0;32m[1784656894.213] [13756:13756] [TS] Previous Last Known Good Time: 2023-10-14T01:16:48[0m
[0;32m[1784656894.213] [13756:13756] [TS] Reverted Last Known Good Time to previous value[0m
[0;34m[1784656894.213] [13756:13756] [CTL] Shutting down the commissioner[0m
[0;32m[1784656894.213] [13756:13756] [PAF] WiFiPAF: Closing all WiFiPAF sessions to shutdown[0m
[0;34m[1784656894.213] [13756:13756] [CTL] Shutting down the controller[0m
[0;34m[1784656894.213] [13756:13756] [CTL] Shutting down the System State, this will teardown the CHIP Stack[0m
[0;34m[1784656894.213] [13756:13756] [DMG] All ReadHandler-s are clean, clear GlobalDirtySet[0m
[0;32m[1784656894.213] [13756:13756] [FP] Shutting down FabricTable[0m
[0;32m[1784656894.213] [13756:13756] [TS] Pending Last Known Good Time: 2023-10-14T01:16:48[0m
[0;32m[1784656894.213] [13756:13756] [TS] Previous Last Known Good Time: 2023-10-14T01:16:48[0m
[0;32m[1784656894.213] [13756:13756] [TS] Reverted Last Known Good Time to previous value[0m
[0;34m[1784656894.216] [13756:13756] [DL] Wrote settings to /tmp/chip_counters.ini[0m
[0;32m[1784656894.216] [13756:13756] [DL] NVS set: chip-counters/total-operational-hours = 0 (0x0)[0m
[0;32m[1784656894.216] [13756:13756] [DL] Inet Layer shutdown[0m
[0;32m[1784656894.216] [13756:13756] [DL] BLE Layer shutdown[0m
[0;32m[1784656894.216] [13756:13756] [DL] WiFi-PAF Layer shutdown[0m
[0;32m[1784656894.216] [13756:13756] [PAF] WiFiPAF: Closing all WiFiPAF sessions to shutdown[0m
[0;32m[1784656894.216] [13756:13756] [DL] System Layer shutdown[0m
