[0;34m[1784656894.270] [13760:13760] [DL] ChipLinuxStorage::Init: Using KVS config file: /tmp/chip_tool_kvs[0m
[1;31m[1784656894.270] [13760:13760] [DL] ChipLinuxStorage::Init: Attempt to re-initialize with KVS config file: /tmp/chip_kvs, IGNORING.[0m
[0;34m[1784656894.272] [13760:13760] [DL] ChipLinuxStorage::Init: Using KVS config file: /tmp/chip_factory.ini[0m
[0;34m[1784656894.272] [13760:13760] [DL] ChipLinuxStorage::Init: Using KVS config file: /tmp/chip_config.ini[0m
[0;34m[1784656894.272] [13760:13760] [DL] ChipLinuxStorage::Init: Using KVS config file: /tmp/chip_counters.ini[0m
[0;34m[1784656894.276] [13760:13760] [DL] Wrote settings to /tmp/chip_counters.ini[0m
[0;32m[1784656894.276] [13760:13760] [DL] NVS set: chip-counters/reboot-count = 4 (0x4)[0m
[0;32m[1784656894.276] [13760:13760] [DL] Got Ethernet interface: enp0s3[0m
[0;32m[1784656894.276] [13760:13760] [DL] Found the primary Ethernet interface:enp0s3[0m
[1;31m[1784656894.276] [13760:13760] [DL] Failed to get WiFi interface[0m
[1;31m[1784656894.276] [13760:13760] [DL] Failed to reset WiFi statistic counts[0m
[0;32m[1784656894.276] [13760:13760] [PAF] WiFiPAF: WiFiPAFLayer::Init()[0m
[0;34m[1784656894.276] [13760:13760] [IN] UDP::Init bind&listen port=0[0m
[0;34m[1784656894.276] [13760:13760] [IN] UDP::Init bound to port=35809[0m
[0;34m[1784656894.276] [13760:13760] [IN] UDP::Init bind&listen port=0[0m
[0;34m[1784656894.276] [13760:13760] [IN] UDP::Init bound to port=54901[0m
[0;34m[1784656894.276] [13760:13760] [IN] BLEBase::Init - setting/overriding transport[0m
[0;34m[1784656894.276] [13760:13760] [IN] WiFiPAFBase::Init - setting/overriding transport[0m
[0;34m[1784656894.276] [13760:13760] [IN] TransportMgr initialized[0m
[0;34m[1784656894.276] [13760:13760] [FP] Initializing FabricTable from persistent storage[0m
[0;32m[1784656894.276] [13760:13760] [TS] Last Known Good Time: 2023-10-14T01:16:48[0m
[0;32m[1784656894.277] [13760:13760] [FP] Fabric index 0x1 was retrieved from storage. Compressed FabricId 0x8232F1D10384546B, FabricId 0x0000000000000001, NodeId 0x000000000001B669, VendorId 0xFFF1[0m
[0;32m[1784656894.278] [13760:13760] [DMG] Ember attribute persistence requires setting up[0m
[0;32m[1784656894.278] [13760:13760] [ZCL] Using ZAP configuration...[0m
[0;34m[1784656894.278] [13760:13760] [CTL] System State Initialized...[0m
[0;32m[1784656894.278] [13760:13760] [CTL] Setting attestation nonce to random value[0m
[0;32m[1784656894.278] [13760:13760] [CTL] Setting CSR nonce to random value[0m
[0;34m[1784656894.278] [13760:13762] [DL] CHIP task running[0m
[0;32m[1784656894.278] [13760:13762] [CTL] Setting attestation nonce to random value[0m
[0;32m[1784656894.278] [13760:13762] [CTL] Setting CSR nonce to random value[0m
[0;32m[1784656894.279] [13760:13762] [CTL] Generating NOC[0m
[0;32m[1784656894.279] [13760:13762] [FP] Validating NOC chain[0m
[0;32m[1784656894.279] [13760:13762] [FP] NOC chain validation successful[0m
[0;32m[1784656894.279] [13760:13762] [FP] Updated fabric at index: 0x1, Node ID: 0x000000000001B669[0m
[0;32m[1784656894.279] [13760:13762] [TS] Last Known Good Time: 2023-10-14T01:16:48[0m
[0;32m[1784656894.279] [13760:13762] [TS] New proposed Last Known Good Time: 2021-01-01T00:00:00[0m
[0;32m[1784656894.279] [13760:13762] [TS] Retaining current Last Known Good Time[0m
[0;32m[1784656894.281] [13760:13762] [FP] Metadata for Fabric 0x1 persisted to storage.[0m
[0;32m[1784656894.283] [13760:13762] [TS] Committing Last Known Good Time to storage: 2023-10-14T01:16:48[0m
[0;32m[1784656894.283] [13760:13762] [CTL] Joined the fabric at index 1. Fabric ID is 0x0000000000000001 (Compressed Fabric ID: 8232F1D10384546B)[0m
[0;32m[1784656894.289] [13760:13762] [TOO] Sending command to node 0x1[0m
[0;34m[1784656894.289] [13760:13762] [CSM] FindOrEstablishSession: PeerId = [1:0000000000000001][0m
[0;34m[1784656894.289] [13760:13762] [CSM] FindOrEstablishSession: No existing OperationalSessionSetup instance found[0m
[0;34m[1784656894.289] [13760:13762] [DIS] OperationalSessionSetup[1:0000000000000001]: State change 1 --> 2[0m
[0;32m[1784656894.290] [13760:13762] [DIS] Lookup started for 8232F1D10384546B-0000000000000001[0m
[0;32m[1784656894.290] [13760:13762] [DIS] UDP:[fe80::bfe:a203:38f0:bce7%enp0s3]:5540: new best score: 7 (for 8232F1D10384546B-0000000000000001)[0m
[0;34m[1784656894.290] [13760:13762] [DIS] Lookup clearing interface for non LL address[0m
[0;32m[1784656894.290] [13760:13762] [DIS] UDP:10.0.2.15%enp0s3:5540: new best score: 2 (for 8232F1D10384546B-0000000000000001)[0m
[0;32m[1784656894.290] [13760:13762] [DIS] Checking node lookup status for 8232F1D10384546B-0000000000000001 after 1 ms[0m
[0;32m[1784656894.290] [13760:13762] [DIS] Keeping DNSSD lookup active[0m
[0;32m[1784656894.290] [13760:13762] [DIS] UDP:[fe80::bfe:a203:38f0:bce7%enp0s3]:5540: score has not improved: 7 (for 8232F1D10384546B-0000000000000001)[0m
[0;34m[1784656894.290] [13760:13762] [DIS] Lookup clearing interface for non LL address[0m
[0;32m[1784656894.290] [13760:13762] [DIS] UDP:10.0.2.15%enp0s3:5540: score has not improved: 2 (for 8232F1D10384546B-0000000000000001)[0m
[0;32m[1784656894.290] [13760:13762] [DIS] Checking node lookup status for 8232F1D10384546B-0000000000000001 after 1 ms[0m
[0;32m[1784656894.290] [13760:13762] [DIS] Keeping DNSSD lookup active[0m
[0;32m[1784656894.490] [13760:13762] [DIS] Checking node lookup status for 8232F1D10384546B-0000000000000001 after 201 ms[0m
[0;34m[1784656894.490] [13760:13762] [DIS] OperationalSessionSetup[1:0000000000000001]: Updating device address to UDP:[fe80::bfe:a203:38f0:bce7%enp0s3]:5540 while in state 2[0m
[0;34m[1784656894.490] [13760:13762] [DIS] OperationalSessionSetup[1:0000000000000001]: State change 2 --> 3[0m
[0;34m[1784656894.490] [13760:13762] [IN] SecureSession[0x7ff9a8009cd0]: Allocated Type:2 LSID:32933[0m
[0;32m[1784656894.490] [13760:13762] [SC] Initiating session on local FabricIndex 1 from 0x000000000001B669 -> 0x0000000000000001[0m
[0;32m[1784656894.491] [13760:13762] [EM] <<< [E:7331i S:0 M:75168584] (U) Msg TX from 84C940D946F34292 to 0:0000000000000000 [0000] [UDP:[fe80::bfe:a203:38f0:bce7%enp0s3]:5540] --- Type 0000:30 (SecureChannel:CASE_Sigma1) (B:196)[0m
[0;32m[1784656894.491] [13760:13762] [EM] ??1 [E:7331i S:0 M:75168584] (U) Msg Retransmission to 0:0000000000000000 scheduled for 587ms from now [State:Idle II:500 AI:300 AT:4000][0m
[0;32m[1784656894.491] [13760:13762] [SC] Sent Sigma1 msg to <0000000000000001, 1> [II:500ms AI:300ms AT:4000ms][0m
[0;34m[1784656894.491] [13760:13762] [DIS] OperationalSessionSetup[1:0000000000000001]: State change 3 --> 4[0m
[0;32m[1784656894.495] [13760:13762] [EM] >>> [E:7331i S:0 M:77056702 (Ack:75168584)] (U) Msg RX from 0:0000000000000000 [0000] to 84C940D946F34292 --- Type 0000:31 (SecureChannel:CASE_Sigma2) (B:751)[0m
[0;34m[1784656894.495] [13760:13762] [EM] Found matching exchange: 7331i, Delegate: 0x7ff9a800b8e8[0m
[0;34m[1784656894.495] [13760:13762] [EM] Rxd Ack; Removing MessageCounter:75168584 from Retrans Table on exchange 7331i[0m
[0;32m[1784656894.495] [13760:13762] [SC] Received Sigma2 msg[0m
[0;34m[1784656894.495] [13760:13762] [SC] Found MRP parameters in the message[0m
[0;34m[1784656894.496] [13760:13762] [SC] Peer <0000000000000001, 1> assigned session ID 24386[0m
[0;34m[1784656894.496] [13760:13762] [SC] Sending Sigma3[0m
[0;32m[1784656894.496] [13760:13762] [EM] <<< [E:7331i S:0 M:75168585 (Ack:77056702)] (U) Msg TX from 84C940D946F34292 to 0:0000000000000000 [0000] [UDP:[fe80::bfe:a203:38f0:bce7%enp0s3]:5540] --- Type 0000:32 (SecureChannel:CASE_Sigma3) (B:598)[0m
[0;32m[1784656894.497] [13760:13762] [EM] ??1 [E:7331i S:0 M:75168585] (U) Msg Retransmission to 0:0000000000000000 scheduled for 357ms from now [State:Active II:500 AI:300 AT:4000][0m
[0;32m[1784656894.497] [13760:13762] [SC] Sent Sigma3 msg[0m
[0;32m[1784656894.532] [13760:13762] [EM] >>> [E:7331i S:0 M:77056703 (Ack:75168585)] (U) Msg RX from 0:0000000000000000 [0000] to 84C940D946F34292 --- Type 0000:40 (SecureChannel:StatusReport) (B:34)[0m
[0;34m[1784656894.532] [13760:13762] [EM] Found matching exchange: 7331i, Delegate: 0x7ff9a800b8e8[0m
[0;34m[1784656894.532] [13760:13762] [EM] Rxd Ack; Removing MessageCounter:75168585 from Retrans Table on exchange 7331i[0m
[0;32m[1784656894.532] [13760:13762] [SC] Success status report received. Session was established[0m
[0;32m[1784656894.533] [13760:13762] [SC] SecureSession[0x7ff9a8009cd0, LSID:32933]: State change 'kEstablishing' --> 'kActive'[0m
[0;34m[1784656894.533] [13760:13762] [IN] SecureSession[0x7ff9a8009cd0]: Activated - Type:2 LSID:32933[0m
[0;34m[1784656894.533] [13760:13762] [IN] New secure session activated for device <0000000000000001, 1>, LSID:32933 PSID:24386![0m
[0;34m[1784656894.533] [13760:13762] [DIS] OperationalSessionSetup[1:0000000000000001]: State change 4 --> 5[0m
[0;32m[1784656894.533] [13760:13762] [TOO] Sending cluster (0x0000003E) command (0x00000004) on endpoint 0[0m
[0;34m[1784656894.533] [13760:13762] [DMG] ICR moving to [AddingComm][0m
[0;34m[1784656894.534] [13760:13762] [DMG] ICR moving to [AddedComma][0m
[0;32m[1784656894.534] [13760:13762] [EM] <<< [E:7332i S:32933 M:20943817] (S) Msg TX from 000000000001B669 to 1:0000000000000001 [546B] [UDP:[fe80::bfe:a203:38f0:bce7%enp0s3]:5540] --- Type 0001:08 (IM:InvokeCommandRequest) (B:96)[0m
[0;32m[1784656894.534] [13760:13762] [EM] ??1 [E:7332i S:32933 M:20943817] (S) Msg Retransmission to 1:0000000000000001 scheduled for 394ms from now [State:Active II:500 AI:300 AT:4000][0m
[0;34m[1784656894.534] [13760:13762] [DMG] ICR moving to [AwaitingRe][0m
[0;32m[1784656894.534] [13760:13762] [EM] <<< [E:7331i S:0 M:75168586 (Ack:77056703)] (U) Msg TX from 84C940D946F34292 to 0:0000000000000000 [0000] [UDP:[fe80::bfe:a203:38f0:bce7%enp0s3]:5540] --- Type 0000:10 (SecureChannel:StandaloneAck) (B:26)[0m
[0;34m[1784656894.534] [13760:13762] [EM] Flushed pending ack for MessageCounter:77056703 on exchange 7331i[0m
[0;32m[1784656894.534] [13760:13762] [EM] >>> [E:7332i S:32933 M:43530270 (Ack:20943817)] (S) Msg RX from 1:0000000000000001 [546B] to 000000000001B669 --- Type 0001:09 (IM:InvokeCommandResponse) (B:378)[0m
[0;34m[1784656894.534] [13760:13762] [EM] Found matching exchange: 7332i, Delegate: 0x7ff9a800eef8[0m
[0;34m[1784656894.534] [13760:13762] [EM] Rxd Ack; Removing MessageCounter:20943817 from Retrans Table on exchange 7332i[0m
[0;34m[1784656894.534] [13760:13762] [DMG] ICR moving to [ResponseRe][0m
[0;34m[1784656894.534] [13760:13762] [DMG] InvokeResponseMessage =[0m
[0;34m[1784656894.534] [13760:13762] [DMG] {[0m
[0;34m[1784656894.534] [13760:13762] [DMG] 	suppressResponse = false, [0m
[0;34m[1784656894.534] [13760:13762] [DMG] 	InvokeResponseIBs =[0m
[0;34m[1784656894.534] [13760:13762] [DMG] 	[[0m
[0;34m[1784656894.534] [13760:13762] [DMG] 		InvokeResponseIB =[0m
[0;34m[1784656894.534] [13760:13762] [DMG] 		{[0m
[0;34m[1784656894.534] [13760:13762] [DMG] 			CommandDataIB =[0m
[0;34m[1784656894.534] [13760:13762] [DMG] 			{[0m
[0;34m[1784656894.534] [13760:13762] [DMG] 				CommandPathIB =[0m
[0;34m[1784656894.534] [13760:13762] [DMG] 				{[0m
[0;34m[1784656894.534] [13760:13762] [DMG] 					EndpointId = 0x0,[0m
[0;34m[1784656894.534] [13760:13762] [DMG] 					ClusterId = 0x3e,[0m
[0;34m[1784656894.534] [13760:13762] [DMG] 					CommandId = 0x5,[0m
[0;34m[1784656894.534] [13760:13762] [DMG] 				},[0m
[0;34m[1784656894.534] [13760:13762] [DMG] 				[0m
[0;34m[1784656894.534] [13760:13762] [DMG] 				CommandFields = [0m
[0;34m[1784656894.534] [13760:13762] [DMG] 				{[0m
[0;34m[1784656894.534] [13760:13762] [DMG] 					0x0 = [[0m
[0;34m[1784656894.534] [13760:13762] [DMG] 							0x15, 0x30, 0x01, 0xcc, 0x30, 0x81, 0xc9, 0x30, 0x70, 0x02, 0x01, 0x00, 0x30, 0x0e, 0x31, 0x0c, 0x30, 0x0a, 0x06, 0x03, 0x55, 0x04, 0x0a, 0x0c, 0x03, 0x43, 0x53, 0x52, 0x30, 0x59, 0x30, 0x13, 0x06, 0x07, 0x2a, 0x86, 0x48, 0xce, 0x3d, 0x02, 0x01, 0x06, 0x08, 0x2a, 0x86, 0x48, 0xce, 0x3d, 0x03, 0x01, 0x07, 0x03, 0x42, 0x00, 0x04, 0xf6, 0x8b, 0x28, 0xd3, 0xac, 0xae, 0xa8, 0xba, 0x5a, 0x35, 0x1a, 0x2a, 0xd4, 0xf2, 0x02, 0x6f, 0x3c, 0xf2, 0xbe, 0x4d, 0x32, 0x4d, 0x1e, 0x8a, 0xf6, 0x15, 0xea, 0xa8, 0x09, 0xfb, 0x27, 0x2c, 0xe4, 0x1f, 0xb1, 0xc9, 0xa4, 0x46, 0xee, 0x0e, 0xc8, 0x58, 0xe2, 0xc3, 0x15, 0x9f, 0xe9, 0xdc, 0x8e, 0x53, 0xd2, 0x86, 0x70, 0xa1, 0xd6, 0x77, 0x46, 0xe6, 0xef, 0x04, 0xcd, 0x23, 0x8f, 0xaa, 0xa0, 0x00, 0x30, 0x0a, 0x06, 0x08, 0x2a, 0x86, 0x48, 0xce, 0x3d, 0x04, 0x03, 0x02, 0x03, 0x49, 0x00, 0x30, 0x46, 0x02, 0x21, 0x00, 0x81, 0x7e, 0x0c, 0x5f, 0x7a, 0x20, 0xbe, 0x3d, 0xc6, 0x97, 0x9d, 0xaf, 0x3d, 0x2f, 0x3c, 0x21, 0x7a, 0x68, 0xec, 0xbf, 0xb5, 0xe2, 0x06, 0xb7, 0xa0, 0xfb, 0xfb, 0x7f, 0x30, 0x8a, 0x8a, 0xa1, 0x02, 0x21, 0x00, 0xd0, 0x02, 0x44, 0x18, 0x96, 0xb2, 0x7f, 0x6c, 0xf1, 0x98, 0x6b, 0x3d, 0x01, 0x2d, 0x1a, 0xab, 0xa4, 0x60, 0x3a, 0x54, 0x59, 0xcc, 0xb5, 0x16, 0x25, 0xa9, 0x8e, 0x70, 0xf1, 0x3f, 0xd7, 0x9d, 0x30, 0x02, 0x20, 0x51, 0x30, 0x06, 0x66, 0xb7, 0x41, 0x61, 0x85, 0x32, 0x5c, 0x34, 0xbd, 0x0b, 0x66, 0x26, 0x93, 0xb4, 0x5f, 0xfe, 0x4d, 0xc5, 0x8c, 0xa3, 0x38, 0x57, 0xb0, 0x5d, 0xed, 0xed, 0x0d, 0x43, 0xcb, 0x18, [0m
[0;34m[1784656894.534] [13760:13762] [DMG] 					] (244 bytes)[0m
[0;34m[1784656894.534] [13760:13762] [DMG] 					0x1 = [[0m
[0;34m[1784656894.534] [13760:13762] [DMG] 							0x4e, 0x7a, 0xf4, 0xb0, 0x4b, 0x0d, 0x2e, 0x52, 0x77, 0x63, 0x4c, 0x2d, 0x32, 0xe3, 0x1a, 0xc4, 0x3e, 0x4a, 0x62, 0x97, 0xb1, 0xfc, 0xcc, 0x93, 0x09, 0x4d, 0xe5, 0xa5, 0x9c, 0x14, 0xa1, 0x07, 0x94, 0xe8, 0x3a, 0xb8, 0xdb, 0xc8, 0x46, 0x84, 0xfc, 0xdd, 0x0e, 0x24, 0xce, 0xfb, 0x12, 0x34, 0x62, 0x4a, 0xbe, 0x2c, 0x1f, 0xad, 0xbd, 0xc3, 0xe4, 0xbe, 0x92, 0xa4, 0xc2, 0x6d, 0xa5, 0x98, [0m
[0;34m[1784656894.534] [13760:13762] [DMG] 					] (64 bytes)[0m
[0;34m[1784656894.534] [13760:13762] [DMG] 				},[0m
[0;34m[1784656894.534] [13760:13762] [DMG] 			},[0m
[0;34m[1784656894.534] [13760:13762] [DMG] 			[0m
[0;34m[1784656894.534] [13760:13762] [DMG] 		},[0m
[0;34m[1784656894.534] [13760:13762] [DMG] 		[0m
[0;34m[1784656894.534] [13760:13762] [DMG] 	],[0m
[0;34m[1784656894.534] [13760:13762] [DMG] 	[0m
[0;34m[1784656894.534] [13760:13762] [DMG] 	InteractionModelRevision = 12[0m
[0;34m[1784656894.534] [13760:13762] [DMG] },[0m
[0;32m[1784656894.534] [13760:13762] [DMG] Received Command Response Data, Endpoint=0 Cluster=0x0000_003E Command=0x0000_0005[0m
[0;32m[1784656894.534] [13760:13762] [TOO] Endpoint: 0 Cluster: 0x0000_003E Command 0x0000_0005[0m
[0;32m[1784656894.534] [13760:13762] [TOO]   CSRResponse: {[0m
[0;32m[1784656894.534] [13760:13762] [TOO]     NOCSRElements: 153001CC3081C93070020100300E310C300A060355040A0C034353523059301306072A8648CE3D020106082A8648CE3D03010703420004F68B28D3ACAEA8BA5A351A2AD4F2026F3CF2BE4D324D1E8AF615EAA809FB272CE41FB1C9A446EE0EC858E2C3159FE9DC8E53D28670A1D67746E6EF04CD238FAAA000300A06082A8648CE3D0403020349003046022100817E0C5F7A20BE3DC6979DAF3D2F3C217A68ECBFB5E206B7A0FBFB7F308A8AA1022100D002441896B27F6CF1986B3D012D1AABA4603A5459CCB51625A98E70F13FD79D30022051300666B7416185325C34BD0B662693B45FFE4DC58CA33857B05DEDED0D43CB18[0m
[0;32m[1784656894.534] [13760:13762] [TOO]     attestationSignature: 4E7AF4B04B0D2E5277634C2D32E31AC43E4A6297B1FCCC93094DE5A59C14A10794E83AB8DBC84684FCDD0E24CEFB1234624ABE2C1FADBDC3E4BE92A4C26DA598[0m
[0;32m[1784656894.534] [13760:13762] [TOO]    }[0m
[0;34m[1784656894.534] [13760:13762] [DMG] ICR moving to [AwaitingDe][0m
[0;32m[1784656894.535] [13760:13762] [EM] <<< [E:7332i S:32933 M:20943818 (Ack:43530270)] (S) Msg TX from 000000000001B669 to 1:0000000000000001 [546B] [UDP:[fe80::bfe:a203:38f0:bce7%enp0s3]:5540] --- Type 0000:10 (SecureChannel:StandaloneAck) (B:34)[0m
[0;34m[1784656894.535] [13760:13762] [EM] Flushed pending ack for MessageCounter:43530270 on exchange 7332i[0m
[0;34m[1784656894.535] [13760:13760] [CTL] Shutting down the commissioner[0m
[0;32m[1784656894.535] [13760:13760] [PAF] WiFiPAF: Closing all WiFiPAF sessions to shutdown[0m
[0;34m[1784656894.535] [13760:13760] [CTL] Shutting down the controller[0m
[0;34m[1784656894.535] [13760:13760] [IN] Expiring all sessions for fabric 0x1!![0m
[0;34m[1784656894.535] [13760:13760] [IN] SecureSession[0x7ff9a8009cd0]: MarkForEviction Type:2 LSID:32933[0m
[0;32m[1784656894.535] [13760:13760] [SC] SecureSession[0x7ff9a8009cd0, LSID:32933]: State change 'kActive' --> 'kPendingEviction'[0m
[0;34m[1784656894.535] [13760:13760] [IN] SecureSession[0x7ff9a8009cd0]: Released - Type:2 LSID:32933[0m
[0;32m[1784656894.535] [13760:13760] [FP] Forgetting fabric 0x1[0m
[0;32m[1784656894.535] [13760:13760] [TS] Pending Last Known Good Time: 2023-10-14T01:16:48[0m
[0;32m[1784656894.535] [13760:13760] [TS] Previous Last Known Good Time: 2023-10-14T01:16:48[0m
[0;32m[1784656894.535] [13760:13760] [TS] Reverted Last Known Good Time to previous value[0m
[0;34m[1784656894.535] [13760:13760] [CTL] Shutting down the commissioner[0m
[0;32m[1784656894.535] [13760:13760] [PAF] WiFiPAF: Closing all WiFiPAF sessions to shutdown[0m
[0;34m[1784656894.535] [13760:13760] [CTL] Shutting down the controller[0m
[0;34m[1784656894.535] [13760:13760] [CTL] Shutting down the System State, this will teardown the CHIP Stack[0m
[0;34m[1784656894.535] [13760:13760] [DMG] All ReadHandler-s are clean, clear GlobalDirtySet[0m
[0;32m[1784656894.535] [13760:13760] [FP] Shutting down FabricTable[0m
[0;32m[1784656894.535] [13760:13760] [TS] Pending Last Known Good Time: 2023-10-14T01:16:48[0m
[0;32m[1784656894.535] [13760:13760] [TS] Previous Last Known Good Time: 2023-10-14T01:16:48[0m
[0;32m[1784656894.535] [13760:13760] [TS] Reverted Last Known Good Time to previous value[0m
[0;34m[1784656894.537] [13760:13760] [DL] Wrote settings to /tmp/chip_counters.ini[0m
[0;32m[1784656894.537] [13760:13760] [DL] NVS set: chip-counters/total-operational-hours = 0 (0x0)[0m
[0;32m[1784656894.537] [13760:13760] [DL] Inet Layer shutdown[0m
[0;32m[1784656894.537] [13760:13760] [DL] BLE Layer shutdown[0m
[0;32m[1784656894.537] [13760:13760] [DL] WiFi-PAF Layer shutdown[0m
[0;32m[1784656894.537] [13760:13760] [PAF] WiFiPAF: Closing all WiFiPAF sessions to shutdown[0m
[0;32m[1784656894.537] [13760:13760] [DL] System Layer shutdown[0m
