[0;34m[1784655958.678] [9780:9780] [DL] ChipLinuxStorage::Init: Using KVS config file: /tmp/chip_tool_kvs[0m
[1;31m[1784655958.678] [9780:9780] [DL] ChipLinuxStorage::Init: Attempt to re-initialize with KVS config file: /tmp/chip_kvs, IGNORING.[0m
[0;34m[1784655958.680] [9780:9780] [DL] ChipLinuxStorage::Init: Using KVS config file: /tmp/chip_factory.ini[0m
[0;34m[1784655958.680] [9780:9780] [DL] ChipLinuxStorage::Init: Using KVS config file: /tmp/chip_config.ini[0m
[0;34m[1784655958.680] [9780:9780] [DL] ChipLinuxStorage::Init: Using KVS config file: /tmp/chip_counters.ini[0m
[0;34m[1784655958.682] [9780:9780] [DL] Wrote settings to /tmp/chip_counters.ini[0m
[0;32m[1784655958.682] [9780:9780] [DL] NVS set: chip-counters/reboot-count = 3 (0x3)[0m
[0;32m[1784655958.682] [9780:9780] [DL] Got Ethernet interface: enp0s3[0m
[0;32m[1784655958.682] [9780:9780] [DL] Found the primary Ethernet interface:enp0s3[0m
[1;31m[1784655958.683] [9780:9780] [DL] Failed to get WiFi interface[0m
[1;31m[1784655958.683] [9780:9780] [DL] Failed to reset WiFi statistic counts[0m
[0;32m[1784655958.683] [9780:9780] [PAF] WiFiPAF: WiFiPAFLayer::Init()[0m
[0;34m[1784655958.683] [9780:9780] [IN] UDP::Init bind&listen port=0[0m
[0;34m[1784655958.683] [9780:9780] [IN] UDP::Init bound to port=50835[0m
[0;34m[1784655958.683] [9780:9780] [IN] UDP::Init bind&listen port=0[0m
[0;34m[1784655958.683] [9780:9780] [IN] UDP::Init bound to port=36036[0m
[0;34m[1784655958.683] [9780:9780] [IN] BLEBase::Init - setting/overriding transport[0m
[0;34m[1784655958.683] [9780:9780] [IN] WiFiPAFBase::Init - setting/overriding transport[0m
[0;34m[1784655958.683] [9780:9780] [IN] TransportMgr initialized[0m
[0;34m[1784655958.683] [9780:9780] [FP] Initializing FabricTable from persistent storage[0m
[0;32m[1784655958.683] [9780:9780] [TS] Last Known Good Time: 2023-10-14T01:16:48[0m
[0;32m[1784655958.683] [9780:9780] [FP] Fabric index 0x1 was retrieved from storage. Compressed FabricId 0x0F5166C7F1198412, FabricId 0x0000000000000001, NodeId 0x000000000001B669, VendorId 0xFFF1[0m
[0;32m[1784655958.684] [9780:9780] [DMG] Ember attribute persistence requires setting up[0m
[0;32m[1784655958.684] [9780:9780] [ZCL] Using ZAP configuration...[0m
[0;34m[1784655958.684] [9780:9780] [CTL] System State Initialized...[0m
[0;32m[1784655958.684] [9780:9780] [CTL] Setting attestation nonce to random value[0m
[0;32m[1784655958.684] [9780:9780] [CTL] Setting CSR nonce to random value[0m
[0;34m[1784655958.684] [9780:9782] [DL] CHIP task running[0m
[0;32m[1784655958.684] [9780:9782] [CTL] Setting attestation nonce to random value[0m
[0;32m[1784655958.684] [9780:9782] [CTL] Setting CSR nonce to random value[0m
[0;32m[1784655958.685] [9780:9782] [CTL] Generating NOC[0m
[0;32m[1784655958.685] [9780:9782] [FP] Validating NOC chain[0m
[0;32m[1784655958.685] [9780:9782] [FP] NOC chain validation successful[0m
[0;32m[1784655958.685] [9780:9782] [FP] Updated fabric at index: 0x1, Node ID: 0x000000000001B669[0m
[0;32m[1784655958.685] [9780:9782] [TS] Last Known Good Time: 2023-10-14T01:16:48[0m
[0;32m[1784655958.685] [9780:9782] [TS] New proposed Last Known Good Time: 2021-01-01T00:00:00[0m
[0;32m[1784655958.685] [9780:9782] [TS] Retaining current Last Known Good Time[0m
[0;32m[1784655958.687] [9780:9782] [FP] Metadata for Fabric 0x1 persisted to storage.[0m
[0;32m[1784655958.688] [9780:9782] [TS] Committing Last Known Good Time to storage: 2023-10-14T01:16:48[0m
[0;32m[1784655958.688] [9780:9782] [CTL] Joined the fabric at index 1. Fabric ID is 0x0000000000000001 (Compressed Fabric ID: 0F5166C7F1198412)[0m
[0;32m[1784655958.692] [9780:9782] [TOO] Sending command to node 0x1[0m
[0;34m[1784655958.692] [9780:9782] [CSM] FindOrEstablishSession: PeerId = [1:0000000000000001][0m
[0;34m[1784655958.692] [9780:9782] [CSM] FindOrEstablishSession: No existing OperationalSessionSetup instance found[0m
[0;34m[1784655958.692] [9780:9782] [DIS] OperationalSessionSetup[1:0000000000000001]: State change 1 --> 2[0m
[0;32m[1784655958.693] [9780:9782] [DIS] Lookup started for 0F5166C7F1198412-0000000000000001[0m
[0;32m[1784655958.693] [9780:9782] [DIS] UDP:[fe80::bfe:a203:38f0:bce7%enp0s3]:5540: new best score: 7 (for 0F5166C7F1198412-0000000000000001)[0m
[0;34m[1784655958.693] [9780:9782] [DIS] Lookup clearing interface for non LL address[0m
[0;32m[1784655958.693] [9780:9782] [DIS] UDP:10.0.2.15%enp0s3:5540: new best score: 2 (for 0F5166C7F1198412-0000000000000001)[0m
[0;32m[1784655958.693] [9780:9782] [DIS] Checking node lookup status for 0F5166C7F1198412-0000000000000001 after 0 ms[0m
[0;32m[1784655958.693] [9780:9782] [DIS] Keeping DNSSD lookup active[0m
[0;32m[1784655958.693] [9780:9782] [DIS] UDP:[fe80::bfe:a203:38f0:bce7%enp0s3]:5540: score has not improved: 7 (for 0F5166C7F1198412-0000000000000001)[0m
[0;34m[1784655958.693] [9780:9782] [DIS] Lookup clearing interface for non LL address[0m
[0;32m[1784655958.693] [9780:9782] [DIS] UDP:10.0.2.15%enp0s3:5540: score has not improved: 2 (for 0F5166C7F1198412-0000000000000001)[0m
[0;32m[1784655958.693] [9780:9782] [DIS] Checking node lookup status for 0F5166C7F1198412-0000000000000001 after 0 ms[0m
[0;32m[1784655958.693] [9780:9782] [DIS] Keeping DNSSD lookup active[0m
[0;32m[1784655958.897] [9780:9782] [DIS] Checking node lookup status for 0F5166C7F1198412-0000000000000001 after 204 ms[0m
[0;34m[1784655958.897] [9780:9782] [DIS] OperationalSessionSetup[1:0000000000000001]: Updating device address to UDP:[fe80::bfe:a203:38f0:bce7%enp0s3]:5540 while in state 2[0m
[0;34m[1784655958.897] [9780:9782] [DIS] OperationalSessionSetup[1:0000000000000001]: State change 2 --> 3[0m
[0;34m[1784655958.897] [9780:9782] [IN] SecureSession[0x7fd4f4009cd0]: Allocated Type:2 LSID:40387[0m
[0;32m[1784655958.897] [9780:9782] [SC] Initiating session on local FabricIndex 1 from 0x000000000001B669 -> 0x0000000000000001[0m
[0;32m[1784655958.898] [9780:9782] [EM] <<< [E:47898i S:0 M:102680957] (U) Msg TX from 59407D30714E0EEF to 0:0000000000000000 [0000] [UDP:[fe80::bfe:a203:38f0:bce7%enp0s3]:5540] --- Type 0000:30 (SecureChannel:CASE_Sigma1) (B:196)[0m
[0;32m[1784655958.900] [9780:9782] [EM] ??1 [E:47898i S:0 M:102680957] (U) Msg Retransmission to 0:0000000000000000 scheduled for 556ms from now [State:Idle II:500 AI:300 AT:4000][0m
[0;32m[1784655958.900] [9780:9782] [SC] Sent Sigma1 msg to <0000000000000001, 1> [II:500ms AI:300ms AT:4000ms][0m
[0;34m[1784655958.900] [9780:9782] [DIS] OperationalSessionSetup[1:0000000000000001]: State change 3 --> 4[0m
[0;32m[1784655958.902] [9780:9782] [EM] >>> [E:47898i S:0 M:94018949 (Ack:102680957)] (U) Msg RX from 0:0000000000000000 [0000] to 59407D30714E0EEF --- Type 0000:31 (SecureChannel:CASE_Sigma2) (B:751)[0m
[0;34m[1784655958.902] [9780:9782] [EM] Found matching exchange: 47898i, Delegate: 0x7fd4f400b8e8[0m
[0;34m[1784655958.902] [9780:9782] [EM] Rxd Ack; Removing MessageCounter:102680957 from Retrans Table on exchange 47898i[0m
[0;32m[1784655958.902] [9780:9782] [SC] Received Sigma2 msg[0m
[0;34m[1784655958.902] [9780:9782] [SC] Found MRP parameters in the message[0m
[0;34m[1784655958.902] [9780:9782] [SC] Peer <0000000000000001, 1> assigned session ID 9611[0m
[0;34m[1784655958.902] [9780:9782] [SC] Sending Sigma3[0m
[0;32m[1784655958.903] [9780:9782] [EM] <<< [E:47898i S:0 M:102680958 (Ack:94018949)] (U) Msg TX from 59407D30714E0EEF to 0:0000000000000000 [0000] [UDP:[fe80::bfe:a203:38f0:bce7%enp0s3]:5540] --- Type 0000:32 (SecureChannel:CASE_Sigma3) (B:598)[0m
[0;32m[1784655958.903] [9780:9782] [EM] ??1 [E:47898i S:0 M:102680958] (U) Msg Retransmission to 0:0000000000000000 scheduled for 352ms from now [State:Active II:500 AI:300 AT:4000][0m
[0;32m[1784655958.903] [9780:9782] [SC] Sent Sigma3 msg[0m
[0;32m[1784655958.912] [9780:9782] [EM] >>> [E:47898i S:0 M:94018950 (Ack:102680958)] (U) Msg RX from 0:0000000000000000 [0000] to 59407D30714E0EEF --- Type 0000:40 (SecureChannel:StatusReport) (B:34)[0m
[0;34m[1784655958.912] [9780:9782] [EM] Found matching exchange: 47898i, Delegate: 0x7fd4f400b8e8[0m
[0;34m[1784655958.912] [9780:9782] [EM] Rxd Ack; Removing MessageCounter:102680958 from Retrans Table on exchange 47898i[0m
[0;32m[1784655958.912] [9780:9782] [SC] Success status report received. Session was established[0m
[0;32m[1784655958.913] [9780:9782] [SC] SecureSession[0x7fd4f4009cd0, LSID:40387]: State change 'kEstablishing' --> 'kActive'[0m
[0;34m[1784655958.913] [9780:9782] [IN] SecureSession[0x7fd4f4009cd0]: Activated - Type:2 LSID:40387[0m
[0;34m[1784655958.913] [9780:9782] [IN] New secure session activated for device <0000000000000001, 1>, LSID:40387 PSID:9611![0m
[0;34m[1784655958.913] [9780:9782] [DIS] OperationalSessionSetup[1:0000000000000001]: State change 4 --> 5[0m
[0;32m[1784655958.913] [9780:9782] [TOO] Sending cluster (0x00000030) command (0x00000000) on endpoint 0[0m
[0;34m[1784655958.913] [9780:9782] [DMG] ICR moving to [AddingComm][0m
[0;34m[1784655958.913] [9780:9782] [DMG] ICR moving to [AddedComma][0m
[0;32m[1784655958.913] [9780:9782] [EM] <<< [E:47899i S:40387 M:53161486] (S) Msg TX from 000000000001B669 to 1:0000000000000001 [8412] [UDP:[fe80::bfe:a203:38f0:bce7%enp0s3]:5540] --- Type 0001:08 (IM:InvokeCommandRequest) (B:65)[0m
[0;32m[1784655958.913] [9780:9782] [EM] ??1 [E:47899i S:40387 M:53161486] (S) Msg Retransmission to 1:0000000000000001 scheduled for 373ms from now [State:Active II:500 AI:300 AT:4000][0m
[0;34m[1784655958.913] [9780:9782] [DMG] ICR moving to [AwaitingRe][0m
[0;32m[1784655958.913] [9780:9782] [EM] <<< [E:47898i S:0 M:102680959 (Ack:94018950)] (U) Msg TX from 59407D30714E0EEF to 0:0000000000000000 [0000] [UDP:[fe80::bfe:a203:38f0:bce7%enp0s3]:5540] --- Type 0000:10 (SecureChannel:StandaloneAck) (B:26)[0m
[0;34m[1784655958.913] [9780:9782] [EM] Flushed pending ack for MessageCounter:94018950 on exchange 47898i[0m
[0;32m[1784655958.914] [9780:9782] [EM] >>> [E:47899i S:40387 M:43517496 (Ack:53161486)] (S) Msg RX from 1:0000000000000001 [8412] to 000000000001B669 --- Type 0001:09 (IM:InvokeCommandResponse) (B:70)[0m
[0;34m[1784655958.914] [9780:9782] [EM] Found matching exchange: 47899i, Delegate: 0x7fd4f400eef8[0m
[0;34m[1784655958.914] [9780:9782] [EM] Rxd Ack; Removing MessageCounter:53161486 from Retrans Table on exchange 47899i[0m
[0;34m[1784655958.914] [9780:9782] [DMG] ICR moving to [ResponseRe][0m
[0;34m[1784655958.914] [9780:9782] [DMG] InvokeResponseMessage =[0m
[0;34m[1784655958.914] [9780:9782] [DMG] {[0m
[0;34m[1784655958.914] [9780:9782] [DMG] 	suppressResponse = false, [0m
[0;34m[1784655958.914] [9780:9782] [DMG] 	InvokeResponseIBs =[0m
[0;34m[1784655958.914] [9780:9782] [DMG] 	[[0m
[0;34m[1784655958.914] [9780:9782] [DMG] 		InvokeResponseIB =[0m
[0;34m[1784655958.914] [9780:9782] [DMG] 		{[0m
[0;34m[1784655958.914] [9780:9782] [DMG] 			CommandDataIB =[0m
[0;34m[1784655958.914] [9780:9782] [DMG] 			{[0m
[0;34m[1784655958.914] [9780:9782] [DMG] 				CommandPathIB =[0m
[0;34m[1784655958.914] [9780:9782] [DMG] 				{[0m
[0;34m[1784655958.914] [9780:9782] [DMG] 					EndpointId = 0x0,[0m
[0;34m[1784655958.914] [9780:9782] [DMG] 					ClusterId = 0x30,[0m
[0;34m[1784655958.914] [9780:9782] [DMG] 					CommandId = 0x1,[0m
[0;34m[1784655958.914] [9780:9782] [DMG] 				},[0m
[0;34m[1784655958.914] [9780:9782] [DMG] 				[0m
[0;34m[1784655958.914] [9780:9782] [DMG] 				CommandFields = [0m
[0;34m[1784655958.914] [9780:9782] [DMG] 				{[0m
[0;34m[1784655958.914] [9780:9782] [DMG] 					0x0 = 0 (unsigned), [0m
[0;34m[1784655958.914] [9780:9782] [DMG] 					0x1 = "" (0 chars), [0m
[0;34m[1784655958.914] [9780:9782] [DMG] 				},[0m
[0;34m[1784655958.914] [9780:9782] [DMG] 			},[0m
[0;34m[1784655958.914] [9780:9782] [DMG] 			[0m
[0;34m[1784655958.914] [9780:9782] [DMG] 		},[0m
[0;34m[1784655958.914] [9780:9782] [DMG] 		[0m
[0;34m[1784655958.914] [9780:9782] [DMG] 	],[0m
[0;34m[1784655958.914] [9780:9782] [DMG] 	[0m
[0;34m[1784655958.914] [9780:9782] [DMG] 	InteractionModelRevision = 12[0m
[0;34m[1784655958.914] [9780:9782] [DMG] },[0m
[0;32m[1784655958.914] [9780:9782] [DMG] Received Command Response Data, Endpoint=0 Cluster=0x0000_0030 Command=0x0000_0001[0m
[0;32m[1784655958.914] [9780:9782] [TOO] Endpoint: 0 Cluster: 0x0000_0030 Command 0x0000_0001[0m
[0;32m[1784655958.914] [9780:9782] [TOO]   ArmFailSafeResponse: {[0m
[0;32m[1784655958.914] [9780:9782] [TOO]     errorCode: 0[0m
[0;32m[1784655958.914] [9780:9782] [TOO]     debugText: [0m
[0;32m[1784655958.914] [9780:9782] [TOO]    }[0m
[0;34m[1784655958.914] [9780:9782] [DMG] ICR moving to [AwaitingDe][0m
[0;32m[1784655958.914] [9780:9782] [EM] <<< [E:47899i S:40387 M:53161487 (Ack:43517496)] (S) Msg TX from 000000000001B669 to 1:0000000000000001 [8412] [UDP:[fe80::bfe:a203:38f0:bce7%enp0s3]:5540] --- Type 0000:10 (SecureChannel:StandaloneAck) (B:34)[0m
[0;34m[1784655958.914] [9780:9782] [EM] Flushed pending ack for MessageCounter:43517496 on exchange 47899i[0m
[0;34m[1784655958.914] [9780:9780] [CTL] Shutting down the commissioner[0m
[0;32m[1784655958.914] [9780:9780] [PAF] WiFiPAF: Closing all WiFiPAF sessions to shutdown[0m
[0;34m[1784655958.914] [9780:9780] [CTL] Shutting down the controller[0m
[0;34m[1784655958.914] [9780:9780] [IN] Expiring all sessions for fabric 0x1!![0m
[0;34m[1784655958.914] [9780:9780] [IN] SecureSession[0x7fd4f4009cd0]: MarkForEviction Type:2 LSID:40387[0m
[0;32m[1784655958.914] [9780:9780] [SC] SecureSession[0x7fd4f4009cd0, LSID:40387]: State change 'kActive' --> 'kPendingEviction'[0m
[0;34m[1784655958.914] [9780:9780] [IN] SecureSession[0x7fd4f4009cd0]: Released - Type:2 LSID:40387[0m
[0;32m[1784655958.914] [9780:9780] [FP] Forgetting fabric 0x1[0m
[0;32m[1784655958.914] [9780:9780] [TS] Pending Last Known Good Time: 2023-10-14T01:16:48[0m
[0;32m[1784655958.914] [9780:9780] [TS] Previous Last Known Good Time: 2023-10-14T01:16:48[0m
[0;32m[1784655958.914] [9780:9780] [TS] Reverted Last Known Good Time to previous value[0m
[0;34m[1784655958.914] [9780:9780] [CTL] Shutting down the commissioner[0m
[0;32m[1784655958.914] [9780:9780] [PAF] WiFiPAF: Closing all WiFiPAF sessions to shutdown[0m
[0;34m[1784655958.914] [9780:9780] [CTL] Shutting down the controller[0m
[0;34m[1784655958.914] [9780:9780] [CTL] Shutting down the System State, this will teardown the CHIP Stack[0m
[0;34m[1784655958.914] [9780:9780] [DMG] All ReadHandler-s are clean, clear GlobalDirtySet[0m
[0;32m[1784655958.914] [9780:9780] [FP] Shutting down FabricTable[0m
[0;32m[1784655958.914] [9780:9780] [TS] Pending Last Known Good Time: 2023-10-14T01:16:48[0m
[0;32m[1784655958.914] [9780:9780] [TS] Previous Last Known Good Time: 2023-10-14T01:16:48[0m
[0;32m[1784655958.914] [9780:9780] [TS] Reverted Last Known Good Time to previous value[0m
[0;34m[1784655958.917] [9780:9780] [DL] Wrote settings to /tmp/chip_counters.ini[0m
[0;32m[1784655958.917] [9780:9780] [DL] NVS set: chip-counters/total-operational-hours = 0 (0x0)[0m
[0;32m[1784655958.917] [9780:9780] [DL] Inet Layer shutdown[0m
[0;32m[1784655958.917] [9780:9780] [DL] BLE Layer shutdown[0m
[0;32m[1784655958.917] [9780:9780] [DL] WiFi-PAF Layer shutdown[0m
[0;32m[1784655958.917] [9780:9780] [PAF] WiFiPAF: Closing all WiFiPAF sessions to shutdown[0m
[0;32m[1784655958.917] [9780:9780] [DL] System Layer shutdown[0m
