[0;34m[1784655959.605] [9797:9797] [DL] ChipLinuxStorage::Init: Using KVS config file: /tmp/chip_tool_kvs[0m
[1;31m[1784655959.605] [9797:9797] [DL] ChipLinuxStorage::Init: Attempt to re-initialize with KVS config file: /tmp/chip_kvs, IGNORING.[0m
[0;34m[1784655959.607] [9797:9797] [DL] ChipLinuxStorage::Init: Using KVS config file: /tmp/chip_factory.ini[0m
[0;34m[1784655959.607] [9797:9797] [DL] ChipLinuxStorage::Init: Using KVS config file: /tmp/chip_config.ini[0m
[0;34m[1784655959.607] [9797:9797] [DL] ChipLinuxStorage::Init: Using KVS config file: /tmp/chip_counters.ini[0m
[0;34m[1784655959.610] [9797:9797] [DL] Wrote settings to /tmp/chip_counters.ini[0m
[0;32m[1784655959.610] [9797:9797] [DL] NVS set: chip-counters/reboot-count = 6 (0x6)[0m
[0;32m[1784655959.610] [9797:9797] [DL] Got Ethernet interface: enp0s3[0m
[0;32m[1784655959.610] [9797:9797] [DL] Found the primary Ethernet interface:enp0s3[0m
[1;31m[1784655959.610] [9797:9797] [DL] Failed to get WiFi interface[0m
[1;31m[1784655959.610] [9797:9797] [DL] Failed to reset WiFi statistic counts[0m
[0;32m[1784655959.610] [9797:9797] [PAF] WiFiPAF: WiFiPAFLayer::Init()[0m
[0;34m[1784655959.610] [9797:9797] [IN] UDP::Init bind&listen port=0[0m
[0;34m[1784655959.610] [9797:9797] [IN] UDP::Init bound to port=54235[0m
[0;34m[1784655959.610] [9797:9797] [IN] UDP::Init bind&listen port=0[0m
[0;34m[1784655959.610] [9797:9797] [IN] UDP::Init bound to port=57551[0m
[0;34m[1784655959.610] [9797:9797] [IN] BLEBase::Init - setting/overriding transport[0m
[0;34m[1784655959.610] [9797:9797] [IN] WiFiPAFBase::Init - setting/overriding transport[0m
[0;34m[1784655959.610] [9797:9797] [IN] TransportMgr initialized[0m
[0;34m[1784655959.610] [9797:9797] [FP] Initializing FabricTable from persistent storage[0m
[0;32m[1784655959.610] [9797:9797] [TS] Last Known Good Time: 2023-10-14T01:16:48[0m
[0;32m[1784655959.611] [9797:9797] [FP] Fabric index 0x1 was retrieved from storage. Compressed FabricId 0x0F5166C7F1198412, FabricId 0x0000000000000001, NodeId 0x000000000001B669, VendorId 0xFFF1[0m
[0;32m[1784655959.611] [9797:9797] [DMG] Ember attribute persistence requires setting up[0m
[0;32m[1784655959.611] [9797:9797] [ZCL] Using ZAP configuration...[0m
[0;34m[1784655959.612] [9797:9797] [CTL] System State Initialized...[0m
[0;32m[1784655959.612] [9797:9797] [CTL] Setting attestation nonce to random value[0m
[0;32m[1784655959.612] [9797:9797] [CTL] Setting CSR nonce to random value[0m
[0;34m[1784655959.612] [9797:9799] [DL] CHIP task running[0m
[0;32m[1784655959.612] [9797:9799] [CTL] Setting attestation nonce to random value[0m
[0;32m[1784655959.612] [9797:9799] [CTL] Setting CSR nonce to random value[0m
[0;32m[1784655959.612] [9797:9799] [CTL] Generating NOC[0m
[0;32m[1784655959.612] [9797:9799] [FP] Validating NOC chain[0m
[0;32m[1784655959.612] [9797:9799] [FP] NOC chain validation successful[0m
[0;32m[1784655959.612] [9797:9799] [FP] Updated fabric at index: 0x1, Node ID: 0x000000000001B669[0m
[0;32m[1784655959.612] [9797:9799] [TS] Last Known Good Time: 2023-10-14T01:16:48[0m
[0;32m[1784655959.612] [9797:9799] [TS] New proposed Last Known Good Time: 2021-01-01T00:00:00[0m
[0;32m[1784655959.612] [9797:9799] [TS] Retaining current Last Known Good Time[0m
[0;32m[1784655959.614] [9797:9799] [FP] Metadata for Fabric 0x1 persisted to storage.[0m
[0;32m[1784655959.614] [9797:9799] [TS] Committing Last Known Good Time to storage: 2023-10-14T01:16:48[0m
[0;32m[1784655959.615] [9797:9799] [CTL] Joined the fabric at index 1. Fabric ID is 0x0000000000000001 (Compressed Fabric ID: 0F5166C7F1198412)[0m
[0;32m[1784655959.618] [9797:9799] [TOO] Sending command to node 0x1[0m
[0;34m[1784655959.618] [9797:9799] [CSM] FindOrEstablishSession: PeerId = [1:0000000000000001][0m
[0;34m[1784655959.618] [9797:9799] [CSM] FindOrEstablishSession: No existing OperationalSessionSetup instance found[0m
[0;34m[1784655959.618] [9797:9799] [DIS] OperationalSessionSetup[1:0000000000000001]: State change 1 --> 2[0m
[0;32m[1784655959.619] [9797:9799] [DIS] Lookup started for 0F5166C7F1198412-0000000000000001[0m
[0;32m[1784655959.620] [9797:9799] [DIS] UDP:[fe80::bfe:a203:38f0:bce7%enp0s3]:5540: new best score: 7 (for 0F5166C7F1198412-0000000000000001)[0m
[0;34m[1784655959.620] [9797:9799] [DIS] Lookup clearing interface for non LL address[0m
[0;32m[1784655959.620] [9797:9799] [DIS] UDP:10.0.2.15%enp0s3:5540: new best score: 2 (for 0F5166C7F1198412-0000000000000001)[0m
[0;32m[1784655959.620] [9797:9799] [DIS] Checking node lookup status for 0F5166C7F1198412-0000000000000001 after 1 ms[0m
[0;32m[1784655959.620] [9797:9799] [DIS] Keeping DNSSD lookup active[0m
[0;32m[1784655959.620] [9797:9799] [DIS] UDP:[fe80::bfe:a203:38f0:bce7%enp0s3]:5540: score has not improved: 7 (for 0F5166C7F1198412-0000000000000001)[0m
[0;34m[1784655959.620] [9797:9799] [DIS] Lookup clearing interface for non LL address[0m
[0;32m[1784655959.620] [9797:9799] [DIS] UDP:10.0.2.15%enp0s3:5540: score has not improved: 2 (for 0F5166C7F1198412-0000000000000001)[0m
[0;32m[1784655959.620] [9797:9799] [DIS] Checking node lookup status for 0F5166C7F1198412-0000000000000001 after 1 ms[0m
[0;32m[1784655959.620] [9797:9799] [DIS] Keeping DNSSD lookup active[0m
[0;32m[1784655959.821] [9797:9799] [DIS] Checking node lookup status for 0F5166C7F1198412-0000000000000001 after 202 ms[0m
[0;34m[1784655959.821] [9797:9799] [DIS] OperationalSessionSetup[1:0000000000000001]: Updating device address to UDP:[fe80::bfe:a203:38f0:bce7%enp0s3]:5540 while in state 2[0m
[0;34m[1784655959.821] [9797:9799] [DIS] OperationalSessionSetup[1:0000000000000001]: State change 2 --> 3[0m
[0;34m[1784655959.821] [9797:9799] [IN] SecureSession[0x7bc520009cd0]: Allocated Type:2 LSID:50158[0m
[0;32m[1784655959.821] [9797:9799] [SC] Initiating session on local FabricIndex 1 from 0x000000000001B669 -> 0x0000000000000001[0m
[0;32m[1784655959.821] [9797:9799] [EM] <<< [E:5460i S:0 M:189468044] (U) Msg TX from 61C08E92A92690DD to 0:0000000000000000 [0000] [UDP:[fe80::bfe:a203:38f0:bce7%enp0s3]:5540] --- Type 0000:30 (SecureChannel:CASE_Sigma1) (B:196)[0m
[0;32m[1784655959.822] [9797:9799] [EM] ??1 [E:5460i S:0 M:189468044] (U) Msg Retransmission to 0:0000000000000000 scheduled for 673ms from now [State:Idle II:500 AI:300 AT:4000][0m
[0;32m[1784655959.822] [9797:9799] [SC] Sent Sigma1 msg to <0000000000000001, 1> [II:500ms AI:300ms AT:4000ms][0m
[0;34m[1784655959.822] [9797:9799] [DIS] OperationalSessionSetup[1:0000000000000001]: State change 3 --> 4[0m
[0;32m[1784655959.824] [9797:9799] [EM] >>> [E:5460i S:0 M:94018955 (Ack:189468044)] (U) Msg RX from 0:0000000000000000 [0000] to 61C08E92A92690DD --- Type 0000:31 (SecureChannel:CASE_Sigma2) (B:751)[0m
[0;34m[1784655959.824] [9797:9799] [EM] Found matching exchange: 5460i, Delegate: 0x7bc52000b8e8[0m
[0;34m[1784655959.824] [9797:9799] [EM] Rxd Ack; Removing MessageCounter:189468044 from Retrans Table on exchange 5460i[0m
[0;32m[1784655959.824] [9797:9799] [SC] Received Sigma2 msg[0m
[0;34m[1784655959.824] [9797:9799] [SC] Found MRP parameters in the message[0m
[0;34m[1784655959.824] [9797:9799] [SC] Peer <0000000000000001, 1> assigned session ID 9614[0m
[0;34m[1784655959.824] [9797:9799] [SC] Sending Sigma3[0m
[0;32m[1784655959.824] [9797:9799] [EM] <<< [E:5460i S:0 M:189468045 (Ack:94018955)] (U) Msg TX from 61C08E92A92690DD to 0:0000000000000000 [0000] [UDP:[fe80::bfe:a203:38f0:bce7%enp0s3]:5540] --- Type 0000:32 (SecureChannel:CASE_Sigma3) (B:598)[0m
[0;32m[1784655959.825] [9797:9799] [EM] ??1 [E:5460i S:0 M:189468045] (U) Msg Retransmission to 0:0000000000000000 scheduled for 395ms from now [State:Active II:500 AI:300 AT:4000][0m
[0;32m[1784655959.825] [9797:9799] [SC] Sent Sigma3 msg[0m
[0;32m[1784655959.836] [9797:9799] [EM] >>> [E:5460i S:0 M:94018956 (Ack:189468045)] (U) Msg RX from 0:0000000000000000 [0000] to 61C08E92A92690DD --- Type 0000:40 (SecureChannel:StatusReport) (B:34)[0m
[0;34m[1784655959.836] [9797:9799] [EM] Found matching exchange: 5460i, Delegate: 0x7bc52000b8e8[0m
[0;34m[1784655959.836] [9797:9799] [EM] Rxd Ack; Removing MessageCounter:189468045 from Retrans Table on exchange 5460i[0m
[0;32m[1784655959.836] [9797:9799] [SC] Success status report received. Session was established[0m
[0;32m[1784655959.837] [9797:9799] [SC] SecureSession[0x7bc520009cd0, LSID:50158]: State change 'kEstablishing' --> 'kActive'[0m
[0;34m[1784655959.837] [9797:9799] [IN] SecureSession[0x7bc520009cd0]: Activated - Type:2 LSID:50158[0m
[0;34m[1784655959.837] [9797:9799] [IN] New secure session activated for device <0000000000000001, 1>, LSID:50158 PSID:9614![0m
[0;34m[1784655959.837] [9797:9799] [DIS] OperationalSessionSetup[1:0000000000000001]: State change 4 --> 5[0m
[0;32m[1784655959.837] [9797:9799] [TOO] Sending cluster (0x0000003E) command (0x00000007) on endpoint 0[0m
[0;34m[1784655959.837] [9797:9799] [DMG] ICR moving to [AddingComm][0m
[0;34m[1784655959.837] [9797:9799] [DMG] ICR moving to [AddedComma][0m
[0;32m[1784655959.837] [9797:9799] [EM] <<< [E:5461i S:50158 M:209521731] (S) Msg TX from 000000000001B669 to 1:0000000000000001 [8412] [UDP:[fe80::bfe:a203:38f0:bce7%enp0s3]:5540] --- Type 0001:08 (IM:InvokeCommandRequest) (B:330)[0m
[0;32m[1784655959.837] [9797:9799] [EM] ??1 [E:5461i S:50158 M:209521731] (S) Msg Retransmission to 1:0000000000000001 scheduled for 367ms from now [State:Active II:500 AI:300 AT:4000][0m
[0;34m[1784655959.837] [9797:9799] [DMG] ICR moving to [AwaitingRe][0m
[0;32m[1784655959.837] [9797:9799] [EM] <<< [E:5460i S:0 M:189468046 (Ack:94018956)] (U) Msg TX from 61C08E92A92690DD to 0:0000000000000000 [0000] [UDP:[fe80::bfe:a203:38f0:bce7%enp0s3]:5540] --- Type 0000:10 (SecureChannel:StandaloneAck) (B:26)[0m
[0;34m[1784655959.837] [9797:9799] [EM] Flushed pending ack for MessageCounter:94018956 on exchange 5460i[0m
[0;32m[1784655959.848] [9797:9799] [EM] >>> [E:5461i S:50158 M:45037593 (Ack:209521731)] (S) Msg RX from 1:0000000000000001 [8412] to 000000000001B669 --- Type 0001:09 (IM:InvokeCommandResponse) (B:70)[0m
[0;34m[1784655959.848] [9797:9799] [EM] Found matching exchange: 5461i, Delegate: 0x7bc52000eef8[0m
[0;34m[1784655959.848] [9797:9799] [EM] Rxd Ack; Removing MessageCounter:209521731 from Retrans Table on exchange 5461i[0m
[0;34m[1784655959.849] [9797:9799] [DMG] ICR moving to [ResponseRe][0m
[0;34m[1784655959.849] [9797:9799] [DMG] InvokeResponseMessage =[0m
[0;34m[1784655959.849] [9797:9799] [DMG] {[0m
[0;34m[1784655959.849] [9797:9799] [DMG] 	suppressResponse = false, [0m
[0;34m[1784655959.849] [9797:9799] [DMG] 	InvokeResponseIBs =[0m
[0;34m[1784655959.849] [9797:9799] [DMG] 	[[0m
[0;34m[1784655959.849] [9797:9799] [DMG] 		InvokeResponseIB =[0m
[0;34m[1784655959.849] [9797:9799] [DMG] 		{[0m
[0;34m[1784655959.849] [9797:9799] [DMG] 			CommandDataIB =[0m
[0;34m[1784655959.849] [9797:9799] [DMG] 			{[0m
[0;34m[1784655959.849] [9797:9799] [DMG] 				CommandPathIB =[0m
[0;34m[1784655959.849] [9797:9799] [DMG] 				{[0m
[0;34m[1784655959.849] [9797:9799] [DMG] 					EndpointId = 0x0,[0m
[0;34m[1784655959.849] [9797:9799] [DMG] 					ClusterId = 0x3e,[0m
[0;34m[1784655959.849] [9797:9799] [DMG] 					CommandId = 0x8,[0m
[0;34m[1784655959.849] [9797:9799] [DMG] 				},[0m
[0;34m[1784655959.849] [9797:9799] [DMG] 				[0m
[0;34m[1784655959.849] [9797:9799] [DMG] 				CommandFields = [0m
[0;34m[1784655959.849] [9797:9799] [DMG] 				{[0m
[0;34m[1784655959.849] [9797:9799] [DMG] 					0x0 = 0 (unsigned), [0m
[0;34m[1784655959.849] [9797:9799] [DMG] 					0x1 = 1 (unsigned), [0m
[0;34m[1784655959.849] [9797:9799] [DMG] 				},[0m
[0;34m[1784655959.849] [9797:9799] [DMG] 			},[0m
[0;34m[1784655959.849] [9797:9799] [DMG] 			[0m
[0;34m[1784655959.849] [9797:9799] [DMG] 		},[0m
[0;34m[1784655959.849] [9797:9799] [DMG] 		[0m
[0;34m[1784655959.849] [9797:9799] [DMG] 	],[0m
[0;34m[1784655959.849] [9797:9799] [DMG] 	[0m
[0;34m[1784655959.849] [9797:9799] [DMG] 	InteractionModelRevision = 12[0m
[0;34m[1784655959.849] [9797:9799] [DMG] },[0m
[0;32m[1784655959.849] [9797:9799] [DMG] Received Command Response Data, Endpoint=0 Cluster=0x0000_003E Command=0x0000_0008[0m
[0;32m[1784655959.849] [9797:9799] [TOO] Endpoint: 0 Cluster: 0x0000_003E Command 0x0000_0008[0m
[0;32m[1784655959.849] [9797:9799] [TOO]   NOCResponse: {[0m
[0;32m[1784655959.849] [9797:9799] [TOO]     statusCode: 0[0m
[0;32m[1784655959.849] [9797:9799] [TOO]     fabricIndex: 1[0m
[0;32m[1784655959.849] [9797:9799] [TOO]    }[0m
[0;34m[1784655959.849] [9797:9799] [DMG] ICR moving to [AwaitingDe][0m
[0;32m[1784655959.849] [9797:9799] [EM] <<< [E:5461i S:50158 M:209521732 (Ack:45037593)] (S) Msg TX from 000000000001B669 to 1:0000000000000001 [8412] [UDP:[fe80::bfe:a203:38f0:bce7%enp0s3]:5540] --- Type 0000:10 (SecureChannel:StandaloneAck) (B:34)[0m
[0;34m[1784655959.849] [9797:9799] [EM] Flushed pending ack for MessageCounter:45037593 on exchange 5461i[0m
[0;34m[1784655959.849] [9797:9797] [CTL] Shutting down the commissioner[0m
[0;32m[1784655959.849] [9797:9797] [PAF] WiFiPAF: Closing all WiFiPAF sessions to shutdown[0m
[0;34m[1784655959.849] [9797:9797] [CTL] Shutting down the controller[0m
[0;34m[1784655959.849] [9797:9797] [IN] Expiring all sessions for fabric 0x1!![0m
[0;34m[1784655959.849] [9797:9797] [IN] SecureSession[0x7bc520009cd0]: MarkForEviction Type:2 LSID:50158[0m
[0;32m[1784655959.849] [9797:9797] [SC] SecureSession[0x7bc520009cd0, LSID:50158]: State change 'kActive' --> 'kPendingEviction'[0m
[0;34m[1784655959.849] [9797:9797] [IN] SecureSession[0x7bc520009cd0]: Released - Type:2 LSID:50158[0m
[0;32m[1784655959.849] [9797:9797] [FP] Forgetting fabric 0x1[0m
[0;32m[1784655959.849] [9797:9797] [TS] Pending Last Known Good Time: 2023-10-14T01:16:48[0m
[0;32m[1784655959.849] [9797:9797] [TS] Previous Last Known Good Time: 2023-10-14T01:16:48[0m
[0;32m[1784655959.849] [9797:9797] [TS] Reverted Last Known Good Time to previous value[0m
[0;34m[1784655959.849] [9797:9797] [CTL] Shutting down the commissioner[0m
[0;32m[1784655959.849] [9797:9797] [PAF] WiFiPAF: Closing all WiFiPAF sessions to shutdown[0m
[0;34m[1784655959.849] [9797:9797] [CTL] Shutting down the controller[0m
[0;34m[1784655959.849] [9797:9797] [CTL] Shutting down the System State, this will teardown the CHIP Stack[0m
[0;34m[1784655959.849] [9797:9797] [DMG] All ReadHandler-s are clean, clear GlobalDirtySet[0m
[0;32m[1784655959.849] [9797:9797] [FP] Shutting down FabricTable[0m
[0;32m[1784655959.849] [9797:9797] [TS] Pending Last Known Good Time: 2023-10-14T01:16:48[0m
[0;32m[1784655959.849] [9797:9797] [TS] Previous Last Known Good Time: 2023-10-14T01:16:48[0m
[0;32m[1784655959.849] [9797:9797] [TS] Reverted Last Known Good Time to previous value[0m
[0;34m[1784655959.851] [9797:9797] [DL] Wrote settings to /tmp/chip_counters.ini[0m
[0;32m[1784655959.851] [9797:9797] [DL] NVS set: chip-counters/total-operational-hours = 0 (0x0)[0m
[0;32m[1784655959.851] [9797:9797] [DL] Inet Layer shutdown[0m
[0;32m[1784655959.851] [9797:9797] [DL] BLE Layer shutdown[0m
[0;32m[1784655959.851] [9797:9797] [DL] WiFi-PAF Layer shutdown[0m
[0;32m[1784655959.851] [9797:9797] [PAF] WiFiPAF: Closing all WiFiPAF sessions to shutdown[0m
[0;32m[1784655959.851] [9797:9797] [DL] System Layer shutdown[0m
