[0;34m[1784655656.386] [8829:8829] [DL] ChipLinuxStorage::Init: Using KVS config file: /tmp/chip_tool_kvs[0m
[1;31m[1784655656.386] [8829:8829] [DL] ChipLinuxStorage::Init: Attempt to re-initialize with KVS config file: /tmp/chip_kvs, IGNORING.[0m
[0;34m[1784655656.387] [8829:8829] [DL] ChipLinuxStorage::Init: Using KVS config file: /tmp/chip_factory.ini[0m
[0;34m[1784655656.387] [8829:8829] [DL] ChipLinuxStorage::Init: Using KVS config file: /tmp/chip_config.ini[0m
[0;34m[1784655656.387] [8829:8829] [DL] ChipLinuxStorage::Init: Using KVS config file: /tmp/chip_counters.ini[0m
[0;34m[1784655656.391] [8829:8829] [DL] Wrote settings to /tmp/chip_counters.ini[0m
[0;32m[1784655656.391] [8829:8829] [DL] NVS set: chip-counters/reboot-count = 3 (0x3)[0m
[0;32m[1784655656.391] [8829:8829] [DL] Got Ethernet interface: enp0s3[0m
[0;32m[1784655656.391] [8829:8829] [DL] Found the primary Ethernet interface:enp0s3[0m
[1;31m[1784655656.391] [8829:8829] [DL] Failed to get WiFi interface[0m
[1;31m[1784655656.391] [8829:8829] [DL] Failed to reset WiFi statistic counts[0m
[0;32m[1784655656.391] [8829:8829] [PAF] WiFiPAF: WiFiPAFLayer::Init()[0m
[0;34m[1784655656.391] [8829:8829] [IN] UDP::Init bind&listen port=0[0m
[0;34m[1784655656.391] [8829:8829] [IN] UDP::Init bound to port=44884[0m
[0;34m[1784655656.391] [8829:8829] [IN] UDP::Init bind&listen port=0[0m
[0;34m[1784655656.391] [8829:8829] [IN] UDP::Init bound to port=59081[0m
[0;34m[1784655656.391] [8829:8829] [IN] BLEBase::Init - setting/overriding transport[0m
[0;34m[1784655656.391] [8829:8829] [IN] WiFiPAFBase::Init - setting/overriding transport[0m
[0;34m[1784655656.391] [8829:8829] [IN] TransportMgr initialized[0m
[0;34m[1784655656.391] [8829:8829] [FP] Initializing FabricTable from persistent storage[0m
[0;32m[1784655656.391] [8829:8829] [TS] Last Known Good Time: 2023-10-14T01:16:48[0m
[0;32m[1784655656.391] [8829:8829] [FP] Fabric index 0x1 was retrieved from storage. Compressed FabricId 0x9E0B4DDD9266A69B, FabricId 0x0000000000000001, NodeId 0x000000000001B669, VendorId 0xFFF1[0m
[0;32m[1784655656.392] [8829:8829] [DMG] Ember attribute persistence requires setting up[0m
[0;32m[1784655656.392] [8829:8829] [ZCL] Using ZAP configuration...[0m
[0;34m[1784655656.393] [8829:8829] [CTL] System State Initialized...[0m
[0;32m[1784655656.393] [8829:8829] [CTL] Setting attestation nonce to random value[0m
[0;32m[1784655656.393] [8829:8829] [CTL] Setting CSR nonce to random value[0m
[0;34m[1784655656.393] [8829:8831] [DL] CHIP task running[0m
[0;32m[1784655656.393] [8829:8831] [CTL] Setting attestation nonce to random value[0m
[0;32m[1784655656.393] [8829:8831] [CTL] Setting CSR nonce to random value[0m
[0;32m[1784655656.393] [8829:8831] [CTL] Generating NOC[0m
[0;32m[1784655656.393] [8829:8831] [FP] Validating NOC chain[0m
[0;32m[1784655656.394] [8829:8831] [FP] NOC chain validation successful[0m
[0;32m[1784655656.394] [8829:8831] [FP] Updated fabric at index: 0x1, Node ID: 0x000000000001B669[0m
[0;32m[1784655656.394] [8829:8831] [TS] Last Known Good Time: 2023-10-14T01:16:48[0m
[0;32m[1784655656.394] [8829:8831] [TS] New proposed Last Known Good Time: 2021-01-01T00:00:00[0m
[0;32m[1784655656.394] [8829:8831] [TS] Retaining current Last Known Good Time[0m
[0;32m[1784655656.396] [8829:8831] [FP] Metadata for Fabric 0x1 persisted to storage.[0m
[0;32m[1784655656.397] [8829:8831] [TS] Committing Last Known Good Time to storage: 2023-10-14T01:16:48[0m
[0;32m[1784655656.398] [8829:8831] [CTL] Joined the fabric at index 1. Fabric ID is 0x0000000000000001 (Compressed Fabric ID: 9E0B4DDD9266A69B)[0m
[0;32m[1784655656.402] [8829:8831] [TOO] Sending command to node 0x1[0m
[0;34m[1784655656.403] [8829:8831] [CSM] FindOrEstablishSession: PeerId = [1:0000000000000001][0m
[0;34m[1784655656.403] [8829:8831] [CSM] FindOrEstablishSession: No existing OperationalSessionSetup instance found[0m
[0;34m[1784655656.403] [8829:8831] [DIS] OperationalSessionSetup[1:0000000000000001]: State change 1 --> 2[0m
[0;32m[1784655656.403] [8829:8831] [DIS] Lookup started for 9E0B4DDD9266A69B-0000000000000001[0m
[0;32m[1784655656.403] [8829:8831] [DIS] UDP:[fe80::bfe:a203:38f0:bce7%enp0s3]:5540: new best score: 7 (for 9E0B4DDD9266A69B-0000000000000001)[0m
[0;34m[1784655656.403] [8829:8831] [DIS] Lookup clearing interface for non LL address[0m
[0;32m[1784655656.403] [8829:8831] [DIS] UDP:10.0.2.15%enp0s3:5540: new best score: 2 (for 9E0B4DDD9266A69B-0000000000000001)[0m
[0;32m[1784655656.403] [8829:8831] [DIS] Checking node lookup status for 9E0B4DDD9266A69B-0000000000000001 after 1 ms[0m
[0;32m[1784655656.403] [8829:8831] [DIS] Keeping DNSSD lookup active[0m
[0;32m[1784655656.404] [8829:8831] [DIS] UDP:[fe80::bfe:a203:38f0:bce7%enp0s3]:5540: score has not improved: 7 (for 9E0B4DDD9266A69B-0000000000000001)[0m
[0;34m[1784655656.404] [8829:8831] [DIS] Lookup clearing interface for non LL address[0m
[0;32m[1784655656.404] [8829:8831] [DIS] UDP:10.0.2.15%enp0s3:5540: score has not improved: 2 (for 9E0B4DDD9266A69B-0000000000000001)[0m
[0;32m[1784655656.404] [8829:8831] [DIS] Checking node lookup status for 9E0B4DDD9266A69B-0000000000000001 after 1 ms[0m
[0;32m[1784655656.404] [8829:8831] [DIS] Keeping DNSSD lookup active[0m
[0;32m[1784655656.604] [8829:8831] [DIS] Checking node lookup status for 9E0B4DDD9266A69B-0000000000000001 after 201 ms[0m
[0;34m[1784655656.604] [8829:8831] [DIS] OperationalSessionSetup[1:0000000000000001]: Updating device address to UDP:[fe80::bfe:a203:38f0:bce7%enp0s3]:5540 while in state 2[0m
[0;34m[1784655656.604] [8829:8831] [DIS] OperationalSessionSetup[1:0000000000000001]: State change 2 --> 3[0m
[0;34m[1784655656.604] [8829:8831] [IN] SecureSession[0x7f7740009cd0]: Allocated Type:2 LSID:54556[0m
[0;32m[1784655656.604] [8829:8831] [SC] Initiating session on local FabricIndex 1 from 0x000000000001B669 -> 0x0000000000000001[0m
[0;32m[1784655656.604] [8829:8831] [EM] <<< [E:52567i S:0 M:157473778] (U) Msg TX from 04269A3F69D186D9 to 0:0000000000000000 [0000] [UDP:[fe80::bfe:a203:38f0:bce7%enp0s3]:5540] --- Type 0000:30 (SecureChannel:CASE_Sigma1) (B:196)[0m
[0;32m[1784655656.604] [8829:8831] [EM] ??1 [E:52567i S:0 M:157473778] (U) Msg Retransmission to 0:0000000000000000 scheduled for 662ms from now [State:Idle II:500 AI:300 AT:4000][0m
[0;32m[1784655656.604] [8829:8831] [SC] Sent Sigma1 msg to <0000000000000001, 1> [II:500ms AI:300ms AT:4000ms][0m
[0;34m[1784655656.604] [8829:8831] [DIS] OperationalSessionSetup[1:0000000000000001]: State change 3 --> 4[0m
[0;32m[1784655656.605] [8829:8831] [EM] >>> [E:52567i S:0 M:56403566 (Ack:157473778)] (U) Msg RX from 0:0000000000000000 [0000] to 04269A3F69D186D9 --- Type 0000:31 (SecureChannel:CASE_Sigma2) (B:751)[0m
[0;34m[1784655656.605] [8829:8831] [EM] Found matching exchange: 52567i, Delegate: 0x7f774000b8e8[0m
[0;34m[1784655656.605] [8829:8831] [EM] Rxd Ack; Removing MessageCounter:157473778 from Retrans Table on exchange 52567i[0m
[0;32m[1784655656.605] [8829:8831] [SC] Received Sigma2 msg[0m
[0;34m[1784655656.605] [8829:8831] [SC] Found MRP parameters in the message[0m
[0;34m[1784655656.606] [8829:8831] [SC] Peer <0000000000000001, 1> assigned session ID 13595[0m
[0;34m[1784655656.606] [8829:8831] [SC] Sending Sigma3[0m
[0;32m[1784655656.606] [8829:8831] [EM] <<< [E:52567i S:0 M:157473779 (Ack:56403566)] (U) Msg TX from 04269A3F69D186D9 to 0:0000000000000000 [0000] [UDP:[fe80::bfe:a203:38f0:bce7%enp0s3]:5540] --- Type 0000:32 (SecureChannel:CASE_Sigma3) (B:598)[0m
[0;32m[1784655656.606] [8829:8831] [EM] ??1 [E:52567i S:0 M:157473779] (U) Msg Retransmission to 0:0000000000000000 scheduled for 388ms from now [State:Active II:500 AI:300 AT:4000][0m
[0;32m[1784655656.606] [8829:8831] [SC] Sent Sigma3 msg[0m
[0;32m[1784655656.616] [8829:8831] [EM] >>> [E:52567i S:0 M:56403567 (Ack:157473779)] (U) Msg RX from 0:0000000000000000 [0000] to 04269A3F69D186D9 --- Type 0000:40 (SecureChannel:StatusReport) (B:34)[0m
[0;34m[1784655656.616] [8829:8831] [EM] Found matching exchange: 52567i, Delegate: 0x7f774000b8e8[0m
[0;34m[1784655656.616] [8829:8831] [EM] Rxd Ack; Removing MessageCounter:157473779 from Retrans Table on exchange 52567i[0m
[0;32m[1784655656.616] [8829:8831] [SC] Success status report received. Session was established[0m
[0;32m[1784655656.617] [8829:8831] [SC] SecureSession[0x7f7740009cd0, LSID:54556]: State change 'kEstablishing' --> 'kActive'[0m
[0;34m[1784655656.617] [8829:8831] [IN] SecureSession[0x7f7740009cd0]: Activated - Type:2 LSID:54556[0m
[0;34m[1784655656.617] [8829:8831] [IN] New secure session activated for device <0000000000000001, 1>, LSID:54556 PSID:13595![0m
[0;34m[1784655656.617] [8829:8831] [DIS] OperationalSessionSetup[1:0000000000000001]: State change 4 --> 5[0m
[0;32m[1784655656.617] [8829:8831] [TOO] Sending cluster (0x00000030) command (0x00000000) on endpoint 0[0m
[0;34m[1784655656.617] [8829:8831] [DMG] ICR moving to [AddingComm][0m
[0;34m[1784655656.617] [8829:8831] [DMG] ICR moving to [AddedComma][0m
[0;32m[1784655656.617] [8829:8831] [EM] <<< [E:52568i S:54556 M:93884271] (S) Msg TX from 000000000001B669 to 1:0000000000000001 [A69B] [UDP:[fe80::bfe:a203:38f0:bce7%enp0s3]:5540] --- Type 0001:08 (IM:InvokeCommandRequest) (B:65)[0m
[0;32m[1784655656.617] [8829:8831] [EM] ??1 [E:52568i S:54556 M:93884271] (S) Msg Retransmission to 1:0000000000000001 scheduled for 358ms from now [State:Active II:500 AI:300 AT:4000][0m
[0;34m[1784655656.617] [8829:8831] [DMG] ICR moving to [AwaitingRe][0m
[0;32m[1784655656.617] [8829:8831] [EM] <<< [E:52567i S:0 M:157473780 (Ack:56403567)] (U) Msg TX from 04269A3F69D186D9 to 0:0000000000000000 [0000] [UDP:[fe80::bfe:a203:38f0:bce7%enp0s3]:5540] --- Type 0000:10 (SecureChannel:StandaloneAck) (B:26)[0m
[0;34m[1784655656.617] [8829:8831] [EM] Flushed pending ack for MessageCounter:56403567 on exchange 52567i[0m
[0;32m[1784655656.617] [8829:8831] [EM] >>> [E:52568i S:54556 M:89854162 (Ack:93884271)] (S) Msg RX from 1:0000000000000001 [A69B] to 000000000001B669 --- Type 0001:09 (IM:InvokeCommandResponse) (B:70)[0m
[0;34m[1784655656.617] [8829:8831] [EM] Found matching exchange: 52568i, Delegate: 0x7f774000eef8[0m
[0;34m[1784655656.617] [8829:8831] [EM] Rxd Ack; Removing MessageCounter:93884271 from Retrans Table on exchange 52568i[0m
[0;34m[1784655656.617] [8829:8831] [DMG] ICR moving to [ResponseRe][0m
[0;34m[1784655656.617] [8829:8831] [DMG] InvokeResponseMessage =[0m
[0;34m[1784655656.617] [8829:8831] [DMG] {[0m
[0;34m[1784655656.617] [8829:8831] [DMG] 	suppressResponse = false, [0m
[0;34m[1784655656.617] [8829:8831] [DMG] 	InvokeResponseIBs =[0m
[0;34m[1784655656.617] [8829:8831] [DMG] 	[[0m
[0;34m[1784655656.617] [8829:8831] [DMG] 		InvokeResponseIB =[0m
[0;34m[1784655656.617] [8829:8831] [DMG] 		{[0m
[0;34m[1784655656.617] [8829:8831] [DMG] 			CommandDataIB =[0m
[0;34m[1784655656.617] [8829:8831] [DMG] 			{[0m
[0;34m[1784655656.617] [8829:8831] [DMG] 				CommandPathIB =[0m
[0;34m[1784655656.617] [8829:8831] [DMG] 				{[0m
[0;34m[1784655656.617] [8829:8831] [DMG] 					EndpointId = 0x0,[0m
[0;34m[1784655656.617] [8829:8831] [DMG] 					ClusterId = 0x30,[0m
[0;34m[1784655656.617] [8829:8831] [DMG] 					CommandId = 0x1,[0m
[0;34m[1784655656.617] [8829:8831] [DMG] 				},[0m
[0;34m[1784655656.617] [8829:8831] [DMG] 				[0m
[0;34m[1784655656.617] [8829:8831] [DMG] 				CommandFields = [0m
[0;34m[1784655656.617] [8829:8831] [DMG] 				{[0m
[0;34m[1784655656.617] [8829:8831] [DMG] 					0x0 = 0 (unsigned), [0m
[0;34m[1784655656.617] [8829:8831] [DMG] 					0x1 = "" (0 chars), [0m
[0;34m[1784655656.617] [8829:8831] [DMG] 				},[0m
[0;34m[1784655656.617] [8829:8831] [DMG] 			},[0m
[0;34m[1784655656.617] [8829:8831] [DMG] 			[0m
[0;34m[1784655656.617] [8829:8831] [DMG] 		},[0m
[0;34m[1784655656.617] [8829:8831] [DMG] 		[0m
[0;34m[1784655656.617] [8829:8831] [DMG] 	],[0m
[0;34m[1784655656.617] [8829:8831] [DMG] 	[0m
[0;34m[1784655656.617] [8829:8831] [DMG] 	InteractionModelRevision = 12[0m
[0;34m[1784655656.617] [8829:8831] [DMG] },[0m
[0;32m[1784655656.617] [8829:8831] [DMG] Received Command Response Data, Endpoint=0 Cluster=0x0000_0030 Command=0x0000_0001[0m
[0;32m[1784655656.617] [8829:8831] [TOO] Endpoint: 0 Cluster: 0x0000_0030 Command 0x0000_0001[0m
[0;32m[1784655656.617] [8829:8831] [TOO]   ArmFailSafeResponse: {[0m
[0;32m[1784655656.617] [8829:8831] [TOO]     errorCode: 0[0m
[0;32m[1784655656.617] [8829:8831] [TOO]     debugText: [0m
[0;32m[1784655656.617] [8829:8831] [TOO]    }[0m
[0;34m[1784655656.617] [8829:8831] [DMG] ICR moving to [AwaitingDe][0m
[0;32m[1784655656.618] [8829:8831] [EM] <<< [E:52568i S:54556 M:93884272 (Ack:89854162)] (S) Msg TX from 000000000001B669 to 1:0000000000000001 [A69B] [UDP:[fe80::bfe:a203:38f0:bce7%enp0s3]:5540] --- Type 0000:10 (SecureChannel:StandaloneAck) (B:34)[0m
[0;34m[1784655656.618] [8829:8831] [EM] Flushed pending ack for MessageCounter:89854162 on exchange 52568i[0m
[0;34m[1784655656.618] [8829:8829] [CTL] Shutting down the commissioner[0m
[0;32m[1784655656.618] [8829:8829] [PAF] WiFiPAF: Closing all WiFiPAF sessions to shutdown[0m
[0;34m[1784655656.618] [8829:8829] [CTL] Shutting down the controller[0m
[0;34m[1784655656.618] [8829:8829] [IN] Expiring all sessions for fabric 0x1!![0m
[0;34m[1784655656.618] [8829:8829] [IN] SecureSession[0x7f7740009cd0]: MarkForEviction Type:2 LSID:54556[0m
[0;32m[1784655656.618] [8829:8829] [SC] SecureSession[0x7f7740009cd0, LSID:54556]: State change 'kActive' --> 'kPendingEviction'[0m
[0;34m[1784655656.618] [8829:8829] [IN] SecureSession[0x7f7740009cd0]: Released - Type:2 LSID:54556[0m
[0;32m[1784655656.618] [8829:8829] [FP] Forgetting fabric 0x1[0m
[0;32m[1784655656.618] [8829:8829] [TS] Pending Last Known Good Time: 2023-10-14T01:16:48[0m
[0;32m[1784655656.618] [8829:8829] [TS] Previous Last Known Good Time: 2023-10-14T01:16:48[0m
[0;32m[1784655656.618] [8829:8829] [TS] Reverted Last Known Good Time to previous value[0m
[0;34m[1784655656.618] [8829:8829] [CTL] Shutting down the commissioner[0m
[0;32m[1784655656.618] [8829:8829] [PAF] WiFiPAF: Closing all WiFiPAF sessions to shutdown[0m
[0;34m[1784655656.618] [8829:8829] [CTL] Shutting down the controller[0m
[0;34m[1784655656.618] [8829:8829] [CTL] Shutting down the System State, this will teardown the CHIP Stack[0m
[0;34m[1784655656.618] [8829:8829] [DMG] All ReadHandler-s are clean, clear GlobalDirtySet[0m
[0;32m[1784655656.618] [8829:8829] [FP] Shutting down FabricTable[0m
[0;32m[1784655656.618] [8829:8829] [TS] Pending Last Known Good Time: 2023-10-14T01:16:48[0m
[0;32m[1784655656.618] [8829:8829] [TS] Previous Last Known Good Time: 2023-10-14T01:16:48[0m
[0;32m[1784655656.618] [8829:8829] [TS] Reverted Last Known Good Time to previous value[0m
[0;34m[1784655656.621] [8829:8829] [DL] Wrote settings to /tmp/chip_counters.ini[0m
[0;32m[1784655656.621] [8829:8829] [DL] NVS set: chip-counters/total-operational-hours = 0 (0x0)[0m
[0;32m[1784655656.621] [8829:8829] [DL] Inet Layer shutdown[0m
[0;32m[1784655656.621] [8829:8829] [DL] BLE Layer shutdown[0m
[0;32m[1784655656.621] [8829:8829] [DL] WiFi-PAF Layer shutdown[0m
[0;32m[1784655656.621] [8829:8829] [PAF] WiFiPAF: Closing all WiFiPAF sessions to shutdown[0m
[0;32m[1784655656.621] [8829:8829] [DL] System Layer shutdown[0m
