[0;34m[1784655656.674] [8833:8833] [DL] ChipLinuxStorage::Init: Using KVS config file: /tmp/chip_tool_kvs[0m
[1;31m[1784655656.675] [8833:8833] [DL] ChipLinuxStorage::Init: Attempt to re-initialize with KVS config file: /tmp/chip_kvs, IGNORING.[0m
[0;34m[1784655656.676] [8833:8833] [DL] ChipLinuxStorage::Init: Using KVS config file: /tmp/chip_factory.ini[0m
[0;34m[1784655656.676] [8833:8833] [DL] ChipLinuxStorage::Init: Using KVS config file: /tmp/chip_config.ini[0m
[0;34m[1784655656.676] [8833:8833] [DL] ChipLinuxStorage::Init: Using KVS config file: /tmp/chip_counters.ini[0m
[0;34m[1784655656.679] [8833:8833] [DL] Wrote settings to /tmp/chip_counters.ini[0m
[0;32m[1784655656.679] [8833:8833] [DL] NVS set: chip-counters/reboot-count = 4 (0x4)[0m
[0;32m[1784655656.680] [8833:8833] [DL] Got Ethernet interface: enp0s3[0m
[0;32m[1784655656.680] [8833:8833] [DL] Found the primary Ethernet interface:enp0s3[0m
[1;31m[1784655656.680] [8833:8833] [DL] Failed to get WiFi interface[0m
[1;31m[1784655656.680] [8833:8833] [DL] Failed to reset WiFi statistic counts[0m
[0;32m[1784655656.680] [8833:8833] [PAF] WiFiPAF: WiFiPAFLayer::Init()[0m
[0;34m[1784655656.680] [8833:8833] [IN] UDP::Init bind&listen port=0[0m
[0;34m[1784655656.680] [8833:8833] [IN] UDP::Init bound to port=52669[0m
[0;34m[1784655656.680] [8833:8833] [IN] UDP::Init bind&listen port=0[0m
[0;34m[1784655656.680] [8833:8833] [IN] UDP::Init bound to port=47488[0m
[0;34m[1784655656.680] [8833:8833] [IN] BLEBase::Init - setting/overriding transport[0m
[0;34m[1784655656.680] [8833:8833] [IN] WiFiPAFBase::Init - setting/overriding transport[0m
[0;34m[1784655656.680] [8833:8833] [IN] TransportMgr initialized[0m
[0;34m[1784655656.680] [8833:8833] [FP] Initializing FabricTable from persistent storage[0m
[0;32m[1784655656.680] [8833:8833] [TS] Last Known Good Time: 2023-10-14T01:16:48[0m
[0;32m[1784655656.680] [8833:8833] [FP] Fabric index 0x1 was retrieved from storage. Compressed FabricId 0x9E0B4DDD9266A69B, FabricId 0x0000000000000001, NodeId 0x000000000001B669, VendorId 0xFFF1[0m
[0;32m[1784655656.682] [8833:8833] [DMG] Ember attribute persistence requires setting up[0m
[0;32m[1784655656.682] [8833:8833] [ZCL] Using ZAP configuration...[0m
[0;34m[1784655656.682] [8833:8833] [CTL] System State Initialized...[0m
[0;32m[1784655656.682] [8833:8833] [CTL] Setting attestation nonce to random value[0m
[0;32m[1784655656.682] [8833:8833] [CTL] Setting CSR nonce to random value[0m
[0;34m[1784655656.682] [8833:8835] [DL] CHIP task running[0m
[0;32m[1784655656.682] [8833:8835] [CTL] Setting attestation nonce to random value[0m
[0;32m[1784655656.682] [8833:8835] [CTL] Setting CSR nonce to random value[0m
[0;32m[1784655656.682] [8833:8835] [CTL] Generating NOC[0m
[0;32m[1784655656.682] [8833:8835] [FP] Validating NOC chain[0m
[0;32m[1784655656.683] [8833:8835] [FP] NOC chain validation successful[0m
[0;32m[1784655656.683] [8833:8835] [FP] Updated fabric at index: 0x1, Node ID: 0x000000000001B669[0m
[0;32m[1784655656.683] [8833:8835] [TS] Last Known Good Time: 2023-10-14T01:16:48[0m
[0;32m[1784655656.683] [8833:8835] [TS] New proposed Last Known Good Time: 2021-01-01T00:00:00[0m
[0;32m[1784655656.683] [8833:8835] [TS] Retaining current Last Known Good Time[0m
[0;32m[1784655656.685] [8833:8835] [FP] Metadata for Fabric 0x1 persisted to storage.[0m
[0;32m[1784655656.686] [8833:8835] [TS] Committing Last Known Good Time to storage: 2023-10-14T01:16:48[0m
[0;32m[1784655656.686] [8833:8835] [CTL] Joined the fabric at index 1. Fabric ID is 0x0000000000000001 (Compressed Fabric ID: 9E0B4DDD9266A69B)[0m
[0;32m[1784655656.691] [8833:8835] [TOO] Sending command to node 0x1[0m
[0;34m[1784655656.691] [8833:8835] [CSM] FindOrEstablishSession: PeerId = [1:0000000000000001][0m
[0;34m[1784655656.691] [8833:8835] [CSM] FindOrEstablishSession: No existing OperationalSessionSetup instance found[0m
[0;34m[1784655656.691] [8833:8835] [DIS] OperationalSessionSetup[1:0000000000000001]: State change 1 --> 2[0m
[0;32m[1784655656.691] [8833:8835] [DIS] Lookup started for 9E0B4DDD9266A69B-0000000000000001[0m
[0;32m[1784655656.692] [8833:8835] [DIS] UDP:[fe80::bfe:a203:38f0:bce7%enp0s3]:5540: new best score: 7 (for 9E0B4DDD9266A69B-0000000000000001)[0m
[0;34m[1784655656.692] [8833:8835] [DIS] Lookup clearing interface for non LL address[0m
[0;32m[1784655656.692] [8833:8835] [DIS] UDP:10.0.2.15%enp0s3:5540: new best score: 2 (for 9E0B4DDD9266A69B-0000000000000001)[0m
[0;32m[1784655656.692] [8833:8835] [DIS] Checking node lookup status for 9E0B4DDD9266A69B-0000000000000001 after 1 ms[0m
[0;32m[1784655656.692] [8833:8835] [DIS] Keeping DNSSD lookup active[0m
[0;32m[1784655656.692] [8833:8835] [DIS] UDP:[fe80::bfe:a203:38f0:bce7%enp0s3]:5540: score has not improved: 7 (for 9E0B4DDD9266A69B-0000000000000001)[0m
[0;34m[1784655656.692] [8833:8835] [DIS] Lookup clearing interface for non LL address[0m
[0;32m[1784655656.692] [8833:8835] [DIS] UDP:10.0.2.15%enp0s3:5540: score has not improved: 2 (for 9E0B4DDD9266A69B-0000000000000001)[0m
[0;32m[1784655656.692] [8833:8835] [DIS] Checking node lookup status for 9E0B4DDD9266A69B-0000000000000001 after 1 ms[0m
[0;32m[1784655656.692] [8833:8835] [DIS] Keeping DNSSD lookup active[0m
[0;32m[1784655656.893] [8833:8835] [DIS] Checking node lookup status for 9E0B4DDD9266A69B-0000000000000001 after 202 ms[0m
[0;34m[1784655656.893] [8833:8835] [DIS] OperationalSessionSetup[1:0000000000000001]: Updating device address to UDP:[fe80::bfe:a203:38f0:bce7%enp0s3]:5540 while in state 2[0m
[0;34m[1784655656.893] [8833:8835] [DIS] OperationalSessionSetup[1:0000000000000001]: State change 2 --> 3[0m
[0;34m[1784655656.893] [8833:8835] [IN] SecureSession[0x7decdc009cd0]: Allocated Type:2 LSID:8541[0m
[0;32m[1784655656.893] [8833:8835] [SC] Initiating session on local FabricIndex 1 from 0x000000000001B669 -> 0x0000000000000001[0m
[0;32m[1784655656.893] [8833:8835] [EM] <<< [E:63066i S:0 M:209945529] (U) Msg TX from DF5B022D7668C06C to 0:0000000000000000 [0000] [UDP:[fe80::bfe:a203:38f0:bce7%enp0s3]:5540] --- Type 0000:30 (SecureChannel:CASE_Sigma1) (B:196)[0m
[0;32m[1784655656.895] [8833:8835] [EM] ??1 [E:63066i S:0 M:209945529] (U) Msg Retransmission to 0:0000000000000000 scheduled for 610ms from now [State:Idle II:500 AI:300 AT:4000][0m
[0;32m[1784655656.895] [8833:8835] [SC] Sent Sigma1 msg to <0000000000000001, 1> [II:500ms AI:300ms AT:4000ms][0m
[0;34m[1784655656.895] [8833:8835] [DIS] OperationalSessionSetup[1:0000000000000001]: State change 3 --> 4[0m
[0;32m[1784655656.896] [8833:8835] [EM] >>> [E:63066i S:0 M:56403568 (Ack:209945529)] (U) Msg RX from 0:0000000000000000 [0000] to DF5B022D7668C06C --- Type 0000:31 (SecureChannel:CASE_Sigma2) (B:751)[0m
[0;34m[1784655656.897] [8833:8835] [EM] Found matching exchange: 63066i, Delegate: 0x7decdc00b8e8[0m
[0;34m[1784655656.897] [8833:8835] [EM] Rxd Ack; Removing MessageCounter:209945529 from Retrans Table on exchange 63066i[0m
[0;32m[1784655656.897] [8833:8835] [SC] Received Sigma2 msg[0m
[0;34m[1784655656.897] [8833:8835] [SC] Found MRP parameters in the message[0m
[0;34m[1784655656.899] [8833:8835] [SC] Peer <0000000000000001, 1> assigned session ID 13596[0m
[0;34m[1784655656.899] [8833:8835] [SC] Sending Sigma3[0m
[0;32m[1784655656.899] [8833:8835] [EM] <<< [E:63066i S:0 M:209945530 (Ack:56403568)] (U) Msg TX from DF5B022D7668C06C to 0:0000000000000000 [0000] [UDP:[fe80::bfe:a203:38f0:bce7%enp0s3]:5540] --- Type 0000:32 (SecureChannel:CASE_Sigma3) (B:598)[0m
[0;32m[1784655656.899] [8833:8835] [EM] ??1 [E:63066i S:0 M:209945530] (U) Msg Retransmission to 0:0000000000000000 scheduled for 412ms from now [State:Active II:500 AI:300 AT:4000][0m
[0;32m[1784655656.899] [8833:8835] [SC] Sent Sigma3 msg[0m
[0;32m[1784655656.910] [8833:8835] [EM] >>> [E:63066i S:0 M:56403569 (Ack:209945530)] (U) Msg RX from 0:0000000000000000 [0000] to DF5B022D7668C06C --- Type 0000:40 (SecureChannel:StatusReport) (B:34)[0m
[0;34m[1784655656.910] [8833:8835] [EM] Found matching exchange: 63066i, Delegate: 0x7decdc00b8e8[0m
[0;34m[1784655656.910] [8833:8835] [EM] Rxd Ack; Removing MessageCounter:209945530 from Retrans Table on exchange 63066i[0m
[0;32m[1784655656.910] [8833:8835] [SC] Success status report received. Session was established[0m
[0;32m[1784655656.911] [8833:8835] [SC] SecureSession[0x7decdc009cd0, LSID:8541]: State change 'kEstablishing' --> 'kActive'[0m
[0;34m[1784655656.911] [8833:8835] [IN] SecureSession[0x7decdc009cd0]: Activated - Type:2 LSID:8541[0m
[0;34m[1784655656.911] [8833:8835] [IN] New secure session activated for device <0000000000000001, 1>, LSID:8541 PSID:13596![0m
[0;34m[1784655656.911] [8833:8835] [DIS] OperationalSessionSetup[1:0000000000000001]: State change 4 --> 5[0m
[0;32m[1784655656.911] [8833:8835] [TOO] Sending cluster (0x0000003E) command (0x00000004) on endpoint 0[0m
[0;34m[1784655656.911] [8833:8835] [DMG] ICR moving to [AddingComm][0m
[0;34m[1784655656.911] [8833:8835] [DMG] ICR moving to [AddedComma][0m
[0;32m[1784655656.911] [8833:8835] [EM] <<< [E:63067i S:8541 M:251298589] (S) Msg TX from 000000000001B669 to 1:0000000000000001 [A69B] [UDP:[fe80::bfe:a203:38f0:bce7%enp0s3]:5540] --- Type 0001:08 (IM:InvokeCommandRequest) (B:96)[0m
[0;32m[1784655656.911] [8833:8835] [EM] ??1 [E:63067i S:8541 M:251298589] (S) Msg Retransmission to 1:0000000000000001 scheduled for 371ms from now [State:Active II:500 AI:300 AT:4000][0m
[0;34m[1784655656.911] [8833:8835] [DMG] ICR moving to [AwaitingRe][0m
[0;32m[1784655656.911] [8833:8835] [EM] <<< [E:63066i S:0 M:209945531 (Ack:56403569)] (U) Msg TX from DF5B022D7668C06C to 0:0000000000000000 [0000] [UDP:[fe80::bfe:a203:38f0:bce7%enp0s3]:5540] --- Type 0000:10 (SecureChannel:StandaloneAck) (B:26)[0m
[0;34m[1784655656.911] [8833:8835] [EM] Flushed pending ack for MessageCounter:56403569 on exchange 63066i[0m
[0;32m[1784655656.912] [8833:8835] [EM] >>> [E:63067i S:8541 M:190546916 (Ack:251298589)] (S) Msg RX from 1:0000000000000001 [A69B] to 000000000001B669 --- Type 0001:09 (IM:InvokeCommandResponse) (B:377)[0m
[0;34m[1784655656.912] [8833:8835] [EM] Found matching exchange: 63067i, Delegate: 0x7decdc00eef8[0m
[0;34m[1784655656.912] [8833:8835] [EM] Rxd Ack; Removing MessageCounter:251298589 from Retrans Table on exchange 63067i[0m
[0;34m[1784655656.912] [8833:8835] [DMG] ICR moving to [ResponseRe][0m
[0;34m[1784655656.912] [8833:8835] [DMG] InvokeResponseMessage =[0m
[0;34m[1784655656.912] [8833:8835] [DMG] {[0m
[0;34m[1784655656.912] [8833:8835] [DMG] 	suppressResponse = false, [0m
[0;34m[1784655656.912] [8833:8835] [DMG] 	InvokeResponseIBs =[0m
[0;34m[1784655656.912] [8833:8835] [DMG] 	[[0m
[0;34m[1784655656.912] [8833:8835] [DMG] 		InvokeResponseIB =[0m
[0;34m[1784655656.912] [8833:8835] [DMG] 		{[0m
[0;34m[1784655656.912] [8833:8835] [DMG] 			CommandDataIB =[0m
[0;34m[1784655656.912] [8833:8835] [DMG] 			{[0m
[0;34m[1784655656.912] [8833:8835] [DMG] 				CommandPathIB =[0m
[0;34m[1784655656.912] [8833:8835] [DMG] 				{[0m
[0;34m[1784655656.912] [8833:8835] [DMG] 					EndpointId = 0x0,[0m
[0;34m[1784655656.912] [8833:8835] [DMG] 					ClusterId = 0x3e,[0m
[0;34m[1784655656.912] [8833:8835] [DMG] 					CommandId = 0x5,[0m
[0;34m[1784655656.912] [8833:8835] [DMG] 				},[0m
[0;34m[1784655656.912] [8833:8835] [DMG] 				[0m
[0;34m[1784655656.912] [8833:8835] [DMG] 				CommandFields = [0m
[0;34m[1784655656.912] [8833:8835] [DMG] 				{[0m
[0;34m[1784655656.912] [8833:8835] [DMG] 					0x0 = [[0m
[0;34m[1784655656.912] [8833:8835] [DMG] 							0x15, 0x30, 0x01, 0xcb, 0x30, 0x81, 0xc8, 0x30, 0x70, 0x02, 0x01, 0x00, 0x30, 0x0e, 0x31, 0x0c, 0x30, 0x0a, 0x06, 0x03, 0x55, 0x04, 0x0a, 0x0c, 0x03, 0x43, 0x53, 0x52, 0x30, 0x59, 0x30, 0x13, 0x06, 0x07, 0x2a, 0x86, 0x48, 0xce, 0x3d, 0x02, 0x01, 0x06, 0x08, 0x2a, 0x86, 0x48, 0xce, 0x3d, 0x03, 0x01, 0x07, 0x03, 0x42, 0x00, 0x04, 0x06, 0x8a, 0xc5, 0x5d, 0xc7, 0x07, 0x73, 0xa5, 0xaf, 0xf2, 0x92, 0x59, 0x29, 0x56, 0xc1, 0x76, 0x15, 0xd0, 0x8e, 0x8d, 0x0f, 0x7b, 0xfc, 0xb5, 0x93, 0x38, 0x73, 0xd4, 0x8b, 0x6e, 0xcb, 0xa5, 0x3f, 0x5a, 0xe3, 0x23, 0x48, 0x29, 0x7b, 0xdd, 0x9f, 0xc3, 0xf4, 0xe2, 0xaa, 0x21, 0xdc, 0x50, 0xe1, 0xcb, 0x72, 0x7e, 0xae, 0x10, 0x17, 0x57, 0x33, 0x52, 0xa5, 0x0e, 0xaa, 0xa3, 0xf1, 0x45, 0xa0, 0x00, 0x30, 0x0a, 0x06, 0x08, 0x2a, 0x86, 0x48, 0xce, 0x3d, 0x04, 0x03, 0x02, 0x03, 0x48, 0x00, 0x30, 0x45, 0x02, 0x21, 0x00, 0x94, 0x28, 0x11, 0xd5, 0x30, 0x77, 0x03, 0x83, 0xb4, 0x53, 0xf4, 0x36, 0x33, 0xe8, 0xdc, 0xb7, 0xba, 0xf4, 0x64, 0x49, 0x42, 0xfa, 0x7c, 0x4c, 0xcc, 0x69, 0x30, 0x05, 0x46, 0x0b, 0x90, 0x38, 0x02, 0x20, 0x14, 0xa2, 0xe7, 0xed, 0xc0, 0x3f, 0x43, 0xe9, 0x6b, 0xd7, 0x67, 0xcc, 0xf9, 0x00, 0x63, 0x0e, 0x29, 0x43, 0x2a, 0x96, 0x8e, 0x40, 0x44, 0x94, 0x96, 0x99, 0x67, 0x48, 0x60, 0xaf, 0x23, 0x98, 0x30, 0x02, 0x20, 0x14, 0x3a, 0xcd, 0x33, 0x60, 0x74, 0xc5, 0x06, 0xf0, 0x32, 0x21, 0xe1, 0x96, 0xa0, 0x7e, 0xcb, 0xf3, 0x6c, 0x71, 0x65, 0xcf, 0xcd, 0x3e, 0x9d, 0x2f, 0x73, 0x63, 0x6a, 0xe7, 0x78, 0xa9, 0x81, 0x18, [0m
[0;34m[1784655656.912] [8833:8835] [DMG] 					] (243 bytes)[0m
[0;34m[1784655656.912] [8833:8835] [DMG] 					0x1 = [[0m
[0;34m[1784655656.912] [8833:8835] [DMG] 							0x26, 0x82, 0x68, 0xa7, 0x48, 0xa7, 0xe1, 0xa7, 0xe9, 0x3e, 0xc6, 0x8d, 0x56, 0x06, 0x1b, 0x65, 0xee, 0x5b, 0xcc, 0xda, 0x24, 0x27, 0xfc, 0x47, 0xe5, 0x05, 0x5a, 0xbb, 0xe2, 0xe6, 0xe2, 0xf0, 0x0c, 0x36, 0x36, 0xb2, 0x49, 0x7e, 0x10, 0x38, 0x2c, 0x84, 0xae, 0x8f, 0x6c, 0xaf, 0x25, 0xd8, 0x13, 0xbe, 0x2c, 0xf0, 0x22, 0x36, 0x0f, 0x40, 0x40, 0xfc, 0x9a, 0xbe, 0xb1, 0xcc, 0xfd, 0x3b, [0m
[0;34m[1784655656.912] [8833:8835] [DMG] 					] (64 bytes)[0m
[0;34m[1784655656.912] [8833:8835] [DMG] 				},[0m
[0;34m[1784655656.912] [8833:8835] [DMG] 			},[0m
[0;34m[1784655656.912] [8833:8835] [DMG] 			[0m
[0;34m[1784655656.912] [8833:8835] [DMG] 		},[0m
[0;34m[1784655656.912] [8833:8835] [DMG] 		[0m
[0;34m[1784655656.912] [8833:8835] [DMG] 	],[0m
[0;34m[1784655656.912] [8833:8835] [DMG] 	[0m
[0;34m[1784655656.912] [8833:8835] [DMG] 	InteractionModelRevision = 12[0m
[0;34m[1784655656.912] [8833:8835] [DMG] },[0m
[0;32m[1784655656.912] [8833:8835] [DMG] Received Command Response Data, Endpoint=0 Cluster=0x0000_003E Command=0x0000_0005[0m
[0;32m[1784655656.912] [8833:8835] [TOO] Endpoint: 0 Cluster: 0x0000_003E Command 0x0000_0005[0m
[0;32m[1784655656.912] [8833:8835] [TOO]   CSRResponse: {[0m
[0;32m[1784655656.912] [8833:8835] [TOO]     NOCSRElements: 153001CB3081C83070020100300E310C300A060355040A0C034353523059301306072A8648CE3D020106082A8648CE3D03010703420004068AC55DC70773A5AFF292592956C17615D08E8D0F7BFCB5933873D48B6ECBA53F5AE32348297BDD9FC3F4E2AA21DC50E1CB727EAE1017573352A50EAAA3F145A000300A06082A8648CE3D0403020348003045022100942811D530770383B453F43633E8DCB7BAF4644942FA7C4CCC693005460B9038022014A2E7EDC03F43E96BD767CCF900630E29432A968E4044949699674860AF2398300220143ACD336074C506F03221E196A07ECBF36C7165CFCD3E9D2F73636AE778A98118[0m
[0;32m[1784655656.912] [8833:8835] [TOO]     attestationSignature: 268268A748A7E1A7E93EC68D56061B65EE5BCCDA2427FC47E5055ABBE2E6E2F00C3636B2497E10382C84AE8F6CAF25D813BE2CF022360F4040FC9ABEB1CCFD3B[0m
[0;32m[1784655656.912] [8833:8835] [TOO]    }[0m
[0;34m[1784655656.912] [8833:8835] [DMG] ICR moving to [AwaitingDe][0m
[0;32m[1784655656.912] [8833:8835] [EM] <<< [E:63067i S:8541 M:251298590 (Ack:190546916)] (S) Msg TX from 000000000001B669 to 1:0000000000000001 [A69B] [UDP:[fe80::bfe:a203:38f0:bce7%enp0s3]:5540] --- Type 0000:10 (SecureChannel:StandaloneAck) (B:34)[0m
[0;34m[1784655656.912] [8833:8835] [EM] Flushed pending ack for MessageCounter:190546916 on exchange 63067i[0m
[0;34m[1784655656.912] [8833:8833] [CTL] Shutting down the commissioner[0m
[0;32m[1784655656.913] [8833:8833] [PAF] WiFiPAF: Closing all WiFiPAF sessions to shutdown[0m
[0;34m[1784655656.913] [8833:8833] [CTL] Shutting down the controller[0m
[0;34m[1784655656.913] [8833:8833] [IN] Expiring all sessions for fabric 0x1!![0m
[0;34m[1784655656.913] [8833:8833] [IN] SecureSession[0x7decdc009cd0]: MarkForEviction Type:2 LSID:8541[0m
[0;32m[1784655656.913] [8833:8833] [SC] SecureSession[0x7decdc009cd0, LSID:8541]: State change 'kActive' --> 'kPendingEviction'[0m
[0;34m[1784655656.913] [8833:8833] [IN] SecureSession[0x7decdc009cd0]: Released - Type:2 LSID:8541[0m
[0;32m[1784655656.913] [8833:8833] [FP] Forgetting fabric 0x1[0m
[0;32m[1784655656.913] [8833:8833] [TS] Pending Last Known Good Time: 2023-10-14T01:16:48[0m
[0;32m[1784655656.913] [8833:8833] [TS] Previous Last Known Good Time: 2023-10-14T01:16:48[0m
[0;32m[1784655656.913] [8833:8833] [TS] Reverted Last Known Good Time to previous value[0m
[0;34m[1784655656.913] [8833:8833] [CTL] Shutting down the commissioner[0m
[0;32m[1784655656.913] [8833:8833] [PAF] WiFiPAF: Closing all WiFiPAF sessions to shutdown[0m
[0;34m[1784655656.913] [8833:8833] [CTL] Shutting down the controller[0m
[0;34m[1784655656.913] [8833:8833] [CTL] Shutting down the System State, this will teardown the CHIP Stack[0m
[0;34m[1784655656.913] [8833:8833] [DMG] All ReadHandler-s are clean, clear GlobalDirtySet[0m
[0;32m[1784655656.913] [8833:8833] [FP] Shutting down FabricTable[0m
[0;32m[1784655656.913] [8833:8833] [TS] Pending Last Known Good Time: 2023-10-14T01:16:48[0m
[0;32m[1784655656.913] [8833:8833] [TS] Previous Last Known Good Time: 2023-10-14T01:16:48[0m
[0;32m[1784655656.913] [8833:8833] [TS] Reverted Last Known Good Time to previous value[0m
[0;34m[1784655656.916] [8833:8833] [DL] Wrote settings to /tmp/chip_counters.ini[0m
[0;32m[1784655656.916] [8833:8833] [DL] NVS set: chip-counters/total-operational-hours = 0 (0x0)[0m
[0;32m[1784655656.916] [8833:8833] [DL] Inet Layer shutdown[0m
[0;32m[1784655656.916] [8833:8833] [DL] BLE Layer shutdown[0m
[0;32m[1784655656.916] [8833:8833] [DL] WiFi-PAF Layer shutdown[0m
[0;32m[1784655656.916] [8833:8833] [PAF] WiFiPAF: Closing all WiFiPAF sessions to shutdown[0m
[0;32m[1784655656.916] [8833:8833] [DL] System Layer shutdown[0m
