[0;34m[1784655657.317] [8846:8846] [DL] ChipLinuxStorage::Init: Using KVS config file: /tmp/chip_tool_kvs[0m
[1;31m[1784655657.317] [8846:8846] [DL] ChipLinuxStorage::Init: Attempt to re-initialize with KVS config file: /tmp/chip_kvs, IGNORING.[0m
[0;34m[1784655657.319] [8846:8846] [DL] ChipLinuxStorage::Init: Using KVS config file: /tmp/chip_factory.ini[0m
[0;34m[1784655657.319] [8846:8846] [DL] ChipLinuxStorage::Init: Using KVS config file: /tmp/chip_config.ini[0m
[0;34m[1784655657.319] [8846:8846] [DL] ChipLinuxStorage::Init: Using KVS config file: /tmp/chip_counters.ini[0m
[0;34m[1784655657.322] [8846:8846] [DL] Wrote settings to /tmp/chip_counters.ini[0m
[0;32m[1784655657.322] [8846:8846] [DL] NVS set: chip-counters/reboot-count = 6 (0x6)[0m
[0;32m[1784655657.322] [8846:8846] [DL] Got Ethernet interface: enp0s3[0m
[0;32m[1784655657.322] [8846:8846] [DL] Found the primary Ethernet interface:enp0s3[0m
[1;31m[1784655657.322] [8846:8846] [DL] Failed to get WiFi interface[0m
[1;31m[1784655657.322] [8846:8846] [DL] Failed to reset WiFi statistic counts[0m
[0;32m[1784655657.322] [8846:8846] [PAF] WiFiPAF: WiFiPAFLayer::Init()[0m
[0;34m[1784655657.322] [8846:8846] [IN] UDP::Init bind&listen port=0[0m
[0;34m[1784655657.322] [8846:8846] [IN] UDP::Init bound to port=41950[0m
[0;34m[1784655657.322] [8846:8846] [IN] UDP::Init bind&listen port=0[0m
[0;34m[1784655657.322] [8846:8846] [IN] UDP::Init bound to port=36486[0m
[0;34m[1784655657.322] [8846:8846] [IN] BLEBase::Init - setting/overriding transport[0m
[0;34m[1784655657.322] [8846:8846] [IN] WiFiPAFBase::Init - setting/overriding transport[0m
[0;34m[1784655657.322] [8846:8846] [IN] TransportMgr initialized[0m
[0;34m[1784655657.322] [8846:8846] [FP] Initializing FabricTable from persistent storage[0m
[0;32m[1784655657.322] [8846:8846] [TS] Last Known Good Time: 2023-10-14T01:16:48[0m
[0;32m[1784655657.323] [8846:8846] [FP] Fabric index 0x1 was retrieved from storage. Compressed FabricId 0x9E0B4DDD9266A69B, FabricId 0x0000000000000001, NodeId 0x000000000001B669, VendorId 0xFFF1[0m
[0;32m[1784655657.324] [8846:8846] [DMG] Ember attribute persistence requires setting up[0m
[0;32m[1784655657.324] [8846:8846] [ZCL] Using ZAP configuration...[0m
[0;34m[1784655657.324] [8846:8846] [CTL] System State Initialized...[0m
[0;32m[1784655657.324] [8846:8846] [CTL] Setting attestation nonce to random value[0m
[0;32m[1784655657.324] [8846:8846] [CTL] Setting CSR nonce to random value[0m
[0;34m[1784655657.324] [8846:8848] [DL] CHIP task running[0m
[0;32m[1784655657.324] [8846:8848] [CTL] Setting attestation nonce to random value[0m
[0;32m[1784655657.324] [8846:8848] [CTL] Setting CSR nonce to random value[0m
[0;32m[1784655657.324] [8846:8848] [CTL] Generating NOC[0m
[0;32m[1784655657.324] [8846:8848] [FP] Validating NOC chain[0m
[0;32m[1784655657.325] [8846:8848] [FP] NOC chain validation successful[0m
[0;32m[1784655657.325] [8846:8848] [FP] Updated fabric at index: 0x1, Node ID: 0x000000000001B669[0m
[0;32m[1784655657.325] [8846:8848] [TS] Last Known Good Time: 2023-10-14T01:16:48[0m
[0;32m[1784655657.325] [8846:8848] [TS] New proposed Last Known Good Time: 2021-01-01T00:00:00[0m
[0;32m[1784655657.325] [8846:8848] [TS] Retaining current Last Known Good Time[0m
[0;32m[1784655657.326] [8846:8848] [FP] Metadata for Fabric 0x1 persisted to storage.[0m
[0;32m[1784655657.327] [8846:8848] [TS] Committing Last Known Good Time to storage: 2023-10-14T01:16:48[0m
[0;32m[1784655657.328] [8846:8848] [CTL] Joined the fabric at index 1. Fabric ID is 0x0000000000000001 (Compressed Fabric ID: 9E0B4DDD9266A69B)[0m
[0;32m[1784655657.334] [8846:8848] [TOO] Sending command to node 0x1[0m
[0;34m[1784655657.334] [8846:8848] [CSM] FindOrEstablishSession: PeerId = [1:0000000000000001][0m
[0;34m[1784655657.334] [8846:8848] [CSM] FindOrEstablishSession: No existing OperationalSessionSetup instance found[0m
[0;34m[1784655657.334] [8846:8848] [DIS] OperationalSessionSetup[1:0000000000000001]: State change 1 --> 2[0m
[0;32m[1784655657.334] [8846:8848] [DIS] Lookup started for 9E0B4DDD9266A69B-0000000000000001[0m
[0;32m[1784655657.334] [8846:8848] [DIS] UDP:[fe80::bfe:a203:38f0:bce7%enp0s3]:5540: new best score: 7 (for 9E0B4DDD9266A69B-0000000000000001)[0m
[0;34m[1784655657.334] [8846:8848] [DIS] Lookup clearing interface for non LL address[0m
[0;32m[1784655657.334] [8846:8848] [DIS] UDP:10.0.2.15%enp0s3:5540: new best score: 2 (for 9E0B4DDD9266A69B-0000000000000001)[0m
[0;32m[1784655657.334] [8846:8848] [DIS] Checking node lookup status for 9E0B4DDD9266A69B-0000000000000001 after 1 ms[0m
[0;32m[1784655657.334] [8846:8848] [DIS] Keeping DNSSD lookup active[0m
[0;32m[1784655657.335] [8846:8848] [DIS] UDP:[fe80::bfe:a203:38f0:bce7%enp0s3]:5540: score has not improved: 7 (for 9E0B4DDD9266A69B-0000000000000001)[0m
[0;34m[1784655657.335] [8846:8848] [DIS] Lookup clearing interface for non LL address[0m
[0;32m[1784655657.335] [8846:8848] [DIS] UDP:10.0.2.15%enp0s3:5540: score has not improved: 2 (for 9E0B4DDD9266A69B-0000000000000001)[0m
[0;32m[1784655657.335] [8846:8848] [DIS] Checking node lookup status for 9E0B4DDD9266A69B-0000000000000001 after 1 ms[0m
[0;32m[1784655657.335] [8846:8848] [DIS] Keeping DNSSD lookup active[0m
[0;32m[1784655657.534] [8846:8848] [DIS] Checking node lookup status for 9E0B4DDD9266A69B-0000000000000001 after 200 ms[0m
[0;34m[1784655657.534] [8846:8848] [DIS] OperationalSessionSetup[1:0000000000000001]: Updating device address to UDP:[fe80::bfe:a203:38f0:bce7%enp0s3]:5540 while in state 2[0m
[0;34m[1784655657.534] [8846:8848] [DIS] OperationalSessionSetup[1:0000000000000001]: State change 2 --> 3[0m
[0;34m[1784655657.534] [8846:8848] [IN] SecureSession[0x759144009cd0]: Allocated Type:2 LSID:23709[0m
[0;32m[1784655657.534] [8846:8848] [SC] Initiating session on local FabricIndex 1 from 0x000000000001B669 -> 0x0000000000000001[0m
[0;32m[1784655657.534] [8846:8848] [EM] <<< [E:61001i S:0 M:160760712] (U) Msg TX from 7678C98441BE3C96 to 0:0000000000000000 [0000] [UDP:[fe80::bfe:a203:38f0:bce7%enp0s3]:5540] --- Type 0000:30 (SecureChannel:CASE_Sigma1) (B:196)[0m
[0;32m[1784655657.535] [8846:8848] [EM] ??1 [E:61001i S:0 M:160760712] (U) Msg Retransmission to 0:0000000000000000 scheduled for 648ms from now [State:Idle II:500 AI:300 AT:4000][0m
[0;32m[1784655657.535] [8846:8848] [SC] Sent Sigma1 msg to <0000000000000001, 1> [II:500ms AI:300ms AT:4000ms][0m
[0;34m[1784655657.535] [8846:8848] [DIS] OperationalSessionSetup[1:0000000000000001]: State change 3 --> 4[0m
[0;32m[1784655657.536] [8846:8848] [EM] >>> [E:61001i S:0 M:56403572 (Ack:160760712)] (U) Msg RX from 0:0000000000000000 [0000] to 7678C98441BE3C96 --- Type 0000:31 (SecureChannel:CASE_Sigma2) (B:751)[0m
[0;34m[1784655657.536] [8846:8848] [EM] Found matching exchange: 61001i, Delegate: 0x75914400b8e8[0m
[0;34m[1784655657.536] [8846:8848] [EM] Rxd Ack; Removing MessageCounter:160760712 from Retrans Table on exchange 61001i[0m
[0;32m[1784655657.536] [8846:8848] [SC] Received Sigma2 msg[0m
[0;34m[1784655657.536] [8846:8848] [SC] Found MRP parameters in the message[0m
[0;34m[1784655657.536] [8846:8848] [SC] Peer <0000000000000001, 1> assigned session ID 13598[0m
[0;34m[1784655657.536] [8846:8848] [SC] Sending Sigma3[0m
[0;32m[1784655657.536] [8846:8848] [EM] <<< [E:61001i S:0 M:160760713 (Ack:56403572)] (U) Msg TX from 7678C98441BE3C96 to 0:0000000000000000 [0000] [UDP:[fe80::bfe:a203:38f0:bce7%enp0s3]:5540] --- Type 0000:32 (SecureChannel:CASE_Sigma3) (B:598)[0m
[0;32m[1784655657.537] [8846:8848] [EM] ??1 [E:61001i S:0 M:160760713] (U) Msg Retransmission to 0:0000000000000000 scheduled for 375ms from now [State:Active II:500 AI:300 AT:4000][0m
[0;32m[1784655657.537] [8846:8848] [SC] Sent Sigma3 msg[0m
[0;32m[1784655657.545] [8846:8848] [EM] >>> [E:61001i S:0 M:56403573 (Ack:160760713)] (U) Msg RX from 0:0000000000000000 [0000] to 7678C98441BE3C96 --- Type 0000:40 (SecureChannel:StatusReport) (B:34)[0m
[0;34m[1784655657.545] [8846:8848] [EM] Found matching exchange: 61001i, Delegate: 0x75914400b8e8[0m
[0;34m[1784655657.545] [8846:8848] [EM] Rxd Ack; Removing MessageCounter:160760713 from Retrans Table on exchange 61001i[0m
[0;32m[1784655657.545] [8846:8848] [SC] Success status report received. Session was established[0m
[0;32m[1784655657.546] [8846:8848] [SC] SecureSession[0x759144009cd0, LSID:23709]: State change 'kEstablishing' --> 'kActive'[0m
[0;34m[1784655657.546] [8846:8848] [IN] SecureSession[0x759144009cd0]: Activated - Type:2 LSID:23709[0m
[0;34m[1784655657.546] [8846:8848] [IN] New secure session activated for device <0000000000000001, 1>, LSID:23709 PSID:13598![0m
[0;34m[1784655657.546] [8846:8848] [DIS] OperationalSessionSetup[1:0000000000000001]: State change 4 --> 5[0m
[0;32m[1784655657.546] [8846:8848] [TOO] Sending cluster (0x0000003E) command (0x00000007) on endpoint 0[0m
[0;34m[1784655657.546] [8846:8848] [DMG] ICR moving to [AddingComm][0m
[0;34m[1784655657.546] [8846:8848] [DMG] ICR moving to [AddedComma][0m
[0;32m[1784655657.546] [8846:8848] [EM] <<< [E:61002i S:23709 M:265882327] (S) Msg TX from 000000000001B669 to 1:0000000000000001 [A69B] [UDP:[fe80::bfe:a203:38f0:bce7%enp0s3]:5540] --- Type 0001:08 (IM:InvokeCommandRequest) (B:330)[0m
[0;32m[1784655657.546] [8846:8848] [EM] ??1 [E:61002i S:23709 M:265882327] (S) Msg Retransmission to 1:0000000000000001 scheduled for 370ms from now [State:Active II:500 AI:300 AT:4000][0m
[0;34m[1784655657.546] [8846:8848] [DMG] ICR moving to [AwaitingRe][0m
[0;32m[1784655657.546] [8846:8848] [EM] <<< [E:61001i S:0 M:160760714 (Ack:56403573)] (U) Msg TX from 7678C98441BE3C96 to 0:0000000000000000 [0000] [UDP:[fe80::bfe:a203:38f0:bce7%enp0s3]:5540] --- Type 0000:10 (SecureChannel:StandaloneAck) (B:26)[0m
[0;34m[1784655657.546] [8846:8848] [EM] Flushed pending ack for MessageCounter:56403573 on exchange 61001i[0m
[0;32m[1784655657.556] [8846:8848] [EM] >>> [E:61002i S:23709 M:214478871 (Ack:265882327)] (S) Msg RX from 1:0000000000000001 [A69B] to 000000000001B669 --- Type 0001:09 (IM:InvokeCommandResponse) (B:70)[0m
[0;34m[1784655657.556] [8846:8848] [EM] Found matching exchange: 61002i, Delegate: 0x75914400eef8[0m
[0;34m[1784655657.556] [8846:8848] [EM] Rxd Ack; Removing MessageCounter:265882327 from Retrans Table on exchange 61002i[0m
[0;34m[1784655657.556] [8846:8848] [DMG] ICR moving to [ResponseRe][0m
[0;34m[1784655657.556] [8846:8848] [DMG] InvokeResponseMessage =[0m
[0;34m[1784655657.556] [8846:8848] [DMG] {[0m
[0;34m[1784655657.556] [8846:8848] [DMG] 	suppressResponse = false, [0m
[0;34m[1784655657.556] [8846:8848] [DMG] 	InvokeResponseIBs =[0m
[0;34m[1784655657.556] [8846:8848] [DMG] 	[[0m
[0;34m[1784655657.556] [8846:8848] [DMG] 		InvokeResponseIB =[0m
[0;34m[1784655657.556] [8846:8848] [DMG] 		{[0m
[0;34m[1784655657.556] [8846:8848] [DMG] 			CommandDataIB =[0m
[0;34m[1784655657.556] [8846:8848] [DMG] 			{[0m
[0;34m[1784655657.556] [8846:8848] [DMG] 				CommandPathIB =[0m
[0;34m[1784655657.556] [8846:8848] [DMG] 				{[0m
[0;34m[1784655657.556] [8846:8848] [DMG] 					EndpointId = 0x0,[0m
[0;34m[1784655657.556] [8846:8848] [DMG] 					ClusterId = 0x3e,[0m
[0;34m[1784655657.556] [8846:8848] [DMG] 					CommandId = 0x8,[0m
[0;34m[1784655657.556] [8846:8848] [DMG] 				},[0m
[0;34m[1784655657.556] [8846:8848] [DMG] 				[0m
[0;34m[1784655657.556] [8846:8848] [DMG] 				CommandFields = [0m
[0;34m[1784655657.556] [8846:8848] [DMG] 				{[0m
[0;34m[1784655657.556] [8846:8848] [DMG] 					0x0 = 0 (unsigned), [0m
[0;34m[1784655657.556] [8846:8848] [DMG] 					0x1 = 1 (unsigned), [0m
[0;34m[1784655657.556] [8846:8848] [DMG] 				},[0m
[0;34m[1784655657.556] [8846:8848] [DMG] 			},[0m
[0;34m[1784655657.556] [8846:8848] [DMG] 			[0m
[0;34m[1784655657.556] [8846:8848] [DMG] 		},[0m
[0;34m[1784655657.556] [8846:8848] [DMG] 		[0m
[0;34m[1784655657.556] [8846:8848] [DMG] 	],[0m
[0;34m[1784655657.556] [8846:8848] [DMG] 	[0m
[0;34m[1784655657.556] [8846:8848] [DMG] 	InteractionModelRevision = 12[0m
[0;34m[1784655657.556] [8846:8848] [DMG] },[0m
[0;32m[1784655657.556] [8846:8848] [DMG] Received Command Response Data, Endpoint=0 Cluster=0x0000_003E Command=0x0000_0008[0m
[0;32m[1784655657.556] [8846:8848] [TOO] Endpoint: 0 Cluster: 0x0000_003E Command 0x0000_0008[0m
[0;32m[1784655657.556] [8846:8848] [TOO]   NOCResponse: {[0m
[0;32m[1784655657.556] [8846:8848] [TOO]     statusCode: 0[0m
[0;32m[1784655657.556] [8846:8848] [TOO]     fabricIndex: 1[0m
[0;32m[1784655657.556] [8846:8848] [TOO]    }[0m
[0;34m[1784655657.556] [8846:8848] [DMG] ICR moving to [AwaitingDe][0m
[0;32m[1784655657.556] [8846:8848] [EM] <<< [E:61002i S:23709 M:265882328 (Ack:214478871)] (S) Msg TX from 000000000001B669 to 1:0000000000000001 [A69B] [UDP:[fe80::bfe:a203:38f0:bce7%enp0s3]:5540] --- Type 0000:10 (SecureChannel:StandaloneAck) (B:34)[0m
[0;34m[1784655657.556] [8846:8848] [EM] Flushed pending ack for MessageCounter:214478871 on exchange 61002i[0m
[0;34m[1784655657.556] [8846:8846] [CTL] Shutting down the commissioner[0m
[0;32m[1784655657.556] [8846:8846] [PAF] WiFiPAF: Closing all WiFiPAF sessions to shutdown[0m
[0;34m[1784655657.556] [8846:8846] [CTL] Shutting down the controller[0m
[0;34m[1784655657.556] [8846:8846] [IN] Expiring all sessions for fabric 0x1!![0m
[0;34m[1784655657.556] [8846:8846] [IN] SecureSession[0x759144009cd0]: MarkForEviction Type:2 LSID:23709[0m
[0;32m[1784655657.556] [8846:8846] [SC] SecureSession[0x759144009cd0, LSID:23709]: State change 'kActive' --> 'kPendingEviction'[0m
[0;34m[1784655657.556] [8846:8846] [IN] SecureSession[0x759144009cd0]: Released - Type:2 LSID:23709[0m
[0;32m[1784655657.556] [8846:8846] [FP] Forgetting fabric 0x1[0m
[0;32m[1784655657.556] [8846:8846] [TS] Pending Last Known Good Time: 2023-10-14T01:16:48[0m
[0;32m[1784655657.556] [8846:8846] [TS] Previous Last Known Good Time: 2023-10-14T01:16:48[0m
[0;32m[1784655657.556] [8846:8846] [TS] Reverted Last Known Good Time to previous value[0m
[0;34m[1784655657.556] [8846:8846] [CTL] Shutting down the commissioner[0m
[0;32m[1784655657.556] [8846:8846] [PAF] WiFiPAF: Closing all WiFiPAF sessions to shutdown[0m
[0;34m[1784655657.556] [8846:8846] [CTL] Shutting down the controller[0m
[0;34m[1784655657.556] [8846:8846] [CTL] Shutting down the System State, this will teardown the CHIP Stack[0m
[0;34m[1784655657.556] [8846:8846] [DMG] All ReadHandler-s are clean, clear GlobalDirtySet[0m
[0;32m[1784655657.556] [8846:8846] [FP] Shutting down FabricTable[0m
[0;32m[1784655657.556] [8846:8846] [TS] Pending Last Known Good Time: 2023-10-14T01:16:48[0m
[0;32m[1784655657.556] [8846:8846] [TS] Previous Last Known Good Time: 2023-10-14T01:16:48[0m
[0;32m[1784655657.556] [8846:8846] [TS] Reverted Last Known Good Time to previous value[0m
[0;34m[1784655657.558] [8846:8846] [DL] Wrote settings to /tmp/chip_counters.ini[0m
[0;32m[1784655657.558] [8846:8846] [DL] NVS set: chip-counters/total-operational-hours = 0 (0x0)[0m
[0;32m[1784655657.558] [8846:8846] [DL] Inet Layer shutdown[0m
[0;32m[1784655657.558] [8846:8846] [DL] BLE Layer shutdown[0m
[0;32m[1784655657.558] [8846:8846] [DL] WiFi-PAF Layer shutdown[0m
[0;32m[1784655657.558] [8846:8846] [PAF] WiFiPAF: Closing all WiFiPAF sessions to shutdown[0m
[0;32m[1784655657.558] [8846:8846] [DL] System Layer shutdown[0m
