[0;34m[1784836861.707] [20454:20454] [DL] ChipLinuxStorage::Init: Using KVS config file: /tmp/chip_tool_kvs[0m
[1;31m[1784836861.709] [20454:20454] [DL] ChipLinuxStorage::Init: Attempt to re-initialize with KVS config file: /tmp/chip_kvs, IGNORING.[0m
[0;34m[1784836861.710] [20454:20454] [DL] ChipLinuxStorage::Init: Using KVS config file: /tmp/chip_factory.ini[0m
[0;34m[1784836861.710] [20454:20454] [DL] ChipLinuxStorage::Init: Using KVS config file: /tmp/chip_config.ini[0m
[0;34m[1784836861.710] [20454:20454] [DL] ChipLinuxStorage::Init: Using KVS config file: /tmp/chip_counters.ini[0m
[0;34m[1784836861.713] [20454:20454] [DL] Wrote settings to /tmp/chip_counters.ini[0m
[0;32m[1784836861.713] [20454:20454] [DL] NVS set: chip-counters/reboot-count = 3 (0x3)[0m
[0;32m[1784836861.714] [20454:20454] [DL] Got Ethernet interface: enp0s3[0m
[0;32m[1784836861.714] [20454:20454] [DL] Found the primary Ethernet interface:enp0s3[0m
[1;31m[1784836861.714] [20454:20454] [DL] Failed to get WiFi interface[0m
[1;31m[1784836861.714] [20454:20454] [DL] Failed to reset WiFi statistic counts[0m
[0;32m[1784836861.714] [20454:20454] [PAF] WiFiPAF: WiFiPAFLayer::Init()[0m
[0;34m[1784836861.714] [20454:20454] [IN] UDP::Init bind&listen port=0[0m
[0;34m[1784836861.714] [20454:20454] [IN] UDP::Init bound to port=59708[0m
[0;34m[1784836861.714] [20454:20454] [IN] UDP::Init bind&listen port=0[0m
[0;34m[1784836861.714] [20454:20454] [IN] UDP::Init bound to port=58392[0m
[0;34m[1784836861.714] [20454:20454] [IN] BLEBase::Init - setting/overriding transport[0m
[0;34m[1784836861.714] [20454:20454] [IN] WiFiPAFBase::Init - setting/overriding transport[0m
[0;34m[1784836861.714] [20454:20454] [IN] TransportMgr initialized[0m
[0;34m[1784836861.714] [20454:20454] [FP] Initializing FabricTable from persistent storage[0m
[0;32m[1784836861.714] [20454:20454] [TS] Last Known Good Time: 2023-10-14T01:16:48[0m
[0;32m[1784836861.714] [20454:20454] [FP] Fabric index 0x1 was retrieved from storage. Compressed FabricId 0x0F24904302B5F9DC, FabricId 0x0000000000000001, NodeId 0x000000000001B669, VendorId 0xFFF1[0m
[0;32m[1784836861.715] [20454:20454] [DMG] Ember attribute persistence requires setting up[0m
[0;32m[1784836861.715] [20454:20454] [ZCL] Using ZAP configuration...[0m
[0;34m[1784836861.715] [20454:20454] [CTL] System State Initialized...[0m
[0;32m[1784836861.715] [20454:20454] [CTL] Setting attestation nonce to random value[0m
[0;32m[1784836861.715] [20454:20454] [CTL] Setting CSR nonce to random value[0m
[0;34m[1784836861.715] [20454:20456] [DL] CHIP task running[0m
[0;32m[1784836861.715] [20454:20456] [CTL] Setting attestation nonce to random value[0m
[0;32m[1784836861.715] [20454:20456] [CTL] Setting CSR nonce to random value[0m
[0;32m[1784836861.716] [20454:20456] [CTL] Generating NOC[0m
[0;32m[1784836861.716] [20454:20456] [FP] Validating NOC chain[0m
[0;32m[1784836861.716] [20454:20456] [FP] NOC chain validation successful[0m
[0;32m[1784836861.716] [20454:20456] [FP] Updated fabric at index: 0x1, Node ID: 0x000000000001B669[0m
[0;32m[1784836861.716] [20454:20456] [TS] Last Known Good Time: 2023-10-14T01:16:48[0m
[0;32m[1784836861.716] [20454:20456] [TS] New proposed Last Known Good Time: 2021-01-01T00:00:00[0m
[0;32m[1784836861.716] [20454:20456] [TS] Retaining current Last Known Good Time[0m
[0;32m[1784836861.718] [20454:20456] [FP] Metadata for Fabric 0x1 persisted to storage.[0m
[0;32m[1784836861.719] [20454:20456] [TS] Committing Last Known Good Time to storage: 2023-10-14T01:16:48[0m
[0;32m[1784836861.720] [20454:20456] [CTL] Joined the fabric at index 1. Fabric ID is 0x0000000000000001 (Compressed Fabric ID: 0F24904302B5F9DC)[0m
[0;32m[1784836861.724] [20454:20456] [TOO] Sending command to node 0x1[0m
[0;34m[1784836861.725] [20454:20456] [CSM] FindOrEstablishSession: PeerId = [1:0000000000000001][0m
[0;34m[1784836861.725] [20454:20456] [CSM] FindOrEstablishSession: No existing OperationalSessionSetup instance found[0m
[0;34m[1784836861.725] [20454:20456] [DIS] OperationalSessionSetup[1:0000000000000001]: State change 1 --> 2[0m
[0;32m[1784836861.725] [20454:20456] [DIS] Lookup started for 0F24904302B5F9DC-0000000000000001[0m
[0;32m[1784836861.725] [20454:20456] [DIS] UDP:[fe80::bfe:a203:38f0:bce7%enp0s3]:5540: new best score: 7 (for 0F24904302B5F9DC-0000000000000001)[0m
[0;34m[1784836861.725] [20454:20456] [DIS] Lookup clearing interface for non LL address[0m
[0;32m[1784836861.725] [20454:20456] [DIS] UDP:10.0.2.15%enp0s3:5540: new best score: 2 (for 0F24904302B5F9DC-0000000000000001)[0m
[0;32m[1784836861.725] [20454:20456] [DIS] Checking node lookup status for 0F24904302B5F9DC-0000000000000001 after 1 ms[0m
[0;32m[1784836861.725] [20454:20456] [DIS] Keeping DNSSD lookup active[0m
[0;32m[1784836861.725] [20454:20456] [DIS] UDP:[fe80::bfe:a203:38f0:bce7%enp0s3]:5540: score has not improved: 7 (for 0F24904302B5F9DC-0000000000000001)[0m
[0;34m[1784836861.725] [20454:20456] [DIS] Lookup clearing interface for non LL address[0m
[0;32m[1784836861.725] [20454:20456] [DIS] UDP:10.0.2.15%enp0s3:5540: score has not improved: 2 (for 0F24904302B5F9DC-0000000000000001)[0m
[0;32m[1784836861.725] [20454:20456] [DIS] Checking node lookup status for 0F24904302B5F9DC-0000000000000001 after 1 ms[0m
[0;32m[1784836861.725] [20454:20456] [DIS] Keeping DNSSD lookup active[0m
[0;32m[1784836861.925] [20454:20456] [DIS] Checking node lookup status for 0F24904302B5F9DC-0000000000000001 after 201 ms[0m
[0;34m[1784836861.925] [20454:20456] [DIS] OperationalSessionSetup[1:0000000000000001]: Updating device address to UDP:[fe80::bfe:a203:38f0:bce7%enp0s3]:5540 while in state 2[0m
[0;34m[1784836861.925] [20454:20456] [DIS] OperationalSessionSetup[1:0000000000000001]: State change 2 --> 3[0m
[0;34m[1784836861.926] [20454:20456] [IN] SecureSession[0x72f488009cd0]: Allocated Type:2 LSID:34769[0m
[0;32m[1784836861.926] [20454:20456] [SC] Initiating session on local FabricIndex 1 from 0x000000000001B669 -> 0x0000000000000001[0m
[0;32m[1784836861.927] [20454:20456] [EM] <<< [E:2692i S:0 M:226324170] (U) Msg TX from 92134FAA969AD94D to 0:0000000000000000 [0000] [UDP:[fe80::bfe:a203:38f0:bce7%enp0s3]:5540] --- Type 0000:30 (SecureChannel:CASE_Sigma1) (B:196)[0m
[0;32m[1784836861.927] [20454:20456] [EM] ??1 [E:2692i S:0 M:226324170] (U) Msg Retransmission to 0:0000000000000000 scheduled for 665ms from now [State:Idle II:500 AI:300 AT:4000][0m
[0;32m[1784836861.927] [20454:20456] [SC] Sent Sigma1 msg to <0000000000000001, 1> [II:500ms AI:300ms AT:4000ms][0m
[0;34m[1784836861.927] [20454:20456] [DIS] OperationalSessionSetup[1:0000000000000001]: State change 3 --> 4[0m
[0;32m[1784836861.932] [20454:20456] [EM] >>> [E:2692i S:0 M:148547926 (Ack:226324170)] (U) Msg RX from 0:0000000000000000 [0000] to 92134FAA969AD94D --- Type 0000:31 (SecureChannel:CASE_Sigma2) (B:751)[0m
[0;34m[1784836861.932] [20454:20456] [EM] Found matching exchange: 2692i, Delegate: 0x72f48800b8e8[0m
[0;34m[1784836861.932] [20454:20456] [EM] Rxd Ack; Removing MessageCounter:226324170 from Retrans Table on exchange 2692i[0m
[0;32m[1784836861.932] [20454:20456] [SC] Received Sigma2 msg[0m
[0;34m[1784836861.932] [20454:20456] [SC] Found MRP parameters in the message[0m
[0;34m[1784836861.934] [20454:20456] [SC] Peer <0000000000000001, 1> assigned session ID 45445[0m
[0;34m[1784836861.934] [20454:20456] [SC] Sending Sigma3[0m
[0;32m[1784836861.934] [20454:20456] [EM] <<< [E:2692i S:0 M:226324171 (Ack:148547926)] (U) Msg TX from 92134FAA969AD94D to 0:0000000000000000 [0000] [UDP:[fe80::bfe:a203:38f0:bce7%enp0s3]:5540] --- Type 0000:32 (SecureChannel:CASE_Sigma3) (B:598)[0m
[0;32m[1784836861.935] [20454:20456] [EM] ??1 [E:2692i S:0 M:226324171] (U) Msg Retransmission to 0:0000000000000000 scheduled for 345ms from now [State:Active II:500 AI:300 AT:4000][0m
[0;32m[1784836861.935] [20454:20456] [SC] Sent Sigma3 msg[0m
[0;32m[1784836861.944] [20454:20456] [EM] >>> [E:2692i S:0 M:148547927 (Ack:226324171)] (U) Msg RX from 0:0000000000000000 [0000] to 92134FAA969AD94D --- Type 0000:40 (SecureChannel:StatusReport) (B:34)[0m
[0;34m[1784836861.944] [20454:20456] [EM] Found matching exchange: 2692i, Delegate: 0x72f48800b8e8[0m
[0;34m[1784836861.944] [20454:20456] [EM] Rxd Ack; Removing MessageCounter:226324171 from Retrans Table on exchange 2692i[0m
[0;32m[1784836861.944] [20454:20456] [SC] Success status report received. Session was established[0m
[0;32m[1784836861.945] [20454:20456] [SC] SecureSession[0x72f488009cd0, LSID:34769]: State change 'kEstablishing' --> 'kActive'[0m
[0;34m[1784836861.945] [20454:20456] [IN] SecureSession[0x72f488009cd0]: Activated - Type:2 LSID:34769[0m
[0;34m[1784836861.945] [20454:20456] [IN] New secure session activated for device <0000000000000001, 1>, LSID:34769 PSID:45445![0m
[0;34m[1784836861.945] [20454:20456] [DIS] OperationalSessionSetup[1:0000000000000001]: State change 4 --> 5[0m
[0;32m[1784836861.945] [20454:20456] [TOO] Sending ReadAttribute to:[0m
[0;32m[1784836861.946] [20454:20456] [TOO] 	cluster 0x0000_0038, attribute: 0x0000_0000, endpoint 0[0m
[0;34m[1784836861.946] [20454:20456] [DMG] SendReadRequest ReadClient[0x72f48800eef0]: Sending Read Request[0m
[0;32m[1784836861.946] [20454:20456] [DMG] 0 data version filters provided, 0 not relevant, 0 encoded, 0 skipped due to lack of space[0m
[0;32m[1784836861.946] [20454:20456] [EM] <<< [E:2693i S:34769 M:229979510] (S) Msg TX from 000000000001B669 to 1:0000000000000001 [F9DC] [UDP:[fe80::bfe:a203:38f0:bce7%enp0s3]:5540] --- Type 0001:02 (IM:ReadRequest) (B:51)[0m
[0;32m[1784836861.946] [20454:20456] [EM] ??1 [E:2693i S:34769 M:229979510] (S) Msg Retransmission to 1:0000000000000001 scheduled for 383ms from now [State:Active II:500 AI:300 AT:4000][0m
[0;34m[1784836861.946] [20454:20456] [DMG] MoveToState ReadClient[0x72f48800eef0]: Moving to [AwaitingIn][0m
[0;32m[1784836861.946] [20454:20456] [EM] <<< [E:2692i S:0 M:226324172 (Ack:148547927)] (U) Msg TX from 92134FAA969AD94D to 0:0000000000000000 [0000] [UDP:[fe80::bfe:a203:38f0:bce7%enp0s3]:5540] --- Type 0000:10 (SecureChannel:StandaloneAck) (B:26)[0m
[0;34m[1784836861.946] [20454:20456] [EM] Flushed pending ack for MessageCounter:148547927 on exchange 2692i[0m
[0;32m[1784836861.947] [20454:20456] [EM] >>> [E:2693i S:34769 M:37455427 (Ack:229979510)] (S) Msg RX from 1:0000000000000001 [F9DC] to 000000000001B669 --- Type 0001:05 (IM:ReportData) (B:77)[0m
[0;34m[1784836861.947] [20454:20456] [EM] Found matching exchange: 2693i, Delegate: 0x72f48800ef00[0m
[0;34m[1784836861.947] [20454:20456] [EM] Rxd Ack; Removing MessageCounter:229979510 from Retrans Table on exchange 2693i[0m
[0;34m[1784836861.947] [20454:20456] [DMG] ReportDataMessage =[0m
[0;34m[1784836861.947] [20454:20456] [DMG] {[0m
[0;34m[1784836861.947] [20454:20456] [DMG] 	AttributeReportIBs =[0m
[0;34m[1784836861.947] [20454:20456] [DMG] 	[[0m
[0;34m[1784836861.947] [20454:20456] [DMG] 		AttributeReportIB =[0m
[0;34m[1784836861.947] [20454:20456] [DMG] 		{[0m
[0;34m[1784836861.947] [20454:20456] [DMG] 			AttributeDataIB =[0m
[0;34m[1784836861.947] [20454:20456] [DMG] 			{[0m
[0;34m[1784836861.947] [20454:20456] [DMG] 				DataVersion = 0x97de0b3,[0m
[0;34m[1784836861.947] [20454:20456] [DMG] 				AttributePathIB =[0m
[0;34m[1784836861.947] [20454:20456] [DMG] 				{[0m
[0;34m[1784836861.947] [20454:20456] [DMG] 					Endpoint = 0x0,[0m
[0;34m[1784836861.947] [20454:20456] [DMG] 					Cluster = 0x38,[0m
[0;34m[1784836861.947] [20454:20456] [DMG] 					Attribute = 0x0000_0000,[0m
[0;34m[1784836861.947] [20454:20456] [DMG] 				}[0m
[0;34m[1784836861.947] [20454:20456] [DMG] 					[0m
[0;34m[1784836861.947] [20454:20456] [DMG] 				Data = 838152061946891 (unsigned), [0m
[0;34m[1784836861.947] [20454:20456] [DMG] 			},[0m
[0;34m[1784836861.947] [20454:20456] [DMG] 			[0m
[0;34m[1784836861.947] [20454:20456] [DMG] 		},[0m
[0;34m[1784836861.947] [20454:20456] [DMG] 		[0m
[0;34m[1784836861.947] [20454:20456] [DMG] 	],[0m
[0;34m[1784836861.947] [20454:20456] [DMG] 	[0m
[0;34m[1784836861.947] [20454:20456] [DMG] 	SuppressResponse = true, [0m
[0;34m[1784836861.947] [20454:20456] [DMG] 	InteractionModelRevision = 12[0m
[0;34m[1784836861.947] [20454:20456] [DMG] }[0m
[0;32m[1784836861.947] [20454:20456] [TOO] Endpoint: 0 Cluster: 0x0000_0038 Attribute 0x0000_0000 DataVersion: 159244467[0m
[0;32m[1784836861.947] [20454:20456] [TOO]   UTCTime: 838152061946891[0m
[0;32m[1784836861.947] [20454:20456] [EM] <<< [E:2693i S:34769 M:229979511 (Ack:37455427)] (S) Msg TX from 000000000001B669 to 1:0000000000000001 [F9DC] [UDP:[fe80::bfe:a203:38f0:bce7%enp0s3]:5540] --- Type 0000:10 (SecureChannel:StandaloneAck) (B:34)[0m
[0;34m[1784836861.947] [20454:20456] [EM] Flushed pending ack for MessageCounter:37455427 on exchange 2693i[0m
[0;34m[1784836861.947] [20454:20454] [CTL] Shutting down the commissioner[0m
[0;32m[1784836861.947] [20454:20454] [PAF] WiFiPAF: Closing all WiFiPAF sessions to shutdown[0m
[0;34m[1784836861.947] [20454:20454] [CTL] Shutting down the controller[0m
[0;34m[1784836861.947] [20454:20454] [IN] Expiring all sessions for fabric 0x1!![0m
[0;34m[1784836861.947] [20454:20454] [IN] SecureSession[0x72f488009cd0]: MarkForEviction Type:2 LSID:34769[0m
[0;32m[1784836861.947] [20454:20454] [SC] SecureSession[0x72f488009cd0, LSID:34769]: State change 'kActive' --> 'kPendingEviction'[0m
[0;34m[1784836861.947] [20454:20454] [IN] SecureSession[0x72f488009cd0]: Released - Type:2 LSID:34769[0m
[0;32m[1784836861.947] [20454:20454] [FP] Forgetting fabric 0x1[0m
[0;32m[1784836861.947] [20454:20454] [TS] Pending Last Known Good Time: 2023-10-14T01:16:48[0m
[0;32m[1784836861.947] [20454:20454] [TS] Previous Last Known Good Time: 2023-10-14T01:16:48[0m
[0;32m[1784836861.947] [20454:20454] [TS] Reverted Last Known Good Time to previous value[0m
[0;34m[1784836861.947] [20454:20454] [CTL] Shutting down the commissioner[0m
[0;32m[1784836861.947] [20454:20454] [PAF] WiFiPAF: Closing all WiFiPAF sessions to shutdown[0m
[0;34m[1784836861.947] [20454:20454] [CTL] Shutting down the controller[0m
[0;34m[1784836861.947] [20454:20454] [CTL] Shutting down the System State, this will teardown the CHIP Stack[0m
[0;34m[1784836861.947] [20454:20454] [DMG] All ReadHandler-s are clean, clear GlobalDirtySet[0m
[0;32m[1784836861.947] [20454:20454] [FP] Shutting down FabricTable[0m
[0;32m[1784836861.947] [20454:20454] [TS] Pending Last Known Good Time: 2023-10-14T01:16:48[0m
[0;32m[1784836861.947] [20454:20454] [TS] Previous Last Known Good Time: 2023-10-14T01:16:48[0m
[0;32m[1784836861.947] [20454:20454] [TS] Reverted Last Known Good Time to previous value[0m
[0;34m[1784836861.950] [20454:20454] [DL] Wrote settings to /tmp/chip_counters.ini[0m
[0;32m[1784836861.950] [20454:20454] [DL] NVS set: chip-counters/total-operational-hours = 0 (0x0)[0m
[0;32m[1784836861.950] [20454:20454] [DL] Inet Layer shutdown[0m
[0;32m[1784836861.950] [20454:20454] [DL] BLE Layer shutdown[0m
[0;32m[1784836861.950] [20454:20454] [DL] WiFi-PAF Layer shutdown[0m
[0;32m[1784836861.950] [20454:20454] [PAF] WiFiPAF: Closing all WiFiPAF sessions to shutdown[0m
[0;32m[1784836861.950] [20454:20454] [DL] System Layer shutdown[0m
