[0;34m[1784837829.823] [21883:21883] [DL] ChipLinuxStorage::Init: Using KVS config file: /tmp/chip_tool_kvs[0m
[1;31m[1784837829.824] [21883:21883] [DL] ChipLinuxStorage::Init: Attempt to re-initialize with KVS config file: /tmp/chip_kvs, IGNORING.[0m
[0;34m[1784837829.825] [21883:21883] [DL] ChipLinuxStorage::Init: Using KVS config file: /tmp/chip_factory.ini[0m
[0;34m[1784837829.825] [21883:21883] [DL] ChipLinuxStorage::Init: Using KVS config file: /tmp/chip_config.ini[0m
[0;34m[1784837829.825] [21883:21883] [DL] ChipLinuxStorage::Init: Using KVS config file: /tmp/chip_counters.ini[0m
[0;34m[1784837829.828] [21883:21883] [DL] Wrote settings to /tmp/chip_counters.ini[0m
[0;32m[1784837829.828] [21883:21883] [DL] NVS set: chip-counters/reboot-count = 3 (0x3)[0m
[0;32m[1784837829.828] [21883:21883] [DL] Got Ethernet interface: enp0s3[0m
[0;32m[1784837829.828] [21883:21883] [DL] Found the primary Ethernet interface:enp0s3[0m
[1;31m[1784837829.828] [21883:21883] [DL] Failed to get WiFi interface[0m
[1;31m[1784837829.828] [21883:21883] [DL] Failed to reset WiFi statistic counts[0m
[0;32m[1784837829.828] [21883:21883] [PAF] WiFiPAF: WiFiPAFLayer::Init()[0m
[0;34m[1784837829.828] [21883:21883] [IN] UDP::Init bind&listen port=0[0m
[0;34m[1784837829.828] [21883:21883] [IN] UDP::Init bound to port=41941[0m
[0;34m[1784837829.828] [21883:21883] [IN] UDP::Init bind&listen port=0[0m
[0;34m[1784837829.828] [21883:21883] [IN] UDP::Init bound to port=60236[0m
[0;34m[1784837829.828] [21883:21883] [IN] BLEBase::Init - setting/overriding transport[0m
[0;34m[1784837829.828] [21883:21883] [IN] WiFiPAFBase::Init - setting/overriding transport[0m
[0;34m[1784837829.828] [21883:21883] [IN] TransportMgr initialized[0m
[0;34m[1784837829.828] [21883:21883] [FP] Initializing FabricTable from persistent storage[0m
[0;32m[1784837829.828] [21883:21883] [TS] Last Known Good Time: 2023-10-14T01:16:48[0m
[0;32m[1784837829.829] [21883:21883] [FP] Fabric index 0x1 was retrieved from storage. Compressed FabricId 0x49E82E4B30460A4B, FabricId 0x0000000000000001, NodeId 0x000000000001B669, VendorId 0xFFF1[0m
[0;32m[1784837829.830] [21883:21883] [DMG] Ember attribute persistence requires setting up[0m
[0;32m[1784837829.830] [21883:21883] [ZCL] Using ZAP configuration...[0m
[0;34m[1784837829.830] [21883:21883] [CTL] System State Initialized...[0m
[0;32m[1784837829.830] [21883:21883] [CTL] Setting attestation nonce to random value[0m
[0;32m[1784837829.830] [21883:21883] [CTL] Setting CSR nonce to random value[0m
[0;34m[1784837829.831] [21883:21885] [DL] CHIP task running[0m
[0;32m[1784837829.831] [21883:21885] [CTL] Setting attestation nonce to random value[0m
[0;32m[1784837829.831] [21883:21885] [CTL] Setting CSR nonce to random value[0m
[0;32m[1784837829.831] [21883:21885] [CTL] Generating NOC[0m
[0;32m[1784837829.831] [21883:21885] [FP] Validating NOC chain[0m
[0;32m[1784837829.832] [21883:21885] [FP] NOC chain validation successful[0m
[0;32m[1784837829.832] [21883:21885] [FP] Updated fabric at index: 0x1, Node ID: 0x000000000001B669[0m
[0;32m[1784837829.832] [21883:21885] [TS] Last Known Good Time: 2023-10-14T01:16:48[0m
[0;32m[1784837829.832] [21883:21885] [TS] New proposed Last Known Good Time: 2021-01-01T00:00:00[0m
[0;32m[1784837829.832] [21883:21885] [TS] Retaining current Last Known Good Time[0m
[0;32m[1784837829.833] [21883:21885] [FP] Metadata for Fabric 0x1 persisted to storage.[0m
[0;32m[1784837829.834] [21883:21885] [TS] Committing Last Known Good Time to storage: 2023-10-14T01:16:48[0m
[0;32m[1784837829.835] [21883:21885] [CTL] Joined the fabric at index 1. Fabric ID is 0x0000000000000001 (Compressed Fabric ID: 49E82E4B30460A4B)[0m
[0;32m[1784837829.841] [21883:21885] [TOO] Sending command to node 0x1[0m
[0;34m[1784837829.841] [21883:21885] [CSM] FindOrEstablishSession: PeerId = [1:0000000000000001][0m
[0;34m[1784837829.841] [21883:21885] [CSM] FindOrEstablishSession: No existing OperationalSessionSetup instance found[0m
[0;34m[1784837829.841] [21883:21885] [DIS] OperationalSessionSetup[1:0000000000000001]: State change 1 --> 2[0m
[0;32m[1784837829.841] [21883:21885] [DIS] Lookup started for 49E82E4B30460A4B-0000000000000001[0m
[0;32m[1784837829.842] [21883:21885] [DIS] UDP:[fe80::bfe:a203:38f0:bce7%enp0s3]:5540: new best score: 7 (for 49E82E4B30460A4B-0000000000000001)[0m
[0;34m[1784837829.842] [21883:21885] [DIS] Lookup clearing interface for non LL address[0m
[0;32m[1784837829.842] [21883:21885] [DIS] UDP:10.0.2.15%enp0s3:5540: new best score: 2 (for 49E82E4B30460A4B-0000000000000001)[0m
[0;32m[1784837829.842] [21883:21885] [DIS] Checking node lookup status for 49E82E4B30460A4B-0000000000000001 after 1 ms[0m
[0;32m[1784837829.842] [21883:21885] [DIS] Keeping DNSSD lookup active[0m
[0;32m[1784837829.842] [21883:21885] [DIS] UDP:[fe80::bfe:a203:38f0:bce7%enp0s3]:5540: score has not improved: 7 (for 49E82E4B30460A4B-0000000000000001)[0m
[0;34m[1784837829.842] [21883:21885] [DIS] Lookup clearing interface for non LL address[0m
[0;32m[1784837829.842] [21883:21885] [DIS] UDP:10.0.2.15%enp0s3:5540: score has not improved: 2 (for 49E82E4B30460A4B-0000000000000001)[0m
[0;32m[1784837829.842] [21883:21885] [DIS] Checking node lookup status for 49E82E4B30460A4B-0000000000000001 after 1 ms[0m
[0;32m[1784837829.842] [21883:21885] [DIS] Keeping DNSSD lookup active[0m
[0;32m[1784837830.042] [21883:21885] [DIS] Checking node lookup status for 49E82E4B30460A4B-0000000000000001 after 201 ms[0m
[0;34m[1784837830.042] [21883:21885] [DIS] OperationalSessionSetup[1:0000000000000001]: Updating device address to UDP:[fe80::bfe:a203:38f0:bce7%enp0s3]:5540 while in state 2[0m
[0;34m[1784837830.042] [21883:21885] [DIS] OperationalSessionSetup[1:0000000000000001]: State change 2 --> 3[0m
[0;34m[1784837830.042] [21883:21885] [IN] SecureSession[0x7df35c009cd0]: Allocated Type:2 LSID:59654[0m
[0;32m[1784837830.042] [21883:21885] [SC] Initiating session on local FabricIndex 1 from 0x000000000001B669 -> 0x0000000000000001[0m
[0;32m[1784837830.042] [21883:21885] [EM] <<< [E:21339i S:0 M:76114628] (U) Msg TX from 7B222DA07AD5A5B9 to 0:0000000000000000 [0000] [UDP:[fe80::bfe:a203:38f0:bce7%enp0s3]:5540] --- Type 0000:30 (SecureChannel:CASE_Sigma1) (B:196)[0m
[0;32m[1784837830.042] [21883:21885] [EM] ??1 [E:21339i S:0 M:76114628] (U) Msg Retransmission to 0:0000000000000000 scheduled for 628ms from now [State:Idle II:500 AI:300 AT:4000][0m
[0;32m[1784837830.042] [21883:21885] [SC] Sent Sigma1 msg to <0000000000000001, 1> [II:500ms AI:300ms AT:4000ms][0m
[0;34m[1784837830.042] [21883:21885] [DIS] OperationalSessionSetup[1:0000000000000001]: State change 3 --> 4[0m
[0;32m[1784837830.043] [21883:21885] [EM] >>> [E:21339i S:0 M:143433552 (Ack:76114628)] (U) Msg RX from 0:0000000000000000 [0000] to 7B222DA07AD5A5B9 --- Type 0000:31 (SecureChannel:CASE_Sigma2) (B:751)[0m
[0;34m[1784837830.043] [21883:21885] [EM] Found matching exchange: 21339i, Delegate: 0x7df35c00b8e8[0m
[0;34m[1784837830.043] [21883:21885] [EM] Rxd Ack; Removing MessageCounter:76114628 from Retrans Table on exchange 21339i[0m
[0;32m[1784837830.043] [21883:21885] [SC] Received Sigma2 msg[0m
[0;34m[1784837830.043] [21883:21885] [SC] Found MRP parameters in the message[0m
[0;34m[1784837830.044] [21883:21885] [SC] Peer <0000000000000001, 1> assigned session ID 60923[0m
[0;34m[1784837830.044] [21883:21885] [SC] Sending Sigma3[0m
[0;32m[1784837830.044] [21883:21885] [EM] <<< [E:21339i S:0 M:76114629 (Ack:143433552)] (U) Msg TX from 7B222DA07AD5A5B9 to 0:0000000000000000 [0000] [UDP:[fe80::bfe:a203:38f0:bce7%enp0s3]:5540] --- Type 0000:32 (SecureChannel:CASE_Sigma3) (B:598)[0m
[0;32m[1784837830.044] [21883:21885] [EM] ??1 [E:21339i S:0 M:76114629] (U) Msg Retransmission to 0:0000000000000000 scheduled for 363ms from now [State:Active II:500 AI:300 AT:4000][0m
[0;32m[1784837830.044] [21883:21885] [SC] Sent Sigma3 msg[0m
[0;32m[1784837830.057] [21883:21885] [EM] >>> [E:21339i S:0 M:143433553 (Ack:76114629)] (U) Msg RX from 0:0000000000000000 [0000] to 7B222DA07AD5A5B9 --- Type 0000:40 (SecureChannel:StatusReport) (B:34)[0m
[0;34m[1784837830.057] [21883:21885] [EM] Found matching exchange: 21339i, Delegate: 0x7df35c00b8e8[0m
[0;34m[1784837830.057] [21883:21885] [EM] Rxd Ack; Removing MessageCounter:76114629 from Retrans Table on exchange 21339i[0m
[0;32m[1784837830.057] [21883:21885] [SC] Success status report received. Session was established[0m
[0;32m[1784837830.058] [21883:21885] [SC] SecureSession[0x7df35c009cd0, LSID:59654]: State change 'kEstablishing' --> 'kActive'[0m
[0;34m[1784837830.058] [21883:21885] [IN] SecureSession[0x7df35c009cd0]: Activated - Type:2 LSID:59654[0m
[0;34m[1784837830.058] [21883:21885] [IN] New secure session activated for device <0000000000000001, 1>, LSID:59654 PSID:60923![0m
[0;34m[1784837830.058] [21883:21885] [DIS] OperationalSessionSetup[1:0000000000000001]: State change 4 --> 5[0m
[0;32m[1784837830.058] [21883:21885] [TOO] Sending ReadAttribute to:[0m
[0;32m[1784837830.058] [21883:21885] [TOO] 	cluster 0x0000_0038, attribute: 0x0000_0000, endpoint 0[0m
[0;34m[1784837830.058] [21883:21885] [DMG] SendReadRequest ReadClient[0x7df35c00eef0]: Sending Read Request[0m
[0;32m[1784837830.058] [21883:21885] [DMG] 0 data version filters provided, 0 not relevant, 0 encoded, 0 skipped due to lack of space[0m
[0;32m[1784837830.058] [21883:21885] [EM] <<< [E:21340i S:59654 M:199952306] (S) Msg TX from 000000000001B669 to 1:0000000000000001 [0A4B] [UDP:[fe80::bfe:a203:38f0:bce7%enp0s3]:5540] --- Type 0001:02 (IM:ReadRequest) (B:51)[0m
[0;32m[1784837830.058] [21883:21885] [EM] ??1 [E:21340i S:59654 M:199952306] (S) Msg Retransmission to 1:0000000000000001 scheduled for 361ms from now [State:Active II:500 AI:300 AT:4000][0m
[0;34m[1784837830.058] [21883:21885] [DMG] MoveToState ReadClient[0x7df35c00eef0]: Moving to [AwaitingIn][0m
[0;32m[1784837830.058] [21883:21885] [EM] <<< [E:21339i S:0 M:76114630 (Ack:143433553)] (U) Msg TX from 7B222DA07AD5A5B9 to 0:0000000000000000 [0000] [UDP:[fe80::bfe:a203:38f0:bce7%enp0s3]:5540] --- Type 0000:10 (SecureChannel:StandaloneAck) (B:26)[0m
[0;34m[1784837830.058] [21883:21885] [EM] Flushed pending ack for MessageCounter:143433553 on exchange 21339i[0m
[0;32m[1784837830.059] [21883:21885] [EM] >>> [E:21340i S:59654 M:66836320 (Ack:199952306)] (S) Msg RX from 1:0000000000000001 [0A4B] to 000000000001B669 --- Type 0001:05 (IM:ReportData) (B:77)[0m
[0;34m[1784837830.059] [21883:21885] [EM] Found matching exchange: 21340i, Delegate: 0x7df35c00ef00[0m
[0;34m[1784837830.059] [21883:21885] [EM] Rxd Ack; Removing MessageCounter:199952306 from Retrans Table on exchange 21340i[0m
[0;34m[1784837830.059] [21883:21885] [DMG] ReportDataMessage =[0m
[0;34m[1784837830.059] [21883:21885] [DMG] {[0m
[0;34m[1784837830.059] [21883:21885] [DMG] 	AttributeReportIBs =[0m
[0;34m[1784837830.059] [21883:21885] [DMG] 	[[0m
[0;34m[1784837830.059] [21883:21885] [DMG] 		AttributeReportIB =[0m
[0;34m[1784837830.059] [21883:21885] [DMG] 		{[0m
[0;34m[1784837830.059] [21883:21885] [DMG] 			AttributeDataIB =[0m
[0;34m[1784837830.059] [21883:21885] [DMG] 			{[0m
[0;34m[1784837830.059] [21883:21885] [DMG] 				DataVersion = 0x6efc0cf5,[0m
[0;34m[1784837830.059] [21883:21885] [DMG] 				AttributePathIB =[0m
[0;34m[1784837830.059] [21883:21885] [DMG] 				{[0m
[0;34m[1784837830.059] [21883:21885] [DMG] 					Endpoint = 0x0,[0m
[0;34m[1784837830.059] [21883:21885] [DMG] 					Cluster = 0x38,[0m
[0;34m[1784837830.059] [21883:21885] [DMG] 					Attribute = 0x0000_0000,[0m
[0;34m[1784837830.059] [21883:21885] [DMG] 				}[0m
[0;34m[1784837830.059] [21883:21885] [DMG] 					[0m
[0;34m[1784837830.059] [21883:21885] [DMG] 				Data = 838153030059172 (unsigned), [0m
[0;34m[1784837830.059] [21883:21885] [DMG] 			},[0m
[0;34m[1784837830.059] [21883:21885] [DMG] 			[0m
[0;34m[1784837830.059] [21883:21885] [DMG] 		},[0m
[0;34m[1784837830.059] [21883:21885] [DMG] 		[0m
[0;34m[1784837830.059] [21883:21885] [DMG] 	],[0m
[0;34m[1784837830.059] [21883:21885] [DMG] 	[0m
[0;34m[1784837830.059] [21883:21885] [DMG] 	SuppressResponse = true, [0m
[0;34m[1784837830.059] [21883:21885] [DMG] 	InteractionModelRevision = 12[0m
[0;34m[1784837830.059] [21883:21885] [DMG] }[0m
[0;32m[1784837830.059] [21883:21885] [TOO] Endpoint: 0 Cluster: 0x0000_0038 Attribute 0x0000_0000 DataVersion: 1862012149[0m
[0;32m[1784837830.059] [21883:21885] [TOO]   UTCTime: 838153030059172[0m
[0;32m[1784837830.059] [21883:21885] [EM] <<< [E:21340i S:59654 M:199952307 (Ack:66836320)] (S) Msg TX from 000000000001B669 to 1:0000000000000001 [0A4B] [UDP:[fe80::bfe:a203:38f0:bce7%enp0s3]:5540] --- Type 0000:10 (SecureChannel:StandaloneAck) (B:34)[0m
[0;34m[1784837830.059] [21883:21885] [EM] Flushed pending ack for MessageCounter:66836320 on exchange 21340i[0m
[0;34m[1784837830.060] [21883:21883] [CTL] Shutting down the commissioner[0m
[0;32m[1784837830.060] [21883:21883] [PAF] WiFiPAF: Closing all WiFiPAF sessions to shutdown[0m
[0;34m[1784837830.060] [21883:21883] [CTL] Shutting down the controller[0m
[0;34m[1784837830.060] [21883:21883] [IN] Expiring all sessions for fabric 0x1!![0m
[0;34m[1784837830.060] [21883:21883] [IN] SecureSession[0x7df35c009cd0]: MarkForEviction Type:2 LSID:59654[0m
[0;32m[1784837830.060] [21883:21883] [SC] SecureSession[0x7df35c009cd0, LSID:59654]: State change 'kActive' --> 'kPendingEviction'[0m
[0;34m[1784837830.060] [21883:21883] [IN] SecureSession[0x7df35c009cd0]: Released - Type:2 LSID:59654[0m
[0;32m[1784837830.060] [21883:21883] [FP] Forgetting fabric 0x1[0m
[0;32m[1784837830.060] [21883:21883] [TS] Pending Last Known Good Time: 2023-10-14T01:16:48[0m
[0;32m[1784837830.060] [21883:21883] [TS] Previous Last Known Good Time: 2023-10-14T01:16:48[0m
[0;32m[1784837830.060] [21883:21883] [TS] Reverted Last Known Good Time to previous value[0m
[0;34m[1784837830.060] [21883:21883] [CTL] Shutting down the commissioner[0m
[0;32m[1784837830.060] [21883:21883] [PAF] WiFiPAF: Closing all WiFiPAF sessions to shutdown[0m
[0;34m[1784837830.060] [21883:21883] [CTL] Shutting down the controller[0m
[0;34m[1784837830.060] [21883:21883] [CTL] Shutting down the System State, this will teardown the CHIP Stack[0m
[0;34m[1784837830.060] [21883:21883] [DMG] All ReadHandler-s are clean, clear GlobalDirtySet[0m
[0;32m[1784837830.060] [21883:21883] [FP] Shutting down FabricTable[0m
[0;32m[1784837830.060] [21883:21883] [TS] Pending Last Known Good Time: 2023-10-14T01:16:48[0m
[0;32m[1784837830.060] [21883:21883] [TS] Previous Last Known Good Time: 2023-10-14T01:16:48[0m
[0;32m[1784837830.060] [21883:21883] [TS] Reverted Last Known Good Time to previous value[0m
[0;34m[1784837830.062] [21883:21883] [DL] Wrote settings to /tmp/chip_counters.ini[0m
[0;32m[1784837830.062] [21883:21883] [DL] NVS set: chip-counters/total-operational-hours = 0 (0x0)[0m
[0;32m[1784837830.062] [21883:21883] [DL] Inet Layer shutdown[0m
[0;32m[1784837830.062] [21883:21883] [DL] BLE Layer shutdown[0m
[0;32m[1784837830.062] [21883:21883] [DL] WiFi-PAF Layer shutdown[0m
[0;32m[1784837830.062] [21883:21883] [PAF] WiFiPAF: Closing all WiFiPAF sessions to shutdown[0m
[0;32m[1784837830.062] [21883:21883] [DL] System Layer shutdown[0m
