[0;34m[1784654235.257] [3932:3932] [DL] ChipLinuxStorage::Init: Using KVS config file: /tmp/chip_tool_kvs[0m
[1;31m[1784654235.258] [3932:3932] [DL] ChipLinuxStorage::Init: Attempt to re-initialize with KVS config file: /tmp/chip_kvs, IGNORING.[0m
[0;34m[1784654235.259] [3932:3932] [DL] ChipLinuxStorage::Init: Using KVS config file: /tmp/chip_factory.ini[0m
[0;34m[1784654235.259] [3932:3932] [DL] ChipLinuxStorage::Init: Using KVS config file: /tmp/chip_config.ini[0m
[0;34m[1784654235.259] [3932:3932] [DL] ChipLinuxStorage::Init: Using KVS config file: /tmp/chip_counters.ini[0m
[0;34m[1784654235.263] [3932:3932] [DL] Wrote settings to /tmp/chip_counters.ini[0m
[0;32m[1784654235.263] [3932:3932] [DL] NVS set: chip-counters/reboot-count = 4 (0x4)[0m
[0;32m[1784654235.263] [3932:3932] [DL] Got Ethernet interface: enp0s3[0m
[0;32m[1784654235.263] [3932:3932] [DL] Found the primary Ethernet interface:enp0s3[0m
[1;31m[1784654235.263] [3932:3932] [DL] Failed to get WiFi interface[0m
[1;31m[1784654235.263] [3932:3932] [DL] Failed to reset WiFi statistic counts[0m
[0;32m[1784654235.263] [3932:3932] [PAF] WiFiPAF: WiFiPAFLayer::Init()[0m
[0;34m[1784654235.263] [3932:3932] [IN] UDP::Init bind&listen port=0[0m
[0;34m[1784654235.263] [3932:3932] [IN] UDP::Init bound to port=37782[0m
[0;34m[1784654235.263] [3932:3932] [IN] UDP::Init bind&listen port=0[0m
[0;34m[1784654235.263] [3932:3932] [IN] UDP::Init bound to port=40568[0m
[0;34m[1784654235.263] [3932:3932] [IN] BLEBase::Init - setting/overriding transport[0m
[0;34m[1784654235.263] [3932:3932] [IN] WiFiPAFBase::Init - setting/overriding transport[0m
[0;34m[1784654235.263] [3932:3932] [IN] TransportMgr initialized[0m
[0;34m[1784654235.263] [3932:3932] [FP] Initializing FabricTable from persistent storage[0m
[0;32m[1784654235.263] [3932:3932] [TS] Last Known Good Time: 2023-10-14T01:16:48[0m
[0;32m[1784654235.263] [3932:3932] [FP] Fabric index 0x1 was retrieved from storage. Compressed FabricId 0xBFCB5B1F3B4698E0, FabricId 0x0000000000000001, NodeId 0x000000000001B669, VendorId 0xFFF1[0m
[0;32m[1784654235.264] [3932:3932] [DMG] Ember attribute persistence requires setting up[0m
[0;32m[1784654235.264] [3932:3932] [ZCL] Using ZAP configuration...[0m
[0;34m[1784654235.264] [3932:3932] [CTL] System State Initialized...[0m
[0;32m[1784654235.264] [3932:3932] [CTL] Setting attestation nonce to random value[0m
[0;32m[1784654235.264] [3932:3932] [CTL] Setting CSR nonce to random value[0m
[0;34m[1784654235.265] [3932:3934] [DL] CHIP task running[0m
[0;32m[1784654235.265] [3932:3934] [CTL] Setting attestation nonce to random value[0m
[0;32m[1784654235.265] [3932:3934] [CTL] Setting CSR nonce to random value[0m
[0;32m[1784654235.265] [3932:3934] [CTL] Generating NOC[0m
[0;32m[1784654235.265] [3932:3934] [FP] Validating NOC chain[0m
[0;32m[1784654235.265] [3932:3934] [FP] NOC chain validation successful[0m
[0;32m[1784654235.265] [3932:3934] [FP] Updated fabric at index: 0x1, Node ID: 0x000000000001B669[0m
[0;32m[1784654235.265] [3932:3934] [TS] Last Known Good Time: 2023-10-14T01:16:48[0m
[0;32m[1784654235.265] [3932:3934] [TS] New proposed Last Known Good Time: 2021-01-01T00:00:00[0m
[0;32m[1784654235.265] [3932:3934] [TS] Retaining current Last Known Good Time[0m
[0;32m[1784654235.268] [3932:3934] [FP] Metadata for Fabric 0x1 persisted to storage.[0m
[0;32m[1784654235.268] [3932:3934] [TS] Committing Last Known Good Time to storage: 2023-10-14T01:16:48[0m
[0;32m[1784654235.269] [3932:3934] [CTL] Joined the fabric at index 1. Fabric ID is 0x0000000000000001 (Compressed Fabric ID: BFCB5B1F3B4698E0)[0m
[0;32m[1784654235.275] [3932:3934] [TOO] Sending command to node 0x1[0m
[0;34m[1784654235.275] [3932:3934] [CSM] FindOrEstablishSession: PeerId = [1:0000000000000001][0m
[0;34m[1784654235.275] [3932:3934] [CSM] FindOrEstablishSession: No existing OperationalSessionSetup instance found[0m
[0;34m[1784654235.275] [3932:3934] [DIS] OperationalSessionSetup[1:0000000000000001]: State change 1 --> 2[0m
[0;32m[1784654235.275] [3932:3934] [DIS] Lookup started for BFCB5B1F3B4698E0-0000000000000001[0m
[0;32m[1784654235.276] [3932:3934] [DIS] UDP:[fe80::bfe:a203:38f0:bce7%enp0s3]:5540: new best score: 7 (for BFCB5B1F3B4698E0-0000000000000001)[0m
[0;34m[1784654235.276] [3932:3934] [DIS] Lookup clearing interface for non LL address[0m
[0;32m[1784654235.276] [3932:3934] [DIS] UDP:10.0.2.15%enp0s3:5540: new best score: 2 (for BFCB5B1F3B4698E0-0000000000000001)[0m
[0;32m[1784654235.276] [3932:3934] [DIS] Checking node lookup status for BFCB5B1F3B4698E0-0000000000000001 after 1 ms[0m
[0;32m[1784654235.276] [3932:3934] [DIS] Keeping DNSSD lookup active[0m
[0;32m[1784654235.276] [3932:3934] [DIS] UDP:[fe80::bfe:a203:38f0:bce7%enp0s3]:5540: score has not improved: 7 (for BFCB5B1F3B4698E0-0000000000000001)[0m
[0;34m[1784654235.276] [3932:3934] [DIS] Lookup clearing interface for non LL address[0m
[0;32m[1784654235.276] [3932:3934] [DIS] UDP:10.0.2.15%enp0s3:5540: score has not improved: 2 (for BFCB5B1F3B4698E0-0000000000000001)[0m
[0;32m[1784654235.276] [3932:3934] [DIS] Checking node lookup status for BFCB5B1F3B4698E0-0000000000000001 after 1 ms[0m
[0;32m[1784654235.276] [3932:3934] [DIS] Keeping DNSSD lookup active[0m
[0;32m[1784654235.479] [3932:3934] [DIS] Checking node lookup status for BFCB5B1F3B4698E0-0000000000000001 after 204 ms[0m
[0;34m[1784654235.479] [3932:3934] [DIS] OperationalSessionSetup[1:0000000000000001]: Updating device address to UDP:[fe80::bfe:a203:38f0:bce7%enp0s3]:5540 while in state 2[0m
[0;34m[1784654235.479] [3932:3934] [DIS] OperationalSessionSetup[1:0000000000000001]: State change 2 --> 3[0m
[0;34m[1784654235.479] [3932:3934] [IN] SecureSession[0x7f0140009cd0]: Allocated Type:2 LSID:2414[0m
[0;32m[1784654235.479] [3932:3934] [SC] Initiating session on local FabricIndex 1 from 0x000000000001B669 -> 0x0000000000000001[0m
[0;32m[1784654235.479] [3932:3934] [EM] <<< [E:33000i S:0 M:200294005] (U) Msg TX from F62636FF23432246 to 0:0000000000000000 [0000] [UDP:[fe80::bfe:a203:38f0:bce7%enp0s3]:5540] --- Type 0000:30 (SecureChannel:CASE_Sigma1) (B:196)[0m
[0;32m[1784654235.479] [3932:3934] [EM] ??1 [E:33000i S:0 M:200294005] (U) Msg Retransmission to 0:0000000000000000 scheduled for 629ms from now [State:Idle II:500 AI:300 AT:4000][0m
[0;32m[1784654235.479] [3932:3934] [SC] Sent Sigma1 msg to <0000000000000001, 1> [II:500ms AI:300ms AT:4000ms][0m
[0;34m[1784654235.479] [3932:3934] [DIS] OperationalSessionSetup[1:0000000000000001]: State change 3 --> 4[0m
[0;32m[1784654235.481] [3932:3934] [EM] >>> [E:33000i S:0 M:248320342 (Ack:200294005)] (U) Msg RX from 0:0000000000000000 [0000] to F62636FF23432246 --- Type 0000:31 (SecureChannel:CASE_Sigma2) (B:751)[0m
[0;34m[1784654235.481] [3932:3934] [EM] Found matching exchange: 33000i, Delegate: 0x7f014000b8e8[0m
[0;34m[1784654235.481] [3932:3934] [EM] Rxd Ack; Removing MessageCounter:200294005 from Retrans Table on exchange 33000i[0m
[0;32m[1784654235.481] [3932:3934] [SC] Received Sigma2 msg[0m
[0;34m[1784654235.481] [3932:3934] [SC] Found MRP parameters in the message[0m
[0;34m[1784654235.481] [3932:3934] [SC] Peer <0000000000000001, 1> assigned session ID 10796[0m
[0;34m[1784654235.481] [3932:3934] [SC] Sending Sigma3[0m
[0;32m[1784654235.482] [3932:3934] [EM] <<< [E:33000i S:0 M:200294006 (Ack:248320342)] (U) Msg TX from F62636FF23432246 to 0:0000000000000000 [0000] [UDP:[fe80::bfe:a203:38f0:bce7%enp0s3]:5540] --- Type 0000:32 (SecureChannel:CASE_Sigma3) (B:598)[0m
[0;32m[1784654235.482] [3932:3934] [EM] ??1 [E:33000i S:0 M:200294006] (U) Msg Retransmission to 0:0000000000000000 scheduled for 332ms from now [State:Active II:500 AI:300 AT:4000][0m
[0;32m[1784654235.482] [3932:3934] [SC] Sent Sigma3 msg[0m
[0;32m[1784654235.493] [3932:3934] [EM] >>> [E:33000i S:0 M:248320343 (Ack:200294006)] (U) Msg RX from 0:0000000000000000 [0000] to F62636FF23432246 --- Type 0000:40 (SecureChannel:StatusReport) (B:34)[0m
[0;34m[1784654235.493] [3932:3934] [EM] Found matching exchange: 33000i, Delegate: 0x7f014000b8e8[0m
[0;34m[1784654235.493] [3932:3934] [EM] Rxd Ack; Removing MessageCounter:200294006 from Retrans Table on exchange 33000i[0m
[0;32m[1784654235.493] [3932:3934] [SC] Success status report received. Session was established[0m
[0;32m[1784654235.494] [3932:3934] [SC] SecureSession[0x7f0140009cd0, LSID:2414]: State change 'kEstablishing' --> 'kActive'[0m
[0;34m[1784654235.494] [3932:3934] [IN] SecureSession[0x7f0140009cd0]: Activated - Type:2 LSID:2414[0m
[0;34m[1784654235.494] [3932:3934] [IN] New secure session activated for device <0000000000000001, 1>, LSID:2414 PSID:10796![0m
[0;34m[1784654235.494] [3932:3934] [DIS] OperationalSessionSetup[1:0000000000000001]: State change 4 --> 5[0m
[0;32m[1784654235.494] [3932:3934] [TOO] Sending cluster (0x0000003E) command (0x00000004) on endpoint 0[0m
[0;34m[1784654235.494] [3932:3934] [DMG] ICR moving to [AddingComm][0m
[0;34m[1784654235.494] [3932:3934] [DMG] ICR moving to [AddedComma][0m
[0;32m[1784654235.494] [3932:3934] [EM] <<< [E:33001i S:2414 M:57982391] (S) Msg TX from 000000000001B669 to 1:0000000000000001 [98E0] [UDP:[fe80::bfe:a203:38f0:bce7%enp0s3]:5540] --- Type 0001:08 (IM:InvokeCommandRequest) (B:96)[0m
[0;32m[1784654235.494] [3932:3934] [EM] ??1 [E:33001i S:2414 M:57982391] (S) Msg Retransmission to 1:0000000000000001 scheduled for 369ms from now [State:Active II:500 AI:300 AT:4000][0m
[0;34m[1784654235.494] [3932:3934] [DMG] ICR moving to [AwaitingRe][0m
[0;32m[1784654235.494] [3932:3934] [EM] <<< [E:33000i S:0 M:200294007 (Ack:248320343)] (U) Msg TX from F62636FF23432246 to 0:0000000000000000 [0000] [UDP:[fe80::bfe:a203:38f0:bce7%enp0s3]:5540] --- Type 0000:10 (SecureChannel:StandaloneAck) (B:26)[0m
[0;34m[1784654235.494] [3932:3934] [EM] Flushed pending ack for MessageCounter:248320343 on exchange 33000i[0m
[0;32m[1784654235.495] [3932:3934] [EM] >>> [E:33001i S:2414 M:82899825 (Ack:57982391)] (S) Msg RX from 1:0000000000000001 [98E0] to 000000000001B669 --- Type 0001:09 (IM:InvokeCommandResponse) (B:377)[0m
[0;34m[1784654235.495] [3932:3934] [EM] Found matching exchange: 33001i, Delegate: 0x7f014000eef8[0m
[0;34m[1784654235.495] [3932:3934] [EM] Rxd Ack; Removing MessageCounter:57982391 from Retrans Table on exchange 33001i[0m
[0;34m[1784654235.495] [3932:3934] [DMG] ICR moving to [ResponseRe][0m
[0;34m[1784654235.495] [3932:3934] [DMG] InvokeResponseMessage =[0m
[0;34m[1784654235.495] [3932:3934] [DMG] {[0m
[0;34m[1784654235.495] [3932:3934] [DMG] 	suppressResponse = false, [0m
[0;34m[1784654235.495] [3932:3934] [DMG] 	InvokeResponseIBs =[0m
[0;34m[1784654235.495] [3932:3934] [DMG] 	[[0m
[0;34m[1784654235.495] [3932:3934] [DMG] 		InvokeResponseIB =[0m
[0;34m[1784654235.495] [3932:3934] [DMG] 		{[0m
[0;34m[1784654235.495] [3932:3934] [DMG] 			CommandDataIB =[0m
[0;34m[1784654235.495] [3932:3934] [DMG] 			{[0m
[0;34m[1784654235.495] [3932:3934] [DMG] 				CommandPathIB =[0m
[0;34m[1784654235.495] [3932:3934] [DMG] 				{[0m
[0;34m[1784654235.495] [3932:3934] [DMG] 					EndpointId = 0x0,[0m
[0;34m[1784654235.495] [3932:3934] [DMG] 					ClusterId = 0x3e,[0m
[0;34m[1784654235.495] [3932:3934] [DMG] 					CommandId = 0x5,[0m
[0;34m[1784654235.495] [3932:3934] [DMG] 				},[0m
[0;34m[1784654235.495] [3932:3934] [DMG] 				[0m
[0;34m[1784654235.495] [3932:3934] [DMG] 				CommandFields = [0m
[0;34m[1784654235.495] [3932:3934] [DMG] 				{[0m
[0;34m[1784654235.495] [3932:3934] [DMG] 					0x0 = [[0m
[0;34m[1784654235.495] [3932:3934] [DMG] 							0x15, 0x30, 0x01, 0xcb, 0x30, 0x81, 0xc8, 0x30, 0x70, 0x02, 0x01, 0x00, 0x30, 0x0e, 0x31, 0x0c, 0x30, 0x0a, 0x06, 0x03, 0x55, 0x04, 0x0a, 0x0c, 0x03, 0x43, 0x53, 0x52, 0x30, 0x59, 0x30, 0x13, 0x06, 0x07, 0x2a, 0x86, 0x48, 0xce, 0x3d, 0x02, 0x01, 0x06, 0x08, 0x2a, 0x86, 0x48, 0xce, 0x3d, 0x03, 0x01, 0x07, 0x03, 0x42, 0x00, 0x04, 0x39, 0x3c, 0x4a, 0x7d, 0xd5, 0xd9, 0x44, 0x89, 0x1b, 0xc1, 0xe4, 0x92, 0xe6, 0xbb, 0x6c, 0xd2, 0x5e, 0xae, 0x4e, 0x40, 0x30, 0x51, 0x9d, 0xc7, 0xe8, 0x5c, 0x6d, 0x78, 0xb0, 0x4e, 0xbc, 0xc9, 0xe3, 0xce, 0x57, 0x6e, 0x22, 0x55, 0xf3, 0x16, 0x36, 0xe3, 0x28, 0x5d, 0x2a, 0x88, 0x1e, 0xc9, 0x0f, 0x90, 0xee, 0xc6, 0xd2, 0x6d, 0xd4, 0x44, 0xba, 0x89, 0x3b, 0x1b, 0xf8, 0x0d, 0x1d, 0x5e, 0xa0, 0x00, 0x30, 0x0a, 0x06, 0x08, 0x2a, 0x86, 0x48, 0xce, 0x3d, 0x04, 0x03, 0x02, 0x03, 0x48, 0x00, 0x30, 0x45, 0x02, 0x21, 0x00, 0xfe, 0xb4, 0x30, 0x01, 0x87, 0x48, 0xb9, 0xc1, 0x82, 0x07, 0x97, 0xbf, 0xc2, 0x5b, 0x73, 0x8e, 0x51, 0x8b, 0x15, 0x87, 0xc1, 0x77, 0x3b, 0x77, 0xbb, 0xbb, 0xcc, 0xbc, 0xcc, 0xb0, 0xaf, 0x4a, 0x02, 0x20, 0x7d, 0xe9, 0xf3, 0x6f, 0xf6, 0x62, 0x1d, 0xcb, 0x7f, 0xbe, 0xf9, 0x86, 0x7a, 0x7b, 0xff, 0x7c, 0xf9, 0x6f, 0x64, 0x81, 0xdb, 0x17, 0xdd, 0x02, 0xa9, 0xcb, 0xd7, 0x99, 0xf6, 0xb3, 0xdd, 0x85, 0x30, 0x02, 0x20, 0xd9, 0xfb, 0x43, 0x34, 0x58, 0x0a, 0xf6, 0x9f, 0x57, 0x37, 0x05, 0x79, 0x42, 0x76, 0x8c, 0x51, 0x5c, 0x15, 0x6f, 0x2e, 0xc6, 0x93, 0x1b, 0x35, 0x69, 0xa2, 0xde, 0xf8, 0x22, 0x42, 0xbc, 0x29, 0x18, [0m
[0;34m[1784654235.495] [3932:3934] [DMG] 					] (243 bytes)[0m
[0;34m[1784654235.495] [3932:3934] [DMG] 					0x1 = [[0m
[0;34m[1784654235.495] [3932:3934] [DMG] 							0xa9, 0xd0, 0x2a, 0xa8, 0xa8, 0x20, 0x5e, 0xfe, 0x5f, 0x34, 0x08, 0xc1, 0x62, 0x9d, 0xd6, 0x8b, 0x2f, 0x05, 0x76, 0xa2, 0x1c, 0xa9, 0xe8, 0x22, 0x51, 0xf2, 0xf1, 0x97, 0x25, 0x03, 0xfc, 0xc9, 0x66, 0xc1, 0x76, 0x95, 0xa6, 0xe7, 0x5f, 0x3b, 0xa5, 0xb5, 0x4f, 0xfb, 0x38, 0x27, 0x52, 0x5f, 0x31, 0x59, 0x5f, 0xec, 0x57, 0x51, 0x80, 0x51, 0x2a, 0x96, 0xfb, 0x5a, 0xe0, 0xac, 0x19, 0xc3, [0m
[0;34m[1784654235.495] [3932:3934] [DMG] 					] (64 bytes)[0m
[0;34m[1784654235.495] [3932:3934] [DMG] 				},[0m
[0;34m[1784654235.495] [3932:3934] [DMG] 			},[0m
[0;34m[1784654235.495] [3932:3934] [DMG] 			[0m
[0;34m[1784654235.495] [3932:3934] [DMG] 		},[0m
[0;34m[1784654235.495] [3932:3934] [DMG] 		[0m
[0;34m[1784654235.495] [3932:3934] [DMG] 	],[0m
[0;34m[1784654235.495] [3932:3934] [DMG] 	[0m
[0;34m[1784654235.495] [3932:3934] [DMG] 	InteractionModelRevision = 12[0m
[0;34m[1784654235.495] [3932:3934] [DMG] },[0m
[0;32m[1784654235.495] [3932:3934] [DMG] Received Command Response Data, Endpoint=0 Cluster=0x0000_003E Command=0x0000_0005[0m
[0;32m[1784654235.495] [3932:3934] [TOO] Endpoint: 0 Cluster: 0x0000_003E Command 0x0000_0005[0m
[0;32m[1784654235.495] [3932:3934] [TOO]   CSRResponse: {[0m
[0;32m[1784654235.495] [3932:3934] [TOO]     NOCSRElements: 153001CB3081C83070020100300E310C300A060355040A0C034353523059301306072A8648CE3D020106082A8648CE3D03010703420004393C4A7DD5D944891BC1E492E6BB6CD25EAE4E4030519DC7E85C6D78B04EBCC9E3CE576E2255F31636E3285D2A881EC90F90EEC6D26DD444BA893B1BF80D1D5EA000300A06082A8648CE3D0403020348003045022100FEB430018748B9C1820797BFC25B738E518B1587C1773B77BBBBCCBCCCB0AF4A02207DE9F36FF6621DCB7FBEF9867A7BFF7CF96F6481DB17DD02A9CBD799F6B3DD85300220D9FB4334580AF69F5737057942768C515C156F2EC6931B3569A2DEF82242BC2918[0m
[0;32m[1784654235.495] [3932:3934] [TOO]     attestationSignature: A9D02AA8A8205EFE5F3408C1629DD68B2F0576A21CA9E82251F2F1972503FCC966C17695A6E75F3BA5B54FFB3827525F31595FEC575180512A96FB5AE0AC19C3[0m
[0;32m[1784654235.495] [3932:3934] [TOO]    }[0m
[0;34m[1784654235.495] [3932:3934] [DMG] ICR moving to [AwaitingDe][0m
[0;32m[1784654235.495] [3932:3934] [EM] <<< [E:33001i S:2414 M:57982392 (Ack:82899825)] (S) Msg TX from 000000000001B669 to 1:0000000000000001 [98E0] [UDP:[fe80::bfe:a203:38f0:bce7%enp0s3]:5540] --- Type 0000:10 (SecureChannel:StandaloneAck) (B:34)[0m
[0;34m[1784654235.495] [3932:3934] [EM] Flushed pending ack for MessageCounter:82899825 on exchange 33001i[0m
[0;34m[1784654235.495] [3932:3932] [CTL] Shutting down the commissioner[0m
[0;32m[1784654235.495] [3932:3932] [PAF] WiFiPAF: Closing all WiFiPAF sessions to shutdown[0m
[0;34m[1784654235.495] [3932:3932] [CTL] Shutting down the controller[0m
[0;34m[1784654235.495] [3932:3932] [IN] Expiring all sessions for fabric 0x1!![0m
[0;34m[1784654235.495] [3932:3932] [IN] SecureSession[0x7f0140009cd0]: MarkForEviction Type:2 LSID:2414[0m
[0;32m[1784654235.495] [3932:3932] [SC] SecureSession[0x7f0140009cd0, LSID:2414]: State change 'kActive' --> 'kPendingEviction'[0m
[0;34m[1784654235.495] [3932:3932] [IN] SecureSession[0x7f0140009cd0]: Released - Type:2 LSID:2414[0m
[0;32m[1784654235.495] [3932:3932] [FP] Forgetting fabric 0x1[0m
[0;32m[1784654235.495] [3932:3932] [TS] Pending Last Known Good Time: 2023-10-14T01:16:48[0m
[0;32m[1784654235.495] [3932:3932] [TS] Previous Last Known Good Time: 2023-10-14T01:16:48[0m
[0;32m[1784654235.495] [3932:3932] [TS] Reverted Last Known Good Time to previous value[0m
[0;34m[1784654235.495] [3932:3932] [CTL] Shutting down the commissioner[0m
[0;32m[1784654235.495] [3932:3932] [PAF] WiFiPAF: Closing all WiFiPAF sessions to shutdown[0m
[0;34m[1784654235.495] [3932:3932] [CTL] Shutting down the controller[0m
[0;34m[1784654235.495] [3932:3932] [CTL] Shutting down the System State, this will teardown the CHIP Stack[0m
[0;34m[1784654235.495] [3932:3932] [DMG] All ReadHandler-s are clean, clear GlobalDirtySet[0m
[0;32m[1784654235.495] [3932:3932] [FP] Shutting down FabricTable[0m
[0;32m[1784654235.495] [3932:3932] [TS] Pending Last Known Good Time: 2023-10-14T01:16:48[0m
[0;32m[1784654235.495] [3932:3932] [TS] Previous Last Known Good Time: 2023-10-14T01:16:48[0m
[0;32m[1784654235.495] [3932:3932] [TS] Reverted Last Known Good Time to previous value[0m
[0;34m[1784654235.499] [3932:3932] [DL] Wrote settings to /tmp/chip_counters.ini[0m
[0;32m[1784654235.499] [3932:3932] [DL] NVS set: chip-counters/total-operational-hours = 0 (0x0)[0m
[0;32m[1784654235.499] [3932:3932] [DL] Inet Layer shutdown[0m
[0;32m[1784654235.499] [3932:3932] [DL] BLE Layer shutdown[0m
[0;32m[1784654235.499] [3932:3932] [DL] WiFi-PAF Layer shutdown[0m
[0;32m[1784654235.499] [3932:3932] [PAF] WiFiPAF: Closing all WiFiPAF sessions to shutdown[0m
[0;32m[1784654235.499] [3932:3932] [DL] System Layer shutdown[0m
