[0;34m[1784837448.677] [21325:21325] [DL] ChipLinuxStorage::Init: Using KVS config file: /tmp/chip_tool_kvs[0m
[1;31m[1784837448.678] [21325:21325] [DL] ChipLinuxStorage::Init: Attempt to re-initialize with KVS config file: /tmp/chip_kvs, IGNORING.[0m
[0;34m[1784837448.679] [21325:21325] [DL] ChipLinuxStorage::Init: Using KVS config file: /tmp/chip_factory.ini[0m
[0;34m[1784837448.679] [21325:21325] [DL] ChipLinuxStorage::Init: Using KVS config file: /tmp/chip_config.ini[0m
[0;34m[1784837448.679] [21325:21325] [DL] ChipLinuxStorage::Init: Using KVS config file: /tmp/chip_counters.ini[0m
[0;34m[1784837448.682] [21325:21325] [DL] Wrote settings to /tmp/chip_counters.ini[0m
[0;32m[1784837448.682] [21325:21325] [DL] NVS set: chip-counters/reboot-count = 3 (0x3)[0m
[0;32m[1784837448.683] [21325:21325] [DL] Got Ethernet interface: enp0s3[0m
[0;32m[1784837448.683] [21325:21325] [DL] Found the primary Ethernet interface:enp0s3[0m
[1;31m[1784837448.683] [21325:21325] [DL] Failed to get WiFi interface[0m
[1;31m[1784837448.683] [21325:21325] [DL] Failed to reset WiFi statistic counts[0m
[0;32m[1784837448.683] [21325:21325] [PAF] WiFiPAF: WiFiPAFLayer::Init()[0m
[0;34m[1784837448.683] [21325:21325] [IN] UDP::Init bind&listen port=0[0m
[0;34m[1784837448.683] [21325:21325] [IN] UDP::Init bound to port=53874[0m
[0;34m[1784837448.683] [21325:21325] [IN] UDP::Init bind&listen port=0[0m
[0;34m[1784837448.683] [21325:21325] [IN] UDP::Init bound to port=34272[0m
[0;34m[1784837448.683] [21325:21325] [IN] BLEBase::Init - setting/overriding transport[0m
[0;34m[1784837448.683] [21325:21325] [IN] WiFiPAFBase::Init - setting/overriding transport[0m
[0;34m[1784837448.683] [21325:21325] [IN] TransportMgr initialized[0m
[0;34m[1784837448.683] [21325:21325] [FP] Initializing FabricTable from persistent storage[0m
[0;32m[1784837448.683] [21325:21325] [TS] Last Known Good Time: 2023-10-14T01:16:48[0m
[0;32m[1784837448.683] [21325:21325] [FP] Fabric index 0x1 was retrieved from storage. Compressed FabricId 0x1BB1E0C534331F94, FabricId 0x0000000000000001, NodeId 0x000000000001B669, VendorId 0xFFF1[0m
[0;32m[1784837448.684] [21325:21325] [DMG] Ember attribute persistence requires setting up[0m
[0;32m[1784837448.684] [21325:21325] [ZCL] Using ZAP configuration...[0m
[0;34m[1784837448.685] [21325:21325] [CTL] System State Initialized...[0m
[0;32m[1784837448.685] [21325:21325] [CTL] Setting attestation nonce to random value[0m
[0;32m[1784837448.685] [21325:21325] [CTL] Setting CSR nonce to random value[0m
[0;34m[1784837448.685] [21325:21327] [DL] CHIP task running[0m
[0;32m[1784837448.685] [21325:21327] [CTL] Setting attestation nonce to random value[0m
[0;32m[1784837448.685] [21325:21327] [CTL] Setting CSR nonce to random value[0m
[0;32m[1784837448.685] [21325:21327] [CTL] Generating NOC[0m
[0;32m[1784837448.685] [21325:21327] [FP] Validating NOC chain[0m
[0;32m[1784837448.686] [21325:21327] [FP] NOC chain validation successful[0m
[0;32m[1784837448.686] [21325:21327] [FP] Updated fabric at index: 0x1, Node ID: 0x000000000001B669[0m
[0;32m[1784837448.686] [21325:21327] [TS] Last Known Good Time: 2023-10-14T01:16:48[0m
[0;32m[1784837448.686] [21325:21327] [TS] New proposed Last Known Good Time: 2021-01-01T00:00:00[0m
[0;32m[1784837448.686] [21325:21327] [TS] Retaining current Last Known Good Time[0m
[0;32m[1784837448.687] [21325:21327] [FP] Metadata for Fabric 0x1 persisted to storage.[0m
[0;32m[1784837448.687] [21325:21327] [TS] Committing Last Known Good Time to storage: 2023-10-14T01:16:48[0m
[0;32m[1784837448.688] [21325:21327] [CTL] Joined the fabric at index 1. Fabric ID is 0x0000000000000001 (Compressed Fabric ID: 1BB1E0C534331F94)[0m
[0;32m[1784837448.691] [21325:21327] [TOO] Sending command to node 0x1[0m
[0;34m[1784837448.691] [21325:21327] [CSM] FindOrEstablishSession: PeerId = [1:0000000000000001][0m
[0;34m[1784837448.691] [21325:21327] [CSM] FindOrEstablishSession: No existing OperationalSessionSetup instance found[0m
[0;34m[1784837448.691] [21325:21327] [DIS] OperationalSessionSetup[1:0000000000000001]: State change 1 --> 2[0m
[0;32m[1784837448.691] [21325:21327] [DIS] Lookup started for 1BB1E0C534331F94-0000000000000001[0m
[0;32m[1784837448.692] [21325:21327] [DIS] UDP:[fe80::bfe:a203:38f0:bce7%enp0s3]:5540: new best score: 7 (for 1BB1E0C534331F94-0000000000000001)[0m
[0;34m[1784837448.692] [21325:21327] [DIS] Lookup clearing interface for non LL address[0m
[0;32m[1784837448.692] [21325:21327] [DIS] UDP:10.0.2.15%enp0s3:5540: new best score: 2 (for 1BB1E0C534331F94-0000000000000001)[0m
[0;32m[1784837448.692] [21325:21327] [DIS] Checking node lookup status for 1BB1E0C534331F94-0000000000000001 after 1 ms[0m
[0;32m[1784837448.692] [21325:21327] [DIS] Keeping DNSSD lookup active[0m
[0;32m[1784837448.692] [21325:21327] [DIS] UDP:[fe80::bfe:a203:38f0:bce7%enp0s3]:5540: score has not improved: 7 (for 1BB1E0C534331F94-0000000000000001)[0m
[0;34m[1784837448.692] [21325:21327] [DIS] Lookup clearing interface for non LL address[0m
[0;32m[1784837448.692] [21325:21327] [DIS] UDP:10.0.2.15%enp0s3:5540: score has not improved: 2 (for 1BB1E0C534331F94-0000000000000001)[0m
[0;32m[1784837448.692] [21325:21327] [DIS] Checking node lookup status for 1BB1E0C534331F94-0000000000000001 after 1 ms[0m
[0;32m[1784837448.692] [21325:21327] [DIS] Keeping DNSSD lookup active[0m
[0;32m[1784837448.913] [21325:21327] [DIS] Checking node lookup status for 1BB1E0C534331F94-0000000000000001 after 222 ms[0m
[0;34m[1784837448.913] [21325:21327] [DIS] OperationalSessionSetup[1:0000000000000001]: Updating device address to UDP:[fe80::bfe:a203:38f0:bce7%enp0s3]:5540 while in state 2[0m
[0;34m[1784837448.913] [21325:21327] [DIS] OperationalSessionSetup[1:0000000000000001]: State change 2 --> 3[0m
[0;34m[1784837448.913] [21325:21327] [IN] SecureSession[0x78ca40009cd0]: Allocated Type:2 LSID:30255[0m
[0;32m[1784837448.913] [21325:21327] [SC] Initiating session on local FabricIndex 1 from 0x000000000001B669 -> 0x0000000000000001[0m
[0;32m[1784837448.914] [21325:21327] [EM] <<< [E:36167i S:0 M:219021303] (U) Msg TX from C4A399685E321EBC to 0:0000000000000000 [0000] [UDP:[fe80::bfe:a203:38f0:bce7%enp0s3]:5540] --- Type 0000:30 (SecureChannel:CASE_Sigma1) (B:196)[0m
[0;32m[1784837448.914] [21325:21327] [EM] ??1 [E:36167i S:0 M:219021303] (U) Msg Retransmission to 0:0000000000000000 scheduled for 620ms from now [State:Idle II:500 AI:300 AT:4000][0m
[0;32m[1784837448.914] [21325:21327] [SC] Sent Sigma1 msg to <0000000000000001, 1> [II:500ms AI:300ms AT:4000ms][0m
[0;34m[1784837448.914] [21325:21327] [DIS] OperationalSessionSetup[1:0000000000000001]: State change 3 --> 4[0m
[0;32m[1784837448.917] [21325:21327] [EM] >>> [E:36167i S:0 M:109944026 (Ack:219021303)] (U) Msg RX from 0:0000000000000000 [0000] to C4A399685E321EBC --- Type 0000:31 (SecureChannel:CASE_Sigma2) (B:751)[0m
[0;34m[1784837448.917] [21325:21327] [EM] Found matching exchange: 36167i, Delegate: 0x78ca4000b8e8[0m
[0;34m[1784837448.917] [21325:21327] [EM] Rxd Ack; Removing MessageCounter:219021303 from Retrans Table on exchange 36167i[0m
[0;32m[1784837448.917] [21325:21327] [SC] Received Sigma2 msg[0m
[0;34m[1784837448.917] [21325:21327] [SC] Found MRP parameters in the message[0m
[0;34m[1784837448.918] [21325:21327] [SC] Peer <0000000000000001, 1> assigned session ID 59854[0m
[0;34m[1784837448.918] [21325:21327] [SC] Sending Sigma3[0m
[0;32m[1784837448.918] [21325:21327] [EM] <<< [E:36167i S:0 M:219021304 (Ack:109944026)] (U) Msg TX from C4A399685E321EBC to 0:0000000000000000 [0000] [UDP:[fe80::bfe:a203:38f0:bce7%enp0s3]:5540] --- Type 0000:32 (SecureChannel:CASE_Sigma3) (B:598)[0m
[0;32m[1784837448.918] [21325:21327] [EM] ??1 [E:36167i S:0 M:219021304] (U) Msg Retransmission to 0:0000000000000000 scheduled for 372ms from now [State:Active II:500 AI:300 AT:4000][0m
[0;32m[1784837448.918] [21325:21327] [SC] Sent Sigma3 msg[0m
[0;32m[1784837448.929] [21325:21327] [EM] >>> [E:36167i S:0 M:109944027 (Ack:219021304)] (U) Msg RX from 0:0000000000000000 [0000] to C4A399685E321EBC --- Type 0000:40 (SecureChannel:StatusReport) (B:34)[0m
[0;34m[1784837448.929] [21325:21327] [EM] Found matching exchange: 36167i, Delegate: 0x78ca4000b8e8[0m
[0;34m[1784837448.929] [21325:21327] [EM] Rxd Ack; Removing MessageCounter:219021304 from Retrans Table on exchange 36167i[0m
[0;32m[1784837448.929] [21325:21327] [SC] Success status report received. Session was established[0m
[0;32m[1784837448.930] [21325:21327] [SC] SecureSession[0x78ca40009cd0, LSID:30255]: State change 'kEstablishing' --> 'kActive'[0m
[0;34m[1784837448.930] [21325:21327] [IN] SecureSession[0x78ca40009cd0]: Activated - Type:2 LSID:30255[0m
[0;34m[1784837448.930] [21325:21327] [IN] New secure session activated for device <0000000000000001, 1>, LSID:30255 PSID:59854![0m
[0;34m[1784837448.930] [21325:21327] [DIS] OperationalSessionSetup[1:0000000000000001]: State change 4 --> 5[0m
[0;32m[1784837448.930] [21325:21327] [TOO] Sending ReadAttribute to:[0m
[0;32m[1784837448.930] [21325:21327] [TOO] 	cluster 0x0000_0038, attribute: 0x0000_0000, endpoint 0[0m
[0;34m[1784837448.930] [21325:21327] [DMG] SendReadRequest ReadClient[0x78ca4000eef0]: Sending Read Request[0m
[0;32m[1784837448.930] [21325:21327] [DMG] 0 data version filters provided, 0 not relevant, 0 encoded, 0 skipped due to lack of space[0m
[0;32m[1784837448.930] [21325:21327] [EM] <<< [E:36168i S:30255 M:20563775] (S) Msg TX from 000000000001B669 to 1:0000000000000001 [1F94] [UDP:[fe80::bfe:a203:38f0:bce7%enp0s3]:5540] --- Type 0001:02 (IM:ReadRequest) (B:51)[0m
[0;32m[1784837448.930] [21325:21327] [EM] ??1 [E:36168i S:30255 M:20563775] (S) Msg Retransmission to 1:0000000000000001 scheduled for 343ms from now [State:Active II:500 AI:300 AT:4000][0m
[0;34m[1784837448.930] [21325:21327] [DMG] MoveToState ReadClient[0x78ca4000eef0]: Moving to [AwaitingIn][0m
[0;32m[1784837448.930] [21325:21327] [EM] <<< [E:36167i S:0 M:219021305 (Ack:109944027)] (U) Msg TX from C4A399685E321EBC to 0:0000000000000000 [0000] [UDP:[fe80::bfe:a203:38f0:bce7%enp0s3]:5540] --- Type 0000:10 (SecureChannel:StandaloneAck) (B:26)[0m
[0;34m[1784837448.930] [21325:21327] [EM] Flushed pending ack for MessageCounter:109944027 on exchange 36167i[0m
[0;32m[1784837448.931] [21325:21327] [EM] >>> [E:36168i S:30255 M:74290844 (Ack:20563775)] (S) Msg RX from 1:0000000000000001 [1F94] to 000000000001B669 --- Type 0001:05 (IM:ReportData) (B:77)[0m
[0;34m[1784837448.931] [21325:21327] [EM] Found matching exchange: 36168i, Delegate: 0x78ca4000ef00[0m
[0;34m[1784837448.931] [21325:21327] [EM] Rxd Ack; Removing MessageCounter:20563775 from Retrans Table on exchange 36168i[0m
[0;34m[1784837448.931] [21325:21327] [DMG] ReportDataMessage =[0m
[0;34m[1784837448.931] [21325:21327] [DMG] {[0m
[0;34m[1784837448.931] [21325:21327] [DMG] 	AttributeReportIBs =[0m
[0;34m[1784837448.931] [21325:21327] [DMG] 	[[0m
[0;34m[1784837448.931] [21325:21327] [DMG] 		AttributeReportIB =[0m
[0;34m[1784837448.931] [21325:21327] [DMG] 		{[0m
[0;34m[1784837448.931] [21325:21327] [DMG] 			AttributeDataIB =[0m
[0;34m[1784837448.931] [21325:21327] [DMG] 			{[0m
[0;34m[1784837448.931] [21325:21327] [DMG] 				DataVersion = 0xe58ba543,[0m
[0;34m[1784837448.931] [21325:21327] [DMG] 				AttributePathIB =[0m
[0;34m[1784837448.931] [21325:21327] [DMG] 				{[0m
[0;34m[1784837448.931] [21325:21327] [DMG] 					Endpoint = 0x0,[0m
[0;34m[1784837448.931] [21325:21327] [DMG] 					Cluster = 0x38,[0m
[0;34m[1784837448.931] [21325:21327] [DMG] 					Attribute = 0x0000_0000,[0m
[0;34m[1784837448.931] [21325:21327] [DMG] 				}[0m
[0;34m[1784837448.931] [21325:21327] [DMG] 					[0m
[0;34m[1784837448.931] [21325:21327] [DMG] 				Data = 838152648930631 (unsigned), [0m
[0;34m[1784837448.931] [21325:21327] [DMG] 			},[0m
[0;34m[1784837448.931] [21325:21327] [DMG] 			[0m
[0;34m[1784837448.931] [21325:21327] [DMG] 		},[0m
[0;34m[1784837448.931] [21325:21327] [DMG] 		[0m
[0;34m[1784837448.931] [21325:21327] [DMG] 	],[0m
[0;34m[1784837448.931] [21325:21327] [DMG] 	[0m
[0;34m[1784837448.931] [21325:21327] [DMG] 	SuppressResponse = true, [0m
[0;34m[1784837448.931] [21325:21327] [DMG] 	InteractionModelRevision = 12[0m
[0;34m[1784837448.931] [21325:21327] [DMG] }[0m
[0;32m[1784837448.931] [21325:21327] [TOO] Endpoint: 0 Cluster: 0x0000_0038 Attribute 0x0000_0000 DataVersion: 3851134275[0m
[0;32m[1784837448.931] [21325:21327] [TOO]   UTCTime: 838152648930631[0m
[0;32m[1784837448.931] [21325:21327] [EM] <<< [E:36168i S:30255 M:20563776 (Ack:74290844)] (S) Msg TX from 000000000001B669 to 1:0000000000000001 [1F94] [UDP:[fe80::bfe:a203:38f0:bce7%enp0s3]:5540] --- Type 0000:10 (SecureChannel:StandaloneAck) (B:34)[0m
[0;34m[1784837448.931] [21325:21327] [EM] Flushed pending ack for MessageCounter:74290844 on exchange 36168i[0m
[0;34m[1784837448.931] [21325:21325] [CTL] Shutting down the commissioner[0m
[0;32m[1784837448.931] [21325:21325] [PAF] WiFiPAF: Closing all WiFiPAF sessions to shutdown[0m
[0;34m[1784837448.931] [21325:21325] [CTL] Shutting down the controller[0m
[0;34m[1784837448.931] [21325:21325] [IN] Expiring all sessions for fabric 0x1!![0m
[0;34m[1784837448.931] [21325:21325] [IN] SecureSession[0x78ca40009cd0]: MarkForEviction Type:2 LSID:30255[0m
[0;32m[1784837448.931] [21325:21325] [SC] SecureSession[0x78ca40009cd0, LSID:30255]: State change 'kActive' --> 'kPendingEviction'[0m
[0;34m[1784837448.931] [21325:21325] [IN] SecureSession[0x78ca40009cd0]: Released - Type:2 LSID:30255[0m
[0;32m[1784837448.931] [21325:21325] [FP] Forgetting fabric 0x1[0m
[0;32m[1784837448.931] [21325:21325] [TS] Pending Last Known Good Time: 2023-10-14T01:16:48[0m
[0;32m[1784837448.931] [21325:21325] [TS] Previous Last Known Good Time: 2023-10-14T01:16:48[0m
[0;32m[1784837448.931] [21325:21325] [TS] Reverted Last Known Good Time to previous value[0m
[0;34m[1784837448.931] [21325:21325] [CTL] Shutting down the commissioner[0m
[0;32m[1784837448.931] [21325:21325] [PAF] WiFiPAF: Closing all WiFiPAF sessions to shutdown[0m
[0;34m[1784837448.931] [21325:21325] [CTL] Shutting down the controller[0m
[0;34m[1784837448.931] [21325:21325] [CTL] Shutting down the System State, this will teardown the CHIP Stack[0m
[0;34m[1784837448.931] [21325:21325] [DMG] All ReadHandler-s are clean, clear GlobalDirtySet[0m
[0;32m[1784837448.931] [21325:21325] [FP] Shutting down FabricTable[0m
[0;32m[1784837448.931] [21325:21325] [TS] Pending Last Known Good Time: 2023-10-14T01:16:48[0m
[0;32m[1784837448.931] [21325:21325] [TS] Previous Last Known Good Time: 2023-10-14T01:16:48[0m
[0;32m[1784837448.931] [21325:21325] [TS] Reverted Last Known Good Time to previous value[0m
[0;34m[1784837448.933] [21325:21325] [DL] Wrote settings to /tmp/chip_counters.ini[0m
[0;32m[1784837448.933] [21325:21325] [DL] NVS set: chip-counters/total-operational-hours = 0 (0x0)[0m
[0;32m[1784837448.933] [21325:21325] [DL] Inet Layer shutdown[0m
[0;32m[1784837448.933] [21325:21325] [DL] BLE Layer shutdown[0m
[0;32m[1784837448.933] [21325:21325] [DL] WiFi-PAF Layer shutdown[0m
[0;32m[1784837448.933] [21325:21325] [PAF] WiFiPAF: Closing all WiFiPAF sessions to shutdown[0m
[0;32m[1784837448.933] [21325:21325] [DL] System Layer shutdown[0m
