[0;34m[2524608000.105] [16948:16948] [DL] ChipLinuxStorage::Init: Using KVS config file: /tmp/chip_tool_kvs[0m
[1;31m[2524608000.105] [16948:16948] [DL] ChipLinuxStorage::Init: Attempt to re-initialize with KVS config file: /tmp/chip_kvs, IGNORING.[0m
[0;34m[2524608000.107] [16948:16948] [DL] ChipLinuxStorage::Init: Using KVS config file: /tmp/chip_factory.ini[0m
[0;34m[2524608000.107] [16948:16948] [DL] ChipLinuxStorage::Init: Using KVS config file: /tmp/chip_config.ini[0m
[0;34m[2524608000.107] [16948:16948] [DL] ChipLinuxStorage::Init: Using KVS config file: /tmp/chip_counters.ini[0m
[0;34m[2524608000.111] [16948:16948] [DL] Wrote settings to /tmp/chip_counters.ini[0m
[0;32m[2524608000.111] [16948:16948] [DL] NVS set: chip-counters/reboot-count = 4 (0x4)[0m
[0;32m[2524608000.111] [16948:16948] [DL] Got Ethernet interface: enp0s3[0m
[0;32m[2524608000.111] [16948:16948] [DL] Found the primary Ethernet interface:enp0s3[0m
[1;31m[2524608000.111] [16948:16948] [DL] Failed to get WiFi interface[0m
[1;31m[2524608000.111] [16948:16948] [DL] Failed to reset WiFi statistic counts[0m
[0;32m[2524608000.111] [16948:16948] [PAF] WiFiPAF: WiFiPAFLayer::Init()[0m
[0;34m[2524608000.111] [16948:16948] [IN] UDP::Init bind&listen port=0[0m
[0;34m[2524608000.111] [16948:16948] [IN] UDP::Init bound to port=42193[0m
[0;34m[2524608000.111] [16948:16948] [IN] UDP::Init bind&listen port=0[0m
[0;34m[2524608000.111] [16948:16948] [IN] UDP::Init bound to port=42440[0m
[0;34m[2524608000.111] [16948:16948] [IN] BLEBase::Init - setting/overriding transport[0m
[0;34m[2524608000.111] [16948:16948] [IN] WiFiPAFBase::Init - setting/overriding transport[0m
[0;34m[2524608000.111] [16948:16948] [IN] TransportMgr initialized[0m
[0;34m[2524608000.111] [16948:16948] [FP] Initializing FabricTable from persistent storage[0m
[0;32m[2524608000.111] [16948:16948] [TS] Last Known Good Time: 2023-10-14T01:16:48[0m
[0;32m[2524608000.112] [16948:16948] [FP] Fabric index 0x1 was retrieved from storage. Compressed FabricId 0x0F63609BFC4B11B0, FabricId 0x0000000000000001, NodeId 0x000000000001B669, VendorId 0xFFF1[0m
[0;32m[2524608000.114] [16948:16948] [DMG] Ember attribute persistence requires setting up[0m
[0;32m[2524608000.114] [16948:16948] [ZCL] Using ZAP configuration...[0m
[0;34m[2524608000.115] [16948:16948] [CTL] System State Initialized...[0m
[0;32m[2524608000.115] [16948:16948] [CTL] Setting attestation nonce to random value[0m
[0;32m[2524608000.115] [16948:16948] [CTL] Setting CSR nonce to random value[0m
[0;34m[2524608000.115] [16948:16957] [DL] CHIP task running[0m
[0;32m[2524608000.115] [16948:16957] [CTL] Setting attestation nonce to random value[0m
[0;32m[2524608000.115] [16948:16957] [CTL] Setting CSR nonce to random value[0m
[0;32m[2524608000.115] [16948:16957] [CTL] Generating NOC[0m
[0;32m[2524608000.115] [16948:16957] [FP] Validating NOC chain[0m
[0;32m[2524608000.116] [16948:16957] [FP] NOC chain validation successful[0m
[0;32m[2524608000.116] [16948:16957] [FP] Updated fabric at index: 0x1, Node ID: 0x000000000001B669[0m
[0;32m[2524608000.116] [16948:16957] [TS] Last Known Good Time: 2023-10-14T01:16:48[0m
[0;32m[2524608000.116] [16948:16957] [TS] New proposed Last Known Good Time: 2021-01-01T00:00:00[0m
[0;32m[2524608000.117] [16948:16957] [TS] Retaining current Last Known Good Time[0m
[0;32m[2524608000.119] [16948:16957] [FP] Metadata for Fabric 0x1 persisted to storage.[0m
[0;32m[2524608000.120] [16948:16957] [TS] Committing Last Known Good Time to storage: 2023-10-14T01:16:48[0m
[0;32m[2524608000.121] [16948:16957] [CTL] Joined the fabric at index 1. Fabric ID is 0x0000000000000001 (Compressed Fabric ID: 0F63609BFC4B11B0)[0m
[0;32m[2524608000.128] [16948:16957] [TOO] Sending command to node 0x1[0m
[0;34m[2524608000.128] [16948:16957] [CSM] FindOrEstablishSession: PeerId = [1:0000000000000001][0m
[0;34m[2524608000.128] [16948:16957] [CSM] FindOrEstablishSession: No existing OperationalSessionSetup instance found[0m
[0;34m[2524608000.128] [16948:16957] [DIS] OperationalSessionSetup[1:0000000000000001]: State change 1 --> 2[0m
[0;32m[2524608000.129] [16948:16957] [DIS] Lookup started for 0F63609BFC4B11B0-0000000000000001[0m
[0;32m[2524608000.129] [16948:16957] [DIS] UDP:[fe80::bfe:a203:38f0:bce7%enp0s3]:5540: new best score: 7 (for 0F63609BFC4B11B0-0000000000000001)[0m
[0;34m[2524608000.129] [16948:16957] [DIS] Lookup clearing interface for non LL address[0m
[0;32m[2524608000.129] [16948:16957] [DIS] UDP:10.0.2.15%enp0s3:5540: new best score: 2 (for 0F63609BFC4B11B0-0000000000000001)[0m
[0;32m[2524608000.129] [16948:16957] [DIS] Checking node lookup status for 0F63609BFC4B11B0-0000000000000001 after 1 ms[0m
[0;32m[2524608000.129] [16948:16957] [DIS] Keeping DNSSD lookup active[0m
[0;32m[2524608000.129] [16948:16957] [DIS] UDP:[fe80::bfe:a203:38f0:bce7%enp0s3]:5540: score has not improved: 7 (for 0F63609BFC4B11B0-0000000000000001)[0m
[0;34m[2524608000.129] [16948:16957] [DIS] Lookup clearing interface for non LL address[0m
[0;32m[2524608000.129] [16948:16957] [DIS] UDP:10.0.2.15%enp0s3:5540: score has not improved: 2 (for 0F63609BFC4B11B0-0000000000000001)[0m
[0;32m[2524608000.129] [16948:16957] [DIS] Checking node lookup status for 0F63609BFC4B11B0-0000000000000001 after 1 ms[0m
[0;32m[2524608000.129] [16948:16957] [DIS] Keeping DNSSD lookup active[0m
[0;32m[2524608000.353] [16948:16957] [DIS] Checking node lookup status for 0F63609BFC4B11B0-0000000000000001 after 225 ms[0m
[0;34m[2524608000.353] [16948:16957] [DIS] OperationalSessionSetup[1:0000000000000001]: Updating device address to UDP:[fe80::bfe:a203:38f0:bce7%enp0s3]:5540 while in state 2[0m
[0;34m[2524608000.353] [16948:16957] [DIS] OperationalSessionSetup[1:0000000000000001]: State change 2 --> 3[0m
[0;34m[2524608000.353] [16948:16957] [IN] SecureSession[0x796ef8009cd0]: Allocated Type:2 LSID:14554[0m
[0;32m[2524608000.353] [16948:16957] [SC] Initiating session on local FabricIndex 1 from 0x000000000001B669 -> 0x0000000000000001[0m
[0;32m[2524608000.353] [16948:16957] [EM] <<< [E:10641i S:0 M:129736962] (U) Msg TX from 1D467BC50630A34F to 0:0000000000000000 [0000] [UDP:[fe80::bfe:a203:38f0:bce7%enp0s3]:5540] --- Type 0000:30 (SecureChannel:CASE_Sigma1) (B:196)[0m
[0;32m[2524608000.353] [16948:16957] [EM] ??1 [E:10641i S:0 M:129736962] (U) Msg Retransmission to 0:0000000000000000 scheduled for 596ms from now [State:Idle II:500 AI:300 AT:4000][0m
[0;32m[2524608000.353] [16948:16957] [SC] Sent Sigma1 msg to <0000000000000001, 1> [II:500ms AI:300ms AT:4000ms][0m
[0;34m[2524608000.353] [16948:16957] [DIS] OperationalSessionSetup[1:0000000000000001]: State change 3 --> 4[0m
[0;32m[2524608000.355] [16948:16957] [EM] >>> [E:10641i S:0 M:61102475 (Ack:129736962)] (U) Msg RX from 0:0000000000000000 [0000] to 1D467BC50630A34F --- Type 0000:31 (SecureChannel:CASE_Sigma2) (B:751)[0m
[0;34m[2524608000.355] [16948:16957] [EM] Found matching exchange: 10641i, Delegate: 0x796ef800b8e8[0m
[0;34m[2524608000.355] [16948:16957] [EM] Rxd Ack; Removing MessageCounter:129736962 from Retrans Table on exchange 10641i[0m
[0;32m[2524608000.355] [16948:16957] [SC] Received Sigma2 msg[0m
[0;34m[2524608000.355] [16948:16957] [SC] Found MRP parameters in the message[0m
[0;34m[2524608000.356] [16948:16957] [SC] Certificate's mNotAfterTime (978134400) is before current time (1577923200)[0m
[0;34m[2524608000.356] [16948:16957] [SC] Sending status report. Protocol code 2, exchange 10641[0m
[0;32m[2524608000.356] [16948:16957] [EM] <<< [E:10641i S:0 M:129736963 (Ack:61102475)] (U) Msg TX from 1D467BC50630A34F to 0:0000000000000000 [0000] [UDP:[fe80::bfe:a203:38f0:bce7%enp0s3]:5540] --- Type 0000:40 (SecureChannel:StatusReport) (B:34)[0m
[0;32m[2524608000.356] [16948:16957] [EM] ??1 [E:10641i S:0 M:129736963] (U) Msg Retransmission to 0:0000000000000000 scheduled for 388ms from now [State:Active II:500 AI:300 AT:4000][0m
[0;34m[2524608000.356] [16948:16957] [IN] SecureSession[0x796ef8009cd0]: Released - Type:2 LSID:14554[0m
[1;31m[2524608000.356] [16948:16957] [-] src/credentials/CHIPCert.cpp:1481: CHIP Error 0x0000004E: Certificate expired at examples/chip-tool/commands/clusters/ModelCommand.cpp:67[0m
[0;32m[2524608000.356] [16948:16957] [EM] >>> [E:10641i S:0 M:61102476 (Ack:129736963)] (U) Msg RX from 0:0000000000000000 [0000] to 1D467BC50630A34F --- Type 0000:10 (SecureChannel:StandaloneAck) (B:26)[0m
[0;34m[2524608000.356] [16948:16957] [EM] Found matching exchange: 10641i, Delegate: (nil)[0m
[0;34m[2524608000.357] [16948:16957] [EM] Rxd Ack; Removing MessageCounter:129736963 from Retrans Table on exchange 10641i[0m
[0;34m[2524608000.357] [16948:16948] [CTL] Shutting down the commissioner[0m
[0;32m[2524608000.357] [16948:16948] [PAF] WiFiPAF: Closing all WiFiPAF sessions to shutdown[0m
[0;34m[2524608000.357] [16948:16948] [CTL] Shutting down the controller[0m
[0;34m[2524608000.357] [16948:16948] [IN] Expiring all sessions for fabric 0x1!![0m
[0;32m[2524608000.357] [16948:16948] [FP] Forgetting fabric 0x1[0m
[0;32m[2524608000.357] [16948:16948] [TS] Pending Last Known Good Time: 2023-10-14T01:16:48[0m
[0;32m[2524608000.357] [16948:16948] [TS] Previous Last Known Good Time: 2023-10-14T01:16:48[0m
[0;32m[2524608000.357] [16948:16948] [TS] Reverted Last Known Good Time to previous value[0m
[0;34m[2524608000.357] [16948:16948] [CTL] Shutting down the commissioner[0m
[0;32m[2524608000.357] [16948:16948] [PAF] WiFiPAF: Closing all WiFiPAF sessions to shutdown[0m
[0;34m[2524608000.357] [16948:16948] [CTL] Shutting down the controller[0m
[0;34m[2524608000.357] [16948:16948] [CTL] Shutting down the System State, this will teardown the CHIP Stack[0m
[0;34m[2524608000.358] [16948:16948] [DMG] All ReadHandler-s are clean, clear GlobalDirtySet[0m
[0;32m[2524608000.359] [16948:16948] [FP] Shutting down FabricTable[0m
[0;32m[2524608000.359] [16948:16948] [TS] Pending Last Known Good Time: 2023-10-14T01:16:48[0m
[0;32m[2524608000.359] [16948:16948] [TS] Previous Last Known Good Time: 2023-10-14T01:16:48[0m
[0;32m[2524608000.359] [16948:16948] [TS] Reverted Last Known Good Time to previous value[0m
[0;34m[2524608000.366] [16948:16948] [DL] Wrote settings to /tmp/chip_counters.ini[0m
[0;32m[2524608000.366] [16948:16948] [DL] NVS set: chip-counters/total-operational-hours = 0 (0x0)[0m
[0;32m[2524608000.366] [16948:16948] [DL] Inet Layer shutdown[0m
[0;32m[2524608000.366] [16948:16948] [DL] BLE Layer shutdown[0m
[0;32m[2524608000.367] [16948:16948] [DL] WiFi-PAF Layer shutdown[0m
[0;32m[2524608000.367] [16948:16948] [PAF] WiFiPAF: Closing all WiFiPAF sessions to shutdown[0m
[0;32m[2524608000.367] [16948:16948] [DL] System Layer shutdown[0m
[1;31m[2524608000.368] [16948:16948] [TOO] Run command failure: src/credentials/CHIPCert.cpp:1481: CHIP Error 0x0000004E: Certificate expired[0m
