[0;34m[1784656442.377] [11378:11378] [DL] ChipLinuxStorage::Init: Using KVS config file: /tmp/chip_tool_kvs[0m
[1;31m[1784656442.379] [11378:11378] [DL] ChipLinuxStorage::Init: Attempt to re-initialize with KVS config file: /tmp/chip_kvs, IGNORING.[0m
[0;34m[1784656442.381] [11378:11378] [DL] ChipLinuxStorage::Init: Using KVS config file: /tmp/chip_factory.ini[0m
[0;34m[1784656442.381] [11378:11378] [DL] ChipLinuxStorage::Init: Using KVS config file: /tmp/chip_config.ini[0m
[0;34m[1784656442.381] [11378:11378] [DL] ChipLinuxStorage::Init: Using KVS config file: /tmp/chip_counters.ini[0m
[0;34m[1784656442.386] [11378:11378] [DL] Wrote settings to /tmp/chip_counters.ini[0m
[0;32m[1784656442.386] [11378:11378] [DL] NVS set: chip-counters/reboot-count = 4 (0x4)[0m
[0;32m[1784656442.386] [11378:11378] [DL] Got Ethernet interface: enp0s3[0m
[0;32m[1784656442.386] [11378:11378] [DL] Found the primary Ethernet interface:enp0s3[0m
[1;31m[1784656442.386] [11378:11378] [DL] Failed to get WiFi interface[0m
[1;31m[1784656442.386] [11378:11378] [DL] Failed to reset WiFi statistic counts[0m
[0;32m[1784656442.386] [11378:11378] [PAF] WiFiPAF: WiFiPAFLayer::Init()[0m
[0;34m[1784656442.386] [11378:11378] [IN] UDP::Init bind&listen port=0[0m
[0;34m[1784656442.386] [11378:11378] [IN] UDP::Init bound to port=37024[0m
[0;34m[1784656442.386] [11378:11378] [IN] UDP::Init bind&listen port=0[0m
[0;34m[1784656442.386] [11378:11378] [IN] UDP::Init bound to port=36748[0m
[0;34m[1784656442.386] [11378:11378] [IN] BLEBase::Init - setting/overriding transport[0m
[0;34m[1784656442.386] [11378:11378] [IN] WiFiPAFBase::Init - setting/overriding transport[0m
[0;34m[1784656442.386] [11378:11378] [IN] TransportMgr initialized[0m
[0;34m[1784656442.386] [11378:11378] [FP] Initializing FabricTable from persistent storage[0m
[0;32m[1784656442.386] [11378:11378] [TS] Last Known Good Time: 2023-10-14T01:16:48[0m
[0;32m[1784656442.386] [11378:11378] [FP] Fabric index 0x1 was retrieved from storage. Compressed FabricId 0x6CDD6334484061D9, FabricId 0x0000000000000001, NodeId 0x000000000001B669, VendorId 0xFFF1[0m
[0;32m[1784656442.387] [11378:11378] [DMG] Ember attribute persistence requires setting up[0m
[0;32m[1784656442.387] [11378:11378] [ZCL] Using ZAP configuration...[0m
[0;34m[1784656442.387] [11378:11378] [CTL] System State Initialized...[0m
[0;32m[1784656442.387] [11378:11378] [CTL] Setting attestation nonce to random value[0m
[0;32m[1784656442.387] [11378:11378] [CTL] Setting CSR nonce to random value[0m
[0;34m[1784656442.388] [11378:11380] [DL] CHIP task running[0m
[0;32m[1784656442.388] [11378:11380] [CTL] Setting attestation nonce to random value[0m
[0;32m[1784656442.388] [11378:11380] [CTL] Setting CSR nonce to random value[0m
[0;32m[1784656442.388] [11378:11380] [CTL] Generating NOC[0m
[0;32m[1784656442.388] [11378:11380] [FP] Validating NOC chain[0m
[0;32m[1784656442.388] [11378:11380] [FP] NOC chain validation successful[0m
[0;32m[1784656442.388] [11378:11380] [FP] Updated fabric at index: 0x1, Node ID: 0x000000000001B669[0m
[0;32m[1784656442.388] [11378:11380] [TS] Last Known Good Time: 2023-10-14T01:16:48[0m
[0;32m[1784656442.388] [11378:11380] [TS] New proposed Last Known Good Time: 2021-01-01T00:00:00[0m
[0;32m[1784656442.388] [11378:11380] [TS] Retaining current Last Known Good Time[0m
[0;32m[1784656442.390] [11378:11380] [FP] Metadata for Fabric 0x1 persisted to storage.[0m
[0;32m[1784656442.391] [11378:11380] [TS] Committing Last Known Good Time to storage: 2023-10-14T01:16:48[0m
[0;32m[1784656442.391] [11378:11380] [CTL] Joined the fabric at index 1. Fabric ID is 0x0000000000000001 (Compressed Fabric ID: 6CDD6334484061D9)[0m
[0;32m[1784656442.396] [11378:11380] [TOO] Sending command to node 0x1[0m
[0;34m[1784656442.396] [11378:11380] [CSM] FindOrEstablishSession: PeerId = [1:0000000000000001][0m
[0;34m[1784656442.396] [11378:11380] [CSM] FindOrEstablishSession: No existing OperationalSessionSetup instance found[0m
[0;34m[1784656442.396] [11378:11380] [DIS] OperationalSessionSetup[1:0000000000000001]: State change 1 --> 2[0m
[0;32m[1784656442.396] [11378:11380] [DIS] Lookup started for 6CDD6334484061D9-0000000000000001[0m
[0;32m[1784656442.397] [11378:11380] [DIS] UDP:[fe80::bfe:a203:38f0:bce7%enp0s3]:5540: new best score: 7 (for 6CDD6334484061D9-0000000000000001)[0m
[0;34m[1784656442.397] [11378:11380] [DIS] Lookup clearing interface for non LL address[0m
[0;32m[1784656442.397] [11378:11380] [DIS] UDP:10.0.2.15%enp0s3:5540: new best score: 2 (for 6CDD6334484061D9-0000000000000001)[0m
[0;32m[1784656442.397] [11378:11380] [DIS] Checking node lookup status for 6CDD6334484061D9-0000000000000001 after 1 ms[0m
[0;32m[1784656442.397] [11378:11380] [DIS] Keeping DNSSD lookup active[0m
[0;32m[1784656442.397] [11378:11380] [DIS] UDP:[fe80::bfe:a203:38f0:bce7%enp0s3]:5540: score has not improved: 7 (for 6CDD6334484061D9-0000000000000001)[0m
[0;34m[1784656442.397] [11378:11380] [DIS] Lookup clearing interface for non LL address[0m
[0;32m[1784656442.397] [11378:11380] [DIS] UDP:10.0.2.15%enp0s3:5540: score has not improved: 2 (for 6CDD6334484061D9-0000000000000001)[0m
[0;32m[1784656442.397] [11378:11380] [DIS] Checking node lookup status for 6CDD6334484061D9-0000000000000001 after 1 ms[0m
[0;32m[1784656442.397] [11378:11380] [DIS] Keeping DNSSD lookup active[0m
[0;32m[1784656442.604] [11378:11380] [DIS] Checking node lookup status for 6CDD6334484061D9-0000000000000001 after 208 ms[0m
[0;34m[1784656442.604] [11378:11380] [DIS] OperationalSessionSetup[1:0000000000000001]: Updating device address to UDP:[fe80::bfe:a203:38f0:bce7%enp0s3]:5540 while in state 2[0m
[0;34m[1784656442.604] [11378:11380] [DIS] OperationalSessionSetup[1:0000000000000001]: State change 2 --> 3[0m
[0;34m[1784656442.604] [11378:11380] [IN] SecureSession[0x78a2e4009cd0]: Allocated Type:2 LSID:48619[0m
[0;32m[1784656442.604] [11378:11380] [SC] Initiating session on local FabricIndex 1 from 0x000000000001B669 -> 0x0000000000000001[0m
[0;32m[1784656442.605] [11378:11380] [EM] <<< [E:17300i S:0 M:66794553] (U) Msg TX from E70398911EA7BB0A to 0:0000000000000000 [0000] [UDP:[fe80::bfe:a203:38f0:bce7%enp0s3]:5540] --- Type 0000:30 (SecureChannel:CASE_Sigma1) (B:196)[0m
[0;32m[1784656442.605] [11378:11380] [EM] ??1 [E:17300i S:0 M:66794553] (U) Msg Retransmission to 0:0000000000000000 scheduled for 635ms from now [State:Idle II:500 AI:300 AT:4000][0m
[0;32m[1784656442.605] [11378:11380] [SC] Sent Sigma1 msg to <0000000000000001, 1> [II:500ms AI:300ms AT:4000ms][0m
[0;34m[1784656442.605] [11378:11380] [DIS] OperationalSessionSetup[1:0000000000000001]: State change 3 --> 4[0m
[0;32m[1784656442.606] [11378:11380] [EM] >>> [E:17300i S:0 M:197246456 (Ack:66794553)] (U) Msg RX from 0:0000000000000000 [0000] to E70398911EA7BB0A --- Type 0000:31 (SecureChannel:CASE_Sigma2) (B:751)[0m
[0;34m[1784656442.606] [11378:11380] [EM] Found matching exchange: 17300i, Delegate: 0x78a2e400b8e8[0m
[0;34m[1784656442.606] [11378:11380] [EM] Rxd Ack; Removing MessageCounter:66794553 from Retrans Table on exchange 17300i[0m
[0;32m[1784656442.606] [11378:11380] [SC] Received Sigma2 msg[0m
[0;34m[1784656442.606] [11378:11380] [SC] Found MRP parameters in the message[0m
[0;34m[1784656442.608] [11378:11380] [SC] Peer <0000000000000001, 1> assigned session ID 49589[0m
[0;34m[1784656442.608] [11378:11380] [SC] Sending Sigma3[0m
[0;32m[1784656442.608] [11378:11380] [EM] <<< [E:17300i S:0 M:66794554 (Ack:197246456)] (U) Msg TX from E70398911EA7BB0A to 0:0000000000000000 [0000] [UDP:[fe80::bfe:a203:38f0:bce7%enp0s3]:5540] --- Type 0000:32 (SecureChannel:CASE_Sigma3) (B:598)[0m
[0;32m[1784656442.608] [11378:11380] [EM] ??1 [E:17300i S:0 M:66794554] (U) Msg Retransmission to 0:0000000000000000 scheduled for 337ms from now [State:Active II:500 AI:300 AT:4000][0m
[0;32m[1784656442.608] [11378:11380] [SC] Sent Sigma3 msg[0m
[0;32m[1784656442.619] [11378:11380] [EM] >>> [E:17300i S:0 M:197246457 (Ack:66794554)] (U) Msg RX from 0:0000000000000000 [0000] to E70398911EA7BB0A --- Type 0000:40 (SecureChannel:StatusReport) (B:34)[0m
[0;34m[1784656442.619] [11378:11380] [EM] Found matching exchange: 17300i, Delegate: 0x78a2e400b8e8[0m
[0;34m[1784656442.619] [11378:11380] [EM] Rxd Ack; Removing MessageCounter:66794554 from Retrans Table on exchange 17300i[0m
[0;32m[1784656442.619] [11378:11380] [SC] Success status report received. Session was established[0m
[0;32m[1784656442.621] [11378:11380] [SC] SecureSession[0x78a2e4009cd0, LSID:48619]: State change 'kEstablishing' --> 'kActive'[0m
[0;34m[1784656442.621] [11378:11380] [IN] SecureSession[0x78a2e4009cd0]: Activated - Type:2 LSID:48619[0m
[0;34m[1784656442.621] [11378:11380] [IN] New secure session activated for device <0000000000000001, 1>, LSID:48619 PSID:49589![0m
[0;34m[1784656442.621] [11378:11380] [DIS] OperationalSessionSetup[1:0000000000000001]: State change 4 --> 5[0m
[0;32m[1784656442.621] [11378:11380] [TOO] Sending cluster (0x0000003E) command (0x00000004) on endpoint 0[0m
[0;34m[1784656442.621] [11378:11380] [DMG] ICR moving to [AddingComm][0m
[0;34m[1784656442.621] [11378:11380] [DMG] ICR moving to [AddedComma][0m
[0;32m[1784656442.621] [11378:11380] [EM] <<< [E:17301i S:48619 M:189802951] (S) Msg TX from 000000000001B669 to 1:0000000000000001 [61D9] [UDP:[fe80::bfe:a203:38f0:bce7%enp0s3]:5540] --- Type 0001:08 (IM:InvokeCommandRequest) (B:96)[0m
[0;32m[1784656442.621] [11378:11380] [EM] ??1 [E:17301i S:48619 M:189802951] (S) Msg Retransmission to 1:0000000000000001 scheduled for 395ms from now [State:Active II:500 AI:300 AT:4000][0m
[0;34m[1784656442.621] [11378:11380] [DMG] ICR moving to [AwaitingRe][0m
[0;32m[1784656442.621] [11378:11380] [EM] <<< [E:17300i S:0 M:66794555 (Ack:197246457)] (U) Msg TX from E70398911EA7BB0A to 0:0000000000000000 [0000] [UDP:[fe80::bfe:a203:38f0:bce7%enp0s3]:5540] --- Type 0000:10 (SecureChannel:StandaloneAck) (B:26)[0m
[0;34m[1784656442.621] [11378:11380] [EM] Flushed pending ack for MessageCounter:197246457 on exchange 17300i[0m
[0;32m[1784656442.622] [11378:11380] [EM] >>> [E:17301i S:48619 M:99952808 (Ack:189802951)] (S) Msg RX from 1:0000000000000001 [61D9] to 000000000001B669 --- Type 0001:09 (IM:InvokeCommandResponse) (B:377)[0m
[0;34m[1784656442.622] [11378:11380] [EM] Found matching exchange: 17301i, Delegate: 0x78a2e400eef8[0m
[0;34m[1784656442.622] [11378:11380] [EM] Rxd Ack; Removing MessageCounter:189802951 from Retrans Table on exchange 17301i[0m
[0;34m[1784656442.622] [11378:11380] [DMG] ICR moving to [ResponseRe][0m
[0;34m[1784656442.622] [11378:11380] [DMG] InvokeResponseMessage =[0m
[0;34m[1784656442.622] [11378:11380] [DMG] {[0m
[0;34m[1784656442.622] [11378:11380] [DMG] 	suppressResponse = false, [0m
[0;34m[1784656442.622] [11378:11380] [DMG] 	InvokeResponseIBs =[0m
[0;34m[1784656442.622] [11378:11380] [DMG] 	[[0m
[0;34m[1784656442.622] [11378:11380] [DMG] 		InvokeResponseIB =[0m
[0;34m[1784656442.622] [11378:11380] [DMG] 		{[0m
[0;34m[1784656442.622] [11378:11380] [DMG] 			CommandDataIB =[0m
[0;34m[1784656442.622] [11378:11380] [DMG] 			{[0m
[0;34m[1784656442.622] [11378:11380] [DMG] 				CommandPathIB =[0m
[0;34m[1784656442.622] [11378:11380] [DMG] 				{[0m
[0;34m[1784656442.622] [11378:11380] [DMG] 					EndpointId = 0x0,[0m
[0;34m[1784656442.622] [11378:11380] [DMG] 					ClusterId = 0x3e,[0m
[0;34m[1784656442.622] [11378:11380] [DMG] 					CommandId = 0x5,[0m
[0;34m[1784656442.622] [11378:11380] [DMG] 				},[0m
[0;34m[1784656442.622] [11378:11380] [DMG] 				[0m
[0;34m[1784656442.622] [11378:11380] [DMG] 				CommandFields = [0m
[0;34m[1784656442.622] [11378:11380] [DMG] 				{[0m
[0;34m[1784656442.622] [11378:11380] [DMG] 					0x0 = [[0m
[0;34m[1784656442.622] [11378:11380] [DMG] 							0x15, 0x30, 0x01, 0xcb, 0x30, 0x81, 0xc8, 0x30, 0x70, 0x02, 0x01, 0x00, 0x30, 0x0e, 0x31, 0x0c, 0x30, 0x0a, 0x06, 0x03, 0x55, 0x04, 0x0a, 0x0c, 0x03, 0x43, 0x53, 0x52, 0x30, 0x59, 0x30, 0x13, 0x06, 0x07, 0x2a, 0x86, 0x48, 0xce, 0x3d, 0x02, 0x01, 0x06, 0x08, 0x2a, 0x86, 0x48, 0xce, 0x3d, 0x03, 0x01, 0x07, 0x03, 0x42, 0x00, 0x04, 0xf9, 0x23, 0xf1, 0xa9, 0xdd, 0x13, 0x28, 0x45, 0x7a, 0xcf, 0xee, 0x14, 0x9e, 0x96, 0x2a, 0xec, 0xff, 0x75, 0xf3, 0x7e, 0xd6, 0x63, 0xb4, 0x8b, 0x75, 0x19, 0x7f, 0x03, 0x4d, 0x1e, 0x69, 0x18, 0xfa, 0x71, 0x6e, 0xa9, 0xd9, 0xb4, 0xea, 0xc3, 0x89, 0xce, 0x5e, 0xd7, 0xdf, 0x17, 0x19, 0x8f, 0xad, 0x70, 0xbd, 0x4e, 0x1d, 0xd3, 0xab, 0xf0, 0xd2, 0xa4, 0xfb, 0x12, 0x82, 0x18, 0x77, 0xc5, 0xa0, 0x00, 0x30, 0x0a, 0x06, 0x08, 0x2a, 0x86, 0x48, 0xce, 0x3d, 0x04, 0x03, 0x02, 0x03, 0x48, 0x00, 0x30, 0x45, 0x02, 0x20, 0x3f, 0xf8, 0xbb, 0xf7, 0x01, 0x90, 0x83, 0x7e, 0xea, 0xa2, 0x47, 0x2e, 0xb2, 0x20, 0x81, 0xf1, 0x8f, 0x5f, 0xf2, 0xc8, 0x41, 0x12, 0x95, 0x80, 0x76, 0x4d, 0xaa, 0x99, 0xda, 0xc6, 0x69, 0xd4, 0x02, 0x21, 0x00, 0xf7, 0x53, 0x7e, 0xc4, 0xf0, 0xfd, 0x48, 0xa7, 0x06, 0xc5, 0xa0, 0x37, 0x56, 0xec, 0x13, 0x34, 0x8e, 0xc5, 0xa9, 0xaf, 0xa4, 0x09, 0x1a, 0x0c, 0xce, 0x45, 0x30, 0x62, 0xe6, 0xd1, 0x28, 0x87, 0x30, 0x02, 0x20, 0xd8, 0xa1, 0xef, 0x99, 0xde, 0x2e, 0x05, 0x8f, 0x0e, 0x3e, 0xfc, 0xea, 0xbd, 0x8a, 0x79, 0xbd, 0xa8, 0x8e, 0x05, 0x3b, 0xd2, 0xee, 0x04, 0xde, 0xa8, 0x46, 0xcd, 0x84, 0x27, 0xa2, 0x35, 0x83, 0x18, [0m
[0;34m[1784656442.622] [11378:11380] [DMG] 					] (243 bytes)[0m
[0;34m[1784656442.622] [11378:11380] [DMG] 					0x1 = [[0m
[0;34m[1784656442.622] [11378:11380] [DMG] 							0xd0, 0xf4, 0x64, 0x40, 0x03, 0x66, 0x7d, 0x44, 0xc5, 0x4a, 0x4f, 0x9e, 0xae, 0xc0, 0x06, 0xfd, 0xc5, 0x6f, 0x93, 0xfa, 0x0c, 0x4e, 0x2a, 0xf5, 0x97, 0xfc, 0x4e, 0x97, 0x3c, 0xde, 0x45, 0x05, 0xb9, 0x90, 0x9f, 0x37, 0x97, 0xf4, 0x19, 0x62, 0x2a, 0x1d, 0xe7, 0x61, 0xc7, 0xf2, 0xe7, 0x64, 0xb2, 0x96, 0xaf, 0xd7, 0x1f, 0xce, 0xb1, 0x33, 0xa8, 0x70, 0x5c, 0xbd, 0xdc, 0x5b, 0xe9, 0xf0, [0m
[0;34m[1784656442.622] [11378:11380] [DMG] 					] (64 bytes)[0m
[0;34m[1784656442.622] [11378:11380] [DMG] 				},[0m
[0;34m[1784656442.622] [11378:11380] [DMG] 			},[0m
[0;34m[1784656442.622] [11378:11380] [DMG] 			[0m
[0;34m[1784656442.622] [11378:11380] [DMG] 		},[0m
[0;34m[1784656442.622] [11378:11380] [DMG] 		[0m
[0;34m[1784656442.622] [11378:11380] [DMG] 	],[0m
[0;34m[1784656442.622] [11378:11380] [DMG] 	[0m
[0;34m[1784656442.622] [11378:11380] [DMG] 	InteractionModelRevision = 12[0m
[0;34m[1784656442.622] [11378:11380] [DMG] },[0m
[0;32m[1784656442.622] [11378:11380] [DMG] Received Command Response Data, Endpoint=0 Cluster=0x0000_003E Command=0x0000_0005[0m
[0;32m[1784656442.622] [11378:11380] [TOO] Endpoint: 0 Cluster: 0x0000_003E Command 0x0000_0005[0m
[0;32m[1784656442.622] [11378:11380] [TOO]   CSRResponse: {[0m
[0;32m[1784656442.622] [11378:11380] [TOO]     NOCSRElements: 153001CB3081C83070020100300E310C300A060355040A0C034353523059301306072A8648CE3D020106082A8648CE3D03010703420004F923F1A9DD1328457ACFEE149E962AECFF75F37ED663B48B75197F034D1E6918FA716EA9D9B4EAC389CE5ED7DF17198FAD70BD4E1DD3ABF0D2A4FB12821877C5A000300A06082A8648CE3D040302034800304502203FF8BBF70190837EEAA2472EB22081F18F5FF2C841129580764DAA99DAC669D4022100F7537EC4F0FD48A706C5A03756EC13348EC5A9AFA4091A0CCE453062E6D12887300220D8A1EF99DE2E058F0E3EFCEABD8A79BDA88E053BD2EE04DEA846CD8427A2358318[0m
[0;32m[1784656442.622] [11378:11380] [TOO]     attestationSignature: D0F4644003667D44C54A4F9EAEC006FDC56F93FA0C4E2AF597FC4E973CDE4505B9909F3797F419622A1DE761C7F2E764B296AFD71FCEB133A8705CBDDC5BE9F0[0m
[0;32m[1784656442.622] [11378:11380] [TOO]    }[0m
[0;34m[1784656442.622] [11378:11380] [DMG] ICR moving to [AwaitingDe][0m
[0;32m[1784656442.622] [11378:11380] [EM] <<< [E:17301i S:48619 M:189802952 (Ack:99952808)] (S) Msg TX from 000000000001B669 to 1:0000000000000001 [61D9] [UDP:[fe80::bfe:a203:38f0:bce7%enp0s3]:5540] --- Type 0000:10 (SecureChannel:StandaloneAck) (B:34)[0m
[0;34m[1784656442.622] [11378:11380] [EM] Flushed pending ack for MessageCounter:99952808 on exchange 17301i[0m
[0;34m[1784656442.623] [11378:11378] [CTL] Shutting down the commissioner[0m
[0;32m[1784656442.623] [11378:11378] [PAF] WiFiPAF: Closing all WiFiPAF sessions to shutdown[0m
[0;34m[1784656442.623] [11378:11378] [CTL] Shutting down the controller[0m
[0;34m[1784656442.623] [11378:11378] [IN] Expiring all sessions for fabric 0x1!![0m
[0;34m[1784656442.623] [11378:11378] [IN] SecureSession[0x78a2e4009cd0]: MarkForEviction Type:2 LSID:48619[0m
[0;32m[1784656442.623] [11378:11378] [SC] SecureSession[0x78a2e4009cd0, LSID:48619]: State change 'kActive' --> 'kPendingEviction'[0m
[0;34m[1784656442.623] [11378:11378] [IN] SecureSession[0x78a2e4009cd0]: Released - Type:2 LSID:48619[0m
[0;32m[1784656442.623] [11378:11378] [FP] Forgetting fabric 0x1[0m
[0;32m[1784656442.623] [11378:11378] [TS] Pending Last Known Good Time: 2023-10-14T01:16:48[0m
[0;32m[1784656442.623] [11378:11378] [TS] Previous Last Known Good Time: 2023-10-14T01:16:48[0m
[0;32m[1784656442.623] [11378:11378] [TS] Reverted Last Known Good Time to previous value[0m
[0;34m[1784656442.623] [11378:11378] [CTL] Shutting down the commissioner[0m
[0;32m[1784656442.623] [11378:11378] [PAF] WiFiPAF: Closing all WiFiPAF sessions to shutdown[0m
[0;34m[1784656442.623] [11378:11378] [CTL] Shutting down the controller[0m
[0;34m[1784656442.623] [11378:11378] [CTL] Shutting down the System State, this will teardown the CHIP Stack[0m
[0;34m[1784656442.623] [11378:11378] [DMG] All ReadHandler-s are clean, clear GlobalDirtySet[0m
[0;32m[1784656442.623] [11378:11378] [FP] Shutting down FabricTable[0m
[0;32m[1784656442.623] [11378:11378] [TS] Pending Last Known Good Time: 2023-10-14T01:16:48[0m
[0;32m[1784656442.623] [11378:11378] [TS] Previous Last Known Good Time: 2023-10-14T01:16:48[0m
[0;32m[1784656442.623] [11378:11378] [TS] Reverted Last Known Good Time to previous value[0m
[0;34m[1784656442.626] [11378:11378] [DL] Wrote settings to /tmp/chip_counters.ini[0m
[0;32m[1784656442.626] [11378:11378] [DL] NVS set: chip-counters/total-operational-hours = 0 (0x0)[0m
[0;32m[1784656442.626] [11378:11378] [DL] Inet Layer shutdown[0m
[0;32m[1784656442.626] [11378:11378] [DL] BLE Layer shutdown[0m
[0;32m[1784656442.626] [11378:11378] [DL] WiFi-PAF Layer shutdown[0m
[0;32m[1784656442.626] [11378:11378] [PAF] WiFiPAF: Closing all WiFiPAF sessions to shutdown[0m
[0;32m[1784656442.626] [11378:11378] [DL] System Layer shutdown[0m
