[0;34m[1784656443.060] [11391:11391] [DL] ChipLinuxStorage::Init: Using KVS config file: /tmp/chip_tool_kvs[0m
[1;31m[1784656443.061] [11391:11391] [DL] ChipLinuxStorage::Init: Attempt to re-initialize with KVS config file: /tmp/chip_kvs, IGNORING.[0m
[0;34m[1784656443.062] [11391:11391] [DL] ChipLinuxStorage::Init: Using KVS config file: /tmp/chip_factory.ini[0m
[0;34m[1784656443.062] [11391:11391] [DL] ChipLinuxStorage::Init: Using KVS config file: /tmp/chip_config.ini[0m
[0;34m[1784656443.062] [11391:11391] [DL] ChipLinuxStorage::Init: Using KVS config file: /tmp/chip_counters.ini[0m
[0;34m[1784656443.065] [11391:11391] [DL] Wrote settings to /tmp/chip_counters.ini[0m
[0;32m[1784656443.065] [11391:11391] [DL] NVS set: chip-counters/reboot-count = 6 (0x6)[0m
[0;32m[1784656443.065] [11391:11391] [DL] Got Ethernet interface: enp0s3[0m
[0;32m[1784656443.065] [11391:11391] [DL] Found the primary Ethernet interface:enp0s3[0m
[1;31m[1784656443.065] [11391:11391] [DL] Failed to get WiFi interface[0m
[1;31m[1784656443.065] [11391:11391] [DL] Failed to reset WiFi statistic counts[0m
[0;32m[1784656443.065] [11391:11391] [PAF] WiFiPAF: WiFiPAFLayer::Init()[0m
[0;34m[1784656443.065] [11391:11391] [IN] UDP::Init bind&listen port=0[0m
[0;34m[1784656443.065] [11391:11391] [IN] UDP::Init bound to port=33230[0m
[0;34m[1784656443.065] [11391:11391] [IN] UDP::Init bind&listen port=0[0m
[0;34m[1784656443.065] [11391:11391] [IN] UDP::Init bound to port=40444[0m
[0;34m[1784656443.065] [11391:11391] [IN] BLEBase::Init - setting/overriding transport[0m
[0;34m[1784656443.065] [11391:11391] [IN] WiFiPAFBase::Init - setting/overriding transport[0m
[0;34m[1784656443.065] [11391:11391] [IN] TransportMgr initialized[0m
[0;34m[1784656443.065] [11391:11391] [FP] Initializing FabricTable from persistent storage[0m
[0;32m[1784656443.065] [11391:11391] [TS] Last Known Good Time: 2023-10-14T01:16:48[0m
[0;32m[1784656443.065] [11391:11391] [FP] Fabric index 0x1 was retrieved from storage. Compressed FabricId 0x6CDD6334484061D9, FabricId 0x0000000000000001, NodeId 0x000000000001B669, VendorId 0xFFF1[0m
[0;32m[1784656443.067] [11391:11391] [DMG] Ember attribute persistence requires setting up[0m
[0;32m[1784656443.067] [11391:11391] [ZCL] Using ZAP configuration...[0m
[0;34m[1784656443.067] [11391:11391] [CTL] System State Initialized...[0m
[0;32m[1784656443.067] [11391:11391] [CTL] Setting attestation nonce to random value[0m
[0;32m[1784656443.067] [11391:11391] [CTL] Setting CSR nonce to random value[0m
[0;34m[1784656443.067] [11391:11393] [DL] CHIP task running[0m
[0;32m[1784656443.067] [11391:11393] [CTL] Setting attestation nonce to random value[0m
[0;32m[1784656443.067] [11391:11393] [CTL] Setting CSR nonce to random value[0m
[0;32m[1784656443.067] [11391:11393] [CTL] Generating NOC[0m
[0;32m[1784656443.067] [11391:11393] [FP] Validating NOC chain[0m
[0;32m[1784656443.068] [11391:11393] [FP] NOC chain validation successful[0m
[0;32m[1784656443.068] [11391:11393] [FP] Updated fabric at index: 0x1, Node ID: 0x000000000001B669[0m
[0;32m[1784656443.068] [11391:11393] [TS] Last Known Good Time: 2023-10-14T01:16:48[0m
[0;32m[1784656443.068] [11391:11393] [TS] New proposed Last Known Good Time: 2021-01-01T00:00:00[0m
[0;32m[1784656443.068] [11391:11393] [TS] Retaining current Last Known Good Time[0m
[0;32m[1784656443.069] [11391:11393] [FP] Metadata for Fabric 0x1 persisted to storage.[0m
[0;32m[1784656443.070] [11391:11393] [TS] Committing Last Known Good Time to storage: 2023-10-14T01:16:48[0m
[0;32m[1784656443.071] [11391:11393] [CTL] Joined the fabric at index 1. Fabric ID is 0x0000000000000001 (Compressed Fabric ID: 6CDD6334484061D9)[0m
[0;32m[1784656443.075] [11391:11393] [TOO] Sending command to node 0x1[0m
[0;34m[1784656443.075] [11391:11393] [CSM] FindOrEstablishSession: PeerId = [1:0000000000000001][0m
[0;34m[1784656443.075] [11391:11393] [CSM] FindOrEstablishSession: No existing OperationalSessionSetup instance found[0m
[0;34m[1784656443.075] [11391:11393] [DIS] OperationalSessionSetup[1:0000000000000001]: State change 1 --> 2[0m
[0;32m[1784656443.076] [11391:11393] [DIS] Lookup started for 6CDD6334484061D9-0000000000000001[0m
[0;32m[1784656443.076] [11391:11393] [DIS] UDP:[fe80::bfe:a203:38f0:bce7%enp0s3]:5540: new best score: 7 (for 6CDD6334484061D9-0000000000000001)[0m
[0;34m[1784656443.076] [11391:11393] [DIS] Lookup clearing interface for non LL address[0m
[0;32m[1784656443.076] [11391:11393] [DIS] UDP:10.0.2.15%enp0s3:5540: new best score: 2 (for 6CDD6334484061D9-0000000000000001)[0m
[0;32m[1784656443.076] [11391:11393] [DIS] Checking node lookup status for 6CDD6334484061D9-0000000000000001 after 1 ms[0m
[0;32m[1784656443.076] [11391:11393] [DIS] Keeping DNSSD lookup active[0m
[0;32m[1784656443.076] [11391:11393] [DIS] UDP:[fe80::bfe:a203:38f0:bce7%enp0s3]:5540: score has not improved: 7 (for 6CDD6334484061D9-0000000000000001)[0m
[0;34m[1784656443.076] [11391:11393] [DIS] Lookup clearing interface for non LL address[0m
[0;32m[1784656443.076] [11391:11393] [DIS] UDP:10.0.2.15%enp0s3:5540: score has not improved: 2 (for 6CDD6334484061D9-0000000000000001)[0m
[0;32m[1784656443.076] [11391:11393] [DIS] Checking node lookup status for 6CDD6334484061D9-0000000000000001 after 1 ms[0m
[0;32m[1784656443.076] [11391:11393] [DIS] Keeping DNSSD lookup active[0m
[0;32m[1784656443.283] [11391:11393] [DIS] Checking node lookup status for 6CDD6334484061D9-0000000000000001 after 207 ms[0m
[0;34m[1784656443.283] [11391:11393] [DIS] OperationalSessionSetup[1:0000000000000001]: Updating device address to UDP:[fe80::bfe:a203:38f0:bce7%enp0s3]:5540 while in state 2[0m
[0;34m[1784656443.283] [11391:11393] [DIS] OperationalSessionSetup[1:0000000000000001]: State change 2 --> 3[0m
[0;34m[1784656443.283] [11391:11393] [IN] SecureSession[0x7168d8009cd0]: Allocated Type:2 LSID:28524[0m
[0;32m[1784656443.283] [11391:11393] [SC] Initiating session on local FabricIndex 1 from 0x000000000001B669 -> 0x0000000000000001[0m
[0;32m[1784656443.283] [11391:11393] [EM] <<< [E:26444i S:0 M:746731] (U) Msg TX from 14F0705DF5D461E1 to 0:0000000000000000 [0000] [UDP:[fe80::bfe:a203:38f0:bce7%enp0s3]:5540] --- Type 0000:30 (SecureChannel:CASE_Sigma1) (B:196)[0m
[0;32m[1784656443.284] [11391:11393] [EM] ??1 [E:26444i S:0 M:746731] (U) Msg Retransmission to 0:0000000000000000 scheduled for 575ms from now [State:Idle II:500 AI:300 AT:4000][0m
[0;32m[1784656443.284] [11391:11393] [SC] Sent Sigma1 msg to <0000000000000001, 1> [II:500ms AI:300ms AT:4000ms][0m
[0;34m[1784656443.284] [11391:11393] [DIS] OperationalSessionSetup[1:0000000000000001]: State change 3 --> 4[0m
[0;32m[1784656443.284] [11391:11393] [EM] >>> [E:26444i S:0 M:197246460 (Ack:746731)] (U) Msg RX from 0:0000000000000000 [0000] to 14F0705DF5D461E1 --- Type 0000:31 (SecureChannel:CASE_Sigma2) (B:751)[0m
[0;34m[1784656443.284] [11391:11393] [EM] Found matching exchange: 26444i, Delegate: 0x7168d800b8e8[0m
[0;34m[1784656443.284] [11391:11393] [EM] Rxd Ack; Removing MessageCounter:746731 from Retrans Table on exchange 26444i[0m
[0;32m[1784656443.284] [11391:11393] [SC] Received Sigma2 msg[0m
[0;34m[1784656443.284] [11391:11393] [SC] Found MRP parameters in the message[0m
[0;34m[1784656443.285] [11391:11393] [SC] Peer <0000000000000001, 1> assigned session ID 49591[0m
[0;34m[1784656443.285] [11391:11393] [SC] Sending Sigma3[0m
[0;32m[1784656443.285] [11391:11393] [EM] <<< [E:26444i S:0 M:746732 (Ack:197246460)] (U) Msg TX from 14F0705DF5D461E1 to 0:0000000000000000 [0000] [UDP:[fe80::bfe:a203:38f0:bce7%enp0s3]:5540] --- Type 0000:32 (SecureChannel:CASE_Sigma3) (B:598)[0m
[0;32m[1784656443.285] [11391:11393] [EM] ??1 [E:26444i S:0 M:746732] (U) Msg Retransmission to 0:0000000000000000 scheduled for 359ms from now [State:Active II:500 AI:300 AT:4000][0m
[0;32m[1784656443.285] [11391:11393] [SC] Sent Sigma3 msg[0m
[0;32m[1784656443.296] [11391:11393] [EM] >>> [E:26444i S:0 M:197246461 (Ack:746732)] (U) Msg RX from 0:0000000000000000 [0000] to 14F0705DF5D461E1 --- Type 0000:40 (SecureChannel:StatusReport) (B:34)[0m
[0;34m[1784656443.296] [11391:11393] [EM] Found matching exchange: 26444i, Delegate: 0x7168d800b8e8[0m
[0;34m[1784656443.296] [11391:11393] [EM] Rxd Ack; Removing MessageCounter:746732 from Retrans Table on exchange 26444i[0m
[0;32m[1784656443.296] [11391:11393] [SC] Success status report received. Session was established[0m
[0;32m[1784656443.297] [11391:11393] [SC] SecureSession[0x7168d8009cd0, LSID:28524]: State change 'kEstablishing' --> 'kActive'[0m
[0;34m[1784656443.297] [11391:11393] [IN] SecureSession[0x7168d8009cd0]: Activated - Type:2 LSID:28524[0m
[0;34m[1784656443.298] [11391:11393] [IN] New secure session activated for device <0000000000000001, 1>, LSID:28524 PSID:49591![0m
[0;34m[1784656443.298] [11391:11393] [DIS] OperationalSessionSetup[1:0000000000000001]: State change 4 --> 5[0m
[0;32m[1784656443.298] [11391:11393] [TOO] Sending cluster (0x0000003E) command (0x00000007) on endpoint 0[0m
[0;34m[1784656443.298] [11391:11393] [DMG] ICR moving to [AddingComm][0m
[0;34m[1784656443.298] [11391:11393] [DMG] ICR moving to [AddedComma][0m
[0;32m[1784656443.298] [11391:11393] [EM] <<< [E:26445i S:28524 M:49141774] (S) Msg TX from 000000000001B669 to 1:0000000000000001 [61D9] [UDP:[fe80::bfe:a203:38f0:bce7%enp0s3]:5540] --- Type 0001:08 (IM:InvokeCommandRequest) (B:330)[0m
[0;32m[1784656443.298] [11391:11393] [EM] ??1 [E:26445i S:28524 M:49141774] (S) Msg Retransmission to 1:0000000000000001 scheduled for 350ms from now [State:Active II:500 AI:300 AT:4000][0m
[0;34m[1784656443.298] [11391:11393] [DMG] ICR moving to [AwaitingRe][0m
[0;32m[1784656443.298] [11391:11393] [EM] <<< [E:26444i S:0 M:746733 (Ack:197246461)] (U) Msg TX from 14F0705DF5D461E1 to 0:0000000000000000 [0000] [UDP:[fe80::bfe:a203:38f0:bce7%enp0s3]:5540] --- Type 0000:10 (SecureChannel:StandaloneAck) (B:26)[0m
[0;34m[1784656443.298] [11391:11393] [EM] Flushed pending ack for MessageCounter:197246461 on exchange 26444i[0m
[0;32m[1784656443.309] [11391:11393] [EM] >>> [E:26445i S:28524 M:228407503 (Ack:49141774)] (S) Msg RX from 1:0000000000000001 [61D9] to 000000000001B669 --- Type 0001:09 (IM:InvokeCommandResponse) (B:70)[0m
[0;34m[1784656443.309] [11391:11393] [EM] Found matching exchange: 26445i, Delegate: 0x7168d800eef8[0m
[0;34m[1784656443.309] [11391:11393] [EM] Rxd Ack; Removing MessageCounter:49141774 from Retrans Table on exchange 26445i[0m
[0;34m[1784656443.309] [11391:11393] [DMG] ICR moving to [ResponseRe][0m
[0;34m[1784656443.309] [11391:11393] [DMG] InvokeResponseMessage =[0m
[0;34m[1784656443.309] [11391:11393] [DMG] {[0m
[0;34m[1784656443.309] [11391:11393] [DMG] 	suppressResponse = false, [0m
[0;34m[1784656443.309] [11391:11393] [DMG] 	InvokeResponseIBs =[0m
[0;34m[1784656443.309] [11391:11393] [DMG] 	[[0m
[0;34m[1784656443.309] [11391:11393] [DMG] 		InvokeResponseIB =[0m
[0;34m[1784656443.309] [11391:11393] [DMG] 		{[0m
[0;34m[1784656443.309] [11391:11393] [DMG] 			CommandDataIB =[0m
[0;34m[1784656443.309] [11391:11393] [DMG] 			{[0m
[0;34m[1784656443.309] [11391:11393] [DMG] 				CommandPathIB =[0m
[0;34m[1784656443.309] [11391:11393] [DMG] 				{[0m
[0;34m[1784656443.309] [11391:11393] [DMG] 					EndpointId = 0x0,[0m
[0;34m[1784656443.309] [11391:11393] [DMG] 					ClusterId = 0x3e,[0m
[0;34m[1784656443.309] [11391:11393] [DMG] 					CommandId = 0x8,[0m
[0;34m[1784656443.309] [11391:11393] [DMG] 				},[0m
[0;34m[1784656443.309] [11391:11393] [DMG] 				[0m
[0;34m[1784656443.309] [11391:11393] [DMG] 				CommandFields = [0m
[0;34m[1784656443.309] [11391:11393] [DMG] 				{[0m
[0;34m[1784656443.309] [11391:11393] [DMG] 					0x0 = 0 (unsigned), [0m
[0;34m[1784656443.309] [11391:11393] [DMG] 					0x1 = 1 (unsigned), [0m
[0;34m[1784656443.309] [11391:11393] [DMG] 				},[0m
[0;34m[1784656443.309] [11391:11393] [DMG] 			},[0m
[0;34m[1784656443.309] [11391:11393] [DMG] 			[0m
[0;34m[1784656443.309] [11391:11393] [DMG] 		},[0m
[0;34m[1784656443.309] [11391:11393] [DMG] 		[0m
[0;34m[1784656443.309] [11391:11393] [DMG] 	],[0m
[0;34m[1784656443.309] [11391:11393] [DMG] 	[0m
[0;34m[1784656443.309] [11391:11393] [DMG] 	InteractionModelRevision = 12[0m
[0;34m[1784656443.309] [11391:11393] [DMG] },[0m
[0;32m[1784656443.309] [11391:11393] [DMG] Received Command Response Data, Endpoint=0 Cluster=0x0000_003E Command=0x0000_0008[0m
[0;32m[1784656443.309] [11391:11393] [TOO] Endpoint: 0 Cluster: 0x0000_003E Command 0x0000_0008[0m
[0;32m[1784656443.309] [11391:11393] [TOO]   NOCResponse: {[0m
[0;32m[1784656443.309] [11391:11393] [TOO]     statusCode: 0[0m
[0;32m[1784656443.309] [11391:11393] [TOO]     fabricIndex: 1[0m
[0;32m[1784656443.309] [11391:11393] [TOO]    }[0m
[0;34m[1784656443.309] [11391:11393] [DMG] ICR moving to [AwaitingDe][0m
[0;32m[1784656443.309] [11391:11393] [EM] <<< [E:26445i S:28524 M:49141775 (Ack:228407503)] (S) Msg TX from 000000000001B669 to 1:0000000000000001 [61D9] [UDP:[fe80::bfe:a203:38f0:bce7%enp0s3]:5540] --- Type 0000:10 (SecureChannel:StandaloneAck) (B:34)[0m
[0;34m[1784656443.309] [11391:11393] [EM] Flushed pending ack for MessageCounter:228407503 on exchange 26445i[0m
[0;34m[1784656443.310] [11391:11391] [CTL] Shutting down the commissioner[0m
[0;32m[1784656443.310] [11391:11391] [PAF] WiFiPAF: Closing all WiFiPAF sessions to shutdown[0m
[0;34m[1784656443.310] [11391:11391] [CTL] Shutting down the controller[0m
[0;34m[1784656443.310] [11391:11391] [IN] Expiring all sessions for fabric 0x1!![0m
[0;34m[1784656443.310] [11391:11391] [IN] SecureSession[0x7168d8009cd0]: MarkForEviction Type:2 LSID:28524[0m
[0;32m[1784656443.310] [11391:11391] [SC] SecureSession[0x7168d8009cd0, LSID:28524]: State change 'kActive' --> 'kPendingEviction'[0m
[0;34m[1784656443.310] [11391:11391] [IN] SecureSession[0x7168d8009cd0]: Released - Type:2 LSID:28524[0m
[0;32m[1784656443.310] [11391:11391] [FP] Forgetting fabric 0x1[0m
[0;32m[1784656443.310] [11391:11391] [TS] Pending Last Known Good Time: 2023-10-14T01:16:48[0m
[0;32m[1784656443.310] [11391:11391] [TS] Previous Last Known Good Time: 2023-10-14T01:16:48[0m
[0;32m[1784656443.310] [11391:11391] [TS] Reverted Last Known Good Time to previous value[0m
[0;34m[1784656443.310] [11391:11391] [CTL] Shutting down the commissioner[0m
[0;32m[1784656443.310] [11391:11391] [PAF] WiFiPAF: Closing all WiFiPAF sessions to shutdown[0m
[0;34m[1784656443.310] [11391:11391] [CTL] Shutting down the controller[0m
[0;34m[1784656443.310] [11391:11391] [CTL] Shutting down the System State, this will teardown the CHIP Stack[0m
[0;34m[1784656443.310] [11391:11391] [DMG] All ReadHandler-s are clean, clear GlobalDirtySet[0m
[0;32m[1784656443.310] [11391:11391] [FP] Shutting down FabricTable[0m
[0;32m[1784656443.310] [11391:11391] [TS] Pending Last Known Good Time: 2023-10-14T01:16:48[0m
[0;32m[1784656443.310] [11391:11391] [TS] Previous Last Known Good Time: 2023-10-14T01:16:48[0m
[0;32m[1784656443.310] [11391:11391] [TS] Reverted Last Known Good Time to previous value[0m
[0;34m[1784656443.313] [11391:11391] [DL] Wrote settings to /tmp/chip_counters.ini[0m
[0;32m[1784656443.313] [11391:11391] [DL] NVS set: chip-counters/total-operational-hours = 0 (0x0)[0m
[0;32m[1784656443.313] [11391:11391] [DL] Inet Layer shutdown[0m
[0;32m[1784656443.313] [11391:11391] [DL] BLE Layer shutdown[0m
[0;32m[1784656443.313] [11391:11391] [DL] WiFi-PAF Layer shutdown[0m
[0;32m[1784656443.313] [11391:11391] [PAF] WiFiPAF: Closing all WiFiPAF sessions to shutdown[0m
[0;32m[1784656443.313] [11391:11391] [DL] System Layer shutdown[0m
