[0;34m[1784655988.863] [9875:9875] [DL] ChipLinuxStorage::Init: Using KVS config file: /tmp/chip_tool_kvs[0m
[1;31m[1784655988.863] [9875:9875] [DL] ChipLinuxStorage::Init: Attempt to re-initialize with KVS config file: /tmp/chip_kvs, IGNORING.[0m
[0;34m[1784655988.865] [9875:9875] [DL] ChipLinuxStorage::Init: Using KVS config file: /tmp/chip_factory.ini[0m
[0;34m[1784655988.865] [9875:9875] [DL] ChipLinuxStorage::Init: Using KVS config file: /tmp/chip_config.ini[0m
[0;34m[1784655988.865] [9875:9875] [DL] ChipLinuxStorage::Init: Using KVS config file: /tmp/chip_counters.ini[0m
[0;34m[1784655988.867] [9875:9875] [DL] Wrote settings to /tmp/chip_counters.ini[0m
[0;32m[1784655988.867] [9875:9875] [DL] NVS set: chip-counters/reboot-count = 3 (0x3)[0m
[0;32m[1784655988.867] [9875:9875] [DL] Got Ethernet interface: enp0s3[0m
[0;32m[1784655988.867] [9875:9875] [DL] Found the primary Ethernet interface:enp0s3[0m
[1;31m[1784655988.867] [9875:9875] [DL] Failed to get WiFi interface[0m
[1;31m[1784655988.867] [9875:9875] [DL] Failed to reset WiFi statistic counts[0m
[0;32m[1784655988.867] [9875:9875] [PAF] WiFiPAF: WiFiPAFLayer::Init()[0m
[0;34m[1784655988.867] [9875:9875] [IN] UDP::Init bind&listen port=0[0m
[0;34m[1784655988.867] [9875:9875] [IN] UDP::Init bound to port=59117[0m
[0;34m[1784655988.867] [9875:9875] [IN] UDP::Init bind&listen port=0[0m
[0;34m[1784655988.867] [9875:9875] [IN] UDP::Init bound to port=49403[0m
[0;34m[1784655988.867] [9875:9875] [IN] BLEBase::Init - setting/overriding transport[0m
[0;34m[1784655988.867] [9875:9875] [IN] WiFiPAFBase::Init - setting/overriding transport[0m
[0;34m[1784655988.867] [9875:9875] [IN] TransportMgr initialized[0m
[0;34m[1784655988.867] [9875:9875] [FP] Initializing FabricTable from persistent storage[0m
[0;32m[1784655988.867] [9875:9875] [TS] Last Known Good Time: 2023-10-14T01:16:48[0m
[0;32m[1784655988.868] [9875:9875] [FP] Fabric index 0x1 was retrieved from storage. Compressed FabricId 0xE5BB44B055794C93, FabricId 0x0000000000000001, NodeId 0x000000000001B669, VendorId 0xFFF1[0m
[0;32m[1784655988.869] [9875:9875] [DMG] Ember attribute persistence requires setting up[0m
[0;32m[1784655988.869] [9875:9875] [ZCL] Using ZAP configuration...[0m
[0;34m[1784655988.869] [9875:9875] [CTL] System State Initialized...[0m
[0;32m[1784655988.869] [9875:9875] [CTL] Setting attestation nonce to random value[0m
[0;32m[1784655988.869] [9875:9875] [CTL] Setting CSR nonce to random value[0m
[0;34m[1784655988.869] [9875:9877] [DL] CHIP task running[0m
[0;32m[1784655988.869] [9875:9877] [CTL] Setting attestation nonce to random value[0m
[0;32m[1784655988.869] [9875:9877] [CTL] Setting CSR nonce to random value[0m
[0;32m[1784655988.869] [9875:9877] [CTL] Generating NOC[0m
[0;32m[1784655988.870] [9875:9877] [FP] Validating NOC chain[0m
[0;32m[1784655988.870] [9875:9877] [FP] NOC chain validation successful[0m
[0;32m[1784655988.870] [9875:9877] [FP] Updated fabric at index: 0x1, Node ID: 0x000000000001B669[0m
[0;32m[1784655988.870] [9875:9877] [TS] Last Known Good Time: 2023-10-14T01:16:48[0m
[0;32m[1784655988.870] [9875:9877] [TS] New proposed Last Known Good Time: 2021-01-01T00:00:00[0m
[0;32m[1784655988.870] [9875:9877] [TS] Retaining current Last Known Good Time[0m
[0;32m[1784655988.872] [9875:9877] [FP] Metadata for Fabric 0x1 persisted to storage.[0m
[0;32m[1784655988.873] [9875:9877] [TS] Committing Last Known Good Time to storage: 2023-10-14T01:16:48[0m
[0;32m[1784655988.873] [9875:9877] [CTL] Joined the fabric at index 1. Fabric ID is 0x0000000000000001 (Compressed Fabric ID: E5BB44B055794C93)[0m
[0;32m[1784655988.878] [9875:9877] [TOO] Sending command to node 0x1[0m
[0;34m[1784655988.878] [9875:9877] [CSM] FindOrEstablishSession: PeerId = [1:0000000000000001][0m
[0;34m[1784655988.878] [9875:9877] [CSM] FindOrEstablishSession: No existing OperationalSessionSetup instance found[0m
[0;34m[1784655988.878] [9875:9877] [DIS] OperationalSessionSetup[1:0000000000000001]: State change 1 --> 2[0m
[0;32m[1784655988.878] [9875:9877] [DIS] Lookup started for E5BB44B055794C93-0000000000000001[0m
[0;32m[1784655988.879] [9875:9877] [DIS] UDP:[fe80::bfe:a203:38f0:bce7%enp0s3]:5540: new best score: 7 (for E5BB44B055794C93-0000000000000001)[0m
[0;34m[1784655988.879] [9875:9877] [DIS] Lookup clearing interface for non LL address[0m
[0;32m[1784655988.879] [9875:9877] [DIS] UDP:10.0.2.15%enp0s3:5540: new best score: 2 (for E5BB44B055794C93-0000000000000001)[0m
[0;32m[1784655988.879] [9875:9877] [DIS] Checking node lookup status for E5BB44B055794C93-0000000000000001 after 1 ms[0m
[0;32m[1784655988.879] [9875:9877] [DIS] Keeping DNSSD lookup active[0m
[0;32m[1784655988.879] [9875:9877] [DIS] UDP:[fe80::bfe:a203:38f0:bce7%enp0s3]:5540: score has not improved: 7 (for E5BB44B055794C93-0000000000000001)[0m
[0;34m[1784655988.879] [9875:9877] [DIS] Lookup clearing interface for non LL address[0m
[0;32m[1784655988.879] [9875:9877] [DIS] UDP:10.0.2.15%enp0s3:5540: score has not improved: 2 (for E5BB44B055794C93-0000000000000001)[0m
[0;32m[1784655988.879] [9875:9877] [DIS] Checking node lookup status for E5BB44B055794C93-0000000000000001 after 2 ms[0m
[0;32m[1784655988.879] [9875:9877] [DIS] Keeping DNSSD lookup active[0m
[0;32m[1784655989.083] [9875:9877] [DIS] Checking node lookup status for E5BB44B055794C93-0000000000000001 after 205 ms[0m
[0;34m[1784655989.083] [9875:9877] [DIS] OperationalSessionSetup[1:0000000000000001]: Updating device address to UDP:[fe80::bfe:a203:38f0:bce7%enp0s3]:5540 while in state 2[0m
[0;34m[1784655989.083] [9875:9877] [DIS] OperationalSessionSetup[1:0000000000000001]: State change 2 --> 3[0m
[0;34m[1784655989.083] [9875:9877] [IN] SecureSession[0x74f5fc009cd0]: Allocated Type:2 LSID:31139[0m
[0;32m[1784655989.083] [9875:9877] [SC] Initiating session on local FabricIndex 1 from 0x000000000001B669 -> 0x0000000000000001[0m
[0;32m[1784655989.083] [9875:9877] [EM] <<< [E:58525i S:0 M:154007402] (U) Msg TX from 2B91F61B637B1737 to 0:0000000000000000 [0000] [UDP:[fe80::bfe:a203:38f0:bce7%enp0s3]:5540] --- Type 0000:30 (SecureChannel:CASE_Sigma1) (B:196)[0m
[0;32m[1784655989.086] [9875:9877] [EM] ??1 [E:58525i S:0 M:154007402] (U) Msg Retransmission to 0:0000000000000000 scheduled for 560ms from now [State:Idle II:500 AI:300 AT:4000][0m
[0;32m[1784655989.086] [9875:9877] [SC] Sent Sigma1 msg to <0000000000000001, 1> [II:500ms AI:300ms AT:4000ms][0m
[0;34m[1784655989.086] [9875:9877] [DIS] OperationalSessionSetup[1:0000000000000001]: State change 3 --> 4[0m
[0;32m[1784655989.087] [9875:9877] [EM] >>> [E:58525i S:0 M:256251249 (Ack:154007402)] (U) Msg RX from 0:0000000000000000 [0000] to 2B91F61B637B1737 --- Type 0000:31 (SecureChannel:CASE_Sigma2) (B:751)[0m
[0;34m[1784655989.087] [9875:9877] [EM] Found matching exchange: 58525i, Delegate: 0x74f5fc00b8e8[0m
[0;34m[1784655989.087] [9875:9877] [EM] Rxd Ack; Removing MessageCounter:154007402 from Retrans Table on exchange 58525i[0m
[0;32m[1784655989.087] [9875:9877] [SC] Received Sigma2 msg[0m
[0;34m[1784655989.087] [9875:9877] [SC] Found MRP parameters in the message[0m
[0;34m[1784655989.088] [9875:9877] [SC] Peer <0000000000000001, 1> assigned session ID 35832[0m
[0;34m[1784655989.088] [9875:9877] [SC] Sending Sigma3[0m
[0;32m[1784655989.088] [9875:9877] [EM] <<< [E:58525i S:0 M:154007403 (Ack:256251249)] (U) Msg TX from 2B91F61B637B1737 to 0:0000000000000000 [0000] [UDP:[fe80::bfe:a203:38f0:bce7%enp0s3]:5540] --- Type 0000:32 (SecureChannel:CASE_Sigma3) (B:598)[0m
[0;32m[1784655989.088] [9875:9877] [EM] ??1 [E:58525i S:0 M:154007403] (U) Msg Retransmission to 0:0000000000000000 scheduled for 407ms from now [State:Active II:500 AI:300 AT:4000][0m
[0;32m[1784655989.088] [9875:9877] [SC] Sent Sigma3 msg[0m
[0;32m[1784655989.099] [9875:9877] [EM] >>> [E:58525i S:0 M:256251250 (Ack:154007403)] (U) Msg RX from 0:0000000000000000 [0000] to 2B91F61B637B1737 --- Type 0000:40 (SecureChannel:StatusReport) (B:34)[0m
[0;34m[1784655989.099] [9875:9877] [EM] Found matching exchange: 58525i, Delegate: 0x74f5fc00b8e8[0m
[0;34m[1784655989.099] [9875:9877] [EM] Rxd Ack; Removing MessageCounter:154007403 from Retrans Table on exchange 58525i[0m
[0;32m[1784655989.099] [9875:9877] [SC] Success status report received. Session was established[0m
[0;32m[1784655989.100] [9875:9877] [SC] SecureSession[0x74f5fc009cd0, LSID:31139]: State change 'kEstablishing' --> 'kActive'[0m
[0;34m[1784655989.100] [9875:9877] [IN] SecureSession[0x74f5fc009cd0]: Activated - Type:2 LSID:31139[0m
[0;34m[1784655989.100] [9875:9877] [IN] New secure session activated for device <0000000000000001, 1>, LSID:31139 PSID:35832![0m
[0;34m[1784655989.100] [9875:9877] [DIS] OperationalSessionSetup[1:0000000000000001]: State change 4 --> 5[0m
[0;32m[1784655989.100] [9875:9877] [TOO] Sending cluster (0x00000030) command (0x00000000) on endpoint 0[0m
[0;34m[1784655989.100] [9875:9877] [DMG] ICR moving to [AddingComm][0m
[0;34m[1784655989.100] [9875:9877] [DMG] ICR moving to [AddedComma][0m
[0;32m[1784655989.100] [9875:9877] [EM] <<< [E:58526i S:31139 M:179286118] (S) Msg TX from 000000000001B669 to 1:0000000000000001 [4C93] [UDP:[fe80::bfe:a203:38f0:bce7%enp0s3]:5540] --- Type 0001:08 (IM:InvokeCommandRequest) (B:65)[0m
[0;32m[1784655989.101] [9875:9877] [EM] ??1 [E:58526i S:31139 M:179286118] (S) Msg Retransmission to 1:0000000000000001 scheduled for 364ms from now [State:Active II:500 AI:300 AT:4000][0m
[0;34m[1784655989.101] [9875:9877] [DMG] ICR moving to [AwaitingRe][0m
[0;32m[1784655989.101] [9875:9877] [EM] <<< [E:58525i S:0 M:154007404 (Ack:256251250)] (U) Msg TX from 2B91F61B637B1737 to 0:0000000000000000 [0000] [UDP:[fe80::bfe:a203:38f0:bce7%enp0s3]:5540] --- Type 0000:10 (SecureChannel:StandaloneAck) (B:26)[0m
[0;34m[1784655989.101] [9875:9877] [EM] Flushed pending ack for MessageCounter:256251250 on exchange 58525i[0m
[0;32m[1784655989.101] [9875:9877] [EM] >>> [E:58526i S:31139 M:19277507 (Ack:179286118)] (S) Msg RX from 1:0000000000000001 [4C93] to 000000000001B669 --- Type 0001:09 (IM:InvokeCommandResponse) (B:70)[0m
[0;34m[1784655989.101] [9875:9877] [EM] Found matching exchange: 58526i, Delegate: 0x74f5fc00eef8[0m
[0;34m[1784655989.101] [9875:9877] [EM] Rxd Ack; Removing MessageCounter:179286118 from Retrans Table on exchange 58526i[0m
[0;34m[1784655989.101] [9875:9877] [DMG] ICR moving to [ResponseRe][0m
[0;34m[1784655989.101] [9875:9877] [DMG] InvokeResponseMessage =[0m
[0;34m[1784655989.101] [9875:9877] [DMG] {[0m
[0;34m[1784655989.101] [9875:9877] [DMG] 	suppressResponse = false, [0m
[0;34m[1784655989.101] [9875:9877] [DMG] 	InvokeResponseIBs =[0m
[0;34m[1784655989.101] [9875:9877] [DMG] 	[[0m
[0;34m[1784655989.101] [9875:9877] [DMG] 		InvokeResponseIB =[0m
[0;34m[1784655989.101] [9875:9877] [DMG] 		{[0m
[0;34m[1784655989.101] [9875:9877] [DMG] 			CommandDataIB =[0m
[0;34m[1784655989.101] [9875:9877] [DMG] 			{[0m
[0;34m[1784655989.101] [9875:9877] [DMG] 				CommandPathIB =[0m
[0;34m[1784655989.101] [9875:9877] [DMG] 				{[0m
[0;34m[1784655989.101] [9875:9877] [DMG] 					EndpointId = 0x0,[0m
[0;34m[1784655989.101] [9875:9877] [DMG] 					ClusterId = 0x30,[0m
[0;34m[1784655989.101] [9875:9877] [DMG] 					CommandId = 0x1,[0m
[0;34m[1784655989.101] [9875:9877] [DMG] 				},[0m
[0;34m[1784655989.101] [9875:9877] [DMG] 				[0m
[0;34m[1784655989.101] [9875:9877] [DMG] 				CommandFields = [0m
[0;34m[1784655989.101] [9875:9877] [DMG] 				{[0m
[0;34m[1784655989.101] [9875:9877] [DMG] 					0x0 = 0 (unsigned), [0m
[0;34m[1784655989.101] [9875:9877] [DMG] 					0x1 = "" (0 chars), [0m
[0;34m[1784655989.101] [9875:9877] [DMG] 				},[0m
[0;34m[1784655989.101] [9875:9877] [DMG] 			},[0m
[0;34m[1784655989.101] [9875:9877] [DMG] 			[0m
[0;34m[1784655989.101] [9875:9877] [DMG] 		},[0m
[0;34m[1784655989.101] [9875:9877] [DMG] 		[0m
[0;34m[1784655989.101] [9875:9877] [DMG] 	],[0m
[0;34m[1784655989.101] [9875:9877] [DMG] 	[0m
[0;34m[1784655989.101] [9875:9877] [DMG] 	InteractionModelRevision = 12[0m
[0;34m[1784655989.101] [9875:9877] [DMG] },[0m
[0;32m[1784655989.101] [9875:9877] [DMG] Received Command Response Data, Endpoint=0 Cluster=0x0000_0030 Command=0x0000_0001[0m
[0;32m[1784655989.101] [9875:9877] [TOO] Endpoint: 0 Cluster: 0x0000_0030 Command 0x0000_0001[0m
[0;32m[1784655989.101] [9875:9877] [TOO]   ArmFailSafeResponse: {[0m
[0;32m[1784655989.101] [9875:9877] [TOO]     errorCode: 0[0m
[0;32m[1784655989.101] [9875:9877] [TOO]     debugText: [0m
[0;32m[1784655989.101] [9875:9877] [TOO]    }[0m
[0;34m[1784655989.101] [9875:9877] [DMG] ICR moving to [AwaitingDe][0m
[0;32m[1784655989.101] [9875:9877] [EM] <<< [E:58526i S:31139 M:179286119 (Ack:19277507)] (S) Msg TX from 000000000001B669 to 1:0000000000000001 [4C93] [UDP:[fe80::bfe:a203:38f0:bce7%enp0s3]:5540] --- Type 0000:10 (SecureChannel:StandaloneAck) (B:34)[0m
[0;34m[1784655989.101] [9875:9877] [EM] Flushed pending ack for MessageCounter:19277507 on exchange 58526i[0m
[0;34m[1784655989.101] [9875:9875] [CTL] Shutting down the commissioner[0m
[0;32m[1784655989.101] [9875:9875] [PAF] WiFiPAF: Closing all WiFiPAF sessions to shutdown[0m
[0;34m[1784655989.101] [9875:9875] [CTL] Shutting down the controller[0m
[0;34m[1784655989.101] [9875:9875] [IN] Expiring all sessions for fabric 0x1!![0m
[0;34m[1784655989.101] [9875:9875] [IN] SecureSession[0x74f5fc009cd0]: MarkForEviction Type:2 LSID:31139[0m
[0;32m[1784655989.101] [9875:9875] [SC] SecureSession[0x74f5fc009cd0, LSID:31139]: State change 'kActive' --> 'kPendingEviction'[0m
[0;34m[1784655989.101] [9875:9875] [IN] SecureSession[0x74f5fc009cd0]: Released - Type:2 LSID:31139[0m
[0;32m[1784655989.101] [9875:9875] [FP] Forgetting fabric 0x1[0m
[0;32m[1784655989.101] [9875:9875] [TS] Pending Last Known Good Time: 2023-10-14T01:16:48[0m
[0;32m[1784655989.101] [9875:9875] [TS] Previous Last Known Good Time: 2023-10-14T01:16:48[0m
[0;32m[1784655989.101] [9875:9875] [TS] Reverted Last Known Good Time to previous value[0m
[0;34m[1784655989.101] [9875:9875] [CTL] Shutting down the commissioner[0m
[0;32m[1784655989.101] [9875:9875] [PAF] WiFiPAF: Closing all WiFiPAF sessions to shutdown[0m
[0;34m[1784655989.101] [9875:9875] [CTL] Shutting down the controller[0m
[0;34m[1784655989.101] [9875:9875] [CTL] Shutting down the System State, this will teardown the CHIP Stack[0m
[0;34m[1784655989.101] [9875:9875] [DMG] All ReadHandler-s are clean, clear GlobalDirtySet[0m
[0;32m[1784655989.101] [9875:9875] [FP] Shutting down FabricTable[0m
[0;32m[1784655989.101] [9875:9875] [TS] Pending Last Known Good Time: 2023-10-14T01:16:48[0m
[0;32m[1784655989.101] [9875:9875] [TS] Previous Last Known Good Time: 2023-10-14T01:16:48[0m
[0;32m[1784655989.101] [9875:9875] [TS] Reverted Last Known Good Time to previous value[0m
[0;34m[1784655989.103] [9875:9875] [DL] Wrote settings to /tmp/chip_counters.ini[0m
[0;32m[1784655989.103] [9875:9875] [DL] NVS set: chip-counters/total-operational-hours = 0 (0x0)[0m
[0;32m[1784655989.103] [9875:9875] [DL] Inet Layer shutdown[0m
[0;32m[1784655989.103] [9875:9875] [DL] BLE Layer shutdown[0m
[0;32m[1784655989.103] [9875:9875] [DL] WiFi-PAF Layer shutdown[0m
[0;32m[1784655989.103] [9875:9875] [PAF] WiFiPAF: Closing all WiFiPAF sessions to shutdown[0m
[0;32m[1784655989.103] [9875:9875] [DL] System Layer shutdown[0m
