[0;34m[1784655989.797] [9892:9892] [DL] ChipLinuxStorage::Init: Using KVS config file: /tmp/chip_tool_kvs[0m
[1;31m[1784655989.798] [9892:9892] [DL] ChipLinuxStorage::Init: Attempt to re-initialize with KVS config file: /tmp/chip_kvs, IGNORING.[0m
[0;34m[1784655989.799] [9892:9892] [DL] ChipLinuxStorage::Init: Using KVS config file: /tmp/chip_factory.ini[0m
[0;34m[1784655989.799] [9892:9892] [DL] ChipLinuxStorage::Init: Using KVS config file: /tmp/chip_config.ini[0m
[0;34m[1784655989.799] [9892:9892] [DL] ChipLinuxStorage::Init: Using KVS config file: /tmp/chip_counters.ini[0m
[0;34m[1784655989.802] [9892:9892] [DL] Wrote settings to /tmp/chip_counters.ini[0m
[0;32m[1784655989.802] [9892:9892] [DL] NVS set: chip-counters/reboot-count = 6 (0x6)[0m
[0;32m[1784655989.802] [9892:9892] [DL] Got Ethernet interface: enp0s3[0m
[0;32m[1784655989.803] [9892:9892] [DL] Found the primary Ethernet interface:enp0s3[0m
[1;31m[1784655989.803] [9892:9892] [DL] Failed to get WiFi interface[0m
[1;31m[1784655989.803] [9892:9892] [DL] Failed to reset WiFi statistic counts[0m
[0;32m[1784655989.803] [9892:9892] [PAF] WiFiPAF: WiFiPAFLayer::Init()[0m
[0;34m[1784655989.803] [9892:9892] [IN] UDP::Init bind&listen port=0[0m
[0;34m[1784655989.803] [9892:9892] [IN] UDP::Init bound to port=50949[0m
[0;34m[1784655989.803] [9892:9892] [IN] UDP::Init bind&listen port=0[0m
[0;34m[1784655989.803] [9892:9892] [IN] UDP::Init bound to port=47037[0m
[0;34m[1784655989.803] [9892:9892] [IN] BLEBase::Init - setting/overriding transport[0m
[0;34m[1784655989.803] [9892:9892] [IN] WiFiPAFBase::Init - setting/overriding transport[0m
[0;34m[1784655989.803] [9892:9892] [IN] TransportMgr initialized[0m
[0;34m[1784655989.803] [9892:9892] [FP] Initializing FabricTable from persistent storage[0m
[0;32m[1784655989.803] [9892:9892] [TS] Last Known Good Time: 2023-10-14T01:16:48[0m
[0;32m[1784655989.803] [9892:9892] [FP] Fabric index 0x1 was retrieved from storage. Compressed FabricId 0xE5BB44B055794C93, FabricId 0x0000000000000001, NodeId 0x000000000001B669, VendorId 0xFFF1[0m
[0;32m[1784655989.804] [9892:9892] [DMG] Ember attribute persistence requires setting up[0m
[0;32m[1784655989.804] [9892:9892] [ZCL] Using ZAP configuration...[0m
[0;34m[1784655989.805] [9892:9892] [CTL] System State Initialized...[0m
[0;32m[1784655989.805] [9892:9892] [CTL] Setting attestation nonce to random value[0m
[0;32m[1784655989.805] [9892:9892] [CTL] Setting CSR nonce to random value[0m
[0;34m[1784655989.805] [9892:9894] [DL] CHIP task running[0m
[0;32m[1784655989.805] [9892:9894] [CTL] Setting attestation nonce to random value[0m
[0;32m[1784655989.805] [9892:9894] [CTL] Setting CSR nonce to random value[0m
[0;32m[1784655989.805] [9892:9894] [CTL] Generating NOC[0m
[0;32m[1784655989.805] [9892:9894] [FP] Validating NOC chain[0m
[0;32m[1784655989.806] [9892:9894] [FP] NOC chain validation successful[0m
[0;32m[1784655989.806] [9892:9894] [FP] Updated fabric at index: 0x1, Node ID: 0x000000000001B669[0m
[0;32m[1784655989.806] [9892:9894] [TS] Last Known Good Time: 2023-10-14T01:16:48[0m
[0;32m[1784655989.806] [9892:9894] [TS] New proposed Last Known Good Time: 2021-01-01T00:00:00[0m
[0;32m[1784655989.806] [9892:9894] [TS] Retaining current Last Known Good Time[0m
[0;32m[1784655989.808] [9892:9894] [FP] Metadata for Fabric 0x1 persisted to storage.[0m
[0;32m[1784655989.808] [9892:9894] [TS] Committing Last Known Good Time to storage: 2023-10-14T01:16:48[0m
[0;32m[1784655989.809] [9892:9894] [CTL] Joined the fabric at index 1. Fabric ID is 0x0000000000000001 (Compressed Fabric ID: E5BB44B055794C93)[0m
[0;32m[1784655989.814] [9892:9894] [TOO] Sending command to node 0x1[0m
[0;34m[1784655989.814] [9892:9894] [CSM] FindOrEstablishSession: PeerId = [1:0000000000000001][0m
[0;34m[1784655989.814] [9892:9894] [CSM] FindOrEstablishSession: No existing OperationalSessionSetup instance found[0m
[0;34m[1784655989.814] [9892:9894] [DIS] OperationalSessionSetup[1:0000000000000001]: State change 1 --> 2[0m
[0;32m[1784655989.814] [9892:9894] [DIS] Lookup started for E5BB44B055794C93-0000000000000001[0m
[0;32m[1784655989.814] [9892:9894] [DIS] UDP:[fe80::bfe:a203:38f0:bce7%enp0s3]:5540: new best score: 7 (for E5BB44B055794C93-0000000000000001)[0m
[0;34m[1784655989.815] [9892:9894] [DIS] Lookup clearing interface for non LL address[0m
[0;32m[1784655989.815] [9892:9894] [DIS] UDP:10.0.2.15%enp0s3:5540: new best score: 2 (for E5BB44B055794C93-0000000000000001)[0m
[0;32m[1784655989.815] [9892:9894] [DIS] Checking node lookup status for E5BB44B055794C93-0000000000000001 after 1 ms[0m
[0;32m[1784655989.815] [9892:9894] [DIS] Keeping DNSSD lookup active[0m
[0;32m[1784655989.815] [9892:9894] [DIS] UDP:[fe80::bfe:a203:38f0:bce7%enp0s3]:5540: score has not improved: 7 (for E5BB44B055794C93-0000000000000001)[0m
[0;34m[1784655989.815] [9892:9894] [DIS] Lookup clearing interface for non LL address[0m
[0;32m[1784655989.815] [9892:9894] [DIS] UDP:10.0.2.15%enp0s3:5540: score has not improved: 2 (for E5BB44B055794C93-0000000000000001)[0m
[0;32m[1784655989.815] [9892:9894] [DIS] Checking node lookup status for E5BB44B055794C93-0000000000000001 after 1 ms[0m
[0;32m[1784655989.815] [9892:9894] [DIS] Keeping DNSSD lookup active[0m
[0;32m[1784655990.017] [9892:9894] [DIS] Checking node lookup status for E5BB44B055794C93-0000000000000001 after 203 ms[0m
[0;34m[1784655990.017] [9892:9894] [DIS] OperationalSessionSetup[1:0000000000000001]: Updating device address to UDP:[fe80::bfe:a203:38f0:bce7%enp0s3]:5540 while in state 2[0m
[0;34m[1784655990.017] [9892:9894] [DIS] OperationalSessionSetup[1:0000000000000001]: State change 2 --> 3[0m
[0;34m[1784655990.017] [9892:9894] [IN] SecureSession[0x78fb84009cd0]: Allocated Type:2 LSID:63185[0m
[0;32m[1784655990.017] [9892:9894] [SC] Initiating session on local FabricIndex 1 from 0x000000000001B669 -> 0x0000000000000001[0m
[0;32m[1784655990.018] [9892:9894] [EM] <<< [E:61509i S:0 M:243095601] (U) Msg TX from 7ADC2A4491CB561F to 0:0000000000000000 [0000] [UDP:[fe80::bfe:a203:38f0:bce7%enp0s3]:5540] --- Type 0000:30 (SecureChannel:CASE_Sigma1) (B:196)[0m
[0;32m[1784655990.018] [9892:9894] [EM] ??1 [E:61509i S:0 M:243095601] (U) Msg Retransmission to 0:0000000000000000 scheduled for 674ms from now [State:Idle II:500 AI:300 AT:4000][0m
[0;32m[1784655990.018] [9892:9894] [SC] Sent Sigma1 msg to <0000000000000001, 1> [II:500ms AI:300ms AT:4000ms][0m
[0;34m[1784655990.018] [9892:9894] [DIS] OperationalSessionSetup[1:0000000000000001]: State change 3 --> 4[0m
[0;32m[1784655990.019] [9892:9894] [EM] >>> [E:61509i S:0 M:256251255 (Ack:243095601)] (U) Msg RX from 0:0000000000000000 [0000] to 7ADC2A4491CB561F --- Type 0000:31 (SecureChannel:CASE_Sigma2) (B:751)[0m
[0;34m[1784655990.019] [9892:9894] [EM] Found matching exchange: 61509i, Delegate: 0x78fb8400b8e8[0m
[0;34m[1784655990.019] [9892:9894] [EM] Rxd Ack; Removing MessageCounter:243095601 from Retrans Table on exchange 61509i[0m
[0;32m[1784655990.019] [9892:9894] [SC] Received Sigma2 msg[0m
[0;34m[1784655990.019] [9892:9894] [SC] Found MRP parameters in the message[0m
[0;34m[1784655990.020] [9892:9894] [SC] Peer <0000000000000001, 1> assigned session ID 35835[0m
[0;34m[1784655990.020] [9892:9894] [SC] Sending Sigma3[0m
[0;32m[1784655990.020] [9892:9894] [EM] <<< [E:61509i S:0 M:243095602 (Ack:256251255)] (U) Msg TX from 7ADC2A4491CB561F to 0:0000000000000000 [0000] [UDP:[fe80::bfe:a203:38f0:bce7%enp0s3]:5540] --- Type 0000:32 (SecureChannel:CASE_Sigma3) (B:598)[0m
[0;32m[1784655990.020] [9892:9894] [EM] ??1 [E:61509i S:0 M:243095602] (U) Msg Retransmission to 0:0000000000000000 scheduled for 361ms from now [State:Active II:500 AI:300 AT:4000][0m
[0;32m[1784655990.020] [9892:9894] [SC] Sent Sigma3 msg[0m
[0;32m[1784655990.028] [9892:9894] [EM] >>> [E:61509i S:0 M:256251256 (Ack:243095602)] (U) Msg RX from 0:0000000000000000 [0000] to 7ADC2A4491CB561F --- Type 0000:40 (SecureChannel:StatusReport) (B:34)[0m
[0;34m[1784655990.028] [9892:9894] [EM] Found matching exchange: 61509i, Delegate: 0x78fb8400b8e8[0m
[0;34m[1784655990.028] [9892:9894] [EM] Rxd Ack; Removing MessageCounter:243095602 from Retrans Table on exchange 61509i[0m
[0;32m[1784655990.028] [9892:9894] [SC] Success status report received. Session was established[0m
[0;32m[1784655990.030] [9892:9894] [SC] SecureSession[0x78fb84009cd0, LSID:63185]: State change 'kEstablishing' --> 'kActive'[0m
[0;34m[1784655990.030] [9892:9894] [IN] SecureSession[0x78fb84009cd0]: Activated - Type:2 LSID:63185[0m
[0;34m[1784655990.030] [9892:9894] [IN] New secure session activated for device <0000000000000001, 1>, LSID:63185 PSID:35835![0m
[0;34m[1784655990.030] [9892:9894] [DIS] OperationalSessionSetup[1:0000000000000001]: State change 4 --> 5[0m
[0;32m[1784655990.030] [9892:9894] [TOO] Sending cluster (0x0000003E) command (0x00000007) on endpoint 0[0m
[0;34m[1784655990.030] [9892:9894] [DMG] ICR moving to [AddingComm][0m
[0;34m[1784655990.030] [9892:9894] [DMG] ICR moving to [AddedComma][0m
[0;32m[1784655990.030] [9892:9894] [EM] <<< [E:61510i S:63185 M:134553064] (S) Msg TX from 000000000001B669 to 1:0000000000000001 [4C93] [UDP:[fe80::bfe:a203:38f0:bce7%enp0s3]:5540] --- Type 0001:08 (IM:InvokeCommandRequest) (B:330)[0m
[0;32m[1784655990.030] [9892:9894] [EM] ??1 [E:61510i S:63185 M:134553064] (S) Msg Retransmission to 1:0000000000000001 scheduled for 378ms from now [State:Active II:500 AI:300 AT:4000][0m
[0;34m[1784655990.030] [9892:9894] [DMG] ICR moving to [AwaitingRe][0m
[0;32m[1784655990.030] [9892:9894] [EM] <<< [E:61509i S:0 M:243095603 (Ack:256251256)] (U) Msg TX from 7ADC2A4491CB561F to 0:0000000000000000 [0000] [UDP:[fe80::bfe:a203:38f0:bce7%enp0s3]:5540] --- Type 0000:10 (SecureChannel:StandaloneAck) (B:26)[0m
[0;34m[1784655990.030] [9892:9894] [EM] Flushed pending ack for MessageCounter:256251256 on exchange 61509i[0m
[0;32m[1784655990.038] [9892:9894] [EM] >>> [E:61510i S:63185 M:189182410 (Ack:134553064)] (S) Msg RX from 1:0000000000000001 [4C93] to 000000000001B669 --- Type 0001:09 (IM:InvokeCommandResponse) (B:70)[0m
[0;34m[1784655990.038] [9892:9894] [EM] Found matching exchange: 61510i, Delegate: 0x78fb8400eef8[0m
[0;34m[1784655990.038] [9892:9894] [EM] Rxd Ack; Removing MessageCounter:134553064 from Retrans Table on exchange 61510i[0m
[0;34m[1784655990.038] [9892:9894] [DMG] ICR moving to [ResponseRe][0m
[0;34m[1784655990.038] [9892:9894] [DMG] InvokeResponseMessage =[0m
[0;34m[1784655990.038] [9892:9894] [DMG] {[0m
[0;34m[1784655990.038] [9892:9894] [DMG] 	suppressResponse = false, [0m
[0;34m[1784655990.038] [9892:9894] [DMG] 	InvokeResponseIBs =[0m
[0;34m[1784655990.038] [9892:9894] [DMG] 	[[0m
[0;34m[1784655990.038] [9892:9894] [DMG] 		InvokeResponseIB =[0m
[0;34m[1784655990.038] [9892:9894] [DMG] 		{[0m
[0;34m[1784655990.038] [9892:9894] [DMG] 			CommandDataIB =[0m
[0;34m[1784655990.038] [9892:9894] [DMG] 			{[0m
[0;34m[1784655990.038] [9892:9894] [DMG] 				CommandPathIB =[0m
[0;34m[1784655990.038] [9892:9894] [DMG] 				{[0m
[0;34m[1784655990.038] [9892:9894] [DMG] 					EndpointId = 0x0,[0m
[0;34m[1784655990.038] [9892:9894] [DMG] 					ClusterId = 0x3e,[0m
[0;34m[1784655990.038] [9892:9894] [DMG] 					CommandId = 0x8,[0m
[0;34m[1784655990.038] [9892:9894] [DMG] 				},[0m
[0;34m[1784655990.038] [9892:9894] [DMG] 				[0m
[0;34m[1784655990.038] [9892:9894] [DMG] 				CommandFields = [0m
[0;34m[1784655990.038] [9892:9894] [DMG] 				{[0m
[0;34m[1784655990.038] [9892:9894] [DMG] 					0x0 = 0 (unsigned), [0m
[0;34m[1784655990.038] [9892:9894] [DMG] 					0x1 = 1 (unsigned), [0m
[0;34m[1784655990.038] [9892:9894] [DMG] 				},[0m
[0;34m[1784655990.038] [9892:9894] [DMG] 			},[0m
[0;34m[1784655990.038] [9892:9894] [DMG] 			[0m
[0;34m[1784655990.038] [9892:9894] [DMG] 		},[0m
[0;34m[1784655990.038] [9892:9894] [DMG] 		[0m
[0;34m[1784655990.038] [9892:9894] [DMG] 	],[0m
[0;34m[1784655990.038] [9892:9894] [DMG] 	[0m
[0;34m[1784655990.038] [9892:9894] [DMG] 	InteractionModelRevision = 12[0m
[0;34m[1784655990.038] [9892:9894] [DMG] },[0m
[0;32m[1784655990.038] [9892:9894] [DMG] Received Command Response Data, Endpoint=0 Cluster=0x0000_003E Command=0x0000_0008[0m
[0;32m[1784655990.038] [9892:9894] [TOO] Endpoint: 0 Cluster: 0x0000_003E Command 0x0000_0008[0m
[0;32m[1784655990.038] [9892:9894] [TOO]   NOCResponse: {[0m
[0;32m[1784655990.038] [9892:9894] [TOO]     statusCode: 0[0m
[0;32m[1784655990.038] [9892:9894] [TOO]     fabricIndex: 1[0m
[0;32m[1784655990.038] [9892:9894] [TOO]    }[0m
[0;34m[1784655990.038] [9892:9894] [DMG] ICR moving to [AwaitingDe][0m
[0;32m[1784655990.038] [9892:9894] [EM] <<< [E:61510i S:63185 M:134553065 (Ack:189182410)] (S) Msg TX from 000000000001B669 to 1:0000000000000001 [4C93] [UDP:[fe80::bfe:a203:38f0:bce7%enp0s3]:5540] --- Type 0000:10 (SecureChannel:StandaloneAck) (B:34)[0m
[0;34m[1784655990.039] [9892:9894] [EM] Flushed pending ack for MessageCounter:189182410 on exchange 61510i[0m
[0;34m[1784655990.039] [9892:9892] [CTL] Shutting down the commissioner[0m
[0;32m[1784655990.039] [9892:9892] [PAF] WiFiPAF: Closing all WiFiPAF sessions to shutdown[0m
[0;34m[1784655990.039] [9892:9892] [CTL] Shutting down the controller[0m
[0;34m[1784655990.039] [9892:9892] [IN] Expiring all sessions for fabric 0x1!![0m
[0;34m[1784655990.039] [9892:9892] [IN] SecureSession[0x78fb84009cd0]: MarkForEviction Type:2 LSID:63185[0m
[0;32m[1784655990.039] [9892:9892] [SC] SecureSession[0x78fb84009cd0, LSID:63185]: State change 'kActive' --> 'kPendingEviction'[0m
[0;34m[1784655990.039] [9892:9892] [IN] SecureSession[0x78fb84009cd0]: Released - Type:2 LSID:63185[0m
[0;32m[1784655990.039] [9892:9892] [FP] Forgetting fabric 0x1[0m
[0;32m[1784655990.039] [9892:9892] [TS] Pending Last Known Good Time: 2023-10-14T01:16:48[0m
[0;32m[1784655990.039] [9892:9892] [TS] Previous Last Known Good Time: 2023-10-14T01:16:48[0m
[0;32m[1784655990.039] [9892:9892] [TS] Reverted Last Known Good Time to previous value[0m
[0;34m[1784655990.039] [9892:9892] [CTL] Shutting down the commissioner[0m
[0;32m[1784655990.039] [9892:9892] [PAF] WiFiPAF: Closing all WiFiPAF sessions to shutdown[0m
[0;34m[1784655990.039] [9892:9892] [CTL] Shutting down the controller[0m
[0;34m[1784655990.039] [9892:9892] [CTL] Shutting down the System State, this will teardown the CHIP Stack[0m
[0;34m[1784655990.039] [9892:9892] [DMG] All ReadHandler-s are clean, clear GlobalDirtySet[0m
[0;32m[1784655990.039] [9892:9892] [FP] Shutting down FabricTable[0m
[0;32m[1784655990.039] [9892:9892] [TS] Pending Last Known Good Time: 2023-10-14T01:16:48[0m
[0;32m[1784655990.039] [9892:9892] [TS] Previous Last Known Good Time: 2023-10-14T01:16:48[0m
[0;32m[1784655990.039] [9892:9892] [TS] Reverted Last Known Good Time to previous value[0m
[0;34m[1784655990.041] [9892:9892] [DL] Wrote settings to /tmp/chip_counters.ini[0m
[0;32m[1784655990.041] [9892:9892] [DL] NVS set: chip-counters/total-operational-hours = 0 (0x0)[0m
[0;32m[1784655990.041] [9892:9892] [DL] Inet Layer shutdown[0m
[0;32m[1784655990.041] [9892:9892] [DL] BLE Layer shutdown[0m
[0;32m[1784655990.041] [9892:9892] [DL] WiFi-PAF Layer shutdown[0m
[0;32m[1784655990.041] [9892:9892] [PAF] WiFiPAF: Closing all WiFiPAF sessions to shutdown[0m
[0;32m[1784655990.041] [9892:9892] [DL] System Layer shutdown[0m
