[0;34m[1784836827.688] [20404:20404] [DL] ChipLinuxStorage::Init: Using KVS config file: /tmp/chip_tool_kvs[0m
[1;31m[1784836827.690] [20404:20404] [DL] ChipLinuxStorage::Init: Attempt to re-initialize with KVS config file: /tmp/chip_kvs, IGNORING.[0m
[0;34m[1784836827.691] [20404:20404] [DL] ChipLinuxStorage::Init: Using KVS config file: /tmp/chip_factory.ini[0m
[0;34m[1784836827.691] [20404:20404] [DL] ChipLinuxStorage::Init: Using KVS config file: /tmp/chip_config.ini[0m
[0;34m[1784836827.691] [20404:20404] [DL] ChipLinuxStorage::Init: Using KVS config file: /tmp/chip_counters.ini[0m
[0;34m[1784836827.694] [20404:20404] [DL] Wrote settings to /tmp/chip_counters.ini[0m
[0;32m[1784836827.694] [20404:20404] [DL] NVS set: chip-counters/reboot-count = 3 (0x3)[0m
[0;32m[1784836827.694] [20404:20404] [DL] Got Ethernet interface: enp0s3[0m
[0;32m[1784836827.694] [20404:20404] [DL] Found the primary Ethernet interface:enp0s3[0m
[1;31m[1784836827.694] [20404:20404] [DL] Failed to get WiFi interface[0m
[1;31m[1784836827.694] [20404:20404] [DL] Failed to reset WiFi statistic counts[0m
[0;32m[1784836827.694] [20404:20404] [PAF] WiFiPAF: WiFiPAFLayer::Init()[0m
[0;34m[1784836827.694] [20404:20404] [IN] UDP::Init bind&listen port=0[0m
[0;34m[1784836827.694] [20404:20404] [IN] UDP::Init bound to port=39377[0m
[0;34m[1784836827.694] [20404:20404] [IN] UDP::Init bind&listen port=0[0m
[0;34m[1784836827.694] [20404:20404] [IN] UDP::Init bound to port=47733[0m
[0;34m[1784836827.694] [20404:20404] [IN] BLEBase::Init - setting/overriding transport[0m
[0;34m[1784836827.694] [20404:20404] [IN] WiFiPAFBase::Init - setting/overriding transport[0m
[0;34m[1784836827.694] [20404:20404] [IN] TransportMgr initialized[0m
[0;34m[1784836827.694] [20404:20404] [FP] Initializing FabricTable from persistent storage[0m
[0;32m[1784836827.694] [20404:20404] [TS] Last Known Good Time: 2023-10-14T01:16:48[0m
[0;32m[1784836827.695] [20404:20404] [FP] Fabric index 0x1 was retrieved from storage. Compressed FabricId 0xB50A7AAA2796A62F, FabricId 0x0000000000000001, NodeId 0x000000000001B669, VendorId 0xFFF1[0m
[0;32m[1784836827.696] [20404:20404] [DMG] Ember attribute persistence requires setting up[0m
[0;32m[1784836827.696] [20404:20404] [ZCL] Using ZAP configuration...[0m
[0;34m[1784836827.696] [20404:20404] [CTL] System State Initialized...[0m
[0;32m[1784836827.696] [20404:20404] [CTL] Setting attestation nonce to random value[0m
[0;32m[1784836827.696] [20404:20404] [CTL] Setting CSR nonce to random value[0m
[0;34m[1784836827.696] [20404:20406] [DL] CHIP task running[0m
[0;32m[1784836827.696] [20404:20406] [CTL] Setting attestation nonce to random value[0m
[0;32m[1784836827.696] [20404:20406] [CTL] Setting CSR nonce to random value[0m
[0;32m[1784836827.696] [20404:20406] [CTL] Generating NOC[0m
[0;32m[1784836827.696] [20404:20406] [FP] Validating NOC chain[0m
[0;32m[1784836827.697] [20404:20406] [FP] NOC chain validation successful[0m
[0;32m[1784836827.697] [20404:20406] [FP] Updated fabric at index: 0x1, Node ID: 0x000000000001B669[0m
[0;32m[1784836827.697] [20404:20406] [TS] Last Known Good Time: 2023-10-14T01:16:48[0m
[0;32m[1784836827.697] [20404:20406] [TS] New proposed Last Known Good Time: 2021-01-01T00:00:00[0m
[0;32m[1784836827.697] [20404:20406] [TS] Retaining current Last Known Good Time[0m
[0;32m[1784836827.698] [20404:20406] [FP] Metadata for Fabric 0x1 persisted to storage.[0m
[0;32m[1784836827.699] [20404:20406] [TS] Committing Last Known Good Time to storage: 2023-10-14T01:16:48[0m
[0;32m[1784836827.699] [20404:20406] [CTL] Joined the fabric at index 1. Fabric ID is 0x0000000000000001 (Compressed Fabric ID: B50A7AAA2796A62F)[0m
[0;32m[1784836827.703] [20404:20406] [TOO] Sending command to node 0x1[0m
[0;34m[1784836827.703] [20404:20406] [CSM] FindOrEstablishSession: PeerId = [1:0000000000000001][0m
[0;34m[1784836827.703] [20404:20406] [CSM] FindOrEstablishSession: No existing OperationalSessionSetup instance found[0m
[0;34m[1784836827.703] [20404:20406] [DIS] OperationalSessionSetup[1:0000000000000001]: State change 1 --> 2[0m
[0;32m[1784836827.703] [20404:20406] [DIS] Lookup started for B50A7AAA2796A62F-0000000000000001[0m
[0;32m[1784836827.703] [20404:20406] [DIS] UDP:[fe80::bfe:a203:38f0:bce7%enp0s3]:5540: new best score: 7 (for B50A7AAA2796A62F-0000000000000001)[0m
[0;34m[1784836827.703] [20404:20406] [DIS] Lookup clearing interface for non LL address[0m
[0;32m[1784836827.703] [20404:20406] [DIS] UDP:10.0.2.15%enp0s3:5540: new best score: 2 (for B50A7AAA2796A62F-0000000000000001)[0m
[0;32m[1784836827.703] [20404:20406] [DIS] Checking node lookup status for B50A7AAA2796A62F-0000000000000001 after 1 ms[0m
[0;32m[1784836827.703] [20404:20406] [DIS] Keeping DNSSD lookup active[0m
[0;32m[1784836827.703] [20404:20406] [DIS] UDP:[fe80::bfe:a203:38f0:bce7%enp0s3]:5540: score has not improved: 7 (for B50A7AAA2796A62F-0000000000000001)[0m
[0;34m[1784836827.703] [20404:20406] [DIS] Lookup clearing interface for non LL address[0m
[0;32m[1784836827.703] [20404:20406] [DIS] UDP:10.0.2.15%enp0s3:5540: score has not improved: 2 (for B50A7AAA2796A62F-0000000000000001)[0m
[0;32m[1784836827.703] [20404:20406] [DIS] Checking node lookup status for B50A7AAA2796A62F-0000000000000001 after 1 ms[0m
[0;32m[1784836827.703] [20404:20406] [DIS] Keeping DNSSD lookup active[0m
[0;32m[1784836827.904] [20404:20406] [DIS] Checking node lookup status for B50A7AAA2796A62F-0000000000000001 after 202 ms[0m
[0;34m[1784836827.904] [20404:20406] [DIS] OperationalSessionSetup[1:0000000000000001]: Updating device address to UDP:[fe80::bfe:a203:38f0:bce7%enp0s3]:5540 while in state 2[0m
[0;34m[1784836827.904] [20404:20406] [DIS] OperationalSessionSetup[1:0000000000000001]: State change 2 --> 3[0m
[0;34m[1784836827.904] [20404:20406] [IN] SecureSession[0x7bd140009cd0]: Allocated Type:2 LSID:4765[0m
[0;32m[1784836827.904] [20404:20406] [SC] Initiating session on local FabricIndex 1 from 0x000000000001B669 -> 0x0000000000000001[0m
[0;32m[1784836827.905] [20404:20406] [EM] <<< [E:14391i S:0 M:231274515] (U) Msg TX from 4ACFCA6F028763FE to 0:0000000000000000 [0000] [UDP:[fe80::bfe:a203:38f0:bce7%enp0s3]:5540] --- Type 0000:30 (SecureChannel:CASE_Sigma1) (B:196)[0m
[0;32m[1784836827.906] [20404:20406] [EM] ??1 [E:14391i S:0 M:231274515] (U) Msg Retransmission to 0:0000000000000000 scheduled for 664ms from now [State:Idle II:500 AI:300 AT:4000][0m
[0;32m[1784836827.906] [20404:20406] [SC] Sent Sigma1 msg to <0000000000000001, 1> [II:500ms AI:300ms AT:4000ms][0m
[0;34m[1784836827.906] [20404:20406] [DIS] OperationalSessionSetup[1:0000000000000001]: State change 3 --> 4[0m
[0;32m[1784836827.908] [20404:20406] [EM] >>> [E:14391i S:0 M:212223097 (Ack:231274515)] (U) Msg RX from 0:0000000000000000 [0000] to 4ACFCA6F028763FE --- Type 0000:31 (SecureChannel:CASE_Sigma2) (B:751)[0m
[0;34m[1784836827.908] [20404:20406] [EM] Found matching exchange: 14391i, Delegate: 0x7bd14000b8e8[0m
[0;34m[1784836827.908] [20404:20406] [EM] Rxd Ack; Removing MessageCounter:231274515 from Retrans Table on exchange 14391i[0m
[0;32m[1784836827.908] [20404:20406] [SC] Received Sigma2 msg[0m
[0;34m[1784836827.908] [20404:20406] [SC] Found MRP parameters in the message[0m
[0;34m[1784836827.909] [20404:20406] [SC] Peer <0000000000000001, 1> assigned session ID 16127[0m
[0;34m[1784836827.909] [20404:20406] [SC] Sending Sigma3[0m
[0;32m[1784836827.909] [20404:20406] [EM] <<< [E:14391i S:0 M:231274516 (Ack:212223097)] (U) Msg TX from 4ACFCA6F028763FE to 0:0000000000000000 [0000] [UDP:[fe80::bfe:a203:38f0:bce7%enp0s3]:5540] --- Type 0000:32 (SecureChannel:CASE_Sigma3) (B:598)[0m
[0;32m[1784836827.909] [20404:20406] [EM] ??1 [E:14391i S:0 M:231274516] (U) Msg Retransmission to 0:0000000000000000 scheduled for 353ms from now [State:Active II:500 AI:300 AT:4000][0m
[0;32m[1784836827.909] [20404:20406] [SC] Sent Sigma3 msg[0m
[0;32m[1784836827.918] [20404:20406] [EM] >>> [E:14391i S:0 M:212223098 (Ack:231274516)] (U) Msg RX from 0:0000000000000000 [0000] to 4ACFCA6F028763FE --- Type 0000:40 (SecureChannel:StatusReport) (B:34)[0m
[0;34m[1784836827.919] [20404:20406] [EM] Found matching exchange: 14391i, Delegate: 0x7bd14000b8e8[0m
[0;34m[1784836827.919] [20404:20406] [EM] Rxd Ack; Removing MessageCounter:231274516 from Retrans Table on exchange 14391i[0m
[0;32m[1784836827.919] [20404:20406] [SC] Success status report received. Session was established[0m
[0;32m[1784836827.919] [20404:20406] [SC] SecureSession[0x7bd140009cd0, LSID:4765]: State change 'kEstablishing' --> 'kActive'[0m
[0;34m[1784836827.919] [20404:20406] [IN] SecureSession[0x7bd140009cd0]: Activated - Type:2 LSID:4765[0m
[0;34m[1784836827.919] [20404:20406] [IN] New secure session activated for device <0000000000000001, 1>, LSID:4765 PSID:16127![0m
[0;34m[1784836827.919] [20404:20406] [DIS] OperationalSessionSetup[1:0000000000000001]: State change 4 --> 5[0m
[0;32m[1784836827.919] [20404:20406] [TOO] Sending ReadAttribute to:[0m
[0;32m[1784836827.919] [20404:20406] [TOO] 	cluster 0x0000_0038, attribute: 0x0000_0000, endpoint 0[0m
[0;34m[1784836827.919] [20404:20406] [DMG] SendReadRequest ReadClient[0x7bd14000eef0]: Sending Read Request[0m
[0;32m[1784836827.919] [20404:20406] [DMG] 0 data version filters provided, 0 not relevant, 0 encoded, 0 skipped due to lack of space[0m
[0;32m[1784836827.919] [20404:20406] [EM] <<< [E:14392i S:4765 M:239724309] (S) Msg TX from 000000000001B669 to 1:0000000000000001 [A62F] [UDP:[fe80::bfe:a203:38f0:bce7%enp0s3]:5540] --- Type 0001:02 (IM:ReadRequest) (B:51)[0m
[0;32m[1784836827.920] [20404:20406] [EM] ??1 [E:14392i S:4765 M:239724309] (S) Msg Retransmission to 1:0000000000000001 scheduled for 330ms from now [State:Active II:500 AI:300 AT:4000][0m
[0;34m[1784836827.920] [20404:20406] [DMG] MoveToState ReadClient[0x7bd14000eef0]: Moving to [AwaitingIn][0m
[0;32m[1784836827.920] [20404:20406] [EM] <<< [E:14391i S:0 M:231274517 (Ack:212223098)] (U) Msg TX from 4ACFCA6F028763FE to 0:0000000000000000 [0000] [UDP:[fe80::bfe:a203:38f0:bce7%enp0s3]:5540] --- Type 0000:10 (SecureChannel:StandaloneAck) (B:26)[0m
[0;34m[1784836827.920] [20404:20406] [EM] Flushed pending ack for MessageCounter:212223098 on exchange 14391i[0m
[0;32m[1784836827.920] [20404:20406] [EM] >>> [E:14392i S:4765 M:166734007 (Ack:239724309)] (S) Msg RX from 1:0000000000000001 [A62F] to 000000000001B669 --- Type 0001:05 (IM:ReportData) (B:77)[0m
[0;34m[1784836827.920] [20404:20406] [EM] Found matching exchange: 14392i, Delegate: 0x7bd14000ef00[0m
[0;34m[1784836827.920] [20404:20406] [EM] Rxd Ack; Removing MessageCounter:239724309 from Retrans Table on exchange 14392i[0m
[0;34m[1784836827.920] [20404:20406] [DMG] ReportDataMessage =[0m
[0;34m[1784836827.920] [20404:20406] [DMG] {[0m
[0;34m[1784836827.920] [20404:20406] [DMG] 	AttributeReportIBs =[0m
[0;34m[1784836827.920] [20404:20406] [DMG] 	[[0m
[0;34m[1784836827.920] [20404:20406] [DMG] 		AttributeReportIB =[0m
[0;34m[1784836827.920] [20404:20406] [DMG] 		{[0m
[0;34m[1784836827.920] [20404:20406] [DMG] 			AttributeDataIB =[0m
[0;34m[1784836827.920] [20404:20406] [DMG] 			{[0m
[0;34m[1784836827.920] [20404:20406] [DMG] 				DataVersion = 0x96bc221c,[0m
[0;34m[1784836827.920] [20404:20406] [DMG] 				AttributePathIB =[0m
[0;34m[1784836827.920] [20404:20406] [DMG] 				{[0m
[0;34m[1784836827.920] [20404:20406] [DMG] 					Endpoint = 0x0,[0m
[0;34m[1784836827.920] [20404:20406] [DMG] 					Cluster = 0x38,[0m
[0;34m[1784836827.920] [20404:20406] [DMG] 					Attribute = 0x0000_0000,[0m
[0;34m[1784836827.920] [20404:20406] [DMG] 				}[0m
[0;34m[1784836827.920] [20404:20406] [DMG] 					[0m
[0;34m[1784836827.920] [20404:20406] [DMG] 				Data = 838152027920283 (unsigned), [0m
[0;34m[1784836827.920] [20404:20406] [DMG] 			},[0m
[0;34m[1784836827.920] [20404:20406] [DMG] 			[0m
[0;34m[1784836827.920] [20404:20406] [DMG] 		},[0m
[0;34m[1784836827.920] [20404:20406] [DMG] 		[0m
[0;34m[1784836827.920] [20404:20406] [DMG] 	],[0m
[0;34m[1784836827.920] [20404:20406] [DMG] 	[0m
[0;34m[1784836827.920] [20404:20406] [DMG] 	SuppressResponse = true, [0m
[0;34m[1784836827.920] [20404:20406] [DMG] 	InteractionModelRevision = 12[0m
[0;34m[1784836827.920] [20404:20406] [DMG] }[0m
[0;32m[1784836827.920] [20404:20406] [TOO] Endpoint: 0 Cluster: 0x0000_0038 Attribute 0x0000_0000 DataVersion: 2528911900[0m
[0;32m[1784836827.920] [20404:20406] [TOO]   UTCTime: 838152027920283[0m
[0;32m[1784836827.920] [20404:20406] [EM] <<< [E:14392i S:4765 M:239724310 (Ack:166734007)] (S) Msg TX from 000000000001B669 to 1:0000000000000001 [A62F] [UDP:[fe80::bfe:a203:38f0:bce7%enp0s3]:5540] --- Type 0000:10 (SecureChannel:StandaloneAck) (B:34)[0m
[0;34m[1784836827.920] [20404:20406] [EM] Flushed pending ack for MessageCounter:166734007 on exchange 14392i[0m
[0;34m[1784836827.920] [20404:20404] [CTL] Shutting down the commissioner[0m
[0;32m[1784836827.921] [20404:20404] [PAF] WiFiPAF: Closing all WiFiPAF sessions to shutdown[0m
[0;34m[1784836827.921] [20404:20404] [CTL] Shutting down the controller[0m
[0;34m[1784836827.921] [20404:20404] [IN] Expiring all sessions for fabric 0x1!![0m
[0;34m[1784836827.921] [20404:20404] [IN] SecureSession[0x7bd140009cd0]: MarkForEviction Type:2 LSID:4765[0m
[0;32m[1784836827.921] [20404:20404] [SC] SecureSession[0x7bd140009cd0, LSID:4765]: State change 'kActive' --> 'kPendingEviction'[0m
[0;34m[1784836827.921] [20404:20404] [IN] SecureSession[0x7bd140009cd0]: Released - Type:2 LSID:4765[0m
[0;32m[1784836827.921] [20404:20404] [FP] Forgetting fabric 0x1[0m
[0;32m[1784836827.921] [20404:20404] [TS] Pending Last Known Good Time: 2023-10-14T01:16:48[0m
[0;32m[1784836827.921] [20404:20404] [TS] Previous Last Known Good Time: 2023-10-14T01:16:48[0m
[0;32m[1784836827.921] [20404:20404] [TS] Reverted Last Known Good Time to previous value[0m
[0;34m[1784836827.921] [20404:20404] [CTL] Shutting down the commissioner[0m
[0;32m[1784836827.921] [20404:20404] [PAF] WiFiPAF: Closing all WiFiPAF sessions to shutdown[0m
[0;34m[1784836827.921] [20404:20404] [CTL] Shutting down the controller[0m
[0;34m[1784836827.921] [20404:20404] [CTL] Shutting down the System State, this will teardown the CHIP Stack[0m
[0;34m[1784836827.921] [20404:20404] [DMG] All ReadHandler-s are clean, clear GlobalDirtySet[0m
[0;32m[1784836827.921] [20404:20404] [FP] Shutting down FabricTable[0m
[0;32m[1784836827.921] [20404:20404] [TS] Pending Last Known Good Time: 2023-10-14T01:16:48[0m
[0;32m[1784836827.921] [20404:20404] [TS] Previous Last Known Good Time: 2023-10-14T01:16:48[0m
[0;32m[1784836827.921] [20404:20404] [TS] Reverted Last Known Good Time to previous value[0m
[0;34m[1784836827.923] [20404:20404] [DL] Wrote settings to /tmp/chip_counters.ini[0m
[0;32m[1784836827.923] [20404:20404] [DL] NVS set: chip-counters/total-operational-hours = 0 (0x0)[0m
[0;32m[1784836827.923] [20404:20404] [DL] Inet Layer shutdown[0m
[0;32m[1784836827.923] [20404:20404] [DL] BLE Layer shutdown[0m
[0;32m[1784836827.923] [20404:20404] [DL] WiFi-PAF Layer shutdown[0m
[0;32m[1784836827.923] [20404:20404] [PAF] WiFiPAF: Closing all WiFiPAF sessions to shutdown[0m
[0;32m[1784836827.923] [20404:20404] [DL] System Layer shutdown[0m
