[0;34m[1784655414.820] [8066:8066] [DL] ChipLinuxStorage::Init: Using KVS config file: /tmp/chip_tool_kvs[0m
[1;31m[1784655414.822] [8066:8066] [DL] ChipLinuxStorage::Init: Attempt to re-initialize with KVS config file: /tmp/chip_kvs, IGNORING.[0m
[0;34m[1784655414.824] [8066:8066] [DL] ChipLinuxStorage::Init: Using KVS config file: /tmp/chip_factory.ini[0m
[0;34m[1784655414.824] [8066:8066] [DL] ChipLinuxStorage::Init: Using KVS config file: /tmp/chip_config.ini[0m
[0;34m[1784655414.824] [8066:8066] [DL] ChipLinuxStorage::Init: Using KVS config file: /tmp/chip_counters.ini[0m
[0;34m[1784655414.827] [8066:8066] [DL] Wrote settings to /tmp/chip_counters.ini[0m
[0;32m[1784655414.827] [8066:8066] [DL] NVS set: chip-counters/reboot-count = 3 (0x3)[0m
[0;32m[1784655414.827] [8066:8066] [DL] Got Ethernet interface: enp0s3[0m
[0;32m[1784655414.827] [8066:8066] [DL] Found the primary Ethernet interface:enp0s3[0m
[1;31m[1784655414.827] [8066:8066] [DL] Failed to get WiFi interface[0m
[1;31m[1784655414.827] [8066:8066] [DL] Failed to reset WiFi statistic counts[0m
[0;32m[1784655414.827] [8066:8066] [PAF] WiFiPAF: WiFiPAFLayer::Init()[0m
[0;34m[1784655414.827] [8066:8066] [IN] UDP::Init bind&listen port=0[0m
[0;34m[1784655414.827] [8066:8066] [IN] UDP::Init bound to port=51241[0m
[0;34m[1784655414.827] [8066:8066] [IN] UDP::Init bind&listen port=0[0m
[0;34m[1784655414.827] [8066:8066] [IN] UDP::Init bound to port=40664[0m
[0;34m[1784655414.827] [8066:8066] [IN] BLEBase::Init - setting/overriding transport[0m
[0;34m[1784655414.827] [8066:8066] [IN] WiFiPAFBase::Init - setting/overriding transport[0m
[0;34m[1784655414.827] [8066:8066] [IN] TransportMgr initialized[0m
[0;34m[1784655414.827] [8066:8066] [FP] Initializing FabricTable from persistent storage[0m
[0;32m[1784655414.827] [8066:8066] [TS] Last Known Good Time: 2023-10-14T01:16:48[0m
[0;32m[1784655414.828] [8066:8066] [FP] Fabric index 0x1 was retrieved from storage. Compressed FabricId 0x6D7C4C26D1036F74, FabricId 0x0000000000000001, NodeId 0x000000000001B669, VendorId 0xFFF1[0m
[0;32m[1784655414.829] [8066:8066] [DMG] Ember attribute persistence requires setting up[0m
[0;32m[1784655414.829] [8066:8066] [ZCL] Using ZAP configuration...[0m
[0;34m[1784655414.829] [8066:8066] [CTL] System State Initialized...[0m
[0;32m[1784655414.829] [8066:8066] [CTL] Setting attestation nonce to random value[0m
[0;32m[1784655414.829] [8066:8066] [CTL] Setting CSR nonce to random value[0m
[0;34m[1784655414.830] [8066:8068] [DL] CHIP task running[0m
[0;32m[1784655414.830] [8066:8068] [CTL] Setting attestation nonce to random value[0m
[0;32m[1784655414.830] [8066:8068] [CTL] Setting CSR nonce to random value[0m
[0;32m[1784655414.830] [8066:8068] [CTL] Generating NOC[0m
[0;32m[1784655414.830] [8066:8068] [FP] Validating NOC chain[0m
[0;32m[1784655414.831] [8066:8068] [FP] NOC chain validation successful[0m
[0;32m[1784655414.831] [8066:8068] [FP] Updated fabric at index: 0x1, Node ID: 0x000000000001B669[0m
[0;32m[1784655414.831] [8066:8068] [TS] Last Known Good Time: 2023-10-14T01:16:48[0m
[0;32m[1784655414.831] [8066:8068] [TS] New proposed Last Known Good Time: 2021-01-01T00:00:00[0m
[0;32m[1784655414.831] [8066:8068] [TS] Retaining current Last Known Good Time[0m
[0;32m[1784655414.834] [8066:8068] [FP] Metadata for Fabric 0x1 persisted to storage.[0m
[0;32m[1784655414.834] [8066:8068] [TS] Committing Last Known Good Time to storage: 2023-10-14T01:16:48[0m
[0;32m[1784655414.835] [8066:8068] [CTL] Joined the fabric at index 1. Fabric ID is 0x0000000000000001 (Compressed Fabric ID: 6D7C4C26D1036F74)[0m
[0;32m[1784655414.838] [8066:8068] [TOO] Sending command to node 0x1[0m
[0;34m[1784655414.838] [8066:8068] [CSM] FindOrEstablishSession: PeerId = [1:0000000000000001][0m
[0;34m[1784655414.838] [8066:8068] [CSM] FindOrEstablishSession: No existing OperationalSessionSetup instance found[0m
[0;34m[1784655414.838] [8066:8068] [DIS] OperationalSessionSetup[1:0000000000000001]: State change 1 --> 2[0m
[0;32m[1784655414.838] [8066:8068] [DIS] Lookup started for 6D7C4C26D1036F74-0000000000000001[0m
[0;32m[1784655414.839] [8066:8068] [DIS] UDP:[fe80::bfe:a203:38f0:bce7%enp0s3]:5540: new best score: 7 (for 6D7C4C26D1036F74-0000000000000001)[0m
[0;34m[1784655414.839] [8066:8068] [DIS] Lookup clearing interface for non LL address[0m
[0;32m[1784655414.839] [8066:8068] [DIS] UDP:10.0.2.15%enp0s3:5540: new best score: 2 (for 6D7C4C26D1036F74-0000000000000001)[0m
[0;32m[1784655414.839] [8066:8068] [DIS] Checking node lookup status for 6D7C4C26D1036F74-0000000000000001 after 1 ms[0m
[0;32m[1784655414.839] [8066:8068] [DIS] Keeping DNSSD lookup active[0m
[0;32m[1784655414.839] [8066:8068] [DIS] UDP:[fe80::bfe:a203:38f0:bce7%enp0s3]:5540: score has not improved: 7 (for 6D7C4C26D1036F74-0000000000000001)[0m
[0;34m[1784655414.839] [8066:8068] [DIS] Lookup clearing interface for non LL address[0m
[0;32m[1784655414.839] [8066:8068] [DIS] UDP:10.0.2.15%enp0s3:5540: score has not improved: 2 (for 6D7C4C26D1036F74-0000000000000001)[0m
[0;32m[1784655414.839] [8066:8068] [DIS] Checking node lookup status for 6D7C4C26D1036F74-0000000000000001 after 1 ms[0m
[0;32m[1784655414.839] [8066:8068] [DIS] Keeping DNSSD lookup active[0m
[0;32m[1784655415.039] [8066:8068] [DIS] Checking node lookup status for 6D7C4C26D1036F74-0000000000000001 after 202 ms[0m
[0;34m[1784655415.039] [8066:8068] [DIS] OperationalSessionSetup[1:0000000000000001]: Updating device address to UDP:[fe80::bfe:a203:38f0:bce7%enp0s3]:5540 while in state 2[0m
[0;34m[1784655415.039] [8066:8068] [DIS] OperationalSessionSetup[1:0000000000000001]: State change 2 --> 3[0m
[0;34m[1784655415.039] [8066:8068] [IN] SecureSession[0x7e087c009cd0]: Allocated Type:2 LSID:8672[0m
[0;32m[1784655415.039] [8066:8068] [SC] Initiating session on local FabricIndex 1 from 0x000000000001B669 -> 0x0000000000000001[0m
[0;32m[1784655415.040] [8066:8068] [EM] <<< [E:39618i S:0 M:143578932] (U) Msg TX from B12278E812DDAB71 to 0:0000000000000000 [0000] [UDP:[fe80::bfe:a203:38f0:bce7%enp0s3]:5540] --- Type 0000:30 (SecureChannel:CASE_Sigma1) (B:196)[0m
[0;32m[1784655415.040] [8066:8068] [EM] ??1 [E:39618i S:0 M:143578932] (U) Msg Retransmission to 0:0000000000000000 scheduled for 607ms from now [State:Idle II:500 AI:300 AT:4000][0m
[0;32m[1784655415.040] [8066:8068] [SC] Sent Sigma1 msg to <0000000000000001, 1> [II:500ms AI:300ms AT:4000ms][0m
[0;34m[1784655415.040] [8066:8068] [DIS] OperationalSessionSetup[1:0000000000000001]: State change 3 --> 4[0m
[0;32m[1784655415.041] [8066:8068] [EM] >>> [E:39618i S:0 M:126878521 (Ack:143578932)] (U) Msg RX from 0:0000000000000000 [0000] to B12278E812DDAB71 --- Type 0000:31 (SecureChannel:CASE_Sigma2) (B:751)[0m
[0;34m[1784655415.041] [8066:8068] [EM] Found matching exchange: 39618i, Delegate: 0x7e087c00b8e8[0m
[0;34m[1784655415.041] [8066:8068] [EM] Rxd Ack; Removing MessageCounter:143578932 from Retrans Table on exchange 39618i[0m
[0;32m[1784655415.041] [8066:8068] [SC] Received Sigma2 msg[0m
[0;34m[1784655415.041] [8066:8068] [SC] Found MRP parameters in the message[0m
[0;34m[1784655415.041] [8066:8068] [SC] Peer <0000000000000001, 1> assigned session ID 8714[0m
[0;34m[1784655415.041] [8066:8068] [SC] Sending Sigma3[0m
[0;32m[1784655415.041] [8066:8068] [EM] <<< [E:39618i S:0 M:143578933 (Ack:126878521)] (U) Msg TX from B12278E812DDAB71 to 0:0000000000000000 [0000] [UDP:[fe80::bfe:a203:38f0:bce7%enp0s3]:5540] --- Type 0000:32 (SecureChannel:CASE_Sigma3) (B:598)[0m
[0;32m[1784655415.042] [8066:8068] [EM] ??1 [E:39618i S:0 M:143578933] (U) Msg Retransmission to 0:0000000000000000 scheduled for 398ms from now [State:Active II:500 AI:300 AT:4000][0m
[0;32m[1784655415.042] [8066:8068] [SC] Sent Sigma3 msg[0m
[0;32m[1784655415.051] [8066:8068] [EM] >>> [E:39618i S:0 M:126878522 (Ack:143578933)] (U) Msg RX from 0:0000000000000000 [0000] to B12278E812DDAB71 --- Type 0000:40 (SecureChannel:StatusReport) (B:34)[0m
[0;34m[1784655415.051] [8066:8068] [EM] Found matching exchange: 39618i, Delegate: 0x7e087c00b8e8[0m
[0;34m[1784655415.051] [8066:8068] [EM] Rxd Ack; Removing MessageCounter:143578933 from Retrans Table on exchange 39618i[0m
[0;32m[1784655415.051] [8066:8068] [SC] Success status report received. Session was established[0m
[0;32m[1784655415.052] [8066:8068] [SC] SecureSession[0x7e087c009cd0, LSID:8672]: State change 'kEstablishing' --> 'kActive'[0m
[0;34m[1784655415.052] [8066:8068] [IN] SecureSession[0x7e087c009cd0]: Activated - Type:2 LSID:8672[0m
[0;34m[1784655415.052] [8066:8068] [IN] New secure session activated for device <0000000000000001, 1>, LSID:8672 PSID:8714![0m
[0;34m[1784655415.052] [8066:8068] [DIS] OperationalSessionSetup[1:0000000000000001]: State change 4 --> 5[0m
[0;32m[1784655415.052] [8066:8068] [TOO] Sending cluster (0x00000030) command (0x00000000) on endpoint 0[0m
[0;34m[1784655415.052] [8066:8068] [DMG] ICR moving to [AddingComm][0m
[0;34m[1784655415.052] [8066:8068] [DMG] ICR moving to [AddedComma][0m
[0;32m[1784655415.052] [8066:8068] [EM] <<< [E:39619i S:8672 M:209050273] (S) Msg TX from 000000000001B669 to 1:0000000000000001 [6F74] [UDP:[fe80::bfe:a203:38f0:bce7%enp0s3]:5540] --- Type 0001:08 (IM:InvokeCommandRequest) (B:65)[0m
[0;32m[1784655415.052] [8066:8068] [EM] ??1 [E:39619i S:8672 M:209050273] (S) Msg Retransmission to 1:0000000000000001 scheduled for 331ms from now [State:Active II:500 AI:300 AT:4000][0m
[0;34m[1784655415.052] [8066:8068] [DMG] ICR moving to [AwaitingRe][0m
[0;32m[1784655415.052] [8066:8068] [EM] <<< [E:39618i S:0 M:143578934 (Ack:126878522)] (U) Msg TX from B12278E812DDAB71 to 0:0000000000000000 [0000] [UDP:[fe80::bfe:a203:38f0:bce7%enp0s3]:5540] --- Type 0000:10 (SecureChannel:StandaloneAck) (B:26)[0m
[0;34m[1784655415.052] [8066:8068] [EM] Flushed pending ack for MessageCounter:126878522 on exchange 39618i[0m
[0;32m[1784655415.052] [8066:8068] [EM] >>> [E:39619i S:8672 M:205872845 (Ack:209050273)] (S) Msg RX from 1:0000000000000001 [6F74] to 000000000001B669 --- Type 0001:09 (IM:InvokeCommandResponse) (B:70)[0m
[0;34m[1784655415.052] [8066:8068] [EM] Found matching exchange: 39619i, Delegate: 0x7e087c00eef8[0m
[0;34m[1784655415.052] [8066:8068] [EM] Rxd Ack; Removing MessageCounter:209050273 from Retrans Table on exchange 39619i[0m
[0;34m[1784655415.052] [8066:8068] [DMG] ICR moving to [ResponseRe][0m
[0;34m[1784655415.052] [8066:8068] [DMG] InvokeResponseMessage =[0m
[0;34m[1784655415.052] [8066:8068] [DMG] {[0m
[0;34m[1784655415.052] [8066:8068] [DMG] 	suppressResponse = false, [0m
[0;34m[1784655415.052] [8066:8068] [DMG] 	InvokeResponseIBs =[0m
[0;34m[1784655415.052] [8066:8068] [DMG] 	[[0m
[0;34m[1784655415.052] [8066:8068] [DMG] 		InvokeResponseIB =[0m
[0;34m[1784655415.052] [8066:8068] [DMG] 		{[0m
[0;34m[1784655415.052] [8066:8068] [DMG] 			CommandDataIB =[0m
[0;34m[1784655415.052] [8066:8068] [DMG] 			{[0m
[0;34m[1784655415.052] [8066:8068] [DMG] 				CommandPathIB =[0m
[0;34m[1784655415.052] [8066:8068] [DMG] 				{[0m
[0;34m[1784655415.052] [8066:8068] [DMG] 					EndpointId = 0x0,[0m
[0;34m[1784655415.052] [8066:8068] [DMG] 					ClusterId = 0x30,[0m
[0;34m[1784655415.052] [8066:8068] [DMG] 					CommandId = 0x1,[0m
[0;34m[1784655415.052] [8066:8068] [DMG] 				},[0m
[0;34m[1784655415.052] [8066:8068] [DMG] 				[0m
[0;34m[1784655415.052] [8066:8068] [DMG] 				CommandFields = [0m
[0;34m[1784655415.052] [8066:8068] [DMG] 				{[0m
[0;34m[1784655415.052] [8066:8068] [DMG] 					0x0 = 0 (unsigned), [0m
[0;34m[1784655415.052] [8066:8068] [DMG] 					0x1 = "" (0 chars), [0m
[0;34m[1784655415.052] [8066:8068] [DMG] 				},[0m
[0;34m[1784655415.052] [8066:8068] [DMG] 			},[0m
[0;34m[1784655415.052] [8066:8068] [DMG] 			[0m
[0;34m[1784655415.052] [8066:8068] [DMG] 		},[0m
[0;34m[1784655415.052] [8066:8068] [DMG] 		[0m
[0;34m[1784655415.052] [8066:8068] [DMG] 	],[0m
[0;34m[1784655415.052] [8066:8068] [DMG] 	[0m
[0;34m[1784655415.052] [8066:8068] [DMG] 	InteractionModelRevision = 12[0m
[0;34m[1784655415.052] [8066:8068] [DMG] },[0m
[0;32m[1784655415.052] [8066:8068] [DMG] Received Command Response Data, Endpoint=0 Cluster=0x0000_0030 Command=0x0000_0001[0m
[0;32m[1784655415.052] [8066:8068] [TOO] Endpoint: 0 Cluster: 0x0000_0030 Command 0x0000_0001[0m
[0;32m[1784655415.052] [8066:8068] [TOO]   ArmFailSafeResponse: {[0m
[0;32m[1784655415.052] [8066:8068] [TOO]     errorCode: 0[0m
[0;32m[1784655415.052] [8066:8068] [TOO]     debugText: [0m
[0;32m[1784655415.052] [8066:8068] [TOO]    }[0m
[0;34m[1784655415.052] [8066:8068] [DMG] ICR moving to [AwaitingDe][0m
[0;32m[1784655415.052] [8066:8068] [EM] <<< [E:39619i S:8672 M:209050274 (Ack:205872845)] (S) Msg TX from 000000000001B669 to 1:0000000000000001 [6F74] [UDP:[fe80::bfe:a203:38f0:bce7%enp0s3]:5540] --- Type 0000:10 (SecureChannel:StandaloneAck) (B:34)[0m
[0;34m[1784655415.052] [8066:8068] [EM] Flushed pending ack for MessageCounter:205872845 on exchange 39619i[0m
[0;34m[1784655415.053] [8066:8066] [CTL] Shutting down the commissioner[0m
[0;32m[1784655415.053] [8066:8066] [PAF] WiFiPAF: Closing all WiFiPAF sessions to shutdown[0m
[0;34m[1784655415.053] [8066:8066] [CTL] Shutting down the controller[0m
[0;34m[1784655415.053] [8066:8066] [IN] Expiring all sessions for fabric 0x1!![0m
[0;34m[1784655415.053] [8066:8066] [IN] SecureSession[0x7e087c009cd0]: MarkForEviction Type:2 LSID:8672[0m
[0;32m[1784655415.053] [8066:8066] [SC] SecureSession[0x7e087c009cd0, LSID:8672]: State change 'kActive' --> 'kPendingEviction'[0m
[0;34m[1784655415.053] [8066:8066] [IN] SecureSession[0x7e087c009cd0]: Released - Type:2 LSID:8672[0m
[0;32m[1784655415.053] [8066:8066] [FP] Forgetting fabric 0x1[0m
[0;32m[1784655415.053] [8066:8066] [TS] Pending Last Known Good Time: 2023-10-14T01:16:48[0m
[0;32m[1784655415.053] [8066:8066] [TS] Previous Last Known Good Time: 2023-10-14T01:16:48[0m
[0;32m[1784655415.053] [8066:8066] [TS] Reverted Last Known Good Time to previous value[0m
[0;34m[1784655415.053] [8066:8066] [CTL] Shutting down the commissioner[0m
[0;32m[1784655415.053] [8066:8066] [PAF] WiFiPAF: Closing all WiFiPAF sessions to shutdown[0m
[0;34m[1784655415.053] [8066:8066] [CTL] Shutting down the controller[0m
[0;34m[1784655415.053] [8066:8066] [CTL] Shutting down the System State, this will teardown the CHIP Stack[0m
[0;34m[1784655415.053] [8066:8066] [DMG] All ReadHandler-s are clean, clear GlobalDirtySet[0m
[0;32m[1784655415.053] [8066:8066] [FP] Shutting down FabricTable[0m
[0;32m[1784655415.053] [8066:8066] [TS] Pending Last Known Good Time: 2023-10-14T01:16:48[0m
[0;32m[1784655415.053] [8066:8066] [TS] Previous Last Known Good Time: 2023-10-14T01:16:48[0m
[0;32m[1784655415.053] [8066:8066] [TS] Reverted Last Known Good Time to previous value[0m
[0;34m[1784655415.057] [8066:8066] [DL] Wrote settings to /tmp/chip_counters.ini[0m
[0;32m[1784655415.057] [8066:8066] [DL] NVS set: chip-counters/total-operational-hours = 0 (0x0)[0m
[0;32m[1784655415.057] [8066:8066] [DL] Inet Layer shutdown[0m
[0;32m[1784655415.057] [8066:8066] [DL] BLE Layer shutdown[0m
[0;32m[1784655415.057] [8066:8066] [DL] WiFi-PAF Layer shutdown[0m
[0;32m[1784655415.057] [8066:8066] [PAF] WiFiPAF: Closing all WiFiPAF sessions to shutdown[0m
[0;32m[1784655415.057] [8066:8066] [DL] System Layer shutdown[0m
