[0;34m[1784655415.106] [8070:8070] [DL] ChipLinuxStorage::Init: Using KVS config file: /tmp/chip_tool_kvs[0m
[1;31m[1784655415.107] [8070:8070] [DL] ChipLinuxStorage::Init: Attempt to re-initialize with KVS config file: /tmp/chip_kvs, IGNORING.[0m
[0;34m[1784655415.108] [8070:8070] [DL] ChipLinuxStorage::Init: Using KVS config file: /tmp/chip_factory.ini[0m
[0;34m[1784655415.108] [8070:8070] [DL] ChipLinuxStorage::Init: Using KVS config file: /tmp/chip_config.ini[0m
[0;34m[1784655415.108] [8070:8070] [DL] ChipLinuxStorage::Init: Using KVS config file: /tmp/chip_counters.ini[0m
[0;34m[1784655415.114] [8070:8070] [DL] Wrote settings to /tmp/chip_counters.ini[0m
[0;32m[1784655415.114] [8070:8070] [DL] NVS set: chip-counters/reboot-count = 4 (0x4)[0m
[0;32m[1784655415.114] [8070:8070] [DL] Got Ethernet interface: enp0s3[0m
[0;32m[1784655415.114] [8070:8070] [DL] Found the primary Ethernet interface:enp0s3[0m
[1;31m[1784655415.114] [8070:8070] [DL] Failed to get WiFi interface[0m
[1;31m[1784655415.114] [8070:8070] [DL] Failed to reset WiFi statistic counts[0m
[0;32m[1784655415.114] [8070:8070] [PAF] WiFiPAF: WiFiPAFLayer::Init()[0m
[0;34m[1784655415.114] [8070:8070] [IN] UDP::Init bind&listen port=0[0m
[0;34m[1784655415.115] [8070:8070] [IN] UDP::Init bound to port=53745[0m
[0;34m[1784655415.115] [8070:8070] [IN] UDP::Init bind&listen port=0[0m
[0;34m[1784655415.115] [8070:8070] [IN] UDP::Init bound to port=44638[0m
[0;34m[1784655415.115] [8070:8070] [IN] BLEBase::Init - setting/overriding transport[0m
[0;34m[1784655415.115] [8070:8070] [IN] WiFiPAFBase::Init - setting/overriding transport[0m
[0;34m[1784655415.115] [8070:8070] [IN] TransportMgr initialized[0m
[0;34m[1784655415.115] [8070:8070] [FP] Initializing FabricTable from persistent storage[0m
[0;32m[1784655415.115] [8070:8070] [TS] Last Known Good Time: 2023-10-14T01:16:48[0m
[0;32m[1784655415.115] [8070:8070] [FP] Fabric index 0x1 was retrieved from storage. Compressed FabricId 0x6D7C4C26D1036F74, FabricId 0x0000000000000001, NodeId 0x000000000001B669, VendorId 0xFFF1[0m
[0;32m[1784655415.116] [8070:8070] [DMG] Ember attribute persistence requires setting up[0m
[0;32m[1784655415.116] [8070:8070] [ZCL] Using ZAP configuration...[0m
[0;34m[1784655415.116] [8070:8070] [CTL] System State Initialized...[0m
[0;32m[1784655415.116] [8070:8070] [CTL] Setting attestation nonce to random value[0m
[0;32m[1784655415.116] [8070:8070] [CTL] Setting CSR nonce to random value[0m
[0;34m[1784655415.116] [8070:8072] [DL] CHIP task running[0m
[0;32m[1784655415.116] [8070:8072] [CTL] Setting attestation nonce to random value[0m
[0;32m[1784655415.116] [8070:8072] [CTL] Setting CSR nonce to random value[0m
[0;32m[1784655415.117] [8070:8072] [CTL] Generating NOC[0m
[0;32m[1784655415.117] [8070:8072] [FP] Validating NOC chain[0m
[0;32m[1784655415.117] [8070:8072] [FP] NOC chain validation successful[0m
[0;32m[1784655415.117] [8070:8072] [FP] Updated fabric at index: 0x1, Node ID: 0x000000000001B669[0m
[0;32m[1784655415.117] [8070:8072] [TS] Last Known Good Time: 2023-10-14T01:16:48[0m
[0;32m[1784655415.117] [8070:8072] [TS] New proposed Last Known Good Time: 2021-01-01T00:00:00[0m
[0;32m[1784655415.117] [8070:8072] [TS] Retaining current Last Known Good Time[0m
[0;32m[1784655415.118] [8070:8072] [FP] Metadata for Fabric 0x1 persisted to storage.[0m
[0;32m[1784655415.119] [8070:8072] [TS] Committing Last Known Good Time to storage: 2023-10-14T01:16:48[0m
[0;32m[1784655415.119] [8070:8072] [CTL] Joined the fabric at index 1. Fabric ID is 0x0000000000000001 (Compressed Fabric ID: 6D7C4C26D1036F74)[0m
[0;32m[1784655415.122] [8070:8072] [TOO] Sending command to node 0x1[0m
[0;34m[1784655415.122] [8070:8072] [CSM] FindOrEstablishSession: PeerId = [1:0000000000000001][0m
[0;34m[1784655415.122] [8070:8072] [CSM] FindOrEstablishSession: No existing OperationalSessionSetup instance found[0m
[0;34m[1784655415.122] [8070:8072] [DIS] OperationalSessionSetup[1:0000000000000001]: State change 1 --> 2[0m
[0;32m[1784655415.122] [8070:8072] [DIS] Lookup started for 6D7C4C26D1036F74-0000000000000001[0m
[0;32m[1784655415.122] [8070:8072] [DIS] UDP:[fe80::bfe:a203:38f0:bce7%enp0s3]:5540: new best score: 7 (for 6D7C4C26D1036F74-0000000000000001)[0m
[0;34m[1784655415.123] [8070:8072] [DIS] Lookup clearing interface for non LL address[0m
[0;32m[1784655415.123] [8070:8072] [DIS] UDP:10.0.2.15%enp0s3:5540: new best score: 2 (for 6D7C4C26D1036F74-0000000000000001)[0m
[0;32m[1784655415.123] [8070:8072] [DIS] Checking node lookup status for 6D7C4C26D1036F74-0000000000000001 after 1 ms[0m
[0;32m[1784655415.123] [8070:8072] [DIS] Keeping DNSSD lookup active[0m
[0;32m[1784655415.123] [8070:8072] [DIS] UDP:[fe80::bfe:a203:38f0:bce7%enp0s3]:5540: score has not improved: 7 (for 6D7C4C26D1036F74-0000000000000001)[0m
[0;34m[1784655415.123] [8070:8072] [DIS] Lookup clearing interface for non LL address[0m
[0;32m[1784655415.123] [8070:8072] [DIS] UDP:10.0.2.15%enp0s3:5540: score has not improved: 2 (for 6D7C4C26D1036F74-0000000000000001)[0m
[0;32m[1784655415.123] [8070:8072] [DIS] Checking node lookup status for 6D7C4C26D1036F74-0000000000000001 after 1 ms[0m
[0;32m[1784655415.123] [8070:8072] [DIS] Keeping DNSSD lookup active[0m
[0;32m[1784655415.323] [8070:8072] [DIS] Checking node lookup status for 6D7C4C26D1036F74-0000000000000001 after 201 ms[0m
[0;34m[1784655415.323] [8070:8072] [DIS] OperationalSessionSetup[1:0000000000000001]: Updating device address to UDP:[fe80::bfe:a203:38f0:bce7%enp0s3]:5540 while in state 2[0m
[0;34m[1784655415.323] [8070:8072] [DIS] OperationalSessionSetup[1:0000000000000001]: State change 2 --> 3[0m
[0;34m[1784655415.323] [8070:8072] [IN] SecureSession[0x7bb148009cd0]: Allocated Type:2 LSID:33620[0m
[0;32m[1784655415.323] [8070:8072] [SC] Initiating session on local FabricIndex 1 from 0x000000000001B669 -> 0x0000000000000001[0m
[0;32m[1784655415.323] [8070:8072] [EM] <<< [E:425i S:0 M:121675384] (U) Msg TX from 78AC6452737135A2 to 0:0000000000000000 [0000] [UDP:[fe80::bfe:a203:38f0:bce7%enp0s3]:5540] --- Type 0000:30 (SecureChannel:CASE_Sigma1) (B:196)[0m
[0;32m[1784655415.323] [8070:8072] [EM] ??1 [E:425i S:0 M:121675384] (U) Msg Retransmission to 0:0000000000000000 scheduled for 634ms from now [State:Idle II:500 AI:300 AT:4000][0m
[0;32m[1784655415.323] [8070:8072] [SC] Sent Sigma1 msg to <0000000000000001, 1> [II:500ms AI:300ms AT:4000ms][0m
[0;34m[1784655415.323] [8070:8072] [DIS] OperationalSessionSetup[1:0000000000000001]: State change 3 --> 4[0m
[0;32m[1784655415.324] [8070:8072] [EM] >>> [E:425i S:0 M:126878523 (Ack:121675384)] (U) Msg RX from 0:0000000000000000 [0000] to 78AC6452737135A2 --- Type 0000:31 (SecureChannel:CASE_Sigma2) (B:751)[0m
[0;34m[1784655415.324] [8070:8072] [EM] Found matching exchange: 425i, Delegate: 0x7bb14800b8e8[0m
[0;34m[1784655415.324] [8070:8072] [EM] Rxd Ack; Removing MessageCounter:121675384 from Retrans Table on exchange 425i[0m
[0;32m[1784655415.324] [8070:8072] [SC] Received Sigma2 msg[0m
[0;34m[1784655415.324] [8070:8072] [SC] Found MRP parameters in the message[0m
[0;34m[1784655415.325] [8070:8072] [SC] Peer <0000000000000001, 1> assigned session ID 8715[0m
[0;34m[1784655415.325] [8070:8072] [SC] Sending Sigma3[0m
[0;32m[1784655415.325] [8070:8072] [EM] <<< [E:425i S:0 M:121675385 (Ack:126878523)] (U) Msg TX from 78AC6452737135A2 to 0:0000000000000000 [0000] [UDP:[fe80::bfe:a203:38f0:bce7%enp0s3]:5540] --- Type 0000:32 (SecureChannel:CASE_Sigma3) (B:598)[0m
[0;32m[1784655415.325] [8070:8072] [EM] ??1 [E:425i S:0 M:121675385] (U) Msg Retransmission to 0:0000000000000000 scheduled for 370ms from now [State:Active II:500 AI:300 AT:4000][0m
[0;32m[1784655415.325] [8070:8072] [SC] Sent Sigma3 msg[0m
[0;32m[1784655415.333] [8070:8072] [EM] >>> [E:425i S:0 M:126878524 (Ack:121675385)] (U) Msg RX from 0:0000000000000000 [0000] to 78AC6452737135A2 --- Type 0000:40 (SecureChannel:StatusReport) (B:34)[0m
[0;34m[1784655415.333] [8070:8072] [EM] Found matching exchange: 425i, Delegate: 0x7bb14800b8e8[0m
[0;34m[1784655415.333] [8070:8072] [EM] Rxd Ack; Removing MessageCounter:121675385 from Retrans Table on exchange 425i[0m
[0;32m[1784655415.333] [8070:8072] [SC] Success status report received. Session was established[0m
[0;32m[1784655415.334] [8070:8072] [SC] SecureSession[0x7bb148009cd0, LSID:33620]: State change 'kEstablishing' --> 'kActive'[0m
[0;34m[1784655415.334] [8070:8072] [IN] SecureSession[0x7bb148009cd0]: Activated - Type:2 LSID:33620[0m
[0;34m[1784655415.334] [8070:8072] [IN] New secure session activated for device <0000000000000001, 1>, LSID:33620 PSID:8715![0m
[0;34m[1784655415.334] [8070:8072] [DIS] OperationalSessionSetup[1:0000000000000001]: State change 4 --> 5[0m
[0;32m[1784655415.334] [8070:8072] [TOO] Sending cluster (0x0000003E) command (0x00000004) on endpoint 0[0m
[0;34m[1784655415.334] [8070:8072] [DMG] ICR moving to [AddingComm][0m
[0;34m[1784655415.334] [8070:8072] [DMG] ICR moving to [AddedComma][0m
[0;32m[1784655415.334] [8070:8072] [EM] <<< [E:426i S:33620 M:117614320] (S) Msg TX from 000000000001B669 to 1:0000000000000001 [6F74] [UDP:[fe80::bfe:a203:38f0:bce7%enp0s3]:5540] --- Type 0001:08 (IM:InvokeCommandRequest) (B:96)[0m
[0;32m[1784655415.334] [8070:8072] [EM] ??1 [E:426i S:33620 M:117614320] (S) Msg Retransmission to 1:0000000000000001 scheduled for 363ms from now [State:Active II:500 AI:300 AT:4000][0m
[0;34m[1784655415.334] [8070:8072] [DMG] ICR moving to [AwaitingRe][0m
[0;32m[1784655415.334] [8070:8072] [EM] <<< [E:425i S:0 M:121675386 (Ack:126878524)] (U) Msg TX from 78AC6452737135A2 to 0:0000000000000000 [0000] [UDP:[fe80::bfe:a203:38f0:bce7%enp0s3]:5540] --- Type 0000:10 (SecureChannel:StandaloneAck) (B:26)[0m
[0;34m[1784655415.334] [8070:8072] [EM] Flushed pending ack for MessageCounter:126878524 on exchange 425i[0m
[0;32m[1784655415.335] [8070:8072] [EM] >>> [E:426i S:33620 M:237842188 (Ack:117614320)] (S) Msg RX from 1:0000000000000001 [6F74] to 000000000001B669 --- Type 0001:09 (IM:InvokeCommandResponse) (B:377)[0m
[0;34m[1784655415.335] [8070:8072] [EM] Found matching exchange: 426i, Delegate: 0x7bb14800eef8[0m
[0;34m[1784655415.335] [8070:8072] [EM] Rxd Ack; Removing MessageCounter:117614320 from Retrans Table on exchange 426i[0m
[0;34m[1784655415.335] [8070:8072] [DMG] ICR moving to [ResponseRe][0m
[0;34m[1784655415.335] [8070:8072] [DMG] InvokeResponseMessage =[0m
[0;34m[1784655415.335] [8070:8072] [DMG] {[0m
[0;34m[1784655415.335] [8070:8072] [DMG] 	suppressResponse = false, [0m
[0;34m[1784655415.335] [8070:8072] [DMG] 	InvokeResponseIBs =[0m
[0;34m[1784655415.335] [8070:8072] [DMG] 	[[0m
[0;34m[1784655415.335] [8070:8072] [DMG] 		InvokeResponseIB =[0m
[0;34m[1784655415.335] [8070:8072] [DMG] 		{[0m
[0;34m[1784655415.335] [8070:8072] [DMG] 			CommandDataIB =[0m
[0;34m[1784655415.335] [8070:8072] [DMG] 			{[0m
[0;34m[1784655415.335] [8070:8072] [DMG] 				CommandPathIB =[0m
[0;34m[1784655415.335] [8070:8072] [DMG] 				{[0m
[0;34m[1784655415.335] [8070:8072] [DMG] 					EndpointId = 0x0,[0m
[0;34m[1784655415.335] [8070:8072] [DMG] 					ClusterId = 0x3e,[0m
[0;34m[1784655415.335] [8070:8072] [DMG] 					CommandId = 0x5,[0m
[0;34m[1784655415.335] [8070:8072] [DMG] 				},[0m
[0;34m[1784655415.335] [8070:8072] [DMG] 				[0m
[0;34m[1784655415.335] [8070:8072] [DMG] 				CommandFields = [0m
[0;34m[1784655415.335] [8070:8072] [DMG] 				{[0m
[0;34m[1784655415.335] [8070:8072] [DMG] 					0x0 = [[0m
[0;34m[1784655415.335] [8070:8072] [DMG] 							0x15, 0x30, 0x01, 0xcb, 0x30, 0x81, 0xc8, 0x30, 0x70, 0x02, 0x01, 0x00, 0x30, 0x0e, 0x31, 0x0c, 0x30, 0x0a, 0x06, 0x03, 0x55, 0x04, 0x0a, 0x0c, 0x03, 0x43, 0x53, 0x52, 0x30, 0x59, 0x30, 0x13, 0x06, 0x07, 0x2a, 0x86, 0x48, 0xce, 0x3d, 0x02, 0x01, 0x06, 0x08, 0x2a, 0x86, 0x48, 0xce, 0x3d, 0x03, 0x01, 0x07, 0x03, 0x42, 0x00, 0x04, 0x8f, 0x9d, 0x9d, 0xe4, 0x27, 0xe3, 0xb8, 0x31, 0xe7, 0x60, 0x80, 0x20, 0xa7, 0xe0, 0x61, 0xa0, 0xb5, 0x7f, 0xe2, 0x21, 0xc0, 0x6e, 0x32, 0x2f, 0xb9, 0x1d, 0x87, 0xf1, 0x4c, 0x2b, 0xa5, 0x3e, 0x16, 0x44, 0x00, 0x46, 0x81, 0x9a, 0x9f, 0x5c, 0xea, 0x63, 0x17, 0xee, 0xb3, 0x49, 0xaa, 0xda, 0x60, 0xb6, 0x1f, 0x7f, 0x01, 0x57, 0x2d, 0xe2, 0x8e, 0x76, 0x78, 0x8e, 0x00, 0xdc, 0x85, 0xdd, 0xa0, 0x00, 0x30, 0x0a, 0x06, 0x08, 0x2a, 0x86, 0x48, 0xce, 0x3d, 0x04, 0x03, 0x02, 0x03, 0x48, 0x00, 0x30, 0x45, 0x02, 0x21, 0x00, 0xe4, 0x2d, 0xd7, 0x82, 0x72, 0x7d, 0x72, 0xde, 0xf0, 0x69, 0x25, 0xa7, 0x7f, 0x91, 0x8f, 0xd4, 0x76, 0x20, 0xa6, 0xe8, 0xfc, 0xd1, 0x60, 0x8e, 0xf2, 0xed, 0x98, 0xb3, 0xb1, 0x17, 0x6d, 0x78, 0x02, 0x20, 0x22, 0x7b, 0x15, 0xb5, 0x6d, 0xc3, 0xb0, 0x8d, 0x83, 0xd0, 0xd6, 0x22, 0x37, 0xa7, 0xd0, 0xb1, 0xcf, 0x8b, 0x79, 0x51, 0xa8, 0x9a, 0xbc, 0x89, 0x47, 0xbc, 0x48, 0x10, 0xb3, 0x9b, 0xd3, 0x25, 0x30, 0x02, 0x20, 0xe5, 0x22, 0xcf, 0x64, 0x5b, 0x3e, 0xa1, 0x04, 0x39, 0xe2, 0x60, 0xb8, 0x28, 0x84, 0x77, 0x05, 0x21, 0x91, 0x43, 0x0e, 0xf7, 0xcd, 0x96, 0xe1, 0x2d, 0xf5, 0x8d, 0x18, 0x6e, 0x88, 0xa8, 0x4f, 0x18, [0m
[0;34m[1784655415.335] [8070:8072] [DMG] 					] (243 bytes)[0m
[0;34m[1784655415.335] [8070:8072] [DMG] 					0x1 = [[0m
[0;34m[1784655415.335] [8070:8072] [DMG] 							0xe8, 0x22, 0xa4, 0x69, 0x15, 0xf6, 0xea, 0x73, 0xad, 0xac, 0x9a, 0xd7, 0x03, 0x6a, 0x7e, 0x99, 0x8f, 0x3d, 0x43, 0x77, 0xc5, 0xde, 0x55, 0xc4, 0x1e, 0x3c, 0x90, 0x5b, 0x64, 0xbc, 0x5b, 0x1e, 0xb7, 0xc5, 0xc4, 0xb0, 0xa5, 0x6d, 0x0d, 0x40, 0xd0, 0x4b, 0x13, 0xbc, 0xb0, 0x84, 0x13, 0xfc, 0x05, 0x7a, 0x55, 0xcd, 0xaf, 0xc4, 0xc6, 0xe8, 0x6f, 0xed, 0x51, 0xbf, 0x8d, 0xe4, 0xd8, 0xe9, [0m
[0;34m[1784655415.335] [8070:8072] [DMG] 					] (64 bytes)[0m
[0;34m[1784655415.335] [8070:8072] [DMG] 				},[0m
[0;34m[1784655415.335] [8070:8072] [DMG] 			},[0m
[0;34m[1784655415.335] [8070:8072] [DMG] 			[0m
[0;34m[1784655415.335] [8070:8072] [DMG] 		},[0m
[0;34m[1784655415.335] [8070:8072] [DMG] 		[0m
[0;34m[1784655415.335] [8070:8072] [DMG] 	],[0m
[0;34m[1784655415.335] [8070:8072] [DMG] 	[0m
[0;34m[1784655415.335] [8070:8072] [DMG] 	InteractionModelRevision = 12[0m
[0;34m[1784655415.335] [8070:8072] [DMG] },[0m
[0;32m[1784655415.335] [8070:8072] [DMG] Received Command Response Data, Endpoint=0 Cluster=0x0000_003E Command=0x0000_0005[0m
[0;32m[1784655415.335] [8070:8072] [TOO] Endpoint: 0 Cluster: 0x0000_003E Command 0x0000_0005[0m
[0;32m[1784655415.335] [8070:8072] [TOO]   CSRResponse: {[0m
[0;32m[1784655415.335] [8070:8072] [TOO]     NOCSRElements: 153001CB3081C83070020100300E310C300A060355040A0C034353523059301306072A8648CE3D020106082A8648CE3D030107034200048F9D9DE427E3B831E7608020A7E061A0B57FE221C06E322FB91D87F14C2BA53E16440046819A9F5CEA6317EEB349AADA60B61F7F01572DE28E76788E00DC85DDA000300A06082A8648CE3D0403020348003045022100E42DD782727D72DEF06925A77F918FD47620A6E8FCD1608EF2ED98B3B1176D780220227B15B56DC3B08D83D0D62237A7D0B1CF8B7951A89ABC8947BC4810B39BD325300220E522CF645B3EA10439E260B8288477052191430EF7CD96E12DF58D186E88A84F18[0m
[0;32m[1784655415.335] [8070:8072] [TOO]     attestationSignature: E822A46915F6EA73ADAC9AD7036A7E998F3D4377C5DE55C41E3C905B64BC5B1EB7C5C4B0A56D0D40D04B13BCB08413FC057A55CDAFC4C6E86FED51BF8DE4D8E9[0m
[0;32m[1784655415.335] [8070:8072] [TOO]    }[0m
[0;34m[1784655415.335] [8070:8072] [DMG] ICR moving to [AwaitingDe][0m
[0;32m[1784655415.335] [8070:8072] [EM] <<< [E:426i S:33620 M:117614321 (Ack:237842188)] (S) Msg TX from 000000000001B669 to 1:0000000000000001 [6F74] [UDP:[fe80::bfe:a203:38f0:bce7%enp0s3]:5540] --- Type 0000:10 (SecureChannel:StandaloneAck) (B:34)[0m
[0;34m[1784655415.335] [8070:8072] [EM] Flushed pending ack for MessageCounter:237842188 on exchange 426i[0m
[0;34m[1784655415.335] [8070:8070] [CTL] Shutting down the commissioner[0m
[0;32m[1784655415.335] [8070:8070] [PAF] WiFiPAF: Closing all WiFiPAF sessions to shutdown[0m
[0;34m[1784655415.335] [8070:8070] [CTL] Shutting down the controller[0m
[0;34m[1784655415.335] [8070:8070] [IN] Expiring all sessions for fabric 0x1!![0m
[0;34m[1784655415.335] [8070:8070] [IN] SecureSession[0x7bb148009cd0]: MarkForEviction Type:2 LSID:33620[0m
[0;32m[1784655415.335] [8070:8070] [SC] SecureSession[0x7bb148009cd0, LSID:33620]: State change 'kActive' --> 'kPendingEviction'[0m
[0;34m[1784655415.335] [8070:8070] [IN] SecureSession[0x7bb148009cd0]: Released - Type:2 LSID:33620[0m
[0;32m[1784655415.335] [8070:8070] [FP] Forgetting fabric 0x1[0m
[0;32m[1784655415.335] [8070:8070] [TS] Pending Last Known Good Time: 2023-10-14T01:16:48[0m
[0;32m[1784655415.336] [8070:8070] [TS] Previous Last Known Good Time: 2023-10-14T01:16:48[0m
[0;32m[1784655415.336] [8070:8070] [TS] Reverted Last Known Good Time to previous value[0m
[0;34m[1784655415.336] [8070:8070] [CTL] Shutting down the commissioner[0m
[0;32m[1784655415.336] [8070:8070] [PAF] WiFiPAF: Closing all WiFiPAF sessions to shutdown[0m
[0;34m[1784655415.336] [8070:8070] [CTL] Shutting down the controller[0m
[0;34m[1784655415.336] [8070:8070] [CTL] Shutting down the System State, this will teardown the CHIP Stack[0m
[0;34m[1784655415.336] [8070:8070] [DMG] All ReadHandler-s are clean, clear GlobalDirtySet[0m
[0;32m[1784655415.336] [8070:8070] [FP] Shutting down FabricTable[0m
[0;32m[1784655415.336] [8070:8070] [TS] Pending Last Known Good Time: 2023-10-14T01:16:48[0m
[0;32m[1784655415.336] [8070:8070] [TS] Previous Last Known Good Time: 2023-10-14T01:16:48[0m
[0;32m[1784655415.336] [8070:8070] [TS] Reverted Last Known Good Time to previous value[0m
[0;34m[1784655415.338] [8070:8070] [DL] Wrote settings to /tmp/chip_counters.ini[0m
[0;32m[1784655415.338] [8070:8070] [DL] NVS set: chip-counters/total-operational-hours = 0 (0x0)[0m
[0;32m[1784655415.338] [8070:8070] [DL] Inet Layer shutdown[0m
[0;32m[1784655415.338] [8070:8070] [DL] BLE Layer shutdown[0m
[0;32m[1784655415.338] [8070:8070] [DL] WiFi-PAF Layer shutdown[0m
[0;32m[1784655415.338] [8070:8070] [PAF] WiFiPAF: Closing all WiFiPAF sessions to shutdown[0m
[0;32m[1784655415.338] [8070:8070] [DL] System Layer shutdown[0m
