[0;34m[1784654114.090] [3535:3535] [DL] ChipLinuxStorage::Init: Using KVS config file: /tmp/chip_tool_kvs[0m
[1;31m[1784654114.091] [3535:3535] [DL] ChipLinuxStorage::Init: Attempt to re-initialize with KVS config file: /tmp/chip_kvs, IGNORING.[0m
[0;34m[1784654114.092] [3535:3535] [DL] ChipLinuxStorage::Init: Using KVS config file: /tmp/chip_factory.ini[0m
[0;34m[1784654114.092] [3535:3535] [DL] ChipLinuxStorage::Init: Using KVS config file: /tmp/chip_config.ini[0m
[0;34m[1784654114.092] [3535:3535] [DL] ChipLinuxStorage::Init: Using KVS config file: /tmp/chip_counters.ini[0m
[0;34m[1784654114.096] [3535:3535] [DL] Wrote settings to /tmp/chip_counters.ini[0m
[0;32m[1784654114.096] [3535:3535] [DL] NVS set: chip-counters/reboot-count = 3 (0x3)[0m
[0;32m[1784654114.096] [3535:3535] [DL] Got Ethernet interface: enp0s3[0m
[0;32m[1784654114.096] [3535:3535] [DL] Found the primary Ethernet interface:enp0s3[0m
[1;31m[1784654114.097] [3535:3535] [DL] Failed to get WiFi interface[0m
[1;31m[1784654114.097] [3535:3535] [DL] Failed to reset WiFi statistic counts[0m
[0;32m[1784654114.097] [3535:3535] [PAF] WiFiPAF: WiFiPAFLayer::Init()[0m
[0;34m[1784654114.097] [3535:3535] [IN] UDP::Init bind&listen port=0[0m
[0;34m[1784654114.097] [3535:3535] [IN] UDP::Init bound to port=44584[0m
[0;34m[1784654114.097] [3535:3535] [IN] UDP::Init bind&listen port=0[0m
[0;34m[1784654114.097] [3535:3535] [IN] UDP::Init bound to port=55137[0m
[0;34m[1784654114.097] [3535:3535] [IN] BLEBase::Init - setting/overriding transport[0m
[0;34m[1784654114.097] [3535:3535] [IN] WiFiPAFBase::Init - setting/overriding transport[0m
[0;34m[1784654114.097] [3535:3535] [IN] TransportMgr initialized[0m
[0;34m[1784654114.097] [3535:3535] [FP] Initializing FabricTable from persistent storage[0m
[0;32m[1784654114.097] [3535:3535] [TS] Last Known Good Time: 2023-10-14T01:16:48[0m
[0;32m[1784654114.097] [3535:3535] [FP] Fabric index 0x1 was retrieved from storage. Compressed FabricId 0xC5E22229B9CBF0BA, FabricId 0x0000000000000001, NodeId 0x000000000001B669, VendorId 0xFFF1[0m
[0;32m[1784654114.098] [3535:3535] [DMG] Ember attribute persistence requires setting up[0m
[0;32m[1784654114.098] [3535:3535] [ZCL] Using ZAP configuration...[0m
[0;34m[1784654114.098] [3535:3535] [CTL] System State Initialized...[0m
[0;32m[1784654114.098] [3535:3535] [CTL] Setting attestation nonce to random value[0m
[0;32m[1784654114.098] [3535:3535] [CTL] Setting CSR nonce to random value[0m
[0;34m[1784654114.099] [3535:3537] [DL] CHIP task running[0m
[0;32m[1784654114.099] [3535:3537] [CTL] Setting attestation nonce to random value[0m
[0;32m[1784654114.099] [3535:3537] [CTL] Setting CSR nonce to random value[0m
[0;32m[1784654114.099] [3535:3537] [CTL] Generating NOC[0m
[0;32m[1784654114.099] [3535:3537] [FP] Validating NOC chain[0m
[0;32m[1784654114.099] [3535:3537] [FP] NOC chain validation successful[0m
[0;32m[1784654114.099] [3535:3537] [FP] Updated fabric at index: 0x1, Node ID: 0x000000000001B669[0m
[0;32m[1784654114.099] [3535:3537] [TS] Last Known Good Time: 2023-10-14T01:16:48[0m
[0;32m[1784654114.099] [3535:3537] [TS] New proposed Last Known Good Time: 2021-01-01T00:00:00[0m
[0;32m[1784654114.099] [3535:3537] [TS] Retaining current Last Known Good Time[0m
[0;32m[1784654114.102] [3535:3537] [FP] Metadata for Fabric 0x1 persisted to storage.[0m
[0;32m[1784654114.102] [3535:3537] [TS] Committing Last Known Good Time to storage: 2023-10-14T01:16:48[0m
[0;32m[1784654114.103] [3535:3537] [CTL] Joined the fabric at index 1. Fabric ID is 0x0000000000000001 (Compressed Fabric ID: C5E22229B9CBF0BA)[0m
[0;32m[1784654114.108] [3535:3537] [TOO] Sending command to node 0x1[0m
[0;34m[1784654114.108] [3535:3537] [CSM] FindOrEstablishSession: PeerId = [1:0000000000000001][0m
[0;34m[1784654114.108] [3535:3537] [CSM] FindOrEstablishSession: No existing OperationalSessionSetup instance found[0m
[0;34m[1784654114.108] [3535:3537] [DIS] OperationalSessionSetup[1:0000000000000001]: State change 1 --> 2[0m
[0;32m[1784654114.109] [3535:3537] [DIS] Lookup started for C5E22229B9CBF0BA-0000000000000001[0m
[0;32m[1784654114.109] [3535:3537] [DIS] UDP:[fe80::bfe:a203:38f0:bce7%enp0s3]:5540: new best score: 7 (for C5E22229B9CBF0BA-0000000000000001)[0m
[0;34m[1784654114.109] [3535:3537] [DIS] Lookup clearing interface for non LL address[0m
[0;32m[1784654114.109] [3535:3537] [DIS] UDP:10.0.2.15%enp0s3:5540: new best score: 2 (for C5E22229B9CBF0BA-0000000000000001)[0m
[0;32m[1784654114.109] [3535:3537] [DIS] Checking node lookup status for C5E22229B9CBF0BA-0000000000000001 after 0 ms[0m
[0;32m[1784654114.109] [3535:3537] [DIS] Keeping DNSSD lookup active[0m
[0;32m[1784654114.109] [3535:3537] [DIS] UDP:[fe80::bfe:a203:38f0:bce7%enp0s3]:5540: score has not improved: 7 (for C5E22229B9CBF0BA-0000000000000001)[0m
[0;34m[1784654114.109] [3535:3537] [DIS] Lookup clearing interface for non LL address[0m
[0;32m[1784654114.109] [3535:3537] [DIS] UDP:10.0.2.15%enp0s3:5540: score has not improved: 2 (for C5E22229B9CBF0BA-0000000000000001)[0m
[0;32m[1784654114.109] [3535:3537] [DIS] Checking node lookup status for C5E22229B9CBF0BA-0000000000000001 after 0 ms[0m
[0;32m[1784654114.109] [3535:3537] [DIS] Keeping DNSSD lookup active[0m
[0;32m[1784654114.310] [3535:3537] [DIS] Checking node lookup status for C5E22229B9CBF0BA-0000000000000001 after 201 ms[0m
[0;34m[1784654114.310] [3535:3537] [DIS] OperationalSessionSetup[1:0000000000000001]: Updating device address to UDP:[fe80::bfe:a203:38f0:bce7%enp0s3]:5540 while in state 2[0m
[0;34m[1784654114.310] [3535:3537] [DIS] OperationalSessionSetup[1:0000000000000001]: State change 2 --> 3[0m
[0;34m[1784654114.310] [3535:3537] [IN] SecureSession[0x747764009cd0]: Allocated Type:2 LSID:9745[0m
[0;32m[1784654114.310] [3535:3537] [SC] Initiating session on local FabricIndex 1 from 0x000000000001B669 -> 0x0000000000000001[0m
[0;32m[1784654114.311] [3535:3537] [EM] <<< [E:10544i S:0 M:195924469] (U) Msg TX from 5B11EFBFE5153893 to 0:0000000000000000 [0000] [UDP:[fe80::bfe:a203:38f0:bce7%enp0s3]:5540] --- Type 0000:30 (SecureChannel:CASE_Sigma1) (B:196)[0m
[0;32m[1784654114.311] [3535:3537] [EM] ??1 [E:10544i S:0 M:195924469] (U) Msg Retransmission to 0:0000000000000000 scheduled for 638ms from now [State:Idle II:500 AI:300 AT:4000][0m
[0;32m[1784654114.311] [3535:3537] [SC] Sent Sigma1 msg to <0000000000000001, 1> [II:500ms AI:300ms AT:4000ms][0m
[0;34m[1784654114.311] [3535:3537] [DIS] OperationalSessionSetup[1:0000000000000001]: State change 3 --> 4[0m
[0;32m[1784654114.312] [3535:3537] [EM] >>> [E:10544i S:0 M:184295400 (Ack:195924469)] (U) Msg RX from 0:0000000000000000 [0000] to 5B11EFBFE5153893 --- Type 0000:31 (SecureChannel:CASE_Sigma2) (B:751)[0m
[0;34m[1784654114.312] [3535:3537] [EM] Found matching exchange: 10544i, Delegate: 0x74776400b8e8[0m
[0;34m[1784654114.312] [3535:3537] [EM] Rxd Ack; Removing MessageCounter:195924469 from Retrans Table on exchange 10544i[0m
[0;32m[1784654114.312] [3535:3537] [SC] Received Sigma2 msg[0m
[0;34m[1784654114.312] [3535:3537] [SC] Found MRP parameters in the message[0m
[0;34m[1784654114.313] [3535:3537] [SC] Peer <0000000000000001, 1> assigned session ID 42326[0m
[0;34m[1784654114.313] [3535:3537] [SC] Sending Sigma3[0m
[0;32m[1784654114.313] [3535:3537] [EM] <<< [E:10544i S:0 M:195924470 (Ack:184295400)] (U) Msg TX from 5B11EFBFE5153893 to 0:0000000000000000 [0000] [UDP:[fe80::bfe:a203:38f0:bce7%enp0s3]:5540] --- Type 0000:32 (SecureChannel:CASE_Sigma3) (B:598)[0m
[0;32m[1784654114.313] [3535:3537] [EM] ??1 [E:10544i S:0 M:195924470] (U) Msg Retransmission to 0:0000000000000000 scheduled for 398ms from now [State:Active II:500 AI:300 AT:4000][0m
[0;32m[1784654114.313] [3535:3537] [SC] Sent Sigma3 msg[0m
[0;32m[1784654114.326] [3535:3537] [EM] >>> [E:10544i S:0 M:184295401 (Ack:195924470)] (U) Msg RX from 0:0000000000000000 [0000] to 5B11EFBFE5153893 --- Type 0000:40 (SecureChannel:StatusReport) (B:34)[0m
[0;34m[1784654114.326] [3535:3537] [EM] Found matching exchange: 10544i, Delegate: 0x74776400b8e8[0m
[0;34m[1784654114.326] [3535:3537] [EM] Rxd Ack; Removing MessageCounter:195924470 from Retrans Table on exchange 10544i[0m
[0;32m[1784654114.326] [3535:3537] [SC] Success status report received. Session was established[0m
[0;32m[1784654114.327] [3535:3537] [SC] SecureSession[0x747764009cd0, LSID:9745]: State change 'kEstablishing' --> 'kActive'[0m
[0;34m[1784654114.327] [3535:3537] [IN] SecureSession[0x747764009cd0]: Activated - Type:2 LSID:9745[0m
[0;34m[1784654114.327] [3535:3537] [IN] New secure session activated for device <0000000000000001, 1>, LSID:9745 PSID:42326![0m
[0;34m[1784654114.327] [3535:3537] [DIS] OperationalSessionSetup[1:0000000000000001]: State change 4 --> 5[0m
[0;32m[1784654114.327] [3535:3537] [TOO] Sending cluster (0x00000030) command (0x00000000) on endpoint 0[0m
[0;34m[1784654114.327] [3535:3537] [DMG] ICR moving to [AddingComm][0m
[0;34m[1784654114.327] [3535:3537] [DMG] ICR moving to [AddedComma][0m
[0;32m[1784654114.327] [3535:3537] [EM] <<< [E:10545i S:9745 M:174221618] (S) Msg TX from 000000000001B669 to 1:0000000000000001 [F0BA] [UDP:[fe80::bfe:a203:38f0:bce7%enp0s3]:5540] --- Type 0001:08 (IM:InvokeCommandRequest) (B:65)[0m
[0;32m[1784654114.327] [3535:3537] [EM] ??1 [E:10545i S:9745 M:174221618] (S) Msg Retransmission to 1:0000000000000001 scheduled for 347ms from now [State:Active II:500 AI:300 AT:4000][0m
[0;34m[1784654114.327] [3535:3537] [DMG] ICR moving to [AwaitingRe][0m
[0;32m[1784654114.327] [3535:3537] [EM] <<< [E:10544i S:0 M:195924471 (Ack:184295401)] (U) Msg TX from 5B11EFBFE5153893 to 0:0000000000000000 [0000] [UDP:[fe80::bfe:a203:38f0:bce7%enp0s3]:5540] --- Type 0000:10 (SecureChannel:StandaloneAck) (B:26)[0m
[0;34m[1784654114.327] [3535:3537] [EM] Flushed pending ack for MessageCounter:184295401 on exchange 10544i[0m
[0;32m[1784654114.328] [3535:3537] [EM] >>> [E:10545i S:9745 M:43239644 (Ack:174221618)] (S) Msg RX from 1:0000000000000001 [F0BA] to 000000000001B669 --- Type 0001:09 (IM:InvokeCommandResponse) (B:70)[0m
[0;34m[1784654114.328] [3535:3537] [EM] Found matching exchange: 10545i, Delegate: 0x74776400eef8[0m
[0;34m[1784654114.328] [3535:3537] [EM] Rxd Ack; Removing MessageCounter:174221618 from Retrans Table on exchange 10545i[0m
[0;34m[1784654114.328] [3535:3537] [DMG] ICR moving to [ResponseRe][0m
[0;34m[1784654114.328] [3535:3537] [DMG] InvokeResponseMessage =[0m
[0;34m[1784654114.328] [3535:3537] [DMG] {[0m
[0;34m[1784654114.328] [3535:3537] [DMG] 	suppressResponse = false, [0m
[0;34m[1784654114.328] [3535:3537] [DMG] 	InvokeResponseIBs =[0m
[0;34m[1784654114.328] [3535:3537] [DMG] 	[[0m
[0;34m[1784654114.328] [3535:3537] [DMG] 		InvokeResponseIB =[0m
[0;34m[1784654114.328] [3535:3537] [DMG] 		{[0m
[0;34m[1784654114.328] [3535:3537] [DMG] 			CommandDataIB =[0m
[0;34m[1784654114.328] [3535:3537] [DMG] 			{[0m
[0;34m[1784654114.328] [3535:3537] [DMG] 				CommandPathIB =[0m
[0;34m[1784654114.328] [3535:3537] [DMG] 				{[0m
[0;34m[1784654114.328] [3535:3537] [DMG] 					EndpointId = 0x0,[0m
[0;34m[1784654114.328] [3535:3537] [DMG] 					ClusterId = 0x30,[0m
[0;34m[1784654114.328] [3535:3537] [DMG] 					CommandId = 0x1,[0m
[0;34m[1784654114.328] [3535:3537] [DMG] 				},[0m
[0;34m[1784654114.328] [3535:3537] [DMG] 				[0m
[0;34m[1784654114.328] [3535:3537] [DMG] 				CommandFields = [0m
[0;34m[1784654114.328] [3535:3537] [DMG] 				{[0m
[0;34m[1784654114.328] [3535:3537] [DMG] 					0x0 = 0 (unsigned), [0m
[0;34m[1784654114.328] [3535:3537] [DMG] 					0x1 = "" (0 chars), [0m
[0;34m[1784654114.328] [3535:3537] [DMG] 				},[0m
[0;34m[1784654114.328] [3535:3537] [DMG] 			},[0m
[0;34m[1784654114.328] [3535:3537] [DMG] 			[0m
[0;34m[1784654114.328] [3535:3537] [DMG] 		},[0m
[0;34m[1784654114.328] [3535:3537] [DMG] 		[0m
[0;34m[1784654114.328] [3535:3537] [DMG] 	],[0m
[0;34m[1784654114.328] [3535:3537] [DMG] 	[0m
[0;34m[1784654114.328] [3535:3537] [DMG] 	InteractionModelRevision = 12[0m
[0;34m[1784654114.328] [3535:3537] [DMG] },[0m
[0;32m[1784654114.328] [3535:3537] [DMG] Received Command Response Data, Endpoint=0 Cluster=0x0000_0030 Command=0x0000_0001[0m
[0;32m[1784654114.328] [3535:3537] [TOO] Endpoint: 0 Cluster: 0x0000_0030 Command 0x0000_0001[0m
[0;32m[1784654114.328] [3535:3537] [TOO]   ArmFailSafeResponse: {[0m
[0;32m[1784654114.328] [3535:3537] [TOO]     errorCode: 0[0m
[0;32m[1784654114.328] [3535:3537] [TOO]     debugText: [0m
[0;32m[1784654114.328] [3535:3537] [TOO]    }[0m
[0;34m[1784654114.328] [3535:3537] [DMG] ICR moving to [AwaitingDe][0m
[0;32m[1784654114.328] [3535:3537] [EM] <<< [E:10545i S:9745 M:174221619 (Ack:43239644)] (S) Msg TX from 000000000001B669 to 1:0000000000000001 [F0BA] [UDP:[fe80::bfe:a203:38f0:bce7%enp0s3]:5540] --- Type 0000:10 (SecureChannel:StandaloneAck) (B:34)[0m
[0;34m[1784654114.328] [3535:3537] [EM] Flushed pending ack for MessageCounter:43239644 on exchange 10545i[0m
[0;34m[1784654114.328] [3535:3535] [CTL] Shutting down the commissioner[0m
[0;32m[1784654114.328] [3535:3535] [PAF] WiFiPAF: Closing all WiFiPAF sessions to shutdown[0m
[0;34m[1784654114.328] [3535:3535] [CTL] Shutting down the controller[0m
[0;34m[1784654114.328] [3535:3535] [IN] Expiring all sessions for fabric 0x1!![0m
[0;34m[1784654114.328] [3535:3535] [IN] SecureSession[0x747764009cd0]: MarkForEviction Type:2 LSID:9745[0m
[0;32m[1784654114.328] [3535:3535] [SC] SecureSession[0x747764009cd0, LSID:9745]: State change 'kActive' --> 'kPendingEviction'[0m
[0;34m[1784654114.328] [3535:3535] [IN] SecureSession[0x747764009cd0]: Released - Type:2 LSID:9745[0m
[0;32m[1784654114.328] [3535:3535] [FP] Forgetting fabric 0x1[0m
[0;32m[1784654114.328] [3535:3535] [TS] Pending Last Known Good Time: 2023-10-14T01:16:48[0m
[0;32m[1784654114.328] [3535:3535] [TS] Previous Last Known Good Time: 2023-10-14T01:16:48[0m
[0;32m[1784654114.328] [3535:3535] [TS] Reverted Last Known Good Time to previous value[0m
[0;34m[1784654114.328] [3535:3535] [CTL] Shutting down the commissioner[0m
[0;32m[1784654114.328] [3535:3535] [PAF] WiFiPAF: Closing all WiFiPAF sessions to shutdown[0m
[0;34m[1784654114.328] [3535:3535] [CTL] Shutting down the controller[0m
[0;34m[1784654114.328] [3535:3535] [CTL] Shutting down the System State, this will teardown the CHIP Stack[0m
[0;34m[1784654114.328] [3535:3535] [DMG] All ReadHandler-s are clean, clear GlobalDirtySet[0m
[0;32m[1784654114.328] [3535:3535] [FP] Shutting down FabricTable[0m
[0;32m[1784654114.328] [3535:3535] [TS] Pending Last Known Good Time: 2023-10-14T01:16:48[0m
[0;32m[1784654114.328] [3535:3535] [TS] Previous Last Known Good Time: 2023-10-14T01:16:48[0m
[0;32m[1784654114.328] [3535:3535] [TS] Reverted Last Known Good Time to previous value[0m
[0;34m[1784654114.330] [3535:3535] [DL] Wrote settings to /tmp/chip_counters.ini[0m
[0;32m[1784654114.330] [3535:3535] [DL] NVS set: chip-counters/total-operational-hours = 0 (0x0)[0m
[0;32m[1784654114.330] [3535:3535] [DL] Inet Layer shutdown[0m
[0;32m[1784654114.330] [3535:3535] [DL] BLE Layer shutdown[0m
[0;32m[1784654114.330] [3535:3535] [DL] WiFi-PAF Layer shutdown[0m
[0;32m[1784654114.330] [3535:3535] [PAF] WiFiPAF: Closing all WiFiPAF sessions to shutdown[0m
[0;32m[1784654114.330] [3535:3535] [DL] System Layer shutdown[0m
