[0;34m[1784654114.382] [3539:3539] [DL] ChipLinuxStorage::Init: Using KVS config file: /tmp/chip_tool_kvs[0m
[1;31m[1784654114.383] [3539:3539] [DL] ChipLinuxStorage::Init: Attempt to re-initialize with KVS config file: /tmp/chip_kvs, IGNORING.[0m
[0;34m[1784654114.385] [3539:3539] [DL] ChipLinuxStorage::Init: Using KVS config file: /tmp/chip_factory.ini[0m
[0;34m[1784654114.385] [3539:3539] [DL] ChipLinuxStorage::Init: Using KVS config file: /tmp/chip_config.ini[0m
[0;34m[1784654114.385] [3539:3539] [DL] ChipLinuxStorage::Init: Using KVS config file: /tmp/chip_counters.ini[0m
[0;34m[1784654114.388] [3539:3539] [DL] Wrote settings to /tmp/chip_counters.ini[0m
[0;32m[1784654114.388] [3539:3539] [DL] NVS set: chip-counters/reboot-count = 4 (0x4)[0m
[0;32m[1784654114.388] [3539:3539] [DL] Got Ethernet interface: enp0s3[0m
[0;32m[1784654114.388] [3539:3539] [DL] Found the primary Ethernet interface:enp0s3[0m
[1;31m[1784654114.388] [3539:3539] [DL] Failed to get WiFi interface[0m
[1;31m[1784654114.388] [3539:3539] [DL] Failed to reset WiFi statistic counts[0m
[0;32m[1784654114.388] [3539:3539] [PAF] WiFiPAF: WiFiPAFLayer::Init()[0m
[0;34m[1784654114.388] [3539:3539] [IN] UDP::Init bind&listen port=0[0m
[0;34m[1784654114.388] [3539:3539] [IN] UDP::Init bound to port=54959[0m
[0;34m[1784654114.388] [3539:3539] [IN] UDP::Init bind&listen port=0[0m
[0;34m[1784654114.388] [3539:3539] [IN] UDP::Init bound to port=57184[0m
[0;34m[1784654114.388] [3539:3539] [IN] BLEBase::Init - setting/overriding transport[0m
[0;34m[1784654114.388] [3539:3539] [IN] WiFiPAFBase::Init - setting/overriding transport[0m
[0;34m[1784654114.388] [3539:3539] [IN] TransportMgr initialized[0m
[0;34m[1784654114.388] [3539:3539] [FP] Initializing FabricTable from persistent storage[0m
[0;32m[1784654114.388] [3539:3539] [TS] Last Known Good Time: 2023-10-14T01:16:48[0m
[0;32m[1784654114.388] [3539:3539] [FP] Fabric index 0x1 was retrieved from storage. Compressed FabricId 0xC5E22229B9CBF0BA, FabricId 0x0000000000000001, NodeId 0x000000000001B669, VendorId 0xFFF1[0m
[0;32m[1784654114.389] [3539:3539] [DMG] Ember attribute persistence requires setting up[0m
[0;32m[1784654114.389] [3539:3539] [ZCL] Using ZAP configuration...[0m
[0;34m[1784654114.390] [3539:3539] [CTL] System State Initialized...[0m
[0;32m[1784654114.390] [3539:3539] [CTL] Setting attestation nonce to random value[0m
[0;32m[1784654114.390] [3539:3539] [CTL] Setting CSR nonce to random value[0m
[0;34m[1784654114.390] [3539:3541] [DL] CHIP task running[0m
[0;32m[1784654114.390] [3539:3541] [CTL] Setting attestation nonce to random value[0m
[0;32m[1784654114.390] [3539:3541] [CTL] Setting CSR nonce to random value[0m
[0;32m[1784654114.390] [3539:3541] [CTL] Generating NOC[0m
[0;32m[1784654114.390] [3539:3541] [FP] Validating NOC chain[0m
[0;32m[1784654114.391] [3539:3541] [FP] NOC chain validation successful[0m
[0;32m[1784654114.391] [3539:3541] [FP] Updated fabric at index: 0x1, Node ID: 0x000000000001B669[0m
[0;32m[1784654114.391] [3539:3541] [TS] Last Known Good Time: 2023-10-14T01:16:48[0m
[0;32m[1784654114.391] [3539:3541] [TS] New proposed Last Known Good Time: 2021-01-01T00:00:00[0m
[0;32m[1784654114.391] [3539:3541] [TS] Retaining current Last Known Good Time[0m
[0;32m[1784654114.392] [3539:3541] [FP] Metadata for Fabric 0x1 persisted to storage.[0m
[0;32m[1784654114.393] [3539:3541] [TS] Committing Last Known Good Time to storage: 2023-10-14T01:16:48[0m
[0;32m[1784654114.393] [3539:3541] [CTL] Joined the fabric at index 1. Fabric ID is 0x0000000000000001 (Compressed Fabric ID: C5E22229B9CBF0BA)[0m
[0;32m[1784654114.398] [3539:3541] [TOO] Sending command to node 0x1[0m
[0;34m[1784654114.398] [3539:3541] [CSM] FindOrEstablishSession: PeerId = [1:0000000000000001][0m
[0;34m[1784654114.398] [3539:3541] [CSM] FindOrEstablishSession: No existing OperationalSessionSetup instance found[0m
[0;34m[1784654114.398] [3539:3541] [DIS] OperationalSessionSetup[1:0000000000000001]: State change 1 --> 2[0m
[0;32m[1784654114.399] [3539:3541] [DIS] Lookup started for C5E22229B9CBF0BA-0000000000000001[0m
[0;32m[1784654114.399] [3539:3541] [DIS] UDP:[fe80::bfe:a203:38f0:bce7%enp0s3]:5540: new best score: 7 (for C5E22229B9CBF0BA-0000000000000001)[0m
[0;34m[1784654114.399] [3539:3541] [DIS] Lookup clearing interface for non LL address[0m
[0;32m[1784654114.399] [3539:3541] [DIS] UDP:10.0.2.15%enp0s3:5540: new best score: 2 (for C5E22229B9CBF0BA-0000000000000001)[0m
[0;32m[1784654114.399] [3539:3541] [DIS] Checking node lookup status for C5E22229B9CBF0BA-0000000000000001 after 0 ms[0m
[0;32m[1784654114.399] [3539:3541] [DIS] Keeping DNSSD lookup active[0m
[0;32m[1784654114.399] [3539:3541] [DIS] UDP:[fe80::bfe:a203:38f0:bce7%enp0s3]:5540: score has not improved: 7 (for C5E22229B9CBF0BA-0000000000000001)[0m
[0;34m[1784654114.399] [3539:3541] [DIS] Lookup clearing interface for non LL address[0m
[0;32m[1784654114.399] [3539:3541] [DIS] UDP:10.0.2.15%enp0s3:5540: score has not improved: 2 (for C5E22229B9CBF0BA-0000000000000001)[0m
[0;32m[1784654114.399] [3539:3541] [DIS] Checking node lookup status for C5E22229B9CBF0BA-0000000000000001 after 0 ms[0m
[0;32m[1784654114.399] [3539:3541] [DIS] Keeping DNSSD lookup active[0m
[0;32m[1784654114.600] [3539:3541] [DIS] Checking node lookup status for C5E22229B9CBF0BA-0000000000000001 after 201 ms[0m
[0;34m[1784654114.600] [3539:3541] [DIS] OperationalSessionSetup[1:0000000000000001]: Updating device address to UDP:[fe80::bfe:a203:38f0:bce7%enp0s3]:5540 while in state 2[0m
[0;34m[1784654114.600] [3539:3541] [DIS] OperationalSessionSetup[1:0000000000000001]: State change 2 --> 3[0m
[0;34m[1784654114.600] [3539:3541] [IN] SecureSession[0x7f4bec009cd0]: Allocated Type:2 LSID:10670[0m
[0;32m[1784654114.600] [3539:3541] [SC] Initiating session on local FabricIndex 1 from 0x000000000001B669 -> 0x0000000000000001[0m
[0;32m[1784654114.600] [3539:3541] [EM] <<< [E:23520i S:0 M:120845008] (U) Msg TX from 724D14E7A3391812 to 0:0000000000000000 [0000] [UDP:[fe80::bfe:a203:38f0:bce7%enp0s3]:5540] --- Type 0000:30 (SecureChannel:CASE_Sigma1) (B:196)[0m
[0;32m[1784654114.601] [3539:3541] [EM] ??1 [E:23520i S:0 M:120845008] (U) Msg Retransmission to 0:0000000000000000 scheduled for 631ms from now [State:Idle II:500 AI:300 AT:4000][0m
[0;32m[1784654114.601] [3539:3541] [SC] Sent Sigma1 msg to <0000000000000001, 1> [II:500ms AI:300ms AT:4000ms][0m
[0;34m[1784654114.601] [3539:3541] [DIS] OperationalSessionSetup[1:0000000000000001]: State change 3 --> 4[0m
[0;32m[1784654114.604] [3539:3541] [EM] >>> [E:23520i S:0 M:184295402 (Ack:120845008)] (U) Msg RX from 0:0000000000000000 [0000] to 724D14E7A3391812 --- Type 0000:31 (SecureChannel:CASE_Sigma2) (B:751)[0m
[0;34m[1784654114.604] [3539:3541] [EM] Found matching exchange: 23520i, Delegate: 0x7f4bec00b8e8[0m
[0;34m[1784654114.604] [3539:3541] [EM] Rxd Ack; Removing MessageCounter:120845008 from Retrans Table on exchange 23520i[0m
[0;32m[1784654114.604] [3539:3541] [SC] Received Sigma2 msg[0m
[0;34m[1784654114.604] [3539:3541] [SC] Found MRP parameters in the message[0m
[0;34m[1784654114.604] [3539:3541] [SC] Peer <0000000000000001, 1> assigned session ID 42327[0m
[0;34m[1784654114.604] [3539:3541] [SC] Sending Sigma3[0m
[0;32m[1784654114.605] [3539:3541] [EM] <<< [E:23520i S:0 M:120845009 (Ack:184295402)] (U) Msg TX from 724D14E7A3391812 to 0:0000000000000000 [0000] [UDP:[fe80::bfe:a203:38f0:bce7%enp0s3]:5540] --- Type 0000:32 (SecureChannel:CASE_Sigma3) (B:598)[0m
[0;32m[1784654114.605] [3539:3541] [EM] ??1 [E:23520i S:0 M:120845009] (U) Msg Retransmission to 0:0000000000000000 scheduled for 368ms from now [State:Active II:500 AI:300 AT:4000][0m
[0;32m[1784654114.605] [3539:3541] [SC] Sent Sigma3 msg[0m
[0;32m[1784654114.618] [3539:3541] [EM] >>> [E:23520i S:0 M:184295403 (Ack:120845009)] (U) Msg RX from 0:0000000000000000 [0000] to 724D14E7A3391812 --- Type 0000:40 (SecureChannel:StatusReport) (B:34)[0m
[0;34m[1784654114.618] [3539:3541] [EM] Found matching exchange: 23520i, Delegate: 0x7f4bec00b8e8[0m
[0;34m[1784654114.618] [3539:3541] [EM] Rxd Ack; Removing MessageCounter:120845009 from Retrans Table on exchange 23520i[0m
[0;32m[1784654114.618] [3539:3541] [SC] Success status report received. Session was established[0m
[0;32m[1784654114.619] [3539:3541] [SC] SecureSession[0x7f4bec009cd0, LSID:10670]: State change 'kEstablishing' --> 'kActive'[0m
[0;34m[1784654114.619] [3539:3541] [IN] SecureSession[0x7f4bec009cd0]: Activated - Type:2 LSID:10670[0m
[0;34m[1784654114.619] [3539:3541] [IN] New secure session activated for device <0000000000000001, 1>, LSID:10670 PSID:42327![0m
[0;34m[1784654114.619] [3539:3541] [DIS] OperationalSessionSetup[1:0000000000000001]: State change 4 --> 5[0m
[0;32m[1784654114.619] [3539:3541] [TOO] Sending cluster (0x0000003E) command (0x00000004) on endpoint 0[0m
[0;34m[1784654114.619] [3539:3541] [DMG] ICR moving to [AddingComm][0m
[0;34m[1784654114.619] [3539:3541] [DMG] ICR moving to [AddedComma][0m
[0;32m[1784654114.619] [3539:3541] [EM] <<< [E:23521i S:10670 M:57127976] (S) Msg TX from 000000000001B669 to 1:0000000000000001 [F0BA] [UDP:[fe80::bfe:a203:38f0:bce7%enp0s3]:5540] --- Type 0001:08 (IM:InvokeCommandRequest) (B:96)[0m
[0;32m[1784654114.619] [3539:3541] [EM] ??1 [E:23521i S:10670 M:57127976] (S) Msg Retransmission to 1:0000000000000001 scheduled for 398ms from now [State:Active II:500 AI:300 AT:4000][0m
[0;34m[1784654114.619] [3539:3541] [DMG] ICR moving to [AwaitingRe][0m
[0;32m[1784654114.619] [3539:3541] [EM] <<< [E:23520i S:0 M:120845010 (Ack:184295403)] (U) Msg TX from 724D14E7A3391812 to 0:0000000000000000 [0000] [UDP:[fe80::bfe:a203:38f0:bce7%enp0s3]:5540] --- Type 0000:10 (SecureChannel:StandaloneAck) (B:26)[0m
[0;34m[1784654114.619] [3539:3541] [EM] Flushed pending ack for MessageCounter:184295403 on exchange 23520i[0m
[0;32m[1784654114.620] [3539:3541] [EM] >>> [E:23521i S:10670 M:157322761 (Ack:57127976)] (S) Msg RX from 1:0000000000000001 [F0BA] to 000000000001B669 --- Type 0001:09 (IM:InvokeCommandResponse) (B:378)[0m
[0;34m[1784654114.620] [3539:3541] [EM] Found matching exchange: 23521i, Delegate: 0x7f4bec00eef8[0m
[0;34m[1784654114.620] [3539:3541] [EM] Rxd Ack; Removing MessageCounter:57127976 from Retrans Table on exchange 23521i[0m
[0;34m[1784654114.620] [3539:3541] [DMG] ICR moving to [ResponseRe][0m
[0;34m[1784654114.620] [3539:3541] [DMG] InvokeResponseMessage =[0m
[0;34m[1784654114.620] [3539:3541] [DMG] {[0m
[0;34m[1784654114.620] [3539:3541] [DMG] 	suppressResponse = false, [0m
[0;34m[1784654114.620] [3539:3541] [DMG] 	InvokeResponseIBs =[0m
[0;34m[1784654114.620] [3539:3541] [DMG] 	[[0m
[0;34m[1784654114.620] [3539:3541] [DMG] 		InvokeResponseIB =[0m
[0;34m[1784654114.620] [3539:3541] [DMG] 		{[0m
[0;34m[1784654114.620] [3539:3541] [DMG] 			CommandDataIB =[0m
[0;34m[1784654114.620] [3539:3541] [DMG] 			{[0m
[0;34m[1784654114.620] [3539:3541] [DMG] 				CommandPathIB =[0m
[0;34m[1784654114.620] [3539:3541] [DMG] 				{[0m
[0;34m[1784654114.620] [3539:3541] [DMG] 					EndpointId = 0x0,[0m
[0;34m[1784654114.620] [3539:3541] [DMG] 					ClusterId = 0x3e,[0m
[0;34m[1784654114.620] [3539:3541] [DMG] 					CommandId = 0x5,[0m
[0;34m[1784654114.620] [3539:3541] [DMG] 				},[0m
[0;34m[1784654114.620] [3539:3541] [DMG] 				[0m
[0;34m[1784654114.620] [3539:3541] [DMG] 				CommandFields = [0m
[0;34m[1784654114.620] [3539:3541] [DMG] 				{[0m
[0;34m[1784654114.620] [3539:3541] [DMG] 					0x0 = [[0m
[0;34m[1784654114.620] [3539:3541] [DMG] 							0x15, 0x30, 0x01, 0xcc, 0x30, 0x81, 0xc9, 0x30, 0x70, 0x02, 0x01, 0x00, 0x30, 0x0e, 0x31, 0x0c, 0x30, 0x0a, 0x06, 0x03, 0x55, 0x04, 0x0a, 0x0c, 0x03, 0x43, 0x53, 0x52, 0x30, 0x59, 0x30, 0x13, 0x06, 0x07, 0x2a, 0x86, 0x48, 0xce, 0x3d, 0x02, 0x01, 0x06, 0x08, 0x2a, 0x86, 0x48, 0xce, 0x3d, 0x03, 0x01, 0x07, 0x03, 0x42, 0x00, 0x04, 0x1c, 0xab, 0x0b, 0xdf, 0x86, 0x6a, 0x35, 0x6b, 0x7c, 0xec, 0x45, 0x45, 0x1f, 0x0a, 0xfc, 0x96, 0x69, 0xac, 0x68, 0xe9, 0xc8, 0x1a, 0x64, 0x5c, 0x81, 0x68, 0x44, 0x4b, 0x4d, 0x30, 0xab, 0xb2, 0xe8, 0x46, 0x4d, 0x19, 0x69, 0x0a, 0xe5, 0x27, 0x19, 0x41, 0xe7, 0x42, 0xda, 0x14, 0xf1, 0xd2, 0xf7, 0x37, 0x81, 0xa6, 0x6a, 0x11, 0x08, 0x35, 0xa4, 0x58, 0x2d, 0x67, 0x9f, 0xdf, 0xdb, 0xf0, 0xa0, 0x00, 0x30, 0x0a, 0x06, 0x08, 0x2a, 0x86, 0x48, 0xce, 0x3d, 0x04, 0x03, 0x02, 0x03, 0x49, 0x00, 0x30, 0x46, 0x02, 0x21, 0x00, 0x80, 0xd8, 0x07, 0x70, 0xd5, 0x49, 0x4c, 0xe8, 0xad, 0x37, 0xdd, 0x96, 0x21, 0x71, 0xa2, 0xea, 0x30, 0xd5, 0x2e, 0xdb, 0x7b, 0x85, 0xbc, 0xbc, 0x54, 0xe9, 0xbd, 0xed, 0xe4, 0x95, 0x76, 0x19, 0x02, 0x21, 0x00, 0xbf, 0x99, 0xc8, 0x66, 0x44, 0x13, 0x16, 0xb7, 0x40, 0x7a, 0x03, 0x30, 0x00, 0x15, 0xfd, 0x83, 0x07, 0x05, 0xfa, 0x81, 0xf6, 0x9e, 0xae, 0x05, 0x8c, 0x07, 0x42, 0x44, 0xbf, 0x07, 0x5e, 0x0e, 0x30, 0x02, 0x20, 0x24, 0x82, 0x91, 0xff, 0xf8, 0x2c, 0x49, 0x90, 0x96, 0xcf, 0x30, 0x18, 0xd8, 0x1b, 0x07, 0x48, 0xe7, 0x10, 0x19, 0xd8, 0xb5, 0x6d, 0x99, 0x9b, 0x93, 0x64, 0xcf, 0x41, 0x24, 0x80, 0xd1, 0xf1, 0x18, [0m
[0;34m[1784654114.620] [3539:3541] [DMG] 					] (244 bytes)[0m
[0;34m[1784654114.620] [3539:3541] [DMG] 					0x1 = [[0m
[0;34m[1784654114.620] [3539:3541] [DMG] 							0x19, 0x54, 0xeb, 0xe2, 0x66, 0xca, 0xf7, 0xc2, 0x00, 0x63, 0x18, 0x16, 0x47, 0x54, 0xc8, 0xfd, 0x4e, 0x0b, 0x06, 0xab, 0x68, 0xca, 0xfa, 0x46, 0xa3, 0x5f, 0xc6, 0x1b, 0x6c, 0x3c, 0xc7, 0x7c, 0xa8, 0x9a, 0x9e, 0x0e, 0xb7, 0x0e, 0x1d, 0x6d, 0xc2, 0x59, 0x53, 0xcd, 0x18, 0x09, 0x7b, 0x89, 0xd0, 0xf1, 0xef, 0x7a, 0x01, 0x02, 0x32, 0x50, 0xde, 0x6b, 0x93, 0xf5, 0x50, 0x08, 0x92, 0x9e, [0m
[0;34m[1784654114.620] [3539:3541] [DMG] 					] (64 bytes)[0m
[0;34m[1784654114.620] [3539:3541] [DMG] 				},[0m
[0;34m[1784654114.620] [3539:3541] [DMG] 			},[0m
[0;34m[1784654114.620] [3539:3541] [DMG] 			[0m
[0;34m[1784654114.620] [3539:3541] [DMG] 		},[0m
[0;34m[1784654114.620] [3539:3541] [DMG] 		[0m
[0;34m[1784654114.620] [3539:3541] [DMG] 	],[0m
[0;34m[1784654114.620] [3539:3541] [DMG] 	[0m
[0;34m[1784654114.620] [3539:3541] [DMG] 	InteractionModelRevision = 12[0m
[0;34m[1784654114.620] [3539:3541] [DMG] },[0m
[0;32m[1784654114.620] [3539:3541] [DMG] Received Command Response Data, Endpoint=0 Cluster=0x0000_003E Command=0x0000_0005[0m
[0;32m[1784654114.620] [3539:3541] [TOO] Endpoint: 0 Cluster: 0x0000_003E Command 0x0000_0005[0m
[0;32m[1784654114.620] [3539:3541] [TOO]   CSRResponse: {[0m
[0;32m[1784654114.620] [3539:3541] [TOO]     NOCSRElements: 153001CC3081C93070020100300E310C300A060355040A0C034353523059301306072A8648CE3D020106082A8648CE3D030107034200041CAB0BDF866A356B7CEC45451F0AFC9669AC68E9C81A645C8168444B4D30ABB2E8464D19690AE5271941E742DA14F1D2F73781A66A110835A4582D679FDFDBF0A000300A06082A8648CE3D040302034900304602210080D80770D5494CE8AD37DD962171A2EA30D52EDB7B85BCBC54E9BDEDE4957619022100BF99C866441316B7407A03300015FD830705FA81F69EAE058C074244BF075E0E300220248291FFF82C499096CF3018D81B0748E71019D8B56D999B9364CF412480D1F118[0m
[0;32m[1784654114.620] [3539:3541] [TOO]     attestationSignature: 1954EBE266CAF7C2006318164754C8FD4E0B06AB68CAFA46A35FC61B6C3CC77CA89A9E0EB70E1D6DC25953CD18097B89D0F1EF7A01023250DE6B93F55008929E[0m
[0;32m[1784654114.620] [3539:3541] [TOO]    }[0m
[0;34m[1784654114.620] [3539:3541] [DMG] ICR moving to [AwaitingDe][0m
[0;32m[1784654114.620] [3539:3541] [EM] <<< [E:23521i S:10670 M:57127977 (Ack:157322761)] (S) Msg TX from 000000000001B669 to 1:0000000000000001 [F0BA] [UDP:[fe80::bfe:a203:38f0:bce7%enp0s3]:5540] --- Type 0000:10 (SecureChannel:StandaloneAck) (B:34)[0m
[0;34m[1784654114.620] [3539:3541] [EM] Flushed pending ack for MessageCounter:157322761 on exchange 23521i[0m
[0;34m[1784654114.620] [3539:3539] [CTL] Shutting down the commissioner[0m
[0;32m[1784654114.620] [3539:3539] [PAF] WiFiPAF: Closing all WiFiPAF sessions to shutdown[0m
[0;34m[1784654114.620] [3539:3539] [CTL] Shutting down the controller[0m
[0;34m[1784654114.620] [3539:3539] [IN] Expiring all sessions for fabric 0x1!![0m
[0;34m[1784654114.620] [3539:3539] [IN] SecureSession[0x7f4bec009cd0]: MarkForEviction Type:2 LSID:10670[0m
[0;32m[1784654114.620] [3539:3539] [SC] SecureSession[0x7f4bec009cd0, LSID:10670]: State change 'kActive' --> 'kPendingEviction'[0m
[0;34m[1784654114.620] [3539:3539] [IN] SecureSession[0x7f4bec009cd0]: Released - Type:2 LSID:10670[0m
[0;32m[1784654114.620] [3539:3539] [FP] Forgetting fabric 0x1[0m
[0;32m[1784654114.620] [3539:3539] [TS] Pending Last Known Good Time: 2023-10-14T01:16:48[0m
[0;32m[1784654114.620] [3539:3539] [TS] Previous Last Known Good Time: 2023-10-14T01:16:48[0m
[0;32m[1784654114.620] [3539:3539] [TS] Reverted Last Known Good Time to previous value[0m
[0;34m[1784654114.620] [3539:3539] [CTL] Shutting down the commissioner[0m
[0;32m[1784654114.620] [3539:3539] [PAF] WiFiPAF: Closing all WiFiPAF sessions to shutdown[0m
[0;34m[1784654114.620] [3539:3539] [CTL] Shutting down the controller[0m
[0;34m[1784654114.620] [3539:3539] [CTL] Shutting down the System State, this will teardown the CHIP Stack[0m
[0;34m[1784654114.620] [3539:3539] [DMG] All ReadHandler-s are clean, clear GlobalDirtySet[0m
[0;32m[1784654114.620] [3539:3539] [FP] Shutting down FabricTable[0m
[0;32m[1784654114.620] [3539:3539] [TS] Pending Last Known Good Time: 2023-10-14T01:16:48[0m
[0;32m[1784654114.620] [3539:3539] [TS] Previous Last Known Good Time: 2023-10-14T01:16:48[0m
[0;32m[1784654114.620] [3539:3539] [TS] Reverted Last Known Good Time to previous value[0m
[0;34m[1784654114.623] [3539:3539] [DL] Wrote settings to /tmp/chip_counters.ini[0m
[0;32m[1784654114.623] [3539:3539] [DL] NVS set: chip-counters/total-operational-hours = 0 (0x0)[0m
[0;32m[1784654114.623] [3539:3539] [DL] Inet Layer shutdown[0m
[0;32m[1784654114.623] [3539:3539] [DL] BLE Layer shutdown[0m
[0;32m[1784654114.623] [3539:3539] [DL] WiFi-PAF Layer shutdown[0m
[0;32m[1784654114.623] [3539:3539] [PAF] WiFiPAF: Closing all WiFiPAF sessions to shutdown[0m
[0;32m[1784654114.623] [3539:3539] [DL] System Layer shutdown[0m
