[0;34m[1784654115.029] [3552:3552] [DL] ChipLinuxStorage::Init: Using KVS config file: /tmp/chip_tool_kvs[0m
[1;31m[1784654115.031] [3552:3552] [DL] ChipLinuxStorage::Init: Attempt to re-initialize with KVS config file: /tmp/chip_kvs, IGNORING.[0m
[0;34m[1784654115.032] [3552:3552] [DL] ChipLinuxStorage::Init: Using KVS config file: /tmp/chip_factory.ini[0m
[0;34m[1784654115.032] [3552:3552] [DL] ChipLinuxStorage::Init: Using KVS config file: /tmp/chip_config.ini[0m
[0;34m[1784654115.032] [3552:3552] [DL] ChipLinuxStorage::Init: Using KVS config file: /tmp/chip_counters.ini[0m
[0;34m[1784654115.036] [3552:3552] [DL] Wrote settings to /tmp/chip_counters.ini[0m
[0;32m[1784654115.036] [3552:3552] [DL] NVS set: chip-counters/reboot-count = 6 (0x6)[0m
[0;32m[1784654115.036] [3552:3552] [DL] Got Ethernet interface: enp0s3[0m
[0;32m[1784654115.036] [3552:3552] [DL] Found the primary Ethernet interface:enp0s3[0m
[1;31m[1784654115.036] [3552:3552] [DL] Failed to get WiFi interface[0m
[1;31m[1784654115.036] [3552:3552] [DL] Failed to reset WiFi statistic counts[0m
[0;32m[1784654115.036] [3552:3552] [PAF] WiFiPAF: WiFiPAFLayer::Init()[0m
[0;34m[1784654115.036] [3552:3552] [IN] UDP::Init bind&listen port=0[0m
[0;34m[1784654115.036] [3552:3552] [IN] UDP::Init bound to port=58611[0m
[0;34m[1784654115.036] [3552:3552] [IN] UDP::Init bind&listen port=0[0m
[0;34m[1784654115.037] [3552:3552] [IN] UDP::Init bound to port=52725[0m
[0;34m[1784654115.037] [3552:3552] [IN] BLEBase::Init - setting/overriding transport[0m
[0;34m[1784654115.037] [3552:3552] [IN] WiFiPAFBase::Init - setting/overriding transport[0m
[0;34m[1784654115.037] [3552:3552] [IN] TransportMgr initialized[0m
[0;34m[1784654115.037] [3552:3552] [FP] Initializing FabricTable from persistent storage[0m
[0;32m[1784654115.037] [3552:3552] [TS] Last Known Good Time: 2023-10-14T01:16:48[0m
[0;32m[1784654115.037] [3552:3552] [FP] Fabric index 0x1 was retrieved from storage. Compressed FabricId 0xC5E22229B9CBF0BA, FabricId 0x0000000000000001, NodeId 0x000000000001B669, VendorId 0xFFF1[0m
[0;32m[1784654115.038] [3552:3552] [DMG] Ember attribute persistence requires setting up[0m
[0;32m[1784654115.038] [3552:3552] [ZCL] Using ZAP configuration...[0m
[0;34m[1784654115.038] [3552:3552] [CTL] System State Initialized...[0m
[0;32m[1784654115.038] [3552:3552] [CTL] Setting attestation nonce to random value[0m
[0;32m[1784654115.038] [3552:3552] [CTL] Setting CSR nonce to random value[0m
[0;34m[1784654115.038] [3552:3554] [DL] CHIP task running[0m
[0;32m[1784654115.038] [3552:3554] [CTL] Setting attestation nonce to random value[0m
[0;32m[1784654115.038] [3552:3554] [CTL] Setting CSR nonce to random value[0m
[0;32m[1784654115.039] [3552:3554] [CTL] Generating NOC[0m
[0;32m[1784654115.039] [3552:3554] [FP] Validating NOC chain[0m
[0;32m[1784654115.039] [3552:3554] [FP] NOC chain validation successful[0m
[0;32m[1784654115.039] [3552:3554] [FP] Updated fabric at index: 0x1, Node ID: 0x000000000001B669[0m
[0;32m[1784654115.039] [3552:3554] [TS] Last Known Good Time: 2023-10-14T01:16:48[0m
[0;32m[1784654115.039] [3552:3554] [TS] New proposed Last Known Good Time: 2021-01-01T00:00:00[0m
[0;32m[1784654115.039] [3552:3554] [TS] Retaining current Last Known Good Time[0m
[0;32m[1784654115.041] [3552:3554] [FP] Metadata for Fabric 0x1 persisted to storage.[0m
[0;32m[1784654115.041] [3552:3554] [TS] Committing Last Known Good Time to storage: 2023-10-14T01:16:48[0m
[0;32m[1784654115.042] [3552:3554] [CTL] Joined the fabric at index 1. Fabric ID is 0x0000000000000001 (Compressed Fabric ID: C5E22229B9CBF0BA)[0m
[0;32m[1784654115.046] [3552:3554] [TOO] Sending command to node 0x1[0m
[0;34m[1784654115.046] [3552:3554] [CSM] FindOrEstablishSession: PeerId = [1:0000000000000001][0m
[0;34m[1784654115.046] [3552:3554] [CSM] FindOrEstablishSession: No existing OperationalSessionSetup instance found[0m
[0;34m[1784654115.046] [3552:3554] [DIS] OperationalSessionSetup[1:0000000000000001]: State change 1 --> 2[0m
[0;32m[1784654115.047] [3552:3554] [DIS] Lookup started for C5E22229B9CBF0BA-0000000000000001[0m
[0;32m[1784654115.047] [3552:3554] [DIS] UDP:[fe80::bfe:a203:38f0:bce7%enp0s3]:5540: new best score: 7 (for C5E22229B9CBF0BA-0000000000000001)[0m
[0;34m[1784654115.047] [3552:3554] [DIS] Lookup clearing interface for non LL address[0m
[0;32m[1784654115.047] [3552:3554] [DIS] UDP:10.0.2.15%enp0s3:5540: new best score: 2 (for C5E22229B9CBF0BA-0000000000000001)[0m
[0;32m[1784654115.047] [3552:3554] [DIS] Checking node lookup status for C5E22229B9CBF0BA-0000000000000001 after 0 ms[0m
[0;32m[1784654115.047] [3552:3554] [DIS] Keeping DNSSD lookup active[0m
[0;32m[1784654115.047] [3552:3554] [DIS] UDP:[fe80::bfe:a203:38f0:bce7%enp0s3]:5540: score has not improved: 7 (for C5E22229B9CBF0BA-0000000000000001)[0m
[0;34m[1784654115.047] [3552:3554] [DIS] Lookup clearing interface for non LL address[0m
[0;32m[1784654115.047] [3552:3554] [DIS] UDP:10.0.2.15%enp0s3:5540: score has not improved: 2 (for C5E22229B9CBF0BA-0000000000000001)[0m
[0;32m[1784654115.047] [3552:3554] [DIS] Checking node lookup status for C5E22229B9CBF0BA-0000000000000001 after 0 ms[0m
[0;32m[1784654115.047] [3552:3554] [DIS] Keeping DNSSD lookup active[0m
[0;32m[1784654115.247] [3552:3554] [DIS] Checking node lookup status for C5E22229B9CBF0BA-0000000000000001 after 201 ms[0m
[0;34m[1784654115.247] [3552:3554] [DIS] OperationalSessionSetup[1:0000000000000001]: Updating device address to UDP:[fe80::bfe:a203:38f0:bce7%enp0s3]:5540 while in state 2[0m
[0;34m[1784654115.247] [3552:3554] [DIS] OperationalSessionSetup[1:0000000000000001]: State change 2 --> 3[0m
[0;34m[1784654115.247] [3552:3554] [IN] SecureSession[0x71d808009cd0]: Allocated Type:2 LSID:46328[0m
[0;32m[1784654115.247] [3552:3554] [SC] Initiating session on local FabricIndex 1 from 0x000000000001B669 -> 0x0000000000000001[0m
[0;32m[1784654115.248] [3552:3554] [EM] <<< [E:31565i S:0 M:111856196] (U) Msg TX from AFA5528ADBCD4F92 to 0:0000000000000000 [0000] [UDP:[fe80::bfe:a203:38f0:bce7%enp0s3]:5540] --- Type 0000:30 (SecureChannel:CASE_Sigma1) (B:196)[0m
[0;32m[1784654115.248] [3552:3554] [EM] ??1 [E:31565i S:0 M:111856196] (U) Msg Retransmission to 0:0000000000000000 scheduled for 586ms from now [State:Idle II:500 AI:300 AT:4000][0m
[0;32m[1784654115.248] [3552:3554] [SC] Sent Sigma1 msg to <0000000000000001, 1> [II:500ms AI:300ms AT:4000ms][0m
[0;34m[1784654115.248] [3552:3554] [DIS] OperationalSessionSetup[1:0000000000000001]: State change 3 --> 4[0m
[0;32m[1784654115.248] [3552:3554] [EM] >>> [E:31565i S:0 M:184295406 (Ack:111856196)] (U) Msg RX from 0:0000000000000000 [0000] to AFA5528ADBCD4F92 --- Type 0000:31 (SecureChannel:CASE_Sigma2) (B:751)[0m
[0;34m[1784654115.248] [3552:3554] [EM] Found matching exchange: 31565i, Delegate: 0x71d80800b8e8[0m
[0;34m[1784654115.248] [3552:3554] [EM] Rxd Ack; Removing MessageCounter:111856196 from Retrans Table on exchange 31565i[0m
[0;32m[1784654115.248] [3552:3554] [SC] Received Sigma2 msg[0m
[0;34m[1784654115.248] [3552:3554] [SC] Found MRP parameters in the message[0m
[0;34m[1784654115.249] [3552:3554] [SC] Peer <0000000000000001, 1> assigned session ID 42329[0m
[0;34m[1784654115.249] [3552:3554] [SC] Sending Sigma3[0m
[0;32m[1784654115.249] [3552:3554] [EM] <<< [E:31565i S:0 M:111856197 (Ack:184295406)] (U) Msg TX from AFA5528ADBCD4F92 to 0:0000000000000000 [0000] [UDP:[fe80::bfe:a203:38f0:bce7%enp0s3]:5540] --- Type 0000:32 (SecureChannel:CASE_Sigma3) (B:598)[0m
[0;32m[1784654115.249] [3552:3554] [EM] ??1 [E:31565i S:0 M:111856197] (U) Msg Retransmission to 0:0000000000000000 scheduled for 359ms from now [State:Active II:500 AI:300 AT:4000][0m
[0;32m[1784654115.249] [3552:3554] [SC] Sent Sigma3 msg[0m
[0;32m[1784654115.258] [3552:3554] [EM] >>> [E:31565i S:0 M:184295407 (Ack:111856197)] (U) Msg RX from 0:0000000000000000 [0000] to AFA5528ADBCD4F92 --- Type 0000:40 (SecureChannel:StatusReport) (B:34)[0m
[0;34m[1784654115.258] [3552:3554] [EM] Found matching exchange: 31565i, Delegate: 0x71d80800b8e8[0m
[0;34m[1784654115.258] [3552:3554] [EM] Rxd Ack; Removing MessageCounter:111856197 from Retrans Table on exchange 31565i[0m
[0;32m[1784654115.258] [3552:3554] [SC] Success status report received. Session was established[0m
[0;32m[1784654115.259] [3552:3554] [SC] SecureSession[0x71d808009cd0, LSID:46328]: State change 'kEstablishing' --> 'kActive'[0m
[0;34m[1784654115.259] [3552:3554] [IN] SecureSession[0x71d808009cd0]: Activated - Type:2 LSID:46328[0m
[0;34m[1784654115.259] [3552:3554] [IN] New secure session activated for device <0000000000000001, 1>, LSID:46328 PSID:42329![0m
[0;34m[1784654115.259] [3552:3554] [DIS] OperationalSessionSetup[1:0000000000000001]: State change 4 --> 5[0m
[0;32m[1784654115.259] [3552:3554] [TOO] Sending cluster (0x0000003E) command (0x00000007) on endpoint 0[0m
[0;34m[1784654115.260] [3552:3554] [DMG] ICR moving to [AddingComm][0m
[0;34m[1784654115.260] [3552:3554] [DMG] ICR moving to [AddedComma][0m
[0;32m[1784654115.260] [3552:3554] [EM] <<< [E:31566i S:46328 M:57776604] (S) Msg TX from 000000000001B669 to 1:0000000000000001 [F0BA] [UDP:[fe80::bfe:a203:38f0:bce7%enp0s3]:5540] --- Type 0001:08 (IM:InvokeCommandRequest) (B:330)[0m
[0;32m[1784654115.260] [3552:3554] [EM] ??1 [E:31566i S:46328 M:57776604] (S) Msg Retransmission to 1:0000000000000001 scheduled for 397ms from now [State:Active II:500 AI:300 AT:4000][0m
[0;34m[1784654115.260] [3552:3554] [DMG] ICR moving to [AwaitingRe][0m
[0;32m[1784654115.260] [3552:3554] [EM] <<< [E:31565i S:0 M:111856198 (Ack:184295407)] (U) Msg TX from AFA5528ADBCD4F92 to 0:0000000000000000 [0000] [UDP:[fe80::bfe:a203:38f0:bce7%enp0s3]:5540] --- Type 0000:10 (SecureChannel:StandaloneAck) (B:26)[0m
[0;34m[1784654115.260] [3552:3554] [EM] Flushed pending ack for MessageCounter:184295407 on exchange 31565i[0m
[0;32m[1784654115.269] [3552:3554] [EM] >>> [E:31566i S:46328 M:238672016 (Ack:57776604)] (S) Msg RX from 1:0000000000000001 [F0BA] to 000000000001B669 --- Type 0001:09 (IM:InvokeCommandResponse) (B:70)[0m
[0;34m[1784654115.269] [3552:3554] [EM] Found matching exchange: 31566i, Delegate: 0x71d80800eef8[0m
[0;34m[1784654115.269] [3552:3554] [EM] Rxd Ack; Removing MessageCounter:57776604 from Retrans Table on exchange 31566i[0m
[0;34m[1784654115.269] [3552:3554] [DMG] ICR moving to [ResponseRe][0m
[0;34m[1784654115.269] [3552:3554] [DMG] InvokeResponseMessage =[0m
[0;34m[1784654115.269] [3552:3554] [DMG] {[0m
[0;34m[1784654115.269] [3552:3554] [DMG] 	suppressResponse = false, [0m
[0;34m[1784654115.269] [3552:3554] [DMG] 	InvokeResponseIBs =[0m
[0;34m[1784654115.269] [3552:3554] [DMG] 	[[0m
[0;34m[1784654115.269] [3552:3554] [DMG] 		InvokeResponseIB =[0m
[0;34m[1784654115.269] [3552:3554] [DMG] 		{[0m
[0;34m[1784654115.269] [3552:3554] [DMG] 			CommandDataIB =[0m
[0;34m[1784654115.269] [3552:3554] [DMG] 			{[0m
[0;34m[1784654115.269] [3552:3554] [DMG] 				CommandPathIB =[0m
[0;34m[1784654115.269] [3552:3554] [DMG] 				{[0m
[0;34m[1784654115.269] [3552:3554] [DMG] 					EndpointId = 0x0,[0m
[0;34m[1784654115.269] [3552:3554] [DMG] 					ClusterId = 0x3e,[0m
[0;34m[1784654115.269] [3552:3554] [DMG] 					CommandId = 0x8,[0m
[0;34m[1784654115.269] [3552:3554] [DMG] 				},[0m
[0;34m[1784654115.269] [3552:3554] [DMG] 				[0m
[0;34m[1784654115.269] [3552:3554] [DMG] 				CommandFields = [0m
[0;34m[1784654115.269] [3552:3554] [DMG] 				{[0m
[0;34m[1784654115.269] [3552:3554] [DMG] 					0x0 = 0 (unsigned), [0m
[0;34m[1784654115.269] [3552:3554] [DMG] 					0x1 = 1 (unsigned), [0m
[0;34m[1784654115.269] [3552:3554] [DMG] 				},[0m
[0;34m[1784654115.269] [3552:3554] [DMG] 			},[0m
[0;34m[1784654115.269] [3552:3554] [DMG] 			[0m
[0;34m[1784654115.269] [3552:3554] [DMG] 		},[0m
[0;34m[1784654115.269] [3552:3554] [DMG] 		[0m
[0;34m[1784654115.269] [3552:3554] [DMG] 	],[0m
[0;34m[1784654115.269] [3552:3554] [DMG] 	[0m
[0;34m[1784654115.269] [3552:3554] [DMG] 	InteractionModelRevision = 12[0m
[0;34m[1784654115.269] [3552:3554] [DMG] },[0m
[0;32m[1784654115.270] [3552:3554] [DMG] Received Command Response Data, Endpoint=0 Cluster=0x0000_003E Command=0x0000_0008[0m
[0;32m[1784654115.270] [3552:3554] [TOO] Endpoint: 0 Cluster: 0x0000_003E Command 0x0000_0008[0m
[0;32m[1784654115.270] [3552:3554] [TOO]   NOCResponse: {[0m
[0;32m[1784654115.270] [3552:3554] [TOO]     statusCode: 0[0m
[0;32m[1784654115.270] [3552:3554] [TOO]     fabricIndex: 1[0m
[0;32m[1784654115.270] [3552:3554] [TOO]    }[0m
[0;34m[1784654115.270] [3552:3554] [DMG] ICR moving to [AwaitingDe][0m
[0;32m[1784654115.270] [3552:3554] [EM] <<< [E:31566i S:46328 M:57776605 (Ack:238672016)] (S) Msg TX from 000000000001B669 to 1:0000000000000001 [F0BA] [UDP:[fe80::bfe:a203:38f0:bce7%enp0s3]:5540] --- Type 0000:10 (SecureChannel:StandaloneAck) (B:34)[0m
[0;34m[1784654115.270] [3552:3554] [EM] Flushed pending ack for MessageCounter:238672016 on exchange 31566i[0m
[0;34m[1784654115.270] [3552:3552] [CTL] Shutting down the commissioner[0m
[0;32m[1784654115.270] [3552:3552] [PAF] WiFiPAF: Closing all WiFiPAF sessions to shutdown[0m
[0;34m[1784654115.270] [3552:3552] [CTL] Shutting down the controller[0m
[0;34m[1784654115.270] [3552:3552] [IN] Expiring all sessions for fabric 0x1!![0m
[0;34m[1784654115.270] [3552:3552] [IN] SecureSession[0x71d808009cd0]: MarkForEviction Type:2 LSID:46328[0m
[0;32m[1784654115.270] [3552:3552] [SC] SecureSession[0x71d808009cd0, LSID:46328]: State change 'kActive' --> 'kPendingEviction'[0m
[0;34m[1784654115.270] [3552:3552] [IN] SecureSession[0x71d808009cd0]: Released - Type:2 LSID:46328[0m
[0;32m[1784654115.270] [3552:3552] [FP] Forgetting fabric 0x1[0m
[0;32m[1784654115.270] [3552:3552] [TS] Pending Last Known Good Time: 2023-10-14T01:16:48[0m
[0;32m[1784654115.270] [3552:3552] [TS] Previous Last Known Good Time: 2023-10-14T01:16:48[0m
[0;32m[1784654115.270] [3552:3552] [TS] Reverted Last Known Good Time to previous value[0m
[0;34m[1784654115.270] [3552:3552] [CTL] Shutting down the commissioner[0m
[0;32m[1784654115.270] [3552:3552] [PAF] WiFiPAF: Closing all WiFiPAF sessions to shutdown[0m
[0;34m[1784654115.270] [3552:3552] [CTL] Shutting down the controller[0m
[0;34m[1784654115.270] [3552:3552] [CTL] Shutting down the System State, this will teardown the CHIP Stack[0m
[0;34m[1784654115.270] [3552:3552] [DMG] All ReadHandler-s are clean, clear GlobalDirtySet[0m
[0;32m[1784654115.270] [3552:3552] [FP] Shutting down FabricTable[0m
[0;32m[1784654115.270] [3552:3552] [TS] Pending Last Known Good Time: 2023-10-14T01:16:48[0m
[0;32m[1784654115.270] [3552:3552] [TS] Previous Last Known Good Time: 2023-10-14T01:16:48[0m
[0;32m[1784654115.270] [3552:3552] [TS] Reverted Last Known Good Time to previous value[0m
[0;34m[1784654115.272] [3552:3552] [DL] Wrote settings to /tmp/chip_counters.ini[0m
[0;32m[1784654115.272] [3552:3552] [DL] NVS set: chip-counters/total-operational-hours = 0 (0x0)[0m
[0;32m[1784654115.272] [3552:3552] [DL] Inet Layer shutdown[0m
[0;32m[1784654115.272] [3552:3552] [DL] BLE Layer shutdown[0m
[0;32m[1784654115.272] [3552:3552] [DL] WiFi-PAF Layer shutdown[0m
[0;32m[1784654115.272] [3552:3552] [PAF] WiFiPAF: Closing all WiFiPAF sessions to shutdown[0m
[0;32m[1784654115.272] [3552:3552] [DL] System Layer shutdown[0m
