[0;34m[1784654356.019] [4304:4304] [DL] ChipLinuxStorage::Init: Using KVS config file: /tmp/chip_tool_kvs[0m
[1;31m[1784654356.020] [4304:4304] [DL] ChipLinuxStorage::Init: Attempt to re-initialize with KVS config file: /tmp/chip_kvs, IGNORING.[0m
[0;34m[1784654356.021] [4304:4304] [DL] ChipLinuxStorage::Init: Using KVS config file: /tmp/chip_factory.ini[0m
[0;34m[1784654356.021] [4304:4304] [DL] ChipLinuxStorage::Init: Using KVS config file: /tmp/chip_config.ini[0m
[0;34m[1784654356.021] [4304:4304] [DL] ChipLinuxStorage::Init: Using KVS config file: /tmp/chip_counters.ini[0m
[0;34m[1784654356.024] [4304:4304] [DL] Wrote settings to /tmp/chip_counters.ini[0m
[0;32m[1784654356.024] [4304:4304] [DL] NVS set: chip-counters/reboot-count = 3 (0x3)[0m
[0;32m[1784654356.024] [4304:4304] [DL] Got Ethernet interface: enp0s3[0m
[0;32m[1784654356.024] [4304:4304] [DL] Found the primary Ethernet interface:enp0s3[0m
[1;31m[1784654356.025] [4304:4304] [DL] Failed to get WiFi interface[0m
[1;31m[1784654356.025] [4304:4304] [DL] Failed to reset WiFi statistic counts[0m
[0;32m[1784654356.025] [4304:4304] [PAF] WiFiPAF: WiFiPAFLayer::Init()[0m
[0;34m[1784654356.025] [4304:4304] [IN] UDP::Init bind&listen port=0[0m
[0;34m[1784654356.025] [4304:4304] [IN] UDP::Init bound to port=56671[0m
[0;34m[1784654356.025] [4304:4304] [IN] UDP::Init bind&listen port=0[0m
[0;34m[1784654356.025] [4304:4304] [IN] UDP::Init bound to port=40961[0m
[0;34m[1784654356.025] [4304:4304] [IN] BLEBase::Init - setting/overriding transport[0m
[0;34m[1784654356.025] [4304:4304] [IN] WiFiPAFBase::Init - setting/overriding transport[0m
[0;34m[1784654356.025] [4304:4304] [IN] TransportMgr initialized[0m
[0;34m[1784654356.025] [4304:4304] [FP] Initializing FabricTable from persistent storage[0m
[0;32m[1784654356.025] [4304:4304] [TS] Last Known Good Time: 2023-10-14T01:16:48[0m
[0;32m[1784654356.025] [4304:4304] [FP] Fabric index 0x1 was retrieved from storage. Compressed FabricId 0x71EC9A9421CC05BB, FabricId 0x0000000000000001, NodeId 0x000000000001B669, VendorId 0xFFF1[0m
[0;32m[1784654356.026] [4304:4304] [DMG] Ember attribute persistence requires setting up[0m
[0;32m[1784654356.026] [4304:4304] [ZCL] Using ZAP configuration...[0m
[0;34m[1784654356.026] [4304:4304] [CTL] System State Initialized...[0m
[0;32m[1784654356.026] [4304:4304] [CTL] Setting attestation nonce to random value[0m
[0;32m[1784654356.026] [4304:4304] [CTL] Setting CSR nonce to random value[0m
[0;34m[1784654356.026] [4304:4306] [DL] CHIP task running[0m
[0;32m[1784654356.026] [4304:4306] [CTL] Setting attestation nonce to random value[0m
[0;32m[1784654356.026] [4304:4306] [CTL] Setting CSR nonce to random value[0m
[0;32m[1784654356.027] [4304:4306] [CTL] Generating NOC[0m
[0;32m[1784654356.027] [4304:4306] [FP] Validating NOC chain[0m
[0;32m[1784654356.027] [4304:4306] [FP] NOC chain validation successful[0m
[0;32m[1784654356.027] [4304:4306] [FP] Updated fabric at index: 0x1, Node ID: 0x000000000001B669[0m
[0;32m[1784654356.027] [4304:4306] [TS] Last Known Good Time: 2023-10-14T01:16:48[0m
[0;32m[1784654356.027] [4304:4306] [TS] New proposed Last Known Good Time: 2021-01-01T00:00:00[0m
[0;32m[1784654356.027] [4304:4306] [TS] Retaining current Last Known Good Time[0m
[0;32m[1784654356.030] [4304:4306] [FP] Metadata for Fabric 0x1 persisted to storage.[0m
[0;32m[1784654356.031] [4304:4306] [TS] Committing Last Known Good Time to storage: 2023-10-14T01:16:48[0m
[0;32m[1784654356.032] [4304:4306] [CTL] Joined the fabric at index 1. Fabric ID is 0x0000000000000001 (Compressed Fabric ID: 71EC9A9421CC05BB)[0m
[0;32m[1784654356.038] [4304:4306] [TOO] Sending command to node 0x1[0m
[0;34m[1784654356.038] [4304:4306] [CSM] FindOrEstablishSession: PeerId = [1:0000000000000001][0m
[0;34m[1784654356.038] [4304:4306] [CSM] FindOrEstablishSession: No existing OperationalSessionSetup instance found[0m
[0;34m[1784654356.038] [4304:4306] [DIS] OperationalSessionSetup[1:0000000000000001]: State change 1 --> 2[0m
[0;32m[1784654356.039] [4304:4306] [DIS] Lookup started for 71EC9A9421CC05BB-0000000000000001[0m
[0;32m[1784654356.039] [4304:4306] [DIS] UDP:[fe80::bfe:a203:38f0:bce7%enp0s3]:5540: new best score: 7 (for 71EC9A9421CC05BB-0000000000000001)[0m
[0;34m[1784654356.039] [4304:4306] [DIS] Lookup clearing interface for non LL address[0m
[0;32m[1784654356.039] [4304:4306] [DIS] UDP:10.0.2.15%enp0s3:5540: new best score: 2 (for 71EC9A9421CC05BB-0000000000000001)[0m
[0;32m[1784654356.039] [4304:4306] [DIS] Checking node lookup status for 71EC9A9421CC05BB-0000000000000001 after 1 ms[0m
[0;32m[1784654356.039] [4304:4306] [DIS] Keeping DNSSD lookup active[0m
[0;32m[1784654356.039] [4304:4306] [DIS] UDP:[fe80::bfe:a203:38f0:bce7%enp0s3]:5540: score has not improved: 7 (for 71EC9A9421CC05BB-0000000000000001)[0m
[0;34m[1784654356.039] [4304:4306] [DIS] Lookup clearing interface for non LL address[0m
[0;32m[1784654356.039] [4304:4306] [DIS] UDP:10.0.2.15%enp0s3:5540: score has not improved: 2 (for 71EC9A9421CC05BB-0000000000000001)[0m
[0;32m[1784654356.039] [4304:4306] [DIS] Checking node lookup status for 71EC9A9421CC05BB-0000000000000001 after 1 ms[0m
[0;32m[1784654356.039] [4304:4306] [DIS] Keeping DNSSD lookup active[0m
[0;32m[1784654356.241] [4304:4306] [DIS] Checking node lookup status for 71EC9A9421CC05BB-0000000000000001 after 204 ms[0m
[0;34m[1784654356.242] [4304:4306] [DIS] OperationalSessionSetup[1:0000000000000001]: Updating device address to UDP:[fe80::bfe:a203:38f0:bce7%enp0s3]:5540 while in state 2[0m
[0;34m[1784654356.242] [4304:4306] [DIS] OperationalSessionSetup[1:0000000000000001]: State change 2 --> 3[0m
[0;34m[1784654356.242] [4304:4306] [IN] SecureSession[0x744984009cd0]: Allocated Type:2 LSID:60430[0m
[0;32m[1784654356.242] [4304:4306] [SC] Initiating session on local FabricIndex 1 from 0x000000000001B669 -> 0x0000000000000001[0m
[0;32m[1784654356.242] [4304:4306] [EM] <<< [E:39805i S:0 M:122775423] (U) Msg TX from 223A3FC2DFF9A332 to 0:0000000000000000 [0000] [UDP:[fe80::bfe:a203:38f0:bce7%enp0s3]:5540] --- Type 0000:30 (SecureChannel:CASE_Sigma1) (B:196)[0m
[0;32m[1784654356.242] [4304:4306] [EM] ??1 [E:39805i S:0 M:122775423] (U) Msg Retransmission to 0:0000000000000000 scheduled for 683ms from now [State:Idle II:500 AI:300 AT:4000][0m
[0;32m[1784654356.242] [4304:4306] [SC] Sent Sigma1 msg to <0000000000000001, 1> [II:500ms AI:300ms AT:4000ms][0m
[0;34m[1784654356.242] [4304:4306] [DIS] OperationalSessionSetup[1:0000000000000001]: State change 3 --> 4[0m
[0;32m[1784654356.245] [4304:4306] [EM] >>> [E:39805i S:0 M:76719280 (Ack:122775423)] (U) Msg RX from 0:0000000000000000 [0000] to 223A3FC2DFF9A332 --- Type 0000:31 (SecureChannel:CASE_Sigma2) (B:751)[0m
[0;34m[1784654356.245] [4304:4306] [EM] Found matching exchange: 39805i, Delegate: 0x74498400b8e8[0m
[0;34m[1784654356.245] [4304:4306] [EM] Rxd Ack; Removing MessageCounter:122775423 from Retrans Table on exchange 39805i[0m
[0;32m[1784654356.245] [4304:4306] [SC] Received Sigma2 msg[0m
[0;34m[1784654356.245] [4304:4306] [SC] Found MRP parameters in the message[0m
[0;34m[1784654356.246] [4304:4306] [SC] Peer <0000000000000001, 1> assigned session ID 23305[0m
[0;34m[1784654356.247] [4304:4306] [SC] Sending Sigma3[0m
[0;32m[1784654356.247] [4304:4306] [EM] <<< [E:39805i S:0 M:122775424 (Ack:76719280)] (U) Msg TX from 223A3FC2DFF9A332 to 0:0000000000000000 [0000] [UDP:[fe80::bfe:a203:38f0:bce7%enp0s3]:5540] --- Type 0000:32 (SecureChannel:CASE_Sigma3) (B:598)[0m
[0;32m[1784654356.247] [4304:4306] [EM] ??1 [E:39805i S:0 M:122775424] (U) Msg Retransmission to 0:0000000000000000 scheduled for 409ms from now [State:Active II:500 AI:300 AT:4000][0m
[0;32m[1784654356.247] [4304:4306] [SC] Sent Sigma3 msg[0m
[0;32m[1784654356.256] [4304:4306] [EM] >>> [E:39805i S:0 M:76719281 (Ack:122775424)] (U) Msg RX from 0:0000000000000000 [0000] to 223A3FC2DFF9A332 --- Type 0000:40 (SecureChannel:StatusReport) (B:34)[0m
[0;34m[1784654356.256] [4304:4306] [EM] Found matching exchange: 39805i, Delegate: 0x74498400b8e8[0m
[0;34m[1784654356.256] [4304:4306] [EM] Rxd Ack; Removing MessageCounter:122775424 from Retrans Table on exchange 39805i[0m
[0;32m[1784654356.256] [4304:4306] [SC] Success status report received. Session was established[0m
[0;32m[1784654356.257] [4304:4306] [SC] SecureSession[0x744984009cd0, LSID:60430]: State change 'kEstablishing' --> 'kActive'[0m
[0;34m[1784654356.257] [4304:4306] [IN] SecureSession[0x744984009cd0]: Activated - Type:2 LSID:60430[0m
[0;34m[1784654356.257] [4304:4306] [IN] New secure session activated for device <0000000000000001, 1>, LSID:60430 PSID:23305![0m
[0;34m[1784654356.257] [4304:4306] [DIS] OperationalSessionSetup[1:0000000000000001]: State change 4 --> 5[0m
[0;32m[1784654356.257] [4304:4306] [TOO] Sending cluster (0x00000030) command (0x00000000) on endpoint 0[0m
[0;34m[1784654356.257] [4304:4306] [DMG] ICR moving to [AddingComm][0m
[0;34m[1784654356.257] [4304:4306] [DMG] ICR moving to [AddedComma][0m
[0;32m[1784654356.258] [4304:4306] [EM] <<< [E:39806i S:60430 M:187914085] (S) Msg TX from 000000000001B669 to 1:0000000000000001 [05BB] [UDP:[fe80::bfe:a203:38f0:bce7%enp0s3]:5540] --- Type 0001:08 (IM:InvokeCommandRequest) (B:65)[0m
[0;32m[1784654356.258] [4304:4306] [EM] ??1 [E:39806i S:60430 M:187914085] (S) Msg Retransmission to 1:0000000000000001 scheduled for 341ms from now [State:Active II:500 AI:300 AT:4000][0m
[0;34m[1784654356.258] [4304:4306] [DMG] ICR moving to [AwaitingRe][0m
[0;32m[1784654356.258] [4304:4306] [EM] <<< [E:39805i S:0 M:122775425 (Ack:76719281)] (U) Msg TX from 223A3FC2DFF9A332 to 0:0000000000000000 [0000] [UDP:[fe80::bfe:a203:38f0:bce7%enp0s3]:5540] --- Type 0000:10 (SecureChannel:StandaloneAck) (B:26)[0m
[0;34m[1784654356.258] [4304:4306] [EM] Flushed pending ack for MessageCounter:76719281 on exchange 39805i[0m
[0;32m[1784654356.258] [4304:4306] [EM] >>> [E:39806i S:60430 M:78494207 (Ack:187914085)] (S) Msg RX from 1:0000000000000001 [05BB] to 000000000001B669 --- Type 0001:09 (IM:InvokeCommandResponse) (B:70)[0m
[0;34m[1784654356.258] [4304:4306] [EM] Found matching exchange: 39806i, Delegate: 0x74498400eef8[0m
[0;34m[1784654356.258] [4304:4306] [EM] Rxd Ack; Removing MessageCounter:187914085 from Retrans Table on exchange 39806i[0m
[0;34m[1784654356.258] [4304:4306] [DMG] ICR moving to [ResponseRe][0m
[0;34m[1784654356.258] [4304:4306] [DMG] InvokeResponseMessage =[0m
[0;34m[1784654356.258] [4304:4306] [DMG] {[0m
[0;34m[1784654356.258] [4304:4306] [DMG] 	suppressResponse = false, [0m
[0;34m[1784654356.258] [4304:4306] [DMG] 	InvokeResponseIBs =[0m
[0;34m[1784654356.258] [4304:4306] [DMG] 	[[0m
[0;34m[1784654356.258] [4304:4306] [DMG] 		InvokeResponseIB =[0m
[0;34m[1784654356.258] [4304:4306] [DMG] 		{[0m
[0;34m[1784654356.258] [4304:4306] [DMG] 			CommandDataIB =[0m
[0;34m[1784654356.258] [4304:4306] [DMG] 			{[0m
[0;34m[1784654356.258] [4304:4306] [DMG] 				CommandPathIB =[0m
[0;34m[1784654356.258] [4304:4306] [DMG] 				{[0m
[0;34m[1784654356.258] [4304:4306] [DMG] 					EndpointId = 0x0,[0m
[0;34m[1784654356.258] [4304:4306] [DMG] 					ClusterId = 0x30,[0m
[0;34m[1784654356.258] [4304:4306] [DMG] 					CommandId = 0x1,[0m
[0;34m[1784654356.258] [4304:4306] [DMG] 				},[0m
[0;34m[1784654356.258] [4304:4306] [DMG] 				[0m
[0;34m[1784654356.258] [4304:4306] [DMG] 				CommandFields = [0m
[0;34m[1784654356.258] [4304:4306] [DMG] 				{[0m
[0;34m[1784654356.258] [4304:4306] [DMG] 					0x0 = 0 (unsigned), [0m
[0;34m[1784654356.258] [4304:4306] [DMG] 					0x1 = "" (0 chars), [0m
[0;34m[1784654356.258] [4304:4306] [DMG] 				},[0m
[0;34m[1784654356.258] [4304:4306] [DMG] 			},[0m
[0;34m[1784654356.258] [4304:4306] [DMG] 			[0m
[0;34m[1784654356.258] [4304:4306] [DMG] 		},[0m
[0;34m[1784654356.258] [4304:4306] [DMG] 		[0m
[0;34m[1784654356.258] [4304:4306] [DMG] 	],[0m
[0;34m[1784654356.258] [4304:4306] [DMG] 	[0m
[0;34m[1784654356.258] [4304:4306] [DMG] 	InteractionModelRevision = 12[0m
[0;34m[1784654356.258] [4304:4306] [DMG] },[0m
[0;32m[1784654356.258] [4304:4306] [DMG] Received Command Response Data, Endpoint=0 Cluster=0x0000_0030 Command=0x0000_0001[0m
[0;32m[1784654356.258] [4304:4306] [TOO] Endpoint: 0 Cluster: 0x0000_0030 Command 0x0000_0001[0m
[0;32m[1784654356.258] [4304:4306] [TOO]   ArmFailSafeResponse: {[0m
[0;32m[1784654356.258] [4304:4306] [TOO]     errorCode: 0[0m
[0;32m[1784654356.258] [4304:4306] [TOO]     debugText: [0m
[0;32m[1784654356.258] [4304:4306] [TOO]    }[0m
[0;34m[1784654356.258] [4304:4306] [DMG] ICR moving to [AwaitingDe][0m
[0;32m[1784654356.258] [4304:4306] [EM] <<< [E:39806i S:60430 M:187914086 (Ack:78494207)] (S) Msg TX from 000000000001B669 to 1:0000000000000001 [05BB] [UDP:[fe80::bfe:a203:38f0:bce7%enp0s3]:5540] --- Type 0000:10 (SecureChannel:StandaloneAck) (B:34)[0m
[0;34m[1784654356.258] [4304:4306] [EM] Flushed pending ack for MessageCounter:78494207 on exchange 39806i[0m
[0;34m[1784654356.258] [4304:4304] [CTL] Shutting down the commissioner[0m
[0;32m[1784654356.258] [4304:4304] [PAF] WiFiPAF: Closing all WiFiPAF sessions to shutdown[0m
[0;34m[1784654356.258] [4304:4304] [CTL] Shutting down the controller[0m
[0;34m[1784654356.258] [4304:4304] [IN] Expiring all sessions for fabric 0x1!![0m
[0;34m[1784654356.258] [4304:4304] [IN] SecureSession[0x744984009cd0]: MarkForEviction Type:2 LSID:60430[0m
[0;32m[1784654356.258] [4304:4304] [SC] SecureSession[0x744984009cd0, LSID:60430]: State change 'kActive' --> 'kPendingEviction'[0m
[0;34m[1784654356.258] [4304:4304] [IN] SecureSession[0x744984009cd0]: Released - Type:2 LSID:60430[0m
[0;32m[1784654356.258] [4304:4304] [FP] Forgetting fabric 0x1[0m
[0;32m[1784654356.258] [4304:4304] [TS] Pending Last Known Good Time: 2023-10-14T01:16:48[0m
[0;32m[1784654356.258] [4304:4304] [TS] Previous Last Known Good Time: 2023-10-14T01:16:48[0m
[0;32m[1784654356.258] [4304:4304] [TS] Reverted Last Known Good Time to previous value[0m
[0;34m[1784654356.258] [4304:4304] [CTL] Shutting down the commissioner[0m
[0;32m[1784654356.258] [4304:4304] [PAF] WiFiPAF: Closing all WiFiPAF sessions to shutdown[0m
[0;34m[1784654356.258] [4304:4304] [CTL] Shutting down the controller[0m
[0;34m[1784654356.258] [4304:4304] [CTL] Shutting down the System State, this will teardown the CHIP Stack[0m
[0;34m[1784654356.258] [4304:4304] [DMG] All ReadHandler-s are clean, clear GlobalDirtySet[0m
[0;32m[1784654356.258] [4304:4304] [FP] Shutting down FabricTable[0m
[0;32m[1784654356.258] [4304:4304] [TS] Pending Last Known Good Time: 2023-10-14T01:16:48[0m
[0;32m[1784654356.258] [4304:4304] [TS] Previous Last Known Good Time: 2023-10-14T01:16:48[0m
[0;32m[1784654356.258] [4304:4304] [TS] Reverted Last Known Good Time to previous value[0m
[0;34m[1784654356.261] [4304:4304] [DL] Wrote settings to /tmp/chip_counters.ini[0m
[0;32m[1784654356.261] [4304:4304] [DL] NVS set: chip-counters/total-operational-hours = 0 (0x0)[0m
[0;32m[1784654356.261] [4304:4304] [DL] Inet Layer shutdown[0m
[0;32m[1784654356.261] [4304:4304] [DL] BLE Layer shutdown[0m
[0;32m[1784654356.261] [4304:4304] [DL] WiFi-PAF Layer shutdown[0m
[0;32m[1784654356.261] [4304:4304] [PAF] WiFiPAF: Closing all WiFiPAF sessions to shutdown[0m
[0;32m[1784654356.261] [4304:4304] [DL] System Layer shutdown[0m
