[0;34m[1784654356.951] [4321:4321] [DL] ChipLinuxStorage::Init: Using KVS config file: /tmp/chip_tool_kvs[0m
[1;31m[1784654356.952] [4321:4321] [DL] ChipLinuxStorage::Init: Attempt to re-initialize with KVS config file: /tmp/chip_kvs, IGNORING.[0m
[0;34m[1784654356.953] [4321:4321] [DL] ChipLinuxStorage::Init: Using KVS config file: /tmp/chip_factory.ini[0m
[0;34m[1784654356.953] [4321:4321] [DL] ChipLinuxStorage::Init: Using KVS config file: /tmp/chip_config.ini[0m
[0;34m[1784654356.954] [4321:4321] [DL] ChipLinuxStorage::Init: Using KVS config file: /tmp/chip_counters.ini[0m
[0;34m[1784654356.956] [4321:4321] [DL] Wrote settings to /tmp/chip_counters.ini[0m
[0;32m[1784654356.956] [4321:4321] [DL] NVS set: chip-counters/reboot-count = 6 (0x6)[0m
[0;32m[1784654356.957] [4321:4321] [DL] Got Ethernet interface: enp0s3[0m
[0;32m[1784654356.957] [4321:4321] [DL] Found the primary Ethernet interface:enp0s3[0m
[1;31m[1784654356.957] [4321:4321] [DL] Failed to get WiFi interface[0m
[1;31m[1784654356.957] [4321:4321] [DL] Failed to reset WiFi statistic counts[0m
[0;32m[1784654356.957] [4321:4321] [PAF] WiFiPAF: WiFiPAFLayer::Init()[0m
[0;34m[1784654356.957] [4321:4321] [IN] UDP::Init bind&listen port=0[0m
[0;34m[1784654356.957] [4321:4321] [IN] UDP::Init bound to port=42176[0m
[0;34m[1784654356.957] [4321:4321] [IN] UDP::Init bind&listen port=0[0m
[0;34m[1784654356.957] [4321:4321] [IN] UDP::Init bound to port=60497[0m
[0;34m[1784654356.957] [4321:4321] [IN] BLEBase::Init - setting/overriding transport[0m
[0;34m[1784654356.957] [4321:4321] [IN] WiFiPAFBase::Init - setting/overriding transport[0m
[0;34m[1784654356.957] [4321:4321] [IN] TransportMgr initialized[0m
[0;34m[1784654356.957] [4321:4321] [FP] Initializing FabricTable from persistent storage[0m
[0;32m[1784654356.957] [4321:4321] [TS] Last Known Good Time: 2023-10-14T01:16:48[0m
[0;32m[1784654356.957] [4321:4321] [FP] Fabric index 0x1 was retrieved from storage. Compressed FabricId 0x71EC9A9421CC05BB, FabricId 0x0000000000000001, NodeId 0x000000000001B669, VendorId 0xFFF1[0m
[0;32m[1784654356.959] [4321:4321] [DMG] Ember attribute persistence requires setting up[0m
[0;32m[1784654356.959] [4321:4321] [ZCL] Using ZAP configuration...[0m
[0;34m[1784654356.959] [4321:4321] [CTL] System State Initialized...[0m
[0;32m[1784654356.959] [4321:4321] [CTL] Setting attestation nonce to random value[0m
[0;32m[1784654356.959] [4321:4321] [CTL] Setting CSR nonce to random value[0m
[0;34m[1784654356.959] [4321:4323] [DL] CHIP task running[0m
[0;32m[1784654356.959] [4321:4323] [CTL] Setting attestation nonce to random value[0m
[0;32m[1784654356.959] [4321:4323] [CTL] Setting CSR nonce to random value[0m
[0;32m[1784654356.959] [4321:4323] [CTL] Generating NOC[0m
[0;32m[1784654356.959] [4321:4323] [FP] Validating NOC chain[0m
[0;32m[1784654356.960] [4321:4323] [FP] NOC chain validation successful[0m
[0;32m[1784654356.960] [4321:4323] [FP] Updated fabric at index: 0x1, Node ID: 0x000000000001B669[0m
[0;32m[1784654356.960] [4321:4323] [TS] Last Known Good Time: 2023-10-14T01:16:48[0m
[0;32m[1784654356.960] [4321:4323] [TS] New proposed Last Known Good Time: 2021-01-01T00:00:00[0m
[0;32m[1784654356.960] [4321:4323] [TS] Retaining current Last Known Good Time[0m
[0;32m[1784654356.962] [4321:4323] [FP] Metadata for Fabric 0x1 persisted to storage.[0m
[0;32m[1784654356.963] [4321:4323] [TS] Committing Last Known Good Time to storage: 2023-10-14T01:16:48[0m
[0;32m[1784654356.963] [4321:4323] [CTL] Joined the fabric at index 1. Fabric ID is 0x0000000000000001 (Compressed Fabric ID: 71EC9A9421CC05BB)[0m
[0;32m[1784654356.968] [4321:4323] [TOO] Sending command to node 0x1[0m
[0;34m[1784654356.969] [4321:4323] [CSM] FindOrEstablishSession: PeerId = [1:0000000000000001][0m
[0;34m[1784654356.969] [4321:4323] [CSM] FindOrEstablishSession: No existing OperationalSessionSetup instance found[0m
[0;34m[1784654356.969] [4321:4323] [DIS] OperationalSessionSetup[1:0000000000000001]: State change 1 --> 2[0m
[0;32m[1784654356.969] [4321:4323] [DIS] Lookup started for 71EC9A9421CC05BB-0000000000000001[0m
[0;32m[1784654356.969] [4321:4323] [DIS] UDP:[fe80::bfe:a203:38f0:bce7%enp0s3]:5540: new best score: 7 (for 71EC9A9421CC05BB-0000000000000001)[0m
[0;34m[1784654356.969] [4321:4323] [DIS] Lookup clearing interface for non LL address[0m
[0;32m[1784654356.969] [4321:4323] [DIS] UDP:10.0.2.15%enp0s3:5540: new best score: 2 (for 71EC9A9421CC05BB-0000000000000001)[0m
[0;32m[1784654356.969] [4321:4323] [DIS] Checking node lookup status for 71EC9A9421CC05BB-0000000000000001 after 0 ms[0m
[0;32m[1784654356.969] [4321:4323] [DIS] Keeping DNSSD lookup active[0m
[0;32m[1784654356.969] [4321:4323] [DIS] UDP:[fe80::bfe:a203:38f0:bce7%enp0s3]:5540: score has not improved: 7 (for 71EC9A9421CC05BB-0000000000000001)[0m
[0;34m[1784654356.969] [4321:4323] [DIS] Lookup clearing interface for non LL address[0m
[0;32m[1784654356.969] [4321:4323] [DIS] UDP:10.0.2.15%enp0s3:5540: score has not improved: 2 (for 71EC9A9421CC05BB-0000000000000001)[0m
[0;32m[1784654356.969] [4321:4323] [DIS] Checking node lookup status for 71EC9A9421CC05BB-0000000000000001 after 0 ms[0m
[0;32m[1784654356.969] [4321:4323] [DIS] Keeping DNSSD lookup active[0m
[0;32m[1784654357.171] [4321:4323] [DIS] Checking node lookup status for 71EC9A9421CC05BB-0000000000000001 after 202 ms[0m
[0;34m[1784654357.171] [4321:4323] [DIS] OperationalSessionSetup[1:0000000000000001]: Updating device address to UDP:[fe80::bfe:a203:38f0:bce7%enp0s3]:5540 while in state 2[0m
[0;34m[1784654357.171] [4321:4323] [DIS] OperationalSessionSetup[1:0000000000000001]: State change 2 --> 3[0m
[0;34m[1784654357.171] [4321:4323] [IN] SecureSession[0x7af440009cd0]: Allocated Type:2 LSID:38899[0m
[0;32m[1784654357.171] [4321:4323] [SC] Initiating session on local FabricIndex 1 from 0x000000000001B669 -> 0x0000000000000001[0m
[0;32m[1784654357.171] [4321:4323] [EM] <<< [E:60274i S:0 M:148205754] (U) Msg TX from 93E6EC354C388CF0 to 0:0000000000000000 [0000] [UDP:[fe80::bfe:a203:38f0:bce7%enp0s3]:5540] --- Type 0000:30 (SecureChannel:CASE_Sigma1) (B:196)[0m
[0;32m[1784654357.172] [4321:4323] [EM] ??1 [E:60274i S:0 M:148205754] (U) Msg Retransmission to 0:0000000000000000 scheduled for 618ms from now [State:Idle II:500 AI:300 AT:4000][0m
[0;32m[1784654357.173] [4321:4323] [SC] Sent Sigma1 msg to <0000000000000001, 1> [II:500ms AI:300ms AT:4000ms][0m
[0;34m[1784654357.173] [4321:4323] [DIS] OperationalSessionSetup[1:0000000000000001]: State change 3 --> 4[0m
[0;32m[1784654357.175] [4321:4323] [EM] >>> [E:60274i S:0 M:76719286 (Ack:148205754)] (U) Msg RX from 0:0000000000000000 [0000] to 93E6EC354C388CF0 --- Type 0000:31 (SecureChannel:CASE_Sigma2) (B:751)[0m
[0;34m[1784654357.175] [4321:4323] [EM] Found matching exchange: 60274i, Delegate: 0x7af44000b8e8[0m
[0;34m[1784654357.175] [4321:4323] [EM] Rxd Ack; Removing MessageCounter:148205754 from Retrans Table on exchange 60274i[0m
[0;32m[1784654357.175] [4321:4323] [SC] Received Sigma2 msg[0m
[0;34m[1784654357.175] [4321:4323] [SC] Found MRP parameters in the message[0m
[0;34m[1784654357.176] [4321:4323] [SC] Peer <0000000000000001, 1> assigned session ID 23308[0m
[0;34m[1784654357.176] [4321:4323] [SC] Sending Sigma3[0m
[0;32m[1784654357.176] [4321:4323] [EM] <<< [E:60274i S:0 M:148205755 (Ack:76719286)] (U) Msg TX from 93E6EC354C388CF0 to 0:0000000000000000 [0000] [UDP:[fe80::bfe:a203:38f0:bce7%enp0s3]:5540] --- Type 0000:32 (SecureChannel:CASE_Sigma3) (B:598)[0m
[0;32m[1784654357.176] [4321:4323] [EM] ??1 [E:60274i S:0 M:148205755] (U) Msg Retransmission to 0:0000000000000000 scheduled for 406ms from now [State:Active II:500 AI:300 AT:4000][0m
[0;32m[1784654357.176] [4321:4323] [SC] Sent Sigma3 msg[0m
[0;32m[1784654357.185] [4321:4323] [EM] >>> [E:60274i S:0 M:76719287 (Ack:148205755)] (U) Msg RX from 0:0000000000000000 [0000] to 93E6EC354C388CF0 --- Type 0000:40 (SecureChannel:StatusReport) (B:34)[0m
[0;34m[1784654357.185] [4321:4323] [EM] Found matching exchange: 60274i, Delegate: 0x7af44000b8e8[0m
[0;34m[1784654357.185] [4321:4323] [EM] Rxd Ack; Removing MessageCounter:148205755 from Retrans Table on exchange 60274i[0m
[0;32m[1784654357.185] [4321:4323] [SC] Success status report received. Session was established[0m
[0;32m[1784654357.186] [4321:4323] [SC] SecureSession[0x7af440009cd0, LSID:38899]: State change 'kEstablishing' --> 'kActive'[0m
[0;34m[1784654357.186] [4321:4323] [IN] SecureSession[0x7af440009cd0]: Activated - Type:2 LSID:38899[0m
[0;34m[1784654357.186] [4321:4323] [IN] New secure session activated for device <0000000000000001, 1>, LSID:38899 PSID:23308![0m
[0;34m[1784654357.186] [4321:4323] [DIS] OperationalSessionSetup[1:0000000000000001]: State change 4 --> 5[0m
[0;32m[1784654357.186] [4321:4323] [TOO] Sending cluster (0x0000003E) command (0x00000007) on endpoint 0[0m
[0;34m[1784654357.186] [4321:4323] [DMG] ICR moving to [AddingComm][0m
[0;34m[1784654357.186] [4321:4323] [DMG] ICR moving to [AddedComma][0m
[0;32m[1784654357.186] [4321:4323] [EM] <<< [E:60275i S:38899 M:262078331] (S) Msg TX from 000000000001B669 to 1:0000000000000001 [05BB] [UDP:[fe80::bfe:a203:38f0:bce7%enp0s3]:5540] --- Type 0001:08 (IM:InvokeCommandRequest) (B:330)[0m
[0;32m[1784654357.186] [4321:4323] [EM] ??1 [E:60275i S:38899 M:262078331] (S) Msg Retransmission to 1:0000000000000001 scheduled for 344ms from now [State:Active II:500 AI:300 AT:4000][0m
[0;34m[1784654357.186] [4321:4323] [DMG] ICR moving to [AwaitingRe][0m
[0;32m[1784654357.187] [4321:4323] [EM] <<< [E:60274i S:0 M:148205756 (Ack:76719287)] (U) Msg TX from 93E6EC354C388CF0 to 0:0000000000000000 [0000] [UDP:[fe80::bfe:a203:38f0:bce7%enp0s3]:5540] --- Type 0000:10 (SecureChannel:StandaloneAck) (B:26)[0m
[0;34m[1784654357.187] [4321:4323] [EM] Flushed pending ack for MessageCounter:76719287 on exchange 60274i[0m
[0;32m[1784654357.196] [4321:4323] [EM] >>> [E:60275i S:38899 M:199177708 (Ack:262078331)] (S) Msg RX from 1:0000000000000001 [05BB] to 000000000001B669 --- Type 0001:09 (IM:InvokeCommandResponse) (B:70)[0m
[0;34m[1784654357.196] [4321:4323] [EM] Found matching exchange: 60275i, Delegate: 0x7af44000eef8[0m
[0;34m[1784654357.196] [4321:4323] [EM] Rxd Ack; Removing MessageCounter:262078331 from Retrans Table on exchange 60275i[0m
[0;34m[1784654357.196] [4321:4323] [DMG] ICR moving to [ResponseRe][0m
[0;34m[1784654357.196] [4321:4323] [DMG] InvokeResponseMessage =[0m
[0;34m[1784654357.196] [4321:4323] [DMG] {[0m
[0;34m[1784654357.196] [4321:4323] [DMG] 	suppressResponse = false, [0m
[0;34m[1784654357.196] [4321:4323] [DMG] 	InvokeResponseIBs =[0m
[0;34m[1784654357.196] [4321:4323] [DMG] 	[[0m
[0;34m[1784654357.196] [4321:4323] [DMG] 		InvokeResponseIB =[0m
[0;34m[1784654357.196] [4321:4323] [DMG] 		{[0m
[0;34m[1784654357.196] [4321:4323] [DMG] 			CommandDataIB =[0m
[0;34m[1784654357.196] [4321:4323] [DMG] 			{[0m
[0;34m[1784654357.196] [4321:4323] [DMG] 				CommandPathIB =[0m
[0;34m[1784654357.196] [4321:4323] [DMG] 				{[0m
[0;34m[1784654357.196] [4321:4323] [DMG] 					EndpointId = 0x0,[0m
[0;34m[1784654357.196] [4321:4323] [DMG] 					ClusterId = 0x3e,[0m
[0;34m[1784654357.196] [4321:4323] [DMG] 					CommandId = 0x8,[0m
[0;34m[1784654357.196] [4321:4323] [DMG] 				},[0m
[0;34m[1784654357.196] [4321:4323] [DMG] 				[0m
[0;34m[1784654357.196] [4321:4323] [DMG] 				CommandFields = [0m
[0;34m[1784654357.196] [4321:4323] [DMG] 				{[0m
[0;34m[1784654357.196] [4321:4323] [DMG] 					0x0 = 0 (unsigned), [0m
[0;34m[1784654357.196] [4321:4323] [DMG] 					0x1 = 1 (unsigned), [0m
[0;34m[1784654357.196] [4321:4323] [DMG] 				},[0m
[0;34m[1784654357.196] [4321:4323] [DMG] 			},[0m
[0;34m[1784654357.196] [4321:4323] [DMG] 			[0m
[0;34m[1784654357.196] [4321:4323] [DMG] 		},[0m
[0;34m[1784654357.196] [4321:4323] [DMG] 		[0m
[0;34m[1784654357.196] [4321:4323] [DMG] 	],[0m
[0;34m[1784654357.196] [4321:4323] [DMG] 	[0m
[0;34m[1784654357.196] [4321:4323] [DMG] 	InteractionModelRevision = 12[0m
[0;34m[1784654357.196] [4321:4323] [DMG] },[0m
[0;32m[1784654357.196] [4321:4323] [DMG] Received Command Response Data, Endpoint=0 Cluster=0x0000_003E Command=0x0000_0008[0m
[0;32m[1784654357.196] [4321:4323] [TOO] Endpoint: 0 Cluster: 0x0000_003E Command 0x0000_0008[0m
[0;32m[1784654357.196] [4321:4323] [TOO]   NOCResponse: {[0m
[0;32m[1784654357.196] [4321:4323] [TOO]     statusCode: 0[0m
[0;32m[1784654357.196] [4321:4323] [TOO]     fabricIndex: 1[0m
[0;32m[1784654357.196] [4321:4323] [TOO]    }[0m
[0;34m[1784654357.196] [4321:4323] [DMG] ICR moving to [AwaitingDe][0m
[0;32m[1784654357.196] [4321:4323] [EM] <<< [E:60275i S:38899 M:262078332 (Ack:199177708)] (S) Msg TX from 000000000001B669 to 1:0000000000000001 [05BB] [UDP:[fe80::bfe:a203:38f0:bce7%enp0s3]:5540] --- Type 0000:10 (SecureChannel:StandaloneAck) (B:34)[0m
[0;34m[1784654357.196] [4321:4323] [EM] Flushed pending ack for MessageCounter:199177708 on exchange 60275i[0m
[0;34m[1784654357.196] [4321:4321] [CTL] Shutting down the commissioner[0m
[0;32m[1784654357.196] [4321:4321] [PAF] WiFiPAF: Closing all WiFiPAF sessions to shutdown[0m
[0;34m[1784654357.196] [4321:4321] [CTL] Shutting down the controller[0m
[0;34m[1784654357.196] [4321:4321] [IN] Expiring all sessions for fabric 0x1!![0m
[0;34m[1784654357.196] [4321:4321] [IN] SecureSession[0x7af440009cd0]: MarkForEviction Type:2 LSID:38899[0m
[0;32m[1784654357.196] [4321:4321] [SC] SecureSession[0x7af440009cd0, LSID:38899]: State change 'kActive' --> 'kPendingEviction'[0m
[0;34m[1784654357.196] [4321:4321] [IN] SecureSession[0x7af440009cd0]: Released - Type:2 LSID:38899[0m
[0;32m[1784654357.196] [4321:4321] [FP] Forgetting fabric 0x1[0m
[0;32m[1784654357.196] [4321:4321] [TS] Pending Last Known Good Time: 2023-10-14T01:16:48[0m
[0;32m[1784654357.197] [4321:4321] [TS] Previous Last Known Good Time: 2023-10-14T01:16:48[0m
[0;32m[1784654357.197] [4321:4321] [TS] Reverted Last Known Good Time to previous value[0m
[0;34m[1784654357.197] [4321:4321] [CTL] Shutting down the commissioner[0m
[0;32m[1784654357.197] [4321:4321] [PAF] WiFiPAF: Closing all WiFiPAF sessions to shutdown[0m
[0;34m[1784654357.197] [4321:4321] [CTL] Shutting down the controller[0m
[0;34m[1784654357.197] [4321:4321] [CTL] Shutting down the System State, this will teardown the CHIP Stack[0m
[0;34m[1784654357.197] [4321:4321] [DMG] All ReadHandler-s are clean, clear GlobalDirtySet[0m
[0;32m[1784654357.197] [4321:4321] [FP] Shutting down FabricTable[0m
[0;32m[1784654357.197] [4321:4321] [TS] Pending Last Known Good Time: 2023-10-14T01:16:48[0m
[0;32m[1784654357.197] [4321:4321] [TS] Previous Last Known Good Time: 2023-10-14T01:16:48[0m
[0;32m[1784654357.197] [4321:4321] [TS] Reverted Last Known Good Time to previous value[0m
[0;34m[1784654357.198] [4321:4321] [DL] Wrote settings to /tmp/chip_counters.ini[0m
[0;32m[1784654357.198] [4321:4321] [DL] NVS set: chip-counters/total-operational-hours = 0 (0x0)[0m
[0;32m[1784654357.198] [4321:4321] [DL] Inet Layer shutdown[0m
[0;32m[1784654357.198] [4321:4321] [DL] BLE Layer shutdown[0m
[0;32m[1784654357.198] [4321:4321] [DL] WiFi-PAF Layer shutdown[0m
[0;32m[1784654357.198] [4321:4321] [PAF] WiFiPAF: Closing all WiFiPAF sessions to shutdown[0m
[0;32m[1784654357.198] [4321:4321] [DL] System Layer shutdown[0m
