[0;34m[1784655264.332] [7597:7597] [DL] ChipLinuxStorage::Init: Using KVS config file: /tmp/chip_tool_kvs[0m
[1;31m[1784655264.333] [7597:7597] [DL] ChipLinuxStorage::Init: Attempt to re-initialize with KVS config file: /tmp/chip_kvs, IGNORING.[0m
[0;34m[1784655264.334] [7597:7597] [DL] ChipLinuxStorage::Init: Using KVS config file: /tmp/chip_factory.ini[0m
[0;34m[1784655264.334] [7597:7597] [DL] ChipLinuxStorage::Init: Using KVS config file: /tmp/chip_config.ini[0m
[0;34m[1784655264.334] [7597:7597] [DL] ChipLinuxStorage::Init: Using KVS config file: /tmp/chip_counters.ini[0m
[0;34m[1784655264.337] [7597:7597] [DL] Wrote settings to /tmp/chip_counters.ini[0m
[0;32m[1784655264.337] [7597:7597] [DL] NVS set: chip-counters/reboot-count = 6 (0x6)[0m
[0;32m[1784655264.337] [7597:7597] [DL] Got Ethernet interface: enp0s3[0m
[0;32m[1784655264.337] [7597:7597] [DL] Found the primary Ethernet interface:enp0s3[0m
[1;31m[1784655264.337] [7597:7597] [DL] Failed to get WiFi interface[0m
[1;31m[1784655264.337] [7597:7597] [DL] Failed to reset WiFi statistic counts[0m
[0;32m[1784655264.337] [7597:7597] [PAF] WiFiPAF: WiFiPAFLayer::Init()[0m
[0;34m[1784655264.337] [7597:7597] [IN] UDP::Init bind&listen port=0[0m
[0;34m[1784655264.337] [7597:7597] [IN] UDP::Init bound to port=57118[0m
[0;34m[1784655264.337] [7597:7597] [IN] UDP::Init bind&listen port=0[0m
[0;34m[1784655264.337] [7597:7597] [IN] UDP::Init bound to port=60348[0m
[0;34m[1784655264.337] [7597:7597] [IN] BLEBase::Init - setting/overriding transport[0m
[0;34m[1784655264.337] [7597:7597] [IN] WiFiPAFBase::Init - setting/overriding transport[0m
[0;34m[1784655264.337] [7597:7597] [IN] TransportMgr initialized[0m
[0;34m[1784655264.337] [7597:7597] [FP] Initializing FabricTable from persistent storage[0m
[0;32m[1784655264.337] [7597:7597] [TS] Last Known Good Time: 2023-10-14T01:16:48[0m
[0;32m[1784655264.338] [7597:7597] [FP] Fabric index 0x1 was retrieved from storage. Compressed FabricId 0xE124FBA45D870AF1, FabricId 0x0000000000000001, NodeId 0x000000000001B669, VendorId 0xFFF1[0m
[0;32m[1784655264.339] [7597:7597] [DMG] Ember attribute persistence requires setting up[0m
[0;32m[1784655264.339] [7597:7597] [ZCL] Using ZAP configuration...[0m
[0;34m[1784655264.339] [7597:7597] [CTL] System State Initialized...[0m
[0;32m[1784655264.339] [7597:7597] [CTL] Setting attestation nonce to random value[0m
[0;32m[1784655264.339] [7597:7597] [CTL] Setting CSR nonce to random value[0m
[0;34m[1784655264.339] [7597:7599] [DL] CHIP task running[0m
[0;32m[1784655264.340] [7597:7599] [CTL] Setting attestation nonce to random value[0m
[0;32m[1784655264.340] [7597:7599] [CTL] Setting CSR nonce to random value[0m
[0;32m[1784655264.340] [7597:7599] [CTL] Generating NOC[0m
[0;32m[1784655264.340] [7597:7599] [FP] Validating NOC chain[0m
[0;32m[1784655264.340] [7597:7599] [FP] NOC chain validation successful[0m
[0;32m[1784655264.340] [7597:7599] [FP] Updated fabric at index: 0x1, Node ID: 0x000000000001B669[0m
[0;32m[1784655264.340] [7597:7599] [TS] Last Known Good Time: 2023-10-14T01:16:48[0m
[0;32m[1784655264.340] [7597:7599] [TS] New proposed Last Known Good Time: 2021-01-01T00:00:00[0m
[0;32m[1784655264.340] [7597:7599] [TS] Retaining current Last Known Good Time[0m
[0;32m[1784655264.342] [7597:7599] [FP] Metadata for Fabric 0x1 persisted to storage.[0m
[0;32m[1784655264.343] [7597:7599] [TS] Committing Last Known Good Time to storage: 2023-10-14T01:16:48[0m
[0;32m[1784655264.344] [7597:7599] [CTL] Joined the fabric at index 1. Fabric ID is 0x0000000000000001 (Compressed Fabric ID: E124FBA45D870AF1)[0m
[0;32m[1784655264.349] [7597:7599] [TOO] Sending command to node 0x1[0m
[0;34m[1784655264.349] [7597:7599] [CSM] FindOrEstablishSession: PeerId = [1:0000000000000001][0m
[0;34m[1784655264.349] [7597:7599] [CSM] FindOrEstablishSession: No existing OperationalSessionSetup instance found[0m
[0;34m[1784655264.349] [7597:7599] [DIS] OperationalSessionSetup[1:0000000000000001]: State change 1 --> 2[0m
[0;32m[1784655264.350] [7597:7599] [DIS] Lookup started for E124FBA45D870AF1-0000000000000001[0m
[0;32m[1784655264.350] [7597:7599] [DIS] UDP:[fe80::bfe:a203:38f0:bce7%enp0s3]:5540: new best score: 7 (for E124FBA45D870AF1-0000000000000001)[0m
[0;34m[1784655264.350] [7597:7599] [DIS] Lookup clearing interface for non LL address[0m
[0;32m[1784655264.350] [7597:7599] [DIS] UDP:10.0.2.15%enp0s3:5540: new best score: 2 (for E124FBA45D870AF1-0000000000000001)[0m
[0;32m[1784655264.350] [7597:7599] [DIS] Checking node lookup status for E124FBA45D870AF1-0000000000000001 after 0 ms[0m
[0;32m[1784655264.350] [7597:7599] [DIS] Keeping DNSSD lookup active[0m
[0;32m[1784655264.350] [7597:7599] [DIS] UDP:[fe80::bfe:a203:38f0:bce7%enp0s3]:5540: score has not improved: 7 (for E124FBA45D870AF1-0000000000000001)[0m
[0;34m[1784655264.350] [7597:7599] [DIS] Lookup clearing interface for non LL address[0m
[0;32m[1784655264.350] [7597:7599] [DIS] UDP:10.0.2.15%enp0s3:5540: score has not improved: 2 (for E124FBA45D870AF1-0000000000000001)[0m
[0;32m[1784655264.350] [7597:7599] [DIS] Checking node lookup status for E124FBA45D870AF1-0000000000000001 after 1 ms[0m
[0;32m[1784655264.350] [7597:7599] [DIS] Keeping DNSSD lookup active[0m
[0;32m[1784655264.552] [7597:7599] [DIS] Checking node lookup status for E124FBA45D870AF1-0000000000000001 after 202 ms[0m
[0;34m[1784655264.552] [7597:7599] [DIS] OperationalSessionSetup[1:0000000000000001]: Updating device address to UDP:[fe80::bfe:a203:38f0:bce7%enp0s3]:5540 while in state 2[0m
[0;34m[1784655264.552] [7597:7599] [DIS] OperationalSessionSetup[1:0000000000000001]: State change 2 --> 3[0m
[0;34m[1784655264.552] [7597:7599] [IN] SecureSession[0x7c9708009cd0]: Allocated Type:2 LSID:21346[0m
[0;32m[1784655264.552] [7597:7599] [SC] Initiating session on local FabricIndex 1 from 0x000000000001B669 -> 0x0000000000000001[0m
[0;32m[1784655264.552] [7597:7599] [EM] <<< [E:41880i S:0 M:222170473] (U) Msg TX from A642816B4C838FC2 to 0:0000000000000000 [0000] [UDP:[fe80::bfe:a203:38f0:bce7%enp0s3]:5540] --- Type 0000:30 (SecureChannel:CASE_Sigma1) (B:196)[0m
[0;32m[1784655264.553] [7597:7599] [EM] ??1 [E:41880i S:0 M:222170473] (U) Msg Retransmission to 0:0000000000000000 scheduled for 641ms from now [State:Idle II:500 AI:300 AT:4000][0m
[0;32m[1784655264.553] [7597:7599] [SC] Sent Sigma1 msg to <0000000000000001, 1> [II:500ms AI:300ms AT:4000ms][0m
[0;34m[1784655264.553] [7597:7599] [DIS] OperationalSessionSetup[1:0000000000000001]: State change 3 --> 4[0m
[0;32m[1784655264.554] [7597:7599] [EM] >>> [E:41880i S:0 M:91143837 (Ack:222170473)] (U) Msg RX from 0:0000000000000000 [0000] to A642816B4C838FC2 --- Type 0000:31 (SecureChannel:CASE_Sigma2) (B:751)[0m
[0;34m[1784655264.554] [7597:7599] [EM] Found matching exchange: 41880i, Delegate: 0x7c970800b8e8[0m
[0;34m[1784655264.554] [7597:7599] [EM] Rxd Ack; Removing MessageCounter:222170473 from Retrans Table on exchange 41880i[0m
[0;32m[1784655264.554] [7597:7599] [SC] Received Sigma2 msg[0m
[0;34m[1784655264.554] [7597:7599] [SC] Found MRP parameters in the message[0m
[0;34m[1784655264.555] [7597:7599] [SC] Peer <0000000000000001, 1> assigned session ID 38463[0m
[0;34m[1784655264.555] [7597:7599] [SC] Sending Sigma3[0m
[0;32m[1784655264.555] [7597:7599] [EM] <<< [E:41880i S:0 M:222170474 (Ack:91143837)] (U) Msg TX from A642816B4C838FC2 to 0:0000000000000000 [0000] [UDP:[fe80::bfe:a203:38f0:bce7%enp0s3]:5540] --- Type 0000:32 (SecureChannel:CASE_Sigma3) (B:598)[0m
[0;32m[1784655264.555] [7597:7599] [EM] ??1 [E:41880i S:0 M:222170474] (U) Msg Retransmission to 0:0000000000000000 scheduled for 401ms from now [State:Active II:500 AI:300 AT:4000][0m
[0;32m[1784655264.555] [7597:7599] [SC] Sent Sigma3 msg[0m
[0;32m[1784655264.564] [7597:7599] [EM] >>> [E:41880i S:0 M:91143838 (Ack:222170474)] (U) Msg RX from 0:0000000000000000 [0000] to A642816B4C838FC2 --- Type 0000:40 (SecureChannel:StatusReport) (B:34)[0m
[0;34m[1784655264.564] [7597:7599] [EM] Found matching exchange: 41880i, Delegate: 0x7c970800b8e8[0m
[0;34m[1784655264.564] [7597:7599] [EM] Rxd Ack; Removing MessageCounter:222170474 from Retrans Table on exchange 41880i[0m
[0;32m[1784655264.564] [7597:7599] [SC] Success status report received. Session was established[0m
[0;32m[1784655264.566] [7597:7599] [SC] SecureSession[0x7c9708009cd0, LSID:21346]: State change 'kEstablishing' --> 'kActive'[0m
[0;34m[1784655264.566] [7597:7599] [IN] SecureSession[0x7c9708009cd0]: Activated - Type:2 LSID:21346[0m
[0;34m[1784655264.566] [7597:7599] [IN] New secure session activated for device <0000000000000001, 1>, LSID:21346 PSID:38463![0m
[0;34m[1784655264.566] [7597:7599] [DIS] OperationalSessionSetup[1:0000000000000001]: State change 4 --> 5[0m
[0;32m[1784655264.566] [7597:7599] [TOO] Sending cluster (0x0000003E) command (0x00000007) on endpoint 0[0m
[0;34m[1784655264.566] [7597:7599] [DMG] ICR moving to [AddingComm][0m
[0;34m[1784655264.566] [7597:7599] [DMG] ICR moving to [AddedComma][0m
[0;32m[1784655264.566] [7597:7599] [EM] <<< [E:41881i S:21346 M:251705625] (S) Msg TX from 000000000001B669 to 1:0000000000000001 [0AF1] [UDP:[fe80::bfe:a203:38f0:bce7%enp0s3]:5540] --- Type 0001:08 (IM:InvokeCommandRequest) (B:330)[0m
[0;32m[1784655264.566] [7597:7599] [EM] ??1 [E:41881i S:21346 M:251705625] (S) Msg Retransmission to 1:0000000000000001 scheduled for 399ms from now [State:Active II:500 AI:300 AT:4000][0m
[0;34m[1784655264.566] [7597:7599] [DMG] ICR moving to [AwaitingRe][0m
[0;32m[1784655264.566] [7597:7599] [EM] <<< [E:41880i S:0 M:222170475 (Ack:91143838)] (U) Msg TX from A642816B4C838FC2 to 0:0000000000000000 [0000] [UDP:[fe80::bfe:a203:38f0:bce7%enp0s3]:5540] --- Type 0000:10 (SecureChannel:StandaloneAck) (B:26)[0m
[0;34m[1784655264.566] [7597:7599] [EM] Flushed pending ack for MessageCounter:91143838 on exchange 41880i[0m
[0;32m[1784655264.578] [7597:7599] [EM] >>> [E:41881i S:21346 M:254477421 (Ack:251705625)] (S) Msg RX from 1:0000000000000001 [0AF1] to 000000000001B669 --- Type 0001:09 (IM:InvokeCommandResponse) (B:70)[0m
[0;34m[1784655264.578] [7597:7599] [EM] Found matching exchange: 41881i, Delegate: 0x7c970800eef8[0m
[0;34m[1784655264.578] [7597:7599] [EM] Rxd Ack; Removing MessageCounter:251705625 from Retrans Table on exchange 41881i[0m
[0;34m[1784655264.578] [7597:7599] [DMG] ICR moving to [ResponseRe][0m
[0;34m[1784655264.578] [7597:7599] [DMG] InvokeResponseMessage =[0m
[0;34m[1784655264.578] [7597:7599] [DMG] {[0m
[0;34m[1784655264.578] [7597:7599] [DMG] 	suppressResponse = false, [0m
[0;34m[1784655264.578] [7597:7599] [DMG] 	InvokeResponseIBs =[0m
[0;34m[1784655264.578] [7597:7599] [DMG] 	[[0m
[0;34m[1784655264.578] [7597:7599] [DMG] 		InvokeResponseIB =[0m
[0;34m[1784655264.578] [7597:7599] [DMG] 		{[0m
[0;34m[1784655264.578] [7597:7599] [DMG] 			CommandDataIB =[0m
[0;34m[1784655264.578] [7597:7599] [DMG] 			{[0m
[0;34m[1784655264.578] [7597:7599] [DMG] 				CommandPathIB =[0m
[0;34m[1784655264.578] [7597:7599] [DMG] 				{[0m
[0;34m[1784655264.578] [7597:7599] [DMG] 					EndpointId = 0x0,[0m
[0;34m[1784655264.578] [7597:7599] [DMG] 					ClusterId = 0x3e,[0m
[0;34m[1784655264.578] [7597:7599] [DMG] 					CommandId = 0x8,[0m
[0;34m[1784655264.578] [7597:7599] [DMG] 				},[0m
[0;34m[1784655264.578] [7597:7599] [DMG] 				[0m
[0;34m[1784655264.578] [7597:7599] [DMG] 				CommandFields = [0m
[0;34m[1784655264.578] [7597:7599] [DMG] 				{[0m
[0;34m[1784655264.578] [7597:7599] [DMG] 					0x0 = 0 (unsigned), [0m
[0;34m[1784655264.578] [7597:7599] [DMG] 					0x1 = 1 (unsigned), [0m
[0;34m[1784655264.578] [7597:7599] [DMG] 				},[0m
[0;34m[1784655264.578] [7597:7599] [DMG] 			},[0m
[0;34m[1784655264.578] [7597:7599] [DMG] 			[0m
[0;34m[1784655264.578] [7597:7599] [DMG] 		},[0m
[0;34m[1784655264.578] [7597:7599] [DMG] 		[0m
[0;34m[1784655264.578] [7597:7599] [DMG] 	],[0m
[0;34m[1784655264.578] [7597:7599] [DMG] 	[0m
[0;34m[1784655264.578] [7597:7599] [DMG] 	InteractionModelRevision = 12[0m
[0;34m[1784655264.578] [7597:7599] [DMG] },[0m
[0;32m[1784655264.578] [7597:7599] [DMG] Received Command Response Data, Endpoint=0 Cluster=0x0000_003E Command=0x0000_0008[0m
[0;32m[1784655264.578] [7597:7599] [TOO] Endpoint: 0 Cluster: 0x0000_003E Command 0x0000_0008[0m
[0;32m[1784655264.578] [7597:7599] [TOO]   NOCResponse: {[0m
[0;32m[1784655264.578] [7597:7599] [TOO]     statusCode: 0[0m
[0;32m[1784655264.578] [7597:7599] [TOO]     fabricIndex: 1[0m
[0;32m[1784655264.578] [7597:7599] [TOO]    }[0m
[0;34m[1784655264.578] [7597:7599] [DMG] ICR moving to [AwaitingDe][0m
[0;32m[1784655264.578] [7597:7599] [EM] <<< [E:41881i S:21346 M:251705626 (Ack:254477421)] (S) Msg TX from 000000000001B669 to 1:0000000000000001 [0AF1] [UDP:[fe80::bfe:a203:38f0:bce7%enp0s3]:5540] --- Type 0000:10 (SecureChannel:StandaloneAck) (B:34)[0m
[0;34m[1784655264.578] [7597:7599] [EM] Flushed pending ack for MessageCounter:254477421 on exchange 41881i[0m
[0;34m[1784655264.578] [7597:7597] [CTL] Shutting down the commissioner[0m
[0;32m[1784655264.578] [7597:7597] [PAF] WiFiPAF: Closing all WiFiPAF sessions to shutdown[0m
[0;34m[1784655264.578] [7597:7597] [CTL] Shutting down the controller[0m
[0;34m[1784655264.578] [7597:7597] [IN] Expiring all sessions for fabric 0x1!![0m
[0;34m[1784655264.578] [7597:7597] [IN] SecureSession[0x7c9708009cd0]: MarkForEviction Type:2 LSID:21346[0m
[0;32m[1784655264.578] [7597:7597] [SC] SecureSession[0x7c9708009cd0, LSID:21346]: State change 'kActive' --> 'kPendingEviction'[0m
[0;34m[1784655264.578] [7597:7597] [IN] SecureSession[0x7c9708009cd0]: Released - Type:2 LSID:21346[0m
[0;32m[1784655264.578] [7597:7597] [FP] Forgetting fabric 0x1[0m
[0;32m[1784655264.578] [7597:7597] [TS] Pending Last Known Good Time: 2023-10-14T01:16:48[0m
[0;32m[1784655264.578] [7597:7597] [TS] Previous Last Known Good Time: 2023-10-14T01:16:48[0m
[0;32m[1784655264.578] [7597:7597] [TS] Reverted Last Known Good Time to previous value[0m
[0;34m[1784655264.578] [7597:7597] [CTL] Shutting down the commissioner[0m
[0;32m[1784655264.578] [7597:7597] [PAF] WiFiPAF: Closing all WiFiPAF sessions to shutdown[0m
[0;34m[1784655264.578] [7597:7597] [CTL] Shutting down the controller[0m
[0;34m[1784655264.578] [7597:7597] [CTL] Shutting down the System State, this will teardown the CHIP Stack[0m
[0;34m[1784655264.578] [7597:7597] [DMG] All ReadHandler-s are clean, clear GlobalDirtySet[0m
[0;32m[1784655264.578] [7597:7597] [FP] Shutting down FabricTable[0m
[0;32m[1784655264.578] [7597:7597] [TS] Pending Last Known Good Time: 2023-10-14T01:16:48[0m
[0;32m[1784655264.578] [7597:7597] [TS] Previous Last Known Good Time: 2023-10-14T01:16:48[0m
[0;32m[1784655264.578] [7597:7597] [TS] Reverted Last Known Good Time to previous value[0m
[0;34m[1784655264.581] [7597:7597] [DL] Wrote settings to /tmp/chip_counters.ini[0m
[0;32m[1784655264.581] [7597:7597] [DL] NVS set: chip-counters/total-operational-hours = 0 (0x0)[0m
[0;32m[1784655264.581] [7597:7597] [DL] Inet Layer shutdown[0m
[0;32m[1784655264.581] [7597:7597] [DL] BLE Layer shutdown[0m
[0;32m[1784655264.581] [7597:7597] [DL] WiFi-PAF Layer shutdown[0m
[0;32m[1784655264.581] [7597:7597] [PAF] WiFiPAF: Closing all WiFiPAF sessions to shutdown[0m
[0;32m[1784655264.581] [7597:7597] [DL] System Layer shutdown[0m
