[0;34m[1784656803.185] [13389:13389] [DL] ChipLinuxStorage::Init: Using KVS config file: /tmp/chip_tool_kvs[0m
[1;31m[1784656803.186] [13389:13389] [DL] ChipLinuxStorage::Init: Attempt to re-initialize with KVS config file: /tmp/chip_kvs, IGNORING.[0m
[0;34m[1784656803.187] [13389:13389] [DL] ChipLinuxStorage::Init: Using KVS config file: /tmp/chip_factory.ini[0m
[0;34m[1784656803.187] [13389:13389] [DL] ChipLinuxStorage::Init: Using KVS config file: /tmp/chip_config.ini[0m
[0;34m[1784656803.187] [13389:13389] [DL] ChipLinuxStorage::Init: Using KVS config file: /tmp/chip_counters.ini[0m
[0;34m[1784656803.190] [13389:13389] [DL] Wrote settings to /tmp/chip_counters.ini[0m
[0;32m[1784656803.190] [13389:13389] [DL] NVS set: chip-counters/reboot-count = 4 (0x4)[0m
[0;32m[1784656803.190] [13389:13389] [DL] Got Ethernet interface: enp0s3[0m
[0;32m[1784656803.190] [13389:13389] [DL] Found the primary Ethernet interface:enp0s3[0m
[1;31m[1784656803.190] [13389:13389] [DL] Failed to get WiFi interface[0m
[1;31m[1784656803.190] [13389:13389] [DL] Failed to reset WiFi statistic counts[0m
[0;32m[1784656803.190] [13389:13389] [PAF] WiFiPAF: WiFiPAFLayer::Init()[0m
[0;34m[1784656803.190] [13389:13389] [IN] UDP::Init bind&listen port=0[0m
[0;34m[1784656803.190] [13389:13389] [IN] UDP::Init bound to port=34350[0m
[0;34m[1784656803.190] [13389:13389] [IN] UDP::Init bind&listen port=0[0m
[0;34m[1784656803.190] [13389:13389] [IN] UDP::Init bound to port=38957[0m
[0;34m[1784656803.190] [13389:13389] [IN] BLEBase::Init - setting/overriding transport[0m
[0;34m[1784656803.190] [13389:13389] [IN] WiFiPAFBase::Init - setting/overriding transport[0m
[0;34m[1784656803.190] [13389:13389] [IN] TransportMgr initialized[0m
[0;34m[1784656803.190] [13389:13389] [FP] Initializing FabricTable from persistent storage[0m
[0;32m[1784656803.190] [13389:13389] [TS] Last Known Good Time: 2023-10-14T01:16:48[0m
[0;32m[1784656803.191] [13389:13389] [FP] Fabric index 0x1 was retrieved from storage. Compressed FabricId 0x2386A0BF7AF7CBAF, FabricId 0x0000000000000001, NodeId 0x000000000001B669, VendorId 0xFFF1[0m
[0;32m[1784656803.192] [13389:13389] [DMG] Ember attribute persistence requires setting up[0m
[0;32m[1784656803.192] [13389:13389] [ZCL] Using ZAP configuration...[0m
[0;34m[1784656803.192] [13389:13389] [CTL] System State Initialized...[0m
[0;32m[1784656803.192] [13389:13389] [CTL] Setting attestation nonce to random value[0m
[0;32m[1784656803.192] [13389:13389] [CTL] Setting CSR nonce to random value[0m
[0;34m[1784656803.192] [13389:13391] [DL] CHIP task running[0m
[0;32m[1784656803.192] [13389:13391] [CTL] Setting attestation nonce to random value[0m
[0;32m[1784656803.192] [13389:13391] [CTL] Setting CSR nonce to random value[0m
[0;32m[1784656803.192] [13389:13391] [CTL] Generating NOC[0m
[0;32m[1784656803.192] [13389:13391] [FP] Validating NOC chain[0m
[0;32m[1784656803.193] [13389:13391] [FP] NOC chain validation successful[0m
[0;32m[1784656803.193] [13389:13391] [FP] Updated fabric at index: 0x1, Node ID: 0x000000000001B669[0m
[0;32m[1784656803.193] [13389:13391] [TS] Last Known Good Time: 2023-10-14T01:16:48[0m
[0;32m[1784656803.193] [13389:13391] [TS] New proposed Last Known Good Time: 2021-01-01T00:00:00[0m
[0;32m[1784656803.193] [13389:13391] [TS] Retaining current Last Known Good Time[0m
[0;32m[1784656803.196] [13389:13391] [FP] Metadata for Fabric 0x1 persisted to storage.[0m
[0;32m[1784656803.196] [13389:13391] [TS] Committing Last Known Good Time to storage: 2023-10-14T01:16:48[0m
[0;32m[1784656803.197] [13389:13391] [CTL] Joined the fabric at index 1. Fabric ID is 0x0000000000000001 (Compressed Fabric ID: 2386A0BF7AF7CBAF)[0m
[0;32m[1784656803.202] [13389:13391] [TOO] Sending command to node 0x1[0m
[0;34m[1784656803.202] [13389:13391] [CSM] FindOrEstablishSession: PeerId = [1:0000000000000001][0m
[0;34m[1784656803.202] [13389:13391] [CSM] FindOrEstablishSession: No existing OperationalSessionSetup instance found[0m
[0;34m[1784656803.202] [13389:13391] [DIS] OperationalSessionSetup[1:0000000000000001]: State change 1 --> 2[0m
[0;32m[1784656803.202] [13389:13391] [DIS] Lookup started for 2386A0BF7AF7CBAF-0000000000000001[0m
[0;32m[1784656803.203] [13389:13391] [DIS] UDP:[fe80::bfe:a203:38f0:bce7%enp0s3]:5540: new best score: 7 (for 2386A0BF7AF7CBAF-0000000000000001)[0m
[0;34m[1784656803.203] [13389:13391] [DIS] Lookup clearing interface for non LL address[0m
[0;32m[1784656803.203] [13389:13391] [DIS] UDP:10.0.2.15%enp0s3:5540: new best score: 2 (for 2386A0BF7AF7CBAF-0000000000000001)[0m
[0;32m[1784656803.203] [13389:13391] [DIS] Checking node lookup status for 2386A0BF7AF7CBAF-0000000000000001 after 1 ms[0m
[0;32m[1784656803.203] [13389:13391] [DIS] Keeping DNSSD lookup active[0m
[0;32m[1784656803.203] [13389:13391] [DIS] UDP:[fe80::bfe:a203:38f0:bce7%enp0s3]:5540: score has not improved: 7 (for 2386A0BF7AF7CBAF-0000000000000001)[0m
[0;34m[1784656803.203] [13389:13391] [DIS] Lookup clearing interface for non LL address[0m
[0;32m[1784656803.203] [13389:13391] [DIS] UDP:10.0.2.15%enp0s3:5540: score has not improved: 2 (for 2386A0BF7AF7CBAF-0000000000000001)[0m
[0;32m[1784656803.203] [13389:13391] [DIS] Checking node lookup status for 2386A0BF7AF7CBAF-0000000000000001 after 1 ms[0m
[0;32m[1784656803.203] [13389:13391] [DIS] Keeping DNSSD lookup active[0m
[0;32m[1784656803.403] [13389:13391] [DIS] Checking node lookup status for 2386A0BF7AF7CBAF-0000000000000001 after 201 ms[0m
[0;34m[1784656803.403] [13389:13391] [DIS] OperationalSessionSetup[1:0000000000000001]: Updating device address to UDP:[fe80::bfe:a203:38f0:bce7%enp0s3]:5540 while in state 2[0m
[0;34m[1784656803.403] [13389:13391] [DIS] OperationalSessionSetup[1:0000000000000001]: State change 2 --> 3[0m
[0;34m[1784656803.403] [13389:13391] [IN] SecureSession[0x705698009cd0]: Allocated Type:2 LSID:42427[0m
[0;32m[1784656803.403] [13389:13391] [SC] Initiating session on local FabricIndex 1 from 0x000000000001B669 -> 0x0000000000000001[0m
[0;32m[1784656803.403] [13389:13391] [EM] <<< [E:34958i S:0 M:48844500] (U) Msg TX from A84666823FF713D3 to 0:0000000000000000 [0000] [UDP:[fe80::bfe:a203:38f0:bce7%enp0s3]:5540] --- Type 0000:30 (SecureChannel:CASE_Sigma1) (B:196)[0m
[0;32m[1784656803.405] [13389:13391] [EM] ??1 [E:34958i S:0 M:48844500] (U) Msg Retransmission to 0:0000000000000000 scheduled for 630ms from now [State:Idle II:500 AI:300 AT:4000][0m
[0;32m[1784656803.405] [13389:13391] [SC] Sent Sigma1 msg to <0000000000000001, 1> [II:500ms AI:300ms AT:4000ms][0m
[0;34m[1784656803.405] [13389:13391] [DIS] OperationalSessionSetup[1:0000000000000001]: State change 3 --> 4[0m
[0;32m[1784656803.405] [13389:13391] [EM] >>> [E:34958i S:0 M:33228353 (Ack:48844500)] (U) Msg RX from 0:0000000000000000 [0000] to A84666823FF713D3 --- Type 0000:31 (SecureChannel:CASE_Sigma2) (B:751)[0m
[0;34m[1784656803.405] [13389:13391] [EM] Found matching exchange: 34958i, Delegate: 0x70569800b8e8[0m
[0;34m[1784656803.405] [13389:13391] [EM] Rxd Ack; Removing MessageCounter:48844500 from Retrans Table on exchange 34958i[0m
[0;32m[1784656803.405] [13389:13391] [SC] Received Sigma2 msg[0m
[0;34m[1784656803.405] [13389:13391] [SC] Found MRP parameters in the message[0m
[0;34m[1784656803.406] [13389:13391] [SC] Peer <0000000000000001, 1> assigned session ID 6528[0m
[0;34m[1784656803.406] [13389:13391] [SC] Sending Sigma3[0m
[0;32m[1784656803.406] [13389:13391] [EM] <<< [E:34958i S:0 M:48844501 (Ack:33228353)] (U) Msg TX from A84666823FF713D3 to 0:0000000000000000 [0000] [UDP:[fe80::bfe:a203:38f0:bce7%enp0s3]:5540] --- Type 0000:32 (SecureChannel:CASE_Sigma3) (B:598)[0m
[0;32m[1784656803.406] [13389:13391] [EM] ??1 [E:34958i S:0 M:48844501] (U) Msg Retransmission to 0:0000000000000000 scheduled for 357ms from now [State:Active II:500 AI:300 AT:4000][0m
[0;32m[1784656803.406] [13389:13391] [SC] Sent Sigma3 msg[0m
[0;32m[1784656803.415] [13389:13391] [EM] >>> [E:34958i S:0 M:33228354 (Ack:48844501)] (U) Msg RX from 0:0000000000000000 [0000] to A84666823FF713D3 --- Type 0000:40 (SecureChannel:StatusReport) (B:34)[0m
[0;34m[1784656803.415] [13389:13391] [EM] Found matching exchange: 34958i, Delegate: 0x70569800b8e8[0m
[0;34m[1784656803.415] [13389:13391] [EM] Rxd Ack; Removing MessageCounter:48844501 from Retrans Table on exchange 34958i[0m
[0;32m[1784656803.415] [13389:13391] [SC] Success status report received. Session was established[0m
[0;32m[1784656803.417] [13389:13391] [SC] SecureSession[0x705698009cd0, LSID:42427]: State change 'kEstablishing' --> 'kActive'[0m
[0;34m[1784656803.417] [13389:13391] [IN] SecureSession[0x705698009cd0]: Activated - Type:2 LSID:42427[0m
[0;34m[1784656803.417] [13389:13391] [IN] New secure session activated for device <0000000000000001, 1>, LSID:42427 PSID:6528![0m
[0;34m[1784656803.417] [13389:13391] [DIS] OperationalSessionSetup[1:0000000000000001]: State change 4 --> 5[0m
[0;32m[1784656803.417] [13389:13391] [TOO] Sending cluster (0x0000003E) command (0x00000004) on endpoint 0[0m
[0;34m[1784656803.417] [13389:13391] [DMG] ICR moving to [AddingComm][0m
[0;34m[1784656803.417] [13389:13391] [DMG] ICR moving to [AddedComma][0m
[0;32m[1784656803.417] [13389:13391] [EM] <<< [E:34959i S:42427 M:2010056] (S) Msg TX from 000000000001B669 to 1:0000000000000001 [CBAF] [UDP:[fe80::bfe:a203:38f0:bce7%enp0s3]:5540] --- Type 0001:08 (IM:InvokeCommandRequest) (B:96)[0m
[0;32m[1784656803.417] [13389:13391] [EM] ??1 [E:34959i S:42427 M:2010056] (S) Msg Retransmission to 1:0000000000000001 scheduled for 381ms from now [State:Active II:500 AI:300 AT:4000][0m
[0;34m[1784656803.417] [13389:13391] [DMG] ICR moving to [AwaitingRe][0m
[0;32m[1784656803.417] [13389:13391] [EM] <<< [E:34958i S:0 M:48844502 (Ack:33228354)] (U) Msg TX from A84666823FF713D3 to 0:0000000000000000 [0000] [UDP:[fe80::bfe:a203:38f0:bce7%enp0s3]:5540] --- Type 0000:10 (SecureChannel:StandaloneAck) (B:26)[0m
[0;34m[1784656803.417] [13389:13391] [EM] Flushed pending ack for MessageCounter:33228354 on exchange 34958i[0m
[0;32m[1784656803.418] [13389:13391] [EM] >>> [E:34959i S:42427 M:46344737 (Ack:2010056)] (S) Msg RX from 1:0000000000000001 [CBAF] to 000000000001B669 --- Type 0001:09 (IM:InvokeCommandResponse) (B:377)[0m
[0;34m[1784656803.418] [13389:13391] [EM] Found matching exchange: 34959i, Delegate: 0x70569800eef8[0m
[0;34m[1784656803.418] [13389:13391] [EM] Rxd Ack; Removing MessageCounter:2010056 from Retrans Table on exchange 34959i[0m
[0;34m[1784656803.418] [13389:13391] [DMG] ICR moving to [ResponseRe][0m
[0;34m[1784656803.418] [13389:13391] [DMG] InvokeResponseMessage =[0m
[0;34m[1784656803.418] [13389:13391] [DMG] {[0m
[0;34m[1784656803.418] [13389:13391] [DMG] 	suppressResponse = false, [0m
[0;34m[1784656803.418] [13389:13391] [DMG] 	InvokeResponseIBs =[0m
[0;34m[1784656803.418] [13389:13391] [DMG] 	[[0m
[0;34m[1784656803.418] [13389:13391] [DMG] 		InvokeResponseIB =[0m
[0;34m[1784656803.418] [13389:13391] [DMG] 		{[0m
[0;34m[1784656803.418] [13389:13391] [DMG] 			CommandDataIB =[0m
[0;34m[1784656803.418] [13389:13391] [DMG] 			{[0m
[0;34m[1784656803.418] [13389:13391] [DMG] 				CommandPathIB =[0m
[0;34m[1784656803.418] [13389:13391] [DMG] 				{[0m
[0;34m[1784656803.418] [13389:13391] [DMG] 					EndpointId = 0x0,[0m
[0;34m[1784656803.418] [13389:13391] [DMG] 					ClusterId = 0x3e,[0m
[0;34m[1784656803.418] [13389:13391] [DMG] 					CommandId = 0x5,[0m
[0;34m[1784656803.418] [13389:13391] [DMG] 				},[0m
[0;34m[1784656803.418] [13389:13391] [DMG] 				[0m
[0;34m[1784656803.418] [13389:13391] [DMG] 				CommandFields = [0m
[0;34m[1784656803.418] [13389:13391] [DMG] 				{[0m
[0;34m[1784656803.418] [13389:13391] [DMG] 					0x0 = [[0m
[0;34m[1784656803.418] [13389:13391] [DMG] 							0x15, 0x30, 0x01, 0xcb, 0x30, 0x81, 0xc8, 0x30, 0x70, 0x02, 0x01, 0x00, 0x30, 0x0e, 0x31, 0x0c, 0x30, 0x0a, 0x06, 0x03, 0x55, 0x04, 0x0a, 0x0c, 0x03, 0x43, 0x53, 0x52, 0x30, 0x59, 0x30, 0x13, 0x06, 0x07, 0x2a, 0x86, 0x48, 0xce, 0x3d, 0x02, 0x01, 0x06, 0x08, 0x2a, 0x86, 0x48, 0xce, 0x3d, 0x03, 0x01, 0x07, 0x03, 0x42, 0x00, 0x04, 0x35, 0x6a, 0x3c, 0x4d, 0x76, 0x82, 0xec, 0xd1, 0x09, 0xe2, 0x33, 0x08, 0x6d, 0xb7, 0xb3, 0x3b, 0x23, 0xab, 0x6f, 0xa1, 0x14, 0xd1, 0x97, 0xcb, 0x9d, 0xf0, 0x2b, 0x23, 0x07, 0x68, 0x3b, 0x41, 0x24, 0x5d, 0x3f, 0x6f, 0xa3, 0x62, 0x0c, 0xda, 0x9c, 0xf7, 0xb1, 0x3e, 0xce, 0xb2, 0xec, 0x93, 0xa0, 0xa1, 0xa0, 0x13, 0x39, 0xb5, 0xda, 0x99, 0xfe, 0x90, 0x10, 0x4d, 0xcb, 0x41, 0xea, 0x09, 0xa0, 0x00, 0x30, 0x0a, 0x06, 0x08, 0x2a, 0x86, 0x48, 0xce, 0x3d, 0x04, 0x03, 0x02, 0x03, 0x48, 0x00, 0x30, 0x45, 0x02, 0x21, 0x00, 0xff, 0x78, 0xc4, 0x13, 0xd5, 0xaa, 0x0b, 0x2f, 0x8d, 0x34, 0xfb, 0x57, 0xc3, 0xe0, 0xd3, 0x63, 0x28, 0x9f, 0xd5, 0x37, 0xd0, 0xba, 0xd6, 0x27, 0x88, 0x11, 0x19, 0x38, 0x46, 0x98, 0x95, 0x8b, 0x02, 0x20, 0x5a, 0x09, 0xc6, 0xe7, 0x16, 0x60, 0xbe, 0xfb, 0xa3, 0x62, 0xcd, 0xd8, 0xa1, 0x9c, 0x8f, 0xe0, 0xd2, 0x92, 0xc8, 0x6f, 0x37, 0x5f, 0xb5, 0x92, 0x3e, 0x7f, 0x93, 0xe1, 0x0f, 0xb6, 0x7e, 0x30, 0x30, 0x02, 0x20, 0xe6, 0x11, 0xa9, 0x6b, 0x7d, 0xc0, 0x30, 0xbf, 0xd3, 0xeb, 0x5f, 0x1a, 0x73, 0x8c, 0xdd, 0xe1, 0x1d, 0x62, 0xd5, 0x90, 0x8c, 0xde, 0x55, 0x18, 0x36, 0x3b, 0xe5, 0x8a, 0xfc, 0xf9, 0xab, 0x6f, 0x18, [0m
[0;34m[1784656803.418] [13389:13391] [DMG] 					] (243 bytes)[0m
[0;34m[1784656803.418] [13389:13391] [DMG] 					0x1 = [[0m
[0;34m[1784656803.418] [13389:13391] [DMG] 							0xb8, 0x99, 0xa7, 0x14, 0x8c, 0xba, 0xad, 0xf0, 0x9d, 0xe7, 0xf0, 0xb5, 0x61, 0x53, 0xa4, 0xfc, 0x48, 0x0a, 0x30, 0x00, 0x68, 0xac, 0x94, 0xa8, 0x88, 0x93, 0x24, 0xe3, 0xd9, 0x17, 0x1d, 0x74, 0x39, 0x0a, 0x7d, 0x30, 0xb4, 0xe9, 0x36, 0x42, 0xd3, 0xdb, 0x06, 0xf5, 0x65, 0xfe, 0x5b, 0xc7, 0x3b, 0x80, 0x0c, 0xcd, 0x3c, 0x67, 0x95, 0xeb, 0x54, 0xb5, 0xe2, 0xa5, 0x0c, 0xe8, 0x7a, 0x17, [0m
[0;34m[1784656803.418] [13389:13391] [DMG] 					] (64 bytes)[0m
[0;34m[1784656803.418] [13389:13391] [DMG] 				},[0m
[0;34m[1784656803.418] [13389:13391] [DMG] 			},[0m
[0;34m[1784656803.418] [13389:13391] [DMG] 			[0m
[0;34m[1784656803.418] [13389:13391] [DMG] 		},[0m
[0;34m[1784656803.418] [13389:13391] [DMG] 		[0m
[0;34m[1784656803.418] [13389:13391] [DMG] 	],[0m
[0;34m[1784656803.418] [13389:13391] [DMG] 	[0m
[0;34m[1784656803.418] [13389:13391] [DMG] 	InteractionModelRevision = 12[0m
[0;34m[1784656803.418] [13389:13391] [DMG] },[0m
[0;32m[1784656803.418] [13389:13391] [DMG] Received Command Response Data, Endpoint=0 Cluster=0x0000_003E Command=0x0000_0005[0m
[0;32m[1784656803.418] [13389:13391] [TOO] Endpoint: 0 Cluster: 0x0000_003E Command 0x0000_0005[0m
[0;32m[1784656803.418] [13389:13391] [TOO]   CSRResponse: {[0m
[0;32m[1784656803.418] [13389:13391] [TOO]     NOCSRElements: 153001CB3081C83070020100300E310C300A060355040A0C034353523059301306072A8648CE3D020106082A8648CE3D03010703420004356A3C4D7682ECD109E233086DB7B33B23AB6FA114D197CB9DF02B2307683B41245D3F6FA3620CDA9CF7B13ECEB2EC93A0A1A01339B5DA99FE90104DCB41EA09A000300A06082A8648CE3D0403020348003045022100FF78C413D5AA0B2F8D34FB57C3E0D363289FD537D0BAD627881119384698958B02205A09C6E71660BEFBA362CDD8A19C8FE0D292C86F375FB5923E7F93E10FB67E30300220E611A96B7DC030BFD3EB5F1A738CDDE11D62D5908CDE5518363BE58AFCF9AB6F18[0m
[0;32m[1784656803.418] [13389:13391] [TOO]     attestationSignature: B899A7148CBAADF09DE7F0B56153A4FC480A300068AC94A8889324E3D9171D74390A7D30B4E93642D3DB06F565FE5BC73B800CCD3C6795EB54B5E2A50CE87A17[0m
[0;32m[1784656803.418] [13389:13391] [TOO]    }[0m
[0;34m[1784656803.418] [13389:13391] [DMG] ICR moving to [AwaitingDe][0m
[0;32m[1784656803.418] [13389:13391] [EM] <<< [E:34959i S:42427 M:2010057 (Ack:46344737)] (S) Msg TX from 000000000001B669 to 1:0000000000000001 [CBAF] [UDP:[fe80::bfe:a203:38f0:bce7%enp0s3]:5540] --- Type 0000:10 (SecureChannel:StandaloneAck) (B:34)[0m
[0;34m[1784656803.419] [13389:13391] [EM] Flushed pending ack for MessageCounter:46344737 on exchange 34959i[0m
[0;34m[1784656803.419] [13389:13389] [CTL] Shutting down the commissioner[0m
[0;32m[1784656803.419] [13389:13389] [PAF] WiFiPAF: Closing all WiFiPAF sessions to shutdown[0m
[0;34m[1784656803.419] [13389:13389] [CTL] Shutting down the controller[0m
[0;34m[1784656803.419] [13389:13389] [IN] Expiring all sessions for fabric 0x1!![0m
[0;34m[1784656803.419] [13389:13389] [IN] SecureSession[0x705698009cd0]: MarkForEviction Type:2 LSID:42427[0m
[0;32m[1784656803.419] [13389:13389] [SC] SecureSession[0x705698009cd0, LSID:42427]: State change 'kActive' --> 'kPendingEviction'[0m
[0;34m[1784656803.419] [13389:13389] [IN] SecureSession[0x705698009cd0]: Released - Type:2 LSID:42427[0m
[0;32m[1784656803.419] [13389:13389] [FP] Forgetting fabric 0x1[0m
[0;32m[1784656803.419] [13389:13389] [TS] Pending Last Known Good Time: 2023-10-14T01:16:48[0m
[0;32m[1784656803.419] [13389:13389] [TS] Previous Last Known Good Time: 2023-10-14T01:16:48[0m
[0;32m[1784656803.419] [13389:13389] [TS] Reverted Last Known Good Time to previous value[0m
[0;34m[1784656803.419] [13389:13389] [CTL] Shutting down the commissioner[0m
[0;32m[1784656803.419] [13389:13389] [PAF] WiFiPAF: Closing all WiFiPAF sessions to shutdown[0m
[0;34m[1784656803.419] [13389:13389] [CTL] Shutting down the controller[0m
[0;34m[1784656803.419] [13389:13389] [CTL] Shutting down the System State, this will teardown the CHIP Stack[0m
[0;34m[1784656803.419] [13389:13389] [DMG] All ReadHandler-s are clean, clear GlobalDirtySet[0m
[0;32m[1784656803.419] [13389:13389] [FP] Shutting down FabricTable[0m
[0;32m[1784656803.419] [13389:13389] [TS] Pending Last Known Good Time: 2023-10-14T01:16:48[0m
[0;32m[1784656803.419] [13389:13389] [TS] Previous Last Known Good Time: 2023-10-14T01:16:48[0m
[0;32m[1784656803.419] [13389:13389] [TS] Reverted Last Known Good Time to previous value[0m
[0;34m[1784656803.421] [13389:13389] [DL] Wrote settings to /tmp/chip_counters.ini[0m
[0;32m[1784656803.421] [13389:13389] [DL] NVS set: chip-counters/total-operational-hours = 0 (0x0)[0m
[0;32m[1784656803.421] [13389:13389] [DL] Inet Layer shutdown[0m
[0;32m[1784656803.421] [13389:13389] [DL] BLE Layer shutdown[0m
[0;32m[1784656803.421] [13389:13389] [DL] WiFi-PAF Layer shutdown[0m
[0;32m[1784656803.421] [13389:13389] [PAF] WiFiPAF: Closing all WiFiPAF sessions to shutdown[0m
[0;32m[1784656803.421] [13389:13389] [DL] System Layer shutdown[0m
