[0;34m[1784656803.828] [13402:13402] [DL] ChipLinuxStorage::Init: Using KVS config file: /tmp/chip_tool_kvs[0m
[1;31m[1784656803.830] [13402:13402] [DL] ChipLinuxStorage::Init: Attempt to re-initialize with KVS config file: /tmp/chip_kvs, IGNORING.[0m
[0;34m[1784656803.832] [13402:13402] [DL] ChipLinuxStorage::Init: Using KVS config file: /tmp/chip_factory.ini[0m
[0;34m[1784656803.832] [13402:13402] [DL] ChipLinuxStorage::Init: Using KVS config file: /tmp/chip_config.ini[0m
[0;34m[1784656803.832] [13402:13402] [DL] ChipLinuxStorage::Init: Using KVS config file: /tmp/chip_counters.ini[0m
[0;34m[1784656803.835] [13402:13402] [DL] Wrote settings to /tmp/chip_counters.ini[0m
[0;32m[1784656803.835] [13402:13402] [DL] NVS set: chip-counters/reboot-count = 6 (0x6)[0m
[0;32m[1784656803.835] [13402:13402] [DL] Got Ethernet interface: enp0s3[0m
[0;32m[1784656803.836] [13402:13402] [DL] Found the primary Ethernet interface:enp0s3[0m
[1;31m[1784656803.836] [13402:13402] [DL] Failed to get WiFi interface[0m
[1;31m[1784656803.836] [13402:13402] [DL] Failed to reset WiFi statistic counts[0m
[0;32m[1784656803.836] [13402:13402] [PAF] WiFiPAF: WiFiPAFLayer::Init()[0m
[0;34m[1784656803.836] [13402:13402] [IN] UDP::Init bind&listen port=0[0m
[0;34m[1784656803.836] [13402:13402] [IN] UDP::Init bound to port=58951[0m
[0;34m[1784656803.836] [13402:13402] [IN] UDP::Init bind&listen port=0[0m
[0;34m[1784656803.836] [13402:13402] [IN] UDP::Init bound to port=44505[0m
[0;34m[1784656803.836] [13402:13402] [IN] BLEBase::Init - setting/overriding transport[0m
[0;34m[1784656803.836] [13402:13402] [IN] WiFiPAFBase::Init - setting/overriding transport[0m
[0;34m[1784656803.836] [13402:13402] [IN] TransportMgr initialized[0m
[0;34m[1784656803.836] [13402:13402] [FP] Initializing FabricTable from persistent storage[0m
[0;32m[1784656803.836] [13402:13402] [TS] Last Known Good Time: 2023-10-14T01:16:48[0m
[0;32m[1784656803.836] [13402:13402] [FP] Fabric index 0x1 was retrieved from storage. Compressed FabricId 0x2386A0BF7AF7CBAF, FabricId 0x0000000000000001, NodeId 0x000000000001B669, VendorId 0xFFF1[0m
[0;32m[1784656803.837] [13402:13402] [DMG] Ember attribute persistence requires setting up[0m
[0;32m[1784656803.837] [13402:13402] [ZCL] Using ZAP configuration...[0m
[0;34m[1784656803.837] [13402:13402] [CTL] System State Initialized...[0m
[0;32m[1784656803.837] [13402:13402] [CTL] Setting attestation nonce to random value[0m
[0;32m[1784656803.837] [13402:13402] [CTL] Setting CSR nonce to random value[0m
[0;34m[1784656803.837] [13402:13404] [DL] CHIP task running[0m
[0;32m[1784656803.837] [13402:13404] [CTL] Setting attestation nonce to random value[0m
[0;32m[1784656803.837] [13402:13404] [CTL] Setting CSR nonce to random value[0m
[0;32m[1784656803.837] [13402:13404] [CTL] Generating NOC[0m
[0;32m[1784656803.838] [13402:13404] [FP] Validating NOC chain[0m
[0;32m[1784656803.838] [13402:13404] [FP] NOC chain validation successful[0m
[0;32m[1784656803.838] [13402:13404] [FP] Updated fabric at index: 0x1, Node ID: 0x000000000001B669[0m
[0;32m[1784656803.838] [13402:13404] [TS] Last Known Good Time: 2023-10-14T01:16:48[0m
[0;32m[1784656803.838] [13402:13404] [TS] New proposed Last Known Good Time: 2021-01-01T00:00:00[0m
[0;32m[1784656803.838] [13402:13404] [TS] Retaining current Last Known Good Time[0m
[0;32m[1784656803.840] [13402:13404] [FP] Metadata for Fabric 0x1 persisted to storage.[0m
[0;32m[1784656803.840] [13402:13404] [TS] Committing Last Known Good Time to storage: 2023-10-14T01:16:48[0m
[0;32m[1784656803.841] [13402:13404] [CTL] Joined the fabric at index 1. Fabric ID is 0x0000000000000001 (Compressed Fabric ID: 2386A0BF7AF7CBAF)[0m
[0;32m[1784656803.845] [13402:13404] [TOO] Sending command to node 0x1[0m
[0;34m[1784656803.845] [13402:13404] [CSM] FindOrEstablishSession: PeerId = [1:0000000000000001][0m
[0;34m[1784656803.845] [13402:13404] [CSM] FindOrEstablishSession: No existing OperationalSessionSetup instance found[0m
[0;34m[1784656803.845] [13402:13404] [DIS] OperationalSessionSetup[1:0000000000000001]: State change 1 --> 2[0m
[0;32m[1784656803.846] [13402:13404] [DIS] Lookup started for 2386A0BF7AF7CBAF-0000000000000001[0m
[0;32m[1784656803.846] [13402:13404] [DIS] UDP:[fe80::bfe:a203:38f0:bce7%enp0s3]:5540: new best score: 7 (for 2386A0BF7AF7CBAF-0000000000000001)[0m
[0;34m[1784656803.846] [13402:13404] [DIS] Lookup clearing interface for non LL address[0m
[0;32m[1784656803.846] [13402:13404] [DIS] UDP:10.0.2.15%enp0s3:5540: new best score: 2 (for 2386A0BF7AF7CBAF-0000000000000001)[0m
[0;32m[1784656803.846] [13402:13404] [DIS] Checking node lookup status for 2386A0BF7AF7CBAF-0000000000000001 after 1 ms[0m
[0;32m[1784656803.846] [13402:13404] [DIS] Keeping DNSSD lookup active[0m
[0;32m[1784656803.846] [13402:13404] [DIS] UDP:[fe80::bfe:a203:38f0:bce7%enp0s3]:5540: score has not improved: 7 (for 2386A0BF7AF7CBAF-0000000000000001)[0m
[0;34m[1784656803.846] [13402:13404] [DIS] Lookup clearing interface for non LL address[0m
[0;32m[1784656803.846] [13402:13404] [DIS] UDP:10.0.2.15%enp0s3:5540: score has not improved: 2 (for 2386A0BF7AF7CBAF-0000000000000001)[0m
[0;32m[1784656803.846] [13402:13404] [DIS] Checking node lookup status for 2386A0BF7AF7CBAF-0000000000000001 after 1 ms[0m
[0;32m[1784656803.846] [13402:13404] [DIS] Keeping DNSSD lookup active[0m
[0;32m[1784656804.049] [13402:13404] [DIS] Checking node lookup status for 2386A0BF7AF7CBAF-0000000000000001 after 204 ms[0m
[0;34m[1784656804.049] [13402:13404] [DIS] OperationalSessionSetup[1:0000000000000001]: Updating device address to UDP:[fe80::bfe:a203:38f0:bce7%enp0s3]:5540 while in state 2[0m
[0;34m[1784656804.049] [13402:13404] [DIS] OperationalSessionSetup[1:0000000000000001]: State change 2 --> 3[0m
[0;34m[1784656804.049] [13402:13404] [IN] SecureSession[0x7923b4009cd0]: Allocated Type:2 LSID:35523[0m
[0;32m[1784656804.049] [13402:13404] [SC] Initiating session on local FabricIndex 1 from 0x000000000001B669 -> 0x0000000000000001[0m
[0;32m[1784656804.050] [13402:13404] [EM] <<< [E:12878i S:0 M:119324543] (U) Msg TX from 4A0572C348B75C14 to 0:0000000000000000 [0000] [UDP:[fe80::bfe:a203:38f0:bce7%enp0s3]:5540] --- Type 0000:30 (SecureChannel:CASE_Sigma1) (B:196)[0m
[0;32m[1784656804.050] [13402:13404] [EM] ??1 [E:12878i S:0 M:119324543] (U) Msg Retransmission to 0:0000000000000000 scheduled for 614ms from now [State:Idle II:500 AI:300 AT:4000][0m
[0;32m[1784656804.050] [13402:13404] [SC] Sent Sigma1 msg to <0000000000000001, 1> [II:500ms AI:300ms AT:4000ms][0m
[0;34m[1784656804.050] [13402:13404] [DIS] OperationalSessionSetup[1:0000000000000001]: State change 3 --> 4[0m
[0;32m[1784656804.052] [13402:13404] [EM] >>> [E:12878i S:0 M:33228357 (Ack:119324543)] (U) Msg RX from 0:0000000000000000 [0000] to 4A0572C348B75C14 --- Type 0000:31 (SecureChannel:CASE_Sigma2) (B:751)[0m
[0;34m[1784656804.052] [13402:13404] [EM] Found matching exchange: 12878i, Delegate: 0x7923b400b8e8[0m
[0;34m[1784656804.052] [13402:13404] [EM] Rxd Ack; Removing MessageCounter:119324543 from Retrans Table on exchange 12878i[0m
[0;32m[1784656804.052] [13402:13404] [SC] Received Sigma2 msg[0m
[0;34m[1784656804.052] [13402:13404] [SC] Found MRP parameters in the message[0m
[0;34m[1784656804.053] [13402:13404] [SC] Peer <0000000000000001, 1> assigned session ID 6530[0m
[0;34m[1784656804.053] [13402:13404] [SC] Sending Sigma3[0m
[0;32m[1784656804.053] [13402:13404] [EM] <<< [E:12878i S:0 M:119324544 (Ack:33228357)] (U) Msg TX from 4A0572C348B75C14 to 0:0000000000000000 [0000] [UDP:[fe80::bfe:a203:38f0:bce7%enp0s3]:5540] --- Type 0000:32 (SecureChannel:CASE_Sigma3) (B:598)[0m
[0;32m[1784656804.053] [13402:13404] [EM] ??1 [E:12878i S:0 M:119324544] (U) Msg Retransmission to 0:0000000000000000 scheduled for 375ms from now [State:Active II:500 AI:300 AT:4000][0m
[0;32m[1784656804.053] [13402:13404] [SC] Sent Sigma3 msg[0m
[0;32m[1784656804.064] [13402:13404] [EM] >>> [E:12878i S:0 M:33228358 (Ack:119324544)] (U) Msg RX from 0:0000000000000000 [0000] to 4A0572C348B75C14 --- Type 0000:40 (SecureChannel:StatusReport) (B:34)[0m
[0;34m[1784656804.064] [13402:13404] [EM] Found matching exchange: 12878i, Delegate: 0x7923b400b8e8[0m
[0;34m[1784656804.064] [13402:13404] [EM] Rxd Ack; Removing MessageCounter:119324544 from Retrans Table on exchange 12878i[0m
[0;32m[1784656804.064] [13402:13404] [SC] Success status report received. Session was established[0m
[0;32m[1784656804.065] [13402:13404] [SC] SecureSession[0x7923b4009cd0, LSID:35523]: State change 'kEstablishing' --> 'kActive'[0m
[0;34m[1784656804.065] [13402:13404] [IN] SecureSession[0x7923b4009cd0]: Activated - Type:2 LSID:35523[0m
[0;34m[1784656804.065] [13402:13404] [IN] New secure session activated for device <0000000000000001, 1>, LSID:35523 PSID:6530![0m
[0;34m[1784656804.065] [13402:13404] [DIS] OperationalSessionSetup[1:0000000000000001]: State change 4 --> 5[0m
[0;32m[1784656804.065] [13402:13404] [TOO] Sending cluster (0x0000003E) command (0x00000007) on endpoint 0[0m
[0;34m[1784656804.065] [13402:13404] [DMG] ICR moving to [AddingComm][0m
[0;34m[1784656804.065] [13402:13404] [DMG] ICR moving to [AddedComma][0m
[0;32m[1784656804.065] [13402:13404] [EM] <<< [E:12879i S:35523 M:140495451] (S) Msg TX from 000000000001B669 to 1:0000000000000001 [CBAF] [UDP:[fe80::bfe:a203:38f0:bce7%enp0s3]:5540] --- Type 0001:08 (IM:InvokeCommandRequest) (B:330)[0m
[0;32m[1784656804.065] [13402:13404] [EM] ??1 [E:12879i S:35523 M:140495451] (S) Msg Retransmission to 1:0000000000000001 scheduled for 368ms from now [State:Active II:500 AI:300 AT:4000][0m
[0;34m[1784656804.065] [13402:13404] [DMG] ICR moving to [AwaitingRe][0m
[0;32m[1784656804.065] [13402:13404] [EM] <<< [E:12878i S:0 M:119324545 (Ack:33228358)] (U) Msg TX from 4A0572C348B75C14 to 0:0000000000000000 [0000] [UDP:[fe80::bfe:a203:38f0:bce7%enp0s3]:5540] --- Type 0000:10 (SecureChannel:StandaloneAck) (B:26)[0m
[0;34m[1784656804.065] [13402:13404] [EM] Flushed pending ack for MessageCounter:33228358 on exchange 12878i[0m
[0;32m[1784656804.076] [13402:13404] [EM] >>> [E:12879i S:35523 M:148973990 (Ack:140495451)] (S) Msg RX from 1:0000000000000001 [CBAF] to 000000000001B669 --- Type 0001:09 (IM:InvokeCommandResponse) (B:70)[0m
[0;34m[1784656804.076] [13402:13404] [EM] Found matching exchange: 12879i, Delegate: 0x7923b400eef8[0m
[0;34m[1784656804.076] [13402:13404] [EM] Rxd Ack; Removing MessageCounter:140495451 from Retrans Table on exchange 12879i[0m
[0;34m[1784656804.076] [13402:13404] [DMG] ICR moving to [ResponseRe][0m
[0;34m[1784656804.076] [13402:13404] [DMG] InvokeResponseMessage =[0m
[0;34m[1784656804.076] [13402:13404] [DMG] {[0m
[0;34m[1784656804.076] [13402:13404] [DMG] 	suppressResponse = false, [0m
[0;34m[1784656804.076] [13402:13404] [DMG] 	InvokeResponseIBs =[0m
[0;34m[1784656804.076] [13402:13404] [DMG] 	[[0m
[0;34m[1784656804.076] [13402:13404] [DMG] 		InvokeResponseIB =[0m
[0;34m[1784656804.076] [13402:13404] [DMG] 		{[0m
[0;34m[1784656804.076] [13402:13404] [DMG] 			CommandDataIB =[0m
[0;34m[1784656804.076] [13402:13404] [DMG] 			{[0m
[0;34m[1784656804.076] [13402:13404] [DMG] 				CommandPathIB =[0m
[0;34m[1784656804.076] [13402:13404] [DMG] 				{[0m
[0;34m[1784656804.076] [13402:13404] [DMG] 					EndpointId = 0x0,[0m
[0;34m[1784656804.076] [13402:13404] [DMG] 					ClusterId = 0x3e,[0m
[0;34m[1784656804.076] [13402:13404] [DMG] 					CommandId = 0x8,[0m
[0;34m[1784656804.076] [13402:13404] [DMG] 				},[0m
[0;34m[1784656804.076] [13402:13404] [DMG] 				[0m
[0;34m[1784656804.076] [13402:13404] [DMG] 				CommandFields = [0m
[0;34m[1784656804.076] [13402:13404] [DMG] 				{[0m
[0;34m[1784656804.076] [13402:13404] [DMG] 					0x0 = 0 (unsigned), [0m
[0;34m[1784656804.076] [13402:13404] [DMG] 					0x1 = 1 (unsigned), [0m
[0;34m[1784656804.076] [13402:13404] [DMG] 				},[0m
[0;34m[1784656804.076] [13402:13404] [DMG] 			},[0m
[0;34m[1784656804.076] [13402:13404] [DMG] 			[0m
[0;34m[1784656804.076] [13402:13404] [DMG] 		},[0m
[0;34m[1784656804.076] [13402:13404] [DMG] 		[0m
[0;34m[1784656804.076] [13402:13404] [DMG] 	],[0m
[0;34m[1784656804.076] [13402:13404] [DMG] 	[0m
[0;34m[1784656804.076] [13402:13404] [DMG] 	InteractionModelRevision = 12[0m
[0;34m[1784656804.076] [13402:13404] [DMG] },[0m
[0;32m[1784656804.076] [13402:13404] [DMG] Received Command Response Data, Endpoint=0 Cluster=0x0000_003E Command=0x0000_0008[0m
[0;32m[1784656804.076] [13402:13404] [TOO] Endpoint: 0 Cluster: 0x0000_003E Command 0x0000_0008[0m
[0;32m[1784656804.076] [13402:13404] [TOO]   NOCResponse: {[0m
[0;32m[1784656804.076] [13402:13404] [TOO]     statusCode: 0[0m
[0;32m[1784656804.076] [13402:13404] [TOO]     fabricIndex: 1[0m
[0;32m[1784656804.076] [13402:13404] [TOO]    }[0m
[0;34m[1784656804.076] [13402:13404] [DMG] ICR moving to [AwaitingDe][0m
[0;32m[1784656804.076] [13402:13404] [EM] <<< [E:12879i S:35523 M:140495452 (Ack:148973990)] (S) Msg TX from 000000000001B669 to 1:0000000000000001 [CBAF] [UDP:[fe80::bfe:a203:38f0:bce7%enp0s3]:5540] --- Type 0000:10 (SecureChannel:StandaloneAck) (B:34)[0m
[0;34m[1784656804.076] [13402:13404] [EM] Flushed pending ack for MessageCounter:148973990 on exchange 12879i[0m
[0;34m[1784656804.076] [13402:13402] [CTL] Shutting down the commissioner[0m
[0;32m[1784656804.076] [13402:13402] [PAF] WiFiPAF: Closing all WiFiPAF sessions to shutdown[0m
[0;34m[1784656804.076] [13402:13402] [CTL] Shutting down the controller[0m
[0;34m[1784656804.076] [13402:13402] [IN] Expiring all sessions for fabric 0x1!![0m
[0;34m[1784656804.076] [13402:13402] [IN] SecureSession[0x7923b4009cd0]: MarkForEviction Type:2 LSID:35523[0m
[0;32m[1784656804.076] [13402:13402] [SC] SecureSession[0x7923b4009cd0, LSID:35523]: State change 'kActive' --> 'kPendingEviction'[0m
[0;34m[1784656804.076] [13402:13402] [IN] SecureSession[0x7923b4009cd0]: Released - Type:2 LSID:35523[0m
[0;32m[1784656804.076] [13402:13402] [FP] Forgetting fabric 0x1[0m
[0;32m[1784656804.076] [13402:13402] [TS] Pending Last Known Good Time: 2023-10-14T01:16:48[0m
[0;32m[1784656804.076] [13402:13402] [TS] Previous Last Known Good Time: 2023-10-14T01:16:48[0m
[0;32m[1784656804.076] [13402:13402] [TS] Reverted Last Known Good Time to previous value[0m
[0;34m[1784656804.076] [13402:13402] [CTL] Shutting down the commissioner[0m
[0;32m[1784656804.076] [13402:13402] [PAF] WiFiPAF: Closing all WiFiPAF sessions to shutdown[0m
[0;34m[1784656804.076] [13402:13402] [CTL] Shutting down the controller[0m
[0;34m[1784656804.076] [13402:13402] [CTL] Shutting down the System State, this will teardown the CHIP Stack[0m
[0;34m[1784656804.076] [13402:13402] [DMG] All ReadHandler-s are clean, clear GlobalDirtySet[0m
[0;32m[1784656804.076] [13402:13402] [FP] Shutting down FabricTable[0m
[0;32m[1784656804.076] [13402:13402] [TS] Pending Last Known Good Time: 2023-10-14T01:16:48[0m
[0;32m[1784656804.076] [13402:13402] [TS] Previous Last Known Good Time: 2023-10-14T01:16:48[0m
[0;32m[1784656804.076] [13402:13402] [TS] Reverted Last Known Good Time to previous value[0m
[0;34m[1784656804.078] [13402:13402] [DL] Wrote settings to /tmp/chip_counters.ini[0m
[0;32m[1784656804.078] [13402:13402] [DL] NVS set: chip-counters/total-operational-hours = 0 (0x0)[0m
[0;32m[1784656804.078] [13402:13402] [DL] Inet Layer shutdown[0m
[0;32m[1784656804.078] [13402:13402] [DL] BLE Layer shutdown[0m
[0;32m[1784656804.078] [13402:13402] [DL] WiFi-PAF Layer shutdown[0m
[0;32m[1784656804.078] [13402:13402] [PAF] WiFiPAF: Closing all WiFiPAF sessions to shutdown[0m
[0;32m[1784656804.078] [13402:13402] [DL] System Layer shutdown[0m
