[0;34m[1784655565.899] [8541:8541] [DL] ChipLinuxStorage::Init: Using KVS config file: /tmp/chip_tool_kvs[0m
[1;31m[1784655565.900] [8541:8541] [DL] ChipLinuxStorage::Init: Attempt to re-initialize with KVS config file: /tmp/chip_kvs, IGNORING.[0m
[0;34m[1784655565.902] [8541:8541] [DL] ChipLinuxStorage::Init: Using KVS config file: /tmp/chip_factory.ini[0m
[0;34m[1784655565.902] [8541:8541] [DL] ChipLinuxStorage::Init: Using KVS config file: /tmp/chip_config.ini[0m
[0;34m[1784655565.902] [8541:8541] [DL] ChipLinuxStorage::Init: Using KVS config file: /tmp/chip_counters.ini[0m
[0;34m[1784655565.904] [8541:8541] [DL] Wrote settings to /tmp/chip_counters.ini[0m
[0;32m[1784655565.904] [8541:8541] [DL] NVS set: chip-counters/reboot-count = 3 (0x3)[0m
[0;32m[1784655565.905] [8541:8541] [DL] Got Ethernet interface: enp0s3[0m
[0;32m[1784655565.905] [8541:8541] [DL] Found the primary Ethernet interface:enp0s3[0m
[1;31m[1784655565.905] [8541:8541] [DL] Failed to get WiFi interface[0m
[1;31m[1784655565.905] [8541:8541] [DL] Failed to reset WiFi statistic counts[0m
[0;32m[1784655565.905] [8541:8541] [PAF] WiFiPAF: WiFiPAFLayer::Init()[0m
[0;34m[1784655565.905] [8541:8541] [IN] UDP::Init bind&listen port=0[0m
[0;34m[1784655565.905] [8541:8541] [IN] UDP::Init bound to port=60120[0m
[0;34m[1784655565.905] [8541:8541] [IN] UDP::Init bind&listen port=0[0m
[0;34m[1784655565.905] [8541:8541] [IN] UDP::Init bound to port=33800[0m
[0;34m[1784655565.905] [8541:8541] [IN] BLEBase::Init - setting/overriding transport[0m
[0;34m[1784655565.905] [8541:8541] [IN] WiFiPAFBase::Init - setting/overriding transport[0m
[0;34m[1784655565.905] [8541:8541] [IN] TransportMgr initialized[0m
[0;34m[1784655565.905] [8541:8541] [FP] Initializing FabricTable from persistent storage[0m
[0;32m[1784655565.905] [8541:8541] [TS] Last Known Good Time: 2023-10-14T01:16:48[0m
[0;32m[1784655565.905] [8541:8541] [FP] Fabric index 0x1 was retrieved from storage. Compressed FabricId 0xBA705894F9DA9DE1, FabricId 0x0000000000000001, NodeId 0x000000000001B669, VendorId 0xFFF1[0m
[0;32m[1784655565.906] [8541:8541] [DMG] Ember attribute persistence requires setting up[0m
[0;32m[1784655565.906] [8541:8541] [ZCL] Using ZAP configuration...[0m
[0;34m[1784655565.906] [8541:8541] [CTL] System State Initialized...[0m
[0;32m[1784655565.906] [8541:8541] [CTL] Setting attestation nonce to random value[0m
[0;32m[1784655565.906] [8541:8541] [CTL] Setting CSR nonce to random value[0m
[0;34m[1784655565.906] [8541:8543] [DL] CHIP task running[0m
[0;32m[1784655565.907] [8541:8543] [CTL] Setting attestation nonce to random value[0m
[0;32m[1784655565.907] [8541:8543] [CTL] Setting CSR nonce to random value[0m
[0;32m[1784655565.907] [8541:8543] [CTL] Generating NOC[0m
[0;32m[1784655565.907] [8541:8543] [FP] Validating NOC chain[0m
[0;32m[1784655565.907] [8541:8543] [FP] NOC chain validation successful[0m
[0;32m[1784655565.907] [8541:8543] [FP] Updated fabric at index: 0x1, Node ID: 0x000000000001B669[0m
[0;32m[1784655565.907] [8541:8543] [TS] Last Known Good Time: 2023-10-14T01:16:48[0m
[0;32m[1784655565.907] [8541:8543] [TS] New proposed Last Known Good Time: 2021-01-01T00:00:00[0m
[0;32m[1784655565.907] [8541:8543] [TS] Retaining current Last Known Good Time[0m
[0;32m[1784655565.908] [8541:8543] [FP] Metadata for Fabric 0x1 persisted to storage.[0m
[0;32m[1784655565.909] [8541:8543] [TS] Committing Last Known Good Time to storage: 2023-10-14T01:16:48[0m
[0;32m[1784655565.910] [8541:8543] [CTL] Joined the fabric at index 1. Fabric ID is 0x0000000000000001 (Compressed Fabric ID: BA705894F9DA9DE1)[0m
[0;32m[1784655565.913] [8541:8543] [TOO] Sending command to node 0x1[0m
[0;34m[1784655565.913] [8541:8543] [CSM] FindOrEstablishSession: PeerId = [1:0000000000000001][0m
[0;34m[1784655565.913] [8541:8543] [CSM] FindOrEstablishSession: No existing OperationalSessionSetup instance found[0m
[0;34m[1784655565.913] [8541:8543] [DIS] OperationalSessionSetup[1:0000000000000001]: State change 1 --> 2[0m
[0;32m[1784655565.913] [8541:8543] [DIS] Lookup started for BA705894F9DA9DE1-0000000000000001[0m
[0;32m[1784655565.913] [8541:8543] [DIS] UDP:[fe80::bfe:a203:38f0:bce7%enp0s3]:5540: new best score: 7 (for BA705894F9DA9DE1-0000000000000001)[0m
[0;34m[1784655565.913] [8541:8543] [DIS] Lookup clearing interface for non LL address[0m
[0;32m[1784655565.913] [8541:8543] [DIS] UDP:10.0.2.15%enp0s3:5540: new best score: 2 (for BA705894F9DA9DE1-0000000000000001)[0m
[0;32m[1784655565.913] [8541:8543] [DIS] Checking node lookup status for BA705894F9DA9DE1-0000000000000001 after 1 ms[0m
[0;32m[1784655565.913] [8541:8543] [DIS] Keeping DNSSD lookup active[0m
[0;32m[1784655565.914] [8541:8543] [DIS] UDP:[fe80::bfe:a203:38f0:bce7%enp0s3]:5540: score has not improved: 7 (for BA705894F9DA9DE1-0000000000000001)[0m
[0;34m[1784655565.914] [8541:8543] [DIS] Lookup clearing interface for non LL address[0m
[0;32m[1784655565.914] [8541:8543] [DIS] UDP:10.0.2.15%enp0s3:5540: score has not improved: 2 (for BA705894F9DA9DE1-0000000000000001)[0m
[0;32m[1784655565.914] [8541:8543] [DIS] Checking node lookup status for BA705894F9DA9DE1-0000000000000001 after 1 ms[0m
[0;32m[1784655565.914] [8541:8543] [DIS] Keeping DNSSD lookup active[0m
[0;32m[1784655566.114] [8541:8543] [DIS] Checking node lookup status for BA705894F9DA9DE1-0000000000000001 after 202 ms[0m
[0;34m[1784655566.114] [8541:8543] [DIS] OperationalSessionSetup[1:0000000000000001]: Updating device address to UDP:[fe80::bfe:a203:38f0:bce7%enp0s3]:5540 while in state 2[0m
[0;34m[1784655566.114] [8541:8543] [DIS] OperationalSessionSetup[1:0000000000000001]: State change 2 --> 3[0m
[0;34m[1784655566.115] [8541:8543] [IN] SecureSession[0x7ef720009cd0]: Allocated Type:2 LSID:19248[0m
[0;32m[1784655566.115] [8541:8543] [SC] Initiating session on local FabricIndex 1 from 0x000000000001B669 -> 0x0000000000000001[0m
[0;32m[1784655566.115] [8541:8543] [EM] <<< [E:58249i S:0 M:112966096] (U) Msg TX from 6F4695C0F2B6D812 to 0:0000000000000000 [0000] [UDP:[fe80::bfe:a203:38f0:bce7%enp0s3]:5540] --- Type 0000:30 (SecureChannel:CASE_Sigma1) (B:196)[0m
[0;32m[1784655566.115] [8541:8543] [EM] ??1 [E:58249i S:0 M:112966096] (U) Msg Retransmission to 0:0000000000000000 scheduled for 651ms from now [State:Idle II:500 AI:300 AT:4000][0m
[0;32m[1784655566.115] [8541:8543] [SC] Sent Sigma1 msg to <0000000000000001, 1> [II:500ms AI:300ms AT:4000ms][0m
[0;34m[1784655566.115] [8541:8543] [DIS] OperationalSessionSetup[1:0000000000000001]: State change 3 --> 4[0m
[0;32m[1784655566.116] [8541:8543] [EM] >>> [E:58249i S:0 M:142917758 (Ack:112966096)] (U) Msg RX from 0:0000000000000000 [0000] to 6F4695C0F2B6D812 --- Type 0000:31 (SecureChannel:CASE_Sigma2) (B:751)[0m
[0;34m[1784655566.116] [8541:8543] [EM] Found matching exchange: 58249i, Delegate: 0x7ef72000b8e8[0m
[0;34m[1784655566.116] [8541:8543] [EM] Rxd Ack; Removing MessageCounter:112966096 from Retrans Table on exchange 58249i[0m
[0;32m[1784655566.116] [8541:8543] [SC] Received Sigma2 msg[0m
[0;34m[1784655566.116] [8541:8543] [SC] Found MRP parameters in the message[0m
[0;34m[1784655566.116] [8541:8543] [SC] Peer <0000000000000001, 1> assigned session ID 35433[0m
[0;34m[1784655566.116] [8541:8543] [SC] Sending Sigma3[0m
[0;32m[1784655566.116] [8541:8543] [EM] <<< [E:58249i S:0 M:112966097 (Ack:142917758)] (U) Msg TX from 6F4695C0F2B6D812 to 0:0000000000000000 [0000] [UDP:[fe80::bfe:a203:38f0:bce7%enp0s3]:5540] --- Type 0000:32 (SecureChannel:CASE_Sigma3) (B:598)[0m
[0;32m[1784655566.117] [8541:8543] [EM] ??1 [E:58249i S:0 M:112966097] (U) Msg Retransmission to 0:0000000000000000 scheduled for 411ms from now [State:Active II:500 AI:300 AT:4000][0m
[0;32m[1784655566.117] [8541:8543] [SC] Sent Sigma3 msg[0m
[0;32m[1784655566.126] [8541:8543] [EM] >>> [E:58249i S:0 M:142917759 (Ack:112966097)] (U) Msg RX from 0:0000000000000000 [0000] to 6F4695C0F2B6D812 --- Type 0000:40 (SecureChannel:StatusReport) (B:34)[0m
[0;34m[1784655566.126] [8541:8543] [EM] Found matching exchange: 58249i, Delegate: 0x7ef72000b8e8[0m
[0;34m[1784655566.126] [8541:8543] [EM] Rxd Ack; Removing MessageCounter:112966097 from Retrans Table on exchange 58249i[0m
[0;32m[1784655566.126] [8541:8543] [SC] Success status report received. Session was established[0m
[0;32m[1784655566.127] [8541:8543] [SC] SecureSession[0x7ef720009cd0, LSID:19248]: State change 'kEstablishing' --> 'kActive'[0m
[0;34m[1784655566.127] [8541:8543] [IN] SecureSession[0x7ef720009cd0]: Activated - Type:2 LSID:19248[0m
[0;34m[1784655566.127] [8541:8543] [IN] New secure session activated for device <0000000000000001, 1>, LSID:19248 PSID:35433![0m
[0;34m[1784655566.127] [8541:8543] [DIS] OperationalSessionSetup[1:0000000000000001]: State change 4 --> 5[0m
[0;32m[1784655566.127] [8541:8543] [TOO] Sending cluster (0x00000030) command (0x00000000) on endpoint 0[0m
[0;34m[1784655566.127] [8541:8543] [DMG] ICR moving to [AddingComm][0m
[0;34m[1784655566.127] [8541:8543] [DMG] ICR moving to [AddedComma][0m
[0;32m[1784655566.127] [8541:8543] [EM] <<< [E:58250i S:19248 M:167592348] (S) Msg TX from 000000000001B669 to 1:0000000000000001 [9DE1] [UDP:[fe80::bfe:a203:38f0:bce7%enp0s3]:5540] --- Type 0001:08 (IM:InvokeCommandRequest) (B:65)[0m
[0;32m[1784655566.127] [8541:8543] [EM] ??1 [E:58250i S:19248 M:167592348] (S) Msg Retransmission to 1:0000000000000001 scheduled for 344ms from now [State:Active II:500 AI:300 AT:4000][0m
[0;34m[1784655566.127] [8541:8543] [DMG] ICR moving to [AwaitingRe][0m
[0;32m[1784655566.127] [8541:8543] [EM] <<< [E:58249i S:0 M:112966098 (Ack:142917759)] (U) Msg TX from 6F4695C0F2B6D812 to 0:0000000000000000 [0000] [UDP:[fe80::bfe:a203:38f0:bce7%enp0s3]:5540] --- Type 0000:10 (SecureChannel:StandaloneAck) (B:26)[0m
[0;34m[1784655566.127] [8541:8543] [EM] Flushed pending ack for MessageCounter:142917759 on exchange 58249i[0m
[0;32m[1784655566.127] [8541:8543] [EM] >>> [E:58250i S:19248 M:243244234 (Ack:167592348)] (S) Msg RX from 1:0000000000000001 [9DE1] to 000000000001B669 --- Type 0001:09 (IM:InvokeCommandResponse) (B:70)[0m
[0;34m[1784655566.127] [8541:8543] [EM] Found matching exchange: 58250i, Delegate: 0x7ef72000eef8[0m
[0;34m[1784655566.127] [8541:8543] [EM] Rxd Ack; Removing MessageCounter:167592348 from Retrans Table on exchange 58250i[0m
[0;34m[1784655566.127] [8541:8543] [DMG] ICR moving to [ResponseRe][0m
[0;34m[1784655566.127] [8541:8543] [DMG] InvokeResponseMessage =[0m
[0;34m[1784655566.127] [8541:8543] [DMG] {[0m
[0;34m[1784655566.127] [8541:8543] [DMG] 	suppressResponse = false, [0m
[0;34m[1784655566.127] [8541:8543] [DMG] 	InvokeResponseIBs =[0m
[0;34m[1784655566.127] [8541:8543] [DMG] 	[[0m
[0;34m[1784655566.127] [8541:8543] [DMG] 		InvokeResponseIB =[0m
[0;34m[1784655566.127] [8541:8543] [DMG] 		{[0m
[0;34m[1784655566.127] [8541:8543] [DMG] 			CommandDataIB =[0m
[0;34m[1784655566.127] [8541:8543] [DMG] 			{[0m
[0;34m[1784655566.127] [8541:8543] [DMG] 				CommandPathIB =[0m
[0;34m[1784655566.127] [8541:8543] [DMG] 				{[0m
[0;34m[1784655566.127] [8541:8543] [DMG] 					EndpointId = 0x0,[0m
[0;34m[1784655566.127] [8541:8543] [DMG] 					ClusterId = 0x30,[0m
[0;34m[1784655566.127] [8541:8543] [DMG] 					CommandId = 0x1,[0m
[0;34m[1784655566.127] [8541:8543] [DMG] 				},[0m
[0;34m[1784655566.127] [8541:8543] [DMG] 				[0m
[0;34m[1784655566.127] [8541:8543] [DMG] 				CommandFields = [0m
[0;34m[1784655566.127] [8541:8543] [DMG] 				{[0m
[0;34m[1784655566.127] [8541:8543] [DMG] 					0x0 = 0 (unsigned), [0m
[0;34m[1784655566.127] [8541:8543] [DMG] 					0x1 = "" (0 chars), [0m
[0;34m[1784655566.127] [8541:8543] [DMG] 				},[0m
[0;34m[1784655566.127] [8541:8543] [DMG] 			},[0m
[0;34m[1784655566.127] [8541:8543] [DMG] 			[0m
[0;34m[1784655566.127] [8541:8543] [DMG] 		},[0m
[0;34m[1784655566.127] [8541:8543] [DMG] 		[0m
[0;34m[1784655566.127] [8541:8543] [DMG] 	],[0m
[0;34m[1784655566.127] [8541:8543] [DMG] 	[0m
[0;34m[1784655566.127] [8541:8543] [DMG] 	InteractionModelRevision = 12[0m
[0;34m[1784655566.127] [8541:8543] [DMG] },[0m
[0;32m[1784655566.127] [8541:8543] [DMG] Received Command Response Data, Endpoint=0 Cluster=0x0000_0030 Command=0x0000_0001[0m
[0;32m[1784655566.127] [8541:8543] [TOO] Endpoint: 0 Cluster: 0x0000_0030 Command 0x0000_0001[0m
[0;32m[1784655566.127] [8541:8543] [TOO]   ArmFailSafeResponse: {[0m
[0;32m[1784655566.127] [8541:8543] [TOO]     errorCode: 0[0m
[0;32m[1784655566.127] [8541:8543] [TOO]     debugText: [0m
[0;32m[1784655566.127] [8541:8543] [TOO]    }[0m
[0;34m[1784655566.127] [8541:8543] [DMG] ICR moving to [AwaitingDe][0m
[0;32m[1784655566.127] [8541:8543] [EM] <<< [E:58250i S:19248 M:167592349 (Ack:243244234)] (S) Msg TX from 000000000001B669 to 1:0000000000000001 [9DE1] [UDP:[fe80::bfe:a203:38f0:bce7%enp0s3]:5540] --- Type 0000:10 (SecureChannel:StandaloneAck) (B:34)[0m
[0;34m[1784655566.128] [8541:8543] [EM] Flushed pending ack for MessageCounter:243244234 on exchange 58250i[0m
[0;34m[1784655566.128] [8541:8541] [CTL] Shutting down the commissioner[0m
[0;32m[1784655566.128] [8541:8541] [PAF] WiFiPAF: Closing all WiFiPAF sessions to shutdown[0m
[0;34m[1784655566.128] [8541:8541] [CTL] Shutting down the controller[0m
[0;34m[1784655566.128] [8541:8541] [IN] Expiring all sessions for fabric 0x1!![0m
[0;34m[1784655566.128] [8541:8541] [IN] SecureSession[0x7ef720009cd0]: MarkForEviction Type:2 LSID:19248[0m
[0;32m[1784655566.128] [8541:8541] [SC] SecureSession[0x7ef720009cd0, LSID:19248]: State change 'kActive' --> 'kPendingEviction'[0m
[0;34m[1784655566.128] [8541:8541] [IN] SecureSession[0x7ef720009cd0]: Released - Type:2 LSID:19248[0m
[0;32m[1784655566.128] [8541:8541] [FP] Forgetting fabric 0x1[0m
[0;32m[1784655566.128] [8541:8541] [TS] Pending Last Known Good Time: 2023-10-14T01:16:48[0m
[0;32m[1784655566.128] [8541:8541] [TS] Previous Last Known Good Time: 2023-10-14T01:16:48[0m
[0;32m[1784655566.128] [8541:8541] [TS] Reverted Last Known Good Time to previous value[0m
[0;34m[1784655566.128] [8541:8541] [CTL] Shutting down the commissioner[0m
[0;32m[1784655566.128] [8541:8541] [PAF] WiFiPAF: Closing all WiFiPAF sessions to shutdown[0m
[0;34m[1784655566.128] [8541:8541] [CTL] Shutting down the controller[0m
[0;34m[1784655566.128] [8541:8541] [CTL] Shutting down the System State, this will teardown the CHIP Stack[0m
[0;34m[1784655566.128] [8541:8541] [DMG] All ReadHandler-s are clean, clear GlobalDirtySet[0m
[0;32m[1784655566.128] [8541:8541] [FP] Shutting down FabricTable[0m
[0;32m[1784655566.128] [8541:8541] [TS] Pending Last Known Good Time: 2023-10-14T01:16:48[0m
[0;32m[1784655566.128] [8541:8541] [TS] Previous Last Known Good Time: 2023-10-14T01:16:48[0m
[0;32m[1784655566.128] [8541:8541] [TS] Reverted Last Known Good Time to previous value[0m
[0;34m[1784655566.130] [8541:8541] [DL] Wrote settings to /tmp/chip_counters.ini[0m
[0;32m[1784655566.130] [8541:8541] [DL] NVS set: chip-counters/total-operational-hours = 0 (0x0)[0m
[0;32m[1784655566.130] [8541:8541] [DL] Inet Layer shutdown[0m
[0;32m[1784655566.130] [8541:8541] [DL] BLE Layer shutdown[0m
[0;32m[1784655566.130] [8541:8541] [DL] WiFi-PAF Layer shutdown[0m
[0;32m[1784655566.130] [8541:8541] [PAF] WiFiPAF: Closing all WiFiPAF sessions to shutdown[0m
[0;32m[1784655566.130] [8541:8541] [DL] System Layer shutdown[0m
