[0;34m[1784655566.177] [8545:8545] [DL] ChipLinuxStorage::Init: Using KVS config file: /tmp/chip_tool_kvs[0m
[1;31m[1784655566.178] [8545:8545] [DL] ChipLinuxStorage::Init: Attempt to re-initialize with KVS config file: /tmp/chip_kvs, IGNORING.[0m
[0;34m[1784655566.179] [8545:8545] [DL] ChipLinuxStorage::Init: Using KVS config file: /tmp/chip_factory.ini[0m
[0;34m[1784655566.179] [8545:8545] [DL] ChipLinuxStorage::Init: Using KVS config file: /tmp/chip_config.ini[0m
[0;34m[1784655566.180] [8545:8545] [DL] ChipLinuxStorage::Init: Using KVS config file: /tmp/chip_counters.ini[0m
[0;34m[1784655566.182] [8545:8545] [DL] Wrote settings to /tmp/chip_counters.ini[0m
[0;32m[1784655566.182] [8545:8545] [DL] NVS set: chip-counters/reboot-count = 4 (0x4)[0m
[0;32m[1784655566.183] [8545:8545] [DL] Got Ethernet interface: enp0s3[0m
[0;32m[1784655566.183] [8545:8545] [DL] Found the primary Ethernet interface:enp0s3[0m
[1;31m[1784655566.183] [8545:8545] [DL] Failed to get WiFi interface[0m
[1;31m[1784655566.183] [8545:8545] [DL] Failed to reset WiFi statistic counts[0m
[0;32m[1784655566.183] [8545:8545] [PAF] WiFiPAF: WiFiPAFLayer::Init()[0m
[0;34m[1784655566.183] [8545:8545] [IN] UDP::Init bind&listen port=0[0m
[0;34m[1784655566.183] [8545:8545] [IN] UDP::Init bound to port=59311[0m
[0;34m[1784655566.183] [8545:8545] [IN] UDP::Init bind&listen port=0[0m
[0;34m[1784655566.183] [8545:8545] [IN] UDP::Init bound to port=39063[0m
[0;34m[1784655566.183] [8545:8545] [IN] BLEBase::Init - setting/overriding transport[0m
[0;34m[1784655566.183] [8545:8545] [IN] WiFiPAFBase::Init - setting/overriding transport[0m
[0;34m[1784655566.183] [8545:8545] [IN] TransportMgr initialized[0m
[0;34m[1784655566.183] [8545:8545] [FP] Initializing FabricTable from persistent storage[0m
[0;32m[1784655566.183] [8545:8545] [TS] Last Known Good Time: 2023-10-14T01:16:48[0m
[0;32m[1784655566.183] [8545:8545] [FP] Fabric index 0x1 was retrieved from storage. Compressed FabricId 0xBA705894F9DA9DE1, FabricId 0x0000000000000001, NodeId 0x000000000001B669, VendorId 0xFFF1[0m
[0;32m[1784655566.184] [8545:8545] [DMG] Ember attribute persistence requires setting up[0m
[0;32m[1784655566.184] [8545:8545] [ZCL] Using ZAP configuration...[0m
[0;34m[1784655566.184] [8545:8545] [CTL] System State Initialized...[0m
[0;32m[1784655566.184] [8545:8545] [CTL] Setting attestation nonce to random value[0m
[0;32m[1784655566.184] [8545:8545] [CTL] Setting CSR nonce to random value[0m
[0;34m[1784655566.184] [8545:8547] [DL] CHIP task running[0m
[0;32m[1784655566.185] [8545:8547] [CTL] Setting attestation nonce to random value[0m
[0;32m[1784655566.185] [8545:8547] [CTL] Setting CSR nonce to random value[0m
[0;32m[1784655566.185] [8545:8547] [CTL] Generating NOC[0m
[0;32m[1784655566.185] [8545:8547] [FP] Validating NOC chain[0m
[0;32m[1784655566.185] [8545:8547] [FP] NOC chain validation successful[0m
[0;32m[1784655566.185] [8545:8547] [FP] Updated fabric at index: 0x1, Node ID: 0x000000000001B669[0m
[0;32m[1784655566.185] [8545:8547] [TS] Last Known Good Time: 2023-10-14T01:16:48[0m
[0;32m[1784655566.185] [8545:8547] [TS] New proposed Last Known Good Time: 2021-01-01T00:00:00[0m
[0;32m[1784655566.185] [8545:8547] [TS] Retaining current Last Known Good Time[0m
[0;32m[1784655566.187] [8545:8547] [FP] Metadata for Fabric 0x1 persisted to storage.[0m
[0;32m[1784655566.187] [8545:8547] [TS] Committing Last Known Good Time to storage: 2023-10-14T01:16:48[0m
[0;32m[1784655566.188] [8545:8547] [CTL] Joined the fabric at index 1. Fabric ID is 0x0000000000000001 (Compressed Fabric ID: BA705894F9DA9DE1)[0m
[0;32m[1784655566.192] [8545:8547] [TOO] Sending command to node 0x1[0m
[0;34m[1784655566.192] [8545:8547] [CSM] FindOrEstablishSession: PeerId = [1:0000000000000001][0m
[0;34m[1784655566.192] [8545:8547] [CSM] FindOrEstablishSession: No existing OperationalSessionSetup instance found[0m
[0;34m[1784655566.192] [8545:8547] [DIS] OperationalSessionSetup[1:0000000000000001]: State change 1 --> 2[0m
[0;32m[1784655566.192] [8545:8547] [DIS] Lookup started for BA705894F9DA9DE1-0000000000000001[0m
[0;32m[1784655566.192] [8545:8547] [DIS] UDP:[fe80::bfe:a203:38f0:bce7%enp0s3]:5540: new best score: 7 (for BA705894F9DA9DE1-0000000000000001)[0m
[0;34m[1784655566.192] [8545:8547] [DIS] Lookup clearing interface for non LL address[0m
[0;32m[1784655566.192] [8545:8547] [DIS] UDP:10.0.2.15%enp0s3:5540: new best score: 2 (for BA705894F9DA9DE1-0000000000000001)[0m
[0;32m[1784655566.193] [8545:8547] [DIS] Checking node lookup status for BA705894F9DA9DE1-0000000000000001 after 1 ms[0m
[0;32m[1784655566.193] [8545:8547] [DIS] Keeping DNSSD lookup active[0m
[0;32m[1784655566.193] [8545:8547] [DIS] UDP:[fe80::bfe:a203:38f0:bce7%enp0s3]:5540: score has not improved: 7 (for BA705894F9DA9DE1-0000000000000001)[0m
[0;34m[1784655566.193] [8545:8547] [DIS] Lookup clearing interface for non LL address[0m
[0;32m[1784655566.193] [8545:8547] [DIS] UDP:10.0.2.15%enp0s3:5540: score has not improved: 2 (for BA705894F9DA9DE1-0000000000000001)[0m
[0;32m[1784655566.193] [8545:8547] [DIS] Checking node lookup status for BA705894F9DA9DE1-0000000000000001 after 1 ms[0m
[0;32m[1784655566.193] [8545:8547] [DIS] Keeping DNSSD lookup active[0m
[0;32m[1784655566.394] [8545:8547] [DIS] Checking node lookup status for BA705894F9DA9DE1-0000000000000001 after 202 ms[0m
[0;34m[1784655566.394] [8545:8547] [DIS] OperationalSessionSetup[1:0000000000000001]: Updating device address to UDP:[fe80::bfe:a203:38f0:bce7%enp0s3]:5540 while in state 2[0m
[0;34m[1784655566.394] [8545:8547] [DIS] OperationalSessionSetup[1:0000000000000001]: State change 2 --> 3[0m
[0;34m[1784655566.394] [8545:8547] [IN] SecureSession[0x781bc0009cd0]: Allocated Type:2 LSID:8085[0m
[0;32m[1784655566.394] [8545:8547] [SC] Initiating session on local FabricIndex 1 from 0x000000000001B669 -> 0x0000000000000001[0m
[0;32m[1784655566.394] [8545:8547] [EM] <<< [E:39382i S:0 M:79380063] (U) Msg TX from FF5A2E088CC3F8C8 to 0:0000000000000000 [0000] [UDP:[fe80::bfe:a203:38f0:bce7%enp0s3]:5540] --- Type 0000:30 (SecureChannel:CASE_Sigma1) (B:196)[0m
[0;32m[1784655566.395] [8545:8547] [EM] ??1 [E:39382i S:0 M:79380063] (U) Msg Retransmission to 0:0000000000000000 scheduled for 631ms from now [State:Idle II:500 AI:300 AT:4000][0m
[0;32m[1784655566.395] [8545:8547] [SC] Sent Sigma1 msg to <0000000000000001, 1> [II:500ms AI:300ms AT:4000ms][0m
[0;34m[1784655566.395] [8545:8547] [DIS] OperationalSessionSetup[1:0000000000000001]: State change 3 --> 4[0m
[0;32m[1784655566.395] [8545:8547] [EM] >>> [E:39382i S:0 M:142917760 (Ack:79380063)] (U) Msg RX from 0:0000000000000000 [0000] to FF5A2E088CC3F8C8 --- Type 0000:31 (SecureChannel:CASE_Sigma2) (B:751)[0m
[0;34m[1784655566.395] [8545:8547] [EM] Found matching exchange: 39382i, Delegate: 0x781bc000b8e8[0m
[0;34m[1784655566.395] [8545:8547] [EM] Rxd Ack; Removing MessageCounter:79380063 from Retrans Table on exchange 39382i[0m
[0;32m[1784655566.395] [8545:8547] [SC] Received Sigma2 msg[0m
[0;34m[1784655566.395] [8545:8547] [SC] Found MRP parameters in the message[0m
[0;34m[1784655566.396] [8545:8547] [SC] Peer <0000000000000001, 1> assigned session ID 35434[0m
[0;34m[1784655566.396] [8545:8547] [SC] Sending Sigma3[0m
[0;32m[1784655566.396] [8545:8547] [EM] <<< [E:39382i S:0 M:79380064 (Ack:142917760)] (U) Msg TX from FF5A2E088CC3F8C8 to 0:0000000000000000 [0000] [UDP:[fe80::bfe:a203:38f0:bce7%enp0s3]:5540] --- Type 0000:32 (SecureChannel:CASE_Sigma3) (B:598)[0m
[0;32m[1784655566.396] [8545:8547] [EM] ??1 [E:39382i S:0 M:79380064] (U) Msg Retransmission to 0:0000000000000000 scheduled for 397ms from now [State:Active II:500 AI:300 AT:4000][0m
[0;32m[1784655566.396] [8545:8547] [SC] Sent Sigma3 msg[0m
[0;32m[1784655566.404] [8545:8547] [EM] >>> [E:39382i S:0 M:142917761 (Ack:79380064)] (U) Msg RX from 0:0000000000000000 [0000] to FF5A2E088CC3F8C8 --- Type 0000:40 (SecureChannel:StatusReport) (B:34)[0m
[0;34m[1784655566.404] [8545:8547] [EM] Found matching exchange: 39382i, Delegate: 0x781bc000b8e8[0m
[0;34m[1784655566.404] [8545:8547] [EM] Rxd Ack; Removing MessageCounter:79380064 from Retrans Table on exchange 39382i[0m
[0;32m[1784655566.404] [8545:8547] [SC] Success status report received. Session was established[0m
[0;32m[1784655566.406] [8545:8547] [SC] SecureSession[0x781bc0009cd0, LSID:8085]: State change 'kEstablishing' --> 'kActive'[0m
[0;34m[1784655566.406] [8545:8547] [IN] SecureSession[0x781bc0009cd0]: Activated - Type:2 LSID:8085[0m
[0;34m[1784655566.406] [8545:8547] [IN] New secure session activated for device <0000000000000001, 1>, LSID:8085 PSID:35434![0m
[0;34m[1784655566.406] [8545:8547] [DIS] OperationalSessionSetup[1:0000000000000001]: State change 4 --> 5[0m
[0;32m[1784655566.406] [8545:8547] [TOO] Sending cluster (0x0000003E) command (0x00000004) on endpoint 0[0m
[0;34m[1784655566.406] [8545:8547] [DMG] ICR moving to [AddingComm][0m
[0;34m[1784655566.406] [8545:8547] [DMG] ICR moving to [AddedComma][0m
[0;32m[1784655566.406] [8545:8547] [EM] <<< [E:39383i S:8085 M:230867448] (S) Msg TX from 000000000001B669 to 1:0000000000000001 [9DE1] [UDP:[fe80::bfe:a203:38f0:bce7%enp0s3]:5540] --- Type 0001:08 (IM:InvokeCommandRequest) (B:96)[0m
[0;32m[1784655566.406] [8545:8547] [EM] ??1 [E:39383i S:8085 M:230867448] (S) Msg Retransmission to 1:0000000000000001 scheduled for 403ms from now [State:Active II:500 AI:300 AT:4000][0m
[0;34m[1784655566.406] [8545:8547] [DMG] ICR moving to [AwaitingRe][0m
[0;32m[1784655566.406] [8545:8547] [EM] <<< [E:39382i S:0 M:79380065 (Ack:142917761)] (U) Msg TX from FF5A2E088CC3F8C8 to 0:0000000000000000 [0000] [UDP:[fe80::bfe:a203:38f0:bce7%enp0s3]:5540] --- Type 0000:10 (SecureChannel:StandaloneAck) (B:26)[0m
[0;34m[1784655566.406] [8545:8547] [EM] Flushed pending ack for MessageCounter:142917761 on exchange 39382i[0m
[0;32m[1784655566.407] [8545:8547] [EM] >>> [E:39383i S:8085 M:226890748 (Ack:230867448)] (S) Msg RX from 1:0000000000000001 [9DE1] to 000000000001B669 --- Type 0001:09 (IM:InvokeCommandResponse) (B:377)[0m
[0;34m[1784655566.407] [8545:8547] [EM] Found matching exchange: 39383i, Delegate: 0x781bc000eef8[0m
[0;34m[1784655566.407] [8545:8547] [EM] Rxd Ack; Removing MessageCounter:230867448 from Retrans Table on exchange 39383i[0m
[0;34m[1784655566.407] [8545:8547] [DMG] ICR moving to [ResponseRe][0m
[0;34m[1784655566.407] [8545:8547] [DMG] InvokeResponseMessage =[0m
[0;34m[1784655566.407] [8545:8547] [DMG] {[0m
[0;34m[1784655566.407] [8545:8547] [DMG] 	suppressResponse = false, [0m
[0;34m[1784655566.407] [8545:8547] [DMG] 	InvokeResponseIBs =[0m
[0;34m[1784655566.407] [8545:8547] [DMG] 	[[0m
[0;34m[1784655566.407] [8545:8547] [DMG] 		InvokeResponseIB =[0m
[0;34m[1784655566.407] [8545:8547] [DMG] 		{[0m
[0;34m[1784655566.407] [8545:8547] [DMG] 			CommandDataIB =[0m
[0;34m[1784655566.407] [8545:8547] [DMG] 			{[0m
[0;34m[1784655566.407] [8545:8547] [DMG] 				CommandPathIB =[0m
[0;34m[1784655566.407] [8545:8547] [DMG] 				{[0m
[0;34m[1784655566.407] [8545:8547] [DMG] 					EndpointId = 0x0,[0m
[0;34m[1784655566.407] [8545:8547] [DMG] 					ClusterId = 0x3e,[0m
[0;34m[1784655566.407] [8545:8547] [DMG] 					CommandId = 0x5,[0m
[0;34m[1784655566.407] [8545:8547] [DMG] 				},[0m
[0;34m[1784655566.407] [8545:8547] [DMG] 				[0m
[0;34m[1784655566.407] [8545:8547] [DMG] 				CommandFields = [0m
[0;34m[1784655566.407] [8545:8547] [DMG] 				{[0m
[0;34m[1784655566.407] [8545:8547] [DMG] 					0x0 = [[0m
[0;34m[1784655566.407] [8545:8547] [DMG] 							0x15, 0x30, 0x01, 0xcb, 0x30, 0x81, 0xc8, 0x30, 0x70, 0x02, 0x01, 0x00, 0x30, 0x0e, 0x31, 0x0c, 0x30, 0x0a, 0x06, 0x03, 0x55, 0x04, 0x0a, 0x0c, 0x03, 0x43, 0x53, 0x52, 0x30, 0x59, 0x30, 0x13, 0x06, 0x07, 0x2a, 0x86, 0x48, 0xce, 0x3d, 0x02, 0x01, 0x06, 0x08, 0x2a, 0x86, 0x48, 0xce, 0x3d, 0x03, 0x01, 0x07, 0x03, 0x42, 0x00, 0x04, 0xc2, 0x18, 0x09, 0x60, 0xa0, 0x1b, 0x77, 0xfc, 0x5d, 0x8b, 0x30, 0x9a, 0x34, 0x6d, 0xdb, 0x7b, 0x7b, 0x89, 0x35, 0xbd, 0xc5, 0x83, 0x38, 0x3b, 0xaa, 0x03, 0xf5, 0x06, 0x82, 0x0d, 0x24, 0x6a, 0x35, 0x3a, 0x24, 0x77, 0x97, 0xf2, 0xad, 0x9d, 0xfb, 0xf6, 0x46, 0xe8, 0xe8, 0xcf, 0x83, 0xa1, 0x27, 0x0b, 0x0f, 0x19, 0xb9, 0xac, 0xa6, 0xf7, 0x13, 0x7a, 0x99, 0x64, 0x61, 0xad, 0x7a, 0xad, 0xa0, 0x00, 0x30, 0x0a, 0x06, 0x08, 0x2a, 0x86, 0x48, 0xce, 0x3d, 0x04, 0x03, 0x02, 0x03, 0x48, 0x00, 0x30, 0x45, 0x02, 0x21, 0x00, 0xd1, 0x35, 0x59, 0x66, 0x2d, 0xd6, 0x72, 0x3f, 0xe1, 0xa7, 0x06, 0x98, 0x11, 0x6c, 0x76, 0x1f, 0x46, 0x2e, 0x8f, 0x51, 0x04, 0xb5, 0x5e, 0xc9, 0x4a, 0xec, 0x5d, 0x40, 0xbc, 0xa4, 0xad, 0xb9, 0x02, 0x20, 0x64, 0x8a, 0xbc, 0xa4, 0x7c, 0x64, 0x99, 0xe4, 0x04, 0x8c, 0x70, 0xf4, 0x98, 0xf2, 0x8c, 0xda, 0x03, 0x30, 0xe3, 0xc5, 0x94, 0x7a, 0x80, 0x07, 0x44, 0x4b, 0x98, 0x62, 0xbb, 0x2a, 0x06, 0xb8, 0x30, 0x02, 0x20, 0x60, 0x9c, 0x3a, 0x47, 0xb6, 0xf0, 0x7d, 0x85, 0xf2, 0x6b, 0x95, 0xc7, 0x4a, 0x5b, 0x33, 0x74, 0xa1, 0xc0, 0x6b, 0x37, 0x05, 0x1e, 0x5d, 0x0a, 0x39, 0xc5, 0xa6, 0x54, 0x24, 0xe3, 0xa0, 0xd6, 0x18, [0m
[0;34m[1784655566.407] [8545:8547] [DMG] 					] (243 bytes)[0m
[0;34m[1784655566.407] [8545:8547] [DMG] 					0x1 = [[0m
[0;34m[1784655566.407] [8545:8547] [DMG] 							0xe7, 0xa7, 0x12, 0xbd, 0x87, 0x95, 0xfc, 0xc7, 0x3e, 0x64, 0x14, 0x83, 0x4d, 0x6b, 0x4f, 0x61, 0x54, 0xfc, 0x42, 0x08, 0x3f, 0xb8, 0xa3, 0xaa, 0x8e, 0xdd, 0xe5, 0x0d, 0x77, 0xa3, 0xb0, 0x02, 0x9f, 0xfd, 0x36, 0xff, 0x41, 0x2f, 0xb9, 0x74, 0x65, 0x9f, 0x45, 0x42, 0xa1, 0x11, 0x2b, 0xbf, 0xc6, 0x50, 0x9b, 0xfa, 0x62, 0x23, 0x74, 0x6d, 0xc9, 0xd2, 0xb5, 0x0e, 0x38, 0xc8, 0xca, 0x68, [0m
[0;34m[1784655566.407] [8545:8547] [DMG] 					] (64 bytes)[0m
[0;34m[1784655566.407] [8545:8547] [DMG] 				},[0m
[0;34m[1784655566.407] [8545:8547] [DMG] 			},[0m
[0;34m[1784655566.407] [8545:8547] [DMG] 			[0m
[0;34m[1784655566.407] [8545:8547] [DMG] 		},[0m
[0;34m[1784655566.407] [8545:8547] [DMG] 		[0m
[0;34m[1784655566.407] [8545:8547] [DMG] 	],[0m
[0;34m[1784655566.407] [8545:8547] [DMG] 	[0m
[0;34m[1784655566.407] [8545:8547] [DMG] 	InteractionModelRevision = 12[0m
[0;34m[1784655566.407] [8545:8547] [DMG] },[0m
[0;32m[1784655566.407] [8545:8547] [DMG] Received Command Response Data, Endpoint=0 Cluster=0x0000_003E Command=0x0000_0005[0m
[0;32m[1784655566.407] [8545:8547] [TOO] Endpoint: 0 Cluster: 0x0000_003E Command 0x0000_0005[0m
[0;32m[1784655566.407] [8545:8547] [TOO]   CSRResponse: {[0m
[0;32m[1784655566.407] [8545:8547] [TOO]     NOCSRElements: 153001CB3081C83070020100300E310C300A060355040A0C034353523059301306072A8648CE3D020106082A8648CE3D03010703420004C2180960A01B77FC5D8B309A346DDB7B7B8935BDC583383BAA03F506820D246A353A247797F2AD9DFBF646E8E8CF83A1270B0F19B9ACA6F7137A996461AD7AADA000300A06082A8648CE3D0403020348003045022100D13559662DD6723FE1A70698116C761F462E8F5104B55EC94AEC5D40BCA4ADB90220648ABCA47C6499E4048C70F498F28CDA0330E3C5947A8007444B9862BB2A06B8300220609C3A47B6F07D85F26B95C74A5B3374A1C06B37051E5D0A39C5A65424E3A0D618[0m
[0;32m[1784655566.407] [8545:8547] [TOO]     attestationSignature: E7A712BD8795FCC73E6414834D6B4F6154FC42083FB8A3AA8EDDE50D77A3B0029FFD36FF412FB974659F4542A1112BBFC6509BFA6223746DC9D2B50E38C8CA68[0m
[0;32m[1784655566.407] [8545:8547] [TOO]    }[0m
[0;34m[1784655566.407] [8545:8547] [DMG] ICR moving to [AwaitingDe][0m
[0;32m[1784655566.407] [8545:8547] [EM] <<< [E:39383i S:8085 M:230867449 (Ack:226890748)] (S) Msg TX from 000000000001B669 to 1:0000000000000001 [9DE1] [UDP:[fe80::bfe:a203:38f0:bce7%enp0s3]:5540] --- Type 0000:10 (SecureChannel:StandaloneAck) (B:34)[0m
[0;34m[1784655566.407] [8545:8547] [EM] Flushed pending ack for MessageCounter:226890748 on exchange 39383i[0m
[0;34m[1784655566.407] [8545:8545] [CTL] Shutting down the commissioner[0m
[0;32m[1784655566.408] [8545:8545] [PAF] WiFiPAF: Closing all WiFiPAF sessions to shutdown[0m
[0;34m[1784655566.408] [8545:8545] [CTL] Shutting down the controller[0m
[0;34m[1784655566.408] [8545:8545] [IN] Expiring all sessions for fabric 0x1!![0m
[0;34m[1784655566.408] [8545:8545] [IN] SecureSession[0x781bc0009cd0]: MarkForEviction Type:2 LSID:8085[0m
[0;32m[1784655566.408] [8545:8545] [SC] SecureSession[0x781bc0009cd0, LSID:8085]: State change 'kActive' --> 'kPendingEviction'[0m
[0;34m[1784655566.408] [8545:8545] [IN] SecureSession[0x781bc0009cd0]: Released - Type:2 LSID:8085[0m
[0;32m[1784655566.408] [8545:8545] [FP] Forgetting fabric 0x1[0m
[0;32m[1784655566.408] [8545:8545] [TS] Pending Last Known Good Time: 2023-10-14T01:16:48[0m
[0;32m[1784655566.408] [8545:8545] [TS] Previous Last Known Good Time: 2023-10-14T01:16:48[0m
[0;32m[1784655566.408] [8545:8545] [TS] Reverted Last Known Good Time to previous value[0m
[0;34m[1784655566.408] [8545:8545] [CTL] Shutting down the commissioner[0m
[0;32m[1784655566.408] [8545:8545] [PAF] WiFiPAF: Closing all WiFiPAF sessions to shutdown[0m
[0;34m[1784655566.408] [8545:8545] [CTL] Shutting down the controller[0m
[0;34m[1784655566.408] [8545:8545] [CTL] Shutting down the System State, this will teardown the CHIP Stack[0m
[0;34m[1784655566.408] [8545:8545] [DMG] All ReadHandler-s are clean, clear GlobalDirtySet[0m
[0;32m[1784655566.408] [8545:8545] [FP] Shutting down FabricTable[0m
[0;32m[1784655566.408] [8545:8545] [TS] Pending Last Known Good Time: 2023-10-14T01:16:48[0m
[0;32m[1784655566.408] [8545:8545] [TS] Previous Last Known Good Time: 2023-10-14T01:16:48[0m
[0;32m[1784655566.408] [8545:8545] [TS] Reverted Last Known Good Time to previous value[0m
[0;34m[1784655566.410] [8545:8545] [DL] Wrote settings to /tmp/chip_counters.ini[0m
[0;32m[1784655566.410] [8545:8545] [DL] NVS set: chip-counters/total-operational-hours = 0 (0x0)[0m
[0;32m[1784655566.410] [8545:8545] [DL] Inet Layer shutdown[0m
[0;32m[1784655566.410] [8545:8545] [DL] BLE Layer shutdown[0m
[0;32m[1784655566.410] [8545:8545] [DL] WiFi-PAF Layer shutdown[0m
[0;32m[1784655566.410] [8545:8545] [PAF] WiFiPAF: Closing all WiFiPAF sessions to shutdown[0m
[0;32m[1784655566.410] [8545:8545] [DL] System Layer shutdown[0m
