[0;34m[1784655566.828] [8559:8559] [DL] ChipLinuxStorage::Init: Using KVS config file: /tmp/chip_tool_kvs[0m
[1;31m[1784655566.829] [8559:8559] [DL] ChipLinuxStorage::Init: Attempt to re-initialize with KVS config file: /tmp/chip_kvs, IGNORING.[0m
[0;34m[1784655566.831] [8559:8559] [DL] ChipLinuxStorage::Init: Using KVS config file: /tmp/chip_factory.ini[0m
[0;34m[1784655566.831] [8559:8559] [DL] ChipLinuxStorage::Init: Using KVS config file: /tmp/chip_config.ini[0m
[0;34m[1784655566.831] [8559:8559] [DL] ChipLinuxStorage::Init: Using KVS config file: /tmp/chip_counters.ini[0m
[0;34m[1784655566.834] [8559:8559] [DL] Wrote settings to /tmp/chip_counters.ini[0m
[0;32m[1784655566.834] [8559:8559] [DL] NVS set: chip-counters/reboot-count = 6 (0x6)[0m
[0;32m[1784655566.834] [8559:8559] [DL] Got Ethernet interface: enp0s3[0m
[0;32m[1784655566.834] [8559:8559] [DL] Found the primary Ethernet interface:enp0s3[0m
[1;31m[1784655566.835] [8559:8559] [DL] Failed to get WiFi interface[0m
[1;31m[1784655566.835] [8559:8559] [DL] Failed to reset WiFi statistic counts[0m
[0;32m[1784655566.835] [8559:8559] [PAF] WiFiPAF: WiFiPAFLayer::Init()[0m
[0;34m[1784655566.835] [8559:8559] [IN] UDP::Init bind&listen port=0[0m
[0;34m[1784655566.835] [8559:8559] [IN] UDP::Init bound to port=43391[0m
[0;34m[1784655566.835] [8559:8559] [IN] UDP::Init bind&listen port=0[0m
[0;34m[1784655566.835] [8559:8559] [IN] UDP::Init bound to port=36804[0m
[0;34m[1784655566.835] [8559:8559] [IN] BLEBase::Init - setting/overriding transport[0m
[0;34m[1784655566.835] [8559:8559] [IN] WiFiPAFBase::Init - setting/overriding transport[0m
[0;34m[1784655566.835] [8559:8559] [IN] TransportMgr initialized[0m
[0;34m[1784655566.835] [8559:8559] [FP] Initializing FabricTable from persistent storage[0m
[0;32m[1784655566.835] [8559:8559] [TS] Last Known Good Time: 2023-10-14T01:16:48[0m
[0;32m[1784655566.835] [8559:8559] [FP] Fabric index 0x1 was retrieved from storage. Compressed FabricId 0xBA705894F9DA9DE1, FabricId 0x0000000000000001, NodeId 0x000000000001B669, VendorId 0xFFF1[0m
[0;32m[1784655566.836] [8559:8559] [DMG] Ember attribute persistence requires setting up[0m
[0;32m[1784655566.836] [8559:8559] [ZCL] Using ZAP configuration...[0m
[0;34m[1784655566.836] [8559:8559] [CTL] System State Initialized...[0m
[0;32m[1784655566.836] [8559:8559] [CTL] Setting attestation nonce to random value[0m
[0;32m[1784655566.836] [8559:8559] [CTL] Setting CSR nonce to random value[0m
[0;34m[1784655566.836] [8559:8561] [DL] CHIP task running[0m
[0;32m[1784655566.836] [8559:8561] [CTL] Setting attestation nonce to random value[0m
[0;32m[1784655566.836] [8559:8561] [CTL] Setting CSR nonce to random value[0m
[0;32m[1784655566.837] [8559:8561] [CTL] Generating NOC[0m
[0;32m[1784655566.837] [8559:8561] [FP] Validating NOC chain[0m
[0;32m[1784655566.837] [8559:8561] [FP] NOC chain validation successful[0m
[0;32m[1784655566.837] [8559:8561] [FP] Updated fabric at index: 0x1, Node ID: 0x000000000001B669[0m
[0;32m[1784655566.837] [8559:8561] [TS] Last Known Good Time: 2023-10-14T01:16:48[0m
[0;32m[1784655566.837] [8559:8561] [TS] New proposed Last Known Good Time: 2021-01-01T00:00:00[0m
[0;32m[1784655566.837] [8559:8561] [TS] Retaining current Last Known Good Time[0m
[0;32m[1784655566.839] [8559:8561] [FP] Metadata for Fabric 0x1 persisted to storage.[0m
[0;32m[1784655566.840] [8559:8561] [TS] Committing Last Known Good Time to storage: 2023-10-14T01:16:48[0m
[0;32m[1784655566.840] [8559:8561] [CTL] Joined the fabric at index 1. Fabric ID is 0x0000000000000001 (Compressed Fabric ID: BA705894F9DA9DE1)[0m
[0;32m[1784655566.846] [8559:8561] [TOO] Sending command to node 0x1[0m
[0;34m[1784655566.846] [8559:8561] [CSM] FindOrEstablishSession: PeerId = [1:0000000000000001][0m
[0;34m[1784655566.846] [8559:8561] [CSM] FindOrEstablishSession: No existing OperationalSessionSetup instance found[0m
[0;34m[1784655566.846] [8559:8561] [DIS] OperationalSessionSetup[1:0000000000000001]: State change 1 --> 2[0m
[0;32m[1784655566.846] [8559:8561] [DIS] Lookup started for BA705894F9DA9DE1-0000000000000001[0m
[0;32m[1784655566.846] [8559:8561] [DIS] UDP:[fe80::bfe:a203:38f0:bce7%enp0s3]:5540: new best score: 7 (for BA705894F9DA9DE1-0000000000000001)[0m
[0;34m[1784655566.846] [8559:8561] [DIS] Lookup clearing interface for non LL address[0m
[0;32m[1784655566.846] [8559:8561] [DIS] UDP:10.0.2.15%enp0s3:5540: new best score: 2 (for BA705894F9DA9DE1-0000000000000001)[0m
[0;32m[1784655566.846] [8559:8561] [DIS] Checking node lookup status for BA705894F9DA9DE1-0000000000000001 after 1 ms[0m
[0;32m[1784655566.846] [8559:8561] [DIS] Keeping DNSSD lookup active[0m
[0;32m[1784655566.847] [8559:8561] [DIS] UDP:[fe80::bfe:a203:38f0:bce7%enp0s3]:5540: score has not improved: 7 (for BA705894F9DA9DE1-0000000000000001)[0m
[0;34m[1784655566.847] [8559:8561] [DIS] Lookup clearing interface for non LL address[0m
[0;32m[1784655566.847] [8559:8561] [DIS] UDP:10.0.2.15%enp0s3:5540: score has not improved: 2 (for BA705894F9DA9DE1-0000000000000001)[0m
[0;32m[1784655566.847] [8559:8561] [DIS] Checking node lookup status for BA705894F9DA9DE1-0000000000000001 after 1 ms[0m
[0;32m[1784655566.847] [8559:8561] [DIS] Keeping DNSSD lookup active[0m
[0;32m[1784655567.046] [8559:8561] [DIS] Checking node lookup status for BA705894F9DA9DE1-0000000000000001 after 201 ms[0m
[0;34m[1784655567.046] [8559:8561] [DIS] OperationalSessionSetup[1:0000000000000001]: Updating device address to UDP:[fe80::bfe:a203:38f0:bce7%enp0s3]:5540 while in state 2[0m
[0;34m[1784655567.046] [8559:8561] [DIS] OperationalSessionSetup[1:0000000000000001]: State change 2 --> 3[0m
[0;34m[1784655567.047] [8559:8561] [IN] SecureSession[0x77e1c8009cd0]: Allocated Type:2 LSID:51875[0m
[0;32m[1784655567.047] [8559:8561] [SC] Initiating session on local FabricIndex 1 from 0x000000000001B669 -> 0x0000000000000001[0m
[0;32m[1784655567.047] [8559:8561] [EM] <<< [E:24731i S:0 M:107912258] (U) Msg TX from 3AA0DF03D4B84484 to 0:0000000000000000 [0000] [UDP:[fe80::bfe:a203:38f0:bce7%enp0s3]:5540] --- Type 0000:30 (SecureChannel:CASE_Sigma1) (B:196)[0m
[0;32m[1784655567.047] [8559:8561] [EM] ??1 [E:24731i S:0 M:107912258] (U) Msg Retransmission to 0:0000000000000000 scheduled for 684ms from now [State:Idle II:500 AI:300 AT:4000][0m
[0;32m[1784655567.047] [8559:8561] [SC] Sent Sigma1 msg to <0000000000000001, 1> [II:500ms AI:300ms AT:4000ms][0m
[0;34m[1784655567.047] [8559:8561] [DIS] OperationalSessionSetup[1:0000000000000001]: State change 3 --> 4[0m
[0;32m[1784655567.048] [8559:8561] [EM] >>> [E:24731i S:0 M:142917764 (Ack:107912258)] (U) Msg RX from 0:0000000000000000 [0000] to 3AA0DF03D4B84484 --- Type 0000:31 (SecureChannel:CASE_Sigma2) (B:751)[0m
[0;34m[1784655567.048] [8559:8561] [EM] Found matching exchange: 24731i, Delegate: 0x77e1c800b8e8[0m
[0;34m[1784655567.048] [8559:8561] [EM] Rxd Ack; Removing MessageCounter:107912258 from Retrans Table on exchange 24731i[0m
[0;32m[1784655567.048] [8559:8561] [SC] Received Sigma2 msg[0m
[0;34m[1784655567.048] [8559:8561] [SC] Found MRP parameters in the message[0m
[0;34m[1784655567.049] [8559:8561] [SC] Peer <0000000000000001, 1> assigned session ID 35436[0m
[0;34m[1784655567.049] [8559:8561] [SC] Sending Sigma3[0m
[0;32m[1784655567.049] [8559:8561] [EM] <<< [E:24731i S:0 M:107912259 (Ack:142917764)] (U) Msg TX from 3AA0DF03D4B84484 to 0:0000000000000000 [0000] [UDP:[fe80::bfe:a203:38f0:bce7%enp0s3]:5540] --- Type 0000:32 (SecureChannel:CASE_Sigma3) (B:598)[0m
[0;32m[1784655567.050] [8559:8561] [EM] ??1 [E:24731i S:0 M:107912259] (U) Msg Retransmission to 0:0000000000000000 scheduled for 407ms from now [State:Active II:500 AI:300 AT:4000][0m
[0;32m[1784655567.050] [8559:8561] [SC] Sent Sigma3 msg[0m
[0;32m[1784655567.059] [8559:8561] [EM] >>> [E:24731i S:0 M:142917765 (Ack:107912259)] (U) Msg RX from 0:0000000000000000 [0000] to 3AA0DF03D4B84484 --- Type 0000:40 (SecureChannel:StatusReport) (B:34)[0m
[0;34m[1784655567.059] [8559:8561] [EM] Found matching exchange: 24731i, Delegate: 0x77e1c800b8e8[0m
[0;34m[1784655567.059] [8559:8561] [EM] Rxd Ack; Removing MessageCounter:107912259 from Retrans Table on exchange 24731i[0m
[0;32m[1784655567.059] [8559:8561] [SC] Success status report received. Session was established[0m
[0;32m[1784655567.060] [8559:8561] [SC] SecureSession[0x77e1c8009cd0, LSID:51875]: State change 'kEstablishing' --> 'kActive'[0m
[0;34m[1784655567.060] [8559:8561] [IN] SecureSession[0x77e1c8009cd0]: Activated - Type:2 LSID:51875[0m
[0;34m[1784655567.060] [8559:8561] [IN] New secure session activated for device <0000000000000001, 1>, LSID:51875 PSID:35436![0m
[0;34m[1784655567.060] [8559:8561] [DIS] OperationalSessionSetup[1:0000000000000001]: State change 4 --> 5[0m
[0;32m[1784655567.060] [8559:8561] [TOO] Sending cluster (0x0000003E) command (0x00000007) on endpoint 0[0m
[0;34m[1784655567.060] [8559:8561] [DMG] ICR moving to [AddingComm][0m
[0;34m[1784655567.060] [8559:8561] [DMG] ICR moving to [AddedComma][0m
[0;32m[1784655567.060] [8559:8561] [EM] <<< [E:24732i S:51875 M:113581051] (S) Msg TX from 000000000001B669 to 1:0000000000000001 [9DE1] [UDP:[fe80::bfe:a203:38f0:bce7%enp0s3]:5540] --- Type 0001:08 (IM:InvokeCommandRequest) (B:330)[0m
[0;32m[1784655567.060] [8559:8561] [EM] ??1 [E:24732i S:51875 M:113581051] (S) Msg Retransmission to 1:0000000000000001 scheduled for 340ms from now [State:Active II:500 AI:300 AT:4000][0m
[0;34m[1784655567.060] [8559:8561] [DMG] ICR moving to [AwaitingRe][0m
[0;32m[1784655567.060] [8559:8561] [EM] <<< [E:24731i S:0 M:107912260 (Ack:142917765)] (U) Msg TX from 3AA0DF03D4B84484 to 0:0000000000000000 [0000] [UDP:[fe80::bfe:a203:38f0:bce7%enp0s3]:5540] --- Type 0000:10 (SecureChannel:StandaloneAck) (B:26)[0m
[0;34m[1784655567.060] [8559:8561] [EM] Flushed pending ack for MessageCounter:142917765 on exchange 24731i[0m
[0;32m[1784655567.072] [8559:8561] [EM] >>> [E:24732i S:51875 M:73655398 (Ack:113581051)] (S) Msg RX from 1:0000000000000001 [9DE1] to 000000000001B669 --- Type 0001:09 (IM:InvokeCommandResponse) (B:70)[0m
[0;34m[1784655567.072] [8559:8561] [EM] Found matching exchange: 24732i, Delegate: 0x77e1c800eef8[0m
[0;34m[1784655567.072] [8559:8561] [EM] Rxd Ack; Removing MessageCounter:113581051 from Retrans Table on exchange 24732i[0m
[0;34m[1784655567.072] [8559:8561] [DMG] ICR moving to [ResponseRe][0m
[0;34m[1784655567.072] [8559:8561] [DMG] InvokeResponseMessage =[0m
[0;34m[1784655567.072] [8559:8561] [DMG] {[0m
[0;34m[1784655567.072] [8559:8561] [DMG] 	suppressResponse = false, [0m
[0;34m[1784655567.072] [8559:8561] [DMG] 	InvokeResponseIBs =[0m
[0;34m[1784655567.072] [8559:8561] [DMG] 	[[0m
[0;34m[1784655567.072] [8559:8561] [DMG] 		InvokeResponseIB =[0m
[0;34m[1784655567.072] [8559:8561] [DMG] 		{[0m
[0;34m[1784655567.072] [8559:8561] [DMG] 			CommandDataIB =[0m
[0;34m[1784655567.072] [8559:8561] [DMG] 			{[0m
[0;34m[1784655567.072] [8559:8561] [DMG] 				CommandPathIB =[0m
[0;34m[1784655567.072] [8559:8561] [DMG] 				{[0m
[0;34m[1784655567.072] [8559:8561] [DMG] 					EndpointId = 0x0,[0m
[0;34m[1784655567.072] [8559:8561] [DMG] 					ClusterId = 0x3e,[0m
[0;34m[1784655567.072] [8559:8561] [DMG] 					CommandId = 0x8,[0m
[0;34m[1784655567.072] [8559:8561] [DMG] 				},[0m
[0;34m[1784655567.072] [8559:8561] [DMG] 				[0m
[0;34m[1784655567.072] [8559:8561] [DMG] 				CommandFields = [0m
[0;34m[1784655567.072] [8559:8561] [DMG] 				{[0m
[0;34m[1784655567.072] [8559:8561] [DMG] 					0x0 = 0 (unsigned), [0m
[0;34m[1784655567.072] [8559:8561] [DMG] 					0x1 = 1 (unsigned), [0m
[0;34m[1784655567.072] [8559:8561] [DMG] 				},[0m
[0;34m[1784655567.072] [8559:8561] [DMG] 			},[0m
[0;34m[1784655567.072] [8559:8561] [DMG] 			[0m
[0;34m[1784655567.072] [8559:8561] [DMG] 		},[0m
[0;34m[1784655567.072] [8559:8561] [DMG] 		[0m
[0;34m[1784655567.072] [8559:8561] [DMG] 	],[0m
[0;34m[1784655567.072] [8559:8561] [DMG] 	[0m
[0;34m[1784655567.072] [8559:8561] [DMG] 	InteractionModelRevision = 12[0m
[0;34m[1784655567.072] [8559:8561] [DMG] },[0m
[0;32m[1784655567.072] [8559:8561] [DMG] Received Command Response Data, Endpoint=0 Cluster=0x0000_003E Command=0x0000_0008[0m
[0;32m[1784655567.072] [8559:8561] [TOO] Endpoint: 0 Cluster: 0x0000_003E Command 0x0000_0008[0m
[0;32m[1784655567.072] [8559:8561] [TOO]   NOCResponse: {[0m
[0;32m[1784655567.072] [8559:8561] [TOO]     statusCode: 0[0m
[0;32m[1784655567.072] [8559:8561] [TOO]     fabricIndex: 1[0m
[0;32m[1784655567.072] [8559:8561] [TOO]    }[0m
[0;34m[1784655567.072] [8559:8561] [DMG] ICR moving to [AwaitingDe][0m
[0;32m[1784655567.072] [8559:8561] [EM] <<< [E:24732i S:51875 M:113581052 (Ack:73655398)] (S) Msg TX from 000000000001B669 to 1:0000000000000001 [9DE1] [UDP:[fe80::bfe:a203:38f0:bce7%enp0s3]:5540] --- Type 0000:10 (SecureChannel:StandaloneAck) (B:34)[0m
[0;34m[1784655567.072] [8559:8561] [EM] Flushed pending ack for MessageCounter:73655398 on exchange 24732i[0m
[0;34m[1784655567.072] [8559:8559] [CTL] Shutting down the commissioner[0m
[0;32m[1784655567.072] [8559:8559] [PAF] WiFiPAF: Closing all WiFiPAF sessions to shutdown[0m
[0;34m[1784655567.072] [8559:8559] [CTL] Shutting down the controller[0m
[0;34m[1784655567.072] [8559:8559] [IN] Expiring all sessions for fabric 0x1!![0m
[0;34m[1784655567.072] [8559:8559] [IN] SecureSession[0x77e1c8009cd0]: MarkForEviction Type:2 LSID:51875[0m
[0;32m[1784655567.072] [8559:8559] [SC] SecureSession[0x77e1c8009cd0, LSID:51875]: State change 'kActive' --> 'kPendingEviction'[0m
[0;34m[1784655567.072] [8559:8559] [IN] SecureSession[0x77e1c8009cd0]: Released - Type:2 LSID:51875[0m
[0;32m[1784655567.072] [8559:8559] [FP] Forgetting fabric 0x1[0m
[0;32m[1784655567.072] [8559:8559] [TS] Pending Last Known Good Time: 2023-10-14T01:16:48[0m
[0;32m[1784655567.072] [8559:8559] [TS] Previous Last Known Good Time: 2023-10-14T01:16:48[0m
[0;32m[1784655567.072] [8559:8559] [TS] Reverted Last Known Good Time to previous value[0m
[0;34m[1784655567.072] [8559:8559] [CTL] Shutting down the commissioner[0m
[0;32m[1784655567.072] [8559:8559] [PAF] WiFiPAF: Closing all WiFiPAF sessions to shutdown[0m
[0;34m[1784655567.072] [8559:8559] [CTL] Shutting down the controller[0m
[0;34m[1784655567.072] [8559:8559] [CTL] Shutting down the System State, this will teardown the CHIP Stack[0m
[0;34m[1784655567.072] [8559:8559] [DMG] All ReadHandler-s are clean, clear GlobalDirtySet[0m
[0;32m[1784655567.072] [8559:8559] [FP] Shutting down FabricTable[0m
[0;32m[1784655567.072] [8559:8559] [TS] Pending Last Known Good Time: 2023-10-14T01:16:48[0m
[0;32m[1784655567.072] [8559:8559] [TS] Previous Last Known Good Time: 2023-10-14T01:16:48[0m
[0;32m[1784655567.072] [8559:8559] [TS] Reverted Last Known Good Time to previous value[0m
[0;34m[1784655567.075] [8559:8559] [DL] Wrote settings to /tmp/chip_counters.ini[0m
[0;32m[1784655567.075] [8559:8559] [DL] NVS set: chip-counters/total-operational-hours = 0 (0x0)[0m
[0;32m[1784655567.075] [8559:8559] [DL] Inet Layer shutdown[0m
[0;32m[1784655567.075] [8559:8559] [DL] BLE Layer shutdown[0m
[0;32m[1784655567.075] [8559:8559] [DL] WiFi-PAF Layer shutdown[0m
[0;32m[1784655567.075] [8559:8559] [PAF] WiFiPAF: Closing all WiFiPAF sessions to shutdown[0m
[0;32m[1784655567.075] [8559:8559] [DL] System Layer shutdown[0m
