[0;34m[2524608000.074] [15236:15236] [DL] ChipLinuxStorage::Init: Using KVS config file: /tmp/chip_tool_kvs[0m
[1;31m[2524608000.075] [15236:15236] [DL] ChipLinuxStorage::Init: Attempt to re-initialize with KVS config file: /tmp/chip_kvs, IGNORING.[0m
[0;34m[2524608000.077] [15236:15236] [DL] ChipLinuxStorage::Init: Using KVS config file: /tmp/chip_factory.ini[0m
[0;34m[2524608000.077] [15236:15236] [DL] ChipLinuxStorage::Init: Using KVS config file: /tmp/chip_config.ini[0m
[0;34m[2524608000.077] [15236:15236] [DL] ChipLinuxStorage::Init: Using KVS config file: /tmp/chip_counters.ini[0m
[0;34m[2524608000.343] [15236:15236] [DL] Wrote settings to /tmp/chip_counters.ini[0m
[0;32m[2524608000.343] [15236:15236] [DL] NVS set: chip-counters/reboot-count = 4 (0x4)[0m
[0;32m[2524608000.343] [15236:15236] [DL] Got Ethernet interface: enp0s3[0m
[0;32m[2524608000.344] [15236:15236] [DL] Found the primary Ethernet interface:enp0s3[0m
[1;31m[2524608000.344] [15236:15236] [DL] Failed to get WiFi interface[0m
[1;31m[2524608000.344] [15236:15236] [DL] Failed to reset WiFi statistic counts[0m
[0;32m[2524608000.344] [15236:15236] [PAF] WiFiPAF: WiFiPAFLayer::Init()[0m
[0;34m[2524608000.344] [15236:15236] [IN] UDP::Init bind&listen port=0[0m
[0;34m[2524608000.344] [15236:15236] [IN] UDP::Init bound to port=58041[0m
[0;34m[2524608000.344] [15236:15236] [IN] UDP::Init bind&listen port=0[0m
[0;34m[2524608000.344] [15236:15236] [IN] UDP::Init bound to port=52462[0m
[0;34m[2524608000.344] [15236:15236] [IN] BLEBase::Init - setting/overriding transport[0m
[0;34m[2524608000.344] [15236:15236] [IN] WiFiPAFBase::Init - setting/overriding transport[0m
[0;34m[2524608000.344] [15236:15236] [IN] TransportMgr initialized[0m
[0;34m[2524608000.344] [15236:15236] [FP] Initializing FabricTable from persistent storage[0m
[0;32m[2524608000.344] [15236:15236] [TS] Last Known Good Time: 2023-10-14T01:16:48[0m
[0;32m[2524608000.344] [15236:15236] [FP] Fabric index 0x1 was retrieved from storage. Compressed FabricId 0xAF53356D6795D1CE, FabricId 0x0000000000000001, NodeId 0x000000000001B669, VendorId 0xFFF1[0m
[0;32m[2524608000.347] [15236:15236] [DMG] Ember attribute persistence requires setting up[0m
[0;32m[2524608000.347] [15236:15236] [ZCL] Using ZAP configuration...[0m
[0;34m[2524608000.348] [15236:15236] [CTL] System State Initialized...[0m
[0;32m[2524608000.348] [15236:15236] [CTL] Setting attestation nonce to random value[0m
[0;32m[2524608000.348] [15236:15236] [CTL] Setting CSR nonce to random value[0m
[0;34m[2524608000.348] [15236:15252] [DL] CHIP task running[0m
[0;32m[2524608000.349] [15236:15252] [CTL] Setting attestation nonce to random value[0m
[0;32m[2524608000.349] [15236:15252] [CTL] Setting CSR nonce to random value[0m
[0;32m[2524608000.350] [15236:15252] [CTL] Generating NOC[0m
[0;32m[2524608000.351] [15236:15252] [FP] Validating NOC chain[0m
[0;32m[2524608000.352] [15236:15252] [FP] NOC chain validation successful[0m
[0;32m[2524608000.353] [15236:15252] [FP] Updated fabric at index: 0x1, Node ID: 0x000000000001B669[0m
[0;32m[2524608000.353] [15236:15252] [TS] Last Known Good Time: 2023-10-14T01:16:48[0m
[0;32m[2524608000.353] [15236:15252] [TS] New proposed Last Known Good Time: 2021-01-01T00:00:00[0m
[0;32m[2524608000.353] [15236:15252] [TS] Retaining current Last Known Good Time[0m
[0;32m[2524608000.359] [15236:15252] [FP] Metadata for Fabric 0x1 persisted to storage.[0m
[0;32m[2524608000.361] [15236:15252] [TS] Committing Last Known Good Time to storage: 2023-10-14T01:16:48[0m
[0;32m[2524608000.362] [15236:15252] [CTL] Joined the fabric at index 1. Fabric ID is 0x0000000000000001 (Compressed Fabric ID: AF53356D6795D1CE)[0m
[0;32m[2524608000.371] [15236:15252] [TOO] Sending command to node 0x1[0m
[0;34m[2524608000.371] [15236:15252] [CSM] FindOrEstablishSession: PeerId = [1:0000000000000001][0m
[0;34m[2524608000.371] [15236:15252] [CSM] FindOrEstablishSession: No existing OperationalSessionSetup instance found[0m
[0;34m[2524608000.371] [15236:15252] [DIS] OperationalSessionSetup[1:0000000000000001]: State change 1 --> 2[0m
[0;32m[2524608000.371] [15236:15252] [DIS] Lookup started for AF53356D6795D1CE-0000000000000001[0m
[0;32m[2524608000.372] [15236:15252] [DIS] UDP:[fe80::bfe:a203:38f0:bce7%enp0s3]:5540: new best score: 7 (for AF53356D6795D1CE-0000000000000001)[0m
[0;34m[2524608000.372] [15236:15252] [DIS] Lookup clearing interface for non LL address[0m
[0;32m[2524608000.372] [15236:15252] [DIS] UDP:10.0.2.15%enp0s3:5540: new best score: 2 (for AF53356D6795D1CE-0000000000000001)[0m
[0;32m[2524608000.372] [15236:15252] [DIS] Checking node lookup status for AF53356D6795D1CE-0000000000000001 after 1 ms[0m
[0;32m[2524608000.372] [15236:15252] [DIS] Keeping DNSSD lookup active[0m
[0;32m[2524608000.372] [15236:15252] [DIS] UDP:[fe80::bfe:a203:38f0:bce7%enp0s3]:5540: score has not improved: 7 (for AF53356D6795D1CE-0000000000000001)[0m
[0;34m[2524608000.372] [15236:15252] [DIS] Lookup clearing interface for non LL address[0m
[0;32m[2524608000.372] [15236:15252] [DIS] UDP:10.0.2.15%enp0s3:5540: score has not improved: 2 (for AF53356D6795D1CE-0000000000000001)[0m
[0;32m[2524608000.372] [15236:15252] [DIS] Checking node lookup status for AF53356D6795D1CE-0000000000000001 after 1 ms[0m
[0;32m[2524608000.372] [15236:15252] [DIS] Keeping DNSSD lookup active[0m
[0;32m[2524608000.576] [15236:15252] [DIS] Checking node lookup status for AF53356D6795D1CE-0000000000000001 after 205 ms[0m
[0;34m[2524608000.576] [15236:15252] [DIS] OperationalSessionSetup[1:0000000000000001]: Updating device address to UDP:[fe80::bfe:a203:38f0:bce7%enp0s3]:5540 while in state 2[0m
[0;34m[2524608000.576] [15236:15252] [DIS] OperationalSessionSetup[1:0000000000000001]: State change 2 --> 3[0m
[0;34m[2524608000.576] [15236:15252] [IN] SecureSession[0x7b5814009cd0]: Allocated Type:2 LSID:51046[0m
[0;32m[2524608000.576] [15236:15252] [SC] Initiating session on local FabricIndex 1 from 0x000000000001B669 -> 0x0000000000000001[0m
[0;32m[2524608000.577] [15236:15252] [EM] <<< [E:56860i S:0 M:168484159] (U) Msg TX from 17CE75BFE4BD1FC4 to 0:0000000000000000 [0000] [UDP:[fe80::bfe:a203:38f0:bce7%enp0s3]:5540] --- Type 0000:30 (SecureChannel:CASE_Sigma1) (B:196)[0m
[0;32m[2524608000.577] [15236:15252] [EM] ??1 [E:56860i S:0 M:168484159] (U) Msg Retransmission to 0:0000000000000000 scheduled for 619ms from now [State:Idle II:500 AI:300 AT:4000][0m
[0;32m[2524608000.577] [15236:15252] [SC] Sent Sigma1 msg to <0000000000000001, 1> [II:500ms AI:300ms AT:4000ms][0m
[0;34m[2524608000.577] [15236:15252] [DIS] OperationalSessionSetup[1:0000000000000001]: State change 3 --> 4[0m
[0;32m[2524608000.578] [15236:15252] [EM] >>> [E:56860i S:0 M:80724812 (Ack:168484159)] (U) Msg RX from 0:0000000000000000 [0000] to 17CE75BFE4BD1FC4 --- Type 0000:31 (SecureChannel:CASE_Sigma2) (B:751)[0m
[0;34m[2524608000.578] [15236:15252] [EM] Found matching exchange: 56860i, Delegate: 0x7b581400b8e8[0m
[0;34m[2524608000.578] [15236:15252] [EM] Rxd Ack; Removing MessageCounter:168484159 from Retrans Table on exchange 56860i[0m
[0;32m[2524608000.578] [15236:15252] [SC] Received Sigma2 msg[0m
[0;34m[2524608000.578] [15236:15252] [SC] Found MRP parameters in the message[0m
[0;34m[2524608000.579] [15236:15252] [SC] Certificate's mNotAfterTime (978134400) is before current time (1577923200)[0m
[0;34m[2524608000.579] [15236:15252] [SC] Sending status report. Protocol code 2, exchange 56860[0m
[0;32m[2524608000.579] [15236:15252] [EM] <<< [E:56860i S:0 M:168484160 (Ack:80724812)] (U) Msg TX from 17CE75BFE4BD1FC4 to 0:0000000000000000 [0000] [UDP:[fe80::bfe:a203:38f0:bce7%enp0s3]:5540] --- Type 0000:40 (SecureChannel:StatusReport) (B:34)[0m
[0;32m[2524608000.579] [15236:15252] [EM] ??1 [E:56860i S:0 M:168484160] (U) Msg Retransmission to 0:0000000000000000 scheduled for 367ms from now [State:Active II:500 AI:300 AT:4000][0m
[0;34m[2524608000.579] [15236:15252] [IN] SecureSession[0x7b5814009cd0]: Released - Type:2 LSID:51046[0m
[1;31m[2524608000.579] [15236:15252] [-] src/credentials/CHIPCert.cpp:1481: CHIP Error 0x0000004E: Certificate expired at examples/chip-tool/commands/clusters/ModelCommand.cpp:67[0m
[0;32m[2524608000.579] [15236:15252] [EM] >>> [E:56860i S:0 M:80724813 (Ack:168484160)] (U) Msg RX from 0:0000000000000000 [0000] to 17CE75BFE4BD1FC4 --- Type 0000:10 (SecureChannel:StandaloneAck) (B:26)[0m
[0;34m[2524608000.579] [15236:15252] [EM] Found matching exchange: 56860i, Delegate: (nil)[0m
[0;34m[2524608000.579] [15236:15252] [EM] Rxd Ack; Removing MessageCounter:168484160 from Retrans Table on exchange 56860i[0m
[0;34m[2524608000.579] [15236:15236] [CTL] Shutting down the commissioner[0m
[0;32m[2524608000.579] [15236:15236] [PAF] WiFiPAF: Closing all WiFiPAF sessions to shutdown[0m
[0;34m[2524608000.579] [15236:15236] [CTL] Shutting down the controller[0m
[0;34m[2524608000.579] [15236:15236] [IN] Expiring all sessions for fabric 0x1!![0m
[0;32m[2524608000.579] [15236:15236] [FP] Forgetting fabric 0x1[0m
[0;32m[2524608000.579] [15236:15236] [TS] Pending Last Known Good Time: 2023-10-14T01:16:48[0m
[0;32m[2524608000.579] [15236:15236] [TS] Previous Last Known Good Time: 2023-10-14T01:16:48[0m
[0;32m[2524608000.579] [15236:15236] [TS] Reverted Last Known Good Time to previous value[0m
[0;34m[2524608000.579] [15236:15236] [CTL] Shutting down the commissioner[0m
[0;32m[2524608000.579] [15236:15236] [PAF] WiFiPAF: Closing all WiFiPAF sessions to shutdown[0m
[0;34m[2524608000.579] [15236:15236] [CTL] Shutting down the controller[0m
[0;34m[2524608000.579] [15236:15236] [CTL] Shutting down the System State, this will teardown the CHIP Stack[0m
[0;34m[2524608000.579] [15236:15236] [DMG] All ReadHandler-s are clean, clear GlobalDirtySet[0m
[0;32m[2524608000.579] [15236:15236] [FP] Shutting down FabricTable[0m
[0;32m[2524608000.579] [15236:15236] [TS] Pending Last Known Good Time: 2023-10-14T01:16:48[0m
[0;32m[2524608000.579] [15236:15236] [TS] Previous Last Known Good Time: 2023-10-14T01:16:48[0m
[0;32m[2524608000.579] [15236:15236] [TS] Reverted Last Known Good Time to previous value[0m
[0;34m[2524608000.601] [15236:15236] [DL] Wrote settings to /tmp/chip_counters.ini[0m
[0;32m[2524608000.601] [15236:15236] [DL] NVS set: chip-counters/total-operational-hours = 0 (0x0)[0m
[0;32m[2524608000.601] [15236:15236] [DL] Inet Layer shutdown[0m
[0;32m[2524608000.601] [15236:15236] [DL] BLE Layer shutdown[0m
[0;32m[2524608000.601] [15236:15236] [DL] WiFi-PAF Layer shutdown[0m
[0;32m[2524608000.601] [15236:15236] [PAF] WiFiPAF: Closing all WiFiPAF sessions to shutdown[0m
[0;32m[2524608000.601] [15236:15236] [DL] System Layer shutdown[0m
[1;31m[2524608000.602] [15236:15236] [TOO] Run command failure: src/credentials/CHIPCert.cpp:1481: CHIP Error 0x0000004E: Certificate expired[0m
