[0;34m[2524608000.677] [15255:15255] [DL] ChipLinuxStorage::Init: Using KVS config file: /tmp/chip_tool_kvs[0m
[1;31m[2524608000.678] [15255:15255] [DL] ChipLinuxStorage::Init: Attempt to re-initialize with KVS config file: /tmp/chip_kvs, IGNORING.[0m
[0;34m[2524608000.679] [15255:15255] [DL] ChipLinuxStorage::Init: Using KVS config file: /tmp/chip_factory.ini[0m
[0;34m[2524608000.679] [15255:15255] [DL] ChipLinuxStorage::Init: Using KVS config file: /tmp/chip_config.ini[0m
[0;34m[2524608000.679] [15255:15255] [DL] ChipLinuxStorage::Init: Using KVS config file: /tmp/chip_counters.ini[0m
[0;34m[2524608000.685] [15255:15255] [DL] Wrote settings to /tmp/chip_counters.ini[0m
[0;32m[2524608000.685] [15255:15255] [DL] NVS set: chip-counters/reboot-count = 5 (0x5)[0m
[0;32m[2524608000.685] [15255:15255] [DL] Got Ethernet interface: enp0s3[0m
[0;32m[2524608000.685] [15255:15255] [DL] Found the primary Ethernet interface:enp0s3[0m
[1;31m[2524608000.685] [15255:15255] [DL] Failed to get WiFi interface[0m
[1;31m[2524608000.685] [15255:15255] [DL] Failed to reset WiFi statistic counts[0m
[0;32m[2524608000.685] [15255:15255] [PAF] WiFiPAF: WiFiPAFLayer::Init()[0m
[0;34m[2524608000.685] [15255:15255] [IN] UDP::Init bind&listen port=0[0m
[0;34m[2524608000.685] [15255:15255] [IN] UDP::Init bound to port=56260[0m
[0;34m[2524608000.685] [15255:15255] [IN] UDP::Init bind&listen port=0[0m
[0;34m[2524608000.685] [15255:15255] [IN] UDP::Init bound to port=39931[0m
[0;34m[2524608000.685] [15255:15255] [IN] BLEBase::Init - setting/overriding transport[0m
[0;34m[2524608000.685] [15255:15255] [IN] WiFiPAFBase::Init - setting/overriding transport[0m
[0;34m[2524608000.685] [15255:15255] [IN] TransportMgr initialized[0m
[0;34m[2524608000.685] [15255:15255] [FP] Initializing FabricTable from persistent storage[0m
[0;32m[2524608000.686] [15255:15255] [TS] Last Known Good Time: 2023-10-14T01:16:48[0m
[0;32m[2524608000.686] [15255:15255] [FP] Fabric index 0x1 was retrieved from storage. Compressed FabricId 0xAF53356D6795D1CE, FabricId 0x0000000000000001, NodeId 0x000000000001B669, VendorId 0xFFF1[0m
[0;32m[2524608000.686] [15255:15255] [DMG] Ember attribute persistence requires setting up[0m
[0;32m[2524608000.686] [15255:15255] [ZCL] Using ZAP configuration...[0m
[0;34m[2524608000.687] [15255:15255] [CTL] System State Initialized...[0m
[0;32m[2524608000.687] [15255:15255] [CTL] Setting attestation nonce to random value[0m
[0;32m[2524608000.687] [15255:15255] [CTL] Setting CSR nonce to random value[0m
[0;34m[2524608000.688] [15255:15257] [DL] CHIP task running[0m
[0;32m[2524608000.689] [15255:15257] [CTL] Setting attestation nonce to random value[0m
[0;32m[2524608000.689] [15255:15257] [CTL] Setting CSR nonce to random value[0m
[0;32m[2524608000.689] [15255:15257] [CTL] Generating NOC[0m
[0;32m[2524608000.689] [15255:15257] [FP] Validating NOC chain[0m
[0;32m[2524608000.690] [15255:15257] [FP] NOC chain validation successful[0m
[0;32m[2524608000.690] [15255:15257] [FP] Updated fabric at index: 0x1, Node ID: 0x000000000001B669[0m
[0;32m[2524608000.690] [15255:15257] [TS] Last Known Good Time: 2023-10-14T01:16:48[0m
[0;32m[2524608000.690] [15255:15257] [TS] New proposed Last Known Good Time: 2021-01-01T00:00:00[0m
[0;32m[2524608000.690] [15255:15257] [TS] Retaining current Last Known Good Time[0m
[0;32m[2524608000.691] [15255:15257] [FP] Metadata for Fabric 0x1 persisted to storage.[0m
[0;32m[2524608000.692] [15255:15257] [TS] Committing Last Known Good Time to storage: 2023-10-14T01:16:48[0m
[0;32m[2524608000.693] [15255:15257] [CTL] Joined the fabric at index 1. Fabric ID is 0x0000000000000001 (Compressed Fabric ID: AF53356D6795D1CE)[0m
[0;32m[2524608000.699] [15255:15257] [TOO] Sending command to node 0x1[0m
[0;34m[2524608000.700] [15255:15257] [CSM] FindOrEstablishSession: PeerId = [1:0000000000000001][0m
[0;34m[2524608000.700] [15255:15257] [CSM] FindOrEstablishSession: No existing OperationalSessionSetup instance found[0m
[0;34m[2524608000.700] [15255:15257] [DIS] OperationalSessionSetup[1:0000000000000001]: State change 1 --> 2[0m
[0;32m[2524608000.700] [15255:15257] [DIS] Lookup started for AF53356D6795D1CE-0000000000000001[0m
[0;32m[2524608000.701] [15255:15257] [DIS] UDP:[fe80::bfe:a203:38f0:bce7%enp0s3]:5540: new best score: 7 (for AF53356D6795D1CE-0000000000000001)[0m
[0;34m[2524608000.701] [15255:15257] [DIS] Lookup clearing interface for non LL address[0m
[0;32m[2524608000.701] [15255:15257] [DIS] UDP:10.0.2.15%enp0s3:5540: new best score: 2 (for AF53356D6795D1CE-0000000000000001)[0m
[0;32m[2524608000.701] [15255:15257] [DIS] Checking node lookup status for AF53356D6795D1CE-0000000000000001 after 1 ms[0m
[0;32m[2524608000.701] [15255:15257] [DIS] Keeping DNSSD lookup active[0m
[0;32m[2524608000.701] [15255:15257] [DIS] UDP:[fe80::bfe:a203:38f0:bce7%enp0s3]:5540: score has not improved: 7 (for AF53356D6795D1CE-0000000000000001)[0m
[0;34m[2524608000.701] [15255:15257] [DIS] Lookup clearing interface for non LL address[0m
[0;32m[2524608000.701] [15255:15257] [DIS] UDP:10.0.2.15%enp0s3:5540: score has not improved: 2 (for AF53356D6795D1CE-0000000000000001)[0m
[0;32m[2524608000.701] [15255:15257] [DIS] Checking node lookup status for AF53356D6795D1CE-0000000000000001 after 1 ms[0m
[0;32m[2524608000.701] [15255:15257] [DIS] Keeping DNSSD lookup active[0m
[0;32m[2524608000.900] [15255:15257] [DIS] Checking node lookup status for AF53356D6795D1CE-0000000000000001 after 201 ms[0m
[0;34m[2524608000.900] [15255:15257] [DIS] OperationalSessionSetup[1:0000000000000001]: Updating device address to UDP:[fe80::bfe:a203:38f0:bce7%enp0s3]:5540 while in state 2[0m
[0;34m[2524608000.900] [15255:15257] [DIS] OperationalSessionSetup[1:0000000000000001]: State change 2 --> 3[0m
[0;34m[2524608000.900] [15255:15257] [IN] SecureSession[0x77e6cc00c1f0]: Allocated Type:2 LSID:57975[0m
[0;32m[2524608000.900] [15255:15257] [SC] Initiating session on local FabricIndex 1 from 0x000000000001B669 -> 0x0000000000000001[0m
[0;32m[2524608000.900] [15255:15257] [EM] <<< [E:7472i S:0 M:225673006] (U) Msg TX from B4D6B9C9CC5DCA0A to 0:0000000000000000 [0000] [UDP:[fe80::bfe:a203:38f0:bce7%enp0s3]:5540] --- Type 0000:30 (SecureChannel:CASE_Sigma1) (B:196)[0m
[0;32m[2524608000.901] [15255:15257] [EM] ??1 [E:7472i S:0 M:225673006] (U) Msg Retransmission to 0:0000000000000000 scheduled for 660ms from now [State:Idle II:500 AI:300 AT:4000][0m
[0;32m[2524608000.901] [15255:15257] [SC] Sent Sigma1 msg to <0000000000000001, 1> [II:500ms AI:300ms AT:4000ms][0m
[0;34m[2524608000.901] [15255:15257] [DIS] OperationalSessionSetup[1:0000000000000001]: State change 3 --> 4[0m
[0;32m[2524608000.902] [15255:15257] [EM] >>> [E:7472i S:0 M:80724814 (Ack:225673006)] (U) Msg RX from 0:0000000000000000 [0000] to B4D6B9C9CC5DCA0A --- Type 0000:31 (SecureChannel:CASE_Sigma2) (B:751)[0m
[0;34m[2524608000.902] [15255:15257] [EM] Found matching exchange: 7472i, Delegate: 0x77e6cc00bf28[0m
[0;34m[2524608000.902] [15255:15257] [EM] Rxd Ack; Removing MessageCounter:225673006 from Retrans Table on exchange 7472i[0m
[0;32m[2524608000.902] [15255:15257] [SC] Received Sigma2 msg[0m
[0;34m[2524608000.902] [15255:15257] [SC] Found MRP parameters in the message[0m
[0;34m[2524608000.902] [15255:15257] [SC] Certificate's mNotAfterTime (978134400) is before current time (1577923200)[0m
[0;34m[2524608000.902] [15255:15257] [SC] Sending status report. Protocol code 2, exchange 7472[0m
[0;32m[2524608000.903] [15255:15257] [EM] <<< [E:7472i S:0 M:225673007 (Ack:80724814)] (U) Msg TX from B4D6B9C9CC5DCA0A to 0:0000000000000000 [0000] [UDP:[fe80::bfe:a203:38f0:bce7%enp0s3]:5540] --- Type 0000:40 (SecureChannel:StatusReport) (B:34)[0m
[0;32m[2524608000.903] [15255:15257] [EM] ??1 [E:7472i S:0 M:225673007] (U) Msg Retransmission to 0:0000000000000000 scheduled for 334ms from now [State:Active II:500 AI:300 AT:4000][0m
[0;34m[2524608000.903] [15255:15257] [IN] SecureSession[0x77e6cc00c1f0]: Released - Type:2 LSID:57975[0m
[1;31m[2524608000.903] [15255:15257] [-] src/credentials/CHIPCert.cpp:1481: CHIP Error 0x0000004E: Certificate expired at examples/chip-tool/commands/clusters/ModelCommand.cpp:67[0m
[0;32m[2524608000.903] [15255:15257] [EM] >>> [E:7472i S:0 M:80724815 (Ack:225673007)] (U) Msg RX from 0:0000000000000000 [0000] to B4D6B9C9CC5DCA0A --- Type 0000:10 (SecureChannel:StandaloneAck) (B:26)[0m
[0;34m[2524608000.903] [15255:15257] [EM] Found matching exchange: 7472i, Delegate: (nil)[0m
[0;34m[2524608000.903] [15255:15257] [EM] Rxd Ack; Removing MessageCounter:225673007 from Retrans Table on exchange 7472i[0m
[0;34m[2524608000.903] [15255:15255] [CTL] Shutting down the commissioner[0m
[0;32m[2524608000.903] [15255:15255] [PAF] WiFiPAF: Closing all WiFiPAF sessions to shutdown[0m
[0;34m[2524608000.903] [15255:15255] [CTL] Shutting down the controller[0m
[0;34m[2524608000.903] [15255:15255] [IN] Expiring all sessions for fabric 0x1!![0m
[0;32m[2524608000.903] [15255:15255] [FP] Forgetting fabric 0x1[0m
[0;32m[2524608000.903] [15255:15255] [TS] Pending Last Known Good Time: 2023-10-14T01:16:48[0m
[0;32m[2524608000.903] [15255:15255] [TS] Previous Last Known Good Time: 2023-10-14T01:16:48[0m
[0;32m[2524608000.903] [15255:15255] [TS] Reverted Last Known Good Time to previous value[0m
[0;34m[2524608000.903] [15255:15255] [CTL] Shutting down the commissioner[0m
[0;32m[2524608000.903] [15255:15255] [PAF] WiFiPAF: Closing all WiFiPAF sessions to shutdown[0m
[0;34m[2524608000.903] [15255:15255] [CTL] Shutting down the controller[0m
[0;34m[2524608000.903] [15255:15255] [CTL] Shutting down the System State, this will teardown the CHIP Stack[0m
[0;34m[2524608000.903] [15255:15255] [DMG] All ReadHandler-s are clean, clear GlobalDirtySet[0m
[0;32m[2524608000.903] [15255:15255] [FP] Shutting down FabricTable[0m
[0;32m[2524608000.903] [15255:15255] [TS] Pending Last Known Good Time: 2023-10-14T01:16:48[0m
[0;32m[2524608000.903] [15255:15255] [TS] Previous Last Known Good Time: 2023-10-14T01:16:48[0m
[0;32m[2524608000.903] [15255:15255] [TS] Reverted Last Known Good Time to previous value[0m
[0;34m[2524608000.908] [15255:15255] [DL] Wrote settings to /tmp/chip_counters.ini[0m
[0;32m[2524608000.908] [15255:15255] [DL] NVS set: chip-counters/total-operational-hours = 0 (0x0)[0m
[0;32m[2524608000.908] [15255:15255] [DL] Inet Layer shutdown[0m
[0;32m[2524608000.908] [15255:15255] [DL] BLE Layer shutdown[0m
[0;32m[2524608000.908] [15255:15255] [DL] WiFi-PAF Layer shutdown[0m
[0;32m[2524608000.908] [15255:15255] [PAF] WiFiPAF: Closing all WiFiPAF sessions to shutdown[0m
[0;32m[2524608000.908] [15255:15255] [DL] System Layer shutdown[0m
[1;31m[2524608000.909] [15255:15255] [TOO] Run command failure: src/credentials/CHIPCert.cpp:1481: CHIP Error 0x0000004E: Certificate expired[0m
