[0;34m[1784837690.632] [21678:21678] [DL] ChipLinuxStorage::Init: Using KVS config file: /tmp/chip_tool_kvs[0m
[1;31m[1784837690.634] [21678:21678] [DL] ChipLinuxStorage::Init: Attempt to re-initialize with KVS config file: /tmp/chip_kvs, IGNORING.[0m
[0;34m[1784837690.636] [21678:21678] [DL] ChipLinuxStorage::Init: Using KVS config file: /tmp/chip_factory.ini[0m
[0;34m[1784837690.636] [21678:21678] [DL] ChipLinuxStorage::Init: Using KVS config file: /tmp/chip_config.ini[0m
[0;34m[1784837690.636] [21678:21678] [DL] ChipLinuxStorage::Init: Using KVS config file: /tmp/chip_counters.ini[0m
[0;34m[1784837690.639] [21678:21678] [DL] Wrote settings to /tmp/chip_counters.ini[0m
[0;32m[1784837690.639] [21678:21678] [DL] NVS set: chip-counters/reboot-count = 3 (0x3)[0m
[0;32m[1784837690.639] [21678:21678] [DL] Got Ethernet interface: enp0s3[0m
[0;32m[1784837690.639] [21678:21678] [DL] Found the primary Ethernet interface:enp0s3[0m
[1;31m[1784837690.639] [21678:21678] [DL] Failed to get WiFi interface[0m
[1;31m[1784837690.639] [21678:21678] [DL] Failed to reset WiFi statistic counts[0m
[0;32m[1784837690.639] [21678:21678] [PAF] WiFiPAF: WiFiPAFLayer::Init()[0m
[0;34m[1784837690.639] [21678:21678] [IN] UDP::Init bind&listen port=0[0m
[0;34m[1784837690.639] [21678:21678] [IN] UDP::Init bound to port=48695[0m
[0;34m[1784837690.639] [21678:21678] [IN] UDP::Init bind&listen port=0[0m
[0;34m[1784837690.639] [21678:21678] [IN] UDP::Init bound to port=46546[0m
[0;34m[1784837690.639] [21678:21678] [IN] BLEBase::Init - setting/overriding transport[0m
[0;34m[1784837690.639] [21678:21678] [IN] WiFiPAFBase::Init - setting/overriding transport[0m
[0;34m[1784837690.639] [21678:21678] [IN] TransportMgr initialized[0m
[0;34m[1784837690.639] [21678:21678] [FP] Initializing FabricTable from persistent storage[0m
[0;32m[1784837690.639] [21678:21678] [TS] Last Known Good Time: 2023-10-14T01:16:48[0m
[0;32m[1784837690.639] [21678:21678] [FP] Fabric index 0x1 was retrieved from storage. Compressed FabricId 0x93FDBCAD247F18DE, FabricId 0x0000000000000001, NodeId 0x000000000001B669, VendorId 0xFFF1[0m
[0;32m[1784837690.640] [21678:21678] [DMG] Ember attribute persistence requires setting up[0m
[0;32m[1784837690.640] [21678:21678] [ZCL] Using ZAP configuration...[0m
[0;34m[1784837690.640] [21678:21678] [CTL] System State Initialized...[0m
[0;32m[1784837690.640] [21678:21678] [CTL] Setting attestation nonce to random value[0m
[0;32m[1784837690.640] [21678:21678] [CTL] Setting CSR nonce to random value[0m
[0;34m[1784837690.641] [21678:21680] [DL] CHIP task running[0m
[0;32m[1784837690.641] [21678:21680] [CTL] Setting attestation nonce to random value[0m
[0;32m[1784837690.641] [21678:21680] [CTL] Setting CSR nonce to random value[0m
[0;32m[1784837690.641] [21678:21680] [CTL] Generating NOC[0m
[0;32m[1784837690.641] [21678:21680] [FP] Validating NOC chain[0m
[0;32m[1784837690.641] [21678:21680] [FP] NOC chain validation successful[0m
[0;32m[1784837690.641] [21678:21680] [FP] Updated fabric at index: 0x1, Node ID: 0x000000000001B669[0m
[0;32m[1784837690.641] [21678:21680] [TS] Last Known Good Time: 2023-10-14T01:16:48[0m
[0;32m[1784837690.641] [21678:21680] [TS] New proposed Last Known Good Time: 2021-01-01T00:00:00[0m
[0;32m[1784837690.641] [21678:21680] [TS] Retaining current Last Known Good Time[0m
[0;32m[1784837690.644] [21678:21680] [FP] Metadata for Fabric 0x1 persisted to storage.[0m
[0;32m[1784837690.644] [21678:21680] [TS] Committing Last Known Good Time to storage: 2023-10-14T01:16:48[0m
[0;32m[1784837690.645] [21678:21680] [CTL] Joined the fabric at index 1. Fabric ID is 0x0000000000000001 (Compressed Fabric ID: 93FDBCAD247F18DE)[0m
[0;32m[1784837690.651] [21678:21680] [TOO] Sending command to node 0x1[0m
[0;34m[1784837690.651] [21678:21680] [CSM] FindOrEstablishSession: PeerId = [1:0000000000000001][0m
[0;34m[1784837690.651] [21678:21680] [CSM] FindOrEstablishSession: No existing OperationalSessionSetup instance found[0m
[0;34m[1784837690.651] [21678:21680] [DIS] OperationalSessionSetup[1:0000000000000001]: State change 1 --> 2[0m
[0;32m[1784837690.651] [21678:21680] [DIS] Lookup started for 93FDBCAD247F18DE-0000000000000001[0m
[0;32m[1784837690.652] [21678:21680] [DIS] UDP:[fe80::bfe:a203:38f0:bce7%enp0s3]:5540: new best score: 7 (for 93FDBCAD247F18DE-0000000000000001)[0m
[0;34m[1784837690.652] [21678:21680] [DIS] Lookup clearing interface for non LL address[0m
[0;32m[1784837690.652] [21678:21680] [DIS] UDP:10.0.2.15%enp0s3:5540: new best score: 2 (for 93FDBCAD247F18DE-0000000000000001)[0m
[0;32m[1784837690.652] [21678:21680] [DIS] Checking node lookup status for 93FDBCAD247F18DE-0000000000000001 after 0 ms[0m
[0;32m[1784837690.652] [21678:21680] [DIS] Keeping DNSSD lookup active[0m
[0;32m[1784837690.652] [21678:21680] [DIS] UDP:[fe80::bfe:a203:38f0:bce7%enp0s3]:5540: score has not improved: 7 (for 93FDBCAD247F18DE-0000000000000001)[0m
[0;34m[1784837690.652] [21678:21680] [DIS] Lookup clearing interface for non LL address[0m
[0;32m[1784837690.652] [21678:21680] [DIS] UDP:10.0.2.15%enp0s3:5540: score has not improved: 2 (for 93FDBCAD247F18DE-0000000000000001)[0m
[0;32m[1784837690.652] [21678:21680] [DIS] Checking node lookup status for 93FDBCAD247F18DE-0000000000000001 after 0 ms[0m
[0;32m[1784837690.652] [21678:21680] [DIS] Keeping DNSSD lookup active[0m
[0;32m[1784837690.857] [21678:21680] [DIS] Checking node lookup status for 93FDBCAD247F18DE-0000000000000001 after 206 ms[0m
[0;34m[1784837690.857] [21678:21680] [DIS] OperationalSessionSetup[1:0000000000000001]: Updating device address to UDP:[fe80::bfe:a203:38f0:bce7%enp0s3]:5540 while in state 2[0m
[0;34m[1784837690.857] [21678:21680] [DIS] OperationalSessionSetup[1:0000000000000001]: State change 2 --> 3[0m
[0;34m[1784837690.857] [21678:21680] [IN] SecureSession[0x7b39c0009cd0]: Allocated Type:2 LSID:45918[0m
[0;32m[1784837690.857] [21678:21680] [SC] Initiating session on local FabricIndex 1 from 0x000000000001B669 -> 0x0000000000000001[0m
[0;32m[1784837690.858] [21678:21680] [EM] <<< [E:57215i S:0 M:234427611] (U) Msg TX from 74F25E2F5C1A4AB2 to 0:0000000000000000 [0000] [UDP:[fe80::bfe:a203:38f0:bce7%enp0s3]:5540] --- Type 0000:30 (SecureChannel:CASE_Sigma1) (B:196)[0m
[0;32m[1784837690.858] [21678:21680] [EM] ??1 [E:57215i S:0 M:234427611] (U) Msg Retransmission to 0:0000000000000000 scheduled for 555ms from now [State:Idle II:500 AI:300 AT:4000][0m
[0;32m[1784837690.858] [21678:21680] [SC] Sent Sigma1 msg to <0000000000000001, 1> [II:500ms AI:300ms AT:4000ms][0m
[0;34m[1784837690.858] [21678:21680] [DIS] OperationalSessionSetup[1:0000000000000001]: State change 3 --> 4[0m
[0;32m[1784837690.861] [21678:21680] [EM] >>> [E:57215i S:0 M:46794229 (Ack:234427611)] (U) Msg RX from 0:0000000000000000 [0000] to 74F25E2F5C1A4AB2 --- Type 0000:31 (SecureChannel:CASE_Sigma2) (B:751)[0m
[0;34m[1784837690.861] [21678:21680] [EM] Found matching exchange: 57215i, Delegate: 0x7b39c000b8e8[0m
[0;34m[1784837690.861] [21678:21680] [EM] Rxd Ack; Removing MessageCounter:234427611 from Retrans Table on exchange 57215i[0m
[0;32m[1784837690.861] [21678:21680] [SC] Received Sigma2 msg[0m
[0;34m[1784837690.861] [21678:21680] [SC] Found MRP parameters in the message[0m
[0;34m[1784837690.862] [21678:21680] [SC] Peer <0000000000000001, 1> assigned session ID 65478[0m
[0;34m[1784837690.862] [21678:21680] [SC] Sending Sigma3[0m
[0;32m[1784837690.862] [21678:21680] [EM] <<< [E:57215i S:0 M:234427612 (Ack:46794229)] (U) Msg TX from 74F25E2F5C1A4AB2 to 0:0000000000000000 [0000] [UDP:[fe80::bfe:a203:38f0:bce7%enp0s3]:5540] --- Type 0000:32 (SecureChannel:CASE_Sigma3) (B:598)[0m
[0;32m[1784837690.863] [21678:21680] [EM] ??1 [E:57215i S:0 M:234427612] (U) Msg Retransmission to 0:0000000000000000 scheduled for 345ms from now [State:Active II:500 AI:300 AT:4000][0m
[0;32m[1784837690.863] [21678:21680] [SC] Sent Sigma3 msg[0m
[0;32m[1784837690.872] [21678:21680] [EM] >>> [E:57215i S:0 M:46794230 (Ack:234427612)] (U) Msg RX from 0:0000000000000000 [0000] to 74F25E2F5C1A4AB2 --- Type 0000:40 (SecureChannel:StatusReport) (B:34)[0m
[0;34m[1784837690.872] [21678:21680] [EM] Found matching exchange: 57215i, Delegate: 0x7b39c000b8e8[0m
[0;34m[1784837690.872] [21678:21680] [EM] Rxd Ack; Removing MessageCounter:234427612 from Retrans Table on exchange 57215i[0m
[0;32m[1784837690.872] [21678:21680] [SC] Success status report received. Session was established[0m
[0;32m[1784837690.873] [21678:21680] [SC] SecureSession[0x7b39c0009cd0, LSID:45918]: State change 'kEstablishing' --> 'kActive'[0m
[0;34m[1784837690.873] [21678:21680] [IN] SecureSession[0x7b39c0009cd0]: Activated - Type:2 LSID:45918[0m
[0;34m[1784837690.873] [21678:21680] [IN] New secure session activated for device <0000000000000001, 1>, LSID:45918 PSID:65478![0m
[0;34m[1784837690.873] [21678:21680] [DIS] OperationalSessionSetup[1:0000000000000001]: State change 4 --> 5[0m
[0;32m[1784837690.873] [21678:21680] [TOO] Sending ReadAttribute to:[0m
[0;32m[1784837690.873] [21678:21680] [TOO] 	cluster 0x0000_0038, attribute: 0x0000_0000, endpoint 0[0m
[0;34m[1784837690.873] [21678:21680] [DMG] SendReadRequest ReadClient[0x7b39c000eef0]: Sending Read Request[0m
[0;32m[1784837690.873] [21678:21680] [DMG] 0 data version filters provided, 0 not relevant, 0 encoded, 0 skipped due to lack of space[0m
[0;32m[1784837690.873] [21678:21680] [EM] <<< [E:57216i S:45918 M:59833557] (S) Msg TX from 000000000001B669 to 1:0000000000000001 [18DE] [UDP:[fe80::bfe:a203:38f0:bce7%enp0s3]:5540] --- Type 0001:02 (IM:ReadRequest) (B:51)[0m
[0;32m[1784837690.873] [21678:21680] [EM] ??1 [E:57216i S:45918 M:59833557] (S) Msg Retransmission to 1:0000000000000001 scheduled for 366ms from now [State:Active II:500 AI:300 AT:4000][0m
[0;34m[1784837690.873] [21678:21680] [DMG] MoveToState ReadClient[0x7b39c000eef0]: Moving to [AwaitingIn][0m
[0;32m[1784837690.873] [21678:21680] [EM] <<< [E:57215i S:0 M:234427613 (Ack:46794230)] (U) Msg TX from 74F25E2F5C1A4AB2 to 0:0000000000000000 [0000] [UDP:[fe80::bfe:a203:38f0:bce7%enp0s3]:5540] --- Type 0000:10 (SecureChannel:StandaloneAck) (B:26)[0m
[0;34m[1784837690.873] [21678:21680] [EM] Flushed pending ack for MessageCounter:46794230 on exchange 57215i[0m
[0;32m[1784837690.874] [21678:21680] [EM] >>> [E:57216i S:45918 M:75874874 (Ack:59833557)] (S) Msg RX from 1:0000000000000001 [18DE] to 000000000001B669 --- Type 0001:05 (IM:ReportData) (B:77)[0m
[0;34m[1784837690.874] [21678:21680] [EM] Found matching exchange: 57216i, Delegate: 0x7b39c000ef00[0m
[0;34m[1784837690.874] [21678:21680] [EM] Rxd Ack; Removing MessageCounter:59833557 from Retrans Table on exchange 57216i[0m
[0;34m[1784837690.874] [21678:21680] [DMG] ReportDataMessage =[0m
[0;34m[1784837690.874] [21678:21680] [DMG] {[0m
[0;34m[1784837690.874] [21678:21680] [DMG] 	AttributeReportIBs =[0m
[0;34m[1784837690.874] [21678:21680] [DMG] 	[[0m
[0;34m[1784837690.874] [21678:21680] [DMG] 		AttributeReportIB =[0m
[0;34m[1784837690.874] [21678:21680] [DMG] 		{[0m
[0;34m[1784837690.874] [21678:21680] [DMG] 			AttributeDataIB =[0m
[0;34m[1784837690.874] [21678:21680] [DMG] 			{[0m
[0;34m[1784837690.874] [21678:21680] [DMG] 				DataVersion = 0xca289f28,[0m
[0;34m[1784837690.874] [21678:21680] [DMG] 				AttributePathIB =[0m
[0;34m[1784837690.874] [21678:21680] [DMG] 				{[0m
[0;34m[1784837690.874] [21678:21680] [DMG] 					Endpoint = 0x0,[0m
[0;34m[1784837690.874] [21678:21680] [DMG] 					Cluster = 0x38,[0m
[0;34m[1784837690.874] [21678:21680] [DMG] 					Attribute = 0x0000_0000,[0m
[0;34m[1784837690.874] [21678:21680] [DMG] 				}[0m
[0;34m[1784837690.874] [21678:21680] [DMG] 					[0m
[0;34m[1784837690.874] [21678:21680] [DMG] 				Data = 838152890873745 (unsigned), [0m
[0;34m[1784837690.874] [21678:21680] [DMG] 			},[0m
[0;34m[1784837690.874] [21678:21680] [DMG] 			[0m
[0;34m[1784837690.874] [21678:21680] [DMG] 		},[0m
[0;34m[1784837690.874] [21678:21680] [DMG] 		[0m
[0;34m[1784837690.874] [21678:21680] [DMG] 	],[0m
[0;34m[1784837690.874] [21678:21680] [DMG] 	[0m
[0;34m[1784837690.874] [21678:21680] [DMG] 	SuppressResponse = true, [0m
[0;34m[1784837690.874] [21678:21680] [DMG] 	InteractionModelRevision = 12[0m
[0;34m[1784837690.874] [21678:21680] [DMG] }[0m
[0;32m[1784837690.874] [21678:21680] [TOO] Endpoint: 0 Cluster: 0x0000_0038 Attribute 0x0000_0000 DataVersion: 3391659816[0m
[0;32m[1784837690.874] [21678:21680] [TOO]   UTCTime: 838152890873745[0m
[0;32m[1784837690.874] [21678:21680] [EM] <<< [E:57216i S:45918 M:59833558 (Ack:75874874)] (S) Msg TX from 000000000001B669 to 1:0000000000000001 [18DE] [UDP:[fe80::bfe:a203:38f0:bce7%enp0s3]:5540] --- Type 0000:10 (SecureChannel:StandaloneAck) (B:34)[0m
[0;34m[1784837690.874] [21678:21680] [EM] Flushed pending ack for MessageCounter:75874874 on exchange 57216i[0m
[0;34m[1784837690.874] [21678:21678] [CTL] Shutting down the commissioner[0m
[0;32m[1784837690.874] [21678:21678] [PAF] WiFiPAF: Closing all WiFiPAF sessions to shutdown[0m
[0;34m[1784837690.874] [21678:21678] [CTL] Shutting down the controller[0m
[0;34m[1784837690.874] [21678:21678] [IN] Expiring all sessions for fabric 0x1!![0m
[0;34m[1784837690.874] [21678:21678] [IN] SecureSession[0x7b39c0009cd0]: MarkForEviction Type:2 LSID:45918[0m
[0;32m[1784837690.874] [21678:21678] [SC] SecureSession[0x7b39c0009cd0, LSID:45918]: State change 'kActive' --> 'kPendingEviction'[0m
[0;34m[1784837690.874] [21678:21678] [IN] SecureSession[0x7b39c0009cd0]: Released - Type:2 LSID:45918[0m
[0;32m[1784837690.874] [21678:21678] [FP] Forgetting fabric 0x1[0m
[0;32m[1784837690.874] [21678:21678] [TS] Pending Last Known Good Time: 2023-10-14T01:16:48[0m
[0;32m[1784837690.874] [21678:21678] [TS] Previous Last Known Good Time: 2023-10-14T01:16:48[0m
[0;32m[1784837690.874] [21678:21678] [TS] Reverted Last Known Good Time to previous value[0m
[0;34m[1784837690.874] [21678:21678] [CTL] Shutting down the commissioner[0m
[0;32m[1784837690.874] [21678:21678] [PAF] WiFiPAF: Closing all WiFiPAF sessions to shutdown[0m
[0;34m[1784837690.874] [21678:21678] [CTL] Shutting down the controller[0m
[0;34m[1784837690.874] [21678:21678] [CTL] Shutting down the System State, this will teardown the CHIP Stack[0m
[0;34m[1784837690.874] [21678:21678] [DMG] All ReadHandler-s are clean, clear GlobalDirtySet[0m
[0;32m[1784837690.874] [21678:21678] [FP] Shutting down FabricTable[0m
[0;32m[1784837690.874] [21678:21678] [TS] Pending Last Known Good Time: 2023-10-14T01:16:48[0m
[0;32m[1784837690.874] [21678:21678] [TS] Previous Last Known Good Time: 2023-10-14T01:16:48[0m
[0;32m[1784837690.874] [21678:21678] [TS] Reverted Last Known Good Time to previous value[0m
[0;34m[1784837690.876] [21678:21678] [DL] Wrote settings to /tmp/chip_counters.ini[0m
[0;32m[1784837690.876] [21678:21678] [DL] NVS set: chip-counters/total-operational-hours = 0 (0x0)[0m
[0;32m[1784837690.876] [21678:21678] [DL] Inet Layer shutdown[0m
[0;32m[1784837690.876] [21678:21678] [DL] BLE Layer shutdown[0m
[0;32m[1784837690.876] [21678:21678] [DL] WiFi-PAF Layer shutdown[0m
[0;32m[1784837690.876] [21678:21678] [PAF] WiFiPAF: Closing all WiFiPAF sessions to shutdown[0m
[0;32m[1784837690.876] [21678:21678] [DL] System Layer shutdown[0m
