[0;34m[2524608000.085] [18651:18651] [DL] ChipLinuxStorage::Init: Using KVS config file: /tmp/chip_tool_kvs[0m
[1;31m[2524608000.086] [18651:18651] [DL] ChipLinuxStorage::Init: Attempt to re-initialize with KVS config file: /tmp/chip_kvs, IGNORING.[0m
[0;34m[2524608000.088] [18651:18651] [DL] ChipLinuxStorage::Init: Using KVS config file: /tmp/chip_factory.ini[0m
[0;34m[2524608000.088] [18651:18651] [DL] ChipLinuxStorage::Init: Using KVS config file: /tmp/chip_config.ini[0m
[0;34m[2524608000.088] [18651:18651] [DL] ChipLinuxStorage::Init: Using KVS config file: /tmp/chip_counters.ini[0m
[0;34m[2524608000.091] [18651:18651] [DL] Wrote settings to /tmp/chip_counters.ini[0m
[0;32m[2524608000.091] [18651:18651] [DL] NVS set: chip-counters/reboot-count = 4 (0x4)[0m
[0;32m[2524608000.091] [18651:18651] [DL] Got Ethernet interface: enp0s3[0m
[0;32m[2524608000.091] [18651:18651] [DL] Found the primary Ethernet interface:enp0s3[0m
[1;31m[2524608000.091] [18651:18651] [DL] Failed to get WiFi interface[0m
[1;31m[2524608000.091] [18651:18651] [DL] Failed to reset WiFi statistic counts[0m
[0;32m[2524608000.091] [18651:18651] [PAF] WiFiPAF: WiFiPAFLayer::Init()[0m
[0;34m[2524608000.091] [18651:18651] [IN] UDP::Init bind&listen port=0[0m
[0;34m[2524608000.091] [18651:18651] [IN] UDP::Init bound to port=46692[0m
[0;34m[2524608000.091] [18651:18651] [IN] UDP::Init bind&listen port=0[0m
[0;34m[2524608000.091] [18651:18651] [IN] UDP::Init bound to port=56038[0m
[0;34m[2524608000.091] [18651:18651] [IN] BLEBase::Init - setting/overriding transport[0m
[0;34m[2524608000.091] [18651:18651] [IN] WiFiPAFBase::Init - setting/overriding transport[0m
[0;34m[2524608000.091] [18651:18651] [IN] TransportMgr initialized[0m
[0;34m[2524608000.091] [18651:18651] [FP] Initializing FabricTable from persistent storage[0m
[0;32m[2524608000.091] [18651:18651] [TS] Last Known Good Time: 2023-10-14T01:16:48[0m
[0;32m[2524608000.092] [18651:18651] [FP] Fabric index 0x1 was retrieved from storage. Compressed FabricId 0xE96DA1FBDFADFA25, FabricId 0x0000000000000001, NodeId 0x000000000001B669, VendorId 0xFFF1[0m
[0;32m[2524608000.093] [18651:18651] [DMG] Ember attribute persistence requires setting up[0m
[0;32m[2524608000.093] [18651:18651] [ZCL] Using ZAP configuration...[0m
[0;34m[2524608000.093] [18651:18651] [CTL] System State Initialized...[0m
[0;32m[2524608000.093] [18651:18651] [CTL] Setting attestation nonce to random value[0m
[0;32m[2524608000.093] [18651:18651] [CTL] Setting CSR nonce to random value[0m
[0;34m[2524608000.093] [18651:18659] [DL] CHIP task running[0m
[0;32m[2524608000.093] [18651:18659] [CTL] Setting attestation nonce to random value[0m
[0;32m[2524608000.093] [18651:18659] [CTL] Setting CSR nonce to random value[0m
[0;32m[2524608000.093] [18651:18659] [CTL] Generating NOC[0m
[0;32m[2524608000.094] [18651:18659] [FP] Validating NOC chain[0m
[0;32m[2524608000.094] [18651:18659] [FP] NOC chain validation successful[0m
[0;32m[2524608000.094] [18651:18659] [FP] Updated fabric at index: 0x1, Node ID: 0x000000000001B669[0m
[0;32m[2524608000.094] [18651:18659] [TS] Last Known Good Time: 2023-10-14T01:16:48[0m
[0;32m[2524608000.094] [18651:18659] [TS] New proposed Last Known Good Time: 2021-01-01T00:00:00[0m
[0;32m[2524608000.094] [18651:18659] [TS] Retaining current Last Known Good Time[0m
[0;32m[2524608000.097] [18651:18659] [FP] Metadata for Fabric 0x1 persisted to storage.[0m
[0;32m[2524608000.097] [18651:18659] [TS] Committing Last Known Good Time to storage: 2023-10-14T01:16:48[0m
[0;32m[2524608000.098] [18651:18659] [CTL] Joined the fabric at index 1. Fabric ID is 0x0000000000000001 (Compressed Fabric ID: E96DA1FBDFADFA25)[0m
[0;32m[2524608000.103] [18651:18659] [TOO] Sending command to node 0x1[0m
[0;34m[2524608000.103] [18651:18659] [CSM] FindOrEstablishSession: PeerId = [1:0000000000000001][0m
[0;34m[2524608000.103] [18651:18659] [CSM] FindOrEstablishSession: No existing OperationalSessionSetup instance found[0m
[0;34m[2524608000.103] [18651:18659] [DIS] OperationalSessionSetup[1:0000000000000001]: State change 1 --> 2[0m
[0;32m[2524608000.104] [18651:18659] [DIS] Lookup started for E96DA1FBDFADFA25-0000000000000001[0m
[0;32m[2524608000.104] [18651:18659] [DIS] UDP:[fe80::bfe:a203:38f0:bce7%enp0s3]:5540: new best score: 7 (for E96DA1FBDFADFA25-0000000000000001)[0m
[0;34m[2524608000.104] [18651:18659] [DIS] Lookup clearing interface for non LL address[0m
[0;32m[2524608000.104] [18651:18659] [DIS] UDP:10.0.2.15%enp0s3:5540: new best score: 2 (for E96DA1FBDFADFA25-0000000000000001)[0m
[0;32m[2524608000.104] [18651:18659] [DIS] Checking node lookup status for E96DA1FBDFADFA25-0000000000000001 after 1 ms[0m
[0;32m[2524608000.104] [18651:18659] [DIS] Keeping DNSSD lookup active[0m
[0;32m[2524608000.104] [18651:18659] [DIS] UDP:[fe80::bfe:a203:38f0:bce7%enp0s3]:5540: score has not improved: 7 (for E96DA1FBDFADFA25-0000000000000001)[0m
[0;34m[2524608000.104] [18651:18659] [DIS] Lookup clearing interface for non LL address[0m
[0;32m[2524608000.104] [18651:18659] [DIS] UDP:10.0.2.15%enp0s3:5540: score has not improved: 2 (for E96DA1FBDFADFA25-0000000000000001)[0m
[0;32m[2524608000.104] [18651:18659] [DIS] Checking node lookup status for E96DA1FBDFADFA25-0000000000000001 after 1 ms[0m
[0;32m[2524608000.104] [18651:18659] [DIS] Keeping DNSSD lookup active[0m
[0;32m[2524608000.318] [18651:18659] [DIS] Checking node lookup status for E96DA1FBDFADFA25-0000000000000001 after 215 ms[0m
[0;34m[2524608000.318] [18651:18659] [DIS] OperationalSessionSetup[1:0000000000000001]: Updating device address to UDP:[fe80::bfe:a203:38f0:bce7%enp0s3]:5540 while in state 2[0m
[0;34m[2524608000.318] [18651:18659] [DIS] OperationalSessionSetup[1:0000000000000001]: State change 2 --> 3[0m
[0;34m[2524608000.318] [18651:18659] [IN] SecureSession[0x7c31e0009cd0]: Allocated Type:2 LSID:12460[0m
[0;32m[2524608000.318] [18651:18659] [SC] Initiating session on local FabricIndex 1 from 0x000000000001B669 -> 0x0000000000000001[0m
[0;32m[2524608000.318] [18651:18659] [EM] <<< [E:19435i S:0 M:108392470] (U) Msg TX from 6A146DE12B87E86D to 0:0000000000000000 [0000] [UDP:[fe80::bfe:a203:38f0:bce7%enp0s3]:5540] --- Type 0000:30 (SecureChannel:CASE_Sigma1) (B:196)[0m
[0;32m[2524608000.318] [18651:18659] [EM] ??1 [E:19435i S:0 M:108392470] (U) Msg Retransmission to 0:0000000000000000 scheduled for 600ms from now [State:Idle II:500 AI:300 AT:4000][0m
[0;32m[2524608000.319] [18651:18659] [SC] Sent Sigma1 msg to <0000000000000001, 1> [II:500ms AI:300ms AT:4000ms][0m
[0;34m[2524608000.319] [18651:18659] [DIS] OperationalSessionSetup[1:0000000000000001]: State change 3 --> 4[0m
[0;32m[2524608000.320] [18651:18659] [EM] >>> [E:19435i S:0 M:14936954 (Ack:108392470)] (U) Msg RX from 0:0000000000000000 [0000] to 6A146DE12B87E86D --- Type 0000:31 (SecureChannel:CASE_Sigma2) (B:751)[0m
[0;34m[2524608000.320] [18651:18659] [EM] Found matching exchange: 19435i, Delegate: 0x7c31e000b8e8[0m
[0;34m[2524608000.320] [18651:18659] [EM] Rxd Ack; Removing MessageCounter:108392470 from Retrans Table on exchange 19435i[0m
[0;32m[2524608000.320] [18651:18659] [SC] Received Sigma2 msg[0m
[0;34m[2524608000.320] [18651:18659] [SC] Found MRP parameters in the message[0m
[0;34m[2524608000.320] [18651:18659] [SC] Certificate's mNotAfterTime (978134400) is before current time (1577923200)[0m
[0;34m[2524608000.320] [18651:18659] [SC] Sending status report. Protocol code 2, exchange 19435[0m
[0;32m[2524608000.320] [18651:18659] [EM] <<< [E:19435i S:0 M:108392471 (Ack:14936954)] (U) Msg TX from 6A146DE12B87E86D to 0:0000000000000000 [0000] [UDP:[fe80::bfe:a203:38f0:bce7%enp0s3]:5540] --- Type 0000:40 (SecureChannel:StatusReport) (B:34)[0m
[0;32m[2524608000.321] [18651:18659] [EM] ??1 [E:19435i S:0 M:108392471] (U) Msg Retransmission to 0:0000000000000000 scheduled for 340ms from now [State:Active II:500 AI:300 AT:4000][0m
[0;34m[2524608000.321] [18651:18659] [IN] SecureSession[0x7c31e0009cd0]: Released - Type:2 LSID:12460[0m
[1;31m[2524608000.321] [18651:18659] [-] src/credentials/CHIPCert.cpp:1481: CHIP Error 0x0000004E: Certificate expired at examples/chip-tool/commands/clusters/ModelCommand.cpp:67[0m
[0;32m[2524608000.321] [18651:18659] [EM] >>> [E:19435i S:0 M:14936955 (Ack:108392471)] (U) Msg RX from 0:0000000000000000 [0000] to 6A146DE12B87E86D --- Type 0000:10 (SecureChannel:StandaloneAck) (B:26)[0m
[0;34m[2524608000.321] [18651:18659] [EM] Found matching exchange: 19435i, Delegate: (nil)[0m
[0;34m[2524608000.321] [18651:18659] [EM] Rxd Ack; Removing MessageCounter:108392471 from Retrans Table on exchange 19435i[0m
[0;34m[2524608000.321] [18651:18651] [CTL] Shutting down the commissioner[0m
[0;32m[2524608000.321] [18651:18651] [PAF] WiFiPAF: Closing all WiFiPAF sessions to shutdown[0m
[0;34m[2524608000.321] [18651:18651] [CTL] Shutting down the controller[0m
[0;34m[2524608000.321] [18651:18651] [IN] Expiring all sessions for fabric 0x1!![0m
[0;32m[2524608000.321] [18651:18651] [FP] Forgetting fabric 0x1[0m
[0;32m[2524608000.321] [18651:18651] [TS] Pending Last Known Good Time: 2023-10-14T01:16:48[0m
[0;32m[2524608000.321] [18651:18651] [TS] Previous Last Known Good Time: 2023-10-14T01:16:48[0m
[0;32m[2524608000.321] [18651:18651] [TS] Reverted Last Known Good Time to previous value[0m
[0;34m[2524608000.321] [18651:18651] [CTL] Shutting down the commissioner[0m
[0;32m[2524608000.321] [18651:18651] [PAF] WiFiPAF: Closing all WiFiPAF sessions to shutdown[0m
[0;34m[2524608000.321] [18651:18651] [CTL] Shutting down the controller[0m
[0;34m[2524608000.321] [18651:18651] [CTL] Shutting down the System State, this will teardown the CHIP Stack[0m
[0;34m[2524608000.321] [18651:18651] [DMG] All ReadHandler-s are clean, clear GlobalDirtySet[0m
[0;32m[2524608000.321] [18651:18651] [FP] Shutting down FabricTable[0m
[0;32m[2524608000.321] [18651:18651] [TS] Pending Last Known Good Time: 2023-10-14T01:16:48[0m
[0;32m[2524608000.321] [18651:18651] [TS] Previous Last Known Good Time: 2023-10-14T01:16:48[0m
[0;32m[2524608000.321] [18651:18651] [TS] Reverted Last Known Good Time to previous value[0m
[0;34m[2524608000.325] [18651:18651] [DL] Wrote settings to /tmp/chip_counters.ini[0m
[0;32m[2524608000.325] [18651:18651] [DL] NVS set: chip-counters/total-operational-hours = 0 (0x0)[0m
[0;32m[2524608000.325] [18651:18651] [DL] Inet Layer shutdown[0m
[0;32m[2524608000.325] [18651:18651] [DL] BLE Layer shutdown[0m
[0;32m[2524608000.325] [18651:18651] [DL] WiFi-PAF Layer shutdown[0m
[0;32m[2524608000.325] [18651:18651] [PAF] WiFiPAF: Closing all WiFiPAF sessions to shutdown[0m
[0;32m[2524608000.325] [18651:18651] [DL] System Layer shutdown[0m
[1;31m[2524608000.325] [18651:18651] [TOO] Run command failure: src/credentials/CHIPCert.cpp:1481: CHIP Error 0x0000004E: Certificate expired[0m
