[0;34m[2524608000.449] [18772:18772] [DL] ChipLinuxStorage::Init: Using KVS config file: /tmp/chip_tool_kvs[0m
[1;31m[2524608000.452] [18772:18772] [DL] ChipLinuxStorage::Init: Attempt to re-initialize with KVS config file: /tmp/chip_kvs, IGNORING.[0m
[0;34m[2524608000.453] [18772:18772] [DL] ChipLinuxStorage::Init: Using KVS config file: /tmp/chip_factory.ini[0m
[0;34m[2524608000.453] [18772:18772] [DL] ChipLinuxStorage::Init: Using KVS config file: /tmp/chip_config.ini[0m
[0;34m[2524608000.453] [18772:18772] [DL] ChipLinuxStorage::Init: Using KVS config file: /tmp/chip_counters.ini[0m
[0;34m[2524608000.457] [18772:18772] [DL] Wrote settings to /tmp/chip_counters.ini[0m
[0;32m[2524608000.457] [18772:18772] [DL] NVS set: chip-counters/reboot-count = 5 (0x5)[0m
[0;32m[2524608000.457] [18772:18772] [DL] Got Ethernet interface: enp0s3[0m
[0;32m[2524608000.457] [18772:18772] [DL] Found the primary Ethernet interface:enp0s3[0m
[1;31m[2524608000.457] [18772:18772] [DL] Failed to get WiFi interface[0m
[1;31m[2524608000.457] [18772:18772] [DL] Failed to reset WiFi statistic counts[0m
[0;32m[2524608000.457] [18772:18772] [PAF] WiFiPAF: WiFiPAFLayer::Init()[0m
[0;34m[2524608000.457] [18772:18772] [IN] UDP::Init bind&listen port=0[0m
[0;34m[2524608000.457] [18772:18772] [IN] UDP::Init bound to port=51746[0m
[0;34m[2524608000.457] [18772:18772] [IN] UDP::Init bind&listen port=0[0m
[0;34m[2524608000.457] [18772:18772] [IN] UDP::Init bound to port=48674[0m
[0;34m[2524608000.457] [18772:18772] [IN] BLEBase::Init - setting/overriding transport[0m
[0;34m[2524608000.457] [18772:18772] [IN] WiFiPAFBase::Init - setting/overriding transport[0m
[0;34m[2524608000.457] [18772:18772] [IN] TransportMgr initialized[0m
[0;34m[2524608000.457] [18772:18772] [FP] Initializing FabricTable from persistent storage[0m
[0;32m[2524608000.457] [18772:18772] [TS] Last Known Good Time: 2023-10-14T01:16:48[0m
[0;32m[2524608000.458] [18772:18772] [FP] Fabric index 0x1 was retrieved from storage. Compressed FabricId 0x03818C6E259DA219, FabricId 0x0000000000000001, NodeId 0x000000000001B669, VendorId 0xFFF1[0m
[0;32m[2524608000.459] [18772:18772] [DMG] Ember attribute persistence requires setting up[0m
[0;32m[2524608000.459] [18772:18772] [ZCL] Using ZAP configuration...[0m
[0;34m[2524608000.459] [18772:18772] [CTL] System State Initialized...[0m
[0;32m[2524608000.459] [18772:18772] [CTL] Setting attestation nonce to random value[0m
[0;32m[2524608000.459] [18772:18772] [CTL] Setting CSR nonce to random value[0m
[0;34m[2524608000.459] [18772:18789] [DL] CHIP task running[0m
[0;32m[2524608000.459] [18772:18789] [CTL] Setting attestation nonce to random value[0m
[0;32m[2524608000.459] [18772:18789] [CTL] Setting CSR nonce to random value[0m
[0;32m[2524608000.460] [18772:18789] [CTL] Generating NOC[0m
[0;32m[2524608000.460] [18772:18789] [FP] Validating NOC chain[0m
[0;32m[2524608000.460] [18772:18789] [FP] NOC chain validation successful[0m
[0;32m[2524608000.460] [18772:18789] [FP] Updated fabric at index: 0x1, Node ID: 0x000000000001B669[0m
[0;32m[2524608000.460] [18772:18789] [TS] Last Known Good Time: 2023-10-14T01:16:48[0m
[0;32m[2524608000.460] [18772:18789] [TS] New proposed Last Known Good Time: 2021-01-01T00:00:00[0m
[0;32m[2524608000.460] [18772:18789] [TS] Retaining current Last Known Good Time[0m
[0;32m[2524608000.461] [18772:18789] [FP] Metadata for Fabric 0x1 persisted to storage.[0m
[0;32m[2524608000.462] [18772:18789] [TS] Committing Last Known Good Time to storage: 2023-10-14T01:16:48[0m
[0;32m[2524608000.463] [18772:18789] [CTL] Joined the fabric at index 1. Fabric ID is 0x0000000000000001 (Compressed Fabric ID: 03818C6E259DA219)[0m
[0;32m[2524608000.470] [18772:18789] [TOO] Sending command to node 0x1[0m
[0;34m[2524608000.470] [18772:18789] [CSM] FindOrEstablishSession: PeerId = [1:0000000000000001][0m
[0;34m[2524608000.470] [18772:18789] [CSM] FindOrEstablishSession: No existing OperationalSessionSetup instance found[0m
[0;34m[2524608000.470] [18772:18789] [DIS] OperationalSessionSetup[1:0000000000000001]: State change 1 --> 2[0m
[0;32m[2524608000.470] [18772:18789] [DIS] Lookup started for 03818C6E259DA219-0000000000000001[0m
[0;32m[2524608000.471] [18772:18789] [DIS] UDP:[fe80::bfe:a203:38f0:bce7%enp0s3]:5540: new best score: 7 (for 03818C6E259DA219-0000000000000001)[0m
[0;34m[2524608000.471] [18772:18789] [DIS] Lookup clearing interface for non LL address[0m
[0;32m[2524608000.471] [18772:18789] [DIS] UDP:10.0.2.15%enp0s3:5540: new best score: 2 (for 03818C6E259DA219-0000000000000001)[0m
[0;32m[2524608000.471] [18772:18789] [DIS] Checking node lookup status for 03818C6E259DA219-0000000000000001 after 1 ms[0m
[0;32m[2524608000.471] [18772:18789] [DIS] Keeping DNSSD lookup active[0m
[0;32m[2524608000.471] [18772:18789] [DIS] UDP:[fe80::bfe:a203:38f0:bce7%enp0s3]:5540: score has not improved: 7 (for 03818C6E259DA219-0000000000000001)[0m
[0;34m[2524608000.471] [18772:18789] [DIS] Lookup clearing interface for non LL address[0m
[0;32m[2524608000.471] [18772:18789] [DIS] UDP:10.0.2.15%enp0s3:5540: score has not improved: 2 (for 03818C6E259DA219-0000000000000001)[0m
[0;32m[2524608000.471] [18772:18789] [DIS] Checking node lookup status for 03818C6E259DA219-0000000000000001 after 1 ms[0m
[0;32m[2524608000.471] [18772:18789] [DIS] Keeping DNSSD lookup active[0m
[0;32m[2524608000.679] [18772:18789] [DIS] Checking node lookup status for 03818C6E259DA219-0000000000000001 after 209 ms[0m
[0;34m[2524608000.679] [18772:18789] [DIS] OperationalSessionSetup[1:0000000000000001]: Updating device address to UDP:[fe80::bfe:a203:38f0:bce7%enp0s3]:5540 while in state 2[0m
[0;34m[2524608000.679] [18772:18789] [DIS] OperationalSessionSetup[1:0000000000000001]: State change 2 --> 3[0m
[0;34m[2524608000.679] [18772:18789] [IN] SecureSession[0x73fd2400c1f0]: Allocated Type:2 LSID:28339[0m
[0;32m[2524608000.679] [18772:18789] [SC] Initiating session on local FabricIndex 1 from 0x000000000001B669 -> 0x0000000000000001[0m
[0;32m[2524608000.680] [18772:18789] [EM] <<< [E:27134i S:0 M:140747765] (U) Msg TX from ABFC905A509828AD to 0:0000000000000000 [0000] [UDP:[fe80::bfe:a203:38f0:bce7%enp0s3]:5540] --- Type 0000:30 (SecureChannel:CASE_Sigma1) (B:196)[0m
[0;32m[2524608000.680] [18772:18789] [EM] ??1 [E:27134i S:0 M:140747765] (U) Msg Retransmission to 0:0000000000000000 scheduled for 620ms from now [State:Idle II:500 AI:300 AT:4000][0m
[0;32m[2524608000.680] [18772:18789] [SC] Sent Sigma1 msg to <0000000000000001, 1> [II:500ms AI:300ms AT:4000ms][0m
[0;34m[2524608000.680] [18772:18789] [DIS] OperationalSessionSetup[1:0000000000000001]: State change 3 --> 4[0m
[0;32m[2524608000.682] [18772:18789] [EM] >>> [E:27134i S:0 M:188734955 (Ack:140747765)] (U) Msg RX from 0:0000000000000000 [0000] to ABFC905A509828AD --- Type 0000:31 (SecureChannel:CASE_Sigma2) (B:751)[0m
[0;34m[2524608000.682] [18772:18789] [EM] Found matching exchange: 27134i, Delegate: 0x73fd2400bf28[0m
[0;34m[2524608000.682] [18772:18789] [EM] Rxd Ack; Removing MessageCounter:140747765 from Retrans Table on exchange 27134i[0m
[0;32m[2524608000.682] [18772:18789] [SC] Received Sigma2 msg[0m
[0;34m[2524608000.682] [18772:18789] [SC] Found MRP parameters in the message[0m
[0;34m[2524608000.683] [18772:18789] [SC] Certificate's mNotAfterTime (978134400) is before current time (1577923200)[0m
[0;34m[2524608000.683] [18772:18789] [SC] Sending status report. Protocol code 2, exchange 27134[0m
[0;32m[2524608000.683] [18772:18789] [EM] <<< [E:27134i S:0 M:140747766 (Ack:188734955)] (U) Msg TX from ABFC905A509828AD to 0:0000000000000000 [0000] [UDP:[fe80::bfe:a203:38f0:bce7%enp0s3]:5540] --- Type 0000:40 (SecureChannel:StatusReport) (B:34)[0m
[0;32m[2524608000.683] [18772:18789] [EM] ??1 [E:27134i S:0 M:140747766] (U) Msg Retransmission to 0:0000000000000000 scheduled for 363ms from now [State:Active II:500 AI:300 AT:4000][0m
[0;34m[2524608000.683] [18772:18789] [IN] SecureSession[0x73fd2400c1f0]: Released - Type:2 LSID:28339[0m
[1;31m[2524608000.683] [18772:18789] [-] src/credentials/CHIPCert.cpp:1481: CHIP Error 0x0000004E: Certificate expired at examples/chip-tool/commands/clusters/ModelCommand.cpp:67[0m
[0;32m[2524608000.684] [18772:18789] [EM] >>> [E:27134i S:0 M:188734956 (Ack:140747766)] (U) Msg RX from 0:0000000000000000 [0000] to ABFC905A509828AD --- Type 0000:10 (SecureChannel:StandaloneAck) (B:26)[0m
[0;34m[2524608000.684] [18772:18789] [EM] Found matching exchange: 27134i, Delegate: (nil)[0m
[0;34m[2524608000.684] [18772:18789] [EM] Rxd Ack; Removing MessageCounter:140747766 from Retrans Table on exchange 27134i[0m
[0;34m[2524608000.685] [18772:18772] [CTL] Shutting down the commissioner[0m
[0;32m[2524608000.685] [18772:18772] [PAF] WiFiPAF: Closing all WiFiPAF sessions to shutdown[0m
[0;34m[2524608000.685] [18772:18772] [CTL] Shutting down the controller[0m
[0;34m[2524608000.685] [18772:18772] [IN] Expiring all sessions for fabric 0x1!![0m
[0;32m[2524608000.685] [18772:18772] [FP] Forgetting fabric 0x1[0m
[0;32m[2524608000.685] [18772:18772] [TS] Pending Last Known Good Time: 2023-10-14T01:16:48[0m
[0;32m[2524608000.685] [18772:18772] [TS] Previous Last Known Good Time: 2023-10-14T01:16:48[0m
[0;32m[2524608000.685] [18772:18772] [TS] Reverted Last Known Good Time to previous value[0m
[0;34m[2524608000.685] [18772:18772] [CTL] Shutting down the commissioner[0m
[0;32m[2524608000.685] [18772:18772] [PAF] WiFiPAF: Closing all WiFiPAF sessions to shutdown[0m
[0;34m[2524608000.685] [18772:18772] [CTL] Shutting down the controller[0m
[0;34m[2524608000.685] [18772:18772] [CTL] Shutting down the System State, this will teardown the CHIP Stack[0m
[0;34m[2524608000.685] [18772:18772] [DMG] All ReadHandler-s are clean, clear GlobalDirtySet[0m
[0;32m[2524608000.685] [18772:18772] [FP] Shutting down FabricTable[0m
[0;32m[2524608000.685] [18772:18772] [TS] Pending Last Known Good Time: 2023-10-14T01:16:48[0m
[0;32m[2524608000.685] [18772:18772] [TS] Previous Last Known Good Time: 2023-10-14T01:16:48[0m
[0;32m[2524608000.685] [18772:18772] [TS] Reverted Last Known Good Time to previous value[0m
[0;34m[2524608000.689] [18772:18772] [DL] Wrote settings to /tmp/chip_counters.ini[0m
[0;32m[2524608000.689] [18772:18772] [DL] NVS set: chip-counters/total-operational-hours = 0 (0x0)[0m
[0;32m[2524608000.689] [18772:18772] [DL] Inet Layer shutdown[0m
[0;32m[2524608000.689] [18772:18772] [DL] BLE Layer shutdown[0m
[0;32m[2524608000.689] [18772:18772] [DL] WiFi-PAF Layer shutdown[0m
[0;32m[2524608000.689] [18772:18772] [PAF] WiFiPAF: Closing all WiFiPAF sessions to shutdown[0m
[0;32m[2524608000.689] [18772:18772] [DL] System Layer shutdown[0m
[1;31m[2524608000.690] [18772:18772] [TOO] Run command failure: src/credentials/CHIPCert.cpp:1481: CHIP Error 0x0000004E: Certificate expired[0m
