[0;34m[1784654809.885] [6091:6091] [DL] ChipLinuxStorage::Init: Using KVS config file: /tmp/chip_tool_kvs[0m
[1;31m[1784654809.885] [6091:6091] [DL] ChipLinuxStorage::Init: Attempt to re-initialize with KVS config file: /tmp/chip_kvs, IGNORING.[0m
[0;34m[1784654809.887] [6091:6091] [DL] ChipLinuxStorage::Init: Using KVS config file: /tmp/chip_factory.ini[0m
[0;34m[1784654809.887] [6091:6091] [DL] ChipLinuxStorage::Init: Using KVS config file: /tmp/chip_config.ini[0m
[0;34m[1784654809.887] [6091:6091] [DL] ChipLinuxStorage::Init: Using KVS config file: /tmp/chip_counters.ini[0m
[0;34m[1784654809.889] [6091:6091] [DL] Wrote settings to /tmp/chip_counters.ini[0m
[0;32m[1784654809.889] [6091:6091] [DL] NVS set: chip-counters/reboot-count = 4 (0x4)[0m
[0;32m[1784654809.890] [6091:6091] [DL] Got Ethernet interface: enp0s3[0m
[0;32m[1784654809.890] [6091:6091] [DL] Found the primary Ethernet interface:enp0s3[0m
[1;31m[1784654809.890] [6091:6091] [DL] Failed to get WiFi interface[0m
[1;31m[1784654809.890] [6091:6091] [DL] Failed to reset WiFi statistic counts[0m
[0;32m[1784654809.890] [6091:6091] [PAF] WiFiPAF: WiFiPAFLayer::Init()[0m
[0;34m[1784654809.890] [6091:6091] [IN] UDP::Init bind&listen port=0[0m
[0;34m[1784654809.890] [6091:6091] [IN] UDP::Init bound to port=44756[0m
[0;34m[1784654809.890] [6091:6091] [IN] UDP::Init bind&listen port=0[0m
[0;34m[1784654809.890] [6091:6091] [IN] UDP::Init bound to port=48505[0m
[0;34m[1784654809.890] [6091:6091] [IN] BLEBase::Init - setting/overriding transport[0m
[0;34m[1784654809.890] [6091:6091] [IN] WiFiPAFBase::Init - setting/overriding transport[0m
[0;34m[1784654809.890] [6091:6091] [IN] TransportMgr initialized[0m
[0;34m[1784654809.890] [6091:6091] [FP] Initializing FabricTable from persistent storage[0m
[0;32m[1784654809.890] [6091:6091] [TS] Last Known Good Time: 2023-10-14T01:16:48[0m
[0;32m[1784654809.894] [6091:6091] [FP] Fabric index 0x1 was retrieved from storage. Compressed FabricId 0xA8F9436228BDA6A1, FabricId 0x0000000000000001, NodeId 0x000000000001B669, VendorId 0xFFF1[0m
[0;32m[1784654809.896] [6091:6091] [DMG] Ember attribute persistence requires setting up[0m
[0;32m[1784654809.896] [6091:6091] [ZCL] Using ZAP configuration...[0m
[0;34m[1784654809.896] [6091:6091] [CTL] System State Initialized...[0m
[0;32m[1784654809.896] [6091:6091] [CTL] Setting attestation nonce to random value[0m
[0;32m[1784654809.896] [6091:6091] [CTL] Setting CSR nonce to random value[0m
[0;34m[1784654809.897] [6091:6093] [DL] CHIP task running[0m
[0;32m[1784654809.897] [6091:6093] [CTL] Setting attestation nonce to random value[0m
[0;32m[1784654809.897] [6091:6093] [CTL] Setting CSR nonce to random value[0m
[0;32m[1784654809.898] [6091:6093] [CTL] Generating NOC[0m
[0;32m[1784654809.898] [6091:6093] [FP] Validating NOC chain[0m
[0;32m[1784654809.898] [6091:6093] [FP] NOC chain validation successful[0m
[0;32m[1784654809.899] [6091:6093] [FP] Updated fabric at index: 0x1, Node ID: 0x000000000001B669[0m
[0;32m[1784654809.899] [6091:6093] [TS] Last Known Good Time: 2023-10-14T01:16:48[0m
[0;32m[1784654809.899] [6091:6093] [TS] New proposed Last Known Good Time: 2021-01-01T00:00:00[0m
[0;32m[1784654809.899] [6091:6093] [TS] Retaining current Last Known Good Time[0m
[0;32m[1784654809.902] [6091:6093] [FP] Metadata for Fabric 0x1 persisted to storage.[0m
[0;32m[1784654809.904] [6091:6093] [TS] Committing Last Known Good Time to storage: 2023-10-14T01:16:48[0m
[0;32m[1784654809.904] [6091:6093] [CTL] Joined the fabric at index 1. Fabric ID is 0x0000000000000001 (Compressed Fabric ID: A8F9436228BDA6A1)[0m
[0;32m[1784654809.911] [6091:6093] [TOO] Sending command to node 0x1[0m
[0;34m[1784654809.911] [6091:6093] [CSM] FindOrEstablishSession: PeerId = [1:0000000000000001][0m
[0;34m[1784654809.911] [6091:6093] [CSM] FindOrEstablishSession: No existing OperationalSessionSetup instance found[0m
[0;34m[1784654809.911] [6091:6093] [DIS] OperationalSessionSetup[1:0000000000000001]: State change 1 --> 2[0m
[0;32m[1784654809.912] [6091:6093] [DIS] Lookup started for A8F9436228BDA6A1-0000000000000001[0m
[0;32m[1784654809.912] [6091:6093] [DIS] UDP:[fe80::bfe:a203:38f0:bce7%enp0s3]:5540: new best score: 7 (for A8F9436228BDA6A1-0000000000000001)[0m
[0;34m[1784654809.912] [6091:6093] [DIS] Lookup clearing interface for non LL address[0m
[0;32m[1784654809.912] [6091:6093] [DIS] UDP:10.0.2.15%enp0s3:5540: new best score: 2 (for A8F9436228BDA6A1-0000000000000001)[0m
[0;32m[1784654809.912] [6091:6093] [DIS] Checking node lookup status for A8F9436228BDA6A1-0000000000000001 after 1 ms[0m
[0;32m[1784654809.912] [6091:6093] [DIS] Keeping DNSSD lookup active[0m
[0;32m[1784654809.912] [6091:6093] [DIS] UDP:[fe80::bfe:a203:38f0:bce7%enp0s3]:5540: score has not improved: 7 (for A8F9436228BDA6A1-0000000000000001)[0m
[0;34m[1784654809.912] [6091:6093] [DIS] Lookup clearing interface for non LL address[0m
[0;32m[1784654809.912] [6091:6093] [DIS] UDP:10.0.2.15%enp0s3:5540: score has not improved: 2 (for A8F9436228BDA6A1-0000000000000001)[0m
[0;32m[1784654809.912] [6091:6093] [DIS] Checking node lookup status for A8F9436228BDA6A1-0000000000000001 after 1 ms[0m
[0;32m[1784654809.912] [6091:6093] [DIS] Keeping DNSSD lookup active[0m
[0;32m[1784654810.112] [6091:6093] [DIS] Checking node lookup status for A8F9436228BDA6A1-0000000000000001 after 201 ms[0m
[0;34m[1784654810.112] [6091:6093] [DIS] OperationalSessionSetup[1:0000000000000001]: Updating device address to UDP:[fe80::bfe:a203:38f0:bce7%enp0s3]:5540 while in state 2[0m
[0;34m[1784654810.112] [6091:6093] [DIS] OperationalSessionSetup[1:0000000000000001]: State change 2 --> 3[0m
[0;34m[1784654810.112] [6091:6093] [IN] SecureSession[0x7aff94009cd0]: Allocated Type:2 LSID:17516[0m
[0;32m[1784654810.112] [6091:6093] [SC] Initiating session on local FabricIndex 1 from 0x000000000001B669 -> 0x0000000000000001[0m
[0;32m[1784654810.113] [6091:6093] [EM] <<< [E:23838i S:0 M:133199247] (U) Msg TX from 10844A0A0ACA8D49 to 0:0000000000000000 [0000] [UDP:[fe80::bfe:a203:38f0:bce7%enp0s3]:5540] --- Type 0000:30 (SecureChannel:CASE_Sigma1) (B:196)[0m
[0;32m[1784654810.115] [6091:6093] [EM] ??1 [E:23838i S:0 M:133199247] (U) Msg Retransmission to 0:0000000000000000 scheduled for 574ms from now [State:Idle II:500 AI:300 AT:4000][0m
[0;32m[1784654810.115] [6091:6093] [SC] Sent Sigma1 msg to <0000000000000001, 1> [II:500ms AI:300ms AT:4000ms][0m
[0;34m[1784654810.115] [6091:6093] [DIS] OperationalSessionSetup[1:0000000000000001]: State change 3 --> 4[0m
[0;32m[1784654810.118] [6091:6093] [EM] >>> [E:23838i S:0 M:12697250 (Ack:133199247)] (U) Msg RX from 0:0000000000000000 [0000] to 10844A0A0ACA8D49 --- Type 0000:31 (SecureChannel:CASE_Sigma2) (B:751)[0m
[0;34m[1784654810.118] [6091:6093] [EM] Found matching exchange: 23838i, Delegate: 0x7aff9400b8e8[0m
[0;34m[1784654810.118] [6091:6093] [EM] Rxd Ack; Removing MessageCounter:133199247 from Retrans Table on exchange 23838i[0m
[0;32m[1784654810.118] [6091:6093] [SC] Received Sigma2 msg[0m
[0;34m[1784654810.118] [6091:6093] [SC] Found MRP parameters in the message[0m
[0;34m[1784654810.119] [6091:6093] [SC] Peer <0000000000000001, 1> assigned session ID 46901[0m
[0;34m[1784654810.119] [6091:6093] [SC] Sending Sigma3[0m
[0;32m[1784654810.119] [6091:6093] [EM] <<< [E:23838i S:0 M:133199248 (Ack:12697250)] (U) Msg TX from 10844A0A0ACA8D49 to 0:0000000000000000 [0000] [UDP:[fe80::bfe:a203:38f0:bce7%enp0s3]:5540] --- Type 0000:32 (SecureChannel:CASE_Sigma3) (B:598)[0m
[0;32m[1784654810.119] [6091:6093] [EM] ??1 [E:23838i S:0 M:133199248] (U) Msg Retransmission to 0:0000000000000000 scheduled for 391ms from now [State:Active II:500 AI:300 AT:4000][0m
[0;32m[1784654810.119] [6091:6093] [SC] Sent Sigma3 msg[0m
[0;32m[1784654810.128] [6091:6093] [EM] >>> [E:23838i S:0 M:12697251 (Ack:133199248)] (U) Msg RX from 0:0000000000000000 [0000] to 10844A0A0ACA8D49 --- Type 0000:40 (SecureChannel:StatusReport) (B:34)[0m
[0;34m[1784654810.128] [6091:6093] [EM] Found matching exchange: 23838i, Delegate: 0x7aff9400b8e8[0m
[0;34m[1784654810.128] [6091:6093] [EM] Rxd Ack; Removing MessageCounter:133199248 from Retrans Table on exchange 23838i[0m
[0;32m[1784654810.128] [6091:6093] [SC] Success status report received. Session was established[0m
[0;32m[1784654810.129] [6091:6093] [SC] SecureSession[0x7aff94009cd0, LSID:17516]: State change 'kEstablishing' --> 'kActive'[0m
[0;34m[1784654810.129] [6091:6093] [IN] SecureSession[0x7aff94009cd0]: Activated - Type:2 LSID:17516[0m
[0;34m[1784654810.129] [6091:6093] [IN] New secure session activated for device <0000000000000001, 1>, LSID:17516 PSID:46901![0m
[0;34m[1784654810.129] [6091:6093] [DIS] OperationalSessionSetup[1:0000000000000001]: State change 4 --> 5[0m
[0;32m[1784654810.129] [6091:6093] [TOO] Sending cluster (0x0000003E) command (0x00000004) on endpoint 0[0m
[0;34m[1784654810.129] [6091:6093] [DMG] ICR moving to [AddingComm][0m
[0;34m[1784654810.129] [6091:6093] [DMG] ICR moving to [AddedComma][0m
[0;32m[1784654810.129] [6091:6093] [EM] <<< [E:23839i S:17516 M:99029306] (S) Msg TX from 000000000001B669 to 1:0000000000000001 [A6A1] [UDP:[fe80::bfe:a203:38f0:bce7%enp0s3]:5540] --- Type 0001:08 (IM:InvokeCommandRequest) (B:96)[0m
[0;32m[1784654810.129] [6091:6093] [EM] ??1 [E:23839i S:17516 M:99029306] (S) Msg Retransmission to 1:0000000000000001 scheduled for 411ms from now [State:Active II:500 AI:300 AT:4000][0m
[0;34m[1784654810.129] [6091:6093] [DMG] ICR moving to [AwaitingRe][0m
[0;32m[1784654810.129] [6091:6093] [EM] <<< [E:23838i S:0 M:133199249 (Ack:12697251)] (U) Msg TX from 10844A0A0ACA8D49 to 0:0000000000000000 [0000] [UDP:[fe80::bfe:a203:38f0:bce7%enp0s3]:5540] --- Type 0000:10 (SecureChannel:StandaloneAck) (B:26)[0m
[0;34m[1784654810.129] [6091:6093] [EM] Flushed pending ack for MessageCounter:12697251 on exchange 23838i[0m
[0;32m[1784654810.130] [6091:6093] [EM] >>> [E:23839i S:17516 M:16486502 (Ack:99029306)] (S) Msg RX from 1:0000000000000001 [A6A1] to 000000000001B669 --- Type 0001:09 (IM:InvokeCommandResponse) (B:377)[0m
[0;34m[1784654810.130] [6091:6093] [EM] Found matching exchange: 23839i, Delegate: 0x7aff9400eef8[0m
[0;34m[1784654810.130] [6091:6093] [EM] Rxd Ack; Removing MessageCounter:99029306 from Retrans Table on exchange 23839i[0m
[0;34m[1784654810.130] [6091:6093] [DMG] ICR moving to [ResponseRe][0m
[0;34m[1784654810.130] [6091:6093] [DMG] InvokeResponseMessage =[0m
[0;34m[1784654810.130] [6091:6093] [DMG] {[0m
[0;34m[1784654810.130] [6091:6093] [DMG] 	suppressResponse = false, [0m
[0;34m[1784654810.130] [6091:6093] [DMG] 	InvokeResponseIBs =[0m
[0;34m[1784654810.130] [6091:6093] [DMG] 	[[0m
[0;34m[1784654810.130] [6091:6093] [DMG] 		InvokeResponseIB =[0m
[0;34m[1784654810.130] [6091:6093] [DMG] 		{[0m
[0;34m[1784654810.130] [6091:6093] [DMG] 			CommandDataIB =[0m
[0;34m[1784654810.130] [6091:6093] [DMG] 			{[0m
[0;34m[1784654810.130] [6091:6093] [DMG] 				CommandPathIB =[0m
[0;34m[1784654810.130] [6091:6093] [DMG] 				{[0m
[0;34m[1784654810.130] [6091:6093] [DMG] 					EndpointId = 0x0,[0m
[0;34m[1784654810.130] [6091:6093] [DMG] 					ClusterId = 0x3e,[0m
[0;34m[1784654810.130] [6091:6093] [DMG] 					CommandId = 0x5,[0m
[0;34m[1784654810.130] [6091:6093] [DMG] 				},[0m
[0;34m[1784654810.130] [6091:6093] [DMG] 				[0m
[0;34m[1784654810.130] [6091:6093] [DMG] 				CommandFields = [0m
[0;34m[1784654810.130] [6091:6093] [DMG] 				{[0m
[0;34m[1784654810.130] [6091:6093] [DMG] 					0x0 = [[0m
[0;34m[1784654810.130] [6091:6093] [DMG] 							0x15, 0x30, 0x01, 0xcb, 0x30, 0x81, 0xc8, 0x30, 0x70, 0x02, 0x01, 0x00, 0x30, 0x0e, 0x31, 0x0c, 0x30, 0x0a, 0x06, 0x03, 0x55, 0x04, 0x0a, 0x0c, 0x03, 0x43, 0x53, 0x52, 0x30, 0x59, 0x30, 0x13, 0x06, 0x07, 0x2a, 0x86, 0x48, 0xce, 0x3d, 0x02, 0x01, 0x06, 0x08, 0x2a, 0x86, 0x48, 0xce, 0x3d, 0x03, 0x01, 0x07, 0x03, 0x42, 0x00, 0x04, 0xe3, 0x72, 0x08, 0x19, 0xca, 0xad, 0xc5, 0x4d, 0xe6, 0x24, 0x6b, 0xec, 0x3a, 0x41, 0x02, 0x1d, 0x1e, 0x64, 0xf7, 0x87, 0x42, 0x8b, 0x50, 0xd7, 0xfb, 0x4c, 0xe6, 0xff, 0x80, 0xcc, 0x54, 0xa4, 0xf0, 0x61, 0xa8, 0xf5, 0x5f, 0xb7, 0xf9, 0x98, 0xf5, 0xc5, 0x7a, 0x29, 0xa4, 0x24, 0xc6, 0xb4, 0x13, 0xcf, 0xab, 0x3c, 0x14, 0xd6, 0xfc, 0xae, 0xa8, 0x2b, 0xc3, 0x97, 0xa6, 0x37, 0xbf, 0x55, 0xa0, 0x00, 0x30, 0x0a, 0x06, 0x08, 0x2a, 0x86, 0x48, 0xce, 0x3d, 0x04, 0x03, 0x02, 0x03, 0x48, 0x00, 0x30, 0x45, 0x02, 0x20, 0x15, 0xb8, 0x12, 0xaf, 0x27, 0x5b, 0x6d, 0xcc, 0xdc, 0x84, 0x80, 0x43, 0x0b, 0x70, 0xe5, 0xeb, 0x6c, 0x51, 0x15, 0x1c, 0xf4, 0xd1, 0x84, 0xd8, 0x96, 0x61, 0x1f, 0xdf, 0x56, 0x3f, 0xe6, 0xc2, 0x02, 0x21, 0x00, 0x8e, 0x4f, 0xcd, 0x35, 0x24, 0xf7, 0x9a, 0x34, 0x98, 0x2e, 0x94, 0x52, 0x8f, 0x38, 0x4e, 0x00, 0x3f, 0x09, 0x1a, 0xae, 0x38, 0x67, 0xb2, 0x1e, 0x02, 0x08, 0xcc, 0xa4, 0xbd, 0xb2, 0x67, 0x4d, 0x30, 0x02, 0x20, 0xfc, 0x74, 0xd0, 0xda, 0x76, 0x7e, 0xbd, 0xb2, 0x96, 0x0c, 0x4b, 0x7a, 0x49, 0x00, 0x2a, 0xa6, 0x68, 0x75, 0xe8, 0x4c, 0xdf, 0xca, 0xa2, 0x69, 0xee, 0x62, 0xbd, 0x59, 0xb0, 0x47, 0x78, 0xbf, 0x18, [0m
[0;34m[1784654810.130] [6091:6093] [DMG] 					] (243 bytes)[0m
[0;34m[1784654810.130] [6091:6093] [DMG] 					0x1 = [[0m
[0;34m[1784654810.130] [6091:6093] [DMG] 							0xc5, 0x76, 0x3c, 0x74, 0xa7, 0x04, 0x23, 0x35, 0x7b, 0x84, 0xfe, 0xfb, 0xf7, 0xcc, 0x0c, 0x58, 0x67, 0x0f, 0x45, 0x6c, 0xc6, 0xb7, 0xc4, 0x0c, 0x20, 0x13, 0x8c, 0xc0, 0x13, 0x5e, 0xcd, 0x70, 0x30, 0x02, 0xda, 0xc1, 0x46, 0xb1, 0xb4, 0xf5, 0xc2, 0x9b, 0x92, 0xd8, 0x1b, 0x6b, 0x81, 0x8b, 0x6a, 0x35, 0x64, 0xe0, 0x9d, 0x94, 0xb6, 0xa4, 0x34, 0x1b, 0xc3, 0xc9, 0x6b, 0xb5, 0x6d, 0x4a, [0m
[0;34m[1784654810.130] [6091:6093] [DMG] 					] (64 bytes)[0m
[0;34m[1784654810.130] [6091:6093] [DMG] 				},[0m
[0;34m[1784654810.130] [6091:6093] [DMG] 			},[0m
[0;34m[1784654810.130] [6091:6093] [DMG] 			[0m
[0;34m[1784654810.130] [6091:6093] [DMG] 		},[0m
[0;34m[1784654810.130] [6091:6093] [DMG] 		[0m
[0;34m[1784654810.130] [6091:6093] [DMG] 	],[0m
[0;34m[1784654810.130] [6091:6093] [DMG] 	[0m
[0;34m[1784654810.130] [6091:6093] [DMG] 	InteractionModelRevision = 12[0m
[0;34m[1784654810.130] [6091:6093] [DMG] },[0m
[0;32m[1784654810.130] [6091:6093] [DMG] Received Command Response Data, Endpoint=0 Cluster=0x0000_003E Command=0x0000_0005[0m
[0;32m[1784654810.130] [6091:6093] [TOO] Endpoint: 0 Cluster: 0x0000_003E Command 0x0000_0005[0m
[0;32m[1784654810.130] [6091:6093] [TOO]   CSRResponse: {[0m
[0;32m[1784654810.130] [6091:6093] [TOO]     NOCSRElements: 153001CB3081C83070020100300E310C300A060355040A0C034353523059301306072A8648CE3D020106082A8648CE3D03010703420004E3720819CAADC54DE6246BEC3A41021D1E64F787428B50D7FB4CE6FF80CC54A4F061A8F55FB7F998F5C57A29A424C6B413CFAB3C14D6FCAEA82BC397A637BF55A000300A06082A8648CE3D0403020348003045022015B812AF275B6DCCDC8480430B70E5EB6C51151CF4D184D896611FDF563FE6C20221008E4FCD3524F79A34982E94528F384E003F091AAE3867B21E0208CCA4BDB2674D300220FC74D0DA767EBDB2960C4B7A49002AA66875E84CDFCAA269EE62BD59B04778BF18[0m
[0;32m[1784654810.130] [6091:6093] [TOO]     attestationSignature: C5763C74A70423357B84FEFBF7CC0C58670F456CC6B7C40C20138CC0135ECD703002DAC146B1B4F5C29B92D81B6B818B6A3564E09D94B6A4341BC3C96BB56D4A[0m
[0;32m[1784654810.130] [6091:6093] [TOO]    }[0m
[0;34m[1784654810.130] [6091:6093] [DMG] ICR moving to [AwaitingDe][0m
[0;32m[1784654810.130] [6091:6093] [EM] <<< [E:23839i S:17516 M:99029307 (Ack:16486502)] (S) Msg TX from 000000000001B669 to 1:0000000000000001 [A6A1] [UDP:[fe80::bfe:a203:38f0:bce7%enp0s3]:5540] --- Type 0000:10 (SecureChannel:StandaloneAck) (B:34)[0m
[0;34m[1784654810.130] [6091:6093] [EM] Flushed pending ack for MessageCounter:16486502 on exchange 23839i[0m
[0;34m[1784654810.130] [6091:6091] [CTL] Shutting down the commissioner[0m
[0;32m[1784654810.130] [6091:6091] [PAF] WiFiPAF: Closing all WiFiPAF sessions to shutdown[0m
[0;34m[1784654810.130] [6091:6091] [CTL] Shutting down the controller[0m
[0;34m[1784654810.130] [6091:6091] [IN] Expiring all sessions for fabric 0x1!![0m
[0;34m[1784654810.130] [6091:6091] [IN] SecureSession[0x7aff94009cd0]: MarkForEviction Type:2 LSID:17516[0m
[0;32m[1784654810.130] [6091:6091] [SC] SecureSession[0x7aff94009cd0, LSID:17516]: State change 'kActive' --> 'kPendingEviction'[0m
[0;34m[1784654810.130] [6091:6091] [IN] SecureSession[0x7aff94009cd0]: Released - Type:2 LSID:17516[0m
[0;32m[1784654810.130] [6091:6091] [FP] Forgetting fabric 0x1[0m
[0;32m[1784654810.130] [6091:6091] [TS] Pending Last Known Good Time: 2023-10-14T01:16:48[0m
[0;32m[1784654810.130] [6091:6091] [TS] Previous Last Known Good Time: 2023-10-14T01:16:48[0m
[0;32m[1784654810.130] [6091:6091] [TS] Reverted Last Known Good Time to previous value[0m
[0;34m[1784654810.130] [6091:6091] [CTL] Shutting down the commissioner[0m
[0;32m[1784654810.130] [6091:6091] [PAF] WiFiPAF: Closing all WiFiPAF sessions to shutdown[0m
[0;34m[1784654810.130] [6091:6091] [CTL] Shutting down the controller[0m
[0;34m[1784654810.130] [6091:6091] [CTL] Shutting down the System State, this will teardown the CHIP Stack[0m
[0;34m[1784654810.130] [6091:6091] [DMG] All ReadHandler-s are clean, clear GlobalDirtySet[0m
[0;32m[1784654810.130] [6091:6091] [FP] Shutting down FabricTable[0m
[0;32m[1784654810.130] [6091:6091] [TS] Pending Last Known Good Time: 2023-10-14T01:16:48[0m
[0;32m[1784654810.130] [6091:6091] [TS] Previous Last Known Good Time: 2023-10-14T01:16:48[0m
[0;32m[1784654810.130] [6091:6091] [TS] Reverted Last Known Good Time to previous value[0m
[0;34m[1784654810.133] [6091:6091] [DL] Wrote settings to /tmp/chip_counters.ini[0m
[0;32m[1784654810.133] [6091:6091] [DL] NVS set: chip-counters/total-operational-hours = 0 (0x0)[0m
[0;32m[1784654810.133] [6091:6091] [DL] Inet Layer shutdown[0m
[0;32m[1784654810.133] [6091:6091] [DL] BLE Layer shutdown[0m
[0;32m[1784654810.133] [6091:6091] [DL] WiFi-PAF Layer shutdown[0m
[0;32m[1784654810.133] [6091:6091] [PAF] WiFiPAF: Closing all WiFiPAF sessions to shutdown[0m
[0;32m[1784654810.133] [6091:6091] [DL] System Layer shutdown[0m
