[0;34m[1784837967.667] [22086:22086] [DL] ChipLinuxStorage::Init: Using KVS config file: /tmp/chip_tool_kvs[0m
[1;31m[1784837967.668] [22086:22086] [DL] ChipLinuxStorage::Init: Attempt to re-initialize with KVS config file: /tmp/chip_kvs, IGNORING.[0m
[0;34m[1784837967.669] [22086:22086] [DL] ChipLinuxStorage::Init: Using KVS config file: /tmp/chip_factory.ini[0m
[0;34m[1784837967.669] [22086:22086] [DL] ChipLinuxStorage::Init: Using KVS config file: /tmp/chip_config.ini[0m
[0;34m[1784837967.669] [22086:22086] [DL] ChipLinuxStorage::Init: Using KVS config file: /tmp/chip_counters.ini[0m
[0;34m[1784837967.672] [22086:22086] [DL] Wrote settings to /tmp/chip_counters.ini[0m
[0;32m[1784837967.672] [22086:22086] [DL] NVS set: chip-counters/reboot-count = 3 (0x3)[0m
[0;32m[1784837967.672] [22086:22086] [DL] Got Ethernet interface: enp0s3[0m
[0;32m[1784837967.673] [22086:22086] [DL] Found the primary Ethernet interface:enp0s3[0m
[1;31m[1784837967.673] [22086:22086] [DL] Failed to get WiFi interface[0m
[1;31m[1784837967.673] [22086:22086] [DL] Failed to reset WiFi statistic counts[0m
[0;32m[1784837967.673] [22086:22086] [PAF] WiFiPAF: WiFiPAFLayer::Init()[0m
[0;34m[1784837967.673] [22086:22086] [IN] UDP::Init bind&listen port=0[0m
[0;34m[1784837967.673] [22086:22086] [IN] UDP::Init bound to port=39541[0m
[0;34m[1784837967.673] [22086:22086] [IN] UDP::Init bind&listen port=0[0m
[0;34m[1784837967.673] [22086:22086] [IN] UDP::Init bound to port=35828[0m
[0;34m[1784837967.673] [22086:22086] [IN] BLEBase::Init - setting/overriding transport[0m
[0;34m[1784837967.673] [22086:22086] [IN] WiFiPAFBase::Init - setting/overriding transport[0m
[0;34m[1784837967.673] [22086:22086] [IN] TransportMgr initialized[0m
[0;34m[1784837967.673] [22086:22086] [FP] Initializing FabricTable from persistent storage[0m
[0;32m[1784837967.673] [22086:22086] [TS] Last Known Good Time: 2023-10-14T01:16:48[0m
[0;32m[1784837967.674] [22086:22086] [FP] Fabric index 0x1 was retrieved from storage. Compressed FabricId 0xC1B7C74CC1CA9619, FabricId 0x0000000000000001, NodeId 0x000000000001B669, VendorId 0xFFF1[0m
[0;32m[1784837967.676] [22086:22086] [DMG] Ember attribute persistence requires setting up[0m
[0;32m[1784837967.676] [22086:22086] [ZCL] Using ZAP configuration...[0m
[0;34m[1784837967.676] [22086:22086] [CTL] System State Initialized...[0m
[0;32m[1784837967.676] [22086:22086] [CTL] Setting attestation nonce to random value[0m
[0;32m[1784837967.676] [22086:22086] [CTL] Setting CSR nonce to random value[0m
[0;34m[1784837967.676] [22086:22088] [DL] CHIP task running[0m
[0;32m[1784837967.676] [22086:22088] [CTL] Setting attestation nonce to random value[0m
[0;32m[1784837967.676] [22086:22088] [CTL] Setting CSR nonce to random value[0m
[0;32m[1784837967.677] [22086:22088] [CTL] Generating NOC[0m
[0;32m[1784837967.677] [22086:22088] [FP] Validating NOC chain[0m
[0;32m[1784837967.677] [22086:22088] [FP] NOC chain validation successful[0m
[0;32m[1784837967.677] [22086:22088] [FP] Updated fabric at index: 0x1, Node ID: 0x000000000001B669[0m
[0;32m[1784837967.677] [22086:22088] [TS] Last Known Good Time: 2023-10-14T01:16:48[0m
[0;32m[1784837967.677] [22086:22088] [TS] New proposed Last Known Good Time: 2021-01-01T00:00:00[0m
[0;32m[1784837967.677] [22086:22088] [TS] Retaining current Last Known Good Time[0m
[0;32m[1784837967.679] [22086:22088] [FP] Metadata for Fabric 0x1 persisted to storage.[0m
[0;32m[1784837967.680] [22086:22088] [TS] Committing Last Known Good Time to storage: 2023-10-14T01:16:48[0m
[0;32m[1784837967.681] [22086:22088] [CTL] Joined the fabric at index 1. Fabric ID is 0x0000000000000001 (Compressed Fabric ID: C1B7C74CC1CA9619)[0m
[0;32m[1784837967.687] [22086:22088] [TOO] Sending command to node 0x1[0m
[0;34m[1784837967.687] [22086:22088] [CSM] FindOrEstablishSession: PeerId = [1:0000000000000001][0m
[0;34m[1784837967.687] [22086:22088] [CSM] FindOrEstablishSession: No existing OperationalSessionSetup instance found[0m
[0;34m[1784837967.687] [22086:22088] [DIS] OperationalSessionSetup[1:0000000000000001]: State change 1 --> 2[0m
[0;32m[1784837967.687] [22086:22088] [DIS] Lookup started for C1B7C74CC1CA9619-0000000000000001[0m
[0;32m[1784837967.688] [22086:22088] [DIS] UDP:[fe80::bfe:a203:38f0:bce7%enp0s3]:5540: new best score: 7 (for C1B7C74CC1CA9619-0000000000000001)[0m
[0;34m[1784837967.688] [22086:22088] [DIS] Lookup clearing interface for non LL address[0m
[0;32m[1784837967.688] [22086:22088] [DIS] UDP:10.0.2.15%enp0s3:5540: new best score: 2 (for C1B7C74CC1CA9619-0000000000000001)[0m
[0;32m[1784837967.688] [22086:22088] [DIS] Checking node lookup status for C1B7C74CC1CA9619-0000000000000001 after 0 ms[0m
[0;32m[1784837967.688] [22086:22088] [DIS] Keeping DNSSD lookup active[0m
[0;32m[1784837967.688] [22086:22088] [DIS] UDP:[fe80::bfe:a203:38f0:bce7%enp0s3]:5540: score has not improved: 7 (for C1B7C74CC1CA9619-0000000000000001)[0m
[0;34m[1784837967.688] [22086:22088] [DIS] Lookup clearing interface for non LL address[0m
[0;32m[1784837967.688] [22086:22088] [DIS] UDP:10.0.2.15%enp0s3:5540: score has not improved: 2 (for C1B7C74CC1CA9619-0000000000000001)[0m
[0;32m[1784837967.688] [22086:22088] [DIS] Checking node lookup status for C1B7C74CC1CA9619-0000000000000001 after 0 ms[0m
[0;32m[1784837967.688] [22086:22088] [DIS] Keeping DNSSD lookup active[0m
[0;32m[1784837967.891] [22086:22088] [DIS] Checking node lookup status for C1B7C74CC1CA9619-0000000000000001 after 203 ms[0m
[0;34m[1784837967.891] [22086:22088] [DIS] OperationalSessionSetup[1:0000000000000001]: Updating device address to UDP:[fe80::bfe:a203:38f0:bce7%enp0s3]:5540 while in state 2[0m
[0;34m[1784837967.891] [22086:22088] [DIS] OperationalSessionSetup[1:0000000000000001]: State change 2 --> 3[0m
[0;34m[1784837967.891] [22086:22088] [IN] SecureSession[0x7a8e44009cd0]: Allocated Type:2 LSID:29286[0m
[0;32m[1784837967.891] [22086:22088] [SC] Initiating session on local FabricIndex 1 from 0x000000000001B669 -> 0x0000000000000001[0m
[0;32m[1784837967.891] [22086:22088] [EM] <<< [E:17302i S:0 M:37929029] (U) Msg TX from 670D8C443E5F3A4E to 0:0000000000000000 [0000] [UDP:[fe80::bfe:a203:38f0:bce7%enp0s3]:5540] --- Type 0000:30 (SecureChannel:CASE_Sigma1) (B:196)[0m
[0;32m[1784837967.892] [22086:22088] [EM] ??1 [E:17302i S:0 M:37929029] (U) Msg Retransmission to 0:0000000000000000 scheduled for 580ms from now [State:Idle II:500 AI:300 AT:4000][0m
[0;32m[1784837967.892] [22086:22088] [SC] Sent Sigma1 msg to <0000000000000001, 1> [II:500ms AI:300ms AT:4000ms][0m
[0;34m[1784837967.892] [22086:22088] [DIS] OperationalSessionSetup[1:0000000000000001]: State change 3 --> 4[0m
[0;32m[1784837967.893] [22086:22088] [EM] >>> [E:17302i S:0 M:56444334 (Ack:37929029)] (U) Msg RX from 0:0000000000000000 [0000] to 670D8C443E5F3A4E --- Type 0000:31 (SecureChannel:CASE_Sigma2) (B:751)[0m
[0;34m[1784837967.893] [22086:22088] [EM] Found matching exchange: 17302i, Delegate: 0x7a8e4400b8e8[0m
[0;34m[1784837967.893] [22086:22088] [EM] Rxd Ack; Removing MessageCounter:37929029 from Retrans Table on exchange 17302i[0m
[0;32m[1784837967.893] [22086:22088] [SC] Received Sigma2 msg[0m
[0;34m[1784837967.893] [22086:22088] [SC] Found MRP parameters in the message[0m
[0;34m[1784837967.894] [22086:22088] [SC] Peer <0000000000000001, 1> assigned session ID 20231[0m
[0;34m[1784837967.894] [22086:22088] [SC] Sending Sigma3[0m
[0;32m[1784837967.894] [22086:22088] [EM] <<< [E:17302i S:0 M:37929030 (Ack:56444334)] (U) Msg TX from 670D8C443E5F3A4E to 0:0000000000000000 [0000] [UDP:[fe80::bfe:a203:38f0:bce7%enp0s3]:5540] --- Type 0000:32 (SecureChannel:CASE_Sigma3) (B:598)[0m
[0;32m[1784837967.894] [22086:22088] [EM] ??1 [E:17302i S:0 M:37929030] (U) Msg Retransmission to 0:0000000000000000 scheduled for 347ms from now [State:Active II:500 AI:300 AT:4000][0m
[0;32m[1784837967.894] [22086:22088] [SC] Sent Sigma3 msg[0m
[0;32m[1784837967.903] [22086:22088] [EM] >>> [E:17302i S:0 M:56444335 (Ack:37929030)] (U) Msg RX from 0:0000000000000000 [0000] to 670D8C443E5F3A4E --- Type 0000:40 (SecureChannel:StatusReport) (B:34)[0m
[0;34m[1784837967.903] [22086:22088] [EM] Found matching exchange: 17302i, Delegate: 0x7a8e4400b8e8[0m
[0;34m[1784837967.903] [22086:22088] [EM] Rxd Ack; Removing MessageCounter:37929030 from Retrans Table on exchange 17302i[0m
[0;32m[1784837967.903] [22086:22088] [SC] Success status report received. Session was established[0m
[0;32m[1784837967.905] [22086:22088] [SC] SecureSession[0x7a8e44009cd0, LSID:29286]: State change 'kEstablishing' --> 'kActive'[0m
[0;34m[1784837967.905] [22086:22088] [IN] SecureSession[0x7a8e44009cd0]: Activated - Type:2 LSID:29286[0m
[0;34m[1784837967.905] [22086:22088] [IN] New secure session activated for device <0000000000000001, 1>, LSID:29286 PSID:20231![0m
[0;34m[1784837967.905] [22086:22088] [DIS] OperationalSessionSetup[1:0000000000000001]: State change 4 --> 5[0m
[0;32m[1784837967.905] [22086:22088] [TOO] Sending ReadAttribute to:[0m
[0;32m[1784837967.905] [22086:22088] [TOO] 	cluster 0x0000_0038, attribute: 0x0000_0000, endpoint 0[0m
[0;34m[1784837967.905] [22086:22088] [DMG] SendReadRequest ReadClient[0x7a8e4400eef0]: Sending Read Request[0m
[0;32m[1784837967.905] [22086:22088] [DMG] 0 data version filters provided, 0 not relevant, 0 encoded, 0 skipped due to lack of space[0m
[0;32m[1784837967.905] [22086:22088] [EM] <<< [E:17303i S:29286 M:14318718] (S) Msg TX from 000000000001B669 to 1:0000000000000001 [9619] [UDP:[fe80::bfe:a203:38f0:bce7%enp0s3]:5540] --- Type 0001:02 (IM:ReadRequest) (B:51)[0m
[0;32m[1784837967.905] [22086:22088] [EM] ??1 [E:17303i S:29286 M:14318718] (S) Msg Retransmission to 1:0000000000000001 scheduled for 355ms from now [State:Active II:500 AI:300 AT:4000][0m
[0;34m[1784837967.905] [22086:22088] [DMG] MoveToState ReadClient[0x7a8e4400eef0]: Moving to [AwaitingIn][0m
[0;32m[1784837967.905] [22086:22088] [EM] <<< [E:17302i S:0 M:37929031 (Ack:56444335)] (U) Msg TX from 670D8C443E5F3A4E to 0:0000000000000000 [0000] [UDP:[fe80::bfe:a203:38f0:bce7%enp0s3]:5540] --- Type 0000:10 (SecureChannel:StandaloneAck) (B:26)[0m
[0;34m[1784837967.905] [22086:22088] [EM] Flushed pending ack for MessageCounter:56444335 on exchange 17302i[0m
[0;32m[1784837967.906] [22086:22088] [EM] >>> [E:17303i S:29286 M:201427715 (Ack:14318718)] (S) Msg RX from 1:0000000000000001 [9619] to 000000000001B669 --- Type 0001:05 (IM:ReportData) (B:77)[0m
[0;34m[1784837967.906] [22086:22088] [EM] Found matching exchange: 17303i, Delegate: 0x7a8e4400ef00[0m
[0;34m[1784837967.906] [22086:22088] [EM] Rxd Ack; Removing MessageCounter:14318718 from Retrans Table on exchange 17303i[0m
[0;34m[1784837967.906] [22086:22088] [DMG] ReportDataMessage =[0m
[0;34m[1784837967.906] [22086:22088] [DMG] {[0m
[0;34m[1784837967.906] [22086:22088] [DMG] 	AttributeReportIBs =[0m
[0;34m[1784837967.906] [22086:22088] [DMG] 	[[0m
[0;34m[1784837967.906] [22086:22088] [DMG] 		AttributeReportIB =[0m
[0;34m[1784837967.906] [22086:22088] [DMG] 		{[0m
[0;34m[1784837967.906] [22086:22088] [DMG] 			AttributeDataIB =[0m
[0;34m[1784837967.906] [22086:22088] [DMG] 			{[0m
[0;34m[1784837967.906] [22086:22088] [DMG] 				DataVersion = 0xfd1cd627,[0m
[0;34m[1784837967.906] [22086:22088] [DMG] 				AttributePathIB =[0m
[0;34m[1784837967.906] [22086:22088] [DMG] 				{[0m
[0;34m[1784837967.906] [22086:22088] [DMG] 					Endpoint = 0x0,[0m
[0;34m[1784837967.906] [22086:22088] [DMG] 					Cluster = 0x38,[0m
[0;34m[1784837967.906] [22086:22088] [DMG] 					Attribute = 0x0000_0000,[0m
[0;34m[1784837967.906] [22086:22088] [DMG] 				}[0m
[0;34m[1784837967.906] [22086:22088] [DMG] 					[0m
[0;34m[1784837967.906] [22086:22088] [DMG] 				Data = 838153167905780 (unsigned), [0m
[0;34m[1784837967.906] [22086:22088] [DMG] 			},[0m
[0;34m[1784837967.906] [22086:22088] [DMG] 			[0m
[0;34m[1784837967.906] [22086:22088] [DMG] 		},[0m
[0;34m[1784837967.906] [22086:22088] [DMG] 		[0m
[0;34m[1784837967.906] [22086:22088] [DMG] 	],[0m
[0;34m[1784837967.906] [22086:22088] [DMG] 	[0m
[0;34m[1784837967.906] [22086:22088] [DMG] 	SuppressResponse = true, [0m
[0;34m[1784837967.906] [22086:22088] [DMG] 	InteractionModelRevision = 12[0m
[0;34m[1784837967.906] [22086:22088] [DMG] }[0m
[0;32m[1784837967.906] [22086:22088] [TOO] Endpoint: 0 Cluster: 0x0000_0038 Attribute 0x0000_0000 DataVersion: 4246525479[0m
[0;32m[1784837967.906] [22086:22088] [TOO]   UTCTime: 838153167905780[0m
[0;32m[1784837967.906] [22086:22088] [EM] <<< [E:17303i S:29286 M:14318719 (Ack:201427715)] (S) Msg TX from 000000000001B669 to 1:0000000000000001 [9619] [UDP:[fe80::bfe:a203:38f0:bce7%enp0s3]:5540] --- Type 0000:10 (SecureChannel:StandaloneAck) (B:34)[0m
[0;34m[1784837967.906] [22086:22088] [EM] Flushed pending ack for MessageCounter:201427715 on exchange 17303i[0m
[0;34m[1784837967.906] [22086:22086] [CTL] Shutting down the commissioner[0m
[0;32m[1784837967.906] [22086:22086] [PAF] WiFiPAF: Closing all WiFiPAF sessions to shutdown[0m
[0;34m[1784837967.906] [22086:22086] [CTL] Shutting down the controller[0m
[0;34m[1784837967.906] [22086:22086] [IN] Expiring all sessions for fabric 0x1!![0m
[0;34m[1784837967.906] [22086:22086] [IN] SecureSession[0x7a8e44009cd0]: MarkForEviction Type:2 LSID:29286[0m
[0;32m[1784837967.906] [22086:22086] [SC] SecureSession[0x7a8e44009cd0, LSID:29286]: State change 'kActive' --> 'kPendingEviction'[0m
[0;34m[1784837967.906] [22086:22086] [IN] SecureSession[0x7a8e44009cd0]: Released - Type:2 LSID:29286[0m
[0;32m[1784837967.906] [22086:22086] [FP] Forgetting fabric 0x1[0m
[0;32m[1784837967.906] [22086:22086] [TS] Pending Last Known Good Time: 2023-10-14T01:16:48[0m
[0;32m[1784837967.906] [22086:22086] [TS] Previous Last Known Good Time: 2023-10-14T01:16:48[0m
[0;32m[1784837967.906] [22086:22086] [TS] Reverted Last Known Good Time to previous value[0m
[0;34m[1784837967.906] [22086:22086] [CTL] Shutting down the commissioner[0m
[0;32m[1784837967.906] [22086:22086] [PAF] WiFiPAF: Closing all WiFiPAF sessions to shutdown[0m
[0;34m[1784837967.906] [22086:22086] [CTL] Shutting down the controller[0m
[0;34m[1784837967.906] [22086:22086] [CTL] Shutting down the System State, this will teardown the CHIP Stack[0m
[0;34m[1784837967.906] [22086:22086] [DMG] All ReadHandler-s are clean, clear GlobalDirtySet[0m
[0;32m[1784837967.907] [22086:22086] [FP] Shutting down FabricTable[0m
[0;32m[1784837967.907] [22086:22086] [TS] Pending Last Known Good Time: 2023-10-14T01:16:48[0m
[0;32m[1784837967.907] [22086:22086] [TS] Previous Last Known Good Time: 2023-10-14T01:16:48[0m
[0;32m[1784837967.907] [22086:22086] [TS] Reverted Last Known Good Time to previous value[0m
[0;34m[1784837967.909] [22086:22086] [DL] Wrote settings to /tmp/chip_counters.ini[0m
[0;32m[1784837967.909] [22086:22086] [DL] NVS set: chip-counters/total-operational-hours = 0 (0x0)[0m
[0;32m[1784837967.909] [22086:22086] [DL] Inet Layer shutdown[0m
[0;32m[1784837967.909] [22086:22086] [DL] BLE Layer shutdown[0m
[0;32m[1784837967.909] [22086:22086] [DL] WiFi-PAF Layer shutdown[0m
[0;32m[1784837967.909] [22086:22086] [PAF] WiFiPAF: Closing all WiFiPAF sessions to shutdown[0m
[0;32m[1784837967.909] [22086:22086] [DL] System Layer shutdown[0m
