[0;34m[1784655505.492] [8351:8351] [DL] ChipLinuxStorage::Init: Using KVS config file: /tmp/chip_tool_kvs[0m
[1;31m[1784655505.493] [8351:8351] [DL] ChipLinuxStorage::Init: Attempt to re-initialize with KVS config file: /tmp/chip_kvs, IGNORING.[0m
[0;34m[1784655505.494] [8351:8351] [DL] ChipLinuxStorage::Init: Using KVS config file: /tmp/chip_factory.ini[0m
[0;34m[1784655505.494] [8351:8351] [DL] ChipLinuxStorage::Init: Using KVS config file: /tmp/chip_config.ini[0m
[0;34m[1784655505.494] [8351:8351] [DL] ChipLinuxStorage::Init: Using KVS config file: /tmp/chip_counters.ini[0m
[0;34m[1784655505.496] [8351:8351] [DL] Wrote settings to /tmp/chip_counters.ini[0m
[0;32m[1784655505.496] [8351:8351] [DL] NVS set: chip-counters/reboot-count = 3 (0x3)[0m
[0;32m[1784655505.496] [8351:8351] [DL] Got Ethernet interface: enp0s3[0m
[0;32m[1784655505.496] [8351:8351] [DL] Found the primary Ethernet interface:enp0s3[0m
[1;31m[1784655505.497] [8351:8351] [DL] Failed to get WiFi interface[0m
[1;31m[1784655505.497] [8351:8351] [DL] Failed to reset WiFi statistic counts[0m
[0;32m[1784655505.497] [8351:8351] [PAF] WiFiPAF: WiFiPAFLayer::Init()[0m
[0;34m[1784655505.497] [8351:8351] [IN] UDP::Init bind&listen port=0[0m
[0;34m[1784655505.497] [8351:8351] [IN] UDP::Init bound to port=50727[0m
[0;34m[1784655505.497] [8351:8351] [IN] UDP::Init bind&listen port=0[0m
[0;34m[1784655505.497] [8351:8351] [IN] UDP::Init bound to port=47717[0m
[0;34m[1784655505.497] [8351:8351] [IN] BLEBase::Init - setting/overriding transport[0m
[0;34m[1784655505.497] [8351:8351] [IN] WiFiPAFBase::Init - setting/overriding transport[0m
[0;34m[1784655505.497] [8351:8351] [IN] TransportMgr initialized[0m
[0;34m[1784655505.497] [8351:8351] [FP] Initializing FabricTable from persistent storage[0m
[0;32m[1784655505.497] [8351:8351] [TS] Last Known Good Time: 2023-10-14T01:16:48[0m
[0;32m[1784655505.497] [8351:8351] [FP] Fabric index 0x1 was retrieved from storage. Compressed FabricId 0x83E78752562E452A, FabricId 0x0000000000000001, NodeId 0x000000000001B669, VendorId 0xFFF1[0m
[0;32m[1784655505.498] [8351:8351] [DMG] Ember attribute persistence requires setting up[0m
[0;32m[1784655505.498] [8351:8351] [ZCL] Using ZAP configuration...[0m
[0;34m[1784655505.498] [8351:8351] [CTL] System State Initialized...[0m
[0;32m[1784655505.498] [8351:8351] [CTL] Setting attestation nonce to random value[0m
[0;32m[1784655505.498] [8351:8351] [CTL] Setting CSR nonce to random value[0m
[0;34m[1784655505.498] [8351:8353] [DL] CHIP task running[0m
[0;32m[1784655505.498] [8351:8353] [CTL] Setting attestation nonce to random value[0m
[0;32m[1784655505.498] [8351:8353] [CTL] Setting CSR nonce to random value[0m
[0;32m[1784655505.498] [8351:8353] [CTL] Generating NOC[0m
[0;32m[1784655505.499] [8351:8353] [FP] Validating NOC chain[0m
[0;32m[1784655505.499] [8351:8353] [FP] NOC chain validation successful[0m
[0;32m[1784655505.499] [8351:8353] [FP] Updated fabric at index: 0x1, Node ID: 0x000000000001B669[0m
[0;32m[1784655505.499] [8351:8353] [TS] Last Known Good Time: 2023-10-14T01:16:48[0m
[0;32m[1784655505.499] [8351:8353] [TS] New proposed Last Known Good Time: 2021-01-01T00:00:00[0m
[0;32m[1784655505.499] [8351:8353] [TS] Retaining current Last Known Good Time[0m
[0;32m[1784655505.501] [8351:8353] [FP] Metadata for Fabric 0x1 persisted to storage.[0m
[0;32m[1784655505.502] [8351:8353] [TS] Committing Last Known Good Time to storage: 2023-10-14T01:16:48[0m
[0;32m[1784655505.503] [8351:8353] [CTL] Joined the fabric at index 1. Fabric ID is 0x0000000000000001 (Compressed Fabric ID: 83E78752562E452A)[0m
[0;32m[1784655505.508] [8351:8353] [TOO] Sending command to node 0x1[0m
[0;34m[1784655505.508] [8351:8353] [CSM] FindOrEstablishSession: PeerId = [1:0000000000000001][0m
[0;34m[1784655505.508] [8351:8353] [CSM] FindOrEstablishSession: No existing OperationalSessionSetup instance found[0m
[0;34m[1784655505.508] [8351:8353] [DIS] OperationalSessionSetup[1:0000000000000001]: State change 1 --> 2[0m
[0;32m[1784655505.508] [8351:8353] [DIS] Lookup started for 83E78752562E452A-0000000000000001[0m
[0;32m[1784655505.508] [8351:8353] [DIS] UDP:[fe80::bfe:a203:38f0:bce7%enp0s3]:5540: new best score: 7 (for 83E78752562E452A-0000000000000001)[0m
[0;34m[1784655505.508] [8351:8353] [DIS] Lookup clearing interface for non LL address[0m
[0;32m[1784655505.508] [8351:8353] [DIS] UDP:10.0.2.15%enp0s3:5540: new best score: 2 (for 83E78752562E452A-0000000000000001)[0m
[0;32m[1784655505.508] [8351:8353] [DIS] Checking node lookup status for 83E78752562E452A-0000000000000001 after 1 ms[0m
[0;32m[1784655505.508] [8351:8353] [DIS] Keeping DNSSD lookup active[0m
[0;32m[1784655505.509] [8351:8353] [DIS] UDP:[fe80::bfe:a203:38f0:bce7%enp0s3]:5540: score has not improved: 7 (for 83E78752562E452A-0000000000000001)[0m
[0;34m[1784655505.509] [8351:8353] [DIS] Lookup clearing interface for non LL address[0m
[0;32m[1784655505.509] [8351:8353] [DIS] UDP:10.0.2.15%enp0s3:5540: score has not improved: 2 (for 83E78752562E452A-0000000000000001)[0m
[0;32m[1784655505.509] [8351:8353] [DIS] Checking node lookup status for 83E78752562E452A-0000000000000001 after 1 ms[0m
[0;32m[1784655505.509] [8351:8353] [DIS] Keeping DNSSD lookup active[0m
[0;32m[1784655505.708] [8351:8353] [DIS] Checking node lookup status for 83E78752562E452A-0000000000000001 after 200 ms[0m
[0;34m[1784655505.708] [8351:8353] [DIS] OperationalSessionSetup[1:0000000000000001]: Updating device address to UDP:[fe80::bfe:a203:38f0:bce7%enp0s3]:5540 while in state 2[0m
[0;34m[1784655505.708] [8351:8353] [DIS] OperationalSessionSetup[1:0000000000000001]: State change 2 --> 3[0m
[0;34m[1784655505.708] [8351:8353] [IN] SecureSession[0x79feac009cd0]: Allocated Type:2 LSID:21337[0m
[0;32m[1784655505.708] [8351:8353] [SC] Initiating session on local FabricIndex 1 from 0x000000000001B669 -> 0x0000000000000001[0m
[0;32m[1784655505.709] [8351:8353] [EM] <<< [E:28803i S:0 M:83299564] (U) Msg TX from 6B9BB42EAE67A7AC to 0:0000000000000000 [0000] [UDP:[fe80::bfe:a203:38f0:bce7%enp0s3]:5540] --- Type 0000:30 (SecureChannel:CASE_Sigma1) (B:196)[0m
[0;32m[1784655505.709] [8351:8353] [EM] ??1 [E:28803i S:0 M:83299564] (U) Msg Retransmission to 0:0000000000000000 scheduled for 682ms from now [State:Idle II:500 AI:300 AT:4000][0m
[0;32m[1784655505.709] [8351:8353] [SC] Sent Sigma1 msg to <0000000000000001, 1> [II:500ms AI:300ms AT:4000ms][0m
[0;34m[1784655505.709] [8351:8353] [DIS] OperationalSessionSetup[1:0000000000000001]: State change 3 --> 4[0m
[0;32m[1784655505.711] [8351:8353] [EM] >>> [E:28803i S:0 M:30975644 (Ack:83299564)] (U) Msg RX from 0:0000000000000000 [0000] to 6B9BB42EAE67A7AC --- Type 0000:31 (SecureChannel:CASE_Sigma2) (B:751)[0m
[0;34m[1784655505.711] [8351:8353] [EM] Found matching exchange: 28803i, Delegate: 0x79feac00b8e8[0m
[0;34m[1784655505.711] [8351:8353] [EM] Rxd Ack; Removing MessageCounter:83299564 from Retrans Table on exchange 28803i[0m
[0;32m[1784655505.711] [8351:8353] [SC] Received Sigma2 msg[0m
[0;34m[1784655505.711] [8351:8353] [SC] Found MRP parameters in the message[0m
[0;34m[1784655505.711] [8351:8353] [SC] Peer <0000000000000001, 1> assigned session ID 30868[0m
[0;34m[1784655505.711] [8351:8353] [SC] Sending Sigma3[0m
[0;32m[1784655505.712] [8351:8353] [EM] <<< [E:28803i S:0 M:83299565 (Ack:30975644)] (U) Msg TX from 6B9BB42EAE67A7AC to 0:0000000000000000 [0000] [UDP:[fe80::bfe:a203:38f0:bce7%enp0s3]:5540] --- Type 0000:32 (SecureChannel:CASE_Sigma3) (B:598)[0m
[0;32m[1784655505.712] [8351:8353] [EM] ??1 [E:28803i S:0 M:83299565] (U) Msg Retransmission to 0:0000000000000000 scheduled for 403ms from now [State:Active II:500 AI:300 AT:4000][0m
[0;32m[1784655505.712] [8351:8353] [SC] Sent Sigma3 msg[0m
[0;32m[1784655505.721] [8351:8353] [EM] >>> [E:28803i S:0 M:30975645 (Ack:83299565)] (U) Msg RX from 0:0000000000000000 [0000] to 6B9BB42EAE67A7AC --- Type 0000:40 (SecureChannel:StatusReport) (B:34)[0m
[0;34m[1784655505.721] [8351:8353] [EM] Found matching exchange: 28803i, Delegate: 0x79feac00b8e8[0m
[0;34m[1784655505.721] [8351:8353] [EM] Rxd Ack; Removing MessageCounter:83299565 from Retrans Table on exchange 28803i[0m
[0;32m[1784655505.721] [8351:8353] [SC] Success status report received. Session was established[0m
[0;32m[1784655505.723] [8351:8353] [SC] SecureSession[0x79feac009cd0, LSID:21337]: State change 'kEstablishing' --> 'kActive'[0m
[0;34m[1784655505.723] [8351:8353] [IN] SecureSession[0x79feac009cd0]: Activated - Type:2 LSID:21337[0m
[0;34m[1784655505.723] [8351:8353] [IN] New secure session activated for device <0000000000000001, 1>, LSID:21337 PSID:30868![0m
[0;34m[1784655505.723] [8351:8353] [DIS] OperationalSessionSetup[1:0000000000000001]: State change 4 --> 5[0m
[0;32m[1784655505.723] [8351:8353] [TOO] Sending cluster (0x00000030) command (0x00000000) on endpoint 0[0m
[0;34m[1784655505.723] [8351:8353] [DMG] ICR moving to [AddingComm][0m
[0;34m[1784655505.723] [8351:8353] [DMG] ICR moving to [AddedComma][0m
[0;32m[1784655505.723] [8351:8353] [EM] <<< [E:28804i S:21337 M:67505141] (S) Msg TX from 000000000001B669 to 1:0000000000000001 [452A] [UDP:[fe80::bfe:a203:38f0:bce7%enp0s3]:5540] --- Type 0001:08 (IM:InvokeCommandRequest) (B:65)[0m
[0;32m[1784655505.723] [8351:8353] [EM] ??1 [E:28804i S:21337 M:67505141] (S) Msg Retransmission to 1:0000000000000001 scheduled for 362ms from now [State:Active II:500 AI:300 AT:4000][0m
[0;34m[1784655505.723] [8351:8353] [DMG] ICR moving to [AwaitingRe][0m
[0;32m[1784655505.723] [8351:8353] [EM] <<< [E:28803i S:0 M:83299566 (Ack:30975645)] (U) Msg TX from 6B9BB42EAE67A7AC to 0:0000000000000000 [0000] [UDP:[fe80::bfe:a203:38f0:bce7%enp0s3]:5540] --- Type 0000:10 (SecureChannel:StandaloneAck) (B:26)[0m
[0;34m[1784655505.723] [8351:8353] [EM] Flushed pending ack for MessageCounter:30975645 on exchange 28803i[0m
[0;32m[1784655505.724] [8351:8353] [EM] >>> [E:28804i S:21337 M:56121351 (Ack:67505141)] (S) Msg RX from 1:0000000000000001 [452A] to 000000000001B669 --- Type 0001:09 (IM:InvokeCommandResponse) (B:70)[0m
[0;34m[1784655505.724] [8351:8353] [EM] Found matching exchange: 28804i, Delegate: 0x79feac00eef8[0m
[0;34m[1784655505.724] [8351:8353] [EM] Rxd Ack; Removing MessageCounter:67505141 from Retrans Table on exchange 28804i[0m
[0;34m[1784655505.724] [8351:8353] [DMG] ICR moving to [ResponseRe][0m
[0;34m[1784655505.724] [8351:8353] [DMG] InvokeResponseMessage =[0m
[0;34m[1784655505.724] [8351:8353] [DMG] {[0m
[0;34m[1784655505.724] [8351:8353] [DMG] 	suppressResponse = false, [0m
[0;34m[1784655505.724] [8351:8353] [DMG] 	InvokeResponseIBs =[0m
[0;34m[1784655505.724] [8351:8353] [DMG] 	[[0m
[0;34m[1784655505.724] [8351:8353] [DMG] 		InvokeResponseIB =[0m
[0;34m[1784655505.724] [8351:8353] [DMG] 		{[0m
[0;34m[1784655505.724] [8351:8353] [DMG] 			CommandDataIB =[0m
[0;34m[1784655505.724] [8351:8353] [DMG] 			{[0m
[0;34m[1784655505.724] [8351:8353] [DMG] 				CommandPathIB =[0m
[0;34m[1784655505.724] [8351:8353] [DMG] 				{[0m
[0;34m[1784655505.724] [8351:8353] [DMG] 					EndpointId = 0x0,[0m
[0;34m[1784655505.724] [8351:8353] [DMG] 					ClusterId = 0x30,[0m
[0;34m[1784655505.724] [8351:8353] [DMG] 					CommandId = 0x1,[0m
[0;34m[1784655505.724] [8351:8353] [DMG] 				},[0m
[0;34m[1784655505.724] [8351:8353] [DMG] 				[0m
[0;34m[1784655505.724] [8351:8353] [DMG] 				CommandFields = [0m
[0;34m[1784655505.724] [8351:8353] [DMG] 				{[0m
[0;34m[1784655505.724] [8351:8353] [DMG] 					0x0 = 0 (unsigned), [0m
[0;34m[1784655505.724] [8351:8353] [DMG] 					0x1 = "" (0 chars), [0m
[0;34m[1784655505.724] [8351:8353] [DMG] 				},[0m
[0;34m[1784655505.724] [8351:8353] [DMG] 			},[0m
[0;34m[1784655505.724] [8351:8353] [DMG] 			[0m
[0;34m[1784655505.724] [8351:8353] [DMG] 		},[0m
[0;34m[1784655505.724] [8351:8353] [DMG] 		[0m
[0;34m[1784655505.724] [8351:8353] [DMG] 	],[0m
[0;34m[1784655505.724] [8351:8353] [DMG] 	[0m
[0;34m[1784655505.724] [8351:8353] [DMG] 	InteractionModelRevision = 12[0m
[0;34m[1784655505.724] [8351:8353] [DMG] },[0m
[0;32m[1784655505.724] [8351:8353] [DMG] Received Command Response Data, Endpoint=0 Cluster=0x0000_0030 Command=0x0000_0001[0m
[0;32m[1784655505.724] [8351:8353] [TOO] Endpoint: 0 Cluster: 0x0000_0030 Command 0x0000_0001[0m
[0;32m[1784655505.724] [8351:8353] [TOO]   ArmFailSafeResponse: {[0m
[0;32m[1784655505.724] [8351:8353] [TOO]     errorCode: 0[0m
[0;32m[1784655505.724] [8351:8353] [TOO]     debugText: [0m
[0;32m[1784655505.724] [8351:8353] [TOO]    }[0m
[0;34m[1784655505.724] [8351:8353] [DMG] ICR moving to [AwaitingDe][0m
[0;32m[1784655505.724] [8351:8353] [EM] <<< [E:28804i S:21337 M:67505142 (Ack:56121351)] (S) Msg TX from 000000000001B669 to 1:0000000000000001 [452A] [UDP:[fe80::bfe:a203:38f0:bce7%enp0s3]:5540] --- Type 0000:10 (SecureChannel:StandaloneAck) (B:34)[0m
[0;34m[1784655505.724] [8351:8353] [EM] Flushed pending ack for MessageCounter:56121351 on exchange 28804i[0m
[0;34m[1784655505.724] [8351:8351] [CTL] Shutting down the commissioner[0m
[0;32m[1784655505.724] [8351:8351] [PAF] WiFiPAF: Closing all WiFiPAF sessions to shutdown[0m
[0;34m[1784655505.724] [8351:8351] [CTL] Shutting down the controller[0m
[0;34m[1784655505.724] [8351:8351] [IN] Expiring all sessions for fabric 0x1!![0m
[0;34m[1784655505.724] [8351:8351] [IN] SecureSession[0x79feac009cd0]: MarkForEviction Type:2 LSID:21337[0m
[0;32m[1784655505.724] [8351:8351] [SC] SecureSession[0x79feac009cd0, LSID:21337]: State change 'kActive' --> 'kPendingEviction'[0m
[0;34m[1784655505.724] [8351:8351] [IN] SecureSession[0x79feac009cd0]: Released - Type:2 LSID:21337[0m
[0;32m[1784655505.724] [8351:8351] [FP] Forgetting fabric 0x1[0m
[0;32m[1784655505.724] [8351:8351] [TS] Pending Last Known Good Time: 2023-10-14T01:16:48[0m
[0;32m[1784655505.724] [8351:8351] [TS] Previous Last Known Good Time: 2023-10-14T01:16:48[0m
[0;32m[1784655505.724] [8351:8351] [TS] Reverted Last Known Good Time to previous value[0m
[0;34m[1784655505.724] [8351:8351] [CTL] Shutting down the commissioner[0m
[0;32m[1784655505.724] [8351:8351] [PAF] WiFiPAF: Closing all WiFiPAF sessions to shutdown[0m
[0;34m[1784655505.724] [8351:8351] [CTL] Shutting down the controller[0m
[0;34m[1784655505.724] [8351:8351] [CTL] Shutting down the System State, this will teardown the CHIP Stack[0m
[0;34m[1784655505.724] [8351:8351] [DMG] All ReadHandler-s are clean, clear GlobalDirtySet[0m
[0;32m[1784655505.724] [8351:8351] [FP] Shutting down FabricTable[0m
[0;32m[1784655505.724] [8351:8351] [TS] Pending Last Known Good Time: 2023-10-14T01:16:48[0m
[0;32m[1784655505.724] [8351:8351] [TS] Previous Last Known Good Time: 2023-10-14T01:16:48[0m
[0;32m[1784655505.724] [8351:8351] [TS] Reverted Last Known Good Time to previous value[0m
[0;34m[1784655505.727] [8351:8351] [DL] Wrote settings to /tmp/chip_counters.ini[0m
[0;32m[1784655505.727] [8351:8351] [DL] NVS set: chip-counters/total-operational-hours = 0 (0x0)[0m
[0;32m[1784655505.727] [8351:8351] [DL] Inet Layer shutdown[0m
[0;32m[1784655505.727] [8351:8351] [DL] BLE Layer shutdown[0m
[0;32m[1784655505.727] [8351:8351] [DL] WiFi-PAF Layer shutdown[0m
[0;32m[1784655505.727] [8351:8351] [PAF] WiFiPAF: Closing all WiFiPAF sessions to shutdown[0m
[0;32m[1784655505.727] [8351:8351] [DL] System Layer shutdown[0m
