[0;34m[1784655505.783] [8355:8355] [DL] ChipLinuxStorage::Init: Using KVS config file: /tmp/chip_tool_kvs[0m
[1;31m[1784655505.784] [8355:8355] [DL] ChipLinuxStorage::Init: Attempt to re-initialize with KVS config file: /tmp/chip_kvs, IGNORING.[0m
[0;34m[1784655505.786] [8355:8355] [DL] ChipLinuxStorage::Init: Using KVS config file: /tmp/chip_factory.ini[0m
[0;34m[1784655505.786] [8355:8355] [DL] ChipLinuxStorage::Init: Using KVS config file: /tmp/chip_config.ini[0m
[0;34m[1784655505.786] [8355:8355] [DL] ChipLinuxStorage::Init: Using KVS config file: /tmp/chip_counters.ini[0m
[0;34m[1784655505.789] [8355:8355] [DL] Wrote settings to /tmp/chip_counters.ini[0m
[0;32m[1784655505.789] [8355:8355] [DL] NVS set: chip-counters/reboot-count = 4 (0x4)[0m
[0;32m[1784655505.789] [8355:8355] [DL] Got Ethernet interface: enp0s3[0m
[0;32m[1784655505.789] [8355:8355] [DL] Found the primary Ethernet interface:enp0s3[0m
[1;31m[1784655505.790] [8355:8355] [DL] Failed to get WiFi interface[0m
[1;31m[1784655505.790] [8355:8355] [DL] Failed to reset WiFi statistic counts[0m
[0;32m[1784655505.790] [8355:8355] [PAF] WiFiPAF: WiFiPAFLayer::Init()[0m
[0;34m[1784655505.790] [8355:8355] [IN] UDP::Init bind&listen port=0[0m
[0;34m[1784655505.790] [8355:8355] [IN] UDP::Init bound to port=50512[0m
[0;34m[1784655505.790] [8355:8355] [IN] UDP::Init bind&listen port=0[0m
[0;34m[1784655505.790] [8355:8355] [IN] UDP::Init bound to port=39385[0m
[0;34m[1784655505.790] [8355:8355] [IN] BLEBase::Init - setting/overriding transport[0m
[0;34m[1784655505.790] [8355:8355] [IN] WiFiPAFBase::Init - setting/overriding transport[0m
[0;34m[1784655505.790] [8355:8355] [IN] TransportMgr initialized[0m
[0;34m[1784655505.790] [8355:8355] [FP] Initializing FabricTable from persistent storage[0m
[0;32m[1784655505.790] [8355:8355] [TS] Last Known Good Time: 2023-10-14T01:16:48[0m
[0;32m[1784655505.790] [8355:8355] [FP] Fabric index 0x1 was retrieved from storage. Compressed FabricId 0x83E78752562E452A, FabricId 0x0000000000000001, NodeId 0x000000000001B669, VendorId 0xFFF1[0m
[0;32m[1784655505.791] [8355:8355] [DMG] Ember attribute persistence requires setting up[0m
[0;32m[1784655505.791] [8355:8355] [ZCL] Using ZAP configuration...[0m
[0;34m[1784655505.791] [8355:8355] [CTL] System State Initialized...[0m
[0;32m[1784655505.791] [8355:8355] [CTL] Setting attestation nonce to random value[0m
[0;32m[1784655505.791] [8355:8355] [CTL] Setting CSR nonce to random value[0m
[0;34m[1784655505.791] [8355:8357] [DL] CHIP task running[0m
[0;32m[1784655505.791] [8355:8357] [CTL] Setting attestation nonce to random value[0m
[0;32m[1784655505.792] [8355:8357] [CTL] Setting CSR nonce to random value[0m
[0;32m[1784655505.792] [8355:8357] [CTL] Generating NOC[0m
[0;32m[1784655505.792] [8355:8357] [FP] Validating NOC chain[0m
[0;32m[1784655505.792] [8355:8357] [FP] NOC chain validation successful[0m
[0;32m[1784655505.792] [8355:8357] [FP] Updated fabric at index: 0x1, Node ID: 0x000000000001B669[0m
[0;32m[1784655505.792] [8355:8357] [TS] Last Known Good Time: 2023-10-14T01:16:48[0m
[0;32m[1784655505.792] [8355:8357] [TS] New proposed Last Known Good Time: 2021-01-01T00:00:00[0m
[0;32m[1784655505.792] [8355:8357] [TS] Retaining current Last Known Good Time[0m
[0;32m[1784655505.795] [8355:8357] [FP] Metadata for Fabric 0x1 persisted to storage.[0m
[0;32m[1784655505.796] [8355:8357] [TS] Committing Last Known Good Time to storage: 2023-10-14T01:16:48[0m
[0;32m[1784655505.796] [8355:8357] [CTL] Joined the fabric at index 1. Fabric ID is 0x0000000000000001 (Compressed Fabric ID: 83E78752562E452A)[0m
[0;32m[1784655505.800] [8355:8357] [TOO] Sending command to node 0x1[0m
[0;34m[1784655505.801] [8355:8357] [CSM] FindOrEstablishSession: PeerId = [1:0000000000000001][0m
[0;34m[1784655505.801] [8355:8357] [CSM] FindOrEstablishSession: No existing OperationalSessionSetup instance found[0m
[0;34m[1784655505.801] [8355:8357] [DIS] OperationalSessionSetup[1:0000000000000001]: State change 1 --> 2[0m
[0;32m[1784655505.801] [8355:8357] [DIS] Lookup started for 83E78752562E452A-0000000000000001[0m
[0;32m[1784655505.801] [8355:8357] [DIS] UDP:[fe80::bfe:a203:38f0:bce7%enp0s3]:5540: new best score: 7 (for 83E78752562E452A-0000000000000001)[0m
[0;34m[1784655505.801] [8355:8357] [DIS] Lookup clearing interface for non LL address[0m
[0;32m[1784655505.801] [8355:8357] [DIS] UDP:10.0.2.15%enp0s3:5540: new best score: 2 (for 83E78752562E452A-0000000000000001)[0m
[0;32m[1784655505.801] [8355:8357] [DIS] Checking node lookup status for 83E78752562E452A-0000000000000001 after 0 ms[0m
[0;32m[1784655505.801] [8355:8357] [DIS] Keeping DNSSD lookup active[0m
[0;32m[1784655505.801] [8355:8357] [DIS] UDP:[fe80::bfe:a203:38f0:bce7%enp0s3]:5540: score has not improved: 7 (for 83E78752562E452A-0000000000000001)[0m
[0;34m[1784655505.801] [8355:8357] [DIS] Lookup clearing interface for non LL address[0m
[0;32m[1784655505.801] [8355:8357] [DIS] UDP:10.0.2.15%enp0s3:5540: score has not improved: 2 (for 83E78752562E452A-0000000000000001)[0m
[0;32m[1784655505.801] [8355:8357] [DIS] Checking node lookup status for 83E78752562E452A-0000000000000001 after 1 ms[0m
[0;32m[1784655505.801] [8355:8357] [DIS] Keeping DNSSD lookup active[0m
[0;32m[1784655506.003] [8355:8357] [DIS] Checking node lookup status for 83E78752562E452A-0000000000000001 after 203 ms[0m
[0;34m[1784655506.003] [8355:8357] [DIS] OperationalSessionSetup[1:0000000000000001]: Updating device address to UDP:[fe80::bfe:a203:38f0:bce7%enp0s3]:5540 while in state 2[0m
[0;34m[1784655506.003] [8355:8357] [DIS] OperationalSessionSetup[1:0000000000000001]: State change 2 --> 3[0m
[0;34m[1784655506.003] [8355:8357] [IN] SecureSession[0x772e34009cd0]: Allocated Type:2 LSID:21974[0m
[0;32m[1784655506.003] [8355:8357] [SC] Initiating session on local FabricIndex 1 from 0x000000000001B669 -> 0x0000000000000001[0m
[0;32m[1784655506.004] [8355:8357] [EM] <<< [E:17461i S:0 M:150112061] (U) Msg TX from 73155232685E80C0 to 0:0000000000000000 [0000] [UDP:[fe80::bfe:a203:38f0:bce7%enp0s3]:5540] --- Type 0000:30 (SecureChannel:CASE_Sigma1) (B:196)[0m
[0;32m[1784655506.004] [8355:8357] [EM] ??1 [E:17461i S:0 M:150112061] (U) Msg Retransmission to 0:0000000000000000 scheduled for 606ms from now [State:Idle II:500 AI:300 AT:4000][0m
[0;32m[1784655506.004] [8355:8357] [SC] Sent Sigma1 msg to <0000000000000001, 1> [II:500ms AI:300ms AT:4000ms][0m
[0;34m[1784655506.004] [8355:8357] [DIS] OperationalSessionSetup[1:0000000000000001]: State change 3 --> 4[0m
[0;32m[1784655506.004] [8355:8357] [EM] >>> [E:17461i S:0 M:30975646 (Ack:150112061)] (U) Msg RX from 0:0000000000000000 [0000] to 73155232685E80C0 --- Type 0000:31 (SecureChannel:CASE_Sigma2) (B:751)[0m
[0;34m[1784655506.004] [8355:8357] [EM] Found matching exchange: 17461i, Delegate: 0x772e3400b8e8[0m
[0;34m[1784655506.004] [8355:8357] [EM] Rxd Ack; Removing MessageCounter:150112061 from Retrans Table on exchange 17461i[0m
[0;32m[1784655506.004] [8355:8357] [SC] Received Sigma2 msg[0m
[0;34m[1784655506.004] [8355:8357] [SC] Found MRP parameters in the message[0m
[0;34m[1784655506.005] [8355:8357] [SC] Peer <0000000000000001, 1> assigned session ID 30869[0m
[0;34m[1784655506.005] [8355:8357] [SC] Sending Sigma3[0m
[0;32m[1784655506.005] [8355:8357] [EM] <<< [E:17461i S:0 M:150112062 (Ack:30975646)] (U) Msg TX from 73155232685E80C0 to 0:0000000000000000 [0000] [UDP:[fe80::bfe:a203:38f0:bce7%enp0s3]:5540] --- Type 0000:32 (SecureChannel:CASE_Sigma3) (B:598)[0m
[0;32m[1784655506.007] [8355:8357] [EM] ??1 [E:17461i S:0 M:150112062] (U) Msg Retransmission to 0:0000000000000000 scheduled for 347ms from now [State:Active II:500 AI:300 AT:4000][0m
[0;32m[1784655506.007] [8355:8357] [SC] Sent Sigma3 msg[0m
[0;32m[1784655506.016] [8355:8357] [EM] >>> [E:17461i S:0 M:30975647 (Ack:150112062)] (U) Msg RX from 0:0000000000000000 [0000] to 73155232685E80C0 --- Type 0000:40 (SecureChannel:StatusReport) (B:34)[0m
[0;34m[1784655506.016] [8355:8357] [EM] Found matching exchange: 17461i, Delegate: 0x772e3400b8e8[0m
[0;34m[1784655506.016] [8355:8357] [EM] Rxd Ack; Removing MessageCounter:150112062 from Retrans Table on exchange 17461i[0m
[0;32m[1784655506.016] [8355:8357] [SC] Success status report received. Session was established[0m
[0;32m[1784655506.018] [8355:8357] [SC] SecureSession[0x772e34009cd0, LSID:21974]: State change 'kEstablishing' --> 'kActive'[0m
[0;34m[1784655506.018] [8355:8357] [IN] SecureSession[0x772e34009cd0]: Activated - Type:2 LSID:21974[0m
[0;34m[1784655506.018] [8355:8357] [IN] New secure session activated for device <0000000000000001, 1>, LSID:21974 PSID:30869![0m
[0;34m[1784655506.018] [8355:8357] [DIS] OperationalSessionSetup[1:0000000000000001]: State change 4 --> 5[0m
[0;32m[1784655506.018] [8355:8357] [TOO] Sending cluster (0x0000003E) command (0x00000004) on endpoint 0[0m
[0;34m[1784655506.018] [8355:8357] [DMG] ICR moving to [AddingComm][0m
[0;34m[1784655506.018] [8355:8357] [DMG] ICR moving to [AddedComma][0m
[0;32m[1784655506.018] [8355:8357] [EM] <<< [E:17462i S:21974 M:88350745] (S) Msg TX from 000000000001B669 to 1:0000000000000001 [452A] [UDP:[fe80::bfe:a203:38f0:bce7%enp0s3]:5540] --- Type 0001:08 (IM:InvokeCommandRequest) (B:96)[0m
[0;32m[1784655506.018] [8355:8357] [EM] ??1 [E:17462i S:21974 M:88350745] (S) Msg Retransmission to 1:0000000000000001 scheduled for 341ms from now [State:Active II:500 AI:300 AT:4000][0m
[0;34m[1784655506.018] [8355:8357] [DMG] ICR moving to [AwaitingRe][0m
[0;32m[1784655506.018] [8355:8357] [EM] <<< [E:17461i S:0 M:150112063 (Ack:30975647)] (U) Msg TX from 73155232685E80C0 to 0:0000000000000000 [0000] [UDP:[fe80::bfe:a203:38f0:bce7%enp0s3]:5540] --- Type 0000:10 (SecureChannel:StandaloneAck) (B:26)[0m
[0;34m[1784655506.018] [8355:8357] [EM] Flushed pending ack for MessageCounter:30975647 on exchange 17461i[0m
[0;32m[1784655506.019] [8355:8357] [EM] >>> [E:17462i S:21974 M:108923232 (Ack:88350745)] (S) Msg RX from 1:0000000000000001 [452A] to 000000000001B669 --- Type 0001:09 (IM:InvokeCommandResponse) (B:376)[0m
[0;34m[1784655506.019] [8355:8357] [EM] Found matching exchange: 17462i, Delegate: 0x772e3400eef8[0m
[0;34m[1784655506.019] [8355:8357] [EM] Rxd Ack; Removing MessageCounter:88350745 from Retrans Table on exchange 17462i[0m
[0;34m[1784655506.019] [8355:8357] [DMG] ICR moving to [ResponseRe][0m
[0;34m[1784655506.019] [8355:8357] [DMG] InvokeResponseMessage =[0m
[0;34m[1784655506.019] [8355:8357] [DMG] {[0m
[0;34m[1784655506.019] [8355:8357] [DMG] 	suppressResponse = false, [0m
[0;34m[1784655506.019] [8355:8357] [DMG] 	InvokeResponseIBs =[0m
[0;34m[1784655506.019] [8355:8357] [DMG] 	[[0m
[0;34m[1784655506.019] [8355:8357] [DMG] 		InvokeResponseIB =[0m
[0;34m[1784655506.019] [8355:8357] [DMG] 		{[0m
[0;34m[1784655506.019] [8355:8357] [DMG] 			CommandDataIB =[0m
[0;34m[1784655506.019] [8355:8357] [DMG] 			{[0m
[0;34m[1784655506.019] [8355:8357] [DMG] 				CommandPathIB =[0m
[0;34m[1784655506.019] [8355:8357] [DMG] 				{[0m
[0;34m[1784655506.019] [8355:8357] [DMG] 					EndpointId = 0x0,[0m
[0;34m[1784655506.019] [8355:8357] [DMG] 					ClusterId = 0x3e,[0m
[0;34m[1784655506.019] [8355:8357] [DMG] 					CommandId = 0x5,[0m
[0;34m[1784655506.019] [8355:8357] [DMG] 				},[0m
[0;34m[1784655506.019] [8355:8357] [DMG] 				[0m
[0;34m[1784655506.019] [8355:8357] [DMG] 				CommandFields = [0m
[0;34m[1784655506.019] [8355:8357] [DMG] 				{[0m
[0;34m[1784655506.019] [8355:8357] [DMG] 					0x0 = [[0m
[0;34m[1784655506.019] [8355:8357] [DMG] 							0x15, 0x30, 0x01, 0xca, 0x30, 0x81, 0xc7, 0x30, 0x70, 0x02, 0x01, 0x00, 0x30, 0x0e, 0x31, 0x0c, 0x30, 0x0a, 0x06, 0x03, 0x55, 0x04, 0x0a, 0x0c, 0x03, 0x43, 0x53, 0x52, 0x30, 0x59, 0x30, 0x13, 0x06, 0x07, 0x2a, 0x86, 0x48, 0xce, 0x3d, 0x02, 0x01, 0x06, 0x08, 0x2a, 0x86, 0x48, 0xce, 0x3d, 0x03, 0x01, 0x07, 0x03, 0x42, 0x00, 0x04, 0xed, 0x0b, 0x7b, 0x7d, 0xe8, 0xff, 0x95, 0x43, 0xe1, 0x4e, 0x63, 0x7b, 0xb8, 0x68, 0x62, 0xef, 0x03, 0xd2, 0x42, 0xd2, 0x16, 0x2f, 0xee, 0x25, 0x7b, 0xa7, 0x64, 0xea, 0x9e, 0x11, 0x3d, 0x4d, 0xb8, 0x8d, 0x14, 0xb9, 0x36, 0x22, 0xd1, 0x08, 0x13, 0xe9, 0xb3, 0x26, 0xfd, 0x36, 0x04, 0x88, 0xa1, 0xc8, 0x49, 0xc0, 0x46, 0x7b, 0x7d, 0x2e, 0x61, 0x82, 0xb7, 0xf8, 0x3a, 0xbf, 0x4d, 0xa8, 0xa0, 0x00, 0x30, 0x0a, 0x06, 0x08, 0x2a, 0x86, 0x48, 0xce, 0x3d, 0x04, 0x03, 0x02, 0x03, 0x47, 0x00, 0x30, 0x44, 0x02, 0x20, 0x5a, 0x15, 0xda, 0x3c, 0xf2, 0x29, 0x6c, 0xad, 0xa6, 0x6b, 0x53, 0x24, 0x21, 0x8b, 0x72, 0xce, 0x8d, 0xae, 0x5c, 0x42, 0x26, 0x6d, 0x07, 0x10, 0x5d, 0x32, 0xe1, 0xa4, 0x3a, 0x6b, 0x16, 0xa9, 0x02, 0x20, 0x55, 0x86, 0xd3, 0xf8, 0x51, 0xb4, 0xcd, 0x6d, 0xb5, 0x65, 0x70, 0x60, 0xe7, 0x6a, 0x84, 0x08, 0x9f, 0x51, 0x8a, 0x21, 0x70, 0xe4, 0x31, 0xae, 0xd0, 0x7b, 0xd5, 0xac, 0x40, 0x78, 0x28, 0x21, 0x30, 0x02, 0x20, 0xde, 0x8c, 0x8a, 0x54, 0x19, 0x42, 0xd0, 0x03, 0x23, 0xb3, 0xf2, 0xd9, 0xb1, 0x20, 0xfd, 0xb4, 0xee, 0x02, 0xf3, 0xa7, 0xe5, 0xae, 0x27, 0x5b, 0xc7, 0x37, 0x6a, 0x3f, 0x6c, 0x44, 0xf3, 0xde, 0x18, [0m
[0;34m[1784655506.019] [8355:8357] [DMG] 					] (242 bytes)[0m
[0;34m[1784655506.019] [8355:8357] [DMG] 					0x1 = [[0m
[0;34m[1784655506.019] [8355:8357] [DMG] 							0x3d, 0xe0, 0xcd, 0x8b, 0x94, 0x5e, 0xcf, 0x56, 0x98, 0x02, 0x3c, 0x3e, 0x50, 0x8c, 0x76, 0xd9, 0x29, 0x23, 0x02, 0xc9, 0xcf, 0x4e, 0x5f, 0x9c, 0xea, 0x8f, 0xac, 0xa6, 0xe2, 0x6d, 0x04, 0xd0, 0x26, 0x5d, 0xf5, 0x9a, 0x5c, 0xde, 0xf5, 0x4b, 0x76, 0xf4, 0x97, 0x46, 0x07, 0xc3, 0xb7, 0x93, 0x9d, 0x32, 0x59, 0xf4, 0x4b, 0xad, 0x5e, 0x5b, 0xa2, 0x46, 0x42, 0x65, 0x8b, 0x97, 0x24, 0xbd, [0m
[0;34m[1784655506.019] [8355:8357] [DMG] 					] (64 bytes)[0m
[0;34m[1784655506.019] [8355:8357] [DMG] 				},[0m
[0;34m[1784655506.019] [8355:8357] [DMG] 			},[0m
[0;34m[1784655506.019] [8355:8357] [DMG] 			[0m
[0;34m[1784655506.019] [8355:8357] [DMG] 		},[0m
[0;34m[1784655506.019] [8355:8357] [DMG] 		[0m
[0;34m[1784655506.019] [8355:8357] [DMG] 	],[0m
[0;34m[1784655506.019] [8355:8357] [DMG] 	[0m
[0;34m[1784655506.019] [8355:8357] [DMG] 	InteractionModelRevision = 12[0m
[0;34m[1784655506.019] [8355:8357] [DMG] },[0m
[0;32m[1784655506.019] [8355:8357] [DMG] Received Command Response Data, Endpoint=0 Cluster=0x0000_003E Command=0x0000_0005[0m
[0;32m[1784655506.019] [8355:8357] [TOO] Endpoint: 0 Cluster: 0x0000_003E Command 0x0000_0005[0m
[0;32m[1784655506.019] [8355:8357] [TOO]   CSRResponse: {[0m
[0;32m[1784655506.019] [8355:8357] [TOO]     NOCSRElements: 153001CA3081C73070020100300E310C300A060355040A0C034353523059301306072A8648CE3D020106082A8648CE3D03010703420004ED0B7B7DE8FF9543E14E637BB86862EF03D242D2162FEE257BA764EA9E113D4DB88D14B93622D10813E9B326FD360488A1C849C0467B7D2E6182B7F83ABF4DA8A000300A06082A8648CE3D040302034700304402205A15DA3CF2296CADA66B5324218B72CE8DAE5C42266D07105D32E1A43A6B16A902205586D3F851B4CD6DB5657060E76A84089F518A2170E431AED07BD5AC40782821300220DE8C8A541942D00323B3F2D9B120FDB4EE02F3A7E5AE275BC7376A3F6C44F3DE18[0m
[0;32m[1784655506.019] [8355:8357] [TOO]     attestationSignature: 3DE0CD8B945ECF5698023C3E508C76D9292302C9CF4E5F9CEA8FACA6E26D04D0265DF59A5CDEF54B76F4974607C3B7939D3259F44BAD5E5BA24642658B9724BD[0m
[0;32m[1784655506.019] [8355:8357] [TOO]    }[0m
[0;34m[1784655506.019] [8355:8357] [DMG] ICR moving to [AwaitingDe][0m
[0;32m[1784655506.019] [8355:8357] [EM] <<< [E:17462i S:21974 M:88350746 (Ack:108923232)] (S) Msg TX from 000000000001B669 to 1:0000000000000001 [452A] [UDP:[fe80::bfe:a203:38f0:bce7%enp0s3]:5540] --- Type 0000:10 (SecureChannel:StandaloneAck) (B:34)[0m
[0;34m[1784655506.019] [8355:8357] [EM] Flushed pending ack for MessageCounter:108923232 on exchange 17462i[0m
[0;34m[1784655506.019] [8355:8355] [CTL] Shutting down the commissioner[0m
[0;32m[1784655506.019] [8355:8355] [PAF] WiFiPAF: Closing all WiFiPAF sessions to shutdown[0m
[0;34m[1784655506.019] [8355:8355] [CTL] Shutting down the controller[0m
[0;34m[1784655506.019] [8355:8355] [IN] Expiring all sessions for fabric 0x1!![0m
[0;34m[1784655506.019] [8355:8355] [IN] SecureSession[0x772e34009cd0]: MarkForEviction Type:2 LSID:21974[0m
[0;32m[1784655506.019] [8355:8355] [SC] SecureSession[0x772e34009cd0, LSID:21974]: State change 'kActive' --> 'kPendingEviction'[0m
[0;34m[1784655506.019] [8355:8355] [IN] SecureSession[0x772e34009cd0]: Released - Type:2 LSID:21974[0m
[0;32m[1784655506.019] [8355:8355] [FP] Forgetting fabric 0x1[0m
[0;32m[1784655506.019] [8355:8355] [TS] Pending Last Known Good Time: 2023-10-14T01:16:48[0m
[0;32m[1784655506.019] [8355:8355] [TS] Previous Last Known Good Time: 2023-10-14T01:16:48[0m
[0;32m[1784655506.019] [8355:8355] [TS] Reverted Last Known Good Time to previous value[0m
[0;34m[1784655506.019] [8355:8355] [CTL] Shutting down the commissioner[0m
[0;32m[1784655506.019] [8355:8355] [PAF] WiFiPAF: Closing all WiFiPAF sessions to shutdown[0m
[0;34m[1784655506.019] [8355:8355] [CTL] Shutting down the controller[0m
[0;34m[1784655506.019] [8355:8355] [CTL] Shutting down the System State, this will teardown the CHIP Stack[0m
[0;34m[1784655506.019] [8355:8355] [DMG] All ReadHandler-s are clean, clear GlobalDirtySet[0m
[0;32m[1784655506.019] [8355:8355] [FP] Shutting down FabricTable[0m
[0;32m[1784655506.019] [8355:8355] [TS] Pending Last Known Good Time: 2023-10-14T01:16:48[0m
[0;32m[1784655506.019] [8355:8355] [TS] Previous Last Known Good Time: 2023-10-14T01:16:48[0m
[0;32m[1784655506.019] [8355:8355] [TS] Reverted Last Known Good Time to previous value[0m
[0;34m[1784655506.022] [8355:8355] [DL] Wrote settings to /tmp/chip_counters.ini[0m
[0;32m[1784655506.022] [8355:8355] [DL] NVS set: chip-counters/total-operational-hours = 0 (0x0)[0m
[0;32m[1784655506.022] [8355:8355] [DL] Inet Layer shutdown[0m
[0;32m[1784655506.022] [8355:8355] [DL] BLE Layer shutdown[0m
[0;32m[1784655506.022] [8355:8355] [DL] WiFi-PAF Layer shutdown[0m
[0;32m[1784655506.022] [8355:8355] [PAF] WiFiPAF: Closing all WiFiPAF sessions to shutdown[0m
[0;32m[1784655506.022] [8355:8355] [DL] System Layer shutdown[0m
