[0;34m[1784838312.617] [22591:22591] [DL] ChipLinuxStorage::Init: Using KVS config file: /tmp/chip_tool_kvs[0m
[1;31m[1784838312.618] [22591:22591] [DL] ChipLinuxStorage::Init: Attempt to re-initialize with KVS config file: /tmp/chip_kvs, IGNORING.[0m
[0;34m[1784838312.619] [22591:22591] [DL] ChipLinuxStorage::Init: Using KVS config file: /tmp/chip_factory.ini[0m
[0;34m[1784838312.619] [22591:22591] [DL] ChipLinuxStorage::Init: Using KVS config file: /tmp/chip_config.ini[0m
[0;34m[1784838312.619] [22591:22591] [DL] ChipLinuxStorage::Init: Using KVS config file: /tmp/chip_counters.ini[0m
[0;34m[1784838312.621] [22591:22591] [DL] Wrote settings to /tmp/chip_counters.ini[0m
[0;32m[1784838312.621] [22591:22591] [DL] NVS set: chip-counters/reboot-count = 3 (0x3)[0m
[0;32m[1784838312.621] [22591:22591] [DL] Got Ethernet interface: enp0s3[0m
[0;32m[1784838312.622] [22591:22591] [DL] Found the primary Ethernet interface:enp0s3[0m
[1;31m[1784838312.622] [22591:22591] [DL] Failed to get WiFi interface[0m
[1;31m[1784838312.622] [22591:22591] [DL] Failed to reset WiFi statistic counts[0m
[0;32m[1784838312.622] [22591:22591] [PAF] WiFiPAF: WiFiPAFLayer::Init()[0m
[0;34m[1784838312.622] [22591:22591] [IN] UDP::Init bind&listen port=0[0m
[0;34m[1784838312.622] [22591:22591] [IN] UDP::Init bound to port=42524[0m
[0;34m[1784838312.622] [22591:22591] [IN] UDP::Init bind&listen port=0[0m
[0;34m[1784838312.622] [22591:22591] [IN] UDP::Init bound to port=36293[0m
[0;34m[1784838312.622] [22591:22591] [IN] BLEBase::Init - setting/overriding transport[0m
[0;34m[1784838312.622] [22591:22591] [IN] WiFiPAFBase::Init - setting/overriding transport[0m
[0;34m[1784838312.622] [22591:22591] [IN] TransportMgr initialized[0m
[0;34m[1784838312.622] [22591:22591] [FP] Initializing FabricTable from persistent storage[0m
[0;32m[1784838312.622] [22591:22591] [TS] Last Known Good Time: 2023-10-14T01:16:48[0m
[0;32m[1784838312.622] [22591:22591] [FP] Fabric index 0x1 was retrieved from storage. Compressed FabricId 0x108ED21B61CCF676, FabricId 0x0000000000000001, NodeId 0x000000000001B669, VendorId 0xFFF1[0m
[0;32m[1784838312.623] [22591:22591] [DMG] Ember attribute persistence requires setting up[0m
[0;32m[1784838312.623] [22591:22591] [ZCL] Using ZAP configuration...[0m
[0;34m[1784838312.623] [22591:22591] [CTL] System State Initialized...[0m
[0;32m[1784838312.623] [22591:22591] [CTL] Setting attestation nonce to random value[0m
[0;32m[1784838312.623] [22591:22591] [CTL] Setting CSR nonce to random value[0m
[0;34m[1784838312.623] [22591:22593] [DL] CHIP task running[0m
[0;32m[1784838312.624] [22591:22593] [CTL] Setting attestation nonce to random value[0m
[0;32m[1784838312.624] [22591:22593] [CTL] Setting CSR nonce to random value[0m
[0;32m[1784838312.624] [22591:22593] [CTL] Generating NOC[0m
[0;32m[1784838312.624] [22591:22593] [FP] Validating NOC chain[0m
[0;32m[1784838312.624] [22591:22593] [FP] NOC chain validation successful[0m
[0;32m[1784838312.624] [22591:22593] [FP] Updated fabric at index: 0x1, Node ID: 0x000000000001B669[0m
[0;32m[1784838312.624] [22591:22593] [TS] Last Known Good Time: 2023-10-14T01:16:48[0m
[0;32m[1784838312.624] [22591:22593] [TS] New proposed Last Known Good Time: 2021-01-01T00:00:00[0m
[0;32m[1784838312.624] [22591:22593] [TS] Retaining current Last Known Good Time[0m
[0;32m[1784838312.626] [22591:22593] [FP] Metadata for Fabric 0x1 persisted to storage.[0m
[0;32m[1784838312.627] [22591:22593] [TS] Committing Last Known Good Time to storage: 2023-10-14T01:16:48[0m
[0;32m[1784838312.628] [22591:22593] [CTL] Joined the fabric at index 1. Fabric ID is 0x0000000000000001 (Compressed Fabric ID: 108ED21B61CCF676)[0m
[0;32m[1784838312.633] [22591:22593] [TOO] Sending command to node 0x1[0m
[0;34m[1784838312.633] [22591:22593] [CSM] FindOrEstablishSession: PeerId = [1:0000000000000001][0m
[0;34m[1784838312.633] [22591:22593] [CSM] FindOrEstablishSession: No existing OperationalSessionSetup instance found[0m
[0;34m[1784838312.633] [22591:22593] [DIS] OperationalSessionSetup[1:0000000000000001]: State change 1 --> 2[0m
[0;32m[1784838312.633] [22591:22593] [DIS] Lookup started for 108ED21B61CCF676-0000000000000001[0m
[0;32m[1784838312.634] [22591:22593] [DIS] UDP:[fe80::bfe:a203:38f0:bce7%enp0s3]:5540: new best score: 7 (for 108ED21B61CCF676-0000000000000001)[0m
[0;34m[1784838312.634] [22591:22593] [DIS] Lookup clearing interface for non LL address[0m
[0;32m[1784838312.634] [22591:22593] [DIS] UDP:10.0.2.15%enp0s3:5540: new best score: 2 (for 108ED21B61CCF676-0000000000000001)[0m
[0;32m[1784838312.634] [22591:22593] [DIS] Checking node lookup status for 108ED21B61CCF676-0000000000000001 after 1 ms[0m
[0;32m[1784838312.634] [22591:22593] [DIS] Keeping DNSSD lookup active[0m
[0;32m[1784838312.634] [22591:22593] [DIS] UDP:[fe80::bfe:a203:38f0:bce7%enp0s3]:5540: score has not improved: 7 (for 108ED21B61CCF676-0000000000000001)[0m
[0;34m[1784838312.634] [22591:22593] [DIS] Lookup clearing interface for non LL address[0m
[0;32m[1784838312.634] [22591:22593] [DIS] UDP:10.0.2.15%enp0s3:5540: score has not improved: 2 (for 108ED21B61CCF676-0000000000000001)[0m
[0;32m[1784838312.634] [22591:22593] [DIS] Checking node lookup status for 108ED21B61CCF676-0000000000000001 after 1 ms[0m
[0;32m[1784838312.634] [22591:22593] [DIS] Keeping DNSSD lookup active[0m
[0;32m[1784838312.836] [22591:22593] [DIS] Checking node lookup status for 108ED21B61CCF676-0000000000000001 after 203 ms[0m
[0;34m[1784838312.836] [22591:22593] [DIS] OperationalSessionSetup[1:0000000000000001]: Updating device address to UDP:[fe80::bfe:a203:38f0:bce7%enp0s3]:5540 while in state 2[0m
[0;34m[1784838312.836] [22591:22593] [DIS] OperationalSessionSetup[1:0000000000000001]: State change 2 --> 3[0m
[0;34m[1784838312.836] [22591:22593] [IN] SecureSession[0x7f484c009cd0]: Allocated Type:2 LSID:27227[0m
[0;32m[1784838312.836] [22591:22593] [SC] Initiating session on local FabricIndex 1 from 0x000000000001B669 -> 0x0000000000000001[0m
[0;32m[1784838312.837] [22591:22593] [EM] <<< [E:61039i S:0 M:26169768] (U) Msg TX from FAD9C22ECF4B65B8 to 0:0000000000000000 [0000] [UDP:[fe80::bfe:a203:38f0:bce7%enp0s3]:5540] --- Type 0000:30 (SecureChannel:CASE_Sigma1) (B:196)[0m
[0;32m[1784838312.837] [22591:22593] [EM] ??1 [E:61039i S:0 M:26169768] (U) Msg Retransmission to 0:0000000000000000 scheduled for 681ms from now [State:Idle II:500 AI:300 AT:4000][0m
[0;32m[1784838312.837] [22591:22593] [SC] Sent Sigma1 msg to <0000000000000001, 1> [II:500ms AI:300ms AT:4000ms][0m
[0;34m[1784838312.837] [22591:22593] [DIS] OperationalSessionSetup[1:0000000000000001]: State change 3 --> 4[0m
[0;32m[1784838312.838] [22591:22593] [EM] >>> [E:61039i S:0 M:184330667 (Ack:26169768)] (U) Msg RX from 0:0000000000000000 [0000] to FAD9C22ECF4B65B8 --- Type 0000:31 (SecureChannel:CASE_Sigma2) (B:751)[0m
[0;34m[1784838312.838] [22591:22593] [EM] Found matching exchange: 61039i, Delegate: 0x7f484c00b8e8[0m
[0;34m[1784838312.838] [22591:22593] [EM] Rxd Ack; Removing MessageCounter:26169768 from Retrans Table on exchange 61039i[0m
[0;32m[1784838312.838] [22591:22593] [SC] Received Sigma2 msg[0m
[0;34m[1784838312.838] [22591:22593] [SC] Found MRP parameters in the message[0m
[0;34m[1784838312.839] [22591:22593] [SC] Peer <0000000000000001, 1> assigned session ID 12372[0m
[0;34m[1784838312.839] [22591:22593] [SC] Sending Sigma3[0m
[0;32m[1784838312.839] [22591:22593] [EM] <<< [E:61039i S:0 M:26169769 (Ack:184330667)] (U) Msg TX from FAD9C22ECF4B65B8 to 0:0000000000000000 [0000] [UDP:[fe80::bfe:a203:38f0:bce7%enp0s3]:5540] --- Type 0000:32 (SecureChannel:CASE_Sigma3) (B:598)[0m
[0;32m[1784838312.839] [22591:22593] [EM] ??1 [E:61039i S:0 M:26169769] (U) Msg Retransmission to 0:0000000000000000 scheduled for 346ms from now [State:Active II:500 AI:300 AT:4000][0m
[0;32m[1784838312.839] [22591:22593] [SC] Sent Sigma3 msg[0m
[0;32m[1784838312.849] [22591:22593] [EM] >>> [E:61039i S:0 M:184330668 (Ack:26169769)] (U) Msg RX from 0:0000000000000000 [0000] to FAD9C22ECF4B65B8 --- Type 0000:40 (SecureChannel:StatusReport) (B:34)[0m
[0;34m[1784838312.849] [22591:22593] [EM] Found matching exchange: 61039i, Delegate: 0x7f484c00b8e8[0m
[0;34m[1784838312.849] [22591:22593] [EM] Rxd Ack; Removing MessageCounter:26169769 from Retrans Table on exchange 61039i[0m
[0;32m[1784838312.849] [22591:22593] [SC] Success status report received. Session was established[0m
[0;32m[1784838312.850] [22591:22593] [SC] SecureSession[0x7f484c009cd0, LSID:27227]: State change 'kEstablishing' --> 'kActive'[0m
[0;34m[1784838312.850] [22591:22593] [IN] SecureSession[0x7f484c009cd0]: Activated - Type:2 LSID:27227[0m
[0;34m[1784838312.850] [22591:22593] [IN] New secure session activated for device <0000000000000001, 1>, LSID:27227 PSID:12372![0m
[0;34m[1784838312.850] [22591:22593] [DIS] OperationalSessionSetup[1:0000000000000001]: State change 4 --> 5[0m
[0;32m[1784838312.850] [22591:22593] [TOO] Sending ReadAttribute to:[0m
[0;32m[1784838312.851] [22591:22593] [TOO] 	cluster 0x0000_0038, attribute: 0x0000_0000, endpoint 0[0m
[0;34m[1784838312.851] [22591:22593] [DMG] SendReadRequest ReadClient[0x7f484c00eef0]: Sending Read Request[0m
[0;32m[1784838312.851] [22591:22593] [DMG] 0 data version filters provided, 0 not relevant, 0 encoded, 0 skipped due to lack of space[0m
[0;32m[1784838312.851] [22591:22593] [EM] <<< [E:61040i S:27227 M:238415752] (S) Msg TX from 000000000001B669 to 1:0000000000000001 [F676] [UDP:[fe80::bfe:a203:38f0:bce7%enp0s3]:5540] --- Type 0001:02 (IM:ReadRequest) (B:51)[0m
[0;32m[1784838312.851] [22591:22593] [EM] ??1 [E:61040i S:27227 M:238415752] (S) Msg Retransmission to 1:0000000000000001 scheduled for 360ms from now [State:Active II:500 AI:300 AT:4000][0m
[0;34m[1784838312.851] [22591:22593] [DMG] MoveToState ReadClient[0x7f484c00eef0]: Moving to [AwaitingIn][0m
[0;32m[1784838312.851] [22591:22593] [EM] <<< [E:61039i S:0 M:26169770 (Ack:184330668)] (U) Msg TX from FAD9C22ECF4B65B8 to 0:0000000000000000 [0000] [UDP:[fe80::bfe:a203:38f0:bce7%enp0s3]:5540] --- Type 0000:10 (SecureChannel:StandaloneAck) (B:26)[0m
[0;34m[1784838312.851] [22591:22593] [EM] Flushed pending ack for MessageCounter:184330668 on exchange 61039i[0m
[0;32m[1784838312.851] [22591:22593] [EM] >>> [E:61040i S:27227 M:174581387 (Ack:238415752)] (S) Msg RX from 1:0000000000000001 [F676] to 000000000001B669 --- Type 0001:05 (IM:ReportData) (B:77)[0m
[0;34m[1784838312.851] [22591:22593] [EM] Found matching exchange: 61040i, Delegate: 0x7f484c00ef00[0m
[0;34m[1784838312.851] [22591:22593] [EM] Rxd Ack; Removing MessageCounter:238415752 from Retrans Table on exchange 61040i[0m
[0;34m[1784838312.851] [22591:22593] [DMG] ReportDataMessage =[0m
[0;34m[1784838312.851] [22591:22593] [DMG] {[0m
[0;34m[1784838312.851] [22591:22593] [DMG] 	AttributeReportIBs =[0m
[0;34m[1784838312.851] [22591:22593] [DMG] 	[[0m
[0;34m[1784838312.851] [22591:22593] [DMG] 		AttributeReportIB =[0m
[0;34m[1784838312.851] [22591:22593] [DMG] 		{[0m
[0;34m[1784838312.851] [22591:22593] [DMG] 			AttributeDataIB =[0m
[0;34m[1784838312.852] [22591:22593] [DMG] 			{[0m
[0;34m[1784838312.852] [22591:22593] [DMG] 				DataVersion = 0xd05a0362,[0m
[0;34m[1784838312.852] [22591:22593] [DMG] 				AttributePathIB =[0m
[0;34m[1784838312.852] [22591:22593] [DMG] 				{[0m
[0;34m[1784838312.852] [22591:22593] [DMG] 					Endpoint = 0x0,[0m
[0;34m[1784838312.852] [22591:22593] [DMG] 					Cluster = 0x38,[0m
[0;34m[1784838312.852] [22591:22593] [DMG] 					Attribute = 0x0000_0000,[0m
[0;34m[1784838312.852] [22591:22593] [DMG] 				}[0m
[0;34m[1784838312.852] [22591:22593] [DMG] 					[0m
[0;34m[1784838312.852] [22591:22593] [DMG] 				Data = 838153512851595 (unsigned), [0m
[0;34m[1784838312.852] [22591:22593] [DMG] 			},[0m
[0;34m[1784838312.852] [22591:22593] [DMG] 			[0m
[0;34m[1784838312.852] [22591:22593] [DMG] 		},[0m
[0;34m[1784838312.852] [22591:22593] [DMG] 		[0m
[0;34m[1784838312.852] [22591:22593] [DMG] 	],[0m
[0;34m[1784838312.852] [22591:22593] [DMG] 	[0m
[0;34m[1784838312.852] [22591:22593] [DMG] 	SuppressResponse = true, [0m
[0;34m[1784838312.852] [22591:22593] [DMG] 	InteractionModelRevision = 12[0m
[0;34m[1784838312.852] [22591:22593] [DMG] }[0m
[0;32m[1784838312.852] [22591:22593] [TOO] Endpoint: 0 Cluster: 0x0000_0038 Attribute 0x0000_0000 DataVersion: 3495560034[0m
[0;32m[1784838312.852] [22591:22593] [TOO]   UTCTime: 838153512851595[0m
[0;32m[1784838312.852] [22591:22593] [EM] <<< [E:61040i S:27227 M:238415753 (Ack:174581387)] (S) Msg TX from 000000000001B669 to 1:0000000000000001 [F676] [UDP:[fe80::bfe:a203:38f0:bce7%enp0s3]:5540] --- Type 0000:10 (SecureChannel:StandaloneAck) (B:34)[0m
[0;34m[1784838312.852] [22591:22593] [EM] Flushed pending ack for MessageCounter:174581387 on exchange 61040i[0m
[0;34m[1784838312.852] [22591:22591] [CTL] Shutting down the commissioner[0m
[0;32m[1784838312.852] [22591:22591] [PAF] WiFiPAF: Closing all WiFiPAF sessions to shutdown[0m
[0;34m[1784838312.852] [22591:22591] [CTL] Shutting down the controller[0m
[0;34m[1784838312.852] [22591:22591] [IN] Expiring all sessions for fabric 0x1!![0m
[0;34m[1784838312.852] [22591:22591] [IN] SecureSession[0x7f484c009cd0]: MarkForEviction Type:2 LSID:27227[0m
[0;32m[1784838312.852] [22591:22591] [SC] SecureSession[0x7f484c009cd0, LSID:27227]: State change 'kActive' --> 'kPendingEviction'[0m
[0;34m[1784838312.852] [22591:22591] [IN] SecureSession[0x7f484c009cd0]: Released - Type:2 LSID:27227[0m
[0;32m[1784838312.852] [22591:22591] [FP] Forgetting fabric 0x1[0m
[0;32m[1784838312.852] [22591:22591] [TS] Pending Last Known Good Time: 2023-10-14T01:16:48[0m
[0;32m[1784838312.852] [22591:22591] [TS] Previous Last Known Good Time: 2023-10-14T01:16:48[0m
[0;32m[1784838312.852] [22591:22591] [TS] Reverted Last Known Good Time to previous value[0m
[0;34m[1784838312.852] [22591:22591] [CTL] Shutting down the commissioner[0m
[0;32m[1784838312.852] [22591:22591] [PAF] WiFiPAF: Closing all WiFiPAF sessions to shutdown[0m
[0;34m[1784838312.852] [22591:22591] [CTL] Shutting down the controller[0m
[0;34m[1784838312.852] [22591:22591] [CTL] Shutting down the System State, this will teardown the CHIP Stack[0m
[0;34m[1784838312.852] [22591:22591] [DMG] All ReadHandler-s are clean, clear GlobalDirtySet[0m
[0;32m[1784838312.852] [22591:22591] [FP] Shutting down FabricTable[0m
[0;32m[1784838312.852] [22591:22591] [TS] Pending Last Known Good Time: 2023-10-14T01:16:48[0m
[0;32m[1784838312.852] [22591:22591] [TS] Previous Last Known Good Time: 2023-10-14T01:16:48[0m
[0;32m[1784838312.852] [22591:22591] [TS] Reverted Last Known Good Time to previous value[0m
[0;34m[1784838312.854] [22591:22591] [DL] Wrote settings to /tmp/chip_counters.ini[0m
[0;32m[1784838312.854] [22591:22591] [DL] NVS set: chip-counters/total-operational-hours = 0 (0x0)[0m
[0;32m[1784838312.854] [22591:22591] [DL] Inet Layer shutdown[0m
[0;32m[1784838312.854] [22591:22591] [DL] BLE Layer shutdown[0m
[0;32m[1784838312.854] [22591:22591] [DL] WiFi-PAF Layer shutdown[0m
[0;32m[1784838312.854] [22591:22591] [PAF] WiFiPAF: Closing all WiFiPAF sessions to shutdown[0m
[0;32m[1784838312.854] [22591:22591] [DL] System Layer shutdown[0m
