[0;34m[2524608000.512] [11626:11626] [DL] ChipLinuxStorage::Init: Using KVS config file: /tmp/chip_tool_kvs[0m
[1;31m[2524608000.512] [11626:11626] [DL] ChipLinuxStorage::Init: Attempt to re-initialize with KVS config file: /tmp/chip_kvs, IGNORING.[0m
[0;34m[2524608000.513] [11626:11626] [DL] ChipLinuxStorage::Init: Using KVS config file: /tmp/chip_factory.ini[0m
[0;34m[2524608000.513] [11626:11626] [DL] ChipLinuxStorage::Init: Using KVS config file: /tmp/chip_config.ini[0m
[0;34m[2524608000.513] [11626:11626] [DL] ChipLinuxStorage::Init: Using KVS config file: /tmp/chip_counters.ini[0m
[0;34m[2524608000.518] [11626:11626] [DL] Wrote settings to /tmp/chip_counters.ini[0m
[0;32m[2524608000.518] [11626:11626] [DL] NVS set: chip-counters/reboot-count = 5 (0x5)[0m
[0;32m[2524608000.518] [11626:11626] [DL] Got Ethernet interface: enp0s3[0m
[0;32m[2524608000.518] [11626:11626] [DL] Found the primary Ethernet interface:enp0s3[0m
[1;31m[2524608000.518] [11626:11626] [DL] Failed to get WiFi interface[0m
[1;31m[2524608000.518] [11626:11626] [DL] Failed to reset WiFi statistic counts[0m
[0;32m[2524608000.518] [11626:11626] [PAF] WiFiPAF: WiFiPAFLayer::Init()[0m
[0;34m[2524608000.518] [11626:11626] [IN] UDP::Init bind&listen port=0[0m
[0;34m[2524608000.518] [11626:11626] [IN] UDP::Init bound to port=39544[0m
[0;34m[2524608000.518] [11626:11626] [IN] UDP::Init bind&listen port=0[0m
[0;34m[2524608000.518] [11626:11626] [IN] UDP::Init bound to port=38547[0m
[0;34m[2524608000.518] [11626:11626] [IN] BLEBase::Init - setting/overriding transport[0m
[0;34m[2524608000.518] [11626:11626] [IN] WiFiPAFBase::Init - setting/overriding transport[0m
[0;34m[2524608000.518] [11626:11626] [IN] TransportMgr initialized[0m
[0;34m[2524608000.518] [11626:11626] [FP] Initializing FabricTable from persistent storage[0m
[0;32m[2524608000.518] [11626:11626] [TS] Last Known Good Time: 2023-10-14T01:16:48[0m
[0;32m[2524608000.519] [11626:11626] [FP] Fabric index 0x1 was retrieved from storage. Compressed FabricId 0xCAA36B1D13F7A822, FabricId 0x0000000000000001, NodeId 0x000000000001B669, VendorId 0xFFF1[0m
[0;32m[2524608000.521] [11626:11626] [DMG] Ember attribute persistence requires setting up[0m
[0;32m[2524608000.521] [11626:11626] [ZCL] Using ZAP configuration...[0m
[0;34m[2524608000.521] [11626:11626] [CTL] System State Initialized...[0m
[0;32m[2524608000.521] [11626:11626] [CTL] Setting attestation nonce to random value[0m
[0;32m[2524608000.521] [11626:11626] [CTL] Setting CSR nonce to random value[0m
[0;34m[2524608000.521] [11626:11646] [DL] CHIP task running[0m
[0;32m[2524608000.521] [11626:11646] [CTL] Setting attestation nonce to random value[0m
[0;32m[2524608000.521] [11626:11646] [CTL] Setting CSR nonce to random value[0m
[0;32m[2524608000.521] [11626:11646] [CTL] Generating NOC[0m
[0;32m[2524608000.521] [11626:11646] [FP] Validating NOC chain[0m
[0;32m[2524608000.522] [11626:11646] [FP] NOC chain validation successful[0m
[0;32m[2524608000.522] [11626:11646] [FP] Updated fabric at index: 0x1, Node ID: 0x000000000001B669[0m
[0;32m[2524608000.522] [11626:11646] [TS] Last Known Good Time: 2023-10-14T01:16:48[0m
[0;32m[2524608000.522] [11626:11646] [TS] New proposed Last Known Good Time: 2021-01-01T00:00:00[0m
[0;32m[2524608000.522] [11626:11646] [TS] Retaining current Last Known Good Time[0m
[0;32m[2524608000.523] [11626:11646] [FP] Metadata for Fabric 0x1 persisted to storage.[0m
[0;32m[2524608000.523] [11626:11646] [TS] Committing Last Known Good Time to storage: 2023-10-14T01:16:48[0m
[0;32m[2524608000.525] [11626:11646] [CTL] Joined the fabric at index 1. Fabric ID is 0x0000000000000001 (Compressed Fabric ID: CAA36B1D13F7A822)[0m
[0;32m[2524608000.530] [11626:11646] [TOO] Sending command to node 0x1[0m
[0;34m[2524608000.530] [11626:11646] [CSM] FindOrEstablishSession: PeerId = [1:0000000000000001][0m
[0;34m[2524608000.530] [11626:11646] [CSM] FindOrEstablishSession: No existing OperationalSessionSetup instance found[0m
[0;34m[2524608000.530] [11626:11646] [DIS] OperationalSessionSetup[1:0000000000000001]: State change 1 --> 2[0m
[0;32m[2524608000.531] [11626:11646] [DIS] Lookup started for CAA36B1D13F7A822-0000000000000001[0m
[0;32m[2524608000.531] [11626:11646] [DIS] UDP:[fe80::bfe:a203:38f0:bce7%enp0s3]:5540: new best score: 7 (for CAA36B1D13F7A822-0000000000000001)[0m
[0;34m[2524608000.531] [11626:11646] [DIS] Lookup clearing interface for non LL address[0m
[0;32m[2524608000.531] [11626:11646] [DIS] UDP:10.0.2.15%enp0s3:5540: new best score: 2 (for CAA36B1D13F7A822-0000000000000001)[0m
[0;32m[2524608000.531] [11626:11646] [DIS] Checking node lookup status for CAA36B1D13F7A822-0000000000000001 after 1 ms[0m
[0;32m[2524608000.531] [11626:11646] [DIS] Keeping DNSSD lookup active[0m
[0;32m[2524608000.531] [11626:11646] [DIS] UDP:[fe80::bfe:a203:38f0:bce7%enp0s3]:5540: score has not improved: 7 (for CAA36B1D13F7A822-0000000000000001)[0m
[0;34m[2524608000.531] [11626:11646] [DIS] Lookup clearing interface for non LL address[0m
[0;32m[2524608000.531] [11626:11646] [DIS] UDP:10.0.2.15%enp0s3:5540: score has not improved: 2 (for CAA36B1D13F7A822-0000000000000001)[0m
[0;32m[2524608000.531] [11626:11646] [DIS] Checking node lookup status for CAA36B1D13F7A822-0000000000000001 after 1 ms[0m
[0;32m[2524608000.531] [11626:11646] [DIS] Keeping DNSSD lookup active[0m
[0;32m[2524608000.743] [11626:11646] [DIS] Checking node lookup status for CAA36B1D13F7A822-0000000000000001 after 213 ms[0m
[0;34m[2524608000.743] [11626:11646] [DIS] OperationalSessionSetup[1:0000000000000001]: Updating device address to UDP:[fe80::bfe:a203:38f0:bce7%enp0s3]:5540 while in state 2[0m
[0;34m[2524608000.743] [11626:11646] [DIS] OperationalSessionSetup[1:0000000000000001]: State change 2 --> 3[0m
[0;34m[2524608000.743] [11626:11646] [IN] SecureSession[0x7ed66800c1f0]: Allocated Type:2 LSID:20703[0m
[0;32m[2524608000.743] [11626:11646] [SC] Initiating session on local FabricIndex 1 from 0x000000000001B669 -> 0x0000000000000001[0m
[0;32m[2524608000.744] [11626:11646] [EM] <<< [E:34387i S:0 M:136205416] (U) Msg TX from 562BCF1DFC9D0DAF to 0:0000000000000000 [0000] [UDP:[fe80::bfe:a203:38f0:bce7%enp0s3]:5540] --- Type 0000:30 (SecureChannel:CASE_Sigma1) (B:196)[0m
[0;32m[2524608000.745] [11626:11646] [EM] ??1 [E:34387i S:0 M:136205416] (U) Msg Retransmission to 0:0000000000000000 scheduled for 584ms from now [State:Idle II:500 AI:300 AT:4000][0m
[0;32m[2524608000.745] [11626:11646] [SC] Sent Sigma1 msg to <0000000000000001, 1> [II:500ms AI:300ms AT:4000ms][0m
[0;34m[2524608000.745] [11626:11646] [DIS] OperationalSessionSetup[1:0000000000000001]: State change 3 --> 4[0m
[0;32m[2524608000.746] [11626:11646] [EM] >>> [E:34387i S:0 M:242475805 (Ack:136205416)] (U) Msg RX from 0:0000000000000000 [0000] to 562BCF1DFC9D0DAF --- Type 0000:31 (SecureChannel:CASE_Sigma2) (B:751)[0m
[0;34m[2524608000.746] [11626:11646] [EM] Found matching exchange: 34387i, Delegate: 0x7ed66800bf28[0m
[0;34m[2524608000.746] [11626:11646] [EM] Rxd Ack; Removing MessageCounter:136205416 from Retrans Table on exchange 34387i[0m
[0;32m[2524608000.746] [11626:11646] [SC] Received Sigma2 msg[0m
[0;34m[2524608000.746] [11626:11646] [SC] Found MRP parameters in the message[0m
[0;34m[2524608000.746] [11626:11646] [SC] Certificate's mNotAfterTime (978134400) is before current time (1577923200)[0m
[0;34m[2524608000.746] [11626:11646] [SC] Sending status report. Protocol code 2, exchange 34387[0m
[0;32m[2524608000.746] [11626:11646] [EM] <<< [E:34387i S:0 M:136205417 (Ack:242475805)] (U) Msg TX from 562BCF1DFC9D0DAF to 0:0000000000000000 [0000] [UDP:[fe80::bfe:a203:38f0:bce7%enp0s3]:5540] --- Type 0000:40 (SecureChannel:StatusReport) (B:34)[0m
[0;32m[2524608000.746] [11626:11646] [EM] ??1 [E:34387i S:0 M:136205417] (U) Msg Retransmission to 0:0000000000000000 scheduled for 333ms from now [State:Active II:500 AI:300 AT:4000][0m
[0;34m[2524608000.746] [11626:11646] [IN] SecureSession[0x7ed66800c1f0]: Released - Type:2 LSID:20703[0m
[1;31m[2524608000.746] [11626:11646] [-] src/credentials/CHIPCert.cpp:1481: CHIP Error 0x0000004E: Certificate expired at examples/chip-tool/commands/clusters/ModelCommand.cpp:67[0m
[0;32m[2524608000.747] [11626:11646] [EM] >>> [E:34387i S:0 M:242475806 (Ack:136205417)] (U) Msg RX from 0:0000000000000000 [0000] to 562BCF1DFC9D0DAF --- Type 0000:10 (SecureChannel:StandaloneAck) (B:26)[0m
[0;34m[2524608000.747] [11626:11646] [EM] Found matching exchange: 34387i, Delegate: (nil)[0m
[0;34m[2524608000.747] [11626:11646] [EM] Rxd Ack; Removing MessageCounter:136205417 from Retrans Table on exchange 34387i[0m
[0;34m[2524608000.747] [11626:11626] [CTL] Shutting down the commissioner[0m
[0;32m[2524608000.747] [11626:11626] [PAF] WiFiPAF: Closing all WiFiPAF sessions to shutdown[0m
[0;34m[2524608000.747] [11626:11626] [CTL] Shutting down the controller[0m
[0;34m[2524608000.747] [11626:11626] [IN] Expiring all sessions for fabric 0x1!![0m
[0;32m[2524608000.747] [11626:11626] [FP] Forgetting fabric 0x1[0m
[0;32m[2524608000.747] [11626:11626] [TS] Pending Last Known Good Time: 2023-10-14T01:16:48[0m
[0;32m[2524608000.747] [11626:11626] [TS] Previous Last Known Good Time: 2023-10-14T01:16:48[0m
[0;32m[2524608000.747] [11626:11626] [TS] Reverted Last Known Good Time to previous value[0m
[0;34m[2524608000.747] [11626:11626] [CTL] Shutting down the commissioner[0m
[0;32m[2524608000.747] [11626:11626] [PAF] WiFiPAF: Closing all WiFiPAF sessions to shutdown[0m
[0;34m[2524608000.747] [11626:11626] [CTL] Shutting down the controller[0m
[0;34m[2524608000.747] [11626:11626] [CTL] Shutting down the System State, this will teardown the CHIP Stack[0m
[0;34m[2524608000.747] [11626:11626] [DMG] All ReadHandler-s are clean, clear GlobalDirtySet[0m
[0;32m[2524608000.747] [11626:11626] [FP] Shutting down FabricTable[0m
[0;32m[2524608000.747] [11626:11626] [TS] Pending Last Known Good Time: 2023-10-14T01:16:48[0m
[0;32m[2524608000.747] [11626:11626] [TS] Previous Last Known Good Time: 2023-10-14T01:16:48[0m
[0;32m[2524608000.747] [11626:11626] [TS] Reverted Last Known Good Time to previous value[0m
[0;34m[2524608000.750] [11626:11626] [DL] Wrote settings to /tmp/chip_counters.ini[0m
[0;32m[2524608000.750] [11626:11626] [DL] NVS set: chip-counters/total-operational-hours = 0 (0x0)[0m
[0;32m[2524608000.750] [11626:11626] [DL] Inet Layer shutdown[0m
[0;32m[2524608000.750] [11626:11626] [DL] BLE Layer shutdown[0m
[0;32m[2524608000.750] [11626:11626] [DL] WiFi-PAF Layer shutdown[0m
[0;32m[2524608000.750] [11626:11626] [PAF] WiFiPAF: Closing all WiFiPAF sessions to shutdown[0m
[0;32m[2524608000.750] [11626:11626] [DL] System Layer shutdown[0m
[1;31m[2524608000.750] [11626:11626] [TOO] Run command failure: src/credentials/CHIPCert.cpp:1481: CHIP Error 0x0000004E: Certificate expired[0m
