[0;34m[1784833777.651] [11569:11569] [DL] ChipLinuxStorage::Init: Using KVS config file: /tmp/chip_tool_kvs[0m
[1;31m[1784833777.652] [11569:11569] [DL] ChipLinuxStorage::Init: Attempt to re-initialize with KVS config file: /tmp/chip_kvs, IGNORING.[0m
[0;34m[1784833777.653] [11569:11569] [DL] ChipLinuxStorage::Init: Using KVS config file: /tmp/chip_factory.ini[0m
[0;34m[1784833777.653] [11569:11569] [DL] ChipLinuxStorage::Init: Using KVS config file: /tmp/chip_config.ini[0m
[0;34m[1784833777.653] [11569:11569] [DL] ChipLinuxStorage::Init: Using KVS config file: /tmp/chip_counters.ini[0m
[0;34m[1784833777.655] [11569:11569] [DL] Wrote settings to /tmp/chip_counters.ini[0m
[0;32m[1784833777.655] [11569:11569] [DL] NVS set: chip-counters/reboot-count = 3 (0x3)[0m
[0;32m[1784833777.655] [11569:11569] [DL] Got Ethernet interface: enp0s3[0m
[0;32m[1784833777.655] [11569:11569] [DL] Found the primary Ethernet interface:enp0s3[0m
[1;31m[1784833777.656] [11569:11569] [DL] Failed to get WiFi interface[0m
[1;31m[1784833777.656] [11569:11569] [DL] Failed to reset WiFi statistic counts[0m
[0;32m[1784833777.656] [11569:11569] [PAF] WiFiPAF: WiFiPAFLayer::Init()[0m
[0;34m[1784833777.656] [11569:11569] [IN] UDP::Init bind&listen port=0[0m
[0;34m[1784833777.656] [11569:11569] [IN] UDP::Init bound to port=40355[0m
[0;34m[1784833777.656] [11569:11569] [IN] UDP::Init bind&listen port=0[0m
[0;34m[1784833777.656] [11569:11569] [IN] UDP::Init bound to port=60619[0m
[0;34m[1784833777.656] [11569:11569] [IN] BLEBase::Init - setting/overriding transport[0m
[0;34m[1784833777.656] [11569:11569] [IN] WiFiPAFBase::Init - setting/overriding transport[0m
[0;34m[1784833777.656] [11569:11569] [IN] TransportMgr initialized[0m
[0;34m[1784833777.656] [11569:11569] [FP] Initializing FabricTable from persistent storage[0m
[0;32m[1784833777.656] [11569:11569] [TS] Last Known Good Time: 2023-10-14T01:16:48[0m
[0;32m[1784833777.656] [11569:11569] [FP] Fabric index 0x1 was retrieved from storage. Compressed FabricId 0xCAA36B1D13F7A822, FabricId 0x0000000000000001, NodeId 0x000000000001B669, VendorId 0xFFF1[0m
[0;32m[1784833777.657] [11569:11569] [DMG] Ember attribute persistence requires setting up[0m
[0;32m[1784833777.657] [11569:11569] [ZCL] Using ZAP configuration...[0m
[0;34m[1784833777.657] [11569:11569] [CTL] System State Initialized...[0m
[0;32m[1784833777.657] [11569:11569] [CTL] Setting attestation nonce to random value[0m
[0;32m[1784833777.657] [11569:11569] [CTL] Setting CSR nonce to random value[0m
[0;34m[1784833777.658] [11569:11571] [DL] CHIP task running[0m
[0;32m[1784833777.659] [11569:11571] [CTL] Setting attestation nonce to random value[0m
[0;32m[1784833777.659] [11569:11571] [CTL] Setting CSR nonce to random value[0m
[0;32m[1784833777.659] [11569:11571] [CTL] Generating NOC[0m
[0;32m[1784833777.659] [11569:11571] [FP] Validating NOC chain[0m
[0;32m[1784833777.660] [11569:11571] [FP] NOC chain validation successful[0m
[0;32m[1784833777.660] [11569:11571] [FP] Updated fabric at index: 0x1, Node ID: 0x000000000001B669[0m
[0;32m[1784833777.660] [11569:11571] [TS] Last Known Good Time: 2023-10-14T01:16:48[0m
[0;32m[1784833777.660] [11569:11571] [TS] New proposed Last Known Good Time: 2021-01-01T00:00:00[0m
[0;32m[1784833777.660] [11569:11571] [TS] Retaining current Last Known Good Time[0m
[0;32m[1784833777.661] [11569:11571] [FP] Metadata for Fabric 0x1 persisted to storage.[0m
[0;32m[1784833777.662] [11569:11571] [TS] Committing Last Known Good Time to storage: 2023-10-14T01:16:48[0m
[0;32m[1784833777.663] [11569:11571] [CTL] Joined the fabric at index 1. Fabric ID is 0x0000000000000001 (Compressed Fabric ID: CAA36B1D13F7A822)[0m
[0;32m[1784833777.668] [11569:11571] [TOO] Sending command to node 0x1[0m
[0;34m[1784833777.668] [11569:11571] [CSM] FindOrEstablishSession: PeerId = [1:0000000000000001][0m
[0;34m[1784833777.668] [11569:11571] [CSM] FindOrEstablishSession: No existing OperationalSessionSetup instance found[0m
[0;34m[1784833777.668] [11569:11571] [DIS] OperationalSessionSetup[1:0000000000000001]: State change 1 --> 2[0m
[0;32m[1784833777.669] [11569:11571] [DIS] Lookup started for CAA36B1D13F7A822-0000000000000001[0m
[0;32m[1784833777.669] [11569:11571] [DIS] UDP:[fe80::bfe:a203:38f0:bce7%enp0s3]:5540: new best score: 7 (for CAA36B1D13F7A822-0000000000000001)[0m
[0;34m[1784833777.669] [11569:11571] [DIS] Lookup clearing interface for non LL address[0m
[0;32m[1784833777.669] [11569:11571] [DIS] UDP:10.0.2.15%enp0s3:5540: new best score: 2 (for CAA36B1D13F7A822-0000000000000001)[0m
[0;32m[1784833777.669] [11569:11571] [DIS] Checking node lookup status for CAA36B1D13F7A822-0000000000000001 after 0 ms[0m
[0;32m[1784833777.669] [11569:11571] [DIS] Keeping DNSSD lookup active[0m
[0;32m[1784833777.669] [11569:11571] [DIS] UDP:[fe80::bfe:a203:38f0:bce7%enp0s3]:5540: score has not improved: 7 (for CAA36B1D13F7A822-0000000000000001)[0m
[0;34m[1784833777.669] [11569:11571] [DIS] Lookup clearing interface for non LL address[0m
[0;32m[1784833777.669] [11569:11571] [DIS] UDP:10.0.2.15%enp0s3:5540: score has not improved: 2 (for CAA36B1D13F7A822-0000000000000001)[0m
[0;32m[1784833777.669] [11569:11571] [DIS] Checking node lookup status for CAA36B1D13F7A822-0000000000000001 after 0 ms[0m
[0;32m[1784833777.669] [11569:11571] [DIS] Keeping DNSSD lookup active[0m
[0;32m[1784833777.869] [11569:11571] [DIS] Checking node lookup status for CAA36B1D13F7A822-0000000000000001 after 201 ms[0m
[0;34m[1784833777.869] [11569:11571] [DIS] OperationalSessionSetup[1:0000000000000001]: Updating device address to UDP:[fe80::bfe:a203:38f0:bce7%enp0s3]:5540 while in state 2[0m
[0;34m[1784833777.869] [11569:11571] [DIS] OperationalSessionSetup[1:0000000000000001]: State change 2 --> 3[0m
[0;34m[1784833777.869] [11569:11571] [IN] SecureSession[0x75aed8009cd0]: Allocated Type:2 LSID:51139[0m
[0;32m[1784833777.869] [11569:11571] [SC] Initiating session on local FabricIndex 1 from 0x000000000001B669 -> 0x0000000000000001[0m
[0;32m[1784833777.869] [11569:11571] [EM] <<< [E:22243i S:0 M:20417826] (U) Msg TX from FFD8F4CA4EC69E81 to 0:0000000000000000 [0000] [UDP:[fe80::bfe:a203:38f0:bce7%enp0s3]:5540] --- Type 0000:30 (SecureChannel:CASE_Sigma1) (B:196)[0m
[0;32m[1784833777.870] [11569:11571] [EM] ??1 [E:22243i S:0 M:20417826] (U) Msg Retransmission to 0:0000000000000000 scheduled for 605ms from now [State:Idle II:500 AI:300 AT:4000][0m
[0;32m[1784833777.870] [11569:11571] [SC] Sent Sigma1 msg to <0000000000000001, 1> [II:500ms AI:300ms AT:4000ms][0m
[0;34m[1784833777.870] [11569:11571] [DIS] OperationalSessionSetup[1:0000000000000001]: State change 3 --> 4[0m
[0;32m[1784833777.871] [11569:11571] [EM] >>> [E:22243i S:0 M:242475801 (Ack:20417826)] (U) Msg RX from 0:0000000000000000 [0000] to FFD8F4CA4EC69E81 --- Type 0000:31 (SecureChannel:CASE_Sigma2) (B:751)[0m
[0;34m[1784833777.871] [11569:11571] [EM] Found matching exchange: 22243i, Delegate: 0x75aed800b8e8[0m
[0;34m[1784833777.871] [11569:11571] [EM] Rxd Ack; Removing MessageCounter:20417826 from Retrans Table on exchange 22243i[0m
[0;32m[1784833777.871] [11569:11571] [SC] Received Sigma2 msg[0m
[0;34m[1784833777.871] [11569:11571] [SC] Found MRP parameters in the message[0m
[0;34m[1784833777.872] [11569:11571] [SC] Peer <0000000000000001, 1> assigned session ID 1990[0m
[0;34m[1784833777.872] [11569:11571] [SC] Sending Sigma3[0m
[0;32m[1784833777.872] [11569:11571] [EM] <<< [E:22243i S:0 M:20417827 (Ack:242475801)] (U) Msg TX from FFD8F4CA4EC69E81 to 0:0000000000000000 [0000] [UDP:[fe80::bfe:a203:38f0:bce7%enp0s3]:5540] --- Type 0000:32 (SecureChannel:CASE_Sigma3) (B:598)[0m
[0;32m[1784833777.872] [11569:11571] [EM] ??1 [E:22243i S:0 M:20417827] (U) Msg Retransmission to 0:0000000000000000 scheduled for 386ms from now [State:Active II:500 AI:300 AT:4000][0m
[0;32m[1784833777.872] [11569:11571] [SC] Sent Sigma3 msg[0m
[0;32m[1784833777.883] [11569:11571] [EM] >>> [E:22243i S:0 M:242475802 (Ack:20417827)] (U) Msg RX from 0:0000000000000000 [0000] to FFD8F4CA4EC69E81 --- Type 0000:40 (SecureChannel:StatusReport) (B:34)[0m
[0;34m[1784833777.883] [11569:11571] [EM] Found matching exchange: 22243i, Delegate: 0x75aed800b8e8[0m
[0;34m[1784833777.883] [11569:11571] [EM] Rxd Ack; Removing MessageCounter:20417827 from Retrans Table on exchange 22243i[0m
[0;32m[1784833777.883] [11569:11571] [SC] Success status report received. Session was established[0m
[0;32m[1784833777.885] [11569:11571] [SC] SecureSession[0x75aed8009cd0, LSID:51139]: State change 'kEstablishing' --> 'kActive'[0m
[0;34m[1784833777.885] [11569:11571] [IN] SecureSession[0x75aed8009cd0]: Activated - Type:2 LSID:51139[0m
[0;34m[1784833777.885] [11569:11571] [IN] New secure session activated for device <0000000000000001, 1>, LSID:51139 PSID:1990![0m
[0;34m[1784833777.885] [11569:11571] [DIS] OperationalSessionSetup[1:0000000000000001]: State change 4 --> 5[0m
[0;32m[1784833777.885] [11569:11571] [TOO] Sending cluster (0x00000038) command (0x00000000) on endpoint 0[0m
[0;34m[1784833777.885] [11569:11571] [DMG] ICR moving to [AddingComm][0m
[0;34m[1784833777.885] [11569:11571] [DMG] ICR moving to [AddedComma][0m
[0;32m[1784833777.885] [11569:11571] [EM] <<< [E:22244i S:51139 M:2732092] (S) Msg TX from 000000000001B669 to 1:0000000000000001 [A822] [UDP:[fe80::bfe:a203:38f0:bce7%enp0s3]:5540] --- Type 0001:08 (IM:InvokeCommandRequest) (B:72)[0m
[0;32m[1784833777.885] [11569:11571] [EM] ??1 [E:22244i S:51139 M:2732092] (S) Msg Retransmission to 1:0000000000000001 scheduled for 371ms from now [State:Active II:500 AI:300 AT:4000][0m
[0;34m[1784833777.885] [11569:11571] [DMG] ICR moving to [AwaitingRe][0m
[0;32m[1784833777.885] [11569:11571] [EM] <<< [E:22243i S:0 M:20417828 (Ack:242475802)] (U) Msg TX from FFD8F4CA4EC69E81 to 0:0000000000000000 [0000] [UDP:[fe80::bfe:a203:38f0:bce7%enp0s3]:5540] --- Type 0000:10 (SecureChannel:StandaloneAck) (B:26)[0m
[0;34m[1784833777.885] [11569:11571] [EM] Flushed pending ack for MessageCounter:242475802 on exchange 22243i[0m
[0;34m[2524608000.001] [11569:11569] [CTL] Shutting down the commissioner[0m
[0;32m[2524608000.001] [11569:11569] [PAF] WiFiPAF: Closing all WiFiPAF sessions to shutdown[0m
[0;34m[2524608000.001] [11569:11569] [CTL] Shutting down the controller[0m
[0;34m[2524608000.001] [11569:11569] [IN] Expiring all sessions for fabric 0x1!![0m
[0;34m[2524608000.001] [11569:11569] [IN] SecureSession[0x75aed8009cd0]: MarkForEviction Type:2 LSID:51139[0m
[0;32m[2524608000.001] [11569:11569] [SC] SecureSession[0x75aed8009cd0, LSID:51139]: State change 'kActive' --> 'kPendingEviction'[0m
[0;32m[2524608000.001] [11569:11569] [DMG] Time out! failed to receive invoke command response from Exchange: 22244i[0m
[0;32m[2524608000.001] [11569:11569] [TOO] Error: src/app/CommandSender.cpp:354: CHIP Error 0x00000032: Timeout[0m
[0;34m[2524608000.001] [11569:11569] [DMG] ICR moving to [AwaitingDe][0m
[0;34m[2524608000.001] [11569:11569] [IN] SecureSession[0x75aed8009cd0]: Released - Type:2 LSID:51139[0m
[0;32m[2524608000.001] [11569:11569] [FP] Forgetting fabric 0x1[0m
[0;32m[2524608000.001] [11569:11569] [TS] Pending Last Known Good Time: 2023-10-14T01:16:48[0m
[0;32m[2524608000.001] [11569:11569] [TS] Previous Last Known Good Time: 2023-10-14T01:16:48[0m
[0;32m[2524608000.001] [11569:11569] [TS] Reverted Last Known Good Time to previous value[0m
[0;34m[2524608000.001] [11569:11569] [CTL] Shutting down the commissioner[0m
[0;32m[2524608000.001] [11569:11569] [PAF] WiFiPAF: Closing all WiFiPAF sessions to shutdown[0m
[0;34m[2524608000.001] [11569:11569] [CTL] Shutting down the controller[0m
[0;34m[2524608000.001] [11569:11569] [CTL] Shutting down the System State, this will teardown the CHIP Stack[0m
[0;34m[2524608000.001] [11569:11569] [DMG] All ReadHandler-s are clean, clear GlobalDirtySet[0m
[0;32m[2524608000.001] [11569:11569] [FP] Shutting down FabricTable[0m
[0;32m[2524608000.001] [11569:11569] [TS] Pending Last Known Good Time: 2023-10-14T01:16:48[0m
[0;32m[2524608000.001] [11569:11569] [TS] Previous Last Known Good Time: 2023-10-14T01:16:48[0m
[0;32m[2524608000.001] [11569:11569] [TS] Reverted Last Known Good Time to previous value[0m
[0;34m[2524608000.006] [11569:11569] [DL] Wrote settings to /tmp/chip_counters.ini[0m
[0;32m[2524608000.007] [11569:11569] [DL] NVS set: chip-counters/total-operational-hours = 0 (0x0)[0m
[0;32m[2524608000.007] [11569:11569] [DL] Inet Layer shutdown[0m
[0;32m[2524608000.007] [11569:11569] [DL] BLE Layer shutdown[0m
[0;32m[2524608000.007] [11569:11569] [DL] WiFi-PAF Layer shutdown[0m
[0;32m[2524608000.007] [11569:11569] [PAF] WiFiPAF: Closing all WiFiPAF sessions to shutdown[0m
[0;32m[2524608000.007] [11569:11569] [DL] System Layer shutdown[0m
[1;31m[2524608000.008] [11569:11569] [TOO] Run command failure: examples/chip-tool/commands/common/CHIPCommand.cpp:650: CHIP Error 0x00000032: Timeout[0m
