[0;34m[1784838002.642] [22136:22136] [DL] ChipLinuxStorage::Init: Using KVS config file: /tmp/chip_tool_kvs[0m
[1;31m[1784838002.643] [22136:22136] [DL] ChipLinuxStorage::Init: Attempt to re-initialize with KVS config file: /tmp/chip_kvs, IGNORING.[0m
[0;34m[1784838002.644] [22136:22136] [DL] ChipLinuxStorage::Init: Using KVS config file: /tmp/chip_factory.ini[0m
[0;34m[1784838002.645] [22136:22136] [DL] ChipLinuxStorage::Init: Using KVS config file: /tmp/chip_config.ini[0m
[0;34m[1784838002.645] [22136:22136] [DL] ChipLinuxStorage::Init: Using KVS config file: /tmp/chip_counters.ini[0m
[0;34m[1784838002.647] [22136:22136] [DL] Wrote settings to /tmp/chip_counters.ini[0m
[0;32m[1784838002.648] [22136:22136] [DL] NVS set: chip-counters/reboot-count = 3 (0x3)[0m
[0;32m[1784838002.648] [22136:22136] [DL] Got Ethernet interface: enp0s3[0m
[0;32m[1784838002.648] [22136:22136] [DL] Found the primary Ethernet interface:enp0s3[0m
[1;31m[1784838002.648] [22136:22136] [DL] Failed to get WiFi interface[0m
[1;31m[1784838002.648] [22136:22136] [DL] Failed to reset WiFi statistic counts[0m
[0;32m[1784838002.648] [22136:22136] [PAF] WiFiPAF: WiFiPAFLayer::Init()[0m
[0;34m[1784838002.648] [22136:22136] [IN] UDP::Init bind&listen port=0[0m
[0;34m[1784838002.648] [22136:22136] [IN] UDP::Init bound to port=48512[0m
[0;34m[1784838002.648] [22136:22136] [IN] UDP::Init bind&listen port=0[0m
[0;34m[1784838002.648] [22136:22136] [IN] UDP::Init bound to port=54084[0m
[0;34m[1784838002.648] [22136:22136] [IN] BLEBase::Init - setting/overriding transport[0m
[0;34m[1784838002.648] [22136:22136] [IN] WiFiPAFBase::Init - setting/overriding transport[0m
[0;34m[1784838002.648] [22136:22136] [IN] TransportMgr initialized[0m
[0;34m[1784838002.648] [22136:22136] [FP] Initializing FabricTable from persistent storage[0m
[0;32m[1784838002.648] [22136:22136] [TS] Last Known Good Time: 2023-10-14T01:16:48[0m
[0;32m[1784838002.649] [22136:22136] [FP] Fabric index 0x1 was retrieved from storage. Compressed FabricId 0xF0C02CDF1CA4DD86, FabricId 0x0000000000000001, NodeId 0x000000000001B669, VendorId 0xFFF1[0m
[0;32m[1784838002.649] [22136:22136] [DMG] Ember attribute persistence requires setting up[0m
[0;32m[1784838002.649] [22136:22136] [ZCL] Using ZAP configuration...[0m
[0;34m[1784838002.650] [22136:22136] [CTL] System State Initialized...[0m
[0;32m[1784838002.650] [22136:22136] [CTL] Setting attestation nonce to random value[0m
[0;32m[1784838002.650] [22136:22136] [CTL] Setting CSR nonce to random value[0m
[0;34m[1784838002.650] [22136:22138] [DL] CHIP task running[0m
[0;32m[1784838002.650] [22136:22138] [CTL] Setting attestation nonce to random value[0m
[0;32m[1784838002.650] [22136:22138] [CTL] Setting CSR nonce to random value[0m
[0;32m[1784838002.650] [22136:22138] [CTL] Generating NOC[0m
[0;32m[1784838002.650] [22136:22138] [FP] Validating NOC chain[0m
[0;32m[1784838002.651] [22136:22138] [FP] NOC chain validation successful[0m
[0;32m[1784838002.651] [22136:22138] [FP] Updated fabric at index: 0x1, Node ID: 0x000000000001B669[0m
[0;32m[1784838002.651] [22136:22138] [TS] Last Known Good Time: 2023-10-14T01:16:48[0m
[0;32m[1784838002.651] [22136:22138] [TS] New proposed Last Known Good Time: 2021-01-01T00:00:00[0m
[0;32m[1784838002.651] [22136:22138] [TS] Retaining current Last Known Good Time[0m
[0;32m[1784838002.653] [22136:22138] [FP] Metadata for Fabric 0x1 persisted to storage.[0m
[0;32m[1784838002.653] [22136:22138] [TS] Committing Last Known Good Time to storage: 2023-10-14T01:16:48[0m
[0;32m[1784838002.654] [22136:22138] [CTL] Joined the fabric at index 1. Fabric ID is 0x0000000000000001 (Compressed Fabric ID: F0C02CDF1CA4DD86)[0m
[0;32m[1784838002.659] [22136:22138] [TOO] Sending command to node 0x1[0m
[0;34m[1784838002.659] [22136:22138] [CSM] FindOrEstablishSession: PeerId = [1:0000000000000001][0m
[0;34m[1784838002.659] [22136:22138] [CSM] FindOrEstablishSession: No existing OperationalSessionSetup instance found[0m
[0;34m[1784838002.659] [22136:22138] [DIS] OperationalSessionSetup[1:0000000000000001]: State change 1 --> 2[0m
[0;32m[1784838002.659] [22136:22138] [DIS] Lookup started for F0C02CDF1CA4DD86-0000000000000001[0m
[0;32m[1784838002.660] [22136:22138] [DIS] UDP:[fe80::bfe:a203:38f0:bce7%enp0s3]:5540: new best score: 7 (for F0C02CDF1CA4DD86-0000000000000001)[0m
[0;34m[1784838002.660] [22136:22138] [DIS] Lookup clearing interface for non LL address[0m
[0;32m[1784838002.660] [22136:22138] [DIS] UDP:10.0.2.15%enp0s3:5540: new best score: 2 (for F0C02CDF1CA4DD86-0000000000000001)[0m
[0;32m[1784838002.660] [22136:22138] [DIS] Checking node lookup status for F0C02CDF1CA4DD86-0000000000000001 after 0 ms[0m
[0;32m[1784838002.660] [22136:22138] [DIS] Keeping DNSSD lookup active[0m
[0;32m[1784838002.660] [22136:22138] [DIS] UDP:[fe80::bfe:a203:38f0:bce7%enp0s3]:5540: score has not improved: 7 (for F0C02CDF1CA4DD86-0000000000000001)[0m
[0;34m[1784838002.660] [22136:22138] [DIS] Lookup clearing interface for non LL address[0m
[0;32m[1784838002.660] [22136:22138] [DIS] UDP:10.0.2.15%enp0s3:5540: score has not improved: 2 (for F0C02CDF1CA4DD86-0000000000000001)[0m
[0;32m[1784838002.660] [22136:22138] [DIS] Checking node lookup status for F0C02CDF1CA4DD86-0000000000000001 after 0 ms[0m
[0;32m[1784838002.660] [22136:22138] [DIS] Keeping DNSSD lookup active[0m
[0;32m[1784838002.862] [22136:22138] [DIS] Checking node lookup status for F0C02CDF1CA4DD86-0000000000000001 after 202 ms[0m
[0;34m[1784838002.862] [22136:22138] [DIS] OperationalSessionSetup[1:0000000000000001]: Updating device address to UDP:[fe80::bfe:a203:38f0:bce7%enp0s3]:5540 while in state 2[0m
[0;34m[1784838002.862] [22136:22138] [DIS] OperationalSessionSetup[1:0000000000000001]: State change 2 --> 3[0m
[0;34m[1784838002.862] [22136:22138] [IN] SecureSession[0x735f20009cd0]: Allocated Type:2 LSID:29291[0m
[0;32m[1784838002.862] [22136:22138] [SC] Initiating session on local FabricIndex 1 from 0x000000000001B669 -> 0x0000000000000001[0m
[0;32m[1784838002.862] [22136:22138] [EM] <<< [E:28953i S:0 M:97372916] (U) Msg TX from 3E9347507302DC89 to 0:0000000000000000 [0000] [UDP:[fe80::bfe:a203:38f0:bce7%enp0s3]:5540] --- Type 0000:30 (SecureChannel:CASE_Sigma1) (B:196)[0m
[0;32m[1784838002.862] [22136:22138] [EM] ??1 [E:28953i S:0 M:97372916] (U) Msg Retransmission to 0:0000000000000000 scheduled for 633ms from now [State:Idle II:500 AI:300 AT:4000][0m
[0;32m[1784838002.862] [22136:22138] [SC] Sent Sigma1 msg to <0000000000000001, 1> [II:500ms AI:300ms AT:4000ms][0m
[0;34m[1784838002.862] [22136:22138] [DIS] OperationalSessionSetup[1:0000000000000001]: State change 3 --> 4[0m
[0;32m[1784838002.863] [22136:22138] [EM] >>> [E:28953i S:0 M:206326735 (Ack:97372916)] (U) Msg RX from 0:0000000000000000 [0000] to 3E9347507302DC89 --- Type 0000:31 (SecureChannel:CASE_Sigma2) (B:751)[0m
[0;34m[1784838002.863] [22136:22138] [EM] Found matching exchange: 28953i, Delegate: 0x735f2000b8e8[0m
[0;34m[1784838002.863] [22136:22138] [EM] Rxd Ack; Removing MessageCounter:97372916 from Retrans Table on exchange 28953i[0m
[0;32m[1784838002.863] [22136:22138] [SC] Received Sigma2 msg[0m
[0;34m[1784838002.863] [22136:22138] [SC] Found MRP parameters in the message[0m
[0;34m[1784838002.864] [22136:22138] [SC] Peer <0000000000000001, 1> assigned session ID 21089[0m
[0;34m[1784838002.864] [22136:22138] [SC] Sending Sigma3[0m
[0;32m[1784838002.865] [22136:22138] [EM] <<< [E:28953i S:0 M:97372917 (Ack:206326735)] (U) Msg TX from 3E9347507302DC89 to 0:0000000000000000 [0000] [UDP:[fe80::bfe:a203:38f0:bce7%enp0s3]:5540] --- Type 0000:32 (SecureChannel:CASE_Sigma3) (B:598)[0m
[0;32m[1784838002.865] [22136:22138] [EM] ??1 [E:28953i S:0 M:97372917] (U) Msg Retransmission to 0:0000000000000000 scheduled for 343ms from now [State:Active II:500 AI:300 AT:4000][0m
[0;32m[1784838002.865] [22136:22138] [SC] Sent Sigma3 msg[0m
[0;32m[1784838002.875] [22136:22138] [EM] >>> [E:28953i S:0 M:206326736 (Ack:97372917)] (U) Msg RX from 0:0000000000000000 [0000] to 3E9347507302DC89 --- Type 0000:40 (SecureChannel:StatusReport) (B:34)[0m
[0;34m[1784838002.875] [22136:22138] [EM] Found matching exchange: 28953i, Delegate: 0x735f2000b8e8[0m
[0;34m[1784838002.875] [22136:22138] [EM] Rxd Ack; Removing MessageCounter:97372917 from Retrans Table on exchange 28953i[0m
[0;32m[1784838002.875] [22136:22138] [SC] Success status report received. Session was established[0m
[0;32m[1784838002.876] [22136:22138] [SC] SecureSession[0x735f20009cd0, LSID:29291]: State change 'kEstablishing' --> 'kActive'[0m
[0;34m[1784838002.876] [22136:22138] [IN] SecureSession[0x735f20009cd0]: Activated - Type:2 LSID:29291[0m
[0;34m[1784838002.876] [22136:22138] [IN] New secure session activated for device <0000000000000001, 1>, LSID:29291 PSID:21089![0m
[0;34m[1784838002.877] [22136:22138] [DIS] OperationalSessionSetup[1:0000000000000001]: State change 4 --> 5[0m
[0;32m[1784838002.877] [22136:22138] [TOO] Sending ReadAttribute to:[0m
[0;32m[1784838002.877] [22136:22138] [TOO] 	cluster 0x0000_0038, attribute: 0x0000_0000, endpoint 0[0m
[0;34m[1784838002.877] [22136:22138] [DMG] SendReadRequest ReadClient[0x735f2000eef0]: Sending Read Request[0m
[0;32m[1784838002.877] [22136:22138] [DMG] 0 data version filters provided, 0 not relevant, 0 encoded, 0 skipped due to lack of space[0m
[0;32m[1784838002.877] [22136:22138] [EM] <<< [E:28954i S:29291 M:45972766] (S) Msg TX from 000000000001B669 to 1:0000000000000001 [DD86] [UDP:[fe80::bfe:a203:38f0:bce7%enp0s3]:5540] --- Type 0001:02 (IM:ReadRequest) (B:51)[0m
[0;32m[1784838002.877] [22136:22138] [EM] ??1 [E:28954i S:29291 M:45972766] (S) Msg Retransmission to 1:0000000000000001 scheduled for 400ms from now [State:Active II:500 AI:300 AT:4000][0m
[0;34m[1784838002.877] [22136:22138] [DMG] MoveToState ReadClient[0x735f2000eef0]: Moving to [AwaitingIn][0m
[0;32m[1784838002.877] [22136:22138] [EM] <<< [E:28953i S:0 M:97372918 (Ack:206326736)] (U) Msg TX from 3E9347507302DC89 to 0:0000000000000000 [0000] [UDP:[fe80::bfe:a203:38f0:bce7%enp0s3]:5540] --- Type 0000:10 (SecureChannel:StandaloneAck) (B:26)[0m
[0;34m[1784838002.877] [22136:22138] [EM] Flushed pending ack for MessageCounter:206326736 on exchange 28953i[0m
[0;32m[1784838002.877] [22136:22138] [EM] >>> [E:28954i S:29291 M:90187315 (Ack:45972766)] (S) Msg RX from 1:0000000000000001 [DD86] to 000000000001B669 --- Type 0001:05 (IM:ReportData) (B:77)[0m
[0;34m[1784838002.877] [22136:22138] [EM] Found matching exchange: 28954i, Delegate: 0x735f2000ef00[0m
[0;34m[1784838002.877] [22136:22138] [EM] Rxd Ack; Removing MessageCounter:45972766 from Retrans Table on exchange 28954i[0m
[0;34m[1784838002.878] [22136:22138] [DMG] ReportDataMessage =[0m
[0;34m[1784838002.878] [22136:22138] [DMG] {[0m
[0;34m[1784838002.878] [22136:22138] [DMG] 	AttributeReportIBs =[0m
[0;34m[1784838002.878] [22136:22138] [DMG] 	[[0m
[0;34m[1784838002.878] [22136:22138] [DMG] 		AttributeReportIB =[0m
[0;34m[1784838002.878] [22136:22138] [DMG] 		{[0m
[0;34m[1784838002.878] [22136:22138] [DMG] 			AttributeDataIB =[0m
[0;34m[1784838002.878] [22136:22138] [DMG] 			{[0m
[0;34m[1784838002.878] [22136:22138] [DMG] 				DataVersion = 0xa89b016a,[0m
[0;34m[1784838002.878] [22136:22138] [DMG] 				AttributePathIB =[0m
[0;34m[1784838002.878] [22136:22138] [DMG] 				{[0m
[0;34m[1784838002.878] [22136:22138] [DMG] 					Endpoint = 0x0,[0m
[0;34m[1784838002.878] [22136:22138] [DMG] 					Cluster = 0x38,[0m
[0;34m[1784838002.878] [22136:22138] [DMG] 					Attribute = 0x0000_0000,[0m
[0;34m[1784838002.878] [22136:22138] [DMG] 				}[0m
[0;34m[1784838002.878] [22136:22138] [DMG] 					[0m
[0;34m[1784838002.878] [22136:22138] [DMG] 				Data = 838153202877781 (unsigned), [0m
[0;34m[1784838002.878] [22136:22138] [DMG] 			},[0m
[0;34m[1784838002.878] [22136:22138] [DMG] 			[0m
[0;34m[1784838002.878] [22136:22138] [DMG] 		},[0m
[0;34m[1784838002.878] [22136:22138] [DMG] 		[0m
[0;34m[1784838002.878] [22136:22138] [DMG] 	],[0m
[0;34m[1784838002.878] [22136:22138] [DMG] 	[0m
[0;34m[1784838002.878] [22136:22138] [DMG] 	SuppressResponse = true, [0m
[0;34m[1784838002.878] [22136:22138] [DMG] 	InteractionModelRevision = 12[0m
[0;34m[1784838002.878] [22136:22138] [DMG] }[0m
[0;32m[1784838002.878] [22136:22138] [TOO] Endpoint: 0 Cluster: 0x0000_0038 Attribute 0x0000_0000 DataVersion: 2828730730[0m
[0;32m[1784838002.878] [22136:22138] [TOO]   UTCTime: 838153202877781[0m
[0;32m[1784838002.878] [22136:22138] [EM] <<< [E:28954i S:29291 M:45972767 (Ack:90187315)] (S) Msg TX from 000000000001B669 to 1:0000000000000001 [DD86] [UDP:[fe80::bfe:a203:38f0:bce7%enp0s3]:5540] --- Type 0000:10 (SecureChannel:StandaloneAck) (B:34)[0m
[0;34m[1784838002.878] [22136:22138] [EM] Flushed pending ack for MessageCounter:90187315 on exchange 28954i[0m
[0;34m[1784838002.878] [22136:22136] [CTL] Shutting down the commissioner[0m
[0;32m[1784838002.878] [22136:22136] [PAF] WiFiPAF: Closing all WiFiPAF sessions to shutdown[0m
[0;34m[1784838002.878] [22136:22136] [CTL] Shutting down the controller[0m
[0;34m[1784838002.878] [22136:22136] [IN] Expiring all sessions for fabric 0x1!![0m
[0;34m[1784838002.878] [22136:22136] [IN] SecureSession[0x735f20009cd0]: MarkForEviction Type:2 LSID:29291[0m
[0;32m[1784838002.878] [22136:22136] [SC] SecureSession[0x735f20009cd0, LSID:29291]: State change 'kActive' --> 'kPendingEviction'[0m
[0;34m[1784838002.878] [22136:22136] [IN] SecureSession[0x735f20009cd0]: Released - Type:2 LSID:29291[0m
[0;32m[1784838002.878] [22136:22136] [FP] Forgetting fabric 0x1[0m
[0;32m[1784838002.878] [22136:22136] [TS] Pending Last Known Good Time: 2023-10-14T01:16:48[0m
[0;32m[1784838002.878] [22136:22136] [TS] Previous Last Known Good Time: 2023-10-14T01:16:48[0m
[0;32m[1784838002.878] [22136:22136] [TS] Reverted Last Known Good Time to previous value[0m
[0;34m[1784838002.878] [22136:22136] [CTL] Shutting down the commissioner[0m
[0;32m[1784838002.878] [22136:22136] [PAF] WiFiPAF: Closing all WiFiPAF sessions to shutdown[0m
[0;34m[1784838002.878] [22136:22136] [CTL] Shutting down the controller[0m
[0;34m[1784838002.878] [22136:22136] [CTL] Shutting down the System State, this will teardown the CHIP Stack[0m
[0;34m[1784838002.878] [22136:22136] [DMG] All ReadHandler-s are clean, clear GlobalDirtySet[0m
[0;32m[1784838002.878] [22136:22136] [FP] Shutting down FabricTable[0m
[0;32m[1784838002.878] [22136:22136] [TS] Pending Last Known Good Time: 2023-10-14T01:16:48[0m
[0;32m[1784838002.878] [22136:22136] [TS] Previous Last Known Good Time: 2023-10-14T01:16:48[0m
[0;32m[1784838002.878] [22136:22136] [TS] Reverted Last Known Good Time to previous value[0m
[0;34m[1784838002.881] [22136:22136] [DL] Wrote settings to /tmp/chip_counters.ini[0m
[0;32m[1784838002.881] [22136:22136] [DL] NVS set: chip-counters/total-operational-hours = 0 (0x0)[0m
[0;32m[1784838002.881] [22136:22136] [DL] Inet Layer shutdown[0m
[0;32m[1784838002.881] [22136:22136] [DL] BLE Layer shutdown[0m
[0;32m[1784838002.881] [22136:22136] [DL] WiFi-PAF Layer shutdown[0m
[0;32m[1784838002.881] [22136:22136] [PAF] WiFiPAF: Closing all WiFiPAF sessions to shutdown[0m
[0;32m[1784838002.881] [22136:22136] [DL] System Layer shutdown[0m
