[0;34m[1784656412.242] [11283:11283] [DL] ChipLinuxStorage::Init: Using KVS config file: /tmp/chip_tool_kvs[0m
[1;31m[1784656412.243] [11283:11283] [DL] ChipLinuxStorage::Init: Attempt to re-initialize with KVS config file: /tmp/chip_kvs, IGNORING.[0m
[0;34m[1784656412.244] [11283:11283] [DL] ChipLinuxStorage::Init: Using KVS config file: /tmp/chip_factory.ini[0m
[0;34m[1784656412.244] [11283:11283] [DL] ChipLinuxStorage::Init: Using KVS config file: /tmp/chip_config.ini[0m
[0;34m[1784656412.244] [11283:11283] [DL] ChipLinuxStorage::Init: Using KVS config file: /tmp/chip_counters.ini[0m
[0;34m[1784656412.249] [11283:11283] [DL] Wrote settings to /tmp/chip_counters.ini[0m
[0;32m[1784656412.249] [11283:11283] [DL] NVS set: chip-counters/reboot-count = 4 (0x4)[0m
[0;32m[1784656412.249] [11283:11283] [DL] Got Ethernet interface: enp0s3[0m
[0;32m[1784656412.249] [11283:11283] [DL] Found the primary Ethernet interface:enp0s3[0m
[1;31m[1784656412.249] [11283:11283] [DL] Failed to get WiFi interface[0m
[1;31m[1784656412.249] [11283:11283] [DL] Failed to reset WiFi statistic counts[0m
[0;32m[1784656412.249] [11283:11283] [PAF] WiFiPAF: WiFiPAFLayer::Init()[0m
[0;34m[1784656412.249] [11283:11283] [IN] UDP::Init bind&listen port=0[0m
[0;34m[1784656412.249] [11283:11283] [IN] UDP::Init bound to port=41274[0m
[0;34m[1784656412.249] [11283:11283] [IN] UDP::Init bind&listen port=0[0m
[0;34m[1784656412.249] [11283:11283] [IN] UDP::Init bound to port=55168[0m
[0;34m[1784656412.249] [11283:11283] [IN] BLEBase::Init - setting/overriding transport[0m
[0;34m[1784656412.249] [11283:11283] [IN] WiFiPAFBase::Init - setting/overriding transport[0m
[0;34m[1784656412.249] [11283:11283] [IN] TransportMgr initialized[0m
[0;34m[1784656412.249] [11283:11283] [FP] Initializing FabricTable from persistent storage[0m
[0;32m[1784656412.249] [11283:11283] [TS] Last Known Good Time: 2023-10-14T01:16:48[0m
[0;32m[1784656412.249] [11283:11283] [FP] Fabric index 0x1 was retrieved from storage. Compressed FabricId 0x8F0AF649C4BC1E2F, FabricId 0x0000000000000001, NodeId 0x000000000001B669, VendorId 0xFFF1[0m
[0;32m[1784656412.250] [11283:11283] [DMG] Ember attribute persistence requires setting up[0m
[0;32m[1784656412.250] [11283:11283] [ZCL] Using ZAP configuration...[0m
[0;34m[1784656412.251] [11283:11283] [CTL] System State Initialized...[0m
[0;32m[1784656412.251] [11283:11283] [CTL] Setting attestation nonce to random value[0m
[0;32m[1784656412.251] [11283:11283] [CTL] Setting CSR nonce to random value[0m
[0;34m[1784656412.251] [11283:11285] [DL] CHIP task running[0m
[0;32m[1784656412.251] [11283:11285] [CTL] Setting attestation nonce to random value[0m
[0;32m[1784656412.251] [11283:11285] [CTL] Setting CSR nonce to random value[0m
[0;32m[1784656412.251] [11283:11285] [CTL] Generating NOC[0m
[0;32m[1784656412.251] [11283:11285] [FP] Validating NOC chain[0m
[0;32m[1784656412.251] [11283:11285] [FP] NOC chain validation successful[0m
[0;32m[1784656412.251] [11283:11285] [FP] Updated fabric at index: 0x1, Node ID: 0x000000000001B669[0m
[0;32m[1784656412.251] [11283:11285] [TS] Last Known Good Time: 2023-10-14T01:16:48[0m
[0;32m[1784656412.251] [11283:11285] [TS] New proposed Last Known Good Time: 2021-01-01T00:00:00[0m
[0;32m[1784656412.251] [11283:11285] [TS] Retaining current Last Known Good Time[0m
[0;32m[1784656412.254] [11283:11285] [FP] Metadata for Fabric 0x1 persisted to storage.[0m
[0;32m[1784656412.255] [11283:11285] [TS] Committing Last Known Good Time to storage: 2023-10-14T01:16:48[0m
[0;32m[1784656412.256] [11283:11285] [CTL] Joined the fabric at index 1. Fabric ID is 0x0000000000000001 (Compressed Fabric ID: 8F0AF649C4BC1E2F)[0m
[0;32m[1784656412.260] [11283:11285] [TOO] Sending command to node 0x1[0m
[0;34m[1784656412.261] [11283:11285] [CSM] FindOrEstablishSession: PeerId = [1:0000000000000001][0m
[0;34m[1784656412.261] [11283:11285] [CSM] FindOrEstablishSession: No existing OperationalSessionSetup instance found[0m
[0;34m[1784656412.261] [11283:11285] [DIS] OperationalSessionSetup[1:0000000000000001]: State change 1 --> 2[0m
[0;32m[1784656412.261] [11283:11285] [DIS] Lookup started for 8F0AF649C4BC1E2F-0000000000000001[0m
[0;32m[1784656412.261] [11283:11285] [DIS] UDP:[fe80::bfe:a203:38f0:bce7%enp0s3]:5540: new best score: 7 (for 8F0AF649C4BC1E2F-0000000000000001)[0m
[0;34m[1784656412.261] [11283:11285] [DIS] Lookup clearing interface for non LL address[0m
[0;32m[1784656412.261] [11283:11285] [DIS] UDP:10.0.2.15%enp0s3:5540: new best score: 2 (for 8F0AF649C4BC1E2F-0000000000000001)[0m
[0;32m[1784656412.261] [11283:11285] [DIS] Checking node lookup status for 8F0AF649C4BC1E2F-0000000000000001 after 1 ms[0m
[0;32m[1784656412.261] [11283:11285] [DIS] Keeping DNSSD lookup active[0m
[0;32m[1784656412.261] [11283:11285] [DIS] UDP:[fe80::bfe:a203:38f0:bce7%enp0s3]:5540: score has not improved: 7 (for 8F0AF649C4BC1E2F-0000000000000001)[0m
[0;34m[1784656412.261] [11283:11285] [DIS] Lookup clearing interface for non LL address[0m
[0;32m[1784656412.261] [11283:11285] [DIS] UDP:10.0.2.15%enp0s3:5540: score has not improved: 2 (for 8F0AF649C4BC1E2F-0000000000000001)[0m
[0;32m[1784656412.261] [11283:11285] [DIS] Checking node lookup status for 8F0AF649C4BC1E2F-0000000000000001 after 1 ms[0m
[0;32m[1784656412.261] [11283:11285] [DIS] Keeping DNSSD lookup active[0m
[0;32m[1784656412.461] [11283:11285] [DIS] Checking node lookup status for 8F0AF649C4BC1E2F-0000000000000001 after 201 ms[0m
[0;34m[1784656412.461] [11283:11285] [DIS] OperationalSessionSetup[1:0000000000000001]: Updating device address to UDP:[fe80::bfe:a203:38f0:bce7%enp0s3]:5540 while in state 2[0m
[0;34m[1784656412.461] [11283:11285] [DIS] OperationalSessionSetup[1:0000000000000001]: State change 2 --> 3[0m
[0;34m[1784656412.461] [11283:11285] [IN] SecureSession[0x792c68009cd0]: Allocated Type:2 LSID:43452[0m
[0;32m[1784656412.461] [11283:11285] [SC] Initiating session on local FabricIndex 1 from 0x000000000001B669 -> 0x0000000000000001[0m
[0;32m[1784656412.462] [11283:11285] [EM] <<< [E:29378i S:0 M:9741875] (U) Msg TX from 1BE24FDE5A4272ED to 0:0000000000000000 [0000] [UDP:[fe80::bfe:a203:38f0:bce7%enp0s3]:5540] --- Type 0000:30 (SecureChannel:CASE_Sigma1) (B:196)[0m
[0;32m[1784656412.462] [11283:11285] [EM] ??1 [E:29378i S:0 M:9741875] (U) Msg Retransmission to 0:0000000000000000 scheduled for 563ms from now [State:Idle II:500 AI:300 AT:4000][0m
[0;32m[1784656412.462] [11283:11285] [SC] Sent Sigma1 msg to <0000000000000001, 1> [II:500ms AI:300ms AT:4000ms][0m
[0;34m[1784656412.462] [11283:11285] [DIS] OperationalSessionSetup[1:0000000000000001]: State change 3 --> 4[0m
[0;32m[1784656412.462] [11283:11285] [EM] >>> [E:29378i S:0 M:61695046 (Ack:9741875)] (U) Msg RX from 0:0000000000000000 [0000] to 1BE24FDE5A4272ED --- Type 0000:31 (SecureChannel:CASE_Sigma2) (B:751)[0m
[0;34m[1784656412.462] [11283:11285] [EM] Found matching exchange: 29378i, Delegate: 0x792c6800b8e8[0m
[0;34m[1784656412.462] [11283:11285] [EM] Rxd Ack; Removing MessageCounter:9741875 from Retrans Table on exchange 29378i[0m
[0;32m[1784656412.462] [11283:11285] [SC] Received Sigma2 msg[0m
[0;34m[1784656412.462] [11283:11285] [SC] Found MRP parameters in the message[0m
[0;34m[1784656412.463] [11283:11285] [SC] Peer <0000000000000001, 1> assigned session ID 15389[0m
[0;34m[1784656412.463] [11283:11285] [SC] Sending Sigma3[0m
[0;32m[1784656412.464] [11283:11285] [EM] <<< [E:29378i S:0 M:9741876 (Ack:61695046)] (U) Msg TX from 1BE24FDE5A4272ED to 0:0000000000000000 [0000] [UDP:[fe80::bfe:a203:38f0:bce7%enp0s3]:5540] --- Type 0000:32 (SecureChannel:CASE_Sigma3) (B:598)[0m
[0;32m[1784656412.464] [11283:11285] [EM] ??1 [E:29378i S:0 M:9741876] (U) Msg Retransmission to 0:0000000000000000 scheduled for 411ms from now [State:Active II:500 AI:300 AT:4000][0m
[0;32m[1784656412.464] [11283:11285] [SC] Sent Sigma3 msg[0m
[0;32m[1784656412.472] [11283:11285] [EM] >>> [E:29378i S:0 M:61695047 (Ack:9741876)] (U) Msg RX from 0:0000000000000000 [0000] to 1BE24FDE5A4272ED --- Type 0000:40 (SecureChannel:StatusReport) (B:34)[0m
[0;34m[1784656412.472] [11283:11285] [EM] Found matching exchange: 29378i, Delegate: 0x792c6800b8e8[0m
[0;34m[1784656412.472] [11283:11285] [EM] Rxd Ack; Removing MessageCounter:9741876 from Retrans Table on exchange 29378i[0m
[0;32m[1784656412.472] [11283:11285] [SC] Success status report received. Session was established[0m
[0;32m[1784656412.473] [11283:11285] [SC] SecureSession[0x792c68009cd0, LSID:43452]: State change 'kEstablishing' --> 'kActive'[0m
[0;34m[1784656412.473] [11283:11285] [IN] SecureSession[0x792c68009cd0]: Activated - Type:2 LSID:43452[0m
[0;34m[1784656412.473] [11283:11285] [IN] New secure session activated for device <0000000000000001, 1>, LSID:43452 PSID:15389![0m
[0;34m[1784656412.473] [11283:11285] [DIS] OperationalSessionSetup[1:0000000000000001]: State change 4 --> 5[0m
[0;32m[1784656412.473] [11283:11285] [TOO] Sending cluster (0x0000003E) command (0x00000004) on endpoint 0[0m
[0;34m[1784656412.473] [11283:11285] [DMG] ICR moving to [AddingComm][0m
[0;34m[1784656412.473] [11283:11285] [DMG] ICR moving to [AddedComma][0m
[0;32m[1784656412.473] [11283:11285] [EM] <<< [E:29379i S:43452 M:205694078] (S) Msg TX from 000000000001B669 to 1:0000000000000001 [1E2F] [UDP:[fe80::bfe:a203:38f0:bce7%enp0s3]:5540] --- Type 0001:08 (IM:InvokeCommandRequest) (B:96)[0m
[0;32m[1784656412.473] [11283:11285] [EM] ??1 [E:29379i S:43452 M:205694078] (S) Msg Retransmission to 1:0000000000000001 scheduled for 389ms from now [State:Active II:500 AI:300 AT:4000][0m
[0;34m[1784656412.473] [11283:11285] [DMG] ICR moving to [AwaitingRe][0m
[0;32m[1784656412.473] [11283:11285] [EM] <<< [E:29378i S:0 M:9741877 (Ack:61695047)] (U) Msg TX from 1BE24FDE5A4272ED to 0:0000000000000000 [0000] [UDP:[fe80::bfe:a203:38f0:bce7%enp0s3]:5540] --- Type 0000:10 (SecureChannel:StandaloneAck) (B:26)[0m
[0;34m[1784656412.473] [11283:11285] [EM] Flushed pending ack for MessageCounter:61695047 on exchange 29378i[0m
[0;32m[1784656412.474] [11283:11285] [EM] >>> [E:29379i S:43452 M:176054337 (Ack:205694078)] (S) Msg RX from 1:0000000000000001 [1E2F] to 000000000001B669 --- Type 0001:09 (IM:InvokeCommandResponse) (B:377)[0m
[0;34m[1784656412.474] [11283:11285] [EM] Found matching exchange: 29379i, Delegate: 0x792c6800eef8[0m
[0;34m[1784656412.474] [11283:11285] [EM] Rxd Ack; Removing MessageCounter:205694078 from Retrans Table on exchange 29379i[0m
[0;34m[1784656412.474] [11283:11285] [DMG] ICR moving to [ResponseRe][0m
[0;34m[1784656412.474] [11283:11285] [DMG] InvokeResponseMessage =[0m
[0;34m[1784656412.474] [11283:11285] [DMG] {[0m
[0;34m[1784656412.474] [11283:11285] [DMG] 	suppressResponse = false, [0m
[0;34m[1784656412.474] [11283:11285] [DMG] 	InvokeResponseIBs =[0m
[0;34m[1784656412.474] [11283:11285] [DMG] 	[[0m
[0;34m[1784656412.474] [11283:11285] [DMG] 		InvokeResponseIB =[0m
[0;34m[1784656412.474] [11283:11285] [DMG] 		{[0m
[0;34m[1784656412.474] [11283:11285] [DMG] 			CommandDataIB =[0m
[0;34m[1784656412.474] [11283:11285] [DMG] 			{[0m
[0;34m[1784656412.474] [11283:11285] [DMG] 				CommandPathIB =[0m
[0;34m[1784656412.474] [11283:11285] [DMG] 				{[0m
[0;34m[1784656412.474] [11283:11285] [DMG] 					EndpointId = 0x0,[0m
[0;34m[1784656412.474] [11283:11285] [DMG] 					ClusterId = 0x3e,[0m
[0;34m[1784656412.474] [11283:11285] [DMG] 					CommandId = 0x5,[0m
[0;34m[1784656412.474] [11283:11285] [DMG] 				},[0m
[0;34m[1784656412.474] [11283:11285] [DMG] 				[0m
[0;34m[1784656412.474] [11283:11285] [DMG] 				CommandFields = [0m
[0;34m[1784656412.474] [11283:11285] [DMG] 				{[0m
[0;34m[1784656412.474] [11283:11285] [DMG] 					0x0 = [[0m
[0;34m[1784656412.474] [11283:11285] [DMG] 							0x15, 0x30, 0x01, 0xcb, 0x30, 0x81, 0xc8, 0x30, 0x70, 0x02, 0x01, 0x00, 0x30, 0x0e, 0x31, 0x0c, 0x30, 0x0a, 0x06, 0x03, 0x55, 0x04, 0x0a, 0x0c, 0x03, 0x43, 0x53, 0x52, 0x30, 0x59, 0x30, 0x13, 0x06, 0x07, 0x2a, 0x86, 0x48, 0xce, 0x3d, 0x02, 0x01, 0x06, 0x08, 0x2a, 0x86, 0x48, 0xce, 0x3d, 0x03, 0x01, 0x07, 0x03, 0x42, 0x00, 0x04, 0x30, 0x8d, 0x3f, 0xe8, 0xb7, 0x09, 0x0a, 0x2e, 0x92, 0xf3, 0x2b, 0xed, 0xb7, 0x37, 0x5f, 0x63, 0xcd, 0xb1, 0x3f, 0xf3, 0x1e, 0x4a, 0x85, 0x8e, 0x98, 0x01, 0x76, 0xb3, 0x5c, 0x1c, 0xdd, 0x05, 0x4d, 0x66, 0x84, 0xee, 0x6b, 0x91, 0x10, 0x76, 0xab, 0x1d, 0x18, 0x4c, 0x87, 0x5f, 0x71, 0x81, 0x6b, 0xe4, 0x7d, 0xf4, 0xde, 0xec, 0x80, 0xb6, 0xd8, 0x67, 0xf6, 0xf3, 0x57, 0xd4, 0xd1, 0x2a, 0xa0, 0x00, 0x30, 0x0a, 0x06, 0x08, 0x2a, 0x86, 0x48, 0xce, 0x3d, 0x04, 0x03, 0x02, 0x03, 0x48, 0x00, 0x30, 0x45, 0x02, 0x21, 0x00, 0x91, 0xea, 0xf9, 0xf8, 0x74, 0x15, 0xb4, 0xc1, 0xe8, 0xb7, 0xe0, 0xde, 0xf4, 0x7b, 0x52, 0x57, 0x2b, 0x5a, 0xdb, 0x86, 0xd4, 0x56, 0xd8, 0x81, 0x52, 0x42, 0xdc, 0xc6, 0x24, 0xf5, 0x7c, 0x12, 0x02, 0x20, 0x4a, 0xaa, 0xd7, 0xd5, 0xaf, 0x8e, 0x30, 0x46, 0xe8, 0xd3, 0x91, 0xe3, 0xcc, 0x9e, 0xf6, 0x85, 0xec, 0x1f, 0xb2, 0x62, 0x46, 0x74, 0xbf, 0xf4, 0xf5, 0xe3, 0x46, 0x47, 0x11, 0x04, 0x56, 0x55, 0x30, 0x02, 0x20, 0x06, 0x29, 0x52, 0xbd, 0x83, 0xf2, 0x3d, 0x15, 0xe9, 0x0f, 0xc4, 0x5b, 0xfe, 0xf7, 0x62, 0x70, 0x1f, 0x31, 0x2a, 0x14, 0xea, 0xd4, 0x56, 0x1b, 0x70, 0x48, 0x92, 0x73, 0xab, 0xb6, 0xbd, 0xaa, 0x18, [0m
[0;34m[1784656412.474] [11283:11285] [DMG] 					] (243 bytes)[0m
[0;34m[1784656412.474] [11283:11285] [DMG] 					0x1 = [[0m
[0;34m[1784656412.474] [11283:11285] [DMG] 							0xe2, 0xa6, 0x11, 0xc2, 0x54, 0xcd, 0xf4, 0x3a, 0xf2, 0xab, 0x14, 0x53, 0x9d, 0x26, 0xb7, 0xe9, 0xb0, 0x49, 0xca, 0x8b, 0xfd, 0x1b, 0x09, 0xfa, 0x6e, 0xe7, 0xd9, 0x04, 0xab, 0x87, 0x09, 0xfb, 0xc3, 0xbf, 0x3a, 0x09, 0x45, 0x6e, 0xa3, 0x07, 0xbd, 0xee, 0x38, 0x4b, 0x9f, 0xf5, 0x4f, 0x1f, 0xa0, 0xfb, 0x56, 0x02, 0xeb, 0xd8, 0x51, 0x6e, 0x71, 0xf9, 0x63, 0xd6, 0x30, 0x5d, 0xce, 0x77, [0m
[0;34m[1784656412.474] [11283:11285] [DMG] 					] (64 bytes)[0m
[0;34m[1784656412.474] [11283:11285] [DMG] 				},[0m
[0;34m[1784656412.474] [11283:11285] [DMG] 			},[0m
[0;34m[1784656412.474] [11283:11285] [DMG] 			[0m
[0;34m[1784656412.474] [11283:11285] [DMG] 		},[0m
[0;34m[1784656412.474] [11283:11285] [DMG] 		[0m
[0;34m[1784656412.474] [11283:11285] [DMG] 	],[0m
[0;34m[1784656412.474] [11283:11285] [DMG] 	[0m
[0;34m[1784656412.474] [11283:11285] [DMG] 	InteractionModelRevision = 12[0m
[0;34m[1784656412.474] [11283:11285] [DMG] },[0m
[0;32m[1784656412.474] [11283:11285] [DMG] Received Command Response Data, Endpoint=0 Cluster=0x0000_003E Command=0x0000_0005[0m
[0;32m[1784656412.474] [11283:11285] [TOO] Endpoint: 0 Cluster: 0x0000_003E Command 0x0000_0005[0m
[0;32m[1784656412.474] [11283:11285] [TOO]   CSRResponse: {[0m
[0;32m[1784656412.474] [11283:11285] [TOO]     NOCSRElements: 153001CB3081C83070020100300E310C300A060355040A0C034353523059301306072A8648CE3D020106082A8648CE3D03010703420004308D3FE8B7090A2E92F32BEDB7375F63CDB13FF31E4A858E980176B35C1CDD054D6684EE6B911076AB1D184C875F71816BE47DF4DEEC80B6D867F6F357D4D12AA000300A06082A8648CE3D040302034800304502210091EAF9F87415B4C1E8B7E0DEF47B52572B5ADB86D456D8815242DCC624F57C1202204AAAD7D5AF8E3046E8D391E3CC9EF685EC1FB2624674BFF4F5E3464711045655300220062952BD83F23D15E90FC45BFEF762701F312A14EAD4561B70489273ABB6BDAA18[0m
[0;32m[1784656412.474] [11283:11285] [TOO]     attestationSignature: E2A611C254CDF43AF2AB14539D26B7E9B049CA8BFD1B09FA6EE7D904AB8709FBC3BF3A09456EA307BDEE384B9FF54F1FA0FB5602EBD8516E71F963D6305DCE77[0m
[0;32m[1784656412.474] [11283:11285] [TOO]    }[0m
[0;34m[1784656412.474] [11283:11285] [DMG] ICR moving to [AwaitingDe][0m
[0;32m[1784656412.474] [11283:11285] [EM] <<< [E:29379i S:43452 M:205694079 (Ack:176054337)] (S) Msg TX from 000000000001B669 to 1:0000000000000001 [1E2F] [UDP:[fe80::bfe:a203:38f0:bce7%enp0s3]:5540] --- Type 0000:10 (SecureChannel:StandaloneAck) (B:34)[0m
[0;34m[1784656412.474] [11283:11285] [EM] Flushed pending ack for MessageCounter:176054337 on exchange 29379i[0m
[0;34m[1784656412.474] [11283:11283] [CTL] Shutting down the commissioner[0m
[0;32m[1784656412.474] [11283:11283] [PAF] WiFiPAF: Closing all WiFiPAF sessions to shutdown[0m
[0;34m[1784656412.474] [11283:11283] [CTL] Shutting down the controller[0m
[0;34m[1784656412.474] [11283:11283] [IN] Expiring all sessions for fabric 0x1!![0m
[0;34m[1784656412.474] [11283:11283] [IN] SecureSession[0x792c68009cd0]: MarkForEviction Type:2 LSID:43452[0m
[0;32m[1784656412.474] [11283:11283] [SC] SecureSession[0x792c68009cd0, LSID:43452]: State change 'kActive' --> 'kPendingEviction'[0m
[0;34m[1784656412.474] [11283:11283] [IN] SecureSession[0x792c68009cd0]: Released - Type:2 LSID:43452[0m
[0;32m[1784656412.474] [11283:11283] [FP] Forgetting fabric 0x1[0m
[0;32m[1784656412.474] [11283:11283] [TS] Pending Last Known Good Time: 2023-10-14T01:16:48[0m
[0;32m[1784656412.474] [11283:11283] [TS] Previous Last Known Good Time: 2023-10-14T01:16:48[0m
[0;32m[1784656412.474] [11283:11283] [TS] Reverted Last Known Good Time to previous value[0m
[0;34m[1784656412.474] [11283:11283] [CTL] Shutting down the commissioner[0m
[0;32m[1784656412.474] [11283:11283] [PAF] WiFiPAF: Closing all WiFiPAF sessions to shutdown[0m
[0;34m[1784656412.474] [11283:11283] [CTL] Shutting down the controller[0m
[0;34m[1784656412.474] [11283:11283] [CTL] Shutting down the System State, this will teardown the CHIP Stack[0m
[0;34m[1784656412.475] [11283:11283] [DMG] All ReadHandler-s are clean, clear GlobalDirtySet[0m
[0;32m[1784656412.475] [11283:11283] [FP] Shutting down FabricTable[0m
[0;32m[1784656412.475] [11283:11283] [TS] Pending Last Known Good Time: 2023-10-14T01:16:48[0m
[0;32m[1784656412.475] [11283:11283] [TS] Previous Last Known Good Time: 2023-10-14T01:16:48[0m
[0;32m[1784656412.475] [11283:11283] [TS] Reverted Last Known Good Time to previous value[0m
[0;34m[1784656412.477] [11283:11283] [DL] Wrote settings to /tmp/chip_counters.ini[0m
[0;32m[1784656412.477] [11283:11283] [DL] NVS set: chip-counters/total-operational-hours = 0 (0x0)[0m
[0;32m[1784656412.477] [11283:11283] [DL] Inet Layer shutdown[0m
[0;32m[1784656412.477] [11283:11283] [DL] BLE Layer shutdown[0m
[0;32m[1784656412.477] [11283:11283] [DL] WiFi-PAF Layer shutdown[0m
[0;32m[1784656412.477] [11283:11283] [PAF] WiFiPAF: Closing all WiFiPAF sessions to shutdown[0m
[0;32m[1784656412.477] [11283:11283] [DL] System Layer shutdown[0m
