[0;34m[1784654719.117] [5809:5809] [DL] ChipLinuxStorage::Init: Using KVS config file: /tmp/chip_tool_kvs[0m
[1;31m[1784654719.118] [5809:5809] [DL] ChipLinuxStorage::Init: Attempt to re-initialize with KVS config file: /tmp/chip_kvs, IGNORING.[0m
[0;34m[1784654719.119] [5809:5809] [DL] ChipLinuxStorage::Init: Using KVS config file: /tmp/chip_factory.ini[0m
[0;34m[1784654719.119] [5809:5809] [DL] ChipLinuxStorage::Init: Using KVS config file: /tmp/chip_config.ini[0m
[0;34m[1784654719.119] [5809:5809] [DL] ChipLinuxStorage::Init: Using KVS config file: /tmp/chip_counters.ini[0m
[0;34m[1784654719.123] [5809:5809] [DL] Wrote settings to /tmp/chip_counters.ini[0m
[0;32m[1784654719.123] [5809:5809] [DL] NVS set: chip-counters/reboot-count = 4 (0x4)[0m
[0;32m[1784654719.123] [5809:5809] [DL] Got Ethernet interface: enp0s3[0m
[0;32m[1784654719.123] [5809:5809] [DL] Found the primary Ethernet interface:enp0s3[0m
[1;31m[1784654719.123] [5809:5809] [DL] Failed to get WiFi interface[0m
[1;31m[1784654719.123] [5809:5809] [DL] Failed to reset WiFi statistic counts[0m
[0;32m[1784654719.123] [5809:5809] [PAF] WiFiPAF: WiFiPAFLayer::Init()[0m
[0;34m[1784654719.123] [5809:5809] [IN] UDP::Init bind&listen port=0[0m
[0;34m[1784654719.123] [5809:5809] [IN] UDP::Init bound to port=47804[0m
[0;34m[1784654719.123] [5809:5809] [IN] UDP::Init bind&listen port=0[0m
[0;34m[1784654719.123] [5809:5809] [IN] UDP::Init bound to port=58095[0m
[0;34m[1784654719.123] [5809:5809] [IN] BLEBase::Init - setting/overriding transport[0m
[0;34m[1784654719.123] [5809:5809] [IN] WiFiPAFBase::Init - setting/overriding transport[0m
[0;34m[1784654719.123] [5809:5809] [IN] TransportMgr initialized[0m
[0;34m[1784654719.124] [5809:5809] [FP] Initializing FabricTable from persistent storage[0m
[0;32m[1784654719.124] [5809:5809] [TS] Last Known Good Time: 2023-10-14T01:16:48[0m
[0;32m[1784654719.124] [5809:5809] [FP] Fabric index 0x1 was retrieved from storage. Compressed FabricId 0xDE9773FE38B53D6B, FabricId 0x0000000000000001, NodeId 0x000000000001B669, VendorId 0xFFF1[0m
[0;32m[1784654719.125] [5809:5809] [DMG] Ember attribute persistence requires setting up[0m
[0;32m[1784654719.125] [5809:5809] [ZCL] Using ZAP configuration...[0m
[0;34m[1784654719.125] [5809:5809] [CTL] System State Initialized...[0m
[0;32m[1784654719.125] [5809:5809] [CTL] Setting attestation nonce to random value[0m
[0;32m[1784654719.125] [5809:5809] [CTL] Setting CSR nonce to random value[0m
[0;34m[1784654719.125] [5809:5811] [DL] CHIP task running[0m
[0;32m[1784654719.125] [5809:5811] [CTL] Setting attestation nonce to random value[0m
[0;32m[1784654719.125] [5809:5811] [CTL] Setting CSR nonce to random value[0m
[0;32m[1784654719.126] [5809:5811] [CTL] Generating NOC[0m
[0;32m[1784654719.126] [5809:5811] [FP] Validating NOC chain[0m
[0;32m[1784654719.126] [5809:5811] [FP] NOC chain validation successful[0m
[0;32m[1784654719.126] [5809:5811] [FP] Updated fabric at index: 0x1, Node ID: 0x000000000001B669[0m
[0;32m[1784654719.126] [5809:5811] [TS] Last Known Good Time: 2023-10-14T01:16:48[0m
[0;32m[1784654719.126] [5809:5811] [TS] New proposed Last Known Good Time: 2021-01-01T00:00:00[0m
[0;32m[1784654719.126] [5809:5811] [TS] Retaining current Last Known Good Time[0m
[0;32m[1784654719.128] [5809:5811] [FP] Metadata for Fabric 0x1 persisted to storage.[0m
[0;32m[1784654719.129] [5809:5811] [TS] Committing Last Known Good Time to storage: 2023-10-14T01:16:48[0m
[0;32m[1784654719.130] [5809:5811] [CTL] Joined the fabric at index 1. Fabric ID is 0x0000000000000001 (Compressed Fabric ID: DE9773FE38B53D6B)[0m
[0;32m[1784654719.134] [5809:5811] [TOO] Sending command to node 0x1[0m
[0;34m[1784654719.135] [5809:5811] [CSM] FindOrEstablishSession: PeerId = [1:0000000000000001][0m
[0;34m[1784654719.135] [5809:5811] [CSM] FindOrEstablishSession: No existing OperationalSessionSetup instance found[0m
[0;34m[1784654719.135] [5809:5811] [DIS] OperationalSessionSetup[1:0000000000000001]: State change 1 --> 2[0m
[0;32m[1784654719.135] [5809:5811] [DIS] Lookup started for DE9773FE38B53D6B-0000000000000001[0m
[0;32m[1784654719.135] [5809:5811] [DIS] UDP:[fe80::bfe:a203:38f0:bce7%enp0s3]:5540: new best score: 7 (for DE9773FE38B53D6B-0000000000000001)[0m
[0;34m[1784654719.135] [5809:5811] [DIS] Lookup clearing interface for non LL address[0m
[0;32m[1784654719.135] [5809:5811] [DIS] UDP:10.0.2.15%enp0s3:5540: new best score: 2 (for DE9773FE38B53D6B-0000000000000001)[0m
[0;32m[1784654719.135] [5809:5811] [DIS] Checking node lookup status for DE9773FE38B53D6B-0000000000000001 after 0 ms[0m
[0;32m[1784654719.135] [5809:5811] [DIS] Keeping DNSSD lookup active[0m
[0;32m[1784654719.135] [5809:5811] [DIS] UDP:[fe80::bfe:a203:38f0:bce7%enp0s3]:5540: score has not improved: 7 (for DE9773FE38B53D6B-0000000000000001)[0m
[0;34m[1784654719.135] [5809:5811] [DIS] Lookup clearing interface for non LL address[0m
[0;32m[1784654719.135] [5809:5811] [DIS] UDP:10.0.2.15%enp0s3:5540: score has not improved: 2 (for DE9773FE38B53D6B-0000000000000001)[0m
[0;32m[1784654719.135] [5809:5811] [DIS] Checking node lookup status for DE9773FE38B53D6B-0000000000000001 after 0 ms[0m
[0;32m[1784654719.135] [5809:5811] [DIS] Keeping DNSSD lookup active[0m
[0;32m[1784654719.339] [5809:5811] [DIS] Checking node lookup status for DE9773FE38B53D6B-0000000000000001 after 204 ms[0m
[0;34m[1784654719.339] [5809:5811] [DIS] OperationalSessionSetup[1:0000000000000001]: Updating device address to UDP:[fe80::bfe:a203:38f0:bce7%enp0s3]:5540 while in state 2[0m
[0;34m[1784654719.339] [5809:5811] [DIS] OperationalSessionSetup[1:0000000000000001]: State change 2 --> 3[0m
[0;34m[1784654719.339] [5809:5811] [IN] SecureSession[0x7a4aa8009cd0]: Allocated Type:2 LSID:38225[0m
[0;32m[1784654719.339] [5809:5811] [SC] Initiating session on local FabricIndex 1 from 0x000000000001B669 -> 0x0000000000000001[0m
[0;32m[1784654719.339] [5809:5811] [EM] <<< [E:57799i S:0 M:85712735] (U) Msg TX from F7910904A03D3457 to 0:0000000000000000 [0000] [UDP:[fe80::bfe:a203:38f0:bce7%enp0s3]:5540] --- Type 0000:30 (SecureChannel:CASE_Sigma1) (B:196)[0m
[0;32m[1784654719.339] [5809:5811] [EM] ??1 [E:57799i S:0 M:85712735] (U) Msg Retransmission to 0:0000000000000000 scheduled for 587ms from now [State:Idle II:500 AI:300 AT:4000][0m
[0;32m[1784654719.339] [5809:5811] [SC] Sent Sigma1 msg to <0000000000000001, 1> [II:500ms AI:300ms AT:4000ms][0m
[0;34m[1784654719.339] [5809:5811] [DIS] OperationalSessionSetup[1:0000000000000001]: State change 3 --> 4[0m
[0;32m[1784654719.340] [5809:5811] [EM] >>> [E:57799i S:0 M:215081219 (Ack:85712735)] (U) Msg RX from 0:0000000000000000 [0000] to F7910904A03D3457 --- Type 0000:31 (SecureChannel:CASE_Sigma2) (B:751)[0m
[0;34m[1784654719.340] [5809:5811] [EM] Found matching exchange: 57799i, Delegate: 0x7a4aa800b8e8[0m
[0;34m[1784654719.340] [5809:5811] [EM] Rxd Ack; Removing MessageCounter:85712735 from Retrans Table on exchange 57799i[0m
[0;32m[1784654719.340] [5809:5811] [SC] Received Sigma2 msg[0m
[0;34m[1784654719.340] [5809:5811] [SC] Found MRP parameters in the message[0m
[0;34m[1784654719.340] [5809:5811] [SC] Peer <0000000000000001, 1> assigned session ID 33596[0m
[0;34m[1784654719.340] [5809:5811] [SC] Sending Sigma3[0m
[0;32m[1784654719.340] [5809:5811] [EM] <<< [E:57799i S:0 M:85712736 (Ack:215081219)] (U) Msg TX from F7910904A03D3457 to 0:0000000000000000 [0000] [UDP:[fe80::bfe:a203:38f0:bce7%enp0s3]:5540] --- Type 0000:32 (SecureChannel:CASE_Sigma3) (B:598)[0m
[0;32m[1784654719.342] [5809:5811] [EM] ??1 [E:57799i S:0 M:85712736] (U) Msg Retransmission to 0:0000000000000000 scheduled for 345ms from now [State:Active II:500 AI:300 AT:4000][0m
[0;32m[1784654719.342] [5809:5811] [SC] Sent Sigma3 msg[0m
[0;32m[1784654719.350] [5809:5811] [EM] >>> [E:57799i S:0 M:215081220 (Ack:85712736)] (U) Msg RX from 0:0000000000000000 [0000] to F7910904A03D3457 --- Type 0000:40 (SecureChannel:StatusReport) (B:34)[0m
[0;34m[1784654719.350] [5809:5811] [EM] Found matching exchange: 57799i, Delegate: 0x7a4aa800b8e8[0m
[0;34m[1784654719.350] [5809:5811] [EM] Rxd Ack; Removing MessageCounter:85712736 from Retrans Table on exchange 57799i[0m
[0;32m[1784654719.350] [5809:5811] [SC] Success status report received. Session was established[0m
[0;32m[1784654719.352] [5809:5811] [SC] SecureSession[0x7a4aa8009cd0, LSID:38225]: State change 'kEstablishing' --> 'kActive'[0m
[0;34m[1784654719.352] [5809:5811] [IN] SecureSession[0x7a4aa8009cd0]: Activated - Type:2 LSID:38225[0m
[0;34m[1784654719.352] [5809:5811] [IN] New secure session activated for device <0000000000000001, 1>, LSID:38225 PSID:33596![0m
[0;34m[1784654719.352] [5809:5811] [DIS] OperationalSessionSetup[1:0000000000000001]: State change 4 --> 5[0m
[0;32m[1784654719.352] [5809:5811] [TOO] Sending cluster (0x0000003E) command (0x00000004) on endpoint 0[0m
[0;34m[1784654719.352] [5809:5811] [DMG] ICR moving to [AddingComm][0m
[0;34m[1784654719.352] [5809:5811] [DMG] ICR moving to [AddedComma][0m
[0;32m[1784654719.352] [5809:5811] [EM] <<< [E:57800i S:38225 M:191698911] (S) Msg TX from 000000000001B669 to 1:0000000000000001 [3D6B] [UDP:[fe80::bfe:a203:38f0:bce7%enp0s3]:5540] --- Type 0001:08 (IM:InvokeCommandRequest) (B:96)[0m
[0;32m[1784654719.352] [5809:5811] [EM] ??1 [E:57800i S:38225 M:191698911] (S) Msg Retransmission to 1:0000000000000001 scheduled for 364ms from now [State:Active II:500 AI:300 AT:4000][0m
[0;34m[1784654719.352] [5809:5811] [DMG] ICR moving to [AwaitingRe][0m
[0;32m[1784654719.352] [5809:5811] [EM] <<< [E:57799i S:0 M:85712737 (Ack:215081220)] (U) Msg TX from F7910904A03D3457 to 0:0000000000000000 [0000] [UDP:[fe80::bfe:a203:38f0:bce7%enp0s3]:5540] --- Type 0000:10 (SecureChannel:StandaloneAck) (B:26)[0m
[0;34m[1784654719.353] [5809:5811] [EM] Flushed pending ack for MessageCounter:215081220 on exchange 57799i[0m
[0;32m[1784654719.353] [5809:5811] [EM] >>> [E:57800i S:38225 M:23273605 (Ack:191698911)] (S) Msg RX from 1:0000000000000001 [3D6B] to 000000000001B669 --- Type 0001:09 (IM:InvokeCommandResponse) (B:376)[0m
[0;34m[1784654719.353] [5809:5811] [EM] Found matching exchange: 57800i, Delegate: 0x7a4aa800eef8[0m
[0;34m[1784654719.353] [5809:5811] [EM] Rxd Ack; Removing MessageCounter:191698911 from Retrans Table on exchange 57800i[0m
[0;34m[1784654719.353] [5809:5811] [DMG] ICR moving to [ResponseRe][0m
[0;34m[1784654719.353] [5809:5811] [DMG] InvokeResponseMessage =[0m
[0;34m[1784654719.353] [5809:5811] [DMG] {[0m
[0;34m[1784654719.353] [5809:5811] [DMG] 	suppressResponse = false, [0m
[0;34m[1784654719.353] [5809:5811] [DMG] 	InvokeResponseIBs =[0m
[0;34m[1784654719.353] [5809:5811] [DMG] 	[[0m
[0;34m[1784654719.353] [5809:5811] [DMG] 		InvokeResponseIB =[0m
[0;34m[1784654719.353] [5809:5811] [DMG] 		{[0m
[0;34m[1784654719.353] [5809:5811] [DMG] 			CommandDataIB =[0m
[0;34m[1784654719.353] [5809:5811] [DMG] 			{[0m
[0;34m[1784654719.353] [5809:5811] [DMG] 				CommandPathIB =[0m
[0;34m[1784654719.353] [5809:5811] [DMG] 				{[0m
[0;34m[1784654719.353] [5809:5811] [DMG] 					EndpointId = 0x0,[0m
[0;34m[1784654719.353] [5809:5811] [DMG] 					ClusterId = 0x3e,[0m
[0;34m[1784654719.353] [5809:5811] [DMG] 					CommandId = 0x5,[0m
[0;34m[1784654719.353] [5809:5811] [DMG] 				},[0m
[0;34m[1784654719.353] [5809:5811] [DMG] 				[0m
[0;34m[1784654719.353] [5809:5811] [DMG] 				CommandFields = [0m
[0;34m[1784654719.353] [5809:5811] [DMG] 				{[0m
[0;34m[1784654719.353] [5809:5811] [DMG] 					0x0 = [[0m
[0;34m[1784654719.353] [5809:5811] [DMG] 							0x15, 0x30, 0x01, 0xca, 0x30, 0x81, 0xc7, 0x30, 0x70, 0x02, 0x01, 0x00, 0x30, 0x0e, 0x31, 0x0c, 0x30, 0x0a, 0x06, 0x03, 0x55, 0x04, 0x0a, 0x0c, 0x03, 0x43, 0x53, 0x52, 0x30, 0x59, 0x30, 0x13, 0x06, 0x07, 0x2a, 0x86, 0x48, 0xce, 0x3d, 0x02, 0x01, 0x06, 0x08, 0x2a, 0x86, 0x48, 0xce, 0x3d, 0x03, 0x01, 0x07, 0x03, 0x42, 0x00, 0x04, 0x0f, 0x27, 0x10, 0xf9, 0x0d, 0xc7, 0x77, 0xe0, 0x38, 0xdf, 0xfd, 0xff, 0x60, 0x86, 0x54, 0xb2, 0x17, 0x8a, 0x40, 0xf5, 0x82, 0x70, 0xa0, 0x7d, 0x0c, 0xc6, 0x3a, 0xc5, 0x04, 0x2a, 0x65, 0x2e, 0xd4, 0xf7, 0x6f, 0x22, 0x9a, 0x5b, 0x06, 0xcb, 0xe4, 0xcc, 0x4c, 0xf4, 0x1f, 0xeb, 0xbe, 0xd8, 0xa8, 0xf3, 0x16, 0x44, 0x53, 0x10, 0x71, 0xad, 0x72, 0x00, 0x1c, 0x04, 0xe6, 0x91, 0x3a, 0x08, 0xa0, 0x00, 0x30, 0x0a, 0x06, 0x08, 0x2a, 0x86, 0x48, 0xce, 0x3d, 0x04, 0x03, 0x02, 0x03, 0x47, 0x00, 0x30, 0x44, 0x02, 0x20, 0x65, 0x8b, 0x01, 0x5a, 0xde, 0x42, 0xc1, 0x50, 0xe4, 0xa6, 0x7c, 0x23, 0xd7, 0xae, 0x4e, 0xa0, 0x0b, 0xa4, 0x02, 0x00, 0x00, 0x14, 0xaf, 0x70, 0xbf, 0xc6, 0x6e, 0xcb, 0x36, 0xda, 0xcd, 0x7e, 0x02, 0x20, 0x37, 0x2c, 0xed, 0xac, 0x54, 0xaf, 0x9c, 0xd9, 0x41, 0x8d, 0x21, 0xc8, 0xd6, 0x58, 0x2a, 0xcc, 0xf1, 0x40, 0xcb, 0x78, 0xbc, 0x73, 0xde, 0xc8, 0x12, 0x22, 0x8a, 0x40, 0xb9, 0x5a, 0x29, 0x3d, 0x30, 0x02, 0x20, 0xa0, 0x2f, 0x64, 0x8c, 0xea, 0x25, 0x5e, 0x78, 0x30, 0xf3, 0x25, 0xad, 0xac, 0x63, 0xce, 0x38, 0xad, 0xa7, 0x2e, 0xb6, 0xcb, 0x4c, 0xfc, 0xa1, 0x49, 0x49, 0xdc, 0xf7, 0xdb, 0xd4, 0x3d, 0x1f, 0x18, [0m
[0;34m[1784654719.353] [5809:5811] [DMG] 					] (242 bytes)[0m
[0;34m[1784654719.353] [5809:5811] [DMG] 					0x1 = [[0m
[0;34m[1784654719.353] [5809:5811] [DMG] 							0x52, 0xaa, 0x43, 0x45, 0x6d, 0x90, 0xe0, 0x8b, 0xd2, 0x6a, 0xa2, 0xe7, 0xc8, 0x71, 0x27, 0x50, 0x73, 0xfb, 0x5d, 0xcd, 0x13, 0x8a, 0xa9, 0xf9, 0x4f, 0x91, 0x56, 0x85, 0x19, 0xf8, 0x31, 0x20, 0x94, 0x21, 0x76, 0xb8, 0x65, 0x36, 0xaa, 0x34, 0x4b, 0x09, 0x03, 0x25, 0x66, 0x64, 0x3d, 0x9d, 0xd0, 0xd8, 0x38, 0x00, 0x93, 0x34, 0xb5, 0x58, 0x60, 0x3b, 0xee, 0x28, 0x9e, 0xbc, 0x6e, 0x8e, [0m
[0;34m[1784654719.353] [5809:5811] [DMG] 					] (64 bytes)[0m
[0;34m[1784654719.353] [5809:5811] [DMG] 				},[0m
[0;34m[1784654719.353] [5809:5811] [DMG] 			},[0m
[0;34m[1784654719.353] [5809:5811] [DMG] 			[0m
[0;34m[1784654719.353] [5809:5811] [DMG] 		},[0m
[0;34m[1784654719.353] [5809:5811] [DMG] 		[0m
[0;34m[1784654719.353] [5809:5811] [DMG] 	],[0m
[0;34m[1784654719.353] [5809:5811] [DMG] 	[0m
[0;34m[1784654719.353] [5809:5811] [DMG] 	InteractionModelRevision = 12[0m
[0;34m[1784654719.353] [5809:5811] [DMG] },[0m
[0;32m[1784654719.353] [5809:5811] [DMG] Received Command Response Data, Endpoint=0 Cluster=0x0000_003E Command=0x0000_0005[0m
[0;32m[1784654719.353] [5809:5811] [TOO] Endpoint: 0 Cluster: 0x0000_003E Command 0x0000_0005[0m
[0;32m[1784654719.353] [5809:5811] [TOO]   CSRResponse: {[0m
[0;32m[1784654719.353] [5809:5811] [TOO]     NOCSRElements: 153001CA3081C73070020100300E310C300A060355040A0C034353523059301306072A8648CE3D020106082A8648CE3D030107034200040F2710F90DC777E038DFFDFF608654B2178A40F58270A07D0CC63AC5042A652ED4F76F229A5B06CBE4CC4CF41FEBBED8A8F31644531071AD72001C04E6913A08A000300A06082A8648CE3D04030203470030440220658B015ADE42C150E4A67C23D7AE4EA00BA402000014AF70BFC66ECB36DACD7E0220372CEDAC54AF9CD9418D21C8D6582ACCF140CB78BC73DEC812228A40B95A293D300220A02F648CEA255E7830F325ADAC63CE38ADA72EB6CB4CFCA14949DCF7DBD43D1F18[0m
[0;32m[1784654719.353] [5809:5811] [TOO]     attestationSignature: 52AA43456D90E08BD26AA2E7C871275073FB5DCD138AA9F94F91568519F83120942176B86536AA344B09032566643D9DD0D838009334B558603BEE289EBC6E8E[0m
[0;32m[1784654719.353] [5809:5811] [TOO]    }[0m
[0;34m[1784654719.353] [5809:5811] [DMG] ICR moving to [AwaitingDe][0m
[0;32m[1784654719.354] [5809:5811] [EM] <<< [E:57800i S:38225 M:191698912 (Ack:23273605)] (S) Msg TX from 000000000001B669 to 1:0000000000000001 [3D6B] [UDP:[fe80::bfe:a203:38f0:bce7%enp0s3]:5540] --- Type 0000:10 (SecureChannel:StandaloneAck) (B:34)[0m
[0;34m[1784654719.354] [5809:5811] [EM] Flushed pending ack for MessageCounter:23273605 on exchange 57800i[0m
[0;34m[1784654719.354] [5809:5809] [CTL] Shutting down the commissioner[0m
[0;32m[1784654719.354] [5809:5809] [PAF] WiFiPAF: Closing all WiFiPAF sessions to shutdown[0m
[0;34m[1784654719.354] [5809:5809] [CTL] Shutting down the controller[0m
[0;34m[1784654719.354] [5809:5809] [IN] Expiring all sessions for fabric 0x1!![0m
[0;34m[1784654719.354] [5809:5809] [IN] SecureSession[0x7a4aa8009cd0]: MarkForEviction Type:2 LSID:38225[0m
[0;32m[1784654719.354] [5809:5809] [SC] SecureSession[0x7a4aa8009cd0, LSID:38225]: State change 'kActive' --> 'kPendingEviction'[0m
[0;34m[1784654719.354] [5809:5809] [IN] SecureSession[0x7a4aa8009cd0]: Released - Type:2 LSID:38225[0m
[0;32m[1784654719.354] [5809:5809] [FP] Forgetting fabric 0x1[0m
[0;32m[1784654719.354] [5809:5809] [TS] Pending Last Known Good Time: 2023-10-14T01:16:48[0m
[0;32m[1784654719.354] [5809:5809] [TS] Previous Last Known Good Time: 2023-10-14T01:16:48[0m
[0;32m[1784654719.354] [5809:5809] [TS] Reverted Last Known Good Time to previous value[0m
[0;34m[1784654719.354] [5809:5809] [CTL] Shutting down the commissioner[0m
[0;32m[1784654719.354] [5809:5809] [PAF] WiFiPAF: Closing all WiFiPAF sessions to shutdown[0m
[0;34m[1784654719.354] [5809:5809] [CTL] Shutting down the controller[0m
[0;34m[1784654719.354] [5809:5809] [CTL] Shutting down the System State, this will teardown the CHIP Stack[0m
[0;34m[1784654719.354] [5809:5809] [DMG] All ReadHandler-s are clean, clear GlobalDirtySet[0m
[0;32m[1784654719.354] [5809:5809] [FP] Shutting down FabricTable[0m
[0;32m[1784654719.354] [5809:5809] [TS] Pending Last Known Good Time: 2023-10-14T01:16:48[0m
[0;32m[1784654719.354] [5809:5809] [TS] Previous Last Known Good Time: 2023-10-14T01:16:48[0m
[0;32m[1784654719.354] [5809:5809] [TS] Reverted Last Known Good Time to previous value[0m
[0;34m[1784654719.356] [5809:5809] [DL] Wrote settings to /tmp/chip_counters.ini[0m
[0;32m[1784654719.356] [5809:5809] [DL] NVS set: chip-counters/total-operational-hours = 0 (0x0)[0m
[0;32m[1784654719.356] [5809:5809] [DL] Inet Layer shutdown[0m
[0;32m[1784654719.356] [5809:5809] [DL] BLE Layer shutdown[0m
[0;32m[1784654719.356] [5809:5809] [DL] WiFi-PAF Layer shutdown[0m
[0;32m[1784654719.356] [5809:5809] [PAF] WiFiPAF: Closing all WiFiPAF sessions to shutdown[0m
[0;32m[1784654719.356] [5809:5809] [DL] System Layer shutdown[0m
