[0;34m[1784654719.777] [5822:5822] [DL] ChipLinuxStorage::Init: Using KVS config file: /tmp/chip_tool_kvs[0m
[1;31m[1784654719.778] [5822:5822] [DL] ChipLinuxStorage::Init: Attempt to re-initialize with KVS config file: /tmp/chip_kvs, IGNORING.[0m
[0;34m[1784654719.780] [5822:5822] [DL] ChipLinuxStorage::Init: Using KVS config file: /tmp/chip_factory.ini[0m
[0;34m[1784654719.780] [5822:5822] [DL] ChipLinuxStorage::Init: Using KVS config file: /tmp/chip_config.ini[0m
[0;34m[1784654719.780] [5822:5822] [DL] ChipLinuxStorage::Init: Using KVS config file: /tmp/chip_counters.ini[0m
[0;34m[1784654719.784] [5822:5822] [DL] Wrote settings to /tmp/chip_counters.ini[0m
[0;32m[1784654719.784] [5822:5822] [DL] NVS set: chip-counters/reboot-count = 6 (0x6)[0m
[0;32m[1784654719.785] [5822:5822] [DL] Got Ethernet interface: enp0s3[0m
[0;32m[1784654719.785] [5822:5822] [DL] Found the primary Ethernet interface:enp0s3[0m
[1;31m[1784654719.785] [5822:5822] [DL] Failed to get WiFi interface[0m
[1;31m[1784654719.785] [5822:5822] [DL] Failed to reset WiFi statistic counts[0m
[0;32m[1784654719.785] [5822:5822] [PAF] WiFiPAF: WiFiPAFLayer::Init()[0m
[0;34m[1784654719.785] [5822:5822] [IN] UDP::Init bind&listen port=0[0m
[0;34m[1784654719.785] [5822:5822] [IN] UDP::Init bound to port=52683[0m
[0;34m[1784654719.785] [5822:5822] [IN] UDP::Init bind&listen port=0[0m
[0;34m[1784654719.785] [5822:5822] [IN] UDP::Init bound to port=34000[0m
[0;34m[1784654719.785] [5822:5822] [IN] BLEBase::Init - setting/overriding transport[0m
[0;34m[1784654719.785] [5822:5822] [IN] WiFiPAFBase::Init - setting/overriding transport[0m
[0;34m[1784654719.785] [5822:5822] [IN] TransportMgr initialized[0m
[0;34m[1784654719.785] [5822:5822] [FP] Initializing FabricTable from persistent storage[0m
[0;32m[1784654719.785] [5822:5822] [TS] Last Known Good Time: 2023-10-14T01:16:48[0m
[0;32m[1784654719.786] [5822:5822] [FP] Fabric index 0x1 was retrieved from storage. Compressed FabricId 0xDE9773FE38B53D6B, FabricId 0x0000000000000001, NodeId 0x000000000001B669, VendorId 0xFFF1[0m
[0;32m[1784654719.787] [5822:5822] [DMG] Ember attribute persistence requires setting up[0m
[0;32m[1784654719.787] [5822:5822] [ZCL] Using ZAP configuration...[0m
[0;34m[1784654719.788] [5822:5822] [CTL] System State Initialized...[0m
[0;32m[1784654719.788] [5822:5822] [CTL] Setting attestation nonce to random value[0m
[0;32m[1784654719.788] [5822:5822] [CTL] Setting CSR nonce to random value[0m
[0;34m[1784654719.788] [5822:5824] [DL] CHIP task running[0m
[0;32m[1784654719.788] [5822:5824] [CTL] Setting attestation nonce to random value[0m
[0;32m[1784654719.788] [5822:5824] [CTL] Setting CSR nonce to random value[0m
[0;32m[1784654719.788] [5822:5824] [CTL] Generating NOC[0m
[0;32m[1784654719.789] [5822:5824] [FP] Validating NOC chain[0m
[0;32m[1784654719.789] [5822:5824] [FP] NOC chain validation successful[0m
[0;32m[1784654719.789] [5822:5824] [FP] Updated fabric at index: 0x1, Node ID: 0x000000000001B669[0m
[0;32m[1784654719.789] [5822:5824] [TS] Last Known Good Time: 2023-10-14T01:16:48[0m
[0;32m[1784654719.789] [5822:5824] [TS] New proposed Last Known Good Time: 2021-01-01T00:00:00[0m
[0;32m[1784654719.789] [5822:5824] [TS] Retaining current Last Known Good Time[0m
[0;32m[1784654719.791] [5822:5824] [FP] Metadata for Fabric 0x1 persisted to storage.[0m
[0;32m[1784654719.793] [5822:5824] [TS] Committing Last Known Good Time to storage: 2023-10-14T01:16:48[0m
[0;32m[1784654719.794] [5822:5824] [CTL] Joined the fabric at index 1. Fabric ID is 0x0000000000000001 (Compressed Fabric ID: DE9773FE38B53D6B)[0m
[0;32m[1784654719.800] [5822:5824] [TOO] Sending command to node 0x1[0m
[0;34m[1784654719.800] [5822:5824] [CSM] FindOrEstablishSession: PeerId = [1:0000000000000001][0m
[0;34m[1784654719.800] [5822:5824] [CSM] FindOrEstablishSession: No existing OperationalSessionSetup instance found[0m
[0;34m[1784654719.800] [5822:5824] [DIS] OperationalSessionSetup[1:0000000000000001]: State change 1 --> 2[0m
[0;32m[1784654719.801] [5822:5824] [DIS] Lookup started for DE9773FE38B53D6B-0000000000000001[0m
[0;32m[1784654719.801] [5822:5824] [DIS] UDP:[fe80::bfe:a203:38f0:bce7%enp0s3]:5540: new best score: 7 (for DE9773FE38B53D6B-0000000000000001)[0m
[0;34m[1784654719.801] [5822:5824] [DIS] Lookup clearing interface for non LL address[0m
[0;32m[1784654719.801] [5822:5824] [DIS] UDP:10.0.2.15%enp0s3:5540: new best score: 2 (for DE9773FE38B53D6B-0000000000000001)[0m
[0;32m[1784654719.801] [5822:5824] [DIS] Checking node lookup status for DE9773FE38B53D6B-0000000000000001 after 1 ms[0m
[0;32m[1784654719.801] [5822:5824] [DIS] Keeping DNSSD lookup active[0m
[0;32m[1784654719.801] [5822:5824] [DIS] UDP:[fe80::bfe:a203:38f0:bce7%enp0s3]:5540: score has not improved: 7 (for DE9773FE38B53D6B-0000000000000001)[0m
[0;34m[1784654719.801] [5822:5824] [DIS] Lookup clearing interface for non LL address[0m
[0;32m[1784654719.801] [5822:5824] [DIS] UDP:10.0.2.15%enp0s3:5540: score has not improved: 2 (for DE9773FE38B53D6B-0000000000000001)[0m
[0;32m[1784654719.801] [5822:5824] [DIS] Checking node lookup status for DE9773FE38B53D6B-0000000000000001 after 1 ms[0m
[0;32m[1784654719.801] [5822:5824] [DIS] Keeping DNSSD lookup active[0m
[0;32m[1784654720.001] [5822:5824] [DIS] Checking node lookup status for DE9773FE38B53D6B-0000000000000001 after 201 ms[0m
[0;34m[1784654720.001] [5822:5824] [DIS] OperationalSessionSetup[1:0000000000000001]: Updating device address to UDP:[fe80::bfe:a203:38f0:bce7%enp0s3]:5540 while in state 2[0m
[0;34m[1784654720.001] [5822:5824] [DIS] OperationalSessionSetup[1:0000000000000001]: State change 2 --> 3[0m
[0;34m[1784654720.001] [5822:5824] [IN] SecureSession[0x7ca44c009cd0]: Allocated Type:2 LSID:20232[0m
[0;32m[1784654720.001] [5822:5824] [SC] Initiating session on local FabricIndex 1 from 0x000000000001B669 -> 0x0000000000000001[0m
[0;32m[1784654720.001] [5822:5824] [EM] <<< [E:46783i S:0 M:16443576] (U) Msg TX from 53452F9952600F13 to 0:0000000000000000 [0000] [UDP:[fe80::bfe:a203:38f0:bce7%enp0s3]:5540] --- Type 0000:30 (SecureChannel:CASE_Sigma1) (B:196)[0m
[0;32m[1784654720.001] [5822:5824] [EM] ??1 [E:46783i S:0 M:16443576] (U) Msg Retransmission to 0:0000000000000000 scheduled for 652ms from now [State:Idle II:500 AI:300 AT:4000][0m
[0;32m[1784654720.001] [5822:5824] [SC] Sent Sigma1 msg to <0000000000000001, 1> [II:500ms AI:300ms AT:4000ms][0m
[0;34m[1784654720.001] [5822:5824] [DIS] OperationalSessionSetup[1:0000000000000001]: State change 3 --> 4[0m
[0;32m[1784654720.002] [5822:5824] [EM] >>> [E:46783i S:0 M:215081223 (Ack:16443576)] (U) Msg RX from 0:0000000000000000 [0000] to 53452F9952600F13 --- Type 0000:31 (SecureChannel:CASE_Sigma2) (B:751)[0m
[0;34m[1784654720.002] [5822:5824] [EM] Found matching exchange: 46783i, Delegate: 0x7ca44c00b8e8[0m
[0;34m[1784654720.002] [5822:5824] [EM] Rxd Ack; Removing MessageCounter:16443576 from Retrans Table on exchange 46783i[0m
[0;32m[1784654720.002] [5822:5824] [SC] Received Sigma2 msg[0m
[0;34m[1784654720.002] [5822:5824] [SC] Found MRP parameters in the message[0m
[0;34m[1784654720.003] [5822:5824] [SC] Peer <0000000000000001, 1> assigned session ID 33598[0m
[0;34m[1784654720.003] [5822:5824] [SC] Sending Sigma3[0m
[0;32m[1784654720.003] [5822:5824] [EM] <<< [E:46783i S:0 M:16443577 (Ack:215081223)] (U) Msg TX from 53452F9952600F13 to 0:0000000000000000 [0000] [UDP:[fe80::bfe:a203:38f0:bce7%enp0s3]:5540] --- Type 0000:32 (SecureChannel:CASE_Sigma3) (B:598)[0m
[0;32m[1784654720.003] [5822:5824] [EM] ??1 [E:46783i S:0 M:16443577] (U) Msg Retransmission to 0:0000000000000000 scheduled for 364ms from now [State:Active II:500 AI:300 AT:4000][0m
[0;32m[1784654720.003] [5822:5824] [SC] Sent Sigma3 msg[0m
[0;32m[1784654720.013] [5822:5824] [EM] >>> [E:46783i S:0 M:215081224 (Ack:16443577)] (U) Msg RX from 0:0000000000000000 [0000] to 53452F9952600F13 --- Type 0000:40 (SecureChannel:StatusReport) (B:34)[0m
[0;34m[1784654720.013] [5822:5824] [EM] Found matching exchange: 46783i, Delegate: 0x7ca44c00b8e8[0m
[0;34m[1784654720.013] [5822:5824] [EM] Rxd Ack; Removing MessageCounter:16443577 from Retrans Table on exchange 46783i[0m
[0;32m[1784654720.013] [5822:5824] [SC] Success status report received. Session was established[0m
[0;32m[1784654720.014] [5822:5824] [SC] SecureSession[0x7ca44c009cd0, LSID:20232]: State change 'kEstablishing' --> 'kActive'[0m
[0;34m[1784654720.014] [5822:5824] [IN] SecureSession[0x7ca44c009cd0]: Activated - Type:2 LSID:20232[0m
[0;34m[1784654720.014] [5822:5824] [IN] New secure session activated for device <0000000000000001, 1>, LSID:20232 PSID:33598![0m
[0;34m[1784654720.014] [5822:5824] [DIS] OperationalSessionSetup[1:0000000000000001]: State change 4 --> 5[0m
[0;32m[1784654720.015] [5822:5824] [TOO] Sending cluster (0x0000003E) command (0x00000007) on endpoint 0[0m
[0;34m[1784654720.015] [5822:5824] [DMG] ICR moving to [AddingComm][0m
[0;34m[1784654720.015] [5822:5824] [DMG] ICR moving to [AddedComma][0m
[0;32m[1784654720.015] [5822:5824] [EM] <<< [E:46784i S:20232 M:230890] (S) Msg TX from 000000000001B669 to 1:0000000000000001 [3D6B] [UDP:[fe80::bfe:a203:38f0:bce7%enp0s3]:5540] --- Type 0001:08 (IM:InvokeCommandRequest) (B:330)[0m
[0;32m[1784654720.015] [5822:5824] [EM] ??1 [E:46784i S:20232 M:230890] (S) Msg Retransmission to 1:0000000000000001 scheduled for 380ms from now [State:Active II:500 AI:300 AT:4000][0m
[0;34m[1784654720.015] [5822:5824] [DMG] ICR moving to [AwaitingRe][0m
[0;32m[1784654720.015] [5822:5824] [EM] <<< [E:46783i S:0 M:16443578 (Ack:215081224)] (U) Msg TX from 53452F9952600F13 to 0:0000000000000000 [0000] [UDP:[fe80::bfe:a203:38f0:bce7%enp0s3]:5540] --- Type 0000:10 (SecureChannel:StandaloneAck) (B:26)[0m
[0;34m[1784654720.015] [5822:5824] [EM] Flushed pending ack for MessageCounter:215081224 on exchange 46783i[0m
[0;32m[1784654720.025] [5822:5824] [EM] >>> [E:46784i S:20232 M:88818801 (Ack:230890)] (S) Msg RX from 1:0000000000000001 [3D6B] to 000000000001B669 --- Type 0001:09 (IM:InvokeCommandResponse) (B:70)[0m
[0;34m[1784654720.025] [5822:5824] [EM] Found matching exchange: 46784i, Delegate: 0x7ca44c00eef8[0m
[0;34m[1784654720.025] [5822:5824] [EM] Rxd Ack; Removing MessageCounter:230890 from Retrans Table on exchange 46784i[0m
[0;34m[1784654720.025] [5822:5824] [DMG] ICR moving to [ResponseRe][0m
[0;34m[1784654720.025] [5822:5824] [DMG] InvokeResponseMessage =[0m
[0;34m[1784654720.025] [5822:5824] [DMG] {[0m
[0;34m[1784654720.025] [5822:5824] [DMG] 	suppressResponse = false, [0m
[0;34m[1784654720.025] [5822:5824] [DMG] 	InvokeResponseIBs =[0m
[0;34m[1784654720.025] [5822:5824] [DMG] 	[[0m
[0;34m[1784654720.025] [5822:5824] [DMG] 		InvokeResponseIB =[0m
[0;34m[1784654720.025] [5822:5824] [DMG] 		{[0m
[0;34m[1784654720.025] [5822:5824] [DMG] 			CommandDataIB =[0m
[0;34m[1784654720.025] [5822:5824] [DMG] 			{[0m
[0;34m[1784654720.025] [5822:5824] [DMG] 				CommandPathIB =[0m
[0;34m[1784654720.025] [5822:5824] [DMG] 				{[0m
[0;34m[1784654720.025] [5822:5824] [DMG] 					EndpointId = 0x0,[0m
[0;34m[1784654720.025] [5822:5824] [DMG] 					ClusterId = 0x3e,[0m
[0;34m[1784654720.025] [5822:5824] [DMG] 					CommandId = 0x8,[0m
[0;34m[1784654720.025] [5822:5824] [DMG] 				},[0m
[0;34m[1784654720.025] [5822:5824] [DMG] 				[0m
[0;34m[1784654720.025] [5822:5824] [DMG] 				CommandFields = [0m
[0;34m[1784654720.025] [5822:5824] [DMG] 				{[0m
[0;34m[1784654720.025] [5822:5824] [DMG] 					0x0 = 0 (unsigned), [0m
[0;34m[1784654720.025] [5822:5824] [DMG] 					0x1 = 1 (unsigned), [0m
[0;34m[1784654720.025] [5822:5824] [DMG] 				},[0m
[0;34m[1784654720.025] [5822:5824] [DMG] 			},[0m
[0;34m[1784654720.025] [5822:5824] [DMG] 			[0m
[0;34m[1784654720.025] [5822:5824] [DMG] 		},[0m
[0;34m[1784654720.025] [5822:5824] [DMG] 		[0m
[0;34m[1784654720.025] [5822:5824] [DMG] 	],[0m
[0;34m[1784654720.025] [5822:5824] [DMG] 	[0m
[0;34m[1784654720.025] [5822:5824] [DMG] 	InteractionModelRevision = 12[0m
[0;34m[1784654720.025] [5822:5824] [DMG] },[0m
[0;32m[1784654720.025] [5822:5824] [DMG] Received Command Response Data, Endpoint=0 Cluster=0x0000_003E Command=0x0000_0008[0m
[0;32m[1784654720.025] [5822:5824] [TOO] Endpoint: 0 Cluster: 0x0000_003E Command 0x0000_0008[0m
[0;32m[1784654720.025] [5822:5824] [TOO]   NOCResponse: {[0m
[0;32m[1784654720.025] [5822:5824] [TOO]     statusCode: 0[0m
[0;32m[1784654720.025] [5822:5824] [TOO]     fabricIndex: 1[0m
[0;32m[1784654720.025] [5822:5824] [TOO]    }[0m
[0;34m[1784654720.025] [5822:5824] [DMG] ICR moving to [AwaitingDe][0m
[0;32m[1784654720.025] [5822:5824] [EM] <<< [E:46784i S:20232 M:230891 (Ack:88818801)] (S) Msg TX from 000000000001B669 to 1:0000000000000001 [3D6B] [UDP:[fe80::bfe:a203:38f0:bce7%enp0s3]:5540] --- Type 0000:10 (SecureChannel:StandaloneAck) (B:34)[0m
[0;34m[1784654720.025] [5822:5824] [EM] Flushed pending ack for MessageCounter:88818801 on exchange 46784i[0m
[0;34m[1784654720.026] [5822:5822] [CTL] Shutting down the commissioner[0m
[0;32m[1784654720.026] [5822:5822] [PAF] WiFiPAF: Closing all WiFiPAF sessions to shutdown[0m
[0;34m[1784654720.026] [5822:5822] [CTL] Shutting down the controller[0m
[0;34m[1784654720.026] [5822:5822] [IN] Expiring all sessions for fabric 0x1!![0m
[0;34m[1784654720.026] [5822:5822] [IN] SecureSession[0x7ca44c009cd0]: MarkForEviction Type:2 LSID:20232[0m
[0;32m[1784654720.026] [5822:5822] [SC] SecureSession[0x7ca44c009cd0, LSID:20232]: State change 'kActive' --> 'kPendingEviction'[0m
[0;34m[1784654720.026] [5822:5822] [IN] SecureSession[0x7ca44c009cd0]: Released - Type:2 LSID:20232[0m
[0;32m[1784654720.026] [5822:5822] [FP] Forgetting fabric 0x1[0m
[0;32m[1784654720.026] [5822:5822] [TS] Pending Last Known Good Time: 2023-10-14T01:16:48[0m
[0;32m[1784654720.026] [5822:5822] [TS] Previous Last Known Good Time: 2023-10-14T01:16:48[0m
[0;32m[1784654720.026] [5822:5822] [TS] Reverted Last Known Good Time to previous value[0m
[0;34m[1784654720.026] [5822:5822] [CTL] Shutting down the commissioner[0m
[0;32m[1784654720.026] [5822:5822] [PAF] WiFiPAF: Closing all WiFiPAF sessions to shutdown[0m
[0;34m[1784654720.026] [5822:5822] [CTL] Shutting down the controller[0m
[0;34m[1784654720.026] [5822:5822] [CTL] Shutting down the System State, this will teardown the CHIP Stack[0m
[0;34m[1784654720.026] [5822:5822] [DMG] All ReadHandler-s are clean, clear GlobalDirtySet[0m
[0;32m[1784654720.026] [5822:5822] [FP] Shutting down FabricTable[0m
[0;32m[1784654720.026] [5822:5822] [TS] Pending Last Known Good Time: 2023-10-14T01:16:48[0m
[0;32m[1784654720.026] [5822:5822] [TS] Previous Last Known Good Time: 2023-10-14T01:16:48[0m
[0;32m[1784654720.026] [5822:5822] [TS] Reverted Last Known Good Time to previous value[0m
[0;34m[1784654720.029] [5822:5822] [DL] Wrote settings to /tmp/chip_counters.ini[0m
[0;32m[1784654720.029] [5822:5822] [DL] NVS set: chip-counters/total-operational-hours = 0 (0x0)[0m
[0;32m[1784654720.029] [5822:5822] [DL] Inet Layer shutdown[0m
[0;32m[1784654720.029] [5822:5822] [DL] BLE Layer shutdown[0m
[0;32m[1784654720.029] [5822:5822] [DL] WiFi-PAF Layer shutdown[0m
[0;32m[1784654720.029] [5822:5822] [PAF] WiFiPAF: Closing all WiFiPAF sessions to shutdown[0m
[0;32m[1784654720.029] [5822:5822] [DL] System Layer shutdown[0m
