[0;34m[1784656140.143] [10356:10356] [DL] ChipLinuxStorage::Init: Using KVS config file: /tmp/chip_tool_kvs[0m
[1;31m[1784656140.146] [10356:10356] [DL] ChipLinuxStorage::Init: Attempt to re-initialize with KVS config file: /tmp/chip_kvs, IGNORING.[0m
[0;34m[1784656140.147] [10356:10356] [DL] ChipLinuxStorage::Init: Using KVS config file: /tmp/chip_factory.ini[0m
[0;34m[1784656140.147] [10356:10356] [DL] ChipLinuxStorage::Init: Using KVS config file: /tmp/chip_config.ini[0m
[0;34m[1784656140.147] [10356:10356] [DL] ChipLinuxStorage::Init: Using KVS config file: /tmp/chip_counters.ini[0m
[0;34m[1784656140.150] [10356:10356] [DL] Wrote settings to /tmp/chip_counters.ini[0m
[0;32m[1784656140.150] [10356:10356] [DL] NVS set: chip-counters/reboot-count = 4 (0x4)[0m
[0;32m[1784656140.150] [10356:10356] [DL] Got Ethernet interface: enp0s3[0m
[0;32m[1784656140.150] [10356:10356] [DL] Found the primary Ethernet interface:enp0s3[0m
[1;31m[1784656140.150] [10356:10356] [DL] Failed to get WiFi interface[0m
[1;31m[1784656140.150] [10356:10356] [DL] Failed to reset WiFi statistic counts[0m
[0;32m[1784656140.150] [10356:10356] [PAF] WiFiPAF: WiFiPAFLayer::Init()[0m
[0;34m[1784656140.150] [10356:10356] [IN] UDP::Init bind&listen port=0[0m
[0;34m[1784656140.150] [10356:10356] [IN] UDP::Init bound to port=50453[0m
[0;34m[1784656140.150] [10356:10356] [IN] UDP::Init bind&listen port=0[0m
[0;34m[1784656140.150] [10356:10356] [IN] UDP::Init bound to port=33847[0m
[0;34m[1784656140.150] [10356:10356] [IN] BLEBase::Init - setting/overriding transport[0m
[0;34m[1784656140.150] [10356:10356] [IN] WiFiPAFBase::Init - setting/overriding transport[0m
[0;34m[1784656140.150] [10356:10356] [IN] TransportMgr initialized[0m
[0;34m[1784656140.150] [10356:10356] [FP] Initializing FabricTable from persistent storage[0m
[0;32m[1784656140.150] [10356:10356] [TS] Last Known Good Time: 2023-10-14T01:16:48[0m
[0;32m[1784656140.151] [10356:10356] [FP] Fabric index 0x1 was retrieved from storage. Compressed FabricId 0x58DD1EB4AFED482B, FabricId 0x0000000000000001, NodeId 0x000000000001B669, VendorId 0xFFF1[0m
[0;32m[1784656140.151] [10356:10356] [DMG] Ember attribute persistence requires setting up[0m
[0;32m[1784656140.151] [10356:10356] [ZCL] Using ZAP configuration...[0m
[0;34m[1784656140.152] [10356:10356] [CTL] System State Initialized...[0m
[0;32m[1784656140.152] [10356:10356] [CTL] Setting attestation nonce to random value[0m
[0;32m[1784656140.152] [10356:10356] [CTL] Setting CSR nonce to random value[0m
[0;34m[1784656140.152] [10356:10358] [DL] CHIP task running[0m
[0;32m[1784656140.152] [10356:10358] [CTL] Setting attestation nonce to random value[0m
[0;32m[1784656140.152] [10356:10358] [CTL] Setting CSR nonce to random value[0m
[0;32m[1784656140.152] [10356:10358] [CTL] Generating NOC[0m
[0;32m[1784656140.152] [10356:10358] [FP] Validating NOC chain[0m
[0;32m[1784656140.153] [10356:10358] [FP] NOC chain validation successful[0m
[0;32m[1784656140.153] [10356:10358] [FP] Updated fabric at index: 0x1, Node ID: 0x000000000001B669[0m
[0;32m[1784656140.153] [10356:10358] [TS] Last Known Good Time: 2023-10-14T01:16:48[0m
[0;32m[1784656140.153] [10356:10358] [TS] New proposed Last Known Good Time: 2021-01-01T00:00:00[0m
[0;32m[1784656140.153] [10356:10358] [TS] Retaining current Last Known Good Time[0m
[0;32m[1784656140.154] [10356:10358] [FP] Metadata for Fabric 0x1 persisted to storage.[0m
[0;32m[1784656140.155] [10356:10358] [TS] Committing Last Known Good Time to storage: 2023-10-14T01:16:48[0m
[0;32m[1784656140.155] [10356:10358] [CTL] Joined the fabric at index 1. Fabric ID is 0x0000000000000001 (Compressed Fabric ID: 58DD1EB4AFED482B)[0m
[0;32m[1784656140.161] [10356:10358] [TOO] Sending command to node 0x1[0m
[0;34m[1784656140.161] [10356:10358] [CSM] FindOrEstablishSession: PeerId = [1:0000000000000001][0m
[0;34m[1784656140.161] [10356:10358] [CSM] FindOrEstablishSession: No existing OperationalSessionSetup instance found[0m
[0;34m[1784656140.161] [10356:10358] [DIS] OperationalSessionSetup[1:0000000000000001]: State change 1 --> 2[0m
[0;32m[1784656140.161] [10356:10358] [DIS] Lookup started for 58DD1EB4AFED482B-0000000000000001[0m
[0;32m[1784656140.162] [10356:10358] [DIS] UDP:[fe80::bfe:a203:38f0:bce7%enp0s3]:5540: new best score: 7 (for 58DD1EB4AFED482B-0000000000000001)[0m
[0;34m[1784656140.162] [10356:10358] [DIS] Lookup clearing interface for non LL address[0m
[0;32m[1784656140.162] [10356:10358] [DIS] UDP:10.0.2.15%enp0s3:5540: new best score: 2 (for 58DD1EB4AFED482B-0000000000000001)[0m
[0;32m[1784656140.162] [10356:10358] [DIS] Checking node lookup status for 58DD1EB4AFED482B-0000000000000001 after 1 ms[0m
[0;32m[1784656140.162] [10356:10358] [DIS] Keeping DNSSD lookup active[0m
[0;32m[1784656140.162] [10356:10358] [DIS] UDP:[fe80::bfe:a203:38f0:bce7%enp0s3]:5540: score has not improved: 7 (for 58DD1EB4AFED482B-0000000000000001)[0m
[0;34m[1784656140.162] [10356:10358] [DIS] Lookup clearing interface for non LL address[0m
[0;32m[1784656140.162] [10356:10358] [DIS] UDP:10.0.2.15%enp0s3:5540: score has not improved: 2 (for 58DD1EB4AFED482B-0000000000000001)[0m
[0;32m[1784656140.162] [10356:10358] [DIS] Checking node lookup status for 58DD1EB4AFED482B-0000000000000001 after 1 ms[0m
[0;32m[1784656140.162] [10356:10358] [DIS] Keeping DNSSD lookup active[0m
[0;32m[1784656140.364] [10356:10358] [DIS] Checking node lookup status for 58DD1EB4AFED482B-0000000000000001 after 203 ms[0m
[0;34m[1784656140.364] [10356:10358] [DIS] OperationalSessionSetup[1:0000000000000001]: Updating device address to UDP:[fe80::bfe:a203:38f0:bce7%enp0s3]:5540 while in state 2[0m
[0;34m[1784656140.364] [10356:10358] [DIS] OperationalSessionSetup[1:0000000000000001]: State change 2 --> 3[0m
[0;34m[1784656140.364] [10356:10358] [IN] SecureSession[0x737c84009cd0]: Allocated Type:2 LSID:40282[0m
[0;32m[1784656140.364] [10356:10358] [SC] Initiating session on local FabricIndex 1 from 0x000000000001B669 -> 0x0000000000000001[0m
[0;32m[1784656140.364] [10356:10358] [EM] <<< [E:19608i S:0 M:105304783] (U) Msg TX from 97858CFA7B115302 to 0:0000000000000000 [0000] [UDP:[fe80::bfe:a203:38f0:bce7%enp0s3]:5540] --- Type 0000:30 (SecureChannel:CASE_Sigma1) (B:196)[0m
[0;32m[1784656140.365] [10356:10358] [EM] ??1 [E:19608i S:0 M:105304783] (U) Msg Retransmission to 0:0000000000000000 scheduled for 561ms from now [State:Idle II:500 AI:300 AT:4000][0m
[0;32m[1784656140.365] [10356:10358] [SC] Sent Sigma1 msg to <0000000000000001, 1> [II:500ms AI:300ms AT:4000ms][0m
[0;34m[1784656140.365] [10356:10358] [DIS] OperationalSessionSetup[1:0000000000000001]: State change 3 --> 4[0m
[0;32m[1784656140.366] [10356:10358] [EM] >>> [E:19608i S:0 M:221714776 (Ack:105304783)] (U) Msg RX from 0:0000000000000000 [0000] to 97858CFA7B115302 --- Type 0000:31 (SecureChannel:CASE_Sigma2) (B:751)[0m
[0;34m[1784656140.366] [10356:10358] [EM] Found matching exchange: 19608i, Delegate: 0x737c8400b8e8[0m
[0;34m[1784656140.366] [10356:10358] [EM] Rxd Ack; Removing MessageCounter:105304783 from Retrans Table on exchange 19608i[0m
[0;32m[1784656140.366] [10356:10358] [SC] Received Sigma2 msg[0m
[0;34m[1784656140.366] [10356:10358] [SC] Found MRP parameters in the message[0m
[0;34m[1784656140.367] [10356:10358] [SC] Peer <0000000000000001, 1> assigned session ID 32269[0m
[0;34m[1784656140.367] [10356:10358] [SC] Sending Sigma3[0m
[0;32m[1784656140.367] [10356:10358] [EM] <<< [E:19608i S:0 M:105304784 (Ack:221714776)] (U) Msg TX from 97858CFA7B115302 to 0:0000000000000000 [0000] [UDP:[fe80::bfe:a203:38f0:bce7%enp0s3]:5540] --- Type 0000:32 (SecureChannel:CASE_Sigma3) (B:598)[0m
[0;32m[1784656140.367] [10356:10358] [EM] ??1 [E:19608i S:0 M:105304784] (U) Msg Retransmission to 0:0000000000000000 scheduled for 341ms from now [State:Active II:500 AI:300 AT:4000][0m
[0;32m[1784656140.367] [10356:10358] [SC] Sent Sigma3 msg[0m
[0;32m[1784656140.376] [10356:10358] [EM] >>> [E:19608i S:0 M:221714777 (Ack:105304784)] (U) Msg RX from 0:0000000000000000 [0000] to 97858CFA7B115302 --- Type 0000:40 (SecureChannel:StatusReport) (B:34)[0m
[0;34m[1784656140.376] [10356:10358] [EM] Found matching exchange: 19608i, Delegate: 0x737c8400b8e8[0m
[0;34m[1784656140.376] [10356:10358] [EM] Rxd Ack; Removing MessageCounter:105304784 from Retrans Table on exchange 19608i[0m
[0;32m[1784656140.376] [10356:10358] [SC] Success status report received. Session was established[0m
[0;32m[1784656140.378] [10356:10358] [SC] SecureSession[0x737c84009cd0, LSID:40282]: State change 'kEstablishing' --> 'kActive'[0m
[0;34m[1784656140.378] [10356:10358] [IN] SecureSession[0x737c84009cd0]: Activated - Type:2 LSID:40282[0m
[0;34m[1784656140.378] [10356:10358] [IN] New secure session activated for device <0000000000000001, 1>, LSID:40282 PSID:32269![0m
[0;34m[1784656140.378] [10356:10358] [DIS] OperationalSessionSetup[1:0000000000000001]: State change 4 --> 5[0m
[0;32m[1784656140.378] [10356:10358] [TOO] Sending cluster (0x0000003E) command (0x00000004) on endpoint 0[0m
[0;34m[1784656140.378] [10356:10358] [DMG] ICR moving to [AddingComm][0m
[0;34m[1784656140.378] [10356:10358] [DMG] ICR moving to [AddedComma][0m
[0;32m[1784656140.378] [10356:10358] [EM] <<< [E:19609i S:40282 M:49157702] (S) Msg TX from 000000000001B669 to 1:0000000000000001 [482B] [UDP:[fe80::bfe:a203:38f0:bce7%enp0s3]:5540] --- Type 0001:08 (IM:InvokeCommandRequest) (B:96)[0m
[0;32m[1784656140.378] [10356:10358] [EM] ??1 [E:19609i S:40282 M:49157702] (S) Msg Retransmission to 1:0000000000000001 scheduled for 364ms from now [State:Active II:500 AI:300 AT:4000][0m
[0;34m[1784656140.378] [10356:10358] [DMG] ICR moving to [AwaitingRe][0m
[0;32m[1784656140.378] [10356:10358] [EM] <<< [E:19608i S:0 M:105304785 (Ack:221714777)] (U) Msg TX from 97858CFA7B115302 to 0:0000000000000000 [0000] [UDP:[fe80::bfe:a203:38f0:bce7%enp0s3]:5540] --- Type 0000:10 (SecureChannel:StandaloneAck) (B:26)[0m
[0;34m[1784656140.378] [10356:10358] [EM] Flushed pending ack for MessageCounter:221714777 on exchange 19608i[0m
[0;32m[1784656140.379] [10356:10358] [EM] >>> [E:19609i S:40282 M:114838360 (Ack:49157702)] (S) Msg RX from 1:0000000000000001 [482B] to 000000000001B669 --- Type 0001:09 (IM:InvokeCommandResponse) (B:378)[0m
[0;34m[1784656140.379] [10356:10358] [EM] Found matching exchange: 19609i, Delegate: 0x737c8400eef8[0m
[0;34m[1784656140.379] [10356:10358] [EM] Rxd Ack; Removing MessageCounter:49157702 from Retrans Table on exchange 19609i[0m
[0;34m[1784656140.379] [10356:10358] [DMG] ICR moving to [ResponseRe][0m
[0;34m[1784656140.379] [10356:10358] [DMG] InvokeResponseMessage =[0m
[0;34m[1784656140.379] [10356:10358] [DMG] {[0m
[0;34m[1784656140.379] [10356:10358] [DMG] 	suppressResponse = false, [0m
[0;34m[1784656140.379] [10356:10358] [DMG] 	InvokeResponseIBs =[0m
[0;34m[1784656140.379] [10356:10358] [DMG] 	[[0m
[0;34m[1784656140.379] [10356:10358] [DMG] 		InvokeResponseIB =[0m
[0;34m[1784656140.379] [10356:10358] [DMG] 		{[0m
[0;34m[1784656140.379] [10356:10358] [DMG] 			CommandDataIB =[0m
[0;34m[1784656140.379] [10356:10358] [DMG] 			{[0m
[0;34m[1784656140.379] [10356:10358] [DMG] 				CommandPathIB =[0m
[0;34m[1784656140.379] [10356:10358] [DMG] 				{[0m
[0;34m[1784656140.379] [10356:10358] [DMG] 					EndpointId = 0x0,[0m
[0;34m[1784656140.379] [10356:10358] [DMG] 					ClusterId = 0x3e,[0m
[0;34m[1784656140.379] [10356:10358] [DMG] 					CommandId = 0x5,[0m
[0;34m[1784656140.379] [10356:10358] [DMG] 				},[0m
[0;34m[1784656140.379] [10356:10358] [DMG] 				[0m
[0;34m[1784656140.379] [10356:10358] [DMG] 				CommandFields = [0m
[0;34m[1784656140.379] [10356:10358] [DMG] 				{[0m
[0;34m[1784656140.379] [10356:10358] [DMG] 					0x0 = [[0m
[0;34m[1784656140.379] [10356:10358] [DMG] 							0x15, 0x30, 0x01, 0xcc, 0x30, 0x81, 0xc9, 0x30, 0x70, 0x02, 0x01, 0x00, 0x30, 0x0e, 0x31, 0x0c, 0x30, 0x0a, 0x06, 0x03, 0x55, 0x04, 0x0a, 0x0c, 0x03, 0x43, 0x53, 0x52, 0x30, 0x59, 0x30, 0x13, 0x06, 0x07, 0x2a, 0x86, 0x48, 0xce, 0x3d, 0x02, 0x01, 0x06, 0x08, 0x2a, 0x86, 0x48, 0xce, 0x3d, 0x03, 0x01, 0x07, 0x03, 0x42, 0x00, 0x04, 0xb1, 0x0c, 0xce, 0x3e, 0x94, 0xc2, 0x35, 0x43, 0xef, 0xb7, 0xe3, 0x2c, 0x55, 0x85, 0x7f, 0x00, 0x27, 0x31, 0x98, 0x2a, 0x9e, 0xbc, 0xf0, 0x98, 0x6a, 0x2e, 0xea, 0x9e, 0x00, 0xf8, 0x37, 0x9d, 0x00, 0x1f, 0x54, 0x22, 0x7f, 0x0d, 0x8b, 0x32, 0xf4, 0x6a, 0xcf, 0x83, 0x27, 0x8c, 0x79, 0xbf, 0x63, 0xe3, 0xa8, 0x62, 0x2c, 0xc7, 0x6d, 0xd2, 0x1f, 0x3a, 0x68, 0x02, 0xfa, 0x15, 0x7d, 0xf7, 0xa0, 0x00, 0x30, 0x0a, 0x06, 0x08, 0x2a, 0x86, 0x48, 0xce, 0x3d, 0x04, 0x03, 0x02, 0x03, 0x49, 0x00, 0x30, 0x46, 0x02, 0x21, 0x00, 0xa7, 0x75, 0x7f, 0xd6, 0x4e, 0x7b, 0x96, 0xa5, 0x47, 0xa7, 0x62, 0xa7, 0x2d, 0xb7, 0x54, 0x50, 0x14, 0xd0, 0x26, 0x5d, 0x96, 0x2c, 0xd5, 0xd2, 0x2d, 0xe6, 0xb6, 0x8b, 0xd4, 0x3c, 0x0d, 0x50, 0x02, 0x21, 0x00, 0xfd, 0xb4, 0x24, 0x25, 0x35, 0x80, 0x34, 0x48, 0xc9, 0xb5, 0x65, 0xc9, 0xcf, 0x16, 0x31, 0x05, 0x9a, 0x7e, 0x1e, 0x80, 0x74, 0x7d, 0x13, 0x40, 0xe5, 0xdf, 0xc9, 0xc4, 0x8d, 0xd1, 0x4a, 0x74, 0x30, 0x02, 0x20, 0x90, 0xd5, 0x55, 0x7a, 0x7d, 0xec, 0x2e, 0x77, 0x6d, 0x6d, 0xee, 0xa9, 0x6f, 0xdd, 0x72, 0xeb, 0x8d, 0xf7, 0x95, 0xc4, 0xf8, 0xe1, 0xe0, 0xa9, 0xe6, 0xdb, 0xdb, 0x2d, 0xfc, 0x15, 0x64, 0x48, 0x18, [0m
[0;34m[1784656140.379] [10356:10358] [DMG] 					] (244 bytes)[0m
[0;34m[1784656140.379] [10356:10358] [DMG] 					0x1 = [[0m
[0;34m[1784656140.379] [10356:10358] [DMG] 							0xe3, 0xa7, 0xe1, 0x01, 0x29, 0xa8, 0x3a, 0xd9, 0x2c, 0x51, 0xbd, 0xe7, 0xa4, 0x2d, 0x83, 0x3a, 0x0c, 0xea, 0xba, 0x2f, 0xbd, 0x6d, 0xbe, 0xcd, 0x2f, 0x96, 0x76, 0xf8, 0xf6, 0xf7, 0xb3, 0x60, 0xf1, 0x5b, 0x4e, 0xef, 0x7c, 0xaf, 0xf4, 0xd8, 0x01, 0x38, 0xed, 0x55, 0x73, 0xd6, 0xb8, 0x6e, 0x4e, 0x74, 0xb3, 0x0c, 0x28, 0xf5, 0xa8, 0x6e, 0x17, 0xd8, 0x99, 0x9e, 0xf1, 0x3d, 0x10, 0xcb, [0m
[0;34m[1784656140.379] [10356:10358] [DMG] 					] (64 bytes)[0m
[0;34m[1784656140.379] [10356:10358] [DMG] 				},[0m
[0;34m[1784656140.379] [10356:10358] [DMG] 			},[0m
[0;34m[1784656140.379] [10356:10358] [DMG] 			[0m
[0;34m[1784656140.379] [10356:10358] [DMG] 		},[0m
[0;34m[1784656140.379] [10356:10358] [DMG] 		[0m
[0;34m[1784656140.379] [10356:10358] [DMG] 	],[0m
[0;34m[1784656140.379] [10356:10358] [DMG] 	[0m
[0;34m[1784656140.379] [10356:10358] [DMG] 	InteractionModelRevision = 12[0m
[0;34m[1784656140.379] [10356:10358] [DMG] },[0m
[0;32m[1784656140.379] [10356:10358] [DMG] Received Command Response Data, Endpoint=0 Cluster=0x0000_003E Command=0x0000_0005[0m
[0;32m[1784656140.379] [10356:10358] [TOO] Endpoint: 0 Cluster: 0x0000_003E Command 0x0000_0005[0m
[0;32m[1784656140.379] [10356:10358] [TOO]   CSRResponse: {[0m
[0;32m[1784656140.379] [10356:10358] [TOO]     NOCSRElements: 153001CC3081C93070020100300E310C300A060355040A0C034353523059301306072A8648CE3D020106082A8648CE3D03010703420004B10CCE3E94C23543EFB7E32C55857F002731982A9EBCF0986A2EEA9E00F8379D001F54227F0D8B32F46ACF83278C79BF63E3A8622CC76DD21F3A6802FA157DF7A000300A06082A8648CE3D0403020349003046022100A7757FD64E7B96A547A762A72DB7545014D0265D962CD5D22DE6B68BD43C0D50022100FDB4242535803448C9B565C9CF1631059A7E1E80747D1340E5DFC9C48DD14A7430022090D5557A7DEC2E776D6DEEA96FDD72EB8DF795C4F8E1E0A9E6DBDB2DFC15644818[0m
[0;32m[1784656140.379] [10356:10358] [TOO]     attestationSignature: E3A7E10129A83AD92C51BDE7A42D833A0CEABA2FBD6DBECD2F9676F8F6F7B360F15B4EEF7CAFF4D80138ED5573D6B86E4E74B30C28F5A86E17D8999EF13D10CB[0m
[0;32m[1784656140.379] [10356:10358] [TOO]    }[0m
[0;34m[1784656140.379] [10356:10358] [DMG] ICR moving to [AwaitingDe][0m
[0;32m[1784656140.379] [10356:10358] [EM] <<< [E:19609i S:40282 M:49157703 (Ack:114838360)] (S) Msg TX from 000000000001B669 to 1:0000000000000001 [482B] [UDP:[fe80::bfe:a203:38f0:bce7%enp0s3]:5540] --- Type 0000:10 (SecureChannel:StandaloneAck) (B:34)[0m
[0;34m[1784656140.379] [10356:10358] [EM] Flushed pending ack for MessageCounter:114838360 on exchange 19609i[0m
[0;34m[1784656140.379] [10356:10356] [CTL] Shutting down the commissioner[0m
[0;32m[1784656140.379] [10356:10356] [PAF] WiFiPAF: Closing all WiFiPAF sessions to shutdown[0m
[0;34m[1784656140.379] [10356:10356] [CTL] Shutting down the controller[0m
[0;34m[1784656140.379] [10356:10356] [IN] Expiring all sessions for fabric 0x1!![0m
[0;34m[1784656140.379] [10356:10356] [IN] SecureSession[0x737c84009cd0]: MarkForEviction Type:2 LSID:40282[0m
[0;32m[1784656140.379] [10356:10356] [SC] SecureSession[0x737c84009cd0, LSID:40282]: State change 'kActive' --> 'kPendingEviction'[0m
[0;34m[1784656140.379] [10356:10356] [IN] SecureSession[0x737c84009cd0]: Released - Type:2 LSID:40282[0m
[0;32m[1784656140.379] [10356:10356] [FP] Forgetting fabric 0x1[0m
[0;32m[1784656140.379] [10356:10356] [TS] Pending Last Known Good Time: 2023-10-14T01:16:48[0m
[0;32m[1784656140.379] [10356:10356] [TS] Previous Last Known Good Time: 2023-10-14T01:16:48[0m
[0;32m[1784656140.379] [10356:10356] [TS] Reverted Last Known Good Time to previous value[0m
[0;34m[1784656140.379] [10356:10356] [CTL] Shutting down the commissioner[0m
[0;32m[1784656140.379] [10356:10356] [PAF] WiFiPAF: Closing all WiFiPAF sessions to shutdown[0m
[0;34m[1784656140.379] [10356:10356] [CTL] Shutting down the controller[0m
[0;34m[1784656140.379] [10356:10356] [CTL] Shutting down the System State, this will teardown the CHIP Stack[0m
[0;34m[1784656140.379] [10356:10356] [DMG] All ReadHandler-s are clean, clear GlobalDirtySet[0m
[0;32m[1784656140.379] [10356:10356] [FP] Shutting down FabricTable[0m
[0;32m[1784656140.379] [10356:10356] [TS] Pending Last Known Good Time: 2023-10-14T01:16:48[0m
[0;32m[1784656140.379] [10356:10356] [TS] Previous Last Known Good Time: 2023-10-14T01:16:48[0m
[0;32m[1784656140.379] [10356:10356] [TS] Reverted Last Known Good Time to previous value[0m
[0;34m[1784656140.381] [10356:10356] [DL] Wrote settings to /tmp/chip_counters.ini[0m
[0;32m[1784656140.381] [10356:10356] [DL] NVS set: chip-counters/total-operational-hours = 0 (0x0)[0m
[0;32m[1784656140.381] [10356:10356] [DL] Inet Layer shutdown[0m
[0;32m[1784656140.381] [10356:10356] [DL] BLE Layer shutdown[0m
[0;32m[1784656140.381] [10356:10356] [DL] WiFi-PAF Layer shutdown[0m
[0;32m[1784656140.381] [10356:10356] [PAF] WiFiPAF: Closing all WiFiPAF sessions to shutdown[0m
[0;32m[1784656140.381] [10356:10356] [DL] System Layer shutdown[0m
