[0;34m[1784656140.796] [10369:10369] [DL] ChipLinuxStorage::Init: Using KVS config file: /tmp/chip_tool_kvs[0m
[1;31m[1784656140.797] [10369:10369] [DL] ChipLinuxStorage::Init: Attempt to re-initialize with KVS config file: /tmp/chip_kvs, IGNORING.[0m
[0;34m[1784656140.798] [10369:10369] [DL] ChipLinuxStorage::Init: Using KVS config file: /tmp/chip_factory.ini[0m
[0;34m[1784656140.798] [10369:10369] [DL] ChipLinuxStorage::Init: Using KVS config file: /tmp/chip_config.ini[0m
[0;34m[1784656140.798] [10369:10369] [DL] ChipLinuxStorage::Init: Using KVS config file: /tmp/chip_counters.ini[0m
[0;34m[1784656140.801] [10369:10369] [DL] Wrote settings to /tmp/chip_counters.ini[0m
[0;32m[1784656140.801] [10369:10369] [DL] NVS set: chip-counters/reboot-count = 6 (0x6)[0m
[0;32m[1784656140.801] [10369:10369] [DL] Got Ethernet interface: enp0s3[0m
[0;32m[1784656140.801] [10369:10369] [DL] Found the primary Ethernet interface:enp0s3[0m
[1;31m[1784656140.801] [10369:10369] [DL] Failed to get WiFi interface[0m
[1;31m[1784656140.801] [10369:10369] [DL] Failed to reset WiFi statistic counts[0m
[0;32m[1784656140.801] [10369:10369] [PAF] WiFiPAF: WiFiPAFLayer::Init()[0m
[0;34m[1784656140.802] [10369:10369] [IN] UDP::Init bind&listen port=0[0m
[0;34m[1784656140.802] [10369:10369] [IN] UDP::Init bound to port=35609[0m
[0;34m[1784656140.802] [10369:10369] [IN] UDP::Init bind&listen port=0[0m
[0;34m[1784656140.802] [10369:10369] [IN] UDP::Init bound to port=51384[0m
[0;34m[1784656140.802] [10369:10369] [IN] BLEBase::Init - setting/overriding transport[0m
[0;34m[1784656140.802] [10369:10369] [IN] WiFiPAFBase::Init - setting/overriding transport[0m
[0;34m[1784656140.802] [10369:10369] [IN] TransportMgr initialized[0m
[0;34m[1784656140.802] [10369:10369] [FP] Initializing FabricTable from persistent storage[0m
[0;32m[1784656140.802] [10369:10369] [TS] Last Known Good Time: 2023-10-14T01:16:48[0m
[0;32m[1784656140.802] [10369:10369] [FP] Fabric index 0x1 was retrieved from storage. Compressed FabricId 0x58DD1EB4AFED482B, FabricId 0x0000000000000001, NodeId 0x000000000001B669, VendorId 0xFFF1[0m
[0;32m[1784656140.803] [10369:10369] [DMG] Ember attribute persistence requires setting up[0m
[0;32m[1784656140.803] [10369:10369] [ZCL] Using ZAP configuration...[0m
[0;34m[1784656140.803] [10369:10369] [CTL] System State Initialized...[0m
[0;32m[1784656140.803] [10369:10369] [CTL] Setting attestation nonce to random value[0m
[0;32m[1784656140.803] [10369:10369] [CTL] Setting CSR nonce to random value[0m
[0;34m[1784656140.803] [10369:10371] [DL] CHIP task running[0m
[0;32m[1784656140.803] [10369:10371] [CTL] Setting attestation nonce to random value[0m
[0;32m[1784656140.803] [10369:10371] [CTL] Setting CSR nonce to random value[0m
[0;32m[1784656140.804] [10369:10371] [CTL] Generating NOC[0m
[0;32m[1784656140.804] [10369:10371] [FP] Validating NOC chain[0m
[0;32m[1784656140.804] [10369:10371] [FP] NOC chain validation successful[0m
[0;32m[1784656140.804] [10369:10371] [FP] Updated fabric at index: 0x1, Node ID: 0x000000000001B669[0m
[0;32m[1784656140.804] [10369:10371] [TS] Last Known Good Time: 2023-10-14T01:16:48[0m
[0;32m[1784656140.804] [10369:10371] [TS] New proposed Last Known Good Time: 2021-01-01T00:00:00[0m
[0;32m[1784656140.804] [10369:10371] [TS] Retaining current Last Known Good Time[0m
[0;32m[1784656140.806] [10369:10371] [FP] Metadata for Fabric 0x1 persisted to storage.[0m
[0;32m[1784656140.807] [10369:10371] [TS] Committing Last Known Good Time to storage: 2023-10-14T01:16:48[0m
[0;32m[1784656140.808] [10369:10371] [CTL] Joined the fabric at index 1. Fabric ID is 0x0000000000000001 (Compressed Fabric ID: 58DD1EB4AFED482B)[0m
[0;32m[1784656140.813] [10369:10371] [TOO] Sending command to node 0x1[0m
[0;34m[1784656140.814] [10369:10371] [CSM] FindOrEstablishSession: PeerId = [1:0000000000000001][0m
[0;34m[1784656140.814] [10369:10371] [CSM] FindOrEstablishSession: No existing OperationalSessionSetup instance found[0m
[0;34m[1784656140.814] [10369:10371] [DIS] OperationalSessionSetup[1:0000000000000001]: State change 1 --> 2[0m
[0;32m[1784656140.814] [10369:10371] [DIS] Lookup started for 58DD1EB4AFED482B-0000000000000001[0m
[0;32m[1784656140.814] [10369:10371] [DIS] UDP:[fe80::bfe:a203:38f0:bce7%enp0s3]:5540: new best score: 7 (for 58DD1EB4AFED482B-0000000000000001)[0m
[0;34m[1784656140.814] [10369:10371] [DIS] Lookup clearing interface for non LL address[0m
[0;32m[1784656140.814] [10369:10371] [DIS] UDP:10.0.2.15%enp0s3:5540: new best score: 2 (for 58DD1EB4AFED482B-0000000000000001)[0m
[0;32m[1784656140.814] [10369:10371] [DIS] Checking node lookup status for 58DD1EB4AFED482B-0000000000000001 after 1 ms[0m
[0;32m[1784656140.814] [10369:10371] [DIS] Keeping DNSSD lookup active[0m
[0;32m[1784656140.815] [10369:10371] [DIS] UDP:[fe80::bfe:a203:38f0:bce7%enp0s3]:5540: score has not improved: 7 (for 58DD1EB4AFED482B-0000000000000001)[0m
[0;34m[1784656140.815] [10369:10371] [DIS] Lookup clearing interface for non LL address[0m
[0;32m[1784656140.815] [10369:10371] [DIS] UDP:10.0.2.15%enp0s3:5540: score has not improved: 2 (for 58DD1EB4AFED482B-0000000000000001)[0m
[0;32m[1784656140.815] [10369:10371] [DIS] Checking node lookup status for 58DD1EB4AFED482B-0000000000000001 after 1 ms[0m
[0;32m[1784656140.815] [10369:10371] [DIS] Keeping DNSSD lookup active[0m
[0;32m[1784656141.035] [10369:10371] [DIS] Checking node lookup status for 58DD1EB4AFED482B-0000000000000001 after 221 ms[0m
[0;34m[1784656141.035] [10369:10371] [DIS] OperationalSessionSetup[1:0000000000000001]: Updating device address to UDP:[fe80::bfe:a203:38f0:bce7%enp0s3]:5540 while in state 2[0m
[0;34m[1784656141.035] [10369:10371] [DIS] OperationalSessionSetup[1:0000000000000001]: State change 2 --> 3[0m
[0;34m[1784656141.035] [10369:10371] [IN] SecureSession[0x7d2584009cd0]: Allocated Type:2 LSID:14841[0m
[0;32m[1784656141.035] [10369:10371] [SC] Initiating session on local FabricIndex 1 from 0x000000000001B669 -> 0x0000000000000001[0m
[0;32m[1784656141.036] [10369:10371] [EM] <<< [E:19999i S:0 M:63744213] (U) Msg TX from A9EFF370E84E9F2B to 0:0000000000000000 [0000] [UDP:[fe80::bfe:a203:38f0:bce7%enp0s3]:5540] --- Type 0000:30 (SecureChannel:CASE_Sigma1) (B:196)[0m
[0;32m[1784656141.037] [10369:10371] [EM] ??1 [E:19999i S:0 M:63744213] (U) Msg Retransmission to 0:0000000000000000 scheduled for 670ms from now [State:Idle II:500 AI:300 AT:4000][0m
[0;32m[1784656141.037] [10369:10371] [SC] Sent Sigma1 msg to <0000000000000001, 1> [II:500ms AI:300ms AT:4000ms][0m
[0;34m[1784656141.037] [10369:10371] [DIS] OperationalSessionSetup[1:0000000000000001]: State change 3 --> 4[0m
[0;32m[1784656141.041] [10369:10371] [EM] >>> [E:19999i S:0 M:221714780 (Ack:63744213)] (U) Msg RX from 0:0000000000000000 [0000] to A9EFF370E84E9F2B --- Type 0000:31 (SecureChannel:CASE_Sigma2) (B:751)[0m
[0;34m[1784656141.041] [10369:10371] [EM] Found matching exchange: 19999i, Delegate: 0x7d258400b8e8[0m
[0;34m[1784656141.041] [10369:10371] [EM] Rxd Ack; Removing MessageCounter:63744213 from Retrans Table on exchange 19999i[0m
[0;32m[1784656141.041] [10369:10371] [SC] Received Sigma2 msg[0m
[0;34m[1784656141.042] [10369:10371] [SC] Found MRP parameters in the message[0m
[0;34m[1784656141.043] [10369:10371] [SC] Peer <0000000000000001, 1> assigned session ID 32271[0m
[0;34m[1784656141.043] [10369:10371] [SC] Sending Sigma3[0m
[0;32m[1784656141.043] [10369:10371] [EM] <<< [E:19999i S:0 M:63744214 (Ack:221714780)] (U) Msg TX from A9EFF370E84E9F2B to 0:0000000000000000 [0000] [UDP:[fe80::bfe:a203:38f0:bce7%enp0s3]:5540] --- Type 0000:32 (SecureChannel:CASE_Sigma3) (B:598)[0m
[0;32m[1784656141.043] [10369:10371] [EM] ??1 [E:19999i S:0 M:63744214] (U) Msg Retransmission to 0:0000000000000000 scheduled for 344ms from now [State:Active II:500 AI:300 AT:4000][0m
[0;32m[1784656141.043] [10369:10371] [SC] Sent Sigma3 msg[0m
[0;32m[1784656141.052] [10369:10371] [EM] >>> [E:19999i S:0 M:221714781 (Ack:63744214)] (U) Msg RX from 0:0000000000000000 [0000] to A9EFF370E84E9F2B --- Type 0000:40 (SecureChannel:StatusReport) (B:34)[0m
[0;34m[1784656141.052] [10369:10371] [EM] Found matching exchange: 19999i, Delegate: 0x7d258400b8e8[0m
[0;34m[1784656141.052] [10369:10371] [EM] Rxd Ack; Removing MessageCounter:63744214 from Retrans Table on exchange 19999i[0m
[0;32m[1784656141.052] [10369:10371] [SC] Success status report received. Session was established[0m
[0;32m[1784656141.053] [10369:10371] [SC] SecureSession[0x7d2584009cd0, LSID:14841]: State change 'kEstablishing' --> 'kActive'[0m
[0;34m[1784656141.053] [10369:10371] [IN] SecureSession[0x7d2584009cd0]: Activated - Type:2 LSID:14841[0m
[0;34m[1784656141.053] [10369:10371] [IN] New secure session activated for device <0000000000000001, 1>, LSID:14841 PSID:32271![0m
[0;34m[1784656141.053] [10369:10371] [DIS] OperationalSessionSetup[1:0000000000000001]: State change 4 --> 5[0m
[0;32m[1784656141.053] [10369:10371] [TOO] Sending cluster (0x0000003E) command (0x00000007) on endpoint 0[0m
[0;34m[1784656141.053] [10369:10371] [DMG] ICR moving to [AddingComm][0m
[0;34m[1784656141.053] [10369:10371] [DMG] ICR moving to [AddedComma][0m
[0;32m[1784656141.053] [10369:10371] [EM] <<< [E:20000i S:14841 M:150633217] (S) Msg TX from 000000000001B669 to 1:0000000000000001 [482B] [UDP:[fe80::bfe:a203:38f0:bce7%enp0s3]:5540] --- Type 0001:08 (IM:InvokeCommandRequest) (B:330)[0m
[0;32m[1784656141.054] [10369:10371] [EM] ??1 [E:20000i S:14841 M:150633217] (S) Msg Retransmission to 1:0000000000000001 scheduled for 341ms from now [State:Active II:500 AI:300 AT:4000][0m
[0;34m[1784656141.054] [10369:10371] [DMG] ICR moving to [AwaitingRe][0m
[0;32m[1784656141.054] [10369:10371] [EM] <<< [E:19999i S:0 M:63744215 (Ack:221714781)] (U) Msg TX from A9EFF370E84E9F2B to 0:0000000000000000 [0000] [UDP:[fe80::bfe:a203:38f0:bce7%enp0s3]:5540] --- Type 0000:10 (SecureChannel:StandaloneAck) (B:26)[0m
[0;34m[1784656141.054] [10369:10371] [EM] Flushed pending ack for MessageCounter:221714781 on exchange 19999i[0m
[0;32m[1784656141.062] [10369:10371] [EM] >>> [E:20000i S:14841 M:41790075 (Ack:150633217)] (S) Msg RX from 1:0000000000000001 [482B] to 000000000001B669 --- Type 0001:09 (IM:InvokeCommandResponse) (B:70)[0m
[0;34m[1784656141.062] [10369:10371] [EM] Found matching exchange: 20000i, Delegate: 0x7d258400eef8[0m
[0;34m[1784656141.062] [10369:10371] [EM] Rxd Ack; Removing MessageCounter:150633217 from Retrans Table on exchange 20000i[0m
[0;34m[1784656141.062] [10369:10371] [DMG] ICR moving to [ResponseRe][0m
[0;34m[1784656141.062] [10369:10371] [DMG] InvokeResponseMessage =[0m
[0;34m[1784656141.062] [10369:10371] [DMG] {[0m
[0;34m[1784656141.062] [10369:10371] [DMG] 	suppressResponse = false, [0m
[0;34m[1784656141.062] [10369:10371] [DMG] 	InvokeResponseIBs =[0m
[0;34m[1784656141.062] [10369:10371] [DMG] 	[[0m
[0;34m[1784656141.062] [10369:10371] [DMG] 		InvokeResponseIB =[0m
[0;34m[1784656141.062] [10369:10371] [DMG] 		{[0m
[0;34m[1784656141.062] [10369:10371] [DMG] 			CommandDataIB =[0m
[0;34m[1784656141.062] [10369:10371] [DMG] 			{[0m
[0;34m[1784656141.062] [10369:10371] [DMG] 				CommandPathIB =[0m
[0;34m[1784656141.062] [10369:10371] [DMG] 				{[0m
[0;34m[1784656141.062] [10369:10371] [DMG] 					EndpointId = 0x0,[0m
[0;34m[1784656141.062] [10369:10371] [DMG] 					ClusterId = 0x3e,[0m
[0;34m[1784656141.062] [10369:10371] [DMG] 					CommandId = 0x8,[0m
[0;34m[1784656141.062] [10369:10371] [DMG] 				},[0m
[0;34m[1784656141.062] [10369:10371] [DMG] 				[0m
[0;34m[1784656141.062] [10369:10371] [DMG] 				CommandFields = [0m
[0;34m[1784656141.062] [10369:10371] [DMG] 				{[0m
[0;34m[1784656141.062] [10369:10371] [DMG] 					0x0 = 0 (unsigned), [0m
[0;34m[1784656141.062] [10369:10371] [DMG] 					0x1 = 1 (unsigned), [0m
[0;34m[1784656141.062] [10369:10371] [DMG] 				},[0m
[0;34m[1784656141.062] [10369:10371] [DMG] 			},[0m
[0;34m[1784656141.062] [10369:10371] [DMG] 			[0m
[0;34m[1784656141.062] [10369:10371] [DMG] 		},[0m
[0;34m[1784656141.062] [10369:10371] [DMG] 		[0m
[0;34m[1784656141.062] [10369:10371] [DMG] 	],[0m
[0;34m[1784656141.062] [10369:10371] [DMG] 	[0m
[0;34m[1784656141.062] [10369:10371] [DMG] 	InteractionModelRevision = 12[0m
[0;34m[1784656141.062] [10369:10371] [DMG] },[0m
[0;32m[1784656141.062] [10369:10371] [DMG] Received Command Response Data, Endpoint=0 Cluster=0x0000_003E Command=0x0000_0008[0m
[0;32m[1784656141.062] [10369:10371] [TOO] Endpoint: 0 Cluster: 0x0000_003E Command 0x0000_0008[0m
[0;32m[1784656141.062] [10369:10371] [TOO]   NOCResponse: {[0m
[0;32m[1784656141.062] [10369:10371] [TOO]     statusCode: 0[0m
[0;32m[1784656141.062] [10369:10371] [TOO]     fabricIndex: 1[0m
[0;32m[1784656141.062] [10369:10371] [TOO]    }[0m
[0;34m[1784656141.062] [10369:10371] [DMG] ICR moving to [AwaitingDe][0m
[0;32m[1784656141.062] [10369:10371] [EM] <<< [E:20000i S:14841 M:150633218 (Ack:41790075)] (S) Msg TX from 000000000001B669 to 1:0000000000000001 [482B] [UDP:[fe80::bfe:a203:38f0:bce7%enp0s3]:5540] --- Type 0000:10 (SecureChannel:StandaloneAck) (B:34)[0m
[0;34m[1784656141.063] [10369:10371] [EM] Flushed pending ack for MessageCounter:41790075 on exchange 20000i[0m
[0;34m[1784656141.063] [10369:10369] [CTL] Shutting down the commissioner[0m
[0;32m[1784656141.063] [10369:10369] [PAF] WiFiPAF: Closing all WiFiPAF sessions to shutdown[0m
[0;34m[1784656141.063] [10369:10369] [CTL] Shutting down the controller[0m
[0;34m[1784656141.063] [10369:10369] [IN] Expiring all sessions for fabric 0x1!![0m
[0;34m[1784656141.063] [10369:10369] [IN] SecureSession[0x7d2584009cd0]: MarkForEviction Type:2 LSID:14841[0m
[0;32m[1784656141.063] [10369:10369] [SC] SecureSession[0x7d2584009cd0, LSID:14841]: State change 'kActive' --> 'kPendingEviction'[0m
[0;34m[1784656141.063] [10369:10369] [IN] SecureSession[0x7d2584009cd0]: Released - Type:2 LSID:14841[0m
[0;32m[1784656141.063] [10369:10369] [FP] Forgetting fabric 0x1[0m
[0;32m[1784656141.063] [10369:10369] [TS] Pending Last Known Good Time: 2023-10-14T01:16:48[0m
[0;32m[1784656141.063] [10369:10369] [TS] Previous Last Known Good Time: 2023-10-14T01:16:48[0m
[0;32m[1784656141.063] [10369:10369] [TS] Reverted Last Known Good Time to previous value[0m
[0;34m[1784656141.063] [10369:10369] [CTL] Shutting down the commissioner[0m
[0;32m[1784656141.063] [10369:10369] [PAF] WiFiPAF: Closing all WiFiPAF sessions to shutdown[0m
[0;34m[1784656141.063] [10369:10369] [CTL] Shutting down the controller[0m
[0;34m[1784656141.063] [10369:10369] [CTL] Shutting down the System State, this will teardown the CHIP Stack[0m
[0;34m[1784656141.063] [10369:10369] [DMG] All ReadHandler-s are clean, clear GlobalDirtySet[0m
[0;32m[1784656141.063] [10369:10369] [FP] Shutting down FabricTable[0m
[0;32m[1784656141.063] [10369:10369] [TS] Pending Last Known Good Time: 2023-10-14T01:16:48[0m
[0;32m[1784656141.063] [10369:10369] [TS] Previous Last Known Good Time: 2023-10-14T01:16:48[0m
[0;32m[1784656141.063] [10369:10369] [TS] Reverted Last Known Good Time to previous value[0m
[0;34m[1784656141.064] [10369:10369] [DL] Wrote settings to /tmp/chip_counters.ini[0m
[0;32m[1784656141.064] [10369:10369] [DL] NVS set: chip-counters/total-operational-hours = 0 (0x0)[0m
[0;32m[1784656141.064] [10369:10369] [DL] Inet Layer shutdown[0m
[0;32m[1784656141.064] [10369:10369] [DL] BLE Layer shutdown[0m
[0;32m[1784656141.064] [10369:10369] [DL] WiFi-PAF Layer shutdown[0m
[0;32m[1784656141.064] [10369:10369] [PAF] WiFiPAF: Closing all WiFiPAF sessions to shutdown[0m
[0;32m[1784656141.064] [10369:10369] [DL] System Layer shutdown[0m
