[0;34m[1784837240.787] [21022:21022] [DL] ChipLinuxStorage::Init: Using KVS config file: /tmp/chip_tool_kvs[0m
[1;31m[1784837240.787] [21022:21022] [DL] ChipLinuxStorage::Init: Attempt to re-initialize with KVS config file: /tmp/chip_kvs, IGNORING.[0m
[0;34m[1784837240.789] [21022:21022] [DL] ChipLinuxStorage::Init: Using KVS config file: /tmp/chip_factory.ini[0m
[0;34m[1784837240.789] [21022:21022] [DL] ChipLinuxStorage::Init: Using KVS config file: /tmp/chip_config.ini[0m
[0;34m[1784837240.789] [21022:21022] [DL] ChipLinuxStorage::Init: Using KVS config file: /tmp/chip_counters.ini[0m
[0;34m[1784837240.792] [21022:21022] [DL] Wrote settings to /tmp/chip_counters.ini[0m
[0;32m[1784837240.792] [21022:21022] [DL] NVS set: chip-counters/reboot-count = 3 (0x3)[0m
[0;32m[1784837240.792] [21022:21022] [DL] Got Ethernet interface: enp0s3[0m
[0;32m[1784837240.792] [21022:21022] [DL] Found the primary Ethernet interface:enp0s3[0m
[1;31m[1784837240.793] [21022:21022] [DL] Failed to get WiFi interface[0m
[1;31m[1784837240.793] [21022:21022] [DL] Failed to reset WiFi statistic counts[0m
[0;32m[1784837240.793] [21022:21022] [PAF] WiFiPAF: WiFiPAFLayer::Init()[0m
[0;34m[1784837240.793] [21022:21022] [IN] UDP::Init bind&listen port=0[0m
[0;34m[1784837240.793] [21022:21022] [IN] UDP::Init bound to port=42605[0m
[0;34m[1784837240.793] [21022:21022] [IN] UDP::Init bind&listen port=0[0m
[0;34m[1784837240.793] [21022:21022] [IN] UDP::Init bound to port=42802[0m
[0;34m[1784837240.793] [21022:21022] [IN] BLEBase::Init - setting/overriding transport[0m
[0;34m[1784837240.793] [21022:21022] [IN] WiFiPAFBase::Init - setting/overriding transport[0m
[0;34m[1784837240.793] [21022:21022] [IN] TransportMgr initialized[0m
[0;34m[1784837240.793] [21022:21022] [FP] Initializing FabricTable from persistent storage[0m
[0;32m[1784837240.793] [21022:21022] [TS] Last Known Good Time: 2023-10-14T01:16:48[0m
[0;32m[1784837240.793] [21022:21022] [FP] Fabric index 0x1 was retrieved from storage. Compressed FabricId 0xBA20810782ACCB64, FabricId 0x0000000000000001, NodeId 0x000000000001B669, VendorId 0xFFF1[0m
[0;32m[1784837240.794] [21022:21022] [DMG] Ember attribute persistence requires setting up[0m
[0;32m[1784837240.794] [21022:21022] [ZCL] Using ZAP configuration...[0m
[0;34m[1784837240.794] [21022:21022] [CTL] System State Initialized...[0m
[0;32m[1784837240.794] [21022:21022] [CTL] Setting attestation nonce to random value[0m
[0;32m[1784837240.794] [21022:21022] [CTL] Setting CSR nonce to random value[0m
[0;34m[1784837240.794] [21022:21024] [DL] CHIP task running[0m
[0;32m[1784837240.794] [21022:21024] [CTL] Setting attestation nonce to random value[0m
[0;32m[1784837240.794] [21022:21024] [CTL] Setting CSR nonce to random value[0m
[0;32m[1784837240.795] [21022:21024] [CTL] Generating NOC[0m
[0;32m[1784837240.795] [21022:21024] [FP] Validating NOC chain[0m
[0;32m[1784837240.795] [21022:21024] [FP] NOC chain validation successful[0m
[0;32m[1784837240.795] [21022:21024] [FP] Updated fabric at index: 0x1, Node ID: 0x000000000001B669[0m
[0;32m[1784837240.795] [21022:21024] [TS] Last Known Good Time: 2023-10-14T01:16:48[0m
[0;32m[1784837240.795] [21022:21024] [TS] New proposed Last Known Good Time: 2021-01-01T00:00:00[0m
[0;32m[1784837240.795] [21022:21024] [TS] Retaining current Last Known Good Time[0m
[0;32m[1784837240.797] [21022:21024] [FP] Metadata for Fabric 0x1 persisted to storage.[0m
[0;32m[1784837240.798] [21022:21024] [TS] Committing Last Known Good Time to storage: 2023-10-14T01:16:48[0m
[0;32m[1784837240.799] [21022:21024] [CTL] Joined the fabric at index 1. Fabric ID is 0x0000000000000001 (Compressed Fabric ID: BA20810782ACCB64)[0m
[0;32m[1784837240.804] [21022:21024] [TOO] Sending command to node 0x1[0m
[0;34m[1784837240.804] [21022:21024] [CSM] FindOrEstablishSession: PeerId = [1:0000000000000001][0m
[0;34m[1784837240.804] [21022:21024] [CSM] FindOrEstablishSession: No existing OperationalSessionSetup instance found[0m
[0;34m[1784837240.804] [21022:21024] [DIS] OperationalSessionSetup[1:0000000000000001]: State change 1 --> 2[0m
[0;32m[1784837240.805] [21022:21024] [DIS] Lookup started for BA20810782ACCB64-0000000000000001[0m
[0;32m[1784837240.805] [21022:21024] [DIS] UDP:[fe80::bfe:a203:38f0:bce7%enp0s3]:5540: new best score: 7 (for BA20810782ACCB64-0000000000000001)[0m
[0;34m[1784837240.805] [21022:21024] [DIS] Lookup clearing interface for non LL address[0m
[0;32m[1784837240.805] [21022:21024] [DIS] UDP:10.0.2.15%enp0s3:5540: new best score: 2 (for BA20810782ACCB64-0000000000000001)[0m
[0;32m[1784837240.805] [21022:21024] [DIS] Checking node lookup status for BA20810782ACCB64-0000000000000001 after 0 ms[0m
[0;32m[1784837240.805] [21022:21024] [DIS] Keeping DNSSD lookup active[0m
[0;32m[1784837240.805] [21022:21024] [DIS] UDP:[fe80::bfe:a203:38f0:bce7%enp0s3]:5540: score has not improved: 7 (for BA20810782ACCB64-0000000000000001)[0m
[0;34m[1784837240.805] [21022:21024] [DIS] Lookup clearing interface for non LL address[0m
[0;32m[1784837240.805] [21022:21024] [DIS] UDP:10.0.2.15%enp0s3:5540: score has not improved: 2 (for BA20810782ACCB64-0000000000000001)[0m
[0;32m[1784837240.805] [21022:21024] [DIS] Checking node lookup status for BA20810782ACCB64-0000000000000001 after 0 ms[0m
[0;32m[1784837240.805] [21022:21024] [DIS] Keeping DNSSD lookup active[0m
[0;32m[1784837241.010] [21022:21024] [DIS] Checking node lookup status for BA20810782ACCB64-0000000000000001 after 206 ms[0m
[0;34m[1784837241.010] [21022:21024] [DIS] OperationalSessionSetup[1:0000000000000001]: Updating device address to UDP:[fe80::bfe:a203:38f0:bce7%enp0s3]:5540 while in state 2[0m
[0;34m[1784837241.010] [21022:21024] [DIS] OperationalSessionSetup[1:0000000000000001]: State change 2 --> 3[0m
[0;34m[1784837241.011] [21022:21024] [IN] SecureSession[0x758fd4009cd0]: Allocated Type:2 LSID:539[0m
[0;32m[1784837241.011] [21022:21024] [SC] Initiating session on local FabricIndex 1 from 0x000000000001B669 -> 0x0000000000000001[0m
[0;32m[1784837241.011] [21022:21024] [EM] <<< [E:23493i S:0 M:247708398] (U) Msg TX from 20633523AE9E75CA to 0:0000000000000000 [0000] [UDP:[fe80::bfe:a203:38f0:bce7%enp0s3]:5540] --- Type 0000:30 (SecureChannel:CASE_Sigma1) (B:196)[0m
[0;32m[1784837241.011] [21022:21024] [EM] ??1 [E:23493i S:0 M:247708398] (U) Msg Retransmission to 0:0000000000000000 scheduled for 593ms from now [State:Idle II:500 AI:300 AT:4000][0m
[0;32m[1784837241.011] [21022:21024] [SC] Sent Sigma1 msg to <0000000000000001, 1> [II:500ms AI:300ms AT:4000ms][0m
[0;34m[1784837241.011] [21022:21024] [DIS] OperationalSessionSetup[1:0000000000000001]: State change 3 --> 4[0m
[0;32m[1784837241.013] [21022:21024] [EM] >>> [E:23493i S:0 M:92055581 (Ack:247708398)] (U) Msg RX from 0:0000000000000000 [0000] to 20633523AE9E75CA --- Type 0000:31 (SecureChannel:CASE_Sigma2) (B:751)[0m
[0;34m[1784837241.013] [21022:21024] [EM] Found matching exchange: 23493i, Delegate: 0x758fd400b8e8[0m
[0;34m[1784837241.013] [21022:21024] [EM] Rxd Ack; Removing MessageCounter:247708398 from Retrans Table on exchange 23493i[0m
[0;32m[1784837241.013] [21022:21024] [SC] Received Sigma2 msg[0m
[0;34m[1784837241.013] [21022:21024] [SC] Found MRP parameters in the message[0m
[0;34m[1784837241.013] [21022:21024] [SC] Peer <0000000000000001, 1> assigned session ID 6720[0m
[0;34m[1784837241.013] [21022:21024] [SC] Sending Sigma3[0m
[0;32m[1784837241.014] [21022:21024] [EM] <<< [E:23493i S:0 M:247708399 (Ack:92055581)] (U) Msg TX from 20633523AE9E75CA to 0:0000000000000000 [0000] [UDP:[fe80::bfe:a203:38f0:bce7%enp0s3]:5540] --- Type 0000:32 (SecureChannel:CASE_Sigma3) (B:598)[0m
[0;32m[1784837241.014] [21022:21024] [EM] ??1 [E:23493i S:0 M:247708399] (U) Msg Retransmission to 0:0000000000000000 scheduled for 332ms from now [State:Active II:500 AI:300 AT:4000][0m
[0;32m[1784837241.014] [21022:21024] [SC] Sent Sigma3 msg[0m
[0;32m[1784837241.022] [21022:21024] [EM] >>> [E:23493i S:0 M:92055582 (Ack:247708399)] (U) Msg RX from 0:0000000000000000 [0000] to 20633523AE9E75CA --- Type 0000:40 (SecureChannel:StatusReport) (B:34)[0m
[0;34m[1784837241.022] [21022:21024] [EM] Found matching exchange: 23493i, Delegate: 0x758fd400b8e8[0m
[0;34m[1784837241.022] [21022:21024] [EM] Rxd Ack; Removing MessageCounter:247708399 from Retrans Table on exchange 23493i[0m
[0;32m[1784837241.022] [21022:21024] [SC] Success status report received. Session was established[0m
[0;32m[1784837241.024] [21022:21024] [SC] SecureSession[0x758fd4009cd0, LSID:539]: State change 'kEstablishing' --> 'kActive'[0m
[0;34m[1784837241.024] [21022:21024] [IN] SecureSession[0x758fd4009cd0]: Activated - Type:2 LSID:539[0m
[0;34m[1784837241.024] [21022:21024] [IN] New secure session activated for device <0000000000000001, 1>, LSID:539 PSID:6720![0m
[0;34m[1784837241.024] [21022:21024] [DIS] OperationalSessionSetup[1:0000000000000001]: State change 4 --> 5[0m
[0;32m[1784837241.024] [21022:21024] [TOO] Sending ReadAttribute to:[0m
[0;32m[1784837241.024] [21022:21024] [TOO] 	cluster 0x0000_0038, attribute: 0x0000_0000, endpoint 0[0m
[0;34m[1784837241.024] [21022:21024] [DMG] SendReadRequest ReadClient[0x758fd400eef0]: Sending Read Request[0m
[0;32m[1784837241.024] [21022:21024] [DMG] 0 data version filters provided, 0 not relevant, 0 encoded, 0 skipped due to lack of space[0m
[0;32m[1784837241.024] [21022:21024] [EM] <<< [E:23494i S:539 M:95270905] (S) Msg TX from 000000000001B669 to 1:0000000000000001 [CB64] [UDP:[fe80::bfe:a203:38f0:bce7%enp0s3]:5540] --- Type 0001:02 (IM:ReadRequest) (B:51)[0m
[0;32m[1784837241.024] [21022:21024] [EM] ??1 [E:23494i S:539 M:95270905] (S) Msg Retransmission to 1:0000000000000001 scheduled for 383ms from now [State:Active II:500 AI:300 AT:4000][0m
[0;34m[1784837241.024] [21022:21024] [DMG] MoveToState ReadClient[0x758fd400eef0]: Moving to [AwaitingIn][0m
[0;32m[1784837241.024] [21022:21024] [EM] <<< [E:23493i S:0 M:247708400 (Ack:92055582)] (U) Msg TX from 20633523AE9E75CA to 0:0000000000000000 [0000] [UDP:[fe80::bfe:a203:38f0:bce7%enp0s3]:5540] --- Type 0000:10 (SecureChannel:StandaloneAck) (B:26)[0m
[0;34m[1784837241.024] [21022:21024] [EM] Flushed pending ack for MessageCounter:92055582 on exchange 23493i[0m
[0;32m[1784837241.024] [21022:21024] [EM] >>> [E:23494i S:539 M:43815604 (Ack:95270905)] (S) Msg RX from 1:0000000000000001 [CB64] to 000000000001B669 --- Type 0001:05 (IM:ReportData) (B:77)[0m
[0;34m[1784837241.024] [21022:21024] [EM] Found matching exchange: 23494i, Delegate: 0x758fd400ef00[0m
[0;34m[1784837241.024] [21022:21024] [EM] Rxd Ack; Removing MessageCounter:95270905 from Retrans Table on exchange 23494i[0m
[0;34m[1784837241.024] [21022:21024] [DMG] ReportDataMessage =[0m
[0;34m[1784837241.024] [21022:21024] [DMG] {[0m
[0;34m[1784837241.024] [21022:21024] [DMG] 	AttributeReportIBs =[0m
[0;34m[1784837241.024] [21022:21024] [DMG] 	[[0m
[0;34m[1784837241.024] [21022:21024] [DMG] 		AttributeReportIB =[0m
[0;34m[1784837241.024] [21022:21024] [DMG] 		{[0m
[0;34m[1784837241.024] [21022:21024] [DMG] 			AttributeDataIB =[0m
[0;34m[1784837241.024] [21022:21024] [DMG] 			{[0m
[0;34m[1784837241.024] [21022:21024] [DMG] 				DataVersion = 0xe61ce933,[0m
[0;34m[1784837241.024] [21022:21024] [DMG] 				AttributePathIB =[0m
[0;34m[1784837241.024] [21022:21024] [DMG] 				{[0m
[0;34m[1784837241.024] [21022:21024] [DMG] 					Endpoint = 0x0,[0m
[0;34m[1784837241.024] [21022:21024] [DMG] 					Cluster = 0x38,[0m
[0;34m[1784837241.024] [21022:21024] [DMG] 					Attribute = 0x0000_0000,[0m
[0;34m[1784837241.024] [21022:21024] [DMG] 				}[0m
[0;34m[1784837241.024] [21022:21024] [DMG] 					[0m
[0;34m[1784837241.024] [21022:21024] [DMG] 				Data = 838152441024659 (unsigned), [0m
[0;34m[1784837241.024] [21022:21024] [DMG] 			},[0m
[0;34m[1784837241.024] [21022:21024] [DMG] 			[0m
[0;34m[1784837241.024] [21022:21024] [DMG] 		},[0m
[0;34m[1784837241.024] [21022:21024] [DMG] 		[0m
[0;34m[1784837241.024] [21022:21024] [DMG] 	],[0m
[0;34m[1784837241.024] [21022:21024] [DMG] 	[0m
[0;34m[1784837241.024] [21022:21024] [DMG] 	SuppressResponse = true, [0m
[0;34m[1784837241.024] [21022:21024] [DMG] 	InteractionModelRevision = 12[0m
[0;34m[1784837241.024] [21022:21024] [DMG] }[0m
[0;32m[1784837241.024] [21022:21024] [TOO] Endpoint: 0 Cluster: 0x0000_0038 Attribute 0x0000_0000 DataVersion: 3860654387[0m
[0;32m[1784837241.024] [21022:21024] [TOO]   UTCTime: 838152441024659[0m
[0;32m[1784837241.025] [21022:21024] [EM] <<< [E:23494i S:539 M:95270906 (Ack:43815604)] (S) Msg TX from 000000000001B669 to 1:0000000000000001 [CB64] [UDP:[fe80::bfe:a203:38f0:bce7%enp0s3]:5540] --- Type 0000:10 (SecureChannel:StandaloneAck) (B:34)[0m
[0;34m[1784837241.025] [21022:21024] [EM] Flushed pending ack for MessageCounter:43815604 on exchange 23494i[0m
[0;34m[1784837241.025] [21022:21022] [CTL] Shutting down the commissioner[0m
[0;32m[1784837241.025] [21022:21022] [PAF] WiFiPAF: Closing all WiFiPAF sessions to shutdown[0m
[0;34m[1784837241.025] [21022:21022] [CTL] Shutting down the controller[0m
[0;34m[1784837241.025] [21022:21022] [IN] Expiring all sessions for fabric 0x1!![0m
[0;34m[1784837241.025] [21022:21022] [IN] SecureSession[0x758fd4009cd0]: MarkForEviction Type:2 LSID:539[0m
[0;32m[1784837241.025] [21022:21022] [SC] SecureSession[0x758fd4009cd0, LSID:539]: State change 'kActive' --> 'kPendingEviction'[0m
[0;34m[1784837241.025] [21022:21022] [IN] SecureSession[0x758fd4009cd0]: Released - Type:2 LSID:539[0m
[0;32m[1784837241.025] [21022:21022] [FP] Forgetting fabric 0x1[0m
[0;32m[1784837241.025] [21022:21022] [TS] Pending Last Known Good Time: 2023-10-14T01:16:48[0m
[0;32m[1784837241.025] [21022:21022] [TS] Previous Last Known Good Time: 2023-10-14T01:16:48[0m
[0;32m[1784837241.025] [21022:21022] [TS] Reverted Last Known Good Time to previous value[0m
[0;34m[1784837241.025] [21022:21022] [CTL] Shutting down the commissioner[0m
[0;32m[1784837241.025] [21022:21022] [PAF] WiFiPAF: Closing all WiFiPAF sessions to shutdown[0m
[0;34m[1784837241.025] [21022:21022] [CTL] Shutting down the controller[0m
[0;34m[1784837241.025] [21022:21022] [CTL] Shutting down the System State, this will teardown the CHIP Stack[0m
[0;34m[1784837241.025] [21022:21022] [DMG] All ReadHandler-s are clean, clear GlobalDirtySet[0m
[0;32m[1784837241.025] [21022:21022] [FP] Shutting down FabricTable[0m
[0;32m[1784837241.025] [21022:21022] [TS] Pending Last Known Good Time: 2023-10-14T01:16:48[0m
[0;32m[1784837241.025] [21022:21022] [TS] Previous Last Known Good Time: 2023-10-14T01:16:48[0m
[0;32m[1784837241.025] [21022:21022] [TS] Reverted Last Known Good Time to previous value[0m
[0;34m[1784837241.027] [21022:21022] [DL] Wrote settings to /tmp/chip_counters.ini[0m
[0;32m[1784837241.027] [21022:21022] [DL] NVS set: chip-counters/total-operational-hours = 0 (0x0)[0m
[0;32m[1784837241.027] [21022:21022] [DL] Inet Layer shutdown[0m
[0;32m[1784837241.027] [21022:21022] [DL] BLE Layer shutdown[0m
[0;32m[1784837241.027] [21022:21022] [DL] WiFi-PAF Layer shutdown[0m
[0;32m[1784837241.027] [21022:21022] [PAF] WiFiPAF: Closing all WiFiPAF sessions to shutdown[0m
[0;32m[1784837241.027] [21022:21022] [DL] System Layer shutdown[0m
