[0;34m[1784837104.626] [20818:20818] [DL] ChipLinuxStorage::Init: Using KVS config file: /tmp/chip_tool_kvs[0m
[1;31m[1784837104.626] [20818:20818] [DL] ChipLinuxStorage::Init: Attempt to re-initialize with KVS config file: /tmp/chip_kvs, IGNORING.[0m
[0;34m[1784837104.627] [20818:20818] [DL] ChipLinuxStorage::Init: Using KVS config file: /tmp/chip_factory.ini[0m
[0;34m[1784837104.627] [20818:20818] [DL] ChipLinuxStorage::Init: Using KVS config file: /tmp/chip_config.ini[0m
[0;34m[1784837104.627] [20818:20818] [DL] ChipLinuxStorage::Init: Using KVS config file: /tmp/chip_counters.ini[0m
[0;34m[1784837104.630] [20818:20818] [DL] Wrote settings to /tmp/chip_counters.ini[0m
[0;32m[1784837104.630] [20818:20818] [DL] NVS set: chip-counters/reboot-count = 3 (0x3)[0m
[0;32m[1784837104.630] [20818:20818] [DL] Got Ethernet interface: enp0s3[0m
[0;32m[1784837104.630] [20818:20818] [DL] Found the primary Ethernet interface:enp0s3[0m
[1;31m[1784837104.631] [20818:20818] [DL] Failed to get WiFi interface[0m
[1;31m[1784837104.631] [20818:20818] [DL] Failed to reset WiFi statistic counts[0m
[0;32m[1784837104.631] [20818:20818] [PAF] WiFiPAF: WiFiPAFLayer::Init()[0m
[0;34m[1784837104.631] [20818:20818] [IN] UDP::Init bind&listen port=0[0m
[0;34m[1784837104.631] [20818:20818] [IN] UDP::Init bound to port=53957[0m
[0;34m[1784837104.631] [20818:20818] [IN] UDP::Init bind&listen port=0[0m
[0;34m[1784837104.631] [20818:20818] [IN] UDP::Init bound to port=40106[0m
[0;34m[1784837104.631] [20818:20818] [IN] BLEBase::Init - setting/overriding transport[0m
[0;34m[1784837104.631] [20818:20818] [IN] WiFiPAFBase::Init - setting/overriding transport[0m
[0;34m[1784837104.631] [20818:20818] [IN] TransportMgr initialized[0m
[0;34m[1784837104.631] [20818:20818] [FP] Initializing FabricTable from persistent storage[0m
[0;32m[1784837104.631] [20818:20818] [TS] Last Known Good Time: 2023-10-14T01:16:48[0m
[0;32m[1784837104.631] [20818:20818] [FP] Fabric index 0x1 was retrieved from storage. Compressed FabricId 0xA89B645FF390A0E7, FabricId 0x0000000000000001, NodeId 0x000000000001B669, VendorId 0xFFF1[0m
[0;32m[1784837104.632] [20818:20818] [DMG] Ember attribute persistence requires setting up[0m
[0;32m[1784837104.632] [20818:20818] [ZCL] Using ZAP configuration...[0m
[0;34m[1784837104.632] [20818:20818] [CTL] System State Initialized...[0m
[0;32m[1784837104.632] [20818:20818] [CTL] Setting attestation nonce to random value[0m
[0;32m[1784837104.632] [20818:20818] [CTL] Setting CSR nonce to random value[0m
[0;34m[1784837104.632] [20818:20820] [DL] CHIP task running[0m
[0;32m[1784837104.632] [20818:20820] [CTL] Setting attestation nonce to random value[0m
[0;32m[1784837104.632] [20818:20820] [CTL] Setting CSR nonce to random value[0m
[0;32m[1784837104.633] [20818:20820] [CTL] Generating NOC[0m
[0;32m[1784837104.633] [20818:20820] [FP] Validating NOC chain[0m
[0;32m[1784837104.633] [20818:20820] [FP] NOC chain validation successful[0m
[0;32m[1784837104.633] [20818:20820] [FP] Updated fabric at index: 0x1, Node ID: 0x000000000001B669[0m
[0;32m[1784837104.633] [20818:20820] [TS] Last Known Good Time: 2023-10-14T01:16:48[0m
[0;32m[1784837104.633] [20818:20820] [TS] New proposed Last Known Good Time: 2021-01-01T00:00:00[0m
[0;32m[1784837104.633] [20818:20820] [TS] Retaining current Last Known Good Time[0m
[0;32m[1784837104.634] [20818:20820] [FP] Metadata for Fabric 0x1 persisted to storage.[0m
[0;32m[1784837104.635] [20818:20820] [TS] Committing Last Known Good Time to storage: 2023-10-14T01:16:48[0m
[0;32m[1784837104.635] [20818:20820] [CTL] Joined the fabric at index 1. Fabric ID is 0x0000000000000001 (Compressed Fabric ID: A89B645FF390A0E7)[0m
[0;32m[1784837104.641] [20818:20820] [TOO] Sending command to node 0x1[0m
[0;34m[1784837104.642] [20818:20820] [CSM] FindOrEstablishSession: PeerId = [1:0000000000000001][0m
[0;34m[1784837104.642] [20818:20820] [CSM] FindOrEstablishSession: No existing OperationalSessionSetup instance found[0m
[0;34m[1784837104.642] [20818:20820] [DIS] OperationalSessionSetup[1:0000000000000001]: State change 1 --> 2[0m
[0;32m[1784837104.642] [20818:20820] [DIS] Lookup started for A89B645FF390A0E7-0000000000000001[0m
[0;32m[1784837104.642] [20818:20820] [DIS] UDP:[fe80::bfe:a203:38f0:bce7%enp0s3]:5540: new best score: 7 (for A89B645FF390A0E7-0000000000000001)[0m
[0;34m[1784837104.642] [20818:20820] [DIS] Lookup clearing interface for non LL address[0m
[0;32m[1784837104.642] [20818:20820] [DIS] UDP:10.0.2.15%enp0s3:5540: new best score: 2 (for A89B645FF390A0E7-0000000000000001)[0m
[0;32m[1784837104.642] [20818:20820] [DIS] Checking node lookup status for A89B645FF390A0E7-0000000000000001 after 1 ms[0m
[0;32m[1784837104.642] [20818:20820] [DIS] Keeping DNSSD lookup active[0m
[0;32m[1784837104.642] [20818:20820] [DIS] UDP:[fe80::bfe:a203:38f0:bce7%enp0s3]:5540: score has not improved: 7 (for A89B645FF390A0E7-0000000000000001)[0m
[0;34m[1784837104.642] [20818:20820] [DIS] Lookup clearing interface for non LL address[0m
[0;32m[1784837104.642] [20818:20820] [DIS] UDP:10.0.2.15%enp0s3:5540: score has not improved: 2 (for A89B645FF390A0E7-0000000000000001)[0m
[0;32m[1784837104.642] [20818:20820] [DIS] Checking node lookup status for A89B645FF390A0E7-0000000000000001 after 1 ms[0m
[0;32m[1784837104.642] [20818:20820] [DIS] Keeping DNSSD lookup active[0m
[0;32m[1784837104.844] [20818:20820] [DIS] Checking node lookup status for A89B645FF390A0E7-0000000000000001 after 203 ms[0m
[0;34m[1784837104.844] [20818:20820] [DIS] OperationalSessionSetup[1:0000000000000001]: Updating device address to UDP:[fe80::bfe:a203:38f0:bce7%enp0s3]:5540 while in state 2[0m
[0;34m[1784837104.844] [20818:20820] [DIS] OperationalSessionSetup[1:0000000000000001]: State change 2 --> 3[0m
[0;34m[1784837104.844] [20818:20820] [IN] SecureSession[0x71cc48009cd0]: Allocated Type:2 LSID:7122[0m
[0;32m[1784837104.844] [20818:20820] [SC] Initiating session on local FabricIndex 1 from 0x000000000001B669 -> 0x0000000000000001[0m
[0;32m[1784837104.845] [20818:20820] [EM] <<< [E:62770i S:0 M:261791230] (U) Msg TX from 4A4B4D5B84FD1741 to 0:0000000000000000 [0000] [UDP:[fe80::bfe:a203:38f0:bce7%enp0s3]:5540] --- Type 0000:30 (SecureChannel:CASE_Sigma1) (B:196)[0m
[0;32m[1784837104.845] [20818:20820] [EM] ??1 [E:62770i S:0 M:261791230] (U) Msg Retransmission to 0:0000000000000000 scheduled for 624ms from now [State:Idle II:500 AI:300 AT:4000][0m
[0;32m[1784837104.845] [20818:20820] [SC] Sent Sigma1 msg to <0000000000000001, 1> [II:500ms AI:300ms AT:4000ms][0m
[0;34m[1784837104.845] [20818:20820] [DIS] OperationalSessionSetup[1:0000000000000001]: State change 3 --> 4[0m
[0;32m[1784837104.847] [20818:20820] [EM] >>> [E:62770i S:0 M:131535764 (Ack:261791230)] (U) Msg RX from 0:0000000000000000 [0000] to 4A4B4D5B84FD1741 --- Type 0000:31 (SecureChannel:CASE_Sigma2) (B:751)[0m
[0;34m[1784837104.847] [20818:20820] [EM] Found matching exchange: 62770i, Delegate: 0x71cc4800b8e8[0m
[0;34m[1784837104.847] [20818:20820] [EM] Rxd Ack; Removing MessageCounter:261791230 from Retrans Table on exchange 62770i[0m
[0;32m[1784837104.847] [20818:20820] [SC] Received Sigma2 msg[0m
[0;34m[1784837104.847] [20818:20820] [SC] Found MRP parameters in the message[0m
[0;34m[1784837104.849] [20818:20820] [SC] Peer <0000000000000001, 1> assigned session ID 20244[0m
[0;34m[1784837104.849] [20818:20820] [SC] Sending Sigma3[0m
[0;32m[1784837104.849] [20818:20820] [EM] <<< [E:62770i S:0 M:261791231 (Ack:131535764)] (U) Msg TX from 4A4B4D5B84FD1741 to 0:0000000000000000 [0000] [UDP:[fe80::bfe:a203:38f0:bce7%enp0s3]:5540] --- Type 0000:32 (SecureChannel:CASE_Sigma3) (B:598)[0m
[0;32m[1784837104.849] [20818:20820] [EM] ??1 [E:62770i S:0 M:261791231] (U) Msg Retransmission to 0:0000000000000000 scheduled for 390ms from now [State:Active II:500 AI:300 AT:4000][0m
[0;32m[1784837104.849] [20818:20820] [SC] Sent Sigma3 msg[0m
[0;32m[1784837104.860] [20818:20820] [EM] >>> [E:62770i S:0 M:131535765 (Ack:261791231)] (U) Msg RX from 0:0000000000000000 [0000] to 4A4B4D5B84FD1741 --- Type 0000:40 (SecureChannel:StatusReport) (B:34)[0m
[0;34m[1784837104.860] [20818:20820] [EM] Found matching exchange: 62770i, Delegate: 0x71cc4800b8e8[0m
[0;34m[1784837104.860] [20818:20820] [EM] Rxd Ack; Removing MessageCounter:261791231 from Retrans Table on exchange 62770i[0m
[0;32m[1784837104.860] [20818:20820] [SC] Success status report received. Session was established[0m
[0;32m[1784837104.861] [20818:20820] [SC] SecureSession[0x71cc48009cd0, LSID:7122]: State change 'kEstablishing' --> 'kActive'[0m
[0;34m[1784837104.861] [20818:20820] [IN] SecureSession[0x71cc48009cd0]: Activated - Type:2 LSID:7122[0m
[0;34m[1784837104.861] [20818:20820] [IN] New secure session activated for device <0000000000000001, 1>, LSID:7122 PSID:20244![0m
[0;34m[1784837104.861] [20818:20820] [DIS] OperationalSessionSetup[1:0000000000000001]: State change 4 --> 5[0m
[0;32m[1784837104.861] [20818:20820] [TOO] Sending ReadAttribute to:[0m
[0;32m[1784837104.861] [20818:20820] [TOO] 	cluster 0x0000_0038, attribute: 0x0000_0000, endpoint 0[0m
[0;34m[1784837104.861] [20818:20820] [DMG] SendReadRequest ReadClient[0x71cc4800eef0]: Sending Read Request[0m
[0;32m[1784837104.861] [20818:20820] [DMG] 0 data version filters provided, 0 not relevant, 0 encoded, 0 skipped due to lack of space[0m
[0;32m[1784837104.861] [20818:20820] [EM] <<< [E:62771i S:7122 M:113430883] (S) Msg TX from 000000000001B669 to 1:0000000000000001 [A0E7] [UDP:[fe80::bfe:a203:38f0:bce7%enp0s3]:5540] --- Type 0001:02 (IM:ReadRequest) (B:51)[0m
[0;32m[1784837104.861] [20818:20820] [EM] ??1 [E:62771i S:7122 M:113430883] (S) Msg Retransmission to 1:0000000000000001 scheduled for 339ms from now [State:Active II:500 AI:300 AT:4000][0m
[0;34m[1784837104.861] [20818:20820] [DMG] MoveToState ReadClient[0x71cc4800eef0]: Moving to [AwaitingIn][0m
[0;32m[1784837104.861] [20818:20820] [EM] <<< [E:62770i S:0 M:261791232 (Ack:131535765)] (U) Msg TX from 4A4B4D5B84FD1741 to 0:0000000000000000 [0000] [UDP:[fe80::bfe:a203:38f0:bce7%enp0s3]:5540] --- Type 0000:10 (SecureChannel:StandaloneAck) (B:26)[0m
[0;34m[1784837104.861] [20818:20820] [EM] Flushed pending ack for MessageCounter:131535765 on exchange 62770i[0m
[0;32m[1784837104.862] [20818:20820] [EM] >>> [E:62771i S:7122 M:231668385 (Ack:113430883)] (S) Msg RX from 1:0000000000000001 [A0E7] to 000000000001B669 --- Type 0001:05 (IM:ReportData) (B:77)[0m
[0;34m[1784837104.862] [20818:20820] [EM] Found matching exchange: 62771i, Delegate: 0x71cc4800ef00[0m
[0;34m[1784837104.862] [20818:20820] [EM] Rxd Ack; Removing MessageCounter:113430883 from Retrans Table on exchange 62771i[0m
[0;34m[1784837104.862] [20818:20820] [DMG] ReportDataMessage =[0m
[0;34m[1784837104.862] [20818:20820] [DMG] {[0m
[0;34m[1784837104.862] [20818:20820] [DMG] 	AttributeReportIBs =[0m
[0;34m[1784837104.862] [20818:20820] [DMG] 	[[0m
[0;34m[1784837104.862] [20818:20820] [DMG] 		AttributeReportIB =[0m
[0;34m[1784837104.862] [20818:20820] [DMG] 		{[0m
[0;34m[1784837104.862] [20818:20820] [DMG] 			AttributeDataIB =[0m
[0;34m[1784837104.862] [20818:20820] [DMG] 			{[0m
[0;34m[1784837104.862] [20818:20820] [DMG] 				DataVersion = 0xdad3d9dc,[0m
[0;34m[1784837104.862] [20818:20820] [DMG] 				AttributePathIB =[0m
[0;34m[1784837104.862] [20818:20820] [DMG] 				{[0m
[0;34m[1784837104.862] [20818:20820] [DMG] 					Endpoint = 0x0,[0m
[0;34m[1784837104.862] [20818:20820] [DMG] 					Cluster = 0x38,[0m
[0;34m[1784837104.862] [20818:20820] [DMG] 					Attribute = 0x0000_0000,[0m
[0;34m[1784837104.862] [20818:20820] [DMG] 				}[0m
[0;34m[1784837104.862] [20818:20820] [DMG] 					[0m
[0;34m[1784837104.862] [20818:20820] [DMG] 				Data = 838152304862120 (unsigned), [0m
[0;34m[1784837104.862] [20818:20820] [DMG] 			},[0m
[0;34m[1784837104.862] [20818:20820] [DMG] 			[0m
[0;34m[1784837104.862] [20818:20820] [DMG] 		},[0m
[0;34m[1784837104.862] [20818:20820] [DMG] 		[0m
[0;34m[1784837104.862] [20818:20820] [DMG] 	],[0m
[0;34m[1784837104.862] [20818:20820] [DMG] 	[0m
[0;34m[1784837104.862] [20818:20820] [DMG] 	SuppressResponse = true, [0m
[0;34m[1784837104.862] [20818:20820] [DMG] 	InteractionModelRevision = 12[0m
[0;34m[1784837104.862] [20818:20820] [DMG] }[0m
[0;32m[1784837104.862] [20818:20820] [TOO] Endpoint: 0 Cluster: 0x0000_0038 Attribute 0x0000_0000 DataVersion: 3671316956[0m
[0;32m[1784837104.862] [20818:20820] [TOO]   UTCTime: 838152304862120[0m
[0;32m[1784837104.862] [20818:20820] [EM] <<< [E:62771i S:7122 M:113430884 (Ack:231668385)] (S) Msg TX from 000000000001B669 to 1:0000000000000001 [A0E7] [UDP:[fe80::bfe:a203:38f0:bce7%enp0s3]:5540] --- Type 0000:10 (SecureChannel:StandaloneAck) (B:34)[0m
[0;34m[1784837104.862] [20818:20820] [EM] Flushed pending ack for MessageCounter:231668385 on exchange 62771i[0m
[0;34m[1784837104.863] [20818:20818] [CTL] Shutting down the commissioner[0m
[0;32m[1784837104.863] [20818:20818] [PAF] WiFiPAF: Closing all WiFiPAF sessions to shutdown[0m
[0;34m[1784837104.863] [20818:20818] [CTL] Shutting down the controller[0m
[0;34m[1784837104.863] [20818:20818] [IN] Expiring all sessions for fabric 0x1!![0m
[0;34m[1784837104.863] [20818:20818] [IN] SecureSession[0x71cc48009cd0]: MarkForEviction Type:2 LSID:7122[0m
[0;32m[1784837104.863] [20818:20818] [SC] SecureSession[0x71cc48009cd0, LSID:7122]: State change 'kActive' --> 'kPendingEviction'[0m
[0;34m[1784837104.863] [20818:20818] [IN] SecureSession[0x71cc48009cd0]: Released - Type:2 LSID:7122[0m
[0;32m[1784837104.863] [20818:20818] [FP] Forgetting fabric 0x1[0m
[0;32m[1784837104.863] [20818:20818] [TS] Pending Last Known Good Time: 2023-10-14T01:16:48[0m
[0;32m[1784837104.863] [20818:20818] [TS] Previous Last Known Good Time: 2023-10-14T01:16:48[0m
[0;32m[1784837104.863] [20818:20818] [TS] Reverted Last Known Good Time to previous value[0m
[0;34m[1784837104.863] [20818:20818] [CTL] Shutting down the commissioner[0m
[0;32m[1784837104.863] [20818:20818] [PAF] WiFiPAF: Closing all WiFiPAF sessions to shutdown[0m
[0;34m[1784837104.863] [20818:20818] [CTL] Shutting down the controller[0m
[0;34m[1784837104.863] [20818:20818] [CTL] Shutting down the System State, this will teardown the CHIP Stack[0m
[0;34m[1784837104.863] [20818:20818] [DMG] All ReadHandler-s are clean, clear GlobalDirtySet[0m
[0;32m[1784837104.863] [20818:20818] [FP] Shutting down FabricTable[0m
[0;32m[1784837104.863] [20818:20818] [TS] Pending Last Known Good Time: 2023-10-14T01:16:48[0m
[0;32m[1784837104.863] [20818:20818] [TS] Previous Last Known Good Time: 2023-10-14T01:16:48[0m
[0;32m[1784837104.863] [20818:20818] [TS] Reverted Last Known Good Time to previous value[0m
[0;34m[1784837104.865] [20818:20818] [DL] Wrote settings to /tmp/chip_counters.ini[0m
[0;32m[1784837104.865] [20818:20818] [DL] NVS set: chip-counters/total-operational-hours = 0 (0x0)[0m
[0;32m[1784837104.865] [20818:20818] [DL] Inet Layer shutdown[0m
[0;32m[1784837104.865] [20818:20818] [DL] BLE Layer shutdown[0m
[0;32m[1784837104.865] [20818:20818] [DL] WiFi-PAF Layer shutdown[0m
[0;32m[1784837104.865] [20818:20818] [PAF] WiFiPAF: Closing all WiFiPAF sessions to shutdown[0m
[0;32m[1784837104.865] [20818:20818] [DL] System Layer shutdown[0m
