[0;34m[1784837414.615] [21275:21275] [DL] ChipLinuxStorage::Init: Using KVS config file: /tmp/chip_tool_kvs[0m
[1;31m[1784837414.615] [21275:21275] [DL] ChipLinuxStorage::Init: Attempt to re-initialize with KVS config file: /tmp/chip_kvs, IGNORING.[0m
[0;34m[1784837414.617] [21275:21275] [DL] ChipLinuxStorage::Init: Using KVS config file: /tmp/chip_factory.ini[0m
[0;34m[1784837414.617] [21275:21275] [DL] ChipLinuxStorage::Init: Using KVS config file: /tmp/chip_config.ini[0m
[0;34m[1784837414.617] [21275:21275] [DL] ChipLinuxStorage::Init: Using KVS config file: /tmp/chip_counters.ini[0m
[0;34m[1784837414.619] [21275:21275] [DL] Wrote settings to /tmp/chip_counters.ini[0m
[0;32m[1784837414.619] [21275:21275] [DL] NVS set: chip-counters/reboot-count = 3 (0x3)[0m
[0;32m[1784837414.620] [21275:21275] [DL] Got Ethernet interface: enp0s3[0m
[0;32m[1784837414.620] [21275:21275] [DL] Found the primary Ethernet interface:enp0s3[0m
[1;31m[1784837414.620] [21275:21275] [DL] Failed to get WiFi interface[0m
[1;31m[1784837414.620] [21275:21275] [DL] Failed to reset WiFi statistic counts[0m
[0;32m[1784837414.620] [21275:21275] [PAF] WiFiPAF: WiFiPAFLayer::Init()[0m
[0;34m[1784837414.620] [21275:21275] [IN] UDP::Init bind&listen port=0[0m
[0;34m[1784837414.620] [21275:21275] [IN] UDP::Init bound to port=60864[0m
[0;34m[1784837414.620] [21275:21275] [IN] UDP::Init bind&listen port=0[0m
[0;34m[1784837414.620] [21275:21275] [IN] UDP::Init bound to port=33160[0m
[0;34m[1784837414.620] [21275:21275] [IN] BLEBase::Init - setting/overriding transport[0m
[0;34m[1784837414.620] [21275:21275] [IN] WiFiPAFBase::Init - setting/overriding transport[0m
[0;34m[1784837414.620] [21275:21275] [IN] TransportMgr initialized[0m
[0;34m[1784837414.620] [21275:21275] [FP] Initializing FabricTable from persistent storage[0m
[0;32m[1784837414.620] [21275:21275] [TS] Last Known Good Time: 2023-10-14T01:16:48[0m
[0;32m[1784837414.620] [21275:21275] [FP] Fabric index 0x1 was retrieved from storage. Compressed FabricId 0x3CCB6971B3E0925E, FabricId 0x0000000000000001, NodeId 0x000000000001B669, VendorId 0xFFF1[0m
[0;32m[1784837414.622] [21275:21275] [DMG] Ember attribute persistence requires setting up[0m
[0;32m[1784837414.622] [21275:21275] [ZCL] Using ZAP configuration...[0m
[0;34m[1784837414.622] [21275:21275] [CTL] System State Initialized...[0m
[0;32m[1784837414.622] [21275:21275] [CTL] Setting attestation nonce to random value[0m
[0;32m[1784837414.622] [21275:21275] [CTL] Setting CSR nonce to random value[0m
[0;34m[1784837414.622] [21275:21277] [DL] CHIP task running[0m
[0;32m[1784837414.622] [21275:21277] [CTL] Setting attestation nonce to random value[0m
[0;32m[1784837414.622] [21275:21277] [CTL] Setting CSR nonce to random value[0m
[0;32m[1784837414.623] [21275:21277] [CTL] Generating NOC[0m
[0;32m[1784837414.623] [21275:21277] [FP] Validating NOC chain[0m
[0;32m[1784837414.623] [21275:21277] [FP] NOC chain validation successful[0m
[0;32m[1784837414.623] [21275:21277] [FP] Updated fabric at index: 0x1, Node ID: 0x000000000001B669[0m
[0;32m[1784837414.623] [21275:21277] [TS] Last Known Good Time: 2023-10-14T01:16:48[0m
[0;32m[1784837414.623] [21275:21277] [TS] New proposed Last Known Good Time: 2021-01-01T00:00:00[0m
[0;32m[1784837414.623] [21275:21277] [TS] Retaining current Last Known Good Time[0m
[0;32m[1784837414.625] [21275:21277] [FP] Metadata for Fabric 0x1 persisted to storage.[0m
[0;32m[1784837414.625] [21275:21277] [TS] Committing Last Known Good Time to storage: 2023-10-14T01:16:48[0m
[0;32m[1784837414.626] [21275:21277] [CTL] Joined the fabric at index 1. Fabric ID is 0x0000000000000001 (Compressed Fabric ID: 3CCB6971B3E0925E)[0m
[0;32m[1784837414.630] [21275:21277] [TOO] Sending command to node 0x1[0m
[0;34m[1784837414.630] [21275:21277] [CSM] FindOrEstablishSession: PeerId = [1:0000000000000001][0m
[0;34m[1784837414.630] [21275:21277] [CSM] FindOrEstablishSession: No existing OperationalSessionSetup instance found[0m
[0;34m[1784837414.630] [21275:21277] [DIS] OperationalSessionSetup[1:0000000000000001]: State change 1 --> 2[0m
[0;32m[1784837414.631] [21275:21277] [DIS] Lookup started for 3CCB6971B3E0925E-0000000000000001[0m
[0;32m[1784837414.631] [21275:21277] [DIS] UDP:[fe80::bfe:a203:38f0:bce7%enp0s3]:5540: new best score: 7 (for 3CCB6971B3E0925E-0000000000000001)[0m
[0;34m[1784837414.631] [21275:21277] [DIS] Lookup clearing interface for non LL address[0m
[0;32m[1784837414.631] [21275:21277] [DIS] UDP:10.0.2.15%enp0s3:5540: new best score: 2 (for 3CCB6971B3E0925E-0000000000000001)[0m
[0;32m[1784837414.631] [21275:21277] [DIS] Checking node lookup status for 3CCB6971B3E0925E-0000000000000001 after 1 ms[0m
[0;32m[1784837414.631] [21275:21277] [DIS] Keeping DNSSD lookup active[0m
[0;32m[1784837414.631] [21275:21277] [DIS] UDP:[fe80::bfe:a203:38f0:bce7%enp0s3]:5540: score has not improved: 7 (for 3CCB6971B3E0925E-0000000000000001)[0m
[0;34m[1784837414.631] [21275:21277] [DIS] Lookup clearing interface for non LL address[0m
[0;32m[1784837414.631] [21275:21277] [DIS] UDP:10.0.2.15%enp0s3:5540: score has not improved: 2 (for 3CCB6971B3E0925E-0000000000000001)[0m
[0;32m[1784837414.631] [21275:21277] [DIS] Checking node lookup status for 3CCB6971B3E0925E-0000000000000001 after 1 ms[0m
[0;32m[1784837414.631] [21275:21277] [DIS] Keeping DNSSD lookup active[0m
[0;32m[1784837414.833] [21275:21277] [DIS] Checking node lookup status for 3CCB6971B3E0925E-0000000000000001 after 202 ms[0m
[0;34m[1784837414.833] [21275:21277] [DIS] OperationalSessionSetup[1:0000000000000001]: Updating device address to UDP:[fe80::bfe:a203:38f0:bce7%enp0s3]:5540 while in state 2[0m
[0;34m[1784837414.833] [21275:21277] [DIS] OperationalSessionSetup[1:0000000000000001]: State change 2 --> 3[0m
[0;34m[1784837414.833] [21275:21277] [IN] SecureSession[0x7c2204009cd0]: Allocated Type:2 LSID:27653[0m
[0;32m[1784837414.833] [21275:21277] [SC] Initiating session on local FabricIndex 1 from 0x000000000001B669 -> 0x0000000000000001[0m
[0;32m[1784837414.834] [21275:21277] [EM] <<< [E:59668i S:0 M:261446189] (U) Msg TX from 3FAD8695C5F770F2 to 0:0000000000000000 [0000] [UDP:[fe80::bfe:a203:38f0:bce7%enp0s3]:5540] --- Type 0000:30 (SecureChannel:CASE_Sigma1) (B:196)[0m
[0;32m[1784837414.834] [21275:21277] [EM] ??1 [E:59668i S:0 M:261446189] (U) Msg Retransmission to 0:0000000000000000 scheduled for 609ms from now [State:Idle II:500 AI:300 AT:4000][0m
[0;32m[1784837414.834] [21275:21277] [SC] Sent Sigma1 msg to <0000000000000001, 1> [II:500ms AI:300ms AT:4000ms][0m
[0;34m[1784837414.834] [21275:21277] [DIS] OperationalSessionSetup[1:0000000000000001]: State change 3 --> 4[0m
[0;32m[1784837414.837] [21275:21277] [EM] >>> [E:59668i S:0 M:54923973 (Ack:261446189)] (U) Msg RX from 0:0000000000000000 [0000] to 3FAD8695C5F770F2 --- Type 0000:31 (SecureChannel:CASE_Sigma2) (B:751)[0m
[0;34m[1784837414.837] [21275:21277] [EM] Found matching exchange: 59668i, Delegate: 0x7c220400b8e8[0m
[0;34m[1784837414.837] [21275:21277] [EM] Rxd Ack; Removing MessageCounter:261446189 from Retrans Table on exchange 59668i[0m
[0;32m[1784837414.837] [21275:21277] [SC] Received Sigma2 msg[0m
[0;34m[1784837414.837] [21275:21277] [SC] Found MRP parameters in the message[0m
[0;34m[1784837414.839] [21275:21277] [SC] Peer <0000000000000001, 1> assigned session ID 45489[0m
[0;34m[1784837414.839] [21275:21277] [SC] Sending Sigma3[0m
[0;32m[1784837414.839] [21275:21277] [EM] <<< [E:59668i S:0 M:261446190 (Ack:54923973)] (U) Msg TX from 3FAD8695C5F770F2 to 0:0000000000000000 [0000] [UDP:[fe80::bfe:a203:38f0:bce7%enp0s3]:5540] --- Type 0000:32 (SecureChannel:CASE_Sigma3) (B:598)[0m
[0;32m[1784837414.839] [21275:21277] [EM] ??1 [E:59668i S:0 M:261446190] (U) Msg Retransmission to 0:0000000000000000 scheduled for 401ms from now [State:Active II:500 AI:300 AT:4000][0m
[0;32m[1784837414.839] [21275:21277] [SC] Sent Sigma3 msg[0m
[0;32m[1784837414.848] [21275:21277] [EM] >>> [E:59668i S:0 M:54923974 (Ack:261446190)] (U) Msg RX from 0:0000000000000000 [0000] to 3FAD8695C5F770F2 --- Type 0000:40 (SecureChannel:StatusReport) (B:34)[0m
[0;34m[1784837414.848] [21275:21277] [EM] Found matching exchange: 59668i, Delegate: 0x7c220400b8e8[0m
[0;34m[1784837414.848] [21275:21277] [EM] Rxd Ack; Removing MessageCounter:261446190 from Retrans Table on exchange 59668i[0m
[0;32m[1784837414.848] [21275:21277] [SC] Success status report received. Session was established[0m
[0;32m[1784837414.849] [21275:21277] [SC] SecureSession[0x7c2204009cd0, LSID:27653]: State change 'kEstablishing' --> 'kActive'[0m
[0;34m[1784837414.849] [21275:21277] [IN] SecureSession[0x7c2204009cd0]: Activated - Type:2 LSID:27653[0m
[0;34m[1784837414.849] [21275:21277] [IN] New secure session activated for device <0000000000000001, 1>, LSID:27653 PSID:45489![0m
[0;34m[1784837414.849] [21275:21277] [DIS] OperationalSessionSetup[1:0000000000000001]: State change 4 --> 5[0m
[0;32m[1784837414.849] [21275:21277] [TOO] Sending ReadAttribute to:[0m
[0;32m[1784837414.849] [21275:21277] [TOO] 	cluster 0x0000_0038, attribute: 0x0000_0000, endpoint 0[0m
[0;34m[1784837414.849] [21275:21277] [DMG] SendReadRequest ReadClient[0x7c220400eef0]: Sending Read Request[0m
[0;32m[1784837414.849] [21275:21277] [DMG] 0 data version filters provided, 0 not relevant, 0 encoded, 0 skipped due to lack of space[0m
[0;32m[1784837414.849] [21275:21277] [EM] <<< [E:59669i S:27653 M:75890080] (S) Msg TX from 000000000001B669 to 1:0000000000000001 [925E] [UDP:[fe80::bfe:a203:38f0:bce7%enp0s3]:5540] --- Type 0001:02 (IM:ReadRequest) (B:51)[0m
[0;32m[1784837414.849] [21275:21277] [EM] ??1 [E:59669i S:27653 M:75890080] (S) Msg Retransmission to 1:0000000000000001 scheduled for 388ms from now [State:Active II:500 AI:300 AT:4000][0m
[0;34m[1784837414.849] [21275:21277] [DMG] MoveToState ReadClient[0x7c220400eef0]: Moving to [AwaitingIn][0m
[0;32m[1784837414.849] [21275:21277] [EM] <<< [E:59668i S:0 M:261446191 (Ack:54923974)] (U) Msg TX from 3FAD8695C5F770F2 to 0:0000000000000000 [0000] [UDP:[fe80::bfe:a203:38f0:bce7%enp0s3]:5540] --- Type 0000:10 (SecureChannel:StandaloneAck) (B:26)[0m
[0;34m[1784837414.849] [21275:21277] [EM] Flushed pending ack for MessageCounter:54923974 on exchange 59668i[0m
[0;32m[1784837414.850] [21275:21277] [EM] >>> [E:59669i S:27653 M:61855236 (Ack:75890080)] (S) Msg RX from 1:0000000000000001 [925E] to 000000000001B669 --- Type 0001:05 (IM:ReportData) (B:77)[0m
[0;34m[1784837414.850] [21275:21277] [EM] Found matching exchange: 59669i, Delegate: 0x7c220400ef00[0m
[0;34m[1784837414.850] [21275:21277] [EM] Rxd Ack; Removing MessageCounter:75890080 from Retrans Table on exchange 59669i[0m
[0;34m[1784837414.850] [21275:21277] [DMG] ReportDataMessage =[0m
[0;34m[1784837414.850] [21275:21277] [DMG] {[0m
[0;34m[1784837414.850] [21275:21277] [DMG] 	AttributeReportIBs =[0m
[0;34m[1784837414.850] [21275:21277] [DMG] 	[[0m
[0;34m[1784837414.850] [21275:21277] [DMG] 		AttributeReportIB =[0m
[0;34m[1784837414.850] [21275:21277] [DMG] 		{[0m
[0;34m[1784837414.850] [21275:21277] [DMG] 			AttributeDataIB =[0m
[0;34m[1784837414.850] [21275:21277] [DMG] 			{[0m
[0;34m[1784837414.850] [21275:21277] [DMG] 				DataVersion = 0x7ab0805d,[0m
[0;34m[1784837414.850] [21275:21277] [DMG] 				AttributePathIB =[0m
[0;34m[1784837414.850] [21275:21277] [DMG] 				{[0m
[0;34m[1784837414.850] [21275:21277] [DMG] 					Endpoint = 0x0,[0m
[0;34m[1784837414.850] [21275:21277] [DMG] 					Cluster = 0x38,[0m
[0;34m[1784837414.850] [21275:21277] [DMG] 					Attribute = 0x0000_0000,[0m
[0;34m[1784837414.850] [21275:21277] [DMG] 				}[0m
[0;34m[1784837414.850] [21275:21277] [DMG] 					[0m
[0;34m[1784837414.850] [21275:21277] [DMG] 				Data = 838152614850043 (unsigned), [0m
[0;34m[1784837414.850] [21275:21277] [DMG] 			},[0m
[0;34m[1784837414.850] [21275:21277] [DMG] 			[0m
[0;34m[1784837414.850] [21275:21277] [DMG] 		},[0m
[0;34m[1784837414.850] [21275:21277] [DMG] 		[0m
[0;34m[1784837414.850] [21275:21277] [DMG] 	],[0m
[0;34m[1784837414.850] [21275:21277] [DMG] 	[0m
[0;34m[1784837414.850] [21275:21277] [DMG] 	SuppressResponse = true, [0m
[0;34m[1784837414.850] [21275:21277] [DMG] 	InteractionModelRevision = 12[0m
[0;34m[1784837414.850] [21275:21277] [DMG] }[0m
[0;32m[1784837414.850] [21275:21277] [TOO] Endpoint: 0 Cluster: 0x0000_0038 Attribute 0x0000_0000 DataVersion: 2058387549[0m
[0;32m[1784837414.850] [21275:21277] [TOO]   UTCTime: 838152614850043[0m
[0;32m[1784837414.850] [21275:21277] [EM] <<< [E:59669i S:27653 M:75890081 (Ack:61855236)] (S) Msg TX from 000000000001B669 to 1:0000000000000001 [925E] [UDP:[fe80::bfe:a203:38f0:bce7%enp0s3]:5540] --- Type 0000:10 (SecureChannel:StandaloneAck) (B:34)[0m
[0;34m[1784837414.850] [21275:21277] [EM] Flushed pending ack for MessageCounter:61855236 on exchange 59669i[0m
[0;34m[1784837414.850] [21275:21275] [CTL] Shutting down the commissioner[0m
[0;32m[1784837414.850] [21275:21275] [PAF] WiFiPAF: Closing all WiFiPAF sessions to shutdown[0m
[0;34m[1784837414.850] [21275:21275] [CTL] Shutting down the controller[0m
[0;34m[1784837414.850] [21275:21275] [IN] Expiring all sessions for fabric 0x1!![0m
[0;34m[1784837414.850] [21275:21275] [IN] SecureSession[0x7c2204009cd0]: MarkForEviction Type:2 LSID:27653[0m
[0;32m[1784837414.850] [21275:21275] [SC] SecureSession[0x7c2204009cd0, LSID:27653]: State change 'kActive' --> 'kPendingEviction'[0m
[0;34m[1784837414.850] [21275:21275] [IN] SecureSession[0x7c2204009cd0]: Released - Type:2 LSID:27653[0m
[0;32m[1784837414.850] [21275:21275] [FP] Forgetting fabric 0x1[0m
[0;32m[1784837414.850] [21275:21275] [TS] Pending Last Known Good Time: 2023-10-14T01:16:48[0m
[0;32m[1784837414.850] [21275:21275] [TS] Previous Last Known Good Time: 2023-10-14T01:16:48[0m
[0;32m[1784837414.850] [21275:21275] [TS] Reverted Last Known Good Time to previous value[0m
[0;34m[1784837414.850] [21275:21275] [CTL] Shutting down the commissioner[0m
[0;32m[1784837414.850] [21275:21275] [PAF] WiFiPAF: Closing all WiFiPAF sessions to shutdown[0m
[0;34m[1784837414.850] [21275:21275] [CTL] Shutting down the controller[0m
[0;34m[1784837414.850] [21275:21275] [CTL] Shutting down the System State, this will teardown the CHIP Stack[0m
[0;34m[1784837414.850] [21275:21275] [DMG] All ReadHandler-s are clean, clear GlobalDirtySet[0m
[0;32m[1784837414.851] [21275:21275] [FP] Shutting down FabricTable[0m
[0;32m[1784837414.851] [21275:21275] [TS] Pending Last Known Good Time: 2023-10-14T01:16:48[0m
[0;32m[1784837414.851] [21275:21275] [TS] Previous Last Known Good Time: 2023-10-14T01:16:48[0m
[0;32m[1784837414.851] [21275:21275] [TS] Reverted Last Known Good Time to previous value[0m
[0;34m[1784837414.853] [21275:21275] [DL] Wrote settings to /tmp/chip_counters.ini[0m
[0;32m[1784837414.853] [21275:21275] [DL] NVS set: chip-counters/total-operational-hours = 0 (0x0)[0m
[0;32m[1784837414.853] [21275:21275] [DL] Inet Layer shutdown[0m
[0;32m[1784837414.853] [21275:21275] [DL] BLE Layer shutdown[0m
[0;32m[1784837414.853] [21275:21275] [DL] WiFi-PAF Layer shutdown[0m
[0;32m[1784837414.853] [21275:21275] [PAF] WiFiPAF: Closing all WiFiPAF sessions to shutdown[0m
[0;32m[1784837414.853] [21275:21275] [DL] System Layer shutdown[0m
