[0;34m[1784654477.560] [5051:5051] [DL] ChipLinuxStorage::Init: Using KVS config file: /tmp/chip_tool_kvs[0m
[1;31m[1784654477.561] [5051:5051] [DL] ChipLinuxStorage::Init: Attempt to re-initialize with KVS config file: /tmp/chip_kvs, IGNORING.[0m
[0;34m[1784654477.562] [5051:5051] [DL] ChipLinuxStorage::Init: Using KVS config file: /tmp/chip_factory.ini[0m
[0;34m[1784654477.562] [5051:5051] [DL] ChipLinuxStorage::Init: Using KVS config file: /tmp/chip_config.ini[0m
[0;34m[1784654477.562] [5051:5051] [DL] ChipLinuxStorage::Init: Using KVS config file: /tmp/chip_counters.ini[0m
[0;34m[1784654477.565] [5051:5051] [DL] Wrote settings to /tmp/chip_counters.ini[0m
[0;32m[1784654477.565] [5051:5051] [DL] NVS set: chip-counters/reboot-count = 4 (0x4)[0m
[0;32m[1784654477.566] [5051:5051] [DL] Got Ethernet interface: enp0s3[0m
[0;32m[1784654477.566] [5051:5051] [DL] Found the primary Ethernet interface:enp0s3[0m
[1;31m[1784654477.566] [5051:5051] [DL] Failed to get WiFi interface[0m
[1;31m[1784654477.566] [5051:5051] [DL] Failed to reset WiFi statistic counts[0m
[0;32m[1784654477.566] [5051:5051] [PAF] WiFiPAF: WiFiPAFLayer::Init()[0m
[0;34m[1784654477.566] [5051:5051] [IN] UDP::Init bind&listen port=0[0m
[0;34m[1784654477.566] [5051:5051] [IN] UDP::Init bound to port=45577[0m
[0;34m[1784654477.566] [5051:5051] [IN] UDP::Init bind&listen port=0[0m
[0;34m[1784654477.566] [5051:5051] [IN] UDP::Init bound to port=51605[0m
[0;34m[1784654477.566] [5051:5051] [IN] BLEBase::Init - setting/overriding transport[0m
[0;34m[1784654477.566] [5051:5051] [IN] WiFiPAFBase::Init - setting/overriding transport[0m
[0;34m[1784654477.566] [5051:5051] [IN] TransportMgr initialized[0m
[0;34m[1784654477.566] [5051:5051] [FP] Initializing FabricTable from persistent storage[0m
[0;32m[1784654477.566] [5051:5051] [TS] Last Known Good Time: 2023-10-14T01:16:48[0m
[0;32m[1784654477.567] [5051:5051] [FP] Fabric index 0x1 was retrieved from storage. Compressed FabricId 0x2140DD1B6D7E89F0, FabricId 0x0000000000000001, NodeId 0x000000000001B669, VendorId 0xFFF1[0m
[0;32m[1784654477.568] [5051:5051] [DMG] Ember attribute persistence requires setting up[0m
[0;32m[1784654477.568] [5051:5051] [ZCL] Using ZAP configuration...[0m
[0;34m[1784654477.569] [5051:5051] [CTL] System State Initialized...[0m
[0;32m[1784654477.569] [5051:5051] [CTL] Setting attestation nonce to random value[0m
[0;32m[1784654477.569] [5051:5051] [CTL] Setting CSR nonce to random value[0m
[0;34m[1784654477.569] [5051:5053] [DL] CHIP task running[0m
[0;32m[1784654477.569] [5051:5053] [CTL] Setting attestation nonce to random value[0m
[0;32m[1784654477.569] [5051:5053] [CTL] Setting CSR nonce to random value[0m
[0;32m[1784654477.569] [5051:5053] [CTL] Generating NOC[0m
[0;32m[1784654477.569] [5051:5053] [FP] Validating NOC chain[0m
[0;32m[1784654477.569] [5051:5053] [FP] NOC chain validation successful[0m
[0;32m[1784654477.569] [5051:5053] [FP] Updated fabric at index: 0x1, Node ID: 0x000000000001B669[0m
[0;32m[1784654477.569] [5051:5053] [TS] Last Known Good Time: 2023-10-14T01:16:48[0m
[0;32m[1784654477.569] [5051:5053] [TS] New proposed Last Known Good Time: 2021-01-01T00:00:00[0m
[0;32m[1784654477.569] [5051:5053] [TS] Retaining current Last Known Good Time[0m
[0;32m[1784654477.571] [5051:5053] [FP] Metadata for Fabric 0x1 persisted to storage.[0m
[0;32m[1784654477.572] [5051:5053] [TS] Committing Last Known Good Time to storage: 2023-10-14T01:16:48[0m
[0;32m[1784654477.573] [5051:5053] [CTL] Joined the fabric at index 1. Fabric ID is 0x0000000000000001 (Compressed Fabric ID: 2140DD1B6D7E89F0)[0m
[0;32m[1784654477.577] [5051:5053] [TOO] Sending command to node 0x1[0m
[0;34m[1784654477.577] [5051:5053] [CSM] FindOrEstablishSession: PeerId = [1:0000000000000001][0m
[0;34m[1784654477.577] [5051:5053] [CSM] FindOrEstablishSession: No existing OperationalSessionSetup instance found[0m
[0;34m[1784654477.577] [5051:5053] [DIS] OperationalSessionSetup[1:0000000000000001]: State change 1 --> 2[0m
[0;32m[1784654477.577] [5051:5053] [DIS] Lookup started for 2140DD1B6D7E89F0-0000000000000001[0m
[0;32m[1784654477.578] [5051:5053] [DIS] UDP:[fe80::bfe:a203:38f0:bce7%enp0s3]:5540: new best score: 7 (for 2140DD1B6D7E89F0-0000000000000001)[0m
[0;34m[1784654477.578] [5051:5053] [DIS] Lookup clearing interface for non LL address[0m
[0;32m[1784654477.578] [5051:5053] [DIS] UDP:10.0.2.15%enp0s3:5540: new best score: 2 (for 2140DD1B6D7E89F0-0000000000000001)[0m
[0;32m[1784654477.578] [5051:5053] [DIS] Checking node lookup status for 2140DD1B6D7E89F0-0000000000000001 after 0 ms[0m
[0;32m[1784654477.578] [5051:5053] [DIS] Keeping DNSSD lookup active[0m
[0;32m[1784654477.578] [5051:5053] [DIS] UDP:[fe80::bfe:a203:38f0:bce7%enp0s3]:5540: score has not improved: 7 (for 2140DD1B6D7E89F0-0000000000000001)[0m
[0;34m[1784654477.578] [5051:5053] [DIS] Lookup clearing interface for non LL address[0m
[0;32m[1784654477.578] [5051:5053] [DIS] UDP:10.0.2.15%enp0s3:5540: score has not improved: 2 (for 2140DD1B6D7E89F0-0000000000000001)[0m
[0;32m[1784654477.578] [5051:5053] [DIS] Checking node lookup status for 2140DD1B6D7E89F0-0000000000000001 after 0 ms[0m
[0;32m[1784654477.578] [5051:5053] [DIS] Keeping DNSSD lookup active[0m
[0;32m[1784654477.782] [5051:5053] [DIS] Checking node lookup status for 2140DD1B6D7E89F0-0000000000000001 after 205 ms[0m
[0;34m[1784654477.783] [5051:5053] [DIS] OperationalSessionSetup[1:0000000000000001]: Updating device address to UDP:[fe80::bfe:a203:38f0:bce7%enp0s3]:5540 while in state 2[0m
[0;34m[1784654477.783] [5051:5053] [DIS] OperationalSessionSetup[1:0000000000000001]: State change 2 --> 3[0m
[0;34m[1784654477.783] [5051:5053] [IN] SecureSession[0x7c5350009cd0]: Allocated Type:2 LSID:11236[0m
[0;32m[1784654477.783] [5051:5053] [SC] Initiating session on local FabricIndex 1 from 0x000000000001B669 -> 0x0000000000000001[0m
[0;32m[1784654477.783] [5051:5053] [EM] <<< [E:13960i S:0 M:137818102] (U) Msg TX from 76B5F98EA8D05EE1 to 0:0000000000000000 [0000] [UDP:[fe80::bfe:a203:38f0:bce7%enp0s3]:5540] --- Type 0000:30 (SecureChannel:CASE_Sigma1) (B:196)[0m
[0;32m[1784654477.783] [5051:5053] [EM] ??1 [E:13960i S:0 M:137818102] (U) Msg Retransmission to 0:0000000000000000 scheduled for 598ms from now [State:Idle II:500 AI:300 AT:4000][0m
[0;32m[1784654477.783] [5051:5053] [SC] Sent Sigma1 msg to <0000000000000001, 1> [II:500ms AI:300ms AT:4000ms][0m
[0;34m[1784654477.783] [5051:5053] [DIS] OperationalSessionSetup[1:0000000000000001]: State change 3 --> 4[0m
[0;32m[1784654477.785] [5051:5053] [EM] >>> [E:13960i S:0 M:187192323 (Ack:137818102)] (U) Msg RX from 0:0000000000000000 [0000] to 76B5F98EA8D05EE1 --- Type 0000:31 (SecureChannel:CASE_Sigma2) (B:751)[0m
[0;34m[1784654477.785] [5051:5053] [EM] Found matching exchange: 13960i, Delegate: 0x7c535000b8e8[0m
[0;34m[1784654477.785] [5051:5053] [EM] Rxd Ack; Removing MessageCounter:137818102 from Retrans Table on exchange 13960i[0m
[0;32m[1784654477.785] [5051:5053] [SC] Received Sigma2 msg[0m
[0;34m[1784654477.785] [5051:5053] [SC] Found MRP parameters in the message[0m
[0;34m[1784654477.786] [5051:5053] [SC] Peer <0000000000000001, 1> assigned session ID 38285[0m
[0;34m[1784654477.786] [5051:5053] [SC] Sending Sigma3[0m
[0;32m[1784654477.786] [5051:5053] [EM] <<< [E:13960i S:0 M:137818103 (Ack:187192323)] (U) Msg TX from 76B5F98EA8D05EE1 to 0:0000000000000000 [0000] [UDP:[fe80::bfe:a203:38f0:bce7%enp0s3]:5540] --- Type 0000:32 (SecureChannel:CASE_Sigma3) (B:598)[0m
[0;32m[1784654477.786] [5051:5053] [EM] ??1 [E:13960i S:0 M:137818103] (U) Msg Retransmission to 0:0000000000000000 scheduled for 350ms from now [State:Active II:500 AI:300 AT:4000][0m
[0;32m[1784654477.786] [5051:5053] [SC] Sent Sigma3 msg[0m
[0;32m[1784654477.795] [5051:5053] [EM] >>> [E:13960i S:0 M:187192324 (Ack:137818103)] (U) Msg RX from 0:0000000000000000 [0000] to 76B5F98EA8D05EE1 --- Type 0000:40 (SecureChannel:StatusReport) (B:34)[0m
[0;34m[1784654477.795] [5051:5053] [EM] Found matching exchange: 13960i, Delegate: 0x7c535000b8e8[0m
[0;34m[1784654477.795] [5051:5053] [EM] Rxd Ack; Removing MessageCounter:137818103 from Retrans Table on exchange 13960i[0m
[0;32m[1784654477.795] [5051:5053] [SC] Success status report received. Session was established[0m
[0;32m[1784654477.796] [5051:5053] [SC] SecureSession[0x7c5350009cd0, LSID:11236]: State change 'kEstablishing' --> 'kActive'[0m
[0;34m[1784654477.796] [5051:5053] [IN] SecureSession[0x7c5350009cd0]: Activated - Type:2 LSID:11236[0m
[0;34m[1784654477.796] [5051:5053] [IN] New secure session activated for device <0000000000000001, 1>, LSID:11236 PSID:38285![0m
[0;34m[1784654477.796] [5051:5053] [DIS] OperationalSessionSetup[1:0000000000000001]: State change 4 --> 5[0m
[0;32m[1784654477.796] [5051:5053] [TOO] Sending cluster (0x0000003E) command (0x00000004) on endpoint 0[0m
[0;34m[1784654477.796] [5051:5053] [DMG] ICR moving to [AddingComm][0m
[0;34m[1784654477.796] [5051:5053] [DMG] ICR moving to [AddedComma][0m
[0;32m[1784654477.797] [5051:5053] [EM] <<< [E:13961i S:11236 M:10658448] (S) Msg TX from 000000000001B669 to 1:0000000000000001 [89F0] [UDP:[fe80::bfe:a203:38f0:bce7%enp0s3]:5540] --- Type 0001:08 (IM:InvokeCommandRequest) (B:96)[0m
[0;32m[1784654477.797] [5051:5053] [EM] ??1 [E:13961i S:11236 M:10658448] (S) Msg Retransmission to 1:0000000000000001 scheduled for 343ms from now [State:Active II:500 AI:300 AT:4000][0m
[0;34m[1784654477.797] [5051:5053] [DMG] ICR moving to [AwaitingRe][0m
[0;32m[1784654477.797] [5051:5053] [EM] <<< [E:13960i S:0 M:137818104 (Ack:187192324)] (U) Msg TX from 76B5F98EA8D05EE1 to 0:0000000000000000 [0000] [UDP:[fe80::bfe:a203:38f0:bce7%enp0s3]:5540] --- Type 0000:10 (SecureChannel:StandaloneAck) (B:26)[0m
[0;34m[1784654477.797] [5051:5053] [EM] Flushed pending ack for MessageCounter:187192324 on exchange 13960i[0m
[0;32m[1784654477.797] [5051:5053] [EM] >>> [E:13961i S:11236 M:237029151 (Ack:10658448)] (S) Msg RX from 1:0000000000000001 [89F0] to 000000000001B669 --- Type 0001:09 (IM:InvokeCommandResponse) (B:376)[0m
[0;34m[1784654477.797] [5051:5053] [EM] Found matching exchange: 13961i, Delegate: 0x7c535000eef8[0m
[0;34m[1784654477.797] [5051:5053] [EM] Rxd Ack; Removing MessageCounter:10658448 from Retrans Table on exchange 13961i[0m
[0;34m[1784654477.797] [5051:5053] [DMG] ICR moving to [ResponseRe][0m
[0;34m[1784654477.797] [5051:5053] [DMG] InvokeResponseMessage =[0m
[0;34m[1784654477.797] [5051:5053] [DMG] {[0m
[0;34m[1784654477.797] [5051:5053] [DMG] 	suppressResponse = false, [0m
[0;34m[1784654477.797] [5051:5053] [DMG] 	InvokeResponseIBs =[0m
[0;34m[1784654477.797] [5051:5053] [DMG] 	[[0m
[0;34m[1784654477.797] [5051:5053] [DMG] 		InvokeResponseIB =[0m
[0;34m[1784654477.797] [5051:5053] [DMG] 		{[0m
[0;34m[1784654477.797] [5051:5053] [DMG] 			CommandDataIB =[0m
[0;34m[1784654477.797] [5051:5053] [DMG] 			{[0m
[0;34m[1784654477.797] [5051:5053] [DMG] 				CommandPathIB =[0m
[0;34m[1784654477.797] [5051:5053] [DMG] 				{[0m
[0;34m[1784654477.797] [5051:5053] [DMG] 					EndpointId = 0x0,[0m
[0;34m[1784654477.797] [5051:5053] [DMG] 					ClusterId = 0x3e,[0m
[0;34m[1784654477.797] [5051:5053] [DMG] 					CommandId = 0x5,[0m
[0;34m[1784654477.797] [5051:5053] [DMG] 				},[0m
[0;34m[1784654477.797] [5051:5053] [DMG] 				[0m
[0;34m[1784654477.797] [5051:5053] [DMG] 				CommandFields = [0m
[0;34m[1784654477.797] [5051:5053] [DMG] 				{[0m
[0;34m[1784654477.797] [5051:5053] [DMG] 					0x0 = [[0m
[0;34m[1784654477.798] [5051:5053] [DMG] 							0x15, 0x30, 0x01, 0xca, 0x30, 0x81, 0xc7, 0x30, 0x70, 0x02, 0x01, 0x00, 0x30, 0x0e, 0x31, 0x0c, 0x30, 0x0a, 0x06, 0x03, 0x55, 0x04, 0x0a, 0x0c, 0x03, 0x43, 0x53, 0x52, 0x30, 0x59, 0x30, 0x13, 0x06, 0x07, 0x2a, 0x86, 0x48, 0xce, 0x3d, 0x02, 0x01, 0x06, 0x08, 0x2a, 0x86, 0x48, 0xce, 0x3d, 0x03, 0x01, 0x07, 0x03, 0x42, 0x00, 0x04, 0xf1, 0xa8, 0xf1, 0x4e, 0xa5, 0xa0, 0xcc, 0xdf, 0x47, 0xc8, 0xf0, 0xfb, 0x95, 0x12, 0x5c, 0x63, 0xf3, 0x18, 0xe3, 0x8f, 0xf0, 0x7a, 0x95, 0x63, 0x2d, 0x1a, 0x87, 0x7b, 0x30, 0x2b, 0x84, 0x45, 0xe1, 0x1a, 0xc6, 0x9c, 0xa7, 0x64, 0x63, 0xd5, 0x07, 0xe4, 0x9f, 0x84, 0xed, 0xfb, 0xf5, 0x94, 0x15, 0x01, 0x8f, 0xab, 0x6f, 0xe6, 0x72, 0x6a, 0xed, 0xeb, 0x6c, 0xc8, 0x57, 0xbc, 0x74, 0x0f, 0xa0, 0x00, 0x30, 0x0a, 0x06, 0x08, 0x2a, 0x86, 0x48, 0xce, 0x3d, 0x04, 0x03, 0x02, 0x03, 0x47, 0x00, 0x30, 0x44, 0x02, 0x20, 0x2a, 0x96, 0x53, 0x84, 0xb3, 0x24, 0x8e, 0x0d, 0xd6, 0x68, 0x43, 0x0b, 0x5d, 0x99, 0x82, 0x38, 0xb9, 0x90, 0x65, 0xec, 0xe1, 0xfa, 0xf8, 0xe3, 0xf6, 0x05, 0x98, 0xca, 0xf8, 0x5b, 0xae, 0x3c, 0x02, 0x20, 0x69, 0xf9, 0x00, 0x76, 0x7c, 0xa3, 0x3a, 0x1a, 0xa5, 0x8c, 0x6b, 0xb5, 0x1e, 0x9e, 0x48, 0x74, 0x3d, 0x90, 0xe1, 0x03, 0x4d, 0x93, 0x75, 0x61, 0xc8, 0x20, 0xdf, 0x75, 0x6f, 0x43, 0x48, 0x6c, 0x30, 0x02, 0x20, 0x86, 0xc5, 0x0a, 0x41, 0x47, 0xa1, 0x70, 0x01, 0xed, 0x0b, 0x8a, 0xac, 0xec, 0x1f, 0x8d, 0x78, 0x26, 0x67, 0x8c, 0xde, 0x3f, 0x85, 0x13, 0x55, 0xd1, 0xef, 0x4d, 0x77, 0x4b, 0x4b, 0x9f, 0xc9, 0x18, [0m
[0;34m[1784654477.798] [5051:5053] [DMG] 					] (242 bytes)[0m
[0;34m[1784654477.798] [5051:5053] [DMG] 					0x1 = [[0m
[0;34m[1784654477.798] [5051:5053] [DMG] 							0x60, 0xb4, 0x73, 0xa8, 0xfb, 0x40, 0x33, 0x1a, 0xaf, 0xdd, 0x37, 0xc6, 0x70, 0xcc, 0x08, 0x94, 0xd4, 0x79, 0xf0, 0xe0, 0xc1, 0xef, 0xb8, 0xe7, 0x04, 0xd5, 0xa7, 0xbe, 0x96, 0x2d, 0x2b, 0xdf, 0xe7, 0xc7, 0x8c, 0x96, 0x04, 0x63, 0xc1, 0xb6, 0x94, 0xc1, 0x3d, 0x96, 0x7e, 0xc3, 0xe3, 0x25, 0xf6, 0x9e, 0x73, 0x0b, 0xa7, 0xe7, 0x7f, 0x61, 0x2e, 0x5b, 0x2c, 0x7a, 0xa6, 0xbe, 0x32, 0x83, [0m
[0;34m[1784654477.798] [5051:5053] [DMG] 					] (64 bytes)[0m
[0;34m[1784654477.798] [5051:5053] [DMG] 				},[0m
[0;34m[1784654477.798] [5051:5053] [DMG] 			},[0m
[0;34m[1784654477.798] [5051:5053] [DMG] 			[0m
[0;34m[1784654477.798] [5051:5053] [DMG] 		},[0m
[0;34m[1784654477.798] [5051:5053] [DMG] 		[0m
[0;34m[1784654477.798] [5051:5053] [DMG] 	],[0m
[0;34m[1784654477.798] [5051:5053] [DMG] 	[0m
[0;34m[1784654477.798] [5051:5053] [DMG] 	InteractionModelRevision = 12[0m
[0;34m[1784654477.798] [5051:5053] [DMG] },[0m
[0;32m[1784654477.798] [5051:5053] [DMG] Received Command Response Data, Endpoint=0 Cluster=0x0000_003E Command=0x0000_0005[0m
[0;32m[1784654477.798] [5051:5053] [TOO] Endpoint: 0 Cluster: 0x0000_003E Command 0x0000_0005[0m
[0;32m[1784654477.798] [5051:5053] [TOO]   CSRResponse: {[0m
[0;32m[1784654477.798] [5051:5053] [TOO]     NOCSRElements: 153001CA3081C73070020100300E310C300A060355040A0C034353523059301306072A8648CE3D020106082A8648CE3D03010703420004F1A8F14EA5A0CCDF47C8F0FB95125C63F318E38FF07A95632D1A877B302B8445E11AC69CA76463D507E49F84EDFBF59415018FAB6FE6726AEDEB6CC857BC740FA000300A06082A8648CE3D040302034700304402202A965384B3248E0DD668430B5D998238B99065ECE1FAF8E3F60598CAF85BAE3C022069F900767CA33A1AA58C6BB51E9E48743D90E1034D937561C820DF756F43486C30022086C50A4147A17001ED0B8AACEC1F8D7826678CDE3F851355D1EF4D774B4B9FC918[0m
[0;32m[1784654477.798] [5051:5053] [TOO]     attestationSignature: 60B473A8FB40331AAFDD37C670CC0894D479F0E0C1EFB8E704D5A7BE962D2BDFE7C78C960463C1B694C13D967EC3E325F69E730BA7E77F612E5B2C7AA6BE3283[0m
[0;32m[1784654477.798] [5051:5053] [TOO]    }[0m
[0;34m[1784654477.798] [5051:5053] [DMG] ICR moving to [AwaitingDe][0m
[0;32m[1784654477.798] [5051:5053] [EM] <<< [E:13961i S:11236 M:10658449 (Ack:237029151)] (S) Msg TX from 000000000001B669 to 1:0000000000000001 [89F0] [UDP:[fe80::bfe:a203:38f0:bce7%enp0s3]:5540] --- Type 0000:10 (SecureChannel:StandaloneAck) (B:34)[0m
[0;34m[1784654477.798] [5051:5053] [EM] Flushed pending ack for MessageCounter:237029151 on exchange 13961i[0m
[0;34m[1784654477.799] [5051:5051] [CTL] Shutting down the commissioner[0m
[0;32m[1784654477.799] [5051:5051] [PAF] WiFiPAF: Closing all WiFiPAF sessions to shutdown[0m
[0;34m[1784654477.799] [5051:5051] [CTL] Shutting down the controller[0m
[0;34m[1784654477.799] [5051:5051] [IN] Expiring all sessions for fabric 0x1!![0m
[0;34m[1784654477.799] [5051:5051] [IN] SecureSession[0x7c5350009cd0]: MarkForEviction Type:2 LSID:11236[0m
[0;32m[1784654477.799] [5051:5051] [SC] SecureSession[0x7c5350009cd0, LSID:11236]: State change 'kActive' --> 'kPendingEviction'[0m
[0;34m[1784654477.799] [5051:5051] [IN] SecureSession[0x7c5350009cd0]: Released - Type:2 LSID:11236[0m
[0;32m[1784654477.799] [5051:5051] [FP] Forgetting fabric 0x1[0m
[0;32m[1784654477.799] [5051:5051] [TS] Pending Last Known Good Time: 2023-10-14T01:16:48[0m
[0;32m[1784654477.799] [5051:5051] [TS] Previous Last Known Good Time: 2023-10-14T01:16:48[0m
[0;32m[1784654477.799] [5051:5051] [TS] Reverted Last Known Good Time to previous value[0m
[0;34m[1784654477.799] [5051:5051] [CTL] Shutting down the commissioner[0m
[0;32m[1784654477.799] [5051:5051] [PAF] WiFiPAF: Closing all WiFiPAF sessions to shutdown[0m
[0;34m[1784654477.799] [5051:5051] [CTL] Shutting down the controller[0m
[0;34m[1784654477.799] [5051:5051] [CTL] Shutting down the System State, this will teardown the CHIP Stack[0m
[0;34m[1784654477.799] [5051:5051] [DMG] All ReadHandler-s are clean, clear GlobalDirtySet[0m
[0;32m[1784654477.799] [5051:5051] [FP] Shutting down FabricTable[0m
[0;32m[1784654477.799] [5051:5051] [TS] Pending Last Known Good Time: 2023-10-14T01:16:48[0m
[0;32m[1784654477.799] [5051:5051] [TS] Previous Last Known Good Time: 2023-10-14T01:16:48[0m
[0;32m[1784654477.799] [5051:5051] [TS] Reverted Last Known Good Time to previous value[0m
[0;34m[1784654477.801] [5051:5051] [DL] Wrote settings to /tmp/chip_counters.ini[0m
[0;32m[1784654477.801] [5051:5051] [DL] NVS set: chip-counters/total-operational-hours = 0 (0x0)[0m
[0;32m[1784654477.801] [5051:5051] [DL] Inet Layer shutdown[0m
[0;32m[1784654477.801] [5051:5051] [DL] BLE Layer shutdown[0m
[0;32m[1784654477.801] [5051:5051] [DL] WiFi-PAF Layer shutdown[0m
[0;32m[1784654477.801] [5051:5051] [PAF] WiFiPAF: Closing all WiFiPAF sessions to shutdown[0m
[0;32m[1784654477.801] [5051:5051] [DL] System Layer shutdown[0m
