[0;34m[1784654478.218] [5064:5064] [DL] ChipLinuxStorage::Init: Using KVS config file: /tmp/chip_tool_kvs[0m
[1;31m[1784654478.218] [5064:5064] [DL] ChipLinuxStorage::Init: Attempt to re-initialize with KVS config file: /tmp/chip_kvs, IGNORING.[0m
[0;34m[1784654478.220] [5064:5064] [DL] ChipLinuxStorage::Init: Using KVS config file: /tmp/chip_factory.ini[0m
[0;34m[1784654478.220] [5064:5064] [DL] ChipLinuxStorage::Init: Using KVS config file: /tmp/chip_config.ini[0m
[0;34m[1784654478.220] [5064:5064] [DL] ChipLinuxStorage::Init: Using KVS config file: /tmp/chip_counters.ini[0m
[0;34m[1784654478.223] [5064:5064] [DL] Wrote settings to /tmp/chip_counters.ini[0m
[0;32m[1784654478.223] [5064:5064] [DL] NVS set: chip-counters/reboot-count = 6 (0x6)[0m
[0;32m[1784654478.224] [5064:5064] [DL] Got Ethernet interface: enp0s3[0m
[0;32m[1784654478.224] [5064:5064] [DL] Found the primary Ethernet interface:enp0s3[0m
[1;31m[1784654478.224] [5064:5064] [DL] Failed to get WiFi interface[0m
[1;31m[1784654478.224] [5064:5064] [DL] Failed to reset WiFi statistic counts[0m
[0;32m[1784654478.224] [5064:5064] [PAF] WiFiPAF: WiFiPAFLayer::Init()[0m
[0;34m[1784654478.224] [5064:5064] [IN] UDP::Init bind&listen port=0[0m
[0;34m[1784654478.224] [5064:5064] [IN] UDP::Init bound to port=60515[0m
[0;34m[1784654478.224] [5064:5064] [IN] UDP::Init bind&listen port=0[0m
[0;34m[1784654478.224] [5064:5064] [IN] UDP::Init bound to port=36542[0m
[0;34m[1784654478.224] [5064:5064] [IN] BLEBase::Init - setting/overriding transport[0m
[0;34m[1784654478.224] [5064:5064] [IN] WiFiPAFBase::Init - setting/overriding transport[0m
[0;34m[1784654478.224] [5064:5064] [IN] TransportMgr initialized[0m
[0;34m[1784654478.224] [5064:5064] [FP] Initializing FabricTable from persistent storage[0m
[0;32m[1784654478.224] [5064:5064] [TS] Last Known Good Time: 2023-10-14T01:16:48[0m
[0;32m[1784654478.224] [5064:5064] [FP] Fabric index 0x1 was retrieved from storage. Compressed FabricId 0x2140DD1B6D7E89F0, FabricId 0x0000000000000001, NodeId 0x000000000001B669, VendorId 0xFFF1[0m
[0;32m[1784654478.225] [5064:5064] [DMG] Ember attribute persistence requires setting up[0m
[0;32m[1784654478.225] [5064:5064] [ZCL] Using ZAP configuration...[0m
[0;34m[1784654478.226] [5064:5064] [CTL] System State Initialized...[0m
[0;32m[1784654478.226] [5064:5064] [CTL] Setting attestation nonce to random value[0m
[0;32m[1784654478.226] [5064:5064] [CTL] Setting CSR nonce to random value[0m
[0;34m[1784654478.226] [5064:5066] [DL] CHIP task running[0m
[0;32m[1784654478.226] [5064:5066] [CTL] Setting attestation nonce to random value[0m
[0;32m[1784654478.226] [5064:5066] [CTL] Setting CSR nonce to random value[0m
[0;32m[1784654478.226] [5064:5066] [CTL] Generating NOC[0m
[0;32m[1784654478.226] [5064:5066] [FP] Validating NOC chain[0m
[0;32m[1784654478.226] [5064:5066] [FP] NOC chain validation successful[0m
[0;32m[1784654478.226] [5064:5066] [FP] Updated fabric at index: 0x1, Node ID: 0x000000000001B669[0m
[0;32m[1784654478.226] [5064:5066] [TS] Last Known Good Time: 2023-10-14T01:16:48[0m
[0;32m[1784654478.226] [5064:5066] [TS] New proposed Last Known Good Time: 2021-01-01T00:00:00[0m
[0;32m[1784654478.226] [5064:5066] [TS] Retaining current Last Known Good Time[0m
[0;32m[1784654478.228] [5064:5066] [FP] Metadata for Fabric 0x1 persisted to storage.[0m
[0;32m[1784654478.229] [5064:5066] [TS] Committing Last Known Good Time to storage: 2023-10-14T01:16:48[0m
[0;32m[1784654478.230] [5064:5066] [CTL] Joined the fabric at index 1. Fabric ID is 0x0000000000000001 (Compressed Fabric ID: 2140DD1B6D7E89F0)[0m
[0;32m[1784654478.235] [5064:5066] [TOO] Sending command to node 0x1[0m
[0;34m[1784654478.235] [5064:5066] [CSM] FindOrEstablishSession: PeerId = [1:0000000000000001][0m
[0;34m[1784654478.235] [5064:5066] [CSM] FindOrEstablishSession: No existing OperationalSessionSetup instance found[0m
[0;34m[1784654478.235] [5064:5066] [DIS] OperationalSessionSetup[1:0000000000000001]: State change 1 --> 2[0m
[0;32m[1784654478.236] [5064:5066] [DIS] Lookup started for 2140DD1B6D7E89F0-0000000000000001[0m
[0;32m[1784654478.236] [5064:5066] [DIS] UDP:[fe80::bfe:a203:38f0:bce7%enp0s3]:5540: new best score: 7 (for 2140DD1B6D7E89F0-0000000000000001)[0m
[0;34m[1784654478.236] [5064:5066] [DIS] Lookup clearing interface for non LL address[0m
[0;32m[1784654478.236] [5064:5066] [DIS] UDP:10.0.2.15%enp0s3:5540: new best score: 2 (for 2140DD1B6D7E89F0-0000000000000001)[0m
[0;32m[1784654478.236] [5064:5066] [DIS] Checking node lookup status for 2140DD1B6D7E89F0-0000000000000001 after 1 ms[0m
[0;32m[1784654478.236] [5064:5066] [DIS] Keeping DNSSD lookup active[0m
[0;32m[1784654478.236] [5064:5066] [DIS] UDP:[fe80::bfe:a203:38f0:bce7%enp0s3]:5540: score has not improved: 7 (for 2140DD1B6D7E89F0-0000000000000001)[0m
[0;34m[1784654478.236] [5064:5066] [DIS] Lookup clearing interface for non LL address[0m
[0;32m[1784654478.236] [5064:5066] [DIS] UDP:10.0.2.15%enp0s3:5540: score has not improved: 2 (for 2140DD1B6D7E89F0-0000000000000001)[0m
[0;32m[1784654478.236] [5064:5066] [DIS] Checking node lookup status for 2140DD1B6D7E89F0-0000000000000001 after 1 ms[0m
[0;32m[1784654478.236] [5064:5066] [DIS] Keeping DNSSD lookup active[0m
[0;32m[1784654478.435] [5064:5066] [DIS] Checking node lookup status for 2140DD1B6D7E89F0-0000000000000001 after 200 ms[0m
[0;34m[1784654478.435] [5064:5066] [DIS] OperationalSessionSetup[1:0000000000000001]: Updating device address to UDP:[fe80::bfe:a203:38f0:bce7%enp0s3]:5540 while in state 2[0m
[0;34m[1784654478.435] [5064:5066] [DIS] OperationalSessionSetup[1:0000000000000001]: State change 2 --> 3[0m
[0;34m[1784654478.435] [5064:5066] [IN] SecureSession[0x7b910c009cd0]: Allocated Type:2 LSID:686[0m
[0;32m[1784654478.435] [5064:5066] [SC] Initiating session on local FabricIndex 1 from 0x000000000001B669 -> 0x0000000000000001[0m
[0;32m[1784654478.436] [5064:5066] [EM] <<< [E:60599i S:0 M:148208407] (U) Msg TX from CA8E18E0FCE3FA57 to 0:0000000000000000 [0000] [UDP:[fe80::bfe:a203:38f0:bce7%enp0s3]:5540] --- Type 0000:30 (SecureChannel:CASE_Sigma1) (B:196)[0m
[0;32m[1784654478.438] [5064:5066] [EM] ??1 [E:60599i S:0 M:148208407] (U) Msg Retransmission to 0:0000000000000000 scheduled for 601ms from now [State:Idle II:500 AI:300 AT:4000][0m
[0;32m[1784654478.438] [5064:5066] [SC] Sent Sigma1 msg to <0000000000000001, 1> [II:500ms AI:300ms AT:4000ms][0m
[0;34m[1784654478.438] [5064:5066] [DIS] OperationalSessionSetup[1:0000000000000001]: State change 3 --> 4[0m
[0;32m[1784654478.439] [5064:5066] [EM] >>> [E:60599i S:0 M:187192327 (Ack:148208407)] (U) Msg RX from 0:0000000000000000 [0000] to CA8E18E0FCE3FA57 --- Type 0000:31 (SecureChannel:CASE_Sigma2) (B:751)[0m
[0;34m[1784654478.439] [5064:5066] [EM] Found matching exchange: 60599i, Delegate: 0x7b910c00b8e8[0m
[0;34m[1784654478.439] [5064:5066] [EM] Rxd Ack; Removing MessageCounter:148208407 from Retrans Table on exchange 60599i[0m
[0;32m[1784654478.439] [5064:5066] [SC] Received Sigma2 msg[0m
[0;34m[1784654478.439] [5064:5066] [SC] Found MRP parameters in the message[0m
[0;34m[1784654478.440] [5064:5066] [SC] Peer <0000000000000001, 1> assigned session ID 38287[0m
[0;34m[1784654478.440] [5064:5066] [SC] Sending Sigma3[0m
[0;32m[1784654478.440] [5064:5066] [EM] <<< [E:60599i S:0 M:148208408 (Ack:187192327)] (U) Msg TX from CA8E18E0FCE3FA57 to 0:0000000000000000 [0000] [UDP:[fe80::bfe:a203:38f0:bce7%enp0s3]:5540] --- Type 0000:32 (SecureChannel:CASE_Sigma3) (B:598)[0m
[0;32m[1784654478.440] [5064:5066] [EM] ??1 [E:60599i S:0 M:148208408] (U) Msg Retransmission to 0:0000000000000000 scheduled for 342ms from now [State:Active II:500 AI:300 AT:4000][0m
[0;32m[1784654478.440] [5064:5066] [SC] Sent Sigma3 msg[0m
[0;32m[1784654478.449] [5064:5066] [EM] >>> [E:60599i S:0 M:187192328 (Ack:148208408)] (U) Msg RX from 0:0000000000000000 [0000] to CA8E18E0FCE3FA57 --- Type 0000:40 (SecureChannel:StatusReport) (B:34)[0m
[0;34m[1784654478.449] [5064:5066] [EM] Found matching exchange: 60599i, Delegate: 0x7b910c00b8e8[0m
[0;34m[1784654478.449] [5064:5066] [EM] Rxd Ack; Removing MessageCounter:148208408 from Retrans Table on exchange 60599i[0m
[0;32m[1784654478.449] [5064:5066] [SC] Success status report received. Session was established[0m
[0;32m[1784654478.450] [5064:5066] [SC] SecureSession[0x7b910c009cd0, LSID:686]: State change 'kEstablishing' --> 'kActive'[0m
[0;34m[1784654478.450] [5064:5066] [IN] SecureSession[0x7b910c009cd0]: Activated - Type:2 LSID:686[0m
[0;34m[1784654478.450] [5064:5066] [IN] New secure session activated for device <0000000000000001, 1>, LSID:686 PSID:38287![0m
[0;34m[1784654478.450] [5064:5066] [DIS] OperationalSessionSetup[1:0000000000000001]: State change 4 --> 5[0m
[0;32m[1784654478.450] [5064:5066] [TOO] Sending cluster (0x0000003E) command (0x00000007) on endpoint 0[0m
[0;34m[1784654478.450] [5064:5066] [DMG] ICR moving to [AddingComm][0m
[0;34m[1784654478.450] [5064:5066] [DMG] ICR moving to [AddedComma][0m
[0;32m[1784654478.450] [5064:5066] [EM] <<< [E:60600i S:686 M:164290042] (S) Msg TX from 000000000001B669 to 1:0000000000000001 [89F0] [UDP:[fe80::bfe:a203:38f0:bce7%enp0s3]:5540] --- Type 0001:08 (IM:InvokeCommandRequest) (B:330)[0m
[0;32m[1784654478.450] [5064:5066] [EM] ??1 [E:60600i S:686 M:164290042] (S) Msg Retransmission to 1:0000000000000001 scheduled for 333ms from now [State:Active II:500 AI:300 AT:4000][0m
[0;34m[1784654478.450] [5064:5066] [DMG] ICR moving to [AwaitingRe][0m
[0;32m[1784654478.450] [5064:5066] [EM] <<< [E:60599i S:0 M:148208409 (Ack:187192328)] (U) Msg TX from CA8E18E0FCE3FA57 to 0:0000000000000000 [0000] [UDP:[fe80::bfe:a203:38f0:bce7%enp0s3]:5540] --- Type 0000:10 (SecureChannel:StandaloneAck) (B:26)[0m
[0;34m[1784654478.450] [5064:5066] [EM] Flushed pending ack for MessageCounter:187192328 on exchange 60599i[0m
[0;32m[1784654478.461] [5064:5066] [EM] >>> [E:60600i S:686 M:35786679 (Ack:164290042)] (S) Msg RX from 1:0000000000000001 [89F0] to 000000000001B669 --- Type 0001:09 (IM:InvokeCommandResponse) (B:70)[0m
[0;34m[1784654478.461] [5064:5066] [EM] Found matching exchange: 60600i, Delegate: 0x7b910c00eef8[0m
[0;34m[1784654478.461] [5064:5066] [EM] Rxd Ack; Removing MessageCounter:164290042 from Retrans Table on exchange 60600i[0m
[0;34m[1784654478.461] [5064:5066] [DMG] ICR moving to [ResponseRe][0m
[0;34m[1784654478.461] [5064:5066] [DMG] InvokeResponseMessage =[0m
[0;34m[1784654478.461] [5064:5066] [DMG] {[0m
[0;34m[1784654478.461] [5064:5066] [DMG] 	suppressResponse = false, [0m
[0;34m[1784654478.461] [5064:5066] [DMG] 	InvokeResponseIBs =[0m
[0;34m[1784654478.461] [5064:5066] [DMG] 	[[0m
[0;34m[1784654478.461] [5064:5066] [DMG] 		InvokeResponseIB =[0m
[0;34m[1784654478.461] [5064:5066] [DMG] 		{[0m
[0;34m[1784654478.461] [5064:5066] [DMG] 			CommandDataIB =[0m
[0;34m[1784654478.461] [5064:5066] [DMG] 			{[0m
[0;34m[1784654478.461] [5064:5066] [DMG] 				CommandPathIB =[0m
[0;34m[1784654478.461] [5064:5066] [DMG] 				{[0m
[0;34m[1784654478.461] [5064:5066] [DMG] 					EndpointId = 0x0,[0m
[0;34m[1784654478.461] [5064:5066] [DMG] 					ClusterId = 0x3e,[0m
[0;34m[1784654478.461] [5064:5066] [DMG] 					CommandId = 0x8,[0m
[0;34m[1784654478.461] [5064:5066] [DMG] 				},[0m
[0;34m[1784654478.461] [5064:5066] [DMG] 				[0m
[0;34m[1784654478.461] [5064:5066] [DMG] 				CommandFields = [0m
[0;34m[1784654478.461] [5064:5066] [DMG] 				{[0m
[0;34m[1784654478.461] [5064:5066] [DMG] 					0x0 = 0 (unsigned), [0m
[0;34m[1784654478.461] [5064:5066] [DMG] 					0x1 = 1 (unsigned), [0m
[0;34m[1784654478.461] [5064:5066] [DMG] 				},[0m
[0;34m[1784654478.461] [5064:5066] [DMG] 			},[0m
[0;34m[1784654478.461] [5064:5066] [DMG] 			[0m
[0;34m[1784654478.461] [5064:5066] [DMG] 		},[0m
[0;34m[1784654478.461] [5064:5066] [DMG] 		[0m
[0;34m[1784654478.461] [5064:5066] [DMG] 	],[0m
[0;34m[1784654478.461] [5064:5066] [DMG] 	[0m
[0;34m[1784654478.461] [5064:5066] [DMG] 	InteractionModelRevision = 12[0m
[0;34m[1784654478.461] [5064:5066] [DMG] },[0m
[0;32m[1784654478.461] [5064:5066] [DMG] Received Command Response Data, Endpoint=0 Cluster=0x0000_003E Command=0x0000_0008[0m
[0;32m[1784654478.461] [5064:5066] [TOO] Endpoint: 0 Cluster: 0x0000_003E Command 0x0000_0008[0m
[0;32m[1784654478.461] [5064:5066] [TOO]   NOCResponse: {[0m
[0;32m[1784654478.461] [5064:5066] [TOO]     statusCode: 0[0m
[0;32m[1784654478.461] [5064:5066] [TOO]     fabricIndex: 1[0m
[0;32m[1784654478.461] [5064:5066] [TOO]    }[0m
[0;34m[1784654478.461] [5064:5066] [DMG] ICR moving to [AwaitingDe][0m
[0;32m[1784654478.461] [5064:5066] [EM] <<< [E:60600i S:686 M:164290043 (Ack:35786679)] (S) Msg TX from 000000000001B669 to 1:0000000000000001 [89F0] [UDP:[fe80::bfe:a203:38f0:bce7%enp0s3]:5540] --- Type 0000:10 (SecureChannel:StandaloneAck) (B:34)[0m
[0;34m[1784654478.461] [5064:5066] [EM] Flushed pending ack for MessageCounter:35786679 on exchange 60600i[0m
[0;34m[1784654478.462] [5064:5064] [CTL] Shutting down the commissioner[0m
[0;32m[1784654478.462] [5064:5064] [PAF] WiFiPAF: Closing all WiFiPAF sessions to shutdown[0m
[0;34m[1784654478.462] [5064:5064] [CTL] Shutting down the controller[0m
[0;34m[1784654478.462] [5064:5064] [IN] Expiring all sessions for fabric 0x1!![0m
[0;34m[1784654478.462] [5064:5064] [IN] SecureSession[0x7b910c009cd0]: MarkForEviction Type:2 LSID:686[0m
[0;32m[1784654478.462] [5064:5064] [SC] SecureSession[0x7b910c009cd0, LSID:686]: State change 'kActive' --> 'kPendingEviction'[0m
[0;34m[1784654478.462] [5064:5064] [IN] SecureSession[0x7b910c009cd0]: Released - Type:2 LSID:686[0m
[0;32m[1784654478.462] [5064:5064] [FP] Forgetting fabric 0x1[0m
[0;32m[1784654478.462] [5064:5064] [TS] Pending Last Known Good Time: 2023-10-14T01:16:48[0m
[0;32m[1784654478.462] [5064:5064] [TS] Previous Last Known Good Time: 2023-10-14T01:16:48[0m
[0;32m[1784654478.462] [5064:5064] [TS] Reverted Last Known Good Time to previous value[0m
[0;34m[1784654478.462] [5064:5064] [CTL] Shutting down the commissioner[0m
[0;32m[1784654478.462] [5064:5064] [PAF] WiFiPAF: Closing all WiFiPAF sessions to shutdown[0m
[0;34m[1784654478.462] [5064:5064] [CTL] Shutting down the controller[0m
[0;34m[1784654478.462] [5064:5064] [CTL] Shutting down the System State, this will teardown the CHIP Stack[0m
[0;34m[1784654478.462] [5064:5064] [DMG] All ReadHandler-s are clean, clear GlobalDirtySet[0m
[0;32m[1784654478.462] [5064:5064] [FP] Shutting down FabricTable[0m
[0;32m[1784654478.462] [5064:5064] [TS] Pending Last Known Good Time: 2023-10-14T01:16:48[0m
[0;32m[1784654478.462] [5064:5064] [TS] Previous Last Known Good Time: 2023-10-14T01:16:48[0m
[0;32m[1784654478.462] [5064:5064] [TS] Reverted Last Known Good Time to previous value[0m
[0;34m[1784654478.464] [5064:5064] [DL] Wrote settings to /tmp/chip_counters.ini[0m
[0;32m[1784654478.464] [5064:5064] [DL] NVS set: chip-counters/total-operational-hours = 0 (0x0)[0m
[0;32m[1784654478.464] [5064:5064] [DL] Inet Layer shutdown[0m
[0;32m[1784654478.464] [5064:5064] [DL] BLE Layer shutdown[0m
[0;32m[1784654478.464] [5064:5064] [DL] WiFi-PAF Layer shutdown[0m
[0;32m[1784654478.464] [5064:5064] [PAF] WiFiPAF: Closing all WiFiPAF sessions to shutdown[0m
[0;32m[1784654478.464] [5064:5064] [DL] System Layer shutdown[0m
