[0;34m[1784834024.645] [12625:12625] [DL] ChipLinuxStorage::Init: Using KVS config file: /tmp/chip_tool_kvs[0m
[1;31m[1784834024.646] [12625:12625] [DL] ChipLinuxStorage::Init: Attempt to re-initialize with KVS config file: /tmp/chip_kvs, IGNORING.[0m
[0;34m[1784834024.649] [12625:12625] [DL] ChipLinuxStorage::Init: Using KVS config file: /tmp/chip_factory.ini[0m
[0;34m[1784834024.649] [12625:12625] [DL] ChipLinuxStorage::Init: Using KVS config file: /tmp/chip_config.ini[0m
[0;34m[1784834024.649] [12625:12625] [DL] ChipLinuxStorage::Init: Using KVS config file: /tmp/chip_counters.ini[0m
[0;34m[1784834024.652] [12625:12625] [DL] Wrote settings to /tmp/chip_counters.ini[0m
[0;32m[1784834024.652] [12625:12625] [DL] NVS set: chip-counters/reboot-count = 3 (0x3)[0m
[0;32m[1784834024.652] [12625:12625] [DL] Got Ethernet interface: enp0s3[0m
[0;32m[1784834024.652] [12625:12625] [DL] Found the primary Ethernet interface:enp0s3[0m
[1;31m[1784834024.652] [12625:12625] [DL] Failed to get WiFi interface[0m
[1;31m[1784834024.652] [12625:12625] [DL] Failed to reset WiFi statistic counts[0m
[0;32m[1784834024.652] [12625:12625] [PAF] WiFiPAF: WiFiPAFLayer::Init()[0m
[0;34m[1784834024.652] [12625:12625] [IN] UDP::Init bind&listen port=0[0m
[0;34m[1784834024.652] [12625:12625] [IN] UDP::Init bound to port=53775[0m
[0;34m[1784834024.652] [12625:12625] [IN] UDP::Init bind&listen port=0[0m
[0;34m[1784834024.652] [12625:12625] [IN] UDP::Init bound to port=54057[0m
[0;34m[1784834024.652] [12625:12625] [IN] BLEBase::Init - setting/overriding transport[0m
[0;34m[1784834024.652] [12625:12625] [IN] WiFiPAFBase::Init - setting/overriding transport[0m
[0;34m[1784834024.652] [12625:12625] [IN] TransportMgr initialized[0m
[0;34m[1784834024.652] [12625:12625] [FP] Initializing FabricTable from persistent storage[0m
[0;32m[1784834024.652] [12625:12625] [TS] Last Known Good Time: 2023-10-14T01:16:48[0m
[0;32m[1784834024.653] [12625:12625] [FP] Fabric index 0x1 was retrieved from storage. Compressed FabricId 0x8C7203544EE81026, FabricId 0x0000000000000001, NodeId 0x000000000001B669, VendorId 0xFFF1[0m
[0;32m[1784834024.653] [12625:12625] [DMG] Ember attribute persistence requires setting up[0m
[0;32m[1784834024.653] [12625:12625] [ZCL] Using ZAP configuration...[0m
[0;34m[1784834024.653] [12625:12625] [CTL] System State Initialized...[0m
[0;32m[1784834024.654] [12625:12625] [CTL] Setting attestation nonce to random value[0m
[0;32m[1784834024.654] [12625:12625] [CTL] Setting CSR nonce to random value[0m
[0;34m[1784834024.654] [12625:12627] [DL] CHIP task running[0m
[0;32m[1784834024.654] [12625:12627] [CTL] Setting attestation nonce to random value[0m
[0;32m[1784834024.654] [12625:12627] [CTL] Setting CSR nonce to random value[0m
[0;32m[1784834024.654] [12625:12627] [CTL] Generating NOC[0m
[0;32m[1784834024.654] [12625:12627] [FP] Validating NOC chain[0m
[0;32m[1784834024.654] [12625:12627] [FP] NOC chain validation successful[0m
[0;32m[1784834024.654] [12625:12627] [FP] Updated fabric at index: 0x1, Node ID: 0x000000000001B669[0m
[0;32m[1784834024.654] [12625:12627] [TS] Last Known Good Time: 2023-10-14T01:16:48[0m
[0;32m[1784834024.654] [12625:12627] [TS] New proposed Last Known Good Time: 2021-01-01T00:00:00[0m
[0;32m[1784834024.654] [12625:12627] [TS] Retaining current Last Known Good Time[0m
[0;32m[1784834024.657] [12625:12627] [FP] Metadata for Fabric 0x1 persisted to storage.[0m
[0;32m[1784834024.658] [12625:12627] [TS] Committing Last Known Good Time to storage: 2023-10-14T01:16:48[0m
[0;32m[1784834024.659] [12625:12627] [CTL] Joined the fabric at index 1. Fabric ID is 0x0000000000000001 (Compressed Fabric ID: 8C7203544EE81026)[0m
[0;32m[1784834024.665] [12625:12627] [TOO] Sending command to node 0x1[0m
[0;34m[1784834024.665] [12625:12627] [CSM] FindOrEstablishSession: PeerId = [1:0000000000000001][0m
[0;34m[1784834024.665] [12625:12627] [CSM] FindOrEstablishSession: No existing OperationalSessionSetup instance found[0m
[0;34m[1784834024.665] [12625:12627] [DIS] OperationalSessionSetup[1:0000000000000001]: State change 1 --> 2[0m
[0;32m[1784834024.665] [12625:12627] [DIS] Lookup started for 8C7203544EE81026-0000000000000001[0m
[0;32m[1784834024.665] [12625:12627] [DIS] UDP:[fe80::bfe:a203:38f0:bce7%enp0s3]:5540: new best score: 7 (for 8C7203544EE81026-0000000000000001)[0m
[0;34m[1784834024.665] [12625:12627] [DIS] Lookup clearing interface for non LL address[0m
[0;32m[1784834024.665] [12625:12627] [DIS] UDP:10.0.2.15%enp0s3:5540: new best score: 2 (for 8C7203544EE81026-0000000000000001)[0m
[0;32m[1784834024.665] [12625:12627] [DIS] Checking node lookup status for 8C7203544EE81026-0000000000000001 after 0 ms[0m
[0;32m[1784834024.665] [12625:12627] [DIS] Keeping DNSSD lookup active[0m
[0;32m[1784834024.665] [12625:12627] [DIS] UDP:[fe80::bfe:a203:38f0:bce7%enp0s3]:5540: score has not improved: 7 (for 8C7203544EE81026-0000000000000001)[0m
[0;34m[1784834024.665] [12625:12627] [DIS] Lookup clearing interface for non LL address[0m
[0;32m[1784834024.665] [12625:12627] [DIS] UDP:10.0.2.15%enp0s3:5540: score has not improved: 2 (for 8C7203544EE81026-0000000000000001)[0m
[0;32m[1784834024.665] [12625:12627] [DIS] Checking node lookup status for 8C7203544EE81026-0000000000000001 after 0 ms[0m
[0;32m[1784834024.665] [12625:12627] [DIS] Keeping DNSSD lookup active[0m
[0;32m[1784834024.871] [12625:12627] [DIS] Checking node lookup status for 8C7203544EE81026-0000000000000001 after 206 ms[0m
[0;34m[1784834024.871] [12625:12627] [DIS] OperationalSessionSetup[1:0000000000000001]: Updating device address to UDP:[fe80::bfe:a203:38f0:bce7%enp0s3]:5540 while in state 2[0m
[0;34m[1784834024.871] [12625:12627] [DIS] OperationalSessionSetup[1:0000000000000001]: State change 2 --> 3[0m
[0;34m[1784834024.871] [12625:12627] [IN] SecureSession[0x777420009cd0]: Allocated Type:2 LSID:26272[0m
[0;32m[1784834024.871] [12625:12627] [SC] Initiating session on local FabricIndex 1 from 0x000000000001B669 -> 0x0000000000000001[0m
[0;32m[1784834024.872] [12625:12627] [EM] <<< [E:21967i S:0 M:170760208] (U) Msg TX from 1364AD987819BC86 to 0:0000000000000000 [0000] [UDP:[fe80::bfe:a203:38f0:bce7%enp0s3]:5540] --- Type 0000:30 (SecureChannel:CASE_Sigma1) (B:196)[0m
[0;32m[1784834024.872] [12625:12627] [EM] ??1 [E:21967i S:0 M:170760208] (U) Msg Retransmission to 0:0000000000000000 scheduled for 682ms from now [State:Idle II:500 AI:300 AT:4000][0m
[0;32m[1784834024.872] [12625:12627] [SC] Sent Sigma1 msg to <0000000000000001, 1> [II:500ms AI:300ms AT:4000ms][0m
[0;34m[1784834024.872] [12625:12627] [DIS] OperationalSessionSetup[1:0000000000000001]: State change 3 --> 4[0m
[0;32m[1784834024.874] [12625:12627] [EM] >>> [E:21967i S:0 M:173283264 (Ack:170760208)] (U) Msg RX from 0:0000000000000000 [0000] to 1364AD987819BC86 --- Type 0000:31 (SecureChannel:CASE_Sigma2) (B:751)[0m
[0;34m[1784834024.874] [12625:12627] [EM] Found matching exchange: 21967i, Delegate: 0x77742000b8e8[0m
[0;34m[1784834024.874] [12625:12627] [EM] Rxd Ack; Removing MessageCounter:170760208 from Retrans Table on exchange 21967i[0m
[0;32m[1784834024.874] [12625:12627] [SC] Received Sigma2 msg[0m
[0;34m[1784834024.874] [12625:12627] [SC] Found MRP parameters in the message[0m
[0;34m[1784834024.875] [12625:12627] [SC] Peer <0000000000000001, 1> assigned session ID 38334[0m
[0;34m[1784834024.875] [12625:12627] [SC] Sending Sigma3[0m
[0;32m[1784834024.876] [12625:12627] [EM] <<< [E:21967i S:0 M:170760209 (Ack:173283264)] (U) Msg TX from 1364AD987819BC86 to 0:0000000000000000 [0000] [UDP:[fe80::bfe:a203:38f0:bce7%enp0s3]:5540] --- Type 0000:32 (SecureChannel:CASE_Sigma3) (B:598)[0m
[0;32m[1784834024.876] [12625:12627] [EM] ??1 [E:21967i S:0 M:170760209] (U) Msg Retransmission to 0:0000000000000000 scheduled for 337ms from now [State:Active II:500 AI:300 AT:4000][0m
[0;32m[1784834024.876] [12625:12627] [SC] Sent Sigma3 msg[0m
[0;32m[1784834024.886] [12625:12627] [EM] >>> [E:21967i S:0 M:173283265 (Ack:170760209)] (U) Msg RX from 0:0000000000000000 [0000] to 1364AD987819BC86 --- Type 0000:40 (SecureChannel:StatusReport) (B:34)[0m
[0;34m[1784834024.886] [12625:12627] [EM] Found matching exchange: 21967i, Delegate: 0x77742000b8e8[0m
[0;34m[1784834024.886] [12625:12627] [EM] Rxd Ack; Removing MessageCounter:170760209 from Retrans Table on exchange 21967i[0m
[0;32m[1784834024.886] [12625:12627] [SC] Success status report received. Session was established[0m
[0;32m[1784834024.887] [12625:12627] [SC] SecureSession[0x777420009cd0, LSID:26272]: State change 'kEstablishing' --> 'kActive'[0m
[0;34m[1784834024.887] [12625:12627] [IN] SecureSession[0x777420009cd0]: Activated - Type:2 LSID:26272[0m
[0;34m[1784834024.887] [12625:12627] [IN] New secure session activated for device <0000000000000001, 1>, LSID:26272 PSID:38334![0m
[0;34m[1784834024.887] [12625:12627] [DIS] OperationalSessionSetup[1:0000000000000001]: State change 4 --> 5[0m
[0;32m[1784834024.887] [12625:12627] [TOO] Sending cluster (0x00000038) command (0x00000000) on endpoint 0[0m
[0;34m[1784834024.888] [12625:12627] [DMG] ICR moving to [AddingComm][0m
[0;34m[1784834024.888] [12625:12627] [DMG] ICR moving to [AddedComma][0m
[0;32m[1784834024.888] [12625:12627] [EM] <<< [E:21968i S:26272 M:32882398] (S) Msg TX from 000000000001B669 to 1:0000000000000001 [1026] [UDP:[fe80::bfe:a203:38f0:bce7%enp0s3]:5540] --- Type 0001:08 (IM:InvokeCommandRequest) (B:72)[0m
[0;32m[1784834024.888] [12625:12627] [EM] ??1 [E:21968i S:26272 M:32882398] (S) Msg Retransmission to 1:0000000000000001 scheduled for 407ms from now [State:Active II:500 AI:300 AT:4000][0m
[0;34m[1784834024.888] [12625:12627] [DMG] ICR moving to [AwaitingRe][0m
[0;32m[1784834024.888] [12625:12627] [EM] <<< [E:21967i S:0 M:170760210 (Ack:173283265)] (U) Msg TX from 1364AD987819BC86 to 0:0000000000000000 [0000] [UDP:[fe80::bfe:a203:38f0:bce7%enp0s3]:5540] --- Type 0000:10 (SecureChannel:StandaloneAck) (B:26)[0m
[0;34m[1784834024.888] [12625:12627] [EM] Flushed pending ack for MessageCounter:173283265 on exchange 21967i[0m
[0;32m[2524608000.002] [12625:12627] [EM] >>> [E:21968i S:26272 M:143687401 (Ack:32882398)] (S) Msg RX from 1:0000000000000001 [1026] to 000000000001B669 --- Type 0001:09 (IM:InvokeCommandResponse) (B:67)[0m
[0;34m[2524608000.002] [12625:12627] [EM] Found matching exchange: 21968i, Delegate: 0x77742000eef8[0m
[0;34m[2524608000.002] [12625:12627] [EM] Rxd Ack; Removing MessageCounter:32882398 from Retrans Table on exchange 21968i[0m
[0;34m[2524608000.002] [12625:12627] [DMG] ICR moving to [ResponseRe][0m
[0;34m[2524608000.002] [12625:12627] [DMG] InvokeResponseMessage =[0m
[0;34m[2524608000.002] [12625:12627] [DMG] {[0m
[0;34m[2524608000.002] [12625:12627] [DMG] 	suppressResponse = false, [0m
[0;34m[2524608000.002] [12625:12627] [DMG] 	InvokeResponseIBs =[0m
[0;34m[2524608000.002] [12625:12627] [DMG] 	[[0m
[0;34m[2524608000.002] [12625:12627] [DMG] 		InvokeResponseIB =[0m
[0;34m[2524608000.002] [12625:12627] [DMG] 		{[0m
[0;34m[2524608000.002] [12625:12627] [DMG] 			CommandStatusIB =[0m
[0;34m[2524608000.002] [12625:12627] [DMG] 			{[0m
[0;34m[2524608000.002] [12625:12627] [DMG] 				CommandPathIB =[0m
[0;34m[2524608000.002] [12625:12627] [DMG] 				{[0m
[0;34m[2524608000.002] [12625:12627] [DMG] 					EndpointId = 0x0,[0m
[0;34m[2524608000.002] [12625:12627] [DMG] 					ClusterId = 0x38,[0m
[0;34m[2524608000.002] [12625:12627] [DMG] 					CommandId = 0x0,[0m
[0;34m[2524608000.002] [12625:12627] [DMG] 				},[0m
[0;34m[2524608000.002] [12625:12627] [DMG] 				[0m
[0;34m[2524608000.002] [12625:12627] [DMG] 				StatusIB =[0m
[0;34m[2524608000.002] [12625:12627] [DMG] 				{[0m
[0;34m[2524608000.002] [12625:12627] [DMG] 					status = 0x00 (SUCCESS),[0m
[0;34m[2524608000.002] [12625:12627] [DMG] 				},[0m
[0;34m[2524608000.002] [12625:12627] [DMG] 				[0m
[0;34m[2524608000.002] [12625:12627] [DMG] 			},[0m
[0;34m[2524608000.002] [12625:12627] [DMG] 			[0m
[0;34m[2524608000.002] [12625:12627] [DMG] 		},[0m
[0;34m[2524608000.002] [12625:12627] [DMG] 		[0m
[0;34m[2524608000.002] [12625:12627] [DMG] 	],[0m
[0;34m[2524608000.002] [12625:12627] [DMG] 	[0m
[0;34m[2524608000.002] [12625:12627] [DMG] 	InteractionModelRevision = 12[0m
[0;34m[2524608000.002] [12625:12627] [DMG] },[0m
[0;32m[2524608000.003] [12625:12627] [DMG] Received Command Response Status for Endpoint=0 Cluster=0x0000_0038 Command=0x0000_0000 Status=0x0[0m
[0;34m[2524608000.003] [12625:12627] [DMG] ICR moving to [AwaitingDe][0m
[0;32m[2524608000.003] [12625:12627] [EM] <<< [E:21968i S:26272 M:32882399 (Ack:143687401)] (S) Msg TX from 000000000001B669 to 1:0000000000000001 [1026] [UDP:[fe80::bfe:a203:38f0:bce7%enp0s3]:5540] --- Type 0000:10 (SecureChannel:StandaloneAck) (B:34)[0m
[0;34m[2524608000.003] [12625:12627] [EM] Flushed pending ack for MessageCounter:143687401 on exchange 21968i[0m
[0;34m[2524608000.003] [12625:12625] [CTL] Shutting down the commissioner[0m
[0;32m[2524608000.003] [12625:12625] [PAF] WiFiPAF: Closing all WiFiPAF sessions to shutdown[0m
[0;34m[2524608000.003] [12625:12625] [CTL] Shutting down the controller[0m
[0;34m[2524608000.003] [12625:12625] [IN] Expiring all sessions for fabric 0x1!![0m
[0;34m[2524608000.003] [12625:12625] [IN] SecureSession[0x777420009cd0]: MarkForEviction Type:2 LSID:26272[0m
[0;32m[2524608000.003] [12625:12625] [SC] SecureSession[0x777420009cd0, LSID:26272]: State change 'kActive' --> 'kPendingEviction'[0m
[0;34m[2524608000.003] [12625:12625] [IN] SecureSession[0x777420009cd0]: Released - Type:2 LSID:26272[0m
[0;32m[2524608000.003] [12625:12625] [FP] Forgetting fabric 0x1[0m
[0;32m[2524608000.003] [12625:12625] [TS] Pending Last Known Good Time: 2023-10-14T01:16:48[0m
[0;32m[2524608000.003] [12625:12625] [TS] Previous Last Known Good Time: 2023-10-14T01:16:48[0m
[0;32m[2524608000.003] [12625:12625] [TS] Reverted Last Known Good Time to previous value[0m
[0;34m[2524608000.003] [12625:12625] [CTL] Shutting down the commissioner[0m
[0;32m[2524608000.003] [12625:12625] [PAF] WiFiPAF: Closing all WiFiPAF sessions to shutdown[0m
[0;34m[2524608000.003] [12625:12625] [CTL] Shutting down the controller[0m
[0;34m[2524608000.003] [12625:12625] [CTL] Shutting down the System State, this will teardown the CHIP Stack[0m
[0;34m[2524608000.003] [12625:12625] [DMG] All ReadHandler-s are clean, clear GlobalDirtySet[0m
[0;32m[2524608000.003] [12625:12625] [FP] Shutting down FabricTable[0m
[0;32m[2524608000.003] [12625:12625] [TS] Pending Last Known Good Time: 2023-10-14T01:16:48[0m
[0;32m[2524608000.003] [12625:12625] [TS] Previous Last Known Good Time: 2023-10-14T01:16:48[0m
[0;32m[2524608000.003] [12625:12625] [TS] Reverted Last Known Good Time to previous value[0m
[0;34m[2524608000.008] [12625:12625] [DL] Wrote settings to /tmp/chip_counters.ini[0m
[0;32m[2524608000.008] [12625:12625] [DL] NVS set: chip-counters/total-operational-hours = 0 (0x0)[0m
[0;32m[2524608000.009] [12625:12625] [DL] Inet Layer shutdown[0m
[0;32m[2524608000.009] [12625:12625] [DL] BLE Layer shutdown[0m
[0;32m[2524608000.009] [12625:12625] [DL] WiFi-PAF Layer shutdown[0m
[0;32m[2524608000.009] [12625:12625] [PAF] WiFiPAF: Closing all WiFiPAF sessions to shutdown[0m
[0;32m[2524608000.009] [12625:12625] [DL] System Layer shutdown[0m
