[0;34m[1784838140.614] [22337:22337] [DL] ChipLinuxStorage::Init: Using KVS config file: /tmp/chip_tool_kvs[0m
[1;31m[1784838140.614] [22337:22337] [DL] ChipLinuxStorage::Init: Attempt to re-initialize with KVS config file: /tmp/chip_kvs, IGNORING.[0m
[0;34m[1784838140.616] [22337:22337] [DL] ChipLinuxStorage::Init: Using KVS config file: /tmp/chip_factory.ini[0m
[0;34m[1784838140.616] [22337:22337] [DL] ChipLinuxStorage::Init: Using KVS config file: /tmp/chip_config.ini[0m
[0;34m[1784838140.616] [22337:22337] [DL] ChipLinuxStorage::Init: Using KVS config file: /tmp/chip_counters.ini[0m
[0;34m[1784838140.618] [22337:22337] [DL] Wrote settings to /tmp/chip_counters.ini[0m
[0;32m[1784838140.618] [22337:22337] [DL] NVS set: chip-counters/reboot-count = 3 (0x3)[0m
[0;32m[1784838140.618] [22337:22337] [DL] Got Ethernet interface: enp0s3[0m
[0;32m[1784838140.618] [22337:22337] [DL] Found the primary Ethernet interface:enp0s3[0m
[1;31m[1784838140.619] [22337:22337] [DL] Failed to get WiFi interface[0m
[1;31m[1784838140.619] [22337:22337] [DL] Failed to reset WiFi statistic counts[0m
[0;32m[1784838140.619] [22337:22337] [PAF] WiFiPAF: WiFiPAFLayer::Init()[0m
[0;34m[1784838140.619] [22337:22337] [IN] UDP::Init bind&listen port=0[0m
[0;34m[1784838140.619] [22337:22337] [IN] UDP::Init bound to port=38458[0m
[0;34m[1784838140.619] [22337:22337] [IN] UDP::Init bind&listen port=0[0m
[0;34m[1784838140.619] [22337:22337] [IN] UDP::Init bound to port=41646[0m
[0;34m[1784838140.619] [22337:22337] [IN] BLEBase::Init - setting/overriding transport[0m
[0;34m[1784838140.619] [22337:22337] [IN] WiFiPAFBase::Init - setting/overriding transport[0m
[0;34m[1784838140.619] [22337:22337] [IN] TransportMgr initialized[0m
[0;34m[1784838140.619] [22337:22337] [FP] Initializing FabricTable from persistent storage[0m
[0;32m[1784838140.619] [22337:22337] [TS] Last Known Good Time: 2023-10-14T01:16:48[0m
[0;32m[1784838140.619] [22337:22337] [FP] Fabric index 0x1 was retrieved from storage. Compressed FabricId 0x921128A57492DE35, FabricId 0x0000000000000001, NodeId 0x000000000001B669, VendorId 0xFFF1[0m
[0;32m[1784838140.620] [22337:22337] [DMG] Ember attribute persistence requires setting up[0m
[0;32m[1784838140.620] [22337:22337] [ZCL] Using ZAP configuration...[0m
[0;34m[1784838140.621] [22337:22337] [CTL] System State Initialized...[0m
[0;32m[1784838140.621] [22337:22337] [CTL] Setting attestation nonce to random value[0m
[0;32m[1784838140.621] [22337:22337] [CTL] Setting CSR nonce to random value[0m
[0;34m[1784838140.621] [22337:22339] [DL] CHIP task running[0m
[0;32m[1784838140.621] [22337:22339] [CTL] Setting attestation nonce to random value[0m
[0;32m[1784838140.621] [22337:22339] [CTL] Setting CSR nonce to random value[0m
[0;32m[1784838140.621] [22337:22339] [CTL] Generating NOC[0m
[0;32m[1784838140.621] [22337:22339] [FP] Validating NOC chain[0m
[0;32m[1784838140.622] [22337:22339] [FP] NOC chain validation successful[0m
[0;32m[1784838140.622] [22337:22339] [FP] Updated fabric at index: 0x1, Node ID: 0x000000000001B669[0m
[0;32m[1784838140.622] [22337:22339] [TS] Last Known Good Time: 2023-10-14T01:16:48[0m
[0;32m[1784838140.622] [22337:22339] [TS] New proposed Last Known Good Time: 2021-01-01T00:00:00[0m
[0;32m[1784838140.622] [22337:22339] [TS] Retaining current Last Known Good Time[0m
[0;32m[1784838140.623] [22337:22339] [FP] Metadata for Fabric 0x1 persisted to storage.[0m
[0;32m[1784838140.624] [22337:22339] [TS] Committing Last Known Good Time to storage: 2023-10-14T01:16:48[0m
[0;32m[1784838140.624] [22337:22339] [CTL] Joined the fabric at index 1. Fabric ID is 0x0000000000000001 (Compressed Fabric ID: 921128A57492DE35)[0m
[0;32m[1784838140.629] [22337:22339] [TOO] Sending command to node 0x1[0m
[0;34m[1784838140.629] [22337:22339] [CSM] FindOrEstablishSession: PeerId = [1:0000000000000001][0m
[0;34m[1784838140.629] [22337:22339] [CSM] FindOrEstablishSession: No existing OperationalSessionSetup instance found[0m
[0;34m[1784838140.629] [22337:22339] [DIS] OperationalSessionSetup[1:0000000000000001]: State change 1 --> 2[0m
[0;32m[1784838140.630] [22337:22339] [DIS] Lookup started for 921128A57492DE35-0000000000000001[0m
[0;32m[1784838140.630] [22337:22339] [DIS] UDP:[fe80::bfe:a203:38f0:bce7%enp0s3]:5540: new best score: 7 (for 921128A57492DE35-0000000000000001)[0m
[0;34m[1784838140.630] [22337:22339] [DIS] Lookup clearing interface for non LL address[0m
[0;32m[1784838140.630] [22337:22339] [DIS] UDP:10.0.2.15%enp0s3:5540: new best score: 2 (for 921128A57492DE35-0000000000000001)[0m
[0;32m[1784838140.630] [22337:22339] [DIS] Checking node lookup status for 921128A57492DE35-0000000000000001 after 1 ms[0m
[0;32m[1784838140.630] [22337:22339] [DIS] Keeping DNSSD lookup active[0m
[0;32m[1784838140.630] [22337:22339] [DIS] UDP:[fe80::bfe:a203:38f0:bce7%enp0s3]:5540: score has not improved: 7 (for 921128A57492DE35-0000000000000001)[0m
[0;34m[1784838140.630] [22337:22339] [DIS] Lookup clearing interface for non LL address[0m
[0;32m[1784838140.630] [22337:22339] [DIS] UDP:10.0.2.15%enp0s3:5540: score has not improved: 2 (for 921128A57492DE35-0000000000000001)[0m
[0;32m[1784838140.630] [22337:22339] [DIS] Checking node lookup status for 921128A57492DE35-0000000000000001 after 1 ms[0m
[0;32m[1784838140.630] [22337:22339] [DIS] Keeping DNSSD lookup active[0m
[0;32m[1784838140.829] [22337:22339] [DIS] Checking node lookup status for 921128A57492DE35-0000000000000001 after 201 ms[0m
[0;34m[1784838140.829] [22337:22339] [DIS] OperationalSessionSetup[1:0000000000000001]: Updating device address to UDP:[fe80::bfe:a203:38f0:bce7%enp0s3]:5540 while in state 2[0m
[0;34m[1784838140.829] [22337:22339] [DIS] OperationalSessionSetup[1:0000000000000001]: State change 2 --> 3[0m
[0;34m[1784838140.829] [22337:22339] [IN] SecureSession[0x758d90009cd0]: Allocated Type:2 LSID:18901[0m
[0;32m[1784838140.829] [22337:22339] [SC] Initiating session on local FabricIndex 1 from 0x000000000001B669 -> 0x0000000000000001[0m
[0;32m[1784838140.830] [22337:22339] [EM] <<< [E:18368i S:0 M:247763492] (U) Msg TX from E801A7332230BFDC to 0:0000000000000000 [0000] [UDP:[fe80::bfe:a203:38f0:bce7%enp0s3]:5540] --- Type 0000:30 (SecureChannel:CASE_Sigma1) (B:196)[0m
[0;32m[1784838140.830] [22337:22339] [EM] ??1 [E:18368i S:0 M:247763492] (U) Msg Retransmission to 0:0000000000000000 scheduled for 647ms from now [State:Idle II:500 AI:300 AT:4000][0m
[0;32m[1784838140.830] [22337:22339] [SC] Sent Sigma1 msg to <0000000000000001, 1> [II:500ms AI:300ms AT:4000ms][0m
[0;34m[1784838140.830] [22337:22339] [DIS] OperationalSessionSetup[1:0000000000000001]: State change 3 --> 4[0m
[0;32m[1784838140.832] [22337:22339] [EM] >>> [E:18368i S:0 M:211775534 (Ack:247763492)] (U) Msg RX from 0:0000000000000000 [0000] to E801A7332230BFDC --- Type 0000:31 (SecureChannel:CASE_Sigma2) (B:751)[0m
[0;34m[1784838140.832] [22337:22339] [EM] Found matching exchange: 18368i, Delegate: 0x758d9000b8e8[0m
[0;34m[1784838140.832] [22337:22339] [EM] Rxd Ack; Removing MessageCounter:247763492 from Retrans Table on exchange 18368i[0m
[0;32m[1784838140.832] [22337:22339] [SC] Received Sigma2 msg[0m
[0;34m[1784838140.832] [22337:22339] [SC] Found MRP parameters in the message[0m
[0;34m[1784838140.832] [22337:22339] [SC] Peer <0000000000000001, 1> assigned session ID 36859[0m
[0;34m[1784838140.832] [22337:22339] [SC] Sending Sigma3[0m
[0;32m[1784838140.833] [22337:22339] [EM] <<< [E:18368i S:0 M:247763493 (Ack:211775534)] (U) Msg TX from E801A7332230BFDC to 0:0000000000000000 [0000] [UDP:[fe80::bfe:a203:38f0:bce7%enp0s3]:5540] --- Type 0000:32 (SecureChannel:CASE_Sigma3) (B:598)[0m
[0;32m[1784838140.833] [22337:22339] [EM] ??1 [E:18368i S:0 M:247763493] (U) Msg Retransmission to 0:0000000000000000 scheduled for 373ms from now [State:Active II:500 AI:300 AT:4000][0m
[0;32m[1784838140.833] [22337:22339] [SC] Sent Sigma3 msg[0m
[0;32m[1784838140.842] [22337:22339] [EM] >>> [E:18368i S:0 M:211775535 (Ack:247763493)] (U) Msg RX from 0:0000000000000000 [0000] to E801A7332230BFDC --- Type 0000:40 (SecureChannel:StatusReport) (B:34)[0m
[0;34m[1784838140.842] [22337:22339] [EM] Found matching exchange: 18368i, Delegate: 0x758d9000b8e8[0m
[0;34m[1784838140.842] [22337:22339] [EM] Rxd Ack; Removing MessageCounter:247763493 from Retrans Table on exchange 18368i[0m
[0;32m[1784838140.842] [22337:22339] [SC] Success status report received. Session was established[0m
[0;32m[1784838140.844] [22337:22339] [SC] SecureSession[0x758d90009cd0, LSID:18901]: State change 'kEstablishing' --> 'kActive'[0m
[0;34m[1784838140.844] [22337:22339] [IN] SecureSession[0x758d90009cd0]: Activated - Type:2 LSID:18901[0m
[0;34m[1784838140.844] [22337:22339] [IN] New secure session activated for device <0000000000000001, 1>, LSID:18901 PSID:36859![0m
[0;34m[1784838140.844] [22337:22339] [DIS] OperationalSessionSetup[1:0000000000000001]: State change 4 --> 5[0m
[0;32m[1784838140.844] [22337:22339] [TOO] Sending ReadAttribute to:[0m
[0;32m[1784838140.844] [22337:22339] [TOO] 	cluster 0x0000_0038, attribute: 0x0000_0000, endpoint 0[0m
[0;34m[1784838140.844] [22337:22339] [DMG] SendReadRequest ReadClient[0x758d9000eef0]: Sending Read Request[0m
[0;32m[1784838140.844] [22337:22339] [DMG] 0 data version filters provided, 0 not relevant, 0 encoded, 0 skipped due to lack of space[0m
[0;32m[1784838140.844] [22337:22339] [EM] <<< [E:18369i S:18901 M:263569348] (S) Msg TX from 000000000001B669 to 1:0000000000000001 [DE35] [UDP:[fe80::bfe:a203:38f0:bce7%enp0s3]:5540] --- Type 0001:02 (IM:ReadRequest) (B:51)[0m
[0;32m[1784838140.844] [22337:22339] [EM] ??1 [E:18369i S:18901 M:263569348] (S) Msg Retransmission to 1:0000000000000001 scheduled for 377ms from now [State:Active II:500 AI:300 AT:4000][0m
[0;34m[1784838140.844] [22337:22339] [DMG] MoveToState ReadClient[0x758d9000eef0]: Moving to [AwaitingIn][0m
[0;32m[1784838140.844] [22337:22339] [EM] <<< [E:18368i S:0 M:247763494 (Ack:211775535)] (U) Msg TX from E801A7332230BFDC to 0:0000000000000000 [0000] [UDP:[fe80::bfe:a203:38f0:bce7%enp0s3]:5540] --- Type 0000:10 (SecureChannel:StandaloneAck) (B:26)[0m
[0;34m[1784838140.844] [22337:22339] [EM] Flushed pending ack for MessageCounter:211775535 on exchange 18368i[0m
[0;32m[1784838140.844] [22337:22339] [EM] >>> [E:18369i S:18901 M:206490349 (Ack:263569348)] (S) Msg RX from 1:0000000000000001 [DE35] to 000000000001B669 --- Type 0001:05 (IM:ReportData) (B:77)[0m
[0;34m[1784838140.844] [22337:22339] [EM] Found matching exchange: 18369i, Delegate: 0x758d9000ef00[0m
[0;34m[1784838140.844] [22337:22339] [EM] Rxd Ack; Removing MessageCounter:263569348 from Retrans Table on exchange 18369i[0m
[0;34m[1784838140.844] [22337:22339] [DMG] ReportDataMessage =[0m
[0;34m[1784838140.844] [22337:22339] [DMG] {[0m
[0;34m[1784838140.844] [22337:22339] [DMG] 	AttributeReportIBs =[0m
[0;34m[1784838140.844] [22337:22339] [DMG] 	[[0m
[0;34m[1784838140.844] [22337:22339] [DMG] 		AttributeReportIB =[0m
[0;34m[1784838140.844] [22337:22339] [DMG] 		{[0m
[0;34m[1784838140.844] [22337:22339] [DMG] 			AttributeDataIB =[0m
[0;34m[1784838140.844] [22337:22339] [DMG] 			{[0m
[0;34m[1784838140.844] [22337:22339] [DMG] 				DataVersion = 0x2301a73b,[0m
[0;34m[1784838140.844] [22337:22339] [DMG] 				AttributePathIB =[0m
[0;34m[1784838140.844] [22337:22339] [DMG] 				{[0m
[0;34m[1784838140.844] [22337:22339] [DMG] 					Endpoint = 0x0,[0m
[0;34m[1784838140.844] [22337:22339] [DMG] 					Cluster = 0x38,[0m
[0;34m[1784838140.844] [22337:22339] [DMG] 					Attribute = 0x0000_0000,[0m
[0;34m[1784838140.844] [22337:22339] [DMG] 				}[0m
[0;34m[1784838140.844] [22337:22339] [DMG] 					[0m
[0;34m[1784838140.844] [22337:22339] [DMG] 				Data = 838153340844473 (unsigned), [0m
[0;34m[1784838140.844] [22337:22339] [DMG] 			},[0m
[0;34m[1784838140.844] [22337:22339] [DMG] 			[0m
[0;34m[1784838140.844] [22337:22339] [DMG] 		},[0m
[0;34m[1784838140.844] [22337:22339] [DMG] 		[0m
[0;34m[1784838140.844] [22337:22339] [DMG] 	],[0m
[0;34m[1784838140.844] [22337:22339] [DMG] 	[0m
[0;34m[1784838140.844] [22337:22339] [DMG] 	SuppressResponse = true, [0m
[0;34m[1784838140.844] [22337:22339] [DMG] 	InteractionModelRevision = 12[0m
[0;34m[1784838140.844] [22337:22339] [DMG] }[0m
[0;32m[1784838140.844] [22337:22339] [TOO] Endpoint: 0 Cluster: 0x0000_0038 Attribute 0x0000_0000 DataVersion: 587310907[0m
[0;32m[1784838140.844] [22337:22339] [TOO]   UTCTime: 838153340844473[0m
[0;32m[1784838140.845] [22337:22339] [EM] <<< [E:18369i S:18901 M:263569349 (Ack:206490349)] (S) Msg TX from 000000000001B669 to 1:0000000000000001 [DE35] [UDP:[fe80::bfe:a203:38f0:bce7%enp0s3]:5540] --- Type 0000:10 (SecureChannel:StandaloneAck) (B:34)[0m
[0;34m[1784838140.845] [22337:22339] [EM] Flushed pending ack for MessageCounter:206490349 on exchange 18369i[0m
[0;34m[1784838140.845] [22337:22337] [CTL] Shutting down the commissioner[0m
[0;32m[1784838140.845] [22337:22337] [PAF] WiFiPAF: Closing all WiFiPAF sessions to shutdown[0m
[0;34m[1784838140.845] [22337:22337] [CTL] Shutting down the controller[0m
[0;34m[1784838140.845] [22337:22337] [IN] Expiring all sessions for fabric 0x1!![0m
[0;34m[1784838140.845] [22337:22337] [IN] SecureSession[0x758d90009cd0]: MarkForEviction Type:2 LSID:18901[0m
[0;32m[1784838140.845] [22337:22337] [SC] SecureSession[0x758d90009cd0, LSID:18901]: State change 'kActive' --> 'kPendingEviction'[0m
[0;34m[1784838140.845] [22337:22337] [IN] SecureSession[0x758d90009cd0]: Released - Type:2 LSID:18901[0m
[0;32m[1784838140.845] [22337:22337] [FP] Forgetting fabric 0x1[0m
[0;32m[1784838140.845] [22337:22337] [TS] Pending Last Known Good Time: 2023-10-14T01:16:48[0m
[0;32m[1784838140.845] [22337:22337] [TS] Previous Last Known Good Time: 2023-10-14T01:16:48[0m
[0;32m[1784838140.845] [22337:22337] [TS] Reverted Last Known Good Time to previous value[0m
[0;34m[1784838140.845] [22337:22337] [CTL] Shutting down the commissioner[0m
[0;32m[1784838140.845] [22337:22337] [PAF] WiFiPAF: Closing all WiFiPAF sessions to shutdown[0m
[0;34m[1784838140.845] [22337:22337] [CTL] Shutting down the controller[0m
[0;34m[1784838140.845] [22337:22337] [CTL] Shutting down the System State, this will teardown the CHIP Stack[0m
[0;34m[1784838140.845] [22337:22337] [DMG] All ReadHandler-s are clean, clear GlobalDirtySet[0m
[0;32m[1784838140.845] [22337:22337] [FP] Shutting down FabricTable[0m
[0;32m[1784838140.845] [22337:22337] [TS] Pending Last Known Good Time: 2023-10-14T01:16:48[0m
[0;32m[1784838140.845] [22337:22337] [TS] Previous Last Known Good Time: 2023-10-14T01:16:48[0m
[0;32m[1784838140.845] [22337:22337] [TS] Reverted Last Known Good Time to previous value[0m
[0;34m[1784838140.847] [22337:22337] [DL] Wrote settings to /tmp/chip_counters.ini[0m
[0;32m[1784838140.847] [22337:22337] [DL] NVS set: chip-counters/total-operational-hours = 0 (0x0)[0m
[0;32m[1784838140.847] [22337:22337] [DL] Inet Layer shutdown[0m
[0;32m[1784838140.847] [22337:22337] [DL] BLE Layer shutdown[0m
[0;32m[1784838140.847] [22337:22337] [DL] WiFi-PAF Layer shutdown[0m
[0;32m[1784838140.847] [22337:22337] [PAF] WiFiPAF: Closing all WiFiPAF sessions to shutdown[0m
[0;32m[1784838140.847] [22337:22337] [DL] System Layer shutdown[0m
