[0;34m[1784654204.768] [3831:3831] [DL] ChipLinuxStorage::Init: Using KVS config file: /tmp/chip_tool_kvs[0m
[1;31m[1784654204.769] [3831:3831] [DL] ChipLinuxStorage::Init: Attempt to re-initialize with KVS config file: /tmp/chip_kvs, IGNORING.[0m
[0;34m[1784654204.770] [3831:3831] [DL] ChipLinuxStorage::Init: Using KVS config file: /tmp/chip_factory.ini[0m
[0;34m[1784654204.770] [3831:3831] [DL] ChipLinuxStorage::Init: Using KVS config file: /tmp/chip_config.ini[0m
[0;34m[1784654204.770] [3831:3831] [DL] ChipLinuxStorage::Init: Using KVS config file: /tmp/chip_counters.ini[0m
[0;34m[1784654204.773] [3831:3831] [DL] Wrote settings to /tmp/chip_counters.ini[0m
[0;32m[1784654204.773] [3831:3831] [DL] NVS set: chip-counters/reboot-count = 3 (0x3)[0m
[0;32m[1784654204.773] [3831:3831] [DL] Got Ethernet interface: enp0s3[0m
[0;32m[1784654204.773] [3831:3831] [DL] Found the primary Ethernet interface:enp0s3[0m
[1;31m[1784654204.773] [3831:3831] [DL] Failed to get WiFi interface[0m
[1;31m[1784654204.773] [3831:3831] [DL] Failed to reset WiFi statistic counts[0m
[0;32m[1784654204.773] [3831:3831] [PAF] WiFiPAF: WiFiPAFLayer::Init()[0m
[0;34m[1784654204.773] [3831:3831] [IN] UDP::Init bind&listen port=0[0m
[0;34m[1784654204.773] [3831:3831] [IN] UDP::Init bound to port=53574[0m
[0;34m[1784654204.773] [3831:3831] [IN] UDP::Init bind&listen port=0[0m
[0;34m[1784654204.773] [3831:3831] [IN] UDP::Init bound to port=34801[0m
[0;34m[1784654204.773] [3831:3831] [IN] BLEBase::Init - setting/overriding transport[0m
[0;34m[1784654204.773] [3831:3831] [IN] WiFiPAFBase::Init - setting/overriding transport[0m
[0;34m[1784654204.773] [3831:3831] [IN] TransportMgr initialized[0m
[0;34m[1784654204.773] [3831:3831] [FP] Initializing FabricTable from persistent storage[0m
[0;32m[1784654204.773] [3831:3831] [TS] Last Known Good Time: 2023-10-14T01:16:48[0m
[0;32m[1784654204.774] [3831:3831] [FP] Fabric index 0x1 was retrieved from storage. Compressed FabricId 0xE272772A53B59CE0, FabricId 0x0000000000000001, NodeId 0x000000000001B669, VendorId 0xFFF1[0m
[0;32m[1784654204.775] [3831:3831] [DMG] Ember attribute persistence requires setting up[0m
[0;32m[1784654204.775] [3831:3831] [ZCL] Using ZAP configuration...[0m
[0;34m[1784654204.775] [3831:3831] [CTL] System State Initialized...[0m
[0;32m[1784654204.775] [3831:3831] [CTL] Setting attestation nonce to random value[0m
[0;32m[1784654204.775] [3831:3831] [CTL] Setting CSR nonce to random value[0m
[0;34m[1784654204.775] [3831:3833] [DL] CHIP task running[0m
[0;32m[1784654204.775] [3831:3833] [CTL] Setting attestation nonce to random value[0m
[0;32m[1784654204.775] [3831:3833] [CTL] Setting CSR nonce to random value[0m
[0;32m[1784654204.775] [3831:3833] [CTL] Generating NOC[0m
[0;32m[1784654204.776] [3831:3833] [FP] Validating NOC chain[0m
[0;32m[1784654204.776] [3831:3833] [FP] NOC chain validation successful[0m
[0;32m[1784654204.776] [3831:3833] [FP] Updated fabric at index: 0x1, Node ID: 0x000000000001B669[0m
[0;32m[1784654204.776] [3831:3833] [TS] Last Known Good Time: 2023-10-14T01:16:48[0m
[0;32m[1784654204.776] [3831:3833] [TS] New proposed Last Known Good Time: 2021-01-01T00:00:00[0m
[0;32m[1784654204.776] [3831:3833] [TS] Retaining current Last Known Good Time[0m
[0;32m[1784654204.778] [3831:3833] [FP] Metadata for Fabric 0x1 persisted to storage.[0m
[0;32m[1784654204.780] [3831:3833] [TS] Committing Last Known Good Time to storage: 2023-10-14T01:16:48[0m
[0;32m[1784654204.781] [3831:3833] [CTL] Joined the fabric at index 1. Fabric ID is 0x0000000000000001 (Compressed Fabric ID: E272772A53B59CE0)[0m
[0;32m[1784654204.786] [3831:3833] [TOO] Sending command to node 0x1[0m
[0;34m[1784654204.786] [3831:3833] [CSM] FindOrEstablishSession: PeerId = [1:0000000000000001][0m
[0;34m[1784654204.786] [3831:3833] [CSM] FindOrEstablishSession: No existing OperationalSessionSetup instance found[0m
[0;34m[1784654204.786] [3831:3833] [DIS] OperationalSessionSetup[1:0000000000000001]: State change 1 --> 2[0m
[0;32m[1784654204.786] [3831:3833] [DIS] Lookup started for E272772A53B59CE0-0000000000000001[0m
[0;32m[1784654204.786] [3831:3833] [DIS] UDP:[fe80::bfe:a203:38f0:bce7%enp0s3]:5540: new best score: 7 (for E272772A53B59CE0-0000000000000001)[0m
[0;34m[1784654204.786] [3831:3833] [DIS] Lookup clearing interface for non LL address[0m
[0;32m[1784654204.786] [3831:3833] [DIS] UDP:10.0.2.15%enp0s3:5540: new best score: 2 (for E272772A53B59CE0-0000000000000001)[0m
[0;32m[1784654204.786] [3831:3833] [DIS] Checking node lookup status for E272772A53B59CE0-0000000000000001 after 1 ms[0m
[0;32m[1784654204.786] [3831:3833] [DIS] Keeping DNSSD lookup active[0m
[0;32m[1784654204.786] [3831:3833] [DIS] UDP:[fe80::bfe:a203:38f0:bce7%enp0s3]:5540: score has not improved: 7 (for E272772A53B59CE0-0000000000000001)[0m
[0;34m[1784654204.786] [3831:3833] [DIS] Lookup clearing interface for non LL address[0m
[0;32m[1784654204.786] [3831:3833] [DIS] UDP:10.0.2.15%enp0s3:5540: score has not improved: 2 (for E272772A53B59CE0-0000000000000001)[0m
[0;32m[1784654204.786] [3831:3833] [DIS] Checking node lookup status for E272772A53B59CE0-0000000000000001 after 1 ms[0m
[0;32m[1784654204.786] [3831:3833] [DIS] Keeping DNSSD lookup active[0m
[0;32m[1784654204.987] [3831:3833] [DIS] Checking node lookup status for E272772A53B59CE0-0000000000000001 after 201 ms[0m
[0;34m[1784654204.987] [3831:3833] [DIS] OperationalSessionSetup[1:0000000000000001]: Updating device address to UDP:[fe80::bfe:a203:38f0:bce7%enp0s3]:5540 while in state 2[0m
[0;34m[1784654204.987] [3831:3833] [DIS] OperationalSessionSetup[1:0000000000000001]: State change 2 --> 3[0m
[0;34m[1784654204.987] [3831:3833] [IN] SecureSession[0x717230009cd0]: Allocated Type:2 LSID:26249[0m
[0;32m[1784654204.987] [3831:3833] [SC] Initiating session on local FabricIndex 1 from 0x000000000001B669 -> 0x0000000000000001[0m
[0;32m[1784654204.988] [3831:3833] [EM] <<< [E:42810i S:0 M:40291222] (U) Msg TX from 3A130CA241D6DA1A to 0:0000000000000000 [0000] [UDP:[fe80::bfe:a203:38f0:bce7%enp0s3]:5540] --- Type 0000:30 (SecureChannel:CASE_Sigma1) (B:196)[0m
[0;32m[1784654204.988] [3831:3833] [EM] ??1 [E:42810i S:0 M:40291222] (U) Msg Retransmission to 0:0000000000000000 scheduled for 640ms from now [State:Idle II:500 AI:300 AT:4000][0m
[0;32m[1784654204.988] [3831:3833] [SC] Sent Sigma1 msg to <0000000000000001, 1> [II:500ms AI:300ms AT:4000ms][0m
[0;34m[1784654204.988] [3831:3833] [DIS] OperationalSessionSetup[1:0000000000000001]: State change 3 --> 4[0m
[0;32m[1784654204.990] [3831:3833] [EM] >>> [E:42810i S:0 M:206345798 (Ack:40291222)] (U) Msg RX from 0:0000000000000000 [0000] to 3A130CA241D6DA1A --- Type 0000:31 (SecureChannel:CASE_Sigma2) (B:751)[0m
[0;34m[1784654204.990] [3831:3833] [EM] Found matching exchange: 42810i, Delegate: 0x71723000b8e8[0m
[0;34m[1784654204.990] [3831:3833] [EM] Rxd Ack; Removing MessageCounter:40291222 from Retrans Table on exchange 42810i[0m
[0;32m[1784654204.990] [3831:3833] [SC] Received Sigma2 msg[0m
[0;34m[1784654204.990] [3831:3833] [SC] Found MRP parameters in the message[0m
[0;34m[1784654204.991] [3831:3833] [SC] Peer <0000000000000001, 1> assigned session ID 5128[0m
[0;34m[1784654204.991] [3831:3833] [SC] Sending Sigma3[0m
[0;32m[1784654204.991] [3831:3833] [EM] <<< [E:42810i S:0 M:40291223 (Ack:206345798)] (U) Msg TX from 3A130CA241D6DA1A to 0:0000000000000000 [0000] [UDP:[fe80::bfe:a203:38f0:bce7%enp0s3]:5540] --- Type 0000:32 (SecureChannel:CASE_Sigma3) (B:598)[0m
[0;32m[1784654204.991] [3831:3833] [EM] ??1 [E:42810i S:0 M:40291223] (U) Msg Retransmission to 0:0000000000000000 scheduled for 354ms from now [State:Active II:500 AI:300 AT:4000][0m
[0;32m[1784654204.991] [3831:3833] [SC] Sent Sigma3 msg[0m
[0;32m[1784654205.000] [3831:3833] [EM] >>> [E:42810i S:0 M:206345799 (Ack:40291223)] (U) Msg RX from 0:0000000000000000 [0000] to 3A130CA241D6DA1A --- Type 0000:40 (SecureChannel:StatusReport) (B:34)[0m
[0;34m[1784654205.000] [3831:3833] [EM] Found matching exchange: 42810i, Delegate: 0x71723000b8e8[0m
[0;34m[1784654205.000] [3831:3833] [EM] Rxd Ack; Removing MessageCounter:40291223 from Retrans Table on exchange 42810i[0m
[0;32m[1784654205.000] [3831:3833] [SC] Success status report received. Session was established[0m
[0;32m[1784654205.001] [3831:3833] [SC] SecureSession[0x717230009cd0, LSID:26249]: State change 'kEstablishing' --> 'kActive'[0m
[0;34m[1784654205.001] [3831:3833] [IN] SecureSession[0x717230009cd0]: Activated - Type:2 LSID:26249[0m
[0;34m[1784654205.001] [3831:3833] [IN] New secure session activated for device <0000000000000001, 1>, LSID:26249 PSID:5128![0m
[0;34m[1784654205.001] [3831:3833] [DIS] OperationalSessionSetup[1:0000000000000001]: State change 4 --> 5[0m
[0;32m[1784654205.001] [3831:3833] [TOO] Sending cluster (0x00000030) command (0x00000000) on endpoint 0[0m
[0;34m[1784654205.002] [3831:3833] [DMG] ICR moving to [AddingComm][0m
[0;34m[1784654205.002] [3831:3833] [DMG] ICR moving to [AddedComma][0m
[0;32m[1784654205.002] [3831:3833] [EM] <<< [E:42811i S:26249 M:168776656] (S) Msg TX from 000000000001B669 to 1:0000000000000001 [9CE0] [UDP:[fe80::bfe:a203:38f0:bce7%enp0s3]:5540] --- Type 0001:08 (IM:InvokeCommandRequest) (B:65)[0m
[0;32m[1784654205.002] [3831:3833] [EM] ??1 [E:42811i S:26249 M:168776656] (S) Msg Retransmission to 1:0000000000000001 scheduled for 342ms from now [State:Active II:500 AI:300 AT:4000][0m
[0;34m[1784654205.002] [3831:3833] [DMG] ICR moving to [AwaitingRe][0m
[0;32m[1784654205.002] [3831:3833] [EM] <<< [E:42810i S:0 M:40291224 (Ack:206345799)] (U) Msg TX from 3A130CA241D6DA1A to 0:0000000000000000 [0000] [UDP:[fe80::bfe:a203:38f0:bce7%enp0s3]:5540] --- Type 0000:10 (SecureChannel:StandaloneAck) (B:26)[0m
[0;34m[1784654205.002] [3831:3833] [EM] Flushed pending ack for MessageCounter:206345799 on exchange 42810i[0m
[0;32m[1784654205.002] [3831:3833] [EM] >>> [E:42811i S:26249 M:26521736 (Ack:168776656)] (S) Msg RX from 1:0000000000000001 [9CE0] to 000000000001B669 --- Type 0001:09 (IM:InvokeCommandResponse) (B:70)[0m
[0;34m[1784654205.002] [3831:3833] [EM] Found matching exchange: 42811i, Delegate: 0x71723000eef8[0m
[0;34m[1784654205.002] [3831:3833] [EM] Rxd Ack; Removing MessageCounter:168776656 from Retrans Table on exchange 42811i[0m
[0;34m[1784654205.002] [3831:3833] [DMG] ICR moving to [ResponseRe][0m
[0;34m[1784654205.002] [3831:3833] [DMG] InvokeResponseMessage =[0m
[0;34m[1784654205.002] [3831:3833] [DMG] {[0m
[0;34m[1784654205.002] [3831:3833] [DMG] 	suppressResponse = false, [0m
[0;34m[1784654205.002] [3831:3833] [DMG] 	InvokeResponseIBs =[0m
[0;34m[1784654205.002] [3831:3833] [DMG] 	[[0m
[0;34m[1784654205.002] [3831:3833] [DMG] 		InvokeResponseIB =[0m
[0;34m[1784654205.002] [3831:3833] [DMG] 		{[0m
[0;34m[1784654205.002] [3831:3833] [DMG] 			CommandDataIB =[0m
[0;34m[1784654205.002] [3831:3833] [DMG] 			{[0m
[0;34m[1784654205.002] [3831:3833] [DMG] 				CommandPathIB =[0m
[0;34m[1784654205.002] [3831:3833] [DMG] 				{[0m
[0;34m[1784654205.002] [3831:3833] [DMG] 					EndpointId = 0x0,[0m
[0;34m[1784654205.002] [3831:3833] [DMG] 					ClusterId = 0x30,[0m
[0;34m[1784654205.002] [3831:3833] [DMG] 					CommandId = 0x1,[0m
[0;34m[1784654205.002] [3831:3833] [DMG] 				},[0m
[0;34m[1784654205.002] [3831:3833] [DMG] 				[0m
[0;34m[1784654205.002] [3831:3833] [DMG] 				CommandFields = [0m
[0;34m[1784654205.002] [3831:3833] [DMG] 				{[0m
[0;34m[1784654205.002] [3831:3833] [DMG] 					0x0 = 0 (unsigned), [0m
[0;34m[1784654205.002] [3831:3833] [DMG] 					0x1 = "" (0 chars), [0m
[0;34m[1784654205.002] [3831:3833] [DMG] 				},[0m
[0;34m[1784654205.002] [3831:3833] [DMG] 			},[0m
[0;34m[1784654205.002] [3831:3833] [DMG] 			[0m
[0;34m[1784654205.002] [3831:3833] [DMG] 		},[0m
[0;34m[1784654205.002] [3831:3833] [DMG] 		[0m
[0;34m[1784654205.002] [3831:3833] [DMG] 	],[0m
[0;34m[1784654205.002] [3831:3833] [DMG] 	[0m
[0;34m[1784654205.002] [3831:3833] [DMG] 	InteractionModelRevision = 12[0m
[0;34m[1784654205.002] [3831:3833] [DMG] },[0m
[0;32m[1784654205.002] [3831:3833] [DMG] Received Command Response Data, Endpoint=0 Cluster=0x0000_0030 Command=0x0000_0001[0m
[0;32m[1784654205.002] [3831:3833] [TOO] Endpoint: 0 Cluster: 0x0000_0030 Command 0x0000_0001[0m
[0;32m[1784654205.002] [3831:3833] [TOO]   ArmFailSafeResponse: {[0m
[0;32m[1784654205.002] [3831:3833] [TOO]     errorCode: 0[0m
[0;32m[1784654205.002] [3831:3833] [TOO]     debugText: [0m
[0;32m[1784654205.002] [3831:3833] [TOO]    }[0m
[0;34m[1784654205.002] [3831:3833] [DMG] ICR moving to [AwaitingDe][0m
[0;32m[1784654205.002] [3831:3833] [EM] <<< [E:42811i S:26249 M:168776657 (Ack:26521736)] (S) Msg TX from 000000000001B669 to 1:0000000000000001 [9CE0] [UDP:[fe80::bfe:a203:38f0:bce7%enp0s3]:5540] --- Type 0000:10 (SecureChannel:StandaloneAck) (B:34)[0m
[0;34m[1784654205.002] [3831:3833] [EM] Flushed pending ack for MessageCounter:26521736 on exchange 42811i[0m
[0;34m[1784654205.002] [3831:3831] [CTL] Shutting down the commissioner[0m
[0;32m[1784654205.002] [3831:3831] [PAF] WiFiPAF: Closing all WiFiPAF sessions to shutdown[0m
[0;34m[1784654205.002] [3831:3831] [CTL] Shutting down the controller[0m
[0;34m[1784654205.002] [3831:3831] [IN] Expiring all sessions for fabric 0x1!![0m
[0;34m[1784654205.002] [3831:3831] [IN] SecureSession[0x717230009cd0]: MarkForEviction Type:2 LSID:26249[0m
[0;32m[1784654205.002] [3831:3831] [SC] SecureSession[0x717230009cd0, LSID:26249]: State change 'kActive' --> 'kPendingEviction'[0m
[0;34m[1784654205.002] [3831:3831] [IN] SecureSession[0x717230009cd0]: Released - Type:2 LSID:26249[0m
[0;32m[1784654205.002] [3831:3831] [FP] Forgetting fabric 0x1[0m
[0;32m[1784654205.002] [3831:3831] [TS] Pending Last Known Good Time: 2023-10-14T01:16:48[0m
[0;32m[1784654205.003] [3831:3831] [TS] Previous Last Known Good Time: 2023-10-14T01:16:48[0m
[0;32m[1784654205.003] [3831:3831] [TS] Reverted Last Known Good Time to previous value[0m
[0;34m[1784654205.003] [3831:3831] [CTL] Shutting down the commissioner[0m
[0;32m[1784654205.003] [3831:3831] [PAF] WiFiPAF: Closing all WiFiPAF sessions to shutdown[0m
[0;34m[1784654205.003] [3831:3831] [CTL] Shutting down the controller[0m
[0;34m[1784654205.003] [3831:3831] [CTL] Shutting down the System State, this will teardown the CHIP Stack[0m
[0;34m[1784654205.003] [3831:3831] [DMG] All ReadHandler-s are clean, clear GlobalDirtySet[0m
[0;32m[1784654205.003] [3831:3831] [FP] Shutting down FabricTable[0m
[0;32m[1784654205.003] [3831:3831] [TS] Pending Last Known Good Time: 2023-10-14T01:16:48[0m
[0;32m[1784654205.003] [3831:3831] [TS] Previous Last Known Good Time: 2023-10-14T01:16:48[0m
[0;32m[1784654205.003] [3831:3831] [TS] Reverted Last Known Good Time to previous value[0m
[0;34m[1784654205.005] [3831:3831] [DL] Wrote settings to /tmp/chip_counters.ini[0m
[0;32m[1784654205.005] [3831:3831] [DL] NVS set: chip-counters/total-operational-hours = 0 (0x0)[0m
[0;32m[1784654205.005] [3831:3831] [DL] Inet Layer shutdown[0m
[0;32m[1784654205.005] [3831:3831] [DL] BLE Layer shutdown[0m
[0;32m[1784654205.005] [3831:3831] [DL] WiFi-PAF Layer shutdown[0m
[0;32m[1784654205.005] [3831:3831] [PAF] WiFiPAF: Closing all WiFiPAF sessions to shutdown[0m
[0;32m[1784654205.005] [3831:3831] [DL] System Layer shutdown[0m
