[0;34m[1784654205.052] [3835:3835] [DL] ChipLinuxStorage::Init: Using KVS config file: /tmp/chip_tool_kvs[0m
[1;31m[1784654205.053] [3835:3835] [DL] ChipLinuxStorage::Init: Attempt to re-initialize with KVS config file: /tmp/chip_kvs, IGNORING.[0m
[0;34m[1784654205.056] [3835:3835] [DL] ChipLinuxStorage::Init: Using KVS config file: /tmp/chip_factory.ini[0m
[0;34m[1784654205.056] [3835:3835] [DL] ChipLinuxStorage::Init: Using KVS config file: /tmp/chip_config.ini[0m
[0;34m[1784654205.056] [3835:3835] [DL] ChipLinuxStorage::Init: Using KVS config file: /tmp/chip_counters.ini[0m
[0;34m[1784654205.059] [3835:3835] [DL] Wrote settings to /tmp/chip_counters.ini[0m
[0;32m[1784654205.059] [3835:3835] [DL] NVS set: chip-counters/reboot-count = 4 (0x4)[0m
[0;32m[1784654205.059] [3835:3835] [DL] Got Ethernet interface: enp0s3[0m
[0;32m[1784654205.059] [3835:3835] [DL] Found the primary Ethernet interface:enp0s3[0m
[1;31m[1784654205.060] [3835:3835] [DL] Failed to get WiFi interface[0m
[1;31m[1784654205.060] [3835:3835] [DL] Failed to reset WiFi statistic counts[0m
[0;32m[1784654205.060] [3835:3835] [PAF] WiFiPAF: WiFiPAFLayer::Init()[0m
[0;34m[1784654205.060] [3835:3835] [IN] UDP::Init bind&listen port=0[0m
[0;34m[1784654205.060] [3835:3835] [IN] UDP::Init bound to port=51439[0m
[0;34m[1784654205.060] [3835:3835] [IN] UDP::Init bind&listen port=0[0m
[0;34m[1784654205.060] [3835:3835] [IN] UDP::Init bound to port=50334[0m
[0;34m[1784654205.060] [3835:3835] [IN] BLEBase::Init - setting/overriding transport[0m
[0;34m[1784654205.060] [3835:3835] [IN] WiFiPAFBase::Init - setting/overriding transport[0m
[0;34m[1784654205.060] [3835:3835] [IN] TransportMgr initialized[0m
[0;34m[1784654205.060] [3835:3835] [FP] Initializing FabricTable from persistent storage[0m
[0;32m[1784654205.060] [3835:3835] [TS] Last Known Good Time: 2023-10-14T01:16:48[0m
[0;32m[1784654205.060] [3835:3835] [FP] Fabric index 0x1 was retrieved from storage. Compressed FabricId 0xE272772A53B59CE0, FabricId 0x0000000000000001, NodeId 0x000000000001B669, VendorId 0xFFF1[0m
[0;32m[1784654205.061] [3835:3835] [DMG] Ember attribute persistence requires setting up[0m
[0;32m[1784654205.061] [3835:3835] [ZCL] Using ZAP configuration...[0m
[0;34m[1784654205.061] [3835:3835] [CTL] System State Initialized...[0m
[0;32m[1784654205.061] [3835:3835] [CTL] Setting attestation nonce to random value[0m
[0;32m[1784654205.061] [3835:3835] [CTL] Setting CSR nonce to random value[0m
[0;34m[1784654205.061] [3835:3837] [DL] CHIP task running[0m
[0;32m[1784654205.061] [3835:3837] [CTL] Setting attestation nonce to random value[0m
[0;32m[1784654205.062] [3835:3837] [CTL] Setting CSR nonce to random value[0m
[0;32m[1784654205.062] [3835:3837] [CTL] Generating NOC[0m
[0;32m[1784654205.062] [3835:3837] [FP] Validating NOC chain[0m
[0;32m[1784654205.062] [3835:3837] [FP] NOC chain validation successful[0m
[0;32m[1784654205.062] [3835:3837] [FP] Updated fabric at index: 0x1, Node ID: 0x000000000001B669[0m
[0;32m[1784654205.062] [3835:3837] [TS] Last Known Good Time: 2023-10-14T01:16:48[0m
[0;32m[1784654205.062] [3835:3837] [TS] New proposed Last Known Good Time: 2021-01-01T00:00:00[0m
[0;32m[1784654205.062] [3835:3837] [TS] Retaining current Last Known Good Time[0m
[0;32m[1784654205.065] [3835:3837] [FP] Metadata for Fabric 0x1 persisted to storage.[0m
[0;32m[1784654205.066] [3835:3837] [TS] Committing Last Known Good Time to storage: 2023-10-14T01:16:48[0m
[0;32m[1784654205.066] [3835:3837] [CTL] Joined the fabric at index 1. Fabric ID is 0x0000000000000001 (Compressed Fabric ID: E272772A53B59CE0)[0m
[0;32m[1784654205.072] [3835:3837] [TOO] Sending command to node 0x1[0m
[0;34m[1784654205.072] [3835:3837] [CSM] FindOrEstablishSession: PeerId = [1:0000000000000001][0m
[0;34m[1784654205.072] [3835:3837] [CSM] FindOrEstablishSession: No existing OperationalSessionSetup instance found[0m
[0;34m[1784654205.072] [3835:3837] [DIS] OperationalSessionSetup[1:0000000000000001]: State change 1 --> 2[0m
[0;32m[1784654205.073] [3835:3837] [DIS] Lookup started for E272772A53B59CE0-0000000000000001[0m
[0;32m[1784654205.073] [3835:3837] [DIS] UDP:[fe80::bfe:a203:38f0:bce7%enp0s3]:5540: new best score: 7 (for E272772A53B59CE0-0000000000000001)[0m
[0;34m[1784654205.073] [3835:3837] [DIS] Lookup clearing interface for non LL address[0m
[0;32m[1784654205.073] [3835:3837] [DIS] UDP:10.0.2.15%enp0s3:5540: new best score: 2 (for E272772A53B59CE0-0000000000000001)[0m
[0;32m[1784654205.073] [3835:3837] [DIS] Checking node lookup status for E272772A53B59CE0-0000000000000001 after 0 ms[0m
[0;32m[1784654205.073] [3835:3837] [DIS] Keeping DNSSD lookup active[0m
[0;32m[1784654205.073] [3835:3837] [DIS] UDP:[fe80::bfe:a203:38f0:bce7%enp0s3]:5540: score has not improved: 7 (for E272772A53B59CE0-0000000000000001)[0m
[0;34m[1784654205.073] [3835:3837] [DIS] Lookup clearing interface for non LL address[0m
[0;32m[1784654205.073] [3835:3837] [DIS] UDP:10.0.2.15%enp0s3:5540: score has not improved: 2 (for E272772A53B59CE0-0000000000000001)[0m
[0;32m[1784654205.073] [3835:3837] [DIS] Checking node lookup status for E272772A53B59CE0-0000000000000001 after 0 ms[0m
[0;32m[1784654205.073] [3835:3837] [DIS] Keeping DNSSD lookup active[0m
[0;32m[1784654205.279] [3835:3837] [DIS] Checking node lookup status for E272772A53B59CE0-0000000000000001 after 207 ms[0m
[0;34m[1784654205.280] [3835:3837] [DIS] OperationalSessionSetup[1:0000000000000001]: Updating device address to UDP:[fe80::bfe:a203:38f0:bce7%enp0s3]:5540 while in state 2[0m
[0;34m[1784654205.280] [3835:3837] [DIS] OperationalSessionSetup[1:0000000000000001]: State change 2 --> 3[0m
[0;34m[1784654205.280] [3835:3837] [IN] SecureSession[0x718124009cd0]: Allocated Type:2 LSID:30927[0m
[0;32m[1784654205.280] [3835:3837] [SC] Initiating session on local FabricIndex 1 from 0x000000000001B669 -> 0x0000000000000001[0m
[0;32m[1784654205.281] [3835:3837] [EM] <<< [E:4570i S:0 M:95978936] (U) Msg TX from E92778ED0866015F to 0:0000000000000000 [0000] [UDP:[fe80::bfe:a203:38f0:bce7%enp0s3]:5540] --- Type 0000:30 (SecureChannel:CASE_Sigma1) (B:196)[0m
[0;32m[1784654205.281] [3835:3837] [EM] ??1 [E:4570i S:0 M:95978936] (U) Msg Retransmission to 0:0000000000000000 scheduled for 620ms from now [State:Idle II:500 AI:300 AT:4000][0m
[0;32m[1784654205.281] [3835:3837] [SC] Sent Sigma1 msg to <0000000000000001, 1> [II:500ms AI:300ms AT:4000ms][0m
[0;34m[1784654205.281] [3835:3837] [DIS] OperationalSessionSetup[1:0000000000000001]: State change 3 --> 4[0m
[0;32m[1784654205.286] [3835:3837] [EM] >>> [E:4570i S:0 M:206345800 (Ack:95978936)] (U) Msg RX from 0:0000000000000000 [0000] to E92778ED0866015F --- Type 0000:31 (SecureChannel:CASE_Sigma2) (B:751)[0m
[0;34m[1784654205.286] [3835:3837] [EM] Found matching exchange: 4570i, Delegate: 0x71812400b8e8[0m
[0;34m[1784654205.286] [3835:3837] [EM] Rxd Ack; Removing MessageCounter:95978936 from Retrans Table on exchange 4570i[0m
[0;32m[1784654205.286] [3835:3837] [SC] Received Sigma2 msg[0m
[0;34m[1784654205.286] [3835:3837] [SC] Found MRP parameters in the message[0m
[0;34m[1784654205.288] [3835:3837] [SC] Peer <0000000000000001, 1> assigned session ID 5129[0m
[0;34m[1784654205.288] [3835:3837] [SC] Sending Sigma3[0m
[0;32m[1784654205.288] [3835:3837] [EM] <<< [E:4570i S:0 M:95978937 (Ack:206345800)] (U) Msg TX from E92778ED0866015F to 0:0000000000000000 [0000] [UDP:[fe80::bfe:a203:38f0:bce7%enp0s3]:5540] --- Type 0000:32 (SecureChannel:CASE_Sigma3) (B:598)[0m
[0;32m[1784654205.288] [3835:3837] [EM] ??1 [E:4570i S:0 M:95978937] (U) Msg Retransmission to 0:0000000000000000 scheduled for 399ms from now [State:Active II:500 AI:300 AT:4000][0m
[0;32m[1784654205.288] [3835:3837] [SC] Sent Sigma3 msg[0m
[0;32m[1784654205.297] [3835:3837] [EM] >>> [E:4570i S:0 M:206345801 (Ack:95978937)] (U) Msg RX from 0:0000000000000000 [0000] to E92778ED0866015F --- Type 0000:40 (SecureChannel:StatusReport) (B:34)[0m
[0;34m[1784654205.297] [3835:3837] [EM] Found matching exchange: 4570i, Delegate: 0x71812400b8e8[0m
[0;34m[1784654205.297] [3835:3837] [EM] Rxd Ack; Removing MessageCounter:95978937 from Retrans Table on exchange 4570i[0m
[0;32m[1784654205.297] [3835:3837] [SC] Success status report received. Session was established[0m
[0;32m[1784654205.299] [3835:3837] [SC] SecureSession[0x718124009cd0, LSID:30927]: State change 'kEstablishing' --> 'kActive'[0m
[0;34m[1784654205.299] [3835:3837] [IN] SecureSession[0x718124009cd0]: Activated - Type:2 LSID:30927[0m
[0;34m[1784654205.299] [3835:3837] [IN] New secure session activated for device <0000000000000001, 1>, LSID:30927 PSID:5129![0m
[0;34m[1784654205.299] [3835:3837] [DIS] OperationalSessionSetup[1:0000000000000001]: State change 4 --> 5[0m
[0;32m[1784654205.299] [3835:3837] [TOO] Sending cluster (0x0000003E) command (0x00000004) on endpoint 0[0m
[0;34m[1784654205.299] [3835:3837] [DMG] ICR moving to [AddingComm][0m
[0;34m[1784654205.299] [3835:3837] [DMG] ICR moving to [AddedComma][0m
[0;32m[1784654205.299] [3835:3837] [EM] <<< [E:4571i S:30927 M:138189322] (S) Msg TX from 000000000001B669 to 1:0000000000000001 [9CE0] [UDP:[fe80::bfe:a203:38f0:bce7%enp0s3]:5540] --- Type 0001:08 (IM:InvokeCommandRequest) (B:96)[0m
[0;32m[1784654205.299] [3835:3837] [EM] ??1 [E:4571i S:30927 M:138189322] (S) Msg Retransmission to 1:0000000000000001 scheduled for 338ms from now [State:Active II:500 AI:300 AT:4000][0m
[0;34m[1784654205.299] [3835:3837] [DMG] ICR moving to [AwaitingRe][0m
[0;32m[1784654205.299] [3835:3837] [EM] <<< [E:4570i S:0 M:95978938 (Ack:206345801)] (U) Msg TX from E92778ED0866015F to 0:0000000000000000 [0000] [UDP:[fe80::bfe:a203:38f0:bce7%enp0s3]:5540] --- Type 0000:10 (SecureChannel:StandaloneAck) (B:26)[0m
[0;34m[1784654205.299] [3835:3837] [EM] Flushed pending ack for MessageCounter:206345801 on exchange 4570i[0m
[0;32m[1784654205.299] [3835:3837] [EM] >>> [E:4571i S:30927 M:268079528 (Ack:138189322)] (S) Msg RX from 1:0000000000000001 [9CE0] to 000000000001B669 --- Type 0001:09 (IM:InvokeCommandResponse) (B:377)[0m
[0;34m[1784654205.299] [3835:3837] [EM] Found matching exchange: 4571i, Delegate: 0x71812400eef8[0m
[0;34m[1784654205.299] [3835:3837] [EM] Rxd Ack; Removing MessageCounter:138189322 from Retrans Table on exchange 4571i[0m
[0;34m[1784654205.299] [3835:3837] [DMG] ICR moving to [ResponseRe][0m
[0;34m[1784654205.299] [3835:3837] [DMG] InvokeResponseMessage =[0m
[0;34m[1784654205.299] [3835:3837] [DMG] {[0m
[0;34m[1784654205.299] [3835:3837] [DMG] 	suppressResponse = false, [0m
[0;34m[1784654205.299] [3835:3837] [DMG] 	InvokeResponseIBs =[0m
[0;34m[1784654205.299] [3835:3837] [DMG] 	[[0m
[0;34m[1784654205.299] [3835:3837] [DMG] 		InvokeResponseIB =[0m
[0;34m[1784654205.299] [3835:3837] [DMG] 		{[0m
[0;34m[1784654205.299] [3835:3837] [DMG] 			CommandDataIB =[0m
[0;34m[1784654205.299] [3835:3837] [DMG] 			{[0m
[0;34m[1784654205.299] [3835:3837] [DMG] 				CommandPathIB =[0m
[0;34m[1784654205.299] [3835:3837] [DMG] 				{[0m
[0;34m[1784654205.299] [3835:3837] [DMG] 					EndpointId = 0x0,[0m
[0;34m[1784654205.299] [3835:3837] [DMG] 					ClusterId = 0x3e,[0m
[0;34m[1784654205.299] [3835:3837] [DMG] 					CommandId = 0x5,[0m
[0;34m[1784654205.299] [3835:3837] [DMG] 				},[0m
[0;34m[1784654205.299] [3835:3837] [DMG] 				[0m
[0;34m[1784654205.299] [3835:3837] [DMG] 				CommandFields = [0m
[0;34m[1784654205.299] [3835:3837] [DMG] 				{[0m
[0;34m[1784654205.299] [3835:3837] [DMG] 					0x0 = [[0m
[0;34m[1784654205.299] [3835:3837] [DMG] 							0x15, 0x30, 0x01, 0xcb, 0x30, 0x81, 0xc8, 0x30, 0x70, 0x02, 0x01, 0x00, 0x30, 0x0e, 0x31, 0x0c, 0x30, 0x0a, 0x06, 0x03, 0x55, 0x04, 0x0a, 0x0c, 0x03, 0x43, 0x53, 0x52, 0x30, 0x59, 0x30, 0x13, 0x06, 0x07, 0x2a, 0x86, 0x48, 0xce, 0x3d, 0x02, 0x01, 0x06, 0x08, 0x2a, 0x86, 0x48, 0xce, 0x3d, 0x03, 0x01, 0x07, 0x03, 0x42, 0x00, 0x04, 0xcc, 0xa5, 0xad, 0xc2, 0xda, 0xc5, 0x53, 0x38, 0x06, 0x3d, 0xf3, 0xa6, 0x63, 0x61, 0x86, 0x57, 0x9b, 0xf6, 0x78, 0x9d, 0x9c, 0xe7, 0x3a, 0x3c, 0x63, 0x80, 0xac, 0x1d, 0x5c, 0x83, 0x5f, 0x9d, 0x74, 0x0d, 0xd0, 0xd9, 0x73, 0x82, 0x24, 0x55, 0xb6, 0xce, 0xf4, 0x67, 0x2e, 0xc6, 0x84, 0x8a, 0x84, 0x03, 0xd4, 0x98, 0x9e, 0xbf, 0xcf, 0x35, 0x94, 0x5d, 0x46, 0x13, 0x9f, 0x9c, 0x51, 0xec, 0xa0, 0x00, 0x30, 0x0a, 0x06, 0x08, 0x2a, 0x86, 0x48, 0xce, 0x3d, 0x04, 0x03, 0x02, 0x03, 0x48, 0x00, 0x30, 0x45, 0x02, 0x21, 0x00, 0xa6, 0xce, 0x35, 0xec, 0xe3, 0x4a, 0x2f, 0x2b, 0x73, 0x79, 0xcc, 0x78, 0x2f, 0xab, 0x8a, 0x85, 0x25, 0x9e, 0xb1, 0xd8, 0x44, 0xa7, 0xdf, 0x3b, 0xba, 0x1d, 0x87, 0x80, 0x49, 0xbf, 0x4f, 0x4c, 0x02, 0x20, 0x03, 0xf7, 0xe4, 0x5d, 0xd6, 0x86, 0xe3, 0x7d, 0x8d, 0x03, 0xb1, 0x04, 0x33, 0xe3, 0x6e, 0x8c, 0x7c, 0x30, 0x18, 0x69, 0x48, 0x19, 0x50, 0x18, 0x37, 0x13, 0xe3, 0xb0, 0x23, 0xcf, 0x77, 0x2f, 0x30, 0x02, 0x20, 0x75, 0x9d, 0x49, 0xbe, 0xcd, 0xd4, 0x4b, 0x2e, 0x53, 0xb4, 0xfa, 0xc1, 0x45, 0x1a, 0xd1, 0x55, 0x91, 0x35, 0x0e, 0x0f, 0x25, 0xa4, 0xa3, 0x57, 0x90, 0xa8, 0x30, 0xe4, 0x12, 0xeb, 0x72, 0xbf, 0x18, [0m
[0;34m[1784654205.299] [3835:3837] [DMG] 					] (243 bytes)[0m
[0;34m[1784654205.299] [3835:3837] [DMG] 					0x1 = [[0m
[0;34m[1784654205.300] [3835:3837] [DMG] 							0x14, 0x17, 0xa8, 0xc0, 0x6f, 0xac, 0xe6, 0x3b, 0xd9, 0x0d, 0xe9, 0x1b, 0x62, 0xa1, 0x72, 0x33, 0x72, 0x96, 0x7c, 0xb8, 0x3d, 0xe4, 0x3f, 0xcd, 0x11, 0x7c, 0x67, 0xee, 0x94, 0x7a, 0xea, 0x6a, 0xb8, 0x85, 0xac, 0xe7, 0x90, 0x41, 0x23, 0x17, 0x53, 0xab, 0xc0, 0xfd, 0x64, 0x3e, 0xa5, 0x38, 0x02, 0x84, 0xce, 0xff, 0xef, 0x96, 0x3c, 0x55, 0x7f, 0x53, 0xb3, 0xec, 0x18, 0xf4, 0x99, 0x25, [0m
[0;34m[1784654205.300] [3835:3837] [DMG] 					] (64 bytes)[0m
[0;34m[1784654205.300] [3835:3837] [DMG] 				},[0m
[0;34m[1784654205.300] [3835:3837] [DMG] 			},[0m
[0;34m[1784654205.300] [3835:3837] [DMG] 			[0m
[0;34m[1784654205.300] [3835:3837] [DMG] 		},[0m
[0;34m[1784654205.300] [3835:3837] [DMG] 		[0m
[0;34m[1784654205.300] [3835:3837] [DMG] 	],[0m
[0;34m[1784654205.300] [3835:3837] [DMG] 	[0m
[0;34m[1784654205.300] [3835:3837] [DMG] 	InteractionModelRevision = 12[0m
[0;34m[1784654205.300] [3835:3837] [DMG] },[0m
[0;32m[1784654205.300] [3835:3837] [DMG] Received Command Response Data, Endpoint=0 Cluster=0x0000_003E Command=0x0000_0005[0m
[0;32m[1784654205.300] [3835:3837] [TOO] Endpoint: 0 Cluster: 0x0000_003E Command 0x0000_0005[0m
[0;32m[1784654205.300] [3835:3837] [TOO]   CSRResponse: {[0m
[0;32m[1784654205.300] [3835:3837] [TOO]     NOCSRElements: 153001CB3081C83070020100300E310C300A060355040A0C034353523059301306072A8648CE3D020106082A8648CE3D03010703420004CCA5ADC2DAC55338063DF3A6636186579BF6789D9CE73A3C6380AC1D5C835F9D740DD0D973822455B6CEF4672EC6848A8403D4989EBFCF35945D46139F9C51ECA000300A06082A8648CE3D0403020348003045022100A6CE35ECE34A2F2B7379CC782FAB8A85259EB1D844A7DF3BBA1D878049BF4F4C022003F7E45DD686E37D8D03B10433E36E8C7C301869481950183713E3B023CF772F300220759D49BECDD44B2E53B4FAC1451AD15591350E0F25A4A35790A830E412EB72BF18[0m
[0;32m[1784654205.300] [3835:3837] [TOO]     attestationSignature: 1417A8C06FACE63BD90DE91B62A1723372967CB83DE43FCD117C67EE947AEA6AB885ACE79041231753ABC0FD643EA5380284CEFFEF963C557F53B3EC18F49925[0m
[0;32m[1784654205.300] [3835:3837] [TOO]    }[0m
[0;34m[1784654205.300] [3835:3837] [DMG] ICR moving to [AwaitingDe][0m
[0;32m[1784654205.300] [3835:3837] [EM] <<< [E:4571i S:30927 M:138189323 (Ack:268079528)] (S) Msg TX from 000000000001B669 to 1:0000000000000001 [9CE0] [UDP:[fe80::bfe:a203:38f0:bce7%enp0s3]:5540] --- Type 0000:10 (SecureChannel:StandaloneAck) (B:34)[0m
[0;34m[1784654205.300] [3835:3837] [EM] Flushed pending ack for MessageCounter:268079528 on exchange 4571i[0m
[0;34m[1784654205.300] [3835:3835] [CTL] Shutting down the commissioner[0m
[0;32m[1784654205.300] [3835:3835] [PAF] WiFiPAF: Closing all WiFiPAF sessions to shutdown[0m
[0;34m[1784654205.300] [3835:3835] [CTL] Shutting down the controller[0m
[0;34m[1784654205.300] [3835:3835] [IN] Expiring all sessions for fabric 0x1!![0m
[0;34m[1784654205.300] [3835:3835] [IN] SecureSession[0x718124009cd0]: MarkForEviction Type:2 LSID:30927[0m
[0;32m[1784654205.300] [3835:3835] [SC] SecureSession[0x718124009cd0, LSID:30927]: State change 'kActive' --> 'kPendingEviction'[0m
[0;34m[1784654205.300] [3835:3835] [IN] SecureSession[0x718124009cd0]: Released - Type:2 LSID:30927[0m
[0;32m[1784654205.300] [3835:3835] [FP] Forgetting fabric 0x1[0m
[0;32m[1784654205.300] [3835:3835] [TS] Pending Last Known Good Time: 2023-10-14T01:16:48[0m
[0;32m[1784654205.300] [3835:3835] [TS] Previous Last Known Good Time: 2023-10-14T01:16:48[0m
[0;32m[1784654205.300] [3835:3835] [TS] Reverted Last Known Good Time to previous value[0m
[0;34m[1784654205.300] [3835:3835] [CTL] Shutting down the commissioner[0m
[0;32m[1784654205.300] [3835:3835] [PAF] WiFiPAF: Closing all WiFiPAF sessions to shutdown[0m
[0;34m[1784654205.300] [3835:3835] [CTL] Shutting down the controller[0m
[0;34m[1784654205.300] [3835:3835] [CTL] Shutting down the System State, this will teardown the CHIP Stack[0m
[0;34m[1784654205.300] [3835:3835] [DMG] All ReadHandler-s are clean, clear GlobalDirtySet[0m
[0;32m[1784654205.300] [3835:3835] [FP] Shutting down FabricTable[0m
[0;32m[1784654205.300] [3835:3835] [TS] Pending Last Known Good Time: 2023-10-14T01:16:48[0m
[0;32m[1784654205.300] [3835:3835] [TS] Previous Last Known Good Time: 2023-10-14T01:16:48[0m
[0;32m[1784654205.300] [3835:3835] [TS] Reverted Last Known Good Time to previous value[0m
[0;34m[1784654205.302] [3835:3835] [DL] Wrote settings to /tmp/chip_counters.ini[0m
[0;32m[1784654205.302] [3835:3835] [DL] NVS set: chip-counters/total-operational-hours = 0 (0x0)[0m
[0;32m[1784654205.302] [3835:3835] [DL] Inet Layer shutdown[0m
[0;32m[1784654205.302] [3835:3835] [DL] BLE Layer shutdown[0m
[0;32m[1784654205.302] [3835:3835] [DL] WiFi-PAF Layer shutdown[0m
[0;32m[1784654205.302] [3835:3835] [PAF] WiFiPAF: Closing all WiFiPAF sessions to shutdown[0m
[0;32m[1784654205.302] [3835:3835] [DL] System Layer shutdown[0m
