[0;34m[2524608000.086] [19352:19352] [DL] ChipLinuxStorage::Init: Using KVS config file: /tmp/chip_tool_kvs[0m
[1;31m[2524608000.086] [19352:19352] [DL] ChipLinuxStorage::Init: Attempt to re-initialize with KVS config file: /tmp/chip_kvs, IGNORING.[0m
[0;34m[2524608000.087] [19352:19352] [DL] ChipLinuxStorage::Init: Using KVS config file: /tmp/chip_factory.ini[0m
[0;34m[2524608000.087] [19352:19352] [DL] ChipLinuxStorage::Init: Using KVS config file: /tmp/chip_config.ini[0m
[0;34m[2524608000.087] [19352:19352] [DL] ChipLinuxStorage::Init: Using KVS config file: /tmp/chip_counters.ini[0m
[0;34m[2524608000.091] [19352:19352] [DL] Wrote settings to /tmp/chip_counters.ini[0m
[0;32m[2524608000.091] [19352:19352] [DL] NVS set: chip-counters/reboot-count = 4 (0x4)[0m
[0;32m[2524608000.091] [19352:19352] [DL] Got Ethernet interface: enp0s3[0m
[0;32m[2524608000.091] [19352:19352] [DL] Found the primary Ethernet interface:enp0s3[0m
[1;31m[2524608000.091] [19352:19352] [DL] Failed to get WiFi interface[0m
[1;31m[2524608000.091] [19352:19352] [DL] Failed to reset WiFi statistic counts[0m
[0;32m[2524608000.091] [19352:19352] [PAF] WiFiPAF: WiFiPAFLayer::Init()[0m
[0;34m[2524608000.091] [19352:19352] [IN] UDP::Init bind&listen port=0[0m
[0;34m[2524608000.091] [19352:19352] [IN] UDP::Init bound to port=59210[0m
[0;34m[2524608000.091] [19352:19352] [IN] UDP::Init bind&listen port=0[0m
[0;34m[2524608000.091] [19352:19352] [IN] UDP::Init bound to port=58472[0m
[0;34m[2524608000.091] [19352:19352] [IN] BLEBase::Init - setting/overriding transport[0m
[0;34m[2524608000.091] [19352:19352] [IN] WiFiPAFBase::Init - setting/overriding transport[0m
[0;34m[2524608000.091] [19352:19352] [IN] TransportMgr initialized[0m
[0;34m[2524608000.091] [19352:19352] [FP] Initializing FabricTable from persistent storage[0m
[0;32m[2524608000.091] [19352:19352] [TS] Last Known Good Time: 2023-10-14T01:16:48[0m
[0;32m[2524608000.092] [19352:19352] [FP] Fabric index 0x1 was retrieved from storage. Compressed FabricId 0x26F2C8852D27BC0A, FabricId 0x0000000000000001, NodeId 0x000000000001B669, VendorId 0xFFF1[0m
[0;32m[2524608000.093] [19352:19352] [DMG] Ember attribute persistence requires setting up[0m
[0;32m[2524608000.093] [19352:19352] [ZCL] Using ZAP configuration...[0m
[0;34m[2524608000.093] [19352:19352] [CTL] System State Initialized...[0m
[0;32m[2524608000.093] [19352:19352] [CTL] Setting attestation nonce to random value[0m
[0;32m[2524608000.093] [19352:19352] [CTL] Setting CSR nonce to random value[0m
[0;34m[2524608000.093] [19352:19362] [DL] CHIP task running[0m
[0;32m[2524608000.093] [19352:19362] [CTL] Setting attestation nonce to random value[0m
[0;32m[2524608000.093] [19352:19362] [CTL] Setting CSR nonce to random value[0m
[0;32m[2524608000.093] [19352:19362] [CTL] Generating NOC[0m
[0;32m[2524608000.094] [19352:19362] [FP] Validating NOC chain[0m
[0;32m[2524608000.094] [19352:19362] [FP] NOC chain validation successful[0m
[0;32m[2524608000.094] [19352:19362] [FP] Updated fabric at index: 0x1, Node ID: 0x000000000001B669[0m
[0;32m[2524608000.094] [19352:19362] [TS] Last Known Good Time: 2023-10-14T01:16:48[0m
[0;32m[2524608000.094] [19352:19362] [TS] New proposed Last Known Good Time: 2021-01-01T00:00:00[0m
[0;32m[2524608000.094] [19352:19362] [TS] Retaining current Last Known Good Time[0m
[0;32m[2524608000.097] [19352:19362] [FP] Metadata for Fabric 0x1 persisted to storage.[0m
[0;32m[2524608000.099] [19352:19362] [TS] Committing Last Known Good Time to storage: 2023-10-14T01:16:48[0m
[0;32m[2524608000.100] [19352:19362] [CTL] Joined the fabric at index 1. Fabric ID is 0x0000000000000001 (Compressed Fabric ID: 26F2C8852D27BC0A)[0m
[0;32m[2524608000.104] [19352:19362] [TOO] Sending command to node 0x1[0m
[0;34m[2524608000.104] [19352:19362] [CSM] FindOrEstablishSession: PeerId = [1:0000000000000001][0m
[0;34m[2524608000.104] [19352:19362] [CSM] FindOrEstablishSession: No existing OperationalSessionSetup instance found[0m
[0;34m[2524608000.104] [19352:19362] [DIS] OperationalSessionSetup[1:0000000000000001]: State change 1 --> 2[0m
[0;32m[2524608000.104] [19352:19362] [DIS] Lookup started for 26F2C8852D27BC0A-0000000000000001[0m
[0;32m[2524608000.106] [19352:19362] [DIS] UDP:[fe80::bfe:a203:38f0:bce7%enp0s3]:5540: new best score: 7 (for 26F2C8852D27BC0A-0000000000000001)[0m
[0;34m[2524608000.106] [19352:19362] [DIS] Lookup clearing interface for non LL address[0m
[0;32m[2524608000.106] [19352:19362] [DIS] UDP:10.0.2.15%enp0s3:5540: new best score: 2 (for 26F2C8852D27BC0A-0000000000000001)[0m
[0;32m[2524608000.106] [19352:19362] [DIS] Checking node lookup status for 26F2C8852D27BC0A-0000000000000001 after 1 ms[0m
[0;32m[2524608000.106] [19352:19362] [DIS] Keeping DNSSD lookup active[0m
[0;32m[2524608000.106] [19352:19362] [DIS] UDP:[fe80::bfe:a203:38f0:bce7%enp0s3]:5540: score has not improved: 7 (for 26F2C8852D27BC0A-0000000000000001)[0m
[0;34m[2524608000.106] [19352:19362] [DIS] Lookup clearing interface for non LL address[0m
[0;32m[2524608000.106] [19352:19362] [DIS] UDP:10.0.2.15%enp0s3:5540: score has not improved: 2 (for 26F2C8852D27BC0A-0000000000000001)[0m
[0;32m[2524608000.106] [19352:19362] [DIS] Checking node lookup status for 26F2C8852D27BC0A-0000000000000001 after 1 ms[0m
[0;32m[2524608000.106] [19352:19362] [DIS] Keeping DNSSD lookup active[0m
[0;32m[2524608000.314] [19352:19362] [DIS] Checking node lookup status for 26F2C8852D27BC0A-0000000000000001 after 210 ms[0m
[0;34m[2524608000.314] [19352:19362] [DIS] OperationalSessionSetup[1:0000000000000001]: Updating device address to UDP:[fe80::bfe:a203:38f0:bce7%enp0s3]:5540 while in state 2[0m
[0;34m[2524608000.314] [19352:19362] [DIS] OperationalSessionSetup[1:0000000000000001]: State change 2 --> 3[0m
[0;34m[2524608000.314] [19352:19362] [IN] SecureSession[0x73d724009cd0]: Allocated Type:2 LSID:63530[0m
[0;32m[2524608000.314] [19352:19362] [SC] Initiating session on local FabricIndex 1 from 0x000000000001B669 -> 0x0000000000000001[0m
[0;32m[2524608000.315] [19352:19362] [EM] <<< [E:19623i S:0 M:131023405] (U) Msg TX from DD61D7940AA58D4E to 0:0000000000000000 [0000] [UDP:[fe80::bfe:a203:38f0:bce7%enp0s3]:5540] --- Type 0000:30 (SecureChannel:CASE_Sigma1) (B:196)[0m
[0;32m[2524608000.315] [19352:19362] [EM] ??1 [E:19623i S:0 M:131023405] (U) Msg Retransmission to 0:0000000000000000 scheduled for 616ms from now [State:Idle II:500 AI:300 AT:4000][0m
[0;32m[2524608000.315] [19352:19362] [SC] Sent Sigma1 msg to <0000000000000001, 1> [II:500ms AI:300ms AT:4000ms][0m
[0;34m[2524608000.315] [19352:19362] [DIS] OperationalSessionSetup[1:0000000000000001]: State change 3 --> 4[0m
[0;32m[2524608000.316] [19352:19362] [EM] >>> [E:19623i S:0 M:151454156 (Ack:131023405)] (U) Msg RX from 0:0000000000000000 [0000] to DD61D7940AA58D4E --- Type 0000:31 (SecureChannel:CASE_Sigma2) (B:751)[0m
[0;34m[2524608000.316] [19352:19362] [EM] Found matching exchange: 19623i, Delegate: 0x73d72400b8e8[0m
[0;34m[2524608000.316] [19352:19362] [EM] Rxd Ack; Removing MessageCounter:131023405 from Retrans Table on exchange 19623i[0m
[0;32m[2524608000.316] [19352:19362] [SC] Received Sigma2 msg[0m
[0;34m[2524608000.316] [19352:19362] [SC] Found MRP parameters in the message[0m
[0;34m[2524608000.316] [19352:19362] [SC] Certificate's mNotAfterTime (978134400) is before current time (1577923200)[0m
[0;34m[2524608000.316] [19352:19362] [SC] Sending status report. Protocol code 2, exchange 19623[0m
[0;32m[2524608000.316] [19352:19362] [EM] <<< [E:19623i S:0 M:131023406 (Ack:151454156)] (U) Msg TX from DD61D7940AA58D4E to 0:0000000000000000 [0000] [UDP:[fe80::bfe:a203:38f0:bce7%enp0s3]:5540] --- Type 0000:40 (SecureChannel:StatusReport) (B:34)[0m
[0;32m[2524608000.316] [19352:19362] [EM] ??1 [E:19623i S:0 M:131023406] (U) Msg Retransmission to 0:0000000000000000 scheduled for 345ms from now [State:Active II:500 AI:300 AT:4000][0m
[0;34m[2524608000.316] [19352:19362] [IN] SecureSession[0x73d724009cd0]: Released - Type:2 LSID:63530[0m
[1;31m[2524608000.316] [19352:19362] [-] src/credentials/CHIPCert.cpp:1481: CHIP Error 0x0000004E: Certificate expired at examples/chip-tool/commands/clusters/ModelCommand.cpp:67[0m
[0;34m[2524608000.317] [19352:19352] [CTL] Shutting down the commissioner[0m
[0;32m[2524608000.317] [19352:19352] [PAF] WiFiPAF: Closing all WiFiPAF sessions to shutdown[0m
[0;34m[2524608000.317] [19352:19352] [CTL] Shutting down the controller[0m
[0;34m[2524608000.317] [19352:19352] [IN] Expiring all sessions for fabric 0x1!![0m
[0;32m[2524608000.317] [19352:19352] [FP] Forgetting fabric 0x1[0m
[0;32m[2524608000.317] [19352:19352] [TS] Pending Last Known Good Time: 2023-10-14T01:16:48[0m
[0;32m[2524608000.317] [19352:19352] [TS] Previous Last Known Good Time: 2023-10-14T01:16:48[0m
[0;32m[2524608000.317] [19352:19352] [TS] Reverted Last Known Good Time to previous value[0m
[0;34m[2524608000.317] [19352:19352] [CTL] Shutting down the commissioner[0m
[0;32m[2524608000.317] [19352:19352] [PAF] WiFiPAF: Closing all WiFiPAF sessions to shutdown[0m
[0;34m[2524608000.317] [19352:19352] [CTL] Shutting down the controller[0m
[0;34m[2524608000.317] [19352:19352] [CTL] Shutting down the System State, this will teardown the CHIP Stack[0m
[0;34m[2524608000.317] [19352:19352] [DMG] All ReadHandler-s are clean, clear GlobalDirtySet[0m
[0;32m[2524608000.317] [19352:19352] [FP] Shutting down FabricTable[0m
[0;32m[2524608000.317] [19352:19352] [TS] Pending Last Known Good Time: 2023-10-14T01:16:48[0m
[0;32m[2524608000.317] [19352:19352] [TS] Previous Last Known Good Time: 2023-10-14T01:16:48[0m
[0;32m[2524608000.317] [19352:19352] [TS] Reverted Last Known Good Time to previous value[0m
[0;34m[2524608000.322] [19352:19352] [DL] Wrote settings to /tmp/chip_counters.ini[0m
[0;32m[2524608000.322] [19352:19352] [DL] NVS set: chip-counters/total-operational-hours = 0 (0x0)[0m
[0;32m[2524608000.322] [19352:19352] [DL] Inet Layer shutdown[0m
[0;32m[2524608000.322] [19352:19352] [DL] BLE Layer shutdown[0m
[0;32m[2524608000.322] [19352:19352] [DL] WiFi-PAF Layer shutdown[0m
[0;32m[2524608000.322] [19352:19352] [PAF] WiFiPAF: Closing all WiFiPAF sessions to shutdown[0m
[0;32m[2524608000.322] [19352:19352] [DL] System Layer shutdown[0m
[1;31m[2524608000.322] [19352:19352] [TOO] Run command failure: src/credentials/CHIPCert.cpp:1481: CHIP Error 0x0000004E: Certificate expired[0m
