[0;34m[1784656351.496] [11089:11089] [DL] ChipLinuxStorage::Init: Using KVS config file: /tmp/chip_tool_kvs[0m
[1;31m[1784656351.497] [11089:11089] [DL] ChipLinuxStorage::Init: Attempt to re-initialize with KVS config file: /tmp/chip_kvs, IGNORING.[0m
[0;34m[1784656351.499] [11089:11089] [DL] ChipLinuxStorage::Init: Using KVS config file: /tmp/chip_factory.ini[0m
[0;34m[1784656351.499] [11089:11089] [DL] ChipLinuxStorage::Init: Using KVS config file: /tmp/chip_config.ini[0m
[0;34m[1784656351.499] [11089:11089] [DL] ChipLinuxStorage::Init: Using KVS config file: /tmp/chip_counters.ini[0m
[0;34m[1784656351.501] [11089:11089] [DL] Wrote settings to /tmp/chip_counters.ini[0m
[0;32m[1784656351.501] [11089:11089] [DL] NVS set: chip-counters/reboot-count = 3 (0x3)[0m
[0;32m[1784656351.501] [11089:11089] [DL] Got Ethernet interface: enp0s3[0m
[0;32m[1784656351.501] [11089:11089] [DL] Found the primary Ethernet interface:enp0s3[0m
[1;31m[1784656351.501] [11089:11089] [DL] Failed to get WiFi interface[0m
[1;31m[1784656351.501] [11089:11089] [DL] Failed to reset WiFi statistic counts[0m
[0;32m[1784656351.501] [11089:11089] [PAF] WiFiPAF: WiFiPAFLayer::Init()[0m
[0;34m[1784656351.501] [11089:11089] [IN] UDP::Init bind&listen port=0[0m
[0;34m[1784656351.501] [11089:11089] [IN] UDP::Init bound to port=59117[0m
[0;34m[1784656351.501] [11089:11089] [IN] UDP::Init bind&listen port=0[0m
[0;34m[1784656351.501] [11089:11089] [IN] UDP::Init bound to port=37941[0m
[0;34m[1784656351.501] [11089:11089] [IN] BLEBase::Init - setting/overriding transport[0m
[0;34m[1784656351.501] [11089:11089] [IN] WiFiPAFBase::Init - setting/overriding transport[0m
[0;34m[1784656351.501] [11089:11089] [IN] TransportMgr initialized[0m
[0;34m[1784656351.501] [11089:11089] [FP] Initializing FabricTable from persistent storage[0m
[0;32m[1784656351.501] [11089:11089] [TS] Last Known Good Time: 2023-10-14T01:16:48[0m
[0;32m[1784656351.502] [11089:11089] [FP] Fabric index 0x1 was retrieved from storage. Compressed FabricId 0x14FFA2C6366A9AA4, FabricId 0x0000000000000001, NodeId 0x000000000001B669, VendorId 0xFFF1[0m
[0;32m[1784656351.503] [11089:11089] [DMG] Ember attribute persistence requires setting up[0m
[0;32m[1784656351.503] [11089:11089] [ZCL] Using ZAP configuration...[0m
[0;34m[1784656351.503] [11089:11089] [CTL] System State Initialized...[0m
[0;32m[1784656351.503] [11089:11089] [CTL] Setting attestation nonce to random value[0m
[0;32m[1784656351.503] [11089:11089] [CTL] Setting CSR nonce to random value[0m
[0;34m[1784656351.503] [11089:11091] [DL] CHIP task running[0m
[0;32m[1784656351.503] [11089:11091] [CTL] Setting attestation nonce to random value[0m
[0;32m[1784656351.503] [11089:11091] [CTL] Setting CSR nonce to random value[0m
[0;32m[1784656351.503] [11089:11091] [CTL] Generating NOC[0m
[0;32m[1784656351.503] [11089:11091] [FP] Validating NOC chain[0m
[0;32m[1784656351.504] [11089:11091] [FP] NOC chain validation successful[0m
[0;32m[1784656351.504] [11089:11091] [FP] Updated fabric at index: 0x1, Node ID: 0x000000000001B669[0m
[0;32m[1784656351.504] [11089:11091] [TS] Last Known Good Time: 2023-10-14T01:16:48[0m
[0;32m[1784656351.504] [11089:11091] [TS] New proposed Last Known Good Time: 2021-01-01T00:00:00[0m
[0;32m[1784656351.504] [11089:11091] [TS] Retaining current Last Known Good Time[0m
[0;32m[1784656351.506] [11089:11091] [FP] Metadata for Fabric 0x1 persisted to storage.[0m
[0;32m[1784656351.507] [11089:11091] [TS] Committing Last Known Good Time to storage: 2023-10-14T01:16:48[0m
[0;32m[1784656351.508] [11089:11091] [CTL] Joined the fabric at index 1. Fabric ID is 0x0000000000000001 (Compressed Fabric ID: 14FFA2C6366A9AA4)[0m
[0;32m[1784656351.514] [11089:11091] [TOO] Sending command to node 0x1[0m
[0;34m[1784656351.514] [11089:11091] [CSM] FindOrEstablishSession: PeerId = [1:0000000000000001][0m
[0;34m[1784656351.514] [11089:11091] [CSM] FindOrEstablishSession: No existing OperationalSessionSetup instance found[0m
[0;34m[1784656351.514] [11089:11091] [DIS] OperationalSessionSetup[1:0000000000000001]: State change 1 --> 2[0m
[0;32m[1784656351.515] [11089:11091] [DIS] Lookup started for 14FFA2C6366A9AA4-0000000000000001[0m
[0;32m[1784656351.515] [11089:11091] [DIS] UDP:[fe80::bfe:a203:38f0:bce7%enp0s3]:5540: new best score: 7 (for 14FFA2C6366A9AA4-0000000000000001)[0m
[0;34m[1784656351.515] [11089:11091] [DIS] Lookup clearing interface for non LL address[0m
[0;32m[1784656351.515] [11089:11091] [DIS] UDP:10.0.2.15%enp0s3:5540: new best score: 2 (for 14FFA2C6366A9AA4-0000000000000001)[0m
[0;32m[1784656351.515] [11089:11091] [DIS] Checking node lookup status for 14FFA2C6366A9AA4-0000000000000001 after 1 ms[0m
[0;32m[1784656351.515] [11089:11091] [DIS] Keeping DNSSD lookup active[0m
[0;32m[1784656351.515] [11089:11091] [DIS] UDP:[fe80::bfe:a203:38f0:bce7%enp0s3]:5540: score has not improved: 7 (for 14FFA2C6366A9AA4-0000000000000001)[0m
[0;34m[1784656351.515] [11089:11091] [DIS] Lookup clearing interface for non LL address[0m
[0;32m[1784656351.515] [11089:11091] [DIS] UDP:10.0.2.15%enp0s3:5540: score has not improved: 2 (for 14FFA2C6366A9AA4-0000000000000001)[0m
[0;32m[1784656351.515] [11089:11091] [DIS] Checking node lookup status for 14FFA2C6366A9AA4-0000000000000001 after 1 ms[0m
[0;32m[1784656351.515] [11089:11091] [DIS] Keeping DNSSD lookup active[0m
[0;32m[1784656351.718] [11089:11091] [DIS] Checking node lookup status for 14FFA2C6366A9AA4-0000000000000001 after 204 ms[0m
[0;34m[1784656351.718] [11089:11091] [DIS] OperationalSessionSetup[1:0000000000000001]: Updating device address to UDP:[fe80::bfe:a203:38f0:bce7%enp0s3]:5540 while in state 2[0m
[0;34m[1784656351.718] [11089:11091] [DIS] OperationalSessionSetup[1:0000000000000001]: State change 2 --> 3[0m
[0;34m[1784656351.718] [11089:11091] [IN] SecureSession[0x7ee5d0009cd0]: Allocated Type:2 LSID:45915[0m
[0;32m[1784656351.718] [11089:11091] [SC] Initiating session on local FabricIndex 1 from 0x000000000001B669 -> 0x0000000000000001[0m
[0;32m[1784656351.718] [11089:11091] [EM] <<< [E:64809i S:0 M:124734562] (U) Msg TX from FD053B1199E7B644 to 0:0000000000000000 [0000] [UDP:[fe80::bfe:a203:38f0:bce7%enp0s3]:5540] --- Type 0000:30 (SecureChannel:CASE_Sigma1) (B:196)[0m
[0;32m[1784656351.718] [11089:11091] [EM] ??1 [E:64809i S:0 M:124734562] (U) Msg Retransmission to 0:0000000000000000 scheduled for 556ms from now [State:Idle II:500 AI:300 AT:4000][0m
[0;32m[1784656351.718] [11089:11091] [SC] Sent Sigma1 msg to <0000000000000001, 1> [II:500ms AI:300ms AT:4000ms][0m
[0;34m[1784656351.718] [11089:11091] [DIS] OperationalSessionSetup[1:0000000000000001]: State change 3 --> 4[0m
[0;32m[1784656351.719] [11089:11091] [EM] >>> [E:64809i S:0 M:49394328 (Ack:124734562)] (U) Msg RX from 0:0000000000000000 [0000] to FD053B1199E7B644 --- Type 0000:31 (SecureChannel:CASE_Sigma2) (B:751)[0m
[0;34m[1784656351.719] [11089:11091] [EM] Found matching exchange: 64809i, Delegate: 0x7ee5d000b8e8[0m
[0;34m[1784656351.719] [11089:11091] [EM] Rxd Ack; Removing MessageCounter:124734562 from Retrans Table on exchange 64809i[0m
[0;32m[1784656351.719] [11089:11091] [SC] Received Sigma2 msg[0m
[0;34m[1784656351.719] [11089:11091] [SC] Found MRP parameters in the message[0m
[0;34m[1784656351.720] [11089:11091] [SC] Peer <0000000000000001, 1> assigned session ID 64531[0m
[0;34m[1784656351.720] [11089:11091] [SC] Sending Sigma3[0m
[0;32m[1784656351.720] [11089:11091] [EM] <<< [E:64809i S:0 M:124734563 (Ack:49394328)] (U) Msg TX from FD053B1199E7B644 to 0:0000000000000000 [0000] [UDP:[fe80::bfe:a203:38f0:bce7%enp0s3]:5540] --- Type 0000:32 (SecureChannel:CASE_Sigma3) (B:598)[0m
[0;32m[1784656351.720] [11089:11091] [EM] ??1 [E:64809i S:0 M:124734563] (U) Msg Retransmission to 0:0000000000000000 scheduled for 364ms from now [State:Active II:500 AI:300 AT:4000][0m
[0;32m[1784656351.720] [11089:11091] [SC] Sent Sigma3 msg[0m
[0;32m[1784656351.729] [11089:11091] [EM] >>> [E:64809i S:0 M:49394329 (Ack:124734563)] (U) Msg RX from 0:0000000000000000 [0000] to FD053B1199E7B644 --- Type 0000:40 (SecureChannel:StatusReport) (B:34)[0m
[0;34m[1784656351.729] [11089:11091] [EM] Found matching exchange: 64809i, Delegate: 0x7ee5d000b8e8[0m
[0;34m[1784656351.729] [11089:11091] [EM] Rxd Ack; Removing MessageCounter:124734563 from Retrans Table on exchange 64809i[0m
[0;32m[1784656351.729] [11089:11091] [SC] Success status report received. Session was established[0m
[0;32m[1784656351.730] [11089:11091] [SC] SecureSession[0x7ee5d0009cd0, LSID:45915]: State change 'kEstablishing' --> 'kActive'[0m
[0;34m[1784656351.730] [11089:11091] [IN] SecureSession[0x7ee5d0009cd0]: Activated - Type:2 LSID:45915[0m
[0;34m[1784656351.730] [11089:11091] [IN] New secure session activated for device <0000000000000001, 1>, LSID:45915 PSID:64531![0m
[0;34m[1784656351.730] [11089:11091] [DIS] OperationalSessionSetup[1:0000000000000001]: State change 4 --> 5[0m
[0;32m[1784656351.730] [11089:11091] [TOO] Sending cluster (0x00000030) command (0x00000000) on endpoint 0[0m
[0;34m[1784656351.730] [11089:11091] [DMG] ICR moving to [AddingComm][0m
[0;34m[1784656351.730] [11089:11091] [DMG] ICR moving to [AddedComma][0m
[0;32m[1784656351.730] [11089:11091] [EM] <<< [E:64810i S:45915 M:33217553] (S) Msg TX from 000000000001B669 to 1:0000000000000001 [9AA4] [UDP:[fe80::bfe:a203:38f0:bce7%enp0s3]:5540] --- Type 0001:08 (IM:InvokeCommandRequest) (B:65)[0m
[0;32m[1784656351.730] [11089:11091] [EM] ??1 [E:64810i S:45915 M:33217553] (S) Msg Retransmission to 1:0000000000000001 scheduled for 345ms from now [State:Active II:500 AI:300 AT:4000][0m
[0;34m[1784656351.730] [11089:11091] [DMG] ICR moving to [AwaitingRe][0m
[0;32m[1784656351.730] [11089:11091] [EM] <<< [E:64809i S:0 M:124734564 (Ack:49394329)] (U) Msg TX from FD053B1199E7B644 to 0:0000000000000000 [0000] [UDP:[fe80::bfe:a203:38f0:bce7%enp0s3]:5540] --- Type 0000:10 (SecureChannel:StandaloneAck) (B:26)[0m
[0;34m[1784656351.730] [11089:11091] [EM] Flushed pending ack for MessageCounter:49394329 on exchange 64809i[0m
[0;32m[1784656351.730] [11089:11091] [EM] >>> [E:64810i S:45915 M:221848244 (Ack:33217553)] (S) Msg RX from 1:0000000000000001 [9AA4] to 000000000001B669 --- Type 0001:09 (IM:InvokeCommandResponse) (B:70)[0m
[0;34m[1784656351.730] [11089:11091] [EM] Found matching exchange: 64810i, Delegate: 0x7ee5d000eef8[0m
[0;34m[1784656351.730] [11089:11091] [EM] Rxd Ack; Removing MessageCounter:33217553 from Retrans Table on exchange 64810i[0m
[0;34m[1784656351.730] [11089:11091] [DMG] ICR moving to [ResponseRe][0m
[0;34m[1784656351.730] [11089:11091] [DMG] InvokeResponseMessage =[0m
[0;34m[1784656351.730] [11089:11091] [DMG] {[0m
[0;34m[1784656351.730] [11089:11091] [DMG] 	suppressResponse = false, [0m
[0;34m[1784656351.730] [11089:11091] [DMG] 	InvokeResponseIBs =[0m
[0;34m[1784656351.730] [11089:11091] [DMG] 	[[0m
[0;34m[1784656351.730] [11089:11091] [DMG] 		InvokeResponseIB =[0m
[0;34m[1784656351.730] [11089:11091] [DMG] 		{[0m
[0;34m[1784656351.730] [11089:11091] [DMG] 			CommandDataIB =[0m
[0;34m[1784656351.730] [11089:11091] [DMG] 			{[0m
[0;34m[1784656351.730] [11089:11091] [DMG] 				CommandPathIB =[0m
[0;34m[1784656351.730] [11089:11091] [DMG] 				{[0m
[0;34m[1784656351.730] [11089:11091] [DMG] 					EndpointId = 0x0,[0m
[0;34m[1784656351.730] [11089:11091] [DMG] 					ClusterId = 0x30,[0m
[0;34m[1784656351.730] [11089:11091] [DMG] 					CommandId = 0x1,[0m
[0;34m[1784656351.730] [11089:11091] [DMG] 				},[0m
[0;34m[1784656351.730] [11089:11091] [DMG] 				[0m
[0;34m[1784656351.730] [11089:11091] [DMG] 				CommandFields = [0m
[0;34m[1784656351.730] [11089:11091] [DMG] 				{[0m
[0;34m[1784656351.730] [11089:11091] [DMG] 					0x0 = 0 (unsigned), [0m
[0;34m[1784656351.730] [11089:11091] [DMG] 					0x1 = "" (0 chars), [0m
[0;34m[1784656351.730] [11089:11091] [DMG] 				},[0m
[0;34m[1784656351.730] [11089:11091] [DMG] 			},[0m
[0;34m[1784656351.730] [11089:11091] [DMG] 			[0m
[0;34m[1784656351.730] [11089:11091] [DMG] 		},[0m
[0;34m[1784656351.730] [11089:11091] [DMG] 		[0m
[0;34m[1784656351.730] [11089:11091] [DMG] 	],[0m
[0;34m[1784656351.730] [11089:11091] [DMG] 	[0m
[0;34m[1784656351.730] [11089:11091] [DMG] 	InteractionModelRevision = 12[0m
[0;34m[1784656351.730] [11089:11091] [DMG] },[0m
[0;32m[1784656351.731] [11089:11091] [DMG] Received Command Response Data, Endpoint=0 Cluster=0x0000_0030 Command=0x0000_0001[0m
[0;32m[1784656351.731] [11089:11091] [TOO] Endpoint: 0 Cluster: 0x0000_0030 Command 0x0000_0001[0m
[0;32m[1784656351.731] [11089:11091] [TOO]   ArmFailSafeResponse: {[0m
[0;32m[1784656351.731] [11089:11091] [TOO]     errorCode: 0[0m
[0;32m[1784656351.731] [11089:11091] [TOO]     debugText: [0m
[0;32m[1784656351.731] [11089:11091] [TOO]    }[0m
[0;34m[1784656351.731] [11089:11091] [DMG] ICR moving to [AwaitingDe][0m
[0;32m[1784656351.731] [11089:11091] [EM] <<< [E:64810i S:45915 M:33217554 (Ack:221848244)] (S) Msg TX from 000000000001B669 to 1:0000000000000001 [9AA4] [UDP:[fe80::bfe:a203:38f0:bce7%enp0s3]:5540] --- Type 0000:10 (SecureChannel:StandaloneAck) (B:34)[0m
[0;34m[1784656351.731] [11089:11091] [EM] Flushed pending ack for MessageCounter:221848244 on exchange 64810i[0m
[0;34m[1784656351.731] [11089:11089] [CTL] Shutting down the commissioner[0m
[0;32m[1784656351.731] [11089:11089] [PAF] WiFiPAF: Closing all WiFiPAF sessions to shutdown[0m
[0;34m[1784656351.731] [11089:11089] [CTL] Shutting down the controller[0m
[0;34m[1784656351.731] [11089:11089] [IN] Expiring all sessions for fabric 0x1!![0m
[0;34m[1784656351.731] [11089:11089] [IN] SecureSession[0x7ee5d0009cd0]: MarkForEviction Type:2 LSID:45915[0m
[0;32m[1784656351.731] [11089:11089] [SC] SecureSession[0x7ee5d0009cd0, LSID:45915]: State change 'kActive' --> 'kPendingEviction'[0m
[0;34m[1784656351.731] [11089:11089] [IN] SecureSession[0x7ee5d0009cd0]: Released - Type:2 LSID:45915[0m
[0;32m[1784656351.731] [11089:11089] [FP] Forgetting fabric 0x1[0m
[0;32m[1784656351.731] [11089:11089] [TS] Pending Last Known Good Time: 2023-10-14T01:16:48[0m
[0;32m[1784656351.731] [11089:11089] [TS] Previous Last Known Good Time: 2023-10-14T01:16:48[0m
[0;32m[1784656351.731] [11089:11089] [TS] Reverted Last Known Good Time to previous value[0m
[0;34m[1784656351.731] [11089:11089] [CTL] Shutting down the commissioner[0m
[0;32m[1784656351.731] [11089:11089] [PAF] WiFiPAF: Closing all WiFiPAF sessions to shutdown[0m
[0;34m[1784656351.731] [11089:11089] [CTL] Shutting down the controller[0m
[0;34m[1784656351.731] [11089:11089] [CTL] Shutting down the System State, this will teardown the CHIP Stack[0m
[0;34m[1784656351.731] [11089:11089] [DMG] All ReadHandler-s are clean, clear GlobalDirtySet[0m
[0;32m[1784656351.731] [11089:11089] [FP] Shutting down FabricTable[0m
[0;32m[1784656351.731] [11089:11089] [TS] Pending Last Known Good Time: 2023-10-14T01:16:48[0m
[0;32m[1784656351.731] [11089:11089] [TS] Previous Last Known Good Time: 2023-10-14T01:16:48[0m
[0;32m[1784656351.731] [11089:11089] [TS] Reverted Last Known Good Time to previous value[0m
[0;34m[1784656351.732] [11089:11089] [DL] Wrote settings to /tmp/chip_counters.ini[0m
[0;32m[1784656351.732] [11089:11089] [DL] NVS set: chip-counters/total-operational-hours = 0 (0x0)[0m
[0;32m[1784656351.732] [11089:11089] [DL] Inet Layer shutdown[0m
[0;32m[1784656351.732] [11089:11089] [DL] BLE Layer shutdown[0m
[0;32m[1784656351.732] [11089:11089] [DL] WiFi-PAF Layer shutdown[0m
[0;32m[1784656351.732] [11089:11089] [PAF] WiFiPAF: Closing all WiFiPAF sessions to shutdown[0m
[0;32m[1784656351.732] [11089:11089] [DL] System Layer shutdown[0m
