[0;34m[1784656352.421] [11106:11106] [DL] ChipLinuxStorage::Init: Using KVS config file: /tmp/chip_tool_kvs[0m
[1;31m[1784656352.422] [11106:11106] [DL] ChipLinuxStorage::Init: Attempt to re-initialize with KVS config file: /tmp/chip_kvs, IGNORING.[0m
[0;34m[1784656352.424] [11106:11106] [DL] ChipLinuxStorage::Init: Using KVS config file: /tmp/chip_factory.ini[0m
[0;34m[1784656352.424] [11106:11106] [DL] ChipLinuxStorage::Init: Using KVS config file: /tmp/chip_config.ini[0m
[0;34m[1784656352.424] [11106:11106] [DL] ChipLinuxStorage::Init: Using KVS config file: /tmp/chip_counters.ini[0m
[0;34m[1784656352.427] [11106:11106] [DL] Wrote settings to /tmp/chip_counters.ini[0m
[0;32m[1784656352.428] [11106:11106] [DL] NVS set: chip-counters/reboot-count = 6 (0x6)[0m
[0;32m[1784656352.428] [11106:11106] [DL] Got Ethernet interface: enp0s3[0m
[0;32m[1784656352.428] [11106:11106] [DL] Found the primary Ethernet interface:enp0s3[0m
[1;31m[1784656352.428] [11106:11106] [DL] Failed to get WiFi interface[0m
[1;31m[1784656352.428] [11106:11106] [DL] Failed to reset WiFi statistic counts[0m
[0;32m[1784656352.428] [11106:11106] [PAF] WiFiPAF: WiFiPAFLayer::Init()[0m
[0;34m[1784656352.428] [11106:11106] [IN] UDP::Init bind&listen port=0[0m
[0;34m[1784656352.428] [11106:11106] [IN] UDP::Init bound to port=52010[0m
[0;34m[1784656352.428] [11106:11106] [IN] UDP::Init bind&listen port=0[0m
[0;34m[1784656352.428] [11106:11106] [IN] UDP::Init bound to port=38277[0m
[0;34m[1784656352.428] [11106:11106] [IN] BLEBase::Init - setting/overriding transport[0m
[0;34m[1784656352.428] [11106:11106] [IN] WiFiPAFBase::Init - setting/overriding transport[0m
[0;34m[1784656352.428] [11106:11106] [IN] TransportMgr initialized[0m
[0;34m[1784656352.428] [11106:11106] [FP] Initializing FabricTable from persistent storage[0m
[0;32m[1784656352.428] [11106:11106] [TS] Last Known Good Time: 2023-10-14T01:16:48[0m
[0;32m[1784656352.429] [11106:11106] [FP] Fabric index 0x1 was retrieved from storage. Compressed FabricId 0x14FFA2C6366A9AA4, FabricId 0x0000000000000001, NodeId 0x000000000001B669, VendorId 0xFFF1[0m
[0;32m[1784656352.430] [11106:11106] [DMG] Ember attribute persistence requires setting up[0m
[0;32m[1784656352.430] [11106:11106] [ZCL] Using ZAP configuration...[0m
[0;34m[1784656352.431] [11106:11106] [CTL] System State Initialized...[0m
[0;32m[1784656352.431] [11106:11106] [CTL] Setting attestation nonce to random value[0m
[0;32m[1784656352.431] [11106:11106] [CTL] Setting CSR nonce to random value[0m
[0;34m[1784656352.431] [11106:11108] [DL] CHIP task running[0m
[0;32m[1784656352.431] [11106:11108] [CTL] Setting attestation nonce to random value[0m
[0;32m[1784656352.431] [11106:11108] [CTL] Setting CSR nonce to random value[0m
[0;32m[1784656352.432] [11106:11108] [CTL] Generating NOC[0m
[0;32m[1784656352.432] [11106:11108] [FP] Validating NOC chain[0m
[0;32m[1784656352.432] [11106:11108] [FP] NOC chain validation successful[0m
[0;32m[1784656352.432] [11106:11108] [FP] Updated fabric at index: 0x1, Node ID: 0x000000000001B669[0m
[0;32m[1784656352.432] [11106:11108] [TS] Last Known Good Time: 2023-10-14T01:16:48[0m
[0;32m[1784656352.432] [11106:11108] [TS] New proposed Last Known Good Time: 2021-01-01T00:00:00[0m
[0;32m[1784656352.432] [11106:11108] [TS] Retaining current Last Known Good Time[0m
[0;32m[1784656352.434] [11106:11108] [FP] Metadata for Fabric 0x1 persisted to storage.[0m
[0;32m[1784656352.435] [11106:11108] [TS] Committing Last Known Good Time to storage: 2023-10-14T01:16:48[0m
[0;32m[1784656352.435] [11106:11108] [CTL] Joined the fabric at index 1. Fabric ID is 0x0000000000000001 (Compressed Fabric ID: 14FFA2C6366A9AA4)[0m
[0;32m[1784656352.440] [11106:11108] [TOO] Sending command to node 0x1[0m
[0;34m[1784656352.440] [11106:11108] [CSM] FindOrEstablishSession: PeerId = [1:0000000000000001][0m
[0;34m[1784656352.440] [11106:11108] [CSM] FindOrEstablishSession: No existing OperationalSessionSetup instance found[0m
[0;34m[1784656352.441] [11106:11108] [DIS] OperationalSessionSetup[1:0000000000000001]: State change 1 --> 2[0m
[0;32m[1784656352.441] [11106:11108] [DIS] Lookup started for 14FFA2C6366A9AA4-0000000000000001[0m
[0;32m[1784656352.441] [11106:11108] [DIS] UDP:[fe80::bfe:a203:38f0:bce7%enp0s3]:5540: new best score: 7 (for 14FFA2C6366A9AA4-0000000000000001)[0m
[0;34m[1784656352.441] [11106:11108] [DIS] Lookup clearing interface for non LL address[0m
[0;32m[1784656352.441] [11106:11108] [DIS] UDP:10.0.2.15%enp0s3:5540: new best score: 2 (for 14FFA2C6366A9AA4-0000000000000001)[0m
[0;32m[1784656352.441] [11106:11108] [DIS] Checking node lookup status for 14FFA2C6366A9AA4-0000000000000001 after 1 ms[0m
[0;32m[1784656352.441] [11106:11108] [DIS] Keeping DNSSD lookup active[0m
[0;32m[1784656352.441] [11106:11108] [DIS] UDP:[fe80::bfe:a203:38f0:bce7%enp0s3]:5540: score has not improved: 7 (for 14FFA2C6366A9AA4-0000000000000001)[0m
[0;34m[1784656352.441] [11106:11108] [DIS] Lookup clearing interface for non LL address[0m
[0;32m[1784656352.441] [11106:11108] [DIS] UDP:10.0.2.15%enp0s3:5540: score has not improved: 2 (for 14FFA2C6366A9AA4-0000000000000001)[0m
[0;32m[1784656352.441] [11106:11108] [DIS] Checking node lookup status for 14FFA2C6366A9AA4-0000000000000001 after 1 ms[0m
[0;32m[1784656352.441] [11106:11108] [DIS] Keeping DNSSD lookup active[0m
[0;32m[1784656352.642] [11106:11108] [DIS] Checking node lookup status for 14FFA2C6366A9AA4-0000000000000001 after 201 ms[0m
[0;34m[1784656352.642] [11106:11108] [DIS] OperationalSessionSetup[1:0000000000000001]: Updating device address to UDP:[fe80::bfe:a203:38f0:bce7%enp0s3]:5540 while in state 2[0m
[0;34m[1784656352.642] [11106:11108] [DIS] OperationalSessionSetup[1:0000000000000001]: State change 2 --> 3[0m
[0;34m[1784656352.642] [11106:11108] [IN] SecureSession[0x724274009cd0]: Allocated Type:2 LSID:39063[0m
[0;32m[1784656352.642] [11106:11108] [SC] Initiating session on local FabricIndex 1 from 0x000000000001B669 -> 0x0000000000000001[0m
[0;32m[1784656352.642] [11106:11108] [EM] <<< [E:28670i S:0 M:121460826] (U) Msg TX from 658ED0BDE5809557 to 0:0000000000000000 [0000] [UDP:[fe80::bfe:a203:38f0:bce7%enp0s3]:5540] --- Type 0000:30 (SecureChannel:CASE_Sigma1) (B:196)[0m
[0;32m[1784656352.642] [11106:11108] [EM] ??1 [E:28670i S:0 M:121460826] (U) Msg Retransmission to 0:0000000000000000 scheduled for 603ms from now [State:Idle II:500 AI:300 AT:4000][0m
[0;32m[1784656352.643] [11106:11108] [SC] Sent Sigma1 msg to <0000000000000001, 1> [II:500ms AI:300ms AT:4000ms][0m
[0;34m[1784656352.643] [11106:11108] [DIS] OperationalSessionSetup[1:0000000000000001]: State change 3 --> 4[0m
[0;32m[1784656352.643] [11106:11108] [EM] >>> [E:28670i S:0 M:49394334 (Ack:121460826)] (U) Msg RX from 0:0000000000000000 [0000] to 658ED0BDE5809557 --- Type 0000:31 (SecureChannel:CASE_Sigma2) (B:751)[0m
[0;34m[1784656352.643] [11106:11108] [EM] Found matching exchange: 28670i, Delegate: 0x72427400b8e8[0m
[0;34m[1784656352.643] [11106:11108] [EM] Rxd Ack; Removing MessageCounter:121460826 from Retrans Table on exchange 28670i[0m
[0;32m[1784656352.643] [11106:11108] [SC] Received Sigma2 msg[0m
[0;34m[1784656352.643] [11106:11108] [SC] Found MRP parameters in the message[0m
[0;34m[1784656352.644] [11106:11108] [SC] Peer <0000000000000001, 1> assigned session ID 64534[0m
[0;34m[1784656352.644] [11106:11108] [SC] Sending Sigma3[0m
[0;32m[1784656352.644] [11106:11108] [EM] <<< [E:28670i S:0 M:121460827 (Ack:49394334)] (U) Msg TX from 658ED0BDE5809557 to 0:0000000000000000 [0000] [UDP:[fe80::bfe:a203:38f0:bce7%enp0s3]:5540] --- Type 0000:32 (SecureChannel:CASE_Sigma3) (B:598)[0m
[0;32m[1784656352.644] [11106:11108] [EM] ??1 [E:28670i S:0 M:121460827] (U) Msg Retransmission to 0:0000000000000000 scheduled for 356ms from now [State:Active II:500 AI:300 AT:4000][0m
[0;32m[1784656352.644] [11106:11108] [SC] Sent Sigma3 msg[0m
[0;32m[1784656352.655] [11106:11108] [EM] >>> [E:28670i S:0 M:49394335 (Ack:121460827)] (U) Msg RX from 0:0000000000000000 [0000] to 658ED0BDE5809557 --- Type 0000:40 (SecureChannel:StatusReport) (B:34)[0m
[0;34m[1784656352.655] [11106:11108] [EM] Found matching exchange: 28670i, Delegate: 0x72427400b8e8[0m
[0;34m[1784656352.655] [11106:11108] [EM] Rxd Ack; Removing MessageCounter:121460827 from Retrans Table on exchange 28670i[0m
[0;32m[1784656352.655] [11106:11108] [SC] Success status report received. Session was established[0m
[0;32m[1784656352.656] [11106:11108] [SC] SecureSession[0x724274009cd0, LSID:39063]: State change 'kEstablishing' --> 'kActive'[0m
[0;34m[1784656352.656] [11106:11108] [IN] SecureSession[0x724274009cd0]: Activated - Type:2 LSID:39063[0m
[0;34m[1784656352.656] [11106:11108] [IN] New secure session activated for device <0000000000000001, 1>, LSID:39063 PSID:64534![0m
[0;34m[1784656352.656] [11106:11108] [DIS] OperationalSessionSetup[1:0000000000000001]: State change 4 --> 5[0m
[0;32m[1784656352.656] [11106:11108] [TOO] Sending cluster (0x0000003E) command (0x00000007) on endpoint 0[0m
[0;34m[1784656352.656] [11106:11108] [DMG] ICR moving to [AddingComm][0m
[0;34m[1784656352.656] [11106:11108] [DMG] ICR moving to [AddedComma][0m
[0;32m[1784656352.656] [11106:11108] [EM] <<< [E:28671i S:39063 M:267023595] (S) Msg TX from 000000000001B669 to 1:0000000000000001 [9AA4] [UDP:[fe80::bfe:a203:38f0:bce7%enp0s3]:5540] --- Type 0001:08 (IM:InvokeCommandRequest) (B:330)[0m
[0;32m[1784656352.656] [11106:11108] [EM] ??1 [E:28671i S:39063 M:267023595] (S) Msg Retransmission to 1:0000000000000001 scheduled for 360ms from now [State:Active II:500 AI:300 AT:4000][0m
[0;34m[1784656352.656] [11106:11108] [DMG] ICR moving to [AwaitingRe][0m
[0;32m[1784656352.656] [11106:11108] [EM] <<< [E:28670i S:0 M:121460828 (Ack:49394335)] (U) Msg TX from 658ED0BDE5809557 to 0:0000000000000000 [0000] [UDP:[fe80::bfe:a203:38f0:bce7%enp0s3]:5540] --- Type 0000:10 (SecureChannel:StandaloneAck) (B:26)[0m
[0;34m[1784656352.656] [11106:11108] [EM] Flushed pending ack for MessageCounter:49394335 on exchange 28670i[0m
[0;32m[1784656352.667] [11106:11108] [EM] >>> [E:28671i S:39063 M:39555353 (Ack:267023595)] (S) Msg RX from 1:0000000000000001 [9AA4] to 000000000001B669 --- Type 0001:09 (IM:InvokeCommandResponse) (B:70)[0m
[0;34m[1784656352.667] [11106:11108] [EM] Found matching exchange: 28671i, Delegate: 0x72427400eef8[0m
[0;34m[1784656352.667] [11106:11108] [EM] Rxd Ack; Removing MessageCounter:267023595 from Retrans Table on exchange 28671i[0m
[0;34m[1784656352.667] [11106:11108] [DMG] ICR moving to [ResponseRe][0m
[0;34m[1784656352.667] [11106:11108] [DMG] InvokeResponseMessage =[0m
[0;34m[1784656352.667] [11106:11108] [DMG] {[0m
[0;34m[1784656352.667] [11106:11108] [DMG] 	suppressResponse = false, [0m
[0;34m[1784656352.667] [11106:11108] [DMG] 	InvokeResponseIBs =[0m
[0;34m[1784656352.667] [11106:11108] [DMG] 	[[0m
[0;34m[1784656352.667] [11106:11108] [DMG] 		InvokeResponseIB =[0m
[0;34m[1784656352.667] [11106:11108] [DMG] 		{[0m
[0;34m[1784656352.667] [11106:11108] [DMG] 			CommandDataIB =[0m
[0;34m[1784656352.667] [11106:11108] [DMG] 			{[0m
[0;34m[1784656352.667] [11106:11108] [DMG] 				CommandPathIB =[0m
[0;34m[1784656352.667] [11106:11108] [DMG] 				{[0m
[0;34m[1784656352.667] [11106:11108] [DMG] 					EndpointId = 0x0,[0m
[0;34m[1784656352.667] [11106:11108] [DMG] 					ClusterId = 0x3e,[0m
[0;34m[1784656352.667] [11106:11108] [DMG] 					CommandId = 0x8,[0m
[0;34m[1784656352.667] [11106:11108] [DMG] 				},[0m
[0;34m[1784656352.667] [11106:11108] [DMG] 				[0m
[0;34m[1784656352.667] [11106:11108] [DMG] 				CommandFields = [0m
[0;34m[1784656352.667] [11106:11108] [DMG] 				{[0m
[0;34m[1784656352.667] [11106:11108] [DMG] 					0x0 = 0 (unsigned), [0m
[0;34m[1784656352.667] [11106:11108] [DMG] 					0x1 = 1 (unsigned), [0m
[0;34m[1784656352.667] [11106:11108] [DMG] 				},[0m
[0;34m[1784656352.667] [11106:11108] [DMG] 			},[0m
[0;34m[1784656352.667] [11106:11108] [DMG] 			[0m
[0;34m[1784656352.667] [11106:11108] [DMG] 		},[0m
[0;34m[1784656352.667] [11106:11108] [DMG] 		[0m
[0;34m[1784656352.667] [11106:11108] [DMG] 	],[0m
[0;34m[1784656352.667] [11106:11108] [DMG] 	[0m
[0;34m[1784656352.667] [11106:11108] [DMG] 	InteractionModelRevision = 12[0m
[0;34m[1784656352.667] [11106:11108] [DMG] },[0m
[0;32m[1784656352.667] [11106:11108] [DMG] Received Command Response Data, Endpoint=0 Cluster=0x0000_003E Command=0x0000_0008[0m
[0;32m[1784656352.667] [11106:11108] [TOO] Endpoint: 0 Cluster: 0x0000_003E Command 0x0000_0008[0m
[0;32m[1784656352.667] [11106:11108] [TOO]   NOCResponse: {[0m
[0;32m[1784656352.667] [11106:11108] [TOO]     statusCode: 0[0m
[0;32m[1784656352.667] [11106:11108] [TOO]     fabricIndex: 1[0m
[0;32m[1784656352.667] [11106:11108] [TOO]    }[0m
[0;34m[1784656352.667] [11106:11108] [DMG] ICR moving to [AwaitingDe][0m
[0;32m[1784656352.668] [11106:11108] [EM] <<< [E:28671i S:39063 M:267023596 (Ack:39555353)] (S) Msg TX from 000000000001B669 to 1:0000000000000001 [9AA4] [UDP:[fe80::bfe:a203:38f0:bce7%enp0s3]:5540] --- Type 0000:10 (SecureChannel:StandaloneAck) (B:34)[0m
[0;34m[1784656352.668] [11106:11108] [EM] Flushed pending ack for MessageCounter:39555353 on exchange 28671i[0m
[0;34m[1784656352.668] [11106:11106] [CTL] Shutting down the commissioner[0m
[0;32m[1784656352.668] [11106:11106] [PAF] WiFiPAF: Closing all WiFiPAF sessions to shutdown[0m
[0;34m[1784656352.668] [11106:11106] [CTL] Shutting down the controller[0m
[0;34m[1784656352.668] [11106:11106] [IN] Expiring all sessions for fabric 0x1!![0m
[0;34m[1784656352.668] [11106:11106] [IN] SecureSession[0x724274009cd0]: MarkForEviction Type:2 LSID:39063[0m
[0;32m[1784656352.668] [11106:11106] [SC] SecureSession[0x724274009cd0, LSID:39063]: State change 'kActive' --> 'kPendingEviction'[0m
[0;34m[1784656352.668] [11106:11106] [IN] SecureSession[0x724274009cd0]: Released - Type:2 LSID:39063[0m
[0;32m[1784656352.668] [11106:11106] [FP] Forgetting fabric 0x1[0m
[0;32m[1784656352.668] [11106:11106] [TS] Pending Last Known Good Time: 2023-10-14T01:16:48[0m
[0;32m[1784656352.668] [11106:11106] [TS] Previous Last Known Good Time: 2023-10-14T01:16:48[0m
[0;32m[1784656352.668] [11106:11106] [TS] Reverted Last Known Good Time to previous value[0m
[0;34m[1784656352.668] [11106:11106] [CTL] Shutting down the commissioner[0m
[0;32m[1784656352.668] [11106:11106] [PAF] WiFiPAF: Closing all WiFiPAF sessions to shutdown[0m
[0;34m[1784656352.668] [11106:11106] [CTL] Shutting down the controller[0m
[0;34m[1784656352.668] [11106:11106] [CTL] Shutting down the System State, this will teardown the CHIP Stack[0m
[0;34m[1784656352.668] [11106:11106] [DMG] All ReadHandler-s are clean, clear GlobalDirtySet[0m
[0;32m[1784656352.668] [11106:11106] [FP] Shutting down FabricTable[0m
[0;32m[1784656352.668] [11106:11106] [TS] Pending Last Known Good Time: 2023-10-14T01:16:48[0m
[0;32m[1784656352.668] [11106:11106] [TS] Previous Last Known Good Time: 2023-10-14T01:16:48[0m
[0;32m[1784656352.668] [11106:11106] [TS] Reverted Last Known Good Time to previous value[0m
[0;34m[1784656352.671] [11106:11106] [DL] Wrote settings to /tmp/chip_counters.ini[0m
[0;32m[1784656352.671] [11106:11106] [DL] NVS set: chip-counters/total-operational-hours = 0 (0x0)[0m
[0;32m[1784656352.671] [11106:11106] [DL] Inet Layer shutdown[0m
[0;32m[1784656352.671] [11106:11106] [DL] BLE Layer shutdown[0m
[0;32m[1784656352.671] [11106:11106] [DL] WiFi-PAF Layer shutdown[0m
[0;32m[1784656352.671] [11106:11106] [PAF] WiFiPAF: Closing all WiFiPAF sessions to shutdown[0m
[0;32m[1784656352.671] [11106:11106] [DL] System Layer shutdown[0m
