[0;34m[1784838449.905] [22792:22792] [DL] ChipLinuxStorage::Init: Using KVS config file: /tmp/chip_tool_kvs[0m
[1;31m[1784838449.905] [22792:22792] [DL] ChipLinuxStorage::Init: Attempt to re-initialize with KVS config file: /tmp/chip_kvs, IGNORING.[0m
[0;34m[1784838449.906] [22792:22792] [DL] ChipLinuxStorage::Init: Using KVS config file: /tmp/chip_factory.ini[0m
[0;34m[1784838449.906] [22792:22792] [DL] ChipLinuxStorage::Init: Using KVS config file: /tmp/chip_config.ini[0m
[0;34m[1784838449.906] [22792:22792] [DL] ChipLinuxStorage::Init: Using KVS config file: /tmp/chip_counters.ini[0m
[0;34m[1784838449.909] [22792:22792] [DL] Wrote settings to /tmp/chip_counters.ini[0m
[0;32m[1784838449.909] [22792:22792] [DL] NVS set: chip-counters/reboot-count = 3 (0x3)[0m
[0;32m[1784838449.909] [22792:22792] [DL] Got Ethernet interface: enp0s3[0m
[0;32m[1784838449.909] [22792:22792] [DL] Found the primary Ethernet interface:enp0s3[0m
[1;31m[1784838449.909] [22792:22792] [DL] Failed to get WiFi interface[0m
[1;31m[1784838449.909] [22792:22792] [DL] Failed to reset WiFi statistic counts[0m
[0;32m[1784838449.909] [22792:22792] [PAF] WiFiPAF: WiFiPAFLayer::Init()[0m
[0;34m[1784838449.909] [22792:22792] [IN] UDP::Init bind&listen port=0[0m
[0;34m[1784838449.909] [22792:22792] [IN] UDP::Init bound to port=49557[0m
[0;34m[1784838449.909] [22792:22792] [IN] UDP::Init bind&listen port=0[0m
[0;34m[1784838449.909] [22792:22792] [IN] UDP::Init bound to port=33151[0m
[0;34m[1784838449.909] [22792:22792] [IN] BLEBase::Init - setting/overriding transport[0m
[0;34m[1784838449.909] [22792:22792] [IN] WiFiPAFBase::Init - setting/overriding transport[0m
[0;34m[1784838449.909] [22792:22792] [IN] TransportMgr initialized[0m
[0;34m[1784838449.909] [22792:22792] [FP] Initializing FabricTable from persistent storage[0m
[0;32m[1784838449.909] [22792:22792] [TS] Last Known Good Time: 2023-10-14T01:16:48[0m
[0;32m[1784838449.910] [22792:22792] [FP] Fabric index 0x1 was retrieved from storage. Compressed FabricId 0x4CEC7A9859D08F3E, FabricId 0x0000000000000001, NodeId 0x000000000001B669, VendorId 0xFFF1[0m
[0;32m[1784838449.911] [22792:22792] [DMG] Ember attribute persistence requires setting up[0m
[0;32m[1784838449.911] [22792:22792] [ZCL] Using ZAP configuration...[0m
[0;34m[1784838449.911] [22792:22792] [CTL] System State Initialized...[0m
[0;32m[1784838449.911] [22792:22792] [CTL] Setting attestation nonce to random value[0m
[0;32m[1784838449.911] [22792:22792] [CTL] Setting CSR nonce to random value[0m
[0;34m[1784838449.911] [22792:22794] [DL] CHIP task running[0m
[0;32m[1784838449.911] [22792:22794] [CTL] Setting attestation nonce to random value[0m
[0;32m[1784838449.911] [22792:22794] [CTL] Setting CSR nonce to random value[0m
[0;32m[1784838449.911] [22792:22794] [CTL] Generating NOC[0m
[0;32m[1784838449.911] [22792:22794] [FP] Validating NOC chain[0m
[0;32m[1784838449.912] [22792:22794] [FP] NOC chain validation successful[0m
[0;32m[1784838449.912] [22792:22794] [FP] Updated fabric at index: 0x1, Node ID: 0x000000000001B669[0m
[0;32m[1784838449.912] [22792:22794] [TS] Last Known Good Time: 2023-10-14T01:16:48[0m
[0;32m[1784838449.912] [22792:22794] [TS] New proposed Last Known Good Time: 2021-01-01T00:00:00[0m
[0;32m[1784838449.912] [22792:22794] [TS] Retaining current Last Known Good Time[0m
[0;32m[1784838449.913] [22792:22794] [FP] Metadata for Fabric 0x1 persisted to storage.[0m
[0;32m[1784838449.913] [22792:22794] [TS] Committing Last Known Good Time to storage: 2023-10-14T01:16:48[0m
[0;32m[1784838449.914] [22792:22794] [CTL] Joined the fabric at index 1. Fabric ID is 0x0000000000000001 (Compressed Fabric ID: 4CEC7A9859D08F3E)[0m
[0;32m[1784838449.917] [22792:22794] [TOO] Sending command to node 0x1[0m
[0;34m[1784838449.917] [22792:22794] [CSM] FindOrEstablishSession: PeerId = [1:0000000000000001][0m
[0;34m[1784838449.917] [22792:22794] [CSM] FindOrEstablishSession: No existing OperationalSessionSetup instance found[0m
[0;34m[1784838449.917] [22792:22794] [DIS] OperationalSessionSetup[1:0000000000000001]: State change 1 --> 2[0m
[0;32m[1784838449.917] [22792:22794] [DIS] Lookup started for 4CEC7A9859D08F3E-0000000000000001[0m
[0;32m[1784838449.917] [22792:22794] [DIS] UDP:[fe80::bfe:a203:38f0:bce7%enp0s3]:5540: new best score: 7 (for 4CEC7A9859D08F3E-0000000000000001)[0m
[0;34m[1784838449.917] [22792:22794] [DIS] Lookup clearing interface for non LL address[0m
[0;32m[1784838449.917] [22792:22794] [DIS] UDP:10.0.2.15%enp0s3:5540: new best score: 2 (for 4CEC7A9859D08F3E-0000000000000001)[0m
[0;32m[1784838449.917] [22792:22794] [DIS] Checking node lookup status for 4CEC7A9859D08F3E-0000000000000001 after 1 ms[0m
[0;32m[1784838449.917] [22792:22794] [DIS] Keeping DNSSD lookup active[0m
[0;32m[1784838449.917] [22792:22794] [DIS] UDP:[fe80::bfe:a203:38f0:bce7%enp0s3]:5540: score has not improved: 7 (for 4CEC7A9859D08F3E-0000000000000001)[0m
[0;34m[1784838449.917] [22792:22794] [DIS] Lookup clearing interface for non LL address[0m
[0;32m[1784838449.917] [22792:22794] [DIS] UDP:10.0.2.15%enp0s3:5540: score has not improved: 2 (for 4CEC7A9859D08F3E-0000000000000001)[0m
[0;32m[1784838449.917] [22792:22794] [DIS] Checking node lookup status for 4CEC7A9859D08F3E-0000000000000001 after 1 ms[0m
[0;32m[1784838449.917] [22792:22794] [DIS] Keeping DNSSD lookup active[0m
[0;32m[1784838450.118] [22792:22794] [DIS] Checking node lookup status for 4CEC7A9859D08F3E-0000000000000001 after 201 ms[0m
[0;34m[1784838450.118] [22792:22794] [DIS] OperationalSessionSetup[1:0000000000000001]: Updating device address to UDP:[fe80::bfe:a203:38f0:bce7%enp0s3]:5540 while in state 2[0m
[0;34m[1784838450.118] [22792:22794] [DIS] OperationalSessionSetup[1:0000000000000001]: State change 2 --> 3[0m
[0;34m[1784838450.118] [22792:22794] [IN] SecureSession[0x77e5d4009cd0]: Allocated Type:2 LSID:13224[0m
[0;32m[1784838450.118] [22792:22794] [SC] Initiating session on local FabricIndex 1 from 0x000000000001B669 -> 0x0000000000000001[0m
[0;32m[1784838450.118] [22792:22794] [EM] <<< [E:64213i S:0 M:121540592] (U) Msg TX from FCABDACF54723FE6 to 0:0000000000000000 [0000] [UDP:[fe80::bfe:a203:38f0:bce7%enp0s3]:5540] --- Type 0000:30 (SecureChannel:CASE_Sigma1) (B:196)[0m
[0;32m[1784838450.119] [22792:22794] [EM] ??1 [E:64213i S:0 M:121540592] (U) Msg Retransmission to 0:0000000000000000 scheduled for 646ms from now [State:Idle II:500 AI:300 AT:4000][0m
[0;32m[1784838450.119] [22792:22794] [SC] Sent Sigma1 msg to <0000000000000001, 1> [II:500ms AI:300ms AT:4000ms][0m
[0;34m[1784838450.119] [22792:22794] [DIS] OperationalSessionSetup[1:0000000000000001]: State change 3 --> 4[0m
[0;32m[1784838450.120] [22792:22794] [EM] >>> [E:64213i S:0 M:142479558 (Ack:121540592)] (U) Msg RX from 0:0000000000000000 [0000] to FCABDACF54723FE6 --- Type 0000:31 (SecureChannel:CASE_Sigma2) (B:751)[0m
[0;34m[1784838450.120] [22792:22794] [EM] Found matching exchange: 64213i, Delegate: 0x77e5d400b8e8[0m
[0;34m[1784838450.120] [22792:22794] [EM] Rxd Ack; Removing MessageCounter:121540592 from Retrans Table on exchange 64213i[0m
[0;32m[1784838450.120] [22792:22794] [SC] Received Sigma2 msg[0m
[0;34m[1784838450.120] [22792:22794] [SC] Found MRP parameters in the message[0m
[0;34m[1784838450.121] [22792:22794] [SC] Peer <0000000000000001, 1> assigned session ID 54598[0m
[0;34m[1784838450.121] [22792:22794] [SC] Sending Sigma3[0m
[0;32m[1784838450.121] [22792:22794] [EM] <<< [E:64213i S:0 M:121540593 (Ack:142479558)] (U) Msg TX from FCABDACF54723FE6 to 0:0000000000000000 [0000] [UDP:[fe80::bfe:a203:38f0:bce7%enp0s3]:5540] --- Type 0000:32 (SecureChannel:CASE_Sigma3) (B:598)[0m
[0;32m[1784838450.121] [22792:22794] [EM] ??1 [E:64213i S:0 M:121540593] (U) Msg Retransmission to 0:0000000000000000 scheduled for 397ms from now [State:Active II:500 AI:300 AT:4000][0m
[0;32m[1784838450.121] [22792:22794] [SC] Sent Sigma3 msg[0m
[0;32m[1784838450.130] [22792:22794] [EM] >>> [E:64213i S:0 M:142479559 (Ack:121540593)] (U) Msg RX from 0:0000000000000000 [0000] to FCABDACF54723FE6 --- Type 0000:40 (SecureChannel:StatusReport) (B:34)[0m
[0;34m[1784838450.130] [22792:22794] [EM] Found matching exchange: 64213i, Delegate: 0x77e5d400b8e8[0m
[0;34m[1784838450.130] [22792:22794] [EM] Rxd Ack; Removing MessageCounter:121540593 from Retrans Table on exchange 64213i[0m
[0;32m[1784838450.130] [22792:22794] [SC] Success status report received. Session was established[0m
[0;32m[1784838450.131] [22792:22794] [SC] SecureSession[0x77e5d4009cd0, LSID:13224]: State change 'kEstablishing' --> 'kActive'[0m
[0;34m[1784838450.131] [22792:22794] [IN] SecureSession[0x77e5d4009cd0]: Activated - Type:2 LSID:13224[0m
[0;34m[1784838450.131] [22792:22794] [IN] New secure session activated for device <0000000000000001, 1>, LSID:13224 PSID:54598![0m
[0;34m[1784838450.131] [22792:22794] [DIS] OperationalSessionSetup[1:0000000000000001]: State change 4 --> 5[0m
[0;32m[1784838450.131] [22792:22794] [TOO] Sending ReadAttribute to:[0m
[0;32m[1784838450.131] [22792:22794] [TOO] 	cluster 0x0000_0038, attribute: 0x0000_0000, endpoint 0[0m
[0;34m[1784838450.131] [22792:22794] [DMG] SendReadRequest ReadClient[0x77e5d400eef0]: Sending Read Request[0m
[0;32m[1784838450.131] [22792:22794] [DMG] 0 data version filters provided, 0 not relevant, 0 encoded, 0 skipped due to lack of space[0m
[0;32m[1784838450.131] [22792:22794] [EM] <<< [E:64214i S:13224 M:238897550] (S) Msg TX from 000000000001B669 to 1:0000000000000001 [8F3E] [UDP:[fe80::bfe:a203:38f0:bce7%enp0s3]:5540] --- Type 0001:02 (IM:ReadRequest) (B:51)[0m
[0;32m[1784838450.131] [22792:22794] [EM] ??1 [E:64214i S:13224 M:238897550] (S) Msg Retransmission to 1:0000000000000001 scheduled for 405ms from now [State:Active II:500 AI:300 AT:4000][0m
[0;34m[1784838450.131] [22792:22794] [DMG] MoveToState ReadClient[0x77e5d400eef0]: Moving to [AwaitingIn][0m
[0;32m[1784838450.131] [22792:22794] [EM] <<< [E:64213i S:0 M:121540594 (Ack:142479559)] (U) Msg TX from FCABDACF54723FE6 to 0:0000000000000000 [0000] [UDP:[fe80::bfe:a203:38f0:bce7%enp0s3]:5540] --- Type 0000:10 (SecureChannel:StandaloneAck) (B:26)[0m
[0;34m[1784838450.131] [22792:22794] [EM] Flushed pending ack for MessageCounter:142479559 on exchange 64213i[0m
[0;32m[1784838450.132] [22792:22794] [EM] >>> [E:64214i S:13224 M:249007353 (Ack:238897550)] (S) Msg RX from 1:0000000000000001 [8F3E] to 000000000001B669 --- Type 0001:05 (IM:ReportData) (B:77)[0m
[0;34m[1784838450.132] [22792:22794] [EM] Found matching exchange: 64214i, Delegate: 0x77e5d400ef00[0m
[0;34m[1784838450.132] [22792:22794] [EM] Rxd Ack; Removing MessageCounter:238897550 from Retrans Table on exchange 64214i[0m
[0;34m[1784838450.132] [22792:22794] [DMG] ReportDataMessage =[0m
[0;34m[1784838450.132] [22792:22794] [DMG] {[0m
[0;34m[1784838450.132] [22792:22794] [DMG] 	AttributeReportIBs =[0m
[0;34m[1784838450.132] [22792:22794] [DMG] 	[[0m
[0;34m[1784838450.132] [22792:22794] [DMG] 		AttributeReportIB =[0m
[0;34m[1784838450.132] [22792:22794] [DMG] 		{[0m
[0;34m[1784838450.132] [22792:22794] [DMG] 			AttributeDataIB =[0m
[0;34m[1784838450.132] [22792:22794] [DMG] 			{[0m
[0;34m[1784838450.132] [22792:22794] [DMG] 				DataVersion = 0x1c39ea30,[0m
[0;34m[1784838450.132] [22792:22794] [DMG] 				AttributePathIB =[0m
[0;34m[1784838450.132] [22792:22794] [DMG] 				{[0m
[0;34m[1784838450.132] [22792:22794] [DMG] 					Endpoint = 0x0,[0m
[0;34m[1784838450.132] [22792:22794] [DMG] 					Cluster = 0x38,[0m
[0;34m[1784838450.132] [22792:22794] [DMG] 					Attribute = 0x0000_0000,[0m
[0;34m[1784838450.132] [22792:22794] [DMG] 				}[0m
[0;34m[1784838450.132] [22792:22794] [DMG] 					[0m
[0;34m[1784838450.132] [22792:22794] [DMG] 				Data = 838153650132165 (unsigned), [0m
[0;34m[1784838450.132] [22792:22794] [DMG] 			},[0m
[0;34m[1784838450.132] [22792:22794] [DMG] 			[0m
[0;34m[1784838450.132] [22792:22794] [DMG] 		},[0m
[0;34m[1784838450.132] [22792:22794] [DMG] 		[0m
[0;34m[1784838450.132] [22792:22794] [DMG] 	],[0m
[0;34m[1784838450.132] [22792:22794] [DMG] 	[0m
[0;34m[1784838450.132] [22792:22794] [DMG] 	SuppressResponse = true, [0m
[0;34m[1784838450.132] [22792:22794] [DMG] 	InteractionModelRevision = 12[0m
[0;34m[1784838450.132] [22792:22794] [DMG] }[0m
[0;32m[1784838450.132] [22792:22794] [TOO] Endpoint: 0 Cluster: 0x0000_0038 Attribute 0x0000_0000 DataVersion: 473557552[0m
[0;32m[1784838450.132] [22792:22794] [TOO]   UTCTime: 838153650132165[0m
[0;32m[1784838450.132] [22792:22794] [EM] <<< [E:64214i S:13224 M:238897551 (Ack:249007353)] (S) Msg TX from 000000000001B669 to 1:0000000000000001 [8F3E] [UDP:[fe80::bfe:a203:38f0:bce7%enp0s3]:5540] --- Type 0000:10 (SecureChannel:StandaloneAck) (B:34)[0m
[0;34m[1784838450.132] [22792:22794] [EM] Flushed pending ack for MessageCounter:249007353 on exchange 64214i[0m
[0;34m[1784838450.133] [22792:22792] [CTL] Shutting down the commissioner[0m
[0;32m[1784838450.133] [22792:22792] [PAF] WiFiPAF: Closing all WiFiPAF sessions to shutdown[0m
[0;34m[1784838450.133] [22792:22792] [CTL] Shutting down the controller[0m
[0;34m[1784838450.133] [22792:22792] [IN] Expiring all sessions for fabric 0x1!![0m
[0;34m[1784838450.133] [22792:22792] [IN] SecureSession[0x77e5d4009cd0]: MarkForEviction Type:2 LSID:13224[0m
[0;32m[1784838450.133] [22792:22792] [SC] SecureSession[0x77e5d4009cd0, LSID:13224]: State change 'kActive' --> 'kPendingEviction'[0m
[0;34m[1784838450.133] [22792:22792] [IN] SecureSession[0x77e5d4009cd0]: Released - Type:2 LSID:13224[0m
[0;32m[1784838450.133] [22792:22792] [FP] Forgetting fabric 0x1[0m
[0;32m[1784838450.133] [22792:22792] [TS] Pending Last Known Good Time: 2023-10-14T01:16:48[0m
[0;32m[1784838450.133] [22792:22792] [TS] Previous Last Known Good Time: 2023-10-14T01:16:48[0m
[0;32m[1784838450.133] [22792:22792] [TS] Reverted Last Known Good Time to previous value[0m
[0;34m[1784838450.133] [22792:22792] [CTL] Shutting down the commissioner[0m
[0;32m[1784838450.133] [22792:22792] [PAF] WiFiPAF: Closing all WiFiPAF sessions to shutdown[0m
[0;34m[1784838450.133] [22792:22792] [CTL] Shutting down the controller[0m
[0;34m[1784838450.133] [22792:22792] [CTL] Shutting down the System State, this will teardown the CHIP Stack[0m
[0;34m[1784838450.133] [22792:22792] [DMG] All ReadHandler-s are clean, clear GlobalDirtySet[0m
[0;32m[1784838450.133] [22792:22792] [FP] Shutting down FabricTable[0m
[0;32m[1784838450.133] [22792:22792] [TS] Pending Last Known Good Time: 2023-10-14T01:16:48[0m
[0;32m[1784838450.133] [22792:22792] [TS] Previous Last Known Good Time: 2023-10-14T01:16:48[0m
[0;32m[1784838450.133] [22792:22792] [TS] Reverted Last Known Good Time to previous value[0m
[0;34m[1784838450.135] [22792:22792] [DL] Wrote settings to /tmp/chip_counters.ini[0m
[0;32m[1784838450.135] [22792:22792] [DL] NVS set: chip-counters/total-operational-hours = 0 (0x0)[0m
[0;32m[1784838450.135] [22792:22792] [DL] Inet Layer shutdown[0m
[0;32m[1784838450.135] [22792:22792] [DL] BLE Layer shutdown[0m
[0;32m[1784838450.135] [22792:22792] [DL] WiFi-PAF Layer shutdown[0m
[0;32m[1784838450.135] [22792:22792] [PAF] WiFiPAF: Closing all WiFiPAF sessions to shutdown[0m
[0;32m[1784838450.135] [22792:22792] [DL] System Layer shutdown[0m
