[0;34m[1784655293.869] [7680:7680] [DL] ChipLinuxStorage::Init: Using KVS config file: /tmp/chip_tool_kvs[0m
[1;31m[1784655293.870] [7680:7680] [DL] ChipLinuxStorage::Init: Attempt to re-initialize with KVS config file: /tmp/chip_kvs, IGNORING.[0m
[0;34m[1784655293.872] [7680:7680] [DL] ChipLinuxStorage::Init: Using KVS config file: /tmp/chip_factory.ini[0m
[0;34m[1784655293.872] [7680:7680] [DL] ChipLinuxStorage::Init: Using KVS config file: /tmp/chip_config.ini[0m
[0;34m[1784655293.872] [7680:7680] [DL] ChipLinuxStorage::Init: Using KVS config file: /tmp/chip_counters.ini[0m
[0;34m[1784655293.874] [7680:7680] [DL] Wrote settings to /tmp/chip_counters.ini[0m
[0;32m[1784655293.874] [7680:7680] [DL] NVS set: chip-counters/reboot-count = 4 (0x4)[0m
[0;32m[1784655293.874] [7680:7680] [DL] Got Ethernet interface: enp0s3[0m
[0;32m[1784655293.875] [7680:7680] [DL] Found the primary Ethernet interface:enp0s3[0m
[1;31m[1784655293.875] [7680:7680] [DL] Failed to get WiFi interface[0m
[1;31m[1784655293.875] [7680:7680] [DL] Failed to reset WiFi statistic counts[0m
[0;32m[1784655293.875] [7680:7680] [PAF] WiFiPAF: WiFiPAFLayer::Init()[0m
[0;34m[1784655293.875] [7680:7680] [IN] UDP::Init bind&listen port=0[0m
[0;34m[1784655293.875] [7680:7680] [IN] UDP::Init bound to port=33231[0m
[0;34m[1784655293.875] [7680:7680] [IN] UDP::Init bind&listen port=0[0m
[0;34m[1784655293.875] [7680:7680] [IN] UDP::Init bound to port=55958[0m
[0;34m[1784655293.875] [7680:7680] [IN] BLEBase::Init - setting/overriding transport[0m
[0;34m[1784655293.875] [7680:7680] [IN] WiFiPAFBase::Init - setting/overriding transport[0m
[0;34m[1784655293.875] [7680:7680] [IN] TransportMgr initialized[0m
[0;34m[1784655293.875] [7680:7680] [FP] Initializing FabricTable from persistent storage[0m
[0;32m[1784655293.875] [7680:7680] [TS] Last Known Good Time: 2023-10-14T01:16:48[0m
[0;32m[1784655293.875] [7680:7680] [FP] Fabric index 0x1 was retrieved from storage. Compressed FabricId 0x33A33D3570096FED, FabricId 0x0000000000000001, NodeId 0x000000000001B669, VendorId 0xFFF1[0m
[0;32m[1784655293.876] [7680:7680] [DMG] Ember attribute persistence requires setting up[0m
[0;32m[1784655293.876] [7680:7680] [ZCL] Using ZAP configuration...[0m
[0;34m[1784655293.876] [7680:7680] [CTL] System State Initialized...[0m
[0;32m[1784655293.876] [7680:7680] [CTL] Setting attestation nonce to random value[0m
[0;32m[1784655293.876] [7680:7680] [CTL] Setting CSR nonce to random value[0m
[0;34m[1784655293.876] [7680:7682] [DL] CHIP task running[0m
[0;32m[1784655293.876] [7680:7682] [CTL] Setting attestation nonce to random value[0m
[0;32m[1784655293.876] [7680:7682] [CTL] Setting CSR nonce to random value[0m
[0;32m[1784655293.876] [7680:7682] [CTL] Generating NOC[0m
[0;32m[1784655293.877] [7680:7682] [FP] Validating NOC chain[0m
[0;32m[1784655293.877] [7680:7682] [FP] NOC chain validation successful[0m
[0;32m[1784655293.877] [7680:7682] [FP] Updated fabric at index: 0x1, Node ID: 0x000000000001B669[0m
[0;32m[1784655293.877] [7680:7682] [TS] Last Known Good Time: 2023-10-14T01:16:48[0m
[0;32m[1784655293.877] [7680:7682] [TS] New proposed Last Known Good Time: 2021-01-01T00:00:00[0m
[0;32m[1784655293.877] [7680:7682] [TS] Retaining current Last Known Good Time[0m
[0;32m[1784655293.879] [7680:7682] [FP] Metadata for Fabric 0x1 persisted to storage.[0m
[0;32m[1784655293.880] [7680:7682] [TS] Committing Last Known Good Time to storage: 2023-10-14T01:16:48[0m
[0;32m[1784655293.881] [7680:7682] [CTL] Joined the fabric at index 1. Fabric ID is 0x0000000000000001 (Compressed Fabric ID: 33A33D3570096FED)[0m
[0;32m[1784655293.887] [7680:7682] [TOO] Sending command to node 0x1[0m
[0;34m[1784655293.887] [7680:7682] [CSM] FindOrEstablishSession: PeerId = [1:0000000000000001][0m
[0;34m[1784655293.887] [7680:7682] [CSM] FindOrEstablishSession: No existing OperationalSessionSetup instance found[0m
[0;34m[1784655293.887] [7680:7682] [DIS] OperationalSessionSetup[1:0000000000000001]: State change 1 --> 2[0m
[0;32m[1784655293.887] [7680:7682] [DIS] Lookup started for 33A33D3570096FED-0000000000000001[0m
[0;32m[1784655293.887] [7680:7682] [DIS] UDP:[fe80::bfe:a203:38f0:bce7%enp0s3]:5540: new best score: 7 (for 33A33D3570096FED-0000000000000001)[0m
[0;34m[1784655293.887] [7680:7682] [DIS] Lookup clearing interface for non LL address[0m
[0;32m[1784655293.887] [7680:7682] [DIS] UDP:10.0.2.15%enp0s3:5540: new best score: 2 (for 33A33D3570096FED-0000000000000001)[0m
[0;32m[1784655293.887] [7680:7682] [DIS] Checking node lookup status for 33A33D3570096FED-0000000000000001 after 1 ms[0m
[0;32m[1784655293.887] [7680:7682] [DIS] Keeping DNSSD lookup active[0m
[0;32m[1784655293.888] [7680:7682] [DIS] UDP:[fe80::bfe:a203:38f0:bce7%enp0s3]:5540: score has not improved: 7 (for 33A33D3570096FED-0000000000000001)[0m
[0;34m[1784655293.888] [7680:7682] [DIS] Lookup clearing interface for non LL address[0m
[0;32m[1784655293.888] [7680:7682] [DIS] UDP:10.0.2.15%enp0s3:5540: score has not improved: 2 (for 33A33D3570096FED-0000000000000001)[0m
[0;32m[1784655293.888] [7680:7682] [DIS] Checking node lookup status for 33A33D3570096FED-0000000000000001 after 1 ms[0m
[0;32m[1784655293.888] [7680:7682] [DIS] Keeping DNSSD lookup active[0m
[0;32m[1784655294.096] [7680:7682] [DIS] Checking node lookup status for 33A33D3570096FED-0000000000000001 after 209 ms[0m
[0;34m[1784655294.096] [7680:7682] [DIS] OperationalSessionSetup[1:0000000000000001]: Updating device address to UDP:[fe80::bfe:a203:38f0:bce7%enp0s3]:5540 while in state 2[0m
[0;34m[1784655294.096] [7680:7682] [DIS] OperationalSessionSetup[1:0000000000000001]: State change 2 --> 3[0m
[0;34m[1784655294.096] [7680:7682] [IN] SecureSession[0x7dd204009cd0]: Allocated Type:2 LSID:10644[0m
[0;32m[1784655294.096] [7680:7682] [SC] Initiating session on local FabricIndex 1 from 0x000000000001B669 -> 0x0000000000000001[0m
[0;32m[1784655294.096] [7680:7682] [EM] <<< [E:6602i S:0 M:200767957] (U) Msg TX from 42348EB199618BF7 to 0:0000000000000000 [0000] [UDP:[fe80::bfe:a203:38f0:bce7%enp0s3]:5540] --- Type 0000:30 (SecureChannel:CASE_Sigma1) (B:196)[0m
[0;32m[1784655294.096] [7680:7682] [EM] ??1 [E:6602i S:0 M:200767957] (U) Msg Retransmission to 0:0000000000000000 scheduled for 606ms from now [State:Idle II:500 AI:300 AT:4000][0m
[0;32m[1784655294.096] [7680:7682] [SC] Sent Sigma1 msg to <0000000000000001, 1> [II:500ms AI:300ms AT:4000ms][0m
[0;34m[1784655294.096] [7680:7682] [DIS] OperationalSessionSetup[1:0000000000000001]: State change 3 --> 4[0m
[0;32m[1784655294.097] [7680:7682] [EM] >>> [E:6602i S:0 M:150195434 (Ack:200767957)] (U) Msg RX from 0:0000000000000000 [0000] to 42348EB199618BF7 --- Type 0000:31 (SecureChannel:CASE_Sigma2) (B:751)[0m
[0;34m[1784655294.097] [7680:7682] [EM] Found matching exchange: 6602i, Delegate: 0x7dd20400b8e8[0m
[0;34m[1784655294.097] [7680:7682] [EM] Rxd Ack; Removing MessageCounter:200767957 from Retrans Table on exchange 6602i[0m
[0;32m[1784655294.097] [7680:7682] [SC] Received Sigma2 msg[0m
[0;34m[1784655294.097] [7680:7682] [SC] Found MRP parameters in the message[0m
[0;34m[1784655294.098] [7680:7682] [SC] Peer <0000000000000001, 1> assigned session ID 26438[0m
[0;34m[1784655294.098] [7680:7682] [SC] Sending Sigma3[0m
[0;32m[1784655294.098] [7680:7682] [EM] <<< [E:6602i S:0 M:200767958 (Ack:150195434)] (U) Msg TX from 42348EB199618BF7 to 0:0000000000000000 [0000] [UDP:[fe80::bfe:a203:38f0:bce7%enp0s3]:5540] --- Type 0000:32 (SecureChannel:CASE_Sigma3) (B:598)[0m
[0;32m[1784655294.099] [7680:7682] [EM] ??1 [E:6602i S:0 M:200767958] (U) Msg Retransmission to 0:0000000000000000 scheduled for 376ms from now [State:Active II:500 AI:300 AT:4000][0m
[0;32m[1784655294.099] [7680:7682] [SC] Sent Sigma3 msg[0m
[0;32m[1784655294.108] [7680:7682] [EM] >>> [E:6602i S:0 M:150195435 (Ack:200767958)] (U) Msg RX from 0:0000000000000000 [0000] to 42348EB199618BF7 --- Type 0000:40 (SecureChannel:StatusReport) (B:34)[0m
[0;34m[1784655294.108] [7680:7682] [EM] Found matching exchange: 6602i, Delegate: 0x7dd20400b8e8[0m
[0;34m[1784655294.108] [7680:7682] [EM] Rxd Ack; Removing MessageCounter:200767958 from Retrans Table on exchange 6602i[0m
[0;32m[1784655294.108] [7680:7682] [SC] Success status report received. Session was established[0m
[0;32m[1784655294.110] [7680:7682] [SC] SecureSession[0x7dd204009cd0, LSID:10644]: State change 'kEstablishing' --> 'kActive'[0m
[0;34m[1784655294.110] [7680:7682] [IN] SecureSession[0x7dd204009cd0]: Activated - Type:2 LSID:10644[0m
[0;34m[1784655294.110] [7680:7682] [IN] New secure session activated for device <0000000000000001, 1>, LSID:10644 PSID:26438![0m
[0;34m[1784655294.110] [7680:7682] [DIS] OperationalSessionSetup[1:0000000000000001]: State change 4 --> 5[0m
[0;32m[1784655294.110] [7680:7682] [TOO] Sending cluster (0x0000003E) command (0x00000004) on endpoint 0[0m
[0;34m[1784655294.110] [7680:7682] [DMG] ICR moving to [AddingComm][0m
[0;34m[1784655294.110] [7680:7682] [DMG] ICR moving to [AddedComma][0m
[0;32m[1784655294.110] [7680:7682] [EM] <<< [E:6603i S:10644 M:101860442] (S) Msg TX from 000000000001B669 to 1:0000000000000001 [6FED] [UDP:[fe80::bfe:a203:38f0:bce7%enp0s3]:5540] --- Type 0001:08 (IM:InvokeCommandRequest) (B:96)[0m
[0;32m[1784655294.110] [7680:7682] [EM] ??1 [E:6603i S:10644 M:101860442] (S) Msg Retransmission to 1:0000000000000001 scheduled for 407ms from now [State:Active II:500 AI:300 AT:4000][0m
[0;34m[1784655294.110] [7680:7682] [DMG] ICR moving to [AwaitingRe][0m
[0;32m[1784655294.110] [7680:7682] [EM] <<< [E:6602i S:0 M:200767959 (Ack:150195435)] (U) Msg TX from 42348EB199618BF7 to 0:0000000000000000 [0000] [UDP:[fe80::bfe:a203:38f0:bce7%enp0s3]:5540] --- Type 0000:10 (SecureChannel:StandaloneAck) (B:26)[0m
[0;34m[1784655294.110] [7680:7682] [EM] Flushed pending ack for MessageCounter:150195435 on exchange 6602i[0m
[0;32m[1784655294.110] [7680:7682] [EM] >>> [E:6603i S:10644 M:156845643 (Ack:101860442)] (S) Msg RX from 1:0000000000000001 [6FED] to 000000000001B669 --- Type 0001:09 (IM:InvokeCommandResponse) (B:377)[0m
[0;34m[1784655294.110] [7680:7682] [EM] Found matching exchange: 6603i, Delegate: 0x7dd20400eef8[0m
[0;34m[1784655294.110] [7680:7682] [EM] Rxd Ack; Removing MessageCounter:101860442 from Retrans Table on exchange 6603i[0m
[0;34m[1784655294.110] [7680:7682] [DMG] ICR moving to [ResponseRe][0m
[0;34m[1784655294.110] [7680:7682] [DMG] InvokeResponseMessage =[0m
[0;34m[1784655294.110] [7680:7682] [DMG] {[0m
[0;34m[1784655294.110] [7680:7682] [DMG] 	suppressResponse = false, [0m
[0;34m[1784655294.110] [7680:7682] [DMG] 	InvokeResponseIBs =[0m
[0;34m[1784655294.110] [7680:7682] [DMG] 	[[0m
[0;34m[1784655294.110] [7680:7682] [DMG] 		InvokeResponseIB =[0m
[0;34m[1784655294.110] [7680:7682] [DMG] 		{[0m
[0;34m[1784655294.110] [7680:7682] [DMG] 			CommandDataIB =[0m
[0;34m[1784655294.110] [7680:7682] [DMG] 			{[0m
[0;34m[1784655294.110] [7680:7682] [DMG] 				CommandPathIB =[0m
[0;34m[1784655294.110] [7680:7682] [DMG] 				{[0m
[0;34m[1784655294.110] [7680:7682] [DMG] 					EndpointId = 0x0,[0m
[0;34m[1784655294.110] [7680:7682] [DMG] 					ClusterId = 0x3e,[0m
[0;34m[1784655294.110] [7680:7682] [DMG] 					CommandId = 0x5,[0m
[0;34m[1784655294.110] [7680:7682] [DMG] 				},[0m
[0;34m[1784655294.110] [7680:7682] [DMG] 				[0m
[0;34m[1784655294.110] [7680:7682] [DMG] 				CommandFields = [0m
[0;34m[1784655294.110] [7680:7682] [DMG] 				{[0m
[0;34m[1784655294.110] [7680:7682] [DMG] 					0x0 = [[0m
[0;34m[1784655294.110] [7680:7682] [DMG] 							0x15, 0x30, 0x01, 0xcb, 0x30, 0x81, 0xc8, 0x30, 0x70, 0x02, 0x01, 0x00, 0x30, 0x0e, 0x31, 0x0c, 0x30, 0x0a, 0x06, 0x03, 0x55, 0x04, 0x0a, 0x0c, 0x03, 0x43, 0x53, 0x52, 0x30, 0x59, 0x30, 0x13, 0x06, 0x07, 0x2a, 0x86, 0x48, 0xce, 0x3d, 0x02, 0x01, 0x06, 0x08, 0x2a, 0x86, 0x48, 0xce, 0x3d, 0x03, 0x01, 0x07, 0x03, 0x42, 0x00, 0x04, 0x16, 0x61, 0xb8, 0x16, 0x45, 0x5a, 0x45, 0x45, 0x04, 0x24, 0xe8, 0x3c, 0xf7, 0xfd, 0x85, 0xb7, 0x5e, 0x27, 0xcb, 0x9d, 0x7d, 0x69, 0x37, 0x44, 0x36, 0xdb, 0x57, 0x99, 0xc5, 0x9b, 0xea, 0x63, 0x3d, 0xa7, 0x1f, 0xe8, 0x52, 0xbb, 0x9e, 0xf5, 0x65, 0xe8, 0xd5, 0xb6, 0x9d, 0x63, 0xd8, 0x30, 0x42, 0xd6, 0xaa, 0xaa, 0x7b, 0xac, 0x4d, 0x3e, 0x23, 0x36, 0x7b, 0x91, 0x2e, 0xd0, 0x0b, 0xc2, 0xa0, 0x00, 0x30, 0x0a, 0x06, 0x08, 0x2a, 0x86, 0x48, 0xce, 0x3d, 0x04, 0x03, 0x02, 0x03, 0x48, 0x00, 0x30, 0x45, 0x02, 0x21, 0x00, 0xb6, 0x4e, 0xbf, 0xd0, 0xe7, 0x81, 0xfb, 0x8d, 0xa7, 0xf6, 0x11, 0x61, 0xeb, 0x2a, 0x77, 0xb5, 0x24, 0x68, 0xbe, 0xab, 0x6d, 0x0c, 0xe4, 0xf1, 0x6d, 0xb3, 0x7c, 0x0f, 0x6e, 0x8a, 0x53, 0xb9, 0x02, 0x20, 0x50, 0x4c, 0xff, 0xf0, 0x03, 0xdb, 0xda, 0xe6, 0x41, 0xe8, 0x70, 0xc0, 0x92, 0xa1, 0x9c, 0xf7, 0xdb, 0xdf, 0xc9, 0x79, 0x34, 0xed, 0xee, 0x25, 0x7b, 0x9a, 0xa2, 0xa6, 0xd1, 0xc1, 0xa7, 0xfb, 0x30, 0x02, 0x20, 0x7f, 0x82, 0x9c, 0xd6, 0xc5, 0xe3, 0x27, 0x46, 0xc6, 0x63, 0x70, 0xb4, 0xf2, 0x97, 0xb3, 0xc4, 0xbc, 0x26, 0xf2, 0x57, 0x49, 0x1e, 0xb0, 0x36, 0xf8, 0x46, 0xc7, 0x55, 0x0c, 0xd5, 0x28, 0x25, 0x18, [0m
[0;34m[1784655294.110] [7680:7682] [DMG] 					] (243 bytes)[0m
[0;34m[1784655294.110] [7680:7682] [DMG] 					0x1 = [[0m
[0;34m[1784655294.110] [7680:7682] [DMG] 							0x3e, 0x0f, 0xb6, 0x41, 0xa4, 0x18, 0x31, 0x75, 0xed, 0x68, 0x58, 0xff, 0xb6, 0x78, 0xd9, 0xf0, 0xb7, 0xe3, 0x78, 0x01, 0x66, 0x21, 0xc6, 0xcc, 0x82, 0x2b, 0xac, 0x3b, 0x03, 0xc5, 0x09, 0x82, 0xbe, 0x9f, 0xd4, 0x18, 0x35, 0xb4, 0x8a, 0xff, 0x58, 0x74, 0x5d, 0xbf, 0xc3, 0x07, 0x18, 0xfd, 0x66, 0xae, 0x2c, 0xbf, 0x86, 0xa1, 0x3a, 0x07, 0x3b, 0x96, 0xb4, 0x03, 0x7f, 0x58, 0x75, 0xb7, [0m
[0;34m[1784655294.110] [7680:7682] [DMG] 					] (64 bytes)[0m
[0;34m[1784655294.110] [7680:7682] [DMG] 				},[0m
[0;34m[1784655294.110] [7680:7682] [DMG] 			},[0m
[0;34m[1784655294.110] [7680:7682] [DMG] 			[0m
[0;34m[1784655294.110] [7680:7682] [DMG] 		},[0m
[0;34m[1784655294.110] [7680:7682] [DMG] 		[0m
[0;34m[1784655294.110] [7680:7682] [DMG] 	],[0m
[0;34m[1784655294.110] [7680:7682] [DMG] 	[0m
[0;34m[1784655294.110] [7680:7682] [DMG] 	InteractionModelRevision = 12[0m
[0;34m[1784655294.110] [7680:7682] [DMG] },[0m
[0;32m[1784655294.110] [7680:7682] [DMG] Received Command Response Data, Endpoint=0 Cluster=0x0000_003E Command=0x0000_0005[0m
[0;32m[1784655294.110] [7680:7682] [TOO] Endpoint: 0 Cluster: 0x0000_003E Command 0x0000_0005[0m
[0;32m[1784655294.110] [7680:7682] [TOO]   CSRResponse: {[0m
[0;32m[1784655294.110] [7680:7682] [TOO]     NOCSRElements: 153001CB3081C83070020100300E310C300A060355040A0C034353523059301306072A8648CE3D020106082A8648CE3D030107034200041661B816455A45450424E83CF7FD85B75E27CB9D7D69374436DB5799C59BEA633DA71FE852BB9EF565E8D5B69D63D83042D6AAAA7BAC4D3E23367B912ED00BC2A000300A06082A8648CE3D0403020348003045022100B64EBFD0E781FB8DA7F61161EB2A77B52468BEAB6D0CE4F16DB37C0F6E8A53B90220504CFFF003DBDAE641E870C092A19CF7DBDFC97934EDEE257B9AA2A6D1C1A7FB3002207F829CD6C5E32746C66370B4F297B3C4BC26F257491EB036F846C7550CD5282518[0m
[0;32m[1784655294.110] [7680:7682] [TOO]     attestationSignature: 3E0FB641A4183175ED6858FFB678D9F0B7E378016621C6CC822BAC3B03C50982BE9FD41835B48AFF58745DBFC30718FD66AE2CBF86A13A073B96B4037F5875B7[0m
[0;32m[1784655294.110] [7680:7682] [TOO]    }[0m
[0;34m[1784655294.110] [7680:7682] [DMG] ICR moving to [AwaitingDe][0m
[0;32m[1784655294.110] [7680:7682] [EM] <<< [E:6603i S:10644 M:101860443 (Ack:156845643)] (S) Msg TX from 000000000001B669 to 1:0000000000000001 [6FED] [UDP:[fe80::bfe:a203:38f0:bce7%enp0s3]:5540] --- Type 0000:10 (SecureChannel:StandaloneAck) (B:34)[0m
[0;34m[1784655294.111] [7680:7682] [EM] Flushed pending ack for MessageCounter:156845643 on exchange 6603i[0m
[0;34m[1784655294.111] [7680:7680] [CTL] Shutting down the commissioner[0m
[0;32m[1784655294.111] [7680:7680] [PAF] WiFiPAF: Closing all WiFiPAF sessions to shutdown[0m
[0;34m[1784655294.111] [7680:7680] [CTL] Shutting down the controller[0m
[0;34m[1784655294.111] [7680:7680] [IN] Expiring all sessions for fabric 0x1!![0m
[0;34m[1784655294.111] [7680:7680] [IN] SecureSession[0x7dd204009cd0]: MarkForEviction Type:2 LSID:10644[0m
[0;32m[1784655294.111] [7680:7680] [SC] SecureSession[0x7dd204009cd0, LSID:10644]: State change 'kActive' --> 'kPendingEviction'[0m
[0;34m[1784655294.111] [7680:7680] [IN] SecureSession[0x7dd204009cd0]: Released - Type:2 LSID:10644[0m
[0;32m[1784655294.111] [7680:7680] [FP] Forgetting fabric 0x1[0m
[0;32m[1784655294.111] [7680:7680] [TS] Pending Last Known Good Time: 2023-10-14T01:16:48[0m
[0;32m[1784655294.111] [7680:7680] [TS] Previous Last Known Good Time: 2023-10-14T01:16:48[0m
[0;32m[1784655294.111] [7680:7680] [TS] Reverted Last Known Good Time to previous value[0m
[0;34m[1784655294.111] [7680:7680] [CTL] Shutting down the commissioner[0m
[0;32m[1784655294.111] [7680:7680] [PAF] WiFiPAF: Closing all WiFiPAF sessions to shutdown[0m
[0;34m[1784655294.111] [7680:7680] [CTL] Shutting down the controller[0m
[0;34m[1784655294.111] [7680:7680] [CTL] Shutting down the System State, this will teardown the CHIP Stack[0m
[0;34m[1784655294.111] [7680:7680] [DMG] All ReadHandler-s are clean, clear GlobalDirtySet[0m
[0;32m[1784655294.111] [7680:7680] [FP] Shutting down FabricTable[0m
[0;32m[1784655294.111] [7680:7680] [TS] Pending Last Known Good Time: 2023-10-14T01:16:48[0m
[0;32m[1784655294.111] [7680:7680] [TS] Previous Last Known Good Time: 2023-10-14T01:16:48[0m
[0;32m[1784655294.111] [7680:7680] [TS] Reverted Last Known Good Time to previous value[0m
[0;34m[1784655294.113] [7680:7680] [DL] Wrote settings to /tmp/chip_counters.ini[0m
[0;32m[1784655294.113] [7680:7680] [DL] NVS set: chip-counters/total-operational-hours = 0 (0x0)[0m
[0;32m[1784655294.113] [7680:7680] [DL] Inet Layer shutdown[0m
[0;32m[1784655294.113] [7680:7680] [DL] BLE Layer shutdown[0m
[0;32m[1784655294.113] [7680:7680] [DL] WiFi-PAF Layer shutdown[0m
[0;32m[1784655294.113] [7680:7680] [PAF] WiFiPAF: Closing all WiFiPAF sessions to shutdown[0m
[0;32m[1784655294.113] [7680:7680] [DL] System Layer shutdown[0m
