[0;34m[1784655716.788] [9019:9019] [DL] ChipLinuxStorage::Init: Using KVS config file: /tmp/chip_tool_kvs[0m
[1;31m[1784655716.788] [9019:9019] [DL] ChipLinuxStorage::Init: Attempt to re-initialize with KVS config file: /tmp/chip_kvs, IGNORING.[0m
[0;34m[1784655716.791] [9019:9019] [DL] ChipLinuxStorage::Init: Using KVS config file: /tmp/chip_factory.ini[0m
[0;34m[1784655716.791] [9019:9019] [DL] ChipLinuxStorage::Init: Using KVS config file: /tmp/chip_config.ini[0m
[0;34m[1784655716.791] [9019:9019] [DL] ChipLinuxStorage::Init: Using KVS config file: /tmp/chip_counters.ini[0m
[0;34m[1784655716.795] [9019:9019] [DL] Wrote settings to /tmp/chip_counters.ini[0m
[0;32m[1784655716.795] [9019:9019] [DL] NVS set: chip-counters/reboot-count = 3 (0x3)[0m
[0;32m[1784655716.795] [9019:9019] [DL] Got Ethernet interface: enp0s3[0m
[0;32m[1784655716.795] [9019:9019] [DL] Found the primary Ethernet interface:enp0s3[0m
[1;31m[1784655716.795] [9019:9019] [DL] Failed to get WiFi interface[0m
[1;31m[1784655716.795] [9019:9019] [DL] Failed to reset WiFi statistic counts[0m
[0;32m[1784655716.795] [9019:9019] [PAF] WiFiPAF: WiFiPAFLayer::Init()[0m
[0;34m[1784655716.795] [9019:9019] [IN] UDP::Init bind&listen port=0[0m
[0;34m[1784655716.796] [9019:9019] [IN] UDP::Init bound to port=38966[0m
[0;34m[1784655716.796] [9019:9019] [IN] UDP::Init bind&listen port=0[0m
[0;34m[1784655716.796] [9019:9019] [IN] UDP::Init bound to port=60713[0m
[0;34m[1784655716.796] [9019:9019] [IN] BLEBase::Init - setting/overriding transport[0m
[0;34m[1784655716.796] [9019:9019] [IN] WiFiPAFBase::Init - setting/overriding transport[0m
[0;34m[1784655716.796] [9019:9019] [IN] TransportMgr initialized[0m
[0;34m[1784655716.796] [9019:9019] [FP] Initializing FabricTable from persistent storage[0m
[0;32m[1784655716.796] [9019:9019] [TS] Last Known Good Time: 2023-10-14T01:16:48[0m
[0;32m[1784655716.796] [9019:9019] [FP] Fabric index 0x1 was retrieved from storage. Compressed FabricId 0xBDFD4BC0AAA0B906, FabricId 0x0000000000000001, NodeId 0x000000000001B669, VendorId 0xFFF1[0m
[0;32m[1784655716.797] [9019:9019] [DMG] Ember attribute persistence requires setting up[0m
[0;32m[1784655716.797] [9019:9019] [ZCL] Using ZAP configuration...[0m
[0;34m[1784655716.797] [9019:9019] [CTL] System State Initialized...[0m
[0;32m[1784655716.797] [9019:9019] [CTL] Setting attestation nonce to random value[0m
[0;32m[1784655716.797] [9019:9019] [CTL] Setting CSR nonce to random value[0m
[0;34m[1784655716.797] [9019:9021] [DL] CHIP task running[0m
[0;32m[1784655716.797] [9019:9021] [CTL] Setting attestation nonce to random value[0m
[0;32m[1784655716.797] [9019:9021] [CTL] Setting CSR nonce to random value[0m
[0;32m[1784655716.797] [9019:9021] [CTL] Generating NOC[0m
[0;32m[1784655716.797] [9019:9021] [FP] Validating NOC chain[0m
[0;32m[1784655716.798] [9019:9021] [FP] NOC chain validation successful[0m
[0;32m[1784655716.798] [9019:9021] [FP] Updated fabric at index: 0x1, Node ID: 0x000000000001B669[0m
[0;32m[1784655716.798] [9019:9021] [TS] Last Known Good Time: 2023-10-14T01:16:48[0m
[0;32m[1784655716.798] [9019:9021] [TS] New proposed Last Known Good Time: 2021-01-01T00:00:00[0m
[0;32m[1784655716.798] [9019:9021] [TS] Retaining current Last Known Good Time[0m
[0;32m[1784655716.800] [9019:9021] [FP] Metadata for Fabric 0x1 persisted to storage.[0m
[0;32m[1784655716.800] [9019:9021] [TS] Committing Last Known Good Time to storage: 2023-10-14T01:16:48[0m
[0;32m[1784655716.801] [9019:9021] [CTL] Joined the fabric at index 1. Fabric ID is 0x0000000000000001 (Compressed Fabric ID: BDFD4BC0AAA0B906)[0m
[0;32m[1784655716.805] [9019:9021] [TOO] Sending command to node 0x1[0m
[0;34m[1784655716.805] [9019:9021] [CSM] FindOrEstablishSession: PeerId = [1:0000000000000001][0m
[0;34m[1784655716.805] [9019:9021] [CSM] FindOrEstablishSession: No existing OperationalSessionSetup instance found[0m
[0;34m[1784655716.805] [9019:9021] [DIS] OperationalSessionSetup[1:0000000000000001]: State change 1 --> 2[0m
[0;32m[1784655716.806] [9019:9021] [DIS] Lookup started for BDFD4BC0AAA0B906-0000000000000001[0m
[0;32m[1784655716.806] [9019:9021] [DIS] UDP:[fe80::bfe:a203:38f0:bce7%enp0s3]:5540: new best score: 7 (for BDFD4BC0AAA0B906-0000000000000001)[0m
[0;34m[1784655716.806] [9019:9021] [DIS] Lookup clearing interface for non LL address[0m
[0;32m[1784655716.806] [9019:9021] [DIS] UDP:10.0.2.15%enp0s3:5540: new best score: 2 (for BDFD4BC0AAA0B906-0000000000000001)[0m
[0;32m[1784655716.806] [9019:9021] [DIS] Checking node lookup status for BDFD4BC0AAA0B906-0000000000000001 after 0 ms[0m
[0;32m[1784655716.806] [9019:9021] [DIS] Keeping DNSSD lookup active[0m
[0;32m[1784655716.806] [9019:9021] [DIS] UDP:[fe80::bfe:a203:38f0:bce7%enp0s3]:5540: score has not improved: 7 (for BDFD4BC0AAA0B906-0000000000000001)[0m
[0;34m[1784655716.806] [9019:9021] [DIS] Lookup clearing interface for non LL address[0m
[0;32m[1784655716.806] [9019:9021] [DIS] UDP:10.0.2.15%enp0s3:5540: score has not improved: 2 (for BDFD4BC0AAA0B906-0000000000000001)[0m
[0;32m[1784655716.806] [9019:9021] [DIS] Checking node lookup status for BDFD4BC0AAA0B906-0000000000000001 after 0 ms[0m
[0;32m[1784655716.806] [9019:9021] [DIS] Keeping DNSSD lookup active[0m
[0;32m[1784655717.012] [9019:9021] [DIS] Checking node lookup status for BDFD4BC0AAA0B906-0000000000000001 after 206 ms[0m
[0;34m[1784655717.012] [9019:9021] [DIS] OperationalSessionSetup[1:0000000000000001]: Updating device address to UDP:[fe80::bfe:a203:38f0:bce7%enp0s3]:5540 while in state 2[0m
[0;34m[1784655717.012] [9019:9021] [DIS] OperationalSessionSetup[1:0000000000000001]: State change 2 --> 3[0m
[0;34m[1784655717.012] [9019:9021] [IN] SecureSession[0x7206e0009cd0]: Allocated Type:2 LSID:33157[0m
[0;32m[1784655717.012] [9019:9021] [SC] Initiating session on local FabricIndex 1 from 0x000000000001B669 -> 0x0000000000000001[0m
[0;32m[1784655717.013] [9019:9021] [EM] <<< [E:17708i S:0 M:193715333] (U) Msg TX from FEBB1ADADD36AF0E to 0:0000000000000000 [0000] [UDP:[fe80::bfe:a203:38f0:bce7%enp0s3]:5540] --- Type 0000:30 (SecureChannel:CASE_Sigma1) (B:196)[0m
[0;32m[1784655717.013] [9019:9021] [EM] ??1 [E:17708i S:0 M:193715333] (U) Msg Retransmission to 0:0000000000000000 scheduled for 649ms from now [State:Idle II:500 AI:300 AT:4000][0m
[0;32m[1784655717.013] [9019:9021] [SC] Sent Sigma1 msg to <0000000000000001, 1> [II:500ms AI:300ms AT:4000ms][0m
[0;34m[1784655717.013] [9019:9021] [DIS] OperationalSessionSetup[1:0000000000000001]: State change 3 --> 4[0m
[0;32m[1784655717.017] [9019:9021] [EM] >>> [E:17708i S:0 M:148317064 (Ack:193715333)] (U) Msg RX from 0:0000000000000000 [0000] to FEBB1ADADD36AF0E --- Type 0000:31 (SecureChannel:CASE_Sigma2) (B:751)[0m
[0;34m[1784655717.017] [9019:9021] [EM] Found matching exchange: 17708i, Delegate: 0x7206e000b8e8[0m
[0;34m[1784655717.017] [9019:9021] [EM] Rxd Ack; Removing MessageCounter:193715333 from Retrans Table on exchange 17708i[0m
[0;32m[1784655717.017] [9019:9021] [SC] Received Sigma2 msg[0m
[0;34m[1784655717.017] [9019:9021] [SC] Found MRP parameters in the message[0m
[0;34m[1784655717.020] [9019:9021] [SC] Peer <0000000000000001, 1> assigned session ID 28936[0m
[0;34m[1784655717.020] [9019:9021] [SC] Sending Sigma3[0m
[0;32m[1784655717.020] [9019:9021] [EM] <<< [E:17708i S:0 M:193715334 (Ack:148317064)] (U) Msg TX from FEBB1ADADD36AF0E to 0:0000000000000000 [0000] [UDP:[fe80::bfe:a203:38f0:bce7%enp0s3]:5540] --- Type 0000:32 (SecureChannel:CASE_Sigma3) (B:598)[0m
[0;32m[1784655717.020] [9019:9021] [EM] ??1 [E:17708i S:0 M:193715334] (U) Msg Retransmission to 0:0000000000000000 scheduled for 339ms from now [State:Active II:500 AI:300 AT:4000][0m
[0;32m[1784655717.020] [9019:9021] [SC] Sent Sigma3 msg[0m
[0;32m[1784655717.029] [9019:9021] [EM] >>> [E:17708i S:0 M:148317065 (Ack:193715334)] (U) Msg RX from 0:0000000000000000 [0000] to FEBB1ADADD36AF0E --- Type 0000:40 (SecureChannel:StatusReport) (B:34)[0m
[0;34m[1784655717.029] [9019:9021] [EM] Found matching exchange: 17708i, Delegate: 0x7206e000b8e8[0m
[0;34m[1784655717.029] [9019:9021] [EM] Rxd Ack; Removing MessageCounter:193715334 from Retrans Table on exchange 17708i[0m
[0;32m[1784655717.029] [9019:9021] [SC] Success status report received. Session was established[0m
[0;32m[1784655717.030] [9019:9021] [SC] SecureSession[0x7206e0009cd0, LSID:33157]: State change 'kEstablishing' --> 'kActive'[0m
[0;34m[1784655717.030] [9019:9021] [IN] SecureSession[0x7206e0009cd0]: Activated - Type:2 LSID:33157[0m
[0;34m[1784655717.030] [9019:9021] [IN] New secure session activated for device <0000000000000001, 1>, LSID:33157 PSID:28936![0m
[0;34m[1784655717.030] [9019:9021] [DIS] OperationalSessionSetup[1:0000000000000001]: State change 4 --> 5[0m
[0;32m[1784655717.030] [9019:9021] [TOO] Sending cluster (0x00000030) command (0x00000000) on endpoint 0[0m
[0;34m[1784655717.030] [9019:9021] [DMG] ICR moving to [AddingComm][0m
[0;34m[1784655717.030] [9019:9021] [DMG] ICR moving to [AddedComma][0m
[0;32m[1784655717.030] [9019:9021] [EM] <<< [E:17709i S:33157 M:149643643] (S) Msg TX from 000000000001B669 to 1:0000000000000001 [B906] [UDP:[fe80::bfe:a203:38f0:bce7%enp0s3]:5540] --- Type 0001:08 (IM:InvokeCommandRequest) (B:65)[0m
[0;32m[1784655717.030] [9019:9021] [EM] ??1 [E:17709i S:33157 M:149643643] (S) Msg Retransmission to 1:0000000000000001 scheduled for 406ms from now [State:Active II:500 AI:300 AT:4000][0m
[0;34m[1784655717.030] [9019:9021] [DMG] ICR moving to [AwaitingRe][0m
[0;32m[1784655717.030] [9019:9021] [EM] <<< [E:17708i S:0 M:193715335 (Ack:148317065)] (U) Msg TX from FEBB1ADADD36AF0E to 0:0000000000000000 [0000] [UDP:[fe80::bfe:a203:38f0:bce7%enp0s3]:5540] --- Type 0000:10 (SecureChannel:StandaloneAck) (B:26)[0m
[0;34m[1784655717.030] [9019:9021] [EM] Flushed pending ack for MessageCounter:148317065 on exchange 17708i[0m
[0;32m[1784655717.030] [9019:9021] [EM] >>> [E:17709i S:33157 M:4234436 (Ack:149643643)] (S) Msg RX from 1:0000000000000001 [B906] to 000000000001B669 --- Type 0001:09 (IM:InvokeCommandResponse) (B:70)[0m
[0;34m[1784655717.030] [9019:9021] [EM] Found matching exchange: 17709i, Delegate: 0x7206e000eef8[0m
[0;34m[1784655717.030] [9019:9021] [EM] Rxd Ack; Removing MessageCounter:149643643 from Retrans Table on exchange 17709i[0m
[0;34m[1784655717.030] [9019:9021] [DMG] ICR moving to [ResponseRe][0m
[0;34m[1784655717.030] [9019:9021] [DMG] InvokeResponseMessage =[0m
[0;34m[1784655717.030] [9019:9021] [DMG] {[0m
[0;34m[1784655717.030] [9019:9021] [DMG] 	suppressResponse = false, [0m
[0;34m[1784655717.030] [9019:9021] [DMG] 	InvokeResponseIBs =[0m
[0;34m[1784655717.030] [9019:9021] [DMG] 	[[0m
[0;34m[1784655717.030] [9019:9021] [DMG] 		InvokeResponseIB =[0m
[0;34m[1784655717.030] [9019:9021] [DMG] 		{[0m
[0;34m[1784655717.030] [9019:9021] [DMG] 			CommandDataIB =[0m
[0;34m[1784655717.030] [9019:9021] [DMG] 			{[0m
[0;34m[1784655717.030] [9019:9021] [DMG] 				CommandPathIB =[0m
[0;34m[1784655717.030] [9019:9021] [DMG] 				{[0m
[0;34m[1784655717.030] [9019:9021] [DMG] 					EndpointId = 0x0,[0m
[0;34m[1784655717.030] [9019:9021] [DMG] 					ClusterId = 0x30,[0m
[0;34m[1784655717.030] [9019:9021] [DMG] 					CommandId = 0x1,[0m
[0;34m[1784655717.030] [9019:9021] [DMG] 				},[0m
[0;34m[1784655717.030] [9019:9021] [DMG] 				[0m
[0;34m[1784655717.030] [9019:9021] [DMG] 				CommandFields = [0m
[0;34m[1784655717.030] [9019:9021] [DMG] 				{[0m
[0;34m[1784655717.030] [9019:9021] [DMG] 					0x0 = 0 (unsigned), [0m
[0;34m[1784655717.030] [9019:9021] [DMG] 					0x1 = "" (0 chars), [0m
[0;34m[1784655717.030] [9019:9021] [DMG] 				},[0m
[0;34m[1784655717.030] [9019:9021] [DMG] 			},[0m
[0;34m[1784655717.030] [9019:9021] [DMG] 			[0m
[0;34m[1784655717.030] [9019:9021] [DMG] 		},[0m
[0;34m[1784655717.030] [9019:9021] [DMG] 		[0m
[0;34m[1784655717.030] [9019:9021] [DMG] 	],[0m
[0;34m[1784655717.030] [9019:9021] [DMG] 	[0m
[0;34m[1784655717.030] [9019:9021] [DMG] 	InteractionModelRevision = 12[0m
[0;34m[1784655717.030] [9019:9021] [DMG] },[0m
[0;32m[1784655717.030] [9019:9021] [DMG] Received Command Response Data, Endpoint=0 Cluster=0x0000_0030 Command=0x0000_0001[0m
[0;32m[1784655717.030] [9019:9021] [TOO] Endpoint: 0 Cluster: 0x0000_0030 Command 0x0000_0001[0m
[0;32m[1784655717.030] [9019:9021] [TOO]   ArmFailSafeResponse: {[0m
[0;32m[1784655717.030] [9019:9021] [TOO]     errorCode: 0[0m
[0;32m[1784655717.030] [9019:9021] [TOO]     debugText: [0m
[0;32m[1784655717.030] [9019:9021] [TOO]    }[0m
[0;34m[1784655717.030] [9019:9021] [DMG] ICR moving to [AwaitingDe][0m
[0;32m[1784655717.030] [9019:9021] [EM] <<< [E:17709i S:33157 M:149643644 (Ack:4234436)] (S) Msg TX from 000000000001B669 to 1:0000000000000001 [B906] [UDP:[fe80::bfe:a203:38f0:bce7%enp0s3]:5540] --- Type 0000:10 (SecureChannel:StandaloneAck) (B:34)[0m
[0;34m[1784655717.030] [9019:9021] [EM] Flushed pending ack for MessageCounter:4234436 on exchange 17709i[0m
[0;34m[1784655717.031] [9019:9019] [CTL] Shutting down the commissioner[0m
[0;32m[1784655717.031] [9019:9019] [PAF] WiFiPAF: Closing all WiFiPAF sessions to shutdown[0m
[0;34m[1784655717.031] [9019:9019] [CTL] Shutting down the controller[0m
[0;34m[1784655717.031] [9019:9019] [IN] Expiring all sessions for fabric 0x1!![0m
[0;34m[1784655717.031] [9019:9019] [IN] SecureSession[0x7206e0009cd0]: MarkForEviction Type:2 LSID:33157[0m
[0;32m[1784655717.031] [9019:9019] [SC] SecureSession[0x7206e0009cd0, LSID:33157]: State change 'kActive' --> 'kPendingEviction'[0m
[0;34m[1784655717.031] [9019:9019] [IN] SecureSession[0x7206e0009cd0]: Released - Type:2 LSID:33157[0m
[0;32m[1784655717.031] [9019:9019] [FP] Forgetting fabric 0x1[0m
[0;32m[1784655717.031] [9019:9019] [TS] Pending Last Known Good Time: 2023-10-14T01:16:48[0m
[0;32m[1784655717.031] [9019:9019] [TS] Previous Last Known Good Time: 2023-10-14T01:16:48[0m
[0;32m[1784655717.031] [9019:9019] [TS] Reverted Last Known Good Time to previous value[0m
[0;34m[1784655717.031] [9019:9019] [CTL] Shutting down the commissioner[0m
[0;32m[1784655717.031] [9019:9019] [PAF] WiFiPAF: Closing all WiFiPAF sessions to shutdown[0m
[0;34m[1784655717.031] [9019:9019] [CTL] Shutting down the controller[0m
[0;34m[1784655717.031] [9019:9019] [CTL] Shutting down the System State, this will teardown the CHIP Stack[0m
[0;34m[1784655717.031] [9019:9019] [DMG] All ReadHandler-s are clean, clear GlobalDirtySet[0m
[0;32m[1784655717.031] [9019:9019] [FP] Shutting down FabricTable[0m
[0;32m[1784655717.031] [9019:9019] [TS] Pending Last Known Good Time: 2023-10-14T01:16:48[0m
[0;32m[1784655717.031] [9019:9019] [TS] Previous Last Known Good Time: 2023-10-14T01:16:48[0m
[0;32m[1784655717.031] [9019:9019] [TS] Reverted Last Known Good Time to previous value[0m
[0;34m[1784655717.034] [9019:9019] [DL] Wrote settings to /tmp/chip_counters.ini[0m
[0;32m[1784655717.034] [9019:9019] [DL] NVS set: chip-counters/total-operational-hours = 0 (0x0)[0m
[0;32m[1784655717.034] [9019:9019] [DL] Inet Layer shutdown[0m
[0;32m[1784655717.034] [9019:9019] [DL] BLE Layer shutdown[0m
[0;32m[1784655717.034] [9019:9019] [DL] WiFi-PAF Layer shutdown[0m
[0;32m[1784655717.034] [9019:9019] [PAF] WiFiPAF: Closing all WiFiPAF sessions to shutdown[0m
[0;32m[1784655717.034] [9019:9019] [DL] System Layer shutdown[0m
