[0;34m[1784655717.079] [9023:9023] [DL] ChipLinuxStorage::Init: Using KVS config file: /tmp/chip_tool_kvs[0m
[1;31m[1784655717.080] [9023:9023] [DL] ChipLinuxStorage::Init: Attempt to re-initialize with KVS config file: /tmp/chip_kvs, IGNORING.[0m
[0;34m[1784655717.082] [9023:9023] [DL] ChipLinuxStorage::Init: Using KVS config file: /tmp/chip_factory.ini[0m
[0;34m[1784655717.082] [9023:9023] [DL] ChipLinuxStorage::Init: Using KVS config file: /tmp/chip_config.ini[0m
[0;34m[1784655717.082] [9023:9023] [DL] ChipLinuxStorage::Init: Using KVS config file: /tmp/chip_counters.ini[0m
[0;34m[1784655717.086] [9023:9023] [DL] Wrote settings to /tmp/chip_counters.ini[0m
[0;32m[1784655717.086] [9023:9023] [DL] NVS set: chip-counters/reboot-count = 4 (0x4)[0m
[0;32m[1784655717.086] [9023:9023] [DL] Got Ethernet interface: enp0s3[0m
[0;32m[1784655717.087] [9023:9023] [DL] Found the primary Ethernet interface:enp0s3[0m
[1;31m[1784655717.087] [9023:9023] [DL] Failed to get WiFi interface[0m
[1;31m[1784655717.087] [9023:9023] [DL] Failed to reset WiFi statistic counts[0m
[0;32m[1784655717.087] [9023:9023] [PAF] WiFiPAF: WiFiPAFLayer::Init()[0m
[0;34m[1784655717.087] [9023:9023] [IN] UDP::Init bind&listen port=0[0m
[0;34m[1784655717.087] [9023:9023] [IN] UDP::Init bound to port=35781[0m
[0;34m[1784655717.087] [9023:9023] [IN] UDP::Init bind&listen port=0[0m
[0;34m[1784655717.087] [9023:9023] [IN] UDP::Init bound to port=47215[0m
[0;34m[1784655717.087] [9023:9023] [IN] BLEBase::Init - setting/overriding transport[0m
[0;34m[1784655717.087] [9023:9023] [IN] WiFiPAFBase::Init - setting/overriding transport[0m
[0;34m[1784655717.087] [9023:9023] [IN] TransportMgr initialized[0m
[0;34m[1784655717.087] [9023:9023] [FP] Initializing FabricTable from persistent storage[0m
[0;32m[1784655717.087] [9023:9023] [TS] Last Known Good Time: 2023-10-14T01:16:48[0m
[0;32m[1784655717.087] [9023:9023] [FP] Fabric index 0x1 was retrieved from storage. Compressed FabricId 0xBDFD4BC0AAA0B906, FabricId 0x0000000000000001, NodeId 0x000000000001B669, VendorId 0xFFF1[0m
[0;32m[1784655717.088] [9023:9023] [DMG] Ember attribute persistence requires setting up[0m
[0;32m[1784655717.088] [9023:9023] [ZCL] Using ZAP configuration...[0m
[0;34m[1784655717.088] [9023:9023] [CTL] System State Initialized...[0m
[0;32m[1784655717.088] [9023:9023] [CTL] Setting attestation nonce to random value[0m
[0;32m[1784655717.088] [9023:9023] [CTL] Setting CSR nonce to random value[0m
[0;34m[1784655717.088] [9023:9025] [DL] CHIP task running[0m
[0;32m[1784655717.089] [9023:9025] [CTL] Setting attestation nonce to random value[0m
[0;32m[1784655717.089] [9023:9025] [CTL] Setting CSR nonce to random value[0m
[0;32m[1784655717.089] [9023:9025] [CTL] Generating NOC[0m
[0;32m[1784655717.089] [9023:9025] [FP] Validating NOC chain[0m
[0;32m[1784655717.089] [9023:9025] [FP] NOC chain validation successful[0m
[0;32m[1784655717.089] [9023:9025] [FP] Updated fabric at index: 0x1, Node ID: 0x000000000001B669[0m
[0;32m[1784655717.089] [9023:9025] [TS] Last Known Good Time: 2023-10-14T01:16:48[0m
[0;32m[1784655717.089] [9023:9025] [TS] New proposed Last Known Good Time: 2021-01-01T00:00:00[0m
[0;32m[1784655717.089] [9023:9025] [TS] Retaining current Last Known Good Time[0m
[0;32m[1784655717.092] [9023:9025] [FP] Metadata for Fabric 0x1 persisted to storage.[0m
[0;32m[1784655717.093] [9023:9025] [TS] Committing Last Known Good Time to storage: 2023-10-14T01:16:48[0m
[0;32m[1784655717.093] [9023:9025] [CTL] Joined the fabric at index 1. Fabric ID is 0x0000000000000001 (Compressed Fabric ID: BDFD4BC0AAA0B906)[0m
[0;32m[1784655717.098] [9023:9025] [TOO] Sending command to node 0x1[0m
[0;34m[1784655717.098] [9023:9025] [CSM] FindOrEstablishSession: PeerId = [1:0000000000000001][0m
[0;34m[1784655717.098] [9023:9025] [CSM] FindOrEstablishSession: No existing OperationalSessionSetup instance found[0m
[0;34m[1784655717.098] [9023:9025] [DIS] OperationalSessionSetup[1:0000000000000001]: State change 1 --> 2[0m
[0;32m[1784655717.098] [9023:9025] [DIS] Lookup started for BDFD4BC0AAA0B906-0000000000000001[0m
[0;32m[1784655717.098] [9023:9025] [DIS] UDP:[fe80::bfe:a203:38f0:bce7%enp0s3]:5540: new best score: 7 (for BDFD4BC0AAA0B906-0000000000000001)[0m
[0;34m[1784655717.099] [9023:9025] [DIS] Lookup clearing interface for non LL address[0m
[0;32m[1784655717.099] [9023:9025] [DIS] UDP:10.0.2.15%enp0s3:5540: new best score: 2 (for BDFD4BC0AAA0B906-0000000000000001)[0m
[0;32m[1784655717.099] [9023:9025] [DIS] Checking node lookup status for BDFD4BC0AAA0B906-0000000000000001 after 1 ms[0m
[0;32m[1784655717.099] [9023:9025] [DIS] Keeping DNSSD lookup active[0m
[0;32m[1784655717.099] [9023:9025] [DIS] UDP:[fe80::bfe:a203:38f0:bce7%enp0s3]:5540: score has not improved: 7 (for BDFD4BC0AAA0B906-0000000000000001)[0m
[0;34m[1784655717.099] [9023:9025] [DIS] Lookup clearing interface for non LL address[0m
[0;32m[1784655717.099] [9023:9025] [DIS] UDP:10.0.2.15%enp0s3:5540: score has not improved: 2 (for BDFD4BC0AAA0B906-0000000000000001)[0m
[0;32m[1784655717.099] [9023:9025] [DIS] Checking node lookup status for BDFD4BC0AAA0B906-0000000000000001 after 1 ms[0m
[0;32m[1784655717.099] [9023:9025] [DIS] Keeping DNSSD lookup active[0m
[0;32m[1784655717.299] [9023:9025] [DIS] Checking node lookup status for BDFD4BC0AAA0B906-0000000000000001 after 202 ms[0m
[0;34m[1784655717.300] [9023:9025] [DIS] OperationalSessionSetup[1:0000000000000001]: Updating device address to UDP:[fe80::bfe:a203:38f0:bce7%enp0s3]:5540 while in state 2[0m
[0;34m[1784655717.300] [9023:9025] [DIS] OperationalSessionSetup[1:0000000000000001]: State change 2 --> 3[0m
[0;34m[1784655717.300] [9023:9025] [IN] SecureSession[0x7aa608009cd0]: Allocated Type:2 LSID:46093[0m
[0;32m[1784655717.300] [9023:9025] [SC] Initiating session on local FabricIndex 1 from 0x000000000001B669 -> 0x0000000000000001[0m
[0;32m[1784655717.300] [9023:9025] [EM] <<< [E:20973i S:0 M:144415607] (U) Msg TX from 3DCFE45E1524B148 to 0:0000000000000000 [0000] [UDP:[fe80::bfe:a203:38f0:bce7%enp0s3]:5540] --- Type 0000:30 (SecureChannel:CASE_Sigma1) (B:196)[0m
[0;32m[1784655717.300] [9023:9025] [EM] ??1 [E:20973i S:0 M:144415607] (U) Msg Retransmission to 0:0000000000000000 scheduled for 579ms from now [State:Idle II:500 AI:300 AT:4000][0m
[0;32m[1784655717.300] [9023:9025] [SC] Sent Sigma1 msg to <0000000000000001, 1> [II:500ms AI:300ms AT:4000ms][0m
[0;34m[1784655717.300] [9023:9025] [DIS] OperationalSessionSetup[1:0000000000000001]: State change 3 --> 4[0m
[0;32m[1784655717.302] [9023:9025] [EM] >>> [E:20973i S:0 M:148317066 (Ack:144415607)] (U) Msg RX from 0:0000000000000000 [0000] to 3DCFE45E1524B148 --- Type 0000:31 (SecureChannel:CASE_Sigma2) (B:751)[0m
[0;34m[1784655717.302] [9023:9025] [EM] Found matching exchange: 20973i, Delegate: 0x7aa60800b8e8[0m
[0;34m[1784655717.302] [9023:9025] [EM] Rxd Ack; Removing MessageCounter:144415607 from Retrans Table on exchange 20973i[0m
[0;32m[1784655717.302] [9023:9025] [SC] Received Sigma2 msg[0m
[0;34m[1784655717.302] [9023:9025] [SC] Found MRP parameters in the message[0m
[0;34m[1784655717.303] [9023:9025] [SC] Peer <0000000000000001, 1> assigned session ID 28937[0m
[0;34m[1784655717.303] [9023:9025] [SC] Sending Sigma3[0m
[0;32m[1784655717.303] [9023:9025] [EM] <<< [E:20973i S:0 M:144415608 (Ack:148317066)] (U) Msg TX from 3DCFE45E1524B148 to 0:0000000000000000 [0000] [UDP:[fe80::bfe:a203:38f0:bce7%enp0s3]:5540] --- Type 0000:32 (SecureChannel:CASE_Sigma3) (B:598)[0m
[0;32m[1784655717.303] [9023:9025] [EM] ??1 [E:20973i S:0 M:144415608] (U) Msg Retransmission to 0:0000000000000000 scheduled for 354ms from now [State:Active II:500 AI:300 AT:4000][0m
[0;32m[1784655717.303] [9023:9025] [SC] Sent Sigma3 msg[0m
[0;32m[1784655717.312] [9023:9025] [EM] >>> [E:20973i S:0 M:148317067 (Ack:144415608)] (U) Msg RX from 0:0000000000000000 [0000] to 3DCFE45E1524B148 --- Type 0000:40 (SecureChannel:StatusReport) (B:34)[0m
[0;34m[1784655717.312] [9023:9025] [EM] Found matching exchange: 20973i, Delegate: 0x7aa60800b8e8[0m
[0;34m[1784655717.312] [9023:9025] [EM] Rxd Ack; Removing MessageCounter:144415608 from Retrans Table on exchange 20973i[0m
[0;32m[1784655717.312] [9023:9025] [SC] Success status report received. Session was established[0m
[0;32m[1784655717.314] [9023:9025] [SC] SecureSession[0x7aa608009cd0, LSID:46093]: State change 'kEstablishing' --> 'kActive'[0m
[0;34m[1784655717.314] [9023:9025] [IN] SecureSession[0x7aa608009cd0]: Activated - Type:2 LSID:46093[0m
[0;34m[1784655717.314] [9023:9025] [IN] New secure session activated for device <0000000000000001, 1>, LSID:46093 PSID:28937![0m
[0;34m[1784655717.314] [9023:9025] [DIS] OperationalSessionSetup[1:0000000000000001]: State change 4 --> 5[0m
[0;32m[1784655717.314] [9023:9025] [TOO] Sending cluster (0x0000003E) command (0x00000004) on endpoint 0[0m
[0;34m[1784655717.314] [9023:9025] [DMG] ICR moving to [AddingComm][0m
[0;34m[1784655717.314] [9023:9025] [DMG] ICR moving to [AddedComma][0m
[0;32m[1784655717.314] [9023:9025] [EM] <<< [E:20974i S:46093 M:119651049] (S) Msg TX from 000000000001B669 to 1:0000000000000001 [B906] [UDP:[fe80::bfe:a203:38f0:bce7%enp0s3]:5540] --- Type 0001:08 (IM:InvokeCommandRequest) (B:96)[0m
[0;32m[1784655717.314] [9023:9025] [EM] ??1 [E:20974i S:46093 M:119651049] (S) Msg Retransmission to 1:0000000000000001 scheduled for 331ms from now [State:Active II:500 AI:300 AT:4000][0m
[0;34m[1784655717.314] [9023:9025] [DMG] ICR moving to [AwaitingRe][0m
[0;32m[1784655717.314] [9023:9025] [EM] <<< [E:20973i S:0 M:144415609 (Ack:148317067)] (U) Msg TX from 3DCFE45E1524B148 to 0:0000000000000000 [0000] [UDP:[fe80::bfe:a203:38f0:bce7%enp0s3]:5540] --- Type 0000:10 (SecureChannel:StandaloneAck) (B:26)[0m
[0;34m[1784655717.314] [9023:9025] [EM] Flushed pending ack for MessageCounter:148317067 on exchange 20973i[0m
[0;32m[1784655717.314] [9023:9025] [EM] >>> [E:20974i S:46093 M:55829177 (Ack:119651049)] (S) Msg RX from 1:0000000000000001 [B906] to 000000000001B669 --- Type 0001:09 (IM:InvokeCommandResponse) (B:376)[0m
[0;34m[1784655717.314] [9023:9025] [EM] Found matching exchange: 20974i, Delegate: 0x7aa60800eef8[0m
[0;34m[1784655717.314] [9023:9025] [EM] Rxd Ack; Removing MessageCounter:119651049 from Retrans Table on exchange 20974i[0m
[0;34m[1784655717.314] [9023:9025] [DMG] ICR moving to [ResponseRe][0m
[0;34m[1784655717.314] [9023:9025] [DMG] InvokeResponseMessage =[0m
[0;34m[1784655717.314] [9023:9025] [DMG] {[0m
[0;34m[1784655717.314] [9023:9025] [DMG] 	suppressResponse = false, [0m
[0;34m[1784655717.314] [9023:9025] [DMG] 	InvokeResponseIBs =[0m
[0;34m[1784655717.314] [9023:9025] [DMG] 	[[0m
[0;34m[1784655717.314] [9023:9025] [DMG] 		InvokeResponseIB =[0m
[0;34m[1784655717.314] [9023:9025] [DMG] 		{[0m
[0;34m[1784655717.314] [9023:9025] [DMG] 			CommandDataIB =[0m
[0;34m[1784655717.314] [9023:9025] [DMG] 			{[0m
[0;34m[1784655717.314] [9023:9025] [DMG] 				CommandPathIB =[0m
[0;34m[1784655717.314] [9023:9025] [DMG] 				{[0m
[0;34m[1784655717.314] [9023:9025] [DMG] 					EndpointId = 0x0,[0m
[0;34m[1784655717.314] [9023:9025] [DMG] 					ClusterId = 0x3e,[0m
[0;34m[1784655717.314] [9023:9025] [DMG] 					CommandId = 0x5,[0m
[0;34m[1784655717.314] [9023:9025] [DMG] 				},[0m
[0;34m[1784655717.314] [9023:9025] [DMG] 				[0m
[0;34m[1784655717.314] [9023:9025] [DMG] 				CommandFields = [0m
[0;34m[1784655717.314] [9023:9025] [DMG] 				{[0m
[0;34m[1784655717.314] [9023:9025] [DMG] 					0x0 = [[0m
[0;34m[1784655717.314] [9023:9025] [DMG] 							0x15, 0x30, 0x01, 0xca, 0x30, 0x81, 0xc7, 0x30, 0x70, 0x02, 0x01, 0x00, 0x30, 0x0e, 0x31, 0x0c, 0x30, 0x0a, 0x06, 0x03, 0x55, 0x04, 0x0a, 0x0c, 0x03, 0x43, 0x53, 0x52, 0x30, 0x59, 0x30, 0x13, 0x06, 0x07, 0x2a, 0x86, 0x48, 0xce, 0x3d, 0x02, 0x01, 0x06, 0x08, 0x2a, 0x86, 0x48, 0xce, 0x3d, 0x03, 0x01, 0x07, 0x03, 0x42, 0x00, 0x04, 0x2c, 0xa3, 0x92, 0x44, 0xcd, 0x00, 0xd5, 0x45, 0x1e, 0xc7, 0xf5, 0xe5, 0xc4, 0x9f, 0xca, 0xbc, 0x9f, 0xe5, 0x5a, 0x0e, 0xcc, 0x13, 0xc5, 0x22, 0xbc, 0x2f, 0xc7, 0xa1, 0xba, 0xdd, 0xc1, 0x8b, 0xb8, 0xa4, 0xfb, 0xcc, 0x1b, 0x4b, 0xe1, 0xee, 0x28, 0x7f, 0x78, 0xad, 0x97, 0x1f, 0x9b, 0xcf, 0x37, 0xd5, 0xa1, 0xf3, 0xef, 0x62, 0x38, 0x96, 0x1d, 0x9d, 0xcf, 0xa1, 0xac, 0xbb, 0xc8, 0x90, 0xa0, 0x00, 0x30, 0x0a, 0x06, 0x08, 0x2a, 0x86, 0x48, 0xce, 0x3d, 0x04, 0x03, 0x02, 0x03, 0x47, 0x00, 0x30, 0x44, 0x02, 0x20, 0x78, 0xf5, 0xda, 0xc2, 0x35, 0x7a, 0x24, 0x33, 0x3d, 0x62, 0xb2, 0x07, 0x07, 0x06, 0xf5, 0x76, 0x9f, 0x76, 0xa0, 0xa1, 0xd7, 0x80, 0xd5, 0x34, 0xb3, 0x43, 0xf4, 0x31, 0xbd, 0xce, 0xd1, 0x5d, 0x02, 0x20, 0x43, 0xe5, 0xc3, 0xd0, 0x5d, 0x68, 0xb1, 0x87, 0x65, 0x6c, 0x58, 0x60, 0xae, 0x07, 0x2b, 0x93, 0x31, 0x88, 0x11, 0x7e, 0x35, 0x60, 0xf9, 0x45, 0x74, 0x98, 0xdd, 0x4d, 0x36, 0xd1, 0xfb, 0xd6, 0x30, 0x02, 0x20, 0xfb, 0x0e, 0x77, 0x11, 0x67, 0xbc, 0x09, 0x44, 0xf6, 0xf9, 0xc5, 0x1e, 0x08, 0x22, 0x82, 0x7c, 0x02, 0x6d, 0xf1, 0xdb, 0xb4, 0x21, 0x38, 0xc5, 0x11, 0x52, 0xc5, 0x2f, 0xd4, 0xe7, 0x20, 0xde, 0x18, [0m
[0;34m[1784655717.314] [9023:9025] [DMG] 					] (242 bytes)[0m
[0;34m[1784655717.314] [9023:9025] [DMG] 					0x1 = [[0m
[0;34m[1784655717.314] [9023:9025] [DMG] 							0x01, 0x75, 0xf2, 0xa8, 0xfc, 0xcd, 0x00, 0xcd, 0x29, 0x0d, 0xab, 0x92, 0x54, 0xfa, 0x49, 0xe3, 0x42, 0x71, 0xca, 0xa2, 0xa9, 0x77, 0x35, 0x3f, 0x89, 0x83, 0x49, 0x6f, 0xaa, 0x8b, 0x3b, 0x10, 0xa2, 0x59, 0x3f, 0x38, 0x0c, 0x09, 0x7f, 0xe0, 0x7c, 0xb5, 0x5b, 0xf1, 0xdc, 0x64, 0xc4, 0x63, 0x51, 0x13, 0xe7, 0x50, 0x6b, 0xc3, 0xad, 0x2d, 0x65, 0x2d, 0xa2, 0x5e, 0x24, 0xef, 0xf5, 0xc8, [0m
[0;34m[1784655717.314] [9023:9025] [DMG] 					] (64 bytes)[0m
[0;34m[1784655717.314] [9023:9025] [DMG] 				},[0m
[0;34m[1784655717.314] [9023:9025] [DMG] 			},[0m
[0;34m[1784655717.314] [9023:9025] [DMG] 			[0m
[0;34m[1784655717.314] [9023:9025] [DMG] 		},[0m
[0;34m[1784655717.314] [9023:9025] [DMG] 		[0m
[0;34m[1784655717.314] [9023:9025] [DMG] 	],[0m
[0;34m[1784655717.314] [9023:9025] [DMG] 	[0m
[0;34m[1784655717.314] [9023:9025] [DMG] 	InteractionModelRevision = 12[0m
[0;34m[1784655717.314] [9023:9025] [DMG] },[0m
[0;32m[1784655717.314] [9023:9025] [DMG] Received Command Response Data, Endpoint=0 Cluster=0x0000_003E Command=0x0000_0005[0m
[0;32m[1784655717.314] [9023:9025] [TOO] Endpoint: 0 Cluster: 0x0000_003E Command 0x0000_0005[0m
[0;32m[1784655717.314] [9023:9025] [TOO]   CSRResponse: {[0m
[0;32m[1784655717.314] [9023:9025] [TOO]     NOCSRElements: 153001CA3081C73070020100300E310C300A060355040A0C034353523059301306072A8648CE3D020106082A8648CE3D030107034200042CA39244CD00D5451EC7F5E5C49FCABC9FE55A0ECC13C522BC2FC7A1BADDC18BB8A4FBCC1B4BE1EE287F78AD971F9BCF37D5A1F3EF6238961D9DCFA1ACBBC890A000300A06082A8648CE3D0403020347003044022078F5DAC2357A24333D62B2070706F5769F76A0A1D780D534B343F431BDCED15D022043E5C3D05D68B187656C5860AE072B933188117E3560F9457498DD4D36D1FBD6300220FB0E771167BC0944F6F9C51E0822827C026DF1DBB42138C51152C52FD4E720DE18[0m
[0;32m[1784655717.314] [9023:9025] [TOO]     attestationSignature: 0175F2A8FCCD00CD290DAB9254FA49E34271CAA2A977353F8983496FAA8B3B10A2593F380C097FE07CB55BF1DC64C4635113E7506BC3AD2D652DA25E24EFF5C8[0m
[0;32m[1784655717.314] [9023:9025] [TOO]    }[0m
[0;34m[1784655717.314] [9023:9025] [DMG] ICR moving to [AwaitingDe][0m
[0;32m[1784655717.315] [9023:9025] [EM] <<< [E:20974i S:46093 M:119651050 (Ack:55829177)] (S) Msg TX from 000000000001B669 to 1:0000000000000001 [B906] [UDP:[fe80::bfe:a203:38f0:bce7%enp0s3]:5540] --- Type 0000:10 (SecureChannel:StandaloneAck) (B:34)[0m
[0;34m[1784655717.315] [9023:9025] [EM] Flushed pending ack for MessageCounter:55829177 on exchange 20974i[0m
[0;34m[1784655717.315] [9023:9023] [CTL] Shutting down the commissioner[0m
[0;32m[1784655717.315] [9023:9023] [PAF] WiFiPAF: Closing all WiFiPAF sessions to shutdown[0m
[0;34m[1784655717.315] [9023:9023] [CTL] Shutting down the controller[0m
[0;34m[1784655717.315] [9023:9023] [IN] Expiring all sessions for fabric 0x1!![0m
[0;34m[1784655717.315] [9023:9023] [IN] SecureSession[0x7aa608009cd0]: MarkForEviction Type:2 LSID:46093[0m
[0;32m[1784655717.315] [9023:9023] [SC] SecureSession[0x7aa608009cd0, LSID:46093]: State change 'kActive' --> 'kPendingEviction'[0m
[0;34m[1784655717.315] [9023:9023] [IN] SecureSession[0x7aa608009cd0]: Released - Type:2 LSID:46093[0m
[0;32m[1784655717.315] [9023:9023] [FP] Forgetting fabric 0x1[0m
[0;32m[1784655717.315] [9023:9023] [TS] Pending Last Known Good Time: 2023-10-14T01:16:48[0m
[0;32m[1784655717.315] [9023:9023] [TS] Previous Last Known Good Time: 2023-10-14T01:16:48[0m
[0;32m[1784655717.315] [9023:9023] [TS] Reverted Last Known Good Time to previous value[0m
[0;34m[1784655717.315] [9023:9023] [CTL] Shutting down the commissioner[0m
[0;32m[1784655717.315] [9023:9023] [PAF] WiFiPAF: Closing all WiFiPAF sessions to shutdown[0m
[0;34m[1784655717.315] [9023:9023] [CTL] Shutting down the controller[0m
[0;34m[1784655717.315] [9023:9023] [CTL] Shutting down the System State, this will teardown the CHIP Stack[0m
[0;34m[1784655717.315] [9023:9023] [DMG] All ReadHandler-s are clean, clear GlobalDirtySet[0m
[0;32m[1784655717.315] [9023:9023] [FP] Shutting down FabricTable[0m
[0;32m[1784655717.315] [9023:9023] [TS] Pending Last Known Good Time: 2023-10-14T01:16:48[0m
[0;32m[1784655717.315] [9023:9023] [TS] Previous Last Known Good Time: 2023-10-14T01:16:48[0m
[0;32m[1784655717.315] [9023:9023] [TS] Reverted Last Known Good Time to previous value[0m
[0;34m[1784655717.318] [9023:9023] [DL] Wrote settings to /tmp/chip_counters.ini[0m
[0;32m[1784655717.318] [9023:9023] [DL] NVS set: chip-counters/total-operational-hours = 0 (0x0)[0m
[0;32m[1784655717.318] [9023:9023] [DL] Inet Layer shutdown[0m
[0;32m[1784655717.318] [9023:9023] [DL] BLE Layer shutdown[0m
[0;32m[1784655717.318] [9023:9023] [DL] WiFi-PAF Layer shutdown[0m
[0;32m[1784655717.318] [9023:9023] [PAF] WiFiPAF: Closing all WiFiPAF sessions to shutdown[0m
[0;32m[1784655717.318] [9023:9023] [DL] System Layer shutdown[0m
