[0;34m[1784655717.727] [9036:9036] [DL] ChipLinuxStorage::Init: Using KVS config file: /tmp/chip_tool_kvs[0m
[1;31m[1784655717.729] [9036:9036] [DL] ChipLinuxStorage::Init: Attempt to re-initialize with KVS config file: /tmp/chip_kvs, IGNORING.[0m
[0;34m[1784655717.730] [9036:9036] [DL] ChipLinuxStorage::Init: Using KVS config file: /tmp/chip_factory.ini[0m
[0;34m[1784655717.731] [9036:9036] [DL] ChipLinuxStorage::Init: Using KVS config file: /tmp/chip_config.ini[0m
[0;34m[1784655717.731] [9036:9036] [DL] ChipLinuxStorage::Init: Using KVS config file: /tmp/chip_counters.ini[0m
[0;34m[1784655717.736] [9036:9036] [DL] Wrote settings to /tmp/chip_counters.ini[0m
[0;32m[1784655717.736] [9036:9036] [DL] NVS set: chip-counters/reboot-count = 6 (0x6)[0m
[0;32m[1784655717.736] [9036:9036] [DL] Got Ethernet interface: enp0s3[0m
[0;32m[1784655717.736] [9036:9036] [DL] Found the primary Ethernet interface:enp0s3[0m
[1;31m[1784655717.736] [9036:9036] [DL] Failed to get WiFi interface[0m
[1;31m[1784655717.736] [9036:9036] [DL] Failed to reset WiFi statistic counts[0m
[0;32m[1784655717.736] [9036:9036] [PAF] WiFiPAF: WiFiPAFLayer::Init()[0m
[0;34m[1784655717.736] [9036:9036] [IN] UDP::Init bind&listen port=0[0m
[0;34m[1784655717.736] [9036:9036] [IN] UDP::Init bound to port=40186[0m
[0;34m[1784655717.736] [9036:9036] [IN] UDP::Init bind&listen port=0[0m
[0;34m[1784655717.736] [9036:9036] [IN] UDP::Init bound to port=48126[0m
[0;34m[1784655717.736] [9036:9036] [IN] BLEBase::Init - setting/overriding transport[0m
[0;34m[1784655717.736] [9036:9036] [IN] WiFiPAFBase::Init - setting/overriding transport[0m
[0;34m[1784655717.736] [9036:9036] [IN] TransportMgr initialized[0m
[0;34m[1784655717.737] [9036:9036] [FP] Initializing FabricTable from persistent storage[0m
[0;32m[1784655717.737] [9036:9036] [TS] Last Known Good Time: 2023-10-14T01:16:48[0m
[0;32m[1784655717.737] [9036:9036] [FP] Fabric index 0x1 was retrieved from storage. Compressed FabricId 0xBDFD4BC0AAA0B906, FabricId 0x0000000000000001, NodeId 0x000000000001B669, VendorId 0xFFF1[0m
[0;32m[1784655717.738] [9036:9036] [DMG] Ember attribute persistence requires setting up[0m
[0;32m[1784655717.738] [9036:9036] [ZCL] Using ZAP configuration...[0m
[0;34m[1784655717.738] [9036:9036] [CTL] System State Initialized...[0m
[0;32m[1784655717.738] [9036:9036] [CTL] Setting attestation nonce to random value[0m
[0;32m[1784655717.738] [9036:9036] [CTL] Setting CSR nonce to random value[0m
[0;34m[1784655717.738] [9036:9038] [DL] CHIP task running[0m
[0;32m[1784655717.738] [9036:9038] [CTL] Setting attestation nonce to random value[0m
[0;32m[1784655717.738] [9036:9038] [CTL] Setting CSR nonce to random value[0m
[0;32m[1784655717.739] [9036:9038] [CTL] Generating NOC[0m
[0;32m[1784655717.739] [9036:9038] [FP] Validating NOC chain[0m
[0;32m[1784655717.739] [9036:9038] [FP] NOC chain validation successful[0m
[0;32m[1784655717.739] [9036:9038] [FP] Updated fabric at index: 0x1, Node ID: 0x000000000001B669[0m
[0;32m[1784655717.739] [9036:9038] [TS] Last Known Good Time: 2023-10-14T01:16:48[0m
[0;32m[1784655717.739] [9036:9038] [TS] New proposed Last Known Good Time: 2021-01-01T00:00:00[0m
[0;32m[1784655717.739] [9036:9038] [TS] Retaining current Last Known Good Time[0m
[0;32m[1784655717.742] [9036:9038] [FP] Metadata for Fabric 0x1 persisted to storage.[0m
[0;32m[1784655717.743] [9036:9038] [TS] Committing Last Known Good Time to storage: 2023-10-14T01:16:48[0m
[0;32m[1784655717.744] [9036:9038] [CTL] Joined the fabric at index 1. Fabric ID is 0x0000000000000001 (Compressed Fabric ID: BDFD4BC0AAA0B906)[0m
[0;32m[1784655717.749] [9036:9038] [TOO] Sending command to node 0x1[0m
[0;34m[1784655717.749] [9036:9038] [CSM] FindOrEstablishSession: PeerId = [1:0000000000000001][0m
[0;34m[1784655717.749] [9036:9038] [CSM] FindOrEstablishSession: No existing OperationalSessionSetup instance found[0m
[0;34m[1784655717.749] [9036:9038] [DIS] OperationalSessionSetup[1:0000000000000001]: State change 1 --> 2[0m
[0;32m[1784655717.749] [9036:9038] [DIS] Lookup started for BDFD4BC0AAA0B906-0000000000000001[0m
[0;32m[1784655717.750] [9036:9038] [DIS] UDP:[fe80::bfe:a203:38f0:bce7%enp0s3]:5540: new best score: 7 (for BDFD4BC0AAA0B906-0000000000000001)[0m
[0;34m[1784655717.750] [9036:9038] [DIS] Lookup clearing interface for non LL address[0m
[0;32m[1784655717.750] [9036:9038] [DIS] UDP:10.0.2.15%enp0s3:5540: new best score: 2 (for BDFD4BC0AAA0B906-0000000000000001)[0m
[0;32m[1784655717.750] [9036:9038] [DIS] Checking node lookup status for BDFD4BC0AAA0B906-0000000000000001 after 1 ms[0m
[0;32m[1784655717.750] [9036:9038] [DIS] Keeping DNSSD lookup active[0m
[0;32m[1784655717.750] [9036:9038] [DIS] UDP:[fe80::bfe:a203:38f0:bce7%enp0s3]:5540: score has not improved: 7 (for BDFD4BC0AAA0B906-0000000000000001)[0m
[0;34m[1784655717.750] [9036:9038] [DIS] Lookup clearing interface for non LL address[0m
[0;32m[1784655717.750] [9036:9038] [DIS] UDP:10.0.2.15%enp0s3:5540: score has not improved: 2 (for BDFD4BC0AAA0B906-0000000000000001)[0m
[0;32m[1784655717.750] [9036:9038] [DIS] Checking node lookup status for BDFD4BC0AAA0B906-0000000000000001 after 1 ms[0m
[0;32m[1784655717.750] [9036:9038] [DIS] Keeping DNSSD lookup active[0m
[0;32m[1784655717.954] [9036:9038] [DIS] Checking node lookup status for BDFD4BC0AAA0B906-0000000000000001 after 206 ms[0m
[0;34m[1784655717.954] [9036:9038] [DIS] OperationalSessionSetup[1:0000000000000001]: Updating device address to UDP:[fe80::bfe:a203:38f0:bce7%enp0s3]:5540 while in state 2[0m
[0;34m[1784655717.954] [9036:9038] [DIS] OperationalSessionSetup[1:0000000000000001]: State change 2 --> 3[0m
[0;34m[1784655717.954] [9036:9038] [IN] SecureSession[0x72a1b4009cd0]: Allocated Type:2 LSID:48933[0m
[0;32m[1784655717.954] [9036:9038] [SC] Initiating session on local FabricIndex 1 from 0x000000000001B669 -> 0x0000000000000001[0m
[0;32m[1784655717.955] [9036:9038] [EM] <<< [E:19917i S:0 M:177772530] (U) Msg TX from BC6A9937B7614653 to 0:0000000000000000 [0000] [UDP:[fe80::bfe:a203:38f0:bce7%enp0s3]:5540] --- Type 0000:30 (SecureChannel:CASE_Sigma1) (B:196)[0m
[0;32m[1784655717.955] [9036:9038] [EM] ??1 [E:19917i S:0 M:177772530] (U) Msg Retransmission to 0:0000000000000000 scheduled for 620ms from now [State:Idle II:500 AI:300 AT:4000][0m
[0;32m[1784655717.955] [9036:9038] [SC] Sent Sigma1 msg to <0000000000000001, 1> [II:500ms AI:300ms AT:4000ms][0m
[0;34m[1784655717.955] [9036:9038] [DIS] OperationalSessionSetup[1:0000000000000001]: State change 3 --> 4[0m
[0;32m[1784655717.956] [9036:9038] [EM] >>> [E:19917i S:0 M:148317070 (Ack:177772530)] (U) Msg RX from 0:0000000000000000 [0000] to BC6A9937B7614653 --- Type 0000:31 (SecureChannel:CASE_Sigma2) (B:751)[0m
[0;34m[1784655717.956] [9036:9038] [EM] Found matching exchange: 19917i, Delegate: 0x72a1b400b8e8[0m
[0;34m[1784655717.956] [9036:9038] [EM] Rxd Ack; Removing MessageCounter:177772530 from Retrans Table on exchange 19917i[0m
[0;32m[1784655717.956] [9036:9038] [SC] Received Sigma2 msg[0m
[0;34m[1784655717.956] [9036:9038] [SC] Found MRP parameters in the message[0m
[0;34m[1784655717.957] [9036:9038] [SC] Peer <0000000000000001, 1> assigned session ID 28939[0m
[0;34m[1784655717.957] [9036:9038] [SC] Sending Sigma3[0m
[0;32m[1784655717.957] [9036:9038] [EM] <<< [E:19917i S:0 M:177772531 (Ack:148317070)] (U) Msg TX from BC6A9937B7614653 to 0:0000000000000000 [0000] [UDP:[fe80::bfe:a203:38f0:bce7%enp0s3]:5540] --- Type 0000:32 (SecureChannel:CASE_Sigma3) (B:598)[0m
[0;32m[1784655717.958] [9036:9038] [EM] ??1 [E:19917i S:0 M:177772531] (U) Msg Retransmission to 0:0000000000000000 scheduled for 385ms from now [State:Active II:500 AI:300 AT:4000][0m
[0;32m[1784655717.958] [9036:9038] [SC] Sent Sigma3 msg[0m
[0;32m[1784655717.967] [9036:9038] [EM] >>> [E:19917i S:0 M:148317071 (Ack:177772531)] (U) Msg RX from 0:0000000000000000 [0000] to BC6A9937B7614653 --- Type 0000:40 (SecureChannel:StatusReport) (B:34)[0m
[0;34m[1784655717.967] [9036:9038] [EM] Found matching exchange: 19917i, Delegate: 0x72a1b400b8e8[0m
[0;34m[1784655717.967] [9036:9038] [EM] Rxd Ack; Removing MessageCounter:177772531 from Retrans Table on exchange 19917i[0m
[0;32m[1784655717.967] [9036:9038] [SC] Success status report received. Session was established[0m
[0;32m[1784655717.969] [9036:9038] [SC] SecureSession[0x72a1b4009cd0, LSID:48933]: State change 'kEstablishing' --> 'kActive'[0m
[0;34m[1784655717.969] [9036:9038] [IN] SecureSession[0x72a1b4009cd0]: Activated - Type:2 LSID:48933[0m
[0;34m[1784655717.969] [9036:9038] [IN] New secure session activated for device <0000000000000001, 1>, LSID:48933 PSID:28939![0m
[0;34m[1784655717.969] [9036:9038] [DIS] OperationalSessionSetup[1:0000000000000001]: State change 4 --> 5[0m
[0;32m[1784655717.969] [9036:9038] [TOO] Sending cluster (0x0000003E) command (0x00000007) on endpoint 0[0m
[0;34m[1784655717.969] [9036:9038] [DMG] ICR moving to [AddingComm][0m
[0;34m[1784655717.969] [9036:9038] [DMG] ICR moving to [AddedComma][0m
[0;32m[1784655717.969] [9036:9038] [EM] <<< [E:19918i S:48933 M:88192021] (S) Msg TX from 000000000001B669 to 1:0000000000000001 [B906] [UDP:[fe80::bfe:a203:38f0:bce7%enp0s3]:5540] --- Type 0001:08 (IM:InvokeCommandRequest) (B:330)[0m
[0;32m[1784655717.969] [9036:9038] [EM] ??1 [E:19918i S:48933 M:88192021] (S) Msg Retransmission to 1:0000000000000001 scheduled for 373ms from now [State:Active II:500 AI:300 AT:4000][0m
[0;34m[1784655717.969] [9036:9038] [DMG] ICR moving to [AwaitingRe][0m
[0;32m[1784655717.969] [9036:9038] [EM] <<< [E:19917i S:0 M:177772532 (Ack:148317071)] (U) Msg TX from BC6A9937B7614653 to 0:0000000000000000 [0000] [UDP:[fe80::bfe:a203:38f0:bce7%enp0s3]:5540] --- Type 0000:10 (SecureChannel:StandaloneAck) (B:26)[0m
[0;34m[1784655717.969] [9036:9038] [EM] Flushed pending ack for MessageCounter:148317071 on exchange 19917i[0m
[0;32m[1784655717.978] [9036:9038] [EM] >>> [E:19918i S:48933 M:102329219 (Ack:88192021)] (S) Msg RX from 1:0000000000000001 [B906] to 000000000001B669 --- Type 0001:09 (IM:InvokeCommandResponse) (B:70)[0m
[0;34m[1784655717.978] [9036:9038] [EM] Found matching exchange: 19918i, Delegate: 0x72a1b400eef8[0m
[0;34m[1784655717.978] [9036:9038] [EM] Rxd Ack; Removing MessageCounter:88192021 from Retrans Table on exchange 19918i[0m
[0;34m[1784655717.978] [9036:9038] [DMG] ICR moving to [ResponseRe][0m
[0;34m[1784655717.978] [9036:9038] [DMG] InvokeResponseMessage =[0m
[0;34m[1784655717.978] [9036:9038] [DMG] {[0m
[0;34m[1784655717.978] [9036:9038] [DMG] 	suppressResponse = false, [0m
[0;34m[1784655717.978] [9036:9038] [DMG] 	InvokeResponseIBs =[0m
[0;34m[1784655717.978] [9036:9038] [DMG] 	[[0m
[0;34m[1784655717.978] [9036:9038] [DMG] 		InvokeResponseIB =[0m
[0;34m[1784655717.978] [9036:9038] [DMG] 		{[0m
[0;34m[1784655717.978] [9036:9038] [DMG] 			CommandDataIB =[0m
[0;34m[1784655717.978] [9036:9038] [DMG] 			{[0m
[0;34m[1784655717.978] [9036:9038] [DMG] 				CommandPathIB =[0m
[0;34m[1784655717.978] [9036:9038] [DMG] 				{[0m
[0;34m[1784655717.978] [9036:9038] [DMG] 					EndpointId = 0x0,[0m
[0;34m[1784655717.978] [9036:9038] [DMG] 					ClusterId = 0x3e,[0m
[0;34m[1784655717.978] [9036:9038] [DMG] 					CommandId = 0x8,[0m
[0;34m[1784655717.978] [9036:9038] [DMG] 				},[0m
[0;34m[1784655717.978] [9036:9038] [DMG] 				[0m
[0;34m[1784655717.978] [9036:9038] [DMG] 				CommandFields = [0m
[0;34m[1784655717.978] [9036:9038] [DMG] 				{[0m
[0;34m[1784655717.978] [9036:9038] [DMG] 					0x0 = 0 (unsigned), [0m
[0;34m[1784655717.978] [9036:9038] [DMG] 					0x1 = 1 (unsigned), [0m
[0;34m[1784655717.978] [9036:9038] [DMG] 				},[0m
[0;34m[1784655717.978] [9036:9038] [DMG] 			},[0m
[0;34m[1784655717.978] [9036:9038] [DMG] 			[0m
[0;34m[1784655717.978] [9036:9038] [DMG] 		},[0m
[0;34m[1784655717.978] [9036:9038] [DMG] 		[0m
[0;34m[1784655717.978] [9036:9038] [DMG] 	],[0m
[0;34m[1784655717.978] [9036:9038] [DMG] 	[0m
[0;34m[1784655717.978] [9036:9038] [DMG] 	InteractionModelRevision = 12[0m
[0;34m[1784655717.978] [9036:9038] [DMG] },[0m
[0;32m[1784655717.978] [9036:9038] [DMG] Received Command Response Data, Endpoint=0 Cluster=0x0000_003E Command=0x0000_0008[0m
[0;32m[1784655717.978] [9036:9038] [TOO] Endpoint: 0 Cluster: 0x0000_003E Command 0x0000_0008[0m
[0;32m[1784655717.978] [9036:9038] [TOO]   NOCResponse: {[0m
[0;32m[1784655717.978] [9036:9038] [TOO]     statusCode: 0[0m
[0;32m[1784655717.978] [9036:9038] [TOO]     fabricIndex: 1[0m
[0;32m[1784655717.978] [9036:9038] [TOO]    }[0m
[0;34m[1784655717.978] [9036:9038] [DMG] ICR moving to [AwaitingDe][0m
[0;32m[1784655717.978] [9036:9038] [EM] <<< [E:19918i S:48933 M:88192022 (Ack:102329219)] (S) Msg TX from 000000000001B669 to 1:0000000000000001 [B906] [UDP:[fe80::bfe:a203:38f0:bce7%enp0s3]:5540] --- Type 0000:10 (SecureChannel:StandaloneAck) (B:34)[0m
[0;34m[1784655717.978] [9036:9038] [EM] Flushed pending ack for MessageCounter:102329219 on exchange 19918i[0m
[0;34m[1784655717.978] [9036:9036] [CTL] Shutting down the commissioner[0m
[0;32m[1784655717.978] [9036:9036] [PAF] WiFiPAF: Closing all WiFiPAF sessions to shutdown[0m
[0;34m[1784655717.978] [9036:9036] [CTL] Shutting down the controller[0m
[0;34m[1784655717.978] [9036:9036] [IN] Expiring all sessions for fabric 0x1!![0m
[0;34m[1784655717.978] [9036:9036] [IN] SecureSession[0x72a1b4009cd0]: MarkForEviction Type:2 LSID:48933[0m
[0;32m[1784655717.978] [9036:9036] [SC] SecureSession[0x72a1b4009cd0, LSID:48933]: State change 'kActive' --> 'kPendingEviction'[0m
[0;34m[1784655717.978] [9036:9036] [IN] SecureSession[0x72a1b4009cd0]: Released - Type:2 LSID:48933[0m
[0;32m[1784655717.978] [9036:9036] [FP] Forgetting fabric 0x1[0m
[0;32m[1784655717.978] [9036:9036] [TS] Pending Last Known Good Time: 2023-10-14T01:16:48[0m
[0;32m[1784655717.978] [9036:9036] [TS] Previous Last Known Good Time: 2023-10-14T01:16:48[0m
[0;32m[1784655717.978] [9036:9036] [TS] Reverted Last Known Good Time to previous value[0m
[0;34m[1784655717.978] [9036:9036] [CTL] Shutting down the commissioner[0m
[0;32m[1784655717.978] [9036:9036] [PAF] WiFiPAF: Closing all WiFiPAF sessions to shutdown[0m
[0;34m[1784655717.978] [9036:9036] [CTL] Shutting down the controller[0m
[0;34m[1784655717.978] [9036:9036] [CTL] Shutting down the System State, this will teardown the CHIP Stack[0m
[0;34m[1784655717.978] [9036:9036] [DMG] All ReadHandler-s are clean, clear GlobalDirtySet[0m
[0;32m[1784655717.978] [9036:9036] [FP] Shutting down FabricTable[0m
[0;32m[1784655717.978] [9036:9036] [TS] Pending Last Known Good Time: 2023-10-14T01:16:48[0m
[0;32m[1784655717.978] [9036:9036] [TS] Previous Last Known Good Time: 2023-10-14T01:16:48[0m
[0;32m[1784655717.978] [9036:9036] [TS] Reverted Last Known Good Time to previous value[0m
[0;34m[1784655717.980] [9036:9036] [DL] Wrote settings to /tmp/chip_counters.ini[0m
[0;32m[1784655717.980] [9036:9036] [DL] NVS set: chip-counters/total-operational-hours = 0 (0x0)[0m
[0;32m[1784655717.980] [9036:9036] [DL] Inet Layer shutdown[0m
[0;32m[1784655717.980] [9036:9036] [DL] BLE Layer shutdown[0m
[0;32m[1784655717.980] [9036:9036] [DL] WiFi-PAF Layer shutdown[0m
[0;32m[1784655717.980] [9036:9036] [PAF] WiFiPAF: Closing all WiFiPAF sessions to shutdown[0m
[0;32m[1784655717.980] [9036:9036] [DL] System Layer shutdown[0m
