[0;34m[1784655476.252] [8273:8273] [DL] ChipLinuxStorage::Init: Using KVS config file: /tmp/chip_tool_kvs[0m
[1;31m[1784655476.253] [8273:8273] [DL] ChipLinuxStorage::Init: Attempt to re-initialize with KVS config file: /tmp/chip_kvs, IGNORING.[0m
[0;34m[1784655476.254] [8273:8273] [DL] ChipLinuxStorage::Init: Using KVS config file: /tmp/chip_factory.ini[0m
[0;34m[1784655476.254] [8273:8273] [DL] ChipLinuxStorage::Init: Using KVS config file: /tmp/chip_config.ini[0m
[0;34m[1784655476.254] [8273:8273] [DL] ChipLinuxStorage::Init: Using KVS config file: /tmp/chip_counters.ini[0m
[0;34m[1784655476.257] [8273:8273] [DL] Wrote settings to /tmp/chip_counters.ini[0m
[0;32m[1784655476.257] [8273:8273] [DL] NVS set: chip-counters/reboot-count = 6 (0x6)[0m
[0;32m[1784655476.257] [8273:8273] [DL] Got Ethernet interface: enp0s3[0m
[0;32m[1784655476.257] [8273:8273] [DL] Found the primary Ethernet interface:enp0s3[0m
[1;31m[1784655476.258] [8273:8273] [DL] Failed to get WiFi interface[0m
[1;31m[1784655476.258] [8273:8273] [DL] Failed to reset WiFi statistic counts[0m
[0;32m[1784655476.258] [8273:8273] [PAF] WiFiPAF: WiFiPAFLayer::Init()[0m
[0;34m[1784655476.258] [8273:8273] [IN] UDP::Init bind&listen port=0[0m
[0;34m[1784655476.258] [8273:8273] [IN] UDP::Init bound to port=41581[0m
[0;34m[1784655476.258] [8273:8273] [IN] UDP::Init bind&listen port=0[0m
[0;34m[1784655476.258] [8273:8273] [IN] UDP::Init bound to port=50315[0m
[0;34m[1784655476.258] [8273:8273] [IN] BLEBase::Init - setting/overriding transport[0m
[0;34m[1784655476.258] [8273:8273] [IN] WiFiPAFBase::Init - setting/overriding transport[0m
[0;34m[1784655476.258] [8273:8273] [IN] TransportMgr initialized[0m
[0;34m[1784655476.258] [8273:8273] [FP] Initializing FabricTable from persistent storage[0m
[0;32m[1784655476.258] [8273:8273] [TS] Last Known Good Time: 2023-10-14T01:16:48[0m
[0;32m[1784655476.258] [8273:8273] [FP] Fabric index 0x1 was retrieved from storage. Compressed FabricId 0x7B499A75B32AF49A, FabricId 0x0000000000000001, NodeId 0x000000000001B669, VendorId 0xFFF1[0m
[0;32m[1784655476.259] [8273:8273] [DMG] Ember attribute persistence requires setting up[0m
[0;32m[1784655476.259] [8273:8273] [ZCL] Using ZAP configuration...[0m
[0;34m[1784655476.259] [8273:8273] [CTL] System State Initialized...[0m
[0;32m[1784655476.259] [8273:8273] [CTL] Setting attestation nonce to random value[0m
[0;32m[1784655476.259] [8273:8273] [CTL] Setting CSR nonce to random value[0m
[0;34m[1784655476.259] [8273:8275] [DL] CHIP task running[0m
[0;32m[1784655476.259] [8273:8275] [CTL] Setting attestation nonce to random value[0m
[0;32m[1784655476.259] [8273:8275] [CTL] Setting CSR nonce to random value[0m
[0;32m[1784655476.259] [8273:8275] [CTL] Generating NOC[0m
[0;32m[1784655476.259] [8273:8275] [FP] Validating NOC chain[0m
[0;32m[1784655476.260] [8273:8275] [FP] NOC chain validation successful[0m
[0;32m[1784655476.260] [8273:8275] [FP] Updated fabric at index: 0x1, Node ID: 0x000000000001B669[0m
[0;32m[1784655476.260] [8273:8275] [TS] Last Known Good Time: 2023-10-14T01:16:48[0m
[0;32m[1784655476.260] [8273:8275] [TS] New proposed Last Known Good Time: 2021-01-01T00:00:00[0m
[0;32m[1784655476.260] [8273:8275] [TS] Retaining current Last Known Good Time[0m
[0;32m[1784655476.262] [8273:8275] [FP] Metadata for Fabric 0x1 persisted to storage.[0m
[0;32m[1784655476.262] [8273:8275] [TS] Committing Last Known Good Time to storage: 2023-10-14T01:16:48[0m
[0;32m[1784655476.263] [8273:8275] [CTL] Joined the fabric at index 1. Fabric ID is 0x0000000000000001 (Compressed Fabric ID: 7B499A75B32AF49A)[0m
[0;32m[1784655476.267] [8273:8275] [TOO] Sending command to node 0x1[0m
[0;34m[1784655476.267] [8273:8275] [CSM] FindOrEstablishSession: PeerId = [1:0000000000000001][0m
[0;34m[1784655476.267] [8273:8275] [CSM] FindOrEstablishSession: No existing OperationalSessionSetup instance found[0m
[0;34m[1784655476.267] [8273:8275] [DIS] OperationalSessionSetup[1:0000000000000001]: State change 1 --> 2[0m
[0;32m[1784655476.268] [8273:8275] [DIS] Lookup started for 7B499A75B32AF49A-0000000000000001[0m
[0;32m[1784655476.268] [8273:8275] [DIS] UDP:[fe80::bfe:a203:38f0:bce7%enp0s3]:5540: new best score: 7 (for 7B499A75B32AF49A-0000000000000001)[0m
[0;34m[1784655476.268] [8273:8275] [DIS] Lookup clearing interface for non LL address[0m
[0;32m[1784655476.268] [8273:8275] [DIS] UDP:10.0.2.15%enp0s3:5540: new best score: 2 (for 7B499A75B32AF49A-0000000000000001)[0m
[0;32m[1784655476.268] [8273:8275] [DIS] Checking node lookup status for 7B499A75B32AF49A-0000000000000001 after 1 ms[0m
[0;32m[1784655476.268] [8273:8275] [DIS] Keeping DNSSD lookup active[0m
[0;32m[1784655476.268] [8273:8275] [DIS] UDP:[fe80::bfe:a203:38f0:bce7%enp0s3]:5540: score has not improved: 7 (for 7B499A75B32AF49A-0000000000000001)[0m
[0;34m[1784655476.268] [8273:8275] [DIS] Lookup clearing interface for non LL address[0m
[0;32m[1784655476.268] [8273:8275] [DIS] UDP:10.0.2.15%enp0s3:5540: score has not improved: 2 (for 7B499A75B32AF49A-0000000000000001)[0m
[0;32m[1784655476.268] [8273:8275] [DIS] Checking node lookup status for 7B499A75B32AF49A-0000000000000001 after 1 ms[0m
[0;32m[1784655476.268] [8273:8275] [DIS] Keeping DNSSD lookup active[0m
[0;32m[1784655476.467] [8273:8275] [DIS] Checking node lookup status for 7B499A75B32AF49A-0000000000000001 after 201 ms[0m
[0;34m[1784655476.468] [8273:8275] [DIS] OperationalSessionSetup[1:0000000000000001]: Updating device address to UDP:[fe80::bfe:a203:38f0:bce7%enp0s3]:5540 while in state 2[0m
[0;34m[1784655476.468] [8273:8275] [DIS] OperationalSessionSetup[1:0000000000000001]: State change 2 --> 3[0m
[0;34m[1784655476.468] [8273:8275] [IN] SecureSession[0x77ddb0009cd0]: Allocated Type:2 LSID:49[0m
[0;32m[1784655476.468] [8273:8275] [SC] Initiating session on local FabricIndex 1 from 0x000000000001B669 -> 0x0000000000000001[0m
[0;32m[1784655476.468] [8273:8275] [EM] <<< [E:49603i S:0 M:263648438] (U) Msg TX from A577F2676B5F71CB to 0:0000000000000000 [0000] [UDP:[fe80::bfe:a203:38f0:bce7%enp0s3]:5540] --- Type 0000:30 (SecureChannel:CASE_Sigma1) (B:195)[0m
[0;32m[1784655476.469] [8273:8275] [EM] ??1 [E:49603i S:0 M:263648438] (U) Msg Retransmission to 0:0000000000000000 scheduled for 556ms from now [State:Idle II:500 AI:300 AT:4000][0m
[0;32m[1784655476.469] [8273:8275] [SC] Sent Sigma1 msg to <0000000000000001, 1> [II:500ms AI:300ms AT:4000ms][0m
[0;34m[1784655476.469] [8273:8275] [DIS] OperationalSessionSetup[1:0000000000000001]: State change 3 --> 4[0m
[0;32m[1784655476.472] [8273:8275] [EM] >>> [E:49603i S:0 M:249130365 (Ack:263648438)] (U) Msg RX from 0:0000000000000000 [0000] to A577F2676B5F71CB --- Type 0000:31 (SecureChannel:CASE_Sigma2) (B:751)[0m
[0;34m[1784655476.472] [8273:8275] [EM] Found matching exchange: 49603i, Delegate: 0x77ddb000b8e8[0m
[0;34m[1784655476.472] [8273:8275] [EM] Rxd Ack; Removing MessageCounter:263648438 from Retrans Table on exchange 49603i[0m
[0;32m[1784655476.472] [8273:8275] [SC] Received Sigma2 msg[0m
[0;34m[1784655476.472] [8273:8275] [SC] Found MRP parameters in the message[0m
[0;34m[1784655476.473] [8273:8275] [SC] Peer <0000000000000001, 1> assigned session ID 59518[0m
[0;34m[1784655476.473] [8273:8275] [SC] Sending Sigma3[0m
[0;32m[1784655476.473] [8273:8275] [EM] <<< [E:49603i S:0 M:263648439 (Ack:249130365)] (U) Msg TX from A577F2676B5F71CB to 0:0000000000000000 [0000] [UDP:[fe80::bfe:a203:38f0:bce7%enp0s3]:5540] --- Type 0000:32 (SecureChannel:CASE_Sigma3) (B:598)[0m
[0;32m[1784655476.473] [8273:8275] [EM] ??1 [E:49603i S:0 M:263648439] (U) Msg Retransmission to 0:0000000000000000 scheduled for 352ms from now [State:Active II:500 AI:300 AT:4000][0m
[0;32m[1784655476.473] [8273:8275] [SC] Sent Sigma3 msg[0m
[0;32m[1784655476.481] [8273:8275] [EM] >>> [E:49603i S:0 M:249130366 (Ack:263648439)] (U) Msg RX from 0:0000000000000000 [0000] to A577F2676B5F71CB --- Type 0000:40 (SecureChannel:StatusReport) (B:34)[0m
[0;34m[1784655476.481] [8273:8275] [EM] Found matching exchange: 49603i, Delegate: 0x77ddb000b8e8[0m
[0;34m[1784655476.481] [8273:8275] [EM] Rxd Ack; Removing MessageCounter:263648439 from Retrans Table on exchange 49603i[0m
[0;32m[1784655476.481] [8273:8275] [SC] Success status report received. Session was established[0m
[0;32m[1784655476.483] [8273:8275] [SC] SecureSession[0x77ddb0009cd0, LSID:49]: State change 'kEstablishing' --> 'kActive'[0m
[0;34m[1784655476.483] [8273:8275] [IN] SecureSession[0x77ddb0009cd0]: Activated - Type:2 LSID:49[0m
[0;34m[1784655476.483] [8273:8275] [IN] New secure session activated for device <0000000000000001, 1>, LSID:49 PSID:59518![0m
[0;34m[1784655476.483] [8273:8275] [DIS] OperationalSessionSetup[1:0000000000000001]: State change 4 --> 5[0m
[0;32m[1784655476.483] [8273:8275] [TOO] Sending cluster (0x0000003E) command (0x00000007) on endpoint 0[0m
[0;34m[1784655476.483] [8273:8275] [DMG] ICR moving to [AddingComm][0m
[0;34m[1784655476.483] [8273:8275] [DMG] ICR moving to [AddedComma][0m
[0;32m[1784655476.483] [8273:8275] [EM] <<< [E:49604i S:49 M:236767698] (S) Msg TX from 000000000001B669 to 1:0000000000000001 [F49A] [UDP:[fe80::bfe:a203:38f0:bce7%enp0s3]:5540] --- Type 0001:08 (IM:InvokeCommandRequest) (B:330)[0m
[0;32m[1784655476.483] [8273:8275] [EM] ??1 [E:49604i S:49 M:236767698] (S) Msg Retransmission to 1:0000000000000001 scheduled for 332ms from now [State:Active II:500 AI:300 AT:4000][0m
[0;34m[1784655476.483] [8273:8275] [DMG] ICR moving to [AwaitingRe][0m
[0;32m[1784655476.483] [8273:8275] [EM] <<< [E:49603i S:0 M:263648440 (Ack:249130366)] (U) Msg TX from A577F2676B5F71CB to 0:0000000000000000 [0000] [UDP:[fe80::bfe:a203:38f0:bce7%enp0s3]:5540] --- Type 0000:10 (SecureChannel:StandaloneAck) (B:26)[0m
[0;34m[1784655476.483] [8273:8275] [EM] Flushed pending ack for MessageCounter:249130366 on exchange 49603i[0m
[0;32m[1784655476.493] [8273:8275] [EM] >>> [E:49604i S:49 M:21004808 (Ack:236767698)] (S) Msg RX from 1:0000000000000001 [F49A] to 000000000001B669 --- Type 0001:09 (IM:InvokeCommandResponse) (B:70)[0m
[0;34m[1784655476.493] [8273:8275] [EM] Found matching exchange: 49604i, Delegate: 0x77ddb000eef8[0m
[0;34m[1784655476.493] [8273:8275] [EM] Rxd Ack; Removing MessageCounter:236767698 from Retrans Table on exchange 49604i[0m
[0;34m[1784655476.493] [8273:8275] [DMG] ICR moving to [ResponseRe][0m
[0;34m[1784655476.493] [8273:8275] [DMG] InvokeResponseMessage =[0m
[0;34m[1784655476.493] [8273:8275] [DMG] {[0m
[0;34m[1784655476.493] [8273:8275] [DMG] 	suppressResponse = false, [0m
[0;34m[1784655476.493] [8273:8275] [DMG] 	InvokeResponseIBs =[0m
[0;34m[1784655476.493] [8273:8275] [DMG] 	[[0m
[0;34m[1784655476.493] [8273:8275] [DMG] 		InvokeResponseIB =[0m
[0;34m[1784655476.493] [8273:8275] [DMG] 		{[0m
[0;34m[1784655476.493] [8273:8275] [DMG] 			CommandDataIB =[0m
[0;34m[1784655476.493] [8273:8275] [DMG] 			{[0m
[0;34m[1784655476.493] [8273:8275] [DMG] 				CommandPathIB =[0m
[0;34m[1784655476.493] [8273:8275] [DMG] 				{[0m
[0;34m[1784655476.493] [8273:8275] [DMG] 					EndpointId = 0x0,[0m
[0;34m[1784655476.493] [8273:8275] [DMG] 					ClusterId = 0x3e,[0m
[0;34m[1784655476.493] [8273:8275] [DMG] 					CommandId = 0x8,[0m
[0;34m[1784655476.493] [8273:8275] [DMG] 				},[0m
[0;34m[1784655476.493] [8273:8275] [DMG] 				[0m
[0;34m[1784655476.493] [8273:8275] [DMG] 				CommandFields = [0m
[0;34m[1784655476.493] [8273:8275] [DMG] 				{[0m
[0;34m[1784655476.493] [8273:8275] [DMG] 					0x0 = 0 (unsigned), [0m
[0;34m[1784655476.493] [8273:8275] [DMG] 					0x1 = 1 (unsigned), [0m
[0;34m[1784655476.493] [8273:8275] [DMG] 				},[0m
[0;34m[1784655476.493] [8273:8275] [DMG] 			},[0m
[0;34m[1784655476.493] [8273:8275] [DMG] 			[0m
[0;34m[1784655476.493] [8273:8275] [DMG] 		},[0m
[0;34m[1784655476.493] [8273:8275] [DMG] 		[0m
[0;34m[1784655476.493] [8273:8275] [DMG] 	],[0m
[0;34m[1784655476.493] [8273:8275] [DMG] 	[0m
[0;34m[1784655476.493] [8273:8275] [DMG] 	InteractionModelRevision = 12[0m
[0;34m[1784655476.493] [8273:8275] [DMG] },[0m
[0;32m[1784655476.493] [8273:8275] [DMG] Received Command Response Data, Endpoint=0 Cluster=0x0000_003E Command=0x0000_0008[0m
[0;32m[1784655476.493] [8273:8275] [TOO] Endpoint: 0 Cluster: 0x0000_003E Command 0x0000_0008[0m
[0;32m[1784655476.493] [8273:8275] [TOO]   NOCResponse: {[0m
[0;32m[1784655476.493] [8273:8275] [TOO]     statusCode: 0[0m
[0;32m[1784655476.493] [8273:8275] [TOO]     fabricIndex: 1[0m
[0;32m[1784655476.493] [8273:8275] [TOO]    }[0m
[0;34m[1784655476.493] [8273:8275] [DMG] ICR moving to [AwaitingDe][0m
[0;32m[1784655476.493] [8273:8275] [EM] <<< [E:49604i S:49 M:236767699 (Ack:21004808)] (S) Msg TX from 000000000001B669 to 1:0000000000000001 [F49A] [UDP:[fe80::bfe:a203:38f0:bce7%enp0s3]:5540] --- Type 0000:10 (SecureChannel:StandaloneAck) (B:34)[0m
[0;34m[1784655476.493] [8273:8275] [EM] Flushed pending ack for MessageCounter:21004808 on exchange 49604i[0m
[0;34m[1784655476.494] [8273:8273] [CTL] Shutting down the commissioner[0m
[0;32m[1784655476.494] [8273:8273] [PAF] WiFiPAF: Closing all WiFiPAF sessions to shutdown[0m
[0;34m[1784655476.494] [8273:8273] [CTL] Shutting down the controller[0m
[0;34m[1784655476.494] [8273:8273] [IN] Expiring all sessions for fabric 0x1!![0m
[0;34m[1784655476.494] [8273:8273] [IN] SecureSession[0x77ddb0009cd0]: MarkForEviction Type:2 LSID:49[0m
[0;32m[1784655476.494] [8273:8273] [SC] SecureSession[0x77ddb0009cd0, LSID:49]: State change 'kActive' --> 'kPendingEviction'[0m
[0;34m[1784655476.494] [8273:8273] [IN] SecureSession[0x77ddb0009cd0]: Released - Type:2 LSID:49[0m
[0;32m[1784655476.494] [8273:8273] [FP] Forgetting fabric 0x1[0m
[0;32m[1784655476.494] [8273:8273] [TS] Pending Last Known Good Time: 2023-10-14T01:16:48[0m
[0;32m[1784655476.494] [8273:8273] [TS] Previous Last Known Good Time: 2023-10-14T01:16:48[0m
[0;32m[1784655476.494] [8273:8273] [TS] Reverted Last Known Good Time to previous value[0m
[0;34m[1784655476.494] [8273:8273] [CTL] Shutting down the commissioner[0m
[0;32m[1784655476.494] [8273:8273] [PAF] WiFiPAF: Closing all WiFiPAF sessions to shutdown[0m
[0;34m[1784655476.494] [8273:8273] [CTL] Shutting down the controller[0m
[0;34m[1784655476.494] [8273:8273] [CTL] Shutting down the System State, this will teardown the CHIP Stack[0m
[0;34m[1784655476.494] [8273:8273] [DMG] All ReadHandler-s are clean, clear GlobalDirtySet[0m
[0;32m[1784655476.494] [8273:8273] [FP] Shutting down FabricTable[0m
[0;32m[1784655476.494] [8273:8273] [TS] Pending Last Known Good Time: 2023-10-14T01:16:48[0m
[0;32m[1784655476.494] [8273:8273] [TS] Previous Last Known Good Time: 2023-10-14T01:16:48[0m
[0;32m[1784655476.494] [8273:8273] [TS] Reverted Last Known Good Time to previous value[0m
[0;34m[1784655476.496] [8273:8273] [DL] Wrote settings to /tmp/chip_counters.ini[0m
[0;32m[1784655476.496] [8273:8273] [DL] NVS set: chip-counters/total-operational-hours = 0 (0x0)[0m
[0;32m[1784655476.496] [8273:8273] [DL] Inet Layer shutdown[0m
[0;32m[1784655476.496] [8273:8273] [DL] BLE Layer shutdown[0m
[0;32m[1784655476.496] [8273:8273] [DL] WiFi-PAF Layer shutdown[0m
[0;32m[1784655476.496] [8273:8273] [PAF] WiFiPAF: Closing all WiFiPAF sessions to shutdown[0m
[0;32m[1784655476.496] [8273:8273] [DL] System Layer shutdown[0m
