[0;34m[1784654780.290] [6010:6010] [DL] ChipLinuxStorage::Init: Using KVS config file: /tmp/chip_tool_kvs[0m
[1;31m[1784654780.290] [6010:6010] [DL] ChipLinuxStorage::Init: Attempt to re-initialize with KVS config file: /tmp/chip_kvs, IGNORING.[0m
[0;34m[1784654780.292] [6010:6010] [DL] ChipLinuxStorage::Init: Using KVS config file: /tmp/chip_factory.ini[0m
[0;34m[1784654780.292] [6010:6010] [DL] ChipLinuxStorage::Init: Using KVS config file: /tmp/chip_config.ini[0m
[0;34m[1784654780.292] [6010:6010] [DL] ChipLinuxStorage::Init: Using KVS config file: /tmp/chip_counters.ini[0m
[0;34m[1784654780.295] [6010:6010] [DL] Wrote settings to /tmp/chip_counters.ini[0m
[0;32m[1784654780.295] [6010:6010] [DL] NVS set: chip-counters/reboot-count = 6 (0x6)[0m
[0;32m[1784654780.295] [6010:6010] [DL] Got Ethernet interface: enp0s3[0m
[0;32m[1784654780.295] [6010:6010] [DL] Found the primary Ethernet interface:enp0s3[0m
[1;31m[1784654780.295] [6010:6010] [DL] Failed to get WiFi interface[0m
[1;31m[1784654780.295] [6010:6010] [DL] Failed to reset WiFi statistic counts[0m
[0;32m[1784654780.295] [6010:6010] [PAF] WiFiPAF: WiFiPAFLayer::Init()[0m
[0;34m[1784654780.295] [6010:6010] [IN] UDP::Init bind&listen port=0[0m
[0;34m[1784654780.295] [6010:6010] [IN] UDP::Init bound to port=53222[0m
[0;34m[1784654780.295] [6010:6010] [IN] UDP::Init bind&listen port=0[0m
[0;34m[1784654780.295] [6010:6010] [IN] UDP::Init bound to port=39389[0m
[0;34m[1784654780.295] [6010:6010] [IN] BLEBase::Init - setting/overriding transport[0m
[0;34m[1784654780.295] [6010:6010] [IN] WiFiPAFBase::Init - setting/overriding transport[0m
[0;34m[1784654780.295] [6010:6010] [IN] TransportMgr initialized[0m
[0;34m[1784654780.295] [6010:6010] [FP] Initializing FabricTable from persistent storage[0m
[0;32m[1784654780.295] [6010:6010] [TS] Last Known Good Time: 2023-10-14T01:16:48[0m
[0;32m[1784654780.295] [6010:6010] [FP] Fabric index 0x1 was retrieved from storage. Compressed FabricId 0x0804A11945A67456, FabricId 0x0000000000000001, NodeId 0x000000000001B669, VendorId 0xFFF1[0m
[0;32m[1784654780.296] [6010:6010] [DMG] Ember attribute persistence requires setting up[0m
[0;32m[1784654780.296] [6010:6010] [ZCL] Using ZAP configuration...[0m
[0;34m[1784654780.296] [6010:6010] [CTL] System State Initialized...[0m
[0;32m[1784654780.296] [6010:6010] [CTL] Setting attestation nonce to random value[0m
[0;32m[1784654780.296] [6010:6010] [CTL] Setting CSR nonce to random value[0m
[0;34m[1784654780.297] [6010:6012] [DL] CHIP task running[0m
[0;32m[1784654780.297] [6010:6012] [CTL] Setting attestation nonce to random value[0m
[0;32m[1784654780.297] [6010:6012] [CTL] Setting CSR nonce to random value[0m
[0;32m[1784654780.297] [6010:6012] [CTL] Generating NOC[0m
[0;32m[1784654780.297] [6010:6012] [FP] Validating NOC chain[0m
[0;32m[1784654780.297] [6010:6012] [FP] NOC chain validation successful[0m
[0;32m[1784654780.297] [6010:6012] [FP] Updated fabric at index: 0x1, Node ID: 0x000000000001B669[0m
[0;32m[1784654780.297] [6010:6012] [TS] Last Known Good Time: 2023-10-14T01:16:48[0m
[0;32m[1784654780.297] [6010:6012] [TS] New proposed Last Known Good Time: 2021-01-01T00:00:00[0m
[0;32m[1784654780.297] [6010:6012] [TS] Retaining current Last Known Good Time[0m
[0;32m[1784654780.299] [6010:6012] [FP] Metadata for Fabric 0x1 persisted to storage.[0m
[0;32m[1784654780.300] [6010:6012] [TS] Committing Last Known Good Time to storage: 2023-10-14T01:16:48[0m
[0;32m[1784654780.301] [6010:6012] [CTL] Joined the fabric at index 1. Fabric ID is 0x0000000000000001 (Compressed Fabric ID: 0804A11945A67456)[0m
[0;32m[1784654780.306] [6010:6012] [TOO] Sending command to node 0x1[0m
[0;34m[1784654780.306] [6010:6012] [CSM] FindOrEstablishSession: PeerId = [1:0000000000000001][0m
[0;34m[1784654780.306] [6010:6012] [CSM] FindOrEstablishSession: No existing OperationalSessionSetup instance found[0m
[0;34m[1784654780.306] [6010:6012] [DIS] OperationalSessionSetup[1:0000000000000001]: State change 1 --> 2[0m
[0;32m[1784654780.306] [6010:6012] [DIS] Lookup started for 0804A11945A67456-0000000000000001[0m
[0;32m[1784654780.307] [6010:6012] [DIS] UDP:[fe80::bfe:a203:38f0:bce7%enp0s3]:5540: new best score: 7 (for 0804A11945A67456-0000000000000001)[0m
[0;34m[1784654780.307] [6010:6012] [DIS] Lookup clearing interface for non LL address[0m
[0;32m[1784654780.307] [6010:6012] [DIS] UDP:10.0.2.15%enp0s3:5540: new best score: 2 (for 0804A11945A67456-0000000000000001)[0m
[0;32m[1784654780.307] [6010:6012] [DIS] Checking node lookup status for 0804A11945A67456-0000000000000001 after 1 ms[0m
[0;32m[1784654780.307] [6010:6012] [DIS] Keeping DNSSD lookup active[0m
[0;32m[1784654780.307] [6010:6012] [DIS] UDP:[fe80::bfe:a203:38f0:bce7%enp0s3]:5540: score has not improved: 7 (for 0804A11945A67456-0000000000000001)[0m
[0;34m[1784654780.307] [6010:6012] [DIS] Lookup clearing interface for non LL address[0m
[0;32m[1784654780.307] [6010:6012] [DIS] UDP:10.0.2.15%enp0s3:5540: score has not improved: 2 (for 0804A11945A67456-0000000000000001)[0m
[0;32m[1784654780.307] [6010:6012] [DIS] Checking node lookup status for 0804A11945A67456-0000000000000001 after 1 ms[0m
[0;32m[1784654780.307] [6010:6012] [DIS] Keeping DNSSD lookup active[0m
[0;32m[1784654780.515] [6010:6012] [DIS] Checking node lookup status for 0804A11945A67456-0000000000000001 after 209 ms[0m
[0;34m[1784654780.515] [6010:6012] [DIS] OperationalSessionSetup[1:0000000000000001]: Updating device address to UDP:[fe80::bfe:a203:38f0:bce7%enp0s3]:5540 while in state 2[0m
[0;34m[1784654780.515] [6010:6012] [DIS] OperationalSessionSetup[1:0000000000000001]: State change 2 --> 3[0m
[0;34m[1784654780.515] [6010:6012] [IN] SecureSession[0x71c228009cd0]: Allocated Type:2 LSID:38614[0m
[0;32m[1784654780.515] [6010:6012] [SC] Initiating session on local FabricIndex 1 from 0x000000000001B669 -> 0x0000000000000001[0m
[0;32m[1784654780.516] [6010:6012] [EM] <<< [E:32407i S:0 M:223907122] (U) Msg TX from FD1C1AFC20B853F7 to 0:0000000000000000 [0000] [UDP:[fe80::bfe:a203:38f0:bce7%enp0s3]:5540] --- Type 0000:30 (SecureChannel:CASE_Sigma1) (B:196)[0m
[0;32m[1784654780.516] [6010:6012] [EM] ??1 [E:32407i S:0 M:223907122] (U) Msg Retransmission to 0:0000000000000000 scheduled for 584ms from now [State:Idle II:500 AI:300 AT:4000][0m
[0;32m[1784654780.516] [6010:6012] [SC] Sent Sigma1 msg to <0000000000000001, 1> [II:500ms AI:300ms AT:4000ms][0m
[0;34m[1784654780.516] [6010:6012] [DIS] OperationalSessionSetup[1:0000000000000001]: State change 3 --> 4[0m
[0;32m[1784654780.519] [6010:6012] [EM] >>> [E:32407i S:0 M:194841094 (Ack:223907122)] (U) Msg RX from 0:0000000000000000 [0000] to FD1C1AFC20B853F7 --- Type 0000:31 (SecureChannel:CASE_Sigma2) (B:751)[0m
[0;34m[1784654780.519] [6010:6012] [EM] Found matching exchange: 32407i, Delegate: 0x71c22800b8e8[0m
[0;34m[1784654780.519] [6010:6012] [EM] Rxd Ack; Removing MessageCounter:223907122 from Retrans Table on exchange 32407i[0m
[0;32m[1784654780.519] [6010:6012] [SC] Received Sigma2 msg[0m
[0;34m[1784654780.519] [6010:6012] [SC] Found MRP parameters in the message[0m
[0;34m[1784654780.520] [6010:6012] [SC] Peer <0000000000000001, 1> assigned session ID 26263[0m
[0;34m[1784654780.520] [6010:6012] [SC] Sending Sigma3[0m
[0;32m[1784654780.520] [6010:6012] [EM] <<< [E:32407i S:0 M:223907123 (Ack:194841094)] (U) Msg TX from FD1C1AFC20B853F7 to 0:0000000000000000 [0000] [UDP:[fe80::bfe:a203:38f0:bce7%enp0s3]:5540] --- Type 0000:32 (SecureChannel:CASE_Sigma3) (B:598)[0m
[0;32m[1784654780.520] [6010:6012] [EM] ??1 [E:32407i S:0 M:223907123] (U) Msg Retransmission to 0:0000000000000000 scheduled for 400ms from now [State:Active II:500 AI:300 AT:4000][0m
[0;32m[1784654780.520] [6010:6012] [SC] Sent Sigma3 msg[0m
[0;32m[1784654780.529] [6010:6012] [EM] >>> [E:32407i S:0 M:194841095 (Ack:223907123)] (U) Msg RX from 0:0000000000000000 [0000] to FD1C1AFC20B853F7 --- Type 0000:40 (SecureChannel:StatusReport) (B:34)[0m
[0;34m[1784654780.529] [6010:6012] [EM] Found matching exchange: 32407i, Delegate: 0x71c22800b8e8[0m
[0;34m[1784654780.529] [6010:6012] [EM] Rxd Ack; Removing MessageCounter:223907123 from Retrans Table on exchange 32407i[0m
[0;32m[1784654780.529] [6010:6012] [SC] Success status report received. Session was established[0m
[0;32m[1784654780.530] [6010:6012] [SC] SecureSession[0x71c228009cd0, LSID:38614]: State change 'kEstablishing' --> 'kActive'[0m
[0;34m[1784654780.530] [6010:6012] [IN] SecureSession[0x71c228009cd0]: Activated - Type:2 LSID:38614[0m
[0;34m[1784654780.530] [6010:6012] [IN] New secure session activated for device <0000000000000001, 1>, LSID:38614 PSID:26263![0m
[0;34m[1784654780.530] [6010:6012] [DIS] OperationalSessionSetup[1:0000000000000001]: State change 4 --> 5[0m
[0;32m[1784654780.530] [6010:6012] [TOO] Sending cluster (0x0000003E) command (0x00000007) on endpoint 0[0m
[0;34m[1784654780.530] [6010:6012] [DMG] ICR moving to [AddingComm][0m
[0;34m[1784654780.530] [6010:6012] [DMG] ICR moving to [AddedComma][0m
[0;32m[1784654780.530] [6010:6012] [EM] <<< [E:32408i S:38614 M:146333578] (S) Msg TX from 000000000001B669 to 1:0000000000000001 [7456] [UDP:[fe80::bfe:a203:38f0:bce7%enp0s3]:5540] --- Type 0001:08 (IM:InvokeCommandRequest) (B:330)[0m
[0;32m[1784654780.530] [6010:6012] [EM] ??1 [E:32408i S:38614 M:146333578] (S) Msg Retransmission to 1:0000000000000001 scheduled for 343ms from now [State:Active II:500 AI:300 AT:4000][0m
[0;34m[1784654780.530] [6010:6012] [DMG] ICR moving to [AwaitingRe][0m
[0;32m[1784654780.530] [6010:6012] [EM] <<< [E:32407i S:0 M:223907124 (Ack:194841095)] (U) Msg TX from FD1C1AFC20B853F7 to 0:0000000000000000 [0000] [UDP:[fe80::bfe:a203:38f0:bce7%enp0s3]:5540] --- Type 0000:10 (SecureChannel:StandaloneAck) (B:26)[0m
[0;34m[1784654780.530] [6010:6012] [EM] Flushed pending ack for MessageCounter:194841095 on exchange 32407i[0m
[0;32m[1784654780.541] [6010:6012] [EM] >>> [E:32408i S:38614 M:158031805 (Ack:146333578)] (S) Msg RX from 1:0000000000000001 [7456] to 000000000001B669 --- Type 0001:09 (IM:InvokeCommandResponse) (B:70)[0m
[0;34m[1784654780.541] [6010:6012] [EM] Found matching exchange: 32408i, Delegate: 0x71c22800eef8[0m
[0;34m[1784654780.541] [6010:6012] [EM] Rxd Ack; Removing MessageCounter:146333578 from Retrans Table on exchange 32408i[0m
[0;34m[1784654780.541] [6010:6012] [DMG] ICR moving to [ResponseRe][0m
[0;34m[1784654780.541] [6010:6012] [DMG] InvokeResponseMessage =[0m
[0;34m[1784654780.541] [6010:6012] [DMG] {[0m
[0;34m[1784654780.541] [6010:6012] [DMG] 	suppressResponse = false, [0m
[0;34m[1784654780.541] [6010:6012] [DMG] 	InvokeResponseIBs =[0m
[0;34m[1784654780.541] [6010:6012] [DMG] 	[[0m
[0;34m[1784654780.541] [6010:6012] [DMG] 		InvokeResponseIB =[0m
[0;34m[1784654780.541] [6010:6012] [DMG] 		{[0m
[0;34m[1784654780.541] [6010:6012] [DMG] 			CommandDataIB =[0m
[0;34m[1784654780.541] [6010:6012] [DMG] 			{[0m
[0;34m[1784654780.541] [6010:6012] [DMG] 				CommandPathIB =[0m
[0;34m[1784654780.541] [6010:6012] [DMG] 				{[0m
[0;34m[1784654780.541] [6010:6012] [DMG] 					EndpointId = 0x0,[0m
[0;34m[1784654780.541] [6010:6012] [DMG] 					ClusterId = 0x3e,[0m
[0;34m[1784654780.541] [6010:6012] [DMG] 					CommandId = 0x8,[0m
[0;34m[1784654780.541] [6010:6012] [DMG] 				},[0m
[0;34m[1784654780.541] [6010:6012] [DMG] 				[0m
[0;34m[1784654780.541] [6010:6012] [DMG] 				CommandFields = [0m
[0;34m[1784654780.541] [6010:6012] [DMG] 				{[0m
[0;34m[1784654780.541] [6010:6012] [DMG] 					0x0 = 0 (unsigned), [0m
[0;34m[1784654780.541] [6010:6012] [DMG] 					0x1 = 1 (unsigned), [0m
[0;34m[1784654780.541] [6010:6012] [DMG] 				},[0m
[0;34m[1784654780.541] [6010:6012] [DMG] 			},[0m
[0;34m[1784654780.541] [6010:6012] [DMG] 			[0m
[0;34m[1784654780.541] [6010:6012] [DMG] 		},[0m
[0;34m[1784654780.541] [6010:6012] [DMG] 		[0m
[0;34m[1784654780.541] [6010:6012] [DMG] 	],[0m
[0;34m[1784654780.541] [6010:6012] [DMG] 	[0m
[0;34m[1784654780.541] [6010:6012] [DMG] 	InteractionModelRevision = 12[0m
[0;34m[1784654780.541] [6010:6012] [DMG] },[0m
[0;32m[1784654780.541] [6010:6012] [DMG] Received Command Response Data, Endpoint=0 Cluster=0x0000_003E Command=0x0000_0008[0m
[0;32m[1784654780.541] [6010:6012] [TOO] Endpoint: 0 Cluster: 0x0000_003E Command 0x0000_0008[0m
[0;32m[1784654780.541] [6010:6012] [TOO]   NOCResponse: {[0m
[0;32m[1784654780.541] [6010:6012] [TOO]     statusCode: 0[0m
[0;32m[1784654780.541] [6010:6012] [TOO]     fabricIndex: 1[0m
[0;32m[1784654780.541] [6010:6012] [TOO]    }[0m
[0;34m[1784654780.541] [6010:6012] [DMG] ICR moving to [AwaitingDe][0m
[0;32m[1784654780.541] [6010:6012] [EM] <<< [E:32408i S:38614 M:146333579 (Ack:158031805)] (S) Msg TX from 000000000001B669 to 1:0000000000000001 [7456] [UDP:[fe80::bfe:a203:38f0:bce7%enp0s3]:5540] --- Type 0000:10 (SecureChannel:StandaloneAck) (B:34)[0m
[0;34m[1784654780.541] [6010:6012] [EM] Flushed pending ack for MessageCounter:158031805 on exchange 32408i[0m
[0;34m[1784654780.541] [6010:6010] [CTL] Shutting down the commissioner[0m
[0;32m[1784654780.541] [6010:6010] [PAF] WiFiPAF: Closing all WiFiPAF sessions to shutdown[0m
[0;34m[1784654780.541] [6010:6010] [CTL] Shutting down the controller[0m
[0;34m[1784654780.541] [6010:6010] [IN] Expiring all sessions for fabric 0x1!![0m
[0;34m[1784654780.541] [6010:6010] [IN] SecureSession[0x71c228009cd0]: MarkForEviction Type:2 LSID:38614[0m
[0;32m[1784654780.541] [6010:6010] [SC] SecureSession[0x71c228009cd0, LSID:38614]: State change 'kActive' --> 'kPendingEviction'[0m
[0;34m[1784654780.541] [6010:6010] [IN] SecureSession[0x71c228009cd0]: Released - Type:2 LSID:38614[0m
[0;32m[1784654780.541] [6010:6010] [FP] Forgetting fabric 0x1[0m
[0;32m[1784654780.541] [6010:6010] [TS] Pending Last Known Good Time: 2023-10-14T01:16:48[0m
[0;32m[1784654780.541] [6010:6010] [TS] Previous Last Known Good Time: 2023-10-14T01:16:48[0m
[0;32m[1784654780.541] [6010:6010] [TS] Reverted Last Known Good Time to previous value[0m
[0;34m[1784654780.541] [6010:6010] [CTL] Shutting down the commissioner[0m
[0;32m[1784654780.541] [6010:6010] [PAF] WiFiPAF: Closing all WiFiPAF sessions to shutdown[0m
[0;34m[1784654780.541] [6010:6010] [CTL] Shutting down the controller[0m
[0;34m[1784654780.541] [6010:6010] [CTL] Shutting down the System State, this will teardown the CHIP Stack[0m
[0;34m[1784654780.541] [6010:6010] [DMG] All ReadHandler-s are clean, clear GlobalDirtySet[0m
[0;32m[1784654780.541] [6010:6010] [FP] Shutting down FabricTable[0m
[0;32m[1784654780.541] [6010:6010] [TS] Pending Last Known Good Time: 2023-10-14T01:16:48[0m
[0;32m[1784654780.541] [6010:6010] [TS] Previous Last Known Good Time: 2023-10-14T01:16:48[0m
[0;32m[1784654780.541] [6010:6010] [TS] Reverted Last Known Good Time to previous value[0m
[0;34m[1784654780.543] [6010:6010] [DL] Wrote settings to /tmp/chip_counters.ini[0m
[0;32m[1784654780.543] [6010:6010] [DL] NVS set: chip-counters/total-operational-hours = 0 (0x0)[0m
[0;32m[1784654780.543] [6010:6010] [DL] Inet Layer shutdown[0m
[0;32m[1784654780.543] [6010:6010] [DL] BLE Layer shutdown[0m
[0;32m[1784654780.543] [6010:6010] [DL] WiFi-PAF Layer shutdown[0m
[0;32m[1784654780.543] [6010:6010] [PAF] WiFiPAF: Closing all WiFiPAF sessions to shutdown[0m
[0;32m[1784654780.543] [6010:6010] [DL] System Layer shutdown[0m
