[0;34m[1784654053.396] [3301:3301] [DL] ChipLinuxStorage::Init: Using KVS config file: /tmp/chip_tool_kvs[0m
[1;31m[1784654053.397] [3301:3301] [DL] ChipLinuxStorage::Init: Attempt to re-initialize with KVS config file: /tmp/chip_kvs, IGNORING.[0m
[0;34m[1784654053.399] [3301:3301] [DL] ChipLinuxStorage::Init: Using KVS config file: /tmp/chip_factory.ini[0m
[0;34m[1784654053.399] [3301:3301] [DL] ChipLinuxStorage::Init: Using KVS config file: /tmp/chip_config.ini[0m
[0;34m[1784654053.399] [3301:3301] [DL] ChipLinuxStorage::Init: Using KVS config file: /tmp/chip_counters.ini[0m
[0;34m[1784654053.402] [3301:3301] [DL] Wrote settings to /tmp/chip_counters.ini[0m
[0;32m[1784654053.402] [3301:3301] [DL] NVS set: chip-counters/reboot-count = 3 (0x3)[0m
[0;32m[1784654053.402] [3301:3301] [DL] Got Ethernet interface: enp0s3[0m
[0;32m[1784654053.402] [3301:3301] [DL] Found the primary Ethernet interface:enp0s3[0m
[1;31m[1784654053.402] [3301:3301] [DL] Failed to get WiFi interface[0m
[1;31m[1784654053.402] [3301:3301] [DL] Failed to reset WiFi statistic counts[0m
[0;32m[1784654053.402] [3301:3301] [PAF] WiFiPAF: WiFiPAFLayer::Init()[0m
[0;34m[1784654053.402] [3301:3301] [IN] UDP::Init bind&listen port=0[0m
[0;34m[1784654053.402] [3301:3301] [IN] UDP::Init bound to port=54458[0m
[0;34m[1784654053.402] [3301:3301] [IN] UDP::Init bind&listen port=0[0m
[0;34m[1784654053.402] [3301:3301] [IN] UDP::Init bound to port=59169[0m
[0;34m[1784654053.402] [3301:3301] [IN] BLEBase::Init - setting/overriding transport[0m
[0;34m[1784654053.402] [3301:3301] [IN] WiFiPAFBase::Init - setting/overriding transport[0m
[0;34m[1784654053.402] [3301:3301] [IN] TransportMgr initialized[0m
[0;34m[1784654053.402] [3301:3301] [FP] Initializing FabricTable from persistent storage[0m
[0;32m[1784654053.403] [3301:3301] [TS] Last Known Good Time: 2023-10-14T01:16:48[0m
[0;32m[1784654053.403] [3301:3301] [FP] Fabric index 0x1 was retrieved from storage. Compressed FabricId 0xE549F8E3ADF84A52, FabricId 0x0000000000000001, NodeId 0x000000000001B669, VendorId 0xFFF1[0m
[0;32m[1784654053.405] [3301:3301] [DMG] Ember attribute persistence requires setting up[0m
[0;32m[1784654053.405] [3301:3301] [ZCL] Using ZAP configuration...[0m
[0;34m[1784654053.405] [3301:3301] [CTL] System State Initialized...[0m
[0;32m[1784654053.405] [3301:3301] [CTL] Setting attestation nonce to random value[0m
[0;32m[1784654053.405] [3301:3301] [CTL] Setting CSR nonce to random value[0m
[0;34m[1784654053.405] [3301:3303] [DL] CHIP task running[0m
[0;32m[1784654053.405] [3301:3303] [CTL] Setting attestation nonce to random value[0m
[0;32m[1784654053.405] [3301:3303] [CTL] Setting CSR nonce to random value[0m
[0;32m[1784654053.406] [3301:3303] [CTL] Generating NOC[0m
[0;32m[1784654053.406] [3301:3303] [FP] Validating NOC chain[0m
[0;32m[1784654053.406] [3301:3303] [FP] NOC chain validation successful[0m
[0;32m[1784654053.406] [3301:3303] [FP] Updated fabric at index: 0x1, Node ID: 0x000000000001B669[0m
[0;32m[1784654053.406] [3301:3303] [TS] Last Known Good Time: 2023-10-14T01:16:48[0m
[0;32m[1784654053.406] [3301:3303] [TS] New proposed Last Known Good Time: 2021-01-01T00:00:00[0m
[0;32m[1784654053.406] [3301:3303] [TS] Retaining current Last Known Good Time[0m
[0;32m[1784654053.408] [3301:3303] [FP] Metadata for Fabric 0x1 persisted to storage.[0m
[0;32m[1784654053.409] [3301:3303] [TS] Committing Last Known Good Time to storage: 2023-10-14T01:16:48[0m
[0;32m[1784654053.409] [3301:3303] [CTL] Joined the fabric at index 1. Fabric ID is 0x0000000000000001 (Compressed Fabric ID: E549F8E3ADF84A52)[0m
[0;32m[1784654053.416] [3301:3303] [TOO] Sending command to node 0x1[0m
[0;34m[1784654053.416] [3301:3303] [CSM] FindOrEstablishSession: PeerId = [1:0000000000000001][0m
[0;34m[1784654053.416] [3301:3303] [CSM] FindOrEstablishSession: No existing OperationalSessionSetup instance found[0m
[0;34m[1784654053.416] [3301:3303] [DIS] OperationalSessionSetup[1:0000000000000001]: State change 1 --> 2[0m
[0;32m[1784654053.417] [3301:3303] [DIS] Lookup started for E549F8E3ADF84A52-0000000000000001[0m
[0;32m[1784654053.417] [3301:3303] [DIS] UDP:[fe80::bfe:a203:38f0:bce7%enp0s3]:5540: new best score: 7 (for E549F8E3ADF84A52-0000000000000001)[0m
[0;34m[1784654053.417] [3301:3303] [DIS] Lookup clearing interface for non LL address[0m
[0;32m[1784654053.417] [3301:3303] [DIS] UDP:10.0.2.15%enp0s3:5540: new best score: 2 (for E549F8E3ADF84A52-0000000000000001)[0m
[0;32m[1784654053.417] [3301:3303] [DIS] Checking node lookup status for E549F8E3ADF84A52-0000000000000001 after 1 ms[0m
[0;32m[1784654053.417] [3301:3303] [DIS] Keeping DNSSD lookup active[0m
[0;32m[1784654053.417] [3301:3303] [DIS] UDP:[fe80::bfe:a203:38f0:bce7%enp0s3]:5540: score has not improved: 7 (for E549F8E3ADF84A52-0000000000000001)[0m
[0;34m[1784654053.417] [3301:3303] [DIS] Lookup clearing interface for non LL address[0m
[0;32m[1784654053.417] [3301:3303] [DIS] UDP:10.0.2.15%enp0s3:5540: score has not improved: 2 (for E549F8E3ADF84A52-0000000000000001)[0m
[0;32m[1784654053.417] [3301:3303] [DIS] Checking node lookup status for E549F8E3ADF84A52-0000000000000001 after 1 ms[0m
[0;32m[1784654053.417] [3301:3303] [DIS] Keeping DNSSD lookup active[0m
[0;32m[1784654053.617] [3301:3303] [DIS] Checking node lookup status for E549F8E3ADF84A52-0000000000000001 after 201 ms[0m
[0;34m[1784654053.617] [3301:3303] [DIS] OperationalSessionSetup[1:0000000000000001]: Updating device address to UDP:[fe80::bfe:a203:38f0:bce7%enp0s3]:5540 while in state 2[0m
[0;34m[1784654053.617] [3301:3303] [DIS] OperationalSessionSetup[1:0000000000000001]: State change 2 --> 3[0m
[0;34m[1784654053.617] [3301:3303] [IN] SecureSession[0x7dc0c4009cd0]: Allocated Type:2 LSID:25941[0m
[0;32m[1784654053.617] [3301:3303] [SC] Initiating session on local FabricIndex 1 from 0x000000000001B669 -> 0x0000000000000001[0m
[0;32m[1784654053.617] [3301:3303] [EM] <<< [E:64701i S:0 M:24954249] (U) Msg TX from 2541667F20C5F350 to 0:0000000000000000 [0000] [UDP:[fe80::bfe:a203:38f0:bce7%enp0s3]:5540] --- Type 0000:30 (SecureChannel:CASE_Sigma1) (B:196)[0m
[0;32m[1784654053.617] [3301:3303] [EM] ??1 [E:64701i S:0 M:24954249] (U) Msg Retransmission to 0:0000000000000000 scheduled for 574ms from now [State:Idle II:500 AI:300 AT:4000][0m
[0;32m[1784654053.617] [3301:3303] [SC] Sent Sigma1 msg to <0000000000000001, 1> [II:500ms AI:300ms AT:4000ms][0m
[0;34m[1784654053.617] [3301:3303] [DIS] OperationalSessionSetup[1:0000000000000001]: State change 3 --> 4[0m
[0;32m[1784654053.618] [3301:3303] [EM] >>> [E:64701i S:0 M:43797353 (Ack:24954249)] (U) Msg RX from 0:0000000000000000 [0000] to 2541667F20C5F350 --- Type 0000:31 (SecureChannel:CASE_Sigma2) (B:751)[0m
[0;34m[1784654053.618] [3301:3303] [EM] Found matching exchange: 64701i, Delegate: 0x7dc0c400b8e8[0m
[0;34m[1784654053.618] [3301:3303] [EM] Rxd Ack; Removing MessageCounter:24954249 from Retrans Table on exchange 64701i[0m
[0;32m[1784654053.618] [3301:3303] [SC] Received Sigma2 msg[0m
[0;34m[1784654053.618] [3301:3303] [SC] Found MRP parameters in the message[0m
[0;34m[1784654053.619] [3301:3303] [SC] Peer <0000000000000001, 1> assigned session ID 2139[0m
[0;34m[1784654053.619] [3301:3303] [SC] Sending Sigma3[0m
[0;32m[1784654053.619] [3301:3303] [EM] <<< [E:64701i S:0 M:24954250 (Ack:43797353)] (U) Msg TX from 2541667F20C5F350 to 0:0000000000000000 [0000] [UDP:[fe80::bfe:a203:38f0:bce7%enp0s3]:5540] --- Type 0000:32 (SecureChannel:CASE_Sigma3) (B:598)[0m
[0;32m[1784654053.619] [3301:3303] [EM] ??1 [E:64701i S:0 M:24954250] (U) Msg Retransmission to 0:0000000000000000 scheduled for 339ms from now [State:Active II:500 AI:300 AT:4000][0m
[0;32m[1784654053.619] [3301:3303] [SC] Sent Sigma3 msg[0m
[0;32m[1784654053.626] [3301:3303] [EM] >>> [E:64701i S:0 M:43797354 (Ack:24954250)] (U) Msg RX from 0:0000000000000000 [0000] to 2541667F20C5F350 --- Type 0000:40 (SecureChannel:StatusReport) (B:34)[0m
[0;34m[1784654053.626] [3301:3303] [EM] Found matching exchange: 64701i, Delegate: 0x7dc0c400b8e8[0m
[0;34m[1784654053.626] [3301:3303] [EM] Rxd Ack; Removing MessageCounter:24954250 from Retrans Table on exchange 64701i[0m
[0;32m[1784654053.626] [3301:3303] [SC] Success status report received. Session was established[0m
[0;32m[1784654053.627] [3301:3303] [SC] SecureSession[0x7dc0c4009cd0, LSID:25941]: State change 'kEstablishing' --> 'kActive'[0m
[0;34m[1784654053.627] [3301:3303] [IN] SecureSession[0x7dc0c4009cd0]: Activated - Type:2 LSID:25941[0m
[0;34m[1784654053.627] [3301:3303] [IN] New secure session activated for device <0000000000000001, 1>, LSID:25941 PSID:2139![0m
[0;34m[1784654053.627] [3301:3303] [DIS] OperationalSessionSetup[1:0000000000000001]: State change 4 --> 5[0m
[0;32m[1784654053.627] [3301:3303] [TOO] Sending cluster (0x00000030) command (0x00000000) on endpoint 0[0m
[0;34m[1784654053.628] [3301:3303] [DMG] ICR moving to [AddingComm][0m
[0;34m[1784654053.628] [3301:3303] [DMG] ICR moving to [AddedComma][0m
[0;32m[1784654053.628] [3301:3303] [EM] <<< [E:64702i S:25941 M:34149437] (S) Msg TX from 000000000001B669 to 1:0000000000000001 [4A52] [UDP:[fe80::bfe:a203:38f0:bce7%enp0s3]:5540] --- Type 0001:08 (IM:InvokeCommandRequest) (B:65)[0m
[0;32m[1784654053.628] [3301:3303] [EM] ??1 [E:64702i S:25941 M:34149437] (S) Msg Retransmission to 1:0000000000000001 scheduled for 338ms from now [State:Active II:500 AI:300 AT:4000][0m
[0;34m[1784654053.628] [3301:3303] [DMG] ICR moving to [AwaitingRe][0m
[0;32m[1784654053.628] [3301:3303] [EM] <<< [E:64701i S:0 M:24954251 (Ack:43797354)] (U) Msg TX from 2541667F20C5F350 to 0:0000000000000000 [0000] [UDP:[fe80::bfe:a203:38f0:bce7%enp0s3]:5540] --- Type 0000:10 (SecureChannel:StandaloneAck) (B:26)[0m
[0;34m[1784654053.628] [3301:3303] [EM] Flushed pending ack for MessageCounter:43797354 on exchange 64701i[0m
[0;32m[1784654053.628] [3301:3303] [EM] >>> [E:64702i S:25941 M:235805277 (Ack:34149437)] (S) Msg RX from 1:0000000000000001 [4A52] to 000000000001B669 --- Type 0001:09 (IM:InvokeCommandResponse) (B:70)[0m
[0;34m[1784654053.628] [3301:3303] [EM] Found matching exchange: 64702i, Delegate: 0x7dc0c400eef8[0m
[0;34m[1784654053.628] [3301:3303] [EM] Rxd Ack; Removing MessageCounter:34149437 from Retrans Table on exchange 64702i[0m
[0;34m[1784654053.628] [3301:3303] [DMG] ICR moving to [ResponseRe][0m
[0;34m[1784654053.628] [3301:3303] [DMG] InvokeResponseMessage =[0m
[0;34m[1784654053.628] [3301:3303] [DMG] {[0m
[0;34m[1784654053.628] [3301:3303] [DMG] 	suppressResponse = false, [0m
[0;34m[1784654053.628] [3301:3303] [DMG] 	InvokeResponseIBs =[0m
[0;34m[1784654053.628] [3301:3303] [DMG] 	[[0m
[0;34m[1784654053.628] [3301:3303] [DMG] 		InvokeResponseIB =[0m
[0;34m[1784654053.628] [3301:3303] [DMG] 		{[0m
[0;34m[1784654053.628] [3301:3303] [DMG] 			CommandDataIB =[0m
[0;34m[1784654053.628] [3301:3303] [DMG] 			{[0m
[0;34m[1784654053.628] [3301:3303] [DMG] 				CommandPathIB =[0m
[0;34m[1784654053.628] [3301:3303] [DMG] 				{[0m
[0;34m[1784654053.628] [3301:3303] [DMG] 					EndpointId = 0x0,[0m
[0;34m[1784654053.628] [3301:3303] [DMG] 					ClusterId = 0x30,[0m
[0;34m[1784654053.628] [3301:3303] [DMG] 					CommandId = 0x1,[0m
[0;34m[1784654053.628] [3301:3303] [DMG] 				},[0m
[0;34m[1784654053.628] [3301:3303] [DMG] 				[0m
[0;34m[1784654053.628] [3301:3303] [DMG] 				CommandFields = [0m
[0;34m[1784654053.628] [3301:3303] [DMG] 				{[0m
[0;34m[1784654053.628] [3301:3303] [DMG] 					0x0 = 0 (unsigned), [0m
[0;34m[1784654053.628] [3301:3303] [DMG] 					0x1 = "" (0 chars), [0m
[0;34m[1784654053.628] [3301:3303] [DMG] 				},[0m
[0;34m[1784654053.628] [3301:3303] [DMG] 			},[0m
[0;34m[1784654053.628] [3301:3303] [DMG] 			[0m
[0;34m[1784654053.628] [3301:3303] [DMG] 		},[0m
[0;34m[1784654053.628] [3301:3303] [DMG] 		[0m
[0;34m[1784654053.628] [3301:3303] [DMG] 	],[0m
[0;34m[1784654053.628] [3301:3303] [DMG] 	[0m
[0;34m[1784654053.628] [3301:3303] [DMG] 	InteractionModelRevision = 12[0m
[0;34m[1784654053.628] [3301:3303] [DMG] },[0m
[0;32m[1784654053.628] [3301:3303] [DMG] Received Command Response Data, Endpoint=0 Cluster=0x0000_0030 Command=0x0000_0001[0m
[0;32m[1784654053.628] [3301:3303] [TOO] Endpoint: 0 Cluster: 0x0000_0030 Command 0x0000_0001[0m
[0;32m[1784654053.628] [3301:3303] [TOO]   ArmFailSafeResponse: {[0m
[0;32m[1784654053.628] [3301:3303] [TOO]     errorCode: 0[0m
[0;32m[1784654053.628] [3301:3303] [TOO]     debugText: [0m
[0;32m[1784654053.628] [3301:3303] [TOO]    }[0m
[0;34m[1784654053.628] [3301:3303] [DMG] ICR moving to [AwaitingDe][0m
[0;32m[1784654053.628] [3301:3303] [EM] <<< [E:64702i S:25941 M:34149438 (Ack:235805277)] (S) Msg TX from 000000000001B669 to 1:0000000000000001 [4A52] [UDP:[fe80::bfe:a203:38f0:bce7%enp0s3]:5540] --- Type 0000:10 (SecureChannel:StandaloneAck) (B:34)[0m
[0;34m[1784654053.628] [3301:3303] [EM] Flushed pending ack for MessageCounter:235805277 on exchange 64702i[0m
[0;34m[1784654053.629] [3301:3301] [CTL] Shutting down the commissioner[0m
[0;32m[1784654053.629] [3301:3301] [PAF] WiFiPAF: Closing all WiFiPAF sessions to shutdown[0m
[0;34m[1784654053.629] [3301:3301] [CTL] Shutting down the controller[0m
[0;34m[1784654053.629] [3301:3301] [IN] Expiring all sessions for fabric 0x1!![0m
[0;34m[1784654053.629] [3301:3301] [IN] SecureSession[0x7dc0c4009cd0]: MarkForEviction Type:2 LSID:25941[0m
[0;32m[1784654053.629] [3301:3301] [SC] SecureSession[0x7dc0c4009cd0, LSID:25941]: State change 'kActive' --> 'kPendingEviction'[0m
[0;34m[1784654053.629] [3301:3301] [IN] SecureSession[0x7dc0c4009cd0]: Released - Type:2 LSID:25941[0m
[0;32m[1784654053.629] [3301:3301] [FP] Forgetting fabric 0x1[0m
[0;32m[1784654053.629] [3301:3301] [TS] Pending Last Known Good Time: 2023-10-14T01:16:48[0m
[0;32m[1784654053.629] [3301:3301] [TS] Previous Last Known Good Time: 2023-10-14T01:16:48[0m
[0;32m[1784654053.629] [3301:3301] [TS] Reverted Last Known Good Time to previous value[0m
[0;34m[1784654053.629] [3301:3301] [CTL] Shutting down the commissioner[0m
[0;32m[1784654053.629] [3301:3301] [PAF] WiFiPAF: Closing all WiFiPAF sessions to shutdown[0m
[0;34m[1784654053.629] [3301:3301] [CTL] Shutting down the controller[0m
[0;34m[1784654053.629] [3301:3301] [CTL] Shutting down the System State, this will teardown the CHIP Stack[0m
[0;34m[1784654053.629] [3301:3301] [DMG] All ReadHandler-s are clean, clear GlobalDirtySet[0m
[0;32m[1784654053.629] [3301:3301] [FP] Shutting down FabricTable[0m
[0;32m[1784654053.629] [3301:3301] [TS] Pending Last Known Good Time: 2023-10-14T01:16:48[0m
[0;32m[1784654053.629] [3301:3301] [TS] Previous Last Known Good Time: 2023-10-14T01:16:48[0m
[0;32m[1784654053.629] [3301:3301] [TS] Reverted Last Known Good Time to previous value[0m
[0;34m[1784654053.632] [3301:3301] [DL] Wrote settings to /tmp/chip_counters.ini[0m
[0;32m[1784654053.632] [3301:3301] [DL] NVS set: chip-counters/total-operational-hours = 0 (0x0)[0m
[0;32m[1784654053.632] [3301:3301] [DL] Inet Layer shutdown[0m
[0;32m[1784654053.632] [3301:3301] [DL] BLE Layer shutdown[0m
[0;32m[1784654053.632] [3301:3301] [DL] WiFi-PAF Layer shutdown[0m
[0;32m[1784654053.632] [3301:3301] [PAF] WiFiPAF: Closing all WiFiPAF sessions to shutdown[0m
[0;32m[1784654053.632] [3301:3301] [DL] System Layer shutdown[0m
