[0;34m[1784654053.682] [3305:3305] [DL] ChipLinuxStorage::Init: Using KVS config file: /tmp/chip_tool_kvs[0m
[1;31m[1784654053.683] [3305:3305] [DL] ChipLinuxStorage::Init: Attempt to re-initialize with KVS config file: /tmp/chip_kvs, IGNORING.[0m
[0;34m[1784654053.685] [3305:3305] [DL] ChipLinuxStorage::Init: Using KVS config file: /tmp/chip_factory.ini[0m
[0;34m[1784654053.685] [3305:3305] [DL] ChipLinuxStorage::Init: Using KVS config file: /tmp/chip_config.ini[0m
[0;34m[1784654053.685] [3305:3305] [DL] ChipLinuxStorage::Init: Using KVS config file: /tmp/chip_counters.ini[0m
[0;34m[1784654053.688] [3305:3305] [DL] Wrote settings to /tmp/chip_counters.ini[0m
[0;32m[1784654053.688] [3305:3305] [DL] NVS set: chip-counters/reboot-count = 4 (0x4)[0m
[0;32m[1784654053.688] [3305:3305] [DL] Got Ethernet interface: enp0s3[0m
[0;32m[1784654053.688] [3305:3305] [DL] Found the primary Ethernet interface:enp0s3[0m
[1;31m[1784654053.688] [3305:3305] [DL] Failed to get WiFi interface[0m
[1;31m[1784654053.688] [3305:3305] [DL] Failed to reset WiFi statistic counts[0m
[0;32m[1784654053.688] [3305:3305] [PAF] WiFiPAF: WiFiPAFLayer::Init()[0m
[0;34m[1784654053.688] [3305:3305] [IN] UDP::Init bind&listen port=0[0m
[0;34m[1784654053.688] [3305:3305] [IN] UDP::Init bound to port=43409[0m
[0;34m[1784654053.688] [3305:3305] [IN] UDP::Init bind&listen port=0[0m
[0;34m[1784654053.688] [3305:3305] [IN] UDP::Init bound to port=50914[0m
[0;34m[1784654053.688] [3305:3305] [IN] BLEBase::Init - setting/overriding transport[0m
[0;34m[1784654053.688] [3305:3305] [IN] WiFiPAFBase::Init - setting/overriding transport[0m
[0;34m[1784654053.688] [3305:3305] [IN] TransportMgr initialized[0m
[0;34m[1784654053.688] [3305:3305] [FP] Initializing FabricTable from persistent storage[0m
[0;32m[1784654053.688] [3305:3305] [TS] Last Known Good Time: 2023-10-14T01:16:48[0m
[0;32m[1784654053.689] [3305:3305] [FP] Fabric index 0x1 was retrieved from storage. Compressed FabricId 0xE549F8E3ADF84A52, FabricId 0x0000000000000001, NodeId 0x000000000001B669, VendorId 0xFFF1[0m
[0;32m[1784654053.690] [3305:3305] [DMG] Ember attribute persistence requires setting up[0m
[0;32m[1784654053.690] [3305:3305] [ZCL] Using ZAP configuration...[0m
[0;34m[1784654053.690] [3305:3305] [CTL] System State Initialized...[0m
[0;32m[1784654053.690] [3305:3305] [CTL] Setting attestation nonce to random value[0m
[0;32m[1784654053.690] [3305:3305] [CTL] Setting CSR nonce to random value[0m
[0;34m[1784654053.690] [3305:3307] [DL] CHIP task running[0m
[0;32m[1784654053.690] [3305:3307] [CTL] Setting attestation nonce to random value[0m
[0;32m[1784654053.690] [3305:3307] [CTL] Setting CSR nonce to random value[0m
[0;32m[1784654053.691] [3305:3307] [CTL] Generating NOC[0m
[0;32m[1784654053.691] [3305:3307] [FP] Validating NOC chain[0m
[0;32m[1784654053.691] [3305:3307] [FP] NOC chain validation successful[0m
[0;32m[1784654053.691] [3305:3307] [FP] Updated fabric at index: 0x1, Node ID: 0x000000000001B669[0m
[0;32m[1784654053.691] [3305:3307] [TS] Last Known Good Time: 2023-10-14T01:16:48[0m
[0;32m[1784654053.691] [3305:3307] [TS] New proposed Last Known Good Time: 2021-01-01T00:00:00[0m
[0;32m[1784654053.691] [3305:3307] [TS] Retaining current Last Known Good Time[0m
[0;32m[1784654053.693] [3305:3307] [FP] Metadata for Fabric 0x1 persisted to storage.[0m
[0;32m[1784654053.694] [3305:3307] [TS] Committing Last Known Good Time to storage: 2023-10-14T01:16:48[0m
[0;32m[1784654053.695] [3305:3307] [CTL] Joined the fabric at index 1. Fabric ID is 0x0000000000000001 (Compressed Fabric ID: E549F8E3ADF84A52)[0m
[0;32m[1784654053.701] [3305:3307] [TOO] Sending command to node 0x1[0m
[0;34m[1784654053.701] [3305:3307] [CSM] FindOrEstablishSession: PeerId = [1:0000000000000001][0m
[0;34m[1784654053.701] [3305:3307] [CSM] FindOrEstablishSession: No existing OperationalSessionSetup instance found[0m
[0;34m[1784654053.701] [3305:3307] [DIS] OperationalSessionSetup[1:0000000000000001]: State change 1 --> 2[0m
[0;32m[1784654053.702] [3305:3307] [DIS] Lookup started for E549F8E3ADF84A52-0000000000000001[0m
[0;32m[1784654053.702] [3305:3307] [DIS] UDP:[fe80::bfe:a203:38f0:bce7%enp0s3]:5540: new best score: 7 (for E549F8E3ADF84A52-0000000000000001)[0m
[0;34m[1784654053.702] [3305:3307] [DIS] Lookup clearing interface for non LL address[0m
[0;32m[1784654053.702] [3305:3307] [DIS] UDP:10.0.2.15%enp0s3:5540: new best score: 2 (for E549F8E3ADF84A52-0000000000000001)[0m
[0;32m[1784654053.702] [3305:3307] [DIS] Checking node lookup status for E549F8E3ADF84A52-0000000000000001 after 0 ms[0m
[0;32m[1784654053.702] [3305:3307] [DIS] Keeping DNSSD lookup active[0m
[0;32m[1784654053.702] [3305:3307] [DIS] UDP:[fe80::bfe:a203:38f0:bce7%enp0s3]:5540: score has not improved: 7 (for E549F8E3ADF84A52-0000000000000001)[0m
[0;34m[1784654053.702] [3305:3307] [DIS] Lookup clearing interface for non LL address[0m
[0;32m[1784654053.702] [3305:3307] [DIS] UDP:10.0.2.15%enp0s3:5540: score has not improved: 2 (for E549F8E3ADF84A52-0000000000000001)[0m
[0;32m[1784654053.702] [3305:3307] [DIS] Checking node lookup status for E549F8E3ADF84A52-0000000000000001 after 0 ms[0m
[0;32m[1784654053.702] [3305:3307] [DIS] Keeping DNSSD lookup active[0m
[0;32m[1784654053.905] [3305:3307] [DIS] Checking node lookup status for E549F8E3ADF84A52-0000000000000001 after 203 ms[0m
[0;34m[1784654053.905] [3305:3307] [DIS] OperationalSessionSetup[1:0000000000000001]: Updating device address to UDP:[fe80::bfe:a203:38f0:bce7%enp0s3]:5540 while in state 2[0m
[0;34m[1784654053.905] [3305:3307] [DIS] OperationalSessionSetup[1:0000000000000001]: State change 2 --> 3[0m
[0;34m[1784654053.905] [3305:3307] [IN] SecureSession[0x7eb1cc009cd0]: Allocated Type:2 LSID:34301[0m
[0;32m[1784654053.905] [3305:3307] [SC] Initiating session on local FabricIndex 1 from 0x000000000001B669 -> 0x0000000000000001[0m
[0;32m[1784654053.905] [3305:3307] [EM] <<< [E:52322i S:0 M:197979959] (U) Msg TX from F3D4F61967672E5B to 0:0000000000000000 [0000] [UDP:[fe80::bfe:a203:38f0:bce7%enp0s3]:5540] --- Type 0000:30 (SecureChannel:CASE_Sigma1) (B:196)[0m
[0;32m[1784654053.905] [3305:3307] [EM] ??1 [E:52322i S:0 M:197979959] (U) Msg Retransmission to 0:0000000000000000 scheduled for 622ms from now [State:Idle II:500 AI:300 AT:4000][0m
[0;32m[1784654053.905] [3305:3307] [SC] Sent Sigma1 msg to <0000000000000001, 1> [II:500ms AI:300ms AT:4000ms][0m
[0;34m[1784654053.905] [3305:3307] [DIS] OperationalSessionSetup[1:0000000000000001]: State change 3 --> 4[0m
[0;32m[1784654053.906] [3305:3307] [EM] >>> [E:52322i S:0 M:43797355 (Ack:197979959)] (U) Msg RX from 0:0000000000000000 [0000] to F3D4F61967672E5B --- Type 0000:31 (SecureChannel:CASE_Sigma2) (B:751)[0m
[0;34m[1784654053.906] [3305:3307] [EM] Found matching exchange: 52322i, Delegate: 0x7eb1cc00b8e8[0m
[0;34m[1784654053.906] [3305:3307] [EM] Rxd Ack; Removing MessageCounter:197979959 from Retrans Table on exchange 52322i[0m
[0;32m[1784654053.906] [3305:3307] [SC] Received Sigma2 msg[0m
[0;34m[1784654053.906] [3305:3307] [SC] Found MRP parameters in the message[0m
[0;34m[1784654053.907] [3305:3307] [SC] Peer <0000000000000001, 1> assigned session ID 2140[0m
[0;34m[1784654053.907] [3305:3307] [SC] Sending Sigma3[0m
[0;32m[1784654053.907] [3305:3307] [EM] <<< [E:52322i S:0 M:197979960 (Ack:43797355)] (U) Msg TX from F3D4F61967672E5B to 0:0000000000000000 [0000] [UDP:[fe80::bfe:a203:38f0:bce7%enp0s3]:5540] --- Type 0000:32 (SecureChannel:CASE_Sigma3) (B:598)[0m
[0;32m[1784654053.907] [3305:3307] [EM] ??1 [E:52322i S:0 M:197979960] (U) Msg Retransmission to 0:0000000000000000 scheduled for 344ms from now [State:Active II:500 AI:300 AT:4000][0m
[0;32m[1784654053.907] [3305:3307] [SC] Sent Sigma3 msg[0m
[0;32m[1784654053.916] [3305:3307] [EM] >>> [E:52322i S:0 M:43797356 (Ack:197979960)] (U) Msg RX from 0:0000000000000000 [0000] to F3D4F61967672E5B --- Type 0000:40 (SecureChannel:StatusReport) (B:34)[0m
[0;34m[1784654053.916] [3305:3307] [EM] Found matching exchange: 52322i, Delegate: 0x7eb1cc00b8e8[0m
[0;34m[1784654053.916] [3305:3307] [EM] Rxd Ack; Removing MessageCounter:197979960 from Retrans Table on exchange 52322i[0m
[0;32m[1784654053.916] [3305:3307] [SC] Success status report received. Session was established[0m
[0;32m[1784654053.917] [3305:3307] [SC] SecureSession[0x7eb1cc009cd0, LSID:34301]: State change 'kEstablishing' --> 'kActive'[0m
[0;34m[1784654053.917] [3305:3307] [IN] SecureSession[0x7eb1cc009cd0]: Activated - Type:2 LSID:34301[0m
[0;34m[1784654053.917] [3305:3307] [IN] New secure session activated for device <0000000000000001, 1>, LSID:34301 PSID:2140![0m
[0;34m[1784654053.917] [3305:3307] [DIS] OperationalSessionSetup[1:0000000000000001]: State change 4 --> 5[0m
[0;32m[1784654053.917] [3305:3307] [TOO] Sending cluster (0x0000003E) command (0x00000004) on endpoint 0[0m
[0;34m[1784654053.917] [3305:3307] [DMG] ICR moving to [AddingComm][0m
[0;34m[1784654053.917] [3305:3307] [DMG] ICR moving to [AddedComma][0m
[0;32m[1784654053.917] [3305:3307] [EM] <<< [E:52323i S:34301 M:173155819] (S) Msg TX from 000000000001B669 to 1:0000000000000001 [4A52] [UDP:[fe80::bfe:a203:38f0:bce7%enp0s3]:5540] --- Type 0001:08 (IM:InvokeCommandRequest) (B:96)[0m
[0;32m[1784654053.917] [3305:3307] [EM] ??1 [E:52323i S:34301 M:173155819] (S) Msg Retransmission to 1:0000000000000001 scheduled for 359ms from now [State:Active II:500 AI:300 AT:4000][0m
[0;34m[1784654053.917] [3305:3307] [DMG] ICR moving to [AwaitingRe][0m
[0;32m[1784654053.917] [3305:3307] [EM] <<< [E:52322i S:0 M:197979961 (Ack:43797356)] (U) Msg TX from F3D4F61967672E5B to 0:0000000000000000 [0000] [UDP:[fe80::bfe:a203:38f0:bce7%enp0s3]:5540] --- Type 0000:10 (SecureChannel:StandaloneAck) (B:26)[0m
[0;34m[1784654053.917] [3305:3307] [EM] Flushed pending ack for MessageCounter:43797356 on exchange 52322i[0m
[0;32m[1784654053.918] [3305:3307] [EM] >>> [E:52323i S:34301 M:178023536 (Ack:173155819)] (S) Msg RX from 1:0000000000000001 [4A52] to 000000000001B669 --- Type 0001:09 (IM:InvokeCommandResponse) (B:376)[0m
[0;34m[1784654053.918] [3305:3307] [EM] Found matching exchange: 52323i, Delegate: 0x7eb1cc00eef8[0m
[0;34m[1784654053.918] [3305:3307] [EM] Rxd Ack; Removing MessageCounter:173155819 from Retrans Table on exchange 52323i[0m
[0;34m[1784654053.918] [3305:3307] [DMG] ICR moving to [ResponseRe][0m
[0;34m[1784654053.918] [3305:3307] [DMG] InvokeResponseMessage =[0m
[0;34m[1784654053.918] [3305:3307] [DMG] {[0m
[0;34m[1784654053.918] [3305:3307] [DMG] 	suppressResponse = false, [0m
[0;34m[1784654053.918] [3305:3307] [DMG] 	InvokeResponseIBs =[0m
[0;34m[1784654053.918] [3305:3307] [DMG] 	[[0m
[0;34m[1784654053.918] [3305:3307] [DMG] 		InvokeResponseIB =[0m
[0;34m[1784654053.918] [3305:3307] [DMG] 		{[0m
[0;34m[1784654053.918] [3305:3307] [DMG] 			CommandDataIB =[0m
[0;34m[1784654053.918] [3305:3307] [DMG] 			{[0m
[0;34m[1784654053.918] [3305:3307] [DMG] 				CommandPathIB =[0m
[0;34m[1784654053.918] [3305:3307] [DMG] 				{[0m
[0;34m[1784654053.918] [3305:3307] [DMG] 					EndpointId = 0x0,[0m
[0;34m[1784654053.918] [3305:3307] [DMG] 					ClusterId = 0x3e,[0m
[0;34m[1784654053.918] [3305:3307] [DMG] 					CommandId = 0x5,[0m
[0;34m[1784654053.918] [3305:3307] [DMG] 				},[0m
[0;34m[1784654053.918] [3305:3307] [DMG] 				[0m
[0;34m[1784654053.918] [3305:3307] [DMG] 				CommandFields = [0m
[0;34m[1784654053.918] [3305:3307] [DMG] 				{[0m
[0;34m[1784654053.918] [3305:3307] [DMG] 					0x0 = [[0m
[0;34m[1784654053.918] [3305:3307] [DMG] 							0x15, 0x30, 0x01, 0xca, 0x30, 0x81, 0xc7, 0x30, 0x70, 0x02, 0x01, 0x00, 0x30, 0x0e, 0x31, 0x0c, 0x30, 0x0a, 0x06, 0x03, 0x55, 0x04, 0x0a, 0x0c, 0x03, 0x43, 0x53, 0x52, 0x30, 0x59, 0x30, 0x13, 0x06, 0x07, 0x2a, 0x86, 0x48, 0xce, 0x3d, 0x02, 0x01, 0x06, 0x08, 0x2a, 0x86, 0x48, 0xce, 0x3d, 0x03, 0x01, 0x07, 0x03, 0x42, 0x00, 0x04, 0x00, 0x5d, 0xd7, 0xb3, 0xed, 0x70, 0xdf, 0x8f, 0x1a, 0xca, 0x50, 0xbc, 0x0e, 0x0c, 0x1d, 0x78, 0x81, 0xc2, 0xd8, 0x25, 0x2c, 0x55, 0xb3, 0xfe, 0xc7, 0xe3, 0x66, 0x68, 0x53, 0x33, 0xae, 0xe8, 0xfd, 0xbc, 0x0e, 0xd4, 0x6d, 0x89, 0xb4, 0xb7, 0x55, 0xf0, 0x73, 0xb9, 0x56, 0xc6, 0x61, 0x98, 0x03, 0x58, 0xa9, 0x7c, 0x4f, 0xdf, 0x6f, 0x1f, 0x5c, 0xb7, 0x64, 0xe7, 0x74, 0x00, 0x96, 0xc9, 0xa0, 0x00, 0x30, 0x0a, 0x06, 0x08, 0x2a, 0x86, 0x48, 0xce, 0x3d, 0x04, 0x03, 0x02, 0x03, 0x47, 0x00, 0x30, 0x44, 0x02, 0x20, 0x3e, 0xa4, 0xa0, 0x54, 0x43, 0x92, 0xc4, 0x6b, 0xcc, 0xf3, 0xd0, 0x39, 0xfc, 0xfc, 0x27, 0x7d, 0x69, 0x60, 0xb4, 0xcd, 0x0e, 0x3e, 0xc5, 0x4e, 0x77, 0x37, 0xe3, 0x4d, 0x74, 0x2c, 0x8e, 0xf5, 0x02, 0x20, 0x32, 0x2b, 0x7e, 0x46, 0x4d, 0x8d, 0xde, 0xda, 0x03, 0x3f, 0x92, 0xb5, 0xbd, 0xdf, 0x18, 0x02, 0x9b, 0xaa, 0xff, 0x77, 0x19, 0x5f, 0x61, 0x2f, 0x0d, 0x40, 0xd4, 0xa5, 0x72, 0x8c, 0x90, 0x65, 0x30, 0x02, 0x20, 0xab, 0xc0, 0x0f, 0x65, 0xae, 0x51, 0xd4, 0x71, 0xab, 0x0c, 0x82, 0xb5, 0x79, 0x59, 0x73, 0x81, 0x44, 0xb1, 0x2f, 0x2c, 0x54, 0xa0, 0xac, 0xa1, 0x73, 0x0a, 0x60, 0x63, 0x16, 0xe1, 0xaf, 0x14, 0x18, [0m
[0;34m[1784654053.918] [3305:3307] [DMG] 					] (242 bytes)[0m
[0;34m[1784654053.918] [3305:3307] [DMG] 					0x1 = [[0m
[0;34m[1784654053.918] [3305:3307] [DMG] 							0x63, 0xb4, 0xb8, 0x81, 0xa7, 0x09, 0xc9, 0x9e, 0x8d, 0x2a, 0x73, 0xa9, 0x23, 0x8f, 0x0a, 0x2f, 0x62, 0x30, 0x0c, 0x43, 0xe0, 0x8f, 0x46, 0x4d, 0x7c, 0x78, 0x97, 0x00, 0xe3, 0x57, 0x38, 0x52, 0x3b, 0x69, 0xfe, 0x0e, 0x8e, 0x05, 0x63, 0x54, 0xcb, 0xf1, 0x0b, 0xea, 0x59, 0x64, 0x1c, 0x4c, 0xad, 0x22, 0x7e, 0x10, 0x71, 0x23, 0x5b, 0x1b, 0x85, 0xf5, 0x30, 0x16, 0xe0, 0xcf, 0x0a, 0x99, [0m
[0;34m[1784654053.918] [3305:3307] [DMG] 					] (64 bytes)[0m
[0;34m[1784654053.918] [3305:3307] [DMG] 				},[0m
[0;34m[1784654053.918] [3305:3307] [DMG] 			},[0m
[0;34m[1784654053.918] [3305:3307] [DMG] 			[0m
[0;34m[1784654053.918] [3305:3307] [DMG] 		},[0m
[0;34m[1784654053.918] [3305:3307] [DMG] 		[0m
[0;34m[1784654053.918] [3305:3307] [DMG] 	],[0m
[0;34m[1784654053.918] [3305:3307] [DMG] 	[0m
[0;34m[1784654053.918] [3305:3307] [DMG] 	InteractionModelRevision = 12[0m
[0;34m[1784654053.918] [3305:3307] [DMG] },[0m
[0;32m[1784654053.918] [3305:3307] [DMG] Received Command Response Data, Endpoint=0 Cluster=0x0000_003E Command=0x0000_0005[0m
[0;32m[1784654053.918] [3305:3307] [TOO] Endpoint: 0 Cluster: 0x0000_003E Command 0x0000_0005[0m
[0;32m[1784654053.918] [3305:3307] [TOO]   CSRResponse: {[0m
[0;32m[1784654053.918] [3305:3307] [TOO]     NOCSRElements: 153001CA3081C73070020100300E310C300A060355040A0C034353523059301306072A8648CE3D020106082A8648CE3D03010703420004005DD7B3ED70DF8F1ACA50BC0E0C1D7881C2D8252C55B3FEC7E366685333AEE8FDBC0ED46D89B4B755F073B956C661980358A97C4FDF6F1F5CB764E7740096C9A000300A06082A8648CE3D040302034700304402203EA4A0544392C46BCCF3D039FCFC277D6960B4CD0E3EC54E7737E34D742C8EF50220322B7E464D8DDEDA033F92B5BDDF18029BAAFF77195F612F0D40D4A5728C9065300220ABC00F65AE51D471AB0C82B57959738144B12F2C54A0ACA1730A606316E1AF1418[0m
[0;32m[1784654053.918] [3305:3307] [TOO]     attestationSignature: 63B4B881A709C99E8D2A73A9238F0A2F62300C43E08F464D7C789700E35738523B69FE0E8E056354CBF10BEA59641C4CAD227E1071235B1B85F53016E0CF0A99[0m
[0;32m[1784654053.918] [3305:3307] [TOO]    }[0m
[0;34m[1784654053.918] [3305:3307] [DMG] ICR moving to [AwaitingDe][0m
[0;32m[1784654053.918] [3305:3307] [EM] <<< [E:52323i S:34301 M:173155820 (Ack:178023536)] (S) Msg TX from 000000000001B669 to 1:0000000000000001 [4A52] [UDP:[fe80::bfe:a203:38f0:bce7%enp0s3]:5540] --- Type 0000:10 (SecureChannel:StandaloneAck) (B:34)[0m
[0;34m[1784654053.918] [3305:3307] [EM] Flushed pending ack for MessageCounter:178023536 on exchange 52323i[0m
[0;34m[1784654053.919] [3305:3305] [CTL] Shutting down the commissioner[0m
[0;32m[1784654053.919] [3305:3305] [PAF] WiFiPAF: Closing all WiFiPAF sessions to shutdown[0m
[0;34m[1784654053.919] [3305:3305] [CTL] Shutting down the controller[0m
[0;34m[1784654053.919] [3305:3305] [IN] Expiring all sessions for fabric 0x1!![0m
[0;34m[1784654053.919] [3305:3305] [IN] SecureSession[0x7eb1cc009cd0]: MarkForEviction Type:2 LSID:34301[0m
[0;32m[1784654053.919] [3305:3305] [SC] SecureSession[0x7eb1cc009cd0, LSID:34301]: State change 'kActive' --> 'kPendingEviction'[0m
[0;34m[1784654053.919] [3305:3305] [IN] SecureSession[0x7eb1cc009cd0]: Released - Type:2 LSID:34301[0m
[0;32m[1784654053.919] [3305:3305] [FP] Forgetting fabric 0x1[0m
[0;32m[1784654053.919] [3305:3305] [TS] Pending Last Known Good Time: 2023-10-14T01:16:48[0m
[0;32m[1784654053.919] [3305:3305] [TS] Previous Last Known Good Time: 2023-10-14T01:16:48[0m
[0;32m[1784654053.919] [3305:3305] [TS] Reverted Last Known Good Time to previous value[0m
[0;34m[1784654053.919] [3305:3305] [CTL] Shutting down the commissioner[0m
[0;32m[1784654053.919] [3305:3305] [PAF] WiFiPAF: Closing all WiFiPAF sessions to shutdown[0m
[0;34m[1784654053.919] [3305:3305] [CTL] Shutting down the controller[0m
[0;34m[1784654053.919] [3305:3305] [CTL] Shutting down the System State, this will teardown the CHIP Stack[0m
[0;34m[1784654053.919] [3305:3305] [DMG] All ReadHandler-s are clean, clear GlobalDirtySet[0m
[0;32m[1784654053.919] [3305:3305] [FP] Shutting down FabricTable[0m
[0;32m[1784654053.919] [3305:3305] [TS] Pending Last Known Good Time: 2023-10-14T01:16:48[0m
[0;32m[1784654053.919] [3305:3305] [TS] Previous Last Known Good Time: 2023-10-14T01:16:48[0m
[0;32m[1784654053.919] [3305:3305] [TS] Reverted Last Known Good Time to previous value[0m
[0;34m[1784654053.921] [3305:3305] [DL] Wrote settings to /tmp/chip_counters.ini[0m
[0;32m[1784654053.921] [3305:3305] [DL] NVS set: chip-counters/total-operational-hours = 0 (0x0)[0m
[0;32m[1784654053.921] [3305:3305] [DL] Inet Layer shutdown[0m
[0;32m[1784654053.921] [3305:3305] [DL] BLE Layer shutdown[0m
[0;32m[1784654053.921] [3305:3305] [DL] WiFi-PAF Layer shutdown[0m
[0;32m[1784654053.921] [3305:3305] [PAF] WiFiPAF: Closing all WiFiPAF sessions to shutdown[0m
[0;32m[1784654053.921] [3305:3305] [DL] System Layer shutdown[0m
