[0;34m[1784656594.087] [11870:11870] [DL] ChipLinuxStorage::Init: Using KVS config file: /tmp/chip_tool_kvs[0m
[1;31m[1784656594.087] [11870:11870] [DL] ChipLinuxStorage::Init: Attempt to re-initialize with KVS config file: /tmp/chip_kvs, IGNORING.[0m
[0;34m[1784656594.088] [11870:11870] [DL] ChipLinuxStorage::Init: Using KVS config file: /tmp/chip_factory.ini[0m
[0;34m[1784656594.088] [11870:11870] [DL] ChipLinuxStorage::Init: Using KVS config file: /tmp/chip_config.ini[0m
[0;34m[1784656594.088] [11870:11870] [DL] ChipLinuxStorage::Init: Using KVS config file: /tmp/chip_counters.ini[0m
[0;34m[1784656594.091] [11870:11870] [DL] Wrote settings to /tmp/chip_counters.ini[0m
[0;32m[1784656594.091] [11870:11870] [DL] NVS set: chip-counters/reboot-count = 6 (0x6)[0m
[0;32m[1784656594.091] [11870:11870] [DL] Got Ethernet interface: enp0s3[0m
[0;32m[1784656594.091] [11870:11870] [DL] Found the primary Ethernet interface:enp0s3[0m
[1;31m[1784656594.091] [11870:11870] [DL] Failed to get WiFi interface[0m
[1;31m[1784656594.091] [11870:11870] [DL] Failed to reset WiFi statistic counts[0m
[0;32m[1784656594.091] [11870:11870] [PAF] WiFiPAF: WiFiPAFLayer::Init()[0m
[0;34m[1784656594.091] [11870:11870] [IN] UDP::Init bind&listen port=0[0m
[0;34m[1784656594.091] [11870:11870] [IN] UDP::Init bound to port=48002[0m
[0;34m[1784656594.091] [11870:11870] [IN] UDP::Init bind&listen port=0[0m
[0;34m[1784656594.091] [11870:11870] [IN] UDP::Init bound to port=45346[0m
[0;34m[1784656594.091] [11870:11870] [IN] BLEBase::Init - setting/overriding transport[0m
[0;34m[1784656594.091] [11870:11870] [IN] WiFiPAFBase::Init - setting/overriding transport[0m
[0;34m[1784656594.091] [11870:11870] [IN] TransportMgr initialized[0m
[0;34m[1784656594.091] [11870:11870] [FP] Initializing FabricTable from persistent storage[0m
[0;32m[1784656594.091] [11870:11870] [TS] Last Known Good Time: 2023-10-14T01:16:48[0m
[0;32m[1784656594.091] [11870:11870] [FP] Fabric index 0x1 was retrieved from storage. Compressed FabricId 0x81198C9504A08FD1, FabricId 0x0000000000000001, NodeId 0x000000000001B669, VendorId 0xFFF1[0m
[0;32m[1784656594.092] [11870:11870] [DMG] Ember attribute persistence requires setting up[0m
[0;32m[1784656594.092] [11870:11870] [ZCL] Using ZAP configuration...[0m
[0;34m[1784656594.092] [11870:11870] [CTL] System State Initialized...[0m
[0;32m[1784656594.092] [11870:11870] [CTL] Setting attestation nonce to random value[0m
[0;32m[1784656594.092] [11870:11870] [CTL] Setting CSR nonce to random value[0m
[0;34m[1784656594.092] [11870:11872] [DL] CHIP task running[0m
[0;32m[1784656594.092] [11870:11872] [CTL] Setting attestation nonce to random value[0m
[0;32m[1784656594.092] [11870:11872] [CTL] Setting CSR nonce to random value[0m
[0;32m[1784656594.092] [11870:11872] [CTL] Generating NOC[0m
[0;32m[1784656594.092] [11870:11872] [FP] Validating NOC chain[0m
[0;32m[1784656594.093] [11870:11872] [FP] NOC chain validation successful[0m
[0;32m[1784656594.093] [11870:11872] [FP] Updated fabric at index: 0x1, Node ID: 0x000000000001B669[0m
[0;32m[1784656594.093] [11870:11872] [TS] Last Known Good Time: 2023-10-14T01:16:48[0m
[0;32m[1784656594.093] [11870:11872] [TS] New proposed Last Known Good Time: 2021-01-01T00:00:00[0m
[0;32m[1784656594.093] [11870:11872] [TS] Retaining current Last Known Good Time[0m
[0;32m[1784656594.095] [11870:11872] [FP] Metadata for Fabric 0x1 persisted to storage.[0m
[0;32m[1784656594.095] [11870:11872] [TS] Committing Last Known Good Time to storage: 2023-10-14T01:16:48[0m
[0;32m[1784656594.096] [11870:11872] [CTL] Joined the fabric at index 1. Fabric ID is 0x0000000000000001 (Compressed Fabric ID: 81198C9504A08FD1)[0m
[0;32m[1784656594.100] [11870:11872] [TOO] Sending command to node 0x1[0m
[0;34m[1784656594.100] [11870:11872] [CSM] FindOrEstablishSession: PeerId = [1:0000000000000001][0m
[0;34m[1784656594.100] [11870:11872] [CSM] FindOrEstablishSession: No existing OperationalSessionSetup instance found[0m
[0;34m[1784656594.100] [11870:11872] [DIS] OperationalSessionSetup[1:0000000000000001]: State change 1 --> 2[0m
[0;32m[1784656594.101] [11870:11872] [DIS] Lookup started for 81198C9504A08FD1-0000000000000001[0m
[0;32m[1784656594.102] [11870:11872] [DIS] UDP:[fe80::bfe:a203:38f0:bce7%enp0s3]:5540: new best score: 7 (for 81198C9504A08FD1-0000000000000001)[0m
[0;34m[1784656594.102] [11870:11872] [DIS] Lookup clearing interface for non LL address[0m
[0;32m[1784656594.102] [11870:11872] [DIS] UDP:10.0.2.15%enp0s3:5540: new best score: 2 (for 81198C9504A08FD1-0000000000000001)[0m
[0;32m[1784656594.102] [11870:11872] [DIS] Checking node lookup status for 81198C9504A08FD1-0000000000000001 after 1 ms[0m
[0;32m[1784656594.102] [11870:11872] [DIS] Keeping DNSSD lookup active[0m
[0;32m[1784656594.104] [11870:11872] [DIS] UDP:[fe80::bfe:a203:38f0:bce7%enp0s3]:5540: score has not improved: 7 (for 81198C9504A08FD1-0000000000000001)[0m
[0;34m[1784656594.104] [11870:11872] [DIS] Lookup clearing interface for non LL address[0m
[0;32m[1784656594.104] [11870:11872] [DIS] UDP:10.0.2.15%enp0s3:5540: score has not improved: 2 (for 81198C9504A08FD1-0000000000000001)[0m
[0;32m[1784656594.104] [11870:11872] [DIS] Checking node lookup status for 81198C9504A08FD1-0000000000000001 after 3 ms[0m
[0;32m[1784656594.104] [11870:11872] [DIS] Keeping DNSSD lookup active[0m
[0;32m[1784656594.307] [11870:11872] [DIS] Checking node lookup status for 81198C9504A08FD1-0000000000000001 after 206 ms[0m
[0;34m[1784656594.307] [11870:11872] [DIS] OperationalSessionSetup[1:0000000000000001]: Updating device address to UDP:[fe80::bfe:a203:38f0:bce7%enp0s3]:5540 while in state 2[0m
[0;34m[1784656594.307] [11870:11872] [DIS] OperationalSessionSetup[1:0000000000000001]: State change 2 --> 3[0m
[0;34m[1784656594.307] [11870:11872] [IN] SecureSession[0x76c450009cd0]: Allocated Type:2 LSID:19471[0m
[0;32m[1784656594.307] [11870:11872] [SC] Initiating session on local FabricIndex 1 from 0x000000000001B669 -> 0x0000000000000001[0m
[0;32m[1784656594.308] [11870:11872] [EM] <<< [E:48608i S:0 M:225857330] (U) Msg TX from 6CB5DCD3BB9758E8 to 0:0000000000000000 [0000] [UDP:[fe80::bfe:a203:38f0:bce7%enp0s3]:5540] --- Type 0000:30 (SecureChannel:CASE_Sigma1) (B:196)[0m
[0;32m[1784656594.308] [11870:11872] [EM] ??1 [E:48608i S:0 M:225857330] (U) Msg Retransmission to 0:0000000000000000 scheduled for 561ms from now [State:Idle II:500 AI:300 AT:4000][0m
[0;32m[1784656594.308] [11870:11872] [SC] Sent Sigma1 msg to <0000000000000001, 1> [II:500ms AI:300ms AT:4000ms][0m
[0;34m[1784656594.308] [11870:11872] [DIS] OperationalSessionSetup[1:0000000000000001]: State change 3 --> 4[0m
[0;32m[1784656594.311] [11870:11872] [EM] >>> [E:48608i S:0 M:109318022 (Ack:225857330)] (U) Msg RX from 0:0000000000000000 [0000] to 6CB5DCD3BB9758E8 --- Type 0000:31 (SecureChannel:CASE_Sigma2) (B:751)[0m
[0;34m[1784656594.311] [11870:11872] [EM] Found matching exchange: 48608i, Delegate: 0x76c45000b8e8[0m
[0;34m[1784656594.311] [11870:11872] [EM] Rxd Ack; Removing MessageCounter:225857330 from Retrans Table on exchange 48608i[0m
[0;32m[1784656594.311] [11870:11872] [SC] Received Sigma2 msg[0m
[0;34m[1784656594.311] [11870:11872] [SC] Found MRP parameters in the message[0m
[0;34m[1784656594.312] [11870:11872] [SC] Peer <0000000000000001, 1> assigned session ID 43473[0m
[0;34m[1784656594.312] [11870:11872] [SC] Sending Sigma3[0m
[0;32m[1784656594.312] [11870:11872] [EM] <<< [E:48608i S:0 M:225857331 (Ack:109318022)] (U) Msg TX from 6CB5DCD3BB9758E8 to 0:0000000000000000 [0000] [UDP:[fe80::bfe:a203:38f0:bce7%enp0s3]:5540] --- Type 0000:32 (SecureChannel:CASE_Sigma3) (B:598)[0m
[0;32m[1784656594.312] [11870:11872] [EM] ??1 [E:48608i S:0 M:225857331] (U) Msg Retransmission to 0:0000000000000000 scheduled for 393ms from now [State:Active II:500 AI:300 AT:4000][0m
[0;32m[1784656594.312] [11870:11872] [SC] Sent Sigma3 msg[0m
[0;32m[1784656594.321] [11870:11872] [EM] >>> [E:48608i S:0 M:109318023 (Ack:225857331)] (U) Msg RX from 0:0000000000000000 [0000] to 6CB5DCD3BB9758E8 --- Type 0000:40 (SecureChannel:StatusReport) (B:34)[0m
[0;34m[1784656594.321] [11870:11872] [EM] Found matching exchange: 48608i, Delegate: 0x76c45000b8e8[0m
[0;34m[1784656594.321] [11870:11872] [EM] Rxd Ack; Removing MessageCounter:225857331 from Retrans Table on exchange 48608i[0m
[0;32m[1784656594.321] [11870:11872] [SC] Success status report received. Session was established[0m
[0;32m[1784656594.322] [11870:11872] [SC] SecureSession[0x76c450009cd0, LSID:19471]: State change 'kEstablishing' --> 'kActive'[0m
[0;34m[1784656594.322] [11870:11872] [IN] SecureSession[0x76c450009cd0]: Activated - Type:2 LSID:19471[0m
[0;34m[1784656594.322] [11870:11872] [IN] New secure session activated for device <0000000000000001, 1>, LSID:19471 PSID:43473![0m
[0;34m[1784656594.322] [11870:11872] [DIS] OperationalSessionSetup[1:0000000000000001]: State change 4 --> 5[0m
[0;32m[1784656594.322] [11870:11872] [TOO] Sending cluster (0x0000003E) command (0x00000007) on endpoint 0[0m
[0;34m[1784656594.322] [11870:11872] [DMG] ICR moving to [AddingComm][0m
[0;34m[1784656594.322] [11870:11872] [DMG] ICR moving to [AddedComma][0m
[0;32m[1784656594.323] [11870:11872] [EM] <<< [E:48609i S:19471 M:200814234] (S) Msg TX from 000000000001B669 to 1:0000000000000001 [8FD1] [UDP:[fe80::bfe:a203:38f0:bce7%enp0s3]:5540] --- Type 0001:08 (IM:InvokeCommandRequest) (B:330)[0m
[0;32m[1784656594.323] [11870:11872] [EM] ??1 [E:48609i S:19471 M:200814234] (S) Msg Retransmission to 1:0000000000000001 scheduled for 373ms from now [State:Active II:500 AI:300 AT:4000][0m
[0;34m[1784656594.323] [11870:11872] [DMG] ICR moving to [AwaitingRe][0m
[0;32m[1784656594.323] [11870:11872] [EM] <<< [E:48608i S:0 M:225857332 (Ack:109318023)] (U) Msg TX from 6CB5DCD3BB9758E8 to 0:0000000000000000 [0000] [UDP:[fe80::bfe:a203:38f0:bce7%enp0s3]:5540] --- Type 0000:10 (SecureChannel:StandaloneAck) (B:26)[0m
[0;34m[1784656594.323] [11870:11872] [EM] Flushed pending ack for MessageCounter:109318023 on exchange 48608i[0m
[0;32m[1784656594.334] [11870:11872] [EM] >>> [E:48609i S:19471 M:75379911 (Ack:200814234)] (S) Msg RX from 1:0000000000000001 [8FD1] to 000000000001B669 --- Type 0001:09 (IM:InvokeCommandResponse) (B:70)[0m
[0;34m[1784656594.334] [11870:11872] [EM] Found matching exchange: 48609i, Delegate: 0x76c45000eef8[0m
[0;34m[1784656594.334] [11870:11872] [EM] Rxd Ack; Removing MessageCounter:200814234 from Retrans Table on exchange 48609i[0m
[0;34m[1784656594.334] [11870:11872] [DMG] ICR moving to [ResponseRe][0m
[0;34m[1784656594.334] [11870:11872] [DMG] InvokeResponseMessage =[0m
[0;34m[1784656594.334] [11870:11872] [DMG] {[0m
[0;34m[1784656594.334] [11870:11872] [DMG] 	suppressResponse = false, [0m
[0;34m[1784656594.334] [11870:11872] [DMG] 	InvokeResponseIBs =[0m
[0;34m[1784656594.334] [11870:11872] [DMG] 	[[0m
[0;34m[1784656594.334] [11870:11872] [DMG] 		InvokeResponseIB =[0m
[0;34m[1784656594.334] [11870:11872] [DMG] 		{[0m
[0;34m[1784656594.334] [11870:11872] [DMG] 			CommandDataIB =[0m
[0;34m[1784656594.334] [11870:11872] [DMG] 			{[0m
[0;34m[1784656594.334] [11870:11872] [DMG] 				CommandPathIB =[0m
[0;34m[1784656594.334] [11870:11872] [DMG] 				{[0m
[0;34m[1784656594.334] [11870:11872] [DMG] 					EndpointId = 0x0,[0m
[0;34m[1784656594.334] [11870:11872] [DMG] 					ClusterId = 0x3e,[0m
[0;34m[1784656594.334] [11870:11872] [DMG] 					CommandId = 0x8,[0m
[0;34m[1784656594.334] [11870:11872] [DMG] 				},[0m
[0;34m[1784656594.334] [11870:11872] [DMG] 				[0m
[0;34m[1784656594.334] [11870:11872] [DMG] 				CommandFields = [0m
[0;34m[1784656594.334] [11870:11872] [DMG] 				{[0m
[0;34m[1784656594.334] [11870:11872] [DMG] 					0x0 = 0 (unsigned), [0m
[0;34m[1784656594.334] [11870:11872] [DMG] 					0x1 = 1 (unsigned), [0m
[0;34m[1784656594.334] [11870:11872] [DMG] 				},[0m
[0;34m[1784656594.334] [11870:11872] [DMG] 			},[0m
[0;34m[1784656594.334] [11870:11872] [DMG] 			[0m
[0;34m[1784656594.334] [11870:11872] [DMG] 		},[0m
[0;34m[1784656594.334] [11870:11872] [DMG] 		[0m
[0;34m[1784656594.334] [11870:11872] [DMG] 	],[0m
[0;34m[1784656594.334] [11870:11872] [DMG] 	[0m
[0;34m[1784656594.334] [11870:11872] [DMG] 	InteractionModelRevision = 12[0m
[0;34m[1784656594.334] [11870:11872] [DMG] },[0m
[0;32m[1784656594.334] [11870:11872] [DMG] Received Command Response Data, Endpoint=0 Cluster=0x0000_003E Command=0x0000_0008[0m
[0;32m[1784656594.334] [11870:11872] [TOO] Endpoint: 0 Cluster: 0x0000_003E Command 0x0000_0008[0m
[0;32m[1784656594.334] [11870:11872] [TOO]   NOCResponse: {[0m
[0;32m[1784656594.334] [11870:11872] [TOO]     statusCode: 0[0m
[0;32m[1784656594.334] [11870:11872] [TOO]     fabricIndex: 1[0m
[0;32m[1784656594.334] [11870:11872] [TOO]    }[0m
[0;34m[1784656594.334] [11870:11872] [DMG] ICR moving to [AwaitingDe][0m
[0;32m[1784656594.334] [11870:11872] [EM] <<< [E:48609i S:19471 M:200814235 (Ack:75379911)] (S) Msg TX from 000000000001B669 to 1:0000000000000001 [8FD1] [UDP:[fe80::bfe:a203:38f0:bce7%enp0s3]:5540] --- Type 0000:10 (SecureChannel:StandaloneAck) (B:34)[0m
[0;34m[1784656594.334] [11870:11872] [EM] Flushed pending ack for MessageCounter:75379911 on exchange 48609i[0m
[0;34m[1784656594.334] [11870:11870] [CTL] Shutting down the commissioner[0m
[0;32m[1784656594.334] [11870:11870] [PAF] WiFiPAF: Closing all WiFiPAF sessions to shutdown[0m
[0;34m[1784656594.334] [11870:11870] [CTL] Shutting down the controller[0m
[0;34m[1784656594.334] [11870:11870] [IN] Expiring all sessions for fabric 0x1!![0m
[0;34m[1784656594.334] [11870:11870] [IN] SecureSession[0x76c450009cd0]: MarkForEviction Type:2 LSID:19471[0m
[0;32m[1784656594.334] [11870:11870] [SC] SecureSession[0x76c450009cd0, LSID:19471]: State change 'kActive' --> 'kPendingEviction'[0m
[0;34m[1784656594.334] [11870:11870] [IN] SecureSession[0x76c450009cd0]: Released - Type:2 LSID:19471[0m
[0;32m[1784656594.334] [11870:11870] [FP] Forgetting fabric 0x1[0m
[0;32m[1784656594.334] [11870:11870] [TS] Pending Last Known Good Time: 2023-10-14T01:16:48[0m
[0;32m[1784656594.334] [11870:11870] [TS] Previous Last Known Good Time: 2023-10-14T01:16:48[0m
[0;32m[1784656594.334] [11870:11870] [TS] Reverted Last Known Good Time to previous value[0m
[0;34m[1784656594.334] [11870:11870] [CTL] Shutting down the commissioner[0m
[0;32m[1784656594.334] [11870:11870] [PAF] WiFiPAF: Closing all WiFiPAF sessions to shutdown[0m
[0;34m[1784656594.334] [11870:11870] [CTL] Shutting down the controller[0m
[0;34m[1784656594.334] [11870:11870] [CTL] Shutting down the System State, this will teardown the CHIP Stack[0m
[0;34m[1784656594.334] [11870:11870] [DMG] All ReadHandler-s are clean, clear GlobalDirtySet[0m
[0;32m[1784656594.334] [11870:11870] [FP] Shutting down FabricTable[0m
[0;32m[1784656594.334] [11870:11870] [TS] Pending Last Known Good Time: 2023-10-14T01:16:48[0m
[0;32m[1784656594.334] [11870:11870] [TS] Previous Last Known Good Time: 2023-10-14T01:16:48[0m
[0;32m[1784656594.334] [11870:11870] [TS] Reverted Last Known Good Time to previous value[0m
[0;34m[1784656594.337] [11870:11870] [DL] Wrote settings to /tmp/chip_counters.ini[0m
[0;32m[1784656594.337] [11870:11870] [DL] NVS set: chip-counters/total-operational-hours = 0 (0x0)[0m
[0;32m[1784656594.337] [11870:11870] [DL] Inet Layer shutdown[0m
[0;32m[1784656594.337] [11870:11870] [DL] BLE Layer shutdown[0m
[0;32m[1784656594.337] [11870:11870] [DL] WiFi-PAF Layer shutdown[0m
[0;32m[1784656594.337] [11870:11870] [PAF] WiFiPAF: Closing all WiFiPAF sessions to shutdown[0m
[0;32m[1784656594.337] [11870:11870] [DL] System Layer shutdown[0m
