[0;34m[1784837725.613] [21730:21730] [DL] ChipLinuxStorage::Init: Using KVS config file: /tmp/chip_tool_kvs[0m
[1;31m[1784837725.613] [21730:21730] [DL] ChipLinuxStorage::Init: Attempt to re-initialize with KVS config file: /tmp/chip_kvs, IGNORING.[0m
[0;34m[1784837725.615] [21730:21730] [DL] ChipLinuxStorage::Init: Using KVS config file: /tmp/chip_factory.ini[0m
[0;34m[1784837725.615] [21730:21730] [DL] ChipLinuxStorage::Init: Using KVS config file: /tmp/chip_config.ini[0m
[0;34m[1784837725.615] [21730:21730] [DL] ChipLinuxStorage::Init: Using KVS config file: /tmp/chip_counters.ini[0m
[0;34m[1784837725.619] [21730:21730] [DL] Wrote settings to /tmp/chip_counters.ini[0m
[0;32m[1784837725.619] [21730:21730] [DL] NVS set: chip-counters/reboot-count = 3 (0x3)[0m
[0;32m[1784837725.619] [21730:21730] [DL] Got Ethernet interface: enp0s3[0m
[0;32m[1784837725.619] [21730:21730] [DL] Found the primary Ethernet interface:enp0s3[0m
[1;31m[1784837725.619] [21730:21730] [DL] Failed to get WiFi interface[0m
[1;31m[1784837725.619] [21730:21730] [DL] Failed to reset WiFi statistic counts[0m
[0;32m[1784837725.619] [21730:21730] [PAF] WiFiPAF: WiFiPAFLayer::Init()[0m
[0;34m[1784837725.619] [21730:21730] [IN] UDP::Init bind&listen port=0[0m
[0;34m[1784837725.619] [21730:21730] [IN] UDP::Init bound to port=38533[0m
[0;34m[1784837725.619] [21730:21730] [IN] UDP::Init bind&listen port=0[0m
[0;34m[1784837725.619] [21730:21730] [IN] UDP::Init bound to port=36396[0m
[0;34m[1784837725.619] [21730:21730] [IN] BLEBase::Init - setting/overriding transport[0m
[0;34m[1784837725.619] [21730:21730] [IN] WiFiPAFBase::Init - setting/overriding transport[0m
[0;34m[1784837725.619] [21730:21730] [IN] TransportMgr initialized[0m
[0;34m[1784837725.619] [21730:21730] [FP] Initializing FabricTable from persistent storage[0m
[0;32m[1784837725.619] [21730:21730] [TS] Last Known Good Time: 2023-10-14T01:16:48[0m
[0;32m[1784837725.619] [21730:21730] [FP] Fabric index 0x1 was retrieved from storage. Compressed FabricId 0xD862DCCBDE007ACA, FabricId 0x0000000000000001, NodeId 0x000000000001B669, VendorId 0xFFF1[0m
[0;32m[1784837725.620] [21730:21730] [DMG] Ember attribute persistence requires setting up[0m
[0;32m[1784837725.620] [21730:21730] [ZCL] Using ZAP configuration...[0m
[0;34m[1784837725.621] [21730:21730] [CTL] System State Initialized...[0m
[0;32m[1784837725.621] [21730:21730] [CTL] Setting attestation nonce to random value[0m
[0;32m[1784837725.621] [21730:21730] [CTL] Setting CSR nonce to random value[0m
[0;34m[1784837725.621] [21730:21732] [DL] CHIP task running[0m
[0;32m[1784837725.621] [21730:21732] [CTL] Setting attestation nonce to random value[0m
[0;32m[1784837725.621] [21730:21732] [CTL] Setting CSR nonce to random value[0m
[0;32m[1784837725.621] [21730:21732] [CTL] Generating NOC[0m
[0;32m[1784837725.621] [21730:21732] [FP] Validating NOC chain[0m
[0;32m[1784837725.622] [21730:21732] [FP] NOC chain validation successful[0m
[0;32m[1784837725.622] [21730:21732] [FP] Updated fabric at index: 0x1, Node ID: 0x000000000001B669[0m
[0;32m[1784837725.622] [21730:21732] [TS] Last Known Good Time: 2023-10-14T01:16:48[0m
[0;32m[1784837725.622] [21730:21732] [TS] New proposed Last Known Good Time: 2021-01-01T00:00:00[0m
[0;32m[1784837725.622] [21730:21732] [TS] Retaining current Last Known Good Time[0m
[0;32m[1784837725.623] [21730:21732] [FP] Metadata for Fabric 0x1 persisted to storage.[0m
[0;32m[1784837725.624] [21730:21732] [TS] Committing Last Known Good Time to storage: 2023-10-14T01:16:48[0m
[0;32m[1784837725.624] [21730:21732] [CTL] Joined the fabric at index 1. Fabric ID is 0x0000000000000001 (Compressed Fabric ID: D862DCCBDE007ACA)[0m
[0;32m[1784837725.628] [21730:21732] [TOO] Sending command to node 0x1[0m
[0;34m[1784837725.628] [21730:21732] [CSM] FindOrEstablishSession: PeerId = [1:0000000000000001][0m
[0;34m[1784837725.628] [21730:21732] [CSM] FindOrEstablishSession: No existing OperationalSessionSetup instance found[0m
[0;34m[1784837725.628] [21730:21732] [DIS] OperationalSessionSetup[1:0000000000000001]: State change 1 --> 2[0m
[0;32m[1784837725.629] [21730:21732] [DIS] Lookup started for D862DCCBDE007ACA-0000000000000001[0m
[0;32m[1784837725.629] [21730:21732] [DIS] UDP:[fe80::bfe:a203:38f0:bce7%enp0s3]:5540: new best score: 7 (for D862DCCBDE007ACA-0000000000000001)[0m
[0;34m[1784837725.629] [21730:21732] [DIS] Lookup clearing interface for non LL address[0m
[0;32m[1784837725.629] [21730:21732] [DIS] UDP:10.0.2.15%enp0s3:5540: new best score: 2 (for D862DCCBDE007ACA-0000000000000001)[0m
[0;32m[1784837725.629] [21730:21732] [DIS] Checking node lookup status for D862DCCBDE007ACA-0000000000000001 after 1 ms[0m
[0;32m[1784837725.629] [21730:21732] [DIS] Keeping DNSSD lookup active[0m
[0;32m[1784837725.629] [21730:21732] [DIS] UDP:[fe80::bfe:a203:38f0:bce7%enp0s3]:5540: score has not improved: 7 (for D862DCCBDE007ACA-0000000000000001)[0m
[0;34m[1784837725.629] [21730:21732] [DIS] Lookup clearing interface for non LL address[0m
[0;32m[1784837725.629] [21730:21732] [DIS] UDP:10.0.2.15%enp0s3:5540: score has not improved: 2 (for D862DCCBDE007ACA-0000000000000001)[0m
[0;32m[1784837725.629] [21730:21732] [DIS] Checking node lookup status for D862DCCBDE007ACA-0000000000000001 after 1 ms[0m
[0;32m[1784837725.629] [21730:21732] [DIS] Keeping DNSSD lookup active[0m
[0;32m[1784837725.831] [21730:21732] [DIS] Checking node lookup status for D862DCCBDE007ACA-0000000000000001 after 203 ms[0m
[0;34m[1784837725.831] [21730:21732] [DIS] OperationalSessionSetup[1:0000000000000001]: Updating device address to UDP:[fe80::bfe:a203:38f0:bce7%enp0s3]:5540 while in state 2[0m
[0;34m[1784837725.831] [21730:21732] [DIS] OperationalSessionSetup[1:0000000000000001]: State change 2 --> 3[0m
[0;34m[1784837725.831] [21730:21732] [IN] SecureSession[0x7e0724009cd0]: Allocated Type:2 LSID:134[0m
[0;32m[1784837725.831] [21730:21732] [SC] Initiating session on local FabricIndex 1 from 0x000000000001B669 -> 0x0000000000000001[0m
[0;32m[1784837725.831] [21730:21732] [EM] <<< [E:7249i S:0 M:124022543] (U) Msg TX from B5BF09BA5844E95A to 0:0000000000000000 [0000] [UDP:[fe80::bfe:a203:38f0:bce7%enp0s3]:5540] --- Type 0000:30 (SecureChannel:CASE_Sigma1) (B:195)[0m
[0;32m[1784837725.832] [21730:21732] [EM] ??1 [E:7249i S:0 M:124022543] (U) Msg Retransmission to 0:0000000000000000 scheduled for 677ms from now [State:Idle II:500 AI:300 AT:4000][0m
[0;32m[1784837725.832] [21730:21732] [SC] Sent Sigma1 msg to <0000000000000001, 1> [II:500ms AI:300ms AT:4000ms][0m
[0;34m[1784837725.832] [21730:21732] [DIS] OperationalSessionSetup[1:0000000000000001]: State change 3 --> 4[0m
[0;32m[1784837725.833] [21730:21732] [EM] >>> [E:7249i S:0 M:182441975 (Ack:124022543)] (U) Msg RX from 0:0000000000000000 [0000] to B5BF09BA5844E95A --- Type 0000:31 (SecureChannel:CASE_Sigma2) (B:751)[0m
[0;34m[1784837725.833] [21730:21732] [EM] Found matching exchange: 7249i, Delegate: 0x7e072400b8e8[0m
[0;34m[1784837725.833] [21730:21732] [EM] Rxd Ack; Removing MessageCounter:124022543 from Retrans Table on exchange 7249i[0m
[0;32m[1784837725.833] [21730:21732] [SC] Received Sigma2 msg[0m
[0;34m[1784837725.833] [21730:21732] [SC] Found MRP parameters in the message[0m
[0;34m[1784837725.834] [21730:21732] [SC] Peer <0000000000000001, 1> assigned session ID 814[0m
[0;34m[1784837725.834] [21730:21732] [SC] Sending Sigma3[0m
[0;32m[1784837725.834] [21730:21732] [EM] <<< [E:7249i S:0 M:124022544 (Ack:182441975)] (U) Msg TX from B5BF09BA5844E95A to 0:0000000000000000 [0000] [UDP:[fe80::bfe:a203:38f0:bce7%enp0s3]:5540] --- Type 0000:32 (SecureChannel:CASE_Sigma3) (B:598)[0m
[0;32m[1784837725.834] [21730:21732] [EM] ??1 [E:7249i S:0 M:124022544] (U) Msg Retransmission to 0:0000000000000000 scheduled for 362ms from now [State:Active II:500 AI:300 AT:4000][0m
[0;32m[1784837725.834] [21730:21732] [SC] Sent Sigma3 msg[0m
[0;32m[1784837725.846] [21730:21732] [EM] >>> [E:7249i S:0 M:182441976 (Ack:124022544)] (U) Msg RX from 0:0000000000000000 [0000] to B5BF09BA5844E95A --- Type 0000:40 (SecureChannel:StatusReport) (B:34)[0m
[0;34m[1784837725.846] [21730:21732] [EM] Found matching exchange: 7249i, Delegate: 0x7e072400b8e8[0m
[0;34m[1784837725.846] [21730:21732] [EM] Rxd Ack; Removing MessageCounter:124022544 from Retrans Table on exchange 7249i[0m
[0;32m[1784837725.846] [21730:21732] [SC] Success status report received. Session was established[0m
[0;32m[1784837725.847] [21730:21732] [SC] SecureSession[0x7e0724009cd0, LSID:134]: State change 'kEstablishing' --> 'kActive'[0m
[0;34m[1784837725.847] [21730:21732] [IN] SecureSession[0x7e0724009cd0]: Activated - Type:2 LSID:134[0m
[0;34m[1784837725.847] [21730:21732] [IN] New secure session activated for device <0000000000000001, 1>, LSID:134 PSID:814![0m
[0;34m[1784837725.847] [21730:21732] [DIS] OperationalSessionSetup[1:0000000000000001]: State change 4 --> 5[0m
[0;32m[1784837725.847] [21730:21732] [TOO] Sending ReadAttribute to:[0m
[0;32m[1784837725.847] [21730:21732] [TOO] 	cluster 0x0000_0038, attribute: 0x0000_0000, endpoint 0[0m
[0;34m[1784837725.847] [21730:21732] [DMG] SendReadRequest ReadClient[0x7e072400eef0]: Sending Read Request[0m
[0;32m[1784837725.847] [21730:21732] [DMG] 0 data version filters provided, 0 not relevant, 0 encoded, 0 skipped due to lack of space[0m
[0;32m[1784837725.847] [21730:21732] [EM] <<< [E:7250i S:134 M:195970601] (S) Msg TX from 000000000001B669 to 1:0000000000000001 [7ACA] [UDP:[fe80::bfe:a203:38f0:bce7%enp0s3]:5540] --- Type 0001:02 (IM:ReadRequest) (B:51)[0m
[0;32m[1784837725.848] [21730:21732] [EM] ??1 [E:7250i S:134 M:195970601] (S) Msg Retransmission to 1:0000000000000001 scheduled for 343ms from now [State:Active II:500 AI:300 AT:4000][0m
[0;34m[1784837725.848] [21730:21732] [DMG] MoveToState ReadClient[0x7e072400eef0]: Moving to [AwaitingIn][0m
[0;32m[1784837725.848] [21730:21732] [EM] <<< [E:7249i S:0 M:124022545 (Ack:182441976)] (U) Msg TX from B5BF09BA5844E95A to 0:0000000000000000 [0000] [UDP:[fe80::bfe:a203:38f0:bce7%enp0s3]:5540] --- Type 0000:10 (SecureChannel:StandaloneAck) (B:26)[0m
[0;34m[1784837725.848] [21730:21732] [EM] Flushed pending ack for MessageCounter:182441976 on exchange 7249i[0m
[0;32m[1784837725.848] [21730:21732] [EM] >>> [E:7250i S:134 M:247672051 (Ack:195970601)] (S) Msg RX from 1:0000000000000001 [7ACA] to 000000000001B669 --- Type 0001:05 (IM:ReportData) (B:77)[0m
[0;34m[1784837725.848] [21730:21732] [EM] Found matching exchange: 7250i, Delegate: 0x7e072400ef00[0m
[0;34m[1784837725.848] [21730:21732] [EM] Rxd Ack; Removing MessageCounter:195970601 from Retrans Table on exchange 7250i[0m
[0;34m[1784837725.848] [21730:21732] [DMG] ReportDataMessage =[0m
[0;34m[1784837725.848] [21730:21732] [DMG] {[0m
[0;34m[1784837725.848] [21730:21732] [DMG] 	AttributeReportIBs =[0m
[0;34m[1784837725.848] [21730:21732] [DMG] 	[[0m
[0;34m[1784837725.848] [21730:21732] [DMG] 		AttributeReportIB =[0m
[0;34m[1784837725.848] [21730:21732] [DMG] 		{[0m
[0;34m[1784837725.848] [21730:21732] [DMG] 			AttributeDataIB =[0m
[0;34m[1784837725.848] [21730:21732] [DMG] 			{[0m
[0;34m[1784837725.848] [21730:21732] [DMG] 				DataVersion = 0xeb5d5bbc,[0m
[0;34m[1784837725.848] [21730:21732] [DMG] 				AttributePathIB =[0m
[0;34m[1784837725.848] [21730:21732] [DMG] 				{[0m
[0;34m[1784837725.848] [21730:21732] [DMG] 					Endpoint = 0x0,[0m
[0;34m[1784837725.848] [21730:21732] [DMG] 					Cluster = 0x38,[0m
[0;34m[1784837725.848] [21730:21732] [DMG] 					Attribute = 0x0000_0000,[0m
[0;34m[1784837725.848] [21730:21732] [DMG] 				}[0m
[0;34m[1784837725.848] [21730:21732] [DMG] 					[0m
[0;34m[1784837725.848] [21730:21732] [DMG] 				Data = 838152925848394 (unsigned), [0m
[0;34m[1784837725.848] [21730:21732] [DMG] 			},[0m
[0;34m[1784837725.848] [21730:21732] [DMG] 			[0m
[0;34m[1784837725.848] [21730:21732] [DMG] 		},[0m
[0;34m[1784837725.848] [21730:21732] [DMG] 		[0m
[0;34m[1784837725.848] [21730:21732] [DMG] 	],[0m
[0;34m[1784837725.848] [21730:21732] [DMG] 	[0m
[0;34m[1784837725.848] [21730:21732] [DMG] 	SuppressResponse = true, [0m
[0;34m[1784837725.848] [21730:21732] [DMG] 	InteractionModelRevision = 12[0m
[0;34m[1784837725.848] [21730:21732] [DMG] }[0m
[0;32m[1784837725.848] [21730:21732] [TOO] Endpoint: 0 Cluster: 0x0000_0038 Attribute 0x0000_0000 DataVersion: 3948764092[0m
[0;32m[1784837725.848] [21730:21732] [TOO]   UTCTime: 838152925848394[0m
[0;32m[1784837725.848] [21730:21732] [EM] <<< [E:7250i S:134 M:195970602 (Ack:247672051)] (S) Msg TX from 000000000001B669 to 1:0000000000000001 [7ACA] [UDP:[fe80::bfe:a203:38f0:bce7%enp0s3]:5540] --- Type 0000:10 (SecureChannel:StandaloneAck) (B:34)[0m
[0;34m[1784837725.848] [21730:21732] [EM] Flushed pending ack for MessageCounter:247672051 on exchange 7250i[0m
[0;34m[1784837725.849] [21730:21730] [CTL] Shutting down the commissioner[0m
[0;32m[1784837725.849] [21730:21730] [PAF] WiFiPAF: Closing all WiFiPAF sessions to shutdown[0m
[0;34m[1784837725.849] [21730:21730] [CTL] Shutting down the controller[0m
[0;34m[1784837725.849] [21730:21730] [IN] Expiring all sessions for fabric 0x1!![0m
[0;34m[1784837725.849] [21730:21730] [IN] SecureSession[0x7e0724009cd0]: MarkForEviction Type:2 LSID:134[0m
[0;32m[1784837725.849] [21730:21730] [SC] SecureSession[0x7e0724009cd0, LSID:134]: State change 'kActive' --> 'kPendingEviction'[0m
[0;34m[1784837725.849] [21730:21730] [IN] SecureSession[0x7e0724009cd0]: Released - Type:2 LSID:134[0m
[0;32m[1784837725.849] [21730:21730] [FP] Forgetting fabric 0x1[0m
[0;32m[1784837725.849] [21730:21730] [TS] Pending Last Known Good Time: 2023-10-14T01:16:48[0m
[0;32m[1784837725.849] [21730:21730] [TS] Previous Last Known Good Time: 2023-10-14T01:16:48[0m
[0;32m[1784837725.849] [21730:21730] [TS] Reverted Last Known Good Time to previous value[0m
[0;34m[1784837725.849] [21730:21730] [CTL] Shutting down the commissioner[0m
[0;32m[1784837725.849] [21730:21730] [PAF] WiFiPAF: Closing all WiFiPAF sessions to shutdown[0m
[0;34m[1784837725.849] [21730:21730] [CTL] Shutting down the controller[0m
[0;34m[1784837725.849] [21730:21730] [CTL] Shutting down the System State, this will teardown the CHIP Stack[0m
[0;34m[1784837725.849] [21730:21730] [DMG] All ReadHandler-s are clean, clear GlobalDirtySet[0m
[0;32m[1784837725.849] [21730:21730] [FP] Shutting down FabricTable[0m
[0;32m[1784837725.849] [21730:21730] [TS] Pending Last Known Good Time: 2023-10-14T01:16:48[0m
[0;32m[1784837725.849] [21730:21730] [TS] Previous Last Known Good Time: 2023-10-14T01:16:48[0m
[0;32m[1784837725.849] [21730:21730] [TS] Reverted Last Known Good Time to previous value[0m
[0;34m[1784837725.851] [21730:21730] [DL] Wrote settings to /tmp/chip_counters.ini[0m
[0;32m[1784837725.851] [21730:21730] [DL] NVS set: chip-counters/total-operational-hours = 0 (0x0)[0m
[0;32m[1784837725.851] [21730:21730] [DL] Inet Layer shutdown[0m
[0;32m[1784837725.851] [21730:21730] [DL] BLE Layer shutdown[0m
[0;32m[1784837725.851] [21730:21730] [DL] WiFi-PAF Layer shutdown[0m
[0;32m[1784837725.851] [21730:21730] [PAF] WiFiPAF: Closing all WiFiPAF sessions to shutdown[0m
[0;32m[1784837725.851] [21730:21730] [DL] System Layer shutdown[0m
