[0;34m[1784656109.675] [10256:10256] [DL] ChipLinuxStorage::Init: Using KVS config file: /tmp/chip_tool_kvs[0m
[1;31m[1784656109.676] [10256:10256] [DL] ChipLinuxStorage::Init: Attempt to re-initialize with KVS config file: /tmp/chip_kvs, IGNORING.[0m
[0;34m[1784656109.677] [10256:10256] [DL] ChipLinuxStorage::Init: Using KVS config file: /tmp/chip_factory.ini[0m
[0;34m[1784656109.677] [10256:10256] [DL] ChipLinuxStorage::Init: Using KVS config file: /tmp/chip_config.ini[0m
[0;34m[1784656109.677] [10256:10256] [DL] ChipLinuxStorage::Init: Using KVS config file: /tmp/chip_counters.ini[0m
[0;34m[1784656109.680] [10256:10256] [DL] Wrote settings to /tmp/chip_counters.ini[0m
[0;32m[1784656109.680] [10256:10256] [DL] NVS set: chip-counters/reboot-count = 3 (0x3)[0m
[0;32m[1784656109.680] [10256:10256] [DL] Got Ethernet interface: enp0s3[0m
[0;32m[1784656109.680] [10256:10256] [DL] Found the primary Ethernet interface:enp0s3[0m
[1;31m[1784656109.680] [10256:10256] [DL] Failed to get WiFi interface[0m
[1;31m[1784656109.680] [10256:10256] [DL] Failed to reset WiFi statistic counts[0m
[0;32m[1784656109.680] [10256:10256] [PAF] WiFiPAF: WiFiPAFLayer::Init()[0m
[0;34m[1784656109.680] [10256:10256] [IN] UDP::Init bind&listen port=0[0m
[0;34m[1784656109.680] [10256:10256] [IN] UDP::Init bound to port=36237[0m
[0;34m[1784656109.680] [10256:10256] [IN] UDP::Init bind&listen port=0[0m
[0;34m[1784656109.680] [10256:10256] [IN] UDP::Init bound to port=60401[0m
[0;34m[1784656109.680] [10256:10256] [IN] BLEBase::Init - setting/overriding transport[0m
[0;34m[1784656109.680] [10256:10256] [IN] WiFiPAFBase::Init - setting/overriding transport[0m
[0;34m[1784656109.680] [10256:10256] [IN] TransportMgr initialized[0m
[0;34m[1784656109.680] [10256:10256] [FP] Initializing FabricTable from persistent storage[0m
[0;32m[1784656109.680] [10256:10256] [TS] Last Known Good Time: 2023-10-14T01:16:48[0m
[0;32m[1784656109.681] [10256:10256] [FP] Fabric index 0x1 was retrieved from storage. Compressed FabricId 0xDA368C9D601B0A02, FabricId 0x0000000000000001, NodeId 0x000000000001B669, VendorId 0xFFF1[0m
[0;32m[1784656109.682] [10256:10256] [DMG] Ember attribute persistence requires setting up[0m
[0;32m[1784656109.682] [10256:10256] [ZCL] Using ZAP configuration...[0m
[0;34m[1784656109.682] [10256:10256] [CTL] System State Initialized...[0m
[0;32m[1784656109.682] [10256:10256] [CTL] Setting attestation nonce to random value[0m
[0;32m[1784656109.682] [10256:10256] [CTL] Setting CSR nonce to random value[0m
[0;34m[1784656109.683] [10256:10258] [DL] CHIP task running[0m
[0;32m[1784656109.683] [10256:10258] [CTL] Setting attestation nonce to random value[0m
[0;32m[1784656109.683] [10256:10258] [CTL] Setting CSR nonce to random value[0m
[0;32m[1784656109.683] [10256:10258] [CTL] Generating NOC[0m
[0;32m[1784656109.683] [10256:10258] [FP] Validating NOC chain[0m
[0;32m[1784656109.683] [10256:10258] [FP] NOC chain validation successful[0m
[0;32m[1784656109.683] [10256:10258] [FP] Updated fabric at index: 0x1, Node ID: 0x000000000001B669[0m
[0;32m[1784656109.683] [10256:10258] [TS] Last Known Good Time: 2023-10-14T01:16:48[0m
[0;32m[1784656109.683] [10256:10258] [TS] New proposed Last Known Good Time: 2021-01-01T00:00:00[0m
[0;32m[1784656109.683] [10256:10258] [TS] Retaining current Last Known Good Time[0m
[0;32m[1784656109.685] [10256:10258] [FP] Metadata for Fabric 0x1 persisted to storage.[0m
[0;32m[1784656109.686] [10256:10258] [TS] Committing Last Known Good Time to storage: 2023-10-14T01:16:48[0m
[0;32m[1784656109.687] [10256:10258] [CTL] Joined the fabric at index 1. Fabric ID is 0x0000000000000001 (Compressed Fabric ID: DA368C9D601B0A02)[0m
[0;32m[1784656109.690] [10256:10258] [TOO] Sending command to node 0x1[0m
[0;34m[1784656109.690] [10256:10258] [CSM] FindOrEstablishSession: PeerId = [1:0000000000000001][0m
[0;34m[1784656109.690] [10256:10258] [CSM] FindOrEstablishSession: No existing OperationalSessionSetup instance found[0m
[0;34m[1784656109.690] [10256:10258] [DIS] OperationalSessionSetup[1:0000000000000001]: State change 1 --> 2[0m
[0;32m[1784656109.690] [10256:10258] [DIS] Lookup started for DA368C9D601B0A02-0000000000000001[0m
[0;32m[1784656109.691] [10256:10258] [DIS] UDP:[fe80::bfe:a203:38f0:bce7%enp0s3]:5540: new best score: 7 (for DA368C9D601B0A02-0000000000000001)[0m
[0;34m[1784656109.691] [10256:10258] [DIS] Lookup clearing interface for non LL address[0m
[0;32m[1784656109.691] [10256:10258] [DIS] UDP:10.0.2.15%enp0s3:5540: new best score: 2 (for DA368C9D601B0A02-0000000000000001)[0m
[0;32m[1784656109.691] [10256:10258] [DIS] Checking node lookup status for DA368C9D601B0A02-0000000000000001 after 2 ms[0m
[0;32m[1784656109.691] [10256:10258] [DIS] Keeping DNSSD lookup active[0m
[0;32m[1784656109.691] [10256:10258] [DIS] UDP:[fe80::bfe:a203:38f0:bce7%enp0s3]:5540: score has not improved: 7 (for DA368C9D601B0A02-0000000000000001)[0m
[0;34m[1784656109.691] [10256:10258] [DIS] Lookup clearing interface for non LL address[0m
[0;32m[1784656109.691] [10256:10258] [DIS] UDP:10.0.2.15%enp0s3:5540: score has not improved: 2 (for DA368C9D601B0A02-0000000000000001)[0m
[0;32m[1784656109.691] [10256:10258] [DIS] Checking node lookup status for DA368C9D601B0A02-0000000000000001 after 2 ms[0m
[0;32m[1784656109.691] [10256:10258] [DIS] Keeping DNSSD lookup active[0m
[0;32m[1784656109.896] [10256:10258] [DIS] Checking node lookup status for DA368C9D601B0A02-0000000000000001 after 207 ms[0m
[0;34m[1784656109.896] [10256:10258] [DIS] OperationalSessionSetup[1:0000000000000001]: Updating device address to UDP:[fe80::bfe:a203:38f0:bce7%enp0s3]:5540 while in state 2[0m
[0;34m[1784656109.896] [10256:10258] [DIS] OperationalSessionSetup[1:0000000000000001]: State change 2 --> 3[0m
[0;34m[1784656109.896] [10256:10258] [IN] SecureSession[0x71a450009cd0]: Allocated Type:2 LSID:30277[0m
[0;32m[1784656109.896] [10256:10258] [SC] Initiating session on local FabricIndex 1 from 0x000000000001B669 -> 0x0000000000000001[0m
[0;32m[1784656109.896] [10256:10258] [EM] <<< [E:5805i S:0 M:217542046] (U) Msg TX from B63B46D96368348F to 0:0000000000000000 [0000] [UDP:[fe80::bfe:a203:38f0:bce7%enp0s3]:5540] --- Type 0000:30 (SecureChannel:CASE_Sigma1) (B:196)[0m
[0;32m[1784656109.897] [10256:10258] [EM] ??1 [E:5805i S:0 M:217542046] (U) Msg Retransmission to 0:0000000000000000 scheduled for 613ms from now [State:Idle II:500 AI:300 AT:4000][0m
[0;32m[1784656109.897] [10256:10258] [SC] Sent Sigma1 msg to <0000000000000001, 1> [II:500ms AI:300ms AT:4000ms][0m
[0;34m[1784656109.897] [10256:10258] [DIS] OperationalSessionSetup[1:0000000000000001]: State change 3 --> 4[0m
[0;32m[1784656109.899] [10256:10258] [EM] >>> [E:5805i S:0 M:218035318 (Ack:217542046)] (U) Msg RX from 0:0000000000000000 [0000] to B63B46D96368348F --- Type 0000:31 (SecureChannel:CASE_Sigma2) (B:751)[0m
[0;34m[1784656109.899] [10256:10258] [EM] Found matching exchange: 5805i, Delegate: 0x71a45000b8e8[0m
[0;34m[1784656109.899] [10256:10258] [EM] Rxd Ack; Removing MessageCounter:217542046 from Retrans Table on exchange 5805i[0m
[0;32m[1784656109.899] [10256:10258] [SC] Received Sigma2 msg[0m
[0;34m[1784656109.899] [10256:10258] [SC] Found MRP parameters in the message[0m
[0;34m[1784656109.900] [10256:10258] [SC] Peer <0000000000000001, 1> assigned session ID 36964[0m
[0;34m[1784656109.900] [10256:10258] [SC] Sending Sigma3[0m
[0;32m[1784656109.900] [10256:10258] [EM] <<< [E:5805i S:0 M:217542047 (Ack:218035318)] (U) Msg TX from B63B46D96368348F to 0:0000000000000000 [0000] [UDP:[fe80::bfe:a203:38f0:bce7%enp0s3]:5540] --- Type 0000:32 (SecureChannel:CASE_Sigma3) (B:598)[0m
[0;32m[1784656109.900] [10256:10258] [EM] ??1 [E:5805i S:0 M:217542047] (U) Msg Retransmission to 0:0000000000000000 scheduled for 377ms from now [State:Active II:500 AI:300 AT:4000][0m
[0;32m[1784656109.900] [10256:10258] [SC] Sent Sigma3 msg[0m
[0;32m[1784656109.910] [10256:10258] [EM] >>> [E:5805i S:0 M:218035319 (Ack:217542047)] (U) Msg RX from 0:0000000000000000 [0000] to B63B46D96368348F --- Type 0000:40 (SecureChannel:StatusReport) (B:34)[0m
[0;34m[1784656109.910] [10256:10258] [EM] Found matching exchange: 5805i, Delegate: 0x71a45000b8e8[0m
[0;34m[1784656109.910] [10256:10258] [EM] Rxd Ack; Removing MessageCounter:217542047 from Retrans Table on exchange 5805i[0m
[0;32m[1784656109.910] [10256:10258] [SC] Success status report received. Session was established[0m
[0;32m[1784656109.911] [10256:10258] [SC] SecureSession[0x71a450009cd0, LSID:30277]: State change 'kEstablishing' --> 'kActive'[0m
[0;34m[1784656109.911] [10256:10258] [IN] SecureSession[0x71a450009cd0]: Activated - Type:2 LSID:30277[0m
[0;34m[1784656109.911] [10256:10258] [IN] New secure session activated for device <0000000000000001, 1>, LSID:30277 PSID:36964![0m
[0;34m[1784656109.911] [10256:10258] [DIS] OperationalSessionSetup[1:0000000000000001]: State change 4 --> 5[0m
[0;32m[1784656109.911] [10256:10258] [TOO] Sending cluster (0x00000030) command (0x00000000) on endpoint 0[0m
[0;34m[1784656109.911] [10256:10258] [DMG] ICR moving to [AddingComm][0m
[0;34m[1784656109.911] [10256:10258] [DMG] ICR moving to [AddedComma][0m
[0;32m[1784656109.911] [10256:10258] [EM] <<< [E:5806i S:30277 M:193154184] (S) Msg TX from 000000000001B669 to 1:0000000000000001 [0A02] [UDP:[fe80::bfe:a203:38f0:bce7%enp0s3]:5540] --- Type 0001:08 (IM:InvokeCommandRequest) (B:65)[0m
[0;32m[1784656109.911] [10256:10258] [EM] ??1 [E:5806i S:30277 M:193154184] (S) Msg Retransmission to 1:0000000000000001 scheduled for 398ms from now [State:Active II:500 AI:300 AT:4000][0m
[0;34m[1784656109.911] [10256:10258] [DMG] ICR moving to [AwaitingRe][0m
[0;32m[1784656109.911] [10256:10258] [EM] <<< [E:5805i S:0 M:217542048 (Ack:218035319)] (U) Msg TX from B63B46D96368348F to 0:0000000000000000 [0000] [UDP:[fe80::bfe:a203:38f0:bce7%enp0s3]:5540] --- Type 0000:10 (SecureChannel:StandaloneAck) (B:26)[0m
[0;34m[1784656109.911] [10256:10258] [EM] Flushed pending ack for MessageCounter:218035319 on exchange 5805i[0m
[0;32m[1784656109.912] [10256:10258] [EM] >>> [E:5806i S:30277 M:2945939 (Ack:193154184)] (S) Msg RX from 1:0000000000000001 [0A02] to 000000000001B669 --- Type 0001:09 (IM:InvokeCommandResponse) (B:70)[0m
[0;34m[1784656109.912] [10256:10258] [EM] Found matching exchange: 5806i, Delegate: 0x71a45000eef8[0m
[0;34m[1784656109.912] [10256:10258] [EM] Rxd Ack; Removing MessageCounter:193154184 from Retrans Table on exchange 5806i[0m
[0;34m[1784656109.912] [10256:10258] [DMG] ICR moving to [ResponseRe][0m
[0;34m[1784656109.912] [10256:10258] [DMG] InvokeResponseMessage =[0m
[0;34m[1784656109.912] [10256:10258] [DMG] {[0m
[0;34m[1784656109.912] [10256:10258] [DMG] 	suppressResponse = false, [0m
[0;34m[1784656109.912] [10256:10258] [DMG] 	InvokeResponseIBs =[0m
[0;34m[1784656109.912] [10256:10258] [DMG] 	[[0m
[0;34m[1784656109.912] [10256:10258] [DMG] 		InvokeResponseIB =[0m
[0;34m[1784656109.912] [10256:10258] [DMG] 		{[0m
[0;34m[1784656109.912] [10256:10258] [DMG] 			CommandDataIB =[0m
[0;34m[1784656109.912] [10256:10258] [DMG] 			{[0m
[0;34m[1784656109.912] [10256:10258] [DMG] 				CommandPathIB =[0m
[0;34m[1784656109.912] [10256:10258] [DMG] 				{[0m
[0;34m[1784656109.912] [10256:10258] [DMG] 					EndpointId = 0x0,[0m
[0;34m[1784656109.912] [10256:10258] [DMG] 					ClusterId = 0x30,[0m
[0;34m[1784656109.912] [10256:10258] [DMG] 					CommandId = 0x1,[0m
[0;34m[1784656109.912] [10256:10258] [DMG] 				},[0m
[0;34m[1784656109.912] [10256:10258] [DMG] 				[0m
[0;34m[1784656109.912] [10256:10258] [DMG] 				CommandFields = [0m
[0;34m[1784656109.912] [10256:10258] [DMG] 				{[0m
[0;34m[1784656109.912] [10256:10258] [DMG] 					0x0 = 0 (unsigned), [0m
[0;34m[1784656109.912] [10256:10258] [DMG] 					0x1 = "" (0 chars), [0m
[0;34m[1784656109.912] [10256:10258] [DMG] 				},[0m
[0;34m[1784656109.912] [10256:10258] [DMG] 			},[0m
[0;34m[1784656109.912] [10256:10258] [DMG] 			[0m
[0;34m[1784656109.912] [10256:10258] [DMG] 		},[0m
[0;34m[1784656109.912] [10256:10258] [DMG] 		[0m
[0;34m[1784656109.912] [10256:10258] [DMG] 	],[0m
[0;34m[1784656109.912] [10256:10258] [DMG] 	[0m
[0;34m[1784656109.912] [10256:10258] [DMG] 	InteractionModelRevision = 12[0m
[0;34m[1784656109.912] [10256:10258] [DMG] },[0m
[0;32m[1784656109.912] [10256:10258] [DMG] Received Command Response Data, Endpoint=0 Cluster=0x0000_0030 Command=0x0000_0001[0m
[0;32m[1784656109.912] [10256:10258] [TOO] Endpoint: 0 Cluster: 0x0000_0030 Command 0x0000_0001[0m
[0;32m[1784656109.912] [10256:10258] [TOO]   ArmFailSafeResponse: {[0m
[0;32m[1784656109.912] [10256:10258] [TOO]     errorCode: 0[0m
[0;32m[1784656109.912] [10256:10258] [TOO]     debugText: [0m
[0;32m[1784656109.912] [10256:10258] [TOO]    }[0m
[0;34m[1784656109.912] [10256:10258] [DMG] ICR moving to [AwaitingDe][0m
[0;32m[1784656109.912] [10256:10258] [EM] <<< [E:5806i S:30277 M:193154185 (Ack:2945939)] (S) Msg TX from 000000000001B669 to 1:0000000000000001 [0A02] [UDP:[fe80::bfe:a203:38f0:bce7%enp0s3]:5540] --- Type 0000:10 (SecureChannel:StandaloneAck) (B:34)[0m
[0;34m[1784656109.912] [10256:10258] [EM] Flushed pending ack for MessageCounter:2945939 on exchange 5806i[0m
[0;34m[1784656109.912] [10256:10256] [CTL] Shutting down the commissioner[0m
[0;32m[1784656109.912] [10256:10256] [PAF] WiFiPAF: Closing all WiFiPAF sessions to shutdown[0m
[0;34m[1784656109.912] [10256:10256] [CTL] Shutting down the controller[0m
[0;34m[1784656109.912] [10256:10256] [IN] Expiring all sessions for fabric 0x1!![0m
[0;34m[1784656109.912] [10256:10256] [IN] SecureSession[0x71a450009cd0]: MarkForEviction Type:2 LSID:30277[0m
[0;32m[1784656109.912] [10256:10256] [SC] SecureSession[0x71a450009cd0, LSID:30277]: State change 'kActive' --> 'kPendingEviction'[0m
[0;34m[1784656109.912] [10256:10256] [IN] SecureSession[0x71a450009cd0]: Released - Type:2 LSID:30277[0m
[0;32m[1784656109.912] [10256:10256] [FP] Forgetting fabric 0x1[0m
[0;32m[1784656109.912] [10256:10256] [TS] Pending Last Known Good Time: 2023-10-14T01:16:48[0m
[0;32m[1784656109.912] [10256:10256] [TS] Previous Last Known Good Time: 2023-10-14T01:16:48[0m
[0;32m[1784656109.912] [10256:10256] [TS] Reverted Last Known Good Time to previous value[0m
[0;34m[1784656109.912] [10256:10256] [CTL] Shutting down the commissioner[0m
[0;32m[1784656109.912] [10256:10256] [PAF] WiFiPAF: Closing all WiFiPAF sessions to shutdown[0m
[0;34m[1784656109.912] [10256:10256] [CTL] Shutting down the controller[0m
[0;34m[1784656109.912] [10256:10256] [CTL] Shutting down the System State, this will teardown the CHIP Stack[0m
[0;34m[1784656109.912] [10256:10256] [DMG] All ReadHandler-s are clean, clear GlobalDirtySet[0m
[0;32m[1784656109.912] [10256:10256] [FP] Shutting down FabricTable[0m
[0;32m[1784656109.912] [10256:10256] [TS] Pending Last Known Good Time: 2023-10-14T01:16:48[0m
[0;32m[1784656109.912] [10256:10256] [TS] Previous Last Known Good Time: 2023-10-14T01:16:48[0m
[0;32m[1784656109.912] [10256:10256] [TS] Reverted Last Known Good Time to previous value[0m
[0;34m[1784656109.914] [10256:10256] [DL] Wrote settings to /tmp/chip_counters.ini[0m
[0;32m[1784656109.914] [10256:10256] [DL] NVS set: chip-counters/total-operational-hours = 0 (0x0)[0m
[0;32m[1784656109.914] [10256:10256] [DL] Inet Layer shutdown[0m
[0;32m[1784656109.914] [10256:10256] [DL] BLE Layer shutdown[0m
[0;32m[1784656109.914] [10256:10256] [DL] WiFi-PAF Layer shutdown[0m
[0;32m[1784656109.914] [10256:10256] [PAF] WiFiPAF: Closing all WiFiPAF sessions to shutdown[0m
[0;32m[1784656109.914] [10256:10256] [DL] System Layer shutdown[0m
