[0;34m[1784656109.961] [10260:10260] [DL] ChipLinuxStorage::Init: Using KVS config file: /tmp/chip_tool_kvs[0m
[1;31m[1784656109.962] [10260:10260] [DL] ChipLinuxStorage::Init: Attempt to re-initialize with KVS config file: /tmp/chip_kvs, IGNORING.[0m
[0;34m[1784656109.963] [10260:10260] [DL] ChipLinuxStorage::Init: Using KVS config file: /tmp/chip_factory.ini[0m
[0;34m[1784656109.963] [10260:10260] [DL] ChipLinuxStorage::Init: Using KVS config file: /tmp/chip_config.ini[0m
[0;34m[1784656109.963] [10260:10260] [DL] ChipLinuxStorage::Init: Using KVS config file: /tmp/chip_counters.ini[0m
[0;34m[1784656109.968] [10260:10260] [DL] Wrote settings to /tmp/chip_counters.ini[0m
[0;32m[1784656109.968] [10260:10260] [DL] NVS set: chip-counters/reboot-count = 4 (0x4)[0m
[0;32m[1784656109.968] [10260:10260] [DL] Got Ethernet interface: enp0s3[0m
[0;32m[1784656109.968] [10260:10260] [DL] Found the primary Ethernet interface:enp0s3[0m
[1;31m[1784656109.968] [10260:10260] [DL] Failed to get WiFi interface[0m
[1;31m[1784656109.968] [10260:10260] [DL] Failed to reset WiFi statistic counts[0m
[0;32m[1784656109.968] [10260:10260] [PAF] WiFiPAF: WiFiPAFLayer::Init()[0m
[0;34m[1784656109.968] [10260:10260] [IN] UDP::Init bind&listen port=0[0m
[0;34m[1784656109.968] [10260:10260] [IN] UDP::Init bound to port=44819[0m
[0;34m[1784656109.968] [10260:10260] [IN] UDP::Init bind&listen port=0[0m
[0;34m[1784656109.968] [10260:10260] [IN] UDP::Init bound to port=33387[0m
[0;34m[1784656109.968] [10260:10260] [IN] BLEBase::Init - setting/overriding transport[0m
[0;34m[1784656109.968] [10260:10260] [IN] WiFiPAFBase::Init - setting/overriding transport[0m
[0;34m[1784656109.968] [10260:10260] [IN] TransportMgr initialized[0m
[0;34m[1784656109.968] [10260:10260] [FP] Initializing FabricTable from persistent storage[0m
[0;32m[1784656109.968] [10260:10260] [TS] Last Known Good Time: 2023-10-14T01:16:48[0m
[0;32m[1784656109.969] [10260:10260] [FP] Fabric index 0x1 was retrieved from storage. Compressed FabricId 0xDA368C9D601B0A02, FabricId 0x0000000000000001, NodeId 0x000000000001B669, VendorId 0xFFF1[0m
[0;32m[1784656109.970] [10260:10260] [DMG] Ember attribute persistence requires setting up[0m
[0;32m[1784656109.970] [10260:10260] [ZCL] Using ZAP configuration...[0m
[0;34m[1784656109.970] [10260:10260] [CTL] System State Initialized...[0m
[0;32m[1784656109.970] [10260:10260] [CTL] Setting attestation nonce to random value[0m
[0;32m[1784656109.970] [10260:10260] [CTL] Setting CSR nonce to random value[0m
[0;34m[1784656109.971] [10260:10262] [DL] CHIP task running[0m
[0;32m[1784656109.971] [10260:10262] [CTL] Setting attestation nonce to random value[0m
[0;32m[1784656109.971] [10260:10262] [CTL] Setting CSR nonce to random value[0m
[0;32m[1784656109.971] [10260:10262] [CTL] Generating NOC[0m
[0;32m[1784656109.971] [10260:10262] [FP] Validating NOC chain[0m
[0;32m[1784656109.971] [10260:10262] [FP] NOC chain validation successful[0m
[0;32m[1784656109.971] [10260:10262] [FP] Updated fabric at index: 0x1, Node ID: 0x000000000001B669[0m
[0;32m[1784656109.971] [10260:10262] [TS] Last Known Good Time: 2023-10-14T01:16:48[0m
[0;32m[1784656109.971] [10260:10262] [TS] New proposed Last Known Good Time: 2021-01-01T00:00:00[0m
[0;32m[1784656109.971] [10260:10262] [TS] Retaining current Last Known Good Time[0m
[0;32m[1784656109.974] [10260:10262] [FP] Metadata for Fabric 0x1 persisted to storage.[0m
[0;32m[1784656109.974] [10260:10262] [TS] Committing Last Known Good Time to storage: 2023-10-14T01:16:48[0m
[0;32m[1784656109.975] [10260:10262] [CTL] Joined the fabric at index 1. Fabric ID is 0x0000000000000001 (Compressed Fabric ID: DA368C9D601B0A02)[0m
[0;32m[1784656109.981] [10260:10262] [TOO] Sending command to node 0x1[0m
[0;34m[1784656109.981] [10260:10262] [CSM] FindOrEstablishSession: PeerId = [1:0000000000000001][0m
[0;34m[1784656109.981] [10260:10262] [CSM] FindOrEstablishSession: No existing OperationalSessionSetup instance found[0m
[0;34m[1784656109.982] [10260:10262] [DIS] OperationalSessionSetup[1:0000000000000001]: State change 1 --> 2[0m
[0;32m[1784656109.982] [10260:10262] [DIS] Lookup started for DA368C9D601B0A02-0000000000000001[0m
[0;32m[1784656109.982] [10260:10262] [DIS] UDP:[fe80::bfe:a203:38f0:bce7%enp0s3]:5540: new best score: 7 (for DA368C9D601B0A02-0000000000000001)[0m
[0;34m[1784656109.982] [10260:10262] [DIS] Lookup clearing interface for non LL address[0m
[0;32m[1784656109.982] [10260:10262] [DIS] UDP:10.0.2.15%enp0s3:5540: new best score: 2 (for DA368C9D601B0A02-0000000000000001)[0m
[0;32m[1784656109.982] [10260:10262] [DIS] Checking node lookup status for DA368C9D601B0A02-0000000000000001 after 0 ms[0m
[0;32m[1784656109.982] [10260:10262] [DIS] Keeping DNSSD lookup active[0m
[0;32m[1784656109.982] [10260:10262] [DIS] UDP:[fe80::bfe:a203:38f0:bce7%enp0s3]:5540: score has not improved: 7 (for DA368C9D601B0A02-0000000000000001)[0m
[0;34m[1784656109.982] [10260:10262] [DIS] Lookup clearing interface for non LL address[0m
[0;32m[1784656109.982] [10260:10262] [DIS] UDP:10.0.2.15%enp0s3:5540: score has not improved: 2 (for DA368C9D601B0A02-0000000000000001)[0m
[0;32m[1784656109.982] [10260:10262] [DIS] Checking node lookup status for DA368C9D601B0A02-0000000000000001 after 0 ms[0m
[0;32m[1784656109.982] [10260:10262] [DIS] Keeping DNSSD lookup active[0m
[0;32m[1784656110.183] [10260:10262] [DIS] Checking node lookup status for DA368C9D601B0A02-0000000000000001 after 202 ms[0m
[0;34m[1784656110.183] [10260:10262] [DIS] OperationalSessionSetup[1:0000000000000001]: Updating device address to UDP:[fe80::bfe:a203:38f0:bce7%enp0s3]:5540 while in state 2[0m
[0;34m[1784656110.183] [10260:10262] [DIS] OperationalSessionSetup[1:0000000000000001]: State change 2 --> 3[0m
[0;34m[1784656110.183] [10260:10262] [IN] SecureSession[0x76470c009cd0]: Allocated Type:2 LSID:6543[0m
[0;32m[1784656110.183] [10260:10262] [SC] Initiating session on local FabricIndex 1 from 0x000000000001B669 -> 0x0000000000000001[0m
[0;32m[1784656110.184] [10260:10262] [EM] <<< [E:53478i S:0 M:235438302] (U) Msg TX from D02238FAC603D46C to 0:0000000000000000 [0000] [UDP:[fe80::bfe:a203:38f0:bce7%enp0s3]:5540] --- Type 0000:30 (SecureChannel:CASE_Sigma1) (B:196)[0m
[0;32m[1784656110.184] [10260:10262] [EM] ??1 [E:53478i S:0 M:235438302] (U) Msg Retransmission to 0:0000000000000000 scheduled for 591ms from now [State:Idle II:500 AI:300 AT:4000][0m
[0;32m[1784656110.184] [10260:10262] [SC] Sent Sigma1 msg to <0000000000000001, 1> [II:500ms AI:300ms AT:4000ms][0m
[0;34m[1784656110.184] [10260:10262] [DIS] OperationalSessionSetup[1:0000000000000001]: State change 3 --> 4[0m
[0;32m[1784656110.185] [10260:10262] [EM] >>> [E:53478i S:0 M:218035320 (Ack:235438302)] (U) Msg RX from 0:0000000000000000 [0000] to D02238FAC603D46C --- Type 0000:31 (SecureChannel:CASE_Sigma2) (B:751)[0m
[0;34m[1784656110.185] [10260:10262] [EM] Found matching exchange: 53478i, Delegate: 0x76470c00b8e8[0m
[0;34m[1784656110.185] [10260:10262] [EM] Rxd Ack; Removing MessageCounter:235438302 from Retrans Table on exchange 53478i[0m
[0;32m[1784656110.185] [10260:10262] [SC] Received Sigma2 msg[0m
[0;34m[1784656110.185] [10260:10262] [SC] Found MRP parameters in the message[0m
[0;34m[1784656110.185] [10260:10262] [SC] Peer <0000000000000001, 1> assigned session ID 36965[0m
[0;34m[1784656110.185] [10260:10262] [SC] Sending Sigma3[0m
[0;32m[1784656110.185] [10260:10262] [EM] <<< [E:53478i S:0 M:235438303 (Ack:218035320)] (U) Msg TX from D02238FAC603D46C to 0:0000000000000000 [0000] [UDP:[fe80::bfe:a203:38f0:bce7%enp0s3]:5540] --- Type 0000:32 (SecureChannel:CASE_Sigma3) (B:598)[0m
[0;32m[1784656110.185] [10260:10262] [EM] ??1 [E:53478i S:0 M:235438303] (U) Msg Retransmission to 0:0000000000000000 scheduled for 357ms from now [State:Active II:500 AI:300 AT:4000][0m
[0;32m[1784656110.185] [10260:10262] [SC] Sent Sigma3 msg[0m
[0;32m[1784656110.193] [10260:10262] [EM] >>> [E:53478i S:0 M:218035321 (Ack:235438303)] (U) Msg RX from 0:0000000000000000 [0000] to D02238FAC603D46C --- Type 0000:40 (SecureChannel:StatusReport) (B:34)[0m
[0;34m[1784656110.193] [10260:10262] [EM] Found matching exchange: 53478i, Delegate: 0x76470c00b8e8[0m
[0;34m[1784656110.193] [10260:10262] [EM] Rxd Ack; Removing MessageCounter:235438303 from Retrans Table on exchange 53478i[0m
[0;32m[1784656110.193] [10260:10262] [SC] Success status report received. Session was established[0m
[0;32m[1784656110.195] [10260:10262] [SC] SecureSession[0x76470c009cd0, LSID:6543]: State change 'kEstablishing' --> 'kActive'[0m
[0;34m[1784656110.195] [10260:10262] [IN] SecureSession[0x76470c009cd0]: Activated - Type:2 LSID:6543[0m
[0;34m[1784656110.195] [10260:10262] [IN] New secure session activated for device <0000000000000001, 1>, LSID:6543 PSID:36965![0m
[0;34m[1784656110.195] [10260:10262] [DIS] OperationalSessionSetup[1:0000000000000001]: State change 4 --> 5[0m
[0;32m[1784656110.195] [10260:10262] [TOO] Sending cluster (0x0000003E) command (0x00000004) on endpoint 0[0m
[0;34m[1784656110.195] [10260:10262] [DMG] ICR moving to [AddingComm][0m
[0;34m[1784656110.195] [10260:10262] [DMG] ICR moving to [AddedComma][0m
[0;32m[1784656110.195] [10260:10262] [EM] <<< [E:53479i S:6543 M:137825358] (S) Msg TX from 000000000001B669 to 1:0000000000000001 [0A02] [UDP:[fe80::bfe:a203:38f0:bce7%enp0s3]:5540] --- Type 0001:08 (IM:InvokeCommandRequest) (B:96)[0m
[0;32m[1784656110.195] [10260:10262] [EM] ??1 [E:53479i S:6543 M:137825358] (S) Msg Retransmission to 1:0000000000000001 scheduled for 359ms from now [State:Active II:500 AI:300 AT:4000][0m
[0;34m[1784656110.195] [10260:10262] [DMG] ICR moving to [AwaitingRe][0m
[0;32m[1784656110.195] [10260:10262] [EM] <<< [E:53478i S:0 M:235438304 (Ack:218035321)] (U) Msg TX from D02238FAC603D46C to 0:0000000000000000 [0000] [UDP:[fe80::bfe:a203:38f0:bce7%enp0s3]:5540] --- Type 0000:10 (SecureChannel:StandaloneAck) (B:26)[0m
[0;34m[1784656110.195] [10260:10262] [EM] Flushed pending ack for MessageCounter:218035321 on exchange 53478i[0m
[0;32m[1784656110.196] [10260:10262] [EM] >>> [E:53479i S:6543 M:204842769 (Ack:137825358)] (S) Msg RX from 1:0000000000000001 [0A02] to 000000000001B669 --- Type 0001:09 (IM:InvokeCommandResponse) (B:377)[0m
[0;34m[1784656110.196] [10260:10262] [EM] Found matching exchange: 53479i, Delegate: 0x76470c00eef8[0m
[0;34m[1784656110.196] [10260:10262] [EM] Rxd Ack; Removing MessageCounter:137825358 from Retrans Table on exchange 53479i[0m
[0;34m[1784656110.196] [10260:10262] [DMG] ICR moving to [ResponseRe][0m
[0;34m[1784656110.196] [10260:10262] [DMG] InvokeResponseMessage =[0m
[0;34m[1784656110.196] [10260:10262] [DMG] {[0m
[0;34m[1784656110.196] [10260:10262] [DMG] 	suppressResponse = false, [0m
[0;34m[1784656110.196] [10260:10262] [DMG] 	InvokeResponseIBs =[0m
[0;34m[1784656110.196] [10260:10262] [DMG] 	[[0m
[0;34m[1784656110.196] [10260:10262] [DMG] 		InvokeResponseIB =[0m
[0;34m[1784656110.196] [10260:10262] [DMG] 		{[0m
[0;34m[1784656110.196] [10260:10262] [DMG] 			CommandDataIB =[0m
[0;34m[1784656110.196] [10260:10262] [DMG] 			{[0m
[0;34m[1784656110.196] [10260:10262] [DMG] 				CommandPathIB =[0m
[0;34m[1784656110.196] [10260:10262] [DMG] 				{[0m
[0;34m[1784656110.196] [10260:10262] [DMG] 					EndpointId = 0x0,[0m
[0;34m[1784656110.196] [10260:10262] [DMG] 					ClusterId = 0x3e,[0m
[0;34m[1784656110.196] [10260:10262] [DMG] 					CommandId = 0x5,[0m
[0;34m[1784656110.196] [10260:10262] [DMG] 				},[0m
[0;34m[1784656110.196] [10260:10262] [DMG] 				[0m
[0;34m[1784656110.196] [10260:10262] [DMG] 				CommandFields = [0m
[0;34m[1784656110.196] [10260:10262] [DMG] 				{[0m
[0;34m[1784656110.196] [10260:10262] [DMG] 					0x0 = [[0m
[0;34m[1784656110.197] [10260:10262] [DMG] 							0x15, 0x30, 0x01, 0xcb, 0x30, 0x81, 0xc8, 0x30, 0x70, 0x02, 0x01, 0x00, 0x30, 0x0e, 0x31, 0x0c, 0x30, 0x0a, 0x06, 0x03, 0x55, 0x04, 0x0a, 0x0c, 0x03, 0x43, 0x53, 0x52, 0x30, 0x59, 0x30, 0x13, 0x06, 0x07, 0x2a, 0x86, 0x48, 0xce, 0x3d, 0x02, 0x01, 0x06, 0x08, 0x2a, 0x86, 0x48, 0xce, 0x3d, 0x03, 0x01, 0x07, 0x03, 0x42, 0x00, 0x04, 0x5d, 0x38, 0x93, 0x33, 0xeb, 0xfd, 0x28, 0xfe, 0xc0, 0x58, 0x1b, 0xb7, 0xbe, 0x5e, 0x4d, 0xbd, 0xa7, 0x84, 0xe9, 0x84, 0x44, 0x29, 0xea, 0x35, 0x11, 0x06, 0x9c, 0xf1, 0x5f, 0x74, 0x79, 0xe4, 0xda, 0x3f, 0x50, 0xae, 0xdc, 0xa0, 0x55, 0x66, 0x4c, 0x4d, 0xb0, 0x8d, 0x9b, 0x2b, 0x72, 0x99, 0x86, 0xac, 0xf5, 0x2b, 0xd9, 0xc5, 0x14, 0x7b, 0x81, 0x03, 0xb0, 0xb8, 0xd8, 0x70, 0x45, 0x78, 0xa0, 0x00, 0x30, 0x0a, 0x06, 0x08, 0x2a, 0x86, 0x48, 0xce, 0x3d, 0x04, 0x03, 0x02, 0x03, 0x48, 0x00, 0x30, 0x45, 0x02, 0x21, 0x00, 0xf9, 0xf2, 0x0e, 0xc3, 0x12, 0xfb, 0xe3, 0x90, 0xe5, 0x5a, 0x7a, 0x81, 0x3d, 0x51, 0x0e, 0x6c, 0x27, 0x0b, 0xea, 0x8f, 0x5c, 0x7c, 0x5f, 0x7c, 0xbb, 0xbc, 0xff, 0xff, 0x91, 0xd9, 0xfb, 0x6c, 0x02, 0x20, 0x0f, 0x7b, 0x18, 0x68, 0xd4, 0xc0, 0x59, 0x9d, 0xed, 0xd2, 0x1b, 0xfc, 0xfc, 0xde, 0x51, 0x21, 0x9b, 0x6f, 0x96, 0x2a, 0x48, 0xa9, 0xba, 0x73, 0x53, 0x8c, 0x62, 0x09, 0x45, 0xf1, 0x5f, 0x6a, 0x30, 0x02, 0x20, 0x6c, 0xfa, 0x94, 0xae, 0x99, 0x90, 0xcb, 0x46, 0x67, 0xeb, 0x3e, 0xc1, 0xff, 0xd8, 0x03, 0x84, 0xb9, 0x79, 0x32, 0x56, 0xff, 0xd4, 0x89, 0x49, 0x5a, 0xa2, 0x73, 0x13, 0x27, 0x5e, 0x34, 0xa0, 0x18, [0m
[0;34m[1784656110.197] [10260:10262] [DMG] 					] (243 bytes)[0m
[0;34m[1784656110.197] [10260:10262] [DMG] 					0x1 = [[0m
[0;34m[1784656110.197] [10260:10262] [DMG] 							0xf9, 0x38, 0x79, 0x7c, 0x6f, 0x34, 0xb2, 0x89, 0x47, 0x2b, 0x04, 0x57, 0x26, 0xe3, 0xad, 0x42, 0x51, 0xbf, 0x52, 0x65, 0x66, 0x10, 0x6e, 0x5c, 0xe8, 0x03, 0x73, 0x16, 0xd8, 0x5d, 0x2c, 0xeb, 0x9c, 0x5e, 0x91, 0x2b, 0x4d, 0xad, 0xf9, 0xdf, 0x1d, 0x98, 0x09, 0x72, 0x6e, 0xcc, 0xe2, 0x76, 0x60, 0x46, 0x9a, 0x9b, 0x25, 0x2f, 0x38, 0x6a, 0x8b, 0x2f, 0xa3, 0xb7, 0xaa, 0x9d, 0xe5, 0x47, [0m
[0;34m[1784656110.197] [10260:10262] [DMG] 					] (64 bytes)[0m
[0;34m[1784656110.197] [10260:10262] [DMG] 				},[0m
[0;34m[1784656110.197] [10260:10262] [DMG] 			},[0m
[0;34m[1784656110.197] [10260:10262] [DMG] 			[0m
[0;34m[1784656110.197] [10260:10262] [DMG] 		},[0m
[0;34m[1784656110.197] [10260:10262] [DMG] 		[0m
[0;34m[1784656110.197] [10260:10262] [DMG] 	],[0m
[0;34m[1784656110.197] [10260:10262] [DMG] 	[0m
[0;34m[1784656110.197] [10260:10262] [DMG] 	InteractionModelRevision = 12[0m
[0;34m[1784656110.197] [10260:10262] [DMG] },[0m
[0;32m[1784656110.197] [10260:10262] [DMG] Received Command Response Data, Endpoint=0 Cluster=0x0000_003E Command=0x0000_0005[0m
[0;32m[1784656110.197] [10260:10262] [TOO] Endpoint: 0 Cluster: 0x0000_003E Command 0x0000_0005[0m
[0;32m[1784656110.197] [10260:10262] [TOO]   CSRResponse: {[0m
[0;32m[1784656110.197] [10260:10262] [TOO]     NOCSRElements: 153001CB3081C83070020100300E310C300A060355040A0C034353523059301306072A8648CE3D020106082A8648CE3D030107034200045D389333EBFD28FEC0581BB7BE5E4DBDA784E9844429EA3511069CF15F7479E4DA3F50AEDCA055664C4DB08D9B2B729986ACF52BD9C5147B8103B0B8D8704578A000300A06082A8648CE3D0403020348003045022100F9F20EC312FBE390E55A7A813D510E6C270BEA8F5C7C5F7CBBBCFFFF91D9FB6C02200F7B1868D4C0599DEDD21BFCFCDE51219B6F962A48A9BA73538C620945F15F6A3002206CFA94AE9990CB4667EB3EC1FFD80384B9793256FFD489495AA27313275E34A018[0m
[0;32m[1784656110.197] [10260:10262] [TOO]     attestationSignature: F938797C6F34B289472B045726E3AD4251BF526566106E5CE8037316D85D2CEB9C5E912B4DADF9DF1D9809726ECCE27660469A9B252F386A8B2FA3B7AA9DE547[0m
[0;32m[1784656110.197] [10260:10262] [TOO]    }[0m
[0;34m[1784656110.197] [10260:10262] [DMG] ICR moving to [AwaitingDe][0m
[0;32m[1784656110.197] [10260:10262] [EM] <<< [E:53479i S:6543 M:137825359 (Ack:204842769)] (S) Msg TX from 000000000001B669 to 1:0000000000000001 [0A02] [UDP:[fe80::bfe:a203:38f0:bce7%enp0s3]:5540] --- Type 0000:10 (SecureChannel:StandaloneAck) (B:34)[0m
[0;34m[1784656110.197] [10260:10262] [EM] Flushed pending ack for MessageCounter:204842769 on exchange 53479i[0m
[0;34m[1784656110.197] [10260:10260] [CTL] Shutting down the commissioner[0m
[0;32m[1784656110.197] [10260:10260] [PAF] WiFiPAF: Closing all WiFiPAF sessions to shutdown[0m
[0;34m[1784656110.197] [10260:10260] [CTL] Shutting down the controller[0m
[0;34m[1784656110.197] [10260:10260] [IN] Expiring all sessions for fabric 0x1!![0m
[0;34m[1784656110.197] [10260:10260] [IN] SecureSession[0x76470c009cd0]: MarkForEviction Type:2 LSID:6543[0m
[0;32m[1784656110.197] [10260:10260] [SC] SecureSession[0x76470c009cd0, LSID:6543]: State change 'kActive' --> 'kPendingEviction'[0m
[0;34m[1784656110.197] [10260:10260] [IN] SecureSession[0x76470c009cd0]: Released - Type:2 LSID:6543[0m
[0;32m[1784656110.197] [10260:10260] [FP] Forgetting fabric 0x1[0m
[0;32m[1784656110.197] [10260:10260] [TS] Pending Last Known Good Time: 2023-10-14T01:16:48[0m
[0;32m[1784656110.197] [10260:10260] [TS] Previous Last Known Good Time: 2023-10-14T01:16:48[0m
[0;32m[1784656110.197] [10260:10260] [TS] Reverted Last Known Good Time to previous value[0m
[0;34m[1784656110.197] [10260:10260] [CTL] Shutting down the commissioner[0m
[0;32m[1784656110.197] [10260:10260] [PAF] WiFiPAF: Closing all WiFiPAF sessions to shutdown[0m
[0;34m[1784656110.197] [10260:10260] [CTL] Shutting down the controller[0m
[0;34m[1784656110.197] [10260:10260] [CTL] Shutting down the System State, this will teardown the CHIP Stack[0m
[0;34m[1784656110.197] [10260:10260] [DMG] All ReadHandler-s are clean, clear GlobalDirtySet[0m
[0;32m[1784656110.197] [10260:10260] [FP] Shutting down FabricTable[0m
[0;32m[1784656110.197] [10260:10260] [TS] Pending Last Known Good Time: 2023-10-14T01:16:48[0m
[0;32m[1784656110.197] [10260:10260] [TS] Previous Last Known Good Time: 2023-10-14T01:16:48[0m
[0;32m[1784656110.197] [10260:10260] [TS] Reverted Last Known Good Time to previous value[0m
[0;34m[1784656110.200] [10260:10260] [DL] Wrote settings to /tmp/chip_counters.ini[0m
[0;32m[1784656110.200] [10260:10260] [DL] NVS set: chip-counters/total-operational-hours = 0 (0x0)[0m
[0;32m[1784656110.200] [10260:10260] [DL] Inet Layer shutdown[0m
[0;32m[1784656110.200] [10260:10260] [DL] BLE Layer shutdown[0m
[0;32m[1784656110.200] [10260:10260] [DL] WiFi-PAF Layer shutdown[0m
[0;32m[1784656110.200] [10260:10260] [PAF] WiFiPAF: Closing all WiFiPAF sessions to shutdown[0m
[0;32m[1784656110.200] [10260:10260] [DL] System Layer shutdown[0m
