[0;34m[1784654537.932] [5239:5239] [DL] ChipLinuxStorage::Init: Using KVS config file: /tmp/chip_tool_kvs[0m
[1;31m[1784654537.933] [5239:5239] [DL] ChipLinuxStorage::Init: Attempt to re-initialize with KVS config file: /tmp/chip_kvs, IGNORING.[0m
[0;34m[1784654537.934] [5239:5239] [DL] ChipLinuxStorage::Init: Using KVS config file: /tmp/chip_factory.ini[0m
[0;34m[1784654537.934] [5239:5239] [DL] ChipLinuxStorage::Init: Using KVS config file: /tmp/chip_config.ini[0m
[0;34m[1784654537.934] [5239:5239] [DL] ChipLinuxStorage::Init: Using KVS config file: /tmp/chip_counters.ini[0m
[0;34m[1784654537.937] [5239:5239] [DL] Wrote settings to /tmp/chip_counters.ini[0m
[0;32m[1784654537.937] [5239:5239] [DL] NVS set: chip-counters/reboot-count = 4 (0x4)[0m
[0;32m[1784654537.937] [5239:5239] [DL] Got Ethernet interface: enp0s3[0m
[0;32m[1784654537.937] [5239:5239] [DL] Found the primary Ethernet interface:enp0s3[0m
[1;31m[1784654537.937] [5239:5239] [DL] Failed to get WiFi interface[0m
[1;31m[1784654537.937] [5239:5239] [DL] Failed to reset WiFi statistic counts[0m
[0;32m[1784654537.937] [5239:5239] [PAF] WiFiPAF: WiFiPAFLayer::Init()[0m
[0;34m[1784654537.937] [5239:5239] [IN] UDP::Init bind&listen port=0[0m
[0;34m[1784654537.937] [5239:5239] [IN] UDP::Init bound to port=36453[0m
[0;34m[1784654537.937] [5239:5239] [IN] UDP::Init bind&listen port=0[0m
[0;34m[1784654537.937] [5239:5239] [IN] UDP::Init bound to port=58558[0m
[0;34m[1784654537.937] [5239:5239] [IN] BLEBase::Init - setting/overriding transport[0m
[0;34m[1784654537.937] [5239:5239] [IN] WiFiPAFBase::Init - setting/overriding transport[0m
[0;34m[1784654537.937] [5239:5239] [IN] TransportMgr initialized[0m
[0;34m[1784654537.937] [5239:5239] [FP] Initializing FabricTable from persistent storage[0m
[0;32m[1784654537.937] [5239:5239] [TS] Last Known Good Time: 2023-10-14T01:16:48[0m
[0;32m[1784654537.937] [5239:5239] [FP] Fabric index 0x1 was retrieved from storage. Compressed FabricId 0x009E639A0309C18C, FabricId 0x0000000000000001, NodeId 0x000000000001B669, VendorId 0xFFF1[0m
[0;32m[1784654537.938] [5239:5239] [DMG] Ember attribute persistence requires setting up[0m
[0;32m[1784654537.938] [5239:5239] [ZCL] Using ZAP configuration...[0m
[0;34m[1784654537.938] [5239:5239] [CTL] System State Initialized...[0m
[0;32m[1784654537.938] [5239:5239] [CTL] Setting attestation nonce to random value[0m
[0;32m[1784654537.938] [5239:5239] [CTL] Setting CSR nonce to random value[0m
[0;34m[1784654537.939] [5239:5241] [DL] CHIP task running[0m
[0;32m[1784654537.939] [5239:5241] [CTL] Setting attestation nonce to random value[0m
[0;32m[1784654537.939] [5239:5241] [CTL] Setting CSR nonce to random value[0m
[0;32m[1784654537.939] [5239:5241] [CTL] Generating NOC[0m
[0;32m[1784654537.939] [5239:5241] [FP] Validating NOC chain[0m
[0;32m[1784654537.939] [5239:5241] [FP] NOC chain validation successful[0m
[0;32m[1784654537.939] [5239:5241] [FP] Updated fabric at index: 0x1, Node ID: 0x000000000001B669[0m
[0;32m[1784654537.939] [5239:5241] [TS] Last Known Good Time: 2023-10-14T01:16:48[0m
[0;32m[1784654537.939] [5239:5241] [TS] New proposed Last Known Good Time: 2021-01-01T00:00:00[0m
[0;32m[1784654537.939] [5239:5241] [TS] Retaining current Last Known Good Time[0m
[0;32m[1784654537.941] [5239:5241] [FP] Metadata for Fabric 0x1 persisted to storage.[0m
[0;32m[1784654537.942] [5239:5241] [TS] Committing Last Known Good Time to storage: 2023-10-14T01:16:48[0m
[0;32m[1784654537.943] [5239:5241] [CTL] Joined the fabric at index 1. Fabric ID is 0x0000000000000001 (Compressed Fabric ID: 009E639A0309C18C)[0m
[0;32m[1784654537.947] [5239:5241] [TOO] Sending command to node 0x1[0m
[0;34m[1784654537.947] [5239:5241] [CSM] FindOrEstablishSession: PeerId = [1:0000000000000001][0m
[0;34m[1784654537.947] [5239:5241] [CSM] FindOrEstablishSession: No existing OperationalSessionSetup instance found[0m
[0;34m[1784654537.947] [5239:5241] [DIS] OperationalSessionSetup[1:0000000000000001]: State change 1 --> 2[0m
[0;32m[1784654537.947] [5239:5241] [DIS] Lookup started for 009E639A0309C18C-0000000000000001[0m
[0;32m[1784654537.947] [5239:5241] [DIS] UDP:[fe80::bfe:a203:38f0:bce7%enp0s3]:5540: new best score: 7 (for 009E639A0309C18C-0000000000000001)[0m
[0;34m[1784654537.947] [5239:5241] [DIS] Lookup clearing interface for non LL address[0m
[0;32m[1784654537.947] [5239:5241] [DIS] UDP:10.0.2.15%enp0s3:5540: new best score: 2 (for 009E639A0309C18C-0000000000000001)[0m
[0;32m[1784654537.947] [5239:5241] [DIS] Checking node lookup status for 009E639A0309C18C-0000000000000001 after 1 ms[0m
[0;32m[1784654537.947] [5239:5241] [DIS] Keeping DNSSD lookup active[0m
[0;32m[1784654537.948] [5239:5241] [DIS] UDP:[fe80::bfe:a203:38f0:bce7%enp0s3]:5540: score has not improved: 7 (for 009E639A0309C18C-0000000000000001)[0m
[0;34m[1784654537.948] [5239:5241] [DIS] Lookup clearing interface for non LL address[0m
[0;32m[1784654537.948] [5239:5241] [DIS] UDP:10.0.2.15%enp0s3:5540: score has not improved: 2 (for 009E639A0309C18C-0000000000000001)[0m
[0;32m[1784654537.948] [5239:5241] [DIS] Checking node lookup status for 009E639A0309C18C-0000000000000001 after 1 ms[0m
[0;32m[1784654537.948] [5239:5241] [DIS] Keeping DNSSD lookup active[0m
[0;32m[1784654538.149] [5239:5241] [DIS] Checking node lookup status for 009E639A0309C18C-0000000000000001 after 202 ms[0m
[0;34m[1784654538.149] [5239:5241] [DIS] OperationalSessionSetup[1:0000000000000001]: Updating device address to UDP:[fe80::bfe:a203:38f0:bce7%enp0s3]:5540 while in state 2[0m
[0;34m[1784654538.149] [5239:5241] [DIS] OperationalSessionSetup[1:0000000000000001]: State change 2 --> 3[0m
[0;34m[1784654538.149] [5239:5241] [IN] SecureSession[0x7c7054009cd0]: Allocated Type:2 LSID:22132[0m
[0;32m[1784654538.149] [5239:5241] [SC] Initiating session on local FabricIndex 1 from 0x000000000001B669 -> 0x0000000000000001[0m
[0;32m[1784654538.149] [5239:5241] [EM] <<< [E:15815i S:0 M:122731928] (U) Msg TX from A6E4B3978CB38F3C to 0:0000000000000000 [0000] [UDP:[fe80::bfe:a203:38f0:bce7%enp0s3]:5540] --- Type 0000:30 (SecureChannel:CASE_Sigma1) (B:196)[0m
[0;32m[1784654538.149] [5239:5241] [EM] ??1 [E:15815i S:0 M:122731928] (U) Msg Retransmission to 0:0000000000000000 scheduled for 654ms from now [State:Idle II:500 AI:300 AT:4000][0m
[0;32m[1784654538.150] [5239:5241] [SC] Sent Sigma1 msg to <0000000000000001, 1> [II:500ms AI:300ms AT:4000ms][0m
[0;34m[1784654538.150] [5239:5241] [DIS] OperationalSessionSetup[1:0000000000000001]: State change 3 --> 4[0m
[0;32m[1784654538.151] [5239:5241] [EM] >>> [E:15815i S:0 M:125862388 (Ack:122731928)] (U) Msg RX from 0:0000000000000000 [0000] to A6E4B3978CB38F3C --- Type 0000:31 (SecureChannel:CASE_Sigma2) (B:751)[0m
[0;34m[1784654538.151] [5239:5241] [EM] Found matching exchange: 15815i, Delegate: 0x7c705400b8e8[0m
[0;34m[1784654538.151] [5239:5241] [EM] Rxd Ack; Removing MessageCounter:122731928 from Retrans Table on exchange 15815i[0m
[0;32m[1784654538.151] [5239:5241] [SC] Received Sigma2 msg[0m
[0;34m[1784654538.151] [5239:5241] [SC] Found MRP parameters in the message[0m
[0;34m[1784654538.151] [5239:5241] [SC] Peer <0000000000000001, 1> assigned session ID 40972[0m
[0;34m[1784654538.151] [5239:5241] [SC] Sending Sigma3[0m
[0;32m[1784654538.151] [5239:5241] [EM] <<< [E:15815i S:0 M:122731929 (Ack:125862388)] (U) Msg TX from A6E4B3978CB38F3C to 0:0000000000000000 [0000] [UDP:[fe80::bfe:a203:38f0:bce7%enp0s3]:5540] --- Type 0000:32 (SecureChannel:CASE_Sigma3) (B:598)[0m
[0;32m[1784654538.152] [5239:5241] [EM] ??1 [E:15815i S:0 M:122731929] (U) Msg Retransmission to 0:0000000000000000 scheduled for 408ms from now [State:Active II:500 AI:300 AT:4000][0m
[0;32m[1784654538.152] [5239:5241] [SC] Sent Sigma3 msg[0m
[0;32m[1784654538.160] [5239:5241] [EM] >>> [E:15815i S:0 M:125862389 (Ack:122731929)] (U) Msg RX from 0:0000000000000000 [0000] to A6E4B3978CB38F3C --- Type 0000:40 (SecureChannel:StatusReport) (B:34)[0m
[0;34m[1784654538.160] [5239:5241] [EM] Found matching exchange: 15815i, Delegate: 0x7c705400b8e8[0m
[0;34m[1784654538.160] [5239:5241] [EM] Rxd Ack; Removing MessageCounter:122731929 from Retrans Table on exchange 15815i[0m
[0;32m[1784654538.160] [5239:5241] [SC] Success status report received. Session was established[0m
[0;32m[1784654538.161] [5239:5241] [SC] SecureSession[0x7c7054009cd0, LSID:22132]: State change 'kEstablishing' --> 'kActive'[0m
[0;34m[1784654538.161] [5239:5241] [IN] SecureSession[0x7c7054009cd0]: Activated - Type:2 LSID:22132[0m
[0;34m[1784654538.161] [5239:5241] [IN] New secure session activated for device <0000000000000001, 1>, LSID:22132 PSID:40972![0m
[0;34m[1784654538.161] [5239:5241] [DIS] OperationalSessionSetup[1:0000000000000001]: State change 4 --> 5[0m
[0;32m[1784654538.161] [5239:5241] [TOO] Sending cluster (0x0000003E) command (0x00000004) on endpoint 0[0m
[0;34m[1784654538.161] [5239:5241] [DMG] ICR moving to [AddingComm][0m
[0;34m[1784654538.161] [5239:5241] [DMG] ICR moving to [AddedComma][0m
[0;32m[1784654538.161] [5239:5241] [EM] <<< [E:15816i S:22132 M:182623272] (S) Msg TX from 000000000001B669 to 1:0000000000000001 [C18C] [UDP:[fe80::bfe:a203:38f0:bce7%enp0s3]:5540] --- Type 0001:08 (IM:InvokeCommandRequest) (B:96)[0m
[0;32m[1784654538.161] [5239:5241] [EM] ??1 [E:15816i S:22132 M:182623272] (S) Msg Retransmission to 1:0000000000000001 scheduled for 384ms from now [State:Active II:500 AI:300 AT:4000][0m
[0;34m[1784654538.161] [5239:5241] [DMG] ICR moving to [AwaitingRe][0m
[0;32m[1784654538.161] [5239:5241] [EM] <<< [E:15815i S:0 M:122731930 (Ack:125862389)] (U) Msg TX from A6E4B3978CB38F3C to 0:0000000000000000 [0000] [UDP:[fe80::bfe:a203:38f0:bce7%enp0s3]:5540] --- Type 0000:10 (SecureChannel:StandaloneAck) (B:26)[0m
[0;34m[1784654538.161] [5239:5241] [EM] Flushed pending ack for MessageCounter:125862389 on exchange 15815i[0m
[0;32m[1784654538.162] [5239:5241] [EM] >>> [E:15816i S:22132 M:25591002 (Ack:182623272)] (S) Msg RX from 1:0000000000000001 [C18C] to 000000000001B669 --- Type 0001:09 (IM:InvokeCommandResponse) (B:376)[0m
[0;34m[1784654538.162] [5239:5241] [EM] Found matching exchange: 15816i, Delegate: 0x7c705400eef8[0m
[0;34m[1784654538.162] [5239:5241] [EM] Rxd Ack; Removing MessageCounter:182623272 from Retrans Table on exchange 15816i[0m
[0;34m[1784654538.162] [5239:5241] [DMG] ICR moving to [ResponseRe][0m
[0;34m[1784654538.162] [5239:5241] [DMG] InvokeResponseMessage =[0m
[0;34m[1784654538.162] [5239:5241] [DMG] {[0m
[0;34m[1784654538.162] [5239:5241] [DMG] 	suppressResponse = false, [0m
[0;34m[1784654538.162] [5239:5241] [DMG] 	InvokeResponseIBs =[0m
[0;34m[1784654538.162] [5239:5241] [DMG] 	[[0m
[0;34m[1784654538.162] [5239:5241] [DMG] 		InvokeResponseIB =[0m
[0;34m[1784654538.162] [5239:5241] [DMG] 		{[0m
[0;34m[1784654538.162] [5239:5241] [DMG] 			CommandDataIB =[0m
[0;34m[1784654538.162] [5239:5241] [DMG] 			{[0m
[0;34m[1784654538.162] [5239:5241] [DMG] 				CommandPathIB =[0m
[0;34m[1784654538.162] [5239:5241] [DMG] 				{[0m
[0;34m[1784654538.162] [5239:5241] [DMG] 					EndpointId = 0x0,[0m
[0;34m[1784654538.162] [5239:5241] [DMG] 					ClusterId = 0x3e,[0m
[0;34m[1784654538.162] [5239:5241] [DMG] 					CommandId = 0x5,[0m
[0;34m[1784654538.162] [5239:5241] [DMG] 				},[0m
[0;34m[1784654538.162] [5239:5241] [DMG] 				[0m
[0;34m[1784654538.162] [5239:5241] [DMG] 				CommandFields = [0m
[0;34m[1784654538.162] [5239:5241] [DMG] 				{[0m
[0;34m[1784654538.162] [5239:5241] [DMG] 					0x0 = [[0m
[0;34m[1784654538.163] [5239:5241] [DMG] 							0x15, 0x30, 0x01, 0xca, 0x30, 0x81, 0xc7, 0x30, 0x70, 0x02, 0x01, 0x00, 0x30, 0x0e, 0x31, 0x0c, 0x30, 0x0a, 0x06, 0x03, 0x55, 0x04, 0x0a, 0x0c, 0x03, 0x43, 0x53, 0x52, 0x30, 0x59, 0x30, 0x13, 0x06, 0x07, 0x2a, 0x86, 0x48, 0xce, 0x3d, 0x02, 0x01, 0x06, 0x08, 0x2a, 0x86, 0x48, 0xce, 0x3d, 0x03, 0x01, 0x07, 0x03, 0x42, 0x00, 0x04, 0x0f, 0x5f, 0xb6, 0xec, 0xe9, 0x82, 0x5d, 0x18, 0xb8, 0x51, 0x01, 0x5f, 0x57, 0x13, 0x45, 0xbd, 0x89, 0x8a, 0xab, 0x95, 0xdd, 0x05, 0x12, 0xbe, 0x7c, 0xb4, 0xf1, 0xc4, 0xb6, 0x54, 0x22, 0x5b, 0x6a, 0x1f, 0x71, 0xa5, 0xbb, 0xdc, 0x07, 0x96, 0x91, 0x3a, 0x64, 0xc3, 0x00, 0x1a, 0xa1, 0xf1, 0x4d, 0x13, 0x4f, 0x20, 0xac, 0x7e, 0xf5, 0xc1, 0x56, 0x1b, 0xaf, 0x50, 0xe5, 0xb4, 0xe1, 0xa5, 0xa0, 0x00, 0x30, 0x0a, 0x06, 0x08, 0x2a, 0x86, 0x48, 0xce, 0x3d, 0x04, 0x03, 0x02, 0x03, 0x47, 0x00, 0x30, 0x44, 0x02, 0x20, 0x2d, 0x2c, 0xeb, 0x3b, 0xa3, 0x3e, 0xe7, 0x27, 0xfc, 0xe4, 0x49, 0x4c, 0xb4, 0x9c, 0x8b, 0xf5, 0xea, 0xae, 0xa5, 0xb9, 0x3d, 0x5c, 0x6f, 0x37, 0x1b, 0x16, 0xb6, 0x44, 0xbb, 0x6c, 0x9a, 0x66, 0x02, 0x20, 0x54, 0x9a, 0xee, 0x2d, 0xca, 0x42, 0x37, 0x75, 0xee, 0x8b, 0xb1, 0x94, 0x84, 0x1d, 0x3b, 0x9a, 0x00, 0xa0, 0x88, 0x76, 0x55, 0x51, 0x5b, 0xb3, 0xf8, 0x22, 0x6f, 0x1f, 0xb0, 0x2e, 0x1c, 0xd7, 0x30, 0x02, 0x20, 0x33, 0x3f, 0xb8, 0xaf, 0xfc, 0x94, 0xf1, 0x38, 0x15, 0x6a, 0xf2, 0xf0, 0x9c, 0x38, 0xdb, 0x87, 0x02, 0x23, 0xbc, 0x0b, 0x44, 0x01, 0xad, 0x16, 0x70, 0x41, 0xf9, 0x0c, 0x60, 0x1a, 0xb4, 0xd7, 0x18, [0m
[0;34m[1784654538.163] [5239:5241] [DMG] 					] (242 bytes)[0m
[0;34m[1784654538.163] [5239:5241] [DMG] 					0x1 = [[0m
[0;34m[1784654538.163] [5239:5241] [DMG] 							0x1d, 0x13, 0x68, 0xc0, 0xa8, 0xd1, 0x5f, 0x10, 0x14, 0xee, 0x5c, 0xee, 0xb0, 0x23, 0xc7, 0x4a, 0x2c, 0xc5, 0x00, 0x7a, 0xf8, 0xbb, 0xad, 0x1c, 0xff, 0x62, 0x43, 0xdb, 0x35, 0x1e, 0x4e, 0x1a, 0x5b, 0x7f, 0xfd, 0xa0, 0x70, 0x8a, 0xc4, 0x40, 0x69, 0x64, 0x6d, 0x63, 0x2f, 0x9d, 0x6e, 0xc9, 0xdc, 0x72, 0x83, 0xcb, 0x9b, 0xab, 0xde, 0x0c, 0x39, 0x82, 0xd9, 0xd9, 0xd6, 0x13, 0x8f, 0xa8, [0m
[0;34m[1784654538.163] [5239:5241] [DMG] 					] (64 bytes)[0m
[0;34m[1784654538.163] [5239:5241] [DMG] 				},[0m
[0;34m[1784654538.163] [5239:5241] [DMG] 			},[0m
[0;34m[1784654538.163] [5239:5241] [DMG] 			[0m
[0;34m[1784654538.163] [5239:5241] [DMG] 		},[0m
[0;34m[1784654538.163] [5239:5241] [DMG] 		[0m
[0;34m[1784654538.163] [5239:5241] [DMG] 	],[0m
[0;34m[1784654538.163] [5239:5241] [DMG] 	[0m
[0;34m[1784654538.163] [5239:5241] [DMG] 	InteractionModelRevision = 12[0m
[0;34m[1784654538.163] [5239:5241] [DMG] },[0m
[0;32m[1784654538.163] [5239:5241] [DMG] Received Command Response Data, Endpoint=0 Cluster=0x0000_003E Command=0x0000_0005[0m
[0;32m[1784654538.163] [5239:5241] [TOO] Endpoint: 0 Cluster: 0x0000_003E Command 0x0000_0005[0m
[0;32m[1784654538.163] [5239:5241] [TOO]   CSRResponse: {[0m
[0;32m[1784654538.163] [5239:5241] [TOO]     NOCSRElements: 153001CA3081C73070020100300E310C300A060355040A0C034353523059301306072A8648CE3D020106082A8648CE3D030107034200040F5FB6ECE9825D18B851015F571345BD898AAB95DD0512BE7CB4F1C4B654225B6A1F71A5BBDC0796913A64C3001AA1F14D134F20AC7EF5C1561BAF50E5B4E1A5A000300A06082A8648CE3D040302034700304402202D2CEB3BA33EE727FCE4494CB49C8BF5EAAEA5B93D5C6F371B16B644BB6C9A660220549AEE2DCA423775EE8BB194841D3B9A00A0887655515BB3F8226F1FB02E1CD7300220333FB8AFFC94F138156AF2F09C38DB870223BC0B4401AD167041F90C601AB4D718[0m
[0;32m[1784654538.163] [5239:5241] [TOO]     attestationSignature: 1D1368C0A8D15F1014EE5CEEB023C74A2CC5007AF8BBAD1CFF6243DB351E4E1A5B7FFDA0708AC44069646D632F9D6EC9DC7283CB9BABDE0C3982D9D9D6138FA8[0m
[0;32m[1784654538.163] [5239:5241] [TOO]    }[0m
[0;34m[1784654538.163] [5239:5241] [DMG] ICR moving to [AwaitingDe][0m
[0;32m[1784654538.163] [5239:5241] [EM] <<< [E:15816i S:22132 M:182623273 (Ack:25591002)] (S) Msg TX from 000000000001B669 to 1:0000000000000001 [C18C] [UDP:[fe80::bfe:a203:38f0:bce7%enp0s3]:5540] --- Type 0000:10 (SecureChannel:StandaloneAck) (B:34)[0m
[0;34m[1784654538.163] [5239:5241] [EM] Flushed pending ack for MessageCounter:25591002 on exchange 15816i[0m
[0;34m[1784654538.163] [5239:5239] [CTL] Shutting down the commissioner[0m
[0;32m[1784654538.163] [5239:5239] [PAF] WiFiPAF: Closing all WiFiPAF sessions to shutdown[0m
[0;34m[1784654538.163] [5239:5239] [CTL] Shutting down the controller[0m
[0;34m[1784654538.163] [5239:5239] [IN] Expiring all sessions for fabric 0x1!![0m
[0;34m[1784654538.163] [5239:5239] [IN] SecureSession[0x7c7054009cd0]: MarkForEviction Type:2 LSID:22132[0m
[0;32m[1784654538.163] [5239:5239] [SC] SecureSession[0x7c7054009cd0, LSID:22132]: State change 'kActive' --> 'kPendingEviction'[0m
[0;34m[1784654538.163] [5239:5239] [IN] SecureSession[0x7c7054009cd0]: Released - Type:2 LSID:22132[0m
[0;32m[1784654538.163] [5239:5239] [FP] Forgetting fabric 0x1[0m
[0;32m[1784654538.163] [5239:5239] [TS] Pending Last Known Good Time: 2023-10-14T01:16:48[0m
[0;32m[1784654538.163] [5239:5239] [TS] Previous Last Known Good Time: 2023-10-14T01:16:48[0m
[0;32m[1784654538.163] [5239:5239] [TS] Reverted Last Known Good Time to previous value[0m
[0;34m[1784654538.163] [5239:5239] [CTL] Shutting down the commissioner[0m
[0;32m[1784654538.163] [5239:5239] [PAF] WiFiPAF: Closing all WiFiPAF sessions to shutdown[0m
[0;34m[1784654538.163] [5239:5239] [CTL] Shutting down the controller[0m
[0;34m[1784654538.163] [5239:5239] [CTL] Shutting down the System State, this will teardown the CHIP Stack[0m
[0;34m[1784654538.163] [5239:5239] [DMG] All ReadHandler-s are clean, clear GlobalDirtySet[0m
[0;32m[1784654538.163] [5239:5239] [FP] Shutting down FabricTable[0m
[0;32m[1784654538.163] [5239:5239] [TS] Pending Last Known Good Time: 2023-10-14T01:16:48[0m
[0;32m[1784654538.163] [5239:5239] [TS] Previous Last Known Good Time: 2023-10-14T01:16:48[0m
[0;32m[1784654538.163] [5239:5239] [TS] Reverted Last Known Good Time to previous value[0m
[0;34m[1784654538.166] [5239:5239] [DL] Wrote settings to /tmp/chip_counters.ini[0m
[0;32m[1784654538.166] [5239:5239] [DL] NVS set: chip-counters/total-operational-hours = 0 (0x0)[0m
[0;32m[1784654538.166] [5239:5239] [DL] Inet Layer shutdown[0m
[0;32m[1784654538.166] [5239:5239] [DL] BLE Layer shutdown[0m
[0;32m[1784654538.166] [5239:5239] [DL] WiFi-PAF Layer shutdown[0m
[0;32m[1784654538.166] [5239:5239] [PAF] WiFiPAF: Closing all WiFiPAF sessions to shutdown[0m
[0;32m[1784654538.166] [5239:5239] [DL] System Layer shutdown[0m
