[0;34m[1784654538.575] [5252:5252] [DL] ChipLinuxStorage::Init: Using KVS config file: /tmp/chip_tool_kvs[0m
[1;31m[1784654538.575] [5252:5252] [DL] ChipLinuxStorage::Init: Attempt to re-initialize with KVS config file: /tmp/chip_kvs, IGNORING.[0m
[0;34m[1784654538.577] [5252:5252] [DL] ChipLinuxStorage::Init: Using KVS config file: /tmp/chip_factory.ini[0m
[0;34m[1784654538.577] [5252:5252] [DL] ChipLinuxStorage::Init: Using KVS config file: /tmp/chip_config.ini[0m
[0;34m[1784654538.577] [5252:5252] [DL] ChipLinuxStorage::Init: Using KVS config file: /tmp/chip_counters.ini[0m
[0;34m[1784654538.580] [5252:5252] [DL] Wrote settings to /tmp/chip_counters.ini[0m
[0;32m[1784654538.580] [5252:5252] [DL] NVS set: chip-counters/reboot-count = 6 (0x6)[0m
[0;32m[1784654538.580] [5252:5252] [DL] Got Ethernet interface: enp0s3[0m
[0;32m[1784654538.580] [5252:5252] [DL] Found the primary Ethernet interface:enp0s3[0m
[1;31m[1784654538.580] [5252:5252] [DL] Failed to get WiFi interface[0m
[1;31m[1784654538.580] [5252:5252] [DL] Failed to reset WiFi statistic counts[0m
[0;32m[1784654538.580] [5252:5252] [PAF] WiFiPAF: WiFiPAFLayer::Init()[0m
[0;34m[1784654538.580] [5252:5252] [IN] UDP::Init bind&listen port=0[0m
[0;34m[1784654538.580] [5252:5252] [IN] UDP::Init bound to port=45412[0m
[0;34m[1784654538.580] [5252:5252] [IN] UDP::Init bind&listen port=0[0m
[0;34m[1784654538.580] [5252:5252] [IN] UDP::Init bound to port=45535[0m
[0;34m[1784654538.580] [5252:5252] [IN] BLEBase::Init - setting/overriding transport[0m
[0;34m[1784654538.580] [5252:5252] [IN] WiFiPAFBase::Init - setting/overriding transport[0m
[0;34m[1784654538.580] [5252:5252] [IN] TransportMgr initialized[0m
[0;34m[1784654538.580] [5252:5252] [FP] Initializing FabricTable from persistent storage[0m
[0;32m[1784654538.580] [5252:5252] [TS] Last Known Good Time: 2023-10-14T01:16:48[0m
[0;32m[1784654538.581] [5252:5252] [FP] Fabric index 0x1 was retrieved from storage. Compressed FabricId 0x009E639A0309C18C, FabricId 0x0000000000000001, NodeId 0x000000000001B669, VendorId 0xFFF1[0m
[0;32m[1784654538.582] [5252:5252] [DMG] Ember attribute persistence requires setting up[0m
[0;32m[1784654538.582] [5252:5252] [ZCL] Using ZAP configuration...[0m
[0;34m[1784654538.582] [5252:5252] [CTL] System State Initialized...[0m
[0;32m[1784654538.582] [5252:5252] [CTL] Setting attestation nonce to random value[0m
[0;32m[1784654538.582] [5252:5252] [CTL] Setting CSR nonce to random value[0m
[0;34m[1784654538.582] [5252:5254] [DL] CHIP task running[0m
[0;32m[1784654538.582] [5252:5254] [CTL] Setting attestation nonce to random value[0m
[0;32m[1784654538.582] [5252:5254] [CTL] Setting CSR nonce to random value[0m
[0;32m[1784654538.582] [5252:5254] [CTL] Generating NOC[0m
[0;32m[1784654538.582] [5252:5254] [FP] Validating NOC chain[0m
[0;32m[1784654538.583] [5252:5254] [FP] NOC chain validation successful[0m
[0;32m[1784654538.583] [5252:5254] [FP] Updated fabric at index: 0x1, Node ID: 0x000000000001B669[0m
[0;32m[1784654538.583] [5252:5254] [TS] Last Known Good Time: 2023-10-14T01:16:48[0m
[0;32m[1784654538.583] [5252:5254] [TS] New proposed Last Known Good Time: 2021-01-01T00:00:00[0m
[0;32m[1784654538.583] [5252:5254] [TS] Retaining current Last Known Good Time[0m
[0;32m[1784654538.585] [5252:5254] [FP] Metadata for Fabric 0x1 persisted to storage.[0m
[0;32m[1784654538.586] [5252:5254] [TS] Committing Last Known Good Time to storage: 2023-10-14T01:16:48[0m
[0;32m[1784654538.587] [5252:5254] [CTL] Joined the fabric at index 1. Fabric ID is 0x0000000000000001 (Compressed Fabric ID: 009E639A0309C18C)[0m
[0;32m[1784654538.592] [5252:5254] [TOO] Sending command to node 0x1[0m
[0;34m[1784654538.592] [5252:5254] [CSM] FindOrEstablishSession: PeerId = [1:0000000000000001][0m
[0;34m[1784654538.592] [5252:5254] [CSM] FindOrEstablishSession: No existing OperationalSessionSetup instance found[0m
[0;34m[1784654538.592] [5252:5254] [DIS] OperationalSessionSetup[1:0000000000000001]: State change 1 --> 2[0m
[0;32m[1784654538.592] [5252:5254] [DIS] Lookup started for 009E639A0309C18C-0000000000000001[0m
[0;32m[1784654538.592] [5252:5254] [DIS] UDP:[fe80::bfe:a203:38f0:bce7%enp0s3]:5540: new best score: 7 (for 009E639A0309C18C-0000000000000001)[0m
[0;34m[1784654538.592] [5252:5254] [DIS] Lookup clearing interface for non LL address[0m
[0;32m[1784654538.592] [5252:5254] [DIS] UDP:10.0.2.15%enp0s3:5540: new best score: 2 (for 009E639A0309C18C-0000000000000001)[0m
[0;32m[1784654538.592] [5252:5254] [DIS] Checking node lookup status for 009E639A0309C18C-0000000000000001 after 0 ms[0m
[0;32m[1784654538.592] [5252:5254] [DIS] Keeping DNSSD lookup active[0m
[0;32m[1784654538.592] [5252:5254] [DIS] UDP:[fe80::bfe:a203:38f0:bce7%enp0s3]:5540: score has not improved: 7 (for 009E639A0309C18C-0000000000000001)[0m
[0;34m[1784654538.592] [5252:5254] [DIS] Lookup clearing interface for non LL address[0m
[0;32m[1784654538.592] [5252:5254] [DIS] UDP:10.0.2.15%enp0s3:5540: score has not improved: 2 (for 009E639A0309C18C-0000000000000001)[0m
[0;32m[1784654538.592] [5252:5254] [DIS] Checking node lookup status for 009E639A0309C18C-0000000000000001 after 1 ms[0m
[0;32m[1784654538.592] [5252:5254] [DIS] Keeping DNSSD lookup active[0m
[0;32m[1784654538.792] [5252:5254] [DIS] Checking node lookup status for 009E639A0309C18C-0000000000000001 after 200 ms[0m
[0;34m[1784654538.792] [5252:5254] [DIS] OperationalSessionSetup[1:0000000000000001]: Updating device address to UDP:[fe80::bfe:a203:38f0:bce7%enp0s3]:5540 while in state 2[0m
[0;34m[1784654538.792] [5252:5254] [DIS] OperationalSessionSetup[1:0000000000000001]: State change 2 --> 3[0m
[0;34m[1784654538.792] [5252:5254] [IN] SecureSession[0x7a8bfc009cd0]: Allocated Type:2 LSID:11516[0m
[0;32m[1784654538.792] [5252:5254] [SC] Initiating session on local FabricIndex 1 from 0x000000000001B669 -> 0x0000000000000001[0m
[0;32m[1784654538.792] [5252:5254] [EM] <<< [E:16218i S:0 M:176754658] (U) Msg TX from 04D818423090A80F to 0:0000000000000000 [0000] [UDP:[fe80::bfe:a203:38f0:bce7%enp0s3]:5540] --- Type 0000:30 (SecureChannel:CASE_Sigma1) (B:196)[0m
[0;32m[1784654538.792] [5252:5254] [EM] ??1 [E:16218i S:0 M:176754658] (U) Msg Retransmission to 0:0000000000000000 scheduled for 575ms from now [State:Idle II:500 AI:300 AT:4000][0m
[0;32m[1784654538.792] [5252:5254] [SC] Sent Sigma1 msg to <0000000000000001, 1> [II:500ms AI:300ms AT:4000ms][0m
[0;34m[1784654538.792] [5252:5254] [DIS] OperationalSessionSetup[1:0000000000000001]: State change 3 --> 4[0m
[0;32m[1784654538.793] [5252:5254] [EM] >>> [E:16218i S:0 M:125862392 (Ack:176754658)] (U) Msg RX from 0:0000000000000000 [0000] to 04D818423090A80F --- Type 0000:31 (SecureChannel:CASE_Sigma2) (B:751)[0m
[0;34m[1784654538.793] [5252:5254] [EM] Found matching exchange: 16218i, Delegate: 0x7a8bfc00b8e8[0m
[0;34m[1784654538.793] [5252:5254] [EM] Rxd Ack; Removing MessageCounter:176754658 from Retrans Table on exchange 16218i[0m
[0;32m[1784654538.793] [5252:5254] [SC] Received Sigma2 msg[0m
[0;34m[1784654538.793] [5252:5254] [SC] Found MRP parameters in the message[0m
[0;34m[1784654538.794] [5252:5254] [SC] Peer <0000000000000001, 1> assigned session ID 40974[0m
[0;34m[1784654538.794] [5252:5254] [SC] Sending Sigma3[0m
[0;32m[1784654538.794] [5252:5254] [EM] <<< [E:16218i S:0 M:176754659 (Ack:125862392)] (U) Msg TX from 04D818423090A80F to 0:0000000000000000 [0000] [UDP:[fe80::bfe:a203:38f0:bce7%enp0s3]:5540] --- Type 0000:32 (SecureChannel:CASE_Sigma3) (B:598)[0m
[0;32m[1784654538.794] [5252:5254] [EM] ??1 [E:16218i S:0 M:176754659] (U) Msg Retransmission to 0:0000000000000000 scheduled for 347ms from now [State:Active II:500 AI:300 AT:4000][0m
[0;32m[1784654538.794] [5252:5254] [SC] Sent Sigma3 msg[0m
[0;32m[1784654538.803] [5252:5254] [EM] >>> [E:16218i S:0 M:125862393 (Ack:176754659)] (U) Msg RX from 0:0000000000000000 [0000] to 04D818423090A80F --- Type 0000:40 (SecureChannel:StatusReport) (B:34)[0m
[0;34m[1784654538.803] [5252:5254] [EM] Found matching exchange: 16218i, Delegate: 0x7a8bfc00b8e8[0m
[0;34m[1784654538.803] [5252:5254] [EM] Rxd Ack; Removing MessageCounter:176754659 from Retrans Table on exchange 16218i[0m
[0;32m[1784654538.803] [5252:5254] [SC] Success status report received. Session was established[0m
[0;32m[1784654538.804] [5252:5254] [SC] SecureSession[0x7a8bfc009cd0, LSID:11516]: State change 'kEstablishing' --> 'kActive'[0m
[0;34m[1784654538.804] [5252:5254] [IN] SecureSession[0x7a8bfc009cd0]: Activated - Type:2 LSID:11516[0m
[0;34m[1784654538.804] [5252:5254] [IN] New secure session activated for device <0000000000000001, 1>, LSID:11516 PSID:40974![0m
[0;34m[1784654538.804] [5252:5254] [DIS] OperationalSessionSetup[1:0000000000000001]: State change 4 --> 5[0m
[0;32m[1784654538.804] [5252:5254] [TOO] Sending cluster (0x0000003E) command (0x00000007) on endpoint 0[0m
[0;34m[1784654538.804] [5252:5254] [DMG] ICR moving to [AddingComm][0m
[0;34m[1784654538.804] [5252:5254] [DMG] ICR moving to [AddedComma][0m
[0;32m[1784654538.804] [5252:5254] [EM] <<< [E:16219i S:11516 M:141595436] (S) Msg TX from 000000000001B669 to 1:0000000000000001 [C18C] [UDP:[fe80::bfe:a203:38f0:bce7%enp0s3]:5540] --- Type 0001:08 (IM:InvokeCommandRequest) (B:330)[0m
[0;32m[1784654538.804] [5252:5254] [EM] ??1 [E:16219i S:11516 M:141595436] (S) Msg Retransmission to 1:0000000000000001 scheduled for 336ms from now [State:Active II:500 AI:300 AT:4000][0m
[0;34m[1784654538.804] [5252:5254] [DMG] ICR moving to [AwaitingRe][0m
[0;32m[1784654538.804] [5252:5254] [EM] <<< [E:16218i S:0 M:176754660 (Ack:125862393)] (U) Msg TX from 04D818423090A80F to 0:0000000000000000 [0000] [UDP:[fe80::bfe:a203:38f0:bce7%enp0s3]:5540] --- Type 0000:10 (SecureChannel:StandaloneAck) (B:26)[0m
[0;34m[1784654538.804] [5252:5254] [EM] Flushed pending ack for MessageCounter:125862393 on exchange 16218i[0m
[0;32m[1784654538.814] [5252:5254] [EM] >>> [E:16219i S:11516 M:89411383 (Ack:141595436)] (S) Msg RX from 1:0000000000000001 [C18C] to 000000000001B669 --- Type 0001:09 (IM:InvokeCommandResponse) (B:70)[0m
[0;34m[1784654538.814] [5252:5254] [EM] Found matching exchange: 16219i, Delegate: 0x7a8bfc00eef8[0m
[0;34m[1784654538.814] [5252:5254] [EM] Rxd Ack; Removing MessageCounter:141595436 from Retrans Table on exchange 16219i[0m
[0;34m[1784654538.814] [5252:5254] [DMG] ICR moving to [ResponseRe][0m
[0;34m[1784654538.814] [5252:5254] [DMG] InvokeResponseMessage =[0m
[0;34m[1784654538.814] [5252:5254] [DMG] {[0m
[0;34m[1784654538.814] [5252:5254] [DMG] 	suppressResponse = false, [0m
[0;34m[1784654538.814] [5252:5254] [DMG] 	InvokeResponseIBs =[0m
[0;34m[1784654538.814] [5252:5254] [DMG] 	[[0m
[0;34m[1784654538.814] [5252:5254] [DMG] 		InvokeResponseIB =[0m
[0;34m[1784654538.814] [5252:5254] [DMG] 		{[0m
[0;34m[1784654538.814] [5252:5254] [DMG] 			CommandDataIB =[0m
[0;34m[1784654538.814] [5252:5254] [DMG] 			{[0m
[0;34m[1784654538.814] [5252:5254] [DMG] 				CommandPathIB =[0m
[0;34m[1784654538.814] [5252:5254] [DMG] 				{[0m
[0;34m[1784654538.814] [5252:5254] [DMG] 					EndpointId = 0x0,[0m
[0;34m[1784654538.814] [5252:5254] [DMG] 					ClusterId = 0x3e,[0m
[0;34m[1784654538.814] [5252:5254] [DMG] 					CommandId = 0x8,[0m
[0;34m[1784654538.814] [5252:5254] [DMG] 				},[0m
[0;34m[1784654538.814] [5252:5254] [DMG] 				[0m
[0;34m[1784654538.814] [5252:5254] [DMG] 				CommandFields = [0m
[0;34m[1784654538.814] [5252:5254] [DMG] 				{[0m
[0;34m[1784654538.814] [5252:5254] [DMG] 					0x0 = 0 (unsigned), [0m
[0;34m[1784654538.814] [5252:5254] [DMG] 					0x1 = 1 (unsigned), [0m
[0;34m[1784654538.814] [5252:5254] [DMG] 				},[0m
[0;34m[1784654538.814] [5252:5254] [DMG] 			},[0m
[0;34m[1784654538.814] [5252:5254] [DMG] 			[0m
[0;34m[1784654538.814] [5252:5254] [DMG] 		},[0m
[0;34m[1784654538.814] [5252:5254] [DMG] 		[0m
[0;34m[1784654538.814] [5252:5254] [DMG] 	],[0m
[0;34m[1784654538.814] [5252:5254] [DMG] 	[0m
[0;34m[1784654538.814] [5252:5254] [DMG] 	InteractionModelRevision = 12[0m
[0;34m[1784654538.814] [5252:5254] [DMG] },[0m
[0;32m[1784654538.814] [5252:5254] [DMG] Received Command Response Data, Endpoint=0 Cluster=0x0000_003E Command=0x0000_0008[0m
[0;32m[1784654538.814] [5252:5254] [TOO] Endpoint: 0 Cluster: 0x0000_003E Command 0x0000_0008[0m
[0;32m[1784654538.814] [5252:5254] [TOO]   NOCResponse: {[0m
[0;32m[1784654538.814] [5252:5254] [TOO]     statusCode: 0[0m
[0;32m[1784654538.814] [5252:5254] [TOO]     fabricIndex: 1[0m
[0;32m[1784654538.814] [5252:5254] [TOO]    }[0m
[0;34m[1784654538.814] [5252:5254] [DMG] ICR moving to [AwaitingDe][0m
[0;32m[1784654538.815] [5252:5254] [EM] <<< [E:16219i S:11516 M:141595437 (Ack:89411383)] (S) Msg TX from 000000000001B669 to 1:0000000000000001 [C18C] [UDP:[fe80::bfe:a203:38f0:bce7%enp0s3]:5540] --- Type 0000:10 (SecureChannel:StandaloneAck) (B:34)[0m
[0;34m[1784654538.815] [5252:5254] [EM] Flushed pending ack for MessageCounter:89411383 on exchange 16219i[0m
[0;34m[1784654538.815] [5252:5252] [CTL] Shutting down the commissioner[0m
[0;32m[1784654538.815] [5252:5252] [PAF] WiFiPAF: Closing all WiFiPAF sessions to shutdown[0m
[0;34m[1784654538.815] [5252:5252] [CTL] Shutting down the controller[0m
[0;34m[1784654538.815] [5252:5252] [IN] Expiring all sessions for fabric 0x1!![0m
[0;34m[1784654538.815] [5252:5252] [IN] SecureSession[0x7a8bfc009cd0]: MarkForEviction Type:2 LSID:11516[0m
[0;32m[1784654538.815] [5252:5252] [SC] SecureSession[0x7a8bfc009cd0, LSID:11516]: State change 'kActive' --> 'kPendingEviction'[0m
[0;34m[1784654538.815] [5252:5252] [IN] SecureSession[0x7a8bfc009cd0]: Released - Type:2 LSID:11516[0m
[0;32m[1784654538.815] [5252:5252] [FP] Forgetting fabric 0x1[0m
[0;32m[1784654538.815] [5252:5252] [TS] Pending Last Known Good Time: 2023-10-14T01:16:48[0m
[0;32m[1784654538.815] [5252:5252] [TS] Previous Last Known Good Time: 2023-10-14T01:16:48[0m
[0;32m[1784654538.815] [5252:5252] [TS] Reverted Last Known Good Time to previous value[0m
[0;34m[1784654538.815] [5252:5252] [CTL] Shutting down the commissioner[0m
[0;32m[1784654538.815] [5252:5252] [PAF] WiFiPAF: Closing all WiFiPAF sessions to shutdown[0m
[0;34m[1784654538.815] [5252:5252] [CTL] Shutting down the controller[0m
[0;34m[1784654538.815] [5252:5252] [CTL] Shutting down the System State, this will teardown the CHIP Stack[0m
[0;34m[1784654538.815] [5252:5252] [DMG] All ReadHandler-s are clean, clear GlobalDirtySet[0m
[0;32m[1784654538.815] [5252:5252] [FP] Shutting down FabricTable[0m
[0;32m[1784654538.815] [5252:5252] [TS] Pending Last Known Good Time: 2023-10-14T01:16:48[0m
[0;32m[1784654538.815] [5252:5252] [TS] Previous Last Known Good Time: 2023-10-14T01:16:48[0m
[0;32m[1784654538.815] [5252:5252] [TS] Reverted Last Known Good Time to previous value[0m
[0;34m[1784654538.818] [5252:5252] [DL] Wrote settings to /tmp/chip_counters.ini[0m
[0;32m[1784654538.818] [5252:5252] [DL] NVS set: chip-counters/total-operational-hours = 0 (0x0)[0m
[0;32m[1784654538.818] [5252:5252] [DL] Inet Layer shutdown[0m
[0;32m[1784654538.818] [5252:5252] [DL] BLE Layer shutdown[0m
[0;32m[1784654538.818] [5252:5252] [DL] WiFi-PAF Layer shutdown[0m
[0;32m[1784654538.818] [5252:5252] [PAF] WiFiPAF: Closing all WiFiPAF sessions to shutdown[0m
[0;32m[1784654538.818] [5252:5252] [DL] System Layer shutdown[0m
