[0;34m[1784653902.662] [2832:2832] [DL] ChipLinuxStorage::Init: Using KVS config file: /tmp/chip_tool_kvs[0m
[1;31m[1784653902.663] [2832:2832] [DL] ChipLinuxStorage::Init: Attempt to re-initialize with KVS config file: /tmp/chip_kvs, IGNORING.[0m
[0;34m[1784653902.665] [2832:2832] [DL] ChipLinuxStorage::Init: Using KVS config file: /tmp/chip_factory.ini[0m
[0;34m[1784653902.665] [2832:2832] [DL] ChipLinuxStorage::Init: Using KVS config file: /tmp/chip_config.ini[0m
[0;34m[1784653902.665] [2832:2832] [DL] ChipLinuxStorage::Init: Using KVS config file: /tmp/chip_counters.ini[0m
[0;34m[1784653902.669] [2832:2832] [DL] Wrote settings to /tmp/chip_counters.ini[0m
[0;32m[1784653902.669] [2832:2832] [DL] NVS set: chip-counters/reboot-count = 4 (0x4)[0m
[0;32m[1784653902.669] [2832:2832] [DL] Got Ethernet interface: enp0s3[0m
[0;32m[1784653902.669] [2832:2832] [DL] Found the primary Ethernet interface:enp0s3[0m
[1;31m[1784653902.669] [2832:2832] [DL] Failed to get WiFi interface[0m
[1;31m[1784653902.669] [2832:2832] [DL] Failed to reset WiFi statistic counts[0m
[0;32m[1784653902.669] [2832:2832] [PAF] WiFiPAF: WiFiPAFLayer::Init()[0m
[0;34m[1784653902.669] [2832:2832] [IN] UDP::Init bind&listen port=0[0m
[0;34m[1784653902.669] [2832:2832] [IN] UDP::Init bound to port=50224[0m
[0;34m[1784653902.669] [2832:2832] [IN] UDP::Init bind&listen port=0[0m
[0;34m[1784653902.669] [2832:2832] [IN] UDP::Init bound to port=47167[0m
[0;34m[1784653902.669] [2832:2832] [IN] BLEBase::Init - setting/overriding transport[0m
[0;34m[1784653902.669] [2832:2832] [IN] WiFiPAFBase::Init - setting/overriding transport[0m
[0;34m[1784653902.669] [2832:2832] [IN] TransportMgr initialized[0m
[0;34m[1784653902.669] [2832:2832] [FP] Initializing FabricTable from persistent storage[0m
[0;32m[1784653902.669] [2832:2832] [TS] Last Known Good Time: 2023-10-14T01:16:48[0m
[0;32m[1784653902.670] [2832:2832] [FP] Fabric index 0x1 was retrieved from storage. Compressed FabricId 0x3B25CC96C3B60A04, FabricId 0x0000000000000001, NodeId 0x000000000001B669, VendorId 0xFFF1[0m
[0;32m[1784653902.671] [2832:2832] [DMG] Ember attribute persistence requires setting up[0m
[0;32m[1784653902.671] [2832:2832] [ZCL] Using ZAP configuration...[0m
[0;34m[1784653902.671] [2832:2832] [CTL] System State Initialized...[0m
[0;32m[1784653902.671] [2832:2832] [CTL] Setting attestation nonce to random value[0m
[0;32m[1784653902.671] [2832:2832] [CTL] Setting CSR nonce to random value[0m
[0;34m[1784653902.671] [2832:2834] [DL] CHIP task running[0m
[0;32m[1784653902.671] [2832:2834] [CTL] Setting attestation nonce to random value[0m
[0;32m[1784653902.671] [2832:2834] [CTL] Setting CSR nonce to random value[0m
[0;32m[1784653902.671] [2832:2834] [CTL] Generating NOC[0m
[0;32m[1784653902.671] [2832:2834] [FP] Validating NOC chain[0m
[0;32m[1784653902.671] [2832:2834] [FP] NOC chain validation successful[0m
[0;32m[1784653902.671] [2832:2834] [FP] Updated fabric at index: 0x1, Node ID: 0x000000000001B669[0m
[0;32m[1784653902.671] [2832:2834] [TS] Last Known Good Time: 2023-10-14T01:16:48[0m
[0;32m[1784653902.671] [2832:2834] [TS] New proposed Last Known Good Time: 2021-01-01T00:00:00[0m
[0;32m[1784653902.671] [2832:2834] [TS] Retaining current Last Known Good Time[0m
[0;32m[1784653902.673] [2832:2834] [FP] Metadata for Fabric 0x1 persisted to storage.[0m
[0;32m[1784653902.674] [2832:2834] [TS] Committing Last Known Good Time to storage: 2023-10-14T01:16:48[0m
[0;32m[1784653902.675] [2832:2834] [CTL] Joined the fabric at index 1. Fabric ID is 0x0000000000000001 (Compressed Fabric ID: 3B25CC96C3B60A04)[0m
[0;32m[1784653902.681] [2832:2834] [TOO] Sending command to node 0x1[0m
[0;34m[1784653902.681] [2832:2834] [CSM] FindOrEstablishSession: PeerId = [1:0000000000000001][0m
[0;34m[1784653902.681] [2832:2834] [CSM] FindOrEstablishSession: No existing OperationalSessionSetup instance found[0m
[0;34m[1784653902.681] [2832:2834] [DIS] OperationalSessionSetup[1:0000000000000001]: State change 1 --> 2[0m
[0;32m[1784653902.681] [2832:2834] [DIS] Lookup started for 3B25CC96C3B60A04-0000000000000001[0m
[0;32m[1784653902.681] [2832:2834] [DIS] UDP:[fe80::bfe:a203:38f0:bce7%enp0s3]:5540: new best score: 7 (for 3B25CC96C3B60A04-0000000000000001)[0m
[0;34m[1784653902.681] [2832:2834] [DIS] Lookup clearing interface for non LL address[0m
[0;32m[1784653902.681] [2832:2834] [DIS] UDP:10.0.2.15%enp0s3:5540: new best score: 2 (for 3B25CC96C3B60A04-0000000000000001)[0m
[0;32m[1784653902.681] [2832:2834] [DIS] Checking node lookup status for 3B25CC96C3B60A04-0000000000000001 after 1 ms[0m
[0;32m[1784653902.681] [2832:2834] [DIS] Keeping DNSSD lookup active[0m
[0;32m[1784653902.682] [2832:2834] [DIS] UDP:[fe80::bfe:a203:38f0:bce7%enp0s3]:5540: score has not improved: 7 (for 3B25CC96C3B60A04-0000000000000001)[0m
[0;34m[1784653902.682] [2832:2834] [DIS] Lookup clearing interface for non LL address[0m
[0;32m[1784653902.682] [2832:2834] [DIS] UDP:10.0.2.15%enp0s3:5540: score has not improved: 2 (for 3B25CC96C3B60A04-0000000000000001)[0m
[0;32m[1784653902.682] [2832:2834] [DIS] Checking node lookup status for 3B25CC96C3B60A04-0000000000000001 after 1 ms[0m
[0;32m[1784653902.682] [2832:2834] [DIS] Keeping DNSSD lookup active[0m
[0;32m[1784653902.882] [2832:2834] [DIS] Checking node lookup status for 3B25CC96C3B60A04-0000000000000001 after 201 ms[0m
[0;34m[1784653902.882] [2832:2834] [DIS] OperationalSessionSetup[1:0000000000000001]: Updating device address to UDP:[fe80::bfe:a203:38f0:bce7%enp0s3]:5540 while in state 2[0m
[0;34m[1784653902.882] [2832:2834] [DIS] OperationalSessionSetup[1:0000000000000001]: State change 2 --> 3[0m
[0;34m[1784653902.882] [2832:2834] [IN] SecureSession[0x7cd9b4009cd0]: Allocated Type:2 LSID:3849[0m
[0;32m[1784653902.882] [2832:2834] [SC] Initiating session on local FabricIndex 1 from 0x000000000001B669 -> 0x0000000000000001[0m
[0;32m[1784653902.882] [2832:2834] [EM] <<< [E:52856i S:0 M:155895316] (U) Msg TX from 8C88017FE2A64D36 to 0:0000000000000000 [0000] [UDP:[fe80::bfe:a203:38f0:bce7%enp0s3]:5540] --- Type 0000:30 (SecureChannel:CASE_Sigma1) (B:196)[0m
[0;32m[1784653902.882] [2832:2834] [EM] ??1 [E:52856i S:0 M:155895316] (U) Msg Retransmission to 0:0000000000000000 scheduled for 635ms from now [State:Idle II:500 AI:300 AT:4000][0m
[0;32m[1784653902.882] [2832:2834] [SC] Sent Sigma1 msg to <0000000000000001, 1> [II:500ms AI:300ms AT:4000ms][0m
[0;34m[1784653902.882] [2832:2834] [DIS] OperationalSessionSetup[1:0000000000000001]: State change 3 --> 4[0m
[0;32m[1784653902.883] [2832:2834] [EM] >>> [E:52856i S:0 M:48351245 (Ack:155895316)] (U) Msg RX from 0:0000000000000000 [0000] to 8C88017FE2A64D36 --- Type 0000:31 (SecureChannel:CASE_Sigma2) (B:751)[0m
[0;34m[1784653902.883] [2832:2834] [EM] Found matching exchange: 52856i, Delegate: 0x7cd9b400b8e8[0m
[0;34m[1784653902.883] [2832:2834] [EM] Rxd Ack; Removing MessageCounter:155895316 from Retrans Table on exchange 52856i[0m
[0;32m[1784653902.883] [2832:2834] [SC] Received Sigma2 msg[0m
[0;34m[1784653902.883] [2832:2834] [SC] Found MRP parameters in the message[0m
[0;34m[1784653902.884] [2832:2834] [SC] Peer <0000000000000001, 1> assigned session ID 35263[0m
[0;34m[1784653902.884] [2832:2834] [SC] Sending Sigma3[0m
[0;32m[1784653902.884] [2832:2834] [EM] <<< [E:52856i S:0 M:155895317 (Ack:48351245)] (U) Msg TX from 8C88017FE2A64D36 to 0:0000000000000000 [0000] [UDP:[fe80::bfe:a203:38f0:bce7%enp0s3]:5540] --- Type 0000:32 (SecureChannel:CASE_Sigma3) (B:598)[0m
[0;32m[1784653902.884] [2832:2834] [EM] ??1 [E:52856i S:0 M:155895317] (U) Msg Retransmission to 0:0000000000000000 scheduled for 377ms from now [State:Active II:500 AI:300 AT:4000][0m
[0;32m[1784653902.884] [2832:2834] [SC] Sent Sigma3 msg[0m
[0;32m[1784653902.897] [2832:2834] [EM] >>> [E:52856i S:0 M:48351246 (Ack:155895317)] (U) Msg RX from 0:0000000000000000 [0000] to 8C88017FE2A64D36 --- Type 0000:40 (SecureChannel:StatusReport) (B:34)[0m
[0;34m[1784653902.897] [2832:2834] [EM] Found matching exchange: 52856i, Delegate: 0x7cd9b400b8e8[0m
[0;34m[1784653902.897] [2832:2834] [EM] Rxd Ack; Removing MessageCounter:155895317 from Retrans Table on exchange 52856i[0m
[0;32m[1784653902.897] [2832:2834] [SC] Success status report received. Session was established[0m
[0;32m[1784653902.898] [2832:2834] [SC] SecureSession[0x7cd9b4009cd0, LSID:3849]: State change 'kEstablishing' --> 'kActive'[0m
[0;34m[1784653902.898] [2832:2834] [IN] SecureSession[0x7cd9b4009cd0]: Activated - Type:2 LSID:3849[0m
[0;34m[1784653902.898] [2832:2834] [IN] New secure session activated for device <0000000000000001, 1>, LSID:3849 PSID:35263![0m
[0;34m[1784653902.898] [2832:2834] [DIS] OperationalSessionSetup[1:0000000000000001]: State change 4 --> 5[0m
[0;32m[1784653902.898] [2832:2834] [TOO] Sending cluster (0x0000003E) command (0x00000004) on endpoint 0[0m
[0;34m[1784653902.898] [2832:2834] [DMG] ICR moving to [AddingComm][0m
[0;34m[1784653902.898] [2832:2834] [DMG] ICR moving to [AddedComma][0m
[0;32m[1784653902.898] [2832:2834] [EM] <<< [E:52857i S:3849 M:49134642] (S) Msg TX from 000000000001B669 to 1:0000000000000001 [0A04] [UDP:[fe80::bfe:a203:38f0:bce7%enp0s3]:5540] --- Type 0001:08 (IM:InvokeCommandRequest) (B:96)[0m
[0;32m[1784653902.898] [2832:2834] [EM] ??1 [E:52857i S:3849 M:49134642] (S) Msg Retransmission to 1:0000000000000001 scheduled for 398ms from now [State:Active II:500 AI:300 AT:4000][0m
[0;34m[1784653902.898] [2832:2834] [DMG] ICR moving to [AwaitingRe][0m
[0;32m[1784653902.898] [2832:2834] [EM] <<< [E:52856i S:0 M:155895318 (Ack:48351246)] (U) Msg TX from 8C88017FE2A64D36 to 0:0000000000000000 [0000] [UDP:[fe80::bfe:a203:38f0:bce7%enp0s3]:5540] --- Type 0000:10 (SecureChannel:StandaloneAck) (B:26)[0m
[0;34m[1784653902.898] [2832:2834] [EM] Flushed pending ack for MessageCounter:48351246 on exchange 52856i[0m
[0;32m[1784653902.899] [2832:2834] [EM] >>> [E:52857i S:3849 M:112006659 (Ack:49134642)] (S) Msg RX from 1:0000000000000001 [0A04] to 000000000001B669 --- Type 0001:09 (IM:InvokeCommandResponse) (B:376)[0m
[0;34m[1784653902.899] [2832:2834] [EM] Found matching exchange: 52857i, Delegate: 0x7cd9b400eef8[0m
[0;34m[1784653902.899] [2832:2834] [EM] Rxd Ack; Removing MessageCounter:49134642 from Retrans Table on exchange 52857i[0m
[0;34m[1784653902.899] [2832:2834] [DMG] ICR moving to [ResponseRe][0m
[0;34m[1784653902.899] [2832:2834] [DMG] InvokeResponseMessage =[0m
[0;34m[1784653902.899] [2832:2834] [DMG] {[0m
[0;34m[1784653902.899] [2832:2834] [DMG] 	suppressResponse = false, [0m
[0;34m[1784653902.899] [2832:2834] [DMG] 	InvokeResponseIBs =[0m
[0;34m[1784653902.899] [2832:2834] [DMG] 	[[0m
[0;34m[1784653902.899] [2832:2834] [DMG] 		InvokeResponseIB =[0m
[0;34m[1784653902.899] [2832:2834] [DMG] 		{[0m
[0;34m[1784653902.899] [2832:2834] [DMG] 			CommandDataIB =[0m
[0;34m[1784653902.899] [2832:2834] [DMG] 			{[0m
[0;34m[1784653902.899] [2832:2834] [DMG] 				CommandPathIB =[0m
[0;34m[1784653902.899] [2832:2834] [DMG] 				{[0m
[0;34m[1784653902.899] [2832:2834] [DMG] 					EndpointId = 0x0,[0m
[0;34m[1784653902.899] [2832:2834] [DMG] 					ClusterId = 0x3e,[0m
[0;34m[1784653902.899] [2832:2834] [DMG] 					CommandId = 0x5,[0m
[0;34m[1784653902.899] [2832:2834] [DMG] 				},[0m
[0;34m[1784653902.899] [2832:2834] [DMG] 				[0m
[0;34m[1784653902.899] [2832:2834] [DMG] 				CommandFields = [0m
[0;34m[1784653902.899] [2832:2834] [DMG] 				{[0m
[0;34m[1784653902.899] [2832:2834] [DMG] 					0x0 = [[0m
[0;34m[1784653902.899] [2832:2834] [DMG] 							0x15, 0x30, 0x01, 0xca, 0x30, 0x81, 0xc7, 0x30, 0x70, 0x02, 0x01, 0x00, 0x30, 0x0e, 0x31, 0x0c, 0x30, 0x0a, 0x06, 0x03, 0x55, 0x04, 0x0a, 0x0c, 0x03, 0x43, 0x53, 0x52, 0x30, 0x59, 0x30, 0x13, 0x06, 0x07, 0x2a, 0x86, 0x48, 0xce, 0x3d, 0x02, 0x01, 0x06, 0x08, 0x2a, 0x86, 0x48, 0xce, 0x3d, 0x03, 0x01, 0x07, 0x03, 0x42, 0x00, 0x04, 0x46, 0xb4, 0xf4, 0xb4, 0xd4, 0xa1, 0xff, 0x50, 0x88, 0x91, 0x39, 0x69, 0x22, 0x7e, 0xe3, 0x13, 0x61, 0xa0, 0xdb, 0xae, 0x73, 0xe6, 0x0b, 0x93, 0x3d, 0x01, 0x72, 0xe5, 0x80, 0x11, 0x19, 0x2c, 0x68, 0xcf, 0xd7, 0xdd, 0x68, 0xc3, 0x6b, 0x2c, 0xe0, 0x49, 0xe4, 0x3e, 0x0f, 0x08, 0x16, 0x1f, 0x3c, 0xbc, 0xe7, 0x7a, 0x94, 0xbe, 0x8d, 0xb2, 0x65, 0xcc, 0x48, 0x3f, 0xc0, 0x84, 0x22, 0xd5, 0xa0, 0x00, 0x30, 0x0a, 0x06, 0x08, 0x2a, 0x86, 0x48, 0xce, 0x3d, 0x04, 0x03, 0x02, 0x03, 0x47, 0x00, 0x30, 0x44, 0x02, 0x20, 0x16, 0x15, 0x9a, 0xa5, 0x29, 0x64, 0x3b, 0x21, 0xf0, 0x6a, 0xeb, 0x7d, 0xbe, 0xff, 0xab, 0x6a, 0xce, 0x63, 0x32, 0x44, 0xbb, 0x2f, 0x86, 0x1e, 0x59, 0xf9, 0x58, 0xa7, 0xd5, 0xda, 0x98, 0xb0, 0x02, 0x20, 0x1a, 0x12, 0x7b, 0xe3, 0x75, 0x75, 0x66, 0xd4, 0x30, 0xb6, 0x2a, 0x38, 0x99, 0xca, 0x6f, 0xfc, 0x2c, 0x38, 0x11, 0xc3, 0xe6, 0x35, 0xbd, 0x4b, 0x2b, 0xd5, 0x84, 0x8e, 0x70, 0x10, 0x5b, 0x0a, 0x30, 0x02, 0x20, 0xc8, 0x9e, 0xf4, 0xe6, 0xc1, 0x69, 0x2d, 0x52, 0x14, 0xdb, 0xaa, 0x9e, 0xae, 0xaa, 0x56, 0x58, 0x9e, 0xd6, 0x7c, 0x64, 0x4e, 0x0d, 0x7a, 0x91, 0x95, 0x40, 0xac, 0x7a, 0x91, 0x30, 0x46, 0xde, 0x18, [0m
[0;34m[1784653902.899] [2832:2834] [DMG] 					] (242 bytes)[0m
[0;34m[1784653902.899] [2832:2834] [DMG] 					0x1 = [[0m
[0;34m[1784653902.899] [2832:2834] [DMG] 							0x50, 0x10, 0xa6, 0x9e, 0xf7, 0xa9, 0x67, 0xa3, 0x30, 0x1a, 0xfb, 0x6c, 0xc6, 0xcd, 0x15, 0xcb, 0xc3, 0x4a, 0xf2, 0xc3, 0x82, 0x72, 0x5e, 0xb3, 0x14, 0x80, 0xef, 0xdd, 0x17, 0x60, 0x12, 0x49, 0x9f, 0x57, 0x94, 0xcc, 0x07, 0x14, 0x98, 0x98, 0x6a, 0x7c, 0x11, 0x24, 0xfb, 0xe0, 0xd1, 0xe8, 0xb1, 0x36, 0x86, 0x47, 0x9e, 0xbe, 0xcc, 0x84, 0x58, 0xe8, 0x5a, 0x25, 0x8c, 0x68, 0xbb, 0x61, [0m
[0;34m[1784653902.899] [2832:2834] [DMG] 					] (64 bytes)[0m
[0;34m[1784653902.899] [2832:2834] [DMG] 				},[0m
[0;34m[1784653902.899] [2832:2834] [DMG] 			},[0m
[0;34m[1784653902.899] [2832:2834] [DMG] 			[0m
[0;34m[1784653902.899] [2832:2834] [DMG] 		},[0m
[0;34m[1784653902.899] [2832:2834] [DMG] 		[0m
[0;34m[1784653902.899] [2832:2834] [DMG] 	],[0m
[0;34m[1784653902.899] [2832:2834] [DMG] 	[0m
[0;34m[1784653902.899] [2832:2834] [DMG] 	InteractionModelRevision = 12[0m
[0;34m[1784653902.899] [2832:2834] [DMG] },[0m
[0;32m[1784653902.899] [2832:2834] [DMG] Received Command Response Data, Endpoint=0 Cluster=0x0000_003E Command=0x0000_0005[0m
[0;32m[1784653902.899] [2832:2834] [TOO] Endpoint: 0 Cluster: 0x0000_003E Command 0x0000_0005[0m
[0;32m[1784653902.899] [2832:2834] [TOO]   CSRResponse: {[0m
[0;32m[1784653902.899] [2832:2834] [TOO]     NOCSRElements: 153001CA3081C73070020100300E310C300A060355040A0C034353523059301306072A8648CE3D020106082A8648CE3D0301070342000446B4F4B4D4A1FF5088913969227EE31361A0DBAE73E60B933D0172E58011192C68CFD7DD68C36B2CE049E43E0F08161F3CBCE77A94BE8DB265CC483FC08422D5A000300A06082A8648CE3D0403020347003044022016159AA529643B21F06AEB7DBEFFAB6ACE633244BB2F861E59F958A7D5DA98B002201A127BE3757566D430B62A3899CA6FFC2C3811C3E635BD4B2BD5848E70105B0A300220C89EF4E6C1692D5214DBAA9EAEAA56589ED67C644E0D7A919540AC7A913046DE18[0m
[0;32m[1784653902.899] [2832:2834] [TOO]     attestationSignature: 5010A69EF7A967A3301AFB6CC6CD15CBC34AF2C382725EB31480EFDD176012499F5794CC071498986A7C1124FBE0D1E8B13686479EBECC8458E85A258C68BB61[0m
[0;32m[1784653902.899] [2832:2834] [TOO]    }[0m
[0;34m[1784653902.899] [2832:2834] [DMG] ICR moving to [AwaitingDe][0m
[0;32m[1784653902.899] [2832:2834] [EM] <<< [E:52857i S:3849 M:49134643 (Ack:112006659)] (S) Msg TX from 000000000001B669 to 1:0000000000000001 [0A04] [UDP:[fe80::bfe:a203:38f0:bce7%enp0s3]:5540] --- Type 0000:10 (SecureChannel:StandaloneAck) (B:34)[0m
[0;34m[1784653902.899] [2832:2834] [EM] Flushed pending ack for MessageCounter:112006659 on exchange 52857i[0m
[0;34m[1784653902.899] [2832:2832] [CTL] Shutting down the commissioner[0m
[0;32m[1784653902.899] [2832:2832] [PAF] WiFiPAF: Closing all WiFiPAF sessions to shutdown[0m
[0;34m[1784653902.899] [2832:2832] [CTL] Shutting down the controller[0m
[0;34m[1784653902.899] [2832:2832] [IN] Expiring all sessions for fabric 0x1!![0m
[0;34m[1784653902.899] [2832:2832] [IN] SecureSession[0x7cd9b4009cd0]: MarkForEviction Type:2 LSID:3849[0m
[0;32m[1784653902.899] [2832:2832] [SC] SecureSession[0x7cd9b4009cd0, LSID:3849]: State change 'kActive' --> 'kPendingEviction'[0m
[0;34m[1784653902.899] [2832:2832] [IN] SecureSession[0x7cd9b4009cd0]: Released - Type:2 LSID:3849[0m
[0;32m[1784653902.899] [2832:2832] [FP] Forgetting fabric 0x1[0m
[0;32m[1784653902.899] [2832:2832] [TS] Pending Last Known Good Time: 2023-10-14T01:16:48[0m
[0;32m[1784653902.899] [2832:2832] [TS] Previous Last Known Good Time: 2023-10-14T01:16:48[0m
[0;32m[1784653902.899] [2832:2832] [TS] Reverted Last Known Good Time to previous value[0m
[0;34m[1784653902.899] [2832:2832] [CTL] Shutting down the commissioner[0m
[0;32m[1784653902.899] [2832:2832] [PAF] WiFiPAF: Closing all WiFiPAF sessions to shutdown[0m
[0;34m[1784653902.899] [2832:2832] [CTL] Shutting down the controller[0m
[0;34m[1784653902.899] [2832:2832] [CTL] Shutting down the System State, this will teardown the CHIP Stack[0m
[0;34m[1784653902.899] [2832:2832] [DMG] All ReadHandler-s are clean, clear GlobalDirtySet[0m
[0;32m[1784653902.899] [2832:2832] [FP] Shutting down FabricTable[0m
[0;32m[1784653902.899] [2832:2832] [TS] Pending Last Known Good Time: 2023-10-14T01:16:48[0m
[0;32m[1784653902.899] [2832:2832] [TS] Previous Last Known Good Time: 2023-10-14T01:16:48[0m
[0;32m[1784653902.899] [2832:2832] [TS] Reverted Last Known Good Time to previous value[0m
[0;34m[1784653902.902] [2832:2832] [DL] Wrote settings to /tmp/chip_counters.ini[0m
[0;32m[1784653902.902] [2832:2832] [DL] NVS set: chip-counters/total-operational-hours = 0 (0x0)[0m
[0;32m[1784653902.902] [2832:2832] [DL] Inet Layer shutdown[0m
[0;32m[1784653902.902] [2832:2832] [DL] BLE Layer shutdown[0m
[0;32m[1784653902.902] [2832:2832] [DL] WiFi-PAF Layer shutdown[0m
[0;32m[1784653902.902] [2832:2832] [PAF] WiFiPAF: Closing all WiFiPAF sessions to shutdown[0m
[0;32m[1784653902.902] [2832:2832] [DL] System Layer shutdown[0m
