[0;34m[1784653903.380] [2845:2845] [DL] ChipLinuxStorage::Init: Using KVS config file: /tmp/chip_tool_kvs[0m
[1;31m[1784653903.381] [2845:2845] [DL] ChipLinuxStorage::Init: Attempt to re-initialize with KVS config file: /tmp/chip_kvs, IGNORING.[0m
[0;34m[1784653903.382] [2845:2845] [DL] ChipLinuxStorage::Init: Using KVS config file: /tmp/chip_factory.ini[0m
[0;34m[1784653903.382] [2845:2845] [DL] ChipLinuxStorage::Init: Using KVS config file: /tmp/chip_config.ini[0m
[0;34m[1784653903.382] [2845:2845] [DL] ChipLinuxStorage::Init: Using KVS config file: /tmp/chip_counters.ini[0m
[0;34m[1784653903.386] [2845:2845] [DL] Wrote settings to /tmp/chip_counters.ini[0m
[0;32m[1784653903.386] [2845:2845] [DL] NVS set: chip-counters/reboot-count = 6 (0x6)[0m
[0;32m[1784653903.386] [2845:2845] [DL] Got Ethernet interface: enp0s3[0m
[0;32m[1784653903.386] [2845:2845] [DL] Found the primary Ethernet interface:enp0s3[0m
[1;31m[1784653903.386] [2845:2845] [DL] Failed to get WiFi interface[0m
[1;31m[1784653903.386] [2845:2845] [DL] Failed to reset WiFi statistic counts[0m
[0;32m[1784653903.386] [2845:2845] [PAF] WiFiPAF: WiFiPAFLayer::Init()[0m
[0;34m[1784653903.386] [2845:2845] [IN] UDP::Init bind&listen port=0[0m
[0;34m[1784653903.386] [2845:2845] [IN] UDP::Init bound to port=58255[0m
[0;34m[1784653903.386] [2845:2845] [IN] UDP::Init bind&listen port=0[0m
[0;34m[1784653903.386] [2845:2845] [IN] UDP::Init bound to port=53129[0m
[0;34m[1784653903.386] [2845:2845] [IN] BLEBase::Init - setting/overriding transport[0m
[0;34m[1784653903.386] [2845:2845] [IN] WiFiPAFBase::Init - setting/overriding transport[0m
[0;34m[1784653903.386] [2845:2845] [IN] TransportMgr initialized[0m
[0;34m[1784653903.386] [2845:2845] [FP] Initializing FabricTable from persistent storage[0m
[0;32m[1784653903.386] [2845:2845] [TS] Last Known Good Time: 2023-10-14T01:16:48[0m
[0;32m[1784653903.386] [2845:2845] [FP] Fabric index 0x1 was retrieved from storage. Compressed FabricId 0x3B25CC96C3B60A04, FabricId 0x0000000000000001, NodeId 0x000000000001B669, VendorId 0xFFF1[0m
[0;32m[1784653903.388] [2845:2845] [DMG] Ember attribute persistence requires setting up[0m
[0;32m[1784653903.388] [2845:2845] [ZCL] Using ZAP configuration...[0m
[0;34m[1784653903.388] [2845:2845] [CTL] System State Initialized...[0m
[0;32m[1784653903.388] [2845:2845] [CTL] Setting attestation nonce to random value[0m
[0;32m[1784653903.388] [2845:2845] [CTL] Setting CSR nonce to random value[0m
[0;34m[1784653903.388] [2845:2847] [DL] CHIP task running[0m
[0;32m[1784653903.388] [2845:2847] [CTL] Setting attestation nonce to random value[0m
[0;32m[1784653903.388] [2845:2847] [CTL] Setting CSR nonce to random value[0m
[0;32m[1784653903.388] [2845:2847] [CTL] Generating NOC[0m
[0;32m[1784653903.388] [2845:2847] [FP] Validating NOC chain[0m
[0;32m[1784653903.389] [2845:2847] [FP] NOC chain validation successful[0m
[0;32m[1784653903.389] [2845:2847] [FP] Updated fabric at index: 0x1, Node ID: 0x000000000001B669[0m
[0;32m[1784653903.389] [2845:2847] [TS] Last Known Good Time: 2023-10-14T01:16:48[0m
[0;32m[1784653903.389] [2845:2847] [TS] New proposed Last Known Good Time: 2021-01-01T00:00:00[0m
[0;32m[1784653903.389] [2845:2847] [TS] Retaining current Last Known Good Time[0m
[0;32m[1784653903.391] [2845:2847] [FP] Metadata for Fabric 0x1 persisted to storage.[0m
[0;32m[1784653903.391] [2845:2847] [TS] Committing Last Known Good Time to storage: 2023-10-14T01:16:48[0m
[0;32m[1784653903.392] [2845:2847] [CTL] Joined the fabric at index 1. Fabric ID is 0x0000000000000001 (Compressed Fabric ID: 3B25CC96C3B60A04)[0m
[0;32m[1784653903.398] [2845:2847] [TOO] Sending command to node 0x1[0m
[0;34m[1784653903.398] [2845:2847] [CSM] FindOrEstablishSession: PeerId = [1:0000000000000001][0m
[0;34m[1784653903.398] [2845:2847] [CSM] FindOrEstablishSession: No existing OperationalSessionSetup instance found[0m
[0;34m[1784653903.398] [2845:2847] [DIS] OperationalSessionSetup[1:0000000000000001]: State change 1 --> 2[0m
[0;32m[1784653903.399] [2845:2847] [DIS] Lookup started for 3B25CC96C3B60A04-0000000000000001[0m
[0;32m[1784653903.399] [2845:2847] [DIS] UDP:[fe80::bfe:a203:38f0:bce7%enp0s3]:5540: new best score: 7 (for 3B25CC96C3B60A04-0000000000000001)[0m
[0;34m[1784653903.399] [2845:2847] [DIS] Lookup clearing interface for non LL address[0m
[0;32m[1784653903.399] [2845:2847] [DIS] UDP:10.0.2.15%enp0s3:5540: new best score: 2 (for 3B25CC96C3B60A04-0000000000000001)[0m
[0;32m[1784653903.399] [2845:2847] [DIS] Checking node lookup status for 3B25CC96C3B60A04-0000000000000001 after 1 ms[0m
[0;32m[1784653903.399] [2845:2847] [DIS] Keeping DNSSD lookup active[0m
[0;32m[1784653903.399] [2845:2847] [DIS] UDP:[fe80::bfe:a203:38f0:bce7%enp0s3]:5540: score has not improved: 7 (for 3B25CC96C3B60A04-0000000000000001)[0m
[0;34m[1784653903.399] [2845:2847] [DIS] Lookup clearing interface for non LL address[0m
[0;32m[1784653903.399] [2845:2847] [DIS] UDP:10.0.2.15%enp0s3:5540: score has not improved: 2 (for 3B25CC96C3B60A04-0000000000000001)[0m
[0;32m[1784653903.399] [2845:2847] [DIS] Checking node lookup status for 3B25CC96C3B60A04-0000000000000001 after 1 ms[0m
[0;32m[1784653903.399] [2845:2847] [DIS] Keeping DNSSD lookup active[0m
[0;32m[1784653903.603] [2845:2847] [DIS] Checking node lookup status for 3B25CC96C3B60A04-0000000000000001 after 205 ms[0m
[0;34m[1784653903.603] [2845:2847] [DIS] OperationalSessionSetup[1:0000000000000001]: Updating device address to UDP:[fe80::bfe:a203:38f0:bce7%enp0s3]:5540 while in state 2[0m
[0;34m[1784653903.603] [2845:2847] [DIS] OperationalSessionSetup[1:0000000000000001]: State change 2 --> 3[0m
[0;34m[1784653903.603] [2845:2847] [IN] SecureSession[0x7efcc4009cd0]: Allocated Type:2 LSID:20829[0m
[0;32m[1784653903.603] [2845:2847] [SC] Initiating session on local FabricIndex 1 from 0x000000000001B669 -> 0x0000000000000001[0m
[0;32m[1784653903.603] [2845:2847] [EM] <<< [E:64174i S:0 M:202009481] (U) Msg TX from C0DE07320A276AB3 to 0:0000000000000000 [0000] [UDP:[fe80::bfe:a203:38f0:bce7%enp0s3]:5540] --- Type 0000:30 (SecureChannel:CASE_Sigma1) (B:196)[0m
[0;32m[1784653903.603] [2845:2847] [EM] ??1 [E:64174i S:0 M:202009481] (U) Msg Retransmission to 0:0000000000000000 scheduled for 614ms from now [State:Idle II:500 AI:300 AT:4000][0m
[0;32m[1784653903.603] [2845:2847] [SC] Sent Sigma1 msg to <0000000000000001, 1> [II:500ms AI:300ms AT:4000ms][0m
[0;34m[1784653903.603] [2845:2847] [DIS] OperationalSessionSetup[1:0000000000000001]: State change 3 --> 4[0m
[0;32m[1784653903.604] [2845:2847] [EM] >>> [E:64174i S:0 M:48351249 (Ack:202009481)] (U) Msg RX from 0:0000000000000000 [0000] to C0DE07320A276AB3 --- Type 0000:31 (SecureChannel:CASE_Sigma2) (B:751)[0m
[0;34m[1784653903.604] [2845:2847] [EM] Found matching exchange: 64174i, Delegate: 0x7efcc400b8e8[0m
[0;34m[1784653903.604] [2845:2847] [EM] Rxd Ack; Removing MessageCounter:202009481 from Retrans Table on exchange 64174i[0m
[0;32m[1784653903.604] [2845:2847] [SC] Received Sigma2 msg[0m
[0;34m[1784653903.604] [2845:2847] [SC] Found MRP parameters in the message[0m
[0;34m[1784653903.605] [2845:2847] [SC] Peer <0000000000000001, 1> assigned session ID 35265[0m
[0;34m[1784653903.605] [2845:2847] [SC] Sending Sigma3[0m
[0;32m[1784653903.605] [2845:2847] [EM] <<< [E:64174i S:0 M:202009482 (Ack:48351249)] (U) Msg TX from C0DE07320A276AB3 to 0:0000000000000000 [0000] [UDP:[fe80::bfe:a203:38f0:bce7%enp0s3]:5540] --- Type 0000:32 (SecureChannel:CASE_Sigma3) (B:598)[0m
[0;32m[1784653903.605] [2845:2847] [EM] ??1 [E:64174i S:0 M:202009482] (U) Msg Retransmission to 0:0000000000000000 scheduled for 386ms from now [State:Active II:500 AI:300 AT:4000][0m
[0;32m[1784653903.605] [2845:2847] [SC] Sent Sigma3 msg[0m
[0;32m[1784653903.613] [2845:2847] [EM] >>> [E:64174i S:0 M:48351250 (Ack:202009482)] (U) Msg RX from 0:0000000000000000 [0000] to C0DE07320A276AB3 --- Type 0000:40 (SecureChannel:StatusReport) (B:34)[0m
[0;34m[1784653903.613] [2845:2847] [EM] Found matching exchange: 64174i, Delegate: 0x7efcc400b8e8[0m
[0;34m[1784653903.613] [2845:2847] [EM] Rxd Ack; Removing MessageCounter:202009482 from Retrans Table on exchange 64174i[0m
[0;32m[1784653903.613] [2845:2847] [SC] Success status report received. Session was established[0m
[0;32m[1784653903.614] [2845:2847] [SC] SecureSession[0x7efcc4009cd0, LSID:20829]: State change 'kEstablishing' --> 'kActive'[0m
[0;34m[1784653903.614] [2845:2847] [IN] SecureSession[0x7efcc4009cd0]: Activated - Type:2 LSID:20829[0m
[0;34m[1784653903.614] [2845:2847] [IN] New secure session activated for device <0000000000000001, 1>, LSID:20829 PSID:35265![0m
[0;34m[1784653903.614] [2845:2847] [DIS] OperationalSessionSetup[1:0000000000000001]: State change 4 --> 5[0m
[0;32m[1784653903.614] [2845:2847] [TOO] Sending cluster (0x0000003E) command (0x00000007) on endpoint 0[0m
[0;34m[1784653903.614] [2845:2847] [DMG] ICR moving to [AddingComm][0m
[0;34m[1784653903.614] [2845:2847] [DMG] ICR moving to [AddedComma][0m
[0;32m[1784653903.614] [2845:2847] [EM] <<< [E:64175i S:20829 M:27823981] (S) Msg TX from 000000000001B669 to 1:0000000000000001 [0A04] [UDP:[fe80::bfe:a203:38f0:bce7%enp0s3]:5540] --- Type 0001:08 (IM:InvokeCommandRequest) (B:330)[0m
[0;32m[1784653903.615] [2845:2847] [EM] ??1 [E:64175i S:20829 M:27823981] (S) Msg Retransmission to 1:0000000000000001 scheduled for 359ms from now [State:Active II:500 AI:300 AT:4000][0m
[0;34m[1784653903.615] [2845:2847] [DMG] ICR moving to [AwaitingRe][0m
[0;32m[1784653903.615] [2845:2847] [EM] <<< [E:64174i S:0 M:202009483 (Ack:48351250)] (U) Msg TX from C0DE07320A276AB3 to 0:0000000000000000 [0000] [UDP:[fe80::bfe:a203:38f0:bce7%enp0s3]:5540] --- Type 0000:10 (SecureChannel:StandaloneAck) (B:26)[0m
[0;34m[1784653903.615] [2845:2847] [EM] Flushed pending ack for MessageCounter:48351250 on exchange 64174i[0m
[0;32m[1784653903.625] [2845:2847] [EM] >>> [E:64175i S:20829 M:38508156 (Ack:27823981)] (S) Msg RX from 1:0000000000000001 [0A04] to 000000000001B669 --- Type 0001:09 (IM:InvokeCommandResponse) (B:70)[0m
[0;34m[1784653903.625] [2845:2847] [EM] Found matching exchange: 64175i, Delegate: 0x7efcc400eef8[0m
[0;34m[1784653903.625] [2845:2847] [EM] Rxd Ack; Removing MessageCounter:27823981 from Retrans Table on exchange 64175i[0m
[0;34m[1784653903.625] [2845:2847] [DMG] ICR moving to [ResponseRe][0m
[0;34m[1784653903.625] [2845:2847] [DMG] InvokeResponseMessage =[0m
[0;34m[1784653903.625] [2845:2847] [DMG] {[0m
[0;34m[1784653903.625] [2845:2847] [DMG] 	suppressResponse = false, [0m
[0;34m[1784653903.625] [2845:2847] [DMG] 	InvokeResponseIBs =[0m
[0;34m[1784653903.625] [2845:2847] [DMG] 	[[0m
[0;34m[1784653903.625] [2845:2847] [DMG] 		InvokeResponseIB =[0m
[0;34m[1784653903.625] [2845:2847] [DMG] 		{[0m
[0;34m[1784653903.625] [2845:2847] [DMG] 			CommandDataIB =[0m
[0;34m[1784653903.625] [2845:2847] [DMG] 			{[0m
[0;34m[1784653903.625] [2845:2847] [DMG] 				CommandPathIB =[0m
[0;34m[1784653903.625] [2845:2847] [DMG] 				{[0m
[0;34m[1784653903.625] [2845:2847] [DMG] 					EndpointId = 0x0,[0m
[0;34m[1784653903.625] [2845:2847] [DMG] 					ClusterId = 0x3e,[0m
[0;34m[1784653903.625] [2845:2847] [DMG] 					CommandId = 0x8,[0m
[0;34m[1784653903.625] [2845:2847] [DMG] 				},[0m
[0;34m[1784653903.625] [2845:2847] [DMG] 				[0m
[0;34m[1784653903.625] [2845:2847] [DMG] 				CommandFields = [0m
[0;34m[1784653903.625] [2845:2847] [DMG] 				{[0m
[0;34m[1784653903.625] [2845:2847] [DMG] 					0x0 = 0 (unsigned), [0m
[0;34m[1784653903.625] [2845:2847] [DMG] 					0x1 = 1 (unsigned), [0m
[0;34m[1784653903.625] [2845:2847] [DMG] 				},[0m
[0;34m[1784653903.625] [2845:2847] [DMG] 			},[0m
[0;34m[1784653903.625] [2845:2847] [DMG] 			[0m
[0;34m[1784653903.625] [2845:2847] [DMG] 		},[0m
[0;34m[1784653903.625] [2845:2847] [DMG] 		[0m
[0;34m[1784653903.625] [2845:2847] [DMG] 	],[0m
[0;34m[1784653903.625] [2845:2847] [DMG] 	[0m
[0;34m[1784653903.625] [2845:2847] [DMG] 	InteractionModelRevision = 12[0m
[0;34m[1784653903.625] [2845:2847] [DMG] },[0m
[0;32m[1784653903.625] [2845:2847] [DMG] Received Command Response Data, Endpoint=0 Cluster=0x0000_003E Command=0x0000_0008[0m
[0;32m[1784653903.625] [2845:2847] [TOO] Endpoint: 0 Cluster: 0x0000_003E Command 0x0000_0008[0m
[0;32m[1784653903.625] [2845:2847] [TOO]   NOCResponse: {[0m
[0;32m[1784653903.625] [2845:2847] [TOO]     statusCode: 0[0m
[0;32m[1784653903.625] [2845:2847] [TOO]     fabricIndex: 1[0m
[0;32m[1784653903.625] [2845:2847] [TOO]    }[0m
[0;34m[1784653903.625] [2845:2847] [DMG] ICR moving to [AwaitingDe][0m
[0;32m[1784653903.626] [2845:2847] [EM] <<< [E:64175i S:20829 M:27823982 (Ack:38508156)] (S) Msg TX from 000000000001B669 to 1:0000000000000001 [0A04] [UDP:[fe80::bfe:a203:38f0:bce7%enp0s3]:5540] --- Type 0000:10 (SecureChannel:StandaloneAck) (B:34)[0m
[0;34m[1784653903.626] [2845:2847] [EM] Flushed pending ack for MessageCounter:38508156 on exchange 64175i[0m
[0;34m[1784653903.626] [2845:2845] [CTL] Shutting down the commissioner[0m
[0;32m[1784653903.626] [2845:2845] [PAF] WiFiPAF: Closing all WiFiPAF sessions to shutdown[0m
[0;34m[1784653903.626] [2845:2845] [CTL] Shutting down the controller[0m
[0;34m[1784653903.626] [2845:2845] [IN] Expiring all sessions for fabric 0x1!![0m
[0;34m[1784653903.626] [2845:2845] [IN] SecureSession[0x7efcc4009cd0]: MarkForEviction Type:2 LSID:20829[0m
[0;32m[1784653903.626] [2845:2845] [SC] SecureSession[0x7efcc4009cd0, LSID:20829]: State change 'kActive' --> 'kPendingEviction'[0m
[0;34m[1784653903.626] [2845:2845] [IN] SecureSession[0x7efcc4009cd0]: Released - Type:2 LSID:20829[0m
[0;32m[1784653903.626] [2845:2845] [FP] Forgetting fabric 0x1[0m
[0;32m[1784653903.626] [2845:2845] [TS] Pending Last Known Good Time: 2023-10-14T01:16:48[0m
[0;32m[1784653903.626] [2845:2845] [TS] Previous Last Known Good Time: 2023-10-14T01:16:48[0m
[0;32m[1784653903.626] [2845:2845] [TS] Reverted Last Known Good Time to previous value[0m
[0;34m[1784653903.626] [2845:2845] [CTL] Shutting down the commissioner[0m
[0;32m[1784653903.626] [2845:2845] [PAF] WiFiPAF: Closing all WiFiPAF sessions to shutdown[0m
[0;34m[1784653903.626] [2845:2845] [CTL] Shutting down the controller[0m
[0;34m[1784653903.626] [2845:2845] [CTL] Shutting down the System State, this will teardown the CHIP Stack[0m
[0;34m[1784653903.626] [2845:2845] [DMG] All ReadHandler-s are clean, clear GlobalDirtySet[0m
[0;32m[1784653903.626] [2845:2845] [FP] Shutting down FabricTable[0m
[0;32m[1784653903.626] [2845:2845] [TS] Pending Last Known Good Time: 2023-10-14T01:16:48[0m
[0;32m[1784653903.626] [2845:2845] [TS] Previous Last Known Good Time: 2023-10-14T01:16:48[0m
[0;32m[1784653903.626] [2845:2845] [TS] Reverted Last Known Good Time to previous value[0m
[0;34m[1784653903.629] [2845:2845] [DL] Wrote settings to /tmp/chip_counters.ini[0m
[0;32m[1784653903.629] [2845:2845] [DL] NVS set: chip-counters/total-operational-hours = 0 (0x0)[0m
[0;32m[1784653903.629] [2845:2845] [DL] Inet Layer shutdown[0m
[0;32m[1784653903.629] [2845:2845] [DL] BLE Layer shutdown[0m
[0;32m[1784653903.629] [2845:2845] [DL] WiFi-PAF Layer shutdown[0m
[0;32m[1784653903.629] [2845:2845] [PAF] WiFiPAF: Closing all WiFiPAF sessions to shutdown[0m
[0;32m[1784653903.629] [2845:2845] [DL] System Layer shutdown[0m
