[0;34m[1784655929.391] [9702:9702] [DL] ChipLinuxStorage::Init: Using KVS config file: /tmp/chip_tool_kvs[0m
[1;31m[1784655929.391] [9702:9702] [DL] ChipLinuxStorage::Init: Attempt to re-initialize with KVS config file: /tmp/chip_kvs, IGNORING.[0m
[0;34m[1784655929.393] [9702:9702] [DL] ChipLinuxStorage::Init: Using KVS config file: /tmp/chip_factory.ini[0m
[0;34m[1784655929.393] [9702:9702] [DL] ChipLinuxStorage::Init: Using KVS config file: /tmp/chip_config.ini[0m
[0;34m[1784655929.393] [9702:9702] [DL] ChipLinuxStorage::Init: Using KVS config file: /tmp/chip_counters.ini[0m
[0;34m[1784655929.396] [9702:9702] [DL] Wrote settings to /tmp/chip_counters.ini[0m
[0;32m[1784655929.396] [9702:9702] [DL] NVS set: chip-counters/reboot-count = 6 (0x6)[0m
[0;32m[1784655929.396] [9702:9702] [DL] Got Ethernet interface: enp0s3[0m
[0;32m[1784655929.396] [9702:9702] [DL] Found the primary Ethernet interface:enp0s3[0m
[1;31m[1784655929.397] [9702:9702] [DL] Failed to get WiFi interface[0m
[1;31m[1784655929.397] [9702:9702] [DL] Failed to reset WiFi statistic counts[0m
[0;32m[1784655929.397] [9702:9702] [PAF] WiFiPAF: WiFiPAFLayer::Init()[0m
[0;34m[1784655929.397] [9702:9702] [IN] UDP::Init bind&listen port=0[0m
[0;34m[1784655929.397] [9702:9702] [IN] UDP::Init bound to port=57079[0m
[0;34m[1784655929.397] [9702:9702] [IN] UDP::Init bind&listen port=0[0m
[0;34m[1784655929.397] [9702:9702] [IN] UDP::Init bound to port=59849[0m
[0;34m[1784655929.397] [9702:9702] [IN] BLEBase::Init - setting/overriding transport[0m
[0;34m[1784655929.397] [9702:9702] [IN] WiFiPAFBase::Init - setting/overriding transport[0m
[0;34m[1784655929.397] [9702:9702] [IN] TransportMgr initialized[0m
[0;34m[1784655929.397] [9702:9702] [FP] Initializing FabricTable from persistent storage[0m
[0;32m[1784655929.397] [9702:9702] [TS] Last Known Good Time: 2023-10-14T01:16:48[0m
[0;32m[1784655929.397] [9702:9702] [FP] Fabric index 0x1 was retrieved from storage. Compressed FabricId 0x7EB44381DE8DD115, FabricId 0x0000000000000001, NodeId 0x000000000001B669, VendorId 0xFFF1[0m
[0;32m[1784655929.398] [9702:9702] [DMG] Ember attribute persistence requires setting up[0m
[0;32m[1784655929.398] [9702:9702] [ZCL] Using ZAP configuration...[0m
[0;34m[1784655929.398] [9702:9702] [CTL] System State Initialized...[0m
[0;32m[1784655929.398] [9702:9702] [CTL] Setting attestation nonce to random value[0m
[0;32m[1784655929.398] [9702:9702] [CTL] Setting CSR nonce to random value[0m
[0;34m[1784655929.398] [9702:9704] [DL] CHIP task running[0m
[0;32m[1784655929.398] [9702:9704] [CTL] Setting attestation nonce to random value[0m
[0;32m[1784655929.398] [9702:9704] [CTL] Setting CSR nonce to random value[0m
[0;32m[1784655929.398] [9702:9704] [CTL] Generating NOC[0m
[0;32m[1784655929.399] [9702:9704] [FP] Validating NOC chain[0m
[0;32m[1784655929.399] [9702:9704] [FP] NOC chain validation successful[0m
[0;32m[1784655929.399] [9702:9704] [FP] Updated fabric at index: 0x1, Node ID: 0x000000000001B669[0m
[0;32m[1784655929.399] [9702:9704] [TS] Last Known Good Time: 2023-10-14T01:16:48[0m
[0;32m[1784655929.399] [9702:9704] [TS] New proposed Last Known Good Time: 2021-01-01T00:00:00[0m
[0;32m[1784655929.399] [9702:9704] [TS] Retaining current Last Known Good Time[0m
[0;32m[1784655929.401] [9702:9704] [FP] Metadata for Fabric 0x1 persisted to storage.[0m
[0;32m[1784655929.402] [9702:9704] [TS] Committing Last Known Good Time to storage: 2023-10-14T01:16:48[0m
[0;32m[1784655929.403] [9702:9704] [CTL] Joined the fabric at index 1. Fabric ID is 0x0000000000000001 (Compressed Fabric ID: 7EB44381DE8DD115)[0m
[0;32m[1784655929.409] [9702:9704] [TOO] Sending command to node 0x1[0m
[0;34m[1784655929.409] [9702:9704] [CSM] FindOrEstablishSession: PeerId = [1:0000000000000001][0m
[0;34m[1784655929.409] [9702:9704] [CSM] FindOrEstablishSession: No existing OperationalSessionSetup instance found[0m
[0;34m[1784655929.409] [9702:9704] [DIS] OperationalSessionSetup[1:0000000000000001]: State change 1 --> 2[0m
[0;32m[1784655929.409] [9702:9704] [DIS] Lookup started for 7EB44381DE8DD115-0000000000000001[0m
[0;32m[1784655929.409] [9702:9704] [DIS] UDP:[fe80::bfe:a203:38f0:bce7%enp0s3]:5540: new best score: 7 (for 7EB44381DE8DD115-0000000000000001)[0m
[0;34m[1784655929.409] [9702:9704] [DIS] Lookup clearing interface for non LL address[0m
[0;32m[1784655929.409] [9702:9704] [DIS] UDP:10.0.2.15%enp0s3:5540: new best score: 2 (for 7EB44381DE8DD115-0000000000000001)[0m
[0;32m[1784655929.409] [9702:9704] [DIS] Checking node lookup status for 7EB44381DE8DD115-0000000000000001 after 1 ms[0m
[0;32m[1784655929.409] [9702:9704] [DIS] Keeping DNSSD lookup active[0m
[0;32m[1784655929.409] [9702:9704] [DIS] UDP:[fe80::bfe:a203:38f0:bce7%enp0s3]:5540: score has not improved: 7 (for 7EB44381DE8DD115-0000000000000001)[0m
[0;34m[1784655929.409] [9702:9704] [DIS] Lookup clearing interface for non LL address[0m
[0;32m[1784655929.409] [9702:9704] [DIS] UDP:10.0.2.15%enp0s3:5540: score has not improved: 2 (for 7EB44381DE8DD115-0000000000000001)[0m
[0;32m[1784655929.409] [9702:9704] [DIS] Checking node lookup status for 7EB44381DE8DD115-0000000000000001 after 1 ms[0m
[0;32m[1784655929.409] [9702:9704] [DIS] Keeping DNSSD lookup active[0m
[0;32m[1784655929.621] [9702:9704] [DIS] Checking node lookup status for 7EB44381DE8DD115-0000000000000001 after 212 ms[0m
[0;34m[1784655929.621] [9702:9704] [DIS] OperationalSessionSetup[1:0000000000000001]: Updating device address to UDP:[fe80::bfe:a203:38f0:bce7%enp0s3]:5540 while in state 2[0m
[0;34m[1784655929.621] [9702:9704] [DIS] OperationalSessionSetup[1:0000000000000001]: State change 2 --> 3[0m
[0;34m[1784655929.622] [9702:9704] [IN] SecureSession[0x7f933c009cd0]: Allocated Type:2 LSID:41740[0m
[0;32m[1784655929.622] [9702:9704] [SC] Initiating session on local FabricIndex 1 from 0x000000000001B669 -> 0x0000000000000001[0m
[0;32m[1784655929.623] [9702:9704] [EM] <<< [E:14633i S:0 M:218654903] (U) Msg TX from 44195D5DEF9D5717 to 0:0000000000000000 [0000] [UDP:[fe80::bfe:a203:38f0:bce7%enp0s3]:5540] --- Type 0000:30 (SecureChannel:CASE_Sigma1) (B:196)[0m
[0;32m[1784655929.623] [9702:9704] [EM] ??1 [E:14633i S:0 M:218654903] (U) Msg Retransmission to 0:0000000000000000 scheduled for 678ms from now [State:Idle II:500 AI:300 AT:4000][0m
[0;32m[1784655929.623] [9702:9704] [SC] Sent Sigma1 msg to <0000000000000001, 1> [II:500ms AI:300ms AT:4000ms][0m
[0;34m[1784655929.623] [9702:9704] [DIS] OperationalSessionSetup[1:0000000000000001]: State change 3 --> 4[0m
[0;32m[1784655929.625] [9702:9704] [EM] >>> [E:14633i S:0 M:205620521 (Ack:218654903)] (U) Msg RX from 0:0000000000000000 [0000] to 44195D5DEF9D5717 --- Type 0000:31 (SecureChannel:CASE_Sigma2) (B:751)[0m
[0;34m[1784655929.625] [9702:9704] [EM] Found matching exchange: 14633i, Delegate: 0x7f933c00b8e8[0m
[0;34m[1784655929.626] [9702:9704] [EM] Rxd Ack; Removing MessageCounter:218654903 from Retrans Table on exchange 14633i[0m
[0;32m[1784655929.626] [9702:9704] [SC] Received Sigma2 msg[0m
[0;34m[1784655929.626] [9702:9704] [SC] Found MRP parameters in the message[0m
[0;34m[1784655929.627] [9702:9704] [SC] Peer <0000000000000001, 1> assigned session ID 1766[0m
[0;34m[1784655929.627] [9702:9704] [SC] Sending Sigma3[0m
[0;32m[1784655929.627] [9702:9704] [EM] <<< [E:14633i S:0 M:218654904 (Ack:205620521)] (U) Msg TX from 44195D5DEF9D5717 to 0:0000000000000000 [0000] [UDP:[fe80::bfe:a203:38f0:bce7%enp0s3]:5540] --- Type 0000:32 (SecureChannel:CASE_Sigma3) (B:598)[0m
[0;32m[1784655929.627] [9702:9704] [EM] ??1 [E:14633i S:0 M:218654904] (U) Msg Retransmission to 0:0000000000000000 scheduled for 354ms from now [State:Active II:500 AI:300 AT:4000][0m
[0;32m[1784655929.627] [9702:9704] [SC] Sent Sigma3 msg[0m
[0;32m[1784655929.637] [9702:9704] [EM] >>> [E:14633i S:0 M:205620522 (Ack:218654904)] (U) Msg RX from 0:0000000000000000 [0000] to 44195D5DEF9D5717 --- Type 0000:40 (SecureChannel:StatusReport) (B:34)[0m
[0;34m[1784655929.637] [9702:9704] [EM] Found matching exchange: 14633i, Delegate: 0x7f933c00b8e8[0m
[0;34m[1784655929.637] [9702:9704] [EM] Rxd Ack; Removing MessageCounter:218654904 from Retrans Table on exchange 14633i[0m
[0;32m[1784655929.637] [9702:9704] [SC] Success status report received. Session was established[0m
[0;32m[1784655929.638] [9702:9704] [SC] SecureSession[0x7f933c009cd0, LSID:41740]: State change 'kEstablishing' --> 'kActive'[0m
[0;34m[1784655929.638] [9702:9704] [IN] SecureSession[0x7f933c009cd0]: Activated - Type:2 LSID:41740[0m
[0;34m[1784655929.638] [9702:9704] [IN] New secure session activated for device <0000000000000001, 1>, LSID:41740 PSID:1766![0m
[0;34m[1784655929.638] [9702:9704] [DIS] OperationalSessionSetup[1:0000000000000001]: State change 4 --> 5[0m
[0;32m[1784655929.638] [9702:9704] [TOO] Sending cluster (0x0000003E) command (0x00000007) on endpoint 0[0m
[0;34m[1784655929.638] [9702:9704] [DMG] ICR moving to [AddingComm][0m
[0;34m[1784655929.638] [9702:9704] [DMG] ICR moving to [AddedComma][0m
[0;32m[1784655929.638] [9702:9704] [EM] <<< [E:14634i S:41740 M:234898641] (S) Msg TX from 000000000001B669 to 1:0000000000000001 [D115] [UDP:[fe80::bfe:a203:38f0:bce7%enp0s3]:5540] --- Type 0001:08 (IM:InvokeCommandRequest) (B:330)[0m
[0;32m[1784655929.638] [9702:9704] [EM] ??1 [E:14634i S:41740 M:234898641] (S) Msg Retransmission to 1:0000000000000001 scheduled for 380ms from now [State:Active II:500 AI:300 AT:4000][0m
[0;34m[1784655929.638] [9702:9704] [DMG] ICR moving to [AwaitingRe][0m
[0;32m[1784655929.639] [9702:9704] [EM] <<< [E:14633i S:0 M:218654905 (Ack:205620522)] (U) Msg TX from 44195D5DEF9D5717 to 0:0000000000000000 [0000] [UDP:[fe80::bfe:a203:38f0:bce7%enp0s3]:5540] --- Type 0000:10 (SecureChannel:StandaloneAck) (B:26)[0m
[0;34m[1784655929.639] [9702:9704] [EM] Flushed pending ack for MessageCounter:205620522 on exchange 14633i[0m
[0;32m[1784655929.649] [9702:9704] [EM] >>> [E:14634i S:41740 M:44626759 (Ack:234898641)] (S) Msg RX from 1:0000000000000001 [D115] to 000000000001B669 --- Type 0001:09 (IM:InvokeCommandResponse) (B:70)[0m
[0;34m[1784655929.649] [9702:9704] [EM] Found matching exchange: 14634i, Delegate: 0x7f933c00eef8[0m
[0;34m[1784655929.649] [9702:9704] [EM] Rxd Ack; Removing MessageCounter:234898641 from Retrans Table on exchange 14634i[0m
[0;34m[1784655929.649] [9702:9704] [DMG] ICR moving to [ResponseRe][0m
[0;34m[1784655929.649] [9702:9704] [DMG] InvokeResponseMessage =[0m
[0;34m[1784655929.649] [9702:9704] [DMG] {[0m
[0;34m[1784655929.649] [9702:9704] [DMG] 	suppressResponse = false, [0m
[0;34m[1784655929.649] [9702:9704] [DMG] 	InvokeResponseIBs =[0m
[0;34m[1784655929.649] [9702:9704] [DMG] 	[[0m
[0;34m[1784655929.649] [9702:9704] [DMG] 		InvokeResponseIB =[0m
[0;34m[1784655929.649] [9702:9704] [DMG] 		{[0m
[0;34m[1784655929.649] [9702:9704] [DMG] 			CommandDataIB =[0m
[0;34m[1784655929.649] [9702:9704] [DMG] 			{[0m
[0;34m[1784655929.649] [9702:9704] [DMG] 				CommandPathIB =[0m
[0;34m[1784655929.649] [9702:9704] [DMG] 				{[0m
[0;34m[1784655929.649] [9702:9704] [DMG] 					EndpointId = 0x0,[0m
[0;34m[1784655929.649] [9702:9704] [DMG] 					ClusterId = 0x3e,[0m
[0;34m[1784655929.649] [9702:9704] [DMG] 					CommandId = 0x8,[0m
[0;34m[1784655929.649] [9702:9704] [DMG] 				},[0m
[0;34m[1784655929.649] [9702:9704] [DMG] 				[0m
[0;34m[1784655929.649] [9702:9704] [DMG] 				CommandFields = [0m
[0;34m[1784655929.649] [9702:9704] [DMG] 				{[0m
[0;34m[1784655929.649] [9702:9704] [DMG] 					0x0 = 0 (unsigned), [0m
[0;34m[1784655929.649] [9702:9704] [DMG] 					0x1 = 1 (unsigned), [0m
[0;34m[1784655929.649] [9702:9704] [DMG] 				},[0m
[0;34m[1784655929.649] [9702:9704] [DMG] 			},[0m
[0;34m[1784655929.649] [9702:9704] [DMG] 			[0m
[0;34m[1784655929.649] [9702:9704] [DMG] 		},[0m
[0;34m[1784655929.649] [9702:9704] [DMG] 		[0m
[0;34m[1784655929.649] [9702:9704] [DMG] 	],[0m
[0;34m[1784655929.649] [9702:9704] [DMG] 	[0m
[0;34m[1784655929.649] [9702:9704] [DMG] 	InteractionModelRevision = 12[0m
[0;34m[1784655929.649] [9702:9704] [DMG] },[0m
[0;32m[1784655929.649] [9702:9704] [DMG] Received Command Response Data, Endpoint=0 Cluster=0x0000_003E Command=0x0000_0008[0m
[0;32m[1784655929.650] [9702:9704] [TOO] Endpoint: 0 Cluster: 0x0000_003E Command 0x0000_0008[0m
[0;32m[1784655929.650] [9702:9704] [TOO]   NOCResponse: {[0m
[0;32m[1784655929.650] [9702:9704] [TOO]     statusCode: 0[0m
[0;32m[1784655929.650] [9702:9704] [TOO]     fabricIndex: 1[0m
[0;32m[1784655929.650] [9702:9704] [TOO]    }[0m
[0;34m[1784655929.650] [9702:9704] [DMG] ICR moving to [AwaitingDe][0m
[0;32m[1784655929.650] [9702:9704] [EM] <<< [E:14634i S:41740 M:234898642 (Ack:44626759)] (S) Msg TX from 000000000001B669 to 1:0000000000000001 [D115] [UDP:[fe80::bfe:a203:38f0:bce7%enp0s3]:5540] --- Type 0000:10 (SecureChannel:StandaloneAck) (B:34)[0m
[0;34m[1784655929.650] [9702:9704] [EM] Flushed pending ack for MessageCounter:44626759 on exchange 14634i[0m
[0;34m[1784655929.650] [9702:9702] [CTL] Shutting down the commissioner[0m
[0;32m[1784655929.650] [9702:9702] [PAF] WiFiPAF: Closing all WiFiPAF sessions to shutdown[0m
[0;34m[1784655929.650] [9702:9702] [CTL] Shutting down the controller[0m
[0;34m[1784655929.650] [9702:9702] [IN] Expiring all sessions for fabric 0x1!![0m
[0;34m[1784655929.650] [9702:9702] [IN] SecureSession[0x7f933c009cd0]: MarkForEviction Type:2 LSID:41740[0m
[0;32m[1784655929.650] [9702:9702] [SC] SecureSession[0x7f933c009cd0, LSID:41740]: State change 'kActive' --> 'kPendingEviction'[0m
[0;34m[1784655929.650] [9702:9702] [IN] SecureSession[0x7f933c009cd0]: Released - Type:2 LSID:41740[0m
[0;32m[1784655929.650] [9702:9702] [FP] Forgetting fabric 0x1[0m
[0;32m[1784655929.650] [9702:9702] [TS] Pending Last Known Good Time: 2023-10-14T01:16:48[0m
[0;32m[1784655929.650] [9702:9702] [TS] Previous Last Known Good Time: 2023-10-14T01:16:48[0m
[0;32m[1784655929.650] [9702:9702] [TS] Reverted Last Known Good Time to previous value[0m
[0;34m[1784655929.650] [9702:9702] [CTL] Shutting down the commissioner[0m
[0;32m[1784655929.650] [9702:9702] [PAF] WiFiPAF: Closing all WiFiPAF sessions to shutdown[0m
[0;34m[1784655929.650] [9702:9702] [CTL] Shutting down the controller[0m
[0;34m[1784655929.650] [9702:9702] [CTL] Shutting down the System State, this will teardown the CHIP Stack[0m
[0;34m[1784655929.650] [9702:9702] [DMG] All ReadHandler-s are clean, clear GlobalDirtySet[0m
[0;32m[1784655929.650] [9702:9702] [FP] Shutting down FabricTable[0m
[0;32m[1784655929.650] [9702:9702] [TS] Pending Last Known Good Time: 2023-10-14T01:16:48[0m
[0;32m[1784655929.650] [9702:9702] [TS] Previous Last Known Good Time: 2023-10-14T01:16:48[0m
[0;32m[1784655929.650] [9702:9702] [TS] Reverted Last Known Good Time to previous value[0m
[0;34m[1784655929.653] [9702:9702] [DL] Wrote settings to /tmp/chip_counters.ini[0m
[0;32m[1784655929.653] [9702:9702] [DL] NVS set: chip-counters/total-operational-hours = 0 (0x0)[0m
[0;32m[1784655929.653] [9702:9702] [DL] Inet Layer shutdown[0m
[0;32m[1784655929.653] [9702:9702] [DL] BLE Layer shutdown[0m
[0;32m[1784655929.653] [9702:9702] [DL] WiFi-PAF Layer shutdown[0m
[0;32m[1784655929.653] [9702:9702] [PAF] WiFiPAF: Closing all WiFiPAF sessions to shutdown[0m
[0;32m[1784655929.653] [9702:9702] [DL] System Layer shutdown[0m
