[0;34m[1784653932.945] [2926:2926] [DL] ChipLinuxStorage::Init: Using KVS config file: /tmp/chip_tool_kvs[0m
[1;31m[1784653932.945] [2926:2926] [DL] ChipLinuxStorage::Init: Attempt to re-initialize with KVS config file: /tmp/chip_kvs, IGNORING.[0m
[0;34m[1784653932.946] [2926:2926] [DL] ChipLinuxStorage::Init: Using KVS config file: /tmp/chip_factory.ini[0m
[0;34m[1784653932.946] [2926:2926] [DL] ChipLinuxStorage::Init: Using KVS config file: /tmp/chip_config.ini[0m
[0;34m[1784653932.947] [2926:2926] [DL] ChipLinuxStorage::Init: Using KVS config file: /tmp/chip_counters.ini[0m
[0;34m[1784653932.950] [2926:2926] [DL] Wrote settings to /tmp/chip_counters.ini[0m
[0;32m[1784653932.950] [2926:2926] [DL] NVS set: chip-counters/reboot-count = 4 (0x4)[0m
[0;32m[1784653932.950] [2926:2926] [DL] Got Ethernet interface: enp0s3[0m
[0;32m[1784653932.950] [2926:2926] [DL] Found the primary Ethernet interface:enp0s3[0m
[1;31m[1784653932.951] [2926:2926] [DL] Failed to get WiFi interface[0m
[1;31m[1784653932.951] [2926:2926] [DL] Failed to reset WiFi statistic counts[0m
[0;32m[1784653932.951] [2926:2926] [PAF] WiFiPAF: WiFiPAFLayer::Init()[0m
[0;34m[1784653932.951] [2926:2926] [IN] UDP::Init bind&listen port=0[0m
[0;34m[1784653932.951] [2926:2926] [IN] UDP::Init bound to port=45279[0m
[0;34m[1784653932.951] [2926:2926] [IN] UDP::Init bind&listen port=0[0m
[0;34m[1784653932.951] [2926:2926] [IN] UDP::Init bound to port=59004[0m
[0;34m[1784653932.951] [2926:2926] [IN] BLEBase::Init - setting/overriding transport[0m
[0;34m[1784653932.951] [2926:2926] [IN] WiFiPAFBase::Init - setting/overriding transport[0m
[0;34m[1784653932.951] [2926:2926] [IN] TransportMgr initialized[0m
[0;34m[1784653932.951] [2926:2926] [FP] Initializing FabricTable from persistent storage[0m
[0;32m[1784653932.951] [2926:2926] [TS] Last Known Good Time: 2023-10-14T01:16:48[0m
[0;32m[1784653932.951] [2926:2926] [FP] Fabric index 0x1 was retrieved from storage. Compressed FabricId 0x5057B04F12B0A7C7, FabricId 0x0000000000000001, NodeId 0x000000000001B669, VendorId 0xFFF1[0m
[0;32m[1784653932.953] [2926:2926] [DMG] Ember attribute persistence requires setting up[0m
[0;32m[1784653932.953] [2926:2926] [ZCL] Using ZAP configuration...[0m
[0;34m[1784653932.953] [2926:2926] [CTL] System State Initialized...[0m
[0;32m[1784653932.953] [2926:2926] [CTL] Setting attestation nonce to random value[0m
[0;32m[1784653932.953] [2926:2926] [CTL] Setting CSR nonce to random value[0m
[0;34m[1784653932.954] [2926:2928] [DL] CHIP task running[0m
[0;32m[1784653932.954] [2926:2928] [CTL] Setting attestation nonce to random value[0m
[0;32m[1784653932.954] [2926:2928] [CTL] Setting CSR nonce to random value[0m
[0;32m[1784653932.954] [2926:2928] [CTL] Generating NOC[0m
[0;32m[1784653932.955] [2926:2928] [FP] Validating NOC chain[0m
[0;32m[1784653932.955] [2926:2928] [FP] NOC chain validation successful[0m
[0;32m[1784653932.955] [2926:2928] [FP] Updated fabric at index: 0x1, Node ID: 0x000000000001B669[0m
[0;32m[1784653932.955] [2926:2928] [TS] Last Known Good Time: 2023-10-14T01:16:48[0m
[0;32m[1784653932.955] [2926:2928] [TS] New proposed Last Known Good Time: 2021-01-01T00:00:00[0m
[0;32m[1784653932.955] [2926:2928] [TS] Retaining current Last Known Good Time[0m
[0;32m[1784653932.957] [2926:2928] [FP] Metadata for Fabric 0x1 persisted to storage.[0m
[0;32m[1784653932.959] [2926:2928] [TS] Committing Last Known Good Time to storage: 2023-10-14T01:16:48[0m
[0;32m[1784653932.959] [2926:2928] [CTL] Joined the fabric at index 1. Fabric ID is 0x0000000000000001 (Compressed Fabric ID: 5057B04F12B0A7C7)[0m
[0;32m[1784653932.963] [2926:2928] [TOO] Sending command to node 0x1[0m
[0;34m[1784653932.964] [2926:2928] [CSM] FindOrEstablishSession: PeerId = [1:0000000000000001][0m
[0;34m[1784653932.964] [2926:2928] [CSM] FindOrEstablishSession: No existing OperationalSessionSetup instance found[0m
[0;34m[1784653932.964] [2926:2928] [DIS] OperationalSessionSetup[1:0000000000000001]: State change 1 --> 2[0m
[0;32m[1784653932.964] [2926:2928] [DIS] Lookup started for 5057B04F12B0A7C7-0000000000000001[0m
[0;32m[1784653932.964] [2926:2928] [DIS] UDP:[fe80::bfe:a203:38f0:bce7%enp0s3]:5540: new best score: 7 (for 5057B04F12B0A7C7-0000000000000001)[0m
[0;34m[1784653932.964] [2926:2928] [DIS] Lookup clearing interface for non LL address[0m
[0;32m[1784653932.964] [2926:2928] [DIS] UDP:10.0.2.15%enp0s3:5540: new best score: 2 (for 5057B04F12B0A7C7-0000000000000001)[0m
[0;32m[1784653932.964] [2926:2928] [DIS] Checking node lookup status for 5057B04F12B0A7C7-0000000000000001 after 0 ms[0m
[0;32m[1784653932.964] [2926:2928] [DIS] Keeping DNSSD lookup active[0m
[0;32m[1784653932.964] [2926:2928] [DIS] UDP:[fe80::bfe:a203:38f0:bce7%enp0s3]:5540: score has not improved: 7 (for 5057B04F12B0A7C7-0000000000000001)[0m
[0;34m[1784653932.964] [2926:2928] [DIS] Lookup clearing interface for non LL address[0m
[0;32m[1784653932.964] [2926:2928] [DIS] UDP:10.0.2.15%enp0s3:5540: score has not improved: 2 (for 5057B04F12B0A7C7-0000000000000001)[0m
[0;32m[1784653932.964] [2926:2928] [DIS] Checking node lookup status for 5057B04F12B0A7C7-0000000000000001 after 0 ms[0m
[0;32m[1784653932.964] [2926:2928] [DIS] Keeping DNSSD lookup active[0m
[0;32m[1784653933.165] [2926:2928] [DIS] Checking node lookup status for 5057B04F12B0A7C7-0000000000000001 after 201 ms[0m
[0;34m[1784653933.165] [2926:2928] [DIS] OperationalSessionSetup[1:0000000000000001]: Updating device address to UDP:[fe80::bfe:a203:38f0:bce7%enp0s3]:5540 while in state 2[0m
[0;34m[1784653933.165] [2926:2928] [DIS] OperationalSessionSetup[1:0000000000000001]: State change 2 --> 3[0m
[0;34m[1784653933.165] [2926:2928] [IN] SecureSession[0x72b8e0009cd0]: Allocated Type:2 LSID:52168[0m
[0;32m[1784653933.165] [2926:2928] [SC] Initiating session on local FabricIndex 1 from 0x000000000001B669 -> 0x0000000000000001[0m
[0;32m[1784653933.166] [2926:2928] [EM] <<< [E:21615i S:0 M:238012361] (U) Msg TX from B7295B633C13D361 to 0:0000000000000000 [0000] [UDP:[fe80::bfe:a203:38f0:bce7%enp0s3]:5540] --- Type 0000:30 (SecureChannel:CASE_Sigma1) (B:196)[0m
[0;32m[1784653933.166] [2926:2928] [EM] ??1 [E:21615i S:0 M:238012361] (U) Msg Retransmission to 0:0000000000000000 scheduled for 604ms from now [State:Idle II:500 AI:300 AT:4000][0m
[0;32m[1784653933.166] [2926:2928] [SC] Sent Sigma1 msg to <0000000000000001, 1> [II:500ms AI:300ms AT:4000ms][0m
[0;34m[1784653933.166] [2926:2928] [DIS] OperationalSessionSetup[1:0000000000000001]: State change 3 --> 4[0m
[0;32m[1784653933.169] [2926:2928] [EM] >>> [E:21615i S:0 M:252513412 (Ack:238012361)] (U) Msg RX from 0:0000000000000000 [0000] to B7295B633C13D361 --- Type 0000:31 (SecureChannel:CASE_Sigma2) (B:751)[0m
[0;34m[1784653933.169] [2926:2928] [EM] Found matching exchange: 21615i, Delegate: 0x72b8e000b8e8[0m
[0;34m[1784653933.169] [2926:2928] [EM] Rxd Ack; Removing MessageCounter:238012361 from Retrans Table on exchange 21615i[0m
[0;32m[1784653933.169] [2926:2928] [SC] Received Sigma2 msg[0m
[0;34m[1784653933.169] [2926:2928] [SC] Found MRP parameters in the message[0m
[0;34m[1784653933.170] [2926:2928] [SC] Peer <0000000000000001, 1> assigned session ID 56657[0m
[0;34m[1784653933.170] [2926:2928] [SC] Sending Sigma3[0m
[0;32m[1784653933.170] [2926:2928] [EM] <<< [E:21615i S:0 M:238012362 (Ack:252513412)] (U) Msg TX from B7295B633C13D361 to 0:0000000000000000 [0000] [UDP:[fe80::bfe:a203:38f0:bce7%enp0s3]:5540] --- Type 0000:32 (SecureChannel:CASE_Sigma3) (B:598)[0m
[0;32m[1784653933.170] [2926:2928] [EM] ??1 [E:21615i S:0 M:238012362] (U) Msg Retransmission to 0:0000000000000000 scheduled for 374ms from now [State:Active II:500 AI:300 AT:4000][0m
[0;32m[1784653933.170] [2926:2928] [SC] Sent Sigma3 msg[0m
[0;32m[1784653933.179] [2926:2928] [EM] >>> [E:21615i S:0 M:252513413 (Ack:238012362)] (U) Msg RX from 0:0000000000000000 [0000] to B7295B633C13D361 --- Type 0000:40 (SecureChannel:StatusReport) (B:34)[0m
[0;34m[1784653933.179] [2926:2928] [EM] Found matching exchange: 21615i, Delegate: 0x72b8e000b8e8[0m
[0;34m[1784653933.179] [2926:2928] [EM] Rxd Ack; Removing MessageCounter:238012362 from Retrans Table on exchange 21615i[0m
[0;32m[1784653933.179] [2926:2928] [SC] Success status report received. Session was established[0m
[0;32m[1784653933.181] [2926:2928] [SC] SecureSession[0x72b8e0009cd0, LSID:52168]: State change 'kEstablishing' --> 'kActive'[0m
[0;34m[1784653933.181] [2926:2928] [IN] SecureSession[0x72b8e0009cd0]: Activated - Type:2 LSID:52168[0m
[0;34m[1784653933.181] [2926:2928] [IN] New secure session activated for device <0000000000000001, 1>, LSID:52168 PSID:56657![0m
[0;34m[1784653933.181] [2926:2928] [DIS] OperationalSessionSetup[1:0000000000000001]: State change 4 --> 5[0m
[0;32m[1784653933.181] [2926:2928] [TOO] Sending cluster (0x0000003E) command (0x00000004) on endpoint 0[0m
[0;34m[1784653933.181] [2926:2928] [DMG] ICR moving to [AddingComm][0m
[0;34m[1784653933.181] [2926:2928] [DMG] ICR moving to [AddedComma][0m
[0;32m[1784653933.181] [2926:2928] [EM] <<< [E:21616i S:52168 M:221037100] (S) Msg TX from 000000000001B669 to 1:0000000000000001 [A7C7] [UDP:[fe80::bfe:a203:38f0:bce7%enp0s3]:5540] --- Type 0001:08 (IM:InvokeCommandRequest) (B:96)[0m
[0;32m[1784653933.181] [2926:2928] [EM] ??1 [E:21616i S:52168 M:221037100] (S) Msg Retransmission to 1:0000000000000001 scheduled for 388ms from now [State:Active II:500 AI:300 AT:4000][0m
[0;34m[1784653933.181] [2926:2928] [DMG] ICR moving to [AwaitingRe][0m
[0;32m[1784653933.181] [2926:2928] [EM] <<< [E:21615i S:0 M:238012363 (Ack:252513413)] (U) Msg TX from B7295B633C13D361 to 0:0000000000000000 [0000] [UDP:[fe80::bfe:a203:38f0:bce7%enp0s3]:5540] --- Type 0000:10 (SecureChannel:StandaloneAck) (B:26)[0m
[0;34m[1784653933.182] [2926:2928] [EM] Flushed pending ack for MessageCounter:252513413 on exchange 21615i[0m
[0;32m[1784653933.182] [2926:2928] [EM] >>> [E:21616i S:52168 M:59494817 (Ack:221037100)] (S) Msg RX from 1:0000000000000001 [A7C7] to 000000000001B669 --- Type 0001:09 (IM:InvokeCommandResponse) (B:377)[0m
[0;34m[1784653933.182] [2926:2928] [EM] Found matching exchange: 21616i, Delegate: 0x72b8e000eef8[0m
[0;34m[1784653933.182] [2926:2928] [EM] Rxd Ack; Removing MessageCounter:221037100 from Retrans Table on exchange 21616i[0m
[0;34m[1784653933.182] [2926:2928] [DMG] ICR moving to [ResponseRe][0m
[0;34m[1784653933.182] [2926:2928] [DMG] InvokeResponseMessage =[0m
[0;34m[1784653933.182] [2926:2928] [DMG] {[0m
[0;34m[1784653933.182] [2926:2928] [DMG] 	suppressResponse = false, [0m
[0;34m[1784653933.182] [2926:2928] [DMG] 	InvokeResponseIBs =[0m
[0;34m[1784653933.182] [2926:2928] [DMG] 	[[0m
[0;34m[1784653933.182] [2926:2928] [DMG] 		InvokeResponseIB =[0m
[0;34m[1784653933.182] [2926:2928] [DMG] 		{[0m
[0;34m[1784653933.182] [2926:2928] [DMG] 			CommandDataIB =[0m
[0;34m[1784653933.182] [2926:2928] [DMG] 			{[0m
[0;34m[1784653933.182] [2926:2928] [DMG] 				CommandPathIB =[0m
[0;34m[1784653933.182] [2926:2928] [DMG] 				{[0m
[0;34m[1784653933.182] [2926:2928] [DMG] 					EndpointId = 0x0,[0m
[0;34m[1784653933.182] [2926:2928] [DMG] 					ClusterId = 0x3e,[0m
[0;34m[1784653933.182] [2926:2928] [DMG] 					CommandId = 0x5,[0m
[0;34m[1784653933.182] [2926:2928] [DMG] 				},[0m
[0;34m[1784653933.182] [2926:2928] [DMG] 				[0m
[0;34m[1784653933.182] [2926:2928] [DMG] 				CommandFields = [0m
[0;34m[1784653933.182] [2926:2928] [DMG] 				{[0m
[0;34m[1784653933.182] [2926:2928] [DMG] 					0x0 = [[0m
[0;34m[1784653933.182] [2926:2928] [DMG] 							0x15, 0x30, 0x01, 0xcb, 0x30, 0x81, 0xc8, 0x30, 0x70, 0x02, 0x01, 0x00, 0x30, 0x0e, 0x31, 0x0c, 0x30, 0x0a, 0x06, 0x03, 0x55, 0x04, 0x0a, 0x0c, 0x03, 0x43, 0x53, 0x52, 0x30, 0x59, 0x30, 0x13, 0x06, 0x07, 0x2a, 0x86, 0x48, 0xce, 0x3d, 0x02, 0x01, 0x06, 0x08, 0x2a, 0x86, 0x48, 0xce, 0x3d, 0x03, 0x01, 0x07, 0x03, 0x42, 0x00, 0x04, 0x0d, 0x0d, 0x53, 0x25, 0x2c, 0xb5, 0x3e, 0x36, 0xf5, 0xde, 0xea, 0xae, 0x58, 0x77, 0xa8, 0xad, 0xa0, 0x42, 0x0d, 0x47, 0x6d, 0x82, 0xd7, 0x15, 0x19, 0xed, 0xa4, 0x91, 0x2e, 0x9b, 0x8c, 0x1d, 0x83, 0x1c, 0x99, 0x0f, 0x56, 0x87, 0x42, 0x9f, 0xfd, 0xa9, 0x7e, 0x35, 0x3b, 0x06, 0x18, 0x90, 0x9c, 0xdb, 0x01, 0xcd, 0x89, 0x33, 0xeb, 0x42, 0x3b, 0xb9, 0x67, 0x3a, 0xf5, 0xa1, 0x37, 0x35, 0xa0, 0x00, 0x30, 0x0a, 0x06, 0x08, 0x2a, 0x86, 0x48, 0xce, 0x3d, 0x04, 0x03, 0x02, 0x03, 0x48, 0x00, 0x30, 0x45, 0x02, 0x20, 0x4e, 0xcd, 0xd0, 0x3e, 0x2a, 0xa2, 0xca, 0x26, 0x68, 0xe8, 0x97, 0x72, 0x1b, 0xd0, 0xf4, 0xf7, 0x7a, 0x6f, 0x1d, 0xbb, 0x0d, 0xa7, 0xed, 0xe3, 0xde, 0xff, 0x25, 0x2e, 0xcb, 0x26, 0x4a, 0x1b, 0x02, 0x21, 0x00, 0x8f, 0x5a, 0x70, 0x9a, 0x6f, 0x24, 0x51, 0x9b, 0x08, 0xfe, 0x1b, 0xec, 0x3c, 0xcd, 0xf2, 0x6d, 0x17, 0x8a, 0x5b, 0x10, 0x23, 0xeb, 0xb4, 0x73, 0xaf, 0x22, 0x66, 0x9e, 0x08, 0xd4, 0xde, 0xcf, 0x30, 0x02, 0x20, 0x74, 0x4c, 0x0a, 0x4d, 0x1e, 0xb2, 0x67, 0x44, 0x64, 0xd0, 0x74, 0x2a, 0x98, 0xf9, 0x0e, 0x42, 0xc0, 0x96, 0xaa, 0x14, 0x1d, 0xf1, 0x39, 0xc3, 0x82, 0x1b, 0xe7, 0xca, 0x9a, 0xb4, 0xa4, 0xbe, 0x18, [0m
[0;34m[1784653933.182] [2926:2928] [DMG] 					] (243 bytes)[0m
[0;34m[1784653933.182] [2926:2928] [DMG] 					0x1 = [[0m
[0;34m[1784653933.182] [2926:2928] [DMG] 							0xf2, 0x7b, 0x80, 0x4f, 0xea, 0x9f, 0xd0, 0x71, 0x6f, 0x9d, 0x87, 0xe0, 0x6b, 0x60, 0x37, 0xc2, 0xbb, 0xa4, 0xf2, 0x13, 0xa1, 0xeb, 0xba, 0x57, 0xb2, 0x30, 0x77, 0x23, 0x5c, 0xfd, 0xc1, 0xa8, 0x0f, 0x0a, 0xb8, 0xaf, 0x59, 0xff, 0xf4, 0xb4, 0xc5, 0x29, 0x5f, 0x47, 0x96, 0x30, 0x56, 0xfe, 0x2c, 0xc0, 0x24, 0xf5, 0x76, 0x23, 0x07, 0x99, 0x43, 0x73, 0x0e, 0xb8, 0xef, 0x6a, 0x70, 0xdb, [0m
[0;34m[1784653933.182] [2926:2928] [DMG] 					] (64 bytes)[0m
[0;34m[1784653933.182] [2926:2928] [DMG] 				},[0m
[0;34m[1784653933.182] [2926:2928] [DMG] 			},[0m
[0;34m[1784653933.182] [2926:2928] [DMG] 			[0m
[0;34m[1784653933.182] [2926:2928] [DMG] 		},[0m
[0;34m[1784653933.182] [2926:2928] [DMG] 		[0m
[0;34m[1784653933.182] [2926:2928] [DMG] 	],[0m
[0;34m[1784653933.182] [2926:2928] [DMG] 	[0m
[0;34m[1784653933.182] [2926:2928] [DMG] 	InteractionModelRevision = 12[0m
[0;34m[1784653933.182] [2926:2928] [DMG] },[0m
[0;32m[1784653933.182] [2926:2928] [DMG] Received Command Response Data, Endpoint=0 Cluster=0x0000_003E Command=0x0000_0005[0m
[0;32m[1784653933.182] [2926:2928] [TOO] Endpoint: 0 Cluster: 0x0000_003E Command 0x0000_0005[0m
[0;32m[1784653933.182] [2926:2928] [TOO]   CSRResponse: {[0m
[0;32m[1784653933.182] [2926:2928] [TOO]     NOCSRElements: 153001CB3081C83070020100300E310C300A060355040A0C034353523059301306072A8648CE3D020106082A8648CE3D030107034200040D0D53252CB53E36F5DEEAAE5877A8ADA0420D476D82D71519EDA4912E9B8C1D831C990F5687429FFDA97E353B0618909CDB01CD8933EB423BB9673AF5A13735A000300A06082A8648CE3D040302034800304502204ECDD03E2AA2CA2668E897721BD0F4F77A6F1DBB0DA7EDE3DEFF252ECB264A1B0221008F5A709A6F24519B08FE1BEC3CCDF26D178A5B1023EBB473AF22669E08D4DECF300220744C0A4D1EB2674464D0742A98F90E42C096AA141DF139C3821BE7CA9AB4A4BE18[0m
[0;32m[1784653933.182] [2926:2928] [TOO]     attestationSignature: F27B804FEA9FD0716F9D87E06B6037C2BBA4F213A1EBBA57B23077235CFDC1A80F0AB8AF59FFF4B4C5295F47963056FE2CC024F57623079943730EB8EF6A70DB[0m
[0;32m[1784653933.182] [2926:2928] [TOO]    }[0m
[0;34m[1784653933.182] [2926:2928] [DMG] ICR moving to [AwaitingDe][0m
[0;32m[1784653933.183] [2926:2928] [EM] <<< [E:21616i S:52168 M:221037101 (Ack:59494817)] (S) Msg TX from 000000000001B669 to 1:0000000000000001 [A7C7] [UDP:[fe80::bfe:a203:38f0:bce7%enp0s3]:5540] --- Type 0000:10 (SecureChannel:StandaloneAck) (B:34)[0m
[0;34m[1784653933.183] [2926:2928] [EM] Flushed pending ack for MessageCounter:59494817 on exchange 21616i[0m
[0;34m[1784653933.183] [2926:2926] [CTL] Shutting down the commissioner[0m
[0;32m[1784653933.183] [2926:2926] [PAF] WiFiPAF: Closing all WiFiPAF sessions to shutdown[0m
[0;34m[1784653933.183] [2926:2926] [CTL] Shutting down the controller[0m
[0;34m[1784653933.183] [2926:2926] [IN] Expiring all sessions for fabric 0x1!![0m
[0;34m[1784653933.183] [2926:2926] [IN] SecureSession[0x72b8e0009cd0]: MarkForEviction Type:2 LSID:52168[0m
[0;32m[1784653933.183] [2926:2926] [SC] SecureSession[0x72b8e0009cd0, LSID:52168]: State change 'kActive' --> 'kPendingEviction'[0m
[0;34m[1784653933.183] [2926:2926] [IN] SecureSession[0x72b8e0009cd0]: Released - Type:2 LSID:52168[0m
[0;32m[1784653933.183] [2926:2926] [FP] Forgetting fabric 0x1[0m
[0;32m[1784653933.183] [2926:2926] [TS] Pending Last Known Good Time: 2023-10-14T01:16:48[0m
[0;32m[1784653933.183] [2926:2926] [TS] Previous Last Known Good Time: 2023-10-14T01:16:48[0m
[0;32m[1784653933.183] [2926:2926] [TS] Reverted Last Known Good Time to previous value[0m
[0;34m[1784653933.183] [2926:2926] [CTL] Shutting down the commissioner[0m
[0;32m[1784653933.183] [2926:2926] [PAF] WiFiPAF: Closing all WiFiPAF sessions to shutdown[0m
[0;34m[1784653933.183] [2926:2926] [CTL] Shutting down the controller[0m
[0;34m[1784653933.183] [2926:2926] [CTL] Shutting down the System State, this will teardown the CHIP Stack[0m
[0;34m[1784653933.183] [2926:2926] [DMG] All ReadHandler-s are clean, clear GlobalDirtySet[0m
[0;32m[1784653933.183] [2926:2926] [FP] Shutting down FabricTable[0m
[0;32m[1784653933.183] [2926:2926] [TS] Pending Last Known Good Time: 2023-10-14T01:16:48[0m
[0;32m[1784653933.183] [2926:2926] [TS] Previous Last Known Good Time: 2023-10-14T01:16:48[0m
[0;32m[1784653933.183] [2926:2926] [TS] Reverted Last Known Good Time to previous value[0m
[0;34m[1784653933.186] [2926:2926] [DL] Wrote settings to /tmp/chip_counters.ini[0m
[0;32m[1784653933.186] [2926:2926] [DL] NVS set: chip-counters/total-operational-hours = 0 (0x0)[0m
[0;32m[1784653933.186] [2926:2926] [DL] Inet Layer shutdown[0m
[0;32m[1784653933.186] [2926:2926] [DL] BLE Layer shutdown[0m
[0;32m[1784653933.186] [2926:2926] [DL] WiFi-PAF Layer shutdown[0m
[0;32m[1784653933.186] [2926:2926] [PAF] WiFiPAF: Closing all WiFiPAF sessions to shutdown[0m
[0;32m[1784653933.186] [2926:2926] [DL] System Layer shutdown[0m
