[0;34m[1784656321.647] [10998:10998] [DL] ChipLinuxStorage::Init: Using KVS config file: /tmp/chip_tool_kvs[0m
[1;31m[1784656321.648] [10998:10998] [DL] ChipLinuxStorage::Init: Attempt to re-initialize with KVS config file: /tmp/chip_kvs, IGNORING.[0m
[0;34m[1784656321.649] [10998:10998] [DL] ChipLinuxStorage::Init: Using KVS config file: /tmp/chip_factory.ini[0m
[0;34m[1784656321.649] [10998:10998] [DL] ChipLinuxStorage::Init: Using KVS config file: /tmp/chip_config.ini[0m
[0;34m[1784656321.649] [10998:10998] [DL] ChipLinuxStorage::Init: Using KVS config file: /tmp/chip_counters.ini[0m
[0;34m[1784656321.652] [10998:10998] [DL] Wrote settings to /tmp/chip_counters.ini[0m
[0;32m[1784656321.653] [10998:10998] [DL] NVS set: chip-counters/reboot-count = 4 (0x4)[0m
[0;32m[1784656321.653] [10998:10998] [DL] Got Ethernet interface: enp0s3[0m
[0;32m[1784656321.653] [10998:10998] [DL] Found the primary Ethernet interface:enp0s3[0m
[1;31m[1784656321.653] [10998:10998] [DL] Failed to get WiFi interface[0m
[1;31m[1784656321.653] [10998:10998] [DL] Failed to reset WiFi statistic counts[0m
[0;32m[1784656321.653] [10998:10998] [PAF] WiFiPAF: WiFiPAFLayer::Init()[0m
[0;34m[1784656321.653] [10998:10998] [IN] UDP::Init bind&listen port=0[0m
[0;34m[1784656321.653] [10998:10998] [IN] UDP::Init bound to port=56387[0m
[0;34m[1784656321.653] [10998:10998] [IN] UDP::Init bind&listen port=0[0m
[0;34m[1784656321.653] [10998:10998] [IN] UDP::Init bound to port=45425[0m
[0;34m[1784656321.653] [10998:10998] [IN] BLEBase::Init - setting/overriding transport[0m
[0;34m[1784656321.653] [10998:10998] [IN] WiFiPAFBase::Init - setting/overriding transport[0m
[0;34m[1784656321.653] [10998:10998] [IN] TransportMgr initialized[0m
[0;34m[1784656321.653] [10998:10998] [FP] Initializing FabricTable from persistent storage[0m
[0;32m[1784656321.653] [10998:10998] [TS] Last Known Good Time: 2023-10-14T01:16:48[0m
[0;32m[1784656321.653] [10998:10998] [FP] Fabric index 0x1 was retrieved from storage. Compressed FabricId 0xFC58C56DABBC5E92, FabricId 0x0000000000000001, NodeId 0x000000000001B669, VendorId 0xFFF1[0m
[0;32m[1784656321.654] [10998:10998] [DMG] Ember attribute persistence requires setting up[0m
[0;32m[1784656321.654] [10998:10998] [ZCL] Using ZAP configuration...[0m
[0;34m[1784656321.654] [10998:10998] [CTL] System State Initialized...[0m
[0;32m[1784656321.654] [10998:10998] [CTL] Setting attestation nonce to random value[0m
[0;32m[1784656321.654] [10998:10998] [CTL] Setting CSR nonce to random value[0m
[0;34m[1784656321.655] [10998:11000] [DL] CHIP task running[0m
[0;32m[1784656321.655] [10998:11000] [CTL] Setting attestation nonce to random value[0m
[0;32m[1784656321.655] [10998:11000] [CTL] Setting CSR nonce to random value[0m
[0;32m[1784656321.655] [10998:11000] [CTL] Generating NOC[0m
[0;32m[1784656321.655] [10998:11000] [FP] Validating NOC chain[0m
[0;32m[1784656321.655] [10998:11000] [FP] NOC chain validation successful[0m
[0;32m[1784656321.655] [10998:11000] [FP] Updated fabric at index: 0x1, Node ID: 0x000000000001B669[0m
[0;32m[1784656321.655] [10998:11000] [TS] Last Known Good Time: 2023-10-14T01:16:48[0m
[0;32m[1784656321.655] [10998:11000] [TS] New proposed Last Known Good Time: 2021-01-01T00:00:00[0m
[0;32m[1784656321.655] [10998:11000] [TS] Retaining current Last Known Good Time[0m
[0;32m[1784656321.658] [10998:11000] [FP] Metadata for Fabric 0x1 persisted to storage.[0m
[0;32m[1784656321.659] [10998:11000] [TS] Committing Last Known Good Time to storage: 2023-10-14T01:16:48[0m
[0;32m[1784656321.660] [10998:11000] [CTL] Joined the fabric at index 1. Fabric ID is 0x0000000000000001 (Compressed Fabric ID: FC58C56DABBC5E92)[0m
[0;32m[1784656321.664] [10998:11000] [TOO] Sending command to node 0x1[0m
[0;34m[1784656321.665] [10998:11000] [CSM] FindOrEstablishSession: PeerId = [1:0000000000000001][0m
[0;34m[1784656321.665] [10998:11000] [CSM] FindOrEstablishSession: No existing OperationalSessionSetup instance found[0m
[0;34m[1784656321.665] [10998:11000] [DIS] OperationalSessionSetup[1:0000000000000001]: State change 1 --> 2[0m
[0;32m[1784656321.665] [10998:11000] [DIS] Lookup started for FC58C56DABBC5E92-0000000000000001[0m
[0;32m[1784656321.665] [10998:11000] [DIS] UDP:[fe80::bfe:a203:38f0:bce7%enp0s3]:5540: new best score: 7 (for FC58C56DABBC5E92-0000000000000001)[0m
[0;34m[1784656321.665] [10998:11000] [DIS] Lookup clearing interface for non LL address[0m
[0;32m[1784656321.665] [10998:11000] [DIS] UDP:10.0.2.15%enp0s3:5540: new best score: 2 (for FC58C56DABBC5E92-0000000000000001)[0m
[0;32m[1784656321.665] [10998:11000] [DIS] Checking node lookup status for FC58C56DABBC5E92-0000000000000001 after 1 ms[0m
[0;32m[1784656321.665] [10998:11000] [DIS] Keeping DNSSD lookup active[0m
[0;32m[1784656321.665] [10998:11000] [DIS] UDP:[fe80::bfe:a203:38f0:bce7%enp0s3]:5540: score has not improved: 7 (for FC58C56DABBC5E92-0000000000000001)[0m
[0;34m[1784656321.665] [10998:11000] [DIS] Lookup clearing interface for non LL address[0m
[0;32m[1784656321.665] [10998:11000] [DIS] UDP:10.0.2.15%enp0s3:5540: score has not improved: 2 (for FC58C56DABBC5E92-0000000000000001)[0m
[0;32m[1784656321.665] [10998:11000] [DIS] Checking node lookup status for FC58C56DABBC5E92-0000000000000001 after 1 ms[0m
[0;32m[1784656321.665] [10998:11000] [DIS] Keeping DNSSD lookup active[0m
[0;32m[1784656321.866] [10998:11000] [DIS] Checking node lookup status for FC58C56DABBC5E92-0000000000000001 after 201 ms[0m
[0;34m[1784656321.866] [10998:11000] [DIS] OperationalSessionSetup[1:0000000000000001]: Updating device address to UDP:[fe80::bfe:a203:38f0:bce7%enp0s3]:5540 while in state 2[0m
[0;34m[1784656321.866] [10998:11000] [DIS] OperationalSessionSetup[1:0000000000000001]: State change 2 --> 3[0m
[0;34m[1784656321.866] [10998:11000] [IN] SecureSession[0x778320009cd0]: Allocated Type:2 LSID:57744[0m
[0;32m[1784656321.866] [10998:11000] [SC] Initiating session on local FabricIndex 1 from 0x000000000001B669 -> 0x0000000000000001[0m
[0;32m[1784656321.866] [10998:11000] [EM] <<< [E:27880i S:0 M:115370465] (U) Msg TX from E254CEFB5C9E876D to 0:0000000000000000 [0000] [UDP:[fe80::bfe:a203:38f0:bce7%enp0s3]:5540] --- Type 0000:30 (SecureChannel:CASE_Sigma1) (B:196)[0m
[0;32m[1784656321.866] [10998:11000] [EM] ??1 [E:27880i S:0 M:115370465] (U) Msg Retransmission to 0:0000000000000000 scheduled for 660ms from now [State:Idle II:500 AI:300 AT:4000][0m
[0;32m[1784656321.866] [10998:11000] [SC] Sent Sigma1 msg to <0000000000000001, 1> [II:500ms AI:300ms AT:4000ms][0m
[0;34m[1784656321.866] [10998:11000] [DIS] OperationalSessionSetup[1:0000000000000001]: State change 3 --> 4[0m
[0;32m[1784656321.867] [10998:11000] [EM] >>> [E:27880i S:0 M:144481427 (Ack:115370465)] (U) Msg RX from 0:0000000000000000 [0000] to E254CEFB5C9E876D --- Type 0000:31 (SecureChannel:CASE_Sigma2) (B:751)[0m
[0;34m[1784656321.867] [10998:11000] [EM] Found matching exchange: 27880i, Delegate: 0x77832000b8e8[0m
[0;34m[1784656321.867] [10998:11000] [EM] Rxd Ack; Removing MessageCounter:115370465 from Retrans Table on exchange 27880i[0m
[0;32m[1784656321.867] [10998:11000] [SC] Received Sigma2 msg[0m
[0;34m[1784656321.867] [10998:11000] [SC] Found MRP parameters in the message[0m
[0;34m[1784656321.868] [10998:11000] [SC] Peer <0000000000000001, 1> assigned session ID 14623[0m
[0;34m[1784656321.868] [10998:11000] [SC] Sending Sigma3[0m
[0;32m[1784656321.868] [10998:11000] [EM] <<< [E:27880i S:0 M:115370466 (Ack:144481427)] (U) Msg TX from E254CEFB5C9E876D to 0:0000000000000000 [0000] [UDP:[fe80::bfe:a203:38f0:bce7%enp0s3]:5540] --- Type 0000:32 (SecureChannel:CASE_Sigma3) (B:598)[0m
[0;32m[1784656321.868] [10998:11000] [EM] ??1 [E:27880i S:0 M:115370466] (U) Msg Retransmission to 0:0000000000000000 scheduled for 348ms from now [State:Active II:500 AI:300 AT:4000][0m
[0;32m[1784656321.868] [10998:11000] [SC] Sent Sigma3 msg[0m
[0;32m[1784656321.875] [10998:11000] [EM] >>> [E:27880i S:0 M:144481428 (Ack:115370466)] (U) Msg RX from 0:0000000000000000 [0000] to E254CEFB5C9E876D --- Type 0000:40 (SecureChannel:StatusReport) (B:34)[0m
[0;34m[1784656321.875] [10998:11000] [EM] Found matching exchange: 27880i, Delegate: 0x77832000b8e8[0m
[0;34m[1784656321.875] [10998:11000] [EM] Rxd Ack; Removing MessageCounter:115370466 from Retrans Table on exchange 27880i[0m
[0;32m[1784656321.875] [10998:11000] [SC] Success status report received. Session was established[0m
[0;32m[1784656321.877] [10998:11000] [SC] SecureSession[0x778320009cd0, LSID:57744]: State change 'kEstablishing' --> 'kActive'[0m
[0;34m[1784656321.877] [10998:11000] [IN] SecureSession[0x778320009cd0]: Activated - Type:2 LSID:57744[0m
[0;34m[1784656321.877] [10998:11000] [IN] New secure session activated for device <0000000000000001, 1>, LSID:57744 PSID:14623![0m
[0;34m[1784656321.877] [10998:11000] [DIS] OperationalSessionSetup[1:0000000000000001]: State change 4 --> 5[0m
[0;32m[1784656321.877] [10998:11000] [TOO] Sending cluster (0x0000003E) command (0x00000004) on endpoint 0[0m
[0;34m[1784656321.877] [10998:11000] [DMG] ICR moving to [AddingComm][0m
[0;34m[1784656321.877] [10998:11000] [DMG] ICR moving to [AddedComma][0m
[0;32m[1784656321.877] [10998:11000] [EM] <<< [E:27881i S:57744 M:193903227] (S) Msg TX from 000000000001B669 to 1:0000000000000001 [5E92] [UDP:[fe80::bfe:a203:38f0:bce7%enp0s3]:5540] --- Type 0001:08 (IM:InvokeCommandRequest) (B:96)[0m
[0;32m[1784656321.877] [10998:11000] [EM] ??1 [E:27881i S:57744 M:193903227] (S) Msg Retransmission to 1:0000000000000001 scheduled for 347ms from now [State:Active II:500 AI:300 AT:4000][0m
[0;34m[1784656321.877] [10998:11000] [DMG] ICR moving to [AwaitingRe][0m
[0;32m[1784656321.877] [10998:11000] [EM] <<< [E:27880i S:0 M:115370467 (Ack:144481428)] (U) Msg TX from E254CEFB5C9E876D to 0:0000000000000000 [0000] [UDP:[fe80::bfe:a203:38f0:bce7%enp0s3]:5540] --- Type 0000:10 (SecureChannel:StandaloneAck) (B:26)[0m
[0;34m[1784656321.877] [10998:11000] [EM] Flushed pending ack for MessageCounter:144481428 on exchange 27880i[0m
[0;32m[1784656321.878] [10998:11000] [EM] >>> [E:27881i S:57744 M:77302495 (Ack:193903227)] (S) Msg RX from 1:0000000000000001 [5E92] to 000000000001B669 --- Type 0001:09 (IM:InvokeCommandResponse) (B:378)[0m
[0;34m[1784656321.878] [10998:11000] [EM] Found matching exchange: 27881i, Delegate: 0x77832000eef8[0m
[0;34m[1784656321.878] [10998:11000] [EM] Rxd Ack; Removing MessageCounter:193903227 from Retrans Table on exchange 27881i[0m
[0;34m[1784656321.878] [10998:11000] [DMG] ICR moving to [ResponseRe][0m
[0;34m[1784656321.878] [10998:11000] [DMG] InvokeResponseMessage =[0m
[0;34m[1784656321.878] [10998:11000] [DMG] {[0m
[0;34m[1784656321.878] [10998:11000] [DMG] 	suppressResponse = false, [0m
[0;34m[1784656321.878] [10998:11000] [DMG] 	InvokeResponseIBs =[0m
[0;34m[1784656321.878] [10998:11000] [DMG] 	[[0m
[0;34m[1784656321.878] [10998:11000] [DMG] 		InvokeResponseIB =[0m
[0;34m[1784656321.878] [10998:11000] [DMG] 		{[0m
[0;34m[1784656321.878] [10998:11000] [DMG] 			CommandDataIB =[0m
[0;34m[1784656321.878] [10998:11000] [DMG] 			{[0m
[0;34m[1784656321.878] [10998:11000] [DMG] 				CommandPathIB =[0m
[0;34m[1784656321.878] [10998:11000] [DMG] 				{[0m
[0;34m[1784656321.878] [10998:11000] [DMG] 					EndpointId = 0x0,[0m
[0;34m[1784656321.878] [10998:11000] [DMG] 					ClusterId = 0x3e,[0m
[0;34m[1784656321.878] [10998:11000] [DMG] 					CommandId = 0x5,[0m
[0;34m[1784656321.878] [10998:11000] [DMG] 				},[0m
[0;34m[1784656321.878] [10998:11000] [DMG] 				[0m
[0;34m[1784656321.878] [10998:11000] [DMG] 				CommandFields = [0m
[0;34m[1784656321.878] [10998:11000] [DMG] 				{[0m
[0;34m[1784656321.878] [10998:11000] [DMG] 					0x0 = [[0m
[0;34m[1784656321.878] [10998:11000] [DMG] 							0x15, 0x30, 0x01, 0xcc, 0x30, 0x81, 0xc9, 0x30, 0x70, 0x02, 0x01, 0x00, 0x30, 0x0e, 0x31, 0x0c, 0x30, 0x0a, 0x06, 0x03, 0x55, 0x04, 0x0a, 0x0c, 0x03, 0x43, 0x53, 0x52, 0x30, 0x59, 0x30, 0x13, 0x06, 0x07, 0x2a, 0x86, 0x48, 0xce, 0x3d, 0x02, 0x01, 0x06, 0x08, 0x2a, 0x86, 0x48, 0xce, 0x3d, 0x03, 0x01, 0x07, 0x03, 0x42, 0x00, 0x04, 0x31, 0x43, 0x60, 0x5b, 0x6a, 0x06, 0x5c, 0xd6, 0x9b, 0xea, 0xe6, 0x31, 0x6d, 0xff, 0x26, 0xd3, 0xc1, 0xd3, 0xe5, 0x15, 0xaf, 0x9f, 0x77, 0x3e, 0xbf, 0x6c, 0x9a, 0xb7, 0x3f, 0x75, 0x03, 0xb0, 0x1c, 0x74, 0xb6, 0x3f, 0xc0, 0x34, 0x7f, 0x3f, 0x85, 0x18, 0xfa, 0x69, 0x15, 0x10, 0xec, 0xf0, 0x1e, 0x58, 0xa5, 0xc8, 0x98, 0xe1, 0x9f, 0x1d, 0xc5, 0x52, 0x14, 0x99, 0x9e, 0xc8, 0xbd, 0x53, 0xa0, 0x00, 0x30, 0x0a, 0x06, 0x08, 0x2a, 0x86, 0x48, 0xce, 0x3d, 0x04, 0x03, 0x02, 0x03, 0x49, 0x00, 0x30, 0x46, 0x02, 0x21, 0x00, 0xfa, 0xc6, 0x7d, 0xe3, 0x5b, 0x22, 0xf2, 0x7a, 0xea, 0xbf, 0xd1, 0xa2, 0xec, 0x55, 0x54, 0x5d, 0x57, 0xe6, 0xfb, 0x6b, 0xd5, 0x8c, 0x69, 0xf6, 0x82, 0xcb, 0xdd, 0x5e, 0x3e, 0x42, 0x68, 0x4d, 0x02, 0x21, 0x00, 0xbc, 0xa5, 0x81, 0xcc, 0x99, 0xe1, 0x2c, 0x3c, 0xfd, 0x3b, 0x9c, 0x2a, 0x64, 0x31, 0xf0, 0xf4, 0xca, 0xe4, 0xaa, 0xef, 0xb2, 0x2c, 0xab, 0x77, 0x3c, 0xfa, 0x6b, 0xb4, 0x9b, 0x09, 0x51, 0x60, 0x30, 0x02, 0x20, 0xc7, 0x8d, 0xaa, 0x55, 0xfb, 0x3f, 0x60, 0x93, 0x66, 0xa6, 0x42, 0xb7, 0x39, 0xc2, 0x9b, 0x1e, 0x5d, 0xf7, 0xe0, 0x82, 0x99, 0xc1, 0x81, 0xa2, 0x3d, 0x7e, 0xfb, 0x6c, 0x07, 0xd9, 0x78, 0xe6, 0x18, [0m
[0;34m[1784656321.878] [10998:11000] [DMG] 					] (244 bytes)[0m
[0;34m[1784656321.878] [10998:11000] [DMG] 					0x1 = [[0m
[0;34m[1784656321.878] [10998:11000] [DMG] 							0x2a, 0xc3, 0x25, 0x3f, 0x75, 0x22, 0xd4, 0x23, 0xdc, 0xd1, 0xbf, 0x3f, 0x50, 0x1f, 0xfb, 0x09, 0xc5, 0x07, 0x1f, 0x91, 0x32, 0x25, 0xf4, 0x32, 0x3e, 0x21, 0xa2, 0x26, 0xbb, 0xf5, 0x18, 0xff, 0x51, 0x6a, 0x56, 0xfe, 0x17, 0xad, 0x7f, 0x2d, 0x5d, 0xab, 0x80, 0x01, 0xdc, 0x4c, 0xf2, 0x31, 0xf3, 0xc2, 0x3c, 0xdf, 0xc5, 0xf7, 0x2e, 0x9d, 0x45, 0x9c, 0xb3, 0x83, 0x67, 0x1f, 0x69, 0xd2, [0m
[0;34m[1784656321.878] [10998:11000] [DMG] 					] (64 bytes)[0m
[0;34m[1784656321.878] [10998:11000] [DMG] 				},[0m
[0;34m[1784656321.878] [10998:11000] [DMG] 			},[0m
[0;34m[1784656321.878] [10998:11000] [DMG] 			[0m
[0;34m[1784656321.878] [10998:11000] [DMG] 		},[0m
[0;34m[1784656321.878] [10998:11000] [DMG] 		[0m
[0;34m[1784656321.878] [10998:11000] [DMG] 	],[0m
[0;34m[1784656321.878] [10998:11000] [DMG] 	[0m
[0;34m[1784656321.878] [10998:11000] [DMG] 	InteractionModelRevision = 12[0m
[0;34m[1784656321.878] [10998:11000] [DMG] },[0m
[0;32m[1784656321.878] [10998:11000] [DMG] Received Command Response Data, Endpoint=0 Cluster=0x0000_003E Command=0x0000_0005[0m
[0;32m[1784656321.878] [10998:11000] [TOO] Endpoint: 0 Cluster: 0x0000_003E Command 0x0000_0005[0m
[0;32m[1784656321.878] [10998:11000] [TOO]   CSRResponse: {[0m
[0;32m[1784656321.878] [10998:11000] [TOO]     NOCSRElements: 153001CC3081C93070020100300E310C300A060355040A0C034353523059301306072A8648CE3D020106082A8648CE3D030107034200043143605B6A065CD69BEAE6316DFF26D3C1D3E515AF9F773EBF6C9AB73F7503B01C74B63FC0347F3F8518FA691510ECF01E58A5C898E19F1DC55214999EC8BD53A000300A06082A8648CE3D0403020349003046022100FAC67DE35B22F27AEABFD1A2EC55545D57E6FB6BD58C69F682CBDD5E3E42684D022100BCA581CC99E12C3CFD3B9C2A6431F0F4CAE4AAEFB22CAB773CFA6BB49B095160300220C78DAA55FB3F609366A642B739C29B1E5DF7E08299C181A23D7EFB6C07D978E618[0m
[0;32m[1784656321.878] [10998:11000] [TOO]     attestationSignature: 2AC3253F7522D423DCD1BF3F501FFB09C5071F913225F4323E21A226BBF518FF516A56FE17AD7F2D5DAB8001DC4CF231F3C23CDFC5F72E9D459CB383671F69D2[0m
[0;32m[1784656321.878] [10998:11000] [TOO]    }[0m
[0;34m[1784656321.878] [10998:11000] [DMG] ICR moving to [AwaitingDe][0m
[0;32m[1784656321.878] [10998:11000] [EM] <<< [E:27881i S:57744 M:193903228 (Ack:77302495)] (S) Msg TX from 000000000001B669 to 1:0000000000000001 [5E92] [UDP:[fe80::bfe:a203:38f0:bce7%enp0s3]:5540] --- Type 0000:10 (SecureChannel:StandaloneAck) (B:34)[0m
[0;34m[1784656321.878] [10998:11000] [EM] Flushed pending ack for MessageCounter:77302495 on exchange 27881i[0m
[0;34m[1784656321.878] [10998:10998] [CTL] Shutting down the commissioner[0m
[0;32m[1784656321.878] [10998:10998] [PAF] WiFiPAF: Closing all WiFiPAF sessions to shutdown[0m
[0;34m[1784656321.878] [10998:10998] [CTL] Shutting down the controller[0m
[0;34m[1784656321.878] [10998:10998] [IN] Expiring all sessions for fabric 0x1!![0m
[0;34m[1784656321.878] [10998:10998] [IN] SecureSession[0x778320009cd0]: MarkForEviction Type:2 LSID:57744[0m
[0;32m[1784656321.878] [10998:10998] [SC] SecureSession[0x778320009cd0, LSID:57744]: State change 'kActive' --> 'kPendingEviction'[0m
[0;34m[1784656321.878] [10998:10998] [IN] SecureSession[0x778320009cd0]: Released - Type:2 LSID:57744[0m
[0;32m[1784656321.878] [10998:10998] [FP] Forgetting fabric 0x1[0m
[0;32m[1784656321.878] [10998:10998] [TS] Pending Last Known Good Time: 2023-10-14T01:16:48[0m
[0;32m[1784656321.878] [10998:10998] [TS] Previous Last Known Good Time: 2023-10-14T01:16:48[0m
[0;32m[1784656321.878] [10998:10998] [TS] Reverted Last Known Good Time to previous value[0m
[0;34m[1784656321.878] [10998:10998] [CTL] Shutting down the commissioner[0m
[0;32m[1784656321.878] [10998:10998] [PAF] WiFiPAF: Closing all WiFiPAF sessions to shutdown[0m
[0;34m[1784656321.878] [10998:10998] [CTL] Shutting down the controller[0m
[0;34m[1784656321.878] [10998:10998] [CTL] Shutting down the System State, this will teardown the CHIP Stack[0m
[0;34m[1784656321.878] [10998:10998] [DMG] All ReadHandler-s are clean, clear GlobalDirtySet[0m
[0;32m[1784656321.878] [10998:10998] [FP] Shutting down FabricTable[0m
[0;32m[1784656321.878] [10998:10998] [TS] Pending Last Known Good Time: 2023-10-14T01:16:48[0m
[0;32m[1784656321.878] [10998:10998] [TS] Previous Last Known Good Time: 2023-10-14T01:16:48[0m
[0;32m[1784656321.878] [10998:10998] [TS] Reverted Last Known Good Time to previous value[0m
[0;34m[1784656321.880] [10998:10998] [DL] Wrote settings to /tmp/chip_counters.ini[0m
[0;32m[1784656321.880] [10998:10998] [DL] NVS set: chip-counters/total-operational-hours = 0 (0x0)[0m
[0;32m[1784656321.880] [10998:10998] [DL] Inet Layer shutdown[0m
[0;32m[1784656321.880] [10998:10998] [DL] BLE Layer shutdown[0m
[0;32m[1784656321.880] [10998:10998] [DL] WiFi-PAF Layer shutdown[0m
[0;32m[1784656321.880] [10998:10998] [PAF] WiFiPAF: Closing all WiFiPAF sessions to shutdown[0m
[0;32m[1784656321.880] [10998:10998] [DL] System Layer shutdown[0m
