[0;34m[1784656322.314] [11011:11011] [DL] ChipLinuxStorage::Init: Using KVS config file: /tmp/chip_tool_kvs[0m
[1;31m[1784656322.315] [11011:11011] [DL] ChipLinuxStorage::Init: Attempt to re-initialize with KVS config file: /tmp/chip_kvs, IGNORING.[0m
[0;34m[1784656322.316] [11011:11011] [DL] ChipLinuxStorage::Init: Using KVS config file: /tmp/chip_factory.ini[0m
[0;34m[1784656322.316] [11011:11011] [DL] ChipLinuxStorage::Init: Using KVS config file: /tmp/chip_config.ini[0m
[0;34m[1784656322.316] [11011:11011] [DL] ChipLinuxStorage::Init: Using KVS config file: /tmp/chip_counters.ini[0m
[0;34m[1784656322.319] [11011:11011] [DL] Wrote settings to /tmp/chip_counters.ini[0m
[0;32m[1784656322.319] [11011:11011] [DL] NVS set: chip-counters/reboot-count = 6 (0x6)[0m
[0;32m[1784656322.319] [11011:11011] [DL] Got Ethernet interface: enp0s3[0m
[0;32m[1784656322.319] [11011:11011] [DL] Found the primary Ethernet interface:enp0s3[0m
[1;31m[1784656322.319] [11011:11011] [DL] Failed to get WiFi interface[0m
[1;31m[1784656322.319] [11011:11011] [DL] Failed to reset WiFi statistic counts[0m
[0;32m[1784656322.319] [11011:11011] [PAF] WiFiPAF: WiFiPAFLayer::Init()[0m
[0;34m[1784656322.319] [11011:11011] [IN] UDP::Init bind&listen port=0[0m
[0;34m[1784656322.320] [11011:11011] [IN] UDP::Init bound to port=56818[0m
[0;34m[1784656322.320] [11011:11011] [IN] UDP::Init bind&listen port=0[0m
[0;34m[1784656322.320] [11011:11011] [IN] UDP::Init bound to port=38870[0m
[0;34m[1784656322.320] [11011:11011] [IN] BLEBase::Init - setting/overriding transport[0m
[0;34m[1784656322.320] [11011:11011] [IN] WiFiPAFBase::Init - setting/overriding transport[0m
[0;34m[1784656322.320] [11011:11011] [IN] TransportMgr initialized[0m
[0;34m[1784656322.320] [11011:11011] [FP] Initializing FabricTable from persistent storage[0m
[0;32m[1784656322.320] [11011:11011] [TS] Last Known Good Time: 2023-10-14T01:16:48[0m
[0;32m[1784656322.320] [11011:11011] [FP] Fabric index 0x1 was retrieved from storage. Compressed FabricId 0xFC58C56DABBC5E92, FabricId 0x0000000000000001, NodeId 0x000000000001B669, VendorId 0xFFF1[0m
[0;32m[1784656322.320] [11011:11011] [DMG] Ember attribute persistence requires setting up[0m
[0;32m[1784656322.320] [11011:11011] [ZCL] Using ZAP configuration...[0m
[0;34m[1784656322.321] [11011:11011] [CTL] System State Initialized...[0m
[0;32m[1784656322.321] [11011:11011] [CTL] Setting attestation nonce to random value[0m
[0;32m[1784656322.321] [11011:11011] [CTL] Setting CSR nonce to random value[0m
[0;34m[1784656322.321] [11011:11013] [DL] CHIP task running[0m
[0;32m[1784656322.321] [11011:11013] [CTL] Setting attestation nonce to random value[0m
[0;32m[1784656322.321] [11011:11013] [CTL] Setting CSR nonce to random value[0m
[0;32m[1784656322.321] [11011:11013] [CTL] Generating NOC[0m
[0;32m[1784656322.321] [11011:11013] [FP] Validating NOC chain[0m
[0;32m[1784656322.322] [11011:11013] [FP] NOC chain validation successful[0m
[0;32m[1784656322.322] [11011:11013] [FP] Updated fabric at index: 0x1, Node ID: 0x000000000001B669[0m
[0;32m[1784656322.322] [11011:11013] [TS] Last Known Good Time: 2023-10-14T01:16:48[0m
[0;32m[1784656322.322] [11011:11013] [TS] New proposed Last Known Good Time: 2021-01-01T00:00:00[0m
[0;32m[1784656322.322] [11011:11013] [TS] Retaining current Last Known Good Time[0m
[0;32m[1784656322.324] [11011:11013] [FP] Metadata for Fabric 0x1 persisted to storage.[0m
[0;32m[1784656322.325] [11011:11013] [TS] Committing Last Known Good Time to storage: 2023-10-14T01:16:48[0m
[0;32m[1784656322.326] [11011:11013] [CTL] Joined the fabric at index 1. Fabric ID is 0x0000000000000001 (Compressed Fabric ID: FC58C56DABBC5E92)[0m
[0;32m[1784656322.332] [11011:11013] [TOO] Sending command to node 0x1[0m
[0;34m[1784656322.333] [11011:11013] [CSM] FindOrEstablishSession: PeerId = [1:0000000000000001][0m
[0;34m[1784656322.333] [11011:11013] [CSM] FindOrEstablishSession: No existing OperationalSessionSetup instance found[0m
[0;34m[1784656322.333] [11011:11013] [DIS] OperationalSessionSetup[1:0000000000000001]: State change 1 --> 2[0m
[0;32m[1784656322.333] [11011:11013] [DIS] Lookup started for FC58C56DABBC5E92-0000000000000001[0m
[0;32m[1784656322.333] [11011:11013] [DIS] UDP:[fe80::bfe:a203:38f0:bce7%enp0s3]:5540: new best score: 7 (for FC58C56DABBC5E92-0000000000000001)[0m
[0;34m[1784656322.333] [11011:11013] [DIS] Lookup clearing interface for non LL address[0m
[0;32m[1784656322.333] [11011:11013] [DIS] UDP:10.0.2.15%enp0s3:5540: new best score: 2 (for FC58C56DABBC5E92-0000000000000001)[0m
[0;32m[1784656322.333] [11011:11013] [DIS] Checking node lookup status for FC58C56DABBC5E92-0000000000000001 after 0 ms[0m
[0;32m[1784656322.333] [11011:11013] [DIS] Keeping DNSSD lookup active[0m
[0;32m[1784656322.333] [11011:11013] [DIS] UDP:[fe80::bfe:a203:38f0:bce7%enp0s3]:5540: score has not improved: 7 (for FC58C56DABBC5E92-0000000000000001)[0m
[0;34m[1784656322.333] [11011:11013] [DIS] Lookup clearing interface for non LL address[0m
[0;32m[1784656322.333] [11011:11013] [DIS] UDP:10.0.2.15%enp0s3:5540: score has not improved: 2 (for FC58C56DABBC5E92-0000000000000001)[0m
[0;32m[1784656322.333] [11011:11013] [DIS] Checking node lookup status for FC58C56DABBC5E92-0000000000000001 after 0 ms[0m
[0;32m[1784656322.333] [11011:11013] [DIS] Keeping DNSSD lookup active[0m
[0;32m[1784656322.535] [11011:11013] [DIS] Checking node lookup status for FC58C56DABBC5E92-0000000000000001 after 202 ms[0m
[0;34m[1784656322.535] [11011:11013] [DIS] OperationalSessionSetup[1:0000000000000001]: Updating device address to UDP:[fe80::bfe:a203:38f0:bce7%enp0s3]:5540 while in state 2[0m
[0;34m[1784656322.535] [11011:11013] [DIS] OperationalSessionSetup[1:0000000000000001]: State change 2 --> 3[0m
[0;34m[1784656322.535] [11011:11013] [IN] SecureSession[0x7a3350009cd0]: Allocated Type:2 LSID:48980[0m
[0;32m[1784656322.535] [11011:11013] [SC] Initiating session on local FabricIndex 1 from 0x000000000001B669 -> 0x0000000000000001[0m
[0;32m[1784656322.535] [11011:11013] [EM] <<< [E:13318i S:0 M:222661363] (U) Msg TX from E04B3EFE5BC178C7 to 0:0000000000000000 [0000] [UDP:[fe80::bfe:a203:38f0:bce7%enp0s3]:5540] --- Type 0000:30 (SecureChannel:CASE_Sigma1) (B:196)[0m
[0;32m[1784656322.535] [11011:11013] [EM] ??1 [E:13318i S:0 M:222661363] (U) Msg Retransmission to 0:0000000000000000 scheduled for 563ms from now [State:Idle II:500 AI:300 AT:4000][0m
[0;32m[1784656322.535] [11011:11013] [SC] Sent Sigma1 msg to <0000000000000001, 1> [II:500ms AI:300ms AT:4000ms][0m
[0;34m[1784656322.535] [11011:11013] [DIS] OperationalSessionSetup[1:0000000000000001]: State change 3 --> 4[0m
[0;32m[1784656322.536] [11011:11013] [EM] >>> [E:13318i S:0 M:144481431 (Ack:222661363)] (U) Msg RX from 0:0000000000000000 [0000] to E04B3EFE5BC178C7 --- Type 0000:31 (SecureChannel:CASE_Sigma2) (B:751)[0m
[0;34m[1784656322.536] [11011:11013] [EM] Found matching exchange: 13318i, Delegate: 0x7a335000b8e8[0m
[0;34m[1784656322.536] [11011:11013] [EM] Rxd Ack; Removing MessageCounter:222661363 from Retrans Table on exchange 13318i[0m
[0;32m[1784656322.536] [11011:11013] [SC] Received Sigma2 msg[0m
[0;34m[1784656322.536] [11011:11013] [SC] Found MRP parameters in the message[0m
[0;34m[1784656322.537] [11011:11013] [SC] Peer <0000000000000001, 1> assigned session ID 14625[0m
[0;34m[1784656322.537] [11011:11013] [SC] Sending Sigma3[0m
[0;32m[1784656322.537] [11011:11013] [EM] <<< [E:13318i S:0 M:222661364 (Ack:144481431)] (U) Msg TX from E04B3EFE5BC178C7 to 0:0000000000000000 [0000] [UDP:[fe80::bfe:a203:38f0:bce7%enp0s3]:5540] --- Type 0000:32 (SecureChannel:CASE_Sigma3) (B:598)[0m
[0;32m[1784656322.537] [11011:11013] [EM] ??1 [E:13318i S:0 M:222661364] (U) Msg Retransmission to 0:0000000000000000 scheduled for 358ms from now [State:Active II:500 AI:300 AT:4000][0m
[0;32m[1784656322.537] [11011:11013] [SC] Sent Sigma3 msg[0m
[0;32m[1784656322.546] [11011:11013] [EM] >>> [E:13318i S:0 M:144481432 (Ack:222661364)] (U) Msg RX from 0:0000000000000000 [0000] to E04B3EFE5BC178C7 --- Type 0000:40 (SecureChannel:StatusReport) (B:34)[0m
[0;34m[1784656322.546] [11011:11013] [EM] Found matching exchange: 13318i, Delegate: 0x7a335000b8e8[0m
[0;34m[1784656322.546] [11011:11013] [EM] Rxd Ack; Removing MessageCounter:222661364 from Retrans Table on exchange 13318i[0m
[0;32m[1784656322.546] [11011:11013] [SC] Success status report received. Session was established[0m
[0;32m[1784656322.547] [11011:11013] [SC] SecureSession[0x7a3350009cd0, LSID:48980]: State change 'kEstablishing' --> 'kActive'[0m
[0;34m[1784656322.547] [11011:11013] [IN] SecureSession[0x7a3350009cd0]: Activated - Type:2 LSID:48980[0m
[0;34m[1784656322.547] [11011:11013] [IN] New secure session activated for device <0000000000000001, 1>, LSID:48980 PSID:14625![0m
[0;34m[1784656322.547] [11011:11013] [DIS] OperationalSessionSetup[1:0000000000000001]: State change 4 --> 5[0m
[0;32m[1784656322.547] [11011:11013] [TOO] Sending cluster (0x0000003E) command (0x00000007) on endpoint 0[0m
[0;34m[1784656322.547] [11011:11013] [DMG] ICR moving to [AddingComm][0m
[0;34m[1784656322.547] [11011:11013] [DMG] ICR moving to [AddedComma][0m
[0;32m[1784656322.547] [11011:11013] [EM] <<< [E:13319i S:48980 M:20186425] (S) Msg TX from 000000000001B669 to 1:0000000000000001 [5E92] [UDP:[fe80::bfe:a203:38f0:bce7%enp0s3]:5540] --- Type 0001:08 (IM:InvokeCommandRequest) (B:330)[0m
[0;32m[1784656322.547] [11011:11013] [EM] ??1 [E:13319i S:48980 M:20186425] (S) Msg Retransmission to 1:0000000000000001 scheduled for 347ms from now [State:Active II:500 AI:300 AT:4000][0m
[0;34m[1784656322.547] [11011:11013] [DMG] ICR moving to [AwaitingRe][0m
[0;32m[1784656322.547] [11011:11013] [EM] <<< [E:13318i S:0 M:222661365 (Ack:144481432)] (U) Msg TX from E04B3EFE5BC178C7 to 0:0000000000000000 [0000] [UDP:[fe80::bfe:a203:38f0:bce7%enp0s3]:5540] --- Type 0000:10 (SecureChannel:StandaloneAck) (B:26)[0m
[0;34m[1784656322.547] [11011:11013] [EM] Flushed pending ack for MessageCounter:144481432 on exchange 13318i[0m
[0;32m[1784656322.557] [11011:11013] [EM] >>> [E:13319i S:48980 M:57415535 (Ack:20186425)] (S) Msg RX from 1:0000000000000001 [5E92] to 000000000001B669 --- Type 0001:09 (IM:InvokeCommandResponse) (B:70)[0m
[0;34m[1784656322.557] [11011:11013] [EM] Found matching exchange: 13319i, Delegate: 0x7a335000eef8[0m
[0;34m[1784656322.557] [11011:11013] [EM] Rxd Ack; Removing MessageCounter:20186425 from Retrans Table on exchange 13319i[0m
[0;34m[1784656322.557] [11011:11013] [DMG] ICR moving to [ResponseRe][0m
[0;34m[1784656322.557] [11011:11013] [DMG] InvokeResponseMessage =[0m
[0;34m[1784656322.557] [11011:11013] [DMG] {[0m
[0;34m[1784656322.557] [11011:11013] [DMG] 	suppressResponse = false, [0m
[0;34m[1784656322.557] [11011:11013] [DMG] 	InvokeResponseIBs =[0m
[0;34m[1784656322.557] [11011:11013] [DMG] 	[[0m
[0;34m[1784656322.557] [11011:11013] [DMG] 		InvokeResponseIB =[0m
[0;34m[1784656322.557] [11011:11013] [DMG] 		{[0m
[0;34m[1784656322.557] [11011:11013] [DMG] 			CommandDataIB =[0m
[0;34m[1784656322.557] [11011:11013] [DMG] 			{[0m
[0;34m[1784656322.557] [11011:11013] [DMG] 				CommandPathIB =[0m
[0;34m[1784656322.557] [11011:11013] [DMG] 				{[0m
[0;34m[1784656322.557] [11011:11013] [DMG] 					EndpointId = 0x0,[0m
[0;34m[1784656322.557] [11011:11013] [DMG] 					ClusterId = 0x3e,[0m
[0;34m[1784656322.557] [11011:11013] [DMG] 					CommandId = 0x8,[0m
[0;34m[1784656322.557] [11011:11013] [DMG] 				},[0m
[0;34m[1784656322.557] [11011:11013] [DMG] 				[0m
[0;34m[1784656322.557] [11011:11013] [DMG] 				CommandFields = [0m
[0;34m[1784656322.557] [11011:11013] [DMG] 				{[0m
[0;34m[1784656322.557] [11011:11013] [DMG] 					0x0 = 0 (unsigned), [0m
[0;34m[1784656322.557] [11011:11013] [DMG] 					0x1 = 1 (unsigned), [0m
[0;34m[1784656322.557] [11011:11013] [DMG] 				},[0m
[0;34m[1784656322.557] [11011:11013] [DMG] 			},[0m
[0;34m[1784656322.557] [11011:11013] [DMG] 			[0m
[0;34m[1784656322.557] [11011:11013] [DMG] 		},[0m
[0;34m[1784656322.557] [11011:11013] [DMG] 		[0m
[0;34m[1784656322.557] [11011:11013] [DMG] 	],[0m
[0;34m[1784656322.557] [11011:11013] [DMG] 	[0m
[0;34m[1784656322.557] [11011:11013] [DMG] 	InteractionModelRevision = 12[0m
[0;34m[1784656322.557] [11011:11013] [DMG] },[0m
[0;32m[1784656322.557] [11011:11013] [DMG] Received Command Response Data, Endpoint=0 Cluster=0x0000_003E Command=0x0000_0008[0m
[0;32m[1784656322.557] [11011:11013] [TOO] Endpoint: 0 Cluster: 0x0000_003E Command 0x0000_0008[0m
[0;32m[1784656322.557] [11011:11013] [TOO]   NOCResponse: {[0m
[0;32m[1784656322.557] [11011:11013] [TOO]     statusCode: 0[0m
[0;32m[1784656322.557] [11011:11013] [TOO]     fabricIndex: 1[0m
[0;32m[1784656322.557] [11011:11013] [TOO]    }[0m
[0;34m[1784656322.557] [11011:11013] [DMG] ICR moving to [AwaitingDe][0m
[0;32m[1784656322.557] [11011:11013] [EM] <<< [E:13319i S:48980 M:20186426 (Ack:57415535)] (S) Msg TX from 000000000001B669 to 1:0000000000000001 [5E92] [UDP:[fe80::bfe:a203:38f0:bce7%enp0s3]:5540] --- Type 0000:10 (SecureChannel:StandaloneAck) (B:34)[0m
[0;34m[1784656322.557] [11011:11013] [EM] Flushed pending ack for MessageCounter:57415535 on exchange 13319i[0m
[0;34m[1784656322.557] [11011:11011] [CTL] Shutting down the commissioner[0m
[0;32m[1784656322.557] [11011:11011] [PAF] WiFiPAF: Closing all WiFiPAF sessions to shutdown[0m
[0;34m[1784656322.557] [11011:11011] [CTL] Shutting down the controller[0m
[0;34m[1784656322.557] [11011:11011] [IN] Expiring all sessions for fabric 0x1!![0m
[0;34m[1784656322.557] [11011:11011] [IN] SecureSession[0x7a3350009cd0]: MarkForEviction Type:2 LSID:48980[0m
[0;32m[1784656322.557] [11011:11011] [SC] SecureSession[0x7a3350009cd0, LSID:48980]: State change 'kActive' --> 'kPendingEviction'[0m
[0;34m[1784656322.557] [11011:11011] [IN] SecureSession[0x7a3350009cd0]: Released - Type:2 LSID:48980[0m
[0;32m[1784656322.557] [11011:11011] [FP] Forgetting fabric 0x1[0m
[0;32m[1784656322.557] [11011:11011] [TS] Pending Last Known Good Time: 2023-10-14T01:16:48[0m
[0;32m[1784656322.557] [11011:11011] [TS] Previous Last Known Good Time: 2023-10-14T01:16:48[0m
[0;32m[1784656322.557] [11011:11011] [TS] Reverted Last Known Good Time to previous value[0m
[0;34m[1784656322.557] [11011:11011] [CTL] Shutting down the commissioner[0m
[0;32m[1784656322.557] [11011:11011] [PAF] WiFiPAF: Closing all WiFiPAF sessions to shutdown[0m
[0;34m[1784656322.557] [11011:11011] [CTL] Shutting down the controller[0m
[0;34m[1784656322.557] [11011:11011] [CTL] Shutting down the System State, this will teardown the CHIP Stack[0m
[0;34m[1784656322.557] [11011:11011] [DMG] All ReadHandler-s are clean, clear GlobalDirtySet[0m
[0;32m[1784656322.557] [11011:11011] [FP] Shutting down FabricTable[0m
[0;32m[1784656322.557] [11011:11011] [TS] Pending Last Known Good Time: 2023-10-14T01:16:48[0m
[0;32m[1784656322.557] [11011:11011] [TS] Previous Last Known Good Time: 2023-10-14T01:16:48[0m
[0;32m[1784656322.557] [11011:11011] [TS] Reverted Last Known Good Time to previous value[0m
[0;34m[1784656322.559] [11011:11011] [DL] Wrote settings to /tmp/chip_counters.ini[0m
[0;32m[1784656322.559] [11011:11011] [DL] NVS set: chip-counters/total-operational-hours = 0 (0x0)[0m
[0;32m[1784656322.559] [11011:11011] [DL] Inet Layer shutdown[0m
[0;32m[1784656322.559] [11011:11011] [DL] BLE Layer shutdown[0m
[0;32m[1784656322.559] [11011:11011] [DL] WiFi-PAF Layer shutdown[0m
[0;32m[1784656322.559] [11011:11011] [PAF] WiFiPAF: Closing all WiFiPAF sessions to shutdown[0m
[0;32m[1784656322.559] [11011:11011] [DL] System Layer shutdown[0m
