[0;34m[1784656740.983] [13131:13131] [DL] ChipLinuxStorage::Init: Using KVS config file: /tmp/chip_tool_kvs[0m
[1;31m[1784656740.984] [13131:13131] [DL] ChipLinuxStorage::Init: Attempt to re-initialize with KVS config file: /tmp/chip_kvs, IGNORING.[0m
[0;34m[1784656740.986] [13131:13131] [DL] ChipLinuxStorage::Init: Using KVS config file: /tmp/chip_factory.ini[0m
[0;34m[1784656740.986] [13131:13131] [DL] ChipLinuxStorage::Init: Using KVS config file: /tmp/chip_config.ini[0m
[0;34m[1784656740.986] [13131:13131] [DL] ChipLinuxStorage::Init: Using KVS config file: /tmp/chip_counters.ini[0m
[0;34m[1784656740.991] [13131:13131] [DL] Wrote settings to /tmp/chip_counters.ini[0m
[0;32m[1784656740.991] [13131:13131] [DL] NVS set: chip-counters/reboot-count = 4 (0x4)[0m
[0;32m[1784656740.991] [13131:13131] [DL] Got Ethernet interface: enp0s3[0m
[0;32m[1784656740.991] [13131:13131] [DL] Found the primary Ethernet interface:enp0s3[0m
[1;31m[1784656740.991] [13131:13131] [DL] Failed to get WiFi interface[0m
[1;31m[1784656740.991] [13131:13131] [DL] Failed to reset WiFi statistic counts[0m
[0;32m[1784656740.991] [13131:13131] [PAF] WiFiPAF: WiFiPAFLayer::Init()[0m
[0;34m[1784656740.992] [13131:13131] [IN] UDP::Init bind&listen port=0[0m
[0;34m[1784656740.992] [13131:13131] [IN] UDP::Init bound to port=43115[0m
[0;34m[1784656740.992] [13131:13131] [IN] UDP::Init bind&listen port=0[0m
[0;34m[1784656740.992] [13131:13131] [IN] UDP::Init bound to port=58504[0m
[0;34m[1784656740.992] [13131:13131] [IN] BLEBase::Init - setting/overriding transport[0m
[0;34m[1784656740.992] [13131:13131] [IN] WiFiPAFBase::Init - setting/overriding transport[0m
[0;34m[1784656740.992] [13131:13131] [IN] TransportMgr initialized[0m
[0;34m[1784656740.992] [13131:13131] [FP] Initializing FabricTable from persistent storage[0m
[0;32m[1784656740.992] [13131:13131] [TS] Last Known Good Time: 2023-10-14T01:16:48[0m
[0;32m[1784656740.992] [13131:13131] [FP] Fabric index 0x1 was retrieved from storage. Compressed FabricId 0xFC6515B53646538F, FabricId 0x0000000000000001, NodeId 0x000000000001B669, VendorId 0xFFF1[0m
[0;32m[1784656740.993] [13131:13131] [DMG] Ember attribute persistence requires setting up[0m
[0;32m[1784656740.993] [13131:13131] [ZCL] Using ZAP configuration...[0m
[0;34m[1784656740.995] [13131:13131] [CTL] System State Initialized...[0m
[0;32m[1784656740.995] [13131:13131] [CTL] Setting attestation nonce to random value[0m
[0;32m[1784656740.995] [13131:13131] [CTL] Setting CSR nonce to random value[0m
[0;34m[1784656740.995] [13131:13133] [DL] CHIP task running[0m
[0;32m[1784656740.995] [13131:13133] [CTL] Setting attestation nonce to random value[0m
[0;32m[1784656740.995] [13131:13133] [CTL] Setting CSR nonce to random value[0m
[0;32m[1784656740.995] [13131:13133] [CTL] Generating NOC[0m
[0;32m[1784656740.996] [13131:13133] [FP] Validating NOC chain[0m
[0;32m[1784656740.997] [13131:13133] [FP] NOC chain validation successful[0m
[0;32m[1784656740.997] [13131:13133] [FP] Updated fabric at index: 0x1, Node ID: 0x000000000001B669[0m
[0;32m[1784656740.997] [13131:13133] [TS] Last Known Good Time: 2023-10-14T01:16:48[0m
[0;32m[1784656740.997] [13131:13133] [TS] New proposed Last Known Good Time: 2021-01-01T00:00:00[0m
[0;32m[1784656740.997] [13131:13133] [TS] Retaining current Last Known Good Time[0m
[0;32m[1784656741.001] [13131:13133] [FP] Metadata for Fabric 0x1 persisted to storage.[0m
[0;32m[1784656741.003] [13131:13133] [TS] Committing Last Known Good Time to storage: 2023-10-14T01:16:48[0m
[0;32m[1784656741.004] [13131:13133] [CTL] Joined the fabric at index 1. Fabric ID is 0x0000000000000001 (Compressed Fabric ID: FC6515B53646538F)[0m
[0;32m[1784656741.014] [13131:13133] [TOO] Sending command to node 0x1[0m
[0;34m[1784656741.014] [13131:13133] [CSM] FindOrEstablishSession: PeerId = [1:0000000000000001][0m
[0;34m[1784656741.014] [13131:13133] [CSM] FindOrEstablishSession: No existing OperationalSessionSetup instance found[0m
[0;34m[1784656741.014] [13131:13133] [DIS] OperationalSessionSetup[1:0000000000000001]: State change 1 --> 2[0m
[0;32m[1784656741.015] [13131:13133] [DIS] Lookup started for FC6515B53646538F-0000000000000001[0m
[0;32m[1784656741.015] [13131:13133] [DIS] UDP:[fe80::bfe:a203:38f0:bce7%enp0s3]:5540: new best score: 7 (for FC6515B53646538F-0000000000000001)[0m
[0;34m[1784656741.015] [13131:13133] [DIS] Lookup clearing interface for non LL address[0m
[0;32m[1784656741.015] [13131:13133] [DIS] UDP:10.0.2.15%enp0s3:5540: new best score: 2 (for FC6515B53646538F-0000000000000001)[0m
[0;32m[1784656741.015] [13131:13133] [DIS] Checking node lookup status for FC6515B53646538F-0000000000000001 after 1 ms[0m
[0;32m[1784656741.015] [13131:13133] [DIS] Keeping DNSSD lookup active[0m
[0;32m[1784656741.015] [13131:13133] [DIS] UDP:[fe80::bfe:a203:38f0:bce7%enp0s3]:5540: score has not improved: 7 (for FC6515B53646538F-0000000000000001)[0m
[0;34m[1784656741.015] [13131:13133] [DIS] Lookup clearing interface for non LL address[0m
[0;32m[1784656741.017] [13131:13133] [DIS] UDP:10.0.2.15%enp0s3:5540: score has not improved: 2 (for FC6515B53646538F-0000000000000001)[0m
[0;32m[1784656741.017] [13131:13133] [DIS] Checking node lookup status for FC6515B53646538F-0000000000000001 after 4 ms[0m
[0;32m[1784656741.017] [13131:13133] [DIS] Keeping DNSSD lookup active[0m
[0;32m[1784656741.214] [13131:13133] [DIS] Checking node lookup status for FC6515B53646538F-0000000000000001 after 200 ms[0m
[0;34m[1784656741.214] [13131:13133] [DIS] OperationalSessionSetup[1:0000000000000001]: Updating device address to UDP:[fe80::bfe:a203:38f0:bce7%enp0s3]:5540 while in state 2[0m
[0;34m[1784656741.214] [13131:13133] [DIS] OperationalSessionSetup[1:0000000000000001]: State change 2 --> 3[0m
[0;34m[1784656741.214] [13131:13133] [IN] SecureSession[0x7cfd8c009cd0]: Allocated Type:2 LSID:26834[0m
[0;32m[1784656741.214] [13131:13133] [SC] Initiating session on local FabricIndex 1 from 0x000000000001B669 -> 0x0000000000000001[0m
[0;32m[1784656741.214] [13131:13133] [EM] <<< [E:14220i S:0 M:123848883] (U) Msg TX from 31F4A4807AC801B4 to 0:0000000000000000 [0000] [UDP:[fe80::bfe:a203:38f0:bce7%enp0s3]:5540] --- Type 0000:30 (SecureChannel:CASE_Sigma1) (B:196)[0m
[0;32m[1784656741.215] [13131:13133] [EM] ??1 [E:14220i S:0 M:123848883] (U) Msg Retransmission to 0:0000000000000000 scheduled for 611ms from now [State:Idle II:500 AI:300 AT:4000][0m
[0;32m[1784656741.215] [13131:13133] [SC] Sent Sigma1 msg to <0000000000000001, 1> [II:500ms AI:300ms AT:4000ms][0m
[0;34m[1784656741.215] [13131:13133] [DIS] OperationalSessionSetup[1:0000000000000001]: State change 3 --> 4[0m
[0;32m[1784656741.215] [13131:13133] [EM] >>> [E:14220i S:0 M:264083254 (Ack:123848883)] (U) Msg RX from 0:0000000000000000 [0000] to 31F4A4807AC801B4 --- Type 0000:31 (SecureChannel:CASE_Sigma2) (B:751)[0m
[0;34m[1784656741.215] [13131:13133] [EM] Found matching exchange: 14220i, Delegate: 0x7cfd8c00b8e8[0m
[0;34m[1784656741.215] [13131:13133] [EM] Rxd Ack; Removing MessageCounter:123848883 from Retrans Table on exchange 14220i[0m
[0;32m[1784656741.215] [13131:13133] [SC] Received Sigma2 msg[0m
[0;34m[1784656741.215] [13131:13133] [SC] Found MRP parameters in the message[0m
[0;34m[1784656741.216] [13131:13133] [SC] Peer <0000000000000001, 1> assigned session ID 52201[0m
[0;34m[1784656741.216] [13131:13133] [SC] Sending Sigma3[0m
[0;32m[1784656741.216] [13131:13133] [EM] <<< [E:14220i S:0 M:123848884 (Ack:264083254)] (U) Msg TX from 31F4A4807AC801B4 to 0:0000000000000000 [0000] [UDP:[fe80::bfe:a203:38f0:bce7%enp0s3]:5540] --- Type 0000:32 (SecureChannel:CASE_Sigma3) (B:598)[0m
[0;32m[1784656741.216] [13131:13133] [EM] ??1 [E:14220i S:0 M:123848884] (U) Msg Retransmission to 0:0000000000000000 scheduled for 361ms from now [State:Active II:500 AI:300 AT:4000][0m
[0;32m[1784656741.216] [13131:13133] [SC] Sent Sigma3 msg[0m
[0;32m[1784656741.271] [13131:13133] [EM] >>> [E:14220i S:0 M:264083255 (Ack:123848884)] (U) Msg RX from 0:0000000000000000 [0000] to 31F4A4807AC801B4 --- Type 0000:40 (SecureChannel:StatusReport) (B:34)[0m
[0;34m[1784656741.271] [13131:13133] [EM] Found matching exchange: 14220i, Delegate: 0x7cfd8c00b8e8[0m
[0;34m[1784656741.271] [13131:13133] [EM] Rxd Ack; Removing MessageCounter:123848884 from Retrans Table on exchange 14220i[0m
[0;32m[1784656741.271] [13131:13133] [SC] Success status report received. Session was established[0m
[0;32m[1784656741.272] [13131:13133] [SC] SecureSession[0x7cfd8c009cd0, LSID:26834]: State change 'kEstablishing' --> 'kActive'[0m
[0;34m[1784656741.272] [13131:13133] [IN] SecureSession[0x7cfd8c009cd0]: Activated - Type:2 LSID:26834[0m
[0;34m[1784656741.272] [13131:13133] [IN] New secure session activated for device <0000000000000001, 1>, LSID:26834 PSID:52201![0m
[0;34m[1784656741.272] [13131:13133] [DIS] OperationalSessionSetup[1:0000000000000001]: State change 4 --> 5[0m
[0;32m[1784656741.272] [13131:13133] [TOO] Sending cluster (0x0000003E) command (0x00000004) on endpoint 0[0m
[0;34m[1784656741.272] [13131:13133] [DMG] ICR moving to [AddingComm][0m
[0;34m[1784656741.272] [13131:13133] [DMG] ICR moving to [AddedComma][0m
[0;32m[1784656741.273] [13131:13133] [EM] <<< [E:14221i S:26834 M:28538138] (S) Msg TX from 000000000001B669 to 1:0000000000000001 [538F] [UDP:[fe80::bfe:a203:38f0:bce7%enp0s3]:5540] --- Type 0001:08 (IM:InvokeCommandRequest) (B:96)[0m
[0;32m[1784656741.273] [13131:13133] [EM] ??1 [E:14221i S:26834 M:28538138] (S) Msg Retransmission to 1:0000000000000001 scheduled for 388ms from now [State:Active II:500 AI:300 AT:4000][0m
[0;34m[1784656741.273] [13131:13133] [DMG] ICR moving to [AwaitingRe][0m
[0;32m[1784656741.273] [13131:13133] [EM] <<< [E:14220i S:0 M:123848885 (Ack:264083255)] (U) Msg TX from 31F4A4807AC801B4 to 0:0000000000000000 [0000] [UDP:[fe80::bfe:a203:38f0:bce7%enp0s3]:5540] --- Type 0000:10 (SecureChannel:StandaloneAck) (B:26)[0m
[0;34m[1784656741.273] [13131:13133] [EM] Flushed pending ack for MessageCounter:264083255 on exchange 14220i[0m
[0;32m[1784656741.274] [13131:13133] [EM] >>> [E:14221i S:26834 M:93381179 (Ack:28538138)] (S) Msg RX from 1:0000000000000001 [538F] to 000000000001B669 --- Type 0001:09 (IM:InvokeCommandResponse) (B:376)[0m
[0;34m[1784656741.274] [13131:13133] [EM] Found matching exchange: 14221i, Delegate: 0x7cfd8c00eef8[0m
[0;34m[1784656741.274] [13131:13133] [EM] Rxd Ack; Removing MessageCounter:28538138 from Retrans Table on exchange 14221i[0m
[0;34m[1784656741.274] [13131:13133] [DMG] ICR moving to [ResponseRe][0m
[0;34m[1784656741.274] [13131:13133] [DMG] InvokeResponseMessage =[0m
[0;34m[1784656741.274] [13131:13133] [DMG] {[0m
[0;34m[1784656741.274] [13131:13133] [DMG] 	suppressResponse = false, [0m
[0;34m[1784656741.274] [13131:13133] [DMG] 	InvokeResponseIBs =[0m
[0;34m[1784656741.274] [13131:13133] [DMG] 	[[0m
[0;34m[1784656741.274] [13131:13133] [DMG] 		InvokeResponseIB =[0m
[0;34m[1784656741.274] [13131:13133] [DMG] 		{[0m
[0;34m[1784656741.274] [13131:13133] [DMG] 			CommandDataIB =[0m
[0;34m[1784656741.274] [13131:13133] [DMG] 			{[0m
[0;34m[1784656741.274] [13131:13133] [DMG] 				CommandPathIB =[0m
[0;34m[1784656741.274] [13131:13133] [DMG] 				{[0m
[0;34m[1784656741.274] [13131:13133] [DMG] 					EndpointId = 0x0,[0m
[0;34m[1784656741.274] [13131:13133] [DMG] 					ClusterId = 0x3e,[0m
[0;34m[1784656741.274] [13131:13133] [DMG] 					CommandId = 0x5,[0m
[0;34m[1784656741.274] [13131:13133] [DMG] 				},[0m
[0;34m[1784656741.274] [13131:13133] [DMG] 				[0m
[0;34m[1784656741.274] [13131:13133] [DMG] 				CommandFields = [0m
[0;34m[1784656741.274] [13131:13133] [DMG] 				{[0m
[0;34m[1784656741.274] [13131:13133] [DMG] 					0x0 = [[0m
[0;34m[1784656741.274] [13131:13133] [DMG] 							0x15, 0x30, 0x01, 0xca, 0x30, 0x81, 0xc7, 0x30, 0x70, 0x02, 0x01, 0x00, 0x30, 0x0e, 0x31, 0x0c, 0x30, 0x0a, 0x06, 0x03, 0x55, 0x04, 0x0a, 0x0c, 0x03, 0x43, 0x53, 0x52, 0x30, 0x59, 0x30, 0x13, 0x06, 0x07, 0x2a, 0x86, 0x48, 0xce, 0x3d, 0x02, 0x01, 0x06, 0x08, 0x2a, 0x86, 0x48, 0xce, 0x3d, 0x03, 0x01, 0x07, 0x03, 0x42, 0x00, 0x04, 0xa5, 0x8a, 0x9d, 0x9d, 0x40, 0xcb, 0xa0, 0x90, 0xd9, 0x72, 0x2d, 0x43, 0xd4, 0xd6, 0x36, 0x0b, 0xaf, 0x47, 0x7e, 0xc7, 0x09, 0xe5, 0xd9, 0xde, 0xcf, 0xc8, 0x28, 0xf8, 0x36, 0x35, 0x72, 0x81, 0xc1, 0xd4, 0x69, 0x7e, 0xfa, 0x18, 0x8b, 0xfc, 0x0f, 0x25, 0x82, 0x43, 0x68, 0xb8, 0x50, 0x6f, 0xc7, 0x67, 0x95, 0xa2, 0x96, 0x5e, 0x7b, 0x15, 0xb1, 0x59, 0xdb, 0x2b, 0x91, 0x85, 0xdc, 0x89, 0xa0, 0x00, 0x30, 0x0a, 0x06, 0x08, 0x2a, 0x86, 0x48, 0xce, 0x3d, 0x04, 0x03, 0x02, 0x03, 0x47, 0x00, 0x30, 0x44, 0x02, 0x20, 0x3f, 0x45, 0xd0, 0xd2, 0xb3, 0xd8, 0xae, 0x97, 0xc4, 0xe2, 0x54, 0xae, 0x7d, 0xfc, 0x91, 0xaa, 0xfa, 0xe6, 0x28, 0x45, 0x05, 0xa5, 0xbf, 0x9e, 0xb4, 0x99, 0xff, 0xbd, 0xd3, 0x31, 0x6e, 0xd9, 0x02, 0x20, 0x12, 0xc3, 0x69, 0x0b, 0x74, 0x07, 0x78, 0xed, 0xac, 0x75, 0x3c, 0x27, 0x4a, 0xa2, 0x06, 0x6b, 0x13, 0x2f, 0xc2, 0x13, 0x36, 0xdc, 0x5a, 0xf7, 0x36, 0x03, 0x18, 0xbc, 0x66, 0x6d, 0x4c, 0xc7, 0x30, 0x02, 0x20, 0xa7, 0x25, 0xb4, 0x88, 0xd4, 0x41, 0x4c, 0xab, 0x85, 0xa4, 0x7a, 0x42, 0xc9, 0x27, 0x54, 0xd7, 0x75, 0x59, 0x2c, 0x65, 0xb9, 0xf0, 0xaf, 0xde, 0xa2, 0x08, 0xd8, 0x24, 0xd0, 0xa3, 0x1a, 0xe6, 0x18, [0m
[0;34m[1784656741.274] [13131:13133] [DMG] 					] (242 bytes)[0m
[0;34m[1784656741.274] [13131:13133] [DMG] 					0x1 = [[0m
[0;34m[1784656741.274] [13131:13133] [DMG] 							0x47, 0x0d, 0x2c, 0x97, 0xc9, 0xbb, 0x5d, 0xce, 0xaa, 0x96, 0x07, 0x5d, 0xc9, 0x92, 0x4b, 0x3c, 0xe8, 0xbc, 0xe1, 0x53, 0xdb, 0xb5, 0x70, 0x5e, 0x4f, 0x01, 0x08, 0x04, 0x8f, 0xb6, 0x3d, 0x30, 0x60, 0x0d, 0x83, 0x2c, 0x38, 0xcc, 0x90, 0xc4, 0xc4, 0x68, 0xe0, 0x19, 0xbf, 0x49, 0xd5, 0x9d, 0xab, 0x73, 0x00, 0x91, 0xf2, 0xe9, 0x19, 0x8a, 0x78, 0x52, 0x22, 0xc1, 0x92, 0x65, 0xb9, 0x69, [0m
[0;34m[1784656741.274] [13131:13133] [DMG] 					] (64 bytes)[0m
[0;34m[1784656741.274] [13131:13133] [DMG] 				},[0m
[0;34m[1784656741.274] [13131:13133] [DMG] 			},[0m
[0;34m[1784656741.274] [13131:13133] [DMG] 			[0m
[0;34m[1784656741.274] [13131:13133] [DMG] 		},[0m
[0;34m[1784656741.274] [13131:13133] [DMG] 		[0m
[0;34m[1784656741.274] [13131:13133] [DMG] 	],[0m
[0;34m[1784656741.274] [13131:13133] [DMG] 	[0m
[0;34m[1784656741.274] [13131:13133] [DMG] 	InteractionModelRevision = 12[0m
[0;34m[1784656741.274] [13131:13133] [DMG] },[0m
[0;32m[1784656741.274] [13131:13133] [DMG] Received Command Response Data, Endpoint=0 Cluster=0x0000_003E Command=0x0000_0005[0m
[0;32m[1784656741.274] [13131:13133] [TOO] Endpoint: 0 Cluster: 0x0000_003E Command 0x0000_0005[0m
[0;32m[1784656741.274] [13131:13133] [TOO]   CSRResponse: {[0m
[0;32m[1784656741.274] [13131:13133] [TOO]     NOCSRElements: 153001CA3081C73070020100300E310C300A060355040A0C034353523059301306072A8648CE3D020106082A8648CE3D03010703420004A58A9D9D40CBA090D9722D43D4D6360BAF477EC709E5D9DECFC828F836357281C1D4697EFA188BFC0F25824368B8506FC76795A2965E7B15B159DB2B9185DC89A000300A06082A8648CE3D040302034700304402203F45D0D2B3D8AE97C4E254AE7DFC91AAFAE6284505A5BF9EB499FFBDD3316ED9022012C3690B740778EDAC753C274AA2066B132FC21336DC5AF7360318BC666D4CC7300220A725B488D4414CAB85A47A42C92754D775592C65B9F0AFDEA208D824D0A31AE618[0m
[0;32m[1784656741.274] [13131:13133] [TOO]     attestationSignature: 470D2C97C9BB5DCEAA96075DC9924B3CE8BCE153DBB5705E4F0108048FB63D30600D832C38CC90C4C468E019BF49D59DAB730091F2E9198A785222C19265B969[0m
[0;32m[1784656741.274] [13131:13133] [TOO]    }[0m
[0;34m[1784656741.274] [13131:13133] [DMG] ICR moving to [AwaitingDe][0m
[0;32m[1784656741.274] [13131:13133] [EM] <<< [E:14221i S:26834 M:28538139 (Ack:93381179)] (S) Msg TX from 000000000001B669 to 1:0000000000000001 [538F] [UDP:[fe80::bfe:a203:38f0:bce7%enp0s3]:5540] --- Type 0000:10 (SecureChannel:StandaloneAck) (B:34)[0m
[0;34m[1784656741.274] [13131:13133] [EM] Flushed pending ack for MessageCounter:93381179 on exchange 14221i[0m
[0;34m[1784656741.274] [13131:13131] [CTL] Shutting down the commissioner[0m
[0;32m[1784656741.274] [13131:13131] [PAF] WiFiPAF: Closing all WiFiPAF sessions to shutdown[0m
[0;34m[1784656741.274] [13131:13131] [CTL] Shutting down the controller[0m
[0;34m[1784656741.274] [13131:13131] [IN] Expiring all sessions for fabric 0x1!![0m
[0;34m[1784656741.274] [13131:13131] [IN] SecureSession[0x7cfd8c009cd0]: MarkForEviction Type:2 LSID:26834[0m
[0;32m[1784656741.274] [13131:13131] [SC] SecureSession[0x7cfd8c009cd0, LSID:26834]: State change 'kActive' --> 'kPendingEviction'[0m
[0;34m[1784656741.274] [13131:13131] [IN] SecureSession[0x7cfd8c009cd0]: Released - Type:2 LSID:26834[0m
[0;32m[1784656741.274] [13131:13131] [FP] Forgetting fabric 0x1[0m
[0;32m[1784656741.274] [13131:13131] [TS] Pending Last Known Good Time: 2023-10-14T01:16:48[0m
[0;32m[1784656741.274] [13131:13131] [TS] Previous Last Known Good Time: 2023-10-14T01:16:48[0m
[0;32m[1784656741.274] [13131:13131] [TS] Reverted Last Known Good Time to previous value[0m
[0;34m[1784656741.274] [13131:13131] [CTL] Shutting down the commissioner[0m
[0;32m[1784656741.274] [13131:13131] [PAF] WiFiPAF: Closing all WiFiPAF sessions to shutdown[0m
[0;34m[1784656741.274] [13131:13131] [CTL] Shutting down the controller[0m
[0;34m[1784656741.274] [13131:13131] [CTL] Shutting down the System State, this will teardown the CHIP Stack[0m
[0;34m[1784656741.274] [13131:13131] [DMG] All ReadHandler-s are clean, clear GlobalDirtySet[0m
[0;32m[1784656741.274] [13131:13131] [FP] Shutting down FabricTable[0m
[0;32m[1784656741.274] [13131:13131] [TS] Pending Last Known Good Time: 2023-10-14T01:16:48[0m
[0;32m[1784656741.274] [13131:13131] [TS] Previous Last Known Good Time: 2023-10-14T01:16:48[0m
[0;32m[1784656741.274] [13131:13131] [TS] Reverted Last Known Good Time to previous value[0m
[0;34m[1784656741.279] [13131:13131] [DL] Wrote settings to /tmp/chip_counters.ini[0m
[0;32m[1784656741.279] [13131:13131] [DL] NVS set: chip-counters/total-operational-hours = 0 (0x0)[0m
[0;32m[1784656741.279] [13131:13131] [DL] Inet Layer shutdown[0m
[0;32m[1784656741.279] [13131:13131] [DL] BLE Layer shutdown[0m
[0;32m[1784656741.279] [13131:13131] [DL] WiFi-PAF Layer shutdown[0m
[0;32m[1784656741.279] [13131:13131] [PAF] WiFiPAF: Closing all WiFiPAF sessions to shutdown[0m
[0;32m[1784656741.279] [13131:13131] [DL] System Layer shutdown[0m
