[0;34m[2524608000.256] [15489:15489] [DL] ChipLinuxStorage::Init: Using KVS config file: /tmp/chip_tool_kvs[0m
[1;31m[2524608000.257] [15489:15489] [DL] ChipLinuxStorage::Init: Attempt to re-initialize with KVS config file: /tmp/chip_kvs, IGNORING.[0m
[0;34m[2524608000.259] [15489:15489] [DL] ChipLinuxStorage::Init: Using KVS config file: /tmp/chip_factory.ini[0m
[0;34m[2524608000.259] [15489:15489] [DL] ChipLinuxStorage::Init: Using KVS config file: /tmp/chip_config.ini[0m
[0;34m[2524608000.259] [15489:15489] [DL] ChipLinuxStorage::Init: Using KVS config file: /tmp/chip_counters.ini[0m
[0;34m[2524608000.286] [15489:15489] [DL] Wrote settings to /tmp/chip_counters.ini[0m
[0;32m[2524608000.286] [15489:15489] [DL] NVS set: chip-counters/reboot-count = 4 (0x4)[0m
[0;32m[2524608000.287] [15489:15489] [DL] Got Ethernet interface: enp0s3[0m
[0;32m[2524608000.287] [15489:15489] [DL] Found the primary Ethernet interface:enp0s3[0m
[1;31m[2524608000.287] [15489:15489] [DL] Failed to get WiFi interface[0m
[1;31m[2524608000.287] [15489:15489] [DL] Failed to reset WiFi statistic counts[0m
[0;32m[2524608000.287] [15489:15489] [PAF] WiFiPAF: WiFiPAFLayer::Init()[0m
[0;34m[2524608000.287] [15489:15489] [IN] UDP::Init bind&listen port=0[0m
[0;34m[2524608000.287] [15489:15489] [IN] UDP::Init bound to port=44157[0m
[0;34m[2524608000.287] [15489:15489] [IN] UDP::Init bind&listen port=0[0m
[0;34m[2524608000.287] [15489:15489] [IN] UDP::Init bound to port=56176[0m
[0;34m[2524608000.287] [15489:15489] [IN] BLEBase::Init - setting/overriding transport[0m
[0;34m[2524608000.287] [15489:15489] [IN] WiFiPAFBase::Init - setting/overriding transport[0m
[0;34m[2524608000.287] [15489:15489] [IN] TransportMgr initialized[0m
[0;34m[2524608000.287] [15489:15489] [FP] Initializing FabricTable from persistent storage[0m
[0;32m[2524608000.287] [15489:15489] [TS] Last Known Good Time: 2023-10-14T01:16:48[0m
[0;32m[2524608000.287] [15489:15489] [FP] Fabric index 0x1 was retrieved from storage. Compressed FabricId 0x794F570EFB4EB27C, FabricId 0x0000000000000001, NodeId 0x000000000001B669, VendorId 0xFFF1[0m
[0;32m[2524608000.290] [15489:15489] [DMG] Ember attribute persistence requires setting up[0m
[0;32m[2524608000.290] [15489:15489] [ZCL] Using ZAP configuration...[0m
[0;34m[2524608000.290] [15489:15489] [CTL] System State Initialized...[0m
[0;32m[2524608000.290] [15489:15489] [CTL] Setting attestation nonce to random value[0m
[0;32m[2524608000.290] [15489:15489] [CTL] Setting CSR nonce to random value[0m
[0;34m[2524608000.290] [15489:15498] [DL] CHIP task running[0m
[0;32m[2524608000.290] [15489:15498] [CTL] Setting attestation nonce to random value[0m
[0;32m[2524608000.290] [15489:15498] [CTL] Setting CSR nonce to random value[0m
[0;32m[2524608000.290] [15489:15498] [CTL] Generating NOC[0m
[0;32m[2524608000.290] [15489:15498] [FP] Validating NOC chain[0m
[0;32m[2524608000.291] [15489:15498] [FP] NOC chain validation successful[0m
[0;32m[2524608000.291] [15489:15498] [FP] Updated fabric at index: 0x1, Node ID: 0x000000000001B669[0m
[0;32m[2524608000.291] [15489:15498] [TS] Last Known Good Time: 2023-10-14T01:16:48[0m
[0;32m[2524608000.291] [15489:15498] [TS] New proposed Last Known Good Time: 2021-01-01T00:00:00[0m
[0;32m[2524608000.291] [15489:15498] [TS] Retaining current Last Known Good Time[0m
[0;32m[2524608000.302] [15489:15498] [FP] Metadata for Fabric 0x1 persisted to storage.[0m
[0;32m[2524608000.314] [15489:15498] [TS] Committing Last Known Good Time to storage: 2023-10-14T01:16:48[0m
[0;32m[2524608000.316] [15489:15498] [CTL] Joined the fabric at index 1. Fabric ID is 0x0000000000000001 (Compressed Fabric ID: 794F570EFB4EB27C)[0m
[0;32m[2524608000.348] [15489:15498] [TOO] Sending command to node 0x1[0m
[0;34m[2524608000.348] [15489:15498] [CSM] FindOrEstablishSession: PeerId = [1:0000000000000001][0m
[0;34m[2524608000.348] [15489:15498] [CSM] FindOrEstablishSession: No existing OperationalSessionSetup instance found[0m
[0;34m[2524608000.348] [15489:15498] [DIS] OperationalSessionSetup[1:0000000000000001]: State change 1 --> 2[0m
[0;32m[2524608000.372] [15489:15498] [DIS] Lookup started for 794F570EFB4EB27C-0000000000000001[0m
[0;32m[2524608000.372] [15489:15498] [DIS] UDP:[fe80::bfe:a203:38f0:bce7%enp0s3]:5540: new best score: 7 (for 794F570EFB4EB27C-0000000000000001)[0m
[0;34m[2524608000.372] [15489:15498] [DIS] Lookup clearing interface for non LL address[0m
[0;32m[2524608000.372] [15489:15498] [DIS] UDP:10.0.2.15%enp0s3:5540: new best score: 2 (for 794F570EFB4EB27C-0000000000000001)[0m
[0;32m[2524608000.372] [15489:15498] [DIS] Checking node lookup status for 794F570EFB4EB27C-0000000000000001 after 23 ms[0m
[0;32m[2524608000.372] [15489:15498] [DIS] Keeping DNSSD lookup active[0m
[0;32m[2524608000.372] [15489:15498] [DIS] UDP:[fe80::bfe:a203:38f0:bce7%enp0s3]:5540: score has not improved: 7 (for 794F570EFB4EB27C-0000000000000001)[0m
[0;34m[2524608000.372] [15489:15498] [DIS] Lookup clearing interface for non LL address[0m
[0;32m[2524608000.372] [15489:15498] [DIS] UDP:10.0.2.15%enp0s3:5540: score has not improved: 2 (for 794F570EFB4EB27C-0000000000000001)[0m
[0;32m[2524608000.372] [15489:15498] [DIS] Checking node lookup status for 794F570EFB4EB27C-0000000000000001 after 23 ms[0m
[0;32m[2524608000.372] [15489:15498] [DIS] Keeping DNSSD lookup active[0m
[0;32m[2524608000.553] [15489:15498] [DIS] Checking node lookup status for 794F570EFB4EB27C-0000000000000001 after 201 ms[0m
[0;34m[2524608000.553] [15489:15498] [DIS] OperationalSessionSetup[1:0000000000000001]: Updating device address to UDP:[fe80::bfe:a203:38f0:bce7%enp0s3]:5540 while in state 2[0m
[0;34m[2524608000.553] [15489:15498] [DIS] OperationalSessionSetup[1:0000000000000001]: State change 2 --> 3[0m
[0;34m[2524608000.553] [15489:15498] [IN] SecureSession[0x730580009cd0]: Allocated Type:2 LSID:58845[0m
[0;32m[2524608000.553] [15489:15498] [SC] Initiating session on local FabricIndex 1 from 0x000000000001B669 -> 0x0000000000000001[0m
[0;32m[2524608000.553] [15489:15498] [EM] <<< [E:37356i S:0 M:56292254] (U) Msg TX from 27FBC6904FAD8233 to 0:0000000000000000 [0000] [UDP:[fe80::bfe:a203:38f0:bce7%enp0s3]:5540] --- Type 0000:30 (SecureChannel:CASE_Sigma1) (B:196)[0m
[0;32m[2524608000.553] [15489:15498] [EM] ??1 [E:37356i S:0 M:56292254] (U) Msg Retransmission to 0:0000000000000000 scheduled for 584ms from now [State:Idle II:500 AI:300 AT:4000][0m
[0;32m[2524608000.553] [15489:15498] [SC] Sent Sigma1 msg to <0000000000000001, 1> [II:500ms AI:300ms AT:4000ms][0m
[0;34m[2524608000.553] [15489:15498] [DIS] OperationalSessionSetup[1:0000000000000001]: State change 3 --> 4[0m
[0;32m[2524608000.560] [15489:15498] [EM] >>> [E:37356i S:0 M:90437609 (Ack:56292254)] (U) Msg RX from 0:0000000000000000 [0000] to 27FBC6904FAD8233 --- Type 0000:31 (SecureChannel:CASE_Sigma2) (B:751)[0m
[0;34m[2524608000.560] [15489:15498] [EM] Found matching exchange: 37356i, Delegate: 0x73058000b8e8[0m
[0;34m[2524608000.560] [15489:15498] [EM] Rxd Ack; Removing MessageCounter:56292254 from Retrans Table on exchange 37356i[0m
[0;32m[2524608000.560] [15489:15498] [SC] Received Sigma2 msg[0m
[0;34m[2524608000.560] [15489:15498] [SC] Found MRP parameters in the message[0m
[0;34m[2524608000.574] [15489:15498] [SC] Certificate's mNotAfterTime (978134400) is before current time (1577923200)[0m
[0;34m[2524608000.574] [15489:15498] [SC] Sending status report. Protocol code 2, exchange 37356[0m
[0;32m[2524608000.574] [15489:15498] [EM] <<< [E:37356i S:0 M:56292255 (Ack:90437609)] (U) Msg TX from 27FBC6904FAD8233 to 0:0000000000000000 [0000] [UDP:[fe80::bfe:a203:38f0:bce7%enp0s3]:5540] --- Type 0000:40 (SecureChannel:StatusReport) (B:34)[0m
[0;32m[2524608000.577] [15489:15498] [EM] ??1 [E:37356i S:0 M:56292255] (U) Msg Retransmission to 0:0000000000000000 scheduled for 398ms from now [State:Active II:500 AI:300 AT:4000][0m
[0;34m[2524608000.577] [15489:15498] [IN] SecureSession[0x730580009cd0]: Released - Type:2 LSID:58845[0m
[1;31m[2524608000.577] [15489:15498] [-] src/credentials/CHIPCert.cpp:1481: CHIP Error 0x0000004E: Certificate expired at examples/chip-tool/commands/clusters/ModelCommand.cpp:67[0m
[0;32m[2524608000.583] [15489:15498] [EM] >>> [E:37356i S:0 M:90437610 (Ack:56292255)] (U) Msg RX from 0:0000000000000000 [0000] to 27FBC6904FAD8233 --- Type 0000:10 (SecureChannel:StandaloneAck) (B:26)[0m
[0;34m[2524608000.583] [15489:15498] [EM] Found matching exchange: 37356i, Delegate: (nil)[0m
[0;34m[2524608000.583] [15489:15498] [EM] Rxd Ack; Removing MessageCounter:56292255 from Retrans Table on exchange 37356i[0m
[0;34m[2524608000.588] [15489:15489] [CTL] Shutting down the commissioner[0m
[0;32m[2524608000.589] [15489:15489] [PAF] WiFiPAF: Closing all WiFiPAF sessions to shutdown[0m
[0;34m[2524608000.589] [15489:15489] [CTL] Shutting down the controller[0m
[0;34m[2524608000.589] [15489:15489] [IN] Expiring all sessions for fabric 0x1!![0m
[0;32m[2524608000.589] [15489:15489] [FP] Forgetting fabric 0x1[0m
[0;32m[2524608000.589] [15489:15489] [TS] Pending Last Known Good Time: 2023-10-14T01:16:48[0m
[0;32m[2524608000.590] [15489:15489] [TS] Previous Last Known Good Time: 2023-10-14T01:16:48[0m
[0;32m[2524608000.590] [15489:15489] [TS] Reverted Last Known Good Time to previous value[0m
[0;34m[2524608000.590] [15489:15489] [CTL] Shutting down the commissioner[0m
[0;32m[2524608000.590] [15489:15489] [PAF] WiFiPAF: Closing all WiFiPAF sessions to shutdown[0m
[0;34m[2524608000.590] [15489:15489] [CTL] Shutting down the controller[0m
[0;34m[2524608000.590] [15489:15489] [CTL] Shutting down the System State, this will teardown the CHIP Stack[0m
[0;34m[2524608000.590] [15489:15489] [DMG] All ReadHandler-s are clean, clear GlobalDirtySet[0m
[0;32m[2524608000.590] [15489:15489] [FP] Shutting down FabricTable[0m
[0;32m[2524608000.590] [15489:15489] [TS] Pending Last Known Good Time: 2023-10-14T01:16:48[0m
[0;32m[2524608000.590] [15489:15489] [TS] Previous Last Known Good Time: 2023-10-14T01:16:48[0m
[0;32m[2524608000.590] [15489:15489] [TS] Reverted Last Known Good Time to previous value[0m
[0;34m[2524608000.620] [15489:15489] [DL] Wrote settings to /tmp/chip_counters.ini[0m
[0;32m[2524608000.620] [15489:15489] [DL] NVS set: chip-counters/total-operational-hours = 0 (0x0)[0m
[0;32m[2524608000.620] [15489:15489] [DL] Inet Layer shutdown[0m
[0;32m[2524608000.620] [15489:15489] [DL] BLE Layer shutdown[0m
[0;32m[2524608000.620] [15489:15489] [DL] WiFi-PAF Layer shutdown[0m
[0;32m[2524608000.620] [15489:15489] [PAF] WiFiPAF: Closing all WiFiPAF sessions to shutdown[0m
[0;32m[2524608000.620] [15489:15489] [DL] System Layer shutdown[0m
[1;31m[2524608000.621] [15489:15489] [TOO] Run command failure: src/credentials/CHIPCert.cpp:1481: CHIP Error 0x0000004E: Certificate expired[0m
