[0;34m[1784654688.702] [5709:5709] [DL] ChipLinuxStorage::Init: Using KVS config file: /tmp/chip_tool_kvs[0m
[1;31m[1784654688.703] [5709:5709] [DL] ChipLinuxStorage::Init: Attempt to re-initialize with KVS config file: /tmp/chip_kvs, IGNORING.[0m
[0;34m[1784654688.704] [5709:5709] [DL] ChipLinuxStorage::Init: Using KVS config file: /tmp/chip_factory.ini[0m
[0;34m[1784654688.704] [5709:5709] [DL] ChipLinuxStorage::Init: Using KVS config file: /tmp/chip_config.ini[0m
[0;34m[1784654688.704] [5709:5709] [DL] ChipLinuxStorage::Init: Using KVS config file: /tmp/chip_counters.ini[0m
[0;34m[1784654688.708] [5709:5709] [DL] Wrote settings to /tmp/chip_counters.ini[0m
[0;32m[1784654688.708] [5709:5709] [DL] NVS set: chip-counters/reboot-count = 3 (0x3)[0m
[0;32m[1784654688.708] [5709:5709] [DL] Got Ethernet interface: enp0s3[0m
[0;32m[1784654688.708] [5709:5709] [DL] Found the primary Ethernet interface:enp0s3[0m
[1;31m[1784654688.708] [5709:5709] [DL] Failed to get WiFi interface[0m
[1;31m[1784654688.708] [5709:5709] [DL] Failed to reset WiFi statistic counts[0m
[0;32m[1784654688.708] [5709:5709] [PAF] WiFiPAF: WiFiPAFLayer::Init()[0m
[0;34m[1784654688.708] [5709:5709] [IN] UDP::Init bind&listen port=0[0m
[0;34m[1784654688.708] [5709:5709] [IN] UDP::Init bound to port=55616[0m
[0;34m[1784654688.708] [5709:5709] [IN] UDP::Init bind&listen port=0[0m
[0;34m[1784654688.708] [5709:5709] [IN] UDP::Init bound to port=60988[0m
[0;34m[1784654688.708] [5709:5709] [IN] BLEBase::Init - setting/overriding transport[0m
[0;34m[1784654688.708] [5709:5709] [IN] WiFiPAFBase::Init - setting/overriding transport[0m
[0;34m[1784654688.708] [5709:5709] [IN] TransportMgr initialized[0m
[0;34m[1784654688.708] [5709:5709] [FP] Initializing FabricTable from persistent storage[0m
[0;32m[1784654688.708] [5709:5709] [TS] Last Known Good Time: 2023-10-14T01:16:48[0m
[0;32m[1784654688.708] [5709:5709] [FP] Fabric index 0x1 was retrieved from storage. Compressed FabricId 0x38B9F98381A3AA42, FabricId 0x0000000000000001, NodeId 0x000000000001B669, VendorId 0xFFF1[0m
[0;32m[1784654688.710] [5709:5709] [DMG] Ember attribute persistence requires setting up[0m
[0;32m[1784654688.710] [5709:5709] [ZCL] Using ZAP configuration...[0m
[0;34m[1784654688.710] [5709:5709] [CTL] System State Initialized...[0m
[0;32m[1784654688.710] [5709:5709] [CTL] Setting attestation nonce to random value[0m
[0;32m[1784654688.710] [5709:5709] [CTL] Setting CSR nonce to random value[0m
[0;34m[1784654688.710] [5709:5711] [DL] CHIP task running[0m
[0;32m[1784654688.710] [5709:5711] [CTL] Setting attestation nonce to random value[0m
[0;32m[1784654688.710] [5709:5711] [CTL] Setting CSR nonce to random value[0m
[0;32m[1784654688.710] [5709:5711] [CTL] Generating NOC[0m
[0;32m[1784654688.710] [5709:5711] [FP] Validating NOC chain[0m
[0;32m[1784654688.711] [5709:5711] [FP] NOC chain validation successful[0m
[0;32m[1784654688.711] [5709:5711] [FP] Updated fabric at index: 0x1, Node ID: 0x000000000001B669[0m
[0;32m[1784654688.711] [5709:5711] [TS] Last Known Good Time: 2023-10-14T01:16:48[0m
[0;32m[1784654688.711] [5709:5711] [TS] New proposed Last Known Good Time: 2021-01-01T00:00:00[0m
[0;32m[1784654688.711] [5709:5711] [TS] Retaining current Last Known Good Time[0m
[0;32m[1784654688.713] [5709:5711] [FP] Metadata for Fabric 0x1 persisted to storage.[0m
[0;32m[1784654688.714] [5709:5711] [TS] Committing Last Known Good Time to storage: 2023-10-14T01:16:48[0m
[0;32m[1784654688.715] [5709:5711] [CTL] Joined the fabric at index 1. Fabric ID is 0x0000000000000001 (Compressed Fabric ID: 38B9F98381A3AA42)[0m
[0;32m[1784654688.719] [5709:5711] [TOO] Sending command to node 0x1[0m
[0;34m[1784654688.720] [5709:5711] [CSM] FindOrEstablishSession: PeerId = [1:0000000000000001][0m
[0;34m[1784654688.720] [5709:5711] [CSM] FindOrEstablishSession: No existing OperationalSessionSetup instance found[0m
[0;34m[1784654688.720] [5709:5711] [DIS] OperationalSessionSetup[1:0000000000000001]: State change 1 --> 2[0m
[0;32m[1784654688.720] [5709:5711] [DIS] Lookup started for 38B9F98381A3AA42-0000000000000001[0m
[0;32m[1784654688.720] [5709:5711] [DIS] UDP:[fe80::bfe:a203:38f0:bce7%enp0s3]:5540: new best score: 7 (for 38B9F98381A3AA42-0000000000000001)[0m
[0;34m[1784654688.720] [5709:5711] [DIS] Lookup clearing interface for non LL address[0m
[0;32m[1784654688.720] [5709:5711] [DIS] UDP:10.0.2.15%enp0s3:5540: new best score: 2 (for 38B9F98381A3AA42-0000000000000001)[0m
[0;32m[1784654688.720] [5709:5711] [DIS] Checking node lookup status for 38B9F98381A3AA42-0000000000000001 after 1 ms[0m
[0;32m[1784654688.720] [5709:5711] [DIS] Keeping DNSSD lookup active[0m
[0;32m[1784654688.720] [5709:5711] [DIS] UDP:[fe80::bfe:a203:38f0:bce7%enp0s3]:5540: score has not improved: 7 (for 38B9F98381A3AA42-0000000000000001)[0m
[0;34m[1784654688.720] [5709:5711] [DIS] Lookup clearing interface for non LL address[0m
[0;32m[1784654688.720] [5709:5711] [DIS] UDP:10.0.2.15%enp0s3:5540: score has not improved: 2 (for 38B9F98381A3AA42-0000000000000001)[0m
[0;32m[1784654688.720] [5709:5711] [DIS] Checking node lookup status for 38B9F98381A3AA42-0000000000000001 after 1 ms[0m
[0;32m[1784654688.720] [5709:5711] [DIS] Keeping DNSSD lookup active[0m
[0;32m[1784654688.921] [5709:5711] [DIS] Checking node lookup status for 38B9F98381A3AA42-0000000000000001 after 201 ms[0m
[0;34m[1784654688.921] [5709:5711] [DIS] OperationalSessionSetup[1:0000000000000001]: Updating device address to UDP:[fe80::bfe:a203:38f0:bce7%enp0s3]:5540 while in state 2[0m
[0;34m[1784654688.921] [5709:5711] [DIS] OperationalSessionSetup[1:0000000000000001]: State change 2 --> 3[0m
[0;34m[1784654688.921] [5709:5711] [IN] SecureSession[0x715f1c009cd0]: Allocated Type:2 LSID:1842[0m
[0;32m[1784654688.921] [5709:5711] [SC] Initiating session on local FabricIndex 1 from 0x000000000001B669 -> 0x0000000000000001[0m
[0;32m[1784654688.921] [5709:5711] [EM] <<< [E:53144i S:0 M:233846615] (U) Msg TX from 5FCCAE95803C8E99 to 0:0000000000000000 [0000] [UDP:[fe80::bfe:a203:38f0:bce7%enp0s3]:5540] --- Type 0000:30 (SecureChannel:CASE_Sigma1) (B:196)[0m
[0;32m[1784654688.922] [5709:5711] [EM] ??1 [E:53144i S:0 M:233846615] (U) Msg Retransmission to 0:0000000000000000 scheduled for 663ms from now [State:Idle II:500 AI:300 AT:4000][0m
[0;32m[1784654688.923] [5709:5711] [SC] Sent Sigma1 msg to <0000000000000001, 1> [II:500ms AI:300ms AT:4000ms][0m
[0;34m[1784654688.923] [5709:5711] [DIS] OperationalSessionSetup[1:0000000000000001]: State change 3 --> 4[0m
[0;32m[1784654688.923] [5709:5711] [EM] >>> [E:53144i S:0 M:172144319 (Ack:233846615)] (U) Msg RX from 0:0000000000000000 [0000] to 5FCCAE95803C8E99 --- Type 0000:31 (SecureChannel:CASE_Sigma2) (B:751)[0m
[0;34m[1784654688.923] [5709:5711] [EM] Found matching exchange: 53144i, Delegate: 0x715f1c00b8e8[0m
[0;34m[1784654688.923] [5709:5711] [EM] Rxd Ack; Removing MessageCounter:233846615 from Retrans Table on exchange 53144i[0m
[0;32m[1784654688.923] [5709:5711] [SC] Received Sigma2 msg[0m
[0;34m[1784654688.923] [5709:5711] [SC] Found MRP parameters in the message[0m
[0;34m[1784654688.923] [5709:5711] [SC] Peer <0000000000000001, 1> assigned session ID 38184[0m
[0;34m[1784654688.923] [5709:5711] [SC] Sending Sigma3[0m
[0;32m[1784654688.924] [5709:5711] [EM] <<< [E:53144i S:0 M:233846616 (Ack:172144319)] (U) Msg TX from 5FCCAE95803C8E99 to 0:0000000000000000 [0000] [UDP:[fe80::bfe:a203:38f0:bce7%enp0s3]:5540] --- Type 0000:32 (SecureChannel:CASE_Sigma3) (B:598)[0m
[0;32m[1784654688.924] [5709:5711] [EM] ??1 [E:53144i S:0 M:233846616] (U) Msg Retransmission to 0:0000000000000000 scheduled for 382ms from now [State:Active II:500 AI:300 AT:4000][0m
[0;32m[1784654688.924] [5709:5711] [SC] Sent Sigma3 msg[0m
[0;32m[1784654688.933] [5709:5711] [EM] >>> [E:53144i S:0 M:172144320 (Ack:233846616)] (U) Msg RX from 0:0000000000000000 [0000] to 5FCCAE95803C8E99 --- Type 0000:40 (SecureChannel:StatusReport) (B:34)[0m
[0;34m[1784654688.933] [5709:5711] [EM] Found matching exchange: 53144i, Delegate: 0x715f1c00b8e8[0m
[0;34m[1784654688.933] [5709:5711] [EM] Rxd Ack; Removing MessageCounter:233846616 from Retrans Table on exchange 53144i[0m
[0;32m[1784654688.933] [5709:5711] [SC] Success status report received. Session was established[0m
[0;32m[1784654688.935] [5709:5711] [SC] SecureSession[0x715f1c009cd0, LSID:1842]: State change 'kEstablishing' --> 'kActive'[0m
[0;34m[1784654688.935] [5709:5711] [IN] SecureSession[0x715f1c009cd0]: Activated - Type:2 LSID:1842[0m
[0;34m[1784654688.935] [5709:5711] [IN] New secure session activated for device <0000000000000001, 1>, LSID:1842 PSID:38184![0m
[0;34m[1784654688.935] [5709:5711] [DIS] OperationalSessionSetup[1:0000000000000001]: State change 4 --> 5[0m
[0;32m[1784654688.935] [5709:5711] [TOO] Sending cluster (0x00000030) command (0x00000000) on endpoint 0[0m
[0;34m[1784654688.935] [5709:5711] [DMG] ICR moving to [AddingComm][0m
[0;34m[1784654688.935] [5709:5711] [DMG] ICR moving to [AddedComma][0m
[0;32m[1784654688.935] [5709:5711] [EM] <<< [E:53145i S:1842 M:202611204] (S) Msg TX from 000000000001B669 to 1:0000000000000001 [AA42] [UDP:[fe80::bfe:a203:38f0:bce7%enp0s3]:5540] --- Type 0001:08 (IM:InvokeCommandRequest) (B:65)[0m
[0;32m[1784654688.935] [5709:5711] [EM] ??1 [E:53145i S:1842 M:202611204] (S) Msg Retransmission to 1:0000000000000001 scheduled for 407ms from now [State:Active II:500 AI:300 AT:4000][0m
[0;34m[1784654688.935] [5709:5711] [DMG] ICR moving to [AwaitingRe][0m
[0;32m[1784654688.935] [5709:5711] [EM] <<< [E:53144i S:0 M:233846617 (Ack:172144320)] (U) Msg TX from 5FCCAE95803C8E99 to 0:0000000000000000 [0000] [UDP:[fe80::bfe:a203:38f0:bce7%enp0s3]:5540] --- Type 0000:10 (SecureChannel:StandaloneAck) (B:26)[0m
[0;34m[1784654688.935] [5709:5711] [EM] Flushed pending ack for MessageCounter:172144320 on exchange 53144i[0m
[0;32m[1784654688.935] [5709:5711] [EM] >>> [E:53145i S:1842 M:1114832 (Ack:202611204)] (S) Msg RX from 1:0000000000000001 [AA42] to 000000000001B669 --- Type 0001:09 (IM:InvokeCommandResponse) (B:70)[0m
[0;34m[1784654688.935] [5709:5711] [EM] Found matching exchange: 53145i, Delegate: 0x715f1c00eef8[0m
[0;34m[1784654688.935] [5709:5711] [EM] Rxd Ack; Removing MessageCounter:202611204 from Retrans Table on exchange 53145i[0m
[0;34m[1784654688.935] [5709:5711] [DMG] ICR moving to [ResponseRe][0m
[0;34m[1784654688.935] [5709:5711] [DMG] InvokeResponseMessage =[0m
[0;34m[1784654688.935] [5709:5711] [DMG] {[0m
[0;34m[1784654688.935] [5709:5711] [DMG] 	suppressResponse = false, [0m
[0;34m[1784654688.935] [5709:5711] [DMG] 	InvokeResponseIBs =[0m
[0;34m[1784654688.935] [5709:5711] [DMG] 	[[0m
[0;34m[1784654688.935] [5709:5711] [DMG] 		InvokeResponseIB =[0m
[0;34m[1784654688.935] [5709:5711] [DMG] 		{[0m
[0;34m[1784654688.935] [5709:5711] [DMG] 			CommandDataIB =[0m
[0;34m[1784654688.935] [5709:5711] [DMG] 			{[0m
[0;34m[1784654688.935] [5709:5711] [DMG] 				CommandPathIB =[0m
[0;34m[1784654688.935] [5709:5711] [DMG] 				{[0m
[0;34m[1784654688.935] [5709:5711] [DMG] 					EndpointId = 0x0,[0m
[0;34m[1784654688.935] [5709:5711] [DMG] 					ClusterId = 0x30,[0m
[0;34m[1784654688.935] [5709:5711] [DMG] 					CommandId = 0x1,[0m
[0;34m[1784654688.935] [5709:5711] [DMG] 				},[0m
[0;34m[1784654688.935] [5709:5711] [DMG] 				[0m
[0;34m[1784654688.935] [5709:5711] [DMG] 				CommandFields = [0m
[0;34m[1784654688.935] [5709:5711] [DMG] 				{[0m
[0;34m[1784654688.935] [5709:5711] [DMG] 					0x0 = 0 (unsigned), [0m
[0;34m[1784654688.935] [5709:5711] [DMG] 					0x1 = "" (0 chars), [0m
[0;34m[1784654688.935] [5709:5711] [DMG] 				},[0m
[0;34m[1784654688.935] [5709:5711] [DMG] 			},[0m
[0;34m[1784654688.935] [5709:5711] [DMG] 			[0m
[0;34m[1784654688.935] [5709:5711] [DMG] 		},[0m
[0;34m[1784654688.935] [5709:5711] [DMG] 		[0m
[0;34m[1784654688.935] [5709:5711] [DMG] 	],[0m
[0;34m[1784654688.935] [5709:5711] [DMG] 	[0m
[0;34m[1784654688.935] [5709:5711] [DMG] 	InteractionModelRevision = 12[0m
[0;34m[1784654688.935] [5709:5711] [DMG] },[0m
[0;32m[1784654688.935] [5709:5711] [DMG] Received Command Response Data, Endpoint=0 Cluster=0x0000_0030 Command=0x0000_0001[0m
[0;32m[1784654688.936] [5709:5711] [TOO] Endpoint: 0 Cluster: 0x0000_0030 Command 0x0000_0001[0m
[0;32m[1784654688.936] [5709:5711] [TOO]   ArmFailSafeResponse: {[0m
[0;32m[1784654688.936] [5709:5711] [TOO]     errorCode: 0[0m
[0;32m[1784654688.936] [5709:5711] [TOO]     debugText: [0m
[0;32m[1784654688.936] [5709:5711] [TOO]    }[0m
[0;34m[1784654688.936] [5709:5711] [DMG] ICR moving to [AwaitingDe][0m
[0;32m[1784654688.936] [5709:5711] [EM] <<< [E:53145i S:1842 M:202611205 (Ack:1114832)] (S) Msg TX from 000000000001B669 to 1:0000000000000001 [AA42] [UDP:[fe80::bfe:a203:38f0:bce7%enp0s3]:5540] --- Type 0000:10 (SecureChannel:StandaloneAck) (B:34)[0m
[0;34m[1784654688.936] [5709:5711] [EM] Flushed pending ack for MessageCounter:1114832 on exchange 53145i[0m
[0;34m[1784654688.936] [5709:5709] [CTL] Shutting down the commissioner[0m
[0;32m[1784654688.936] [5709:5709] [PAF] WiFiPAF: Closing all WiFiPAF sessions to shutdown[0m
[0;34m[1784654688.936] [5709:5709] [CTL] Shutting down the controller[0m
[0;34m[1784654688.936] [5709:5709] [IN] Expiring all sessions for fabric 0x1!![0m
[0;34m[1784654688.936] [5709:5709] [IN] SecureSession[0x715f1c009cd0]: MarkForEviction Type:2 LSID:1842[0m
[0;32m[1784654688.936] [5709:5709] [SC] SecureSession[0x715f1c009cd0, LSID:1842]: State change 'kActive' --> 'kPendingEviction'[0m
[0;34m[1784654688.936] [5709:5709] [IN] SecureSession[0x715f1c009cd0]: Released - Type:2 LSID:1842[0m
[0;32m[1784654688.936] [5709:5709] [FP] Forgetting fabric 0x1[0m
[0;32m[1784654688.936] [5709:5709] [TS] Pending Last Known Good Time: 2023-10-14T01:16:48[0m
[0;32m[1784654688.936] [5709:5709] [TS] Previous Last Known Good Time: 2023-10-14T01:16:48[0m
[0;32m[1784654688.936] [5709:5709] [TS] Reverted Last Known Good Time to previous value[0m
[0;34m[1784654688.936] [5709:5709] [CTL] Shutting down the commissioner[0m
[0;32m[1784654688.936] [5709:5709] [PAF] WiFiPAF: Closing all WiFiPAF sessions to shutdown[0m
[0;34m[1784654688.936] [5709:5709] [CTL] Shutting down the controller[0m
[0;34m[1784654688.936] [5709:5709] [CTL] Shutting down the System State, this will teardown the CHIP Stack[0m
[0;34m[1784654688.936] [5709:5709] [DMG] All ReadHandler-s are clean, clear GlobalDirtySet[0m
[0;32m[1784654688.936] [5709:5709] [FP] Shutting down FabricTable[0m
[0;32m[1784654688.936] [5709:5709] [TS] Pending Last Known Good Time: 2023-10-14T01:16:48[0m
[0;32m[1784654688.936] [5709:5709] [TS] Previous Last Known Good Time: 2023-10-14T01:16:48[0m
[0;32m[1784654688.936] [5709:5709] [TS] Reverted Last Known Good Time to previous value[0m
[0;34m[1784654688.938] [5709:5709] [DL] Wrote settings to /tmp/chip_counters.ini[0m
[0;32m[1784654688.938] [5709:5709] [DL] NVS set: chip-counters/total-operational-hours = 0 (0x0)[0m
[0;32m[1784654688.938] [5709:5709] [DL] Inet Layer shutdown[0m
[0;32m[1784654688.938] [5709:5709] [DL] BLE Layer shutdown[0m
[0;32m[1784654688.938] [5709:5709] [DL] WiFi-PAF Layer shutdown[0m
[0;32m[1784654688.938] [5709:5709] [PAF] WiFiPAF: Closing all WiFiPAF sessions to shutdown[0m
[0;32m[1784654688.938] [5709:5709] [DL] System Layer shutdown[0m
