[0;34m[2524608000.110] [17092:17092] [DL] ChipLinuxStorage::Init: Using KVS config file: /tmp/chip_tool_kvs[0m
[1;31m[2524608000.111] [17092:17092] [DL] ChipLinuxStorage::Init: Attempt to re-initialize with KVS config file: /tmp/chip_kvs, IGNORING.[0m
[0;34m[2524608000.113] [17092:17092] [DL] ChipLinuxStorage::Init: Using KVS config file: /tmp/chip_factory.ini[0m
[0;34m[2524608000.113] [17092:17092] [DL] ChipLinuxStorage::Init: Using KVS config file: /tmp/chip_config.ini[0m
[0;34m[2524608000.113] [17092:17092] [DL] ChipLinuxStorage::Init: Using KVS config file: /tmp/chip_counters.ini[0m
[0;34m[2524608000.118] [17092:17092] [DL] Wrote settings to /tmp/chip_counters.ini[0m
[0;32m[2524608000.118] [17092:17092] [DL] NVS set: chip-counters/reboot-count = 4 (0x4)[0m
[0;32m[2524608000.118] [17092:17092] [DL] Got Ethernet interface: enp0s3[0m
[0;32m[2524608000.118] [17092:17092] [DL] Found the primary Ethernet interface:enp0s3[0m
[1;31m[2524608000.118] [17092:17092] [DL] Failed to get WiFi interface[0m
[1;31m[2524608000.118] [17092:17092] [DL] Failed to reset WiFi statistic counts[0m
[0;32m[2524608000.118] [17092:17092] [PAF] WiFiPAF: WiFiPAFLayer::Init()[0m
[0;34m[2524608000.118] [17092:17092] [IN] UDP::Init bind&listen port=0[0m
[0;34m[2524608000.118] [17092:17092] [IN] UDP::Init bound to port=44210[0m
[0;34m[2524608000.118] [17092:17092] [IN] UDP::Init bind&listen port=0[0m
[0;34m[2524608000.118] [17092:17092] [IN] UDP::Init bound to port=50655[0m
[0;34m[2524608000.118] [17092:17092] [IN] BLEBase::Init - setting/overriding transport[0m
[0;34m[2524608000.118] [17092:17092] [IN] WiFiPAFBase::Init - setting/overriding transport[0m
[0;34m[2524608000.118] [17092:17092] [IN] TransportMgr initialized[0m
[0;34m[2524608000.118] [17092:17092] [FP] Initializing FabricTable from persistent storage[0m
[0;32m[2524608000.118] [17092:17092] [TS] Last Known Good Time: 2023-10-14T01:16:48[0m
[0;32m[2524608000.119] [17092:17092] [FP] Fabric index 0x1 was retrieved from storage. Compressed FabricId 0x8352D812F2629208, FabricId 0x0000000000000001, NodeId 0x000000000001B669, VendorId 0xFFF1[0m
[0;32m[2524608000.120] [17092:17092] [DMG] Ember attribute persistence requires setting up[0m
[0;32m[2524608000.120] [17092:17092] [ZCL] Using ZAP configuration...[0m
[0;34m[2524608000.120] [17092:17092] [CTL] System State Initialized...[0m
[0;32m[2524608000.120] [17092:17092] [CTL] Setting attestation nonce to random value[0m
[0;32m[2524608000.120] [17092:17092] [CTL] Setting CSR nonce to random value[0m
[0;34m[2524608000.120] [17092:17108] [DL] CHIP task running[0m
[0;32m[2524608000.120] [17092:17108] [CTL] Setting attestation nonce to random value[0m
[0;32m[2524608000.120] [17092:17108] [CTL] Setting CSR nonce to random value[0m
[0;32m[2524608000.121] [17092:17108] [CTL] Generating NOC[0m
[0;32m[2524608000.121] [17092:17108] [FP] Validating NOC chain[0m
[0;32m[2524608000.121] [17092:17108] [FP] NOC chain validation successful[0m
[0;32m[2524608000.121] [17092:17108] [FP] Updated fabric at index: 0x1, Node ID: 0x000000000001B669[0m
[0;32m[2524608000.121] [17092:17108] [TS] Last Known Good Time: 2023-10-14T01:16:48[0m
[0;32m[2524608000.121] [17092:17108] [TS] New proposed Last Known Good Time: 2021-01-01T00:00:00[0m
[0;32m[2524608000.121] [17092:17108] [TS] Retaining current Last Known Good Time[0m
[0;32m[2524608000.124] [17092:17108] [FP] Metadata for Fabric 0x1 persisted to storage.[0m
[0;32m[2524608000.125] [17092:17108] [TS] Committing Last Known Good Time to storage: 2023-10-14T01:16:48[0m
[0;32m[2524608000.126] [17092:17108] [CTL] Joined the fabric at index 1. Fabric ID is 0x0000000000000001 (Compressed Fabric ID: 8352D812F2629208)[0m
[0;32m[2524608000.132] [17092:17108] [TOO] Sending command to node 0x1[0m
[0;34m[2524608000.132] [17092:17108] [CSM] FindOrEstablishSession: PeerId = [1:0000000000000001][0m
[0;34m[2524608000.132] [17092:17108] [CSM] FindOrEstablishSession: No existing OperationalSessionSetup instance found[0m
[0;34m[2524608000.132] [17092:17108] [DIS] OperationalSessionSetup[1:0000000000000001]: State change 1 --> 2[0m
[0;32m[2524608000.132] [17092:17108] [DIS] Lookup started for 8352D812F2629208-0000000000000001[0m
[0;32m[2524608000.133] [17092:17108] [DIS] UDP:[fe80::bfe:a203:38f0:bce7%enp0s3]:5540: new best score: 7 (for 8352D812F2629208-0000000000000001)[0m
[0;34m[2524608000.133] [17092:17108] [DIS] Lookup clearing interface for non LL address[0m
[0;32m[2524608000.133] [17092:17108] [DIS] UDP:10.0.2.15%enp0s3:5540: new best score: 2 (for 8352D812F2629208-0000000000000001)[0m
[0;32m[2524608000.133] [17092:17108] [DIS] Checking node lookup status for 8352D812F2629208-0000000000000001 after 1 ms[0m
[0;32m[2524608000.133] [17092:17108] [DIS] Keeping DNSSD lookup active[0m
[0;32m[2524608000.133] [17092:17108] [DIS] UDP:[fe80::bfe:a203:38f0:bce7%enp0s3]:5540: score has not improved: 7 (for 8352D812F2629208-0000000000000001)[0m
[0;34m[2524608000.133] [17092:17108] [DIS] Lookup clearing interface for non LL address[0m
[0;32m[2524608000.133] [17092:17108] [DIS] UDP:10.0.2.15%enp0s3:5540: score has not improved: 2 (for 8352D812F2629208-0000000000000001)[0m
[0;32m[2524608000.133] [17092:17108] [DIS] Checking node lookup status for 8352D812F2629208-0000000000000001 after 1 ms[0m
[0;32m[2524608000.133] [17092:17108] [DIS] Keeping DNSSD lookup active[0m
[0;32m[2524608000.333] [17092:17108] [DIS] Checking node lookup status for 8352D812F2629208-0000000000000001 after 201 ms[0m
[0;34m[2524608000.333] [17092:17108] [DIS] OperationalSessionSetup[1:0000000000000001]: Updating device address to UDP:[fe80::bfe:a203:38f0:bce7%enp0s3]:5540 while in state 2[0m
[0;34m[2524608000.333] [17092:17108] [DIS] OperationalSessionSetup[1:0000000000000001]: State change 2 --> 3[0m
[0;34m[2524608000.333] [17092:17108] [IN] SecureSession[0x7d4dd4009cd0]: Allocated Type:2 LSID:12951[0m
[0;32m[2524608000.333] [17092:17108] [SC] Initiating session on local FabricIndex 1 from 0x000000000001B669 -> 0x0000000000000001[0m
[0;32m[2524608000.333] [17092:17108] [EM] <<< [E:60164i S:0 M:62114766] (U) Msg TX from DE94BEFEAD52FEBC to 0:0000000000000000 [0000] [UDP:[fe80::bfe:a203:38f0:bce7%enp0s3]:5540] --- Type 0000:30 (SecureChannel:CASE_Sigma1) (B:196)[0m
[0;32m[2524608000.334] [17092:17108] [EM] ??1 [E:60164i S:0 M:62114766] (U) Msg Retransmission to 0:0000000000000000 scheduled for 634ms from now [State:Idle II:500 AI:300 AT:4000][0m
[0;32m[2524608000.334] [17092:17108] [SC] Sent Sigma1 msg to <0000000000000001, 1> [II:500ms AI:300ms AT:4000ms][0m
[0;34m[2524608000.334] [17092:17108] [DIS] OperationalSessionSetup[1:0000000000000001]: State change 3 --> 4[0m
[0;32m[2524608000.334] [17092:17108] [EM] >>> [E:60164i S:0 M:150809981 (Ack:62114766)] (U) Msg RX from 0:0000000000000000 [0000] to DE94BEFEAD52FEBC --- Type 0000:31 (SecureChannel:CASE_Sigma2) (B:751)[0m
[0;34m[2524608000.334] [17092:17108] [EM] Found matching exchange: 60164i, Delegate: 0x7d4dd400b8e8[0m
[0;34m[2524608000.334] [17092:17108] [EM] Rxd Ack; Removing MessageCounter:62114766 from Retrans Table on exchange 60164i[0m
[0;32m[2524608000.334] [17092:17108] [SC] Received Sigma2 msg[0m
[0;34m[2524608000.334] [17092:17108] [SC] Found MRP parameters in the message[0m
[0;34m[2524608000.335] [17092:17108] [SC] Certificate's mNotAfterTime (978134400) is before current time (1577923200)[0m
[0;34m[2524608000.335] [17092:17108] [SC] Sending status report. Protocol code 2, exchange 60164[0m
[0;32m[2524608000.335] [17092:17108] [EM] <<< [E:60164i S:0 M:62114767 (Ack:150809981)] (U) Msg TX from DE94BEFEAD52FEBC to 0:0000000000000000 [0000] [UDP:[fe80::bfe:a203:38f0:bce7%enp0s3]:5540] --- Type 0000:40 (SecureChannel:StatusReport) (B:34)[0m
[0;32m[2524608000.335] [17092:17108] [EM] ??1 [E:60164i S:0 M:62114767] (U) Msg Retransmission to 0:0000000000000000 scheduled for 355ms from now [State:Active II:500 AI:300 AT:4000][0m
[0;34m[2524608000.335] [17092:17108] [IN] SecureSession[0x7d4dd4009cd0]: Released - Type:2 LSID:12951[0m
[1;31m[2524608000.335] [17092:17108] [-] src/credentials/CHIPCert.cpp:1481: CHIP Error 0x0000004E: Certificate expired at examples/chip-tool/commands/clusters/ModelCommand.cpp:67[0m
[0;34m[2524608000.336] [17092:17092] [CTL] Shutting down the commissioner[0m
[0;32m[2524608000.336] [17092:17092] [PAF] WiFiPAF: Closing all WiFiPAF sessions to shutdown[0m
[0;34m[2524608000.336] [17092:17092] [CTL] Shutting down the controller[0m
[0;34m[2524608000.336] [17092:17092] [IN] Expiring all sessions for fabric 0x1!![0m
[0;32m[2524608000.336] [17092:17092] [FP] Forgetting fabric 0x1[0m
[0;32m[2524608000.336] [17092:17092] [TS] Pending Last Known Good Time: 2023-10-14T01:16:48[0m
[0;32m[2524608000.336] [17092:17092] [TS] Previous Last Known Good Time: 2023-10-14T01:16:48[0m
[0;32m[2524608000.336] [17092:17092] [TS] Reverted Last Known Good Time to previous value[0m
[0;34m[2524608000.336] [17092:17092] [CTL] Shutting down the commissioner[0m
[0;32m[2524608000.336] [17092:17092] [PAF] WiFiPAF: Closing all WiFiPAF sessions to shutdown[0m
[0;34m[2524608000.336] [17092:17092] [CTL] Shutting down the controller[0m
[0;34m[2524608000.336] [17092:17092] [CTL] Shutting down the System State, this will teardown the CHIP Stack[0m
[0;34m[2524608000.336] [17092:17092] [DMG] All ReadHandler-s are clean, clear GlobalDirtySet[0m
[0;32m[2524608000.336] [17092:17092] [FP] Shutting down FabricTable[0m
[0;32m[2524608000.336] [17092:17092] [TS] Pending Last Known Good Time: 2023-10-14T01:16:48[0m
[0;32m[2524608000.336] [17092:17092] [TS] Previous Last Known Good Time: 2023-10-14T01:16:48[0m
[0;32m[2524608000.336] [17092:17092] [TS] Reverted Last Known Good Time to previous value[0m
[0;34m[2524608000.340] [17092:17092] [DL] Wrote settings to /tmp/chip_counters.ini[0m
[0;32m[2524608000.340] [17092:17092] [DL] NVS set: chip-counters/total-operational-hours = 0 (0x0)[0m
[0;32m[2524608000.340] [17092:17092] [DL] Inet Layer shutdown[0m
[0;32m[2524608000.340] [17092:17092] [DL] BLE Layer shutdown[0m
[0;32m[2524608000.340] [17092:17092] [DL] WiFi-PAF Layer shutdown[0m
[0;32m[2524608000.340] [17092:17092] [PAF] WiFiPAF: Closing all WiFiPAF sessions to shutdown[0m
[0;32m[2524608000.340] [17092:17092] [DL] System Layer shutdown[0m
[1;31m[2524608000.340] [17092:17092] [TOO] Run command failure: src/credentials/CHIPCert.cpp:1481: CHIP Error 0x0000004E: Certificate expired[0m
