[0;34m[1784834305.738] [14281:14281] [DL] ChipLinuxStorage::Init: Using KVS config file: /tmp/chip_tool_kvs[0m
[1;31m[1784834305.739] [14281:14281] [DL] ChipLinuxStorage::Init: Attempt to re-initialize with KVS config file: /tmp/chip_kvs, IGNORING.[0m
[0;34m[1784834305.740] [14281:14281] [DL] ChipLinuxStorage::Init: Using KVS config file: /tmp/chip_factory.ini[0m
[0;34m[1784834305.740] [14281:14281] [DL] ChipLinuxStorage::Init: Using KVS config file: /tmp/chip_config.ini[0m
[0;34m[1784834305.740] [14281:14281] [DL] ChipLinuxStorage::Init: Using KVS config file: /tmp/chip_counters.ini[0m
[0;34m[1784834305.743] [14281:14281] [DL] Wrote settings to /tmp/chip_counters.ini[0m
[0;32m[1784834305.743] [14281:14281] [DL] NVS set: chip-counters/reboot-count = 3 (0x3)[0m
[0;32m[1784834305.743] [14281:14281] [DL] Got Ethernet interface: enp0s3[0m
[0;32m[1784834305.743] [14281:14281] [DL] Found the primary Ethernet interface:enp0s3[0m
[1;31m[1784834305.743] [14281:14281] [DL] Failed to get WiFi interface[0m
[1;31m[1784834305.743] [14281:14281] [DL] Failed to reset WiFi statistic counts[0m
[0;32m[1784834305.743] [14281:14281] [PAF] WiFiPAF: WiFiPAFLayer::Init()[0m
[0;34m[1784834305.743] [14281:14281] [IN] UDP::Init bind&listen port=0[0m
[0;34m[1784834305.743] [14281:14281] [IN] UDP::Init bound to port=43789[0m
[0;34m[1784834305.743] [14281:14281] [IN] UDP::Init bind&listen port=0[0m
[0;34m[1784834305.743] [14281:14281] [IN] UDP::Init bound to port=48719[0m
[0;34m[1784834305.743] [14281:14281] [IN] BLEBase::Init - setting/overriding transport[0m
[0;34m[1784834305.743] [14281:14281] [IN] WiFiPAFBase::Init - setting/overriding transport[0m
[0;34m[1784834305.743] [14281:14281] [IN] TransportMgr initialized[0m
[0;34m[1784834305.743] [14281:14281] [FP] Initializing FabricTable from persistent storage[0m
[0;32m[1784834305.743] [14281:14281] [TS] Last Known Good Time: 2023-10-14T01:16:48[0m
[0;32m[1784834305.744] [14281:14281] [FP] Fabric index 0x1 was retrieved from storage. Compressed FabricId 0x1CDBA9BE37500A47, FabricId 0x0000000000000001, NodeId 0x000000000001B669, VendorId 0xFFF1[0m
[0;32m[1784834305.744] [14281:14281] [DMG] Ember attribute persistence requires setting up[0m
[0;32m[1784834305.744] [14281:14281] [ZCL] Using ZAP configuration...[0m
[0;34m[1784834305.745] [14281:14281] [CTL] System State Initialized...[0m
[0;32m[1784834305.745] [14281:14281] [CTL] Setting attestation nonce to random value[0m
[0;32m[1784834305.745] [14281:14281] [CTL] Setting CSR nonce to random value[0m
[0;34m[1784834305.745] [14281:14283] [DL] CHIP task running[0m
[0;32m[1784834305.745] [14281:14283] [CTL] Setting attestation nonce to random value[0m
[0;32m[1784834305.745] [14281:14283] [CTL] Setting CSR nonce to random value[0m
[0;32m[1784834305.745] [14281:14283] [CTL] Generating NOC[0m
[0;32m[1784834305.745] [14281:14283] [FP] Validating NOC chain[0m
[0;32m[1784834305.746] [14281:14283] [FP] NOC chain validation successful[0m
[0;32m[1784834305.746] [14281:14283] [FP] Updated fabric at index: 0x1, Node ID: 0x000000000001B669[0m
[0;32m[1784834305.746] [14281:14283] [TS] Last Known Good Time: 2023-10-14T01:16:48[0m
[0;32m[1784834305.746] [14281:14283] [TS] New proposed Last Known Good Time: 2021-01-01T00:00:00[0m
[0;32m[1784834305.746] [14281:14283] [TS] Retaining current Last Known Good Time[0m
[0;32m[1784834305.747] [14281:14283] [FP] Metadata for Fabric 0x1 persisted to storage.[0m
[0;32m[1784834305.748] [14281:14283] [TS] Committing Last Known Good Time to storage: 2023-10-14T01:16:48[0m
[0;32m[1784834305.749] [14281:14283] [CTL] Joined the fabric at index 1. Fabric ID is 0x0000000000000001 (Compressed Fabric ID: 1CDBA9BE37500A47)[0m
[0;32m[1784834305.755] [14281:14283] [TOO] Sending command to node 0x1[0m
[0;34m[1784834305.755] [14281:14283] [CSM] FindOrEstablishSession: PeerId = [1:0000000000000001][0m
[0;34m[1784834305.755] [14281:14283] [CSM] FindOrEstablishSession: No existing OperationalSessionSetup instance found[0m
[0;34m[1784834305.755] [14281:14283] [DIS] OperationalSessionSetup[1:0000000000000001]: State change 1 --> 2[0m
[0;32m[1784834305.755] [14281:14283] [DIS] Lookup started for 1CDBA9BE37500A47-0000000000000001[0m
[0;32m[1784834305.755] [14281:14283] [DIS] UDP:[fe80::bfe:a203:38f0:bce7%enp0s3]:5540: new best score: 7 (for 1CDBA9BE37500A47-0000000000000001)[0m
[0;34m[1784834305.755] [14281:14283] [DIS] Lookup clearing interface for non LL address[0m
[0;32m[1784834305.755] [14281:14283] [DIS] UDP:10.0.2.15%enp0s3:5540: new best score: 2 (for 1CDBA9BE37500A47-0000000000000001)[0m
[0;32m[1784834305.755] [14281:14283] [DIS] Checking node lookup status for 1CDBA9BE37500A47-0000000000000001 after 0 ms[0m
[0;32m[1784834305.755] [14281:14283] [DIS] Keeping DNSSD lookup active[0m
[0;32m[1784834305.755] [14281:14283] [DIS] UDP:[fe80::bfe:a203:38f0:bce7%enp0s3]:5540: score has not improved: 7 (for 1CDBA9BE37500A47-0000000000000001)[0m
[0;34m[1784834305.755] [14281:14283] [DIS] Lookup clearing interface for non LL address[0m
[0;32m[1784834305.755] [14281:14283] [DIS] UDP:10.0.2.15%enp0s3:5540: score has not improved: 2 (for 1CDBA9BE37500A47-0000000000000001)[0m
[0;32m[1784834305.755] [14281:14283] [DIS] Checking node lookup status for 1CDBA9BE37500A47-0000000000000001 after 0 ms[0m
[0;32m[1784834305.755] [14281:14283] [DIS] Keeping DNSSD lookup active[0m
[0;32m[1784834305.962] [14281:14283] [DIS] Checking node lookup status for 1CDBA9BE37500A47-0000000000000001 after 207 ms[0m
[0;34m[1784834305.962] [14281:14283] [DIS] OperationalSessionSetup[1:0000000000000001]: Updating device address to UDP:[fe80::bfe:a203:38f0:bce7%enp0s3]:5540 while in state 2[0m
[0;34m[1784834305.962] [14281:14283] [DIS] OperationalSessionSetup[1:0000000000000001]: State change 2 --> 3[0m
[0;34m[1784834305.963] [14281:14283] [IN] SecureSession[0x7d8c08009cd0]: Allocated Type:2 LSID:83[0m
[0;32m[1784834305.963] [14281:14283] [SC] Initiating session on local FabricIndex 1 from 0x000000000001B669 -> 0x0000000000000001[0m
[0;32m[1784834305.963] [14281:14283] [EM] <<< [E:4941i S:0 M:170121266] (U) Msg TX from BBAA28C52279F37A to 0:0000000000000000 [0000] [UDP:[fe80::bfe:a203:38f0:bce7%enp0s3]:5540] --- Type 0000:30 (SecureChannel:CASE_Sigma1) (B:195)[0m
[0;32m[1784834305.964] [14281:14283] [EM] ??1 [E:4941i S:0 M:170121266] (U) Msg Retransmission to 0:0000000000000000 scheduled for 566ms from now [State:Idle II:500 AI:300 AT:4000][0m
[0;32m[1784834305.964] [14281:14283] [SC] Sent Sigma1 msg to <0000000000000001, 1> [II:500ms AI:300ms AT:4000ms][0m
[0;34m[1784834305.964] [14281:14283] [DIS] OperationalSessionSetup[1:0000000000000001]: State change 3 --> 4[0m
[0;32m[1784834305.968] [14281:14283] [EM] >>> [E:4941i S:0 M:101529240 (Ack:170121266)] (U) Msg RX from 0:0000000000000000 [0000] to BBAA28C52279F37A --- Type 0000:31 (SecureChannel:CASE_Sigma2) (B:751)[0m
[0;34m[1784834305.968] [14281:14283] [EM] Found matching exchange: 4941i, Delegate: 0x7d8c0800b8e8[0m
[0;34m[1784834305.968] [14281:14283] [EM] Rxd Ack; Removing MessageCounter:170121266 from Retrans Table on exchange 4941i[0m
[0;32m[1784834305.968] [14281:14283] [SC] Received Sigma2 msg[0m
[0;34m[1784834305.968] [14281:14283] [SC] Found MRP parameters in the message[0m
[0;34m[1784834305.970] [14281:14283] [SC] Peer <0000000000000001, 1> assigned session ID 28175[0m
[0;34m[1784834305.970] [14281:14283] [SC] Sending Sigma3[0m
[0;32m[1784834305.970] [14281:14283] [EM] <<< [E:4941i S:0 M:170121267 (Ack:101529240)] (U) Msg TX from BBAA28C52279F37A to 0:0000000000000000 [0000] [UDP:[fe80::bfe:a203:38f0:bce7%enp0s3]:5540] --- Type 0000:32 (SecureChannel:CASE_Sigma3) (B:598)[0m
[0;32m[1784834305.970] [14281:14283] [EM] ??1 [E:4941i S:0 M:170121267] (U) Msg Retransmission to 0:0000000000000000 scheduled for 332ms from now [State:Active II:500 AI:300 AT:4000][0m
[0;32m[1784834305.970] [14281:14283] [SC] Sent Sigma3 msg[0m
[0;32m[1784834305.979] [14281:14283] [EM] >>> [E:4941i S:0 M:101529241 (Ack:170121267)] (U) Msg RX from 0:0000000000000000 [0000] to BBAA28C52279F37A --- Type 0000:40 (SecureChannel:StatusReport) (B:34)[0m
[0;34m[1784834305.979] [14281:14283] [EM] Found matching exchange: 4941i, Delegate: 0x7d8c0800b8e8[0m
[0;34m[1784834305.979] [14281:14283] [EM] Rxd Ack; Removing MessageCounter:170121267 from Retrans Table on exchange 4941i[0m
[0;32m[1784834305.979] [14281:14283] [SC] Success status report received. Session was established[0m
[0;32m[1784834305.981] [14281:14283] [SC] SecureSession[0x7d8c08009cd0, LSID:83]: State change 'kEstablishing' --> 'kActive'[0m
[0;34m[1784834305.981] [14281:14283] [IN] SecureSession[0x7d8c08009cd0]: Activated - Type:2 LSID:83[0m
[0;34m[1784834305.981] [14281:14283] [IN] New secure session activated for device <0000000000000001, 1>, LSID:83 PSID:28175![0m
[0;34m[1784834305.981] [14281:14283] [DIS] OperationalSessionSetup[1:0000000000000001]: State change 4 --> 5[0m
[0;32m[1784834305.981] [14281:14283] [TOO] Sending cluster (0x00000038) command (0x00000000) on endpoint 0[0m
[0;34m[1784834305.981] [14281:14283] [DMG] ICR moving to [AddingComm][0m
[0;34m[1784834305.981] [14281:14283] [DMG] ICR moving to [AddedComma][0m
[0;32m[1784834305.981] [14281:14283] [EM] <<< [E:4942i S:83 M:32077739] (S) Msg TX from 000000000001B669 to 1:0000000000000001 [0A47] [UDP:[fe80::bfe:a203:38f0:bce7%enp0s3]:5540] --- Type 0001:08 (IM:InvokeCommandRequest) (B:72)[0m
[0;32m[1784834305.981] [14281:14283] [EM] ??1 [E:4942i S:83 M:32077739] (S) Msg Retransmission to 1:0000000000000001 scheduled for 392ms from now [State:Active II:500 AI:300 AT:4000][0m
[0;34m[1784834305.981] [14281:14283] [DMG] ICR moving to [AwaitingRe][0m
[0;32m[1784834305.981] [14281:14283] [EM] <<< [E:4941i S:0 M:170121268 (Ack:101529241)] (U) Msg TX from BBAA28C52279F37A to 0:0000000000000000 [0000] [UDP:[fe80::bfe:a203:38f0:bce7%enp0s3]:5540] --- Type 0000:10 (SecureChannel:StandaloneAck) (B:26)[0m
[0;34m[1784834305.981] [14281:14283] [EM] Flushed pending ack for MessageCounter:101529241 on exchange 4941i[0m
[0;34m[2524608000.002] [14281:14281] [CTL] Shutting down the commissioner[0m
[0;32m[2524608000.002] [14281:14281] [PAF] WiFiPAF: Closing all WiFiPAF sessions to shutdown[0m
[0;34m[2524608000.002] [14281:14281] [CTL] Shutting down the controller[0m
[0;34m[2524608000.002] [14281:14281] [IN] Expiring all sessions for fabric 0x1!![0m
[0;34m[2524608000.002] [14281:14281] [IN] SecureSession[0x7d8c08009cd0]: MarkForEviction Type:2 LSID:83[0m
[0;32m[2524608000.002] [14281:14281] [SC] SecureSession[0x7d8c08009cd0, LSID:83]: State change 'kActive' --> 'kPendingEviction'[0m
[0;32m[2524608000.002] [14281:14281] [DMG] Time out! failed to receive invoke command response from Exchange: 4942i[0m
[0;32m[2524608000.002] [14281:14281] [TOO] Error: src/app/CommandSender.cpp:354: CHIP Error 0x00000032: Timeout[0m
[0;34m[2524608000.002] [14281:14281] [DMG] ICR moving to [AwaitingDe][0m
[0;34m[2524608000.002] [14281:14281] [IN] SecureSession[0x7d8c08009cd0]: Released - Type:2 LSID:83[0m
[0;32m[2524608000.002] [14281:14281] [FP] Forgetting fabric 0x1[0m
[0;32m[2524608000.002] [14281:14281] [TS] Pending Last Known Good Time: 2023-10-14T01:16:48[0m
[0;32m[2524608000.002] [14281:14281] [TS] Previous Last Known Good Time: 2023-10-14T01:16:48[0m
[0;32m[2524608000.002] [14281:14281] [TS] Reverted Last Known Good Time to previous value[0m
[0;34m[2524608000.002] [14281:14281] [CTL] Shutting down the commissioner[0m
[0;32m[2524608000.002] [14281:14281] [PAF] WiFiPAF: Closing all WiFiPAF sessions to shutdown[0m
[0;34m[2524608000.002] [14281:14281] [CTL] Shutting down the controller[0m
[0;34m[2524608000.002] [14281:14281] [CTL] Shutting down the System State, this will teardown the CHIP Stack[0m
[0;34m[2524608000.002] [14281:14281] [DMG] All ReadHandler-s are clean, clear GlobalDirtySet[0m
[0;32m[2524608000.002] [14281:14281] [FP] Shutting down FabricTable[0m
[0;32m[2524608000.002] [14281:14281] [TS] Pending Last Known Good Time: 2023-10-14T01:16:48[0m
[0;32m[2524608000.002] [14281:14281] [TS] Previous Last Known Good Time: 2023-10-14T01:16:48[0m
[0;32m[2524608000.002] [14281:14281] [TS] Reverted Last Known Good Time to previous value[0m
[0;34m[2524608000.007] [14281:14281] [DL] Wrote settings to /tmp/chip_counters.ini[0m
[0;32m[2524608000.007] [14281:14281] [DL] NVS set: chip-counters/total-operational-hours = 0 (0x0)[0m
[0;32m[2524608000.007] [14281:14281] [DL] Inet Layer shutdown[0m
[0;32m[2524608000.007] [14281:14281] [DL] BLE Layer shutdown[0m
[0;32m[2524608000.007] [14281:14281] [DL] WiFi-PAF Layer shutdown[0m
[0;32m[2524608000.007] [14281:14281] [PAF] WiFiPAF: Closing all WiFiPAF sessions to shutdown[0m
[0;32m[2524608000.007] [14281:14281] [DL] System Layer shutdown[0m
[1;31m[2524608000.008] [14281:14281] [TOO] Run command failure: examples/chip-tool/commands/common/CHIPCommand.cpp:650: CHIP Error 0x00000032: Timeout[0m
