[0;34m[1784655808.567] [9321:9321] [DL] ChipLinuxStorage::Init: Using KVS config file: /tmp/chip_tool_kvs[0m
[1;31m[1784655808.568] [9321:9321] [DL] ChipLinuxStorage::Init: Attempt to re-initialize with KVS config file: /tmp/chip_kvs, IGNORING.[0m
[0;34m[1784655808.569] [9321:9321] [DL] ChipLinuxStorage::Init: Using KVS config file: /tmp/chip_factory.ini[0m
[0;34m[1784655808.569] [9321:9321] [DL] ChipLinuxStorage::Init: Using KVS config file: /tmp/chip_config.ini[0m
[0;34m[1784655808.569] [9321:9321] [DL] ChipLinuxStorage::Init: Using KVS config file: /tmp/chip_counters.ini[0m
[0;34m[1784655808.572] [9321:9321] [DL] Wrote settings to /tmp/chip_counters.ini[0m
[0;32m[1784655808.572] [9321:9321] [DL] NVS set: chip-counters/reboot-count = 6 (0x6)[0m
[0;32m[1784655808.573] [9321:9321] [DL] Got Ethernet interface: enp0s3[0m
[0;32m[1784655808.573] [9321:9321] [DL] Found the primary Ethernet interface:enp0s3[0m
[1;31m[1784655808.573] [9321:9321] [DL] Failed to get WiFi interface[0m
[1;31m[1784655808.573] [9321:9321] [DL] Failed to reset WiFi statistic counts[0m
[0;32m[1784655808.573] [9321:9321] [PAF] WiFiPAF: WiFiPAFLayer::Init()[0m
[0;34m[1784655808.573] [9321:9321] [IN] UDP::Init bind&listen port=0[0m
[0;34m[1784655808.573] [9321:9321] [IN] UDP::Init bound to port=59867[0m
[0;34m[1784655808.573] [9321:9321] [IN] UDP::Init bind&listen port=0[0m
[0;34m[1784655808.573] [9321:9321] [IN] UDP::Init bound to port=46778[0m
[0;34m[1784655808.573] [9321:9321] [IN] BLEBase::Init - setting/overriding transport[0m
[0;34m[1784655808.573] [9321:9321] [IN] WiFiPAFBase::Init - setting/overriding transport[0m
[0;34m[1784655808.573] [9321:9321] [IN] TransportMgr initialized[0m
[0;34m[1784655808.573] [9321:9321] [FP] Initializing FabricTable from persistent storage[0m
[0;32m[1784655808.573] [9321:9321] [TS] Last Known Good Time: 2023-10-14T01:16:48[0m
[0;32m[1784655808.573] [9321:9321] [FP] Fabric index 0x1 was retrieved from storage. Compressed FabricId 0xDFF0AF0CB6A269C6, FabricId 0x0000000000000001, NodeId 0x000000000001B669, VendorId 0xFFF1[0m
[0;32m[1784655808.574] [9321:9321] [DMG] Ember attribute persistence requires setting up[0m
[0;32m[1784655808.574] [9321:9321] [ZCL] Using ZAP configuration...[0m
[0;34m[1784655808.574] [9321:9321] [CTL] System State Initialized...[0m
[0;32m[1784655808.574] [9321:9321] [CTL] Setting attestation nonce to random value[0m
[0;32m[1784655808.574] [9321:9321] [CTL] Setting CSR nonce to random value[0m
[0;34m[1784655808.574] [9321:9323] [DL] CHIP task running[0m
[0;32m[1784655808.575] [9321:9323] [CTL] Setting attestation nonce to random value[0m
[0;32m[1784655808.575] [9321:9323] [CTL] Setting CSR nonce to random value[0m
[0;32m[1784655808.575] [9321:9323] [CTL] Generating NOC[0m
[0;32m[1784655808.575] [9321:9323] [FP] Validating NOC chain[0m
[0;32m[1784655808.575] [9321:9323] [FP] NOC chain validation successful[0m
[0;32m[1784655808.575] [9321:9323] [FP] Updated fabric at index: 0x1, Node ID: 0x000000000001B669[0m
[0;32m[1784655808.575] [9321:9323] [TS] Last Known Good Time: 2023-10-14T01:16:48[0m
[0;32m[1784655808.575] [9321:9323] [TS] New proposed Last Known Good Time: 2021-01-01T00:00:00[0m
[0;32m[1784655808.575] [9321:9323] [TS] Retaining current Last Known Good Time[0m
[0;32m[1784655808.577] [9321:9323] [FP] Metadata for Fabric 0x1 persisted to storage.[0m
[0;32m[1784655808.577] [9321:9323] [TS] Committing Last Known Good Time to storage: 2023-10-14T01:16:48[0m
[0;32m[1784655808.577] [9321:9323] [CTL] Joined the fabric at index 1. Fabric ID is 0x0000000000000001 (Compressed Fabric ID: DFF0AF0CB6A269C6)[0m
[0;32m[1784655808.581] [9321:9323] [TOO] Sending command to node 0x1[0m
[0;34m[1784655808.581] [9321:9323] [CSM] FindOrEstablishSession: PeerId = [1:0000000000000001][0m
[0;34m[1784655808.581] [9321:9323] [CSM] FindOrEstablishSession: No existing OperationalSessionSetup instance found[0m
[0;34m[1784655808.581] [9321:9323] [DIS] OperationalSessionSetup[1:0000000000000001]: State change 1 --> 2[0m
[0;32m[1784655808.581] [9321:9323] [DIS] Lookup started for DFF0AF0CB6A269C6-0000000000000001[0m
[0;32m[1784655808.582] [9321:9323] [DIS] UDP:[fe80::bfe:a203:38f0:bce7%enp0s3]:5540: new best score: 7 (for DFF0AF0CB6A269C6-0000000000000001)[0m
[0;34m[1784655808.582] [9321:9323] [DIS] Lookup clearing interface for non LL address[0m
[0;32m[1784655808.582] [9321:9323] [DIS] UDP:10.0.2.15%enp0s3:5540: new best score: 2 (for DFF0AF0CB6A269C6-0000000000000001)[0m
[0;32m[1784655808.582] [9321:9323] [DIS] Checking node lookup status for DFF0AF0CB6A269C6-0000000000000001 after 1 ms[0m
[0;32m[1784655808.582] [9321:9323] [DIS] Keeping DNSSD lookup active[0m
[0;32m[1784655808.582] [9321:9323] [DIS] UDP:[fe80::bfe:a203:38f0:bce7%enp0s3]:5540: score has not improved: 7 (for DFF0AF0CB6A269C6-0000000000000001)[0m
[0;34m[1784655808.582] [9321:9323] [DIS] Lookup clearing interface for non LL address[0m
[0;32m[1784655808.582] [9321:9323] [DIS] UDP:10.0.2.15%enp0s3:5540: score has not improved: 2 (for DFF0AF0CB6A269C6-0000000000000001)[0m
[0;32m[1784655808.582] [9321:9323] [DIS] Checking node lookup status for DFF0AF0CB6A269C6-0000000000000001 after 1 ms[0m
[0;32m[1784655808.582] [9321:9323] [DIS] Keeping DNSSD lookup active[0m
[0;32m[1784655808.791] [9321:9323] [DIS] Checking node lookup status for DFF0AF0CB6A269C6-0000000000000001 after 210 ms[0m
[0;34m[1784655808.791] [9321:9323] [DIS] OperationalSessionSetup[1:0000000000000001]: Updating device address to UDP:[fe80::bfe:a203:38f0:bce7%enp0s3]:5540 while in state 2[0m
[0;34m[1784655808.791] [9321:9323] [DIS] OperationalSessionSetup[1:0000000000000001]: State change 2 --> 3[0m
[0;34m[1784655808.791] [9321:9323] [IN] SecureSession[0x7b2678009cd0]: Allocated Type:2 LSID:12845[0m
[0;32m[1784655808.791] [9321:9323] [SC] Initiating session on local FabricIndex 1 from 0x000000000001B669 -> 0x0000000000000001[0m
[0;32m[1784655808.791] [9321:9323] [EM] <<< [E:1283i S:0 M:166603372] (U) Msg TX from 472AB04448D988BB to 0:0000000000000000 [0000] [UDP:[fe80::bfe:a203:38f0:bce7%enp0s3]:5540] --- Type 0000:30 (SecureChannel:CASE_Sigma1) (B:196)[0m
[0;32m[1784655808.791] [9321:9323] [EM] ??1 [E:1283i S:0 M:166603372] (U) Msg Retransmission to 0:0000000000000000 scheduled for 559ms from now [State:Idle II:500 AI:300 AT:4000][0m
[0;32m[1784655808.791] [9321:9323] [SC] Sent Sigma1 msg to <0000000000000001, 1> [II:500ms AI:300ms AT:4000ms][0m
[0;34m[1784655808.791] [9321:9323] [DIS] OperationalSessionSetup[1:0000000000000001]: State change 3 --> 4[0m
[0;32m[1784655808.792] [9321:9323] [EM] >>> [E:1283i S:0 M:108241801 (Ack:166603372)] (U) Msg RX from 0:0000000000000000 [0000] to 472AB04448D988BB --- Type 0000:31 (SecureChannel:CASE_Sigma2) (B:751)[0m
[0;34m[1784655808.792] [9321:9323] [EM] Found matching exchange: 1283i, Delegate: 0x7b267800b8e8[0m
[0;34m[1784655808.792] [9321:9323] [EM] Rxd Ack; Removing MessageCounter:166603372 from Retrans Table on exchange 1283i[0m
[0;32m[1784655808.792] [9321:9323] [SC] Received Sigma2 msg[0m
[0;34m[1784655808.792] [9321:9323] [SC] Found MRP parameters in the message[0m
[0;34m[1784655808.793] [9321:9323] [SC] Peer <0000000000000001, 1> assigned session ID 20886[0m
[0;34m[1784655808.793] [9321:9323] [SC] Sending Sigma3[0m
[0;32m[1784655808.794] [9321:9323] [EM] <<< [E:1283i S:0 M:166603373 (Ack:108241801)] (U) Msg TX from 472AB04448D988BB to 0:0000000000000000 [0000] [UDP:[fe80::bfe:a203:38f0:bce7%enp0s3]:5540] --- Type 0000:32 (SecureChannel:CASE_Sigma3) (B:598)[0m
[0;32m[1784655808.794] [9321:9323] [EM] ??1 [E:1283i S:0 M:166603373] (U) Msg Retransmission to 0:0000000000000000 scheduled for 364ms from now [State:Active II:500 AI:300 AT:4000][0m
[0;32m[1784655808.794] [9321:9323] [SC] Sent Sigma3 msg[0m
[0;32m[1784655808.803] [9321:9323] [EM] >>> [E:1283i S:0 M:108241802 (Ack:166603373)] (U) Msg RX from 0:0000000000000000 [0000] to 472AB04448D988BB --- Type 0000:40 (SecureChannel:StatusReport) (B:34)[0m
[0;34m[1784655808.803] [9321:9323] [EM] Found matching exchange: 1283i, Delegate: 0x7b267800b8e8[0m
[0;34m[1784655808.804] [9321:9323] [EM] Rxd Ack; Removing MessageCounter:166603373 from Retrans Table on exchange 1283i[0m
[0;32m[1784655808.804] [9321:9323] [SC] Success status report received. Session was established[0m
[0;32m[1784655808.804] [9321:9323] [SC] SecureSession[0x7b2678009cd0, LSID:12845]: State change 'kEstablishing' --> 'kActive'[0m
[0;34m[1784655808.804] [9321:9323] [IN] SecureSession[0x7b2678009cd0]: Activated - Type:2 LSID:12845[0m
[0;34m[1784655808.804] [9321:9323] [IN] New secure session activated for device <0000000000000001, 1>, LSID:12845 PSID:20886![0m
[0;34m[1784655808.804] [9321:9323] [DIS] OperationalSessionSetup[1:0000000000000001]: State change 4 --> 5[0m
[0;32m[1784655808.804] [9321:9323] [TOO] Sending cluster (0x0000003E) command (0x00000007) on endpoint 0[0m
[0;34m[1784655808.804] [9321:9323] [DMG] ICR moving to [AddingComm][0m
[0;34m[1784655808.804] [9321:9323] [DMG] ICR moving to [AddedComma][0m
[0;32m[1784655808.804] [9321:9323] [EM] <<< [E:1284i S:12845 M:214127762] (S) Msg TX from 000000000001B669 to 1:0000000000000001 [69C6] [UDP:[fe80::bfe:a203:38f0:bce7%enp0s3]:5540] --- Type 0001:08 (IM:InvokeCommandRequest) (B:330)[0m
[0;32m[1784655808.805] [9321:9323] [EM] ??1 [E:1284i S:12845 M:214127762] (S) Msg Retransmission to 1:0000000000000001 scheduled for 339ms from now [State:Active II:500 AI:300 AT:4000][0m
[0;34m[1784655808.805] [9321:9323] [DMG] ICR moving to [AwaitingRe][0m
[0;32m[1784655808.805] [9321:9323] [EM] <<< [E:1283i S:0 M:166603374 (Ack:108241802)] (U) Msg TX from 472AB04448D988BB to 0:0000000000000000 [0000] [UDP:[fe80::bfe:a203:38f0:bce7%enp0s3]:5540] --- Type 0000:10 (SecureChannel:StandaloneAck) (B:26)[0m
[0;34m[1784655808.805] [9321:9323] [EM] Flushed pending ack for MessageCounter:108241802 on exchange 1283i[0m
[0;32m[1784655808.814] [9321:9323] [EM] >>> [E:1284i S:12845 M:146517566 (Ack:214127762)] (S) Msg RX from 1:0000000000000001 [69C6] to 000000000001B669 --- Type 0001:09 (IM:InvokeCommandResponse) (B:70)[0m
[0;34m[1784655808.814] [9321:9323] [EM] Found matching exchange: 1284i, Delegate: 0x7b267800eef8[0m
[0;34m[1784655808.814] [9321:9323] [EM] Rxd Ack; Removing MessageCounter:214127762 from Retrans Table on exchange 1284i[0m
[0;34m[1784655808.814] [9321:9323] [DMG] ICR moving to [ResponseRe][0m
[0;34m[1784655808.814] [9321:9323] [DMG] InvokeResponseMessage =[0m
[0;34m[1784655808.814] [9321:9323] [DMG] {[0m
[0;34m[1784655808.814] [9321:9323] [DMG] 	suppressResponse = false, [0m
[0;34m[1784655808.814] [9321:9323] [DMG] 	InvokeResponseIBs =[0m
[0;34m[1784655808.814] [9321:9323] [DMG] 	[[0m
[0;34m[1784655808.814] [9321:9323] [DMG] 		InvokeResponseIB =[0m
[0;34m[1784655808.814] [9321:9323] [DMG] 		{[0m
[0;34m[1784655808.814] [9321:9323] [DMG] 			CommandDataIB =[0m
[0;34m[1784655808.814] [9321:9323] [DMG] 			{[0m
[0;34m[1784655808.814] [9321:9323] [DMG] 				CommandPathIB =[0m
[0;34m[1784655808.814] [9321:9323] [DMG] 				{[0m
[0;34m[1784655808.814] [9321:9323] [DMG] 					EndpointId = 0x0,[0m
[0;34m[1784655808.814] [9321:9323] [DMG] 					ClusterId = 0x3e,[0m
[0;34m[1784655808.814] [9321:9323] [DMG] 					CommandId = 0x8,[0m
[0;34m[1784655808.814] [9321:9323] [DMG] 				},[0m
[0;34m[1784655808.814] [9321:9323] [DMG] 				[0m
[0;34m[1784655808.814] [9321:9323] [DMG] 				CommandFields = [0m
[0;34m[1784655808.814] [9321:9323] [DMG] 				{[0m
[0;34m[1784655808.814] [9321:9323] [DMG] 					0x0 = 0 (unsigned), [0m
[0;34m[1784655808.814] [9321:9323] [DMG] 					0x1 = 1 (unsigned), [0m
[0;34m[1784655808.814] [9321:9323] [DMG] 				},[0m
[0;34m[1784655808.814] [9321:9323] [DMG] 			},[0m
[0;34m[1784655808.814] [9321:9323] [DMG] 			[0m
[0;34m[1784655808.814] [9321:9323] [DMG] 		},[0m
[0;34m[1784655808.814] [9321:9323] [DMG] 		[0m
[0;34m[1784655808.814] [9321:9323] [DMG] 	],[0m
[0;34m[1784655808.814] [9321:9323] [DMG] 	[0m
[0;34m[1784655808.814] [9321:9323] [DMG] 	InteractionModelRevision = 12[0m
[0;34m[1784655808.814] [9321:9323] [DMG] },[0m
[0;32m[1784655808.814] [9321:9323] [DMG] Received Command Response Data, Endpoint=0 Cluster=0x0000_003E Command=0x0000_0008[0m
[0;32m[1784655808.814] [9321:9323] [TOO] Endpoint: 0 Cluster: 0x0000_003E Command 0x0000_0008[0m
[0;32m[1784655808.814] [9321:9323] [TOO]   NOCResponse: {[0m
[0;32m[1784655808.814] [9321:9323] [TOO]     statusCode: 0[0m
[0;32m[1784655808.814] [9321:9323] [TOO]     fabricIndex: 1[0m
[0;32m[1784655808.814] [9321:9323] [TOO]    }[0m
[0;34m[1784655808.814] [9321:9323] [DMG] ICR moving to [AwaitingDe][0m
[0;32m[1784655808.814] [9321:9323] [EM] <<< [E:1284i S:12845 M:214127763 (Ack:146517566)] (S) Msg TX from 000000000001B669 to 1:0000000000000001 [69C6] [UDP:[fe80::bfe:a203:38f0:bce7%enp0s3]:5540] --- Type 0000:10 (SecureChannel:StandaloneAck) (B:34)[0m
[0;34m[1784655808.814] [9321:9323] [EM] Flushed pending ack for MessageCounter:146517566 on exchange 1284i[0m
[0;34m[1784655808.814] [9321:9321] [CTL] Shutting down the commissioner[0m
[0;32m[1784655808.814] [9321:9321] [PAF] WiFiPAF: Closing all WiFiPAF sessions to shutdown[0m
[0;34m[1784655808.814] [9321:9321] [CTL] Shutting down the controller[0m
[0;34m[1784655808.814] [9321:9321] [IN] Expiring all sessions for fabric 0x1!![0m
[0;34m[1784655808.814] [9321:9321] [IN] SecureSession[0x7b2678009cd0]: MarkForEviction Type:2 LSID:12845[0m
[0;32m[1784655808.814] [9321:9321] [SC] SecureSession[0x7b2678009cd0, LSID:12845]: State change 'kActive' --> 'kPendingEviction'[0m
[0;34m[1784655808.814] [9321:9321] [IN] SecureSession[0x7b2678009cd0]: Released - Type:2 LSID:12845[0m
[0;32m[1784655808.814] [9321:9321] [FP] Forgetting fabric 0x1[0m
[0;32m[1784655808.814] [9321:9321] [TS] Pending Last Known Good Time: 2023-10-14T01:16:48[0m
[0;32m[1784655808.814] [9321:9321] [TS] Previous Last Known Good Time: 2023-10-14T01:16:48[0m
[0;32m[1784655808.814] [9321:9321] [TS] Reverted Last Known Good Time to previous value[0m
[0;34m[1784655808.814] [9321:9321] [CTL] Shutting down the commissioner[0m
[0;32m[1784655808.814] [9321:9321] [PAF] WiFiPAF: Closing all WiFiPAF sessions to shutdown[0m
[0;34m[1784655808.814] [9321:9321] [CTL] Shutting down the controller[0m
[0;34m[1784655808.814] [9321:9321] [CTL] Shutting down the System State, this will teardown the CHIP Stack[0m
[0;34m[1784655808.814] [9321:9321] [DMG] All ReadHandler-s are clean, clear GlobalDirtySet[0m
[0;32m[1784655808.814] [9321:9321] [FP] Shutting down FabricTable[0m
[0;32m[1784655808.814] [9321:9321] [TS] Pending Last Known Good Time: 2023-10-14T01:16:48[0m
[0;32m[1784655808.814] [9321:9321] [TS] Previous Last Known Good Time: 2023-10-14T01:16:48[0m
[0;32m[1784655808.814] [9321:9321] [TS] Reverted Last Known Good Time to previous value[0m
[0;34m[1784655808.816] [9321:9321] [DL] Wrote settings to /tmp/chip_counters.ini[0m
[0;32m[1784655808.816] [9321:9321] [DL] NVS set: chip-counters/total-operational-hours = 0 (0x0)[0m
[0;32m[1784655808.816] [9321:9321] [DL] Inet Layer shutdown[0m
[0;32m[1784655808.816] [9321:9321] [DL] BLE Layer shutdown[0m
[0;32m[1784655808.816] [9321:9321] [DL] WiFi-PAF Layer shutdown[0m
[0;32m[1784655808.816] [9321:9321] [PAF] WiFiPAF: Closing all WiFiPAF sessions to shutdown[0m
[0;32m[1784655808.816] [9321:9321] [DL] System Layer shutdown[0m
