[0;34m[1784656472.302] [11469:11469] [DL] ChipLinuxStorage::Init: Using KVS config file: /tmp/chip_tool_kvs[0m
[1;31m[1784656472.304] [11469:11469] [DL] ChipLinuxStorage::Init: Attempt to re-initialize with KVS config file: /tmp/chip_kvs, IGNORING.[0m
[0;34m[1784656472.306] [11469:11469] [DL] ChipLinuxStorage::Init: Using KVS config file: /tmp/chip_factory.ini[0m
[0;34m[1784656472.306] [11469:11469] [DL] ChipLinuxStorage::Init: Using KVS config file: /tmp/chip_config.ini[0m
[0;34m[1784656472.306] [11469:11469] [DL] ChipLinuxStorage::Init: Using KVS config file: /tmp/chip_counters.ini[0m
[0;34m[1784656472.310] [11469:11469] [DL] Wrote settings to /tmp/chip_counters.ini[0m
[0;32m[1784656472.310] [11469:11469] [DL] NVS set: chip-counters/reboot-count = 3 (0x3)[0m
[0;32m[1784656472.310] [11469:11469] [DL] Got Ethernet interface: enp0s3[0m
[0;32m[1784656472.310] [11469:11469] [DL] Found the primary Ethernet interface:enp0s3[0m
[1;31m[1784656472.310] [11469:11469] [DL] Failed to get WiFi interface[0m
[1;31m[1784656472.310] [11469:11469] [DL] Failed to reset WiFi statistic counts[0m
[0;32m[1784656472.310] [11469:11469] [PAF] WiFiPAF: WiFiPAFLayer::Init()[0m
[0;34m[1784656472.310] [11469:11469] [IN] UDP::Init bind&listen port=0[0m
[0;34m[1784656472.310] [11469:11469] [IN] UDP::Init bound to port=47972[0m
[0;34m[1784656472.310] [11469:11469] [IN] UDP::Init bind&listen port=0[0m
[0;34m[1784656472.310] [11469:11469] [IN] UDP::Init bound to port=36736[0m
[0;34m[1784656472.310] [11469:11469] [IN] BLEBase::Init - setting/overriding transport[0m
[0;34m[1784656472.310] [11469:11469] [IN] WiFiPAFBase::Init - setting/overriding transport[0m
[0;34m[1784656472.310] [11469:11469] [IN] TransportMgr initialized[0m
[0;34m[1784656472.310] [11469:11469] [FP] Initializing FabricTable from persistent storage[0m
[0;32m[1784656472.310] [11469:11469] [TS] Last Known Good Time: 2023-10-14T01:16:48[0m
[0;32m[1784656472.310] [11469:11469] [FP] Fabric index 0x1 was retrieved from storage. Compressed FabricId 0xB153E416E4AE9FDD, FabricId 0x0000000000000001, NodeId 0x000000000001B669, VendorId 0xFFF1[0m
[0;32m[1784656472.311] [11469:11469] [DMG] Ember attribute persistence requires setting up[0m
[0;32m[1784656472.311] [11469:11469] [ZCL] Using ZAP configuration...[0m
[0;34m[1784656472.312] [11469:11469] [CTL] System State Initialized...[0m
[0;32m[1784656472.312] [11469:11469] [CTL] Setting attestation nonce to random value[0m
[0;32m[1784656472.312] [11469:11469] [CTL] Setting CSR nonce to random value[0m
[0;34m[1784656472.312] [11469:11471] [DL] CHIP task running[0m
[0;32m[1784656472.312] [11469:11471] [CTL] Setting attestation nonce to random value[0m
[0;32m[1784656472.312] [11469:11471] [CTL] Setting CSR nonce to random value[0m
[0;32m[1784656472.312] [11469:11471] [CTL] Generating NOC[0m
[0;32m[1784656472.312] [11469:11471] [FP] Validating NOC chain[0m
[0;32m[1784656472.313] [11469:11471] [FP] NOC chain validation successful[0m
[0;32m[1784656472.313] [11469:11471] [FP] Updated fabric at index: 0x1, Node ID: 0x000000000001B669[0m
[0;32m[1784656472.313] [11469:11471] [TS] Last Known Good Time: 2023-10-14T01:16:48[0m
[0;32m[1784656472.313] [11469:11471] [TS] New proposed Last Known Good Time: 2021-01-01T00:00:00[0m
[0;32m[1784656472.313] [11469:11471] [TS] Retaining current Last Known Good Time[0m
[0;32m[1784656472.314] [11469:11471] [FP] Metadata for Fabric 0x1 persisted to storage.[0m
[0;32m[1784656472.315] [11469:11471] [TS] Committing Last Known Good Time to storage: 2023-10-14T01:16:48[0m
[0;32m[1784656472.315] [11469:11471] [CTL] Joined the fabric at index 1. Fabric ID is 0x0000000000000001 (Compressed Fabric ID: B153E416E4AE9FDD)[0m
[0;32m[1784656472.320] [11469:11471] [TOO] Sending command to node 0x1[0m
[0;34m[1784656472.320] [11469:11471] [CSM] FindOrEstablishSession: PeerId = [1:0000000000000001][0m
[0;34m[1784656472.320] [11469:11471] [CSM] FindOrEstablishSession: No existing OperationalSessionSetup instance found[0m
[0;34m[1784656472.320] [11469:11471] [DIS] OperationalSessionSetup[1:0000000000000001]: State change 1 --> 2[0m
[0;32m[1784656472.321] [11469:11471] [DIS] Lookup started for B153E416E4AE9FDD-0000000000000001[0m
[0;32m[1784656472.321] [11469:11471] [DIS] UDP:[fe80::bfe:a203:38f0:bce7%enp0s3]:5540: new best score: 7 (for B153E416E4AE9FDD-0000000000000001)[0m
[0;34m[1784656472.321] [11469:11471] [DIS] Lookup clearing interface for non LL address[0m
[0;32m[1784656472.321] [11469:11471] [DIS] UDP:10.0.2.15%enp0s3:5540: new best score: 2 (for B153E416E4AE9FDD-0000000000000001)[0m
[0;32m[1784656472.321] [11469:11471] [DIS] Checking node lookup status for B153E416E4AE9FDD-0000000000000001 after 1 ms[0m
[0;32m[1784656472.321] [11469:11471] [DIS] Keeping DNSSD lookup active[0m
[0;32m[1784656472.321] [11469:11471] [DIS] UDP:[fe80::bfe:a203:38f0:bce7%enp0s3]:5540: score has not improved: 7 (for B153E416E4AE9FDD-0000000000000001)[0m
[0;34m[1784656472.321] [11469:11471] [DIS] Lookup clearing interface for non LL address[0m
[0;32m[1784656472.321] [11469:11471] [DIS] UDP:10.0.2.15%enp0s3:5540: score has not improved: 2 (for B153E416E4AE9FDD-0000000000000001)[0m
[0;32m[1784656472.321] [11469:11471] [DIS] Checking node lookup status for B153E416E4AE9FDD-0000000000000001 after 1 ms[0m
[0;32m[1784656472.321] [11469:11471] [DIS] Keeping DNSSD lookup active[0m
[0;32m[1784656472.527] [11469:11471] [DIS] Checking node lookup status for B153E416E4AE9FDD-0000000000000001 after 207 ms[0m
[0;34m[1784656472.527] [11469:11471] [DIS] OperationalSessionSetup[1:0000000000000001]: Updating device address to UDP:[fe80::bfe:a203:38f0:bce7%enp0s3]:5540 while in state 2[0m
[0;34m[1784656472.527] [11469:11471] [DIS] OperationalSessionSetup[1:0000000000000001]: State change 2 --> 3[0m
[0;34m[1784656472.527] [11469:11471] [IN] SecureSession[0x7a8844009cd0]: Allocated Type:2 LSID:34722[0m
[0;32m[1784656472.527] [11469:11471] [SC] Initiating session on local FabricIndex 1 from 0x000000000001B669 -> 0x0000000000000001[0m
[0;32m[1784656472.528] [11469:11471] [EM] <<< [E:64485i S:0 M:33452612] (U) Msg TX from DB2576E98B025882 to 0:0000000000000000 [0000] [UDP:[fe80::bfe:a203:38f0:bce7%enp0s3]:5540] --- Type 0000:30 (SecureChannel:CASE_Sigma1) (B:196)[0m
[0;32m[1784656472.528] [11469:11471] [EM] ??1 [E:64485i S:0 M:33452612] (U) Msg Retransmission to 0:0000000000000000 scheduled for 639ms from now [State:Idle II:500 AI:300 AT:4000][0m
[0;32m[1784656472.528] [11469:11471] [SC] Sent Sigma1 msg to <0000000000000001, 1> [II:500ms AI:300ms AT:4000ms][0m
[0;34m[1784656472.528] [11469:11471] [DIS] OperationalSessionSetup[1:0000000000000001]: State change 3 --> 4[0m
[0;32m[1784656472.530] [11469:11471] [EM] >>> [E:64485i S:0 M:236071737 (Ack:33452612)] (U) Msg RX from 0:0000000000000000 [0000] to DB2576E98B025882 --- Type 0000:31 (SecureChannel:CASE_Sigma2) (B:751)[0m
[0;34m[1784656472.530] [11469:11471] [EM] Found matching exchange: 64485i, Delegate: 0x7a884400b8e8[0m
[0;34m[1784656472.530] [11469:11471] [EM] Rxd Ack; Removing MessageCounter:33452612 from Retrans Table on exchange 64485i[0m
[0;32m[1784656472.530] [11469:11471] [SC] Received Sigma2 msg[0m
[0;34m[1784656472.530] [11469:11471] [SC] Found MRP parameters in the message[0m
[0;34m[1784656472.531] [11469:11471] [SC] Peer <0000000000000001, 1> assigned session ID 32723[0m
[0;34m[1784656472.531] [11469:11471] [SC] Sending Sigma3[0m
[0;32m[1784656472.531] [11469:11471] [EM] <<< [E:64485i S:0 M:33452613 (Ack:236071737)] (U) Msg TX from DB2576E98B025882 to 0:0000000000000000 [0000] [UDP:[fe80::bfe:a203:38f0:bce7%enp0s3]:5540] --- Type 0000:32 (SecureChannel:CASE_Sigma3) (B:598)[0m
[0;32m[1784656472.531] [11469:11471] [EM] ??1 [E:64485i S:0 M:33452613] (U) Msg Retransmission to 0:0000000000000000 scheduled for 404ms from now [State:Active II:500 AI:300 AT:4000][0m
[0;32m[1784656472.531] [11469:11471] [SC] Sent Sigma3 msg[0m
[0;32m[1784656472.539] [11469:11471] [EM] >>> [E:64485i S:0 M:236071738 (Ack:33452613)] (U) Msg RX from 0:0000000000000000 [0000] to DB2576E98B025882 --- Type 0000:40 (SecureChannel:StatusReport) (B:34)[0m
[0;34m[1784656472.539] [11469:11471] [EM] Found matching exchange: 64485i, Delegate: 0x7a884400b8e8[0m
[0;34m[1784656472.539] [11469:11471] [EM] Rxd Ack; Removing MessageCounter:33452613 from Retrans Table on exchange 64485i[0m
[0;32m[1784656472.539] [11469:11471] [SC] Success status report received. Session was established[0m
[0;32m[1784656472.540] [11469:11471] [SC] SecureSession[0x7a8844009cd0, LSID:34722]: State change 'kEstablishing' --> 'kActive'[0m
[0;34m[1784656472.540] [11469:11471] [IN] SecureSession[0x7a8844009cd0]: Activated - Type:2 LSID:34722[0m
[0;34m[1784656472.540] [11469:11471] [IN] New secure session activated for device <0000000000000001, 1>, LSID:34722 PSID:32723![0m
[0;34m[1784656472.540] [11469:11471] [DIS] OperationalSessionSetup[1:0000000000000001]: State change 4 --> 5[0m
[0;32m[1784656472.540] [11469:11471] [TOO] Sending cluster (0x00000030) command (0x00000000) on endpoint 0[0m
[0;34m[1784656472.540] [11469:11471] [DMG] ICR moving to [AddingComm][0m
[0;34m[1784656472.540] [11469:11471] [DMG] ICR moving to [AddedComma][0m
[0;32m[1784656472.540] [11469:11471] [EM] <<< [E:64486i S:34722 M:22257019] (S) Msg TX from 000000000001B669 to 1:0000000000000001 [9FDD] [UDP:[fe80::bfe:a203:38f0:bce7%enp0s3]:5540] --- Type 0001:08 (IM:InvokeCommandRequest) (B:65)[0m
[0;32m[1784656472.540] [11469:11471] [EM] ??1 [E:64486i S:34722 M:22257019] (S) Msg Retransmission to 1:0000000000000001 scheduled for 407ms from now [State:Active II:500 AI:300 AT:4000][0m
[0;34m[1784656472.540] [11469:11471] [DMG] ICR moving to [AwaitingRe][0m
[0;32m[1784656472.540] [11469:11471] [EM] <<< [E:64485i S:0 M:33452614 (Ack:236071738)] (U) Msg TX from DB2576E98B025882 to 0:0000000000000000 [0000] [UDP:[fe80::bfe:a203:38f0:bce7%enp0s3]:5540] --- Type 0000:10 (SecureChannel:StandaloneAck) (B:26)[0m
[0;34m[1784656472.540] [11469:11471] [EM] Flushed pending ack for MessageCounter:236071738 on exchange 64485i[0m
[0;32m[1784656472.541] [11469:11471] [EM] >>> [E:64486i S:34722 M:46164113 (Ack:22257019)] (S) Msg RX from 1:0000000000000001 [9FDD] to 000000000001B669 --- Type 0001:09 (IM:InvokeCommandResponse) (B:70)[0m
[0;34m[1784656472.541] [11469:11471] [EM] Found matching exchange: 64486i, Delegate: 0x7a884400eef8[0m
[0;34m[1784656472.541] [11469:11471] [EM] Rxd Ack; Removing MessageCounter:22257019 from Retrans Table on exchange 64486i[0m
[0;34m[1784656472.541] [11469:11471] [DMG] ICR moving to [ResponseRe][0m
[0;34m[1784656472.541] [11469:11471] [DMG] InvokeResponseMessage =[0m
[0;34m[1784656472.541] [11469:11471] [DMG] {[0m
[0;34m[1784656472.541] [11469:11471] [DMG] 	suppressResponse = false, [0m
[0;34m[1784656472.541] [11469:11471] [DMG] 	InvokeResponseIBs =[0m
[0;34m[1784656472.541] [11469:11471] [DMG] 	[[0m
[0;34m[1784656472.541] [11469:11471] [DMG] 		InvokeResponseIB =[0m
[0;34m[1784656472.541] [11469:11471] [DMG] 		{[0m
[0;34m[1784656472.541] [11469:11471] [DMG] 			CommandDataIB =[0m
[0;34m[1784656472.541] [11469:11471] [DMG] 			{[0m
[0;34m[1784656472.541] [11469:11471] [DMG] 				CommandPathIB =[0m
[0;34m[1784656472.541] [11469:11471] [DMG] 				{[0m
[0;34m[1784656472.541] [11469:11471] [DMG] 					EndpointId = 0x0,[0m
[0;34m[1784656472.541] [11469:11471] [DMG] 					ClusterId = 0x30,[0m
[0;34m[1784656472.541] [11469:11471] [DMG] 					CommandId = 0x1,[0m
[0;34m[1784656472.541] [11469:11471] [DMG] 				},[0m
[0;34m[1784656472.541] [11469:11471] [DMG] 				[0m
[0;34m[1784656472.541] [11469:11471] [DMG] 				CommandFields = [0m
[0;34m[1784656472.541] [11469:11471] [DMG] 				{[0m
[0;34m[1784656472.541] [11469:11471] [DMG] 					0x0 = 0 (unsigned), [0m
[0;34m[1784656472.541] [11469:11471] [DMG] 					0x1 = "" (0 chars), [0m
[0;34m[1784656472.541] [11469:11471] [DMG] 				},[0m
[0;34m[1784656472.541] [11469:11471] [DMG] 			},[0m
[0;34m[1784656472.541] [11469:11471] [DMG] 			[0m
[0;34m[1784656472.541] [11469:11471] [DMG] 		},[0m
[0;34m[1784656472.541] [11469:11471] [DMG] 		[0m
[0;34m[1784656472.541] [11469:11471] [DMG] 	],[0m
[0;34m[1784656472.541] [11469:11471] [DMG] 	[0m
[0;34m[1784656472.541] [11469:11471] [DMG] 	InteractionModelRevision = 12[0m
[0;34m[1784656472.541] [11469:11471] [DMG] },[0m
[0;32m[1784656472.541] [11469:11471] [DMG] Received Command Response Data, Endpoint=0 Cluster=0x0000_0030 Command=0x0000_0001[0m
[0;32m[1784656472.541] [11469:11471] [TOO] Endpoint: 0 Cluster: 0x0000_0030 Command 0x0000_0001[0m
[0;32m[1784656472.541] [11469:11471] [TOO]   ArmFailSafeResponse: {[0m
[0;32m[1784656472.541] [11469:11471] [TOO]     errorCode: 0[0m
[0;32m[1784656472.541] [11469:11471] [TOO]     debugText: [0m
[0;32m[1784656472.541] [11469:11471] [TOO]    }[0m
[0;34m[1784656472.541] [11469:11471] [DMG] ICR moving to [AwaitingDe][0m
[0;32m[1784656472.541] [11469:11471] [EM] <<< [E:64486i S:34722 M:22257020 (Ack:46164113)] (S) Msg TX from 000000000001B669 to 1:0000000000000001 [9FDD] [UDP:[fe80::bfe:a203:38f0:bce7%enp0s3]:5540] --- Type 0000:10 (SecureChannel:StandaloneAck) (B:34)[0m
[0;34m[1784656472.541] [11469:11471] [EM] Flushed pending ack for MessageCounter:46164113 on exchange 64486i[0m
[0;34m[1784656472.541] [11469:11469] [CTL] Shutting down the commissioner[0m
[0;32m[1784656472.541] [11469:11469] [PAF] WiFiPAF: Closing all WiFiPAF sessions to shutdown[0m
[0;34m[1784656472.541] [11469:11469] [CTL] Shutting down the controller[0m
[0;34m[1784656472.541] [11469:11469] [IN] Expiring all sessions for fabric 0x1!![0m
[0;34m[1784656472.541] [11469:11469] [IN] SecureSession[0x7a8844009cd0]: MarkForEviction Type:2 LSID:34722[0m
[0;32m[1784656472.541] [11469:11469] [SC] SecureSession[0x7a8844009cd0, LSID:34722]: State change 'kActive' --> 'kPendingEviction'[0m
[0;34m[1784656472.541] [11469:11469] [IN] SecureSession[0x7a8844009cd0]: Released - Type:2 LSID:34722[0m
[0;32m[1784656472.541] [11469:11469] [FP] Forgetting fabric 0x1[0m
[0;32m[1784656472.541] [11469:11469] [TS] Pending Last Known Good Time: 2023-10-14T01:16:48[0m
[0;32m[1784656472.541] [11469:11469] [TS] Previous Last Known Good Time: 2023-10-14T01:16:48[0m
[0;32m[1784656472.541] [11469:11469] [TS] Reverted Last Known Good Time to previous value[0m
[0;34m[1784656472.541] [11469:11469] [CTL] Shutting down the commissioner[0m
[0;32m[1784656472.541] [11469:11469] [PAF] WiFiPAF: Closing all WiFiPAF sessions to shutdown[0m
[0;34m[1784656472.541] [11469:11469] [CTL] Shutting down the controller[0m
[0;34m[1784656472.541] [11469:11469] [CTL] Shutting down the System State, this will teardown the CHIP Stack[0m
[0;34m[1784656472.541] [11469:11469] [DMG] All ReadHandler-s are clean, clear GlobalDirtySet[0m
[0;32m[1784656472.541] [11469:11469] [FP] Shutting down FabricTable[0m
[0;32m[1784656472.541] [11469:11469] [TS] Pending Last Known Good Time: 2023-10-14T01:16:48[0m
[0;32m[1784656472.541] [11469:11469] [TS] Previous Last Known Good Time: 2023-10-14T01:16:48[0m
[0;32m[1784656472.541] [11469:11469] [TS] Reverted Last Known Good Time to previous value[0m
[0;34m[1784656472.543] [11469:11469] [DL] Wrote settings to /tmp/chip_counters.ini[0m
[0;32m[1784656472.543] [11469:11469] [DL] NVS set: chip-counters/total-operational-hours = 0 (0x0)[0m
[0;32m[1784656472.543] [11469:11469] [DL] Inet Layer shutdown[0m
[0;32m[1784656472.543] [11469:11469] [DL] BLE Layer shutdown[0m
[0;32m[1784656472.543] [11469:11469] [DL] WiFi-PAF Layer shutdown[0m
[0;32m[1784656472.543] [11469:11469] [PAF] WiFiPAF: Closing all WiFiPAF sessions to shutdown[0m
[0;32m[1784656472.543] [11469:11469] [DL] System Layer shutdown[0m
