[0;34m[1784656472.590] [11473:11473] [DL] ChipLinuxStorage::Init: Using KVS config file: /tmp/chip_tool_kvs[0m
[1;31m[1784656472.592] [11473:11473] [DL] ChipLinuxStorage::Init: Attempt to re-initialize with KVS config file: /tmp/chip_kvs, IGNORING.[0m
[0;34m[1784656472.594] [11473:11473] [DL] ChipLinuxStorage::Init: Using KVS config file: /tmp/chip_factory.ini[0m
[0;34m[1784656472.594] [11473:11473] [DL] ChipLinuxStorage::Init: Using KVS config file: /tmp/chip_config.ini[0m
[0;34m[1784656472.594] [11473:11473] [DL] ChipLinuxStorage::Init: Using KVS config file: /tmp/chip_counters.ini[0m
[0;34m[1784656472.597] [11473:11473] [DL] Wrote settings to /tmp/chip_counters.ini[0m
[0;32m[1784656472.597] [11473:11473] [DL] NVS set: chip-counters/reboot-count = 4 (0x4)[0m
[0;32m[1784656472.597] [11473:11473] [DL] Got Ethernet interface: enp0s3[0m
[0;32m[1784656472.597] [11473:11473] [DL] Found the primary Ethernet interface:enp0s3[0m
[1;31m[1784656472.597] [11473:11473] [DL] Failed to get WiFi interface[0m
[1;31m[1784656472.597] [11473:11473] [DL] Failed to reset WiFi statistic counts[0m
[0;32m[1784656472.597] [11473:11473] [PAF] WiFiPAF: WiFiPAFLayer::Init()[0m
[0;34m[1784656472.597] [11473:11473] [IN] UDP::Init bind&listen port=0[0m
[0;34m[1784656472.597] [11473:11473] [IN] UDP::Init bound to port=58298[0m
[0;34m[1784656472.597] [11473:11473] [IN] UDP::Init bind&listen port=0[0m
[0;34m[1784656472.597] [11473:11473] [IN] UDP::Init bound to port=44185[0m
[0;34m[1784656472.597] [11473:11473] [IN] BLEBase::Init - setting/overriding transport[0m
[0;34m[1784656472.597] [11473:11473] [IN] WiFiPAFBase::Init - setting/overriding transport[0m
[0;34m[1784656472.597] [11473:11473] [IN] TransportMgr initialized[0m
[0;34m[1784656472.597] [11473:11473] [FP] Initializing FabricTable from persistent storage[0m
[0;32m[1784656472.597] [11473:11473] [TS] Last Known Good Time: 2023-10-14T01:16:48[0m
[0;32m[1784656472.598] [11473:11473] [FP] Fabric index 0x1 was retrieved from storage. Compressed FabricId 0xB153E416E4AE9FDD, FabricId 0x0000000000000001, NodeId 0x000000000001B669, VendorId 0xFFF1[0m
[0;32m[1784656472.598] [11473:11473] [DMG] Ember attribute persistence requires setting up[0m
[0;32m[1784656472.598] [11473:11473] [ZCL] Using ZAP configuration...[0m
[0;34m[1784656472.599] [11473:11473] [CTL] System State Initialized...[0m
[0;32m[1784656472.599] [11473:11473] [CTL] Setting attestation nonce to random value[0m
[0;32m[1784656472.599] [11473:11473] [CTL] Setting CSR nonce to random value[0m
[0;34m[1784656472.599] [11473:11475] [DL] CHIP task running[0m
[0;32m[1784656472.599] [11473:11475] [CTL] Setting attestation nonce to random value[0m
[0;32m[1784656472.599] [11473:11475] [CTL] Setting CSR nonce to random value[0m
[0;32m[1784656472.599] [11473:11475] [CTL] Generating NOC[0m
[0;32m[1784656472.599] [11473:11475] [FP] Validating NOC chain[0m
[0;32m[1784656472.599] [11473:11475] [FP] NOC chain validation successful[0m
[0;32m[1784656472.599] [11473:11475] [FP] Updated fabric at index: 0x1, Node ID: 0x000000000001B669[0m
[0;32m[1784656472.599] [11473:11475] [TS] Last Known Good Time: 2023-10-14T01:16:48[0m
[0;32m[1784656472.599] [11473:11475] [TS] New proposed Last Known Good Time: 2021-01-01T00:00:00[0m
[0;32m[1784656472.599] [11473:11475] [TS] Retaining current Last Known Good Time[0m
[0;32m[1784656472.602] [11473:11475] [FP] Metadata for Fabric 0x1 persisted to storage.[0m
[0;32m[1784656472.603] [11473:11475] [TS] Committing Last Known Good Time to storage: 2023-10-14T01:16:48[0m
[0;32m[1784656472.604] [11473:11475] [CTL] Joined the fabric at index 1. Fabric ID is 0x0000000000000001 (Compressed Fabric ID: B153E416E4AE9FDD)[0m
[0;32m[1784656472.609] [11473:11475] [TOO] Sending command to node 0x1[0m
[0;34m[1784656472.609] [11473:11475] [CSM] FindOrEstablishSession: PeerId = [1:0000000000000001][0m
[0;34m[1784656472.609] [11473:11475] [CSM] FindOrEstablishSession: No existing OperationalSessionSetup instance found[0m
[0;34m[1784656472.609] [11473:11475] [DIS] OperationalSessionSetup[1:0000000000000001]: State change 1 --> 2[0m
[0;32m[1784656472.609] [11473:11475] [DIS] Lookup started for B153E416E4AE9FDD-0000000000000001[0m
[0;32m[1784656472.610] [11473:11475] [DIS] UDP:[fe80::bfe:a203:38f0:bce7%enp0s3]:5540: new best score: 7 (for B153E416E4AE9FDD-0000000000000001)[0m
[0;34m[1784656472.610] [11473:11475] [DIS] Lookup clearing interface for non LL address[0m
[0;32m[1784656472.610] [11473:11475] [DIS] UDP:10.0.2.15%enp0s3:5540: new best score: 2 (for B153E416E4AE9FDD-0000000000000001)[0m
[0;32m[1784656472.610] [11473:11475] [DIS] Checking node lookup status for B153E416E4AE9FDD-0000000000000001 after 0 ms[0m
[0;32m[1784656472.610] [11473:11475] [DIS] Keeping DNSSD lookup active[0m
[0;32m[1784656472.610] [11473:11475] [DIS] UDP:[fe80::bfe:a203:38f0:bce7%enp0s3]:5540: score has not improved: 7 (for B153E416E4AE9FDD-0000000000000001)[0m
[0;34m[1784656472.610] [11473:11475] [DIS] Lookup clearing interface for non LL address[0m
[0;32m[1784656472.610] [11473:11475] [DIS] UDP:10.0.2.15%enp0s3:5540: score has not improved: 2 (for B153E416E4AE9FDD-0000000000000001)[0m
[0;32m[1784656472.610] [11473:11475] [DIS] Checking node lookup status for B153E416E4AE9FDD-0000000000000001 after 0 ms[0m
[0;32m[1784656472.610] [11473:11475] [DIS] Keeping DNSSD lookup active[0m
[0;32m[1784656472.812] [11473:11475] [DIS] Checking node lookup status for B153E416E4AE9FDD-0000000000000001 after 203 ms[0m
[0;34m[1784656472.813] [11473:11475] [DIS] OperationalSessionSetup[1:0000000000000001]: Updating device address to UDP:[fe80::bfe:a203:38f0:bce7%enp0s3]:5540 while in state 2[0m
[0;34m[1784656472.813] [11473:11475] [DIS] OperationalSessionSetup[1:0000000000000001]: State change 2 --> 3[0m
[0;34m[1784656472.813] [11473:11475] [IN] SecureSession[0x780814009cd0]: Allocated Type:2 LSID:61851[0m
[0;32m[1784656472.813] [11473:11475] [SC] Initiating session on local FabricIndex 1 from 0x000000000001B669 -> 0x0000000000000001[0m
[0;32m[1784656472.814] [11473:11475] [EM] <<< [E:48914i S:0 M:130217513] (U) Msg TX from 8F957FA20B3F01AA to 0:0000000000000000 [0000] [UDP:[fe80::bfe:a203:38f0:bce7%enp0s3]:5540] --- Type 0000:30 (SecureChannel:CASE_Sigma1) (B:196)[0m
[0;32m[1784656472.815] [11473:11475] [EM] ??1 [E:48914i S:0 M:130217513] (U) Msg Retransmission to 0:0000000000000000 scheduled for 619ms from now [State:Idle II:500 AI:300 AT:4000][0m
[0;32m[1784656472.815] [11473:11475] [SC] Sent Sigma1 msg to <0000000000000001, 1> [II:500ms AI:300ms AT:4000ms][0m
[0;34m[1784656472.815] [11473:11475] [DIS] OperationalSessionSetup[1:0000000000000001]: State change 3 --> 4[0m
[0;32m[1784656472.816] [11473:11475] [EM] >>> [E:48914i S:0 M:236071739 (Ack:130217513)] (U) Msg RX from 0:0000000000000000 [0000] to 8F957FA20B3F01AA --- Type 0000:31 (SecureChannel:CASE_Sigma2) (B:751)[0m
[0;34m[1784656472.816] [11473:11475] [EM] Found matching exchange: 48914i, Delegate: 0x78081400b8e8[0m
[0;34m[1784656472.816] [11473:11475] [EM] Rxd Ack; Removing MessageCounter:130217513 from Retrans Table on exchange 48914i[0m
[0;32m[1784656472.817] [11473:11475] [SC] Received Sigma2 msg[0m
[0;34m[1784656472.817] [11473:11475] [SC] Found MRP parameters in the message[0m
[0;34m[1784656472.817] [11473:11475] [SC] Peer <0000000000000001, 1> assigned session ID 32724[0m
[0;34m[1784656472.817] [11473:11475] [SC] Sending Sigma3[0m
[0;32m[1784656472.818] [11473:11475] [EM] <<< [E:48914i S:0 M:130217514 (Ack:236071739)] (U) Msg TX from 8F957FA20B3F01AA to 0:0000000000000000 [0000] [UDP:[fe80::bfe:a203:38f0:bce7%enp0s3]:5540] --- Type 0000:32 (SecureChannel:CASE_Sigma3) (B:598)[0m
[0;32m[1784656472.818] [11473:11475] [EM] ??1 [E:48914i S:0 M:130217514] (U) Msg Retransmission to 0:0000000000000000 scheduled for 406ms from now [State:Active II:500 AI:300 AT:4000][0m
[0;32m[1784656472.818] [11473:11475] [SC] Sent Sigma3 msg[0m
[0;32m[1784656472.824] [11473:11475] [EM] >>> [E:48914i S:0 M:236071740 (Ack:130217514)] (U) Msg RX from 0:0000000000000000 [0000] to 8F957FA20B3F01AA --- Type 0000:40 (SecureChannel:StatusReport) (B:34)[0m
[0;34m[1784656472.824] [11473:11475] [EM] Found matching exchange: 48914i, Delegate: 0x78081400b8e8[0m
[0;34m[1784656472.824] [11473:11475] [EM] Rxd Ack; Removing MessageCounter:130217514 from Retrans Table on exchange 48914i[0m
[0;32m[1784656472.824] [11473:11475] [SC] Success status report received. Session was established[0m
[0;32m[1784656472.826] [11473:11475] [SC] SecureSession[0x780814009cd0, LSID:61851]: State change 'kEstablishing' --> 'kActive'[0m
[0;34m[1784656472.826] [11473:11475] [IN] SecureSession[0x780814009cd0]: Activated - Type:2 LSID:61851[0m
[0;34m[1784656472.826] [11473:11475] [IN] New secure session activated for device <0000000000000001, 1>, LSID:61851 PSID:32724![0m
[0;34m[1784656472.826] [11473:11475] [DIS] OperationalSessionSetup[1:0000000000000001]: State change 4 --> 5[0m
[0;32m[1784656472.826] [11473:11475] [TOO] Sending cluster (0x0000003E) command (0x00000004) on endpoint 0[0m
[0;34m[1784656472.826] [11473:11475] [DMG] ICR moving to [AddingComm][0m
[0;34m[1784656472.826] [11473:11475] [DMG] ICR moving to [AddedComma][0m
[0;32m[1784656472.826] [11473:11475] [EM] <<< [E:48915i S:61851 M:265391742] (S) Msg TX from 000000000001B669 to 1:0000000000000001 [9FDD] [UDP:[fe80::bfe:a203:38f0:bce7%enp0s3]:5540] --- Type 0001:08 (IM:InvokeCommandRequest) (B:96)[0m
[0;32m[1784656472.826] [11473:11475] [EM] ??1 [E:48915i S:61851 M:265391742] (S) Msg Retransmission to 1:0000000000000001 scheduled for 404ms from now [State:Active II:500 AI:300 AT:4000][0m
[0;34m[1784656472.826] [11473:11475] [DMG] ICR moving to [AwaitingRe][0m
[0;32m[1784656472.826] [11473:11475] [EM] <<< [E:48914i S:0 M:130217515 (Ack:236071740)] (U) Msg TX from 8F957FA20B3F01AA to 0:0000000000000000 [0000] [UDP:[fe80::bfe:a203:38f0:bce7%enp0s3]:5540] --- Type 0000:10 (SecureChannel:StandaloneAck) (B:26)[0m
[0;34m[1784656472.826] [11473:11475] [EM] Flushed pending ack for MessageCounter:236071740 on exchange 48914i[0m
[0;32m[1784656472.826] [11473:11475] [EM] >>> [E:48915i S:61851 M:155106968 (Ack:265391742)] (S) Msg RX from 1:0000000000000001 [9FDD] to 000000000001B669 --- Type 0001:09 (IM:InvokeCommandResponse) (B:377)[0m
[0;34m[1784656472.826] [11473:11475] [EM] Found matching exchange: 48915i, Delegate: 0x78081400eef8[0m
[0;34m[1784656472.826] [11473:11475] [EM] Rxd Ack; Removing MessageCounter:265391742 from Retrans Table on exchange 48915i[0m
[0;34m[1784656472.826] [11473:11475] [DMG] ICR moving to [ResponseRe][0m
[0;34m[1784656472.826] [11473:11475] [DMG] InvokeResponseMessage =[0m
[0;34m[1784656472.826] [11473:11475] [DMG] {[0m
[0;34m[1784656472.826] [11473:11475] [DMG] 	suppressResponse = false, [0m
[0;34m[1784656472.826] [11473:11475] [DMG] 	InvokeResponseIBs =[0m
[0;34m[1784656472.826] [11473:11475] [DMG] 	[[0m
[0;34m[1784656472.826] [11473:11475] [DMG] 		InvokeResponseIB =[0m
[0;34m[1784656472.826] [11473:11475] [DMG] 		{[0m
[0;34m[1784656472.826] [11473:11475] [DMG] 			CommandDataIB =[0m
[0;34m[1784656472.826] [11473:11475] [DMG] 			{[0m
[0;34m[1784656472.826] [11473:11475] [DMG] 				CommandPathIB =[0m
[0;34m[1784656472.826] [11473:11475] [DMG] 				{[0m
[0;34m[1784656472.826] [11473:11475] [DMG] 					EndpointId = 0x0,[0m
[0;34m[1784656472.826] [11473:11475] [DMG] 					ClusterId = 0x3e,[0m
[0;34m[1784656472.826] [11473:11475] [DMG] 					CommandId = 0x5,[0m
[0;34m[1784656472.826] [11473:11475] [DMG] 				},[0m
[0;34m[1784656472.826] [11473:11475] [DMG] 				[0m
[0;34m[1784656472.826] [11473:11475] [DMG] 				CommandFields = [0m
[0;34m[1784656472.826] [11473:11475] [DMG] 				{[0m
[0;34m[1784656472.826] [11473:11475] [DMG] 					0x0 = [[0m
[0;34m[1784656472.826] [11473:11475] [DMG] 							0x15, 0x30, 0x01, 0xcb, 0x30, 0x81, 0xc8, 0x30, 0x70, 0x02, 0x01, 0x00, 0x30, 0x0e, 0x31, 0x0c, 0x30, 0x0a, 0x06, 0x03, 0x55, 0x04, 0x0a, 0x0c, 0x03, 0x43, 0x53, 0x52, 0x30, 0x59, 0x30, 0x13, 0x06, 0x07, 0x2a, 0x86, 0x48, 0xce, 0x3d, 0x02, 0x01, 0x06, 0x08, 0x2a, 0x86, 0x48, 0xce, 0x3d, 0x03, 0x01, 0x07, 0x03, 0x42, 0x00, 0x04, 0xdc, 0x33, 0x87, 0x03, 0xfd, 0x96, 0xc2, 0xa8, 0xed, 0x2e, 0x4f, 0x43, 0x66, 0x06, 0xd5, 0x8a, 0xeb, 0x81, 0x76, 0x4d, 0xe3, 0x43, 0x58, 0xb0, 0xb5, 0x63, 0x90, 0x0b, 0x87, 0xe6, 0x7f, 0x60, 0x10, 0x55, 0x93, 0xd7, 0xcc, 0x64, 0xd0, 0x43, 0x84, 0xcf, 0x3e, 0xd9, 0x75, 0x2f, 0x76, 0x37, 0x60, 0x73, 0x92, 0xe1, 0xdb, 0x6e, 0x2d, 0x45, 0x3c, 0x14, 0x7b, 0xc0, 0xf4, 0x9f, 0x1b, 0x62, 0xa0, 0x00, 0x30, 0x0a, 0x06, 0x08, 0x2a, 0x86, 0x48, 0xce, 0x3d, 0x04, 0x03, 0x02, 0x03, 0x48, 0x00, 0x30, 0x45, 0x02, 0x20, 0x5b, 0xa8, 0x95, 0x19, 0x2b, 0x36, 0xbf, 0x6b, 0xc6, 0xad, 0xab, 0xb3, 0x15, 0xc4, 0x0b, 0x6d, 0x2d, 0xa9, 0x06, 0xd0, 0x0f, 0x10, 0x46, 0xe5, 0xa1, 0x6f, 0x34, 0x8f, 0x60, 0xce, 0xbf, 0xd3, 0x02, 0x21, 0x00, 0xa0, 0x68, 0xe9, 0x98, 0x84, 0xe5, 0x56, 0x23, 0xfc, 0x30, 0xcf, 0x1b, 0x60, 0x41, 0x40, 0xeb, 0xe9, 0xa0, 0x64, 0x15, 0xa1, 0x48, 0x08, 0x2b, 0xdf, 0x50, 0x5a, 0x42, 0xa4, 0xb1, 0xcb, 0xed, 0x30, 0x02, 0x20, 0xed, 0x30, 0x54, 0xa5, 0x62, 0xb7, 0xdf, 0x4c, 0x36, 0x87, 0xa3, 0x94, 0x2f, 0xcb, 0x68, 0xff, 0xe6, 0x2c, 0xf0, 0x63, 0xeb, 0xd0, 0xaf, 0x8a, 0xee, 0xf3, 0x2a, 0x17, 0xa5, 0x5e, 0x57, 0x90, 0x18, [0m
[0;34m[1784656472.826] [11473:11475] [DMG] 					] (243 bytes)[0m
[0;34m[1784656472.826] [11473:11475] [DMG] 					0x1 = [[0m
[0;34m[1784656472.826] [11473:11475] [DMG] 							0xff, 0x99, 0x99, 0x78, 0x2f, 0x58, 0xab, 0x8e, 0x50, 0x58, 0x22, 0xb3, 0xd5, 0x01, 0x33, 0x9e, 0x97, 0xb6, 0xf3, 0x91, 0x17, 0x9a, 0xde, 0x5d, 0xe5, 0x16, 0x1d, 0xc8, 0xdd, 0x33, 0xb5, 0xad, 0xeb, 0xed, 0xc6, 0xaf, 0x85, 0x56, 0xbc, 0xbe, 0xd1, 0x2a, 0x64, 0xb1, 0x57, 0x23, 0xe2, 0xe2, 0x6c, 0x1d, 0xf4, 0x34, 0x52, 0xd6, 0xff, 0x29, 0xc0, 0x97, 0x15, 0x0d, 0x69, 0x4c, 0x5a, 0xdc, [0m
[0;34m[1784656472.826] [11473:11475] [DMG] 					] (64 bytes)[0m
[0;34m[1784656472.826] [11473:11475] [DMG] 				},[0m
[0;34m[1784656472.826] [11473:11475] [DMG] 			},[0m
[0;34m[1784656472.826] [11473:11475] [DMG] 			[0m
[0;34m[1784656472.826] [11473:11475] [DMG] 		},[0m
[0;34m[1784656472.826] [11473:11475] [DMG] 		[0m
[0;34m[1784656472.826] [11473:11475] [DMG] 	],[0m
[0;34m[1784656472.826] [11473:11475] [DMG] 	[0m
[0;34m[1784656472.826] [11473:11475] [DMG] 	InteractionModelRevision = 12[0m
[0;34m[1784656472.826] [11473:11475] [DMG] },[0m
[0;32m[1784656472.826] [11473:11475] [DMG] Received Command Response Data, Endpoint=0 Cluster=0x0000_003E Command=0x0000_0005[0m
[0;32m[1784656472.826] [11473:11475] [TOO] Endpoint: 0 Cluster: 0x0000_003E Command 0x0000_0005[0m
[0;32m[1784656472.826] [11473:11475] [TOO]   CSRResponse: {[0m
[0;32m[1784656472.826] [11473:11475] [TOO]     NOCSRElements: 153001CB3081C83070020100300E310C300A060355040A0C034353523059301306072A8648CE3D020106082A8648CE3D03010703420004DC338703FD96C2A8ED2E4F436606D58AEB81764DE34358B0B563900B87E67F60105593D7CC64D04384CF3ED9752F7637607392E1DB6E2D453C147BC0F49F1B62A000300A06082A8648CE3D040302034800304502205BA895192B36BF6BC6ADABB315C40B6D2DA906D00F1046E5A16F348F60CEBFD3022100A068E99884E55623FC30CF1B604140EBE9A06415A148082BDF505A42A4B1CBED300220ED3054A562B7DF4C3687A3942FCB68FFE62CF063EBD0AF8AEEF32A17A55E579018[0m
[0;32m[1784656472.826] [11473:11475] [TOO]     attestationSignature: FF9999782F58AB8E505822B3D501339E97B6F391179ADE5DE5161DC8DD33B5ADEBEDC6AF8556BCBED12A64B15723E2E26C1DF43452D6FF29C097150D694C5ADC[0m
[0;32m[1784656472.826] [11473:11475] [TOO]    }[0m
[0;34m[1784656472.826] [11473:11475] [DMG] ICR moving to [AwaitingDe][0m
[0;32m[1784656472.826] [11473:11475] [EM] <<< [E:48915i S:61851 M:265391743 (Ack:155106968)] (S) Msg TX from 000000000001B669 to 1:0000000000000001 [9FDD] [UDP:[fe80::bfe:a203:38f0:bce7%enp0s3]:5540] --- Type 0000:10 (SecureChannel:StandaloneAck) (B:34)[0m
[0;34m[1784656472.827] [11473:11475] [EM] Flushed pending ack for MessageCounter:155106968 on exchange 48915i[0m
[0;34m[1784656472.828] [11473:11473] [CTL] Shutting down the commissioner[0m
[0;32m[1784656472.828] [11473:11473] [PAF] WiFiPAF: Closing all WiFiPAF sessions to shutdown[0m
[0;34m[1784656472.828] [11473:11473] [CTL] Shutting down the controller[0m
[0;34m[1784656472.828] [11473:11473] [IN] Expiring all sessions for fabric 0x1!![0m
[0;34m[1784656472.828] [11473:11473] [IN] SecureSession[0x780814009cd0]: MarkForEviction Type:2 LSID:61851[0m
[0;32m[1784656472.828] [11473:11473] [SC] SecureSession[0x780814009cd0, LSID:61851]: State change 'kActive' --> 'kPendingEviction'[0m
[0;34m[1784656472.828] [11473:11473] [IN] SecureSession[0x780814009cd0]: Released - Type:2 LSID:61851[0m
[0;32m[1784656472.828] [11473:11473] [FP] Forgetting fabric 0x1[0m
[0;32m[1784656472.828] [11473:11473] [TS] Pending Last Known Good Time: 2023-10-14T01:16:48[0m
[0;32m[1784656472.828] [11473:11473] [TS] Previous Last Known Good Time: 2023-10-14T01:16:48[0m
[0;32m[1784656472.828] [11473:11473] [TS] Reverted Last Known Good Time to previous value[0m
[0;34m[1784656472.828] [11473:11473] [CTL] Shutting down the commissioner[0m
[0;32m[1784656472.828] [11473:11473] [PAF] WiFiPAF: Closing all WiFiPAF sessions to shutdown[0m
[0;34m[1784656472.828] [11473:11473] [CTL] Shutting down the controller[0m
[0;34m[1784656472.828] [11473:11473] [CTL] Shutting down the System State, this will teardown the CHIP Stack[0m
[0;34m[1784656472.828] [11473:11473] [DMG] All ReadHandler-s are clean, clear GlobalDirtySet[0m
[0;32m[1784656472.828] [11473:11473] [FP] Shutting down FabricTable[0m
[0;32m[1784656472.828] [11473:11473] [TS] Pending Last Known Good Time: 2023-10-14T01:16:48[0m
[0;32m[1784656472.828] [11473:11473] [TS] Previous Last Known Good Time: 2023-10-14T01:16:48[0m
[0;32m[1784656472.828] [11473:11473] [TS] Reverted Last Known Good Time to previous value[0m
[0;34m[1784656472.830] [11473:11473] [DL] Wrote settings to /tmp/chip_counters.ini[0m
[0;32m[1784656472.830] [11473:11473] [DL] NVS set: chip-counters/total-operational-hours = 0 (0x0)[0m
[0;32m[1784656472.830] [11473:11473] [DL] Inet Layer shutdown[0m
[0;32m[1784656472.830] [11473:11473] [DL] BLE Layer shutdown[0m
[0;32m[1784656472.830] [11473:11473] [DL] WiFi-PAF Layer shutdown[0m
[0;32m[1784656472.830] [11473:11473] [PAF] WiFiPAF: Closing all WiFiPAF sessions to shutdown[0m
[0;32m[1784656472.830] [11473:11473] [DL] System Layer shutdown[0m
