[0;34m[1784656473.233] [11486:11486] [DL] ChipLinuxStorage::Init: Using KVS config file: /tmp/chip_tool_kvs[0m
[1;31m[1784656473.234] [11486:11486] [DL] ChipLinuxStorage::Init: Attempt to re-initialize with KVS config file: /tmp/chip_kvs, IGNORING.[0m
[0;34m[1784656473.235] [11486:11486] [DL] ChipLinuxStorage::Init: Using KVS config file: /tmp/chip_factory.ini[0m
[0;34m[1784656473.235] [11486:11486] [DL] ChipLinuxStorage::Init: Using KVS config file: /tmp/chip_config.ini[0m
[0;34m[1784656473.235] [11486:11486] [DL] ChipLinuxStorage::Init: Using KVS config file: /tmp/chip_counters.ini[0m
[0;34m[1784656473.239] [11486:11486] [DL] Wrote settings to /tmp/chip_counters.ini[0m
[0;32m[1784656473.239] [11486:11486] [DL] NVS set: chip-counters/reboot-count = 6 (0x6)[0m
[0;32m[1784656473.239] [11486:11486] [DL] Got Ethernet interface: enp0s3[0m
[0;32m[1784656473.239] [11486:11486] [DL] Found the primary Ethernet interface:enp0s3[0m
[1;31m[1784656473.239] [11486:11486] [DL] Failed to get WiFi interface[0m
[1;31m[1784656473.239] [11486:11486] [DL] Failed to reset WiFi statistic counts[0m
[0;32m[1784656473.239] [11486:11486] [PAF] WiFiPAF: WiFiPAFLayer::Init()[0m
[0;34m[1784656473.239] [11486:11486] [IN] UDP::Init bind&listen port=0[0m
[0;34m[1784656473.239] [11486:11486] [IN] UDP::Init bound to port=47840[0m
[0;34m[1784656473.239] [11486:11486] [IN] UDP::Init bind&listen port=0[0m
[0;34m[1784656473.239] [11486:11486] [IN] UDP::Init bound to port=55644[0m
[0;34m[1784656473.239] [11486:11486] [IN] BLEBase::Init - setting/overriding transport[0m
[0;34m[1784656473.239] [11486:11486] [IN] WiFiPAFBase::Init - setting/overriding transport[0m
[0;34m[1784656473.239] [11486:11486] [IN] TransportMgr initialized[0m
[0;34m[1784656473.239] [11486:11486] [FP] Initializing FabricTable from persistent storage[0m
[0;32m[1784656473.239] [11486:11486] [TS] Last Known Good Time: 2023-10-14T01:16:48[0m
[0;32m[1784656473.239] [11486:11486] [FP] Fabric index 0x1 was retrieved from storage. Compressed FabricId 0xB153E416E4AE9FDD, FabricId 0x0000000000000001, NodeId 0x000000000001B669, VendorId 0xFFF1[0m
[0;32m[1784656473.240] [11486:11486] [DMG] Ember attribute persistence requires setting up[0m
[0;32m[1784656473.240] [11486:11486] [ZCL] Using ZAP configuration...[0m
[0;34m[1784656473.241] [11486:11486] [CTL] System State Initialized...[0m
[0;32m[1784656473.241] [11486:11486] [CTL] Setting attestation nonce to random value[0m
[0;32m[1784656473.241] [11486:11486] [CTL] Setting CSR nonce to random value[0m
[0;34m[1784656473.241] [11486:11488] [DL] CHIP task running[0m
[0;32m[1784656473.241] [11486:11488] [CTL] Setting attestation nonce to random value[0m
[0;32m[1784656473.241] [11486:11488] [CTL] Setting CSR nonce to random value[0m
[0;32m[1784656473.241] [11486:11488] [CTL] Generating NOC[0m
[0;32m[1784656473.241] [11486:11488] [FP] Validating NOC chain[0m
[0;32m[1784656473.242] [11486:11488] [FP] NOC chain validation successful[0m
[0;32m[1784656473.242] [11486:11488] [FP] Updated fabric at index: 0x1, Node ID: 0x000000000001B669[0m
[0;32m[1784656473.242] [11486:11488] [TS] Last Known Good Time: 2023-10-14T01:16:48[0m
[0;32m[1784656473.242] [11486:11488] [TS] New proposed Last Known Good Time: 2021-01-01T00:00:00[0m
[0;32m[1784656473.242] [11486:11488] [TS] Retaining current Last Known Good Time[0m
[0;32m[1784656473.244] [11486:11488] [FP] Metadata for Fabric 0x1 persisted to storage.[0m
[0;32m[1784656473.245] [11486:11488] [TS] Committing Last Known Good Time to storage: 2023-10-14T01:16:48[0m
[0;32m[1784656473.246] [11486:11488] [CTL] Joined the fabric at index 1. Fabric ID is 0x0000000000000001 (Compressed Fabric ID: B153E416E4AE9FDD)[0m
[0;32m[1784656473.251] [11486:11488] [TOO] Sending command to node 0x1[0m
[0;34m[1784656473.252] [11486:11488] [CSM] FindOrEstablishSession: PeerId = [1:0000000000000001][0m
[0;34m[1784656473.252] [11486:11488] [CSM] FindOrEstablishSession: No existing OperationalSessionSetup instance found[0m
[0;34m[1784656473.252] [11486:11488] [DIS] OperationalSessionSetup[1:0000000000000001]: State change 1 --> 2[0m
[0;32m[1784656473.252] [11486:11488] [DIS] Lookup started for B153E416E4AE9FDD-0000000000000001[0m
[0;32m[1784656473.252] [11486:11488] [DIS] UDP:[fe80::bfe:a203:38f0:bce7%enp0s3]:5540: new best score: 7 (for B153E416E4AE9FDD-0000000000000001)[0m
[0;34m[1784656473.252] [11486:11488] [DIS] Lookup clearing interface for non LL address[0m
[0;32m[1784656473.252] [11486:11488] [DIS] UDP:10.0.2.15%enp0s3:5540: new best score: 2 (for B153E416E4AE9FDD-0000000000000001)[0m
[0;32m[1784656473.252] [11486:11488] [DIS] Checking node lookup status for B153E416E4AE9FDD-0000000000000001 after 0 ms[0m
[0;32m[1784656473.252] [11486:11488] [DIS] Keeping DNSSD lookup active[0m
[0;32m[1784656473.252] [11486:11488] [DIS] UDP:[fe80::bfe:a203:38f0:bce7%enp0s3]:5540: score has not improved: 7 (for B153E416E4AE9FDD-0000000000000001)[0m
[0;34m[1784656473.252] [11486:11488] [DIS] Lookup clearing interface for non LL address[0m
[0;32m[1784656473.252] [11486:11488] [DIS] UDP:10.0.2.15%enp0s3:5540: score has not improved: 2 (for B153E416E4AE9FDD-0000000000000001)[0m
[0;32m[1784656473.252] [11486:11488] [DIS] Checking node lookup status for B153E416E4AE9FDD-0000000000000001 after 0 ms[0m
[0;32m[1784656473.252] [11486:11488] [DIS] Keeping DNSSD lookup active[0m
[0;32m[1784656473.452] [11486:11488] [DIS] Checking node lookup status for B153E416E4AE9FDD-0000000000000001 after 201 ms[0m
[0;34m[1784656473.452] [11486:11488] [DIS] OperationalSessionSetup[1:0000000000000001]: Updating device address to UDP:[fe80::bfe:a203:38f0:bce7%enp0s3]:5540 while in state 2[0m
[0;34m[1784656473.452] [11486:11488] [DIS] OperationalSessionSetup[1:0000000000000001]: State change 2 --> 3[0m
[0;34m[1784656473.452] [11486:11488] [IN] SecureSession[0x723e48009cd0]: Allocated Type:2 LSID:17391[0m
[0;32m[1784656473.452] [11486:11488] [SC] Initiating session on local FabricIndex 1 from 0x000000000001B669 -> 0x0000000000000001[0m
[0;32m[1784656473.453] [11486:11488] [EM] <<< [E:34841i S:0 M:156602444] (U) Msg TX from D5F6EA7342D8668C to 0:0000000000000000 [0000] [UDP:[fe80::bfe:a203:38f0:bce7%enp0s3]:5540] --- Type 0000:30 (SecureChannel:CASE_Sigma1) (B:196)[0m
[0;32m[1784656473.453] [11486:11488] [EM] ??1 [E:34841i S:0 M:156602444] (U) Msg Retransmission to 0:0000000000000000 scheduled for 563ms from now [State:Idle II:500 AI:300 AT:4000][0m
[0;32m[1784656473.453] [11486:11488] [SC] Sent Sigma1 msg to <0000000000000001, 1> [II:500ms AI:300ms AT:4000ms][0m
[0;34m[1784656473.453] [11486:11488] [DIS] OperationalSessionSetup[1:0000000000000001]: State change 3 --> 4[0m
[0;32m[1784656473.455] [11486:11488] [EM] >>> [E:34841i S:0 M:236071743 (Ack:156602444)] (U) Msg RX from 0:0000000000000000 [0000] to D5F6EA7342D8668C --- Type 0000:31 (SecureChannel:CASE_Sigma2) (B:751)[0m
[0;34m[1784656473.455] [11486:11488] [EM] Found matching exchange: 34841i, Delegate: 0x723e4800b8e8[0m
[0;34m[1784656473.455] [11486:11488] [EM] Rxd Ack; Removing MessageCounter:156602444 from Retrans Table on exchange 34841i[0m
[0;32m[1784656473.455] [11486:11488] [SC] Received Sigma2 msg[0m
[0;34m[1784656473.455] [11486:11488] [SC] Found MRP parameters in the message[0m
[0;34m[1784656473.456] [11486:11488] [SC] Peer <0000000000000001, 1> assigned session ID 32726[0m
[0;34m[1784656473.456] [11486:11488] [SC] Sending Sigma3[0m
[0;32m[1784656473.456] [11486:11488] [EM] <<< [E:34841i S:0 M:156602445 (Ack:236071743)] (U) Msg TX from D5F6EA7342D8668C to 0:0000000000000000 [0000] [UDP:[fe80::bfe:a203:38f0:bce7%enp0s3]:5540] --- Type 0000:32 (SecureChannel:CASE_Sigma3) (B:598)[0m
[0;32m[1784656473.456] [11486:11488] [EM] ??1 [E:34841i S:0 M:156602445] (U) Msg Retransmission to 0:0000000000000000 scheduled for 391ms from now [State:Active II:500 AI:300 AT:4000][0m
[0;32m[1784656473.456] [11486:11488] [SC] Sent Sigma3 msg[0m
[0;32m[1784656473.467] [11486:11488] [EM] >>> [E:34841i S:0 M:236071744 (Ack:156602445)] (U) Msg RX from 0:0000000000000000 [0000] to D5F6EA7342D8668C --- Type 0000:40 (SecureChannel:StatusReport) (B:34)[0m
[0;34m[1784656473.467] [11486:11488] [EM] Found matching exchange: 34841i, Delegate: 0x723e4800b8e8[0m
[0;34m[1784656473.467] [11486:11488] [EM] Rxd Ack; Removing MessageCounter:156602445 from Retrans Table on exchange 34841i[0m
[0;32m[1784656473.467] [11486:11488] [SC] Success status report received. Session was established[0m
[0;32m[1784656473.469] [11486:11488] [SC] SecureSession[0x723e48009cd0, LSID:17391]: State change 'kEstablishing' --> 'kActive'[0m
[0;34m[1784656473.469] [11486:11488] [IN] SecureSession[0x723e48009cd0]: Activated - Type:2 LSID:17391[0m
[0;34m[1784656473.469] [11486:11488] [IN] New secure session activated for device <0000000000000001, 1>, LSID:17391 PSID:32726![0m
[0;34m[1784656473.469] [11486:11488] [DIS] OperationalSessionSetup[1:0000000000000001]: State change 4 --> 5[0m
[0;32m[1784656473.469] [11486:11488] [TOO] Sending cluster (0x0000003E) command (0x00000007) on endpoint 0[0m
[0;34m[1784656473.469] [11486:11488] [DMG] ICR moving to [AddingComm][0m
[0;34m[1784656473.469] [11486:11488] [DMG] ICR moving to [AddedComma][0m
[0;32m[1784656473.469] [11486:11488] [EM] <<< [E:34842i S:17391 M:231495703] (S) Msg TX from 000000000001B669 to 1:0000000000000001 [9FDD] [UDP:[fe80::bfe:a203:38f0:bce7%enp0s3]:5540] --- Type 0001:08 (IM:InvokeCommandRequest) (B:330)[0m
[0;32m[1784656473.469] [11486:11488] [EM] ??1 [E:34842i S:17391 M:231495703] (S) Msg Retransmission to 1:0000000000000001 scheduled for 394ms from now [State:Active II:500 AI:300 AT:4000][0m
[0;34m[1784656473.469] [11486:11488] [DMG] ICR moving to [AwaitingRe][0m
[0;32m[1784656473.469] [11486:11488] [EM] <<< [E:34841i S:0 M:156602446 (Ack:236071744)] (U) Msg TX from D5F6EA7342D8668C to 0:0000000000000000 [0000] [UDP:[fe80::bfe:a203:38f0:bce7%enp0s3]:5540] --- Type 0000:10 (SecureChannel:StandaloneAck) (B:26)[0m
[0;34m[1784656473.469] [11486:11488] [EM] Flushed pending ack for MessageCounter:236071744 on exchange 34841i[0m
[0;32m[1784656473.479] [11486:11488] [EM] >>> [E:34842i S:17391 M:88658283 (Ack:231495703)] (S) Msg RX from 1:0000000000000001 [9FDD] to 000000000001B669 --- Type 0001:09 (IM:InvokeCommandResponse) (B:70)[0m
[0;34m[1784656473.479] [11486:11488] [EM] Found matching exchange: 34842i, Delegate: 0x723e4800eef8[0m
[0;34m[1784656473.479] [11486:11488] [EM] Rxd Ack; Removing MessageCounter:231495703 from Retrans Table on exchange 34842i[0m
[0;34m[1784656473.479] [11486:11488] [DMG] ICR moving to [ResponseRe][0m
[0;34m[1784656473.479] [11486:11488] [DMG] InvokeResponseMessage =[0m
[0;34m[1784656473.479] [11486:11488] [DMG] {[0m
[0;34m[1784656473.479] [11486:11488] [DMG] 	suppressResponse = false, [0m
[0;34m[1784656473.479] [11486:11488] [DMG] 	InvokeResponseIBs =[0m
[0;34m[1784656473.479] [11486:11488] [DMG] 	[[0m
[0;34m[1784656473.479] [11486:11488] [DMG] 		InvokeResponseIB =[0m
[0;34m[1784656473.479] [11486:11488] [DMG] 		{[0m
[0;34m[1784656473.479] [11486:11488] [DMG] 			CommandDataIB =[0m
[0;34m[1784656473.479] [11486:11488] [DMG] 			{[0m
[0;34m[1784656473.479] [11486:11488] [DMG] 				CommandPathIB =[0m
[0;34m[1784656473.479] [11486:11488] [DMG] 				{[0m
[0;34m[1784656473.479] [11486:11488] [DMG] 					EndpointId = 0x0,[0m
[0;34m[1784656473.479] [11486:11488] [DMG] 					ClusterId = 0x3e,[0m
[0;34m[1784656473.479] [11486:11488] [DMG] 					CommandId = 0x8,[0m
[0;34m[1784656473.479] [11486:11488] [DMG] 				},[0m
[0;34m[1784656473.479] [11486:11488] [DMG] 				[0m
[0;34m[1784656473.479] [11486:11488] [DMG] 				CommandFields = [0m
[0;34m[1784656473.479] [11486:11488] [DMG] 				{[0m
[0;34m[1784656473.479] [11486:11488] [DMG] 					0x0 = 0 (unsigned), [0m
[0;34m[1784656473.479] [11486:11488] [DMG] 					0x1 = 1 (unsigned), [0m
[0;34m[1784656473.479] [11486:11488] [DMG] 				},[0m
[0;34m[1784656473.479] [11486:11488] [DMG] 			},[0m
[0;34m[1784656473.479] [11486:11488] [DMG] 			[0m
[0;34m[1784656473.479] [11486:11488] [DMG] 		},[0m
[0;34m[1784656473.479] [11486:11488] [DMG] 		[0m
[0;34m[1784656473.479] [11486:11488] [DMG] 	],[0m
[0;34m[1784656473.479] [11486:11488] [DMG] 	[0m
[0;34m[1784656473.479] [11486:11488] [DMG] 	InteractionModelRevision = 12[0m
[0;34m[1784656473.479] [11486:11488] [DMG] },[0m
[0;32m[1784656473.479] [11486:11488] [DMG] Received Command Response Data, Endpoint=0 Cluster=0x0000_003E Command=0x0000_0008[0m
[0;32m[1784656473.479] [11486:11488] [TOO] Endpoint: 0 Cluster: 0x0000_003E Command 0x0000_0008[0m
[0;32m[1784656473.479] [11486:11488] [TOO]   NOCResponse: {[0m
[0;32m[1784656473.479] [11486:11488] [TOO]     statusCode: 0[0m
[0;32m[1784656473.479] [11486:11488] [TOO]     fabricIndex: 1[0m
[0;32m[1784656473.479] [11486:11488] [TOO]    }[0m
[0;34m[1784656473.479] [11486:11488] [DMG] ICR moving to [AwaitingDe][0m
[0;32m[1784656473.479] [11486:11488] [EM] <<< [E:34842i S:17391 M:231495704 (Ack:88658283)] (S) Msg TX from 000000000001B669 to 1:0000000000000001 [9FDD] [UDP:[fe80::bfe:a203:38f0:bce7%enp0s3]:5540] --- Type 0000:10 (SecureChannel:StandaloneAck) (B:34)[0m
[0;34m[1784656473.479] [11486:11488] [EM] Flushed pending ack for MessageCounter:88658283 on exchange 34842i[0m
[0;34m[1784656473.480] [11486:11486] [CTL] Shutting down the commissioner[0m
[0;32m[1784656473.480] [11486:11486] [PAF] WiFiPAF: Closing all WiFiPAF sessions to shutdown[0m
[0;34m[1784656473.480] [11486:11486] [CTL] Shutting down the controller[0m
[0;34m[1784656473.480] [11486:11486] [IN] Expiring all sessions for fabric 0x1!![0m
[0;34m[1784656473.480] [11486:11486] [IN] SecureSession[0x723e48009cd0]: MarkForEviction Type:2 LSID:17391[0m
[0;32m[1784656473.480] [11486:11486] [SC] SecureSession[0x723e48009cd0, LSID:17391]: State change 'kActive' --> 'kPendingEviction'[0m
[0;34m[1784656473.480] [11486:11486] [IN] SecureSession[0x723e48009cd0]: Released - Type:2 LSID:17391[0m
[0;32m[1784656473.480] [11486:11486] [FP] Forgetting fabric 0x1[0m
[0;32m[1784656473.480] [11486:11486] [TS] Pending Last Known Good Time: 2023-10-14T01:16:48[0m
[0;32m[1784656473.480] [11486:11486] [TS] Previous Last Known Good Time: 2023-10-14T01:16:48[0m
[0;32m[1784656473.480] [11486:11486] [TS] Reverted Last Known Good Time to previous value[0m
[0;34m[1784656473.480] [11486:11486] [CTL] Shutting down the commissioner[0m
[0;32m[1784656473.480] [11486:11486] [PAF] WiFiPAF: Closing all WiFiPAF sessions to shutdown[0m
[0;34m[1784656473.480] [11486:11486] [CTL] Shutting down the controller[0m
[0;34m[1784656473.480] [11486:11486] [CTL] Shutting down the System State, this will teardown the CHIP Stack[0m
[0;34m[1784656473.480] [11486:11486] [DMG] All ReadHandler-s are clean, clear GlobalDirtySet[0m
[0;32m[1784656473.480] [11486:11486] [FP] Shutting down FabricTable[0m
[0;32m[1784656473.480] [11486:11486] [TS] Pending Last Known Good Time: 2023-10-14T01:16:48[0m
[0;32m[1784656473.480] [11486:11486] [TS] Previous Last Known Good Time: 2023-10-14T01:16:48[0m
[0;32m[1784656473.480] [11486:11486] [TS] Reverted Last Known Good Time to previous value[0m
[0;34m[1784656473.482] [11486:11486] [DL] Wrote settings to /tmp/chip_counters.ini[0m
[0;32m[1784656473.482] [11486:11486] [DL] NVS set: chip-counters/total-operational-hours = 0 (0x0)[0m
[0;32m[1784656473.482] [11486:11486] [DL] Inet Layer shutdown[0m
[0;32m[1784656473.482] [11486:11486] [DL] BLE Layer shutdown[0m
[0;32m[1784656473.482] [11486:11486] [DL] WiFi-PAF Layer shutdown[0m
[0;32m[1784656473.482] [11486:11486] [PAF] WiFiPAF: Closing all WiFiPAF sessions to shutdown[0m
[0;32m[1784656473.482] [11486:11486] [DL] System Layer shutdown[0m
