[0;34m[1784837760.641] [21780:21780] [DL] ChipLinuxStorage::Init: Using KVS config file: /tmp/chip_tool_kvs[0m
[1;31m[1784837760.641] [21780:21780] [DL] ChipLinuxStorage::Init: Attempt to re-initialize with KVS config file: /tmp/chip_kvs, IGNORING.[0m
[0;34m[1784837760.643] [21780:21780] [DL] ChipLinuxStorage::Init: Using KVS config file: /tmp/chip_factory.ini[0m
[0;34m[1784837760.643] [21780:21780] [DL] ChipLinuxStorage::Init: Using KVS config file: /tmp/chip_config.ini[0m
[0;34m[1784837760.643] [21780:21780] [DL] ChipLinuxStorage::Init: Using KVS config file: /tmp/chip_counters.ini[0m
[0;34m[1784837760.646] [21780:21780] [DL] Wrote settings to /tmp/chip_counters.ini[0m
[0;32m[1784837760.646] [21780:21780] [DL] NVS set: chip-counters/reboot-count = 3 (0x3)[0m
[0;32m[1784837760.646] [21780:21780] [DL] Got Ethernet interface: enp0s3[0m
[0;32m[1784837760.646] [21780:21780] [DL] Found the primary Ethernet interface:enp0s3[0m
[1;31m[1784837760.646] [21780:21780] [DL] Failed to get WiFi interface[0m
[1;31m[1784837760.646] [21780:21780] [DL] Failed to reset WiFi statistic counts[0m
[0;32m[1784837760.646] [21780:21780] [PAF] WiFiPAF: WiFiPAFLayer::Init()[0m
[0;34m[1784837760.646] [21780:21780] [IN] UDP::Init bind&listen port=0[0m
[0;34m[1784837760.646] [21780:21780] [IN] UDP::Init bound to port=55223[0m
[0;34m[1784837760.646] [21780:21780] [IN] UDP::Init bind&listen port=0[0m
[0;34m[1784837760.646] [21780:21780] [IN] UDP::Init bound to port=41758[0m
[0;34m[1784837760.646] [21780:21780] [IN] BLEBase::Init - setting/overriding transport[0m
[0;34m[1784837760.646] [21780:21780] [IN] WiFiPAFBase::Init - setting/overriding transport[0m
[0;34m[1784837760.646] [21780:21780] [IN] TransportMgr initialized[0m
[0;34m[1784837760.646] [21780:21780] [FP] Initializing FabricTable from persistent storage[0m
[0;32m[1784837760.646] [21780:21780] [TS] Last Known Good Time: 2023-10-14T01:16:48[0m
[0;32m[1784837760.647] [21780:21780] [FP] Fabric index 0x1 was retrieved from storage. Compressed FabricId 0x539B900DD3B6A37F, FabricId 0x0000000000000001, NodeId 0x000000000001B669, VendorId 0xFFF1[0m
[0;32m[1784837760.648] [21780:21780] [DMG] Ember attribute persistence requires setting up[0m
[0;32m[1784837760.648] [21780:21780] [ZCL] Using ZAP configuration...[0m
[0;34m[1784837760.648] [21780:21780] [CTL] System State Initialized...[0m
[0;32m[1784837760.648] [21780:21780] [CTL] Setting attestation nonce to random value[0m
[0;32m[1784837760.648] [21780:21780] [CTL] Setting CSR nonce to random value[0m
[0;34m[1784837760.648] [21780:21782] [DL] CHIP task running[0m
[0;32m[1784837760.648] [21780:21782] [CTL] Setting attestation nonce to random value[0m
[0;32m[1784837760.648] [21780:21782] [CTL] Setting CSR nonce to random value[0m
[0;32m[1784837760.648] [21780:21782] [CTL] Generating NOC[0m
[0;32m[1784837760.649] [21780:21782] [FP] Validating NOC chain[0m
[0;32m[1784837760.649] [21780:21782] [FP] NOC chain validation successful[0m
[0;32m[1784837760.649] [21780:21782] [FP] Updated fabric at index: 0x1, Node ID: 0x000000000001B669[0m
[0;32m[1784837760.649] [21780:21782] [TS] Last Known Good Time: 2023-10-14T01:16:48[0m
[0;32m[1784837760.649] [21780:21782] [TS] New proposed Last Known Good Time: 2021-01-01T00:00:00[0m
[0;32m[1784837760.649] [21780:21782] [TS] Retaining current Last Known Good Time[0m
[0;32m[1784837760.651] [21780:21782] [FP] Metadata for Fabric 0x1 persisted to storage.[0m
[0;32m[1784837760.651] [21780:21782] [TS] Committing Last Known Good Time to storage: 2023-10-14T01:16:48[0m
[0;32m[1784837760.652] [21780:21782] [CTL] Joined the fabric at index 1. Fabric ID is 0x0000000000000001 (Compressed Fabric ID: 539B900DD3B6A37F)[0m
[0;32m[1784837760.657] [21780:21782] [TOO] Sending command to node 0x1[0m
[0;34m[1784837760.657] [21780:21782] [CSM] FindOrEstablishSession: PeerId = [1:0000000000000001][0m
[0;34m[1784837760.657] [21780:21782] [CSM] FindOrEstablishSession: No existing OperationalSessionSetup instance found[0m
[0;34m[1784837760.657] [21780:21782] [DIS] OperationalSessionSetup[1:0000000000000001]: State change 1 --> 2[0m
[0;32m[1784837760.657] [21780:21782] [DIS] Lookup started for 539B900DD3B6A37F-0000000000000001[0m
[0;32m[1784837760.658] [21780:21782] [DIS] UDP:[fe80::bfe:a203:38f0:bce7%enp0s3]:5540: new best score: 7 (for 539B900DD3B6A37F-0000000000000001)[0m
[0;34m[1784837760.658] [21780:21782] [DIS] Lookup clearing interface for non LL address[0m
[0;32m[1784837760.658] [21780:21782] [DIS] UDP:10.0.2.15%enp0s3:5540: new best score: 2 (for 539B900DD3B6A37F-0000000000000001)[0m
[0;32m[1784837760.658] [21780:21782] [DIS] Checking node lookup status for 539B900DD3B6A37F-0000000000000001 after 0 ms[0m
[0;32m[1784837760.658] [21780:21782] [DIS] Keeping DNSSD lookup active[0m
[0;32m[1784837760.658] [21780:21782] [DIS] UDP:[fe80::bfe:a203:38f0:bce7%enp0s3]:5540: score has not improved: 7 (for 539B900DD3B6A37F-0000000000000001)[0m
[0;34m[1784837760.658] [21780:21782] [DIS] Lookup clearing interface for non LL address[0m
[0;32m[1784837760.658] [21780:21782] [DIS] UDP:10.0.2.15%enp0s3:5540: score has not improved: 2 (for 539B900DD3B6A37F-0000000000000001)[0m
[0;32m[1784837760.658] [21780:21782] [DIS] Checking node lookup status for 539B900DD3B6A37F-0000000000000001 after 0 ms[0m
[0;32m[1784837760.658] [21780:21782] [DIS] Keeping DNSSD lookup active[0m
[0;32m[1784837760.859] [21780:21782] [DIS] Checking node lookup status for 539B900DD3B6A37F-0000000000000001 after 201 ms[0m
[0;34m[1784837760.859] [21780:21782] [DIS] OperationalSessionSetup[1:0000000000000001]: Updating device address to UDP:[fe80::bfe:a203:38f0:bce7%enp0s3]:5540 while in state 2[0m
[0;34m[1784837760.859] [21780:21782] [DIS] OperationalSessionSetup[1:0000000000000001]: State change 2 --> 3[0m
[0;34m[1784837760.859] [21780:21782] [IN] SecureSession[0x7f0f10009cd0]: Allocated Type:2 LSID:60790[0m
[0;32m[1784837760.859] [21780:21782] [SC] Initiating session on local FabricIndex 1 from 0x000000000001B669 -> 0x0000000000000001[0m
[0;32m[1784837760.859] [21780:21782] [EM] <<< [E:46333i S:0 M:92718231] (U) Msg TX from C2089B06059C364E to 0:0000000000000000 [0000] [UDP:[fe80::bfe:a203:38f0:bce7%enp0s3]:5540] --- Type 0000:30 (SecureChannel:CASE_Sigma1) (B:196)[0m
[0;32m[1784837760.860] [21780:21782] [EM] ??1 [E:46333i S:0 M:92718231] (U) Msg Retransmission to 0:0000000000000000 scheduled for 657ms from now [State:Idle II:500 AI:300 AT:4000][0m
[0;32m[1784837760.860] [21780:21782] [SC] Sent Sigma1 msg to <0000000000000001, 1> [II:500ms AI:300ms AT:4000ms][0m
[0;34m[1784837760.860] [21780:21782] [DIS] OperationalSessionSetup[1:0000000000000001]: State change 3 --> 4[0m
[0;32m[1784837760.862] [21780:21782] [EM] >>> [E:46333i S:0 M:174736686 (Ack:92718231)] (U) Msg RX from 0:0000000000000000 [0000] to C2089B06059C364E --- Type 0000:31 (SecureChannel:CASE_Sigma2) (B:751)[0m
[0;34m[1784837760.862] [21780:21782] [EM] Found matching exchange: 46333i, Delegate: 0x7f0f1000b8e8[0m
[0;34m[1784837760.862] [21780:21782] [EM] Rxd Ack; Removing MessageCounter:92718231 from Retrans Table on exchange 46333i[0m
[0;32m[1784837760.862] [21780:21782] [SC] Received Sigma2 msg[0m
[0;34m[1784837760.862] [21780:21782] [SC] Found MRP parameters in the message[0m
[0;34m[1784837760.863] [21780:21782] [SC] Peer <0000000000000001, 1> assigned session ID 29904[0m
[0;34m[1784837760.863] [21780:21782] [SC] Sending Sigma3[0m
[0;32m[1784837760.863] [21780:21782] [EM] <<< [E:46333i S:0 M:92718232 (Ack:174736686)] (U) Msg TX from C2089B06059C364E to 0:0000000000000000 [0000] [UDP:[fe80::bfe:a203:38f0:bce7%enp0s3]:5540] --- Type 0000:32 (SecureChannel:CASE_Sigma3) (B:598)[0m
[0;32m[1784837760.863] [21780:21782] [EM] ??1 [E:46333i S:0 M:92718232] (U) Msg Retransmission to 0:0000000000000000 scheduled for 388ms from now [State:Active II:500 AI:300 AT:4000][0m
[0;32m[1784837760.863] [21780:21782] [SC] Sent Sigma3 msg[0m
[0;32m[1784837760.873] [21780:21782] [EM] >>> [E:46333i S:0 M:174736687 (Ack:92718232)] (U) Msg RX from 0:0000000000000000 [0000] to C2089B06059C364E --- Type 0000:40 (SecureChannel:StatusReport) (B:34)[0m
[0;34m[1784837760.873] [21780:21782] [EM] Found matching exchange: 46333i, Delegate: 0x7f0f1000b8e8[0m
[0;34m[1784837760.873] [21780:21782] [EM] Rxd Ack; Removing MessageCounter:92718232 from Retrans Table on exchange 46333i[0m
[0;32m[1784837760.873] [21780:21782] [SC] Success status report received. Session was established[0m
[0;32m[1784837760.874] [21780:21782] [SC] SecureSession[0x7f0f10009cd0, LSID:60790]: State change 'kEstablishing' --> 'kActive'[0m
[0;34m[1784837760.874] [21780:21782] [IN] SecureSession[0x7f0f10009cd0]: Activated - Type:2 LSID:60790[0m
[0;34m[1784837760.874] [21780:21782] [IN] New secure session activated for device <0000000000000001, 1>, LSID:60790 PSID:29904![0m
[0;34m[1784837760.874] [21780:21782] [DIS] OperationalSessionSetup[1:0000000000000001]: State change 4 --> 5[0m
[0;32m[1784837760.874] [21780:21782] [TOO] Sending ReadAttribute to:[0m
[0;32m[1784837760.874] [21780:21782] [TOO] 	cluster 0x0000_0038, attribute: 0x0000_0000, endpoint 0[0m
[0;34m[1784837760.874] [21780:21782] [DMG] SendReadRequest ReadClient[0x7f0f1000eef0]: Sending Read Request[0m
[0;32m[1784837760.874] [21780:21782] [DMG] 0 data version filters provided, 0 not relevant, 0 encoded, 0 skipped due to lack of space[0m
[0;32m[1784837760.874] [21780:21782] [EM] <<< [E:46334i S:60790 M:106873408] (S) Msg TX from 000000000001B669 to 1:0000000000000001 [A37F] [UDP:[fe80::bfe:a203:38f0:bce7%enp0s3]:5540] --- Type 0001:02 (IM:ReadRequest) (B:51)[0m
[0;32m[1784837760.874] [21780:21782] [EM] ??1 [E:46334i S:60790 M:106873408] (S) Msg Retransmission to 1:0000000000000001 scheduled for 330ms from now [State:Active II:500 AI:300 AT:4000][0m
[0;34m[1784837760.874] [21780:21782] [DMG] MoveToState ReadClient[0x7f0f1000eef0]: Moving to [AwaitingIn][0m
[0;32m[1784837760.874] [21780:21782] [EM] <<< [E:46333i S:0 M:92718233 (Ack:174736687)] (U) Msg TX from C2089B06059C364E to 0:0000000000000000 [0000] [UDP:[fe80::bfe:a203:38f0:bce7%enp0s3]:5540] --- Type 0000:10 (SecureChannel:StandaloneAck) (B:26)[0m
[0;34m[1784837760.874] [21780:21782] [EM] Flushed pending ack for MessageCounter:174736687 on exchange 46333i[0m
[0;32m[1784837760.875] [21780:21782] [EM] >>> [E:46334i S:60790 M:266776276 (Ack:106873408)] (S) Msg RX from 1:0000000000000001 [A37F] to 000000000001B669 --- Type 0001:05 (IM:ReportData) (B:77)[0m
[0;34m[1784837760.875] [21780:21782] [EM] Found matching exchange: 46334i, Delegate: 0x7f0f1000ef00[0m
[0;34m[1784837760.875] [21780:21782] [EM] Rxd Ack; Removing MessageCounter:106873408 from Retrans Table on exchange 46334i[0m
[0;34m[1784837760.875] [21780:21782] [DMG] ReportDataMessage =[0m
[0;34m[1784837760.875] [21780:21782] [DMG] {[0m
[0;34m[1784837760.875] [21780:21782] [DMG] 	AttributeReportIBs =[0m
[0;34m[1784837760.875] [21780:21782] [DMG] 	[[0m
[0;34m[1784837760.875] [21780:21782] [DMG] 		AttributeReportIB =[0m
[0;34m[1784837760.875] [21780:21782] [DMG] 		{[0m
[0;34m[1784837760.875] [21780:21782] [DMG] 			AttributeDataIB =[0m
[0;34m[1784837760.875] [21780:21782] [DMG] 			{[0m
[0;34m[1784837760.875] [21780:21782] [DMG] 				DataVersion = 0xac284917,[0m
[0;34m[1784837760.875] [21780:21782] [DMG] 				AttributePathIB =[0m
[0;34m[1784837760.875] [21780:21782] [DMG] 				{[0m
[0;34m[1784837760.875] [21780:21782] [DMG] 					Endpoint = 0x0,[0m
[0;34m[1784837760.875] [21780:21782] [DMG] 					Cluster = 0x38,[0m
[0;34m[1784837760.875] [21780:21782] [DMG] 					Attribute = 0x0000_0000,[0m
[0;34m[1784837760.875] [21780:21782] [DMG] 				}[0m
[0;34m[1784837760.875] [21780:21782] [DMG] 					[0m
[0;34m[1784837760.875] [21780:21782] [DMG] 				Data = 838152960875008 (unsigned), [0m
[0;34m[1784837760.875] [21780:21782] [DMG] 			},[0m
[0;34m[1784837760.875] [21780:21782] [DMG] 			[0m
[0;34m[1784837760.875] [21780:21782] [DMG] 		},[0m
[0;34m[1784837760.875] [21780:21782] [DMG] 		[0m
[0;34m[1784837760.875] [21780:21782] [DMG] 	],[0m
[0;34m[1784837760.875] [21780:21782] [DMG] 	[0m
[0;34m[1784837760.875] [21780:21782] [DMG] 	SuppressResponse = true, [0m
[0;34m[1784837760.875] [21780:21782] [DMG] 	InteractionModelRevision = 12[0m
[0;34m[1784837760.875] [21780:21782] [DMG] }[0m
[0;32m[1784837760.875] [21780:21782] [TOO] Endpoint: 0 Cluster: 0x0000_0038 Attribute 0x0000_0000 DataVersion: 2888321303[0m
[0;32m[1784837760.875] [21780:21782] [TOO]   UTCTime: 838152960875008[0m
[0;32m[1784837760.875] [21780:21782] [EM] <<< [E:46334i S:60790 M:106873409 (Ack:266776276)] (S) Msg TX from 000000000001B669 to 1:0000000000000001 [A37F] [UDP:[fe80::bfe:a203:38f0:bce7%enp0s3]:5540] --- Type 0000:10 (SecureChannel:StandaloneAck) (B:34)[0m
[0;34m[1784837760.875] [21780:21782] [EM] Flushed pending ack for MessageCounter:266776276 on exchange 46334i[0m
[0;34m[1784837760.875] [21780:21780] [CTL] Shutting down the commissioner[0m
[0;32m[1784837760.875] [21780:21780] [PAF] WiFiPAF: Closing all WiFiPAF sessions to shutdown[0m
[0;34m[1784837760.875] [21780:21780] [CTL] Shutting down the controller[0m
[0;34m[1784837760.875] [21780:21780] [IN] Expiring all sessions for fabric 0x1!![0m
[0;34m[1784837760.875] [21780:21780] [IN] SecureSession[0x7f0f10009cd0]: MarkForEviction Type:2 LSID:60790[0m
[0;32m[1784837760.875] [21780:21780] [SC] SecureSession[0x7f0f10009cd0, LSID:60790]: State change 'kActive' --> 'kPendingEviction'[0m
[0;34m[1784837760.875] [21780:21780] [IN] SecureSession[0x7f0f10009cd0]: Released - Type:2 LSID:60790[0m
[0;32m[1784837760.875] [21780:21780] [FP] Forgetting fabric 0x1[0m
[0;32m[1784837760.875] [21780:21780] [TS] Pending Last Known Good Time: 2023-10-14T01:16:48[0m
[0;32m[1784837760.875] [21780:21780] [TS] Previous Last Known Good Time: 2023-10-14T01:16:48[0m
[0;32m[1784837760.875] [21780:21780] [TS] Reverted Last Known Good Time to previous value[0m
[0;34m[1784837760.875] [21780:21780] [CTL] Shutting down the commissioner[0m
[0;32m[1784837760.875] [21780:21780] [PAF] WiFiPAF: Closing all WiFiPAF sessions to shutdown[0m
[0;34m[1784837760.875] [21780:21780] [CTL] Shutting down the controller[0m
[0;34m[1784837760.875] [21780:21780] [CTL] Shutting down the System State, this will teardown the CHIP Stack[0m
[0;34m[1784837760.875] [21780:21780] [DMG] All ReadHandler-s are clean, clear GlobalDirtySet[0m
[0;32m[1784837760.875] [21780:21780] [FP] Shutting down FabricTable[0m
[0;32m[1784837760.875] [21780:21780] [TS] Pending Last Known Good Time: 2023-10-14T01:16:48[0m
[0;32m[1784837760.875] [21780:21780] [TS] Previous Last Known Good Time: 2023-10-14T01:16:48[0m
[0;32m[1784837760.875] [21780:21780] [TS] Reverted Last Known Good Time to previous value[0m
[0;34m[1784837760.878] [21780:21780] [DL] Wrote settings to /tmp/chip_counters.ini[0m
[0;32m[1784837760.878] [21780:21780] [DL] NVS set: chip-counters/total-operational-hours = 0 (0x0)[0m
[0;32m[1784837760.878] [21780:21780] [DL] Inet Layer shutdown[0m
[0;32m[1784837760.878] [21780:21780] [DL] BLE Layer shutdown[0m
[0;32m[1784837760.878] [21780:21780] [DL] WiFi-PAF Layer shutdown[0m
[0;32m[1784837760.878] [21780:21780] [PAF] WiFiPAF: Closing all WiFiPAF sessions to shutdown[0m
[0;32m[1784837760.878] [21780:21780] [DL] System Layer shutdown[0m
