[0;34m[1784656833.161] [13482:13482] [DL] ChipLinuxStorage::Init: Using KVS config file: /tmp/chip_tool_kvs[0m
[1;31m[1784656833.161] [13482:13482] [DL] ChipLinuxStorage::Init: Attempt to re-initialize with KVS config file: /tmp/chip_kvs, IGNORING.[0m
[0;34m[1784656833.163] [13482:13482] [DL] ChipLinuxStorage::Init: Using KVS config file: /tmp/chip_factory.ini[0m
[0;34m[1784656833.163] [13482:13482] [DL] ChipLinuxStorage::Init: Using KVS config file: /tmp/chip_config.ini[0m
[0;34m[1784656833.163] [13482:13482] [DL] ChipLinuxStorage::Init: Using KVS config file: /tmp/chip_counters.ini[0m
[0;34m[1784656833.166] [13482:13482] [DL] Wrote settings to /tmp/chip_counters.ini[0m
[0;32m[1784656833.166] [13482:13482] [DL] NVS set: chip-counters/reboot-count = 3 (0x3)[0m
[0;32m[1784656833.166] [13482:13482] [DL] Got Ethernet interface: enp0s3[0m
[0;32m[1784656833.166] [13482:13482] [DL] Found the primary Ethernet interface:enp0s3[0m
[1;31m[1784656833.166] [13482:13482] [DL] Failed to get WiFi interface[0m
[1;31m[1784656833.166] [13482:13482] [DL] Failed to reset WiFi statistic counts[0m
[0;32m[1784656833.166] [13482:13482] [PAF] WiFiPAF: WiFiPAFLayer::Init()[0m
[0;34m[1784656833.166] [13482:13482] [IN] UDP::Init bind&listen port=0[0m
[0;34m[1784656833.166] [13482:13482] [IN] UDP::Init bound to port=56765[0m
[0;34m[1784656833.166] [13482:13482] [IN] UDP::Init bind&listen port=0[0m
[0;34m[1784656833.166] [13482:13482] [IN] UDP::Init bound to port=60866[0m
[0;34m[1784656833.166] [13482:13482] [IN] BLEBase::Init - setting/overriding transport[0m
[0;34m[1784656833.166] [13482:13482] [IN] WiFiPAFBase::Init - setting/overriding transport[0m
[0;34m[1784656833.166] [13482:13482] [IN] TransportMgr initialized[0m
[0;34m[1784656833.166] [13482:13482] [FP] Initializing FabricTable from persistent storage[0m
[0;32m[1784656833.166] [13482:13482] [TS] Last Known Good Time: 2023-10-14T01:16:48[0m
[0;32m[1784656833.166] [13482:13482] [FP] Fabric index 0x1 was retrieved from storage. Compressed FabricId 0x327C36F80B48D7A2, FabricId 0x0000000000000001, NodeId 0x000000000001B669, VendorId 0xFFF1[0m
[0;32m[1784656833.168] [13482:13482] [DMG] Ember attribute persistence requires setting up[0m
[0;32m[1784656833.168] [13482:13482] [ZCL] Using ZAP configuration...[0m
[0;34m[1784656833.168] [13482:13482] [CTL] System State Initialized...[0m
[0;32m[1784656833.168] [13482:13482] [CTL] Setting attestation nonce to random value[0m
[0;32m[1784656833.168] [13482:13482] [CTL] Setting CSR nonce to random value[0m
[0;34m[1784656833.168] [13482:13484] [DL] CHIP task running[0m
[0;32m[1784656833.168] [13482:13484] [CTL] Setting attestation nonce to random value[0m
[0;32m[1784656833.168] [13482:13484] [CTL] Setting CSR nonce to random value[0m
[0;32m[1784656833.168] [13482:13484] [CTL] Generating NOC[0m
[0;32m[1784656833.168] [13482:13484] [FP] Validating NOC chain[0m
[0;32m[1784656833.168] [13482:13484] [FP] NOC chain validation successful[0m
[0;32m[1784656833.168] [13482:13484] [FP] Updated fabric at index: 0x1, Node ID: 0x000000000001B669[0m
[0;32m[1784656833.168] [13482:13484] [TS] Last Known Good Time: 2023-10-14T01:16:48[0m
[0;32m[1784656833.168] [13482:13484] [TS] New proposed Last Known Good Time: 2021-01-01T00:00:00[0m
[0;32m[1784656833.168] [13482:13484] [TS] Retaining current Last Known Good Time[0m
[0;32m[1784656833.171] [13482:13484] [FP] Metadata for Fabric 0x1 persisted to storage.[0m
[0;32m[1784656833.172] [13482:13484] [TS] Committing Last Known Good Time to storage: 2023-10-14T01:16:48[0m
[0;32m[1784656833.173] [13482:13484] [CTL] Joined the fabric at index 1. Fabric ID is 0x0000000000000001 (Compressed Fabric ID: 327C36F80B48D7A2)[0m
[0;32m[1784656833.176] [13482:13484] [TOO] Sending command to node 0x1[0m
[0;34m[1784656833.176] [13482:13484] [CSM] FindOrEstablishSession: PeerId = [1:0000000000000001][0m
[0;34m[1784656833.176] [13482:13484] [CSM] FindOrEstablishSession: No existing OperationalSessionSetup instance found[0m
[0;34m[1784656833.177] [13482:13484] [DIS] OperationalSessionSetup[1:0000000000000001]: State change 1 --> 2[0m
[0;32m[1784656833.177] [13482:13484] [DIS] Lookup started for 327C36F80B48D7A2-0000000000000001[0m
[0;32m[1784656833.177] [13482:13484] [DIS] UDP:[fe80::bfe:a203:38f0:bce7%enp0s3]:5540: new best score: 7 (for 327C36F80B48D7A2-0000000000000001)[0m
[0;34m[1784656833.177] [13482:13484] [DIS] Lookup clearing interface for non LL address[0m
[0;32m[1784656833.177] [13482:13484] [DIS] UDP:10.0.2.15%enp0s3:5540: new best score: 2 (for 327C36F80B48D7A2-0000000000000001)[0m
[0;32m[1784656833.177] [13482:13484] [DIS] Checking node lookup status for 327C36F80B48D7A2-0000000000000001 after 1 ms[0m
[0;32m[1784656833.177] [13482:13484] [DIS] Keeping DNSSD lookup active[0m
[0;32m[1784656833.177] [13482:13484] [DIS] UDP:[fe80::bfe:a203:38f0:bce7%enp0s3]:5540: score has not improved: 7 (for 327C36F80B48D7A2-0000000000000001)[0m
[0;34m[1784656833.177] [13482:13484] [DIS] Lookup clearing interface for non LL address[0m
[0;32m[1784656833.177] [13482:13484] [DIS] UDP:10.0.2.15%enp0s3:5540: score has not improved: 2 (for 327C36F80B48D7A2-0000000000000001)[0m
[0;32m[1784656833.177] [13482:13484] [DIS] Checking node lookup status for 327C36F80B48D7A2-0000000000000001 after 1 ms[0m
[0;32m[1784656833.177] [13482:13484] [DIS] Keeping DNSSD lookup active[0m
[0;32m[1784656833.378] [13482:13484] [DIS] Checking node lookup status for 327C36F80B48D7A2-0000000000000001 after 201 ms[0m
[0;34m[1784656833.378] [13482:13484] [DIS] OperationalSessionSetup[1:0000000000000001]: Updating device address to UDP:[fe80::bfe:a203:38f0:bce7%enp0s3]:5540 while in state 2[0m
[0;34m[1784656833.378] [13482:13484] [DIS] OperationalSessionSetup[1:0000000000000001]: State change 2 --> 3[0m
[0;34m[1784656833.378] [13482:13484] [IN] SecureSession[0x7c3664009cd0]: Allocated Type:2 LSID:53711[0m
[0;32m[1784656833.378] [13482:13484] [SC] Initiating session on local FabricIndex 1 from 0x000000000001B669 -> 0x0000000000000001[0m
[0;32m[1784656833.378] [13482:13484] [EM] <<< [E:37931i S:0 M:64168222] (U) Msg TX from 1245C107AA7A3875 to 0:0000000000000000 [0000] [UDP:[fe80::bfe:a203:38f0:bce7%enp0s3]:5540] --- Type 0000:30 (SecureChannel:CASE_Sigma1) (B:196)[0m
[0;32m[1784656833.379] [13482:13484] [EM] ??1 [E:37931i S:0 M:64168222] (U) Msg Retransmission to 0:0000000000000000 scheduled for 613ms from now [State:Idle II:500 AI:300 AT:4000][0m
[0;32m[1784656833.379] [13482:13484] [SC] Sent Sigma1 msg to <0000000000000001, 1> [II:500ms AI:300ms AT:4000ms][0m
[0;34m[1784656833.379] [13482:13484] [DIS] OperationalSessionSetup[1:0000000000000001]: State change 3 --> 4[0m
[0;32m[1784656833.380] [13482:13484] [EM] >>> [E:37931i S:0 M:207597146 (Ack:64168222)] (U) Msg RX from 0:0000000000000000 [0000] to 1245C107AA7A3875 --- Type 0000:31 (SecureChannel:CASE_Sigma2) (B:751)[0m
[0;34m[1784656833.380] [13482:13484] [EM] Found matching exchange: 37931i, Delegate: 0x7c366400b8e8[0m
[0;34m[1784656833.380] [13482:13484] [EM] Rxd Ack; Removing MessageCounter:64168222 from Retrans Table on exchange 37931i[0m
[0;32m[1784656833.380] [13482:13484] [SC] Received Sigma2 msg[0m
[0;34m[1784656833.380] [13482:13484] [SC] Found MRP parameters in the message[0m
[0;34m[1784656833.380] [13482:13484] [SC] Peer <0000000000000001, 1> assigned session ID 2488[0m
[0;34m[1784656833.381] [13482:13484] [SC] Sending Sigma3[0m
[0;32m[1784656833.381] [13482:13484] [EM] <<< [E:37931i S:0 M:64168223 (Ack:207597146)] (U) Msg TX from 1245C107AA7A3875 to 0:0000000000000000 [0000] [UDP:[fe80::bfe:a203:38f0:bce7%enp0s3]:5540] --- Type 0000:32 (SecureChannel:CASE_Sigma3) (B:598)[0m
[0;32m[1784656833.381] [13482:13484] [EM] ??1 [E:37931i S:0 M:64168223] (U) Msg Retransmission to 0:0000000000000000 scheduled for 407ms from now [State:Active II:500 AI:300 AT:4000][0m
[0;32m[1784656833.381] [13482:13484] [SC] Sent Sigma3 msg[0m
[0;32m[1784656833.389] [13482:13484] [EM] >>> [E:37931i S:0 M:207597147 (Ack:64168223)] (U) Msg RX from 0:0000000000000000 [0000] to 1245C107AA7A3875 --- Type 0000:40 (SecureChannel:StatusReport) (B:34)[0m
[0;34m[1784656833.389] [13482:13484] [EM] Found matching exchange: 37931i, Delegate: 0x7c366400b8e8[0m
[0;34m[1784656833.389] [13482:13484] [EM] Rxd Ack; Removing MessageCounter:64168223 from Retrans Table on exchange 37931i[0m
[0;32m[1784656833.389] [13482:13484] [SC] Success status report received. Session was established[0m
[0;32m[1784656833.391] [13482:13484] [SC] SecureSession[0x7c3664009cd0, LSID:53711]: State change 'kEstablishing' --> 'kActive'[0m
[0;34m[1784656833.391] [13482:13484] [IN] SecureSession[0x7c3664009cd0]: Activated - Type:2 LSID:53711[0m
[0;34m[1784656833.391] [13482:13484] [IN] New secure session activated for device <0000000000000001, 1>, LSID:53711 PSID:2488![0m
[0;34m[1784656833.391] [13482:13484] [DIS] OperationalSessionSetup[1:0000000000000001]: State change 4 --> 5[0m
[0;32m[1784656833.391] [13482:13484] [TOO] Sending cluster (0x00000030) command (0x00000000) on endpoint 0[0m
[0;34m[1784656833.391] [13482:13484] [DMG] ICR moving to [AddingComm][0m
[0;34m[1784656833.391] [13482:13484] [DMG] ICR moving to [AddedComma][0m
[0;32m[1784656833.391] [13482:13484] [EM] <<< [E:37932i S:53711 M:266324216] (S) Msg TX from 000000000001B669 to 1:0000000000000001 [D7A2] [UDP:[fe80::bfe:a203:38f0:bce7%enp0s3]:5540] --- Type 0001:08 (IM:InvokeCommandRequest) (B:65)[0m
[0;32m[1784656833.391] [13482:13484] [EM] ??1 [E:37932i S:53711 M:266324216] (S) Msg Retransmission to 1:0000000000000001 scheduled for 368ms from now [State:Active II:500 AI:300 AT:4000][0m
[0;34m[1784656833.391] [13482:13484] [DMG] ICR moving to [AwaitingRe][0m
[0;32m[1784656833.391] [13482:13484] [EM] <<< [E:37931i S:0 M:64168224 (Ack:207597147)] (U) Msg TX from 1245C107AA7A3875 to 0:0000000000000000 [0000] [UDP:[fe80::bfe:a203:38f0:bce7%enp0s3]:5540] --- Type 0000:10 (SecureChannel:StandaloneAck) (B:26)[0m
[0;34m[1784656833.391] [13482:13484] [EM] Flushed pending ack for MessageCounter:207597147 on exchange 37931i[0m
[0;32m[1784656833.391] [13482:13484] [EM] >>> [E:37932i S:53711 M:67261604 (Ack:266324216)] (S) Msg RX from 1:0000000000000001 [D7A2] to 000000000001B669 --- Type 0001:09 (IM:InvokeCommandResponse) (B:70)[0m
[0;34m[1784656833.391] [13482:13484] [EM] Found matching exchange: 37932i, Delegate: 0x7c366400eef8[0m
[0;34m[1784656833.391] [13482:13484] [EM] Rxd Ack; Removing MessageCounter:266324216 from Retrans Table on exchange 37932i[0m
[0;34m[1784656833.391] [13482:13484] [DMG] ICR moving to [ResponseRe][0m
[0;34m[1784656833.391] [13482:13484] [DMG] InvokeResponseMessage =[0m
[0;34m[1784656833.391] [13482:13484] [DMG] {[0m
[0;34m[1784656833.391] [13482:13484] [DMG] 	suppressResponse = false, [0m
[0;34m[1784656833.391] [13482:13484] [DMG] 	InvokeResponseIBs =[0m
[0;34m[1784656833.391] [13482:13484] [DMG] 	[[0m
[0;34m[1784656833.391] [13482:13484] [DMG] 		InvokeResponseIB =[0m
[0;34m[1784656833.391] [13482:13484] [DMG] 		{[0m
[0;34m[1784656833.391] [13482:13484] [DMG] 			CommandDataIB =[0m
[0;34m[1784656833.391] [13482:13484] [DMG] 			{[0m
[0;34m[1784656833.391] [13482:13484] [DMG] 				CommandPathIB =[0m
[0;34m[1784656833.391] [13482:13484] [DMG] 				{[0m
[0;34m[1784656833.391] [13482:13484] [DMG] 					EndpointId = 0x0,[0m
[0;34m[1784656833.391] [13482:13484] [DMG] 					ClusterId = 0x30,[0m
[0;34m[1784656833.391] [13482:13484] [DMG] 					CommandId = 0x1,[0m
[0;34m[1784656833.391] [13482:13484] [DMG] 				},[0m
[0;34m[1784656833.391] [13482:13484] [DMG] 				[0m
[0;34m[1784656833.391] [13482:13484] [DMG] 				CommandFields = [0m
[0;34m[1784656833.391] [13482:13484] [DMG] 				{[0m
[0;34m[1784656833.391] [13482:13484] [DMG] 					0x0 = 0 (unsigned), [0m
[0;34m[1784656833.391] [13482:13484] [DMG] 					0x1 = "" (0 chars), [0m
[0;34m[1784656833.391] [13482:13484] [DMG] 				},[0m
[0;34m[1784656833.391] [13482:13484] [DMG] 			},[0m
[0;34m[1784656833.391] [13482:13484] [DMG] 			[0m
[0;34m[1784656833.391] [13482:13484] [DMG] 		},[0m
[0;34m[1784656833.391] [13482:13484] [DMG] 		[0m
[0;34m[1784656833.391] [13482:13484] [DMG] 	],[0m
[0;34m[1784656833.391] [13482:13484] [DMG] 	[0m
[0;34m[1784656833.391] [13482:13484] [DMG] 	InteractionModelRevision = 12[0m
[0;34m[1784656833.391] [13482:13484] [DMG] },[0m
[0;32m[1784656833.391] [13482:13484] [DMG] Received Command Response Data, Endpoint=0 Cluster=0x0000_0030 Command=0x0000_0001[0m
[0;32m[1784656833.391] [13482:13484] [TOO] Endpoint: 0 Cluster: 0x0000_0030 Command 0x0000_0001[0m
[0;32m[1784656833.391] [13482:13484] [TOO]   ArmFailSafeResponse: {[0m
[0;32m[1784656833.391] [13482:13484] [TOO]     errorCode: 0[0m
[0;32m[1784656833.391] [13482:13484] [TOO]     debugText: [0m
[0;32m[1784656833.391] [13482:13484] [TOO]    }[0m
[0;34m[1784656833.391] [13482:13484] [DMG] ICR moving to [AwaitingDe][0m
[0;32m[1784656833.391] [13482:13484] [EM] <<< [E:37932i S:53711 M:266324217 (Ack:67261604)] (S) Msg TX from 000000000001B669 to 1:0000000000000001 [D7A2] [UDP:[fe80::bfe:a203:38f0:bce7%enp0s3]:5540] --- Type 0000:10 (SecureChannel:StandaloneAck) (B:34)[0m
[0;34m[1784656833.391] [13482:13484] [EM] Flushed pending ack for MessageCounter:67261604 on exchange 37932i[0m
[0;34m[1784656833.392] [13482:13482] [CTL] Shutting down the commissioner[0m
[0;32m[1784656833.392] [13482:13482] [PAF] WiFiPAF: Closing all WiFiPAF sessions to shutdown[0m
[0;34m[1784656833.392] [13482:13482] [CTL] Shutting down the controller[0m
[0;34m[1784656833.392] [13482:13482] [IN] Expiring all sessions for fabric 0x1!![0m
[0;34m[1784656833.392] [13482:13482] [IN] SecureSession[0x7c3664009cd0]: MarkForEviction Type:2 LSID:53711[0m
[0;32m[1784656833.392] [13482:13482] [SC] SecureSession[0x7c3664009cd0, LSID:53711]: State change 'kActive' --> 'kPendingEviction'[0m
[0;34m[1784656833.392] [13482:13482] [IN] SecureSession[0x7c3664009cd0]: Released - Type:2 LSID:53711[0m
[0;32m[1784656833.392] [13482:13482] [FP] Forgetting fabric 0x1[0m
[0;32m[1784656833.392] [13482:13482] [TS] Pending Last Known Good Time: 2023-10-14T01:16:48[0m
[0;32m[1784656833.392] [13482:13482] [TS] Previous Last Known Good Time: 2023-10-14T01:16:48[0m
[0;32m[1784656833.392] [13482:13482] [TS] Reverted Last Known Good Time to previous value[0m
[0;34m[1784656833.392] [13482:13482] [CTL] Shutting down the commissioner[0m
[0;32m[1784656833.392] [13482:13482] [PAF] WiFiPAF: Closing all WiFiPAF sessions to shutdown[0m
[0;34m[1784656833.392] [13482:13482] [CTL] Shutting down the controller[0m
[0;34m[1784656833.392] [13482:13482] [CTL] Shutting down the System State, this will teardown the CHIP Stack[0m
[0;34m[1784656833.392] [13482:13482] [DMG] All ReadHandler-s are clean, clear GlobalDirtySet[0m
[0;32m[1784656833.392] [13482:13482] [FP] Shutting down FabricTable[0m
[0;32m[1784656833.392] [13482:13482] [TS] Pending Last Known Good Time: 2023-10-14T01:16:48[0m
[0;32m[1784656833.392] [13482:13482] [TS] Previous Last Known Good Time: 2023-10-14T01:16:48[0m
[0;32m[1784656833.392] [13482:13482] [TS] Reverted Last Known Good Time to previous value[0m
[0;34m[1784656833.394] [13482:13482] [DL] Wrote settings to /tmp/chip_counters.ini[0m
[0;32m[1784656833.394] [13482:13482] [DL] NVS set: chip-counters/total-operational-hours = 0 (0x0)[0m
[0;32m[1784656833.394] [13482:13482] [DL] Inet Layer shutdown[0m
[0;32m[1784656833.394] [13482:13482] [DL] BLE Layer shutdown[0m
[0;32m[1784656833.394] [13482:13482] [DL] WiFi-PAF Layer shutdown[0m
[0;32m[1784656833.394] [13482:13482] [PAF] WiFiPAF: Closing all WiFiPAF sessions to shutdown[0m
[0;32m[1784656833.394] [13482:13482] [DL] System Layer shutdown[0m
