[0;34m[1784656833.449] [13486:13486] [DL] ChipLinuxStorage::Init: Using KVS config file: /tmp/chip_tool_kvs[0m
[1;31m[1784656833.449] [13486:13486] [DL] ChipLinuxStorage::Init: Attempt to re-initialize with KVS config file: /tmp/chip_kvs, IGNORING.[0m
[0;34m[1784656833.450] [13486:13486] [DL] ChipLinuxStorage::Init: Using KVS config file: /tmp/chip_factory.ini[0m
[0;34m[1784656833.450] [13486:13486] [DL] ChipLinuxStorage::Init: Using KVS config file: /tmp/chip_config.ini[0m
[0;34m[1784656833.450] [13486:13486] [DL] ChipLinuxStorage::Init: Using KVS config file: /tmp/chip_counters.ini[0m
[0;34m[1784656833.454] [13486:13486] [DL] Wrote settings to /tmp/chip_counters.ini[0m
[0;32m[1784656833.454] [13486:13486] [DL] NVS set: chip-counters/reboot-count = 4 (0x4)[0m
[0;32m[1784656833.454] [13486:13486] [DL] Got Ethernet interface: enp0s3[0m
[0;32m[1784656833.454] [13486:13486] [DL] Found the primary Ethernet interface:enp0s3[0m
[1;31m[1784656833.455] [13486:13486] [DL] Failed to get WiFi interface[0m
[1;31m[1784656833.455] [13486:13486] [DL] Failed to reset WiFi statistic counts[0m
[0;32m[1784656833.455] [13486:13486] [PAF] WiFiPAF: WiFiPAFLayer::Init()[0m
[0;34m[1784656833.455] [13486:13486] [IN] UDP::Init bind&listen port=0[0m
[0;34m[1784656833.455] [13486:13486] [IN] UDP::Init bound to port=41672[0m
[0;34m[1784656833.455] [13486:13486] [IN] UDP::Init bind&listen port=0[0m
[0;34m[1784656833.455] [13486:13486] [IN] UDP::Init bound to port=58691[0m
[0;34m[1784656833.455] [13486:13486] [IN] BLEBase::Init - setting/overriding transport[0m
[0;34m[1784656833.455] [13486:13486] [IN] WiFiPAFBase::Init - setting/overriding transport[0m
[0;34m[1784656833.455] [13486:13486] [IN] TransportMgr initialized[0m
[0;34m[1784656833.455] [13486:13486] [FP] Initializing FabricTable from persistent storage[0m
[0;32m[1784656833.455] [13486:13486] [TS] Last Known Good Time: 2023-10-14T01:16:48[0m
[0;32m[1784656833.455] [13486:13486] [FP] Fabric index 0x1 was retrieved from storage. Compressed FabricId 0x327C36F80B48D7A2, FabricId 0x0000000000000001, NodeId 0x000000000001B669, VendorId 0xFFF1[0m
[0;32m[1784656833.456] [13486:13486] [DMG] Ember attribute persistence requires setting up[0m
[0;32m[1784656833.456] [13486:13486] [ZCL] Using ZAP configuration...[0m
[0;34m[1784656833.456] [13486:13486] [CTL] System State Initialized...[0m
[0;32m[1784656833.456] [13486:13486] [CTL] Setting attestation nonce to random value[0m
[0;32m[1784656833.456] [13486:13486] [CTL] Setting CSR nonce to random value[0m
[0;34m[1784656833.456] [13486:13488] [DL] CHIP task running[0m
[0;32m[1784656833.457] [13486:13488] [CTL] Setting attestation nonce to random value[0m
[0;32m[1784656833.457] [13486:13488] [CTL] Setting CSR nonce to random value[0m
[0;32m[1784656833.457] [13486:13488] [CTL] Generating NOC[0m
[0;32m[1784656833.457] [13486:13488] [FP] Validating NOC chain[0m
[0;32m[1784656833.457] [13486:13488] [FP] NOC chain validation successful[0m
[0;32m[1784656833.457] [13486:13488] [FP] Updated fabric at index: 0x1, Node ID: 0x000000000001B669[0m
[0;32m[1784656833.457] [13486:13488] [TS] Last Known Good Time: 2023-10-14T01:16:48[0m
[0;32m[1784656833.457] [13486:13488] [TS] New proposed Last Known Good Time: 2021-01-01T00:00:00[0m
[0;32m[1784656833.457] [13486:13488] [TS] Retaining current Last Known Good Time[0m
[0;32m[1784656833.460] [13486:13488] [FP] Metadata for Fabric 0x1 persisted to storage.[0m
[0;32m[1784656833.461] [13486:13488] [TS] Committing Last Known Good Time to storage: 2023-10-14T01:16:48[0m
[0;32m[1784656833.462] [13486:13488] [CTL] Joined the fabric at index 1. Fabric ID is 0x0000000000000001 (Compressed Fabric ID: 327C36F80B48D7A2)[0m
[0;32m[1784656833.467] [13486:13488] [TOO] Sending command to node 0x1[0m
[0;34m[1784656833.467] [13486:13488] [CSM] FindOrEstablishSession: PeerId = [1:0000000000000001][0m
[0;34m[1784656833.467] [13486:13488] [CSM] FindOrEstablishSession: No existing OperationalSessionSetup instance found[0m
[0;34m[1784656833.467] [13486:13488] [DIS] OperationalSessionSetup[1:0000000000000001]: State change 1 --> 2[0m
[0;32m[1784656833.468] [13486:13488] [DIS] Lookup started for 327C36F80B48D7A2-0000000000000001[0m
[0;32m[1784656833.468] [13486:13488] [DIS] UDP:[fe80::bfe:a203:38f0:bce7%enp0s3]:5540: new best score: 7 (for 327C36F80B48D7A2-0000000000000001)[0m
[0;34m[1784656833.468] [13486:13488] [DIS] Lookup clearing interface for non LL address[0m
[0;32m[1784656833.468] [13486:13488] [DIS] UDP:10.0.2.15%enp0s3:5540: new best score: 2 (for 327C36F80B48D7A2-0000000000000001)[0m
[0;32m[1784656833.468] [13486:13488] [DIS] Checking node lookup status for 327C36F80B48D7A2-0000000000000001 after 2 ms[0m
[0;32m[1784656833.468] [13486:13488] [DIS] Keeping DNSSD lookup active[0m
[0;32m[1784656833.468] [13486:13488] [DIS] UDP:[fe80::bfe:a203:38f0:bce7%enp0s3]:5540: score has not improved: 7 (for 327C36F80B48D7A2-0000000000000001)[0m
[0;34m[1784656833.468] [13486:13488] [DIS] Lookup clearing interface for non LL address[0m
[0;32m[1784656833.468] [13486:13488] [DIS] UDP:10.0.2.15%enp0s3:5540: score has not improved: 2 (for 327C36F80B48D7A2-0000000000000001)[0m
[0;32m[1784656833.468] [13486:13488] [DIS] Checking node lookup status for 327C36F80B48D7A2-0000000000000001 after 2 ms[0m
[0;32m[1784656833.468] [13486:13488] [DIS] Keeping DNSSD lookup active[0m
[0;32m[1784656833.667] [13486:13488] [DIS] Checking node lookup status for 327C36F80B48D7A2-0000000000000001 after 201 ms[0m
[0;34m[1784656833.667] [13486:13488] [DIS] OperationalSessionSetup[1:0000000000000001]: Updating device address to UDP:[fe80::bfe:a203:38f0:bce7%enp0s3]:5540 while in state 2[0m
[0;34m[1784656833.667] [13486:13488] [DIS] OperationalSessionSetup[1:0000000000000001]: State change 2 --> 3[0m
[0;34m[1784656833.668] [13486:13488] [IN] SecureSession[0x701650009cd0]: Allocated Type:2 LSID:20952[0m
[0;32m[1784656833.668] [13486:13488] [SC] Initiating session on local FabricIndex 1 from 0x000000000001B669 -> 0x0000000000000001[0m
[0;32m[1784656833.668] [13486:13488] [EM] <<< [E:34684i S:0 M:10749621] (U) Msg TX from 4DBAB44158DB0AB6 to 0:0000000000000000 [0000] [UDP:[fe80::bfe:a203:38f0:bce7%enp0s3]:5540] --- Type 0000:30 (SecureChannel:CASE_Sigma1) (B:196)[0m
[0;32m[1784656833.669] [13486:13488] [EM] ??1 [E:34684i S:0 M:10749621] (U) Msg Retransmission to 0:0000000000000000 scheduled for 654ms from now [State:Idle II:500 AI:300 AT:4000][0m
[0;32m[1784656833.669] [13486:13488] [SC] Sent Sigma1 msg to <0000000000000001, 1> [II:500ms AI:300ms AT:4000ms][0m
[0;34m[1784656833.669] [13486:13488] [DIS] OperationalSessionSetup[1:0000000000000001]: State change 3 --> 4[0m
[0;32m[1784656833.669] [13486:13488] [EM] >>> [E:34684i S:0 M:207597148 (Ack:10749621)] (U) Msg RX from 0:0000000000000000 [0000] to 4DBAB44158DB0AB6 --- Type 0000:31 (SecureChannel:CASE_Sigma2) (B:751)[0m
[0;34m[1784656833.669] [13486:13488] [EM] Found matching exchange: 34684i, Delegate: 0x70165000b8e8[0m
[0;34m[1784656833.669] [13486:13488] [EM] Rxd Ack; Removing MessageCounter:10749621 from Retrans Table on exchange 34684i[0m
[0;32m[1784656833.669] [13486:13488] [SC] Received Sigma2 msg[0m
[0;34m[1784656833.669] [13486:13488] [SC] Found MRP parameters in the message[0m
[0;34m[1784656833.670] [13486:13488] [SC] Peer <0000000000000001, 1> assigned session ID 2489[0m
[0;34m[1784656833.670] [13486:13488] [SC] Sending Sigma3[0m
[0;32m[1784656833.670] [13486:13488] [EM] <<< [E:34684i S:0 M:10749622 (Ack:207597148)] (U) Msg TX from 4DBAB44158DB0AB6 to 0:0000000000000000 [0000] [UDP:[fe80::bfe:a203:38f0:bce7%enp0s3]:5540] --- Type 0000:32 (SecureChannel:CASE_Sigma3) (B:598)[0m
[0;32m[1784656833.670] [13486:13488] [EM] ??1 [E:34684i S:0 M:10749622] (U) Msg Retransmission to 0:0000000000000000 scheduled for 387ms from now [State:Active II:500 AI:300 AT:4000][0m
[0;32m[1784656833.670] [13486:13488] [SC] Sent Sigma3 msg[0m
[0;32m[1784656833.678] [13486:13488] [EM] >>> [E:34684i S:0 M:207597149 (Ack:10749622)] (U) Msg RX from 0:0000000000000000 [0000] to 4DBAB44158DB0AB6 --- Type 0000:40 (SecureChannel:StatusReport) (B:34)[0m
[0;34m[1784656833.678] [13486:13488] [EM] Found matching exchange: 34684i, Delegate: 0x70165000b8e8[0m
[0;34m[1784656833.678] [13486:13488] [EM] Rxd Ack; Removing MessageCounter:10749622 from Retrans Table on exchange 34684i[0m
[0;32m[1784656833.678] [13486:13488] [SC] Success status report received. Session was established[0m
[0;32m[1784656833.680] [13486:13488] [SC] SecureSession[0x701650009cd0, LSID:20952]: State change 'kEstablishing' --> 'kActive'[0m
[0;34m[1784656833.680] [13486:13488] [IN] SecureSession[0x701650009cd0]: Activated - Type:2 LSID:20952[0m
[0;34m[1784656833.680] [13486:13488] [IN] New secure session activated for device <0000000000000001, 1>, LSID:20952 PSID:2489![0m
[0;34m[1784656833.680] [13486:13488] [DIS] OperationalSessionSetup[1:0000000000000001]: State change 4 --> 5[0m
[0;32m[1784656833.680] [13486:13488] [TOO] Sending cluster (0x0000003E) command (0x00000004) on endpoint 0[0m
[0;34m[1784656833.680] [13486:13488] [DMG] ICR moving to [AddingComm][0m
[0;34m[1784656833.680] [13486:13488] [DMG] ICR moving to [AddedComma][0m
[0;32m[1784656833.680] [13486:13488] [EM] <<< [E:34685i S:20952 M:205416868] (S) Msg TX from 000000000001B669 to 1:0000000000000001 [D7A2] [UDP:[fe80::bfe:a203:38f0:bce7%enp0s3]:5540] --- Type 0001:08 (IM:InvokeCommandRequest) (B:96)[0m
[0;32m[1784656833.680] [13486:13488] [EM] ??1 [E:34685i S:20952 M:205416868] (S) Msg Retransmission to 1:0000000000000001 scheduled for 342ms from now [State:Active II:500 AI:300 AT:4000][0m
[0;34m[1784656833.680] [13486:13488] [DMG] ICR moving to [AwaitingRe][0m
[0;32m[1784656833.680] [13486:13488] [EM] <<< [E:34684i S:0 M:10749623 (Ack:207597149)] (U) Msg TX from 4DBAB44158DB0AB6 to 0:0000000000000000 [0000] [UDP:[fe80::bfe:a203:38f0:bce7%enp0s3]:5540] --- Type 0000:10 (SecureChannel:StandaloneAck) (B:26)[0m
[0;34m[1784656833.680] [13486:13488] [EM] Flushed pending ack for MessageCounter:207597149 on exchange 34684i[0m
[0;32m[1784656833.681] [13486:13488] [EM] >>> [E:34685i S:20952 M:70124176 (Ack:205416868)] (S) Msg RX from 1:0000000000000001 [D7A2] to 000000000001B669 --- Type 0001:09 (IM:InvokeCommandResponse) (B:376)[0m
[0;34m[1784656833.681] [13486:13488] [EM] Found matching exchange: 34685i, Delegate: 0x70165000eef8[0m
[0;34m[1784656833.681] [13486:13488] [EM] Rxd Ack; Removing MessageCounter:205416868 from Retrans Table on exchange 34685i[0m
[0;34m[1784656833.681] [13486:13488] [DMG] ICR moving to [ResponseRe][0m
[0;34m[1784656833.681] [13486:13488] [DMG] InvokeResponseMessage =[0m
[0;34m[1784656833.681] [13486:13488] [DMG] {[0m
[0;34m[1784656833.681] [13486:13488] [DMG] 	suppressResponse = false, [0m
[0;34m[1784656833.681] [13486:13488] [DMG] 	InvokeResponseIBs =[0m
[0;34m[1784656833.681] [13486:13488] [DMG] 	[[0m
[0;34m[1784656833.681] [13486:13488] [DMG] 		InvokeResponseIB =[0m
[0;34m[1784656833.681] [13486:13488] [DMG] 		{[0m
[0;34m[1784656833.681] [13486:13488] [DMG] 			CommandDataIB =[0m
[0;34m[1784656833.681] [13486:13488] [DMG] 			{[0m
[0;34m[1784656833.681] [13486:13488] [DMG] 				CommandPathIB =[0m
[0;34m[1784656833.681] [13486:13488] [DMG] 				{[0m
[0;34m[1784656833.681] [13486:13488] [DMG] 					EndpointId = 0x0,[0m
[0;34m[1784656833.681] [13486:13488] [DMG] 					ClusterId = 0x3e,[0m
[0;34m[1784656833.681] [13486:13488] [DMG] 					CommandId = 0x5,[0m
[0;34m[1784656833.681] [13486:13488] [DMG] 				},[0m
[0;34m[1784656833.681] [13486:13488] [DMG] 				[0m
[0;34m[1784656833.681] [13486:13488] [DMG] 				CommandFields = [0m
[0;34m[1784656833.681] [13486:13488] [DMG] 				{[0m
[0;34m[1784656833.681] [13486:13488] [DMG] 					0x0 = [[0m
[0;34m[1784656833.681] [13486:13488] [DMG] 							0x15, 0x30, 0x01, 0xca, 0x30, 0x81, 0xc7, 0x30, 0x70, 0x02, 0x01, 0x00, 0x30, 0x0e, 0x31, 0x0c, 0x30, 0x0a, 0x06, 0x03, 0x55, 0x04, 0x0a, 0x0c, 0x03, 0x43, 0x53, 0x52, 0x30, 0x59, 0x30, 0x13, 0x06, 0x07, 0x2a, 0x86, 0x48, 0xce, 0x3d, 0x02, 0x01, 0x06, 0x08, 0x2a, 0x86, 0x48, 0xce, 0x3d, 0x03, 0x01, 0x07, 0x03, 0x42, 0x00, 0x04, 0x0b, 0x59, 0x67, 0x62, 0x88, 0x8b, 0x5f, 0xb0, 0x66, 0x01, 0x33, 0x60, 0xaa, 0x80, 0xa9, 0x57, 0x56, 0x80, 0xa4, 0x82, 0x0b, 0x6b, 0x5f, 0x08, 0xd8, 0x8f, 0xb2, 0x9e, 0x8c, 0x36, 0x6d, 0x63, 0x25, 0xea, 0x91, 0x39, 0xb3, 0x00, 0xa5, 0xba, 0x5b, 0xe0, 0xc0, 0x38, 0x41, 0x12, 0xdb, 0x57, 0x00, 0x1a, 0x51, 0x30, 0x51, 0xf1, 0xc4, 0x6c, 0x08, 0xa3, 0xad, 0x57, 0xa2, 0xbc, 0x67, 0x6b, 0xa0, 0x00, 0x30, 0x0a, 0x06, 0x08, 0x2a, 0x86, 0x48, 0xce, 0x3d, 0x04, 0x03, 0x02, 0x03, 0x47, 0x00, 0x30, 0x44, 0x02, 0x20, 0x37, 0x85, 0xe5, 0xce, 0x3f, 0x0e, 0x45, 0x75, 0x09, 0xf5, 0x58, 0x2d, 0x50, 0x33, 0xf6, 0xea, 0x26, 0xdb, 0x37, 0x71, 0x8f, 0x18, 0x16, 0x59, 0xb9, 0x39, 0x0c, 0xa0, 0x97, 0x86, 0x07, 0x09, 0x02, 0x20, 0x12, 0xb3, 0x87, 0xcf, 0x52, 0x9c, 0x12, 0x90, 0x54, 0xcd, 0xd9, 0xbe, 0x1b, 0x9f, 0x1b, 0x26, 0x7d, 0x2e, 0x3e, 0x88, 0x17, 0xe9, 0x26, 0x89, 0x76, 0x36, 0x0c, 0xca, 0x63, 0x08, 0x5a, 0x34, 0x30, 0x02, 0x20, 0x47, 0x8f, 0xb2, 0x99, 0x33, 0x0f, 0x4a, 0x66, 0x8d, 0x35, 0x49, 0x82, 0x9a, 0x34, 0xbe, 0x20, 0x62, 0x98, 0x96, 0x18, 0x89, 0x20, 0xe4, 0xb0, 0xa5, 0x3b, 0x43, 0x3e, 0x14, 0xeb, 0xad, 0x05, 0x18, [0m
[0;34m[1784656833.681] [13486:13488] [DMG] 					] (242 bytes)[0m
[0;34m[1784656833.681] [13486:13488] [DMG] 					0x1 = [[0m
[0;34m[1784656833.681] [13486:13488] [DMG] 							0xfd, 0xbb, 0xfe, 0x54, 0xf1, 0xa3, 0x5f, 0xca, 0xaf, 0x65, 0x2a, 0x89, 0xcd, 0xe1, 0x09, 0x38, 0xe9, 0xdc, 0xbf, 0x59, 0xe8, 0x3f, 0x0e, 0x7a, 0x1d, 0x13, 0x36, 0x48, 0x59, 0x5c, 0x1f, 0x0a, 0x9e, 0xf3, 0xdc, 0xc4, 0xdf, 0x5d, 0x36, 0xf9, 0xba, 0x9e, 0xf9, 0x60, 0xbf, 0x40, 0xd4, 0xb2, 0xc5, 0xf2, 0x1c, 0x13, 0xf4, 0x9d, 0xa9, 0x0b, 0x30, 0x5b, 0xec, 0x02, 0xbc, 0xd1, 0x95, 0x03, [0m
[0;34m[1784656833.681] [13486:13488] [DMG] 					] (64 bytes)[0m
[0;34m[1784656833.681] [13486:13488] [DMG] 				},[0m
[0;34m[1784656833.681] [13486:13488] [DMG] 			},[0m
[0;34m[1784656833.681] [13486:13488] [DMG] 			[0m
[0;34m[1784656833.681] [13486:13488] [DMG] 		},[0m
[0;34m[1784656833.681] [13486:13488] [DMG] 		[0m
[0;34m[1784656833.681] [13486:13488] [DMG] 	],[0m
[0;34m[1784656833.681] [13486:13488] [DMG] 	[0m
[0;34m[1784656833.681] [13486:13488] [DMG] 	InteractionModelRevision = 12[0m
[0;34m[1784656833.681] [13486:13488] [DMG] },[0m
[0;32m[1784656833.681] [13486:13488] [DMG] Received Command Response Data, Endpoint=0 Cluster=0x0000_003E Command=0x0000_0005[0m
[0;32m[1784656833.681] [13486:13488] [TOO] Endpoint: 0 Cluster: 0x0000_003E Command 0x0000_0005[0m
[0;32m[1784656833.681] [13486:13488] [TOO]   CSRResponse: {[0m
[0;32m[1784656833.681] [13486:13488] [TOO]     NOCSRElements: 153001CA3081C73070020100300E310C300A060355040A0C034353523059301306072A8648CE3D020106082A8648CE3D030107034200040B596762888B5FB066013360AA80A9575680A4820B6B5F08D88FB29E8C366D6325EA9139B300A5BA5BE0C0384112DB57001A513051F1C46C08A3AD57A2BC676BA000300A06082A8648CE3D040302034700304402203785E5CE3F0E457509F5582D5033F6EA26DB37718F181659B9390CA097860709022012B387CF529C129054CDD9BE1B9F1B267D2E3E8817E9268976360CCA63085A34300220478FB299330F4A668D3549829A34BE20629896188920E4B0A53B433E14EBAD0518[0m
[0;32m[1784656833.681] [13486:13488] [TOO]     attestationSignature: FDBBFE54F1A35FCAAF652A89CDE10938E9DCBF59E83F0E7A1D133648595C1F0A9EF3DCC4DF5D36F9BA9EF960BF40D4B2C5F21C13F49DA90B305BEC02BCD19503[0m
[0;32m[1784656833.681] [13486:13488] [TOO]    }[0m
[0;34m[1784656833.681] [13486:13488] [DMG] ICR moving to [AwaitingDe][0m
[0;32m[1784656833.681] [13486:13488] [EM] <<< [E:34685i S:20952 M:205416869 (Ack:70124176)] (S) Msg TX from 000000000001B669 to 1:0000000000000001 [D7A2] [UDP:[fe80::bfe:a203:38f0:bce7%enp0s3]:5540] --- Type 0000:10 (SecureChannel:StandaloneAck) (B:34)[0m
[0;34m[1784656833.681] [13486:13488] [EM] Flushed pending ack for MessageCounter:70124176 on exchange 34685i[0m
[0;34m[1784656833.681] [13486:13486] [CTL] Shutting down the commissioner[0m
[0;32m[1784656833.681] [13486:13486] [PAF] WiFiPAF: Closing all WiFiPAF sessions to shutdown[0m
[0;34m[1784656833.681] [13486:13486] [CTL] Shutting down the controller[0m
[0;34m[1784656833.681] [13486:13486] [IN] Expiring all sessions for fabric 0x1!![0m
[0;34m[1784656833.681] [13486:13486] [IN] SecureSession[0x701650009cd0]: MarkForEviction Type:2 LSID:20952[0m
[0;32m[1784656833.681] [13486:13486] [SC] SecureSession[0x701650009cd0, LSID:20952]: State change 'kActive' --> 'kPendingEviction'[0m
[0;34m[1784656833.681] [13486:13486] [IN] SecureSession[0x701650009cd0]: Released - Type:2 LSID:20952[0m
[0;32m[1784656833.681] [13486:13486] [FP] Forgetting fabric 0x1[0m
[0;32m[1784656833.681] [13486:13486] [TS] Pending Last Known Good Time: 2023-10-14T01:16:48[0m
[0;32m[1784656833.681] [13486:13486] [TS] Previous Last Known Good Time: 2023-10-14T01:16:48[0m
[0;32m[1784656833.681] [13486:13486] [TS] Reverted Last Known Good Time to previous value[0m
[0;34m[1784656833.681] [13486:13486] [CTL] Shutting down the commissioner[0m
[0;32m[1784656833.681] [13486:13486] [PAF] WiFiPAF: Closing all WiFiPAF sessions to shutdown[0m
[0;34m[1784656833.681] [13486:13486] [CTL] Shutting down the controller[0m
[0;34m[1784656833.681] [13486:13486] [CTL] Shutting down the System State, this will teardown the CHIP Stack[0m
[0;34m[1784656833.681] [13486:13486] [DMG] All ReadHandler-s are clean, clear GlobalDirtySet[0m
[0;32m[1784656833.681] [13486:13486] [FP] Shutting down FabricTable[0m
[0;32m[1784656833.681] [13486:13486] [TS] Pending Last Known Good Time: 2023-10-14T01:16:48[0m
[0;32m[1784656833.681] [13486:13486] [TS] Previous Last Known Good Time: 2023-10-14T01:16:48[0m
[0;32m[1784656833.681] [13486:13486] [TS] Reverted Last Known Good Time to previous value[0m
[0;34m[1784656833.683] [13486:13486] [DL] Wrote settings to /tmp/chip_counters.ini[0m
[0;32m[1784656833.683] [13486:13486] [DL] NVS set: chip-counters/total-operational-hours = 0 (0x0)[0m
[0;32m[1784656833.683] [13486:13486] [DL] Inet Layer shutdown[0m
[0;32m[1784656833.683] [13486:13486] [DL] BLE Layer shutdown[0m
[0;32m[1784656833.683] [13486:13486] [DL] WiFi-PAF Layer shutdown[0m
[0;32m[1784656833.683] [13486:13486] [PAF] WiFiPAF: Closing all WiFiPAF sessions to shutdown[0m
[0;32m[1784656833.683] [13486:13486] [DL] System Layer shutdown[0m
