[0;34m[1784656834.246] [13501:13501] [DL] ChipLinuxStorage::Init: Using KVS config file: /tmp/chip_tool_kvs[0m
[1;31m[1784656834.247] [13501:13501] [DL] ChipLinuxStorage::Init: Attempt to re-initialize with KVS config file: /tmp/chip_kvs, IGNORING.[0m
[0;34m[1784656834.248] [13501:13501] [DL] ChipLinuxStorage::Init: Using KVS config file: /tmp/chip_factory.ini[0m
[0;34m[1784656834.248] [13501:13501] [DL] ChipLinuxStorage::Init: Using KVS config file: /tmp/chip_config.ini[0m
[0;34m[1784656834.248] [13501:13501] [DL] ChipLinuxStorage::Init: Using KVS config file: /tmp/chip_counters.ini[0m
[0;34m[1784656834.250] [13501:13501] [DL] Wrote settings to /tmp/chip_counters.ini[0m
[0;32m[1784656834.250] [13501:13501] [DL] NVS set: chip-counters/reboot-count = 6 (0x6)[0m
[0;32m[1784656834.250] [13501:13501] [DL] Got Ethernet interface: enp0s3[0m
[0;32m[1784656834.250] [13501:13501] [DL] Found the primary Ethernet interface:enp0s3[0m
[1;31m[1784656834.250] [13501:13501] [DL] Failed to get WiFi interface[0m
[1;31m[1784656834.250] [13501:13501] [DL] Failed to reset WiFi statistic counts[0m
[0;32m[1784656834.250] [13501:13501] [PAF] WiFiPAF: WiFiPAFLayer::Init()[0m
[0;34m[1784656834.250] [13501:13501] [IN] UDP::Init bind&listen port=0[0m
[0;34m[1784656834.250] [13501:13501] [IN] UDP::Init bound to port=54641[0m
[0;34m[1784656834.250] [13501:13501] [IN] UDP::Init bind&listen port=0[0m
[0;34m[1784656834.250] [13501:13501] [IN] UDP::Init bound to port=40071[0m
[0;34m[1784656834.250] [13501:13501] [IN] BLEBase::Init - setting/overriding transport[0m
[0;34m[1784656834.250] [13501:13501] [IN] WiFiPAFBase::Init - setting/overriding transport[0m
[0;34m[1784656834.250] [13501:13501] [IN] TransportMgr initialized[0m
[0;34m[1784656834.250] [13501:13501] [FP] Initializing FabricTable from persistent storage[0m
[0;32m[1784656834.250] [13501:13501] [TS] Last Known Good Time: 2023-10-14T01:16:48[0m
[0;32m[1784656834.251] [13501:13501] [FP] Fabric index 0x1 was retrieved from storage. Compressed FabricId 0x327C36F80B48D7A2, FabricId 0x0000000000000001, NodeId 0x000000000001B669, VendorId 0xFFF1[0m
[0;32m[1784656834.251] [13501:13501] [DMG] Ember attribute persistence requires setting up[0m
[0;32m[1784656834.251] [13501:13501] [ZCL] Using ZAP configuration...[0m
[0;34m[1784656834.252] [13501:13501] [CTL] System State Initialized...[0m
[0;32m[1784656834.252] [13501:13501] [CTL] Setting attestation nonce to random value[0m
[0;32m[1784656834.252] [13501:13501] [CTL] Setting CSR nonce to random value[0m
[0;34m[1784656834.252] [13501:13503] [DL] CHIP task running[0m
[0;32m[1784656834.252] [13501:13503] [CTL] Setting attestation nonce to random value[0m
[0;32m[1784656834.252] [13501:13503] [CTL] Setting CSR nonce to random value[0m
[0;32m[1784656834.252] [13501:13503] [CTL] Generating NOC[0m
[0;32m[1784656834.252] [13501:13503] [FP] Validating NOC chain[0m
[0;32m[1784656834.253] [13501:13503] [FP] NOC chain validation successful[0m
[0;32m[1784656834.253] [13501:13503] [FP] Updated fabric at index: 0x1, Node ID: 0x000000000001B669[0m
[0;32m[1784656834.253] [13501:13503] [TS] Last Known Good Time: 2023-10-14T01:16:48[0m
[0;32m[1784656834.253] [13501:13503] [TS] New proposed Last Known Good Time: 2021-01-01T00:00:00[0m
[0;32m[1784656834.253] [13501:13503] [TS] Retaining current Last Known Good Time[0m
[0;32m[1784656834.254] [13501:13503] [FP] Metadata for Fabric 0x1 persisted to storage.[0m
[0;32m[1784656834.255] [13501:13503] [TS] Committing Last Known Good Time to storage: 2023-10-14T01:16:48[0m
[0;32m[1784656834.255] [13501:13503] [CTL] Joined the fabric at index 1. Fabric ID is 0x0000000000000001 (Compressed Fabric ID: 327C36F80B48D7A2)[0m
[0;32m[1784656834.260] [13501:13503] [TOO] Sending command to node 0x1[0m
[0;34m[1784656834.260] [13501:13503] [CSM] FindOrEstablishSession: PeerId = [1:0000000000000001][0m
[0;34m[1784656834.260] [13501:13503] [CSM] FindOrEstablishSession: No existing OperationalSessionSetup instance found[0m
[0;34m[1784656834.260] [13501:13503] [DIS] OperationalSessionSetup[1:0000000000000001]: State change 1 --> 2[0m
[0;32m[1784656834.260] [13501:13503] [DIS] Lookup started for 327C36F80B48D7A2-0000000000000001[0m
[0;32m[1784656834.260] [13501:13503] [DIS] UDP:[fe80::bfe:a203:38f0:bce7%enp0s3]:5540: new best score: 7 (for 327C36F80B48D7A2-0000000000000001)[0m
[0;34m[1784656834.260] [13501:13503] [DIS] Lookup clearing interface for non LL address[0m
[0;32m[1784656834.260] [13501:13503] [DIS] UDP:10.0.2.15%enp0s3:5540: new best score: 2 (for 327C36F80B48D7A2-0000000000000001)[0m
[0;32m[1784656834.260] [13501:13503] [DIS] Checking node lookup status for 327C36F80B48D7A2-0000000000000001 after 1 ms[0m
[0;32m[1784656834.260] [13501:13503] [DIS] Keeping DNSSD lookup active[0m
[0;32m[1784656834.260] [13501:13503] [DIS] UDP:[fe80::bfe:a203:38f0:bce7%enp0s3]:5540: score has not improved: 7 (for 327C36F80B48D7A2-0000000000000001)[0m
[0;34m[1784656834.260] [13501:13503] [DIS] Lookup clearing interface for non LL address[0m
[0;32m[1784656834.260] [13501:13503] [DIS] UDP:10.0.2.15%enp0s3:5540: score has not improved: 2 (for 327C36F80B48D7A2-0000000000000001)[0m
[0;32m[1784656834.260] [13501:13503] [DIS] Checking node lookup status for 327C36F80B48D7A2-0000000000000001 after 1 ms[0m
[0;32m[1784656834.260] [13501:13503] [DIS] Keeping DNSSD lookup active[0m
[0;32m[1784656834.461] [13501:13503] [DIS] Checking node lookup status for 327C36F80B48D7A2-0000000000000001 after 201 ms[0m
[0;34m[1784656834.461] [13501:13503] [DIS] OperationalSessionSetup[1:0000000000000001]: Updating device address to UDP:[fe80::bfe:a203:38f0:bce7%enp0s3]:5540 while in state 2[0m
[0;34m[1784656834.461] [13501:13503] [DIS] OperationalSessionSetup[1:0000000000000001]: State change 2 --> 3[0m
[0;34m[1784656834.461] [13501:13503] [IN] SecureSession[0x7da144009cd0]: Allocated Type:2 LSID:51604[0m
[0;32m[1784656834.461] [13501:13503] [SC] Initiating session on local FabricIndex 1 from 0x000000000001B669 -> 0x0000000000000001[0m
[0;32m[1784656834.461] [13501:13503] [EM] <<< [E:8889i S:0 M:132058905] (U) Msg TX from 5F361A727FD43D19 to 0:0000000000000000 [0000] [UDP:[fe80::bfe:a203:38f0:bce7%enp0s3]:5540] --- Type 0000:30 (SecureChannel:CASE_Sigma1) (B:196)[0m
[0;32m[1784656834.461] [13501:13503] [EM] ??1 [E:8889i S:0 M:132058905] (U) Msg Retransmission to 0:0000000000000000 scheduled for 669ms from now [State:Idle II:500 AI:300 AT:4000][0m
[0;32m[1784656834.461] [13501:13503] [SC] Sent Sigma1 msg to <0000000000000001, 1> [II:500ms AI:300ms AT:4000ms][0m
[0;34m[1784656834.461] [13501:13503] [DIS] OperationalSessionSetup[1:0000000000000001]: State change 3 --> 4[0m
[0;32m[1784656834.462] [13501:13503] [EM] >>> [E:8889i S:0 M:207597152 (Ack:132058905)] (U) Msg RX from 0:0000000000000000 [0000] to 5F361A727FD43D19 --- Type 0000:31 (SecureChannel:CASE_Sigma2) (B:751)[0m
[0;34m[1784656834.462] [13501:13503] [EM] Found matching exchange: 8889i, Delegate: 0x7da14400b8e8[0m
[0;34m[1784656834.462] [13501:13503] [EM] Rxd Ack; Removing MessageCounter:132058905 from Retrans Table on exchange 8889i[0m
[0;32m[1784656834.462] [13501:13503] [SC] Received Sigma2 msg[0m
[0;34m[1784656834.462] [13501:13503] [SC] Found MRP parameters in the message[0m
[0;34m[1784656834.462] [13501:13503] [SC] Peer <0000000000000001, 1> assigned session ID 2491[0m
[0;34m[1784656834.462] [13501:13503] [SC] Sending Sigma3[0m
[0;32m[1784656834.462] [13501:13503] [EM] <<< [E:8889i S:0 M:132058906 (Ack:207597152)] (U) Msg TX from 5F361A727FD43D19 to 0:0000000000000000 [0000] [UDP:[fe80::bfe:a203:38f0:bce7%enp0s3]:5540] --- Type 0000:32 (SecureChannel:CASE_Sigma3) (B:598)[0m
[0;32m[1784656834.464] [13501:13503] [EM] ??1 [E:8889i S:0 M:132058906] (U) Msg Retransmission to 0:0000000000000000 scheduled for 382ms from now [State:Active II:500 AI:300 AT:4000][0m
[0;32m[1784656834.464] [13501:13503] [SC] Sent Sigma3 msg[0m
[0;32m[1784656834.473] [13501:13503] [EM] >>> [E:8889i S:0 M:207597153 (Ack:132058906)] (U) Msg RX from 0:0000000000000000 [0000] to 5F361A727FD43D19 --- Type 0000:40 (SecureChannel:StatusReport) (B:34)[0m
[0;34m[1784656834.473] [13501:13503] [EM] Found matching exchange: 8889i, Delegate: 0x7da14400b8e8[0m
[0;34m[1784656834.473] [13501:13503] [EM] Rxd Ack; Removing MessageCounter:132058906 from Retrans Table on exchange 8889i[0m
[0;32m[1784656834.473] [13501:13503] [SC] Success status report received. Session was established[0m
[0;32m[1784656834.474] [13501:13503] [SC] SecureSession[0x7da144009cd0, LSID:51604]: State change 'kEstablishing' --> 'kActive'[0m
[0;34m[1784656834.474] [13501:13503] [IN] SecureSession[0x7da144009cd0]: Activated - Type:2 LSID:51604[0m
[0;34m[1784656834.474] [13501:13503] [IN] New secure session activated for device <0000000000000001, 1>, LSID:51604 PSID:2491![0m
[0;34m[1784656834.474] [13501:13503] [DIS] OperationalSessionSetup[1:0000000000000001]: State change 4 --> 5[0m
[0;32m[1784656834.474] [13501:13503] [TOO] Sending cluster (0x0000003E) command (0x00000007) on endpoint 0[0m
[0;34m[1784656834.474] [13501:13503] [DMG] ICR moving to [AddingComm][0m
[0;34m[1784656834.474] [13501:13503] [DMG] ICR moving to [AddedComma][0m
[0;32m[1784656834.474] [13501:13503] [EM] <<< [E:8890i S:51604 M:144433756] (S) Msg TX from 000000000001B669 to 1:0000000000000001 [D7A2] [UDP:[fe80::bfe:a203:38f0:bce7%enp0s3]:5540] --- Type 0001:08 (IM:InvokeCommandRequest) (B:330)[0m
[0;32m[1784656834.474] [13501:13503] [EM] ??1 [E:8890i S:51604 M:144433756] (S) Msg Retransmission to 1:0000000000000001 scheduled for 345ms from now [State:Active II:500 AI:300 AT:4000][0m
[0;34m[1784656834.474] [13501:13503] [DMG] ICR moving to [AwaitingRe][0m
[0;32m[1784656834.474] [13501:13503] [EM] <<< [E:8889i S:0 M:132058907 (Ack:207597153)] (U) Msg TX from 5F361A727FD43D19 to 0:0000000000000000 [0000] [UDP:[fe80::bfe:a203:38f0:bce7%enp0s3]:5540] --- Type 0000:10 (SecureChannel:StandaloneAck) (B:26)[0m
[0;34m[1784656834.474] [13501:13503] [EM] Flushed pending ack for MessageCounter:207597153 on exchange 8889i[0m
[0;32m[1784656834.486] [13501:13503] [EM] >>> [E:8890i S:51604 M:252672678 (Ack:144433756)] (S) Msg RX from 1:0000000000000001 [D7A2] to 000000000001B669 --- Type 0001:09 (IM:InvokeCommandResponse) (B:70)[0m
[0;34m[1784656834.486] [13501:13503] [EM] Found matching exchange: 8890i, Delegate: 0x7da14400eef8[0m
[0;34m[1784656834.486] [13501:13503] [EM] Rxd Ack; Removing MessageCounter:144433756 from Retrans Table on exchange 8890i[0m
[0;34m[1784656834.486] [13501:13503] [DMG] ICR moving to [ResponseRe][0m
[0;34m[1784656834.486] [13501:13503] [DMG] InvokeResponseMessage =[0m
[0;34m[1784656834.486] [13501:13503] [DMG] {[0m
[0;34m[1784656834.486] [13501:13503] [DMG] 	suppressResponse = false, [0m
[0;34m[1784656834.486] [13501:13503] [DMG] 	InvokeResponseIBs =[0m
[0;34m[1784656834.486] [13501:13503] [DMG] 	[[0m
[0;34m[1784656834.486] [13501:13503] [DMG] 		InvokeResponseIB =[0m
[0;34m[1784656834.486] [13501:13503] [DMG] 		{[0m
[0;34m[1784656834.486] [13501:13503] [DMG] 			CommandDataIB =[0m
[0;34m[1784656834.486] [13501:13503] [DMG] 			{[0m
[0;34m[1784656834.486] [13501:13503] [DMG] 				CommandPathIB =[0m
[0;34m[1784656834.486] [13501:13503] [DMG] 				{[0m
[0;34m[1784656834.486] [13501:13503] [DMG] 					EndpointId = 0x0,[0m
[0;34m[1784656834.486] [13501:13503] [DMG] 					ClusterId = 0x3e,[0m
[0;34m[1784656834.486] [13501:13503] [DMG] 					CommandId = 0x8,[0m
[0;34m[1784656834.486] [13501:13503] [DMG] 				},[0m
[0;34m[1784656834.486] [13501:13503] [DMG] 				[0m
[0;34m[1784656834.486] [13501:13503] [DMG] 				CommandFields = [0m
[0;34m[1784656834.486] [13501:13503] [DMG] 				{[0m
[0;34m[1784656834.486] [13501:13503] [DMG] 					0x0 = 0 (unsigned), [0m
[0;34m[1784656834.486] [13501:13503] [DMG] 					0x1 = 1 (unsigned), [0m
[0;34m[1784656834.486] [13501:13503] [DMG] 				},[0m
[0;34m[1784656834.486] [13501:13503] [DMG] 			},[0m
[0;34m[1784656834.486] [13501:13503] [DMG] 			[0m
[0;34m[1784656834.486] [13501:13503] [DMG] 		},[0m
[0;34m[1784656834.486] [13501:13503] [DMG] 		[0m
[0;34m[1784656834.486] [13501:13503] [DMG] 	],[0m
[0;34m[1784656834.486] [13501:13503] [DMG] 	[0m
[0;34m[1784656834.486] [13501:13503] [DMG] 	InteractionModelRevision = 12[0m
[0;34m[1784656834.486] [13501:13503] [DMG] },[0m
[0;32m[1784656834.486] [13501:13503] [DMG] Received Command Response Data, Endpoint=0 Cluster=0x0000_003E Command=0x0000_0008[0m
[0;32m[1784656834.486] [13501:13503] [TOO] Endpoint: 0 Cluster: 0x0000_003E Command 0x0000_0008[0m
[0;32m[1784656834.486] [13501:13503] [TOO]   NOCResponse: {[0m
[0;32m[1784656834.486] [13501:13503] [TOO]     statusCode: 0[0m
[0;32m[1784656834.486] [13501:13503] [TOO]     fabricIndex: 1[0m
[0;32m[1784656834.486] [13501:13503] [TOO]    }[0m
[0;34m[1784656834.486] [13501:13503] [DMG] ICR moving to [AwaitingDe][0m
[0;32m[1784656834.486] [13501:13503] [EM] <<< [E:8890i S:51604 M:144433757 (Ack:252672678)] (S) Msg TX from 000000000001B669 to 1:0000000000000001 [D7A2] [UDP:[fe80::bfe:a203:38f0:bce7%enp0s3]:5540] --- Type 0000:10 (SecureChannel:StandaloneAck) (B:34)[0m
[0;34m[1784656834.486] [13501:13503] [EM] Flushed pending ack for MessageCounter:252672678 on exchange 8890i[0m
[0;34m[1784656834.486] [13501:13501] [CTL] Shutting down the commissioner[0m
[0;32m[1784656834.486] [13501:13501] [PAF] WiFiPAF: Closing all WiFiPAF sessions to shutdown[0m
[0;34m[1784656834.486] [13501:13501] [CTL] Shutting down the controller[0m
[0;34m[1784656834.486] [13501:13501] [IN] Expiring all sessions for fabric 0x1!![0m
[0;34m[1784656834.486] [13501:13501] [IN] SecureSession[0x7da144009cd0]: MarkForEviction Type:2 LSID:51604[0m
[0;32m[1784656834.486] [13501:13501] [SC] SecureSession[0x7da144009cd0, LSID:51604]: State change 'kActive' --> 'kPendingEviction'[0m
[0;34m[1784656834.486] [13501:13501] [IN] SecureSession[0x7da144009cd0]: Released - Type:2 LSID:51604[0m
[0;32m[1784656834.486] [13501:13501] [FP] Forgetting fabric 0x1[0m
[0;32m[1784656834.486] [13501:13501] [TS] Pending Last Known Good Time: 2023-10-14T01:16:48[0m
[0;32m[1784656834.486] [13501:13501] [TS] Previous Last Known Good Time: 2023-10-14T01:16:48[0m
[0;32m[1784656834.486] [13501:13501] [TS] Reverted Last Known Good Time to previous value[0m
[0;34m[1784656834.486] [13501:13501] [CTL] Shutting down the commissioner[0m
[0;32m[1784656834.486] [13501:13501] [PAF] WiFiPAF: Closing all WiFiPAF sessions to shutdown[0m
[0;34m[1784656834.486] [13501:13501] [CTL] Shutting down the controller[0m
[0;34m[1784656834.486] [13501:13501] [CTL] Shutting down the System State, this will teardown the CHIP Stack[0m
[0;34m[1784656834.486] [13501:13501] [DMG] All ReadHandler-s are clean, clear GlobalDirtySet[0m
[0;32m[1784656834.486] [13501:13501] [FP] Shutting down FabricTable[0m
[0;32m[1784656834.486] [13501:13501] [TS] Pending Last Known Good Time: 2023-10-14T01:16:48[0m
[0;32m[1784656834.486] [13501:13501] [TS] Previous Last Known Good Time: 2023-10-14T01:16:48[0m
[0;32m[1784656834.486] [13501:13501] [TS] Reverted Last Known Good Time to previous value[0m
[0;34m[1784656834.488] [13501:13501] [DL] Wrote settings to /tmp/chip_counters.ini[0m
[0;32m[1784656834.488] [13501:13501] [DL] NVS set: chip-counters/total-operational-hours = 0 (0x0)[0m
[0;32m[1784656834.488] [13501:13501] [DL] Inet Layer shutdown[0m
[0;32m[1784656834.488] [13501:13501] [DL] BLE Layer shutdown[0m
[0;32m[1784656834.488] [13501:13501] [DL] WiFi-PAF Layer shutdown[0m
[0;32m[1784656834.488] [13501:13501] [PAF] WiFiPAF: Closing all WiFiPAF sessions to shutdown[0m
[0;32m[1784656834.488] [13501:13501] [DL] System Layer shutdown[0m
