[0;34m[1784654839.860] [6181:6181] [DL] ChipLinuxStorage::Init: Using KVS config file: /tmp/chip_tool_kvs[0m
[1;31m[1784654839.862] [6181:6181] [DL] ChipLinuxStorage::Init: Attempt to re-initialize with KVS config file: /tmp/chip_kvs, IGNORING.[0m
[0;34m[1784654839.864] [6181:6181] [DL] ChipLinuxStorage::Init: Using KVS config file: /tmp/chip_factory.ini[0m
[0;34m[1784654839.864] [6181:6181] [DL] ChipLinuxStorage::Init: Using KVS config file: /tmp/chip_config.ini[0m
[0;34m[1784654839.864] [6181:6181] [DL] ChipLinuxStorage::Init: Using KVS config file: /tmp/chip_counters.ini[0m
[0;34m[1784654839.867] [6181:6181] [DL] Wrote settings to /tmp/chip_counters.ini[0m
[0;32m[1784654839.867] [6181:6181] [DL] NVS set: chip-counters/reboot-count = 3 (0x3)[0m
[0;32m[1784654839.867] [6181:6181] [DL] Got Ethernet interface: enp0s3[0m
[0;32m[1784654839.868] [6181:6181] [DL] Found the primary Ethernet interface:enp0s3[0m
[1;31m[1784654839.868] [6181:6181] [DL] Failed to get WiFi interface[0m
[1;31m[1784654839.868] [6181:6181] [DL] Failed to reset WiFi statistic counts[0m
[0;32m[1784654839.868] [6181:6181] [PAF] WiFiPAF: WiFiPAFLayer::Init()[0m
[0;34m[1784654839.868] [6181:6181] [IN] UDP::Init bind&listen port=0[0m
[0;34m[1784654839.868] [6181:6181] [IN] UDP::Init bound to port=56156[0m
[0;34m[1784654839.868] [6181:6181] [IN] UDP::Init bind&listen port=0[0m
[0;34m[1784654839.868] [6181:6181] [IN] UDP::Init bound to port=52154[0m
[0;34m[1784654839.868] [6181:6181] [IN] BLEBase::Init - setting/overriding transport[0m
[0;34m[1784654839.868] [6181:6181] [IN] WiFiPAFBase::Init - setting/overriding transport[0m
[0;34m[1784654839.868] [6181:6181] [IN] TransportMgr initialized[0m
[0;34m[1784654839.868] [6181:6181] [FP] Initializing FabricTable from persistent storage[0m
[0;32m[1784654839.868] [6181:6181] [TS] Last Known Good Time: 2023-10-14T01:16:48[0m
[0;32m[1784654839.868] [6181:6181] [FP] Fabric index 0x1 was retrieved from storage. Compressed FabricId 0x308715022DED82F4, FabricId 0x0000000000000001, NodeId 0x000000000001B669, VendorId 0xFFF1[0m
[0;32m[1784654839.869] [6181:6181] [DMG] Ember attribute persistence requires setting up[0m
[0;32m[1784654839.869] [6181:6181] [ZCL] Using ZAP configuration...[0m
[0;34m[1784654839.869] [6181:6181] [CTL] System State Initialized...[0m
[0;32m[1784654839.869] [6181:6181] [CTL] Setting attestation nonce to random value[0m
[0;32m[1784654839.869] [6181:6181] [CTL] Setting CSR nonce to random value[0m
[0;34m[1784654839.869] [6181:6183] [DL] CHIP task running[0m
[0;32m[1784654839.869] [6181:6183] [CTL] Setting attestation nonce to random value[0m
[0;32m[1784654839.869] [6181:6183] [CTL] Setting CSR nonce to random value[0m
[0;32m[1784654839.869] [6181:6183] [CTL] Generating NOC[0m
[0;32m[1784654839.870] [6181:6183] [FP] Validating NOC chain[0m
[0;32m[1784654839.870] [6181:6183] [FP] NOC chain validation successful[0m
[0;32m[1784654839.870] [6181:6183] [FP] Updated fabric at index: 0x1, Node ID: 0x000000000001B669[0m
[0;32m[1784654839.870] [6181:6183] [TS] Last Known Good Time: 2023-10-14T01:16:48[0m
[0;32m[1784654839.870] [6181:6183] [TS] New proposed Last Known Good Time: 2021-01-01T00:00:00[0m
[0;32m[1784654839.870] [6181:6183] [TS] Retaining current Last Known Good Time[0m
[0;32m[1784654839.872] [6181:6183] [FP] Metadata for Fabric 0x1 persisted to storage.[0m
[0;32m[1784654839.873] [6181:6183] [TS] Committing Last Known Good Time to storage: 2023-10-14T01:16:48[0m
[0;32m[1784654839.873] [6181:6183] [CTL] Joined the fabric at index 1. Fabric ID is 0x0000000000000001 (Compressed Fabric ID: 308715022DED82F4)[0m
[0;32m[1784654839.877] [6181:6183] [TOO] Sending command to node 0x1[0m
[0;34m[1784654839.877] [6181:6183] [CSM] FindOrEstablishSession: PeerId = [1:0000000000000001][0m
[0;34m[1784654839.877] [6181:6183] [CSM] FindOrEstablishSession: No existing OperationalSessionSetup instance found[0m
[0;34m[1784654839.878] [6181:6183] [DIS] OperationalSessionSetup[1:0000000000000001]: State change 1 --> 2[0m
[0;32m[1784654839.878] [6181:6183] [DIS] Lookup started for 308715022DED82F4-0000000000000001[0m
[0;32m[1784654839.878] [6181:6183] [DIS] UDP:[fe80::bfe:a203:38f0:bce7%enp0s3]:5540: new best score: 7 (for 308715022DED82F4-0000000000000001)[0m
[0;34m[1784654839.878] [6181:6183] [DIS] Lookup clearing interface for non LL address[0m
[0;32m[1784654839.878] [6181:6183] [DIS] UDP:10.0.2.15%enp0s3:5540: new best score: 2 (for 308715022DED82F4-0000000000000001)[0m
[0;32m[1784654839.878] [6181:6183] [DIS] Checking node lookup status for 308715022DED82F4-0000000000000001 after 0 ms[0m
[0;32m[1784654839.878] [6181:6183] [DIS] Keeping DNSSD lookup active[0m
[0;32m[1784654839.878] [6181:6183] [DIS] UDP:[fe80::bfe:a203:38f0:bce7%enp0s3]:5540: score has not improved: 7 (for 308715022DED82F4-0000000000000001)[0m
[0;34m[1784654839.878] [6181:6183] [DIS] Lookup clearing interface for non LL address[0m
[0;32m[1784654839.878] [6181:6183] [DIS] UDP:10.0.2.15%enp0s3:5540: score has not improved: 2 (for 308715022DED82F4-0000000000000001)[0m
[0;32m[1784654839.878] [6181:6183] [DIS] Checking node lookup status for 308715022DED82F4-0000000000000001 after 0 ms[0m
[0;32m[1784654839.878] [6181:6183] [DIS] Keeping DNSSD lookup active[0m
[0;32m[1784654840.079] [6181:6183] [DIS] Checking node lookup status for 308715022DED82F4-0000000000000001 after 201 ms[0m
[0;34m[1784654840.079] [6181:6183] [DIS] OperationalSessionSetup[1:0000000000000001]: Updating device address to UDP:[fe80::bfe:a203:38f0:bce7%enp0s3]:5540 while in state 2[0m
[0;34m[1784654840.079] [6181:6183] [DIS] OperationalSessionSetup[1:0000000000000001]: State change 2 --> 3[0m
[0;34m[1784654840.080] [6181:6183] [IN] SecureSession[0x748800009cd0]: Allocated Type:2 LSID:17647[0m
[0;32m[1784654840.080] [6181:6183] [SC] Initiating session on local FabricIndex 1 from 0x000000000001B669 -> 0x0000000000000001[0m
[0;32m[1784654840.081] [6181:6183] [EM] <<< [E:29579i S:0 M:170660041] (U) Msg TX from A51619A550709A5C to 0:0000000000000000 [0000] [UDP:[fe80::bfe:a203:38f0:bce7%enp0s3]:5540] --- Type 0000:30 (SecureChannel:CASE_Sigma1) (B:196)[0m
[0;32m[1784654840.081] [6181:6183] [EM] ??1 [E:29579i S:0 M:170660041] (U) Msg Retransmission to 0:0000000000000000 scheduled for 611ms from now [State:Idle II:500 AI:300 AT:4000][0m
[0;32m[1784654840.081] [6181:6183] [SC] Sent Sigma1 msg to <0000000000000001, 1> [II:500ms AI:300ms AT:4000ms][0m
[0;34m[1784654840.081] [6181:6183] [DIS] OperationalSessionSetup[1:0000000000000001]: State change 3 --> 4[0m
[0;32m[1784654840.083] [6181:6183] [EM] >>> [E:29579i S:0 M:30541036 (Ack:170660041)] (U) Msg RX from 0:0000000000000000 [0000] to A51619A550709A5C --- Type 0000:31 (SecureChannel:CASE_Sigma2) (B:751)[0m
[0;34m[1784654840.083] [6181:6183] [EM] Found matching exchange: 29579i, Delegate: 0x74880000b8e8[0m
[0;34m[1784654840.083] [6181:6183] [EM] Rxd Ack; Removing MessageCounter:170660041 from Retrans Table on exchange 29579i[0m
[0;32m[1784654840.083] [6181:6183] [SC] Received Sigma2 msg[0m
[0;34m[1784654840.083] [6181:6183] [SC] Found MRP parameters in the message[0m
[0;34m[1784654840.084] [6181:6183] [SC] Peer <0000000000000001, 1> assigned session ID 33578[0m
[0;34m[1784654840.084] [6181:6183] [SC] Sending Sigma3[0m
[0;32m[1784654840.084] [6181:6183] [EM] <<< [E:29579i S:0 M:170660042 (Ack:30541036)] (U) Msg TX from A51619A550709A5C to 0:0000000000000000 [0000] [UDP:[fe80::bfe:a203:38f0:bce7%enp0s3]:5540] --- Type 0000:32 (SecureChannel:CASE_Sigma3) (B:598)[0m
[0;32m[1784654840.084] [6181:6183] [EM] ??1 [E:29579i S:0 M:170660042] (U) Msg Retransmission to 0:0000000000000000 scheduled for 339ms from now [State:Active II:500 AI:300 AT:4000][0m
[0;32m[1784654840.084] [6181:6183] [SC] Sent Sigma3 msg[0m
[0;32m[1784654840.092] [6181:6183] [EM] >>> [E:29579i S:0 M:30541037 (Ack:170660042)] (U) Msg RX from 0:0000000000000000 [0000] to A51619A550709A5C --- Type 0000:40 (SecureChannel:StatusReport) (B:34)[0m
[0;34m[1784654840.092] [6181:6183] [EM] Found matching exchange: 29579i, Delegate: 0x74880000b8e8[0m
[0;34m[1784654840.092] [6181:6183] [EM] Rxd Ack; Removing MessageCounter:170660042 from Retrans Table on exchange 29579i[0m
[0;32m[1784654840.092] [6181:6183] [SC] Success status report received. Session was established[0m
[0;32m[1784654840.094] [6181:6183] [SC] SecureSession[0x748800009cd0, LSID:17647]: State change 'kEstablishing' --> 'kActive'[0m
[0;34m[1784654840.094] [6181:6183] [IN] SecureSession[0x748800009cd0]: Activated - Type:2 LSID:17647[0m
[0;34m[1784654840.094] [6181:6183] [IN] New secure session activated for device <0000000000000001, 1>, LSID:17647 PSID:33578![0m
[0;34m[1784654840.094] [6181:6183] [DIS] OperationalSessionSetup[1:0000000000000001]: State change 4 --> 5[0m
[0;32m[1784654840.094] [6181:6183] [TOO] Sending cluster (0x00000030) command (0x00000000) on endpoint 0[0m
[0;34m[1784654840.094] [6181:6183] [DMG] ICR moving to [AddingComm][0m
[0;34m[1784654840.094] [6181:6183] [DMG] ICR moving to [AddedComma][0m
[0;32m[1784654840.094] [6181:6183] [EM] <<< [E:29580i S:17647 M:95245295] (S) Msg TX from 000000000001B669 to 1:0000000000000001 [82F4] [UDP:[fe80::bfe:a203:38f0:bce7%enp0s3]:5540] --- Type 0001:08 (IM:InvokeCommandRequest) (B:65)[0m
[0;32m[1784654840.094] [6181:6183] [EM] ??1 [E:29580i S:17647 M:95245295] (S) Msg Retransmission to 1:0000000000000001 scheduled for 360ms from now [State:Active II:500 AI:300 AT:4000][0m
[0;34m[1784654840.094] [6181:6183] [DMG] ICR moving to [AwaitingRe][0m
[0;32m[1784654840.094] [6181:6183] [EM] <<< [E:29579i S:0 M:170660043 (Ack:30541037)] (U) Msg TX from A51619A550709A5C to 0:0000000000000000 [0000] [UDP:[fe80::bfe:a203:38f0:bce7%enp0s3]:5540] --- Type 0000:10 (SecureChannel:StandaloneAck) (B:26)[0m
[0;34m[1784654840.094] [6181:6183] [EM] Flushed pending ack for MessageCounter:30541037 on exchange 29579i[0m
[0;32m[1784654840.095] [6181:6183] [EM] >>> [E:29580i S:17647 M:175786109 (Ack:95245295)] (S) Msg RX from 1:0000000000000001 [82F4] to 000000000001B669 --- Type 0001:09 (IM:InvokeCommandResponse) (B:70)[0m
[0;34m[1784654840.095] [6181:6183] [EM] Found matching exchange: 29580i, Delegate: 0x74880000eef8[0m
[0;34m[1784654840.095] [6181:6183] [EM] Rxd Ack; Removing MessageCounter:95245295 from Retrans Table on exchange 29580i[0m
[0;34m[1784654840.095] [6181:6183] [DMG] ICR moving to [ResponseRe][0m
[0;34m[1784654840.095] [6181:6183] [DMG] InvokeResponseMessage =[0m
[0;34m[1784654840.095] [6181:6183] [DMG] {[0m
[0;34m[1784654840.095] [6181:6183] [DMG] 	suppressResponse = false, [0m
[0;34m[1784654840.095] [6181:6183] [DMG] 	InvokeResponseIBs =[0m
[0;34m[1784654840.095] [6181:6183] [DMG] 	[[0m
[0;34m[1784654840.095] [6181:6183] [DMG] 		InvokeResponseIB =[0m
[0;34m[1784654840.095] [6181:6183] [DMG] 		{[0m
[0;34m[1784654840.095] [6181:6183] [DMG] 			CommandDataIB =[0m
[0;34m[1784654840.095] [6181:6183] [DMG] 			{[0m
[0;34m[1784654840.095] [6181:6183] [DMG] 				CommandPathIB =[0m
[0;34m[1784654840.095] [6181:6183] [DMG] 				{[0m
[0;34m[1784654840.095] [6181:6183] [DMG] 					EndpointId = 0x0,[0m
[0;34m[1784654840.095] [6181:6183] [DMG] 					ClusterId = 0x30,[0m
[0;34m[1784654840.095] [6181:6183] [DMG] 					CommandId = 0x1,[0m
[0;34m[1784654840.095] [6181:6183] [DMG] 				},[0m
[0;34m[1784654840.095] [6181:6183] [DMG] 				[0m
[0;34m[1784654840.095] [6181:6183] [DMG] 				CommandFields = [0m
[0;34m[1784654840.095] [6181:6183] [DMG] 				{[0m
[0;34m[1784654840.095] [6181:6183] [DMG] 					0x0 = 0 (unsigned), [0m
[0;34m[1784654840.095] [6181:6183] [DMG] 					0x1 = "" (0 chars), [0m
[0;34m[1784654840.095] [6181:6183] [DMG] 				},[0m
[0;34m[1784654840.095] [6181:6183] [DMG] 			},[0m
[0;34m[1784654840.095] [6181:6183] [DMG] 			[0m
[0;34m[1784654840.095] [6181:6183] [DMG] 		},[0m
[0;34m[1784654840.095] [6181:6183] [DMG] 		[0m
[0;34m[1784654840.095] [6181:6183] [DMG] 	],[0m
[0;34m[1784654840.095] [6181:6183] [DMG] 	[0m
[0;34m[1784654840.095] [6181:6183] [DMG] 	InteractionModelRevision = 12[0m
[0;34m[1784654840.095] [6181:6183] [DMG] },[0m
[0;32m[1784654840.095] [6181:6183] [DMG] Received Command Response Data, Endpoint=0 Cluster=0x0000_0030 Command=0x0000_0001[0m
[0;32m[1784654840.095] [6181:6183] [TOO] Endpoint: 0 Cluster: 0x0000_0030 Command 0x0000_0001[0m
[0;32m[1784654840.095] [6181:6183] [TOO]   ArmFailSafeResponse: {[0m
[0;32m[1784654840.095] [6181:6183] [TOO]     errorCode: 0[0m
[0;32m[1784654840.095] [6181:6183] [TOO]     debugText: [0m
[0;32m[1784654840.095] [6181:6183] [TOO]    }[0m
[0;34m[1784654840.095] [6181:6183] [DMG] ICR moving to [AwaitingDe][0m
[0;32m[1784654840.095] [6181:6183] [EM] <<< [E:29580i S:17647 M:95245296 (Ack:175786109)] (S) Msg TX from 000000000001B669 to 1:0000000000000001 [82F4] [UDP:[fe80::bfe:a203:38f0:bce7%enp0s3]:5540] --- Type 0000:10 (SecureChannel:StandaloneAck) (B:34)[0m
[0;34m[1784654840.095] [6181:6183] [EM] Flushed pending ack for MessageCounter:175786109 on exchange 29580i[0m
[0;34m[1784654840.095] [6181:6181] [CTL] Shutting down the commissioner[0m
[0;32m[1784654840.095] [6181:6181] [PAF] WiFiPAF: Closing all WiFiPAF sessions to shutdown[0m
[0;34m[1784654840.095] [6181:6181] [CTL] Shutting down the controller[0m
[0;34m[1784654840.095] [6181:6181] [IN] Expiring all sessions for fabric 0x1!![0m
[0;34m[1784654840.095] [6181:6181] [IN] SecureSession[0x748800009cd0]: MarkForEviction Type:2 LSID:17647[0m
[0;32m[1784654840.095] [6181:6181] [SC] SecureSession[0x748800009cd0, LSID:17647]: State change 'kActive' --> 'kPendingEviction'[0m
[0;34m[1784654840.095] [6181:6181] [IN] SecureSession[0x748800009cd0]: Released - Type:2 LSID:17647[0m
[0;32m[1784654840.095] [6181:6181] [FP] Forgetting fabric 0x1[0m
[0;32m[1784654840.095] [6181:6181] [TS] Pending Last Known Good Time: 2023-10-14T01:16:48[0m
[0;32m[1784654840.095] [6181:6181] [TS] Previous Last Known Good Time: 2023-10-14T01:16:48[0m
[0;32m[1784654840.095] [6181:6181] [TS] Reverted Last Known Good Time to previous value[0m
[0;34m[1784654840.095] [6181:6181] [CTL] Shutting down the commissioner[0m
[0;32m[1784654840.095] [6181:6181] [PAF] WiFiPAF: Closing all WiFiPAF sessions to shutdown[0m
[0;34m[1784654840.095] [6181:6181] [CTL] Shutting down the controller[0m
[0;34m[1784654840.095] [6181:6181] [CTL] Shutting down the System State, this will teardown the CHIP Stack[0m
[0;34m[1784654840.095] [6181:6181] [DMG] All ReadHandler-s are clean, clear GlobalDirtySet[0m
[0;32m[1784654840.096] [6181:6181] [FP] Shutting down FabricTable[0m
[0;32m[1784654840.096] [6181:6181] [TS] Pending Last Known Good Time: 2023-10-14T01:16:48[0m
[0;32m[1784654840.096] [6181:6181] [TS] Previous Last Known Good Time: 2023-10-14T01:16:48[0m
[0;32m[1784654840.096] [6181:6181] [TS] Reverted Last Known Good Time to previous value[0m
[0;34m[1784654840.098] [6181:6181] [DL] Wrote settings to /tmp/chip_counters.ini[0m
[0;32m[1784654840.098] [6181:6181] [DL] NVS set: chip-counters/total-operational-hours = 0 (0x0)[0m
[0;32m[1784654840.098] [6181:6181] [DL] Inet Layer shutdown[0m
[0;32m[1784654840.098] [6181:6181] [DL] BLE Layer shutdown[0m
[0;32m[1784654840.098] [6181:6181] [DL] WiFi-PAF Layer shutdown[0m
[0;32m[1784654840.098] [6181:6181] [PAF] WiFiPAF: Closing all WiFiPAF sessions to shutdown[0m
[0;32m[1784654840.098] [6181:6181] [DL] System Layer shutdown[0m
