[0;34m[1784654840.789] [6198:6198] [DL] ChipLinuxStorage::Init: Using KVS config file: /tmp/chip_tool_kvs[0m
[1;31m[1784654840.790] [6198:6198] [DL] ChipLinuxStorage::Init: Attempt to re-initialize with KVS config file: /tmp/chip_kvs, IGNORING.[0m
[0;34m[1784654840.791] [6198:6198] [DL] ChipLinuxStorage::Init: Using KVS config file: /tmp/chip_factory.ini[0m
[0;34m[1784654840.791] [6198:6198] [DL] ChipLinuxStorage::Init: Using KVS config file: /tmp/chip_config.ini[0m
[0;34m[1784654840.791] [6198:6198] [DL] ChipLinuxStorage::Init: Using KVS config file: /tmp/chip_counters.ini[0m
[0;34m[1784654840.794] [6198:6198] [DL] Wrote settings to /tmp/chip_counters.ini[0m
[0;32m[1784654840.794] [6198:6198] [DL] NVS set: chip-counters/reboot-count = 6 (0x6)[0m
[0;32m[1784654840.794] [6198:6198] [DL] Got Ethernet interface: enp0s3[0m
[0;32m[1784654840.795] [6198:6198] [DL] Found the primary Ethernet interface:enp0s3[0m
[1;31m[1784654840.795] [6198:6198] [DL] Failed to get WiFi interface[0m
[1;31m[1784654840.795] [6198:6198] [DL] Failed to reset WiFi statistic counts[0m
[0;32m[1784654840.795] [6198:6198] [PAF] WiFiPAF: WiFiPAFLayer::Init()[0m
[0;34m[1784654840.795] [6198:6198] [IN] UDP::Init bind&listen port=0[0m
[0;34m[1784654840.795] [6198:6198] [IN] UDP::Init bound to port=49568[0m
[0;34m[1784654840.795] [6198:6198] [IN] UDP::Init bind&listen port=0[0m
[0;34m[1784654840.795] [6198:6198] [IN] UDP::Init bound to port=35023[0m
[0;34m[1784654840.795] [6198:6198] [IN] BLEBase::Init - setting/overriding transport[0m
[0;34m[1784654840.795] [6198:6198] [IN] WiFiPAFBase::Init - setting/overriding transport[0m
[0;34m[1784654840.795] [6198:6198] [IN] TransportMgr initialized[0m
[0;34m[1784654840.795] [6198:6198] [FP] Initializing FabricTable from persistent storage[0m
[0;32m[1784654840.795] [6198:6198] [TS] Last Known Good Time: 2023-10-14T01:16:48[0m
[0;32m[1784654840.795] [6198:6198] [FP] Fabric index 0x1 was retrieved from storage. Compressed FabricId 0x308715022DED82F4, FabricId 0x0000000000000001, NodeId 0x000000000001B669, VendorId 0xFFF1[0m
[0;32m[1784654840.796] [6198:6198] [DMG] Ember attribute persistence requires setting up[0m
[0;32m[1784654840.796] [6198:6198] [ZCL] Using ZAP configuration...[0m
[0;34m[1784654840.796] [6198:6198] [CTL] System State Initialized...[0m
[0;32m[1784654840.796] [6198:6198] [CTL] Setting attestation nonce to random value[0m
[0;32m[1784654840.796] [6198:6198] [CTL] Setting CSR nonce to random value[0m
[0;34m[1784654840.797] [6198:6200] [DL] CHIP task running[0m
[0;32m[1784654840.797] [6198:6200] [CTL] Setting attestation nonce to random value[0m
[0;32m[1784654840.797] [6198:6200] [CTL] Setting CSR nonce to random value[0m
[0;32m[1784654840.797] [6198:6200] [CTL] Generating NOC[0m
[0;32m[1784654840.797] [6198:6200] [FP] Validating NOC chain[0m
[0;32m[1784654840.797] [6198:6200] [FP] NOC chain validation successful[0m
[0;32m[1784654840.797] [6198:6200] [FP] Updated fabric at index: 0x1, Node ID: 0x000000000001B669[0m
[0;32m[1784654840.797] [6198:6200] [TS] Last Known Good Time: 2023-10-14T01:16:48[0m
[0;32m[1784654840.797] [6198:6200] [TS] New proposed Last Known Good Time: 2021-01-01T00:00:00[0m
[0;32m[1784654840.797] [6198:6200] [TS] Retaining current Last Known Good Time[0m
[0;32m[1784654840.800] [6198:6200] [FP] Metadata for Fabric 0x1 persisted to storage.[0m
[0;32m[1784654840.800] [6198:6200] [TS] Committing Last Known Good Time to storage: 2023-10-14T01:16:48[0m
[0;32m[1784654840.801] [6198:6200] [CTL] Joined the fabric at index 1. Fabric ID is 0x0000000000000001 (Compressed Fabric ID: 308715022DED82F4)[0m
[0;32m[1784654840.806] [6198:6200] [TOO] Sending command to node 0x1[0m
[0;34m[1784654840.806] [6198:6200] [CSM] FindOrEstablishSession: PeerId = [1:0000000000000001][0m
[0;34m[1784654840.806] [6198:6200] [CSM] FindOrEstablishSession: No existing OperationalSessionSetup instance found[0m
[0;34m[1784654840.806] [6198:6200] [DIS] OperationalSessionSetup[1:0000000000000001]: State change 1 --> 2[0m
[0;32m[1784654840.806] [6198:6200] [DIS] Lookup started for 308715022DED82F4-0000000000000001[0m
[0;32m[1784654840.806] [6198:6200] [DIS] UDP:[fe80::bfe:a203:38f0:bce7%enp0s3]:5540: new best score: 7 (for 308715022DED82F4-0000000000000001)[0m
[0;34m[1784654840.806] [6198:6200] [DIS] Lookup clearing interface for non LL address[0m
[0;32m[1784654840.806] [6198:6200] [DIS] UDP:10.0.2.15%enp0s3:5540: new best score: 2 (for 308715022DED82F4-0000000000000001)[0m
[0;32m[1784654840.806] [6198:6200] [DIS] Checking node lookup status for 308715022DED82F4-0000000000000001 after 1 ms[0m
[0;32m[1784654840.806] [6198:6200] [DIS] Keeping DNSSD lookup active[0m
[0;32m[1784654840.806] [6198:6200] [DIS] UDP:[fe80::bfe:a203:38f0:bce7%enp0s3]:5540: score has not improved: 7 (for 308715022DED82F4-0000000000000001)[0m
[0;34m[1784654840.806] [6198:6200] [DIS] Lookup clearing interface for non LL address[0m
[0;32m[1784654840.806] [6198:6200] [DIS] UDP:10.0.2.15%enp0s3:5540: score has not improved: 2 (for 308715022DED82F4-0000000000000001)[0m
[0;32m[1784654840.806] [6198:6200] [DIS] Checking node lookup status for 308715022DED82F4-0000000000000001 after 1 ms[0m
[0;32m[1784654840.806] [6198:6200] [DIS] Keeping DNSSD lookup active[0m
[0;32m[1784654841.006] [6198:6200] [DIS] Checking node lookup status for 308715022DED82F4-0000000000000001 after 200 ms[0m
[0;34m[1784654841.006] [6198:6200] [DIS] OperationalSessionSetup[1:0000000000000001]: Updating device address to UDP:[fe80::bfe:a203:38f0:bce7%enp0s3]:5540 while in state 2[0m
[0;34m[1784654841.006] [6198:6200] [DIS] OperationalSessionSetup[1:0000000000000001]: State change 2 --> 3[0m
[0;34m[1784654841.006] [6198:6200] [IN] SecureSession[0x7896fc009cd0]: Allocated Type:2 LSID:56328[0m
[0;32m[1784654841.006] [6198:6200] [SC] Initiating session on local FabricIndex 1 from 0x000000000001B669 -> 0x0000000000000001[0m
[0;32m[1784654841.006] [6198:6200] [EM] <<< [E:13892i S:0 M:211233379] (U) Msg TX from AB509288F487D921 to 0:0000000000000000 [0000] [UDP:[fe80::bfe:a203:38f0:bce7%enp0s3]:5540] --- Type 0000:30 (SecureChannel:CASE_Sigma1) (B:196)[0m
[0;32m[1784654841.006] [6198:6200] [EM] ??1 [E:13892i S:0 M:211233379] (U) Msg Retransmission to 0:0000000000000000 scheduled for 642ms from now [State:Idle II:500 AI:300 AT:4000][0m
[0;32m[1784654841.006] [6198:6200] [SC] Sent Sigma1 msg to <0000000000000001, 1> [II:500ms AI:300ms AT:4000ms][0m
[0;34m[1784654841.006] [6198:6200] [DIS] OperationalSessionSetup[1:0000000000000001]: State change 3 --> 4[0m
[0;32m[1784654841.008] [6198:6200] [EM] >>> [E:13892i S:0 M:30541042 (Ack:211233379)] (U) Msg RX from 0:0000000000000000 [0000] to AB509288F487D921 --- Type 0000:31 (SecureChannel:CASE_Sigma2) (B:751)[0m
[0;34m[1784654841.008] [6198:6200] [EM] Found matching exchange: 13892i, Delegate: 0x7896fc00b8e8[0m
[0;34m[1784654841.008] [6198:6200] [EM] Rxd Ack; Removing MessageCounter:211233379 from Retrans Table on exchange 13892i[0m
[0;32m[1784654841.008] [6198:6200] [SC] Received Sigma2 msg[0m
[0;34m[1784654841.008] [6198:6200] [SC] Found MRP parameters in the message[0m
[0;34m[1784654841.009] [6198:6200] [SC] Peer <0000000000000001, 1> assigned session ID 33581[0m
[0;34m[1784654841.009] [6198:6200] [SC] Sending Sigma3[0m
[0;32m[1784654841.009] [6198:6200] [EM] <<< [E:13892i S:0 M:211233380 (Ack:30541042)] (U) Msg TX from AB509288F487D921 to 0:0000000000000000 [0000] [UDP:[fe80::bfe:a203:38f0:bce7%enp0s3]:5540] --- Type 0000:32 (SecureChannel:CASE_Sigma3) (B:598)[0m
[0;32m[1784654841.009] [6198:6200] [EM] ??1 [E:13892i S:0 M:211233380] (U) Msg Retransmission to 0:0000000000000000 scheduled for 401ms from now [State:Active II:500 AI:300 AT:4000][0m
[0;32m[1784654841.009] [6198:6200] [SC] Sent Sigma3 msg[0m
[0;32m[1784654841.018] [6198:6200] [EM] >>> [E:13892i S:0 M:30541043 (Ack:211233380)] (U) Msg RX from 0:0000000000000000 [0000] to AB509288F487D921 --- Type 0000:40 (SecureChannel:StatusReport) (B:34)[0m
[0;34m[1784654841.018] [6198:6200] [EM] Found matching exchange: 13892i, Delegate: 0x7896fc00b8e8[0m
[0;34m[1784654841.018] [6198:6200] [EM] Rxd Ack; Removing MessageCounter:211233380 from Retrans Table on exchange 13892i[0m
[0;32m[1784654841.018] [6198:6200] [SC] Success status report received. Session was established[0m
[0;32m[1784654841.019] [6198:6200] [SC] SecureSession[0x7896fc009cd0, LSID:56328]: State change 'kEstablishing' --> 'kActive'[0m
[0;34m[1784654841.020] [6198:6200] [IN] SecureSession[0x7896fc009cd0]: Activated - Type:2 LSID:56328[0m
[0;34m[1784654841.020] [6198:6200] [IN] New secure session activated for device <0000000000000001, 1>, LSID:56328 PSID:33581![0m
[0;34m[1784654841.020] [6198:6200] [DIS] OperationalSessionSetup[1:0000000000000001]: State change 4 --> 5[0m
[0;32m[1784654841.020] [6198:6200] [TOO] Sending cluster (0x0000003E) command (0x00000007) on endpoint 0[0m
[0;34m[1784654841.020] [6198:6200] [DMG] ICR moving to [AddingComm][0m
[0;34m[1784654841.020] [6198:6200] [DMG] ICR moving to [AddedComma][0m
[0;32m[1784654841.020] [6198:6200] [EM] <<< [E:13893i S:56328 M:25585969] (S) Msg TX from 000000000001B669 to 1:0000000000000001 [82F4] [UDP:[fe80::bfe:a203:38f0:bce7%enp0s3]:5540] --- Type 0001:08 (IM:InvokeCommandRequest) (B:330)[0m
[0;32m[1784654841.020] [6198:6200] [EM] ??1 [E:13893i S:56328 M:25585969] (S) Msg Retransmission to 1:0000000000000001 scheduled for 407ms from now [State:Active II:500 AI:300 AT:4000][0m
[0;34m[1784654841.020] [6198:6200] [DMG] ICR moving to [AwaitingRe][0m
[0;32m[1784654841.020] [6198:6200] [EM] <<< [E:13892i S:0 M:211233381 (Ack:30541043)] (U) Msg TX from AB509288F487D921 to 0:0000000000000000 [0000] [UDP:[fe80::bfe:a203:38f0:bce7%enp0s3]:5540] --- Type 0000:10 (SecureChannel:StandaloneAck) (B:26)[0m
[0;34m[1784654841.020] [6198:6200] [EM] Flushed pending ack for MessageCounter:30541043 on exchange 13892i[0m
[0;32m[1784654841.030] [6198:6200] [EM] >>> [E:13893i S:56328 M:239256542 (Ack:25585969)] (S) Msg RX from 1:0000000000000001 [82F4] to 000000000001B669 --- Type 0001:09 (IM:InvokeCommandResponse) (B:70)[0m
[0;34m[1784654841.030] [6198:6200] [EM] Found matching exchange: 13893i, Delegate: 0x7896fc00eef8[0m
[0;34m[1784654841.030] [6198:6200] [EM] Rxd Ack; Removing MessageCounter:25585969 from Retrans Table on exchange 13893i[0m
[0;34m[1784654841.030] [6198:6200] [DMG] ICR moving to [ResponseRe][0m
[0;34m[1784654841.030] [6198:6200] [DMG] InvokeResponseMessage =[0m
[0;34m[1784654841.030] [6198:6200] [DMG] {[0m
[0;34m[1784654841.030] [6198:6200] [DMG] 	suppressResponse = false, [0m
[0;34m[1784654841.030] [6198:6200] [DMG] 	InvokeResponseIBs =[0m
[0;34m[1784654841.030] [6198:6200] [DMG] 	[[0m
[0;34m[1784654841.030] [6198:6200] [DMG] 		InvokeResponseIB =[0m
[0;34m[1784654841.030] [6198:6200] [DMG] 		{[0m
[0;34m[1784654841.030] [6198:6200] [DMG] 			CommandDataIB =[0m
[0;34m[1784654841.030] [6198:6200] [DMG] 			{[0m
[0;34m[1784654841.030] [6198:6200] [DMG] 				CommandPathIB =[0m
[0;34m[1784654841.030] [6198:6200] [DMG] 				{[0m
[0;34m[1784654841.030] [6198:6200] [DMG] 					EndpointId = 0x0,[0m
[0;34m[1784654841.030] [6198:6200] [DMG] 					ClusterId = 0x3e,[0m
[0;34m[1784654841.030] [6198:6200] [DMG] 					CommandId = 0x8,[0m
[0;34m[1784654841.030] [6198:6200] [DMG] 				},[0m
[0;34m[1784654841.030] [6198:6200] [DMG] 				[0m
[0;34m[1784654841.030] [6198:6200] [DMG] 				CommandFields = [0m
[0;34m[1784654841.030] [6198:6200] [DMG] 				{[0m
[0;34m[1784654841.030] [6198:6200] [DMG] 					0x0 = 0 (unsigned), [0m
[0;34m[1784654841.030] [6198:6200] [DMG] 					0x1 = 1 (unsigned), [0m
[0;34m[1784654841.030] [6198:6200] [DMG] 				},[0m
[0;34m[1784654841.030] [6198:6200] [DMG] 			},[0m
[0;34m[1784654841.030] [6198:6200] [DMG] 			[0m
[0;34m[1784654841.030] [6198:6200] [DMG] 		},[0m
[0;34m[1784654841.030] [6198:6200] [DMG] 		[0m
[0;34m[1784654841.030] [6198:6200] [DMG] 	],[0m
[0;34m[1784654841.030] [6198:6200] [DMG] 	[0m
[0;34m[1784654841.030] [6198:6200] [DMG] 	InteractionModelRevision = 12[0m
[0;34m[1784654841.030] [6198:6200] [DMG] },[0m
[0;32m[1784654841.030] [6198:6200] [DMG] Received Command Response Data, Endpoint=0 Cluster=0x0000_003E Command=0x0000_0008[0m
[0;32m[1784654841.030] [6198:6200] [TOO] Endpoint: 0 Cluster: 0x0000_003E Command 0x0000_0008[0m
[0;32m[1784654841.030] [6198:6200] [TOO]   NOCResponse: {[0m
[0;32m[1784654841.030] [6198:6200] [TOO]     statusCode: 0[0m
[0;32m[1784654841.030] [6198:6200] [TOO]     fabricIndex: 1[0m
[0;32m[1784654841.030] [6198:6200] [TOO]    }[0m
[0;34m[1784654841.030] [6198:6200] [DMG] ICR moving to [AwaitingDe][0m
[0;32m[1784654841.030] [6198:6200] [EM] <<< [E:13893i S:56328 M:25585970 (Ack:239256542)] (S) Msg TX from 000000000001B669 to 1:0000000000000001 [82F4] [UDP:[fe80::bfe:a203:38f0:bce7%enp0s3]:5540] --- Type 0000:10 (SecureChannel:StandaloneAck) (B:34)[0m
[0;34m[1784654841.030] [6198:6200] [EM] Flushed pending ack for MessageCounter:239256542 on exchange 13893i[0m
[0;34m[1784654841.031] [6198:6198] [CTL] Shutting down the commissioner[0m
[0;32m[1784654841.031] [6198:6198] [PAF] WiFiPAF: Closing all WiFiPAF sessions to shutdown[0m
[0;34m[1784654841.031] [6198:6198] [CTL] Shutting down the controller[0m
[0;34m[1784654841.031] [6198:6198] [IN] Expiring all sessions for fabric 0x1!![0m
[0;34m[1784654841.031] [6198:6198] [IN] SecureSession[0x7896fc009cd0]: MarkForEviction Type:2 LSID:56328[0m
[0;32m[1784654841.031] [6198:6198] [SC] SecureSession[0x7896fc009cd0, LSID:56328]: State change 'kActive' --> 'kPendingEviction'[0m
[0;34m[1784654841.031] [6198:6198] [IN] SecureSession[0x7896fc009cd0]: Released - Type:2 LSID:56328[0m
[0;32m[1784654841.031] [6198:6198] [FP] Forgetting fabric 0x1[0m
[0;32m[1784654841.031] [6198:6198] [TS] Pending Last Known Good Time: 2023-10-14T01:16:48[0m
[0;32m[1784654841.031] [6198:6198] [TS] Previous Last Known Good Time: 2023-10-14T01:16:48[0m
[0;32m[1784654841.031] [6198:6198] [TS] Reverted Last Known Good Time to previous value[0m
[0;34m[1784654841.031] [6198:6198] [CTL] Shutting down the commissioner[0m
[0;32m[1784654841.031] [6198:6198] [PAF] WiFiPAF: Closing all WiFiPAF sessions to shutdown[0m
[0;34m[1784654841.031] [6198:6198] [CTL] Shutting down the controller[0m
[0;34m[1784654841.031] [6198:6198] [CTL] Shutting down the System State, this will teardown the CHIP Stack[0m
[0;34m[1784654841.031] [6198:6198] [DMG] All ReadHandler-s are clean, clear GlobalDirtySet[0m
[0;32m[1784654841.031] [6198:6198] [FP] Shutting down FabricTable[0m
[0;32m[1784654841.031] [6198:6198] [TS] Pending Last Known Good Time: 2023-10-14T01:16:48[0m
[0;32m[1784654841.031] [6198:6198] [TS] Previous Last Known Good Time: 2023-10-14T01:16:48[0m
[0;32m[1784654841.031] [6198:6198] [TS] Reverted Last Known Good Time to previous value[0m
[0;34m[1784654841.033] [6198:6198] [DL] Wrote settings to /tmp/chip_counters.ini[0m
[0;32m[1784654841.033] [6198:6198] [DL] NVS set: chip-counters/total-operational-hours = 0 (0x0)[0m
[0;32m[1784654841.033] [6198:6198] [DL] Inet Layer shutdown[0m
[0;32m[1784654841.033] [6198:6198] [DL] BLE Layer shutdown[0m
[0;32m[1784654841.033] [6198:6198] [DL] WiFi-PAF Layer shutdown[0m
[0;32m[1784654841.033] [6198:6198] [PAF] WiFiPAF: Closing all WiFiPAF sessions to shutdown[0m
[0;32m[1784654841.033] [6198:6198] [DL] System Layer shutdown[0m
