[0;34m[2524608000.489] [13254:13254] [DL] ChipLinuxStorage::Init: Using KVS config file: /tmp/chip_tool_kvs[0m
[1;31m[2524608000.489] [13254:13254] [DL] ChipLinuxStorage::Init: Attempt to re-initialize with KVS config file: /tmp/chip_kvs, IGNORING.[0m
[0;34m[2524608000.490] [13254:13254] [DL] ChipLinuxStorage::Init: Using KVS config file: /tmp/chip_factory.ini[0m
[0;34m[2524608000.490] [13254:13254] [DL] ChipLinuxStorage::Init: Using KVS config file: /tmp/chip_config.ini[0m
[0;34m[2524608000.490] [13254:13254] [DL] ChipLinuxStorage::Init: Using KVS config file: /tmp/chip_counters.ini[0m
[0;34m[2524608000.494] [13254:13254] [DL] Wrote settings to /tmp/chip_counters.ini[0m
[0;32m[2524608000.494] [13254:13254] [DL] NVS set: chip-counters/reboot-count = 5 (0x5)[0m
[0;32m[2524608000.494] [13254:13254] [DL] Got Ethernet interface: enp0s3[0m
[0;32m[2524608000.494] [13254:13254] [DL] Found the primary Ethernet interface:enp0s3[0m
[1;31m[2524608000.494] [13254:13254] [DL] Failed to get WiFi interface[0m
[1;31m[2524608000.494] [13254:13254] [DL] Failed to reset WiFi statistic counts[0m
[0;32m[2524608000.494] [13254:13254] [PAF] WiFiPAF: WiFiPAFLayer::Init()[0m
[0;34m[2524608000.494] [13254:13254] [IN] UDP::Init bind&listen port=0[0m
[0;34m[2524608000.494] [13254:13254] [IN] UDP::Init bound to port=33431[0m
[0;34m[2524608000.494] [13254:13254] [IN] UDP::Init bind&listen port=0[0m
[0;34m[2524608000.494] [13254:13254] [IN] UDP::Init bound to port=57663[0m
[0;34m[2524608000.494] [13254:13254] [IN] BLEBase::Init - setting/overriding transport[0m
[0;34m[2524608000.494] [13254:13254] [IN] WiFiPAFBase::Init - setting/overriding transport[0m
[0;34m[2524608000.494] [13254:13254] [IN] TransportMgr initialized[0m
[0;34m[2524608000.494] [13254:13254] [FP] Initializing FabricTable from persistent storage[0m
[0;32m[2524608000.494] [13254:13254] [TS] Last Known Good Time: 2023-10-14T01:16:48[0m
[0;32m[2524608000.494] [13254:13254] [FP] Fabric index 0x1 was retrieved from storage. Compressed FabricId 0x9C65CA5EBA636B9C, FabricId 0x0000000000000001, NodeId 0x000000000001B669, VendorId 0xFFF1[0m
[0;32m[2524608000.495] [13254:13254] [DMG] Ember attribute persistence requires setting up[0m
[0;32m[2524608000.495] [13254:13254] [ZCL] Using ZAP configuration...[0m
[0;34m[2524608000.496] [13254:13254] [CTL] System State Initialized...[0m
[0;32m[2524608000.496] [13254:13254] [CTL] Setting attestation nonce to random value[0m
[0;32m[2524608000.496] [13254:13254] [CTL] Setting CSR nonce to random value[0m
[0;34m[2524608000.496] [13254:13272] [DL] CHIP task running[0m
[0;32m[2524608000.496] [13254:13272] [CTL] Setting attestation nonce to random value[0m
[0;32m[2524608000.496] [13254:13272] [CTL] Setting CSR nonce to random value[0m
[0;32m[2524608000.496] [13254:13272] [CTL] Generating NOC[0m
[0;32m[2524608000.496] [13254:13272] [FP] Validating NOC chain[0m
[0;32m[2524608000.497] [13254:13272] [FP] NOC chain validation successful[0m
[0;32m[2524608000.497] [13254:13272] [FP] Updated fabric at index: 0x1, Node ID: 0x000000000001B669[0m
[0;32m[2524608000.497] [13254:13272] [TS] Last Known Good Time: 2023-10-14T01:16:48[0m
[0;32m[2524608000.497] [13254:13272] [TS] New proposed Last Known Good Time: 2021-01-01T00:00:00[0m
[0;32m[2524608000.497] [13254:13272] [TS] Retaining current Last Known Good Time[0m
[0;32m[2524608000.498] [13254:13272] [FP] Metadata for Fabric 0x1 persisted to storage.[0m
[0;32m[2524608000.500] [13254:13272] [TS] Committing Last Known Good Time to storage: 2023-10-14T01:16:48[0m
[0;32m[2524608000.501] [13254:13272] [CTL] Joined the fabric at index 1. Fabric ID is 0x0000000000000001 (Compressed Fabric ID: 9C65CA5EBA636B9C)[0m
[0;32m[2524608000.508] [13254:13272] [TOO] Sending command to node 0x1[0m
[0;34m[2524608000.508] [13254:13272] [CSM] FindOrEstablishSession: PeerId = [1:0000000000000001][0m
[0;34m[2524608000.508] [13254:13272] [CSM] FindOrEstablishSession: No existing OperationalSessionSetup instance found[0m
[0;34m[2524608000.508] [13254:13272] [DIS] OperationalSessionSetup[1:0000000000000001]: State change 1 --> 2[0m
[0;32m[2524608000.509] [13254:13272] [DIS] Lookup started for 9C65CA5EBA636B9C-0000000000000001[0m
[0;32m[2524608000.509] [13254:13272] [DIS] UDP:[fe80::bfe:a203:38f0:bce7%enp0s3]:5540: new best score: 7 (for 9C65CA5EBA636B9C-0000000000000001)[0m
[0;34m[2524608000.509] [13254:13272] [DIS] Lookup clearing interface for non LL address[0m
[0;32m[2524608000.509] [13254:13272] [DIS] UDP:10.0.2.15%enp0s3:5540: new best score: 2 (for 9C65CA5EBA636B9C-0000000000000001)[0m
[0;32m[2524608000.509] [13254:13272] [DIS] Checking node lookup status for 9C65CA5EBA636B9C-0000000000000001 after 1 ms[0m
[0;32m[2524608000.509] [13254:13272] [DIS] Keeping DNSSD lookup active[0m
[0;32m[2524608000.509] [13254:13272] [DIS] UDP:[fe80::bfe:a203:38f0:bce7%enp0s3]:5540: score has not improved: 7 (for 9C65CA5EBA636B9C-0000000000000001)[0m
[0;34m[2524608000.509] [13254:13272] [DIS] Lookup clearing interface for non LL address[0m
[0;32m[2524608000.509] [13254:13272] [DIS] UDP:10.0.2.15%enp0s3:5540: score has not improved: 2 (for 9C65CA5EBA636B9C-0000000000000001)[0m
[0;32m[2524608000.509] [13254:13272] [DIS] Checking node lookup status for 9C65CA5EBA636B9C-0000000000000001 after 1 ms[0m
[0;32m[2524608000.509] [13254:13272] [DIS] Keeping DNSSD lookup active[0m
[0;32m[2524608000.710] [13254:13272] [DIS] Checking node lookup status for 9C65CA5EBA636B9C-0000000000000001 after 202 ms[0m
[0;34m[2524608000.710] [13254:13272] [DIS] OperationalSessionSetup[1:0000000000000001]: Updating device address to UDP:[fe80::bfe:a203:38f0:bce7%enp0s3]:5540 while in state 2[0m
[0;34m[2524608000.710] [13254:13272] [DIS] OperationalSessionSetup[1:0000000000000001]: State change 2 --> 3[0m
[0;34m[2524608000.711] [13254:13272] [IN] SecureSession[0x77cb3000c1f0]: Allocated Type:2 LSID:16095[0m
[0;32m[2524608000.711] [13254:13272] [SC] Initiating session on local FabricIndex 1 from 0x000000000001B669 -> 0x0000000000000001[0m
[0;32m[2524608000.711] [13254:13272] [EM] <<< [E:43927i S:0 M:98400988] (U) Msg TX from DA2A2C8456D54FC1 to 0:0000000000000000 [0000] [UDP:[fe80::bfe:a203:38f0:bce7%enp0s3]:5540] --- Type 0000:30 (SecureChannel:CASE_Sigma1) (B:196)[0m
[0;32m[2524608000.712] [13254:13272] [EM] ??1 [E:43927i S:0 M:98400988] (U) Msg Retransmission to 0:0000000000000000 scheduled for 649ms from now [State:Idle II:500 AI:300 AT:4000][0m
[0;32m[2524608000.712] [13254:13272] [SC] Sent Sigma1 msg to <0000000000000001, 1> [II:500ms AI:300ms AT:4000ms][0m
[0;34m[2524608000.712] [13254:13272] [DIS] OperationalSessionSetup[1:0000000000000001]: State change 3 --> 4[0m
[0;32m[2524608000.714] [13254:13272] [EM] >>> [E:43927i S:0 M:1837449 (Ack:98400988)] (U) Msg RX from 0:0000000000000000 [0000] to DA2A2C8456D54FC1 --- Type 0000:31 (SecureChannel:CASE_Sigma2) (B:751)[0m
[0;34m[2524608000.714] [13254:13272] [EM] Found matching exchange: 43927i, Delegate: 0x77cb3000bf28[0m
[0;34m[2524608000.714] [13254:13272] [EM] Rxd Ack; Removing MessageCounter:98400988 from Retrans Table on exchange 43927i[0m
[0;32m[2524608000.714] [13254:13272] [SC] Received Sigma2 msg[0m
[0;34m[2524608000.714] [13254:13272] [SC] Found MRP parameters in the message[0m
[0;34m[2524608000.714] [13254:13272] [SC] Certificate's mNotAfterTime (978134400) is before current time (1577923200)[0m
[0;34m[2524608000.714] [13254:13272] [SC] Sending status report. Protocol code 2, exchange 43927[0m
[0;32m[2524608000.715] [13254:13272] [EM] <<< [E:43927i S:0 M:98400989 (Ack:1837449)] (U) Msg TX from DA2A2C8456D54FC1 to 0:0000000000000000 [0000] [UDP:[fe80::bfe:a203:38f0:bce7%enp0s3]:5540] --- Type 0000:40 (SecureChannel:StatusReport) (B:34)[0m
[0;32m[2524608000.715] [13254:13272] [EM] ??1 [E:43927i S:0 M:98400989] (U) Msg Retransmission to 0:0000000000000000 scheduled for 398ms from now [State:Active II:500 AI:300 AT:4000][0m
[0;34m[2524608000.715] [13254:13272] [IN] SecureSession[0x77cb3000c1f0]: Released - Type:2 LSID:16095[0m
[1;31m[2524608000.715] [13254:13272] [-] src/credentials/CHIPCert.cpp:1481: CHIP Error 0x0000004E: Certificate expired at examples/chip-tool/commands/clusters/ModelCommand.cpp:67[0m
[0;32m[2524608000.715] [13254:13272] [EM] >>> [E:43927i S:0 M:1837450 (Ack:98400989)] (U) Msg RX from 0:0000000000000000 [0000] to DA2A2C8456D54FC1 --- Type 0000:10 (SecureChannel:StandaloneAck) (B:26)[0m
[0;34m[2524608000.715] [13254:13272] [EM] Found matching exchange: 43927i, Delegate: (nil)[0m
[0;34m[2524608000.715] [13254:13272] [EM] Rxd Ack; Removing MessageCounter:98400989 from Retrans Table on exchange 43927i[0m
[0;34m[2524608000.715] [13254:13254] [CTL] Shutting down the commissioner[0m
[0;32m[2524608000.715] [13254:13254] [PAF] WiFiPAF: Closing all WiFiPAF sessions to shutdown[0m
[0;34m[2524608000.715] [13254:13254] [CTL] Shutting down the controller[0m
[0;34m[2524608000.715] [13254:13254] [IN] Expiring all sessions for fabric 0x1!![0m
[0;32m[2524608000.715] [13254:13254] [FP] Forgetting fabric 0x1[0m
[0;32m[2524608000.715] [13254:13254] [TS] Pending Last Known Good Time: 2023-10-14T01:16:48[0m
[0;32m[2524608000.715] [13254:13254] [TS] Previous Last Known Good Time: 2023-10-14T01:16:48[0m
[0;32m[2524608000.715] [13254:13254] [TS] Reverted Last Known Good Time to previous value[0m
[0;34m[2524608000.715] [13254:13254] [CTL] Shutting down the commissioner[0m
[0;32m[2524608000.715] [13254:13254] [PAF] WiFiPAF: Closing all WiFiPAF sessions to shutdown[0m
[0;34m[2524608000.715] [13254:13254] [CTL] Shutting down the controller[0m
[0;34m[2524608000.715] [13254:13254] [CTL] Shutting down the System State, this will teardown the CHIP Stack[0m
[0;34m[2524608000.715] [13254:13254] [DMG] All ReadHandler-s are clean, clear GlobalDirtySet[0m
[0;32m[2524608000.715] [13254:13254] [FP] Shutting down FabricTable[0m
[0;32m[2524608000.715] [13254:13254] [TS] Pending Last Known Good Time: 2023-10-14T01:16:48[0m
[0;32m[2524608000.715] [13254:13254] [TS] Previous Last Known Good Time: 2023-10-14T01:16:48[0m
[0;32m[2524608000.715] [13254:13254] [TS] Reverted Last Known Good Time to previous value[0m
[0;34m[2524608000.718] [13254:13254] [DL] Wrote settings to /tmp/chip_counters.ini[0m
[0;32m[2524608000.719] [13254:13254] [DL] NVS set: chip-counters/total-operational-hours = 0 (0x0)[0m
[0;32m[2524608000.719] [13254:13254] [DL] Inet Layer shutdown[0m
[0;32m[2524608000.719] [13254:13254] [DL] BLE Layer shutdown[0m
[0;32m[2524608000.719] [13254:13254] [DL] WiFi-PAF Layer shutdown[0m
[0;32m[2524608000.719] [13254:13254] [PAF] WiFiPAF: Closing all WiFiPAF sessions to shutdown[0m
[0;32m[2524608000.719] [13254:13254] [DL] System Layer shutdown[0m
[1;31m[2524608000.719] [13254:13254] [TOO] Run command failure: src/credentials/CHIPCert.cpp:1481: CHIP Error 0x0000004E: Certificate expired[0m
