[0;34m[1784834165.760] [13196:13196] [DL] ChipLinuxStorage::Init: Using KVS config file: /tmp/chip_tool_kvs[0m
[1;31m[1784834165.761] [13196:13196] [DL] ChipLinuxStorage::Init: Attempt to re-initialize with KVS config file: /tmp/chip_kvs, IGNORING.[0m
[0;34m[1784834165.762] [13196:13196] [DL] ChipLinuxStorage::Init: Using KVS config file: /tmp/chip_factory.ini[0m
[0;34m[1784834165.762] [13196:13196] [DL] ChipLinuxStorage::Init: Using KVS config file: /tmp/chip_config.ini[0m
[0;34m[1784834165.762] [13196:13196] [DL] ChipLinuxStorage::Init: Using KVS config file: /tmp/chip_counters.ini[0m
[0;34m[1784834165.765] [13196:13196] [DL] Wrote settings to /tmp/chip_counters.ini[0m
[0;32m[1784834165.765] [13196:13196] [DL] NVS set: chip-counters/reboot-count = 3 (0x3)[0m
[0;32m[1784834165.765] [13196:13196] [DL] Got Ethernet interface: enp0s3[0m
[0;32m[1784834165.765] [13196:13196] [DL] Found the primary Ethernet interface:enp0s3[0m
[1;31m[1784834165.765] [13196:13196] [DL] Failed to get WiFi interface[0m
[1;31m[1784834165.765] [13196:13196] [DL] Failed to reset WiFi statistic counts[0m
[0;32m[1784834165.765] [13196:13196] [PAF] WiFiPAF: WiFiPAFLayer::Init()[0m
[0;34m[1784834165.765] [13196:13196] [IN] UDP::Init bind&listen port=0[0m
[0;34m[1784834165.765] [13196:13196] [IN] UDP::Init bound to port=51789[0m
[0;34m[1784834165.765] [13196:13196] [IN] UDP::Init bind&listen port=0[0m
[0;34m[1784834165.765] [13196:13196] [IN] UDP::Init bound to port=55998[0m
[0;34m[1784834165.765] [13196:13196] [IN] BLEBase::Init - setting/overriding transport[0m
[0;34m[1784834165.765] [13196:13196] [IN] WiFiPAFBase::Init - setting/overriding transport[0m
[0;34m[1784834165.765] [13196:13196] [IN] TransportMgr initialized[0m
[0;34m[1784834165.765] [13196:13196] [FP] Initializing FabricTable from persistent storage[0m
[0;32m[1784834165.765] [13196:13196] [TS] Last Known Good Time: 2023-10-14T01:16:48[0m
[0;32m[1784834165.766] [13196:13196] [FP] Fabric index 0x1 was retrieved from storage. Compressed FabricId 0x9C65CA5EBA636B9C, FabricId 0x0000000000000001, NodeId 0x000000000001B669, VendorId 0xFFF1[0m
[0;32m[1784834165.768] [13196:13196] [DMG] Ember attribute persistence requires setting up[0m
[0;32m[1784834165.768] [13196:13196] [ZCL] Using ZAP configuration...[0m
[0;34m[1784834165.768] [13196:13196] [CTL] System State Initialized...[0m
[0;32m[1784834165.768] [13196:13196] [CTL] Setting attestation nonce to random value[0m
[0;32m[1784834165.768] [13196:13196] [CTL] Setting CSR nonce to random value[0m
[0;34m[1784834165.768] [13196:13198] [DL] CHIP task running[0m
[0;32m[1784834165.769] [13196:13198] [CTL] Setting attestation nonce to random value[0m
[0;32m[1784834165.769] [13196:13198] [CTL] Setting CSR nonce to random value[0m
[0;32m[1784834165.769] [13196:13198] [CTL] Generating NOC[0m
[0;32m[1784834165.769] [13196:13198] [FP] Validating NOC chain[0m
[0;32m[1784834165.769] [13196:13198] [FP] NOC chain validation successful[0m
[0;32m[1784834165.769] [13196:13198] [FP] Updated fabric at index: 0x1, Node ID: 0x000000000001B669[0m
[0;32m[1784834165.769] [13196:13198] [TS] Last Known Good Time: 2023-10-14T01:16:48[0m
[0;32m[1784834165.769] [13196:13198] [TS] New proposed Last Known Good Time: 2021-01-01T00:00:00[0m
[0;32m[1784834165.769] [13196:13198] [TS] Retaining current Last Known Good Time[0m
[0;32m[1784834165.771] [13196:13198] [FP] Metadata for Fabric 0x1 persisted to storage.[0m
[0;32m[1784834165.772] [13196:13198] [TS] Committing Last Known Good Time to storage: 2023-10-14T01:16:48[0m
[0;32m[1784834165.773] [13196:13198] [CTL] Joined the fabric at index 1. Fabric ID is 0x0000000000000001 (Compressed Fabric ID: 9C65CA5EBA636B9C)[0m
[0;32m[1784834165.778] [13196:13198] [TOO] Sending command to node 0x1[0m
[0;34m[1784834165.778] [13196:13198] [CSM] FindOrEstablishSession: PeerId = [1:0000000000000001][0m
[0;34m[1784834165.778] [13196:13198] [CSM] FindOrEstablishSession: No existing OperationalSessionSetup instance found[0m
[0;34m[1784834165.778] [13196:13198] [DIS] OperationalSessionSetup[1:0000000000000001]: State change 1 --> 2[0m
[0;32m[1784834165.778] [13196:13198] [DIS] Lookup started for 9C65CA5EBA636B9C-0000000000000001[0m
[0;32m[1784834165.778] [13196:13198] [DIS] UDP:[fe80::bfe:a203:38f0:bce7%enp0s3]:5540: new best score: 7 (for 9C65CA5EBA636B9C-0000000000000001)[0m
[0;34m[1784834165.778] [13196:13198] [DIS] Lookup clearing interface for non LL address[0m
[0;32m[1784834165.778] [13196:13198] [DIS] UDP:10.0.2.15%enp0s3:5540: new best score: 2 (for 9C65CA5EBA636B9C-0000000000000001)[0m
[0;32m[1784834165.778] [13196:13198] [DIS] Checking node lookup status for 9C65CA5EBA636B9C-0000000000000001 after 1 ms[0m
[0;32m[1784834165.778] [13196:13198] [DIS] Keeping DNSSD lookup active[0m
[0;32m[1784834165.778] [13196:13198] [DIS] UDP:[fe80::bfe:a203:38f0:bce7%enp0s3]:5540: score has not improved: 7 (for 9C65CA5EBA636B9C-0000000000000001)[0m
[0;34m[1784834165.778] [13196:13198] [DIS] Lookup clearing interface for non LL address[0m
[0;32m[1784834165.778] [13196:13198] [DIS] UDP:10.0.2.15%enp0s3:5540: score has not improved: 2 (for 9C65CA5EBA636B9C-0000000000000001)[0m
[0;32m[1784834165.778] [13196:13198] [DIS] Checking node lookup status for 9C65CA5EBA636B9C-0000000000000001 after 1 ms[0m
[0;32m[1784834165.778] [13196:13198] [DIS] Keeping DNSSD lookup active[0m
[0;32m[1784834165.978] [13196:13198] [DIS] Checking node lookup status for 9C65CA5EBA636B9C-0000000000000001 after 200 ms[0m
[0;34m[1784834165.978] [13196:13198] [DIS] OperationalSessionSetup[1:0000000000000001]: Updating device address to UDP:[fe80::bfe:a203:38f0:bce7%enp0s3]:5540 while in state 2[0m
[0;34m[1784834165.978] [13196:13198] [DIS] OperationalSessionSetup[1:0000000000000001]: State change 2 --> 3[0m
[0;34m[1784834165.978] [13196:13198] [IN] SecureSession[0x7ee560009cd0]: Allocated Type:2 LSID:52387[0m
[0;32m[1784834165.978] [13196:13198] [SC] Initiating session on local FabricIndex 1 from 0x000000000001B669 -> 0x0000000000000001[0m
[0;32m[1784834165.979] [13196:13198] [EM] <<< [E:15879i S:0 M:84023003] (U) Msg TX from 658E66C5AC5BF38F to 0:0000000000000000 [0000] [UDP:[fe80::bfe:a203:38f0:bce7%enp0s3]:5540] --- Type 0000:30 (SecureChannel:CASE_Sigma1) (B:196)[0m
[0;32m[1784834165.979] [13196:13198] [EM] ??1 [E:15879i S:0 M:84023003] (U) Msg Retransmission to 0:0000000000000000 scheduled for 668ms from now [State:Idle II:500 AI:300 AT:4000][0m
[0;32m[1784834165.979] [13196:13198] [SC] Sent Sigma1 msg to <0000000000000001, 1> [II:500ms AI:300ms AT:4000ms][0m
[0;34m[1784834165.979] [13196:13198] [DIS] OperationalSessionSetup[1:0000000000000001]: State change 3 --> 4[0m
[0;32m[1784834165.981] [13196:13198] [EM] >>> [E:15879i S:0 M:1837445 (Ack:84023003)] (U) Msg RX from 0:0000000000000000 [0000] to 658E66C5AC5BF38F --- Type 0000:31 (SecureChannel:CASE_Sigma2) (B:751)[0m
[0;34m[1784834165.981] [13196:13198] [EM] Found matching exchange: 15879i, Delegate: 0x7ee56000b8e8[0m
[0;34m[1784834165.981] [13196:13198] [EM] Rxd Ack; Removing MessageCounter:84023003 from Retrans Table on exchange 15879i[0m
[0;32m[1784834165.981] [13196:13198] [SC] Received Sigma2 msg[0m
[0;34m[1784834165.981] [13196:13198] [SC] Found MRP parameters in the message[0m
[0;34m[1784834165.982] [13196:13198] [SC] Peer <0000000000000001, 1> assigned session ID 28917[0m
[0;34m[1784834165.982] [13196:13198] [SC] Sending Sigma3[0m
[0;32m[1784834165.982] [13196:13198] [EM] <<< [E:15879i S:0 M:84023004 (Ack:1837445)] (U) Msg TX from 658E66C5AC5BF38F to 0:0000000000000000 [0000] [UDP:[fe80::bfe:a203:38f0:bce7%enp0s3]:5540] --- Type 0000:32 (SecureChannel:CASE_Sigma3) (B:598)[0m
[0;32m[1784834165.982] [13196:13198] [EM] ??1 [E:15879i S:0 M:84023004] (U) Msg Retransmission to 0:0000000000000000 scheduled for 351ms from now [State:Active II:500 AI:300 AT:4000][0m
[0;32m[1784834165.982] [13196:13198] [SC] Sent Sigma3 msg[0m
[0;32m[1784834165.992] [13196:13198] [EM] >>> [E:15879i S:0 M:1837446 (Ack:84023004)] (U) Msg RX from 0:0000000000000000 [0000] to 658E66C5AC5BF38F --- Type 0000:40 (SecureChannel:StatusReport) (B:34)[0m
[0;34m[1784834165.992] [13196:13198] [EM] Found matching exchange: 15879i, Delegate: 0x7ee56000b8e8[0m
[0;34m[1784834165.992] [13196:13198] [EM] Rxd Ack; Removing MessageCounter:84023004 from Retrans Table on exchange 15879i[0m
[0;32m[1784834165.992] [13196:13198] [SC] Success status report received. Session was established[0m
[0;32m[1784834165.993] [13196:13198] [SC] SecureSession[0x7ee560009cd0, LSID:52387]: State change 'kEstablishing' --> 'kActive'[0m
[0;34m[1784834165.993] [13196:13198] [IN] SecureSession[0x7ee560009cd0]: Activated - Type:2 LSID:52387[0m
[0;34m[1784834165.993] [13196:13198] [IN] New secure session activated for device <0000000000000001, 1>, LSID:52387 PSID:28917![0m
[0;34m[1784834165.993] [13196:13198] [DIS] OperationalSessionSetup[1:0000000000000001]: State change 4 --> 5[0m
[0;32m[1784834165.993] [13196:13198] [TOO] Sending cluster (0x00000038) command (0x00000000) on endpoint 0[0m
[0;34m[1784834165.993] [13196:13198] [DMG] ICR moving to [AddingComm][0m
[0;34m[1784834165.993] [13196:13198] [DMG] ICR moving to [AddedComma][0m
[0;32m[1784834165.993] [13196:13198] [EM] <<< [E:15880i S:52387 M:104696487] (S) Msg TX from 000000000001B669 to 1:0000000000000001 [6B9C] [UDP:[fe80::bfe:a203:38f0:bce7%enp0s3]:5540] --- Type 0001:08 (IM:InvokeCommandRequest) (B:72)[0m
[0;32m[1784834165.993] [13196:13198] [EM] ??1 [E:15880i S:52387 M:104696487] (S) Msg Retransmission to 1:0000000000000001 scheduled for 331ms from now [State:Active II:500 AI:300 AT:4000][0m
[0;34m[1784834165.993] [13196:13198] [DMG] ICR moving to [AwaitingRe][0m
[0;32m[1784834165.993] [13196:13198] [EM] <<< [E:15879i S:0 M:84023005 (Ack:1837446)] (U) Msg TX from 658E66C5AC5BF38F to 0:0000000000000000 [0000] [UDP:[fe80::bfe:a203:38f0:bce7%enp0s3]:5540] --- Type 0000:10 (SecureChannel:StandaloneAck) (B:26)[0m
[0;34m[1784834165.993] [13196:13198] [EM] Flushed pending ack for MessageCounter:1837446 on exchange 15879i[0m
[0;32m[2524608000.003] [13196:13198] [EM] >>> [E:15880i S:52387 M:92161635 (Ack:104696487)] (S) Msg RX from 1:0000000000000001 [6B9C] to 000000000001B669 --- Type 0001:09 (IM:InvokeCommandResponse) (B:67)[0m
[0;34m[2524608000.003] [13196:13198] [EM] Found matching exchange: 15880i, Delegate: 0x7ee56000eef8[0m
[0;34m[2524608000.003] [13196:13198] [EM] Rxd Ack; Removing MessageCounter:104696487 from Retrans Table on exchange 15880i[0m
[0;34m[2524608000.003] [13196:13198] [DMG] ICR moving to [ResponseRe][0m
[0;34m[2524608000.003] [13196:13198] [DMG] InvokeResponseMessage =[0m
[0;34m[2524608000.003] [13196:13198] [DMG] {[0m
[0;34m[2524608000.003] [13196:13198] [DMG] 	suppressResponse = false, [0m
[0;34m[2524608000.003] [13196:13198] [DMG] 	InvokeResponseIBs =[0m
[0;34m[2524608000.003] [13196:13198] [DMG] 	[[0m
[0;34m[2524608000.003] [13196:13198] [DMG] 		InvokeResponseIB =[0m
[0;34m[2524608000.003] [13196:13198] [DMG] 		{[0m
[0;34m[2524608000.003] [13196:13198] [DMG] 			CommandStatusIB =[0m
[0;34m[2524608000.003] [13196:13198] [DMG] 			{[0m
[0;34m[2524608000.003] [13196:13198] [DMG] 				CommandPathIB =[0m
[0;34m[2524608000.003] [13196:13198] [DMG] 				{[0m
[0;34m[2524608000.003] [13196:13198] [DMG] 					EndpointId = 0x0,[0m
[0;34m[2524608000.003] [13196:13198] [DMG] 					ClusterId = 0x38,[0m
[0;34m[2524608000.003] [13196:13198] [DMG] 					CommandId = 0x0,[0m
[0;34m[2524608000.003] [13196:13198] [DMG] 				},[0m
[0;34m[2524608000.003] [13196:13198] [DMG] 				[0m
[0;34m[2524608000.003] [13196:13198] [DMG] 				StatusIB =[0m
[0;34m[2524608000.003] [13196:13198] [DMG] 				{[0m
[0;34m[2524608000.003] [13196:13198] [DMG] 					status = 0x00 (SUCCESS),[0m
[0;34m[2524608000.003] [13196:13198] [DMG] 				},[0m
[0;34m[2524608000.003] [13196:13198] [DMG] 				[0m
[0;34m[2524608000.003] [13196:13198] [DMG] 			},[0m
[0;34m[2524608000.003] [13196:13198] [DMG] 			[0m
[0;34m[2524608000.003] [13196:13198] [DMG] 		},[0m
[0;34m[2524608000.003] [13196:13198] [DMG] 		[0m
[0;34m[2524608000.003] [13196:13198] [DMG] 	],[0m
[0;34m[2524608000.003] [13196:13198] [DMG] 	[0m
[0;34m[2524608000.003] [13196:13198] [DMG] 	InteractionModelRevision = 12[0m
[0;34m[2524608000.003] [13196:13198] [DMG] },[0m
[0;32m[2524608000.003] [13196:13198] [DMG] Received Command Response Status for Endpoint=0 Cluster=0x0000_0038 Command=0x0000_0000 Status=0x0[0m
[0;34m[2524608000.003] [13196:13198] [DMG] ICR moving to [AwaitingDe][0m
[0;32m[2524608000.003] [13196:13198] [EM] <<< [E:15880i S:52387 M:104696488 (Ack:92161635)] (S) Msg TX from 000000000001B669 to 1:0000000000000001 [6B9C] [UDP:[fe80::bfe:a203:38f0:bce7%enp0s3]:5540] --- Type 0000:10 (SecureChannel:StandaloneAck) (B:34)[0m
[0;34m[2524608000.003] [13196:13198] [EM] Flushed pending ack for MessageCounter:92161635 on exchange 15880i[0m
[0;34m[2524608000.004] [13196:13196] [CTL] Shutting down the commissioner[0m
[0;32m[2524608000.004] [13196:13196] [PAF] WiFiPAF: Closing all WiFiPAF sessions to shutdown[0m
[0;34m[2524608000.004] [13196:13196] [CTL] Shutting down the controller[0m
[0;34m[2524608000.004] [13196:13196] [IN] Expiring all sessions for fabric 0x1!![0m
[0;34m[2524608000.004] [13196:13196] [IN] SecureSession[0x7ee560009cd0]: MarkForEviction Type:2 LSID:52387[0m
[0;32m[2524608000.004] [13196:13196] [SC] SecureSession[0x7ee560009cd0, LSID:52387]: State change 'kActive' --> 'kPendingEviction'[0m
[0;34m[2524608000.004] [13196:13196] [IN] SecureSession[0x7ee560009cd0]: Released - Type:2 LSID:52387[0m
[0;32m[2524608000.004] [13196:13196] [FP] Forgetting fabric 0x1[0m
[0;32m[2524608000.004] [13196:13196] [TS] Pending Last Known Good Time: 2023-10-14T01:16:48[0m
[0;32m[2524608000.004] [13196:13196] [TS] Previous Last Known Good Time: 2023-10-14T01:16:48[0m
[0;32m[2524608000.004] [13196:13196] [TS] Reverted Last Known Good Time to previous value[0m
[0;34m[2524608000.004] [13196:13196] [CTL] Shutting down the commissioner[0m
[0;32m[2524608000.004] [13196:13196] [PAF] WiFiPAF: Closing all WiFiPAF sessions to shutdown[0m
[0;34m[2524608000.004] [13196:13196] [CTL] Shutting down the controller[0m
[0;34m[2524608000.004] [13196:13196] [CTL] Shutting down the System State, this will teardown the CHIP Stack[0m
[0;34m[2524608000.004] [13196:13196] [DMG] All ReadHandler-s are clean, clear GlobalDirtySet[0m
[0;32m[2524608000.004] [13196:13196] [FP] Shutting down FabricTable[0m
[0;32m[2524608000.004] [13196:13196] [TS] Pending Last Known Good Time: 2023-10-14T01:16:48[0m
[0;32m[2524608000.004] [13196:13196] [TS] Previous Last Known Good Time: 2023-10-14T01:16:48[0m
[0;32m[2524608000.004] [13196:13196] [TS] Reverted Last Known Good Time to previous value[0m
[0;34m[2524608000.007] [13196:13196] [DL] Wrote settings to /tmp/chip_counters.ini[0m
[0;32m[2524608000.007] [13196:13196] [DL] NVS set: chip-counters/total-operational-hours = 0 (0x0)[0m
[0;32m[2524608000.007] [13196:13196] [DL] Inet Layer shutdown[0m
[0;32m[2524608000.007] [13196:13196] [DL] BLE Layer shutdown[0m
[0;32m[2524608000.007] [13196:13196] [DL] WiFi-PAF Layer shutdown[0m
[0;32m[2524608000.007] [13196:13196] [PAF] WiFiPAF: Closing all WiFiPAF sessions to shutdown[0m
[0;32m[2524608000.007] [13196:13196] [DL] System Layer shutdown[0m
