[0;34m[1784837206.680] [20969:20969] [DL] ChipLinuxStorage::Init: Using KVS config file: /tmp/chip_tool_kvs[0m
[1;31m[1784837206.680] [20969:20969] [DL] ChipLinuxStorage::Init: Attempt to re-initialize with KVS config file: /tmp/chip_kvs, IGNORING.[0m
[0;34m[1784837206.681] [20969:20969] [DL] ChipLinuxStorage::Init: Using KVS config file: /tmp/chip_factory.ini[0m
[0;34m[1784837206.681] [20969:20969] [DL] ChipLinuxStorage::Init: Using KVS config file: /tmp/chip_config.ini[0m
[0;34m[1784837206.681] [20969:20969] [DL] ChipLinuxStorage::Init: Using KVS config file: /tmp/chip_counters.ini[0m
[0;34m[1784837206.684] [20969:20969] [DL] Wrote settings to /tmp/chip_counters.ini[0m
[0;32m[1784837206.684] [20969:20969] [DL] NVS set: chip-counters/reboot-count = 3 (0x3)[0m
[0;32m[1784837206.684] [20969:20969] [DL] Got Ethernet interface: enp0s3[0m
[0;32m[1784837206.684] [20969:20969] [DL] Found the primary Ethernet interface:enp0s3[0m
[1;31m[1784837206.684] [20969:20969] [DL] Failed to get WiFi interface[0m
[1;31m[1784837206.684] [20969:20969] [DL] Failed to reset WiFi statistic counts[0m
[0;32m[1784837206.684] [20969:20969] [PAF] WiFiPAF: WiFiPAFLayer::Init()[0m
[0;34m[1784837206.684] [20969:20969] [IN] UDP::Init bind&listen port=0[0m
[0;34m[1784837206.684] [20969:20969] [IN] UDP::Init bound to port=55316[0m
[0;34m[1784837206.684] [20969:20969] [IN] UDP::Init bind&listen port=0[0m
[0;34m[1784837206.684] [20969:20969] [IN] UDP::Init bound to port=56649[0m
[0;34m[1784837206.684] [20969:20969] [IN] BLEBase::Init - setting/overriding transport[0m
[0;34m[1784837206.684] [20969:20969] [IN] WiFiPAFBase::Init - setting/overriding transport[0m
[0;34m[1784837206.684] [20969:20969] [IN] TransportMgr initialized[0m
[0;34m[1784837206.684] [20969:20969] [FP] Initializing FabricTable from persistent storage[0m
[0;32m[1784837206.684] [20969:20969] [TS] Last Known Good Time: 2023-10-14T01:16:48[0m
[0;32m[1784837206.685] [20969:20969] [FP] Fabric index 0x1 was retrieved from storage. Compressed FabricId 0xB877B4D91BDEC575, FabricId 0x0000000000000001, NodeId 0x000000000001B669, VendorId 0xFFF1[0m
[0;32m[1784837206.686] [20969:20969] [DMG] Ember attribute persistence requires setting up[0m
[0;32m[1784837206.686] [20969:20969] [ZCL] Using ZAP configuration...[0m
[0;34m[1784837206.686] [20969:20969] [CTL] System State Initialized...[0m
[0;32m[1784837206.686] [20969:20969] [CTL] Setting attestation nonce to random value[0m
[0;32m[1784837206.686] [20969:20969] [CTL] Setting CSR nonce to random value[0m
[0;34m[1784837206.686] [20969:20971] [DL] CHIP task running[0m
[0;32m[1784837206.687] [20969:20971] [CTL] Setting attestation nonce to random value[0m
[0;32m[1784837206.687] [20969:20971] [CTL] Setting CSR nonce to random value[0m
[0;32m[1784837206.687] [20969:20971] [CTL] Generating NOC[0m
[0;32m[1784837206.687] [20969:20971] [FP] Validating NOC chain[0m
[0;32m[1784837206.687] [20969:20971] [FP] NOC chain validation successful[0m
[0;32m[1784837206.687] [20969:20971] [FP] Updated fabric at index: 0x1, Node ID: 0x000000000001B669[0m
[0;32m[1784837206.687] [20969:20971] [TS] Last Known Good Time: 2023-10-14T01:16:48[0m
[0;32m[1784837206.687] [20969:20971] [TS] New proposed Last Known Good Time: 2021-01-01T00:00:00[0m
[0;32m[1784837206.687] [20969:20971] [TS] Retaining current Last Known Good Time[0m
[0;32m[1784837206.689] [20969:20971] [FP] Metadata for Fabric 0x1 persisted to storage.[0m
[0;32m[1784837206.690] [20969:20971] [TS] Committing Last Known Good Time to storage: 2023-10-14T01:16:48[0m
[0;32m[1784837206.691] [20969:20971] [CTL] Joined the fabric at index 1. Fabric ID is 0x0000000000000001 (Compressed Fabric ID: B877B4D91BDEC575)[0m
[0;32m[1784837206.695] [20969:20971] [TOO] Sending command to node 0x1[0m
[0;34m[1784837206.695] [20969:20971] [CSM] FindOrEstablishSession: PeerId = [1:0000000000000001][0m
[0;34m[1784837206.695] [20969:20971] [CSM] FindOrEstablishSession: No existing OperationalSessionSetup instance found[0m
[0;34m[1784837206.695] [20969:20971] [DIS] OperationalSessionSetup[1:0000000000000001]: State change 1 --> 2[0m
[0;32m[1784837206.696] [20969:20971] [DIS] Lookup started for B877B4D91BDEC575-0000000000000001[0m
[0;32m[1784837206.696] [20969:20971] [DIS] UDP:[fe80::bfe:a203:38f0:bce7%enp0s3]:5540: new best score: 7 (for B877B4D91BDEC575-0000000000000001)[0m
[0;34m[1784837206.696] [20969:20971] [DIS] Lookup clearing interface for non LL address[0m
[0;32m[1784837206.696] [20969:20971] [DIS] UDP:10.0.2.15%enp0s3:5540: new best score: 2 (for B877B4D91BDEC575-0000000000000001)[0m
[0;32m[1784837206.696] [20969:20971] [DIS] Checking node lookup status for B877B4D91BDEC575-0000000000000001 after 1 ms[0m
[0;32m[1784837206.696] [20969:20971] [DIS] Keeping DNSSD lookup active[0m
[0;32m[1784837206.696] [20969:20971] [DIS] UDP:[fe80::bfe:a203:38f0:bce7%enp0s3]:5540: score has not improved: 7 (for B877B4D91BDEC575-0000000000000001)[0m
[0;34m[1784837206.696] [20969:20971] [DIS] Lookup clearing interface for non LL address[0m
[0;32m[1784837206.696] [20969:20971] [DIS] UDP:10.0.2.15%enp0s3:5540: score has not improved: 2 (for B877B4D91BDEC575-0000000000000001)[0m
[0;32m[1784837206.696] [20969:20971] [DIS] Checking node lookup status for B877B4D91BDEC575-0000000000000001 after 1 ms[0m
[0;32m[1784837206.696] [20969:20971] [DIS] Keeping DNSSD lookup active[0m
[0;32m[1784837206.895] [20969:20971] [DIS] Checking node lookup status for B877B4D91BDEC575-0000000000000001 after 201 ms[0m
[0;34m[1784837206.895] [20969:20971] [DIS] OperationalSessionSetup[1:0000000000000001]: Updating device address to UDP:[fe80::bfe:a203:38f0:bce7%enp0s3]:5540 while in state 2[0m
[0;34m[1784837206.895] [20969:20971] [DIS] OperationalSessionSetup[1:0000000000000001]: State change 2 --> 3[0m
[0;34m[1784837206.895] [20969:20971] [IN] SecureSession[0x71fdbc009cd0]: Allocated Type:2 LSID:45006[0m
[0;32m[1784837206.895] [20969:20971] [SC] Initiating session on local FabricIndex 1 from 0x000000000001B669 -> 0x0000000000000001[0m
[0;32m[1784837206.896] [20969:20971] [EM] <<< [E:1133i S:0 M:206547691] (U) Msg TX from E2ABC0A3052C502F to 0:0000000000000000 [0000] [UDP:[fe80::bfe:a203:38f0:bce7%enp0s3]:5540] --- Type 0000:30 (SecureChannel:CASE_Sigma1) (B:196)[0m
[0;32m[1784837206.896] [20969:20971] [EM] ??1 [E:1133i S:0 M:206547691] (U) Msg Retransmission to 0:0000000000000000 scheduled for 655ms from now [State:Idle II:500 AI:300 AT:4000][0m
[0;32m[1784837206.896] [20969:20971] [SC] Sent Sigma1 msg to <0000000000000001, 1> [II:500ms AI:300ms AT:4000ms][0m
[0;34m[1784837206.896] [20969:20971] [DIS] OperationalSessionSetup[1:0000000000000001]: State change 3 --> 4[0m
[0;32m[1784837206.897] [20969:20971] [EM] >>> [E:1133i S:0 M:223624105 (Ack:206547691)] (U) Msg RX from 0:0000000000000000 [0000] to E2ABC0A3052C502F --- Type 0000:31 (SecureChannel:CASE_Sigma2) (B:751)[0m
[0;34m[1784837206.897] [20969:20971] [EM] Found matching exchange: 1133i, Delegate: 0x71fdbc00b8e8[0m
[0;34m[1784837206.897] [20969:20971] [EM] Rxd Ack; Removing MessageCounter:206547691 from Retrans Table on exchange 1133i[0m
[0;32m[1784837206.897] [20969:20971] [SC] Received Sigma2 msg[0m
[0;34m[1784837206.897] [20969:20971] [SC] Found MRP parameters in the message[0m
[0;34m[1784837206.898] [20969:20971] [SC] Peer <0000000000000001, 1> assigned session ID 27592[0m
[0;34m[1784837206.898] [20969:20971] [SC] Sending Sigma3[0m
[0;32m[1784837206.898] [20969:20971] [EM] <<< [E:1133i S:0 M:206547692 (Ack:223624105)] (U) Msg TX from E2ABC0A3052C502F to 0:0000000000000000 [0000] [UDP:[fe80::bfe:a203:38f0:bce7%enp0s3]:5540] --- Type 0000:32 (SecureChannel:CASE_Sigma3) (B:598)[0m
[0;32m[1784837206.898] [20969:20971] [EM] ??1 [E:1133i S:0 M:206547692] (U) Msg Retransmission to 0:0000000000000000 scheduled for 375ms from now [State:Active II:500 AI:300 AT:4000][0m
[0;32m[1784837206.898] [20969:20971] [SC] Sent Sigma3 msg[0m
[0;32m[1784837206.908] [20969:20971] [EM] >>> [E:1133i S:0 M:223624106 (Ack:206547692)] (U) Msg RX from 0:0000000000000000 [0000] to E2ABC0A3052C502F --- Type 0000:40 (SecureChannel:StatusReport) (B:34)[0m
[0;34m[1784837206.908] [20969:20971] [EM] Found matching exchange: 1133i, Delegate: 0x71fdbc00b8e8[0m
[0;34m[1784837206.908] [20969:20971] [EM] Rxd Ack; Removing MessageCounter:206547692 from Retrans Table on exchange 1133i[0m
[0;32m[1784837206.908] [20969:20971] [SC] Success status report received. Session was established[0m
[0;32m[1784837206.909] [20969:20971] [SC] SecureSession[0x71fdbc009cd0, LSID:45006]: State change 'kEstablishing' --> 'kActive'[0m
[0;34m[1784837206.909] [20969:20971] [IN] SecureSession[0x71fdbc009cd0]: Activated - Type:2 LSID:45006[0m
[0;34m[1784837206.909] [20969:20971] [IN] New secure session activated for device <0000000000000001, 1>, LSID:45006 PSID:27592![0m
[0;34m[1784837206.909] [20969:20971] [DIS] OperationalSessionSetup[1:0000000000000001]: State change 4 --> 5[0m
[0;32m[1784837206.909] [20969:20971] [TOO] Sending ReadAttribute to:[0m
[0;32m[1784837206.909] [20969:20971] [TOO] 	cluster 0x0000_0038, attribute: 0x0000_0000, endpoint 0[0m
[0;34m[1784837206.909] [20969:20971] [DMG] SendReadRequest ReadClient[0x71fdbc00eef0]: Sending Read Request[0m
[0;32m[1784837206.909] [20969:20971] [DMG] 0 data version filters provided, 0 not relevant, 0 encoded, 0 skipped due to lack of space[0m
[0;32m[1784837206.909] [20969:20971] [EM] <<< [E:1134i S:45006 M:8544358] (S) Msg TX from 000000000001B669 to 1:0000000000000001 [C575] [UDP:[fe80::bfe:a203:38f0:bce7%enp0s3]:5540] --- Type 0001:02 (IM:ReadRequest) (B:51)[0m
[0;32m[1784837206.909] [20969:20971] [EM] ??1 [E:1134i S:45006 M:8544358] (S) Msg Retransmission to 1:0000000000000001 scheduled for 400ms from now [State:Active II:500 AI:300 AT:4000][0m
[0;34m[1784837206.909] [20969:20971] [DMG] MoveToState ReadClient[0x71fdbc00eef0]: Moving to [AwaitingIn][0m
[0;32m[1784837206.909] [20969:20971] [EM] <<< [E:1133i S:0 M:206547693 (Ack:223624106)] (U) Msg TX from E2ABC0A3052C502F to 0:0000000000000000 [0000] [UDP:[fe80::bfe:a203:38f0:bce7%enp0s3]:5540] --- Type 0000:10 (SecureChannel:StandaloneAck) (B:26)[0m
[0;34m[1784837206.909] [20969:20971] [EM] Flushed pending ack for MessageCounter:223624106 on exchange 1133i[0m
[0;32m[1784837206.909] [20969:20971] [EM] >>> [E:1134i S:45006 M:245960824 (Ack:8544358)] (S) Msg RX from 1:0000000000000001 [C575] to 000000000001B669 --- Type 0001:05 (IM:ReportData) (B:77)[0m
[0;34m[1784837206.909] [20969:20971] [EM] Found matching exchange: 1134i, Delegate: 0x71fdbc00ef00[0m
[0;34m[1784837206.909] [20969:20971] [EM] Rxd Ack; Removing MessageCounter:8544358 from Retrans Table on exchange 1134i[0m
[0;34m[1784837206.909] [20969:20971] [DMG] ReportDataMessage =[0m
[0;34m[1784837206.909] [20969:20971] [DMG] {[0m
[0;34m[1784837206.909] [20969:20971] [DMG] 	AttributeReportIBs =[0m
[0;34m[1784837206.909] [20969:20971] [DMG] 	[[0m
[0;34m[1784837206.909] [20969:20971] [DMG] 		AttributeReportIB =[0m
[0;34m[1784837206.909] [20969:20971] [DMG] 		{[0m
[0;34m[1784837206.909] [20969:20971] [DMG] 			AttributeDataIB =[0m
[0;34m[1784837206.909] [20969:20971] [DMG] 			{[0m
[0;34m[1784837206.909] [20969:20971] [DMG] 				DataVersion = 0xa06423fa,[0m
[0;34m[1784837206.909] [20969:20971] [DMG] 				AttributePathIB =[0m
[0;34m[1784837206.909] [20969:20971] [DMG] 				{[0m
[0;34m[1784837206.909] [20969:20971] [DMG] 					Endpoint = 0x0,[0m
[0;34m[1784837206.909] [20969:20971] [DMG] 					Cluster = 0x38,[0m
[0;34m[1784837206.909] [20969:20971] [DMG] 					Attribute = 0x0000_0000,[0m
[0;34m[1784837206.909] [20969:20971] [DMG] 				}[0m
[0;34m[1784837206.909] [20969:20971] [DMG] 					[0m
[0;34m[1784837206.909] [20969:20971] [DMG] 				Data = 838152406909535 (unsigned), [0m
[0;34m[1784837206.909] [20969:20971] [DMG] 			},[0m
[0;34m[1784837206.909] [20969:20971] [DMG] 			[0m
[0;34m[1784837206.909] [20969:20971] [DMG] 		},[0m
[0;34m[1784837206.909] [20969:20971] [DMG] 		[0m
[0;34m[1784837206.909] [20969:20971] [DMG] 	],[0m
[0;34m[1784837206.909] [20969:20971] [DMG] 	[0m
[0;34m[1784837206.909] [20969:20971] [DMG] 	SuppressResponse = true, [0m
[0;34m[1784837206.909] [20969:20971] [DMG] 	InteractionModelRevision = 12[0m
[0;34m[1784837206.909] [20969:20971] [DMG] }[0m
[0;32m[1784837206.909] [20969:20971] [TOO] Endpoint: 0 Cluster: 0x0000_0038 Attribute 0x0000_0000 DataVersion: 2690917370[0m
[0;32m[1784837206.909] [20969:20971] [TOO]   UTCTime: 838152406909535[0m
[0;32m[1784837206.910] [20969:20971] [EM] <<< [E:1134i S:45006 M:8544359 (Ack:245960824)] (S) Msg TX from 000000000001B669 to 1:0000000000000001 [C575] [UDP:[fe80::bfe:a203:38f0:bce7%enp0s3]:5540] --- Type 0000:10 (SecureChannel:StandaloneAck) (B:34)[0m
[0;34m[1784837206.910] [20969:20971] [EM] Flushed pending ack for MessageCounter:245960824 on exchange 1134i[0m
[0;34m[1784837206.910] [20969:20969] [CTL] Shutting down the commissioner[0m
[0;32m[1784837206.910] [20969:20969] [PAF] WiFiPAF: Closing all WiFiPAF sessions to shutdown[0m
[0;34m[1784837206.910] [20969:20969] [CTL] Shutting down the controller[0m
[0;34m[1784837206.910] [20969:20969] [IN] Expiring all sessions for fabric 0x1!![0m
[0;34m[1784837206.910] [20969:20969] [IN] SecureSession[0x71fdbc009cd0]: MarkForEviction Type:2 LSID:45006[0m
[0;32m[1784837206.910] [20969:20969] [SC] SecureSession[0x71fdbc009cd0, LSID:45006]: State change 'kActive' --> 'kPendingEviction'[0m
[0;34m[1784837206.910] [20969:20969] [IN] SecureSession[0x71fdbc009cd0]: Released - Type:2 LSID:45006[0m
[0;32m[1784837206.910] [20969:20969] [FP] Forgetting fabric 0x1[0m
[0;32m[1784837206.910] [20969:20969] [TS] Pending Last Known Good Time: 2023-10-14T01:16:48[0m
[0;32m[1784837206.910] [20969:20969] [TS] Previous Last Known Good Time: 2023-10-14T01:16:48[0m
[0;32m[1784837206.910] [20969:20969] [TS] Reverted Last Known Good Time to previous value[0m
[0;34m[1784837206.910] [20969:20969] [CTL] Shutting down the commissioner[0m
[0;32m[1784837206.910] [20969:20969] [PAF] WiFiPAF: Closing all WiFiPAF sessions to shutdown[0m
[0;34m[1784837206.910] [20969:20969] [CTL] Shutting down the controller[0m
[0;34m[1784837206.910] [20969:20969] [CTL] Shutting down the System State, this will teardown the CHIP Stack[0m
[0;34m[1784837206.910] [20969:20969] [DMG] All ReadHandler-s are clean, clear GlobalDirtySet[0m
[0;32m[1784837206.910] [20969:20969] [FP] Shutting down FabricTable[0m
[0;32m[1784837206.910] [20969:20969] [TS] Pending Last Known Good Time: 2023-10-14T01:16:48[0m
[0;32m[1784837206.910] [20969:20969] [TS] Previous Last Known Good Time: 2023-10-14T01:16:48[0m
[0;32m[1784837206.910] [20969:20969] [TS] Reverted Last Known Good Time to previous value[0m
[0;34m[1784837206.912] [20969:20969] [DL] Wrote settings to /tmp/chip_counters.ini[0m
[0;32m[1784837206.912] [20969:20969] [DL] NVS set: chip-counters/total-operational-hours = 0 (0x0)[0m
[0;32m[1784837206.912] [20969:20969] [DL] Inet Layer shutdown[0m
[0;32m[1784837206.912] [20969:20969] [DL] BLE Layer shutdown[0m
[0;32m[1784837206.912] [20969:20969] [DL] WiFi-PAF Layer shutdown[0m
[0;32m[1784837206.912] [20969:20969] [PAF] WiFiPAF: Closing all WiFiPAF sessions to shutdown[0m
[0;32m[1784837206.912] [20969:20969] [DL] System Layer shutdown[0m
