[0;34m[1784655777.611] [9213:9213] [DL] ChipLinuxStorage::Init: Using KVS config file: /tmp/chip_tool_kvs[0m
[1;31m[1784655777.612] [9213:9213] [DL] ChipLinuxStorage::Init: Attempt to re-initialize with KVS config file: /tmp/chip_kvs, IGNORING.[0m
[0;34m[1784655777.613] [9213:9213] [DL] ChipLinuxStorage::Init: Using KVS config file: /tmp/chip_factory.ini[0m
[0;34m[1784655777.613] [9213:9213] [DL] ChipLinuxStorage::Init: Using KVS config file: /tmp/chip_config.ini[0m
[0;34m[1784655777.613] [9213:9213] [DL] ChipLinuxStorage::Init: Using KVS config file: /tmp/chip_counters.ini[0m
[0;34m[1784655777.616] [9213:9213] [DL] Wrote settings to /tmp/chip_counters.ini[0m
[0;32m[1784655777.616] [9213:9213] [DL] NVS set: chip-counters/reboot-count = 4 (0x4)[0m
[0;32m[1784655777.616] [9213:9213] [DL] Got Ethernet interface: enp0s3[0m
[0;32m[1784655777.616] [9213:9213] [DL] Found the primary Ethernet interface:enp0s3[0m
[1;31m[1784655777.616] [9213:9213] [DL] Failed to get WiFi interface[0m
[1;31m[1784655777.616] [9213:9213] [DL] Failed to reset WiFi statistic counts[0m
[0;32m[1784655777.616] [9213:9213] [PAF] WiFiPAF: WiFiPAFLayer::Init()[0m
[0;34m[1784655777.616] [9213:9213] [IN] UDP::Init bind&listen port=0[0m
[0;34m[1784655777.616] [9213:9213] [IN] UDP::Init bound to port=33948[0m
[0;34m[1784655777.616] [9213:9213] [IN] UDP::Init bind&listen port=0[0m
[0;34m[1784655777.616] [9213:9213] [IN] UDP::Init bound to port=42840[0m
[0;34m[1784655777.616] [9213:9213] [IN] BLEBase::Init - setting/overriding transport[0m
[0;34m[1784655777.616] [9213:9213] [IN] WiFiPAFBase::Init - setting/overriding transport[0m
[0;34m[1784655777.616] [9213:9213] [IN] TransportMgr initialized[0m
[0;34m[1784655777.616] [9213:9213] [FP] Initializing FabricTable from persistent storage[0m
[0;32m[1784655777.616] [9213:9213] [TS] Last Known Good Time: 2023-10-14T01:16:48[0m
[0;32m[1784655777.616] [9213:9213] [FP] Fabric index 0x1 was retrieved from storage. Compressed FabricId 0xC11D9D62ADAAF353, FabricId 0x0000000000000001, NodeId 0x000000000001B669, VendorId 0xFFF1[0m
[0;32m[1784655777.617] [9213:9213] [DMG] Ember attribute persistence requires setting up[0m
[0;32m[1784655777.617] [9213:9213] [ZCL] Using ZAP configuration...[0m
[0;34m[1784655777.617] [9213:9213] [CTL] System State Initialized...[0m
[0;32m[1784655777.617] [9213:9213] [CTL] Setting attestation nonce to random value[0m
[0;32m[1784655777.618] [9213:9213] [CTL] Setting CSR nonce to random value[0m
[0;34m[1784655777.618] [9213:9215] [DL] CHIP task running[0m
[0;32m[1784655777.618] [9213:9215] [CTL] Setting attestation nonce to random value[0m
[0;32m[1784655777.618] [9213:9215] [CTL] Setting CSR nonce to random value[0m
[0;32m[1784655777.618] [9213:9215] [CTL] Generating NOC[0m
[0;32m[1784655777.618] [9213:9215] [FP] Validating NOC chain[0m
[0;32m[1784655777.618] [9213:9215] [FP] NOC chain validation successful[0m
[0;32m[1784655777.618] [9213:9215] [FP] Updated fabric at index: 0x1, Node ID: 0x000000000001B669[0m
[0;32m[1784655777.618] [9213:9215] [TS] Last Known Good Time: 2023-10-14T01:16:48[0m
[0;32m[1784655777.618] [9213:9215] [TS] New proposed Last Known Good Time: 2021-01-01T00:00:00[0m
[0;32m[1784655777.618] [9213:9215] [TS] Retaining current Last Known Good Time[0m
[0;32m[1784655777.621] [9213:9215] [FP] Metadata for Fabric 0x1 persisted to storage.[0m
[0;32m[1784655777.621] [9213:9215] [TS] Committing Last Known Good Time to storage: 2023-10-14T01:16:48[0m
[0;32m[1784655777.622] [9213:9215] [CTL] Joined the fabric at index 1. Fabric ID is 0x0000000000000001 (Compressed Fabric ID: C11D9D62ADAAF353)[0m
[0;32m[1784655777.627] [9213:9215] [TOO] Sending command to node 0x1[0m
[0;34m[1784655777.627] [9213:9215] [CSM] FindOrEstablishSession: PeerId = [1:0000000000000001][0m
[0;34m[1784655777.627] [9213:9215] [CSM] FindOrEstablishSession: No existing OperationalSessionSetup instance found[0m
[0;34m[1784655777.627] [9213:9215] [DIS] OperationalSessionSetup[1:0000000000000001]: State change 1 --> 2[0m
[0;32m[1784655777.627] [9213:9215] [DIS] Lookup started for C11D9D62ADAAF353-0000000000000001[0m
[0;32m[1784655777.627] [9213:9215] [DIS] UDP:[fe80::bfe:a203:38f0:bce7%enp0s3]:5540: new best score: 7 (for C11D9D62ADAAF353-0000000000000001)[0m
[0;34m[1784655777.627] [9213:9215] [DIS] Lookup clearing interface for non LL address[0m
[0;32m[1784655777.627] [9213:9215] [DIS] UDP:10.0.2.15%enp0s3:5540: new best score: 2 (for C11D9D62ADAAF353-0000000000000001)[0m
[0;32m[1784655777.627] [9213:9215] [DIS] Checking node lookup status for C11D9D62ADAAF353-0000000000000001 after 1 ms[0m
[0;32m[1784655777.627] [9213:9215] [DIS] Keeping DNSSD lookup active[0m
[0;32m[1784655777.627] [9213:9215] [DIS] UDP:[fe80::bfe:a203:38f0:bce7%enp0s3]:5540: score has not improved: 7 (for C11D9D62ADAAF353-0000000000000001)[0m
[0;34m[1784655777.627] [9213:9215] [DIS] Lookup clearing interface for non LL address[0m
[0;32m[1784655777.627] [9213:9215] [DIS] UDP:10.0.2.15%enp0s3:5540: score has not improved: 2 (for C11D9D62ADAAF353-0000000000000001)[0m
[0;32m[1784655777.627] [9213:9215] [DIS] Checking node lookup status for C11D9D62ADAAF353-0000000000000001 after 1 ms[0m
[0;32m[1784655777.627] [9213:9215] [DIS] Keeping DNSSD lookup active[0m
[0;32m[1784655777.829] [9213:9215] [DIS] Checking node lookup status for C11D9D62ADAAF353-0000000000000001 after 202 ms[0m
[0;34m[1784655777.829] [9213:9215] [DIS] OperationalSessionSetup[1:0000000000000001]: Updating device address to UDP:[fe80::bfe:a203:38f0:bce7%enp0s3]:5540 while in state 2[0m
[0;34m[1784655777.829] [9213:9215] [DIS] OperationalSessionSetup[1:0000000000000001]: State change 2 --> 3[0m
[0;34m[1784655777.829] [9213:9215] [IN] SecureSession[0x715874009cd0]: Allocated Type:2 LSID:326[0m
[0;32m[1784655777.829] [9213:9215] [SC] Initiating session on local FabricIndex 1 from 0x000000000001B669 -> 0x0000000000000001[0m
[0;32m[1784655777.831] [9213:9215] [EM] <<< [E:29715i S:0 M:68041920] (U) Msg TX from C734FA0AB71C3B2D to 0:0000000000000000 [0000] [UDP:[fe80::bfe:a203:38f0:bce7%enp0s3]:5540] --- Type 0000:30 (SecureChannel:CASE_Sigma1) (B:196)[0m
[0;32m[1784655777.831] [9213:9215] [EM] ??1 [E:29715i S:0 M:68041920] (U) Msg Retransmission to 0:0000000000000000 scheduled for 656ms from now [State:Idle II:500 AI:300 AT:4000][0m
[0;32m[1784655777.831] [9213:9215] [SC] Sent Sigma1 msg to <0000000000000001, 1> [II:500ms AI:300ms AT:4000ms][0m
[0;34m[1784655777.831] [9213:9215] [DIS] OperationalSessionSetup[1:0000000000000001]: State change 3 --> 4[0m
[0;32m[1784655777.832] [9213:9215] [EM] >>> [E:29715i S:0 M:178370199 (Ack:68041920)] (U) Msg RX from 0:0000000000000000 [0000] to C734FA0AB71C3B2D --- Type 0000:31 (SecureChannel:CASE_Sigma2) (B:751)[0m
[0;34m[1784655777.832] [9213:9215] [EM] Found matching exchange: 29715i, Delegate: 0x71587400b8e8[0m
[0;34m[1784655777.832] [9213:9215] [EM] Rxd Ack; Removing MessageCounter:68041920 from Retrans Table on exchange 29715i[0m
[0;32m[1784655777.832] [9213:9215] [SC] Received Sigma2 msg[0m
[0;34m[1784655777.832] [9213:9215] [SC] Found MRP parameters in the message[0m
[0;34m[1784655777.833] [9213:9215] [SC] Peer <0000000000000001, 1> assigned session ID 13238[0m
[0;34m[1784655777.833] [9213:9215] [SC] Sending Sigma3[0m
[0;32m[1784655777.833] [9213:9215] [EM] <<< [E:29715i S:0 M:68041921 (Ack:178370199)] (U) Msg TX from C734FA0AB71C3B2D to 0:0000000000000000 [0000] [UDP:[fe80::bfe:a203:38f0:bce7%enp0s3]:5540] --- Type 0000:32 (SecureChannel:CASE_Sigma3) (B:598)[0m
[0;32m[1784655777.833] [9213:9215] [EM] ??1 [E:29715i S:0 M:68041921] (U) Msg Retransmission to 0:0000000000000000 scheduled for 343ms from now [State:Active II:500 AI:300 AT:4000][0m
[0;32m[1784655777.833] [9213:9215] [SC] Sent Sigma3 msg[0m
[0;32m[1784655777.842] [9213:9215] [EM] >>> [E:29715i S:0 M:178370200 (Ack:68041921)] (U) Msg RX from 0:0000000000000000 [0000] to C734FA0AB71C3B2D --- Type 0000:40 (SecureChannel:StatusReport) (B:34)[0m
[0;34m[1784655777.842] [9213:9215] [EM] Found matching exchange: 29715i, Delegate: 0x71587400b8e8[0m
[0;34m[1784655777.842] [9213:9215] [EM] Rxd Ack; Removing MessageCounter:68041921 from Retrans Table on exchange 29715i[0m
[0;32m[1784655777.842] [9213:9215] [SC] Success status report received. Session was established[0m
[0;32m[1784655777.843] [9213:9215] [SC] SecureSession[0x715874009cd0, LSID:326]: State change 'kEstablishing' --> 'kActive'[0m
[0;34m[1784655777.843] [9213:9215] [IN] SecureSession[0x715874009cd0]: Activated - Type:2 LSID:326[0m
[0;34m[1784655777.843] [9213:9215] [IN] New secure session activated for device <0000000000000001, 1>, LSID:326 PSID:13238![0m
[0;34m[1784655777.843] [9213:9215] [DIS] OperationalSessionSetup[1:0000000000000001]: State change 4 --> 5[0m
[0;32m[1784655777.843] [9213:9215] [TOO] Sending cluster (0x0000003E) command (0x00000004) on endpoint 0[0m
[0;34m[1784655777.843] [9213:9215] [DMG] ICR moving to [AddingComm][0m
[0;34m[1784655777.843] [9213:9215] [DMG] ICR moving to [AddedComma][0m
[0;32m[1784655777.843] [9213:9215] [EM] <<< [E:29716i S:326 M:8031128] (S) Msg TX from 000000000001B669 to 1:0000000000000001 [F353] [UDP:[fe80::bfe:a203:38f0:bce7%enp0s3]:5540] --- Type 0001:08 (IM:InvokeCommandRequest) (B:96)[0m
[0;32m[1784655777.843] [9213:9215] [EM] ??1 [E:29716i S:326 M:8031128] (S) Msg Retransmission to 1:0000000000000001 scheduled for 331ms from now [State:Active II:500 AI:300 AT:4000][0m
[0;34m[1784655777.843] [9213:9215] [DMG] ICR moving to [AwaitingRe][0m
[0;32m[1784655777.843] [9213:9215] [EM] <<< [E:29715i S:0 M:68041922 (Ack:178370200)] (U) Msg TX from C734FA0AB71C3B2D to 0:0000000000000000 [0000] [UDP:[fe80::bfe:a203:38f0:bce7%enp0s3]:5540] --- Type 0000:10 (SecureChannel:StandaloneAck) (B:26)[0m
[0;34m[1784655777.843] [9213:9215] [EM] Flushed pending ack for MessageCounter:178370200 on exchange 29715i[0m
[0;32m[1784655777.844] [9213:9215] [EM] >>> [E:29716i S:326 M:32022460 (Ack:8031128)] (S) Msg RX from 1:0000000000000001 [F353] to 000000000001B669 --- Type 0001:09 (IM:InvokeCommandResponse) (B:376)[0m
[0;34m[1784655777.844] [9213:9215] [EM] Found matching exchange: 29716i, Delegate: 0x71587400eef8[0m
[0;34m[1784655777.844] [9213:9215] [EM] Rxd Ack; Removing MessageCounter:8031128 from Retrans Table on exchange 29716i[0m
[0;34m[1784655777.844] [9213:9215] [DMG] ICR moving to [ResponseRe][0m
[0;34m[1784655777.844] [9213:9215] [DMG] InvokeResponseMessage =[0m
[0;34m[1784655777.844] [9213:9215] [DMG] {[0m
[0;34m[1784655777.844] [9213:9215] [DMG] 	suppressResponse = false, [0m
[0;34m[1784655777.844] [9213:9215] [DMG] 	InvokeResponseIBs =[0m
[0;34m[1784655777.844] [9213:9215] [DMG] 	[[0m
[0;34m[1784655777.844] [9213:9215] [DMG] 		InvokeResponseIB =[0m
[0;34m[1784655777.844] [9213:9215] [DMG] 		{[0m
[0;34m[1784655777.844] [9213:9215] [DMG] 			CommandDataIB =[0m
[0;34m[1784655777.844] [9213:9215] [DMG] 			{[0m
[0;34m[1784655777.844] [9213:9215] [DMG] 				CommandPathIB =[0m
[0;34m[1784655777.844] [9213:9215] [DMG] 				{[0m
[0;34m[1784655777.844] [9213:9215] [DMG] 					EndpointId = 0x0,[0m
[0;34m[1784655777.844] [9213:9215] [DMG] 					ClusterId = 0x3e,[0m
[0;34m[1784655777.844] [9213:9215] [DMG] 					CommandId = 0x5,[0m
[0;34m[1784655777.844] [9213:9215] [DMG] 				},[0m
[0;34m[1784655777.844] [9213:9215] [DMG] 				[0m
[0;34m[1784655777.844] [9213:9215] [DMG] 				CommandFields = [0m
[0;34m[1784655777.844] [9213:9215] [DMG] 				{[0m
[0;34m[1784655777.844] [9213:9215] [DMG] 					0x0 = [[0m
[0;34m[1784655777.844] [9213:9215] [DMG] 							0x15, 0x30, 0x01, 0xca, 0x30, 0x81, 0xc7, 0x30, 0x70, 0x02, 0x01, 0x00, 0x30, 0x0e, 0x31, 0x0c, 0x30, 0x0a, 0x06, 0x03, 0x55, 0x04, 0x0a, 0x0c, 0x03, 0x43, 0x53, 0x52, 0x30, 0x59, 0x30, 0x13, 0x06, 0x07, 0x2a, 0x86, 0x48, 0xce, 0x3d, 0x02, 0x01, 0x06, 0x08, 0x2a, 0x86, 0x48, 0xce, 0x3d, 0x03, 0x01, 0x07, 0x03, 0x42, 0x00, 0x04, 0x41, 0x40, 0x3b, 0x31, 0x4b, 0x52, 0x5b, 0x13, 0x87, 0x20, 0x34, 0x31, 0xf2, 0x57, 0x02, 0xc2, 0x81, 0x79, 0x75, 0xf2, 0x72, 0x33, 0x8f, 0x92, 0x8c, 0xb8, 0x55, 0x31, 0xb3, 0x9e, 0xe1, 0x2a, 0x62, 0x6a, 0x0f, 0x09, 0x48, 0xb6, 0xe3, 0x66, 0x74, 0xbc, 0x93, 0xf8, 0xbb, 0x58, 0x67, 0x87, 0xd2, 0x3f, 0xb5, 0x46, 0x15, 0x99, 0x06, 0x2c, 0x3f, 0xdf, 0xd4, 0xc8, 0xeb, 0xbb, 0xa3, 0x6c, 0xa0, 0x00, 0x30, 0x0a, 0x06, 0x08, 0x2a, 0x86, 0x48, 0xce, 0x3d, 0x04, 0x03, 0x02, 0x03, 0x47, 0x00, 0x30, 0x44, 0x02, 0x20, 0x08, 0x9f, 0x37, 0xe7, 0x25, 0xda, 0x7f, 0xfc, 0x80, 0x61, 0xe1, 0x87, 0xdf, 0xd0, 0x09, 0x98, 0x0b, 0x9c, 0xdd, 0x7d, 0x95, 0x2d, 0x00, 0x35, 0x20, 0x50, 0xd9, 0x33, 0xa0, 0x07, 0xfe, 0xe4, 0x02, 0x20, 0x3c, 0x1f, 0xa0, 0x93, 0xf0, 0x70, 0x17, 0xbb, 0x05, 0xb6, 0x4b, 0x7a, 0x11, 0x39, 0x2e, 0x8b, 0x21, 0x41, 0x47, 0x46, 0x0b, 0x2f, 0x08, 0x44, 0xbd, 0xd4, 0xf8, 0xd6, 0xcd, 0x5d, 0xdc, 0x89, 0x30, 0x02, 0x20, 0x88, 0x93, 0xc5, 0x10, 0x02, 0x92, 0xe7, 0x17, 0x70, 0x29, 0x50, 0x9c, 0x86, 0x20, 0x71, 0x7c, 0x1d, 0x7b, 0xb5, 0x7a, 0x47, 0x25, 0xc9, 0x2d, 0x37, 0x5a, 0x4e, 0x18, 0x07, 0x60, 0xf4, 0x21, 0x18, [0m
[0;34m[1784655777.844] [9213:9215] [DMG] 					] (242 bytes)[0m
[0;34m[1784655777.844] [9213:9215] [DMG] 					0x1 = [[0m
[0;34m[1784655777.844] [9213:9215] [DMG] 							0x05, 0x86, 0x90, 0xcf, 0xa2, 0x39, 0x15, 0xf2, 0x64, 0xab, 0xf7, 0x85, 0x21, 0x78, 0x3f, 0x87, 0xba, 0x5c, 0x2f, 0x9f, 0x1e, 0xcc, 0x2a, 0xee, 0x82, 0xdc, 0xf4, 0xa1, 0x00, 0xe4, 0x97, 0x7c, 0x72, 0x6e, 0xc8, 0x5d, 0x1d, 0xae, 0xaf, 0xec, 0xf5, 0x95, 0x01, 0xc1, 0xee, 0x45, 0xef, 0xf0, 0xc7, 0x2e, 0xf0, 0xe9, 0x07, 0x67, 0x8d, 0x11, 0x7b, 0x1e, 0x50, 0x25, 0xed, 0x66, 0xbd, 0x25, [0m
[0;34m[1784655777.844] [9213:9215] [DMG] 					] (64 bytes)[0m
[0;34m[1784655777.844] [9213:9215] [DMG] 				},[0m
[0;34m[1784655777.844] [9213:9215] [DMG] 			},[0m
[0;34m[1784655777.844] [9213:9215] [DMG] 			[0m
[0;34m[1784655777.844] [9213:9215] [DMG] 		},[0m
[0;34m[1784655777.844] [9213:9215] [DMG] 		[0m
[0;34m[1784655777.844] [9213:9215] [DMG] 	],[0m
[0;34m[1784655777.844] [9213:9215] [DMG] 	[0m
[0;34m[1784655777.844] [9213:9215] [DMG] 	InteractionModelRevision = 12[0m
[0;34m[1784655777.844] [9213:9215] [DMG] },[0m
[0;32m[1784655777.844] [9213:9215] [DMG] Received Command Response Data, Endpoint=0 Cluster=0x0000_003E Command=0x0000_0005[0m
[0;32m[1784655777.844] [9213:9215] [TOO] Endpoint: 0 Cluster: 0x0000_003E Command 0x0000_0005[0m
[0;32m[1784655777.844] [9213:9215] [TOO]   CSRResponse: {[0m
[0;32m[1784655777.844] [9213:9215] [TOO]     NOCSRElements: 153001CA3081C73070020100300E310C300A060355040A0C034353523059301306072A8648CE3D020106082A8648CE3D0301070342000441403B314B525B1387203431F25702C2817975F272338F928CB85531B39EE12A626A0F0948B6E36674BC93F8BB586787D23FB5461599062C3FDFD4C8EBBBA36CA000300A06082A8648CE3D04030203470030440220089F37E725DA7FFC8061E187DFD009980B9CDD7D952D00352050D933A007FEE402203C1FA093F07017BB05B64B7A11392E8B214147460B2F0844BDD4F8D6CD5DDC893002208893C5100292E7177029509C8620717C1D7BB57A4725C92D375A4E180760F42118[0m
[0;32m[1784655777.844] [9213:9215] [TOO]     attestationSignature: 058690CFA23915F264ABF78521783F87BA5C2F9F1ECC2AEE82DCF4A100E4977C726EC85D1DAEAFECF59501C1EE45EFF0C72EF0E907678D117B1E5025ED66BD25[0m
[0;32m[1784655777.844] [9213:9215] [TOO]    }[0m
[0;34m[1784655777.844] [9213:9215] [DMG] ICR moving to [AwaitingDe][0m
[0;32m[1784655777.844] [9213:9215] [EM] <<< [E:29716i S:326 M:8031129 (Ack:32022460)] (S) Msg TX from 000000000001B669 to 1:0000000000000001 [F353] [UDP:[fe80::bfe:a203:38f0:bce7%enp0s3]:5540] --- Type 0000:10 (SecureChannel:StandaloneAck) (B:34)[0m
[0;34m[1784655777.844] [9213:9215] [EM] Flushed pending ack for MessageCounter:32022460 on exchange 29716i[0m
[0;34m[1784655777.844] [9213:9213] [CTL] Shutting down the commissioner[0m
[0;32m[1784655777.844] [9213:9213] [PAF] WiFiPAF: Closing all WiFiPAF sessions to shutdown[0m
[0;34m[1784655777.844] [9213:9213] [CTL] Shutting down the controller[0m
[0;34m[1784655777.844] [9213:9213] [IN] Expiring all sessions for fabric 0x1!![0m
[0;34m[1784655777.844] [9213:9213] [IN] SecureSession[0x715874009cd0]: MarkForEviction Type:2 LSID:326[0m
[0;32m[1784655777.844] [9213:9213] [SC] SecureSession[0x715874009cd0, LSID:326]: State change 'kActive' --> 'kPendingEviction'[0m
[0;34m[1784655777.844] [9213:9213] [IN] SecureSession[0x715874009cd0]: Released - Type:2 LSID:326[0m
[0;32m[1784655777.844] [9213:9213] [FP] Forgetting fabric 0x1[0m
[0;32m[1784655777.844] [9213:9213] [TS] Pending Last Known Good Time: 2023-10-14T01:16:48[0m
[0;32m[1784655777.844] [9213:9213] [TS] Previous Last Known Good Time: 2023-10-14T01:16:48[0m
[0;32m[1784655777.844] [9213:9213] [TS] Reverted Last Known Good Time to previous value[0m
[0;34m[1784655777.844] [9213:9213] [CTL] Shutting down the commissioner[0m
[0;32m[1784655777.844] [9213:9213] [PAF] WiFiPAF: Closing all WiFiPAF sessions to shutdown[0m
[0;34m[1784655777.844] [9213:9213] [CTL] Shutting down the controller[0m
[0;34m[1784655777.844] [9213:9213] [CTL] Shutting down the System State, this will teardown the CHIP Stack[0m
[0;34m[1784655777.844] [9213:9213] [DMG] All ReadHandler-s are clean, clear GlobalDirtySet[0m
[0;32m[1784655777.844] [9213:9213] [FP] Shutting down FabricTable[0m
[0;32m[1784655777.844] [9213:9213] [TS] Pending Last Known Good Time: 2023-10-14T01:16:48[0m
[0;32m[1784655777.844] [9213:9213] [TS] Previous Last Known Good Time: 2023-10-14T01:16:48[0m
[0;32m[1784655777.844] [9213:9213] [TS] Reverted Last Known Good Time to previous value[0m
[0;34m[1784655777.847] [9213:9213] [DL] Wrote settings to /tmp/chip_counters.ini[0m
[0;32m[1784655777.847] [9213:9213] [DL] NVS set: chip-counters/total-operational-hours = 0 (0x0)[0m
[0;32m[1784655777.847] [9213:9213] [DL] Inet Layer shutdown[0m
[0;32m[1784655777.847] [9213:9213] [DL] BLE Layer shutdown[0m
[0;32m[1784655777.847] [9213:9213] [DL] WiFi-PAF Layer shutdown[0m
[0;32m[1784655777.847] [9213:9213] [PAF] WiFiPAF: Closing all WiFiPAF sessions to shutdown[0m
[0;32m[1784655777.847] [9213:9213] [DL] System Layer shutdown[0m
