[0;34m[1784833883.621] [12025:12025] [DL] ChipLinuxStorage::Init: Using KVS config file: /tmp/chip_tool_kvs[0m
[1;31m[1784833883.622] [12025:12025] [DL] ChipLinuxStorage::Init: Attempt to re-initialize with KVS config file: /tmp/chip_kvs, IGNORING.[0m
[0;34m[1784833883.623] [12025:12025] [DL] ChipLinuxStorage::Init: Using KVS config file: /tmp/chip_factory.ini[0m
[0;34m[1784833883.623] [12025:12025] [DL] ChipLinuxStorage::Init: Using KVS config file: /tmp/chip_config.ini[0m
[0;34m[1784833883.623] [12025:12025] [DL] ChipLinuxStorage::Init: Using KVS config file: /tmp/chip_counters.ini[0m
[0;34m[1784833883.626] [12025:12025] [DL] Wrote settings to /tmp/chip_counters.ini[0m
[0;32m[1784833883.626] [12025:12025] [DL] NVS set: chip-counters/reboot-count = 3 (0x3)[0m
[0;32m[1784833883.626] [12025:12025] [DL] Got Ethernet interface: enp0s3[0m
[0;32m[1784833883.626] [12025:12025] [DL] Found the primary Ethernet interface:enp0s3[0m
[1;31m[1784833883.626] [12025:12025] [DL] Failed to get WiFi interface[0m
[1;31m[1784833883.626] [12025:12025] [DL] Failed to reset WiFi statistic counts[0m
[0;32m[1784833883.626] [12025:12025] [PAF] WiFiPAF: WiFiPAFLayer::Init()[0m
[0;34m[1784833883.626] [12025:12025] [IN] UDP::Init bind&listen port=0[0m
[0;34m[1784833883.626] [12025:12025] [IN] UDP::Init bound to port=33457[0m
[0;34m[1784833883.626] [12025:12025] [IN] UDP::Init bind&listen port=0[0m
[0;34m[1784833883.626] [12025:12025] [IN] UDP::Init bound to port=41815[0m
[0;34m[1784833883.626] [12025:12025] [IN] BLEBase::Init - setting/overriding transport[0m
[0;34m[1784833883.626] [12025:12025] [IN] WiFiPAFBase::Init - setting/overriding transport[0m
[0;34m[1784833883.626] [12025:12025] [IN] TransportMgr initialized[0m
[0;34m[1784833883.626] [12025:12025] [FP] Initializing FabricTable from persistent storage[0m
[0;32m[1784833883.626] [12025:12025] [TS] Last Known Good Time: 2023-10-14T01:16:48[0m
[0;32m[1784833883.627] [12025:12025] [FP] Fabric index 0x1 was retrieved from storage. Compressed FabricId 0x1ADE3B5A6ED4FC27, FabricId 0x0000000000000001, NodeId 0x000000000001B669, VendorId 0xFFF1[0m
[0;32m[1784833883.628] [12025:12025] [DMG] Ember attribute persistence requires setting up[0m
[0;32m[1784833883.628] [12025:12025] [ZCL] Using ZAP configuration...[0m
[0;34m[1784833883.628] [12025:12025] [CTL] System State Initialized...[0m
[0;32m[1784833883.628] [12025:12025] [CTL] Setting attestation nonce to random value[0m
[0;32m[1784833883.628] [12025:12025] [CTL] Setting CSR nonce to random value[0m
[0;34m[1784833883.628] [12025:12027] [DL] CHIP task running[0m
[0;32m[1784833883.628] [12025:12027] [CTL] Setting attestation nonce to random value[0m
[0;32m[1784833883.628] [12025:12027] [CTL] Setting CSR nonce to random value[0m
[0;32m[1784833883.629] [12025:12027] [CTL] Generating NOC[0m
[0;32m[1784833883.629] [12025:12027] [FP] Validating NOC chain[0m
[0;32m[1784833883.629] [12025:12027] [FP] NOC chain validation successful[0m
[0;32m[1784833883.629] [12025:12027] [FP] Updated fabric at index: 0x1, Node ID: 0x000000000001B669[0m
[0;32m[1784833883.629] [12025:12027] [TS] Last Known Good Time: 2023-10-14T01:16:48[0m
[0;32m[1784833883.629] [12025:12027] [TS] New proposed Last Known Good Time: 2021-01-01T00:00:00[0m
[0;32m[1784833883.629] [12025:12027] [TS] Retaining current Last Known Good Time[0m
[0;32m[1784833883.632] [12025:12027] [FP] Metadata for Fabric 0x1 persisted to storage.[0m
[0;32m[1784833883.632] [12025:12027] [TS] Committing Last Known Good Time to storage: 2023-10-14T01:16:48[0m
[0;32m[1784833883.633] [12025:12027] [CTL] Joined the fabric at index 1. Fabric ID is 0x0000000000000001 (Compressed Fabric ID: 1ADE3B5A6ED4FC27)[0m
[0;32m[1784833883.637] [12025:12027] [TOO] Sending command to node 0x1[0m
[0;34m[1784833883.638] [12025:12027] [CSM] FindOrEstablishSession: PeerId = [1:0000000000000001][0m
[0;34m[1784833883.638] [12025:12027] [CSM] FindOrEstablishSession: No existing OperationalSessionSetup instance found[0m
[0;34m[1784833883.638] [12025:12027] [DIS] OperationalSessionSetup[1:0000000000000001]: State change 1 --> 2[0m
[0;32m[1784833883.638] [12025:12027] [DIS] Lookup started for 1ADE3B5A6ED4FC27-0000000000000001[0m
[0;32m[1784833883.638] [12025:12027] [DIS] UDP:[fe80::bfe:a203:38f0:bce7%enp0s3]:5540: new best score: 7 (for 1ADE3B5A6ED4FC27-0000000000000001)[0m
[0;34m[1784833883.638] [12025:12027] [DIS] Lookup clearing interface for non LL address[0m
[0;32m[1784833883.638] [12025:12027] [DIS] UDP:10.0.2.15%enp0s3:5540: new best score: 2 (for 1ADE3B5A6ED4FC27-0000000000000001)[0m
[0;32m[1784833883.638] [12025:12027] [DIS] Checking node lookup status for 1ADE3B5A6ED4FC27-0000000000000001 after 1 ms[0m
[0;32m[1784833883.638] [12025:12027] [DIS] Keeping DNSSD lookup active[0m
[0;32m[1784833883.638] [12025:12027] [DIS] UDP:[fe80::bfe:a203:38f0:bce7%enp0s3]:5540: score has not improved: 7 (for 1ADE3B5A6ED4FC27-0000000000000001)[0m
[0;34m[1784833883.638] [12025:12027] [DIS] Lookup clearing interface for non LL address[0m
[0;32m[1784833883.638] [12025:12027] [DIS] UDP:10.0.2.15%enp0s3:5540: score has not improved: 2 (for 1ADE3B5A6ED4FC27-0000000000000001)[0m
[0;32m[1784833883.638] [12025:12027] [DIS] Checking node lookup status for 1ADE3B5A6ED4FC27-0000000000000001 after 1 ms[0m
[0;32m[1784833883.638] [12025:12027] [DIS] Keeping DNSSD lookup active[0m
[0;32m[1784833883.841] [12025:12027] [DIS] Checking node lookup status for 1ADE3B5A6ED4FC27-0000000000000001 after 204 ms[0m
[0;34m[1784833883.841] [12025:12027] [DIS] OperationalSessionSetup[1:0000000000000001]: Updating device address to UDP:[fe80::bfe:a203:38f0:bce7%enp0s3]:5540 while in state 2[0m
[0;34m[1784833883.841] [12025:12027] [DIS] OperationalSessionSetup[1:0000000000000001]: State change 2 --> 3[0m
[0;34m[1784833883.841] [12025:12027] [IN] SecureSession[0x74de68009cd0]: Allocated Type:2 LSID:19307[0m
[0;32m[1784833883.841] [12025:12027] [SC] Initiating session on local FabricIndex 1 from 0x000000000001B669 -> 0x0000000000000001[0m
[0;32m[1784833883.842] [12025:12027] [EM] <<< [E:36078i S:0 M:88171927] (U) Msg TX from EA26663A2857E7ED to 0:0000000000000000 [0000] [UDP:[fe80::bfe:a203:38f0:bce7%enp0s3]:5540] --- Type 0000:30 (SecureChannel:CASE_Sigma1) (B:196)[0m
[0;32m[1784833883.842] [12025:12027] [EM] ??1 [E:36078i S:0 M:88171927] (U) Msg Retransmission to 0:0000000000000000 scheduled for 618ms from now [State:Idle II:500 AI:300 AT:4000][0m
[0;32m[1784833883.842] [12025:12027] [SC] Sent Sigma1 msg to <0000000000000001, 1> [II:500ms AI:300ms AT:4000ms][0m
[0;34m[1784833883.842] [12025:12027] [DIS] OperationalSessionSetup[1:0000000000000001]: State change 3 --> 4[0m
[0;32m[1784833883.844] [12025:12027] [EM] >>> [E:36078i S:0 M:247349217 (Ack:88171927)] (U) Msg RX from 0:0000000000000000 [0000] to EA26663A2857E7ED --- Type 0000:31 (SecureChannel:CASE_Sigma2) (B:751)[0m
[0;34m[1784833883.844] [12025:12027] [EM] Found matching exchange: 36078i, Delegate: 0x74de6800b8e8[0m
[0;34m[1784833883.844] [12025:12027] [EM] Rxd Ack; Removing MessageCounter:88171927 from Retrans Table on exchange 36078i[0m
[0;32m[1784833883.844] [12025:12027] [SC] Received Sigma2 msg[0m
[0;34m[1784833883.844] [12025:12027] [SC] Found MRP parameters in the message[0m
[0;34m[1784833883.845] [12025:12027] [SC] Peer <0000000000000001, 1> assigned session ID 5324[0m
[0;34m[1784833883.845] [12025:12027] [SC] Sending Sigma3[0m
[0;32m[1784833883.845] [12025:12027] [EM] <<< [E:36078i S:0 M:88171928 (Ack:247349217)] (U) Msg TX from EA26663A2857E7ED to 0:0000000000000000 [0000] [UDP:[fe80::bfe:a203:38f0:bce7%enp0s3]:5540] --- Type 0000:32 (SecureChannel:CASE_Sigma3) (B:598)[0m
[0;32m[1784833883.845] [12025:12027] [EM] ??1 [E:36078i S:0 M:88171928] (U) Msg Retransmission to 0:0000000000000000 scheduled for 336ms from now [State:Active II:500 AI:300 AT:4000][0m
[0;32m[1784833883.845] [12025:12027] [SC] Sent Sigma3 msg[0m
[0;32m[1784833883.855] [12025:12027] [EM] >>> [E:36078i S:0 M:247349218 (Ack:88171928)] (U) Msg RX from 0:0000000000000000 [0000] to EA26663A2857E7ED --- Type 0000:40 (SecureChannel:StatusReport) (B:34)[0m
[0;34m[1784833883.855] [12025:12027] [EM] Found matching exchange: 36078i, Delegate: 0x74de6800b8e8[0m
[0;34m[1784833883.855] [12025:12027] [EM] Rxd Ack; Removing MessageCounter:88171928 from Retrans Table on exchange 36078i[0m
[0;32m[1784833883.855] [12025:12027] [SC] Success status report received. Session was established[0m
[0;32m[1784833883.857] [12025:12027] [SC] SecureSession[0x74de68009cd0, LSID:19307]: State change 'kEstablishing' --> 'kActive'[0m
[0;34m[1784833883.857] [12025:12027] [IN] SecureSession[0x74de68009cd0]: Activated - Type:2 LSID:19307[0m
[0;34m[1784833883.857] [12025:12027] [IN] New secure session activated for device <0000000000000001, 1>, LSID:19307 PSID:5324![0m
[0;34m[1784833883.857] [12025:12027] [DIS] OperationalSessionSetup[1:0000000000000001]: State change 4 --> 5[0m
[0;32m[1784833883.857] [12025:12027] [TOO] Sending cluster (0x00000038) command (0x00000000) on endpoint 0[0m
[0;34m[1784833883.857] [12025:12027] [DMG] ICR moving to [AddingComm][0m
[0;34m[1784833883.857] [12025:12027] [DMG] ICR moving to [AddedComma][0m
[0;32m[1784833883.857] [12025:12027] [EM] <<< [E:36079i S:19307 M:16873765] (S) Msg TX from 000000000001B669 to 1:0000000000000001 [FC27] [UDP:[fe80::bfe:a203:38f0:bce7%enp0s3]:5540] --- Type 0001:08 (IM:InvokeCommandRequest) (B:72)[0m
[0;32m[1784833883.857] [12025:12027] [EM] ??1 [E:36079i S:19307 M:16873765] (S) Msg Retransmission to 1:0000000000000001 scheduled for 339ms from now [State:Active II:500 AI:300 AT:4000][0m
[0;34m[1784833883.857] [12025:12027] [DMG] ICR moving to [AwaitingRe][0m
[0;32m[1784833883.857] [12025:12027] [EM] <<< [E:36078i S:0 M:88171929 (Ack:247349218)] (U) Msg TX from EA26663A2857E7ED to 0:0000000000000000 [0000] [UDP:[fe80::bfe:a203:38f0:bce7%enp0s3]:5540] --- Type 0000:10 (SecureChannel:StandaloneAck) (B:26)[0m
[0;34m[1784833883.857] [12025:12027] [EM] Flushed pending ack for MessageCounter:247349218 on exchange 36078i[0m
[0;34m[2524608000.000] [12025:12025] [CTL] Shutting down the commissioner[0m
[0;32m[2524608000.000] [12025:12025] [PAF] WiFiPAF: Closing all WiFiPAF sessions to shutdown[0m
[0;34m[2524608000.000] [12025:12025] [CTL] Shutting down the controller[0m
[0;34m[2524608000.000] [12025:12025] [IN] Expiring all sessions for fabric 0x1!![0m
[0;34m[2524608000.000] [12025:12025] [IN] SecureSession[0x74de68009cd0]: MarkForEviction Type:2 LSID:19307[0m
[0;32m[2524608000.000] [12025:12025] [SC] SecureSession[0x74de68009cd0, LSID:19307]: State change 'kActive' --> 'kPendingEviction'[0m
[0;32m[2524608000.000] [12025:12025] [DMG] Time out! failed to receive invoke command response from Exchange: 36079i[0m
[0;32m[2524608000.000] [12025:12025] [TOO] Error: src/app/CommandSender.cpp:354: CHIP Error 0x00000032: Timeout[0m
[0;34m[2524608000.000] [12025:12025] [DMG] ICR moving to [AwaitingDe][0m
[0;34m[2524608000.001] [12025:12025] [IN] SecureSession[0x74de68009cd0]: Released - Type:2 LSID:19307[0m
[0;32m[2524608000.001] [12025:12025] [FP] Forgetting fabric 0x1[0m
[0;32m[2524608000.001] [12025:12025] [TS] Pending Last Known Good Time: 2023-10-14T01:16:48[0m
[0;32m[2524608000.001] [12025:12025] [TS] Previous Last Known Good Time: 2023-10-14T01:16:48[0m
[0;32m[2524608000.001] [12025:12025] [TS] Reverted Last Known Good Time to previous value[0m
[0;34m[2524608000.001] [12025:12025] [CTL] Shutting down the commissioner[0m
[0;32m[2524608000.001] [12025:12025] [PAF] WiFiPAF: Closing all WiFiPAF sessions to shutdown[0m
[0;34m[2524608000.001] [12025:12025] [CTL] Shutting down the controller[0m
[0;34m[2524608000.001] [12025:12025] [CTL] Shutting down the System State, this will teardown the CHIP Stack[0m
[0;34m[2524608000.001] [12025:12025] [DMG] All ReadHandler-s are clean, clear GlobalDirtySet[0m
[0;32m[2524608000.001] [12025:12025] [FP] Shutting down FabricTable[0m
[0;32m[2524608000.001] [12025:12025] [TS] Pending Last Known Good Time: 2023-10-14T01:16:48[0m
[0;32m[2524608000.001] [12025:12025] [TS] Previous Last Known Good Time: 2023-10-14T01:16:48[0m
[0;32m[2524608000.001] [12025:12025] [TS] Reverted Last Known Good Time to previous value[0m
[0;34m[2524608000.006] [12025:12025] [DL] Wrote settings to /tmp/chip_counters.ini[0m
[0;32m[2524608000.006] [12025:12025] [DL] NVS set: chip-counters/total-operational-hours = 0 (0x0)[0m
[0;32m[2524608000.006] [12025:12025] [DL] Inet Layer shutdown[0m
[0;32m[2524608000.006] [12025:12025] [DL] BLE Layer shutdown[0m
[0;32m[2524608000.006] [12025:12025] [DL] WiFi-PAF Layer shutdown[0m
[0;32m[2524608000.006] [12025:12025] [PAF] WiFiPAF: Closing all WiFiPAF sessions to shutdown[0m
[0;32m[2524608000.006] [12025:12025] [DL] System Layer shutdown[0m
[1;31m[2524608000.007] [12025:12025] [TOO] Run command failure: examples/chip-tool/commands/common/CHIPCommand.cpp:650: CHIP Error 0x00000032: Timeout[0m
