[0;34m[1784837069.853] [20767:20767] [DL] ChipLinuxStorage::Init: Using KVS config file: /tmp/chip_tool_kvs[0m
[1;31m[1784837069.855] [20767:20767] [DL] ChipLinuxStorage::Init: Attempt to re-initialize with KVS config file: /tmp/chip_kvs, IGNORING.[0m
[0;34m[1784837069.856] [20767:20767] [DL] ChipLinuxStorage::Init: Using KVS config file: /tmp/chip_factory.ini[0m
[0;34m[1784837069.856] [20767:20767] [DL] ChipLinuxStorage::Init: Using KVS config file: /tmp/chip_config.ini[0m
[0;34m[1784837069.856] [20767:20767] [DL] ChipLinuxStorage::Init: Using KVS config file: /tmp/chip_counters.ini[0m
[0;34m[1784837069.859] [20767:20767] [DL] Wrote settings to /tmp/chip_counters.ini[0m
[0;32m[1784837069.859] [20767:20767] [DL] NVS set: chip-counters/reboot-count = 3 (0x3)[0m
[0;32m[1784837069.859] [20767:20767] [DL] Got Ethernet interface: enp0s3[0m
[0;32m[1784837069.859] [20767:20767] [DL] Found the primary Ethernet interface:enp0s3[0m
[1;31m[1784837069.860] [20767:20767] [DL] Failed to get WiFi interface[0m
[1;31m[1784837069.860] [20767:20767] [DL] Failed to reset WiFi statistic counts[0m
[0;32m[1784837069.860] [20767:20767] [PAF] WiFiPAF: WiFiPAFLayer::Init()[0m
[0;34m[1784837069.860] [20767:20767] [IN] UDP::Init bind&listen port=0[0m
[0;34m[1784837069.860] [20767:20767] [IN] UDP::Init bound to port=33941[0m
[0;34m[1784837069.860] [20767:20767] [IN] UDP::Init bind&listen port=0[0m
[0;34m[1784837069.860] [20767:20767] [IN] UDP::Init bound to port=57498[0m
[0;34m[1784837069.860] [20767:20767] [IN] BLEBase::Init - setting/overriding transport[0m
[0;34m[1784837069.860] [20767:20767] [IN] WiFiPAFBase::Init - setting/overriding transport[0m
[0;34m[1784837069.860] [20767:20767] [IN] TransportMgr initialized[0m
[0;34m[1784837069.860] [20767:20767] [FP] Initializing FabricTable from persistent storage[0m
[0;32m[1784837069.860] [20767:20767] [TS] Last Known Good Time: 2023-10-14T01:16:48[0m
[0;32m[1784837069.860] [20767:20767] [FP] Fabric index 0x1 was retrieved from storage. Compressed FabricId 0xBC97EFA75EE20BA1, FabricId 0x0000000000000001, NodeId 0x000000000001B669, VendorId 0xFFF1[0m
[0;32m[1784837069.861] [20767:20767] [DMG] Ember attribute persistence requires setting up[0m
[0;32m[1784837069.861] [20767:20767] [ZCL] Using ZAP configuration...[0m
[0;34m[1784837069.861] [20767:20767] [CTL] System State Initialized...[0m
[0;32m[1784837069.861] [20767:20767] [CTL] Setting attestation nonce to random value[0m
[0;32m[1784837069.861] [20767:20767] [CTL] Setting CSR nonce to random value[0m
[0;34m[1784837069.861] [20767:20769] [DL] CHIP task running[0m
[0;32m[1784837069.861] [20767:20769] [CTL] Setting attestation nonce to random value[0m
[0;32m[1784837069.861] [20767:20769] [CTL] Setting CSR nonce to random value[0m
[0;32m[1784837069.861] [20767:20769] [CTL] Generating NOC[0m
[0;32m[1784837069.862] [20767:20769] [FP] Validating NOC chain[0m
[0;32m[1784837069.862] [20767:20769] [FP] NOC chain validation successful[0m
[0;32m[1784837069.862] [20767:20769] [FP] Updated fabric at index: 0x1, Node ID: 0x000000000001B669[0m
[0;32m[1784837069.862] [20767:20769] [TS] Last Known Good Time: 2023-10-14T01:16:48[0m
[0;32m[1784837069.862] [20767:20769] [TS] New proposed Last Known Good Time: 2021-01-01T00:00:00[0m
[0;32m[1784837069.862] [20767:20769] [TS] Retaining current Last Known Good Time[0m
[0;32m[1784837069.864] [20767:20769] [FP] Metadata for Fabric 0x1 persisted to storage.[0m
[0;32m[1784837069.864] [20767:20769] [TS] Committing Last Known Good Time to storage: 2023-10-14T01:16:48[0m
[0;32m[1784837069.865] [20767:20769] [CTL] Joined the fabric at index 1. Fabric ID is 0x0000000000000001 (Compressed Fabric ID: BC97EFA75EE20BA1)[0m
[0;32m[1784837069.869] [20767:20769] [TOO] Sending command to node 0x1[0m
[0;34m[1784837069.869] [20767:20769] [CSM] FindOrEstablishSession: PeerId = [1:0000000000000001][0m
[0;34m[1784837069.869] [20767:20769] [CSM] FindOrEstablishSession: No existing OperationalSessionSetup instance found[0m
[0;34m[1784837069.869] [20767:20769] [DIS] OperationalSessionSetup[1:0000000000000001]: State change 1 --> 2[0m
[0;32m[1784837069.870] [20767:20769] [DIS] Lookup started for BC97EFA75EE20BA1-0000000000000001[0m
[0;32m[1784837069.870] [20767:20769] [DIS] UDP:[fe80::bfe:a203:38f0:bce7%enp0s3]:5540: new best score: 7 (for BC97EFA75EE20BA1-0000000000000001)[0m
[0;34m[1784837069.870] [20767:20769] [DIS] Lookup clearing interface for non LL address[0m
[0;32m[1784837069.870] [20767:20769] [DIS] UDP:10.0.2.15%enp0s3:5540: new best score: 2 (for BC97EFA75EE20BA1-0000000000000001)[0m
[0;32m[1784837069.870] [20767:20769] [DIS] Checking node lookup status for BC97EFA75EE20BA1-0000000000000001 after 0 ms[0m
[0;32m[1784837069.870] [20767:20769] [DIS] Keeping DNSSD lookup active[0m
[0;32m[1784837069.871] [20767:20769] [DIS] UDP:[fe80::bfe:a203:38f0:bce7%enp0s3]:5540: score has not improved: 7 (for BC97EFA75EE20BA1-0000000000000001)[0m
[0;34m[1784837069.871] [20767:20769] [DIS] Lookup clearing interface for non LL address[0m
[0;32m[1784837069.871] [20767:20769] [DIS] UDP:10.0.2.15%enp0s3:5540: score has not improved: 2 (for BC97EFA75EE20BA1-0000000000000001)[0m
[0;32m[1784837069.871] [20767:20769] [DIS] Checking node lookup status for BC97EFA75EE20BA1-0000000000000001 after 1 ms[0m
[0;32m[1784837069.871] [20767:20769] [DIS] Keeping DNSSD lookup active[0m
[0;32m[1784837070.081] [20767:20769] [DIS] Checking node lookup status for BC97EFA75EE20BA1-0000000000000001 after 211 ms[0m
[0;34m[1784837070.081] [20767:20769] [DIS] OperationalSessionSetup[1:0000000000000001]: Updating device address to UDP:[fe80::bfe:a203:38f0:bce7%enp0s3]:5540 while in state 2[0m
[0;34m[1784837070.081] [20767:20769] [DIS] OperationalSessionSetup[1:0000000000000001]: State change 2 --> 3[0m
[0;34m[1784837070.081] [20767:20769] [IN] SecureSession[0x7cb4a8009cd0]: Allocated Type:2 LSID:4021[0m
[0;32m[1784837070.081] [20767:20769] [SC] Initiating session on local FabricIndex 1 from 0x000000000001B669 -> 0x0000000000000001[0m
[0;32m[1784837070.081] [20767:20769] [EM] <<< [E:36274i S:0 M:189888020] (U) Msg TX from B9669E32B3DC8D05 to 0:0000000000000000 [0000] [UDP:[fe80::bfe:a203:38f0:bce7%enp0s3]:5540] --- Type 0000:30 (SecureChannel:CASE_Sigma1) (B:196)[0m
[0;32m[1784837070.081] [20767:20769] [EM] ??1 [E:36274i S:0 M:189888020] (U) Msg Retransmission to 0:0000000000000000 scheduled for 574ms from now [State:Idle II:500 AI:300 AT:4000][0m
[0;32m[1784837070.081] [20767:20769] [SC] Sent Sigma1 msg to <0000000000000001, 1> [II:500ms AI:300ms AT:4000ms][0m
[0;34m[1784837070.081] [20767:20769] [DIS] OperationalSessionSetup[1:0000000000000001]: State change 3 --> 4[0m
[0;32m[1784837070.082] [20767:20769] [EM] >>> [E:36274i S:0 M:226157900 (Ack:189888020)] (U) Msg RX from 0:0000000000000000 [0000] to B9669E32B3DC8D05 --- Type 0000:31 (SecureChannel:CASE_Sigma2) (B:751)[0m
[0;34m[1784837070.082] [20767:20769] [EM] Found matching exchange: 36274i, Delegate: 0x7cb4a800b8e8[0m
[0;34m[1784837070.082] [20767:20769] [EM] Rxd Ack; Removing MessageCounter:189888020 from Retrans Table on exchange 36274i[0m
[0;32m[1784837070.082] [20767:20769] [SC] Received Sigma2 msg[0m
[0;34m[1784837070.082] [20767:20769] [SC] Found MRP parameters in the message[0m
[0;34m[1784837070.082] [20767:20769] [SC] Peer <0000000000000001, 1> assigned session ID 13723[0m
[0;34m[1784837070.082] [20767:20769] [SC] Sending Sigma3[0m
[0;32m[1784837070.083] [20767:20769] [EM] <<< [E:36274i S:0 M:189888021 (Ack:226157900)] (U) Msg TX from B9669E32B3DC8D05 to 0:0000000000000000 [0000] [UDP:[fe80::bfe:a203:38f0:bce7%enp0s3]:5540] --- Type 0000:32 (SecureChannel:CASE_Sigma3) (B:598)[0m
[0;32m[1784837070.083] [20767:20769] [EM] ??1 [E:36274i S:0 M:189888021] (U) Msg Retransmission to 0:0000000000000000 scheduled for 386ms from now [State:Active II:500 AI:300 AT:4000][0m
[0;32m[1784837070.083] [20767:20769] [SC] Sent Sigma3 msg[0m
[0;32m[1784837070.091] [20767:20769] [EM] >>> [E:36274i S:0 M:226157901 (Ack:189888021)] (U) Msg RX from 0:0000000000000000 [0000] to B9669E32B3DC8D05 --- Type 0000:40 (SecureChannel:StatusReport) (B:34)[0m
[0;34m[1784837070.091] [20767:20769] [EM] Found matching exchange: 36274i, Delegate: 0x7cb4a800b8e8[0m
[0;34m[1784837070.091] [20767:20769] [EM] Rxd Ack; Removing MessageCounter:189888021 from Retrans Table on exchange 36274i[0m
[0;32m[1784837070.091] [20767:20769] [SC] Success status report received. Session was established[0m
[0;32m[1784837070.092] [20767:20769] [SC] SecureSession[0x7cb4a8009cd0, LSID:4021]: State change 'kEstablishing' --> 'kActive'[0m
[0;34m[1784837070.092] [20767:20769] [IN] SecureSession[0x7cb4a8009cd0]: Activated - Type:2 LSID:4021[0m
[0;34m[1784837070.092] [20767:20769] [IN] New secure session activated for device <0000000000000001, 1>, LSID:4021 PSID:13723![0m
[0;34m[1784837070.092] [20767:20769] [DIS] OperationalSessionSetup[1:0000000000000001]: State change 4 --> 5[0m
[0;32m[1784837070.092] [20767:20769] [TOO] Sending ReadAttribute to:[0m
[0;32m[1784837070.092] [20767:20769] [TOO] 	cluster 0x0000_0038, attribute: 0x0000_0000, endpoint 0[0m
[0;34m[1784837070.092] [20767:20769] [DMG] SendReadRequest ReadClient[0x7cb4a800eef0]: Sending Read Request[0m
[0;32m[1784837070.092] [20767:20769] [DMG] 0 data version filters provided, 0 not relevant, 0 encoded, 0 skipped due to lack of space[0m
[0;32m[1784837070.092] [20767:20769] [EM] <<< [E:36275i S:4021 M:73638580] (S) Msg TX from 000000000001B669 to 1:0000000000000001 [0BA1] [UDP:[fe80::bfe:a203:38f0:bce7%enp0s3]:5540] --- Type 0001:02 (IM:ReadRequest) (B:51)[0m
[0;32m[1784837070.093] [20767:20769] [EM] ??1 [E:36275i S:4021 M:73638580] (S) Msg Retransmission to 1:0000000000000001 scheduled for 400ms from now [State:Active II:500 AI:300 AT:4000][0m
[0;34m[1784837070.093] [20767:20769] [DMG] MoveToState ReadClient[0x7cb4a800eef0]: Moving to [AwaitingIn][0m
[0;32m[1784837070.093] [20767:20769] [EM] <<< [E:36274i S:0 M:189888022 (Ack:226157901)] (U) Msg TX from B9669E32B3DC8D05 to 0:0000000000000000 [0000] [UDP:[fe80::bfe:a203:38f0:bce7%enp0s3]:5540] --- Type 0000:10 (SecureChannel:StandaloneAck) (B:26)[0m
[0;34m[1784837070.093] [20767:20769] [EM] Flushed pending ack for MessageCounter:226157901 on exchange 36274i[0m
[0;32m[1784837070.093] [20767:20769] [EM] >>> [E:36275i S:4021 M:226063386 (Ack:73638580)] (S) Msg RX from 1:0000000000000001 [0BA1] to 000000000001B669 --- Type 0001:05 (IM:ReportData) (B:77)[0m
[0;34m[1784837070.093] [20767:20769] [EM] Found matching exchange: 36275i, Delegate: 0x7cb4a800ef00[0m
[0;34m[1784837070.093] [20767:20769] [EM] Rxd Ack; Removing MessageCounter:73638580 from Retrans Table on exchange 36275i[0m
[0;34m[1784837070.093] [20767:20769] [DMG] ReportDataMessage =[0m
[0;34m[1784837070.093] [20767:20769] [DMG] {[0m
[0;34m[1784837070.093] [20767:20769] [DMG] 	AttributeReportIBs =[0m
[0;34m[1784837070.093] [20767:20769] [DMG] 	[[0m
[0;34m[1784837070.093] [20767:20769] [DMG] 		AttributeReportIB =[0m
[0;34m[1784837070.093] [20767:20769] [DMG] 		{[0m
[0;34m[1784837070.093] [20767:20769] [DMG] 			AttributeDataIB =[0m
[0;34m[1784837070.093] [20767:20769] [DMG] 			{[0m
[0;34m[1784837070.093] [20767:20769] [DMG] 				DataVersion = 0x5afd3308,[0m
[0;34m[1784837070.093] [20767:20769] [DMG] 				AttributePathIB =[0m
[0;34m[1784837070.093] [20767:20769] [DMG] 				{[0m
[0;34m[1784837070.093] [20767:20769] [DMG] 					Endpoint = 0x0,[0m
[0;34m[1784837070.093] [20767:20769] [DMG] 					Cluster = 0x38,[0m
[0;34m[1784837070.093] [20767:20769] [DMG] 					Attribute = 0x0000_0000,[0m
[0;34m[1784837070.093] [20767:20769] [DMG] 				}[0m
[0;34m[1784837070.093] [20767:20769] [DMG] 					[0m
[0;34m[1784837070.093] [20767:20769] [DMG] 				Data = 838152270093240 (unsigned), [0m
[0;34m[1784837070.093] [20767:20769] [DMG] 			},[0m
[0;34m[1784837070.093] [20767:20769] [DMG] 			[0m
[0;34m[1784837070.093] [20767:20769] [DMG] 		},[0m
[0;34m[1784837070.093] [20767:20769] [DMG] 		[0m
[0;34m[1784837070.093] [20767:20769] [DMG] 	],[0m
[0;34m[1784837070.093] [20767:20769] [DMG] 	[0m
[0;34m[1784837070.093] [20767:20769] [DMG] 	SuppressResponse = true, [0m
[0;34m[1784837070.093] [20767:20769] [DMG] 	InteractionModelRevision = 12[0m
[0;34m[1784837070.093] [20767:20769] [DMG] }[0m
[0;32m[1784837070.093] [20767:20769] [TOO] Endpoint: 0 Cluster: 0x0000_0038 Attribute 0x0000_0000 DataVersion: 1526543112[0m
[0;32m[1784837070.093] [20767:20769] [TOO]   UTCTime: 838152270093240[0m
[0;32m[1784837070.093] [20767:20769] [EM] <<< [E:36275i S:4021 M:73638581 (Ack:226063386)] (S) Msg TX from 000000000001B669 to 1:0000000000000001 [0BA1] [UDP:[fe80::bfe:a203:38f0:bce7%enp0s3]:5540] --- Type 0000:10 (SecureChannel:StandaloneAck) (B:34)[0m
[0;34m[1784837070.093] [20767:20769] [EM] Flushed pending ack for MessageCounter:226063386 on exchange 36275i[0m
[0;34m[1784837070.093] [20767:20767] [CTL] Shutting down the commissioner[0m
[0;32m[1784837070.093] [20767:20767] [PAF] WiFiPAF: Closing all WiFiPAF sessions to shutdown[0m
[0;34m[1784837070.093] [20767:20767] [CTL] Shutting down the controller[0m
[0;34m[1784837070.093] [20767:20767] [IN] Expiring all sessions for fabric 0x1!![0m
[0;34m[1784837070.093] [20767:20767] [IN] SecureSession[0x7cb4a8009cd0]: MarkForEviction Type:2 LSID:4021[0m
[0;32m[1784837070.093] [20767:20767] [SC] SecureSession[0x7cb4a8009cd0, LSID:4021]: State change 'kActive' --> 'kPendingEviction'[0m
[0;34m[1784837070.093] [20767:20767] [IN] SecureSession[0x7cb4a8009cd0]: Released - Type:2 LSID:4021[0m
[0;32m[1784837070.093] [20767:20767] [FP] Forgetting fabric 0x1[0m
[0;32m[1784837070.093] [20767:20767] [TS] Pending Last Known Good Time: 2023-10-14T01:16:48[0m
[0;32m[1784837070.093] [20767:20767] [TS] Previous Last Known Good Time: 2023-10-14T01:16:48[0m
[0;32m[1784837070.093] [20767:20767] [TS] Reverted Last Known Good Time to previous value[0m
[0;34m[1784837070.093] [20767:20767] [CTL] Shutting down the commissioner[0m
[0;32m[1784837070.093] [20767:20767] [PAF] WiFiPAF: Closing all WiFiPAF sessions to shutdown[0m
[0;34m[1784837070.093] [20767:20767] [CTL] Shutting down the controller[0m
[0;34m[1784837070.093] [20767:20767] [CTL] Shutting down the System State, this will teardown the CHIP Stack[0m
[0;34m[1784837070.093] [20767:20767] [DMG] All ReadHandler-s are clean, clear GlobalDirtySet[0m
[0;32m[1784837070.093] [20767:20767] [FP] Shutting down FabricTable[0m
[0;32m[1784837070.093] [20767:20767] [TS] Pending Last Known Good Time: 2023-10-14T01:16:48[0m
[0;32m[1784837070.093] [20767:20767] [TS] Previous Last Known Good Time: 2023-10-14T01:16:48[0m
[0;32m[1784837070.093] [20767:20767] [TS] Reverted Last Known Good Time to previous value[0m
[0;34m[1784837070.095] [20767:20767] [DL] Wrote settings to /tmp/chip_counters.ini[0m
[0;32m[1784837070.096] [20767:20767] [DL] NVS set: chip-counters/total-operational-hours = 0 (0x0)[0m
[0;32m[1784837070.096] [20767:20767] [DL] Inet Layer shutdown[0m
[0;32m[1784837070.096] [20767:20767] [DL] BLE Layer shutdown[0m
[0;32m[1784837070.096] [20767:20767] [DL] WiFi-PAF Layer shutdown[0m
[0;32m[1784837070.096] [20767:20767] [PAF] WiFiPAF: Closing all WiFiPAF sessions to shutdown[0m
[0;32m[1784837070.096] [20767:20767] [DL] System Layer shutdown[0m
