[0;34m[2524608000.410] [19826:19826] [DL] ChipLinuxStorage::Init: Using KVS config file: /tmp/chip_tool_kvs[0m
[1;31m[2524608000.412] [19826:19826] [DL] ChipLinuxStorage::Init: Attempt to re-initialize with KVS config file: /tmp/chip_kvs, IGNORING.[0m
[0;34m[2524608000.413] [19826:19826] [DL] ChipLinuxStorage::Init: Using KVS config file: /tmp/chip_factory.ini[0m
[0;34m[2524608000.413] [19826:19826] [DL] ChipLinuxStorage::Init: Using KVS config file: /tmp/chip_config.ini[0m
[0;34m[2524608000.413] [19826:19826] [DL] ChipLinuxStorage::Init: Using KVS config file: /tmp/chip_counters.ini[0m
[0;34m[2524608000.417] [19826:19826] [DL] Wrote settings to /tmp/chip_counters.ini[0m
[0;32m[2524608000.417] [19826:19826] [DL] NVS set: chip-counters/reboot-count = 5 (0x5)[0m
[0;32m[2524608000.418] [19826:19826] [DL] Got Ethernet interface: enp0s3[0m
[0;32m[2524608000.418] [19826:19826] [DL] Found the primary Ethernet interface:enp0s3[0m
[1;31m[2524608000.418] [19826:19826] [DL] Failed to get WiFi interface[0m
[1;31m[2524608000.418] [19826:19826] [DL] Failed to reset WiFi statistic counts[0m
[0;32m[2524608000.418] [19826:19826] [PAF] WiFiPAF: WiFiPAFLayer::Init()[0m
[0;34m[2524608000.418] [19826:19826] [IN] UDP::Init bind&listen port=0[0m
[0;34m[2524608000.418] [19826:19826] [IN] UDP::Init bound to port=49215[0m
[0;34m[2524608000.418] [19826:19826] [IN] UDP::Init bind&listen port=0[0m
[0;34m[2524608000.418] [19826:19826] [IN] UDP::Init bound to port=52387[0m
[0;34m[2524608000.418] [19826:19826] [IN] BLEBase::Init - setting/overriding transport[0m
[0;34m[2524608000.418] [19826:19826] [IN] WiFiPAFBase::Init - setting/overriding transport[0m
[0;34m[2524608000.418] [19826:19826] [IN] TransportMgr initialized[0m
[0;34m[2524608000.418] [19826:19826] [FP] Initializing FabricTable from persistent storage[0m
[0;32m[2524608000.418] [19826:19826] [TS] Last Known Good Time: 2023-10-14T01:16:48[0m
[0;32m[2524608000.418] [19826:19826] [FP] Fabric index 0x1 was retrieved from storage. Compressed FabricId 0x9EB21B535FA526DF, FabricId 0x0000000000000001, NodeId 0x000000000001B669, VendorId 0xFFF1[0m
[0;32m[2524608000.419] [19826:19826] [DMG] Ember attribute persistence requires setting up[0m
[0;32m[2524608000.419] [19826:19826] [ZCL] Using ZAP configuration...[0m
[0;34m[2524608000.419] [19826:19826] [CTL] System State Initialized...[0m
[0;32m[2524608000.419] [19826:19826] [CTL] Setting attestation nonce to random value[0m
[0;32m[2524608000.419] [19826:19826] [CTL] Setting CSR nonce to random value[0m
[0;34m[2524608000.419] [19826:19828] [DL] CHIP task running[0m
[0;32m[2524608000.419] [19826:19828] [CTL] Setting attestation nonce to random value[0m
[0;32m[2524608000.419] [19826:19828] [CTL] Setting CSR nonce to random value[0m
[0;32m[2524608000.420] [19826:19828] [CTL] Generating NOC[0m
[0;32m[2524608000.420] [19826:19828] [FP] Validating NOC chain[0m
[0;32m[2524608000.420] [19826:19828] [FP] NOC chain validation successful[0m
[0;32m[2524608000.420] [19826:19828] [FP] Updated fabric at index: 0x1, Node ID: 0x000000000001B669[0m
[0;32m[2524608000.420] [19826:19828] [TS] Last Known Good Time: 2023-10-14T01:16:48[0m
[0;32m[2524608000.420] [19826:19828] [TS] New proposed Last Known Good Time: 2021-01-01T00:00:00[0m
[0;32m[2524608000.420] [19826:19828] [TS] Retaining current Last Known Good Time[0m
[0;32m[2524608000.421] [19826:19828] [FP] Metadata for Fabric 0x1 persisted to storage.[0m
[0;32m[2524608000.422] [19826:19828] [TS] Committing Last Known Good Time to storage: 2023-10-14T01:16:48[0m
[0;32m[2524608000.423] [19826:19828] [CTL] Joined the fabric at index 1. Fabric ID is 0x0000000000000001 (Compressed Fabric ID: 9EB21B535FA526DF)[0m
[0;32m[2524608000.429] [19826:19828] [TOO] Sending command to node 0x1[0m
[0;34m[2524608000.429] [19826:19828] [CSM] FindOrEstablishSession: PeerId = [1:0000000000000001][0m
[0;34m[2524608000.429] [19826:19828] [CSM] FindOrEstablishSession: No existing OperationalSessionSetup instance found[0m
[0;34m[2524608000.429] [19826:19828] [DIS] OperationalSessionSetup[1:0000000000000001]: State change 1 --> 2[0m
[0;32m[2524608000.429] [19826:19828] [DIS] Lookup started for 9EB21B535FA526DF-0000000000000001[0m
[0;32m[2524608000.430] [19826:19828] [DIS] UDP:[fe80::bfe:a203:38f0:bce7%enp0s3]:5540: new best score: 7 (for 9EB21B535FA526DF-0000000000000001)[0m
[0;34m[2524608000.430] [19826:19828] [DIS] Lookup clearing interface for non LL address[0m
[0;32m[2524608000.430] [19826:19828] [DIS] UDP:10.0.2.15%enp0s3:5540: new best score: 2 (for 9EB21B535FA526DF-0000000000000001)[0m
[0;32m[2524608000.430] [19826:19828] [DIS] Checking node lookup status for 9EB21B535FA526DF-0000000000000001 after 0 ms[0m
[0;32m[2524608000.430] [19826:19828] [DIS] Keeping DNSSD lookup active[0m
[0;32m[2524608000.430] [19826:19828] [DIS] UDP:[fe80::bfe:a203:38f0:bce7%enp0s3]:5540: score has not improved: 7 (for 9EB21B535FA526DF-0000000000000001)[0m
[0;34m[2524608000.430] [19826:19828] [DIS] Lookup clearing interface for non LL address[0m
[0;32m[2524608000.430] [19826:19828] [DIS] UDP:10.0.2.15%enp0s3:5540: score has not improved: 2 (for 9EB21B535FA526DF-0000000000000001)[0m
[0;32m[2524608000.430] [19826:19828] [DIS] Checking node lookup status for 9EB21B535FA526DF-0000000000000001 after 0 ms[0m
[0;32m[2524608000.430] [19826:19828] [DIS] Keeping DNSSD lookup active[0m
[0;32m[2524608000.644] [19826:19828] [DIS] Checking node lookup status for 9EB21B535FA526DF-0000000000000001 after 215 ms[0m
[0;34m[2524608000.645] [19826:19828] [DIS] OperationalSessionSetup[1:0000000000000001]: Updating device address to UDP:[fe80::bfe:a203:38f0:bce7%enp0s3]:5540 while in state 2[0m
[0;34m[2524608000.645] [19826:19828] [DIS] OperationalSessionSetup[1:0000000000000001]: State change 2 --> 3[0m
[0;34m[2524608000.645] [19826:19828] [IN] SecureSession[0x77f69800c1f0]: Allocated Type:2 LSID:19148[0m
[0;32m[2524608000.645] [19826:19828] [SC] Initiating session on local FabricIndex 1 from 0x000000000001B669 -> 0x0000000000000001[0m
[0;32m[2524608000.646] [19826:19828] [EM] <<< [E:32807i S:0 M:17767181] (U) Msg TX from EA4B8D5E2D668F10 to 0:0000000000000000 [0000] [UDP:[fe80::bfe:a203:38f0:bce7%enp0s3]:5540] --- Type 0000:30 (SecureChannel:CASE_Sigma1) (B:196)[0m
[0;32m[2524608000.646] [19826:19828] [EM] ??1 [E:32807i S:0 M:17767181] (U) Msg Retransmission to 0:0000000000000000 scheduled for 648ms from now [State:Idle II:500 AI:300 AT:4000][0m
[0;32m[2524608000.646] [19826:19828] [SC] Sent Sigma1 msg to <0000000000000001, 1> [II:500ms AI:300ms AT:4000ms][0m
[0;34m[2524608000.646] [19826:19828] [DIS] OperationalSessionSetup[1:0000000000000001]: State change 3 --> 4[0m
[0;32m[2524608000.659] [19826:19828] [EM] >>> [E:32807i S:0 M:42941356 (Ack:17767181)] (U) Msg RX from 0:0000000000000000 [0000] to EA4B8D5E2D668F10 --- Type 0000:31 (SecureChannel:CASE_Sigma2) (B:751)[0m
[0;34m[2524608000.659] [19826:19828] [EM] Found matching exchange: 32807i, Delegate: 0x77f69800bf28[0m
[0;34m[2524608000.659] [19826:19828] [EM] Rxd Ack; Removing MessageCounter:17767181 from Retrans Table on exchange 32807i[0m
[0;32m[2524608000.659] [19826:19828] [SC] Received Sigma2 msg[0m
[0;34m[2524608000.659] [19826:19828] [SC] Found MRP parameters in the message[0m
[0;34m[2524608000.659] [19826:19828] [SC] Certificate's mNotAfterTime (978134400) is before current time (1577923200)[0m
[0;34m[2524608000.659] [19826:19828] [SC] Sending status report. Protocol code 2, exchange 32807[0m
[0;32m[2524608000.659] [19826:19828] [EM] <<< [E:32807i S:0 M:17767182 (Ack:42941356)] (U) Msg TX from EA4B8D5E2D668F10 to 0:0000000000000000 [0000] [UDP:[fe80::bfe:a203:38f0:bce7%enp0s3]:5540] --- Type 0000:40 (SecureChannel:StatusReport) (B:34)[0m
[0;32m[2524608000.659] [19826:19828] [EM] ??1 [E:32807i S:0 M:17767182] (U) Msg Retransmission to 0:0000000000000000 scheduled for 388ms from now [State:Active II:500 AI:300 AT:4000][0m
[0;34m[2524608000.659] [19826:19828] [IN] SecureSession[0x77f69800c1f0]: Released - Type:2 LSID:19148[0m
[1;31m[2524608000.660] [19826:19828] [-] src/credentials/CHIPCert.cpp:1481: CHIP Error 0x0000004E: Certificate expired at examples/chip-tool/commands/clusters/ModelCommand.cpp:67[0m
[0;32m[2524608000.660] [19826:19828] [EM] >>> [E:32807i S:0 M:42941357 (Ack:17767182)] (U) Msg RX from 0:0000000000000000 [0000] to EA4B8D5E2D668F10 --- Type 0000:10 (SecureChannel:StandaloneAck) (B:26)[0m
[0;34m[2524608000.660] [19826:19828] [EM] Found matching exchange: 32807i, Delegate: (nil)[0m
[0;34m[2524608000.660] [19826:19828] [EM] Rxd Ack; Removing MessageCounter:17767182 from Retrans Table on exchange 32807i[0m
[0;34m[2524608000.668] [19826:19826] [CTL] Shutting down the commissioner[0m
[0;32m[2524608000.668] [19826:19826] [PAF] WiFiPAF: Closing all WiFiPAF sessions to shutdown[0m
[0;34m[2524608000.668] [19826:19826] [CTL] Shutting down the controller[0m
[0;34m[2524608000.668] [19826:19826] [IN] Expiring all sessions for fabric 0x1!![0m
[0;32m[2524608000.668] [19826:19826] [FP] Forgetting fabric 0x1[0m
[0;32m[2524608000.668] [19826:19826] [TS] Pending Last Known Good Time: 2023-10-14T01:16:48[0m
[0;32m[2524608000.668] [19826:19826] [TS] Previous Last Known Good Time: 2023-10-14T01:16:48[0m
[0;32m[2524608000.668] [19826:19826] [TS] Reverted Last Known Good Time to previous value[0m
[0;34m[2524608000.668] [19826:19826] [CTL] Shutting down the commissioner[0m
[0;32m[2524608000.668] [19826:19826] [PAF] WiFiPAF: Closing all WiFiPAF sessions to shutdown[0m
[0;34m[2524608000.668] [19826:19826] [CTL] Shutting down the controller[0m
[0;34m[2524608000.668] [19826:19826] [CTL] Shutting down the System State, this will teardown the CHIP Stack[0m
[0;34m[2524608000.668] [19826:19826] [DMG] All ReadHandler-s are clean, clear GlobalDirtySet[0m
[0;32m[2524608000.668] [19826:19826] [FP] Shutting down FabricTable[0m
[0;32m[2524608000.668] [19826:19826] [TS] Pending Last Known Good Time: 2023-10-14T01:16:48[0m
[0;32m[2524608000.668] [19826:19826] [TS] Previous Last Known Good Time: 2023-10-14T01:16:48[0m
[0;32m[2524608000.668] [19826:19826] [TS] Reverted Last Known Good Time to previous value[0m
[0;34m[2524608000.678] [19826:19826] [DL] Wrote settings to /tmp/chip_counters.ini[0m
[0;32m[2524608000.678] [19826:19826] [DL] NVS set: chip-counters/total-operational-hours = 0 (0x0)[0m
[0;32m[2524608000.678] [19826:19826] [DL] Inet Layer shutdown[0m
[0;32m[2524608000.678] [19826:19826] [DL] BLE Layer shutdown[0m
[0;32m[2524608000.678] [19826:19826] [DL] WiFi-PAF Layer shutdown[0m
[0;32m[2524608000.678] [19826:19826] [PAF] WiFiPAF: Closing all WiFiPAF sessions to shutdown[0m
[0;32m[2524608000.678] [19826:19826] [DL] System Layer shutdown[0m
[1;31m[2524608000.678] [19826:19826] [TOO] Run command failure: src/credentials/CHIPCert.cpp:1481: CHIP Error 0x0000004E: Certificate expired[0m
