[0;34m[2524608000.092] [18007:18007] [DL] ChipLinuxStorage::Init: Using KVS config file: /tmp/chip_tool_kvs[0m
[1;31m[2524608000.092] [18007:18007] [DL] ChipLinuxStorage::Init: Attempt to re-initialize with KVS config file: /tmp/chip_kvs, IGNORING.[0m
[0;34m[2524608000.094] [18007:18007] [DL] ChipLinuxStorage::Init: Using KVS config file: /tmp/chip_factory.ini[0m
[0;34m[2524608000.094] [18007:18007] [DL] ChipLinuxStorage::Init: Using KVS config file: /tmp/chip_config.ini[0m
[0;34m[2524608000.094] [18007:18007] [DL] ChipLinuxStorage::Init: Using KVS config file: /tmp/chip_counters.ini[0m
[0;34m[2524608000.098] [18007:18007] [DL] Wrote settings to /tmp/chip_counters.ini[0m
[0;32m[2524608000.098] [18007:18007] [DL] NVS set: chip-counters/reboot-count = 4 (0x4)[0m
[0;32m[2524608000.098] [18007:18007] [DL] Got Ethernet interface: enp0s3[0m
[0;32m[2524608000.099] [18007:18007] [DL] Found the primary Ethernet interface:enp0s3[0m
[1;31m[2524608000.099] [18007:18007] [DL] Failed to get WiFi interface[0m
[1;31m[2524608000.099] [18007:18007] [DL] Failed to reset WiFi statistic counts[0m
[0;32m[2524608000.099] [18007:18007] [PAF] WiFiPAF: WiFiPAFLayer::Init()[0m
[0;34m[2524608000.099] [18007:18007] [IN] UDP::Init bind&listen port=0[0m
[0;34m[2524608000.099] [18007:18007] [IN] UDP::Init bound to port=37437[0m
[0;34m[2524608000.099] [18007:18007] [IN] UDP::Init bind&listen port=0[0m
[0;34m[2524608000.099] [18007:18007] [IN] UDP::Init bound to port=45469[0m
[0;34m[2524608000.099] [18007:18007] [IN] BLEBase::Init - setting/overriding transport[0m
[0;34m[2524608000.099] [18007:18007] [IN] WiFiPAFBase::Init - setting/overriding transport[0m
[0;34m[2524608000.099] [18007:18007] [IN] TransportMgr initialized[0m
[0;34m[2524608000.099] [18007:18007] [FP] Initializing FabricTable from persistent storage[0m
[0;32m[2524608000.099] [18007:18007] [TS] Last Known Good Time: 2023-10-14T01:16:48[0m
[0;32m[2524608000.099] [18007:18007] [FP] Fabric index 0x1 was retrieved from storage. Compressed FabricId 0x5B7C5CB04079BE19, FabricId 0x0000000000000001, NodeId 0x000000000001B669, VendorId 0xFFF1[0m
[0;32m[2524608000.100] [18007:18007] [DMG] Ember attribute persistence requires setting up[0m
[0;32m[2524608000.100] [18007:18007] [ZCL] Using ZAP configuration...[0m
[0;34m[2524608000.100] [18007:18007] [CTL] System State Initialized...[0m
[0;32m[2524608000.100] [18007:18007] [CTL] Setting attestation nonce to random value[0m
[0;32m[2524608000.100] [18007:18007] [CTL] Setting CSR nonce to random value[0m
[0;34m[2524608000.100] [18007:18021] [DL] CHIP task running[0m
[0;32m[2524608000.100] [18007:18021] [CTL] Setting attestation nonce to random value[0m
[0;32m[2524608000.100] [18007:18021] [CTL] Setting CSR nonce to random value[0m
[0;32m[2524608000.100] [18007:18021] [CTL] Generating NOC[0m
[0;32m[2524608000.101] [18007:18021] [FP] Validating NOC chain[0m
[0;32m[2524608000.101] [18007:18021] [FP] NOC chain validation successful[0m
[0;32m[2524608000.101] [18007:18021] [FP] Updated fabric at index: 0x1, Node ID: 0x000000000001B669[0m
[0;32m[2524608000.101] [18007:18021] [TS] Last Known Good Time: 2023-10-14T01:16:48[0m
[0;32m[2524608000.101] [18007:18021] [TS] New proposed Last Known Good Time: 2021-01-01T00:00:00[0m
[0;32m[2524608000.101] [18007:18021] [TS] Retaining current Last Known Good Time[0m
[0;32m[2524608000.103] [18007:18021] [FP] Metadata for Fabric 0x1 persisted to storage.[0m
[0;32m[2524608000.103] [18007:18021] [TS] Committing Last Known Good Time to storage: 2023-10-14T01:16:48[0m
[0;32m[2524608000.104] [18007:18021] [CTL] Joined the fabric at index 1. Fabric ID is 0x0000000000000001 (Compressed Fabric ID: 5B7C5CB04079BE19)[0m
[0;32m[2524608000.108] [18007:18021] [TOO] Sending command to node 0x1[0m
[0;34m[2524608000.108] [18007:18021] [CSM] FindOrEstablishSession: PeerId = [1:0000000000000001][0m
[0;34m[2524608000.108] [18007:18021] [CSM] FindOrEstablishSession: No existing OperationalSessionSetup instance found[0m
[0;34m[2524608000.108] [18007:18021] [DIS] OperationalSessionSetup[1:0000000000000001]: State change 1 --> 2[0m
[0;32m[2524608000.110] [18007:18021] [DIS] Lookup started for 5B7C5CB04079BE19-0000000000000001[0m
[0;32m[2524608000.110] [18007:18021] [DIS] UDP:[fe80::bfe:a203:38f0:bce7%enp0s3]:5540: new best score: 7 (for 5B7C5CB04079BE19-0000000000000001)[0m
[0;34m[2524608000.110] [18007:18021] [DIS] Lookup clearing interface for non LL address[0m
[0;32m[2524608000.110] [18007:18021] [DIS] UDP:10.0.2.15%enp0s3:5540: new best score: 2 (for 5B7C5CB04079BE19-0000000000000001)[0m
[0;32m[2524608000.110] [18007:18021] [DIS] Checking node lookup status for 5B7C5CB04079BE19-0000000000000001 after 2 ms[0m
[0;32m[2524608000.110] [18007:18021] [DIS] Keeping DNSSD lookup active[0m
[0;32m[2524608000.110] [18007:18021] [DIS] UDP:[fe80::bfe:a203:38f0:bce7%enp0s3]:5540: score has not improved: 7 (for 5B7C5CB04079BE19-0000000000000001)[0m
[0;34m[2524608000.110] [18007:18021] [DIS] Lookup clearing interface for non LL address[0m
[0;32m[2524608000.110] [18007:18021] [DIS] UDP:10.0.2.15%enp0s3:5540: score has not improved: 2 (for 5B7C5CB04079BE19-0000000000000001)[0m
[0;32m[2524608000.110] [18007:18021] [DIS] Checking node lookup status for 5B7C5CB04079BE19-0000000000000001 after 2 ms[0m
[0;32m[2524608000.110] [18007:18021] [DIS] Keeping DNSSD lookup active[0m
[0;32m[2524608000.309] [18007:18021] [DIS] Checking node lookup status for 5B7C5CB04079BE19-0000000000000001 after 200 ms[0m
[0;34m[2524608000.309] [18007:18021] [DIS] OperationalSessionSetup[1:0000000000000001]: Updating device address to UDP:[fe80::bfe:a203:38f0:bce7%enp0s3]:5540 while in state 2[0m
[0;34m[2524608000.309] [18007:18021] [DIS] OperationalSessionSetup[1:0000000000000001]: State change 2 --> 3[0m
[0;34m[2524608000.309] [18007:18021] [IN] SecureSession[0x7cb7c4009cd0]: Allocated Type:2 LSID:35404[0m
[0;32m[2524608000.309] [18007:18021] [SC] Initiating session on local FabricIndex 1 from 0x000000000001B669 -> 0x0000000000000001[0m
[0;32m[2524608000.309] [18007:18021] [EM] <<< [E:3491i S:0 M:43395927] (U) Msg TX from 12B47ED09FBC7F49 to 0:0000000000000000 [0000] [UDP:[fe80::bfe:a203:38f0:bce7%enp0s3]:5540] --- Type 0000:30 (SecureChannel:CASE_Sigma1) (B:196)[0m
[0;32m[2524608000.309] [18007:18021] [EM] ??1 [E:3491i S:0 M:43395927] (U) Msg Retransmission to 0:0000000000000000 scheduled for 648ms from now [State:Idle II:500 AI:300 AT:4000][0m
[0;32m[2524608000.309] [18007:18021] [SC] Sent Sigma1 msg to <0000000000000001, 1> [II:500ms AI:300ms AT:4000ms][0m
[0;34m[2524608000.309] [18007:18021] [DIS] OperationalSessionSetup[1:0000000000000001]: State change 3 --> 4[0m
[0;32m[2524608000.313] [18007:18021] [EM] >>> [E:3491i S:0 M:180521291 (Ack:43395927)] (U) Msg RX from 0:0000000000000000 [0000] to 12B47ED09FBC7F49 --- Type 0000:31 (SecureChannel:CASE_Sigma2) (B:751)[0m
[0;34m[2524608000.313] [18007:18021] [EM] Found matching exchange: 3491i, Delegate: 0x7cb7c400b8e8[0m
[0;34m[2524608000.313] [18007:18021] [EM] Rxd Ack; Removing MessageCounter:43395927 from Retrans Table on exchange 3491i[0m
[0;32m[2524608000.313] [18007:18021] [SC] Received Sigma2 msg[0m
[0;34m[2524608000.313] [18007:18021] [SC] Found MRP parameters in the message[0m
[0;34m[2524608000.314] [18007:18021] [SC] Certificate's mNotAfterTime (978134400) is before current time (1577923200)[0m
[0;34m[2524608000.314] [18007:18021] [SC] Sending status report. Protocol code 2, exchange 3491[0m
[0;32m[2524608000.314] [18007:18021] [EM] <<< [E:3491i S:0 M:43395928 (Ack:180521291)] (U) Msg TX from 12B47ED09FBC7F49 to 0:0000000000000000 [0000] [UDP:[fe80::bfe:a203:38f0:bce7%enp0s3]:5540] --- Type 0000:40 (SecureChannel:StatusReport) (B:34)[0m
[0;32m[2524608000.314] [18007:18021] [EM] ??1 [E:3491i S:0 M:43395928] (U) Msg Retransmission to 0:0000000000000000 scheduled for 391ms from now [State:Active II:500 AI:300 AT:4000][0m
[0;34m[2524608000.314] [18007:18021] [IN] SecureSession[0x7cb7c4009cd0]: Released - Type:2 LSID:35404[0m
[1;31m[2524608000.314] [18007:18021] [-] src/credentials/CHIPCert.cpp:1481: CHIP Error 0x0000004E: Certificate expired at examples/chip-tool/commands/clusters/ModelCommand.cpp:67[0m
[0;32m[2524608000.314] [18007:18021] [EM] >>> [E:3491i S:0 M:180521292 (Ack:43395928)] (U) Msg RX from 0:0000000000000000 [0000] to 12B47ED09FBC7F49 --- Type 0000:10 (SecureChannel:StandaloneAck) (B:26)[0m
[0;34m[2524608000.314] [18007:18021] [EM] Found matching exchange: 3491i, Delegate: (nil)[0m
[0;34m[2524608000.314] [18007:18021] [EM] Rxd Ack; Removing MessageCounter:43395928 from Retrans Table on exchange 3491i[0m
[0;34m[2524608000.314] [18007:18007] [CTL] Shutting down the commissioner[0m
[0;32m[2524608000.314] [18007:18007] [PAF] WiFiPAF: Closing all WiFiPAF sessions to shutdown[0m
[0;34m[2524608000.314] [18007:18007] [CTL] Shutting down the controller[0m
[0;34m[2524608000.314] [18007:18007] [IN] Expiring all sessions for fabric 0x1!![0m
[0;32m[2524608000.314] [18007:18007] [FP] Forgetting fabric 0x1[0m
[0;32m[2524608000.314] [18007:18007] [TS] Pending Last Known Good Time: 2023-10-14T01:16:48[0m
[0;32m[2524608000.314] [18007:18007] [TS] Previous Last Known Good Time: 2023-10-14T01:16:48[0m
[0;32m[2524608000.314] [18007:18007] [TS] Reverted Last Known Good Time to previous value[0m
[0;34m[2524608000.314] [18007:18007] [CTL] Shutting down the commissioner[0m
[0;32m[2524608000.314] [18007:18007] [PAF] WiFiPAF: Closing all WiFiPAF sessions to shutdown[0m
[0;34m[2524608000.314] [18007:18007] [CTL] Shutting down the controller[0m
[0;34m[2524608000.314] [18007:18007] [CTL] Shutting down the System State, this will teardown the CHIP Stack[0m
[0;34m[2524608000.314] [18007:18007] [DMG] All ReadHandler-s are clean, clear GlobalDirtySet[0m
[0;32m[2524608000.314] [18007:18007] [FP] Shutting down FabricTable[0m
[0;32m[2524608000.314] [18007:18007] [TS] Pending Last Known Good Time: 2023-10-14T01:16:48[0m
[0;32m[2524608000.315] [18007:18007] [TS] Previous Last Known Good Time: 2023-10-14T01:16:48[0m
[0;32m[2524608000.315] [18007:18007] [TS] Reverted Last Known Good Time to previous value[0m
[0;34m[2524608000.317] [18007:18007] [DL] Wrote settings to /tmp/chip_counters.ini[0m
[0;32m[2524608000.317] [18007:18007] [DL] NVS set: chip-counters/total-operational-hours = 0 (0x0)[0m
[0;32m[2524608000.317] [18007:18007] [DL] Inet Layer shutdown[0m
[0;32m[2524608000.317] [18007:18007] [DL] BLE Layer shutdown[0m
[0;32m[2524608000.317] [18007:18007] [DL] WiFi-PAF Layer shutdown[0m
[0;32m[2524608000.317] [18007:18007] [PAF] WiFiPAF: Closing all WiFiPAF sessions to shutdown[0m
[0;32m[2524608000.317] [18007:18007] [DL] System Layer shutdown[0m
[1;31m[2524608000.318] [18007:18007] [TOO] Run command failure: src/credentials/CHIPCert.cpp:1481: CHIP Error 0x0000004E: Certificate expired[0m
