[0;34m[1784654961.017] [6561:6561] [DL] ChipLinuxStorage::Init: Using KVS config file: /tmp/chip_tool_kvs[0m
[1;31m[1784654961.019] [6561:6561] [DL] ChipLinuxStorage::Init: Attempt to re-initialize with KVS config file: /tmp/chip_kvs, IGNORING.[0m
[0;34m[1784654961.021] [6561:6561] [DL] ChipLinuxStorage::Init: Using KVS config file: /tmp/chip_factory.ini[0m
[0;34m[1784654961.021] [6561:6561] [DL] ChipLinuxStorage::Init: Using KVS config file: /tmp/chip_config.ini[0m
[0;34m[1784654961.021] [6561:6561] [DL] ChipLinuxStorage::Init: Using KVS config file: /tmp/chip_counters.ini[0m
[0;34m[1784654961.024] [6561:6561] [DL] Wrote settings to /tmp/chip_counters.ini[0m
[0;32m[1784654961.024] [6561:6561] [DL] NVS set: chip-counters/reboot-count = 4 (0x4)[0m
[0;32m[1784654961.024] [6561:6561] [DL] Got Ethernet interface: enp0s3[0m
[0;32m[1784654961.024] [6561:6561] [DL] Found the primary Ethernet interface:enp0s3[0m
[1;31m[1784654961.024] [6561:6561] [DL] Failed to get WiFi interface[0m
[1;31m[1784654961.024] [6561:6561] [DL] Failed to reset WiFi statistic counts[0m
[0;32m[1784654961.024] [6561:6561] [PAF] WiFiPAF: WiFiPAFLayer::Init()[0m
[0;34m[1784654961.024] [6561:6561] [IN] UDP::Init bind&listen port=0[0m
[0;34m[1784654961.024] [6561:6561] [IN] UDP::Init bound to port=33862[0m
[0;34m[1784654961.024] [6561:6561] [IN] UDP::Init bind&listen port=0[0m
[0;34m[1784654961.024] [6561:6561] [IN] UDP::Init bound to port=40515[0m
[0;34m[1784654961.024] [6561:6561] [IN] BLEBase::Init - setting/overriding transport[0m
[0;34m[1784654961.024] [6561:6561] [IN] WiFiPAFBase::Init - setting/overriding transport[0m
[0;34m[1784654961.024] [6561:6561] [IN] TransportMgr initialized[0m
[0;34m[1784654961.024] [6561:6561] [FP] Initializing FabricTable from persistent storage[0m
[0;32m[1784654961.024] [6561:6561] [TS] Last Known Good Time: 2023-10-14T01:16:48[0m
[0;32m[1784654961.024] [6561:6561] [FP] Fabric index 0x1 was retrieved from storage. Compressed FabricId 0xF37EE83589838EFF, FabricId 0x0000000000000001, NodeId 0x000000000001B669, VendorId 0xFFF1[0m
[0;32m[1784654961.025] [6561:6561] [DMG] Ember attribute persistence requires setting up[0m
[0;32m[1784654961.025] [6561:6561] [ZCL] Using ZAP configuration...[0m
[0;34m[1784654961.025] [6561:6561] [CTL] System State Initialized...[0m
[0;32m[1784654961.025] [6561:6561] [CTL] Setting attestation nonce to random value[0m
[0;32m[1784654961.025] [6561:6561] [CTL] Setting CSR nonce to random value[0m
[0;34m[1784654961.026] [6561:6563] [DL] CHIP task running[0m
[0;32m[1784654961.026] [6561:6563] [CTL] Setting attestation nonce to random value[0m
[0;32m[1784654961.026] [6561:6563] [CTL] Setting CSR nonce to random value[0m
[0;32m[1784654961.026] [6561:6563] [CTL] Generating NOC[0m
[0;32m[1784654961.026] [6561:6563] [FP] Validating NOC chain[0m
[0;32m[1784654961.026] [6561:6563] [FP] NOC chain validation successful[0m
[0;32m[1784654961.026] [6561:6563] [FP] Updated fabric at index: 0x1, Node ID: 0x000000000001B669[0m
[0;32m[1784654961.026] [6561:6563] [TS] Last Known Good Time: 2023-10-14T01:16:48[0m
[0;32m[1784654961.026] [6561:6563] [TS] New proposed Last Known Good Time: 2021-01-01T00:00:00[0m
[0;32m[1784654961.026] [6561:6563] [TS] Retaining current Last Known Good Time[0m
[0;32m[1784654961.028] [6561:6563] [FP] Metadata for Fabric 0x1 persisted to storage.[0m
[0;32m[1784654961.029] [6561:6563] [TS] Committing Last Known Good Time to storage: 2023-10-14T01:16:48[0m
[0;32m[1784654961.030] [6561:6563] [CTL] Joined the fabric at index 1. Fabric ID is 0x0000000000000001 (Compressed Fabric ID: F37EE83589838EFF)[0m
[0;32m[1784654961.034] [6561:6563] [TOO] Sending command to node 0x1[0m
[0;34m[1784654961.035] [6561:6563] [CSM] FindOrEstablishSession: PeerId = [1:0000000000000001][0m
[0;34m[1784654961.035] [6561:6563] [CSM] FindOrEstablishSession: No existing OperationalSessionSetup instance found[0m
[0;34m[1784654961.035] [6561:6563] [DIS] OperationalSessionSetup[1:0000000000000001]: State change 1 --> 2[0m
[0;32m[1784654961.035] [6561:6563] [DIS] Lookup started for F37EE83589838EFF-0000000000000001[0m
[0;32m[1784654961.035] [6561:6563] [DIS] UDP:[fe80::bfe:a203:38f0:bce7%enp0s3]:5540: new best score: 7 (for F37EE83589838EFF-0000000000000001)[0m
[0;34m[1784654961.035] [6561:6563] [DIS] Lookup clearing interface for non LL address[0m
[0;32m[1784654961.035] [6561:6563] [DIS] UDP:10.0.2.15%enp0s3:5540: new best score: 2 (for F37EE83589838EFF-0000000000000001)[0m
[0;32m[1784654961.035] [6561:6563] [DIS] Checking node lookup status for F37EE83589838EFF-0000000000000001 after 1 ms[0m
[0;32m[1784654961.035] [6561:6563] [DIS] Keeping DNSSD lookup active[0m
[0;32m[1784654961.035] [6561:6563] [DIS] UDP:[fe80::bfe:a203:38f0:bce7%enp0s3]:5540: score has not improved: 7 (for F37EE83589838EFF-0000000000000001)[0m
[0;34m[1784654961.035] [6561:6563] [DIS] Lookup clearing interface for non LL address[0m
[0;32m[1784654961.035] [6561:6563] [DIS] UDP:10.0.2.15%enp0s3:5540: score has not improved: 2 (for F37EE83589838EFF-0000000000000001)[0m
[0;32m[1784654961.035] [6561:6563] [DIS] Checking node lookup status for F37EE83589838EFF-0000000000000001 after 1 ms[0m
[0;32m[1784654961.035] [6561:6563] [DIS] Keeping DNSSD lookup active[0m
[0;32m[1784654961.235] [6561:6563] [DIS] Checking node lookup status for F37EE83589838EFF-0000000000000001 after 200 ms[0m
[0;34m[1784654961.235] [6561:6563] [DIS] OperationalSessionSetup[1:0000000000000001]: Updating device address to UDP:[fe80::bfe:a203:38f0:bce7%enp0s3]:5540 while in state 2[0m
[0;34m[1784654961.235] [6561:6563] [DIS] OperationalSessionSetup[1:0000000000000001]: State change 2 --> 3[0m
[0;34m[1784654961.235] [6561:6563] [IN] SecureSession[0x749028009cd0]: Allocated Type:2 LSID:47425[0m
[0;32m[1784654961.235] [6561:6563] [SC] Initiating session on local FabricIndex 1 from 0x000000000001B669 -> 0x0000000000000001[0m
[0;32m[1784654961.235] [6561:6563] [EM] <<< [E:62650i S:0 M:79054776] (U) Msg TX from F7CA5C8A1431C9B0 to 0:0000000000000000 [0000] [UDP:[fe80::bfe:a203:38f0:bce7%enp0s3]:5540] --- Type 0000:30 (SecureChannel:CASE_Sigma1) (B:196)[0m
[0;32m[1784654961.236] [6561:6563] [EM] ??1 [E:62650i S:0 M:79054776] (U) Msg Retransmission to 0:0000000000000000 scheduled for 584ms from now [State:Idle II:500 AI:300 AT:4000][0m
[0;32m[1784654961.236] [6561:6563] [SC] Sent Sigma1 msg to <0000000000000001, 1> [II:500ms AI:300ms AT:4000ms][0m
[0;34m[1784654961.236] [6561:6563] [DIS] OperationalSessionSetup[1:0000000000000001]: State change 3 --> 4[0m
[0;32m[1784654961.237] [6561:6563] [EM] >>> [E:62650i S:0 M:160833386 (Ack:79054776)] (U) Msg RX from 0:0000000000000000 [0000] to F7CA5C8A1431C9B0 --- Type 0000:31 (SecureChannel:CASE_Sigma2) (B:751)[0m
[0;34m[1784654961.237] [6561:6563] [EM] Found matching exchange: 62650i, Delegate: 0x74902800b8e8[0m
[0;34m[1784654961.237] [6561:6563] [EM] Rxd Ack; Removing MessageCounter:79054776 from Retrans Table on exchange 62650i[0m
[0;32m[1784654961.237] [6561:6563] [SC] Received Sigma2 msg[0m
[0;34m[1784654961.237] [6561:6563] [SC] Found MRP parameters in the message[0m
[0;34m[1784654961.237] [6561:6563] [SC] Peer <0000000000000001, 1> assigned session ID 32441[0m
[0;34m[1784654961.237] [6561:6563] [SC] Sending Sigma3[0m
[0;32m[1784654961.238] [6561:6563] [EM] <<< [E:62650i S:0 M:79054777 (Ack:160833386)] (U) Msg TX from F7CA5C8A1431C9B0 to 0:0000000000000000 [0000] [UDP:[fe80::bfe:a203:38f0:bce7%enp0s3]:5540] --- Type 0000:32 (SecureChannel:CASE_Sigma3) (B:598)[0m
[0;32m[1784654961.238] [6561:6563] [EM] ??1 [E:62650i S:0 M:79054777] (U) Msg Retransmission to 0:0000000000000000 scheduled for 337ms from now [State:Active II:500 AI:300 AT:4000][0m
[0;32m[1784654961.238] [6561:6563] [SC] Sent Sigma3 msg[0m
[0;32m[1784654961.250] [6561:6563] [EM] >>> [E:62650i S:0 M:160833387 (Ack:79054777)] (U) Msg RX from 0:0000000000000000 [0000] to F7CA5C8A1431C9B0 --- Type 0000:40 (SecureChannel:StatusReport) (B:34)[0m
[0;34m[1784654961.250] [6561:6563] [EM] Found matching exchange: 62650i, Delegate: 0x74902800b8e8[0m
[0;34m[1784654961.250] [6561:6563] [EM] Rxd Ack; Removing MessageCounter:79054777 from Retrans Table on exchange 62650i[0m
[0;32m[1784654961.250] [6561:6563] [SC] Success status report received. Session was established[0m
[0;32m[1784654961.251] [6561:6563] [SC] SecureSession[0x749028009cd0, LSID:47425]: State change 'kEstablishing' --> 'kActive'[0m
[0;34m[1784654961.251] [6561:6563] [IN] SecureSession[0x749028009cd0]: Activated - Type:2 LSID:47425[0m
[0;34m[1784654961.251] [6561:6563] [IN] New secure session activated for device <0000000000000001, 1>, LSID:47425 PSID:32441![0m
[0;34m[1784654961.251] [6561:6563] [DIS] OperationalSessionSetup[1:0000000000000001]: State change 4 --> 5[0m
[0;32m[1784654961.251] [6561:6563] [TOO] Sending cluster (0x0000003E) command (0x00000004) on endpoint 0[0m
[0;34m[1784654961.251] [6561:6563] [DMG] ICR moving to [AddingComm][0m
[0;34m[1784654961.251] [6561:6563] [DMG] ICR moving to [AddedComma][0m
[0;32m[1784654961.252] [6561:6563] [EM] <<< [E:62651i S:47425 M:30278276] (S) Msg TX from 000000000001B669 to 1:0000000000000001 [8EFF] [UDP:[fe80::bfe:a203:38f0:bce7%enp0s3]:5540] --- Type 0001:08 (IM:InvokeCommandRequest) (B:96)[0m
[0;32m[1784654961.252] [6561:6563] [EM] ??1 [E:62651i S:47425 M:30278276] (S) Msg Retransmission to 1:0000000000000001 scheduled for 393ms from now [State:Active II:500 AI:300 AT:4000][0m
[0;34m[1784654961.252] [6561:6563] [DMG] ICR moving to [AwaitingRe][0m
[0;32m[1784654961.252] [6561:6563] [EM] <<< [E:62650i S:0 M:79054778 (Ack:160833387)] (U) Msg TX from F7CA5C8A1431C9B0 to 0:0000000000000000 [0000] [UDP:[fe80::bfe:a203:38f0:bce7%enp0s3]:5540] --- Type 0000:10 (SecureChannel:StandaloneAck) (B:26)[0m
[0;34m[1784654961.252] [6561:6563] [EM] Flushed pending ack for MessageCounter:160833387 on exchange 62650i[0m
[0;32m[1784654961.252] [6561:6563] [EM] >>> [E:62651i S:47425 M:100225595 (Ack:30278276)] (S) Msg RX from 1:0000000000000001 [8EFF] to 000000000001B669 --- Type 0001:09 (IM:InvokeCommandResponse) (B:378)[0m
[0;34m[1784654961.252] [6561:6563] [EM] Found matching exchange: 62651i, Delegate: 0x74902800eef8[0m
[0;34m[1784654961.252] [6561:6563] [EM] Rxd Ack; Removing MessageCounter:30278276 from Retrans Table on exchange 62651i[0m
[0;34m[1784654961.252] [6561:6563] [DMG] ICR moving to [ResponseRe][0m
[0;34m[1784654961.252] [6561:6563] [DMG] InvokeResponseMessage =[0m
[0;34m[1784654961.252] [6561:6563] [DMG] {[0m
[0;34m[1784654961.252] [6561:6563] [DMG] 	suppressResponse = false, [0m
[0;34m[1784654961.252] [6561:6563] [DMG] 	InvokeResponseIBs =[0m
[0;34m[1784654961.252] [6561:6563] [DMG] 	[[0m
[0;34m[1784654961.252] [6561:6563] [DMG] 		InvokeResponseIB =[0m
[0;34m[1784654961.252] [6561:6563] [DMG] 		{[0m
[0;34m[1784654961.252] [6561:6563] [DMG] 			CommandDataIB =[0m
[0;34m[1784654961.252] [6561:6563] [DMG] 			{[0m
[0;34m[1784654961.252] [6561:6563] [DMG] 				CommandPathIB =[0m
[0;34m[1784654961.252] [6561:6563] [DMG] 				{[0m
[0;34m[1784654961.252] [6561:6563] [DMG] 					EndpointId = 0x0,[0m
[0;34m[1784654961.252] [6561:6563] [DMG] 					ClusterId = 0x3e,[0m
[0;34m[1784654961.252] [6561:6563] [DMG] 					CommandId = 0x5,[0m
[0;34m[1784654961.252] [6561:6563] [DMG] 				},[0m
[0;34m[1784654961.252] [6561:6563] [DMG] 				[0m
[0;34m[1784654961.252] [6561:6563] [DMG] 				CommandFields = [0m
[0;34m[1784654961.252] [6561:6563] [DMG] 				{[0m
[0;34m[1784654961.252] [6561:6563] [DMG] 					0x0 = [[0m
[0;34m[1784654961.252] [6561:6563] [DMG] 							0x15, 0x30, 0x01, 0xcc, 0x30, 0x81, 0xc9, 0x30, 0x70, 0x02, 0x01, 0x00, 0x30, 0x0e, 0x31, 0x0c, 0x30, 0x0a, 0x06, 0x03, 0x55, 0x04, 0x0a, 0x0c, 0x03, 0x43, 0x53, 0x52, 0x30, 0x59, 0x30, 0x13, 0x06, 0x07, 0x2a, 0x86, 0x48, 0xce, 0x3d, 0x02, 0x01, 0x06, 0x08, 0x2a, 0x86, 0x48, 0xce, 0x3d, 0x03, 0x01, 0x07, 0x03, 0x42, 0x00, 0x04, 0x77, 0xf9, 0x57, 0x35, 0x23, 0xcd, 0x0a, 0x93, 0x20, 0x45, 0x28, 0x0d, 0xcc, 0xa0, 0xcb, 0xcf, 0x80, 0x37, 0x59, 0xd3, 0x23, 0xaf, 0xae, 0xe8, 0xc5, 0x57, 0x72, 0x7d, 0xa4, 0x33, 0x23, 0x7d, 0x8b, 0x7f, 0xf2, 0x8f, 0x2f, 0xe2, 0xe0, 0xd8, 0x3d, 0x13, 0x7a, 0x4c, 0x54, 0xa6, 0x7c, 0x06, 0x83, 0x52, 0x3c, 0x11, 0x08, 0x76, 0x38, 0x41, 0x02, 0xcb, 0x94, 0xdc, 0x77, 0x86, 0xd9, 0x1c, 0xa0, 0x00, 0x30, 0x0a, 0x06, 0x08, 0x2a, 0x86, 0x48, 0xce, 0x3d, 0x04, 0x03, 0x02, 0x03, 0x49, 0x00, 0x30, 0x46, 0x02, 0x21, 0x00, 0xef, 0x49, 0x52, 0x31, 0x6f, 0x39, 0x80, 0x09, 0xf8, 0xef, 0x6f, 0x9f, 0x1b, 0xe1, 0x43, 0x29, 0xfd, 0x00, 0x03, 0x13, 0x74, 0x0c, 0x77, 0x36, 0xd2, 0xb0, 0x54, 0x84, 0xb0, 0xb8, 0x82, 0xc4, 0x02, 0x21, 0x00, 0x90, 0x40, 0x63, 0x09, 0xb1, 0x9a, 0xbf, 0x13, 0xd9, 0x17, 0xdd, 0x83, 0xdf, 0x6f, 0xcd, 0x6c, 0x1f, 0x61, 0x4e, 0x83, 0x82, 0x20, 0xa8, 0x73, 0xed, 0x47, 0x17, 0x95, 0x12, 0x16, 0xd5, 0x8e, 0x30, 0x02, 0x20, 0x34, 0x97, 0xae, 0x55, 0xf5, 0x48, 0x94, 0xb7, 0x43, 0x4e, 0x64, 0xdf, 0x46, 0x39, 0x9a, 0x99, 0x77, 0xfa, 0x19, 0x07, 0xac, 0x7d, 0x9b, 0xf1, 0x59, 0x1b, 0x7a, 0x81, 0xea, 0xbf, 0xe2, 0x97, 0x18, [0m
[0;34m[1784654961.252] [6561:6563] [DMG] 					] (244 bytes)[0m
[0;34m[1784654961.252] [6561:6563] [DMG] 					0x1 = [[0m
[0;34m[1784654961.252] [6561:6563] [DMG] 							0xd2, 0x95, 0x8e, 0x22, 0xfd, 0xf3, 0xab, 0x55, 0xd3, 0x1c, 0x21, 0xee, 0x90, 0xbc, 0xf1, 0x8b, 0x6b, 0x5f, 0xfb, 0xe8, 0x4c, 0x08, 0x22, 0xba, 0xb8, 0x65, 0x08, 0x0c, 0x00, 0x88, 0xb4, 0x13, 0xe3, 0xcd, 0xb4, 0x68, 0xed, 0xfa, 0xbd, 0x54, 0x87, 0xe0, 0x51, 0x69, 0x36, 0x0d, 0x4a, 0xc5, 0x3b, 0x00, 0xd3, 0x05, 0x32, 0x4a, 0x6f, 0x59, 0x9f, 0x2a, 0x44, 0xcd, 0x5b, 0x46, 0x05, 0x98, [0m
[0;34m[1784654961.252] [6561:6563] [DMG] 					] (64 bytes)[0m
[0;34m[1784654961.252] [6561:6563] [DMG] 				},[0m
[0;34m[1784654961.252] [6561:6563] [DMG] 			},[0m
[0;34m[1784654961.252] [6561:6563] [DMG] 			[0m
[0;34m[1784654961.252] [6561:6563] [DMG] 		},[0m
[0;34m[1784654961.252] [6561:6563] [DMG] 		[0m
[0;34m[1784654961.252] [6561:6563] [DMG] 	],[0m
[0;34m[1784654961.252] [6561:6563] [DMG] 	[0m
[0;34m[1784654961.252] [6561:6563] [DMG] 	InteractionModelRevision = 12[0m
[0;34m[1784654961.252] [6561:6563] [DMG] },[0m
[0;32m[1784654961.252] [6561:6563] [DMG] Received Command Response Data, Endpoint=0 Cluster=0x0000_003E Command=0x0000_0005[0m
[0;32m[1784654961.253] [6561:6563] [TOO] Endpoint: 0 Cluster: 0x0000_003E Command 0x0000_0005[0m
[0;32m[1784654961.253] [6561:6563] [TOO]   CSRResponse: {[0m
[0;32m[1784654961.253] [6561:6563] [TOO]     NOCSRElements: 153001CC3081C93070020100300E310C300A060355040A0C034353523059301306072A8648CE3D020106082A8648CE3D0301070342000477F9573523CD0A932045280DCCA0CBCF803759D323AFAEE8C557727DA433237D8B7FF28F2FE2E0D83D137A4C54A67C0683523C110876384102CB94DC7786D91CA000300A06082A8648CE3D0403020349003046022100EF4952316F398009F8EF6F9F1BE14329FD000313740C7736D2B05484B0B882C402210090406309B19ABF13D917DD83DF6FCD6C1F614E838220A873ED4717951216D58E3002203497AE55F54894B7434E64DF46399A9977FA1907AC7D9BF1591B7A81EABFE29718[0m
[0;32m[1784654961.253] [6561:6563] [TOO]     attestationSignature: D2958E22FDF3AB55D31C21EE90BCF18B6B5FFBE84C0822BAB865080C0088B413E3CDB468EDFABD5487E05169360D4AC53B00D305324A6F599F2A44CD5B460598[0m
[0;32m[1784654961.253] [6561:6563] [TOO]    }[0m
[0;34m[1784654961.253] [6561:6563] [DMG] ICR moving to [AwaitingDe][0m
[0;32m[1784654961.253] [6561:6563] [EM] <<< [E:62651i S:47425 M:30278277 (Ack:100225595)] (S) Msg TX from 000000000001B669 to 1:0000000000000001 [8EFF] [UDP:[fe80::bfe:a203:38f0:bce7%enp0s3]:5540] --- Type 0000:10 (SecureChannel:StandaloneAck) (B:34)[0m
[0;34m[1784654961.253] [6561:6563] [EM] Flushed pending ack for MessageCounter:100225595 on exchange 62651i[0m
[0;34m[1784654961.253] [6561:6561] [CTL] Shutting down the commissioner[0m
[0;32m[1784654961.253] [6561:6561] [PAF] WiFiPAF: Closing all WiFiPAF sessions to shutdown[0m
[0;34m[1784654961.253] [6561:6561] [CTL] Shutting down the controller[0m
[0;34m[1784654961.253] [6561:6561] [IN] Expiring all sessions for fabric 0x1!![0m
[0;34m[1784654961.253] [6561:6561] [IN] SecureSession[0x749028009cd0]: MarkForEviction Type:2 LSID:47425[0m
[0;32m[1784654961.253] [6561:6561] [SC] SecureSession[0x749028009cd0, LSID:47425]: State change 'kActive' --> 'kPendingEviction'[0m
[0;34m[1784654961.253] [6561:6561] [IN] SecureSession[0x749028009cd0]: Released - Type:2 LSID:47425[0m
[0;32m[1784654961.253] [6561:6561] [FP] Forgetting fabric 0x1[0m
[0;32m[1784654961.253] [6561:6561] [TS] Pending Last Known Good Time: 2023-10-14T01:16:48[0m
[0;32m[1784654961.253] [6561:6561] [TS] Previous Last Known Good Time: 2023-10-14T01:16:48[0m
[0;32m[1784654961.253] [6561:6561] [TS] Reverted Last Known Good Time to previous value[0m
[0;34m[1784654961.253] [6561:6561] [CTL] Shutting down the commissioner[0m
[0;32m[1784654961.253] [6561:6561] [PAF] WiFiPAF: Closing all WiFiPAF sessions to shutdown[0m
[0;34m[1784654961.253] [6561:6561] [CTL] Shutting down the controller[0m
[0;34m[1784654961.253] [6561:6561] [CTL] Shutting down the System State, this will teardown the CHIP Stack[0m
[0;34m[1784654961.253] [6561:6561] [DMG] All ReadHandler-s are clean, clear GlobalDirtySet[0m
[0;32m[1784654961.254] [6561:6561] [FP] Shutting down FabricTable[0m
[0;32m[1784654961.254] [6561:6561] [TS] Pending Last Known Good Time: 2023-10-14T01:16:48[0m
[0;32m[1784654961.254] [6561:6561] [TS] Previous Last Known Good Time: 2023-10-14T01:16:48[0m
[0;32m[1784654961.254] [6561:6561] [TS] Reverted Last Known Good Time to previous value[0m
[0;34m[1784654961.256] [6561:6561] [DL] Wrote settings to /tmp/chip_counters.ini[0m
[0;32m[1784654961.256] [6561:6561] [DL] NVS set: chip-counters/total-operational-hours = 0 (0x0)[0m
[0;32m[1784654961.256] [6561:6561] [DL] Inet Layer shutdown[0m
[0;32m[1784654961.256] [6561:6561] [DL] BLE Layer shutdown[0m
[0;32m[1784654961.256] [6561:6561] [DL] WiFi-PAF Layer shutdown[0m
[0;32m[1784654961.256] [6561:6561] [PAF] WiFiPAF: Closing all WiFiPAF sessions to shutdown[0m
[0;32m[1784654961.256] [6561:6561] [DL] System Layer shutdown[0m
