[0;34m[1784656201.265] [10561:10561] [DL] ChipLinuxStorage::Init: Using KVS config file: /tmp/chip_tool_kvs[0m
[1;31m[1784656201.266] [10561:10561] [DL] ChipLinuxStorage::Init: Attempt to re-initialize with KVS config file: /tmp/chip_kvs, IGNORING.[0m
[0;34m[1784656201.267] [10561:10561] [DL] ChipLinuxStorage::Init: Using KVS config file: /tmp/chip_factory.ini[0m
[0;34m[1784656201.267] [10561:10561] [DL] ChipLinuxStorage::Init: Using KVS config file: /tmp/chip_config.ini[0m
[0;34m[1784656201.267] [10561:10561] [DL] ChipLinuxStorage::Init: Using KVS config file: /tmp/chip_counters.ini[0m
[0;34m[1784656201.270] [10561:10561] [DL] Wrote settings to /tmp/chip_counters.ini[0m
[0;32m[1784656201.270] [10561:10561] [DL] NVS set: chip-counters/reboot-count = 6 (0x6)[0m
[0;32m[1784656201.271] [10561:10561] [DL] Got Ethernet interface: enp0s3[0m
[0;32m[1784656201.271] [10561:10561] [DL] Found the primary Ethernet interface:enp0s3[0m
[1;31m[1784656201.271] [10561:10561] [DL] Failed to get WiFi interface[0m
[1;31m[1784656201.271] [10561:10561] [DL] Failed to reset WiFi statistic counts[0m
[0;32m[1784656201.271] [10561:10561] [PAF] WiFiPAF: WiFiPAFLayer::Init()[0m
[0;34m[1784656201.271] [10561:10561] [IN] UDP::Init bind&listen port=0[0m
[0;34m[1784656201.271] [10561:10561] [IN] UDP::Init bound to port=36300[0m
[0;34m[1784656201.271] [10561:10561] [IN] UDP::Init bind&listen port=0[0m
[0;34m[1784656201.271] [10561:10561] [IN] UDP::Init bound to port=45659[0m
[0;34m[1784656201.271] [10561:10561] [IN] BLEBase::Init - setting/overriding transport[0m
[0;34m[1784656201.271] [10561:10561] [IN] WiFiPAFBase::Init - setting/overriding transport[0m
[0;34m[1784656201.271] [10561:10561] [IN] TransportMgr initialized[0m
[0;34m[1784656201.271] [10561:10561] [FP] Initializing FabricTable from persistent storage[0m
[0;32m[1784656201.271] [10561:10561] [TS] Last Known Good Time: 2023-10-14T01:16:48[0m
[0;32m[1784656201.271] [10561:10561] [FP] Fabric index 0x1 was retrieved from storage. Compressed FabricId 0xEEA9888CBF4D7259, FabricId 0x0000000000000001, NodeId 0x000000000001B669, VendorId 0xFFF1[0m
[0;32m[1784656201.272] [10561:10561] [DMG] Ember attribute persistence requires setting up[0m
[0;32m[1784656201.272] [10561:10561] [ZCL] Using ZAP configuration...[0m
[0;34m[1784656201.272] [10561:10561] [CTL] System State Initialized...[0m
[0;32m[1784656201.272] [10561:10561] [CTL] Setting attestation nonce to random value[0m
[0;32m[1784656201.272] [10561:10561] [CTL] Setting CSR nonce to random value[0m
[0;34m[1784656201.273] [10561:10563] [DL] CHIP task running[0m
[0;32m[1784656201.273] [10561:10563] [CTL] Setting attestation nonce to random value[0m
[0;32m[1784656201.273] [10561:10563] [CTL] Setting CSR nonce to random value[0m
[0;32m[1784656201.273] [10561:10563] [CTL] Generating NOC[0m
[0;32m[1784656201.273] [10561:10563] [FP] Validating NOC chain[0m
[0;32m[1784656201.273] [10561:10563] [FP] NOC chain validation successful[0m
[0;32m[1784656201.273] [10561:10563] [FP] Updated fabric at index: 0x1, Node ID: 0x000000000001B669[0m
[0;32m[1784656201.273] [10561:10563] [TS] Last Known Good Time: 2023-10-14T01:16:48[0m
[0;32m[1784656201.273] [10561:10563] [TS] New proposed Last Known Good Time: 2021-01-01T00:00:00[0m
[0;32m[1784656201.273] [10561:10563] [TS] Retaining current Last Known Good Time[0m
[0;32m[1784656201.275] [10561:10563] [FP] Metadata for Fabric 0x1 persisted to storage.[0m
[0;32m[1784656201.275] [10561:10563] [TS] Committing Last Known Good Time to storage: 2023-10-14T01:16:48[0m
[0;32m[1784656201.276] [10561:10563] [CTL] Joined the fabric at index 1. Fabric ID is 0x0000000000000001 (Compressed Fabric ID: EEA9888CBF4D7259)[0m
[0;32m[1784656201.279] [10561:10563] [TOO] Sending command to node 0x1[0m
[0;34m[1784656201.279] [10561:10563] [CSM] FindOrEstablishSession: PeerId = [1:0000000000000001][0m
[0;34m[1784656201.279] [10561:10563] [CSM] FindOrEstablishSession: No existing OperationalSessionSetup instance found[0m
[0;34m[1784656201.279] [10561:10563] [DIS] OperationalSessionSetup[1:0000000000000001]: State change 1 --> 2[0m
[0;32m[1784656201.280] [10561:10563] [DIS] Lookup started for EEA9888CBF4D7259-0000000000000001[0m
[0;32m[1784656201.280] [10561:10563] [DIS] UDP:[fe80::bfe:a203:38f0:bce7%enp0s3]:5540: new best score: 7 (for EEA9888CBF4D7259-0000000000000001)[0m
[0;34m[1784656201.280] [10561:10563] [DIS] Lookup clearing interface for non LL address[0m
[0;32m[1784656201.280] [10561:10563] [DIS] UDP:10.0.2.15%enp0s3:5540: new best score: 2 (for EEA9888CBF4D7259-0000000000000001)[0m
[0;32m[1784656201.280] [10561:10563] [DIS] Checking node lookup status for EEA9888CBF4D7259-0000000000000001 after 1 ms[0m
[0;32m[1784656201.280] [10561:10563] [DIS] Keeping DNSSD lookup active[0m
[0;32m[1784656201.280] [10561:10563] [DIS] UDP:[fe80::bfe:a203:38f0:bce7%enp0s3]:5540: score has not improved: 7 (for EEA9888CBF4D7259-0000000000000001)[0m
[0;34m[1784656201.280] [10561:10563] [DIS] Lookup clearing interface for non LL address[0m
[0;32m[1784656201.280] [10561:10563] [DIS] UDP:10.0.2.15%enp0s3:5540: score has not improved: 2 (for EEA9888CBF4D7259-0000000000000001)[0m
[0;32m[1784656201.280] [10561:10563] [DIS] Checking node lookup status for EEA9888CBF4D7259-0000000000000001 after 1 ms[0m
[0;32m[1784656201.280] [10561:10563] [DIS] Keeping DNSSD lookup active[0m
[0;32m[1784656201.485] [10561:10563] [DIS] Checking node lookup status for EEA9888CBF4D7259-0000000000000001 after 206 ms[0m
[0;34m[1784656201.485] [10561:10563] [DIS] OperationalSessionSetup[1:0000000000000001]: Updating device address to UDP:[fe80::bfe:a203:38f0:bce7%enp0s3]:5540 while in state 2[0m
[0;34m[1784656201.485] [10561:10563] [DIS] OperationalSessionSetup[1:0000000000000001]: State change 2 --> 3[0m
[0;34m[1784656201.485] [10561:10563] [IN] SecureSession[0x778c5c009cd0]: Allocated Type:2 LSID:35939[0m
[0;32m[1784656201.485] [10561:10563] [SC] Initiating session on local FabricIndex 1 from 0x000000000001B669 -> 0x0000000000000001[0m
[0;32m[1784656201.485] [10561:10563] [EM] <<< [E:4367i S:0 M:189140211] (U) Msg TX from 802A90934F64B75E to 0:0000000000000000 [0000] [UDP:[fe80::bfe:a203:38f0:bce7%enp0s3]:5540] --- Type 0000:30 (SecureChannel:CASE_Sigma1) (B:196)[0m
[0;32m[1784656201.486] [10561:10563] [EM] ??1 [E:4367i S:0 M:189140211] (U) Msg Retransmission to 0:0000000000000000 scheduled for 554ms from now [State:Idle II:500 AI:300 AT:4000][0m
[0;32m[1784656201.486] [10561:10563] [SC] Sent Sigma1 msg to <0000000000000001, 1> [II:500ms AI:300ms AT:4000ms][0m
[0;34m[1784656201.486] [10561:10563] [DIS] OperationalSessionSetup[1:0000000000000001]: State change 3 --> 4[0m
[0;32m[1784656201.487] [10561:10563] [EM] >>> [E:4367i S:0 M:15932531 (Ack:189140211)] (U) Msg RX from 0:0000000000000000 [0000] to 802A90934F64B75E --- Type 0000:31 (SecureChannel:CASE_Sigma2) (B:751)[0m
[0;34m[1784656201.487] [10561:10563] [EM] Found matching exchange: 4367i, Delegate: 0x778c5c00b8e8[0m
[0;34m[1784656201.487] [10561:10563] [EM] Rxd Ack; Removing MessageCounter:189140211 from Retrans Table on exchange 4367i[0m
[0;32m[1784656201.487] [10561:10563] [SC] Received Sigma2 msg[0m
[0;34m[1784656201.487] [10561:10563] [SC] Found MRP parameters in the message[0m
[0;34m[1784656201.488] [10561:10563] [SC] Peer <0000000000000001, 1> assigned session ID 26957[0m
[0;34m[1784656201.488] [10561:10563] [SC] Sending Sigma3[0m
[0;32m[1784656201.488] [10561:10563] [EM] <<< [E:4367i S:0 M:189140212 (Ack:15932531)] (U) Msg TX from 802A90934F64B75E to 0:0000000000000000 [0000] [UDP:[fe80::bfe:a203:38f0:bce7%enp0s3]:5540] --- Type 0000:32 (SecureChannel:CASE_Sigma3) (B:598)[0m
[0;32m[1784656201.488] [10561:10563] [EM] ??1 [E:4367i S:0 M:189140212] (U) Msg Retransmission to 0:0000000000000000 scheduled for 351ms from now [State:Active II:500 AI:300 AT:4000][0m
[0;32m[1784656201.488] [10561:10563] [SC] Sent Sigma3 msg[0m
[0;32m[1784656201.499] [10561:10563] [EM] >>> [E:4367i S:0 M:15932532 (Ack:189140212)] (U) Msg RX from 0:0000000000000000 [0000] to 802A90934F64B75E --- Type 0000:40 (SecureChannel:StatusReport) (B:34)[0m
[0;34m[1784656201.499] [10561:10563] [EM] Found matching exchange: 4367i, Delegate: 0x778c5c00b8e8[0m
[0;34m[1784656201.499] [10561:10563] [EM] Rxd Ack; Removing MessageCounter:189140212 from Retrans Table on exchange 4367i[0m
[0;32m[1784656201.499] [10561:10563] [SC] Success status report received. Session was established[0m
[0;32m[1784656201.501] [10561:10563] [SC] SecureSession[0x778c5c009cd0, LSID:35939]: State change 'kEstablishing' --> 'kActive'[0m
[0;34m[1784656201.501] [10561:10563] [IN] SecureSession[0x778c5c009cd0]: Activated - Type:2 LSID:35939[0m
[0;34m[1784656201.501] [10561:10563] [IN] New secure session activated for device <0000000000000001, 1>, LSID:35939 PSID:26957![0m
[0;34m[1784656201.501] [10561:10563] [DIS] OperationalSessionSetup[1:0000000000000001]: State change 4 --> 5[0m
[0;32m[1784656201.501] [10561:10563] [TOO] Sending cluster (0x0000003E) command (0x00000007) on endpoint 0[0m
[0;34m[1784656201.501] [10561:10563] [DMG] ICR moving to [AddingComm][0m
[0;34m[1784656201.501] [10561:10563] [DMG] ICR moving to [AddedComma][0m
[0;32m[1784656201.501] [10561:10563] [EM] <<< [E:4368i S:35939 M:263700127] (S) Msg TX from 000000000001B669 to 1:0000000000000001 [7259] [UDP:[fe80::bfe:a203:38f0:bce7%enp0s3]:5540] --- Type 0001:08 (IM:InvokeCommandRequest) (B:330)[0m
[0;32m[1784656201.501] [10561:10563] [EM] ??1 [E:4368i S:35939 M:263700127] (S) Msg Retransmission to 1:0000000000000001 scheduled for 401ms from now [State:Active II:500 AI:300 AT:4000][0m
[0;34m[1784656201.501] [10561:10563] [DMG] ICR moving to [AwaitingRe][0m
[0;32m[1784656201.501] [10561:10563] [EM] <<< [E:4367i S:0 M:189140213 (Ack:15932532)] (U) Msg TX from 802A90934F64B75E to 0:0000000000000000 [0000] [UDP:[fe80::bfe:a203:38f0:bce7%enp0s3]:5540] --- Type 0000:10 (SecureChannel:StandaloneAck) (B:26)[0m
[0;34m[1784656201.501] [10561:10563] [EM] Flushed pending ack for MessageCounter:15932532 on exchange 4367i[0m
[0;32m[1784656201.510] [10561:10563] [EM] >>> [E:4368i S:35939 M:112905885 (Ack:263700127)] (S) Msg RX from 1:0000000000000001 [7259] to 000000000001B669 --- Type 0001:09 (IM:InvokeCommandResponse) (B:70)[0m
[0;34m[1784656201.510] [10561:10563] [EM] Found matching exchange: 4368i, Delegate: 0x778c5c00eef8[0m
[0;34m[1784656201.510] [10561:10563] [EM] Rxd Ack; Removing MessageCounter:263700127 from Retrans Table on exchange 4368i[0m
[0;34m[1784656201.510] [10561:10563] [DMG] ICR moving to [ResponseRe][0m
[0;34m[1784656201.510] [10561:10563] [DMG] InvokeResponseMessage =[0m
[0;34m[1784656201.510] [10561:10563] [DMG] {[0m
[0;34m[1784656201.510] [10561:10563] [DMG] 	suppressResponse = false, [0m
[0;34m[1784656201.510] [10561:10563] [DMG] 	InvokeResponseIBs =[0m
[0;34m[1784656201.510] [10561:10563] [DMG] 	[[0m
[0;34m[1784656201.510] [10561:10563] [DMG] 		InvokeResponseIB =[0m
[0;34m[1784656201.510] [10561:10563] [DMG] 		{[0m
[0;34m[1784656201.510] [10561:10563] [DMG] 			CommandDataIB =[0m
[0;34m[1784656201.510] [10561:10563] [DMG] 			{[0m
[0;34m[1784656201.510] [10561:10563] [DMG] 				CommandPathIB =[0m
[0;34m[1784656201.510] [10561:10563] [DMG] 				{[0m
[0;34m[1784656201.510] [10561:10563] [DMG] 					EndpointId = 0x0,[0m
[0;34m[1784656201.510] [10561:10563] [DMG] 					ClusterId = 0x3e,[0m
[0;34m[1784656201.510] [10561:10563] [DMG] 					CommandId = 0x8,[0m
[0;34m[1784656201.510] [10561:10563] [DMG] 				},[0m
[0;34m[1784656201.510] [10561:10563] [DMG] 				[0m
[0;34m[1784656201.510] [10561:10563] [DMG] 				CommandFields = [0m
[0;34m[1784656201.510] [10561:10563] [DMG] 				{[0m
[0;34m[1784656201.510] [10561:10563] [DMG] 					0x0 = 0 (unsigned), [0m
[0;34m[1784656201.510] [10561:10563] [DMG] 					0x1 = 1 (unsigned), [0m
[0;34m[1784656201.510] [10561:10563] [DMG] 				},[0m
[0;34m[1784656201.510] [10561:10563] [DMG] 			},[0m
[0;34m[1784656201.510] [10561:10563] [DMG] 			[0m
[0;34m[1784656201.510] [10561:10563] [DMG] 		},[0m
[0;34m[1784656201.510] [10561:10563] [DMG] 		[0m
[0;34m[1784656201.510] [10561:10563] [DMG] 	],[0m
[0;34m[1784656201.510] [10561:10563] [DMG] 	[0m
[0;34m[1784656201.510] [10561:10563] [DMG] 	InteractionModelRevision = 12[0m
[0;34m[1784656201.510] [10561:10563] [DMG] },[0m
[0;32m[1784656201.510] [10561:10563] [DMG] Received Command Response Data, Endpoint=0 Cluster=0x0000_003E Command=0x0000_0008[0m
[0;32m[1784656201.510] [10561:10563] [TOO] Endpoint: 0 Cluster: 0x0000_003E Command 0x0000_0008[0m
[0;32m[1784656201.510] [10561:10563] [TOO]   NOCResponse: {[0m
[0;32m[1784656201.510] [10561:10563] [TOO]     statusCode: 0[0m
[0;32m[1784656201.510] [10561:10563] [TOO]     fabricIndex: 1[0m
[0;32m[1784656201.510] [10561:10563] [TOO]    }[0m
[0;34m[1784656201.510] [10561:10563] [DMG] ICR moving to [AwaitingDe][0m
[0;32m[1784656201.510] [10561:10563] [EM] <<< [E:4368i S:35939 M:263700128 (Ack:112905885)] (S) Msg TX from 000000000001B669 to 1:0000000000000001 [7259] [UDP:[fe80::bfe:a203:38f0:bce7%enp0s3]:5540] --- Type 0000:10 (SecureChannel:StandaloneAck) (B:34)[0m
[0;34m[1784656201.510] [10561:10563] [EM] Flushed pending ack for MessageCounter:112905885 on exchange 4368i[0m
[0;34m[1784656201.510] [10561:10561] [CTL] Shutting down the commissioner[0m
[0;32m[1784656201.510] [10561:10561] [PAF] WiFiPAF: Closing all WiFiPAF sessions to shutdown[0m
[0;34m[1784656201.510] [10561:10561] [CTL] Shutting down the controller[0m
[0;34m[1784656201.510] [10561:10561] [IN] Expiring all sessions for fabric 0x1!![0m
[0;34m[1784656201.510] [10561:10561] [IN] SecureSession[0x778c5c009cd0]: MarkForEviction Type:2 LSID:35939[0m
[0;32m[1784656201.510] [10561:10561] [SC] SecureSession[0x778c5c009cd0, LSID:35939]: State change 'kActive' --> 'kPendingEviction'[0m
[0;34m[1784656201.510] [10561:10561] [IN] SecureSession[0x778c5c009cd0]: Released - Type:2 LSID:35939[0m
[0;32m[1784656201.510] [10561:10561] [FP] Forgetting fabric 0x1[0m
[0;32m[1784656201.510] [10561:10561] [TS] Pending Last Known Good Time: 2023-10-14T01:16:48[0m
[0;32m[1784656201.510] [10561:10561] [TS] Previous Last Known Good Time: 2023-10-14T01:16:48[0m
[0;32m[1784656201.510] [10561:10561] [TS] Reverted Last Known Good Time to previous value[0m
[0;34m[1784656201.510] [10561:10561] [CTL] Shutting down the commissioner[0m
[0;32m[1784656201.510] [10561:10561] [PAF] WiFiPAF: Closing all WiFiPAF sessions to shutdown[0m
[0;34m[1784656201.510] [10561:10561] [CTL] Shutting down the controller[0m
[0;34m[1784656201.510] [10561:10561] [CTL] Shutting down the System State, this will teardown the CHIP Stack[0m
[0;34m[1784656201.510] [10561:10561] [DMG] All ReadHandler-s are clean, clear GlobalDirtySet[0m
[0;32m[1784656201.510] [10561:10561] [FP] Shutting down FabricTable[0m
[0;32m[1784656201.510] [10561:10561] [TS] Pending Last Known Good Time: 2023-10-14T01:16:48[0m
[0;32m[1784656201.510] [10561:10561] [TS] Previous Last Known Good Time: 2023-10-14T01:16:48[0m
[0;32m[1784656201.510] [10561:10561] [TS] Reverted Last Known Good Time to previous value[0m
[0;34m[1784656201.513] [10561:10561] [DL] Wrote settings to /tmp/chip_counters.ini[0m
[0;32m[1784656201.513] [10561:10561] [DL] NVS set: chip-counters/total-operational-hours = 0 (0x0)[0m
[0;32m[1784656201.513] [10561:10561] [DL] Inet Layer shutdown[0m
[0;32m[1784656201.513] [10561:10561] [DL] BLE Layer shutdown[0m
[0;32m[1784656201.513] [10561:10561] [DL] WiFi-PAF Layer shutdown[0m
[0;32m[1784656201.513] [10561:10561] [PAF] WiFiPAF: Closing all WiFiPAF sessions to shutdown[0m
[0;32m[1784656201.513] [10561:10561] [DL] System Layer shutdown[0m
