[0;34m[1784655384.614] [7967:7967] [DL] ChipLinuxStorage::Init: Using KVS config file: /tmp/chip_tool_kvs[0m
[1;31m[1784655384.614] [7967:7967] [DL] ChipLinuxStorage::Init: Attempt to re-initialize with KVS config file: /tmp/chip_kvs, IGNORING.[0m
[0;34m[1784655384.615] [7967:7967] [DL] ChipLinuxStorage::Init: Using KVS config file: /tmp/chip_factory.ini[0m
[0;34m[1784655384.615] [7967:7967] [DL] ChipLinuxStorage::Init: Using KVS config file: /tmp/chip_config.ini[0m
[0;34m[1784655384.615] [7967:7967] [DL] ChipLinuxStorage::Init: Using KVS config file: /tmp/chip_counters.ini[0m
[0;34m[1784655384.617] [7967:7967] [DL] Wrote settings to /tmp/chip_counters.ini[0m
[0;32m[1784655384.617] [7967:7967] [DL] NVS set: chip-counters/reboot-count = 3 (0x3)[0m
[0;32m[1784655384.618] [7967:7967] [DL] Got Ethernet interface: enp0s3[0m
[0;32m[1784655384.618] [7967:7967] [DL] Found the primary Ethernet interface:enp0s3[0m
[1;31m[1784655384.618] [7967:7967] [DL] Failed to get WiFi interface[0m
[1;31m[1784655384.618] [7967:7967] [DL] Failed to reset WiFi statistic counts[0m
[0;32m[1784655384.618] [7967:7967] [PAF] WiFiPAF: WiFiPAFLayer::Init()[0m
[0;34m[1784655384.618] [7967:7967] [IN] UDP::Init bind&listen port=0[0m
[0;34m[1784655384.618] [7967:7967] [IN] UDP::Init bound to port=53115[0m
[0;34m[1784655384.618] [7967:7967] [IN] UDP::Init bind&listen port=0[0m
[0;34m[1784655384.618] [7967:7967] [IN] UDP::Init bound to port=33835[0m
[0;34m[1784655384.618] [7967:7967] [IN] BLEBase::Init - setting/overriding transport[0m
[0;34m[1784655384.618] [7967:7967] [IN] WiFiPAFBase::Init - setting/overriding transport[0m
[0;34m[1784655384.618] [7967:7967] [IN] TransportMgr initialized[0m
[0;34m[1784655384.618] [7967:7967] [FP] Initializing FabricTable from persistent storage[0m
[0;32m[1784655384.618] [7967:7967] [TS] Last Known Good Time: 2023-10-14T01:16:48[0m
[0;32m[1784655384.618] [7967:7967] [FP] Fabric index 0x1 was retrieved from storage. Compressed FabricId 0x743BD47D840D1E4C, FabricId 0x0000000000000001, NodeId 0x000000000001B669, VendorId 0xFFF1[0m
[0;32m[1784655384.619] [7967:7967] [DMG] Ember attribute persistence requires setting up[0m
[0;32m[1784655384.619] [7967:7967] [ZCL] Using ZAP configuration...[0m
[0;34m[1784655384.619] [7967:7967] [CTL] System State Initialized...[0m
[0;32m[1784655384.619] [7967:7967] [CTL] Setting attestation nonce to random value[0m
[0;32m[1784655384.619] [7967:7967] [CTL] Setting CSR nonce to random value[0m
[0;34m[1784655384.619] [7967:7969] [DL] CHIP task running[0m
[0;32m[1784655384.619] [7967:7969] [CTL] Setting attestation nonce to random value[0m
[0;32m[1784655384.619] [7967:7969] [CTL] Setting CSR nonce to random value[0m
[0;32m[1784655384.619] [7967:7969] [CTL] Generating NOC[0m
[0;32m[1784655384.620] [7967:7969] [FP] Validating NOC chain[0m
[0;32m[1784655384.620] [7967:7969] [FP] NOC chain validation successful[0m
[0;32m[1784655384.620] [7967:7969] [FP] Updated fabric at index: 0x1, Node ID: 0x000000000001B669[0m
[0;32m[1784655384.620] [7967:7969] [TS] Last Known Good Time: 2023-10-14T01:16:48[0m
[0;32m[1784655384.620] [7967:7969] [TS] New proposed Last Known Good Time: 2021-01-01T00:00:00[0m
[0;32m[1784655384.620] [7967:7969] [TS] Retaining current Last Known Good Time[0m
[0;32m[1784655384.622] [7967:7969] [FP] Metadata for Fabric 0x1 persisted to storage.[0m
[0;32m[1784655384.624] [7967:7969] [TS] Committing Last Known Good Time to storage: 2023-10-14T01:16:48[0m
[0;32m[1784655384.624] [7967:7969] [CTL] Joined the fabric at index 1. Fabric ID is 0x0000000000000001 (Compressed Fabric ID: 743BD47D840D1E4C)[0m
[0;32m[1784655384.629] [7967:7969] [TOO] Sending command to node 0x1[0m
[0;34m[1784655384.629] [7967:7969] [CSM] FindOrEstablishSession: PeerId = [1:0000000000000001][0m
[0;34m[1784655384.629] [7967:7969] [CSM] FindOrEstablishSession: No existing OperationalSessionSetup instance found[0m
[0;34m[1784655384.629] [7967:7969] [DIS] OperationalSessionSetup[1:0000000000000001]: State change 1 --> 2[0m
[0;32m[1784655384.631] [7967:7969] [DIS] Lookup started for 743BD47D840D1E4C-0000000000000001[0m
[0;32m[1784655384.633] [7967:7969] [DIS] UDP:[fe80::bfe:a203:38f0:bce7%enp0s3]:5540: new best score: 7 (for 743BD47D840D1E4C-0000000000000001)[0m
[0;34m[1784655384.633] [7967:7969] [DIS] Lookup clearing interface for non LL address[0m
[0;32m[1784655384.633] [7967:7969] [DIS] UDP:10.0.2.15%enp0s3:5540: new best score: 2 (for 743BD47D840D1E4C-0000000000000001)[0m
[0;32m[1784655384.633] [7967:7969] [DIS] Checking node lookup status for 743BD47D840D1E4C-0000000000000001 after 4 ms[0m
[0;32m[1784655384.633] [7967:7969] [DIS] Keeping DNSSD lookup active[0m
[0;32m[1784655384.633] [7967:7969] [DIS] UDP:[fe80::bfe:a203:38f0:bce7%enp0s3]:5540: score has not improved: 7 (for 743BD47D840D1E4C-0000000000000001)[0m
[0;34m[1784655384.633] [7967:7969] [DIS] Lookup clearing interface for non LL address[0m
[0;32m[1784655384.633] [7967:7969] [DIS] UDP:10.0.2.15%enp0s3:5540: score has not improved: 2 (for 743BD47D840D1E4C-0000000000000001)[0m
[0;32m[1784655384.633] [7967:7969] [DIS] Checking node lookup status for 743BD47D840D1E4C-0000000000000001 after 4 ms[0m
[0;32m[1784655384.633] [7967:7969] [DIS] Keeping DNSSD lookup active[0m
[0;32m[1784655384.829] [7967:7969] [DIS] Checking node lookup status for 743BD47D840D1E4C-0000000000000001 after 201 ms[0m
[0;34m[1784655384.829] [7967:7969] [DIS] OperationalSessionSetup[1:0000000000000001]: Updating device address to UDP:[fe80::bfe:a203:38f0:bce7%enp0s3]:5540 while in state 2[0m
[0;34m[1784655384.829] [7967:7969] [DIS] OperationalSessionSetup[1:0000000000000001]: State change 2 --> 3[0m
[0;34m[1784655384.830] [7967:7969] [IN] SecureSession[0x763598009cd0]: Allocated Type:2 LSID:51206[0m
[0;32m[1784655384.830] [7967:7969] [SC] Initiating session on local FabricIndex 1 from 0x000000000001B669 -> 0x0000000000000001[0m
[0;32m[1784655384.830] [7967:7969] [EM] <<< [E:31745i S:0 M:31824674] (U) Msg TX from C75CBBC047B855C6 to 0:0000000000000000 [0000] [UDP:[fe80::bfe:a203:38f0:bce7%enp0s3]:5540] --- Type 0000:30 (SecureChannel:CASE_Sigma1) (B:196)[0m
[0;32m[1784655384.832] [7967:7969] [EM] ??1 [E:31745i S:0 M:31824674] (U) Msg Retransmission to 0:0000000000000000 scheduled for 552ms from now [State:Idle II:500 AI:300 AT:4000][0m
[0;32m[1784655384.833] [7967:7969] [SC] Sent Sigma1 msg to <0000000000000001, 1> [II:500ms AI:300ms AT:4000ms][0m
[0;34m[1784655384.833] [7967:7969] [DIS] OperationalSessionSetup[1:0000000000000001]: State change 3 --> 4[0m
[0;32m[1784655384.834] [7967:7969] [EM] >>> [E:31745i S:0 M:95016875 (Ack:31824674)] (U) Msg RX from 0:0000000000000000 [0000] to C75CBBC047B855C6 --- Type 0000:31 (SecureChannel:CASE_Sigma2) (B:751)[0m
[0;34m[1784655384.835] [7967:7969] [EM] Found matching exchange: 31745i, Delegate: 0x76359800b8e8[0m
[0;34m[1784655384.835] [7967:7969] [EM] Rxd Ack; Removing MessageCounter:31824674 from Retrans Table on exchange 31745i[0m
[0;32m[1784655384.835] [7967:7969] [SC] Received Sigma2 msg[0m
[0;34m[1784655384.835] [7967:7969] [SC] Found MRP parameters in the message[0m
[0;34m[1784655384.837] [7967:7969] [SC] Peer <0000000000000001, 1> assigned session ID 43516[0m
[0;34m[1784655384.838] [7967:7969] [SC] Sending Sigma3[0m
[0;32m[1784655384.838] [7967:7969] [EM] <<< [E:31745i S:0 M:31824675 (Ack:95016875)] (U) Msg TX from C75CBBC047B855C6 to 0:0000000000000000 [0000] [UDP:[fe80::bfe:a203:38f0:bce7%enp0s3]:5540] --- Type 0000:32 (SecureChannel:CASE_Sigma3) (B:598)[0m
[0;32m[1784655384.838] [7967:7969] [EM] ??1 [E:31745i S:0 M:31824675] (U) Msg Retransmission to 0:0000000000000000 scheduled for 368ms from now [State:Active II:500 AI:300 AT:4000][0m
[0;32m[1784655384.838] [7967:7969] [SC] Sent Sigma3 msg[0m
[0;32m[1784655384.848] [7967:7969] [EM] >>> [E:31745i S:0 M:95016876 (Ack:31824675)] (U) Msg RX from 0:0000000000000000 [0000] to C75CBBC047B855C6 --- Type 0000:40 (SecureChannel:StatusReport) (B:34)[0m
[0;34m[1784655384.848] [7967:7969] [EM] Found matching exchange: 31745i, Delegate: 0x76359800b8e8[0m
[0;34m[1784655384.848] [7967:7969] [EM] Rxd Ack; Removing MessageCounter:31824675 from Retrans Table on exchange 31745i[0m
[0;32m[1784655384.848] [7967:7969] [SC] Success status report received. Session was established[0m
[0;32m[1784655384.849] [7967:7969] [SC] SecureSession[0x763598009cd0, LSID:51206]: State change 'kEstablishing' --> 'kActive'[0m
[0;34m[1784655384.849] [7967:7969] [IN] SecureSession[0x763598009cd0]: Activated - Type:2 LSID:51206[0m
[0;34m[1784655384.849] [7967:7969] [IN] New secure session activated for device <0000000000000001, 1>, LSID:51206 PSID:43516![0m
[0;34m[1784655384.849] [7967:7969] [DIS] OperationalSessionSetup[1:0000000000000001]: State change 4 --> 5[0m
[0;32m[1784655384.849] [7967:7969] [TOO] Sending cluster (0x00000030) command (0x00000000) on endpoint 0[0m
[0;34m[1784655384.849] [7967:7969] [DMG] ICR moving to [AddingComm][0m
[0;34m[1784655384.849] [7967:7969] [DMG] ICR moving to [AddedComma][0m
[0;32m[1784655384.849] [7967:7969] [EM] <<< [E:31746i S:51206 M:75289139] (S) Msg TX from 000000000001B669 to 1:0000000000000001 [1E4C] [UDP:[fe80::bfe:a203:38f0:bce7%enp0s3]:5540] --- Type 0001:08 (IM:InvokeCommandRequest) (B:65)[0m
[0;32m[1784655384.849] [7967:7969] [EM] ??1 [E:31746i S:51206 M:75289139] (S) Msg Retransmission to 1:0000000000000001 scheduled for 400ms from now [State:Active II:500 AI:300 AT:4000][0m
[0;34m[1784655384.849] [7967:7969] [DMG] ICR moving to [AwaitingRe][0m
[0;32m[1784655384.849] [7967:7969] [EM] <<< [E:31745i S:0 M:31824676 (Ack:95016876)] (U) Msg TX from C75CBBC047B855C6 to 0:0000000000000000 [0000] [UDP:[fe80::bfe:a203:38f0:bce7%enp0s3]:5540] --- Type 0000:10 (SecureChannel:StandaloneAck) (B:26)[0m
[0;34m[1784655384.849] [7967:7969] [EM] Flushed pending ack for MessageCounter:95016876 on exchange 31745i[0m
[0;32m[1784655384.850] [7967:7969] [EM] >>> [E:31746i S:51206 M:12493229 (Ack:75289139)] (S) Msg RX from 1:0000000000000001 [1E4C] to 000000000001B669 --- Type 0001:09 (IM:InvokeCommandResponse) (B:70)[0m
[0;34m[1784655384.850] [7967:7969] [EM] Found matching exchange: 31746i, Delegate: 0x76359800eef8[0m
[0;34m[1784655384.850] [7967:7969] [EM] Rxd Ack; Removing MessageCounter:75289139 from Retrans Table on exchange 31746i[0m
[0;34m[1784655384.850] [7967:7969] [DMG] ICR moving to [ResponseRe][0m
[0;34m[1784655384.850] [7967:7969] [DMG] InvokeResponseMessage =[0m
[0;34m[1784655384.850] [7967:7969] [DMG] {[0m
[0;34m[1784655384.850] [7967:7969] [DMG] 	suppressResponse = false, [0m
[0;34m[1784655384.850] [7967:7969] [DMG] 	InvokeResponseIBs =[0m
[0;34m[1784655384.850] [7967:7969] [DMG] 	[[0m
[0;34m[1784655384.850] [7967:7969] [DMG] 		InvokeResponseIB =[0m
[0;34m[1784655384.850] [7967:7969] [DMG] 		{[0m
[0;34m[1784655384.850] [7967:7969] [DMG] 			CommandDataIB =[0m
[0;34m[1784655384.850] [7967:7969] [DMG] 			{[0m
[0;34m[1784655384.850] [7967:7969] [DMG] 				CommandPathIB =[0m
[0;34m[1784655384.850] [7967:7969] [DMG] 				{[0m
[0;34m[1784655384.850] [7967:7969] [DMG] 					EndpointId = 0x0,[0m
[0;34m[1784655384.850] [7967:7969] [DMG] 					ClusterId = 0x30,[0m
[0;34m[1784655384.850] [7967:7969] [DMG] 					CommandId = 0x1,[0m
[0;34m[1784655384.850] [7967:7969] [DMG] 				},[0m
[0;34m[1784655384.850] [7967:7969] [DMG] 				[0m
[0;34m[1784655384.850] [7967:7969] [DMG] 				CommandFields = [0m
[0;34m[1784655384.850] [7967:7969] [DMG] 				{[0m
[0;34m[1784655384.850] [7967:7969] [DMG] 					0x0 = 0 (unsigned), [0m
[0;34m[1784655384.850] [7967:7969] [DMG] 					0x1 = "" (0 chars), [0m
[0;34m[1784655384.850] [7967:7969] [DMG] 				},[0m
[0;34m[1784655384.850] [7967:7969] [DMG] 			},[0m
[0;34m[1784655384.850] [7967:7969] [DMG] 			[0m
[0;34m[1784655384.850] [7967:7969] [DMG] 		},[0m
[0;34m[1784655384.850] [7967:7969] [DMG] 		[0m
[0;34m[1784655384.850] [7967:7969] [DMG] 	],[0m
[0;34m[1784655384.850] [7967:7969] [DMG] 	[0m
[0;34m[1784655384.850] [7967:7969] [DMG] 	InteractionModelRevision = 12[0m
[0;34m[1784655384.850] [7967:7969] [DMG] },[0m
[0;32m[1784655384.850] [7967:7969] [DMG] Received Command Response Data, Endpoint=0 Cluster=0x0000_0030 Command=0x0000_0001[0m
[0;32m[1784655384.850] [7967:7969] [TOO] Endpoint: 0 Cluster: 0x0000_0030 Command 0x0000_0001[0m
[0;32m[1784655384.850] [7967:7969] [TOO]   ArmFailSafeResponse: {[0m
[0;32m[1784655384.850] [7967:7969] [TOO]     errorCode: 0[0m
[0;32m[1784655384.850] [7967:7969] [TOO]     debugText: [0m
[0;32m[1784655384.850] [7967:7969] [TOO]    }[0m
[0;34m[1784655384.850] [7967:7969] [DMG] ICR moving to [AwaitingDe][0m
[0;32m[1784655384.850] [7967:7969] [EM] <<< [E:31746i S:51206 M:75289140 (Ack:12493229)] (S) Msg TX from 000000000001B669 to 1:0000000000000001 [1E4C] [UDP:[fe80::bfe:a203:38f0:bce7%enp0s3]:5540] --- Type 0000:10 (SecureChannel:StandaloneAck) (B:34)[0m
[0;34m[1784655384.850] [7967:7969] [EM] Flushed pending ack for MessageCounter:12493229 on exchange 31746i[0m
[0;34m[1784655384.850] [7967:7967] [CTL] Shutting down the commissioner[0m
[0;32m[1784655384.850] [7967:7967] [PAF] WiFiPAF: Closing all WiFiPAF sessions to shutdown[0m
[0;34m[1784655384.850] [7967:7967] [CTL] Shutting down the controller[0m
[0;34m[1784655384.850] [7967:7967] [IN] Expiring all sessions for fabric 0x1!![0m
[0;34m[1784655384.850] [7967:7967] [IN] SecureSession[0x763598009cd0]: MarkForEviction Type:2 LSID:51206[0m
[0;32m[1784655384.850] [7967:7967] [SC] SecureSession[0x763598009cd0, LSID:51206]: State change 'kActive' --> 'kPendingEviction'[0m
[0;34m[1784655384.850] [7967:7967] [IN] SecureSession[0x763598009cd0]: Released - Type:2 LSID:51206[0m
[0;32m[1784655384.850] [7967:7967] [FP] Forgetting fabric 0x1[0m
[0;32m[1784655384.850] [7967:7967] [TS] Pending Last Known Good Time: 2023-10-14T01:16:48[0m
[0;32m[1784655384.850] [7967:7967] [TS] Previous Last Known Good Time: 2023-10-14T01:16:48[0m
[0;32m[1784655384.850] [7967:7967] [TS] Reverted Last Known Good Time to previous value[0m
[0;34m[1784655384.850] [7967:7967] [CTL] Shutting down the commissioner[0m
[0;32m[1784655384.850] [7967:7967] [PAF] WiFiPAF: Closing all WiFiPAF sessions to shutdown[0m
[0;34m[1784655384.850] [7967:7967] [CTL] Shutting down the controller[0m
[0;34m[1784655384.850] [7967:7967] [CTL] Shutting down the System State, this will teardown the CHIP Stack[0m
[0;34m[1784655384.850] [7967:7967] [DMG] All ReadHandler-s are clean, clear GlobalDirtySet[0m
[0;32m[1784655384.850] [7967:7967] [FP] Shutting down FabricTable[0m
[0;32m[1784655384.850] [7967:7967] [TS] Pending Last Known Good Time: 2023-10-14T01:16:48[0m
[0;32m[1784655384.850] [7967:7967] [TS] Previous Last Known Good Time: 2023-10-14T01:16:48[0m
[0;32m[1784655384.850] [7967:7967] [TS] Reverted Last Known Good Time to previous value[0m
[0;34m[1784655384.853] [7967:7967] [DL] Wrote settings to /tmp/chip_counters.ini[0m
[0;32m[1784655384.853] [7967:7967] [DL] NVS set: chip-counters/total-operational-hours = 0 (0x0)[0m
[0;32m[1784655384.853] [7967:7967] [DL] Inet Layer shutdown[0m
[0;32m[1784655384.853] [7967:7967] [DL] BLE Layer shutdown[0m
[0;32m[1784655384.853] [7967:7967] [DL] WiFi-PAF Layer shutdown[0m
[0;32m[1784655384.853] [7967:7967] [PAF] WiFiPAF: Closing all WiFiPAF sessions to shutdown[0m
[0;32m[1784655384.853] [7967:7967] [DL] System Layer shutdown[0m
