[0;34m[1784655384.899] [7971:7971] [DL] ChipLinuxStorage::Init: Using KVS config file: /tmp/chip_tool_kvs[0m
[1;31m[1784655384.900] [7971:7971] [DL] ChipLinuxStorage::Init: Attempt to re-initialize with KVS config file: /tmp/chip_kvs, IGNORING.[0m
[0;34m[1784655384.901] [7971:7971] [DL] ChipLinuxStorage::Init: Using KVS config file: /tmp/chip_factory.ini[0m
[0;34m[1784655384.901] [7971:7971] [DL] ChipLinuxStorage::Init: Using KVS config file: /tmp/chip_config.ini[0m
[0;34m[1784655384.901] [7971:7971] [DL] ChipLinuxStorage::Init: Using KVS config file: /tmp/chip_counters.ini[0m
[0;34m[1784655384.904] [7971:7971] [DL] Wrote settings to /tmp/chip_counters.ini[0m
[0;32m[1784655384.904] [7971:7971] [DL] NVS set: chip-counters/reboot-count = 4 (0x4)[0m
[0;32m[1784655384.904] [7971:7971] [DL] Got Ethernet interface: enp0s3[0m
[0;32m[1784655384.904] [7971:7971] [DL] Found the primary Ethernet interface:enp0s3[0m
[1;31m[1784655384.904] [7971:7971] [DL] Failed to get WiFi interface[0m
[1;31m[1784655384.904] [7971:7971] [DL] Failed to reset WiFi statistic counts[0m
[0;32m[1784655384.904] [7971:7971] [PAF] WiFiPAF: WiFiPAFLayer::Init()[0m
[0;34m[1784655384.904] [7971:7971] [IN] UDP::Init bind&listen port=0[0m
[0;34m[1784655384.904] [7971:7971] [IN] UDP::Init bound to port=40624[0m
[0;34m[1784655384.904] [7971:7971] [IN] UDP::Init bind&listen port=0[0m
[0;34m[1784655384.904] [7971:7971] [IN] UDP::Init bound to port=40063[0m
[0;34m[1784655384.904] [7971:7971] [IN] BLEBase::Init - setting/overriding transport[0m
[0;34m[1784655384.904] [7971:7971] [IN] WiFiPAFBase::Init - setting/overriding transport[0m
[0;34m[1784655384.904] [7971:7971] [IN] TransportMgr initialized[0m
[0;34m[1784655384.904] [7971:7971] [FP] Initializing FabricTable from persistent storage[0m
[0;32m[1784655384.904] [7971:7971] [TS] Last Known Good Time: 2023-10-14T01:16:48[0m
[0;32m[1784655384.904] [7971:7971] [FP] Fabric index 0x1 was retrieved from storage. Compressed FabricId 0x743BD47D840D1E4C, FabricId 0x0000000000000001, NodeId 0x000000000001B669, VendorId 0xFFF1[0m
[0;32m[1784655384.905] [7971:7971] [DMG] Ember attribute persistence requires setting up[0m
[0;32m[1784655384.905] [7971:7971] [ZCL] Using ZAP configuration...[0m
[0;34m[1784655384.905] [7971:7971] [CTL] System State Initialized...[0m
[0;32m[1784655384.905] [7971:7971] [CTL] Setting attestation nonce to random value[0m
[0;32m[1784655384.905] [7971:7971] [CTL] Setting CSR nonce to random value[0m
[0;34m[1784655384.905] [7971:7973] [DL] CHIP task running[0m
[0;32m[1784655384.905] [7971:7973] [CTL] Setting attestation nonce to random value[0m
[0;32m[1784655384.905] [7971:7973] [CTL] Setting CSR nonce to random value[0m
[0;32m[1784655384.905] [7971:7973] [CTL] Generating NOC[0m
[0;32m[1784655384.906] [7971:7973] [FP] Validating NOC chain[0m
[0;32m[1784655384.906] [7971:7973] [FP] NOC chain validation successful[0m
[0;32m[1784655384.906] [7971:7973] [FP] Updated fabric at index: 0x1, Node ID: 0x000000000001B669[0m
[0;32m[1784655384.906] [7971:7973] [TS] Last Known Good Time: 2023-10-14T01:16:48[0m
[0;32m[1784655384.906] [7971:7973] [TS] New proposed Last Known Good Time: 2021-01-01T00:00:00[0m
[0;32m[1784655384.906] [7971:7973] [TS] Retaining current Last Known Good Time[0m
[0;32m[1784655384.908] [7971:7973] [FP] Metadata for Fabric 0x1 persisted to storage.[0m
[0;32m[1784655384.909] [7971:7973] [TS] Committing Last Known Good Time to storage: 2023-10-14T01:16:48[0m
[0;32m[1784655384.910] [7971:7973] [CTL] Joined the fabric at index 1. Fabric ID is 0x0000000000000001 (Compressed Fabric ID: 743BD47D840D1E4C)[0m
[0;32m[1784655384.914] [7971:7973] [TOO] Sending command to node 0x1[0m
[0;34m[1784655384.914] [7971:7973] [CSM] FindOrEstablishSession: PeerId = [1:0000000000000001][0m
[0;34m[1784655384.914] [7971:7973] [CSM] FindOrEstablishSession: No existing OperationalSessionSetup instance found[0m
[0;34m[1784655384.914] [7971:7973] [DIS] OperationalSessionSetup[1:0000000000000001]: State change 1 --> 2[0m
[0;32m[1784655384.916] [7971:7973] [DIS] Lookup started for 743BD47D840D1E4C-0000000000000001[0m
[0;32m[1784655384.918] [7971:7973] [DIS] UDP:[fe80::bfe:a203:38f0:bce7%enp0s3]:5540: new best score: 7 (for 743BD47D840D1E4C-0000000000000001)[0m
[0;34m[1784655384.918] [7971:7973] [DIS] Lookup clearing interface for non LL address[0m
[0;32m[1784655384.918] [7971:7973] [DIS] UDP:10.0.2.15%enp0s3:5540: new best score: 2 (for 743BD47D840D1E4C-0000000000000001)[0m
[0;32m[1784655384.918] [7971:7973] [DIS] Checking node lookup status for 743BD47D840D1E4C-0000000000000001 after 3 ms[0m
[0;32m[1784655384.918] [7971:7973] [DIS] Keeping DNSSD lookup active[0m
[0;32m[1784655384.918] [7971:7973] [DIS] UDP:[fe80::bfe:a203:38f0:bce7%enp0s3]:5540: score has not improved: 7 (for 743BD47D840D1E4C-0000000000000001)[0m
[0;34m[1784655384.918] [7971:7973] [DIS] Lookup clearing interface for non LL address[0m
[0;32m[1784655384.918] [7971:7973] [DIS] UDP:10.0.2.15%enp0s3:5540: score has not improved: 2 (for 743BD47D840D1E4C-0000000000000001)[0m
[0;32m[1784655384.918] [7971:7973] [DIS] Checking node lookup status for 743BD47D840D1E4C-0000000000000001 after 3 ms[0m
[0;32m[1784655384.918] [7971:7973] [DIS] Keeping DNSSD lookup active[0m
[0;32m[1784655385.134] [7971:7973] [DIS] Checking node lookup status for 743BD47D840D1E4C-0000000000000001 after 219 ms[0m
[0;34m[1784655385.134] [7971:7973] [DIS] OperationalSessionSetup[1:0000000000000001]: Updating device address to UDP:[fe80::bfe:a203:38f0:bce7%enp0s3]:5540 while in state 2[0m
[0;34m[1784655385.134] [7971:7973] [DIS] OperationalSessionSetup[1:0000000000000001]: State change 2 --> 3[0m
[0;34m[1784655385.134] [7971:7973] [IN] SecureSession[0x71302c009cd0]: Allocated Type:2 LSID:43696[0m
[0;32m[1784655385.134] [7971:7973] [SC] Initiating session on local FabricIndex 1 from 0x000000000001B669 -> 0x0000000000000001[0m
[0;32m[1784655385.134] [7971:7973] [EM] <<< [E:36819i S:0 M:195502196] (U) Msg TX from 29CB4E76956545B6 to 0:0000000000000000 [0000] [UDP:[fe80::bfe:a203:38f0:bce7%enp0s3]:5540] --- Type 0000:30 (SecureChannel:CASE_Sigma1) (B:196)[0m
[0;32m[1784655385.134] [7971:7973] [EM] ??1 [E:36819i S:0 M:195502196] (U) Msg Retransmission to 0:0000000000000000 scheduled for 607ms from now [State:Idle II:500 AI:300 AT:4000][0m
[0;32m[1784655385.134] [7971:7973] [SC] Sent Sigma1 msg to <0000000000000001, 1> [II:500ms AI:300ms AT:4000ms][0m
[0;34m[1784655385.134] [7971:7973] [DIS] OperationalSessionSetup[1:0000000000000001]: State change 3 --> 4[0m
[0;32m[1784655385.136] [7971:7973] [EM] >>> [E:36819i S:0 M:95016877 (Ack:195502196)] (U) Msg RX from 0:0000000000000000 [0000] to 29CB4E76956545B6 --- Type 0000:31 (SecureChannel:CASE_Sigma2) (B:751)[0m
[0;34m[1784655385.136] [7971:7973] [EM] Found matching exchange: 36819i, Delegate: 0x71302c00b8e8[0m
[0;34m[1784655385.136] [7971:7973] [EM] Rxd Ack; Removing MessageCounter:195502196 from Retrans Table on exchange 36819i[0m
[0;32m[1784655385.136] [7971:7973] [SC] Received Sigma2 msg[0m
[0;34m[1784655385.136] [7971:7973] [SC] Found MRP parameters in the message[0m
[0;34m[1784655385.136] [7971:7973] [SC] Peer <0000000000000001, 1> assigned session ID 43517[0m
[0;34m[1784655385.136] [7971:7973] [SC] Sending Sigma3[0m
[0;32m[1784655385.137] [7971:7973] [EM] <<< [E:36819i S:0 M:195502197 (Ack:95016877)] (U) Msg TX from 29CB4E76956545B6 to 0:0000000000000000 [0000] [UDP:[fe80::bfe:a203:38f0:bce7%enp0s3]:5540] --- Type 0000:32 (SecureChannel:CASE_Sigma3) (B:598)[0m
[0;32m[1784655385.137] [7971:7973] [EM] ??1 [E:36819i S:0 M:195502197] (U) Msg Retransmission to 0:0000000000000000 scheduled for 402ms from now [State:Active II:500 AI:300 AT:4000][0m
[0;32m[1784655385.137] [7971:7973] [SC] Sent Sigma3 msg[0m
[0;32m[1784655385.146] [7971:7973] [EM] >>> [E:36819i S:0 M:95016878 (Ack:195502197)] (U) Msg RX from 0:0000000000000000 [0000] to 29CB4E76956545B6 --- Type 0000:40 (SecureChannel:StatusReport) (B:34)[0m
[0;34m[1784655385.146] [7971:7973] [EM] Found matching exchange: 36819i, Delegate: 0x71302c00b8e8[0m
[0;34m[1784655385.146] [7971:7973] [EM] Rxd Ack; Removing MessageCounter:195502197 from Retrans Table on exchange 36819i[0m
[0;32m[1784655385.146] [7971:7973] [SC] Success status report received. Session was established[0m
[0;32m[1784655385.148] [7971:7973] [SC] SecureSession[0x71302c009cd0, LSID:43696]: State change 'kEstablishing' --> 'kActive'[0m
[0;34m[1784655385.148] [7971:7973] [IN] SecureSession[0x71302c009cd0]: Activated - Type:2 LSID:43696[0m
[0;34m[1784655385.148] [7971:7973] [IN] New secure session activated for device <0000000000000001, 1>, LSID:43696 PSID:43517![0m
[0;34m[1784655385.148] [7971:7973] [DIS] OperationalSessionSetup[1:0000000000000001]: State change 4 --> 5[0m
[0;32m[1784655385.148] [7971:7973] [TOO] Sending cluster (0x0000003E) command (0x00000004) on endpoint 0[0m
[0;34m[1784655385.149] [7971:7973] [DMG] ICR moving to [AddingComm][0m
[0;34m[1784655385.149] [7971:7973] [DMG] ICR moving to [AddedComma][0m
[0;32m[1784655385.149] [7971:7973] [EM] <<< [E:36820i S:43696 M:190138597] (S) Msg TX from 000000000001B669 to 1:0000000000000001 [1E4C] [UDP:[fe80::bfe:a203:38f0:bce7%enp0s3]:5540] --- Type 0001:08 (IM:InvokeCommandRequest) (B:96)[0m
[0;32m[1784655385.149] [7971:7973] [EM] ??1 [E:36820i S:43696 M:190138597] (S) Msg Retransmission to 1:0000000000000001 scheduled for 336ms from now [State:Active II:500 AI:300 AT:4000][0m
[0;34m[1784655385.149] [7971:7973] [DMG] ICR moving to [AwaitingRe][0m
[0;32m[1784655385.149] [7971:7973] [EM] <<< [E:36819i S:0 M:195502198 (Ack:95016878)] (U) Msg TX from 29CB4E76956545B6 to 0:0000000000000000 [0000] [UDP:[fe80::bfe:a203:38f0:bce7%enp0s3]:5540] --- Type 0000:10 (SecureChannel:StandaloneAck) (B:26)[0m
[0;34m[1784655385.149] [7971:7973] [EM] Flushed pending ack for MessageCounter:95016878 on exchange 36819i[0m
[0;32m[1784655385.149] [7971:7973] [EM] >>> [E:36820i S:43696 M:131719287 (Ack:190138597)] (S) Msg RX from 1:0000000000000001 [1E4C] to 000000000001B669 --- Type 0001:09 (IM:InvokeCommandResponse) (B:377)[0m
[0;34m[1784655385.149] [7971:7973] [EM] Found matching exchange: 36820i, Delegate: 0x71302c00eef8[0m
[0;34m[1784655385.149] [7971:7973] [EM] Rxd Ack; Removing MessageCounter:190138597 from Retrans Table on exchange 36820i[0m
[0;34m[1784655385.149] [7971:7973] [DMG] ICR moving to [ResponseRe][0m
[0;34m[1784655385.149] [7971:7973] [DMG] InvokeResponseMessage =[0m
[0;34m[1784655385.149] [7971:7973] [DMG] {[0m
[0;34m[1784655385.149] [7971:7973] [DMG] 	suppressResponse = false, [0m
[0;34m[1784655385.149] [7971:7973] [DMG] 	InvokeResponseIBs =[0m
[0;34m[1784655385.149] [7971:7973] [DMG] 	[[0m
[0;34m[1784655385.149] [7971:7973] [DMG] 		InvokeResponseIB =[0m
[0;34m[1784655385.149] [7971:7973] [DMG] 		{[0m
[0;34m[1784655385.149] [7971:7973] [DMG] 			CommandDataIB =[0m
[0;34m[1784655385.149] [7971:7973] [DMG] 			{[0m
[0;34m[1784655385.149] [7971:7973] [DMG] 				CommandPathIB =[0m
[0;34m[1784655385.149] [7971:7973] [DMG] 				{[0m
[0;34m[1784655385.149] [7971:7973] [DMG] 					EndpointId = 0x0,[0m
[0;34m[1784655385.149] [7971:7973] [DMG] 					ClusterId = 0x3e,[0m
[0;34m[1784655385.149] [7971:7973] [DMG] 					CommandId = 0x5,[0m
[0;34m[1784655385.149] [7971:7973] [DMG] 				},[0m
[0;34m[1784655385.149] [7971:7973] [DMG] 				[0m
[0;34m[1784655385.149] [7971:7973] [DMG] 				CommandFields = [0m
[0;34m[1784655385.149] [7971:7973] [DMG] 				{[0m
[0;34m[1784655385.149] [7971:7973] [DMG] 					0x0 = [[0m
[0;34m[1784655385.149] [7971:7973] [DMG] 							0x15, 0x30, 0x01, 0xcb, 0x30, 0x81, 0xc8, 0x30, 0x70, 0x02, 0x01, 0x00, 0x30, 0x0e, 0x31, 0x0c, 0x30, 0x0a, 0x06, 0x03, 0x55, 0x04, 0x0a, 0x0c, 0x03, 0x43, 0x53, 0x52, 0x30, 0x59, 0x30, 0x13, 0x06, 0x07, 0x2a, 0x86, 0x48, 0xce, 0x3d, 0x02, 0x01, 0x06, 0x08, 0x2a, 0x86, 0x48, 0xce, 0x3d, 0x03, 0x01, 0x07, 0x03, 0x42, 0x00, 0x04, 0xf3, 0xb3, 0x7d, 0x5a, 0xf6, 0xc1, 0x24, 0x81, 0xcb, 0x79, 0x43, 0x96, 0x7b, 0x3a, 0xde, 0xbb, 0x35, 0xf9, 0xa1, 0xa9, 0xcf, 0x6d, 0x68, 0x72, 0xea, 0xea, 0xc0, 0x0c, 0xd5, 0xe5, 0x23, 0x74, 0xad, 0x77, 0xf6, 0x64, 0x19, 0x4b, 0xdd, 0x35, 0x1d, 0xdf, 0xce, 0x7d, 0x16, 0x2b, 0x61, 0x60, 0x2a, 0x13, 0x90, 0x54, 0x8f, 0xb5, 0xb7, 0xbd, 0x53, 0xf0, 0xe1, 0xc6, 0xd4, 0x3e, 0xc8, 0xc9, 0xa0, 0x00, 0x30, 0x0a, 0x06, 0x08, 0x2a, 0x86, 0x48, 0xce, 0x3d, 0x04, 0x03, 0x02, 0x03, 0x48, 0x00, 0x30, 0x45, 0x02, 0x21, 0x00, 0xdc, 0xaf, 0xc8, 0xa3, 0xb8, 0xf7, 0x33, 0x0e, 0xe6, 0x98, 0x97, 0xa3, 0xe1, 0x7d, 0x8f, 0xf9, 0xba, 0x82, 0x93, 0x37, 0x34, 0x13, 0x91, 0x0f, 0xbb, 0x23, 0x28, 0x21, 0xcc, 0x94, 0xd0, 0xae, 0x02, 0x20, 0x50, 0xac, 0x70, 0xd2, 0x57, 0xc2, 0x4c, 0xac, 0xdb, 0x4c, 0x0f, 0x0c, 0xed, 0x35, 0xf1, 0xa0, 0xf6, 0xe8, 0x46, 0x44, 0xf6, 0x54, 0x78, 0xa3, 0x7f, 0xa8, 0x07, 0xbf, 0xbe, 0xc6, 0xd0, 0x8e, 0x30, 0x02, 0x20, 0xed, 0xa4, 0x0d, 0x3f, 0x97, 0x5b, 0x6d, 0x48, 0xc5, 0xbf, 0xcc, 0x8f, 0xc9, 0xf0, 0x25, 0x5f, 0xc9, 0x95, 0xb5, 0x1a, 0x4e, 0xb2, 0xe6, 0x3b, 0xbc, 0x41, 0x97, 0x76, 0x5b, 0xab, 0xe6, 0x06, 0x18, [0m
[0;34m[1784655385.149] [7971:7973] [DMG] 					] (243 bytes)[0m
[0;34m[1784655385.149] [7971:7973] [DMG] 					0x1 = [[0m
[0;34m[1784655385.149] [7971:7973] [DMG] 							0x7c, 0x9c, 0xed, 0x84, 0x73, 0xbd, 0x24, 0xf1, 0x73, 0x38, 0xa1, 0xfb, 0xdd, 0xa8, 0x72, 0xcb, 0xff, 0xda, 0xfc, 0x7b, 0xcd, 0x16, 0xfc, 0x1e, 0xd6, 0x74, 0x8d, 0x94, 0x87, 0x2a, 0x4f, 0xb3, 0x1c, 0xec, 0x2c, 0x87, 0x70, 0x00, 0x5c, 0x08, 0xfb, 0x41, 0x06, 0xde, 0xf8, 0x37, 0x71, 0xaf, 0x86, 0xbe, 0x65, 0x2b, 0x14, 0xb6, 0x40, 0x03, 0x2c, 0xc6, 0x87, 0xcc, 0xd2, 0x0a, 0xc1, 0xbc, [0m
[0;34m[1784655385.149] [7971:7973] [DMG] 					] (64 bytes)[0m
[0;34m[1784655385.149] [7971:7973] [DMG] 				},[0m
[0;34m[1784655385.149] [7971:7973] [DMG] 			},[0m
[0;34m[1784655385.149] [7971:7973] [DMG] 			[0m
[0;34m[1784655385.149] [7971:7973] [DMG] 		},[0m
[0;34m[1784655385.149] [7971:7973] [DMG] 		[0m
[0;34m[1784655385.149] [7971:7973] [DMG] 	],[0m
[0;34m[1784655385.149] [7971:7973] [DMG] 	[0m
[0;34m[1784655385.149] [7971:7973] [DMG] 	InteractionModelRevision = 12[0m
[0;34m[1784655385.149] [7971:7973] [DMG] },[0m
[0;32m[1784655385.149] [7971:7973] [DMG] Received Command Response Data, Endpoint=0 Cluster=0x0000_003E Command=0x0000_0005[0m
[0;32m[1784655385.149] [7971:7973] [TOO] Endpoint: 0 Cluster: 0x0000_003E Command 0x0000_0005[0m
[0;32m[1784655385.149] [7971:7973] [TOO]   CSRResponse: {[0m
[0;32m[1784655385.149] [7971:7973] [TOO]     NOCSRElements: 153001CB3081C83070020100300E310C300A060355040A0C034353523059301306072A8648CE3D020106082A8648CE3D03010703420004F3B37D5AF6C12481CB7943967B3ADEBB35F9A1A9CF6D6872EAEAC00CD5E52374AD77F664194BDD351DDFCE7D162B61602A1390548FB5B7BD53F0E1C6D43EC8C9A000300A06082A8648CE3D0403020348003045022100DCAFC8A3B8F7330EE69897A3E17D8FF9BA8293373413910FBB232821CC94D0AE022050AC70D257C24CACDB4C0F0CED35F1A0F6E84644F65478A37FA807BFBEC6D08E300220EDA40D3F975B6D48C5BFCC8FC9F0255FC995B51A4EB2E63BBC4197765BABE60618[0m
[0;32m[1784655385.149] [7971:7973] [TOO]     attestationSignature: 7C9CED8473BD24F17338A1FBDDA872CBFFDAFC7BCD16FC1ED6748D94872A4FB31CEC2C8770005C08FB4106DEF83771AF86BE652B14B640032CC687CCD20AC1BC[0m
[0;32m[1784655385.149] [7971:7973] [TOO]    }[0m
[0;34m[1784655385.149] [7971:7973] [DMG] ICR moving to [AwaitingDe][0m
[0;32m[1784655385.149] [7971:7973] [EM] <<< [E:36820i S:43696 M:190138598 (Ack:131719287)] (S) Msg TX from 000000000001B669 to 1:0000000000000001 [1E4C] [UDP:[fe80::bfe:a203:38f0:bce7%enp0s3]:5540] --- Type 0000:10 (SecureChannel:StandaloneAck) (B:34)[0m
[0;34m[1784655385.150] [7971:7973] [EM] Flushed pending ack for MessageCounter:131719287 on exchange 36820i[0m
[0;34m[1784655385.150] [7971:7971] [CTL] Shutting down the commissioner[0m
[0;32m[1784655385.150] [7971:7971] [PAF] WiFiPAF: Closing all WiFiPAF sessions to shutdown[0m
[0;34m[1784655385.150] [7971:7971] [CTL] Shutting down the controller[0m
[0;34m[1784655385.150] [7971:7971] [IN] Expiring all sessions for fabric 0x1!![0m
[0;34m[1784655385.150] [7971:7971] [IN] SecureSession[0x71302c009cd0]: MarkForEviction Type:2 LSID:43696[0m
[0;32m[1784655385.150] [7971:7971] [SC] SecureSession[0x71302c009cd0, LSID:43696]: State change 'kActive' --> 'kPendingEviction'[0m
[0;34m[1784655385.150] [7971:7971] [IN] SecureSession[0x71302c009cd0]: Released - Type:2 LSID:43696[0m
[0;32m[1784655385.150] [7971:7971] [FP] Forgetting fabric 0x1[0m
[0;32m[1784655385.150] [7971:7971] [TS] Pending Last Known Good Time: 2023-10-14T01:16:48[0m
[0;32m[1784655385.150] [7971:7971] [TS] Previous Last Known Good Time: 2023-10-14T01:16:48[0m
[0;32m[1784655385.150] [7971:7971] [TS] Reverted Last Known Good Time to previous value[0m
[0;34m[1784655385.150] [7971:7971] [CTL] Shutting down the commissioner[0m
[0;32m[1784655385.150] [7971:7971] [PAF] WiFiPAF: Closing all WiFiPAF sessions to shutdown[0m
[0;34m[1784655385.150] [7971:7971] [CTL] Shutting down the controller[0m
[0;34m[1784655385.150] [7971:7971] [CTL] Shutting down the System State, this will teardown the CHIP Stack[0m
[0;34m[1784655385.150] [7971:7971] [DMG] All ReadHandler-s are clean, clear GlobalDirtySet[0m
[0;32m[1784655385.150] [7971:7971] [FP] Shutting down FabricTable[0m
[0;32m[1784655385.150] [7971:7971] [TS] Pending Last Known Good Time: 2023-10-14T01:16:48[0m
[0;32m[1784655385.150] [7971:7971] [TS] Previous Last Known Good Time: 2023-10-14T01:16:48[0m
[0;32m[1784655385.150] [7971:7971] [TS] Reverted Last Known Good Time to previous value[0m
[0;34m[1784655385.152] [7971:7971] [DL] Wrote settings to /tmp/chip_counters.ini[0m
[0;32m[1784655385.152] [7971:7971] [DL] NVS set: chip-counters/total-operational-hours = 0 (0x0)[0m
[0;32m[1784655385.152] [7971:7971] [DL] Inet Layer shutdown[0m
[0;32m[1784655385.152] [7971:7971] [DL] BLE Layer shutdown[0m
[0;32m[1784655385.152] [7971:7971] [DL] WiFi-PAF Layer shutdown[0m
[0;32m[1784655385.152] [7971:7971] [PAF] WiFiPAF: Closing all WiFiPAF sessions to shutdown[0m
[0;32m[1784655385.152] [7971:7971] [DL] System Layer shutdown[0m
