[0;34m[1784655385.559] [7984:7984] [DL] ChipLinuxStorage::Init: Using KVS config file: /tmp/chip_tool_kvs[0m
[1;31m[1784655385.560] [7984:7984] [DL] ChipLinuxStorage::Init: Attempt to re-initialize with KVS config file: /tmp/chip_kvs, IGNORING.[0m
[0;34m[1784655385.561] [7984:7984] [DL] ChipLinuxStorage::Init: Using KVS config file: /tmp/chip_factory.ini[0m
[0;34m[1784655385.561] [7984:7984] [DL] ChipLinuxStorage::Init: Using KVS config file: /tmp/chip_config.ini[0m
[0;34m[1784655385.561] [7984:7984] [DL] ChipLinuxStorage::Init: Using KVS config file: /tmp/chip_counters.ini[0m
[0;34m[1784655385.564] [7984:7984] [DL] Wrote settings to /tmp/chip_counters.ini[0m
[0;32m[1784655385.564] [7984:7984] [DL] NVS set: chip-counters/reboot-count = 6 (0x6)[0m
[0;32m[1784655385.564] [7984:7984] [DL] Got Ethernet interface: enp0s3[0m
[0;32m[1784655385.564] [7984:7984] [DL] Found the primary Ethernet interface:enp0s3[0m
[1;31m[1784655385.564] [7984:7984] [DL] Failed to get WiFi interface[0m
[1;31m[1784655385.564] [7984:7984] [DL] Failed to reset WiFi statistic counts[0m
[0;32m[1784655385.564] [7984:7984] [PAF] WiFiPAF: WiFiPAFLayer::Init()[0m
[0;34m[1784655385.564] [7984:7984] [IN] UDP::Init bind&listen port=0[0m
[0;34m[1784655385.564] [7984:7984] [IN] UDP::Init bound to port=41386[0m
[0;34m[1784655385.564] [7984:7984] [IN] UDP::Init bind&listen port=0[0m
[0;34m[1784655385.564] [7984:7984] [IN] UDP::Init bound to port=42216[0m
[0;34m[1784655385.564] [7984:7984] [IN] BLEBase::Init - setting/overriding transport[0m
[0;34m[1784655385.564] [7984:7984] [IN] WiFiPAFBase::Init - setting/overriding transport[0m
[0;34m[1784655385.564] [7984:7984] [IN] TransportMgr initialized[0m
[0;34m[1784655385.564] [7984:7984] [FP] Initializing FabricTable from persistent storage[0m
[0;32m[1784655385.564] [7984:7984] [TS] Last Known Good Time: 2023-10-14T01:16:48[0m
[0;32m[1784655385.565] [7984:7984] [FP] Fabric index 0x1 was retrieved from storage. Compressed FabricId 0x743BD47D840D1E4C, FabricId 0x0000000000000001, NodeId 0x000000000001B669, VendorId 0xFFF1[0m
[0;32m[1784655385.566] [7984:7984] [DMG] Ember attribute persistence requires setting up[0m
[0;32m[1784655385.566] [7984:7984] [ZCL] Using ZAP configuration...[0m
[0;34m[1784655385.566] [7984:7984] [CTL] System State Initialized...[0m
[0;32m[1784655385.567] [7984:7984] [CTL] Setting attestation nonce to random value[0m
[0;32m[1784655385.567] [7984:7984] [CTL] Setting CSR nonce to random value[0m
[0;34m[1784655385.567] [7984:7986] [DL] CHIP task running[0m
[0;32m[1784655385.567] [7984:7986] [CTL] Setting attestation nonce to random value[0m
[0;32m[1784655385.567] [7984:7986] [CTL] Setting CSR nonce to random value[0m
[0;32m[1784655385.567] [7984:7986] [CTL] Generating NOC[0m
[0;32m[1784655385.567] [7984:7986] [FP] Validating NOC chain[0m
[0;32m[1784655385.567] [7984:7986] [FP] NOC chain validation successful[0m
[0;32m[1784655385.567] [7984:7986] [FP] Updated fabric at index: 0x1, Node ID: 0x000000000001B669[0m
[0;32m[1784655385.567] [7984:7986] [TS] Last Known Good Time: 2023-10-14T01:16:48[0m
[0;32m[1784655385.567] [7984:7986] [TS] New proposed Last Known Good Time: 2021-01-01T00:00:00[0m
[0;32m[1784655385.567] [7984:7986] [TS] Retaining current Last Known Good Time[0m
[0;32m[1784655385.569] [7984:7986] [FP] Metadata for Fabric 0x1 persisted to storage.[0m
[0;32m[1784655385.571] [7984:7986] [TS] Committing Last Known Good Time to storage: 2023-10-14T01:16:48[0m
[0;32m[1784655385.572] [7984:7986] [CTL] Joined the fabric at index 1. Fabric ID is 0x0000000000000001 (Compressed Fabric ID: 743BD47D840D1E4C)[0m
[0;32m[1784655385.575] [7984:7986] [TOO] Sending command to node 0x1[0m
[0;34m[1784655385.575] [7984:7986] [CSM] FindOrEstablishSession: PeerId = [1:0000000000000001][0m
[0;34m[1784655385.575] [7984:7986] [CSM] FindOrEstablishSession: No existing OperationalSessionSetup instance found[0m
[0;34m[1784655385.575] [7984:7986] [DIS] OperationalSessionSetup[1:0000000000000001]: State change 1 --> 2[0m
[0;32m[1784655385.576] [7984:7986] [DIS] Lookup started for 743BD47D840D1E4C-0000000000000001[0m
[0;32m[1784655385.576] [7984:7986] [DIS] UDP:[fe80::bfe:a203:38f0:bce7%enp0s3]:5540: new best score: 7 (for 743BD47D840D1E4C-0000000000000001)[0m
[0;34m[1784655385.576] [7984:7986] [DIS] Lookup clearing interface for non LL address[0m
[0;32m[1784655385.576] [7984:7986] [DIS] UDP:10.0.2.15%enp0s3:5540: new best score: 2 (for 743BD47D840D1E4C-0000000000000001)[0m
[0;32m[1784655385.576] [7984:7986] [DIS] Checking node lookup status for 743BD47D840D1E4C-0000000000000001 after 1 ms[0m
[0;32m[1784655385.576] [7984:7986] [DIS] Keeping DNSSD lookup active[0m
[0;32m[1784655385.576] [7984:7986] [DIS] UDP:[fe80::bfe:a203:38f0:bce7%enp0s3]:5540: score has not improved: 7 (for 743BD47D840D1E4C-0000000000000001)[0m
[0;34m[1784655385.576] [7984:7986] [DIS] Lookup clearing interface for non LL address[0m
[0;32m[1784655385.576] [7984:7986] [DIS] UDP:10.0.2.15%enp0s3:5540: score has not improved: 2 (for 743BD47D840D1E4C-0000000000000001)[0m
[0;32m[1784655385.576] [7984:7986] [DIS] Checking node lookup status for 743BD47D840D1E4C-0000000000000001 after 1 ms[0m
[0;32m[1784655385.576] [7984:7986] [DIS] Keeping DNSSD lookup active[0m
[0;32m[1784655385.781] [7984:7986] [DIS] Checking node lookup status for 743BD47D840D1E4C-0000000000000001 after 207 ms[0m
[0;34m[1784655385.782] [7984:7986] [DIS] OperationalSessionSetup[1:0000000000000001]: Updating device address to UDP:[fe80::bfe:a203:38f0:bce7%enp0s3]:5540 while in state 2[0m
[0;34m[1784655385.782] [7984:7986] [DIS] OperationalSessionSetup[1:0000000000000001]: State change 2 --> 3[0m
[0;34m[1784655385.782] [7984:7986] [IN] SecureSession[0x725660009cd0]: Allocated Type:2 LSID:65282[0m
[0;32m[1784655385.782] [7984:7986] [SC] Initiating session on local FabricIndex 1 from 0x000000000001B669 -> 0x0000000000000001[0m
[0;32m[1784655385.782] [7984:7986] [EM] <<< [E:35772i S:0 M:26352611] (U) Msg TX from 73968AE8F49A2E47 to 0:0000000000000000 [0000] [UDP:[fe80::bfe:a203:38f0:bce7%enp0s3]:5540] --- Type 0000:30 (SecureChannel:CASE_Sigma1) (B:196)[0m
[0;32m[1784655385.783] [7984:7986] [EM] ??1 [E:35772i S:0 M:26352611] (U) Msg Retransmission to 0:0000000000000000 scheduled for 554ms from now [State:Idle II:500 AI:300 AT:4000][0m
[0;32m[1784655385.783] [7984:7986] [SC] Sent Sigma1 msg to <0000000000000001, 1> [II:500ms AI:300ms AT:4000ms][0m
[0;34m[1784655385.783] [7984:7986] [DIS] OperationalSessionSetup[1:0000000000000001]: State change 3 --> 4[0m
[0;32m[1784655385.785] [7984:7986] [EM] >>> [E:35772i S:0 M:95016881 (Ack:26352611)] (U) Msg RX from 0:0000000000000000 [0000] to 73968AE8F49A2E47 --- Type 0000:31 (SecureChannel:CASE_Sigma2) (B:751)[0m
[0;34m[1784655385.785] [7984:7986] [EM] Found matching exchange: 35772i, Delegate: 0x72566000b8e8[0m
[0;34m[1784655385.785] [7984:7986] [EM] Rxd Ack; Removing MessageCounter:26352611 from Retrans Table on exchange 35772i[0m
[0;32m[1784655385.785] [7984:7986] [SC] Received Sigma2 msg[0m
[0;34m[1784655385.785] [7984:7986] [SC] Found MRP parameters in the message[0m
[0;34m[1784655385.786] [7984:7986] [SC] Peer <0000000000000001, 1> assigned session ID 43519[0m
[0;34m[1784655385.786] [7984:7986] [SC] Sending Sigma3[0m
[0;32m[1784655385.786] [7984:7986] [EM] <<< [E:35772i S:0 M:26352612 (Ack:95016881)] (U) Msg TX from 73968AE8F49A2E47 to 0:0000000000000000 [0000] [UDP:[fe80::bfe:a203:38f0:bce7%enp0s3]:5540] --- Type 0000:32 (SecureChannel:CASE_Sigma3) (B:598)[0m
[0;32m[1784655385.786] [7984:7986] [EM] ??1 [E:35772i S:0 M:26352612] (U) Msg Retransmission to 0:0000000000000000 scheduled for 394ms from now [State:Active II:500 AI:300 AT:4000][0m
[0;32m[1784655385.786] [7984:7986] [SC] Sent Sigma3 msg[0m
[0;32m[1784655385.795] [7984:7986] [EM] >>> [E:35772i S:0 M:95016882 (Ack:26352612)] (U) Msg RX from 0:0000000000000000 [0000] to 73968AE8F49A2E47 --- Type 0000:40 (SecureChannel:StatusReport) (B:34)[0m
[0;34m[1784655385.795] [7984:7986] [EM] Found matching exchange: 35772i, Delegate: 0x72566000b8e8[0m
[0;34m[1784655385.795] [7984:7986] [EM] Rxd Ack; Removing MessageCounter:26352612 from Retrans Table on exchange 35772i[0m
[0;32m[1784655385.795] [7984:7986] [SC] Success status report received. Session was established[0m
[0;32m[1784655385.795] [7984:7986] [SC] SecureSession[0x725660009cd0, LSID:65282]: State change 'kEstablishing' --> 'kActive'[0m
[0;34m[1784655385.795] [7984:7986] [IN] SecureSession[0x725660009cd0]: Activated - Type:2 LSID:65282[0m
[0;34m[1784655385.795] [7984:7986] [IN] New secure session activated for device <0000000000000001, 1>, LSID:65282 PSID:43519![0m
[0;34m[1784655385.795] [7984:7986] [DIS] OperationalSessionSetup[1:0000000000000001]: State change 4 --> 5[0m
[0;32m[1784655385.795] [7984:7986] [TOO] Sending cluster (0x0000003E) command (0x00000007) on endpoint 0[0m
[0;34m[1784655385.796] [7984:7986] [DMG] ICR moving to [AddingComm][0m
[0;34m[1784655385.796] [7984:7986] [DMG] ICR moving to [AddedComma][0m
[0;32m[1784655385.796] [7984:7986] [EM] <<< [E:35773i S:65282 M:189281527] (S) Msg TX from 000000000001B669 to 1:0000000000000001 [1E4C] [UDP:[fe80::bfe:a203:38f0:bce7%enp0s3]:5540] --- Type 0001:08 (IM:InvokeCommandRequest) (B:330)[0m
[0;32m[1784655385.796] [7984:7986] [EM] ??1 [E:35773i S:65282 M:189281527] (S) Msg Retransmission to 1:0000000000000001 scheduled for 360ms from now [State:Active II:500 AI:300 AT:4000][0m
[0;34m[1784655385.796] [7984:7986] [DMG] ICR moving to [AwaitingRe][0m
[0;32m[1784655385.796] [7984:7986] [EM] <<< [E:35772i S:0 M:26352613 (Ack:95016882)] (U) Msg TX from 73968AE8F49A2E47 to 0:0000000000000000 [0000] [UDP:[fe80::bfe:a203:38f0:bce7%enp0s3]:5540] --- Type 0000:10 (SecureChannel:StandaloneAck) (B:26)[0m
[0;34m[1784655385.796] [7984:7986] [EM] Flushed pending ack for MessageCounter:95016882 on exchange 35772i[0m
[0;32m[1784655385.805] [7984:7986] [EM] >>> [E:35773i S:65282 M:117120450 (Ack:189281527)] (S) Msg RX from 1:0000000000000001 [1E4C] to 000000000001B669 --- Type 0001:09 (IM:InvokeCommandResponse) (B:70)[0m
[0;34m[1784655385.805] [7984:7986] [EM] Found matching exchange: 35773i, Delegate: 0x72566000eef8[0m
[0;34m[1784655385.805] [7984:7986] [EM] Rxd Ack; Removing MessageCounter:189281527 from Retrans Table on exchange 35773i[0m
[0;34m[1784655385.805] [7984:7986] [DMG] ICR moving to [ResponseRe][0m
[0;34m[1784655385.805] [7984:7986] [DMG] InvokeResponseMessage =[0m
[0;34m[1784655385.805] [7984:7986] [DMG] {[0m
[0;34m[1784655385.805] [7984:7986] [DMG] 	suppressResponse = false, [0m
[0;34m[1784655385.805] [7984:7986] [DMG] 	InvokeResponseIBs =[0m
[0;34m[1784655385.805] [7984:7986] [DMG] 	[[0m
[0;34m[1784655385.805] [7984:7986] [DMG] 		InvokeResponseIB =[0m
[0;34m[1784655385.805] [7984:7986] [DMG] 		{[0m
[0;34m[1784655385.805] [7984:7986] [DMG] 			CommandDataIB =[0m
[0;34m[1784655385.805] [7984:7986] [DMG] 			{[0m
[0;34m[1784655385.805] [7984:7986] [DMG] 				CommandPathIB =[0m
[0;34m[1784655385.805] [7984:7986] [DMG] 				{[0m
[0;34m[1784655385.805] [7984:7986] [DMG] 					EndpointId = 0x0,[0m
[0;34m[1784655385.805] [7984:7986] [DMG] 					ClusterId = 0x3e,[0m
[0;34m[1784655385.805] [7984:7986] [DMG] 					CommandId = 0x8,[0m
[0;34m[1784655385.805] [7984:7986] [DMG] 				},[0m
[0;34m[1784655385.805] [7984:7986] [DMG] 				[0m
[0;34m[1784655385.805] [7984:7986] [DMG] 				CommandFields = [0m
[0;34m[1784655385.805] [7984:7986] [DMG] 				{[0m
[0;34m[1784655385.805] [7984:7986] [DMG] 					0x0 = 0 (unsigned), [0m
[0;34m[1784655385.805] [7984:7986] [DMG] 					0x1 = 1 (unsigned), [0m
[0;34m[1784655385.805] [7984:7986] [DMG] 				},[0m
[0;34m[1784655385.805] [7984:7986] [DMG] 			},[0m
[0;34m[1784655385.805] [7984:7986] [DMG] 			[0m
[0;34m[1784655385.805] [7984:7986] [DMG] 		},[0m
[0;34m[1784655385.805] [7984:7986] [DMG] 		[0m
[0;34m[1784655385.805] [7984:7986] [DMG] 	],[0m
[0;34m[1784655385.805] [7984:7986] [DMG] 	[0m
[0;34m[1784655385.805] [7984:7986] [DMG] 	InteractionModelRevision = 12[0m
[0;34m[1784655385.805] [7984:7986] [DMG] },[0m
[0;32m[1784655385.805] [7984:7986] [DMG] Received Command Response Data, Endpoint=0 Cluster=0x0000_003E Command=0x0000_0008[0m
[0;32m[1784655385.805] [7984:7986] [TOO] Endpoint: 0 Cluster: 0x0000_003E Command 0x0000_0008[0m
[0;32m[1784655385.805] [7984:7986] [TOO]   NOCResponse: {[0m
[0;32m[1784655385.805] [7984:7986] [TOO]     statusCode: 0[0m
[0;32m[1784655385.805] [7984:7986] [TOO]     fabricIndex: 1[0m
[0;32m[1784655385.805] [7984:7986] [TOO]    }[0m
[0;34m[1784655385.805] [7984:7986] [DMG] ICR moving to [AwaitingDe][0m
[0;32m[1784655385.805] [7984:7986] [EM] <<< [E:35773i S:65282 M:189281528 (Ack:117120450)] (S) Msg TX from 000000000001B669 to 1:0000000000000001 [1E4C] [UDP:[fe80::bfe:a203:38f0:bce7%enp0s3]:5540] --- Type 0000:10 (SecureChannel:StandaloneAck) (B:34)[0m
[0;34m[1784655385.806] [7984:7986] [EM] Flushed pending ack for MessageCounter:117120450 on exchange 35773i[0m
[0;34m[1784655385.806] [7984:7984] [CTL] Shutting down the commissioner[0m
[0;32m[1784655385.806] [7984:7984] [PAF] WiFiPAF: Closing all WiFiPAF sessions to shutdown[0m
[0;34m[1784655385.806] [7984:7984] [CTL] Shutting down the controller[0m
[0;34m[1784655385.806] [7984:7984] [IN] Expiring all sessions for fabric 0x1!![0m
[0;34m[1784655385.806] [7984:7984] [IN] SecureSession[0x725660009cd0]: MarkForEviction Type:2 LSID:65282[0m
[0;32m[1784655385.806] [7984:7984] [SC] SecureSession[0x725660009cd0, LSID:65282]: State change 'kActive' --> 'kPendingEviction'[0m
[0;34m[1784655385.806] [7984:7984] [IN] SecureSession[0x725660009cd0]: Released - Type:2 LSID:65282[0m
[0;32m[1784655385.806] [7984:7984] [FP] Forgetting fabric 0x1[0m
[0;32m[1784655385.806] [7984:7984] [TS] Pending Last Known Good Time: 2023-10-14T01:16:48[0m
[0;32m[1784655385.806] [7984:7984] [TS] Previous Last Known Good Time: 2023-10-14T01:16:48[0m
[0;32m[1784655385.806] [7984:7984] [TS] Reverted Last Known Good Time to previous value[0m
[0;34m[1784655385.806] [7984:7984] [CTL] Shutting down the commissioner[0m
[0;32m[1784655385.806] [7984:7984] [PAF] WiFiPAF: Closing all WiFiPAF sessions to shutdown[0m
[0;34m[1784655385.806] [7984:7984] [CTL] Shutting down the controller[0m
[0;34m[1784655385.806] [7984:7984] [CTL] Shutting down the System State, this will teardown the CHIP Stack[0m
[0;34m[1784655385.806] [7984:7984] [DMG] All ReadHandler-s are clean, clear GlobalDirtySet[0m
[0;32m[1784655385.806] [7984:7984] [FP] Shutting down FabricTable[0m
[0;32m[1784655385.806] [7984:7984] [TS] Pending Last Known Good Time: 2023-10-14T01:16:48[0m
[0;32m[1784655385.806] [7984:7984] [TS] Previous Last Known Good Time: 2023-10-14T01:16:48[0m
[0;32m[1784655385.806] [7984:7984] [TS] Reverted Last Known Good Time to previous value[0m
[0;34m[1784655385.808] [7984:7984] [DL] Wrote settings to /tmp/chip_counters.ini[0m
[0;32m[1784655385.808] [7984:7984] [DL] NVS set: chip-counters/total-operational-hours = 0 (0x0)[0m
[0;32m[1784655385.808] [7984:7984] [DL] Inet Layer shutdown[0m
[0;32m[1784655385.808] [7984:7984] [DL] BLE Layer shutdown[0m
[0;32m[1784655385.808] [7984:7984] [DL] WiFi-PAF Layer shutdown[0m
[0;32m[1784655385.808] [7984:7984] [PAF] WiFiPAF: Closing all WiFiPAF sessions to shutdown[0m
[0;32m[1784655385.808] [7984:7984] [DL] System Layer shutdown[0m
