[0;34m[1784837138.668] [20868:20868] [DL] ChipLinuxStorage::Init: Using KVS config file: /tmp/chip_tool_kvs[0m
[1;31m[1784837138.671] [20868:20868] [DL] ChipLinuxStorage::Init: Attempt to re-initialize with KVS config file: /tmp/chip_kvs, IGNORING.[0m
[0;34m[1784837138.673] [20868:20868] [DL] ChipLinuxStorage::Init: Using KVS config file: /tmp/chip_factory.ini[0m
[0;34m[1784837138.673] [20868:20868] [DL] ChipLinuxStorage::Init: Using KVS config file: /tmp/chip_config.ini[0m
[0;34m[1784837138.673] [20868:20868] [DL] ChipLinuxStorage::Init: Using KVS config file: /tmp/chip_counters.ini[0m
[0;34m[1784837138.675] [20868:20868] [DL] Wrote settings to /tmp/chip_counters.ini[0m
[0;32m[1784837138.675] [20868:20868] [DL] NVS set: chip-counters/reboot-count = 3 (0x3)[0m
[0;32m[1784837138.675] [20868:20868] [DL] Got Ethernet interface: enp0s3[0m
[0;32m[1784837138.675] [20868:20868] [DL] Found the primary Ethernet interface:enp0s3[0m
[1;31m[1784837138.675] [20868:20868] [DL] Failed to get WiFi interface[0m
[1;31m[1784837138.675] [20868:20868] [DL] Failed to reset WiFi statistic counts[0m
[0;32m[1784837138.675] [20868:20868] [PAF] WiFiPAF: WiFiPAFLayer::Init()[0m
[0;34m[1784837138.675] [20868:20868] [IN] UDP::Init bind&listen port=0[0m
[0;34m[1784837138.675] [20868:20868] [IN] UDP::Init bound to port=54781[0m
[0;34m[1784837138.675] [20868:20868] [IN] UDP::Init bind&listen port=0[0m
[0;34m[1784837138.675] [20868:20868] [IN] UDP::Init bound to port=48438[0m
[0;34m[1784837138.675] [20868:20868] [IN] BLEBase::Init - setting/overriding transport[0m
[0;34m[1784837138.675] [20868:20868] [IN] WiFiPAFBase::Init - setting/overriding transport[0m
[0;34m[1784837138.675] [20868:20868] [IN] TransportMgr initialized[0m
[0;34m[1784837138.675] [20868:20868] [FP] Initializing FabricTable from persistent storage[0m
[0;32m[1784837138.675] [20868:20868] [TS] Last Known Good Time: 2023-10-14T01:16:48[0m
[0;32m[1784837138.676] [20868:20868] [FP] Fabric index 0x1 was retrieved from storage. Compressed FabricId 0x6468161718F774D1, FabricId 0x0000000000000001, NodeId 0x000000000001B669, VendorId 0xFFF1[0m
[0;32m[1784837138.677] [20868:20868] [DMG] Ember attribute persistence requires setting up[0m
[0;32m[1784837138.677] [20868:20868] [ZCL] Using ZAP configuration...[0m
[0;34m[1784837138.677] [20868:20868] [CTL] System State Initialized...[0m
[0;32m[1784837138.677] [20868:20868] [CTL] Setting attestation nonce to random value[0m
[0;32m[1784837138.677] [20868:20868] [CTL] Setting CSR nonce to random value[0m
[0;34m[1784837138.677] [20868:20870] [DL] CHIP task running[0m
[0;32m[1784837138.677] [20868:20870] [CTL] Setting attestation nonce to random value[0m
[0;32m[1784837138.677] [20868:20870] [CTL] Setting CSR nonce to random value[0m
[0;32m[1784837138.677] [20868:20870] [CTL] Generating NOC[0m
[0;32m[1784837138.677] [20868:20870] [FP] Validating NOC chain[0m
[0;32m[1784837138.678] [20868:20870] [FP] NOC chain validation successful[0m
[0;32m[1784837138.678] [20868:20870] [FP] Updated fabric at index: 0x1, Node ID: 0x000000000001B669[0m
[0;32m[1784837138.678] [20868:20870] [TS] Last Known Good Time: 2023-10-14T01:16:48[0m
[0;32m[1784837138.678] [20868:20870] [TS] New proposed Last Known Good Time: 2021-01-01T00:00:00[0m
[0;32m[1784837138.678] [20868:20870] [TS] Retaining current Last Known Good Time[0m
[0;32m[1784837138.680] [20868:20870] [FP] Metadata for Fabric 0x1 persisted to storage.[0m
[0;32m[1784837138.681] [20868:20870] [TS] Committing Last Known Good Time to storage: 2023-10-14T01:16:48[0m
[0;32m[1784837138.682] [20868:20870] [CTL] Joined the fabric at index 1. Fabric ID is 0x0000000000000001 (Compressed Fabric ID: 6468161718F774D1)[0m
[0;32m[1784837138.689] [20868:20870] [TOO] Sending command to node 0x1[0m
[0;34m[1784837138.689] [20868:20870] [CSM] FindOrEstablishSession: PeerId = [1:0000000000000001][0m
[0;34m[1784837138.689] [20868:20870] [CSM] FindOrEstablishSession: No existing OperationalSessionSetup instance found[0m
[0;34m[1784837138.689] [20868:20870] [DIS] OperationalSessionSetup[1:0000000000000001]: State change 1 --> 2[0m
[0;32m[1784837138.689] [20868:20870] [DIS] Lookup started for 6468161718F774D1-0000000000000001[0m
[0;32m[1784837138.689] [20868:20870] [DIS] UDP:[fe80::bfe:a203:38f0:bce7%enp0s3]:5540: new best score: 7 (for 6468161718F774D1-0000000000000001)[0m
[0;34m[1784837138.689] [20868:20870] [DIS] Lookup clearing interface for non LL address[0m
[0;32m[1784837138.689] [20868:20870] [DIS] UDP:10.0.2.15%enp0s3:5540: new best score: 2 (for 6468161718F774D1-0000000000000001)[0m
[0;32m[1784837138.689] [20868:20870] [DIS] Checking node lookup status for 6468161718F774D1-0000000000000001 after 1 ms[0m
[0;32m[1784837138.689] [20868:20870] [DIS] Keeping DNSSD lookup active[0m
[0;32m[1784837138.689] [20868:20870] [DIS] UDP:[fe80::bfe:a203:38f0:bce7%enp0s3]:5540: score has not improved: 7 (for 6468161718F774D1-0000000000000001)[0m
[0;34m[1784837138.689] [20868:20870] [DIS] Lookup clearing interface for non LL address[0m
[0;32m[1784837138.689] [20868:20870] [DIS] UDP:10.0.2.15%enp0s3:5540: score has not improved: 2 (for 6468161718F774D1-0000000000000001)[0m
[0;32m[1784837138.689] [20868:20870] [DIS] Checking node lookup status for 6468161718F774D1-0000000000000001 after 1 ms[0m
[0;32m[1784837138.689] [20868:20870] [DIS] Keeping DNSSD lookup active[0m
[0;32m[1784837138.890] [20868:20870] [DIS] Checking node lookup status for 6468161718F774D1-0000000000000001 after 202 ms[0m
[0;34m[1784837138.890] [20868:20870] [DIS] OperationalSessionSetup[1:0000000000000001]: Updating device address to UDP:[fe80::bfe:a203:38f0:bce7%enp0s3]:5540 while in state 2[0m
[0;34m[1784837138.890] [20868:20870] [DIS] OperationalSessionSetup[1:0000000000000001]: State change 2 --> 3[0m
[0;34m[1784837138.890] [20868:20870] [IN] SecureSession[0x73d9b8009cd0]: Allocated Type:2 LSID:52942[0m
[0;32m[1784837138.890] [20868:20870] [SC] Initiating session on local FabricIndex 1 from 0x000000000001B669 -> 0x0000000000000001[0m
[0;32m[1784837138.891] [20868:20870] [EM] <<< [E:24922i S:0 M:93984990] (U) Msg TX from F2EFEF0E5F559DE8 to 0:0000000000000000 [0000] [UDP:[fe80::bfe:a203:38f0:bce7%enp0s3]:5540] --- Type 0000:30 (SecureChannel:CASE_Sigma1) (B:196)[0m
[0;32m[1784837138.891] [20868:20870] [EM] ??1 [E:24922i S:0 M:93984990] (U) Msg Retransmission to 0:0000000000000000 scheduled for 566ms from now [State:Idle II:500 AI:300 AT:4000][0m
[0;32m[1784837138.891] [20868:20870] [SC] Sent Sigma1 msg to <0000000000000001, 1> [II:500ms AI:300ms AT:4000ms][0m
[0;34m[1784837138.891] [20868:20870] [DIS] OperationalSessionSetup[1:0000000000000001]: State change 3 --> 4[0m
[0;32m[1784837138.893] [20868:20870] [EM] >>> [E:24922i S:0 M:174767714 (Ack:93984990)] (U) Msg RX from 0:0000000000000000 [0000] to F2EFEF0E5F559DE8 --- Type 0000:31 (SecureChannel:CASE_Sigma2) (B:751)[0m
[0;34m[1784837138.893] [20868:20870] [EM] Found matching exchange: 24922i, Delegate: 0x73d9b800b8e8[0m
[0;34m[1784837138.893] [20868:20870] [EM] Rxd Ack; Removing MessageCounter:93984990 from Retrans Table on exchange 24922i[0m
[0;32m[1784837138.893] [20868:20870] [SC] Received Sigma2 msg[0m
[0;34m[1784837138.893] [20868:20870] [SC] Found MRP parameters in the message[0m
[0;34m[1784837138.894] [20868:20870] [SC] Peer <0000000000000001, 1> assigned session ID 31316[0m
[0;34m[1784837138.894] [20868:20870] [SC] Sending Sigma3[0m
[0;32m[1784837138.894] [20868:20870] [EM] <<< [E:24922i S:0 M:93984991 (Ack:174767714)] (U) Msg TX from F2EFEF0E5F559DE8 to 0:0000000000000000 [0000] [UDP:[fe80::bfe:a203:38f0:bce7%enp0s3]:5540] --- Type 0000:32 (SecureChannel:CASE_Sigma3) (B:598)[0m
[0;32m[1784837138.894] [20868:20870] [EM] ??1 [E:24922i S:0 M:93984991] (U) Msg Retransmission to 0:0000000000000000 scheduled for 384ms from now [State:Active II:500 AI:300 AT:4000][0m
[0;32m[1784837138.894] [20868:20870] [SC] Sent Sigma3 msg[0m
[0;32m[1784837138.903] [20868:20870] [EM] >>> [E:24922i S:0 M:174767715 (Ack:93984991)] (U) Msg RX from 0:0000000000000000 [0000] to F2EFEF0E5F559DE8 --- Type 0000:40 (SecureChannel:StatusReport) (B:34)[0m
[0;34m[1784837138.903] [20868:20870] [EM] Found matching exchange: 24922i, Delegate: 0x73d9b800b8e8[0m
[0;34m[1784837138.903] [20868:20870] [EM] Rxd Ack; Removing MessageCounter:93984991 from Retrans Table on exchange 24922i[0m
[0;32m[1784837138.903] [20868:20870] [SC] Success status report received. Session was established[0m
[0;32m[1784837138.904] [20868:20870] [SC] SecureSession[0x73d9b8009cd0, LSID:52942]: State change 'kEstablishing' --> 'kActive'[0m
[0;34m[1784837138.904] [20868:20870] [IN] SecureSession[0x73d9b8009cd0]: Activated - Type:2 LSID:52942[0m
[0;34m[1784837138.904] [20868:20870] [IN] New secure session activated for device <0000000000000001, 1>, LSID:52942 PSID:31316![0m
[0;34m[1784837138.904] [20868:20870] [DIS] OperationalSessionSetup[1:0000000000000001]: State change 4 --> 5[0m
[0;32m[1784837138.904] [20868:20870] [TOO] Sending ReadAttribute to:[0m
[0;32m[1784837138.904] [20868:20870] [TOO] 	cluster 0x0000_0038, attribute: 0x0000_0000, endpoint 0[0m
[0;34m[1784837138.904] [20868:20870] [DMG] SendReadRequest ReadClient[0x73d9b800eef0]: Sending Read Request[0m
[0;32m[1784837138.904] [20868:20870] [DMG] 0 data version filters provided, 0 not relevant, 0 encoded, 0 skipped due to lack of space[0m
[0;32m[1784837138.904] [20868:20870] [EM] <<< [E:24923i S:52942 M:254462187] (S) Msg TX from 000000000001B669 to 1:0000000000000001 [74D1] [UDP:[fe80::bfe:a203:38f0:bce7%enp0s3]:5540] --- Type 0001:02 (IM:ReadRequest) (B:51)[0m
[0;32m[1784837138.905] [20868:20870] [EM] ??1 [E:24923i S:52942 M:254462187] (S) Msg Retransmission to 1:0000000000000001 scheduled for 388ms from now [State:Active II:500 AI:300 AT:4000][0m
[0;34m[1784837138.905] [20868:20870] [DMG] MoveToState ReadClient[0x73d9b800eef0]: Moving to [AwaitingIn][0m
[0;32m[1784837138.905] [20868:20870] [EM] <<< [E:24922i S:0 M:93984992 (Ack:174767715)] (U) Msg TX from F2EFEF0E5F559DE8 to 0:0000000000000000 [0000] [UDP:[fe80::bfe:a203:38f0:bce7%enp0s3]:5540] --- Type 0000:10 (SecureChannel:StandaloneAck) (B:26)[0m
[0;34m[1784837138.905] [20868:20870] [EM] Flushed pending ack for MessageCounter:174767715 on exchange 24922i[0m
[0;32m[1784837138.905] [20868:20870] [EM] >>> [E:24923i S:52942 M:9850485 (Ack:254462187)] (S) Msg RX from 1:0000000000000001 [74D1] to 000000000001B669 --- Type 0001:05 (IM:ReportData) (B:77)[0m
[0;34m[1784837138.905] [20868:20870] [EM] Found matching exchange: 24923i, Delegate: 0x73d9b800ef00[0m
[0;34m[1784837138.905] [20868:20870] [EM] Rxd Ack; Removing MessageCounter:254462187 from Retrans Table on exchange 24923i[0m
[0;34m[1784837138.905] [20868:20870] [DMG] ReportDataMessage =[0m
[0;34m[1784837138.905] [20868:20870] [DMG] {[0m
[0;34m[1784837138.905] [20868:20870] [DMG] 	AttributeReportIBs =[0m
[0;34m[1784837138.905] [20868:20870] [DMG] 	[[0m
[0;34m[1784837138.905] [20868:20870] [DMG] 		AttributeReportIB =[0m
[0;34m[1784837138.905] [20868:20870] [DMG] 		{[0m
[0;34m[1784837138.905] [20868:20870] [DMG] 			AttributeDataIB =[0m
[0;34m[1784837138.905] [20868:20870] [DMG] 			{[0m
[0;34m[1784837138.905] [20868:20870] [DMG] 				DataVersion = 0x7cfec951,[0m
[0;34m[1784837138.905] [20868:20870] [DMG] 				AttributePathIB =[0m
[0;34m[1784837138.905] [20868:20870] [DMG] 				{[0m
[0;34m[1784837138.905] [20868:20870] [DMG] 					Endpoint = 0x0,[0m
[0;34m[1784837138.905] [20868:20870] [DMG] 					Cluster = 0x38,[0m
[0;34m[1784837138.905] [20868:20870] [DMG] 					Attribute = 0x0000_0000,[0m
[0;34m[1784837138.905] [20868:20870] [DMG] 				}[0m
[0;34m[1784837138.905] [20868:20870] [DMG] 					[0m
[0;34m[1784837138.905] [20868:20870] [DMG] 				Data = 838152338905253 (unsigned), [0m
[0;34m[1784837138.905] [20868:20870] [DMG] 			},[0m
[0;34m[1784837138.905] [20868:20870] [DMG] 			[0m
[0;34m[1784837138.905] [20868:20870] [DMG] 		},[0m
[0;34m[1784837138.905] [20868:20870] [DMG] 		[0m
[0;34m[1784837138.905] [20868:20870] [DMG] 	],[0m
[0;34m[1784837138.905] [20868:20870] [DMG] 	[0m
[0;34m[1784837138.905] [20868:20870] [DMG] 	SuppressResponse = true, [0m
[0;34m[1784837138.905] [20868:20870] [DMG] 	InteractionModelRevision = 12[0m
[0;34m[1784837138.905] [20868:20870] [DMG] }[0m
[0;32m[1784837138.905] [20868:20870] [TOO] Endpoint: 0 Cluster: 0x0000_0038 Attribute 0x0000_0000 DataVersion: 2097072465[0m
[0;32m[1784837138.905] [20868:20870] [TOO]   UTCTime: 838152338905253[0m
[0;32m[1784837138.905] [20868:20870] [EM] <<< [E:24923i S:52942 M:254462188 (Ack:9850485)] (S) Msg TX from 000000000001B669 to 1:0000000000000001 [74D1] [UDP:[fe80::bfe:a203:38f0:bce7%enp0s3]:5540] --- Type 0000:10 (SecureChannel:StandaloneAck) (B:34)[0m
[0;34m[1784837138.905] [20868:20870] [EM] Flushed pending ack for MessageCounter:9850485 on exchange 24923i[0m
[0;34m[1784837138.906] [20868:20868] [CTL] Shutting down the commissioner[0m
[0;32m[1784837138.906] [20868:20868] [PAF] WiFiPAF: Closing all WiFiPAF sessions to shutdown[0m
[0;34m[1784837138.906] [20868:20868] [CTL] Shutting down the controller[0m
[0;34m[1784837138.906] [20868:20868] [IN] Expiring all sessions for fabric 0x1!![0m
[0;34m[1784837138.906] [20868:20868] [IN] SecureSession[0x73d9b8009cd0]: MarkForEviction Type:2 LSID:52942[0m
[0;32m[1784837138.906] [20868:20868] [SC] SecureSession[0x73d9b8009cd0, LSID:52942]: State change 'kActive' --> 'kPendingEviction'[0m
[0;34m[1784837138.906] [20868:20868] [IN] SecureSession[0x73d9b8009cd0]: Released - Type:2 LSID:52942[0m
[0;32m[1784837138.906] [20868:20868] [FP] Forgetting fabric 0x1[0m
[0;32m[1784837138.906] [20868:20868] [TS] Pending Last Known Good Time: 2023-10-14T01:16:48[0m
[0;32m[1784837138.906] [20868:20868] [TS] Previous Last Known Good Time: 2023-10-14T01:16:48[0m
[0;32m[1784837138.906] [20868:20868] [TS] Reverted Last Known Good Time to previous value[0m
[0;34m[1784837138.906] [20868:20868] [CTL] Shutting down the commissioner[0m
[0;32m[1784837138.906] [20868:20868] [PAF] WiFiPAF: Closing all WiFiPAF sessions to shutdown[0m
[0;34m[1784837138.906] [20868:20868] [CTL] Shutting down the controller[0m
[0;34m[1784837138.906] [20868:20868] [CTL] Shutting down the System State, this will teardown the CHIP Stack[0m
[0;34m[1784837138.906] [20868:20868] [DMG] All ReadHandler-s are clean, clear GlobalDirtySet[0m
[0;32m[1784837138.906] [20868:20868] [FP] Shutting down FabricTable[0m
[0;32m[1784837138.906] [20868:20868] [TS] Pending Last Known Good Time: 2023-10-14T01:16:48[0m
[0;32m[1784837138.906] [20868:20868] [TS] Previous Last Known Good Time: 2023-10-14T01:16:48[0m
[0;32m[1784837138.906] [20868:20868] [TS] Reverted Last Known Good Time to previous value[0m
[0;34m[1784837138.908] [20868:20868] [DL] Wrote settings to /tmp/chip_counters.ini[0m
[0;32m[1784837138.908] [20868:20868] [DL] NVS set: chip-counters/total-operational-hours = 0 (0x0)[0m
[0;32m[1784837138.908] [20868:20868] [DL] Inet Layer shutdown[0m
[0;32m[1784837138.908] [20868:20868] [DL] BLE Layer shutdown[0m
[0;32m[1784837138.908] [20868:20868] [DL] WiFi-PAF Layer shutdown[0m
[0;32m[1784837138.908] [20868:20868] [PAF] WiFiPAF: Closing all WiFiPAF sessions to shutdown[0m
[0;32m[1784837138.908] [20868:20868] [DL] System Layer shutdown[0m
