[0;34m[1784656230.516] [10699:10699] [DL] ChipLinuxStorage::Init: Using KVS config file: /tmp/chip_tool_kvs[0m
[1;31m[1784656230.518] [10699:10699] [DL] ChipLinuxStorage::Init: Attempt to re-initialize with KVS config file: /tmp/chip_kvs, IGNORING.[0m
[0;34m[1784656230.520] [10699:10699] [DL] ChipLinuxStorage::Init: Using KVS config file: /tmp/chip_factory.ini[0m
[0;34m[1784656230.520] [10699:10699] [DL] ChipLinuxStorage::Init: Using KVS config file: /tmp/chip_config.ini[0m
[0;34m[1784656230.520] [10699:10699] [DL] ChipLinuxStorage::Init: Using KVS config file: /tmp/chip_counters.ini[0m
[0;34m[1784656230.524] [10699:10699] [DL] Wrote settings to /tmp/chip_counters.ini[0m
[0;32m[1784656230.524] [10699:10699] [DL] NVS set: chip-counters/reboot-count = 3 (0x3)[0m
[0;32m[1784656230.525] [10699:10699] [DL] Got Ethernet interface: enp0s3[0m
[0;32m[1784656230.525] [10699:10699] [DL] Found the primary Ethernet interface:enp0s3[0m
[1;31m[1784656230.525] [10699:10699] [DL] Failed to get WiFi interface[0m
[1;31m[1784656230.525] [10699:10699] [DL] Failed to reset WiFi statistic counts[0m
[0;32m[1784656230.525] [10699:10699] [PAF] WiFiPAF: WiFiPAFLayer::Init()[0m
[0;34m[1784656230.525] [10699:10699] [IN] UDP::Init bind&listen port=0[0m
[0;34m[1784656230.525] [10699:10699] [IN] UDP::Init bound to port=41688[0m
[0;34m[1784656230.525] [10699:10699] [IN] UDP::Init bind&listen port=0[0m
[0;34m[1784656230.525] [10699:10699] [IN] UDP::Init bound to port=59141[0m
[0;34m[1784656230.525] [10699:10699] [IN] BLEBase::Init - setting/overriding transport[0m
[0;34m[1784656230.525] [10699:10699] [IN] WiFiPAFBase::Init - setting/overriding transport[0m
[0;34m[1784656230.525] [10699:10699] [IN] TransportMgr initialized[0m
[0;34m[1784656230.525] [10699:10699] [FP] Initializing FabricTable from persistent storage[0m
[0;32m[1784656230.525] [10699:10699] [TS] Last Known Good Time: 2023-10-14T01:16:48[0m
[0;32m[1784656230.525] [10699:10699] [FP] Fabric index 0x1 was retrieved from storage. Compressed FabricId 0xEAC93AF4D3F4A9E4, FabricId 0x0000000000000001, NodeId 0x000000000001B669, VendorId 0xFFF1[0m
[0;32m[1784656230.526] [10699:10699] [DMG] Ember attribute persistence requires setting up[0m
[0;32m[1784656230.526] [10699:10699] [ZCL] Using ZAP configuration...[0m
[0;34m[1784656230.526] [10699:10699] [CTL] System State Initialized...[0m
[0;32m[1784656230.527] [10699:10699] [CTL] Setting attestation nonce to random value[0m
[0;32m[1784656230.527] [10699:10699] [CTL] Setting CSR nonce to random value[0m
[0;34m[1784656230.527] [10699:10701] [DL] CHIP task running[0m
[0;32m[1784656230.527] [10699:10701] [CTL] Setting attestation nonce to random value[0m
[0;32m[1784656230.527] [10699:10701] [CTL] Setting CSR nonce to random value[0m
[0;32m[1784656230.527] [10699:10701] [CTL] Generating NOC[0m
[0;32m[1784656230.527] [10699:10701] [FP] Validating NOC chain[0m
[0;32m[1784656230.527] [10699:10701] [FP] NOC chain validation successful[0m
[0;32m[1784656230.527] [10699:10701] [FP] Updated fabric at index: 0x1, Node ID: 0x000000000001B669[0m
[0;32m[1784656230.527] [10699:10701] [TS] Last Known Good Time: 2023-10-14T01:16:48[0m
[0;32m[1784656230.527] [10699:10701] [TS] New proposed Last Known Good Time: 2021-01-01T00:00:00[0m
[0;32m[1784656230.527] [10699:10701] [TS] Retaining current Last Known Good Time[0m
[0;32m[1784656230.529] [10699:10701] [FP] Metadata for Fabric 0x1 persisted to storage.[0m
[0;32m[1784656230.530] [10699:10701] [TS] Committing Last Known Good Time to storage: 2023-10-14T01:16:48[0m
[0;32m[1784656230.531] [10699:10701] [CTL] Joined the fabric at index 1. Fabric ID is 0x0000000000000001 (Compressed Fabric ID: EAC93AF4D3F4A9E4)[0m
[0;32m[1784656230.537] [10699:10701] [TOO] Sending command to node 0x1[0m
[0;34m[1784656230.537] [10699:10701] [CSM] FindOrEstablishSession: PeerId = [1:0000000000000001][0m
[0;34m[1784656230.537] [10699:10701] [CSM] FindOrEstablishSession: No existing OperationalSessionSetup instance found[0m
[0;34m[1784656230.537] [10699:10701] [DIS] OperationalSessionSetup[1:0000000000000001]: State change 1 --> 2[0m
[0;32m[1784656230.538] [10699:10701] [DIS] Lookup started for EAC93AF4D3F4A9E4-0000000000000001[0m
[0;32m[1784656230.538] [10699:10701] [DIS] UDP:[fe80::bfe:a203:38f0:bce7%enp0s3]:5540: new best score: 7 (for EAC93AF4D3F4A9E4-0000000000000001)[0m
[0;34m[1784656230.538] [10699:10701] [DIS] Lookup clearing interface for non LL address[0m
[0;32m[1784656230.538] [10699:10701] [DIS] UDP:10.0.2.15%enp0s3:5540: new best score: 2 (for EAC93AF4D3F4A9E4-0000000000000001)[0m
[0;32m[1784656230.538] [10699:10701] [DIS] Checking node lookup status for EAC93AF4D3F4A9E4-0000000000000001 after 0 ms[0m
[0;32m[1784656230.538] [10699:10701] [DIS] Keeping DNSSD lookup active[0m
[0;32m[1784656230.538] [10699:10701] [DIS] UDP:[fe80::bfe:a203:38f0:bce7%enp0s3]:5540: score has not improved: 7 (for EAC93AF4D3F4A9E4-0000000000000001)[0m
[0;34m[1784656230.538] [10699:10701] [DIS] Lookup clearing interface for non LL address[0m
[0;32m[1784656230.538] [10699:10701] [DIS] UDP:10.0.2.15%enp0s3:5540: score has not improved: 2 (for EAC93AF4D3F4A9E4-0000000000000001)[0m
[0;32m[1784656230.538] [10699:10701] [DIS] Checking node lookup status for EAC93AF4D3F4A9E4-0000000000000001 after 1 ms[0m
[0;32m[1784656230.538] [10699:10701] [DIS] Keeping DNSSD lookup active[0m
[0;32m[1784656230.738] [10699:10701] [DIS] Checking node lookup status for EAC93AF4D3F4A9E4-0000000000000001 after 200 ms[0m
[0;34m[1784656230.738] [10699:10701] [DIS] OperationalSessionSetup[1:0000000000000001]: Updating device address to UDP:[fe80::bfe:a203:38f0:bce7%enp0s3]:5540 while in state 2[0m
[0;34m[1784656230.738] [10699:10701] [DIS] OperationalSessionSetup[1:0000000000000001]: State change 2 --> 3[0m
[0;34m[1784656230.738] [10699:10701] [IN] SecureSession[0x792008009cd0]: Allocated Type:2 LSID:31444[0m
[0;32m[1784656230.738] [10699:10701] [SC] Initiating session on local FabricIndex 1 from 0x000000000001B669 -> 0x0000000000000001[0m
[0;32m[1784656230.738] [10699:10701] [EM] <<< [E:37965i S:0 M:126956579] (U) Msg TX from D206364B6374E8E7 to 0:0000000000000000 [0000] [UDP:[fe80::bfe:a203:38f0:bce7%enp0s3]:5540] --- Type 0000:30 (SecureChannel:CASE_Sigma1) (B:196)[0m
[0;32m[1784656230.738] [10699:10701] [EM] ??1 [E:37965i S:0 M:126956579] (U) Msg Retransmission to 0:0000000000000000 scheduled for 632ms from now [State:Idle II:500 AI:300 AT:4000][0m
[0;32m[1784656230.738] [10699:10701] [SC] Sent Sigma1 msg to <0000000000000001, 1> [II:500ms AI:300ms AT:4000ms][0m
[0;34m[1784656230.738] [10699:10701] [DIS] OperationalSessionSetup[1:0000000000000001]: State change 3 --> 4[0m
[0;32m[1784656230.740] [10699:10701] [EM] >>> [E:37965i S:0 M:263104029 (Ack:126956579)] (U) Msg RX from 0:0000000000000000 [0000] to D206364B6374E8E7 --- Type 0000:31 (SecureChannel:CASE_Sigma2) (B:751)[0m
[0;34m[1784656230.740] [10699:10701] [EM] Found matching exchange: 37965i, Delegate: 0x79200800b8e8[0m
[0;34m[1784656230.740] [10699:10701] [EM] Rxd Ack; Removing MessageCounter:126956579 from Retrans Table on exchange 37965i[0m
[0;32m[1784656230.740] [10699:10701] [SC] Received Sigma2 msg[0m
[0;34m[1784656230.740] [10699:10701] [SC] Found MRP parameters in the message[0m
[0;34m[1784656230.741] [10699:10701] [SC] Peer <0000000000000001, 1> assigned session ID 55692[0m
[0;34m[1784656230.741] [10699:10701] [SC] Sending Sigma3[0m
[0;32m[1784656230.741] [10699:10701] [EM] <<< [E:37965i S:0 M:126956580 (Ack:263104029)] (U) Msg TX from D206364B6374E8E7 to 0:0000000000000000 [0000] [UDP:[fe80::bfe:a203:38f0:bce7%enp0s3]:5540] --- Type 0000:32 (SecureChannel:CASE_Sigma3) (B:598)[0m
[0;32m[1784656230.741] [10699:10701] [EM] ??1 [E:37965i S:0 M:126956580] (U) Msg Retransmission to 0:0000000000000000 scheduled for 365ms from now [State:Active II:500 AI:300 AT:4000][0m
[0;32m[1784656230.741] [10699:10701] [SC] Sent Sigma3 msg[0m
[0;32m[1784656230.754] [10699:10701] [EM] >>> [E:37965i S:0 M:263104030 (Ack:126956580)] (U) Msg RX from 0:0000000000000000 [0000] to D206364B6374E8E7 --- Type 0000:40 (SecureChannel:StatusReport) (B:34)[0m
[0;34m[1784656230.754] [10699:10701] [EM] Found matching exchange: 37965i, Delegate: 0x79200800b8e8[0m
[0;34m[1784656230.754] [10699:10701] [EM] Rxd Ack; Removing MessageCounter:126956580 from Retrans Table on exchange 37965i[0m
[0;32m[1784656230.754] [10699:10701] [SC] Success status report received. Session was established[0m
[0;32m[1784656230.756] [10699:10701] [SC] SecureSession[0x792008009cd0, LSID:31444]: State change 'kEstablishing' --> 'kActive'[0m
[0;34m[1784656230.756] [10699:10701] [IN] SecureSession[0x792008009cd0]: Activated - Type:2 LSID:31444[0m
[0;34m[1784656230.756] [10699:10701] [IN] New secure session activated for device <0000000000000001, 1>, LSID:31444 PSID:55692![0m
[0;34m[1784656230.757] [10699:10701] [DIS] OperationalSessionSetup[1:0000000000000001]: State change 4 --> 5[0m
[0;32m[1784656230.757] [10699:10701] [TOO] Sending cluster (0x00000030) command (0x00000000) on endpoint 0[0m
[0;34m[1784656230.757] [10699:10701] [DMG] ICR moving to [AddingComm][0m
[0;34m[1784656230.757] [10699:10701] [DMG] ICR moving to [AddedComma][0m
[0;32m[1784656230.757] [10699:10701] [EM] <<< [E:37966i S:31444 M:155865332] (S) Msg TX from 000000000001B669 to 1:0000000000000001 [A9E4] [UDP:[fe80::bfe:a203:38f0:bce7%enp0s3]:5540] --- Type 0001:08 (IM:InvokeCommandRequest) (B:65)[0m
[0;32m[1784656230.757] [10699:10701] [EM] ??1 [E:37966i S:31444 M:155865332] (S) Msg Retransmission to 1:0000000000000001 scheduled for 336ms from now [State:Active II:500 AI:300 AT:4000][0m
[0;34m[1784656230.757] [10699:10701] [DMG] ICR moving to [AwaitingRe][0m
[0;32m[1784656230.757] [10699:10701] [EM] <<< [E:37965i S:0 M:126956581 (Ack:263104030)] (U) Msg TX from D206364B6374E8E7 to 0:0000000000000000 [0000] [UDP:[fe80::bfe:a203:38f0:bce7%enp0s3]:5540] --- Type 0000:10 (SecureChannel:StandaloneAck) (B:26)[0m
[0;34m[1784656230.757] [10699:10701] [EM] Flushed pending ack for MessageCounter:263104030 on exchange 37965i[0m
[0;32m[1784656230.758] [10699:10701] [EM] >>> [E:37966i S:31444 M:197441991 (Ack:155865332)] (S) Msg RX from 1:0000000000000001 [A9E4] to 000000000001B669 --- Type 0001:09 (IM:InvokeCommandResponse) (B:70)[0m
[0;34m[1784656230.758] [10699:10701] [EM] Found matching exchange: 37966i, Delegate: 0x79200800eef8[0m
[0;34m[1784656230.758] [10699:10701] [EM] Rxd Ack; Removing MessageCounter:155865332 from Retrans Table on exchange 37966i[0m
[0;34m[1784656230.758] [10699:10701] [DMG] ICR moving to [ResponseRe][0m
[0;34m[1784656230.758] [10699:10701] [DMG] InvokeResponseMessage =[0m
[0;34m[1784656230.758] [10699:10701] [DMG] {[0m
[0;34m[1784656230.758] [10699:10701] [DMG] 	suppressResponse = false, [0m
[0;34m[1784656230.758] [10699:10701] [DMG] 	InvokeResponseIBs =[0m
[0;34m[1784656230.758] [10699:10701] [DMG] 	[[0m
[0;34m[1784656230.758] [10699:10701] [DMG] 		InvokeResponseIB =[0m
[0;34m[1784656230.758] [10699:10701] [DMG] 		{[0m
[0;34m[1784656230.758] [10699:10701] [DMG] 			CommandDataIB =[0m
[0;34m[1784656230.758] [10699:10701] [DMG] 			{[0m
[0;34m[1784656230.758] [10699:10701] [DMG] 				CommandPathIB =[0m
[0;34m[1784656230.758] [10699:10701] [DMG] 				{[0m
[0;34m[1784656230.758] [10699:10701] [DMG] 					EndpointId = 0x0,[0m
[0;34m[1784656230.758] [10699:10701] [DMG] 					ClusterId = 0x30,[0m
[0;34m[1784656230.758] [10699:10701] [DMG] 					CommandId = 0x1,[0m
[0;34m[1784656230.758] [10699:10701] [DMG] 				},[0m
[0;34m[1784656230.758] [10699:10701] [DMG] 				[0m
[0;34m[1784656230.758] [10699:10701] [DMG] 				CommandFields = [0m
[0;34m[1784656230.758] [10699:10701] [DMG] 				{[0m
[0;34m[1784656230.758] [10699:10701] [DMG] 					0x0 = 0 (unsigned), [0m
[0;34m[1784656230.758] [10699:10701] [DMG] 					0x1 = "" (0 chars), [0m
[0;34m[1784656230.758] [10699:10701] [DMG] 				},[0m
[0;34m[1784656230.758] [10699:10701] [DMG] 			},[0m
[0;34m[1784656230.758] [10699:10701] [DMG] 			[0m
[0;34m[1784656230.758] [10699:10701] [DMG] 		},[0m
[0;34m[1784656230.758] [10699:10701] [DMG] 		[0m
[0;34m[1784656230.758] [10699:10701] [DMG] 	],[0m
[0;34m[1784656230.758] [10699:10701] [DMG] 	[0m
[0;34m[1784656230.758] [10699:10701] [DMG] 	InteractionModelRevision = 12[0m
[0;34m[1784656230.758] [10699:10701] [DMG] },[0m
[0;32m[1784656230.758] [10699:10701] [DMG] Received Command Response Data, Endpoint=0 Cluster=0x0000_0030 Command=0x0000_0001[0m
[0;32m[1784656230.758] [10699:10701] [TOO] Endpoint: 0 Cluster: 0x0000_0030 Command 0x0000_0001[0m
[0;32m[1784656230.758] [10699:10701] [TOO]   ArmFailSafeResponse: {[0m
[0;32m[1784656230.758] [10699:10701] [TOO]     errorCode: 0[0m
[0;32m[1784656230.758] [10699:10701] [TOO]     debugText: [0m
[0;32m[1784656230.758] [10699:10701] [TOO]    }[0m
[0;34m[1784656230.758] [10699:10701] [DMG] ICR moving to [AwaitingDe][0m
[0;32m[1784656230.758] [10699:10701] [EM] <<< [E:37966i S:31444 M:155865333 (Ack:197441991)] (S) Msg TX from 000000000001B669 to 1:0000000000000001 [A9E4] [UDP:[fe80::bfe:a203:38f0:bce7%enp0s3]:5540] --- Type 0000:10 (SecureChannel:StandaloneAck) (B:34)[0m
[0;34m[1784656230.758] [10699:10701] [EM] Flushed pending ack for MessageCounter:197441991 on exchange 37966i[0m
[0;34m[1784656230.758] [10699:10699] [CTL] Shutting down the commissioner[0m
[0;32m[1784656230.758] [10699:10699] [PAF] WiFiPAF: Closing all WiFiPAF sessions to shutdown[0m
[0;34m[1784656230.758] [10699:10699] [CTL] Shutting down the controller[0m
[0;34m[1784656230.758] [10699:10699] [IN] Expiring all sessions for fabric 0x1!![0m
[0;34m[1784656230.758] [10699:10699] [IN] SecureSession[0x792008009cd0]: MarkForEviction Type:2 LSID:31444[0m
[0;32m[1784656230.758] [10699:10699] [SC] SecureSession[0x792008009cd0, LSID:31444]: State change 'kActive' --> 'kPendingEviction'[0m
[0;34m[1784656230.758] [10699:10699] [IN] SecureSession[0x792008009cd0]: Released - Type:2 LSID:31444[0m
[0;32m[1784656230.758] [10699:10699] [FP] Forgetting fabric 0x1[0m
[0;32m[1784656230.758] [10699:10699] [TS] Pending Last Known Good Time: 2023-10-14T01:16:48[0m
[0;32m[1784656230.758] [10699:10699] [TS] Previous Last Known Good Time: 2023-10-14T01:16:48[0m
[0;32m[1784656230.758] [10699:10699] [TS] Reverted Last Known Good Time to previous value[0m
[0;34m[1784656230.758] [10699:10699] [CTL] Shutting down the commissioner[0m
[0;32m[1784656230.758] [10699:10699] [PAF] WiFiPAF: Closing all WiFiPAF sessions to shutdown[0m
[0;34m[1784656230.758] [10699:10699] [CTL] Shutting down the controller[0m
[0;34m[1784656230.758] [10699:10699] [CTL] Shutting down the System State, this will teardown the CHIP Stack[0m
[0;34m[1784656230.759] [10699:10699] [DMG] All ReadHandler-s are clean, clear GlobalDirtySet[0m
[0;32m[1784656230.759] [10699:10699] [FP] Shutting down FabricTable[0m
[0;32m[1784656230.759] [10699:10699] [TS] Pending Last Known Good Time: 2023-10-14T01:16:48[0m
[0;32m[1784656230.759] [10699:10699] [TS] Previous Last Known Good Time: 2023-10-14T01:16:48[0m
[0;32m[1784656230.759] [10699:10699] [TS] Reverted Last Known Good Time to previous value[0m
[0;34m[1784656230.766] [10699:10699] [DL] Wrote settings to /tmp/chip_counters.ini[0m
[0;32m[1784656230.766] [10699:10699] [DL] NVS set: chip-counters/total-operational-hours = 0 (0x0)[0m
[0;32m[1784656230.766] [10699:10699] [DL] Inet Layer shutdown[0m
[0;32m[1784656230.766] [10699:10699] [DL] BLE Layer shutdown[0m
[0;32m[1784656230.766] [10699:10699] [DL] WiFi-PAF Layer shutdown[0m
[0;32m[1784656230.766] [10699:10699] [PAF] WiFiPAF: Closing all WiFiPAF sessions to shutdown[0m
[0;32m[1784656230.766] [10699:10699] [DL] System Layer shutdown[0m
