[0;34m[1784656230.852] [10703:10703] [DL] ChipLinuxStorage::Init: Using KVS config file: /tmp/chip_tool_kvs[0m
[1;31m[1784656230.853] [10703:10703] [DL] ChipLinuxStorage::Init: Attempt to re-initialize with KVS config file: /tmp/chip_kvs, IGNORING.[0m
[0;34m[1784656230.855] [10703:10703] [DL] ChipLinuxStorage::Init: Using KVS config file: /tmp/chip_factory.ini[0m
[0;34m[1784656230.855] [10703:10703] [DL] ChipLinuxStorage::Init: Using KVS config file: /tmp/chip_config.ini[0m
[0;34m[1784656230.855] [10703:10703] [DL] ChipLinuxStorage::Init: Using KVS config file: /tmp/chip_counters.ini[0m
[0;34m[1784656230.859] [10703:10703] [DL] Wrote settings to /tmp/chip_counters.ini[0m
[0;32m[1784656230.859] [10703:10703] [DL] NVS set: chip-counters/reboot-count = 4 (0x4)[0m
[0;32m[1784656230.859] [10703:10703] [DL] Got Ethernet interface: enp0s3[0m
[0;32m[1784656230.859] [10703:10703] [DL] Found the primary Ethernet interface:enp0s3[0m
[1;31m[1784656230.859] [10703:10703] [DL] Failed to get WiFi interface[0m
[1;31m[1784656230.859] [10703:10703] [DL] Failed to reset WiFi statistic counts[0m
[0;32m[1784656230.859] [10703:10703] [PAF] WiFiPAF: WiFiPAFLayer::Init()[0m
[0;34m[1784656230.859] [10703:10703] [IN] UDP::Init bind&listen port=0[0m
[0;34m[1784656230.859] [10703:10703] [IN] UDP::Init bound to port=34162[0m
[0;34m[1784656230.859] [10703:10703] [IN] UDP::Init bind&listen port=0[0m
[0;34m[1784656230.859] [10703:10703] [IN] UDP::Init bound to port=58134[0m
[0;34m[1784656230.859] [10703:10703] [IN] BLEBase::Init - setting/overriding transport[0m
[0;34m[1784656230.859] [10703:10703] [IN] WiFiPAFBase::Init - setting/overriding transport[0m
[0;34m[1784656230.859] [10703:10703] [IN] TransportMgr initialized[0m
[0;34m[1784656230.859] [10703:10703] [FP] Initializing FabricTable from persistent storage[0m
[0;32m[1784656230.859] [10703:10703] [TS] Last Known Good Time: 2023-10-14T01:16:48[0m
[0;32m[1784656230.860] [10703:10703] [FP] Fabric index 0x1 was retrieved from storage. Compressed FabricId 0xEAC93AF4D3F4A9E4, FabricId 0x0000000000000001, NodeId 0x000000000001B669, VendorId 0xFFF1[0m
[0;32m[1784656230.860] [10703:10703] [DMG] Ember attribute persistence requires setting up[0m
[0;32m[1784656230.860] [10703:10703] [ZCL] Using ZAP configuration...[0m
[0;34m[1784656230.861] [10703:10703] [CTL] System State Initialized...[0m
[0;32m[1784656230.861] [10703:10703] [CTL] Setting attestation nonce to random value[0m
[0;32m[1784656230.861] [10703:10703] [CTL] Setting CSR nonce to random value[0m
[0;34m[1784656230.861] [10703:10705] [DL] CHIP task running[0m
[0;32m[1784656230.861] [10703:10705] [CTL] Setting attestation nonce to random value[0m
[0;32m[1784656230.861] [10703:10705] [CTL] Setting CSR nonce to random value[0m
[0;32m[1784656230.861] [10703:10705] [CTL] Generating NOC[0m
[0;32m[1784656230.861] [10703:10705] [FP] Validating NOC chain[0m
[0;32m[1784656230.862] [10703:10705] [FP] NOC chain validation successful[0m
[0;32m[1784656230.862] [10703:10705] [FP] Updated fabric at index: 0x1, Node ID: 0x000000000001B669[0m
[0;32m[1784656230.862] [10703:10705] [TS] Last Known Good Time: 2023-10-14T01:16:48[0m
[0;32m[1784656230.862] [10703:10705] [TS] New proposed Last Known Good Time: 2021-01-01T00:00:00[0m
[0;32m[1784656230.862] [10703:10705] [TS] Retaining current Last Known Good Time[0m
[0;32m[1784656230.863] [10703:10705] [FP] Metadata for Fabric 0x1 persisted to storage.[0m
[0;32m[1784656230.864] [10703:10705] [TS] Committing Last Known Good Time to storage: 2023-10-14T01:16:48[0m
[0;32m[1784656230.866] [10703:10705] [CTL] Joined the fabric at index 1. Fabric ID is 0x0000000000000001 (Compressed Fabric ID: EAC93AF4D3F4A9E4)[0m
[0;32m[1784656230.870] [10703:10705] [TOO] Sending command to node 0x1[0m
[0;34m[1784656230.870] [10703:10705] [CSM] FindOrEstablishSession: PeerId = [1:0000000000000001][0m
[0;34m[1784656230.870] [10703:10705] [CSM] FindOrEstablishSession: No existing OperationalSessionSetup instance found[0m
[0;34m[1784656230.870] [10703:10705] [DIS] OperationalSessionSetup[1:0000000000000001]: State change 1 --> 2[0m
[0;32m[1784656230.871] [10703:10705] [DIS] Lookup started for EAC93AF4D3F4A9E4-0000000000000001[0m
[0;32m[1784656230.871] [10703:10705] [DIS] UDP:[fe80::bfe:a203:38f0:bce7%enp0s3]:5540: new best score: 7 (for EAC93AF4D3F4A9E4-0000000000000001)[0m
[0;34m[1784656230.871] [10703:10705] [DIS] Lookup clearing interface for non LL address[0m
[0;32m[1784656230.871] [10703:10705] [DIS] UDP:10.0.2.15%enp0s3:5540: new best score: 2 (for EAC93AF4D3F4A9E4-0000000000000001)[0m
[0;32m[1784656230.871] [10703:10705] [DIS] Checking node lookup status for EAC93AF4D3F4A9E4-0000000000000001 after 0 ms[0m
[0;32m[1784656230.871] [10703:10705] [DIS] Keeping DNSSD lookup active[0m
[0;32m[1784656230.871] [10703:10705] [DIS] UDP:[fe80::bfe:a203:38f0:bce7%enp0s3]:5540: score has not improved: 7 (for EAC93AF4D3F4A9E4-0000000000000001)[0m
[0;34m[1784656230.871] [10703:10705] [DIS] Lookup clearing interface for non LL address[0m
[0;32m[1784656230.871] [10703:10705] [DIS] UDP:10.0.2.15%enp0s3:5540: score has not improved: 2 (for EAC93AF4D3F4A9E4-0000000000000001)[0m
[0;32m[1784656230.871] [10703:10705] [DIS] Checking node lookup status for EAC93AF4D3F4A9E4-0000000000000001 after 0 ms[0m
[0;32m[1784656230.871] [10703:10705] [DIS] Keeping DNSSD lookup active[0m
[0;32m[1784656231.075] [10703:10705] [DIS] Checking node lookup status for EAC93AF4D3F4A9E4-0000000000000001 after 204 ms[0m
[0;34m[1784656231.075] [10703:10705] [DIS] OperationalSessionSetup[1:0000000000000001]: Updating device address to UDP:[fe80::bfe:a203:38f0:bce7%enp0s3]:5540 while in state 2[0m
[0;34m[1784656231.075] [10703:10705] [DIS] OperationalSessionSetup[1:0000000000000001]: State change 2 --> 3[0m
[0;34m[1784656231.075] [10703:10705] [IN] SecureSession[0x7c14b8009cd0]: Allocated Type:2 LSID:53500[0m
[0;32m[1784656231.075] [10703:10705] [SC] Initiating session on local FabricIndex 1 from 0x000000000001B669 -> 0x0000000000000001[0m
[0;32m[1784656231.075] [10703:10705] [EM] <<< [E:56261i S:0 M:171292109] (U) Msg TX from 5EF1835F74740E47 to 0:0000000000000000 [0000] [UDP:[fe80::bfe:a203:38f0:bce7%enp0s3]:5540] --- Type 0000:30 (SecureChannel:CASE_Sigma1) (B:196)[0m
[0;32m[1784656231.076] [10703:10705] [EM] ??1 [E:56261i S:0 M:171292109] (U) Msg Retransmission to 0:0000000000000000 scheduled for 637ms from now [State:Idle II:500 AI:300 AT:4000][0m
[0;32m[1784656231.076] [10703:10705] [SC] Sent Sigma1 msg to <0000000000000001, 1> [II:500ms AI:300ms AT:4000ms][0m
[0;34m[1784656231.076] [10703:10705] [DIS] OperationalSessionSetup[1:0000000000000001]: State change 3 --> 4[0m
[0;32m[1784656231.076] [10703:10705] [EM] >>> [E:56261i S:0 M:263104031 (Ack:171292109)] (U) Msg RX from 0:0000000000000000 [0000] to 5EF1835F74740E47 --- Type 0000:31 (SecureChannel:CASE_Sigma2) (B:751)[0m
[0;34m[1784656231.076] [10703:10705] [EM] Found matching exchange: 56261i, Delegate: 0x7c14b800b8e8[0m
[0;34m[1784656231.076] [10703:10705] [EM] Rxd Ack; Removing MessageCounter:171292109 from Retrans Table on exchange 56261i[0m
[0;32m[1784656231.076] [10703:10705] [SC] Received Sigma2 msg[0m
[0;34m[1784656231.076] [10703:10705] [SC] Found MRP parameters in the message[0m
[0;34m[1784656231.077] [10703:10705] [SC] Peer <0000000000000001, 1> assigned session ID 55693[0m
[0;34m[1784656231.077] [10703:10705] [SC] Sending Sigma3[0m
[0;32m[1784656231.077] [10703:10705] [EM] <<< [E:56261i S:0 M:171292110 (Ack:263104031)] (U) Msg TX from 5EF1835F74740E47 to 0:0000000000000000 [0000] [UDP:[fe80::bfe:a203:38f0:bce7%enp0s3]:5540] --- Type 0000:32 (SecureChannel:CASE_Sigma3) (B:598)[0m
[0;32m[1784656231.078] [10703:10705] [EM] ??1 [E:56261i S:0 M:171292110] (U) Msg Retransmission to 0:0000000000000000 scheduled for 366ms from now [State:Active II:500 AI:300 AT:4000][0m
[0;32m[1784656231.078] [10703:10705] [SC] Sent Sigma3 msg[0m
[0;32m[1784656231.086] [10703:10705] [EM] >>> [E:56261i S:0 M:263104032 (Ack:171292110)] (U) Msg RX from 0:0000000000000000 [0000] to 5EF1835F74740E47 --- Type 0000:40 (SecureChannel:StatusReport) (B:34)[0m
[0;34m[1784656231.086] [10703:10705] [EM] Found matching exchange: 56261i, Delegate: 0x7c14b800b8e8[0m
[0;34m[1784656231.086] [10703:10705] [EM] Rxd Ack; Removing MessageCounter:171292110 from Retrans Table on exchange 56261i[0m
[0;32m[1784656231.086] [10703:10705] [SC] Success status report received. Session was established[0m
[0;32m[1784656231.087] [10703:10705] [SC] SecureSession[0x7c14b8009cd0, LSID:53500]: State change 'kEstablishing' --> 'kActive'[0m
[0;34m[1784656231.087] [10703:10705] [IN] SecureSession[0x7c14b8009cd0]: Activated - Type:2 LSID:53500[0m
[0;34m[1784656231.087] [10703:10705] [IN] New secure session activated for device <0000000000000001, 1>, LSID:53500 PSID:55693![0m
[0;34m[1784656231.087] [10703:10705] [DIS] OperationalSessionSetup[1:0000000000000001]: State change 4 --> 5[0m
[0;32m[1784656231.087] [10703:10705] [TOO] Sending cluster (0x0000003E) command (0x00000004) on endpoint 0[0m
[0;34m[1784656231.087] [10703:10705] [DMG] ICR moving to [AddingComm][0m
[0;34m[1784656231.087] [10703:10705] [DMG] ICR moving to [AddedComma][0m
[0;32m[1784656231.087] [10703:10705] [EM] <<< [E:56262i S:53500 M:128469017] (S) Msg TX from 000000000001B669 to 1:0000000000000001 [A9E4] [UDP:[fe80::bfe:a203:38f0:bce7%enp0s3]:5540] --- Type 0001:08 (IM:InvokeCommandRequest) (B:96)[0m
[0;32m[1784656231.088] [10703:10705] [EM] ??1 [E:56262i S:53500 M:128469017] (S) Msg Retransmission to 1:0000000000000001 scheduled for 369ms from now [State:Active II:500 AI:300 AT:4000][0m
[0;34m[1784656231.088] [10703:10705] [DMG] ICR moving to [AwaitingRe][0m
[0;32m[1784656231.088] [10703:10705] [EM] <<< [E:56261i S:0 M:171292111 (Ack:263104032)] (U) Msg TX from 5EF1835F74740E47 to 0:0000000000000000 [0000] [UDP:[fe80::bfe:a203:38f0:bce7%enp0s3]:5540] --- Type 0000:10 (SecureChannel:StandaloneAck) (B:26)[0m
[0;34m[1784656231.088] [10703:10705] [EM] Flushed pending ack for MessageCounter:263104032 on exchange 56261i[0m
[0;32m[1784656231.088] [10703:10705] [EM] >>> [E:56262i S:53500 M:92523265 (Ack:128469017)] (S) Msg RX from 1:0000000000000001 [A9E4] to 000000000001B669 --- Type 0001:09 (IM:InvokeCommandResponse) (B:378)[0m
[0;34m[1784656231.088] [10703:10705] [EM] Found matching exchange: 56262i, Delegate: 0x7c14b800eef8[0m
[0;34m[1784656231.088] [10703:10705] [EM] Rxd Ack; Removing MessageCounter:128469017 from Retrans Table on exchange 56262i[0m
[0;34m[1784656231.088] [10703:10705] [DMG] ICR moving to [ResponseRe][0m
[0;34m[1784656231.088] [10703:10705] [DMG] InvokeResponseMessage =[0m
[0;34m[1784656231.088] [10703:10705] [DMG] {[0m
[0;34m[1784656231.088] [10703:10705] [DMG] 	suppressResponse = false, [0m
[0;34m[1784656231.088] [10703:10705] [DMG] 	InvokeResponseIBs =[0m
[0;34m[1784656231.088] [10703:10705] [DMG] 	[[0m
[0;34m[1784656231.088] [10703:10705] [DMG] 		InvokeResponseIB =[0m
[0;34m[1784656231.088] [10703:10705] [DMG] 		{[0m
[0;34m[1784656231.088] [10703:10705] [DMG] 			CommandDataIB =[0m
[0;34m[1784656231.088] [10703:10705] [DMG] 			{[0m
[0;34m[1784656231.088] [10703:10705] [DMG] 				CommandPathIB =[0m
[0;34m[1784656231.088] [10703:10705] [DMG] 				{[0m
[0;34m[1784656231.088] [10703:10705] [DMG] 					EndpointId = 0x0,[0m
[0;34m[1784656231.088] [10703:10705] [DMG] 					ClusterId = 0x3e,[0m
[0;34m[1784656231.088] [10703:10705] [DMG] 					CommandId = 0x5,[0m
[0;34m[1784656231.088] [10703:10705] [DMG] 				},[0m
[0;34m[1784656231.088] [10703:10705] [DMG] 				[0m
[0;34m[1784656231.088] [10703:10705] [DMG] 				CommandFields = [0m
[0;34m[1784656231.088] [10703:10705] [DMG] 				{[0m
[0;34m[1784656231.088] [10703:10705] [DMG] 					0x0 = [[0m
[0;34m[1784656231.088] [10703:10705] [DMG] 							0x15, 0x30, 0x01, 0xcc, 0x30, 0x81, 0xc9, 0x30, 0x70, 0x02, 0x01, 0x00, 0x30, 0x0e, 0x31, 0x0c, 0x30, 0x0a, 0x06, 0x03, 0x55, 0x04, 0x0a, 0x0c, 0x03, 0x43, 0x53, 0x52, 0x30, 0x59, 0x30, 0x13, 0x06, 0x07, 0x2a, 0x86, 0x48, 0xce, 0x3d, 0x02, 0x01, 0x06, 0x08, 0x2a, 0x86, 0x48, 0xce, 0x3d, 0x03, 0x01, 0x07, 0x03, 0x42, 0x00, 0x04, 0x03, 0xe8, 0x20, 0xae, 0x00, 0x7d, 0xd1, 0x74, 0x3a, 0x45, 0xf1, 0x25, 0xfa, 0x2b, 0x03, 0xe7, 0xf5, 0xbf, 0x6f, 0x7f, 0x5d, 0x80, 0xa1, 0xe0, 0xbf, 0x67, 0xca, 0xa6, 0xed, 0xfe, 0x52, 0x10, 0x5d, 0xf5, 0x3d, 0x5a, 0xc7, 0x50, 0x6e, 0xf1, 0x85, 0x10, 0x70, 0x01, 0x24, 0x11, 0xb2, 0x10, 0x51, 0xe6, 0xa1, 0xdd, 0x18, 0x85, 0x0f, 0xe6, 0x91, 0xb6, 0x3f, 0xbb, 0x4a, 0x1e, 0xf3, 0x6f, 0xa0, 0x00, 0x30, 0x0a, 0x06, 0x08, 0x2a, 0x86, 0x48, 0xce, 0x3d, 0x04, 0x03, 0x02, 0x03, 0x49, 0x00, 0x30, 0x46, 0x02, 0x21, 0x00, 0xd1, 0x5b, 0xc0, 0x8c, 0xdd, 0x4c, 0xd5, 0xdf, 0x5b, 0xc0, 0x9f, 0x2d, 0x70, 0x3d, 0xa6, 0x42, 0x2a, 0x7e, 0x93, 0x58, 0x44, 0xdf, 0xa8, 0xa9, 0xbf, 0x5e, 0x99, 0xda, 0xf5, 0xf7, 0xea, 0x52, 0x02, 0x21, 0x00, 0xd8, 0x4f, 0x91, 0x0a, 0x16, 0x73, 0x84, 0x03, 0xcc, 0x6d, 0x78, 0x57, 0xfa, 0xed, 0x51, 0x56, 0x7a, 0x23, 0x90, 0xcf, 0x80, 0x7e, 0x4b, 0xa9, 0xa8, 0xa1, 0xd5, 0xa0, 0x16, 0x12, 0xa0, 0xb9, 0x30, 0x02, 0x20, 0x60, 0xfa, 0xd5, 0x8a, 0x9b, 0x1c, 0x3d, 0xf2, 0xaf, 0x71, 0x05, 0x18, 0x96, 0xa4, 0x13, 0x2a, 0xf2, 0x2d, 0x5d, 0x2d, 0xd4, 0xdc, 0x9b, 0xa5, 0xd5, 0xf8, 0x37, 0x62, 0x1c, 0xc9, 0x60, 0xbf, 0x18, [0m
[0;34m[1784656231.088] [10703:10705] [DMG] 					] (244 bytes)[0m
[0;34m[1784656231.088] [10703:10705] [DMG] 					0x1 = [[0m
[0;34m[1784656231.088] [10703:10705] [DMG] 							0xd6, 0x38, 0x9a, 0x97, 0xc5, 0x73, 0x9c, 0x0e, 0x72, 0x65, 0x9a, 0xeb, 0x4e, 0x61, 0x6b, 0xe2, 0x69, 0x38, 0x7a, 0x9e, 0xd9, 0xb2, 0x69, 0xfc, 0xef, 0x53, 0xe6, 0xd7, 0x09, 0x19, 0x68, 0x39, 0x61, 0x8d, 0xfd, 0x02, 0x83, 0xc5, 0xe7, 0x1f, 0xac, 0xfb, 0x2e, 0x17, 0x01, 0xa4, 0xff, 0x29, 0xaf, 0xd3, 0x2b, 0x25, 0x64, 0xf6, 0xc4, 0x95, 0x60, 0x39, 0x86, 0xfa, 0x37, 0xb9, 0x80, 0xfa, [0m
[0;34m[1784656231.088] [10703:10705] [DMG] 					] (64 bytes)[0m
[0;34m[1784656231.088] [10703:10705] [DMG] 				},[0m
[0;34m[1784656231.088] [10703:10705] [DMG] 			},[0m
[0;34m[1784656231.088] [10703:10705] [DMG] 			[0m
[0;34m[1784656231.088] [10703:10705] [DMG] 		},[0m
[0;34m[1784656231.088] [10703:10705] [DMG] 		[0m
[0;34m[1784656231.088] [10703:10705] [DMG] 	],[0m
[0;34m[1784656231.088] [10703:10705] [DMG] 	[0m
[0;34m[1784656231.088] [10703:10705] [DMG] 	InteractionModelRevision = 12[0m
[0;34m[1784656231.088] [10703:10705] [DMG] },[0m
[0;32m[1784656231.088] [10703:10705] [DMG] Received Command Response Data, Endpoint=0 Cluster=0x0000_003E Command=0x0000_0005[0m
[0;32m[1784656231.088] [10703:10705] [TOO] Endpoint: 0 Cluster: 0x0000_003E Command 0x0000_0005[0m
[0;32m[1784656231.088] [10703:10705] [TOO]   CSRResponse: {[0m
[0;32m[1784656231.088] [10703:10705] [TOO]     NOCSRElements: 153001CC3081C93070020100300E310C300A060355040A0C034353523059301306072A8648CE3D020106082A8648CE3D0301070342000403E820AE007DD1743A45F125FA2B03E7F5BF6F7F5D80A1E0BF67CAA6EDFE52105DF53D5AC7506EF1851070012411B21051E6A1DD18850FE691B63FBB4A1EF36FA000300A06082A8648CE3D0403020349003046022100D15BC08CDD4CD5DF5BC09F2D703DA6422A7E935844DFA8A9BF5E99DAF5F7EA52022100D84F910A16738403CC6D7857FAED51567A2390CF807E4BA9A8A1D5A01612A0B930022060FAD58A9B1C3DF2AF71051896A4132AF22D5D2DD4DC9BA5D5F837621CC960BF18[0m
[0;32m[1784656231.088] [10703:10705] [TOO]     attestationSignature: D6389A97C5739C0E72659AEB4E616BE269387A9ED9B269FCEF53E6D709196839618DFD0283C5E71FACFB2E1701A4FF29AFD32B2564F6C495603986FA37B980FA[0m
[0;32m[1784656231.088] [10703:10705] [TOO]    }[0m
[0;34m[1784656231.088] [10703:10705] [DMG] ICR moving to [AwaitingDe][0m
[0;32m[1784656231.088] [10703:10705] [EM] <<< [E:56262i S:53500 M:128469018 (Ack:92523265)] (S) Msg TX from 000000000001B669 to 1:0000000000000001 [A9E4] [UDP:[fe80::bfe:a203:38f0:bce7%enp0s3]:5540] --- Type 0000:10 (SecureChannel:StandaloneAck) (B:34)[0m
[0;34m[1784656231.088] [10703:10705] [EM] Flushed pending ack for MessageCounter:92523265 on exchange 56262i[0m
[0;34m[1784656231.089] [10703:10703] [CTL] Shutting down the commissioner[0m
[0;32m[1784656231.089] [10703:10703] [PAF] WiFiPAF: Closing all WiFiPAF sessions to shutdown[0m
[0;34m[1784656231.089] [10703:10703] [CTL] Shutting down the controller[0m
[0;34m[1784656231.089] [10703:10703] [IN] Expiring all sessions for fabric 0x1!![0m
[0;34m[1784656231.089] [10703:10703] [IN] SecureSession[0x7c14b8009cd0]: MarkForEviction Type:2 LSID:53500[0m
[0;32m[1784656231.089] [10703:10703] [SC] SecureSession[0x7c14b8009cd0, LSID:53500]: State change 'kActive' --> 'kPendingEviction'[0m
[0;34m[1784656231.089] [10703:10703] [IN] SecureSession[0x7c14b8009cd0]: Released - Type:2 LSID:53500[0m
[0;32m[1784656231.089] [10703:10703] [FP] Forgetting fabric 0x1[0m
[0;32m[1784656231.089] [10703:10703] [TS] Pending Last Known Good Time: 2023-10-14T01:16:48[0m
[0;32m[1784656231.089] [10703:10703] [TS] Previous Last Known Good Time: 2023-10-14T01:16:48[0m
[0;32m[1784656231.089] [10703:10703] [TS] Reverted Last Known Good Time to previous value[0m
[0;34m[1784656231.089] [10703:10703] [CTL] Shutting down the commissioner[0m
[0;32m[1784656231.089] [10703:10703] [PAF] WiFiPAF: Closing all WiFiPAF sessions to shutdown[0m
[0;34m[1784656231.089] [10703:10703] [CTL] Shutting down the controller[0m
[0;34m[1784656231.089] [10703:10703] [CTL] Shutting down the System State, this will teardown the CHIP Stack[0m
[0;34m[1784656231.089] [10703:10703] [DMG] All ReadHandler-s are clean, clear GlobalDirtySet[0m
[0;32m[1784656231.089] [10703:10703] [FP] Shutting down FabricTable[0m
[0;32m[1784656231.089] [10703:10703] [TS] Pending Last Known Good Time: 2023-10-14T01:16:48[0m
[0;32m[1784656231.089] [10703:10703] [TS] Previous Last Known Good Time: 2023-10-14T01:16:48[0m
[0;32m[1784656231.089] [10703:10703] [TS] Reverted Last Known Good Time to previous value[0m
[0;34m[1784656231.091] [10703:10703] [DL] Wrote settings to /tmp/chip_counters.ini[0m
[0;32m[1784656231.091] [10703:10703] [DL] NVS set: chip-counters/total-operational-hours = 0 (0x0)[0m
[0;32m[1784656231.091] [10703:10703] [DL] Inet Layer shutdown[0m
[0;32m[1784656231.091] [10703:10703] [DL] BLE Layer shutdown[0m
[0;32m[1784656231.091] [10703:10703] [DL] WiFi-PAF Layer shutdown[0m
[0;32m[1784656231.091] [10703:10703] [PAF] WiFiPAF: Closing all WiFiPAF sessions to shutdown[0m
[0;32m[1784656231.091] [10703:10703] [DL] System Layer shutdown[0m
