[0;34m[2524608000.374] [17750:17750] [DL] ChipLinuxStorage::Init: Using KVS config file: /tmp/chip_tool_kvs[0m
[1;31m[2524608000.377] [17750:17750] [DL] ChipLinuxStorage::Init: Attempt to re-initialize with KVS config file: /tmp/chip_kvs, IGNORING.[0m
[0;34m[2524608000.379] [17750:17750] [DL] ChipLinuxStorage::Init: Using KVS config file: /tmp/chip_factory.ini[0m
[0;34m[2524608000.379] [17750:17750] [DL] ChipLinuxStorage::Init: Using KVS config file: /tmp/chip_config.ini[0m
[0;34m[2524608000.379] [17750:17750] [DL] ChipLinuxStorage::Init: Using KVS config file: /tmp/chip_counters.ini[0m
[0;34m[2524608000.382] [17750:17750] [DL] Wrote settings to /tmp/chip_counters.ini[0m
[0;32m[2524608000.382] [17750:17750] [DL] NVS set: chip-counters/reboot-count = 5 (0x5)[0m
[0;32m[2524608000.382] [17750:17750] [DL] Got Ethernet interface: enp0s3[0m
[0;32m[2524608000.382] [17750:17750] [DL] Found the primary Ethernet interface:enp0s3[0m
[1;31m[2524608000.382] [17750:17750] [DL] Failed to get WiFi interface[0m
[1;31m[2524608000.382] [17750:17750] [DL] Failed to reset WiFi statistic counts[0m
[0;32m[2524608000.382] [17750:17750] [PAF] WiFiPAF: WiFiPAFLayer::Init()[0m
[0;34m[2524608000.382] [17750:17750] [IN] UDP::Init bind&listen port=0[0m
[0;34m[2524608000.382] [17750:17750] [IN] UDP::Init bound to port=44717[0m
[0;34m[2524608000.382] [17750:17750] [IN] UDP::Init bind&listen port=0[0m
[0;34m[2524608000.382] [17750:17750] [IN] UDP::Init bound to port=53884[0m
[0;34m[2524608000.382] [17750:17750] [IN] BLEBase::Init - setting/overriding transport[0m
[0;34m[2524608000.382] [17750:17750] [IN] WiFiPAFBase::Init - setting/overriding transport[0m
[0;34m[2524608000.382] [17750:17750] [IN] TransportMgr initialized[0m
[0;34m[2524608000.382] [17750:17750] [FP] Initializing FabricTable from persistent storage[0m
[0;32m[2524608000.382] [17750:17750] [TS] Last Known Good Time: 2023-10-14T01:16:48[0m
[0;32m[2524608000.383] [17750:17750] [FP] Fabric index 0x1 was retrieved from storage. Compressed FabricId 0x8685101EB94E5140, FabricId 0x0000000000000001, NodeId 0x000000000001B669, VendorId 0xFFF1[0m
[0;32m[2524608000.384] [17750:17750] [DMG] Ember attribute persistence requires setting up[0m
[0;32m[2524608000.384] [17750:17750] [ZCL] Using ZAP configuration...[0m
[0;34m[2524608000.384] [17750:17750] [CTL] System State Initialized...[0m
[0;32m[2524608000.384] [17750:17750] [CTL] Setting attestation nonce to random value[0m
[0;32m[2524608000.384] [17750:17750] [CTL] Setting CSR nonce to random value[0m
[0;34m[2524608000.384] [17750:17752] [DL] CHIP task running[0m
[0;32m[2524608000.385] [17750:17752] [CTL] Setting attestation nonce to random value[0m
[0;32m[2524608000.385] [17750:17752] [CTL] Setting CSR nonce to random value[0m
[0;32m[2524608000.385] [17750:17752] [CTL] Generating NOC[0m
[0;32m[2524608000.385] [17750:17752] [FP] Validating NOC chain[0m
[0;32m[2524608000.385] [17750:17752] [FP] NOC chain validation successful[0m
[0;32m[2524608000.385] [17750:17752] [FP] Updated fabric at index: 0x1, Node ID: 0x000000000001B669[0m
[0;32m[2524608000.385] [17750:17752] [TS] Last Known Good Time: 2023-10-14T01:16:48[0m
[0;32m[2524608000.385] [17750:17752] [TS] New proposed Last Known Good Time: 2021-01-01T00:00:00[0m
[0;32m[2524608000.385] [17750:17752] [TS] Retaining current Last Known Good Time[0m
[0;32m[2524608000.386] [17750:17752] [FP] Metadata for Fabric 0x1 persisted to storage.[0m
[0;32m[2524608000.387] [17750:17752] [TS] Committing Last Known Good Time to storage: 2023-10-14T01:16:48[0m
[0;32m[2524608000.388] [17750:17752] [CTL] Joined the fabric at index 1. Fabric ID is 0x0000000000000001 (Compressed Fabric ID: 8685101EB94E5140)[0m
[0;32m[2524608000.393] [17750:17752] [TOO] Sending command to node 0x1[0m
[0;34m[2524608000.393] [17750:17752] [CSM] FindOrEstablishSession: PeerId = [1:0000000000000001][0m
[0;34m[2524608000.393] [17750:17752] [CSM] FindOrEstablishSession: No existing OperationalSessionSetup instance found[0m
[0;34m[2524608000.393] [17750:17752] [DIS] OperationalSessionSetup[1:0000000000000001]: State change 1 --> 2[0m
[0;32m[2524608000.393] [17750:17752] [DIS] Lookup started for 8685101EB94E5140-0000000000000001[0m
[0;32m[2524608000.394] [17750:17752] [DIS] UDP:[fe80::bfe:a203:38f0:bce7%enp0s3]:5540: new best score: 7 (for 8685101EB94E5140-0000000000000001)[0m
[0;34m[2524608000.394] [17750:17752] [DIS] Lookup clearing interface for non LL address[0m
[0;32m[2524608000.394] [17750:17752] [DIS] UDP:10.0.2.15%enp0s3:5540: new best score: 2 (for 8685101EB94E5140-0000000000000001)[0m
[0;32m[2524608000.394] [17750:17752] [DIS] Checking node lookup status for 8685101EB94E5140-0000000000000001 after 1 ms[0m
[0;32m[2524608000.394] [17750:17752] [DIS] Keeping DNSSD lookup active[0m
[0;32m[2524608000.394] [17750:17752] [DIS] UDP:[fe80::bfe:a203:38f0:bce7%enp0s3]:5540: score has not improved: 7 (for 8685101EB94E5140-0000000000000001)[0m
[0;34m[2524608000.394] [17750:17752] [DIS] Lookup clearing interface for non LL address[0m
[0;32m[2524608000.394] [17750:17752] [DIS] UDP:10.0.2.15%enp0s3:5540: score has not improved: 2 (for 8685101EB94E5140-0000000000000001)[0m
[0;32m[2524608000.394] [17750:17752] [DIS] Checking node lookup status for 8685101EB94E5140-0000000000000001 after 1 ms[0m
[0;32m[2524608000.394] [17750:17752] [DIS] Keeping DNSSD lookup active[0m
[0;32m[2524608000.595] [17750:17752] [DIS] Checking node lookup status for 8685101EB94E5140-0000000000000001 after 202 ms[0m
[0;34m[2524608000.595] [17750:17752] [DIS] OperationalSessionSetup[1:0000000000000001]: Updating device address to UDP:[fe80::bfe:a203:38f0:bce7%enp0s3]:5540 while in state 2[0m
[0;34m[2524608000.595] [17750:17752] [DIS] OperationalSessionSetup[1:0000000000000001]: State change 2 --> 3[0m
[0;34m[2524608000.595] [17750:17752] [IN] SecureSession[0x79405c00c1f0]: Allocated Type:2 LSID:9069[0m
[0;32m[2524608000.595] [17750:17752] [SC] Initiating session on local FabricIndex 1 from 0x000000000001B669 -> 0x0000000000000001[0m
[0;32m[2524608000.596] [17750:17752] [EM] <<< [E:45033i S:0 M:85858153] (U) Msg TX from E18E3EA7D48D387E to 0:0000000000000000 [0000] [UDP:[fe80::bfe:a203:38f0:bce7%enp0s3]:5540] --- Type 0000:30 (SecureChannel:CASE_Sigma1) (B:196)[0m
[0;32m[2524608000.596] [17750:17752] [EM] ??1 [E:45033i S:0 M:85858153] (U) Msg Retransmission to 0:0000000000000000 scheduled for 596ms from now [State:Idle II:500 AI:300 AT:4000][0m
[0;32m[2524608000.596] [17750:17752] [SC] Sent Sigma1 msg to <0000000000000001, 1> [II:500ms AI:300ms AT:4000ms][0m
[0;34m[2524608000.596] [17750:17752] [DIS] OperationalSessionSetup[1:0000000000000001]: State change 3 --> 4[0m
[0;32m[2524608000.597] [17750:17752] [EM] >>> [E:45033i S:0 M:229442160 (Ack:85858153)] (U) Msg RX from 0:0000000000000000 [0000] to E18E3EA7D48D387E --- Type 0000:31 (SecureChannel:CASE_Sigma2) (B:751)[0m
[0;34m[2524608000.597] [17750:17752] [EM] Found matching exchange: 45033i, Delegate: 0x79405c00bf28[0m
[0;34m[2524608000.597] [17750:17752] [EM] Rxd Ack; Removing MessageCounter:85858153 from Retrans Table on exchange 45033i[0m
[0;32m[2524608000.597] [17750:17752] [SC] Received Sigma2 msg[0m
[0;34m[2524608000.597] [17750:17752] [SC] Found MRP parameters in the message[0m
[0;34m[2524608000.597] [17750:17752] [SC] Certificate's mNotAfterTime (978134400) is before current time (1577923200)[0m
[0;34m[2524608000.597] [17750:17752] [SC] Sending status report. Protocol code 2, exchange 45033[0m
[0;32m[2524608000.597] [17750:17752] [EM] <<< [E:45033i S:0 M:85858154 (Ack:229442160)] (U) Msg TX from E18E3EA7D48D387E to 0:0000000000000000 [0000] [UDP:[fe80::bfe:a203:38f0:bce7%enp0s3]:5540] --- Type 0000:40 (SecureChannel:StatusReport) (B:34)[0m
[0;32m[2524608000.597] [17750:17752] [EM] ??1 [E:45033i S:0 M:85858154] (U) Msg Retransmission to 0:0000000000000000 scheduled for 353ms from now [State:Active II:500 AI:300 AT:4000][0m
[0;34m[2524608000.597] [17750:17752] [IN] SecureSession[0x79405c00c1f0]: Released - Type:2 LSID:9069[0m
[1;31m[2524608000.597] [17750:17752] [-] src/credentials/CHIPCert.cpp:1481: CHIP Error 0x0000004E: Certificate expired at examples/chip-tool/commands/clusters/ModelCommand.cpp:67[0m
[0;32m[2524608000.597] [17750:17752] [EM] >>> [E:45033i S:0 M:229442161 (Ack:85858154)] (U) Msg RX from 0:0000000000000000 [0000] to E18E3EA7D48D387E --- Type 0000:10 (SecureChannel:StandaloneAck) (B:26)[0m
[0;34m[2524608000.597] [17750:17752] [EM] Found matching exchange: 45033i, Delegate: (nil)[0m
[0;34m[2524608000.597] [17750:17752] [EM] Rxd Ack; Removing MessageCounter:85858154 from Retrans Table on exchange 45033i[0m
[0;34m[2524608000.598] [17750:17750] [CTL] Shutting down the commissioner[0m
[0;32m[2524608000.598] [17750:17750] [PAF] WiFiPAF: Closing all WiFiPAF sessions to shutdown[0m
[0;34m[2524608000.598] [17750:17750] [CTL] Shutting down the controller[0m
[0;34m[2524608000.598] [17750:17750] [IN] Expiring all sessions for fabric 0x1!![0m
[0;32m[2524608000.598] [17750:17750] [FP] Forgetting fabric 0x1[0m
[0;32m[2524608000.598] [17750:17750] [TS] Pending Last Known Good Time: 2023-10-14T01:16:48[0m
[0;32m[2524608000.598] [17750:17750] [TS] Previous Last Known Good Time: 2023-10-14T01:16:48[0m
[0;32m[2524608000.598] [17750:17750] [TS] Reverted Last Known Good Time to previous value[0m
[0;34m[2524608000.598] [17750:17750] [CTL] Shutting down the commissioner[0m
[0;32m[2524608000.598] [17750:17750] [PAF] WiFiPAF: Closing all WiFiPAF sessions to shutdown[0m
[0;34m[2524608000.598] [17750:17750] [CTL] Shutting down the controller[0m
[0;34m[2524608000.598] [17750:17750] [CTL] Shutting down the System State, this will teardown the CHIP Stack[0m
[0;34m[2524608000.598] [17750:17750] [DMG] All ReadHandler-s are clean, clear GlobalDirtySet[0m
[0;32m[2524608000.599] [17750:17750] [FP] Shutting down FabricTable[0m
[0;32m[2524608000.599] [17750:17750] [TS] Pending Last Known Good Time: 2023-10-14T01:16:48[0m
[0;32m[2524608000.599] [17750:17750] [TS] Previous Last Known Good Time: 2023-10-14T01:16:48[0m
[0;32m[2524608000.599] [17750:17750] [TS] Reverted Last Known Good Time to previous value[0m
[0;34m[2524608000.602] [17750:17750] [DL] Wrote settings to /tmp/chip_counters.ini[0m
[0;32m[2524608000.602] [17750:17750] [DL] NVS set: chip-counters/total-operational-hours = 0 (0x0)[0m
[0;32m[2524608000.602] [17750:17750] [DL] Inet Layer shutdown[0m
[0;32m[2524608000.602] [17750:17750] [DL] BLE Layer shutdown[0m
[0;32m[2524608000.602] [17750:17750] [DL] WiFi-PAF Layer shutdown[0m
[0;32m[2524608000.602] [17750:17750] [PAF] WiFiPAF: Closing all WiFiPAF sessions to shutdown[0m
[0;32m[2524608000.602] [17750:17750] [DL] System Layer shutdown[0m
[1;31m[2524608000.603] [17750:17750] [TOO] Run command failure: src/credentials/CHIPCert.cpp:1481: CHIP Error 0x0000004E: Certificate expired[0m
