[0;34m[1784833672.647] [11135:11135] [DL] ChipLinuxStorage::Init: Using KVS config file: /tmp/chip_tool_kvs[0m
[1;31m[1784833672.647] [11135:11135] [DL] ChipLinuxStorage::Init: Attempt to re-initialize with KVS config file: /tmp/chip_kvs, IGNORING.[0m
[0;34m[1784833672.649] [11135:11135] [DL] ChipLinuxStorage::Init: Using KVS config file: /tmp/chip_factory.ini[0m
[0;34m[1784833672.649] [11135:11135] [DL] ChipLinuxStorage::Init: Using KVS config file: /tmp/chip_config.ini[0m
[0;34m[1784833672.649] [11135:11135] [DL] ChipLinuxStorage::Init: Using KVS config file: /tmp/chip_counters.ini[0m
[0;34m[1784833672.651] [11135:11135] [DL] Wrote settings to /tmp/chip_counters.ini[0m
[0;32m[1784833672.651] [11135:11135] [DL] NVS set: chip-counters/reboot-count = 3 (0x3)[0m
[0;32m[1784833672.651] [11135:11135] [DL] Got Ethernet interface: enp0s3[0m
[0;32m[1784833672.651] [11135:11135] [DL] Found the primary Ethernet interface:enp0s3[0m
[1;31m[1784833672.651] [11135:11135] [DL] Failed to get WiFi interface[0m
[1;31m[1784833672.651] [11135:11135] [DL] Failed to reset WiFi statistic counts[0m
[0;32m[1784833672.651] [11135:11135] [PAF] WiFiPAF: WiFiPAFLayer::Init()[0m
[0;34m[1784833672.651] [11135:11135] [IN] UDP::Init bind&listen port=0[0m
[0;34m[1784833672.651] [11135:11135] [IN] UDP::Init bound to port=45111[0m
[0;34m[1784833672.651] [11135:11135] [IN] UDP::Init bind&listen port=0[0m
[0;34m[1784833672.651] [11135:11135] [IN] UDP::Init bound to port=58548[0m
[0;34m[1784833672.651] [11135:11135] [IN] BLEBase::Init - setting/overriding transport[0m
[0;34m[1784833672.651] [11135:11135] [IN] WiFiPAFBase::Init - setting/overriding transport[0m
[0;34m[1784833672.651] [11135:11135] [IN] TransportMgr initialized[0m
[0;34m[1784833672.651] [11135:11135] [FP] Initializing FabricTable from persistent storage[0m
[0;32m[1784833672.651] [11135:11135] [TS] Last Known Good Time: 2023-10-14T01:16:48[0m
[0;32m[1784833672.652] [11135:11135] [FP] Fabric index 0x1 was retrieved from storage. Compressed FabricId 0x3779D0C95074A23B, FabricId 0x0000000000000001, NodeId 0x000000000001B669, VendorId 0xFFF1[0m
[0;32m[1784833672.652] [11135:11135] [DMG] Ember attribute persistence requires setting up[0m
[0;32m[1784833672.652] [11135:11135] [ZCL] Using ZAP configuration...[0m
[0;34m[1784833672.653] [11135:11135] [CTL] System State Initialized...[0m
[0;32m[1784833672.653] [11135:11135] [CTL] Setting attestation nonce to random value[0m
[0;32m[1784833672.653] [11135:11135] [CTL] Setting CSR nonce to random value[0m
[0;34m[1784833672.653] [11135:11137] [DL] CHIP task running[0m
[0;32m[1784833672.653] [11135:11137] [CTL] Setting attestation nonce to random value[0m
[0;32m[1784833672.653] [11135:11137] [CTL] Setting CSR nonce to random value[0m
[0;32m[1784833672.653] [11135:11137] [CTL] Generating NOC[0m
[0;32m[1784833672.654] [11135:11137] [FP] Validating NOC chain[0m
[0;32m[1784833672.654] [11135:11137] [FP] NOC chain validation successful[0m
[0;32m[1784833672.654] [11135:11137] [FP] Updated fabric at index: 0x1, Node ID: 0x000000000001B669[0m
[0;32m[1784833672.654] [11135:11137] [TS] Last Known Good Time: 2023-10-14T01:16:48[0m
[0;32m[1784833672.654] [11135:11137] [TS] New proposed Last Known Good Time: 2021-01-01T00:00:00[0m
[0;32m[1784833672.654] [11135:11137] [TS] Retaining current Last Known Good Time[0m
[0;32m[1784833672.657] [11135:11137] [FP] Metadata for Fabric 0x1 persisted to storage.[0m
[0;32m[1784833672.658] [11135:11137] [TS] Committing Last Known Good Time to storage: 2023-10-14T01:16:48[0m
[0;32m[1784833672.659] [11135:11137] [CTL] Joined the fabric at index 1. Fabric ID is 0x0000000000000001 (Compressed Fabric ID: 3779D0C95074A23B)[0m
[0;32m[1784833672.664] [11135:11137] [TOO] Sending command to node 0x1[0m
[0;34m[1784833672.664] [11135:11137] [CSM] FindOrEstablishSession: PeerId = [1:0000000000000001][0m
[0;34m[1784833672.664] [11135:11137] [CSM] FindOrEstablishSession: No existing OperationalSessionSetup instance found[0m
[0;34m[1784833672.664] [11135:11137] [DIS] OperationalSessionSetup[1:0000000000000001]: State change 1 --> 2[0m
[0;32m[1784833672.665] [11135:11137] [DIS] Lookup started for 3779D0C95074A23B-0000000000000001[0m
[0;32m[1784833672.665] [11135:11137] [DIS] UDP:[fe80::bfe:a203:38f0:bce7%enp0s3]:5540: new best score: 7 (for 3779D0C95074A23B-0000000000000001)[0m
[0;34m[1784833672.665] [11135:11137] [DIS] Lookup clearing interface for non LL address[0m
[0;32m[1784833672.665] [11135:11137] [DIS] UDP:10.0.2.15%enp0s3:5540: new best score: 2 (for 3779D0C95074A23B-0000000000000001)[0m
[0;32m[1784833672.665] [11135:11137] [DIS] Checking node lookup status for 3779D0C95074A23B-0000000000000001 after 0 ms[0m
[0;32m[1784833672.665] [11135:11137] [DIS] Keeping DNSSD lookup active[0m
[0;32m[1784833672.665] [11135:11137] [DIS] UDP:[fe80::bfe:a203:38f0:bce7%enp0s3]:5540: score has not improved: 7 (for 3779D0C95074A23B-0000000000000001)[0m
[0;34m[1784833672.665] [11135:11137] [DIS] Lookup clearing interface for non LL address[0m
[0;32m[1784833672.665] [11135:11137] [DIS] UDP:10.0.2.15%enp0s3:5540: score has not improved: 2 (for 3779D0C95074A23B-0000000000000001)[0m
[0;32m[1784833672.665] [11135:11137] [DIS] Checking node lookup status for 3779D0C95074A23B-0000000000000001 after 0 ms[0m
[0;32m[1784833672.665] [11135:11137] [DIS] Keeping DNSSD lookup active[0m
[0;32m[1784833672.867] [11135:11137] [DIS] Checking node lookup status for 3779D0C95074A23B-0000000000000001 after 203 ms[0m
[0;34m[1784833672.867] [11135:11137] [DIS] OperationalSessionSetup[1:0000000000000001]: Updating device address to UDP:[fe80::bfe:a203:38f0:bce7%enp0s3]:5540 while in state 2[0m
[0;34m[1784833672.867] [11135:11137] [DIS] OperationalSessionSetup[1:0000000000000001]: State change 2 --> 3[0m
[0;34m[1784833672.867] [11135:11137] [IN] SecureSession[0x7d393c009cd0]: Allocated Type:2 LSID:9096[0m
[0;32m[1784833672.867] [11135:11137] [SC] Initiating session on local FabricIndex 1 from 0x000000000001B669 -> 0x0000000000000001[0m
[0;32m[1784833672.868] [11135:11137] [EM] <<< [E:33870i S:0 M:256952189] (U) Msg TX from 5BB0750625E8D256 to 0:0000000000000000 [0000] [UDP:[fe80::bfe:a203:38f0:bce7%enp0s3]:5540] --- Type 0000:30 (SecureChannel:CASE_Sigma1) (B:196)[0m
[0;32m[1784833672.868] [11135:11137] [EM] ??1 [E:33870i S:0 M:256952189] (U) Msg Retransmission to 0:0000000000000000 scheduled for 629ms from now [State:Idle II:500 AI:300 AT:4000][0m
[0;32m[1784833672.868] [11135:11137] [SC] Sent Sigma1 msg to <0000000000000001, 1> [II:500ms AI:300ms AT:4000ms][0m
[0;34m[1784833672.868] [11135:11137] [DIS] OperationalSessionSetup[1:0000000000000001]: State change 3 --> 4[0m
[0;32m[1784833672.869] [11135:11137] [EM] >>> [E:33870i S:0 M:196409454 (Ack:256952189)] (U) Msg RX from 0:0000000000000000 [0000] to 5BB0750625E8D256 --- Type 0000:31 (SecureChannel:CASE_Sigma2) (B:751)[0m
[0;34m[1784833672.869] [11135:11137] [EM] Found matching exchange: 33870i, Delegate: 0x7d393c00b8e8[0m
[0;34m[1784833672.869] [11135:11137] [EM] Rxd Ack; Removing MessageCounter:256952189 from Retrans Table on exchange 33870i[0m
[0;32m[1784833672.869] [11135:11137] [SC] Received Sigma2 msg[0m
[0;34m[1784833672.869] [11135:11137] [SC] Found MRP parameters in the message[0m
[0;34m[1784833672.870] [11135:11137] [SC] Peer <0000000000000001, 1> assigned session ID 12087[0m
[0;34m[1784833672.870] [11135:11137] [SC] Sending Sigma3[0m
[0;32m[1784833672.870] [11135:11137] [EM] <<< [E:33870i S:0 M:256952190 (Ack:196409454)] (U) Msg TX from 5BB0750625E8D256 to 0:0000000000000000 [0000] [UDP:[fe80::bfe:a203:38f0:bce7%enp0s3]:5540] --- Type 0000:32 (SecureChannel:CASE_Sigma3) (B:598)[0m
[0;32m[1784833672.870] [11135:11137] [EM] ??1 [E:33870i S:0 M:256952190] (U) Msg Retransmission to 0:0000000000000000 scheduled for 347ms from now [State:Active II:500 AI:300 AT:4000][0m
[0;32m[1784833672.870] [11135:11137] [SC] Sent Sigma3 msg[0m
[0;32m[1784833672.880] [11135:11137] [EM] >>> [E:33870i S:0 M:196409455 (Ack:256952190)] (U) Msg RX from 0:0000000000000000 [0000] to 5BB0750625E8D256 --- Type 0000:40 (SecureChannel:StatusReport) (B:34)[0m
[0;34m[1784833672.880] [11135:11137] [EM] Found matching exchange: 33870i, Delegate: 0x7d393c00b8e8[0m
[0;34m[1784833672.880] [11135:11137] [EM] Rxd Ack; Removing MessageCounter:256952190 from Retrans Table on exchange 33870i[0m
[0;32m[1784833672.880] [11135:11137] [SC] Success status report received. Session was established[0m
[0;32m[1784833672.881] [11135:11137] [SC] SecureSession[0x7d393c009cd0, LSID:9096]: State change 'kEstablishing' --> 'kActive'[0m
[0;34m[1784833672.881] [11135:11137] [IN] SecureSession[0x7d393c009cd0]: Activated - Type:2 LSID:9096[0m
[0;34m[1784833672.881] [11135:11137] [IN] New secure session activated for device <0000000000000001, 1>, LSID:9096 PSID:12087![0m
[0;34m[1784833672.881] [11135:11137] [DIS] OperationalSessionSetup[1:0000000000000001]: State change 4 --> 5[0m
[0;32m[1784833672.881] [11135:11137] [TOO] Sending cluster (0x00000038) command (0x00000000) on endpoint 0[0m
[0;34m[1784833672.881] [11135:11137] [DMG] ICR moving to [AddingComm][0m
[0;34m[1784833672.881] [11135:11137] [DMG] ICR moving to [AddedComma][0m
[0;32m[1784833672.881] [11135:11137] [EM] <<< [E:33871i S:9096 M:210941873] (S) Msg TX from 000000000001B669 to 1:0000000000000001 [A23B] [UDP:[fe80::bfe:a203:38f0:bce7%enp0s3]:5540] --- Type 0001:08 (IM:InvokeCommandRequest) (B:72)[0m
[0;32m[1784833672.881] [11135:11137] [EM] ??1 [E:33871i S:9096 M:210941873] (S) Msg Retransmission to 1:0000000000000001 scheduled for 349ms from now [State:Active II:500 AI:300 AT:4000][0m
[0;34m[1784833672.881] [11135:11137] [DMG] ICR moving to [AwaitingRe][0m
[0;32m[1784833672.881] [11135:11137] [EM] <<< [E:33870i S:0 M:256952191 (Ack:196409455)] (U) Msg TX from 5BB0750625E8D256 to 0:0000000000000000 [0000] [UDP:[fe80::bfe:a203:38f0:bce7%enp0s3]:5540] --- Type 0000:10 (SecureChannel:StandaloneAck) (B:26)[0m
[0;34m[1784833672.881] [11135:11137] [EM] Flushed pending ack for MessageCounter:196409455 on exchange 33870i[0m
[0;34m[2524608000.001] [11135:11135] [CTL] Shutting down the commissioner[0m
[0;32m[2524608000.001] [11135:11135] [PAF] WiFiPAF: Closing all WiFiPAF sessions to shutdown[0m
[0;34m[2524608000.001] [11135:11135] [CTL] Shutting down the controller[0m
[0;34m[2524608000.001] [11135:11135] [IN] Expiring all sessions for fabric 0x1!![0m
[0;34m[2524608000.001] [11135:11135] [IN] SecureSession[0x7d393c009cd0]: MarkForEviction Type:2 LSID:9096[0m
[0;32m[2524608000.001] [11135:11135] [SC] SecureSession[0x7d393c009cd0, LSID:9096]: State change 'kActive' --> 'kPendingEviction'[0m
[0;32m[2524608000.001] [11135:11135] [DMG] Time out! failed to receive invoke command response from Exchange: 33871i[0m
[0;32m[2524608000.001] [11135:11135] [TOO] Error: src/app/CommandSender.cpp:354: CHIP Error 0x00000032: Timeout[0m
[0;34m[2524608000.001] [11135:11135] [DMG] ICR moving to [AwaitingDe][0m
[0;34m[2524608000.001] [11135:11135] [IN] SecureSession[0x7d393c009cd0]: Released - Type:2 LSID:9096[0m
[0;32m[2524608000.001] [11135:11135] [FP] Forgetting fabric 0x1[0m
[0;32m[2524608000.001] [11135:11135] [TS] Pending Last Known Good Time: 2023-10-14T01:16:48[0m
[0;32m[2524608000.001] [11135:11135] [TS] Previous Last Known Good Time: 2023-10-14T01:16:48[0m
[0;32m[2524608000.001] [11135:11135] [TS] Reverted Last Known Good Time to previous value[0m
[0;34m[2524608000.001] [11135:11135] [CTL] Shutting down the commissioner[0m
[0;32m[2524608000.001] [11135:11135] [PAF] WiFiPAF: Closing all WiFiPAF sessions to shutdown[0m
[0;34m[2524608000.001] [11135:11135] [CTL] Shutting down the controller[0m
[0;34m[2524608000.001] [11135:11135] [CTL] Shutting down the System State, this will teardown the CHIP Stack[0m
[0;34m[2524608000.001] [11135:11135] [DMG] All ReadHandler-s are clean, clear GlobalDirtySet[0m
[0;32m[2524608000.001] [11135:11135] [FP] Shutting down FabricTable[0m
[0;32m[2524608000.001] [11135:11135] [TS] Pending Last Known Good Time: 2023-10-14T01:16:48[0m
[0;32m[2524608000.001] [11135:11135] [TS] Previous Last Known Good Time: 2023-10-14T01:16:48[0m
[0;32m[2524608000.001] [11135:11135] [TS] Reverted Last Known Good Time to previous value[0m
[0;34m[2524608000.008] [11135:11135] [DL] Wrote settings to /tmp/chip_counters.ini[0m
[0;32m[2524608000.008] [11135:11135] [DL] NVS set: chip-counters/total-operational-hours = 0 (0x0)[0m
[0;32m[2524608000.008] [11135:11135] [DL] Inet Layer shutdown[0m
[0;32m[2524608000.008] [11135:11135] [DL] BLE Layer shutdown[0m
[0;32m[2524608000.008] [11135:11135] [DL] WiFi-PAF Layer shutdown[0m
[0;32m[2524608000.008] [11135:11135] [PAF] WiFiPAF: Closing all WiFiPAF sessions to shutdown[0m
[0;32m[2524608000.008] [11135:11135] [DL] System Layer shutdown[0m
[1;31m[2524608000.009] [11135:11135] [TOO] Run command failure: examples/chip-tool/commands/common/CHIPCommand.cpp:650: CHIP Error 0x00000032: Timeout[0m
