[0;34m[1784838244.671] [22487:22487] [DL] ChipLinuxStorage::Init: Using KVS config file: /tmp/chip_tool_kvs[0m
[1;31m[1784838244.672] [22487:22487] [DL] ChipLinuxStorage::Init: Attempt to re-initialize with KVS config file: /tmp/chip_kvs, IGNORING.[0m
[0;34m[1784838244.673] [22487:22487] [DL] ChipLinuxStorage::Init: Using KVS config file: /tmp/chip_factory.ini[0m
[0;34m[1784838244.673] [22487:22487] [DL] ChipLinuxStorage::Init: Using KVS config file: /tmp/chip_config.ini[0m
[0;34m[1784838244.673] [22487:22487] [DL] ChipLinuxStorage::Init: Using KVS config file: /tmp/chip_counters.ini[0m
[0;34m[1784838244.676] [22487:22487] [DL] Wrote settings to /tmp/chip_counters.ini[0m
[0;32m[1784838244.676] [22487:22487] [DL] NVS set: chip-counters/reboot-count = 3 (0x3)[0m
[0;32m[1784838244.676] [22487:22487] [DL] Got Ethernet interface: enp0s3[0m
[0;32m[1784838244.677] [22487:22487] [DL] Found the primary Ethernet interface:enp0s3[0m
[1;31m[1784838244.677] [22487:22487] [DL] Failed to get WiFi interface[0m
[1;31m[1784838244.677] [22487:22487] [DL] Failed to reset WiFi statistic counts[0m
[0;32m[1784838244.677] [22487:22487] [PAF] WiFiPAF: WiFiPAFLayer::Init()[0m
[0;34m[1784838244.677] [22487:22487] [IN] UDP::Init bind&listen port=0[0m
[0;34m[1784838244.677] [22487:22487] [IN] UDP::Init bound to port=48688[0m
[0;34m[1784838244.677] [22487:22487] [IN] UDP::Init bind&listen port=0[0m
[0;34m[1784838244.677] [22487:22487] [IN] UDP::Init bound to port=33224[0m
[0;34m[1784838244.677] [22487:22487] [IN] BLEBase::Init - setting/overriding transport[0m
[0;34m[1784838244.677] [22487:22487] [IN] WiFiPAFBase::Init - setting/overriding transport[0m
[0;34m[1784838244.677] [22487:22487] [IN] TransportMgr initialized[0m
[0;34m[1784838244.677] [22487:22487] [FP] Initializing FabricTable from persistent storage[0m
[0;32m[1784838244.677] [22487:22487] [TS] Last Known Good Time: 2023-10-14T01:16:48[0m
[0;32m[1784838244.677] [22487:22487] [FP] Fabric index 0x1 was retrieved from storage. Compressed FabricId 0x1430A016B68E921D, FabricId 0x0000000000000001, NodeId 0x000000000001B669, VendorId 0xFFF1[0m
[0;32m[1784838244.678] [22487:22487] [DMG] Ember attribute persistence requires setting up[0m
[0;32m[1784838244.678] [22487:22487] [ZCL] Using ZAP configuration...[0m
[0;34m[1784838244.678] [22487:22487] [CTL] System State Initialized...[0m
[0;32m[1784838244.678] [22487:22487] [CTL] Setting attestation nonce to random value[0m
[0;32m[1784838244.678] [22487:22487] [CTL] Setting CSR nonce to random value[0m
[0;34m[1784838244.678] [22487:22489] [DL] CHIP task running[0m
[0;32m[1784838244.678] [22487:22489] [CTL] Setting attestation nonce to random value[0m
[0;32m[1784838244.678] [22487:22489] [CTL] Setting CSR nonce to random value[0m
[0;32m[1784838244.679] [22487:22489] [CTL] Generating NOC[0m
[0;32m[1784838244.679] [22487:22489] [FP] Validating NOC chain[0m
[0;32m[1784838244.679] [22487:22489] [FP] NOC chain validation successful[0m
[0;32m[1784838244.679] [22487:22489] [FP] Updated fabric at index: 0x1, Node ID: 0x000000000001B669[0m
[0;32m[1784838244.679] [22487:22489] [TS] Last Known Good Time: 2023-10-14T01:16:48[0m
[0;32m[1784838244.679] [22487:22489] [TS] New proposed Last Known Good Time: 2021-01-01T00:00:00[0m
[0;32m[1784838244.679] [22487:22489] [TS] Retaining current Last Known Good Time[0m
[0;32m[1784838244.681] [22487:22489] [FP] Metadata for Fabric 0x1 persisted to storage.[0m
[0;32m[1784838244.681] [22487:22489] [TS] Committing Last Known Good Time to storage: 2023-10-14T01:16:48[0m
[0;32m[1784838244.682] [22487:22489] [CTL] Joined the fabric at index 1. Fabric ID is 0x0000000000000001 (Compressed Fabric ID: 1430A016B68E921D)[0m
[0;32m[1784838244.686] [22487:22489] [TOO] Sending command to node 0x1[0m
[0;34m[1784838244.686] [22487:22489] [CSM] FindOrEstablishSession: PeerId = [1:0000000000000001][0m
[0;34m[1784838244.686] [22487:22489] [CSM] FindOrEstablishSession: No existing OperationalSessionSetup instance found[0m
[0;34m[1784838244.686] [22487:22489] [DIS] OperationalSessionSetup[1:0000000000000001]: State change 1 --> 2[0m
[0;32m[1784838244.687] [22487:22489] [DIS] Lookup started for 1430A016B68E921D-0000000000000001[0m
[0;32m[1784838244.687] [22487:22489] [DIS] UDP:[fe80::bfe:a203:38f0:bce7%enp0s3]:5540: new best score: 7 (for 1430A016B68E921D-0000000000000001)[0m
[0;34m[1784838244.687] [22487:22489] [DIS] Lookup clearing interface for non LL address[0m
[0;32m[1784838244.687] [22487:22489] [DIS] UDP:10.0.2.15%enp0s3:5540: new best score: 2 (for 1430A016B68E921D-0000000000000001)[0m
[0;32m[1784838244.687] [22487:22489] [DIS] Checking node lookup status for 1430A016B68E921D-0000000000000001 after 1 ms[0m
[0;32m[1784838244.687] [22487:22489] [DIS] Keeping DNSSD lookup active[0m
[0;32m[1784838244.687] [22487:22489] [DIS] UDP:[fe80::bfe:a203:38f0:bce7%enp0s3]:5540: score has not improved: 7 (for 1430A016B68E921D-0000000000000001)[0m
[0;34m[1784838244.687] [22487:22489] [DIS] Lookup clearing interface for non LL address[0m
[0;32m[1784838244.687] [22487:22489] [DIS] UDP:10.0.2.15%enp0s3:5540: score has not improved: 2 (for 1430A016B68E921D-0000000000000001)[0m
[0;32m[1784838244.687] [22487:22489] [DIS] Checking node lookup status for 1430A016B68E921D-0000000000000001 after 1 ms[0m
[0;32m[1784838244.687] [22487:22489] [DIS] Keeping DNSSD lookup active[0m
[0;32m[1784838244.892] [22487:22489] [DIS] Checking node lookup status for 1430A016B68E921D-0000000000000001 after 205 ms[0m
[0;34m[1784838244.892] [22487:22489] [DIS] OperationalSessionSetup[1:0000000000000001]: Updating device address to UDP:[fe80::bfe:a203:38f0:bce7%enp0s3]:5540 while in state 2[0m
[0;34m[1784838244.892] [22487:22489] [DIS] OperationalSessionSetup[1:0000000000000001]: State change 2 --> 3[0m
[0;34m[1784838244.892] [22487:22489] [IN] SecureSession[0x71a288009cd0]: Allocated Type:2 LSID:22239[0m
[0;32m[1784838244.892] [22487:22489] [SC] Initiating session on local FabricIndex 1 from 0x000000000001B669 -> 0x0000000000000001[0m
[0;32m[1784838244.893] [22487:22489] [EM] <<< [E:20531i S:0 M:51415552] (U) Msg TX from 3B22C27A4FFEE45C to 0:0000000000000000 [0000] [UDP:[fe80::bfe:a203:38f0:bce7%enp0s3]:5540] --- Type 0000:30 (SecureChannel:CASE_Sigma1) (B:196)[0m
[0;32m[1784838244.893] [22487:22489] [EM] ??1 [E:20531i S:0 M:51415552] (U) Msg Retransmission to 0:0000000000000000 scheduled for 636ms from now [State:Idle II:500 AI:300 AT:4000][0m
[0;32m[1784838244.893] [22487:22489] [SC] Sent Sigma1 msg to <0000000000000001, 1> [II:500ms AI:300ms AT:4000ms][0m
[0;34m[1784838244.893] [22487:22489] [DIS] OperationalSessionSetup[1:0000000000000001]: State change 3 --> 4[0m
[0;32m[1784838244.895] [22487:22489] [EM] >>> [E:20531i S:0 M:209551585 (Ack:51415552)] (U) Msg RX from 0:0000000000000000 [0000] to 3B22C27A4FFEE45C --- Type 0000:31 (SecureChannel:CASE_Sigma2) (B:751)[0m
[0;34m[1784838244.895] [22487:22489] [EM] Found matching exchange: 20531i, Delegate: 0x71a28800b8e8[0m
[0;34m[1784838244.895] [22487:22489] [EM] Rxd Ack; Removing MessageCounter:51415552 from Retrans Table on exchange 20531i[0m
[0;32m[1784838244.895] [22487:22489] [SC] Received Sigma2 msg[0m
[0;34m[1784838244.895] [22487:22489] [SC] Found MRP parameters in the message[0m
[0;34m[1784838244.896] [22487:22489] [SC] Peer <0000000000000001, 1> assigned session ID 48637[0m
[0;34m[1784838244.897] [22487:22489] [SC] Sending Sigma3[0m
[0;32m[1784838244.897] [22487:22489] [EM] <<< [E:20531i S:0 M:51415553 (Ack:209551585)] (U) Msg TX from 3B22C27A4FFEE45C to 0:0000000000000000 [0000] [UDP:[fe80::bfe:a203:38f0:bce7%enp0s3]:5540] --- Type 0000:32 (SecureChannel:CASE_Sigma3) (B:598)[0m
[0;32m[1784838244.897] [22487:22489] [EM] ??1 [E:20531i S:0 M:51415553] (U) Msg Retransmission to 0:0000000000000000 scheduled for 397ms from now [State:Active II:500 AI:300 AT:4000][0m
[0;32m[1784838244.897] [22487:22489] [SC] Sent Sigma3 msg[0m
[0;32m[1784838244.908] [22487:22489] [EM] >>> [E:20531i S:0 M:209551586 (Ack:51415553)] (U) Msg RX from 0:0000000000000000 [0000] to 3B22C27A4FFEE45C --- Type 0000:40 (SecureChannel:StatusReport) (B:34)[0m
[0;34m[1784838244.908] [22487:22489] [EM] Found matching exchange: 20531i, Delegate: 0x71a28800b8e8[0m
[0;34m[1784838244.908] [22487:22489] [EM] Rxd Ack; Removing MessageCounter:51415553 from Retrans Table on exchange 20531i[0m
[0;32m[1784838244.908] [22487:22489] [SC] Success status report received. Session was established[0m
[0;32m[1784838244.909] [22487:22489] [SC] SecureSession[0x71a288009cd0, LSID:22239]: State change 'kEstablishing' --> 'kActive'[0m
[0;34m[1784838244.909] [22487:22489] [IN] SecureSession[0x71a288009cd0]: Activated - Type:2 LSID:22239[0m
[0;34m[1784838244.909] [22487:22489] [IN] New secure session activated for device <0000000000000001, 1>, LSID:22239 PSID:48637![0m
[0;34m[1784838244.909] [22487:22489] [DIS] OperationalSessionSetup[1:0000000000000001]: State change 4 --> 5[0m
[0;32m[1784838244.909] [22487:22489] [TOO] Sending ReadAttribute to:[0m
[0;32m[1784838244.909] [22487:22489] [TOO] 	cluster 0x0000_0038, attribute: 0x0000_0000, endpoint 0[0m
[0;34m[1784838244.909] [22487:22489] [DMG] SendReadRequest ReadClient[0x71a28800eef0]: Sending Read Request[0m
[0;32m[1784838244.909] [22487:22489] [DMG] 0 data version filters provided, 0 not relevant, 0 encoded, 0 skipped due to lack of space[0m
[0;32m[1784838244.909] [22487:22489] [EM] <<< [E:20532i S:22239 M:22675880] (S) Msg TX from 000000000001B669 to 1:0000000000000001 [921D] [UDP:[fe80::bfe:a203:38f0:bce7%enp0s3]:5540] --- Type 0001:02 (IM:ReadRequest) (B:51)[0m
[0;32m[1784838244.909] [22487:22489] [EM] ??1 [E:20532i S:22239 M:22675880] (S) Msg Retransmission to 1:0000000000000001 scheduled for 377ms from now [State:Active II:500 AI:300 AT:4000][0m
[0;34m[1784838244.909] [22487:22489] [DMG] MoveToState ReadClient[0x71a28800eef0]: Moving to [AwaitingIn][0m
[0;32m[1784838244.909] [22487:22489] [EM] <<< [E:20531i S:0 M:51415554 (Ack:209551586)] (U) Msg TX from 3B22C27A4FFEE45C to 0:0000000000000000 [0000] [UDP:[fe80::bfe:a203:38f0:bce7%enp0s3]:5540] --- Type 0000:10 (SecureChannel:StandaloneAck) (B:26)[0m
[0;34m[1784838244.909] [22487:22489] [EM] Flushed pending ack for MessageCounter:209551586 on exchange 20531i[0m
[0;32m[1784838244.909] [22487:22489] [EM] >>> [E:20532i S:22239 M:139637385 (Ack:22675880)] (S) Msg RX from 1:0000000000000001 [921D] to 000000000001B669 --- Type 0001:05 (IM:ReportData) (B:77)[0m
[0;34m[1784838244.909] [22487:22489] [EM] Found matching exchange: 20532i, Delegate: 0x71a28800ef00[0m
[0;34m[1784838244.909] [22487:22489] [EM] Rxd Ack; Removing MessageCounter:22675880 from Retrans Table on exchange 20532i[0m
[0;34m[1784838244.909] [22487:22489] [DMG] ReportDataMessage =[0m
[0;34m[1784838244.909] [22487:22489] [DMG] {[0m
[0;34m[1784838244.909] [22487:22489] [DMG] 	AttributeReportIBs =[0m
[0;34m[1784838244.909] [22487:22489] [DMG] 	[[0m
[0;34m[1784838244.909] [22487:22489] [DMG] 		AttributeReportIB =[0m
[0;34m[1784838244.909] [22487:22489] [DMG] 		{[0m
[0;34m[1784838244.909] [22487:22489] [DMG] 			AttributeDataIB =[0m
[0;34m[1784838244.909] [22487:22489] [DMG] 			{[0m
[0;34m[1784838244.909] [22487:22489] [DMG] 				DataVersion = 0x76e30d7b,[0m
[0;34m[1784838244.909] [22487:22489] [DMG] 				AttributePathIB =[0m
[0;34m[1784838244.909] [22487:22489] [DMG] 				{[0m
[0;34m[1784838244.909] [22487:22489] [DMG] 					Endpoint = 0x0,[0m
[0;34m[1784838244.909] [22487:22489] [DMG] 					Cluster = 0x38,[0m
[0;34m[1784838244.909] [22487:22489] [DMG] 					Attribute = 0x0000_0000,[0m
[0;34m[1784838244.909] [22487:22489] [DMG] 				}[0m
[0;34m[1784838244.909] [22487:22489] [DMG] 					[0m
[0;34m[1784838244.909] [22487:22489] [DMG] 				Data = 838153444909703 (unsigned), [0m
[0;34m[1784838244.909] [22487:22489] [DMG] 			},[0m
[0;34m[1784838244.909] [22487:22489] [DMG] 			[0m
[0;34m[1784838244.909] [22487:22489] [DMG] 		},[0m
[0;34m[1784838244.909] [22487:22489] [DMG] 		[0m
[0;34m[1784838244.909] [22487:22489] [DMG] 	],[0m
[0;34m[1784838244.909] [22487:22489] [DMG] 	[0m
[0;34m[1784838244.909] [22487:22489] [DMG] 	SuppressResponse = true, [0m
[0;34m[1784838244.909] [22487:22489] [DMG] 	InteractionModelRevision = 12[0m
[0;34m[1784838244.909] [22487:22489] [DMG] }[0m
[0;32m[1784838244.909] [22487:22489] [TOO] Endpoint: 0 Cluster: 0x0000_0038 Attribute 0x0000_0000 DataVersion: 1994591611[0m
[0;32m[1784838244.910] [22487:22489] [TOO]   UTCTime: 838153444909703[0m
[0;32m[1784838244.910] [22487:22489] [EM] <<< [E:20532i S:22239 M:22675881 (Ack:139637385)] (S) Msg TX from 000000000001B669 to 1:0000000000000001 [921D] [UDP:[fe80::bfe:a203:38f0:bce7%enp0s3]:5540] --- Type 0000:10 (SecureChannel:StandaloneAck) (B:34)[0m
[0;34m[1784838244.910] [22487:22489] [EM] Flushed pending ack for MessageCounter:139637385 on exchange 20532i[0m
[0;34m[1784838244.910] [22487:22487] [CTL] Shutting down the commissioner[0m
[0;32m[1784838244.910] [22487:22487] [PAF] WiFiPAF: Closing all WiFiPAF sessions to shutdown[0m
[0;34m[1784838244.910] [22487:22487] [CTL] Shutting down the controller[0m
[0;34m[1784838244.910] [22487:22487] [IN] Expiring all sessions for fabric 0x1!![0m
[0;34m[1784838244.910] [22487:22487] [IN] SecureSession[0x71a288009cd0]: MarkForEviction Type:2 LSID:22239[0m
[0;32m[1784838244.910] [22487:22487] [SC] SecureSession[0x71a288009cd0, LSID:22239]: State change 'kActive' --> 'kPendingEviction'[0m
[0;34m[1784838244.910] [22487:22487] [IN] SecureSession[0x71a288009cd0]: Released - Type:2 LSID:22239[0m
[0;32m[1784838244.910] [22487:22487] [FP] Forgetting fabric 0x1[0m
[0;32m[1784838244.910] [22487:22487] [TS] Pending Last Known Good Time: 2023-10-14T01:16:48[0m
[0;32m[1784838244.910] [22487:22487] [TS] Previous Last Known Good Time: 2023-10-14T01:16:48[0m
[0;32m[1784838244.910] [22487:22487] [TS] Reverted Last Known Good Time to previous value[0m
[0;34m[1784838244.910] [22487:22487] [CTL] Shutting down the commissioner[0m
[0;32m[1784838244.910] [22487:22487] [PAF] WiFiPAF: Closing all WiFiPAF sessions to shutdown[0m
[0;34m[1784838244.910] [22487:22487] [CTL] Shutting down the controller[0m
[0;34m[1784838244.910] [22487:22487] [CTL] Shutting down the System State, this will teardown the CHIP Stack[0m
[0;34m[1784838244.910] [22487:22487] [DMG] All ReadHandler-s are clean, clear GlobalDirtySet[0m
[0;32m[1784838244.910] [22487:22487] [FP] Shutting down FabricTable[0m
[0;32m[1784838244.910] [22487:22487] [TS] Pending Last Known Good Time: 2023-10-14T01:16:48[0m
[0;32m[1784838244.910] [22487:22487] [TS] Previous Last Known Good Time: 2023-10-14T01:16:48[0m
[0;32m[1784838244.910] [22487:22487] [TS] Reverted Last Known Good Time to previous value[0m
[0;34m[1784838244.913] [22487:22487] [DL] Wrote settings to /tmp/chip_counters.ini[0m
[0;32m[1784838244.913] [22487:22487] [DL] NVS set: chip-counters/total-operational-hours = 0 (0x0)[0m
[0;32m[1784838244.913] [22487:22487] [DL] Inet Layer shutdown[0m
[0;32m[1784838244.913] [22487:22487] [DL] BLE Layer shutdown[0m
[0;32m[1784838244.913] [22487:22487] [DL] WiFi-PAF Layer shutdown[0m
[0;32m[1784838244.913] [22487:22487] [PAF] WiFiPAF: Closing all WiFiPAF sessions to shutdown[0m
[0;32m[1784838244.913] [22487:22487] [DL] System Layer shutdown[0m
