[0;34m[1784835302.648] [19478:19478] [DL] ChipLinuxStorage::Init: Using KVS config file: /tmp/chip_tool_kvs[0m
[1;31m[1784835302.650] [19478:19478] [DL] ChipLinuxStorage::Init: Attempt to re-initialize with KVS config file: /tmp/chip_kvs, IGNORING.[0m
[0;34m[1784835302.651] [19478:19478] [DL] ChipLinuxStorage::Init: Using KVS config file: /tmp/chip_factory.ini[0m
[0;34m[1784835302.651] [19478:19478] [DL] ChipLinuxStorage::Init: Using KVS config file: /tmp/chip_config.ini[0m
[0;34m[1784835302.651] [19478:19478] [DL] ChipLinuxStorage::Init: Using KVS config file: /tmp/chip_counters.ini[0m
[0;34m[1784835302.654] [19478:19478] [DL] Wrote settings to /tmp/chip_counters.ini[0m
[0;32m[1784835302.654] [19478:19478] [DL] NVS set: chip-counters/reboot-count = 3 (0x3)[0m
[0;32m[1784835302.654] [19478:19478] [DL] Got Ethernet interface: enp0s3[0m
[0;32m[1784835302.654] [19478:19478] [DL] Found the primary Ethernet interface:enp0s3[0m
[1;31m[1784835302.655] [19478:19478] [DL] Failed to get WiFi interface[0m
[1;31m[1784835302.655] [19478:19478] [DL] Failed to reset WiFi statistic counts[0m
[0;32m[1784835302.655] [19478:19478] [PAF] WiFiPAF: WiFiPAFLayer::Init()[0m
[0;34m[1784835302.655] [19478:19478] [IN] UDP::Init bind&listen port=0[0m
[0;34m[1784835302.655] [19478:19478] [IN] UDP::Init bound to port=43357[0m
[0;34m[1784835302.655] [19478:19478] [IN] UDP::Init bind&listen port=0[0m
[0;34m[1784835302.655] [19478:19478] [IN] UDP::Init bound to port=43505[0m
[0;34m[1784835302.655] [19478:19478] [IN] BLEBase::Init - setting/overriding transport[0m
[0;34m[1784835302.655] [19478:19478] [IN] WiFiPAFBase::Init - setting/overriding transport[0m
[0;34m[1784835302.655] [19478:19478] [IN] TransportMgr initialized[0m
[0;34m[1784835302.655] [19478:19478] [FP] Initializing FabricTable from persistent storage[0m
[0;32m[1784835302.655] [19478:19478] [TS] Last Known Good Time: 2023-10-14T01:16:48[0m
[0;32m[1784835302.655] [19478:19478] [FP] Fabric index 0x1 was retrieved from storage. Compressed FabricId 0x029BBE41150464F5, FabricId 0x0000000000000001, NodeId 0x000000000001B669, VendorId 0xFFF1[0m
[0;32m[1784835302.656] [19478:19478] [DMG] Ember attribute persistence requires setting up[0m
[0;32m[1784835302.656] [19478:19478] [ZCL] Using ZAP configuration...[0m
[0;34m[1784835302.656] [19478:19478] [CTL] System State Initialized...[0m
[0;32m[1784835302.656] [19478:19478] [CTL] Setting attestation nonce to random value[0m
[0;32m[1784835302.656] [19478:19478] [CTL] Setting CSR nonce to random value[0m
[0;34m[1784835302.656] [19478:19480] [DL] CHIP task running[0m
[0;32m[1784835302.656] [19478:19480] [CTL] Setting attestation nonce to random value[0m
[0;32m[1784835302.656] [19478:19480] [CTL] Setting CSR nonce to random value[0m
[0;32m[1784835302.657] [19478:19480] [CTL] Generating NOC[0m
[0;32m[1784835302.657] [19478:19480] [FP] Validating NOC chain[0m
[0;32m[1784835302.657] [19478:19480] [FP] NOC chain validation successful[0m
[0;32m[1784835302.657] [19478:19480] [FP] Updated fabric at index: 0x1, Node ID: 0x000000000001B669[0m
[0;32m[1784835302.657] [19478:19480] [TS] Last Known Good Time: 2023-10-14T01:16:48[0m
[0;32m[1784835302.657] [19478:19480] [TS] New proposed Last Known Good Time: 2021-01-01T00:00:00[0m
[0;32m[1784835302.657] [19478:19480] [TS] Retaining current Last Known Good Time[0m
[0;32m[1784835302.660] [19478:19480] [FP] Metadata for Fabric 0x1 persisted to storage.[0m
[0;32m[1784835302.661] [19478:19480] [TS] Committing Last Known Good Time to storage: 2023-10-14T01:16:48[0m
[0;32m[1784835302.662] [19478:19480] [CTL] Joined the fabric at index 1. Fabric ID is 0x0000000000000001 (Compressed Fabric ID: 029BBE41150464F5)[0m
[0;32m[1784835302.668] [19478:19480] [TOO] Sending command to node 0x1[0m
[0;34m[1784835302.668] [19478:19480] [CSM] FindOrEstablishSession: PeerId = [1:0000000000000001][0m
[0;34m[1784835302.668] [19478:19480] [CSM] FindOrEstablishSession: No existing OperationalSessionSetup instance found[0m
[0;34m[1784835302.668] [19478:19480] [DIS] OperationalSessionSetup[1:0000000000000001]: State change 1 --> 2[0m
[0;32m[1784835302.668] [19478:19480] [DIS] Lookup started for 029BBE41150464F5-0000000000000001[0m
[0;32m[1784835302.668] [19478:19480] [DIS] UDP:[fe80::bfe:a203:38f0:bce7%enp0s3]:5540: new best score: 7 (for 029BBE41150464F5-0000000000000001)[0m
[0;34m[1784835302.668] [19478:19480] [DIS] Lookup clearing interface for non LL address[0m
[0;32m[1784835302.668] [19478:19480] [DIS] UDP:10.0.2.15%enp0s3:5540: new best score: 2 (for 029BBE41150464F5-0000000000000001)[0m
[0;32m[1784835302.668] [19478:19480] [DIS] Checking node lookup status for 029BBE41150464F5-0000000000000001 after 1 ms[0m
[0;32m[1784835302.668] [19478:19480] [DIS] Keeping DNSSD lookup active[0m
[0;32m[1784835302.669] [19478:19480] [DIS] UDP:[fe80::bfe:a203:38f0:bce7%enp0s3]:5540: score has not improved: 7 (for 029BBE41150464F5-0000000000000001)[0m
[0;34m[1784835302.669] [19478:19480] [DIS] Lookup clearing interface for non LL address[0m
[0;32m[1784835302.669] [19478:19480] [DIS] UDP:10.0.2.15%enp0s3:5540: score has not improved: 2 (for 029BBE41150464F5-0000000000000001)[0m
[0;32m[1784835302.669] [19478:19480] [DIS] Checking node lookup status for 029BBE41150464F5-0000000000000001 after 1 ms[0m
[0;32m[1784835302.669] [19478:19480] [DIS] Keeping DNSSD lookup active[0m
[0;32m[1784835302.874] [19478:19480] [DIS] Checking node lookup status for 029BBE41150464F5-0000000000000001 after 207 ms[0m
[0;34m[1784835302.875] [19478:19480] [DIS] OperationalSessionSetup[1:0000000000000001]: Updating device address to UDP:[fe80::bfe:a203:38f0:bce7%enp0s3]:5540 while in state 2[0m
[0;34m[1784835302.875] [19478:19480] [DIS] OperationalSessionSetup[1:0000000000000001]: State change 2 --> 3[0m
[0;34m[1784835302.875] [19478:19480] [IN] SecureSession[0x7795dc009cd0]: Allocated Type:2 LSID:6587[0m
[0;32m[1784835302.875] [19478:19480] [SC] Initiating session on local FabricIndex 1 from 0x000000000001B669 -> 0x0000000000000001[0m
[0;32m[1784835302.875] [19478:19480] [EM] <<< [E:2667i S:0 M:133632012] (U) Msg TX from FDAA8172D1E53DEA to 0:0000000000000000 [0000] [UDP:[fe80::bfe:a203:38f0:bce7%enp0s3]:5540] --- Type 0000:30 (SecureChannel:CASE_Sigma1) (B:196)[0m
[0;32m[1784835302.875] [19478:19480] [EM] ??1 [E:2667i S:0 M:133632012] (U) Msg Retransmission to 0:0000000000000000 scheduled for 633ms from now [State:Idle II:500 AI:300 AT:4000][0m
[0;32m[1784835302.875] [19478:19480] [SC] Sent Sigma1 msg to <0000000000000001, 1> [II:500ms AI:300ms AT:4000ms][0m
[0;34m[1784835302.875] [19478:19480] [DIS] OperationalSessionSetup[1:0000000000000001]: State change 3 --> 4[0m
[0;32m[1784835302.876] [19478:19480] [EM] >>> [E:2667i S:0 M:58523422 (Ack:133632012)] (U) Msg RX from 0:0000000000000000 [0000] to FDAA8172D1E53DEA --- Type 0000:31 (SecureChannel:CASE_Sigma2) (B:751)[0m
[0;34m[1784835302.876] [19478:19480] [EM] Found matching exchange: 2667i, Delegate: 0x7795dc00b8e8[0m
[0;34m[1784835302.876] [19478:19480] [EM] Rxd Ack; Removing MessageCounter:133632012 from Retrans Table on exchange 2667i[0m
[0;32m[1784835302.877] [19478:19480] [SC] Received Sigma2 msg[0m
[0;34m[1784835302.877] [19478:19480] [SC] Found MRP parameters in the message[0m
[0;34m[1784835302.877] [19478:19480] [SC] Peer <0000000000000001, 1> assigned session ID 39678[0m
[0;34m[1784835302.877] [19478:19480] [SC] Sending Sigma3[0m
[0;32m[1784835302.878] [19478:19480] [EM] <<< [E:2667i S:0 M:133632013 (Ack:58523422)] (U) Msg TX from FDAA8172D1E53DEA to 0:0000000000000000 [0000] [UDP:[fe80::bfe:a203:38f0:bce7%enp0s3]:5540] --- Type 0000:32 (SecureChannel:CASE_Sigma3) (B:598)[0m
[0;32m[1784835302.878] [19478:19480] [EM] ??1 [E:2667i S:0 M:133632013] (U) Msg Retransmission to 0:0000000000000000 scheduled for 384ms from now [State:Active II:500 AI:300 AT:4000][0m
[0;32m[1784835302.878] [19478:19480] [SC] Sent Sigma3 msg[0m
[0;32m[1784835302.887] [19478:19480] [EM] >>> [E:2667i S:0 M:58523423 (Ack:133632013)] (U) Msg RX from 0:0000000000000000 [0000] to FDAA8172D1E53DEA --- Type 0000:40 (SecureChannel:StatusReport) (B:34)[0m
[0;34m[1784835302.887] [19478:19480] [EM] Found matching exchange: 2667i, Delegate: 0x7795dc00b8e8[0m
[0;34m[1784835302.887] [19478:19480] [EM] Rxd Ack; Removing MessageCounter:133632013 from Retrans Table on exchange 2667i[0m
[0;32m[1784835302.887] [19478:19480] [SC] Success status report received. Session was established[0m
[0;32m[1784835302.889] [19478:19480] [SC] SecureSession[0x7795dc009cd0, LSID:6587]: State change 'kEstablishing' --> 'kActive'[0m
[0;34m[1784835302.889] [19478:19480] [IN] SecureSession[0x7795dc009cd0]: Activated - Type:2 LSID:6587[0m
[0;34m[1784835302.889] [19478:19480] [IN] New secure session activated for device <0000000000000001, 1>, LSID:6587 PSID:39678![0m
[0;34m[1784835302.889] [19478:19480] [DIS] OperationalSessionSetup[1:0000000000000001]: State change 4 --> 5[0m
[0;32m[1784835302.889] [19478:19480] [TOO] Sending cluster (0x00000038) command (0x00000000) on endpoint 0[0m
[0;34m[1784835302.889] [19478:19480] [DMG] ICR moving to [AddingComm][0m
[0;34m[1784835302.889] [19478:19480] [DMG] ICR moving to [AddedComma][0m
[0;32m[1784835302.889] [19478:19480] [EM] <<< [E:2668i S:6587 M:229354751] (S) Msg TX from 000000000001B669 to 1:0000000000000001 [64F5] [UDP:[fe80::bfe:a203:38f0:bce7%enp0s3]:5540] --- Type 0001:08 (IM:InvokeCommandRequest) (B:72)[0m
[0;32m[1784835302.889] [19478:19480] [EM] ??1 [E:2668i S:6587 M:229354751] (S) Msg Retransmission to 1:0000000000000001 scheduled for 405ms from now [State:Active II:500 AI:300 AT:4000][0m
[0;34m[1784835302.889] [19478:19480] [DMG] ICR moving to [AwaitingRe][0m
[0;32m[1784835302.889] [19478:19480] [EM] <<< [E:2667i S:0 M:133632014 (Ack:58523423)] (U) Msg TX from FDAA8172D1E53DEA to 0:0000000000000000 [0000] [UDP:[fe80::bfe:a203:38f0:bce7%enp0s3]:5540] --- Type 0000:10 (SecureChannel:StandaloneAck) (B:26)[0m
[0;34m[1784835302.889] [19478:19480] [EM] Flushed pending ack for MessageCounter:58523423 on exchange 2667i[0m
[0;32m[2524608000.001] [19478:19480] [EM] >>> [E:2668i S:6587 M:192018792 (Ack:229354751)] (S) Msg RX from 1:0000000000000001 [64F5] to 000000000001B669 --- Type 0001:09 (IM:InvokeCommandResponse) (B:67)[0m
[0;34m[2524608000.001] [19478:19480] [EM] Found matching exchange: 2668i, Delegate: 0x7795dc00eef8[0m
[0;34m[2524608000.001] [19478:19480] [EM] Rxd Ack; Removing MessageCounter:229354751 from Retrans Table on exchange 2668i[0m
[0;34m[2524608000.001] [19478:19480] [DMG] ICR moving to [ResponseRe][0m
[0;34m[2524608000.001] [19478:19480] [DMG] InvokeResponseMessage =[0m
[0;34m[2524608000.001] [19478:19480] [DMG] {[0m
[0;34m[2524608000.001] [19478:19480] [DMG] 	suppressResponse = false, [0m
[0;34m[2524608000.001] [19478:19480] [DMG] 	InvokeResponseIBs =[0m
[0;34m[2524608000.001] [19478:19480] [DMG] 	[[0m
[0;34m[2524608000.001] [19478:19480] [DMG] 		InvokeResponseIB =[0m
[0;34m[2524608000.001] [19478:19480] [DMG] 		{[0m
[0;34m[2524608000.001] [19478:19480] [DMG] 			CommandStatusIB =[0m
[0;34m[2524608000.001] [19478:19480] [DMG] 			{[0m
[0;34m[2524608000.001] [19478:19480] [DMG] 				CommandPathIB =[0m
[0;34m[2524608000.001] [19478:19480] [DMG] 				{[0m
[0;34m[2524608000.001] [19478:19480] [DMG] 					EndpointId = 0x0,[0m
[0;34m[2524608000.001] [19478:19480] [DMG] 					ClusterId = 0x38,[0m
[0;34m[2524608000.001] [19478:19480] [DMG] 					CommandId = 0x0,[0m
[0;34m[2524608000.001] [19478:19480] [DMG] 				},[0m
[0;34m[2524608000.001] [19478:19480] [DMG] 				[0m
[0;34m[2524608000.001] [19478:19480] [DMG] 				StatusIB =[0m
[0;34m[2524608000.001] [19478:19480] [DMG] 				{[0m
[0;34m[2524608000.001] [19478:19480] [DMG] 					status = 0x00 (SUCCESS),[0m
[0;34m[2524608000.001] [19478:19480] [DMG] 				},[0m
[0;34m[2524608000.001] [19478:19480] [DMG] 				[0m
[0;34m[2524608000.001] [19478:19480] [DMG] 			},[0m
[0;34m[2524608000.001] [19478:19480] [DMG] 			[0m
[0;34m[2524608000.001] [19478:19480] [DMG] 		},[0m
[0;34m[2524608000.001] [19478:19480] [DMG] 		[0m
[0;34m[2524608000.001] [19478:19480] [DMG] 	],[0m
[0;34m[2524608000.001] [19478:19480] [DMG] 	[0m
[0;34m[2524608000.001] [19478:19480] [DMG] 	InteractionModelRevision = 12[0m
[0;34m[2524608000.001] [19478:19480] [DMG] },[0m
[0;32m[2524608000.001] [19478:19480] [DMG] Received Command Response Status for Endpoint=0 Cluster=0x0000_0038 Command=0x0000_0000 Status=0x0[0m
[0;34m[2524608000.001] [19478:19480] [DMG] ICR moving to [AwaitingDe][0m
[0;32m[2524608000.001] [19478:19480] [EM] <<< [E:2668i S:6587 M:229354752 (Ack:192018792)] (S) Msg TX from 000000000001B669 to 1:0000000000000001 [64F5] [UDP:[fe80::bfe:a203:38f0:bce7%enp0s3]:5540] --- Type 0000:10 (SecureChannel:StandaloneAck) (B:34)[0m
[0;34m[2524608000.001] [19478:19480] [EM] Flushed pending ack for MessageCounter:192018792 on exchange 2668i[0m
[0;34m[2524608000.001] [19478:19478] [CTL] Shutting down the commissioner[0m
[0;32m[2524608000.001] [19478:19478] [PAF] WiFiPAF: Closing all WiFiPAF sessions to shutdown[0m
[0;34m[2524608000.001] [19478:19478] [CTL] Shutting down the controller[0m
[0;34m[2524608000.002] [19478:19478] [IN] Expiring all sessions for fabric 0x1!![0m
[0;34m[2524608000.002] [19478:19478] [IN] SecureSession[0x7795dc009cd0]: MarkForEviction Type:2 LSID:6587[0m
[0;32m[2524608000.002] [19478:19478] [SC] SecureSession[0x7795dc009cd0, LSID:6587]: State change 'kActive' --> 'kPendingEviction'[0m
[0;34m[2524608000.002] [19478:19478] [IN] SecureSession[0x7795dc009cd0]: Released - Type:2 LSID:6587[0m
[0;32m[2524608000.002] [19478:19478] [FP] Forgetting fabric 0x1[0m
[0;32m[2524608000.002] [19478:19478] [TS] Pending Last Known Good Time: 2023-10-14T01:16:48[0m
[0;32m[2524608000.002] [19478:19478] [TS] Previous Last Known Good Time: 2023-10-14T01:16:48[0m
[0;32m[2524608000.002] [19478:19478] [TS] Reverted Last Known Good Time to previous value[0m
[0;34m[2524608000.002] [19478:19478] [CTL] Shutting down the commissioner[0m
[0;32m[2524608000.002] [19478:19478] [PAF] WiFiPAF: Closing all WiFiPAF sessions to shutdown[0m
[0;34m[2524608000.002] [19478:19478] [CTL] Shutting down the controller[0m
[0;34m[2524608000.002] [19478:19478] [CTL] Shutting down the System State, this will teardown the CHIP Stack[0m
[0;34m[2524608000.002] [19478:19478] [DMG] All ReadHandler-s are clean, clear GlobalDirtySet[0m
[0;32m[2524608000.002] [19478:19478] [FP] Shutting down FabricTable[0m
[0;32m[2524608000.002] [19478:19478] [TS] Pending Last Known Good Time: 2023-10-14T01:16:48[0m
[0;32m[2524608000.002] [19478:19478] [TS] Previous Last Known Good Time: 2023-10-14T01:16:48[0m
[0;32m[2524608000.002] [19478:19478] [TS] Reverted Last Known Good Time to previous value[0m
[0;34m[2524608000.006] [19478:19478] [DL] Wrote settings to /tmp/chip_counters.ini[0m
[0;32m[2524608000.006] [19478:19478] [DL] NVS set: chip-counters/total-operational-hours = 0 (0x0)[0m
[0;32m[2524608000.006] [19478:19478] [DL] Inet Layer shutdown[0m
[0;32m[2524608000.006] [19478:19478] [DL] BLE Layer shutdown[0m
[0;32m[2524608000.006] [19478:19478] [DL] WiFi-PAF Layer shutdown[0m
[0;32m[2524608000.006] [19478:19478] [PAF] WiFiPAF: Closing all WiFiPAF sessions to shutdown[0m
[0;32m[2524608000.006] [19478:19478] [DL] System Layer shutdown[0m
