[0;34m[1784654386.437] [4732:4732] [DL] ChipLinuxStorage::Init: Using KVS config file: /tmp/chip_tool_kvs[0m
[1;31m[1784654386.440] [4732:4732] [DL] ChipLinuxStorage::Init: Attempt to re-initialize with KVS config file: /tmp/chip_kvs, IGNORING.[0m
[0;34m[1784654386.442] [4732:4732] [DL] ChipLinuxStorage::Init: Using KVS config file: /tmp/chip_factory.ini[0m
[0;34m[1784654386.442] [4732:4732] [DL] ChipLinuxStorage::Init: Using KVS config file: /tmp/chip_config.ini[0m
[0;34m[1784654386.442] [4732:4732] [DL] ChipLinuxStorage::Init: Using KVS config file: /tmp/chip_counters.ini[0m
[0;34m[1784654386.447] [4732:4732] [DL] Wrote settings to /tmp/chip_counters.ini[0m
[0;32m[1784654386.447] [4732:4732] [DL] NVS set: chip-counters/reboot-count = 3 (0x3)[0m
[0;32m[1784654386.447] [4732:4732] [DL] Got Ethernet interface: enp0s3[0m
[0;32m[1784654386.447] [4732:4732] [DL] Found the primary Ethernet interface:enp0s3[0m
[1;31m[1784654386.447] [4732:4732] [DL] Failed to get WiFi interface[0m
[1;31m[1784654386.447] [4732:4732] [DL] Failed to reset WiFi statistic counts[0m
[0;32m[1784654386.447] [4732:4732] [PAF] WiFiPAF: WiFiPAFLayer::Init()[0m
[0;34m[1784654386.447] [4732:4732] [IN] UDP::Init bind&listen port=0[0m
[0;34m[1784654386.448] [4732:4732] [IN] UDP::Init bound to port=56441[0m
[0;34m[1784654386.448] [4732:4732] [IN] UDP::Init bind&listen port=0[0m
[0;34m[1784654386.448] [4732:4732] [IN] UDP::Init bound to port=34389[0m
[0;34m[1784654386.448] [4732:4732] [IN] BLEBase::Init - setting/overriding transport[0m
[0;34m[1784654386.448] [4732:4732] [IN] WiFiPAFBase::Init - setting/overriding transport[0m
[0;34m[1784654386.448] [4732:4732] [IN] TransportMgr initialized[0m
[0;34m[1784654386.448] [4732:4732] [FP] Initializing FabricTable from persistent storage[0m
[0;32m[1784654386.448] [4732:4732] [TS] Last Known Good Time: 2023-10-14T01:16:48[0m
[0;32m[1784654386.448] [4732:4732] [FP] Fabric index 0x1 was retrieved from storage. Compressed FabricId 0x905166CAA37583FD, FabricId 0x0000000000000001, NodeId 0x000000000001B669, VendorId 0xFFF1[0m
[0;32m[1784654386.449] [4732:4732] [DMG] Ember attribute persistence requires setting up[0m
[0;32m[1784654386.449] [4732:4732] [ZCL] Using ZAP configuration...[0m
[0;34m[1784654386.449] [4732:4732] [CTL] System State Initialized...[0m
[0;32m[1784654386.449] [4732:4732] [CTL] Setting attestation nonce to random value[0m
[0;32m[1784654386.449] [4732:4732] [CTL] Setting CSR nonce to random value[0m
[0;34m[1784654386.449] [4732:4734] [DL] CHIP task running[0m
[0;32m[1784654386.449] [4732:4734] [CTL] Setting attestation nonce to random value[0m
[0;32m[1784654386.449] [4732:4734] [CTL] Setting CSR nonce to random value[0m
[0;32m[1784654386.450] [4732:4734] [CTL] Generating NOC[0m
[0;32m[1784654386.450] [4732:4734] [FP] Validating NOC chain[0m
[0;32m[1784654386.450] [4732:4734] [FP] NOC chain validation successful[0m
[0;32m[1784654386.450] [4732:4734] [FP] Updated fabric at index: 0x1, Node ID: 0x000000000001B669[0m
[0;32m[1784654386.450] [4732:4734] [TS] Last Known Good Time: 2023-10-14T01:16:48[0m
[0;32m[1784654386.450] [4732:4734] [TS] New proposed Last Known Good Time: 2021-01-01T00:00:00[0m
[0;32m[1784654386.450] [4732:4734] [TS] Retaining current Last Known Good Time[0m
[0;32m[1784654386.452] [4732:4734] [FP] Metadata for Fabric 0x1 persisted to storage.[0m
[0;32m[1784654386.453] [4732:4734] [TS] Committing Last Known Good Time to storage: 2023-10-14T01:16:48[0m
[0;32m[1784654386.454] [4732:4734] [CTL] Joined the fabric at index 1. Fabric ID is 0x0000000000000001 (Compressed Fabric ID: 905166CAA37583FD)[0m
[0;32m[1784654386.460] [4732:4734] [TOO] Sending command to node 0x1[0m
[0;34m[1784654386.461] [4732:4734] [CSM] FindOrEstablishSession: PeerId = [1:0000000000000001][0m
[0;34m[1784654386.461] [4732:4734] [CSM] FindOrEstablishSession: No existing OperationalSessionSetup instance found[0m
[0;34m[1784654386.461] [4732:4734] [DIS] OperationalSessionSetup[1:0000000000000001]: State change 1 --> 2[0m
[0;32m[1784654386.461] [4732:4734] [DIS] Lookup started for 905166CAA37583FD-0000000000000001[0m
[0;32m[1784654386.461] [4732:4734] [DIS] UDP:[fe80::bfe:a203:38f0:bce7%enp0s3]:5540: new best score: 7 (for 905166CAA37583FD-0000000000000001)[0m
[0;34m[1784654386.461] [4732:4734] [DIS] Lookup clearing interface for non LL address[0m
[0;32m[1784654386.461] [4732:4734] [DIS] UDP:10.0.2.15%enp0s3:5540: new best score: 2 (for 905166CAA37583FD-0000000000000001)[0m
[0;32m[1784654386.461] [4732:4734] [DIS] Checking node lookup status for 905166CAA37583FD-0000000000000001 after 1 ms[0m
[0;32m[1784654386.461] [4732:4734] [DIS] Keeping DNSSD lookup active[0m
[0;32m[1784654386.462] [4732:4734] [DIS] UDP:[fe80::bfe:a203:38f0:bce7%enp0s3]:5540: score has not improved: 7 (for 905166CAA37583FD-0000000000000001)[0m
[0;34m[1784654386.462] [4732:4734] [DIS] Lookup clearing interface for non LL address[0m
[0;32m[1784654386.462] [4732:4734] [DIS] UDP:10.0.2.15%enp0s3:5540: score has not improved: 2 (for 905166CAA37583FD-0000000000000001)[0m
[0;32m[1784654386.462] [4732:4734] [DIS] Checking node lookup status for 905166CAA37583FD-0000000000000001 after 1 ms[0m
[0;32m[1784654386.462] [4732:4734] [DIS] Keeping DNSSD lookup active[0m
[0;32m[1784654386.661] [4732:4734] [DIS] Checking node lookup status for 905166CAA37583FD-0000000000000001 after 200 ms[0m
[0;34m[1784654386.661] [4732:4734] [DIS] OperationalSessionSetup[1:0000000000000001]: Updating device address to UDP:[fe80::bfe:a203:38f0:bce7%enp0s3]:5540 while in state 2[0m
[0;34m[1784654386.661] [4732:4734] [DIS] OperationalSessionSetup[1:0000000000000001]: State change 2 --> 3[0m
[0;34m[1784654386.661] [4732:4734] [IN] SecureSession[0x764cb8009cd0]: Allocated Type:2 LSID:53871[0m
[0;32m[1784654386.661] [4732:4734] [SC] Initiating session on local FabricIndex 1 from 0x000000000001B669 -> 0x0000000000000001[0m
[0;32m[1784654386.661] [4732:4734] [EM] <<< [E:28030i S:0 M:37268995] (U) Msg TX from AE5394D8F5E9D965 to 0:0000000000000000 [0000] [UDP:[fe80::bfe:a203:38f0:bce7%enp0s3]:5540] --- Type 0000:30 (SecureChannel:CASE_Sigma1) (B:196)[0m
[0;32m[1784654386.661] [4732:4734] [EM] ??1 [E:28030i S:0 M:37268995] (U) Msg Retransmission to 0:0000000000000000 scheduled for 635ms from now [State:Idle II:500 AI:300 AT:4000][0m
[0;32m[1784654386.661] [4732:4734] [SC] Sent Sigma1 msg to <0000000000000001, 1> [II:500ms AI:300ms AT:4000ms][0m
[0;34m[1784654386.661] [4732:4734] [DIS] OperationalSessionSetup[1:0000000000000001]: State change 3 --> 4[0m
[0;32m[1784654386.664] [4732:4734] [EM] >>> [E:28030i S:0 M:266315719 (Ack:37268995)] (U) Msg RX from 0:0000000000000000 [0000] to AE5394D8F5E9D965 --- Type 0000:31 (SecureChannel:CASE_Sigma2) (B:751)[0m
[0;34m[1784654386.664] [4732:4734] [EM] Found matching exchange: 28030i, Delegate: 0x764cb800b8e8[0m
[0;34m[1784654386.664] [4732:4734] [EM] Rxd Ack; Removing MessageCounter:37268995 from Retrans Table on exchange 28030i[0m
[0;32m[1784654386.664] [4732:4734] [SC] Received Sigma2 msg[0m
[0;34m[1784654386.664] [4732:4734] [SC] Found MRP parameters in the message[0m
[0;34m[1784654386.665] [4732:4734] [SC] Peer <0000000000000001, 1> assigned session ID 21320[0m
[0;34m[1784654386.665] [4732:4734] [SC] Sending Sigma3[0m
[0;32m[1784654386.665] [4732:4734] [EM] <<< [E:28030i S:0 M:37268996 (Ack:266315719)] (U) Msg TX from AE5394D8F5E9D965 to 0:0000000000000000 [0000] [UDP:[fe80::bfe:a203:38f0:bce7%enp0s3]:5540] --- Type 0000:32 (SecureChannel:CASE_Sigma3) (B:598)[0m
[0;32m[1784654386.665] [4732:4734] [EM] ??1 [E:28030i S:0 M:37268996] (U) Msg Retransmission to 0:0000000000000000 scheduled for 381ms from now [State:Active II:500 AI:300 AT:4000][0m
[0;32m[1784654386.665] [4732:4734] [SC] Sent Sigma3 msg[0m
[0;32m[1784654386.756] [4732:4734] [EM] >>> [E:28030i S:0 M:266315720 (Ack:37268996)] (U) Msg RX from 0:0000000000000000 [0000] to AE5394D8F5E9D965 --- Type 0000:40 (SecureChannel:StatusReport) (B:34)[0m
[0;34m[1784654386.756] [4732:4734] [EM] Found matching exchange: 28030i, Delegate: 0x764cb800b8e8[0m
[0;34m[1784654386.756] [4732:4734] [EM] Rxd Ack; Removing MessageCounter:37268996 from Retrans Table on exchange 28030i[0m
[0;32m[1784654386.756] [4732:4734] [SC] Success status report received. Session was established[0m
[0;32m[1784654386.758] [4732:4734] [SC] SecureSession[0x764cb8009cd0, LSID:53871]: State change 'kEstablishing' --> 'kActive'[0m
[0;34m[1784654386.758] [4732:4734] [IN] SecureSession[0x764cb8009cd0]: Activated - Type:2 LSID:53871[0m
[0;34m[1784654386.758] [4732:4734] [IN] New secure session activated for device <0000000000000001, 1>, LSID:53871 PSID:21320![0m
[0;34m[1784654386.780] [4732:4734] [DIS] OperationalSessionSetup[1:0000000000000001]: State change 4 --> 5[0m
[0;32m[1784654386.780] [4732:4734] [TOO] Sending cluster (0x00000030) command (0x00000000) on endpoint 0[0m
[0;34m[1784654386.780] [4732:4734] [DMG] ICR moving to [AddingComm][0m
[0;34m[1784654386.780] [4732:4734] [DMG] ICR moving to [AddedComma][0m
[0;32m[1784654386.780] [4732:4734] [EM] <<< [E:28031i S:53871 M:167433853] (S) Msg TX from 000000000001B669 to 1:0000000000000001 [83FD] [UDP:[fe80::bfe:a203:38f0:bce7%enp0s3]:5540] --- Type 0001:08 (IM:InvokeCommandRequest) (B:65)[0m
[0;32m[1784654386.780] [4732:4734] [EM] ??1 [E:28031i S:53871 M:167433853] (S) Msg Retransmission to 1:0000000000000001 scheduled for 341ms from now [State:Active II:500 AI:300 AT:4000][0m
[0;34m[1784654386.780] [4732:4734] [DMG] ICR moving to [AwaitingRe][0m
[0;32m[1784654386.780] [4732:4734] [EM] <<< [E:28030i S:0 M:37268997 (Ack:266315720)] (U) Msg TX from AE5394D8F5E9D965 to 0:0000000000000000 [0000] [UDP:[fe80::bfe:a203:38f0:bce7%enp0s3]:5540] --- Type 0000:10 (SecureChannel:StandaloneAck) (B:26)[0m
[0;34m[1784654386.780] [4732:4734] [EM] Flushed pending ack for MessageCounter:266315720 on exchange 28030i[0m
[0;32m[1784654386.780] [4732:4734] [EM] >>> [E:28031i S:53871 M:263429300 (Ack:167433853)] (S) Msg RX from 1:0000000000000001 [83FD] to 000000000001B669 --- Type 0001:09 (IM:InvokeCommandResponse) (B:70)[0m
[0;34m[1784654386.780] [4732:4734] [EM] Found matching exchange: 28031i, Delegate: 0x764cb800eef8[0m
[0;34m[1784654386.780] [4732:4734] [EM] Rxd Ack; Removing MessageCounter:167433853 from Retrans Table on exchange 28031i[0m
[0;34m[1784654386.780] [4732:4734] [DMG] ICR moving to [ResponseRe][0m
[0;34m[1784654386.780] [4732:4734] [DMG] InvokeResponseMessage =[0m
[0;34m[1784654386.780] [4732:4734] [DMG] {[0m
[0;34m[1784654386.780] [4732:4734] [DMG] 	suppressResponse = false, [0m
[0;34m[1784654386.780] [4732:4734] [DMG] 	InvokeResponseIBs =[0m
[0;34m[1784654386.780] [4732:4734] [DMG] 	[[0m
[0;34m[1784654386.780] [4732:4734] [DMG] 		InvokeResponseIB =[0m
[0;34m[1784654386.780] [4732:4734] [DMG] 		{[0m
[0;34m[1784654386.780] [4732:4734] [DMG] 			CommandDataIB =[0m
[0;34m[1784654386.780] [4732:4734] [DMG] 			{[0m
[0;34m[1784654386.780] [4732:4734] [DMG] 				CommandPathIB =[0m
[0;34m[1784654386.780] [4732:4734] [DMG] 				{[0m
[0;34m[1784654386.780] [4732:4734] [DMG] 					EndpointId = 0x0,[0m
[0;34m[1784654386.780] [4732:4734] [DMG] 					ClusterId = 0x30,[0m
[0;34m[1784654386.780] [4732:4734] [DMG] 					CommandId = 0x1,[0m
[0;34m[1784654386.780] [4732:4734] [DMG] 				},[0m
[0;34m[1784654386.780] [4732:4734] [DMG] 				[0m
[0;34m[1784654386.780] [4732:4734] [DMG] 				CommandFields = [0m
[0;34m[1784654386.780] [4732:4734] [DMG] 				{[0m
[0;34m[1784654386.780] [4732:4734] [DMG] 					0x0 = 0 (unsigned), [0m
[0;34m[1784654386.780] [4732:4734] [DMG] 					0x1 = "" (0 chars), [0m
[0;34m[1784654386.780] [4732:4734] [DMG] 				},[0m
[0;34m[1784654386.780] [4732:4734] [DMG] 			},[0m
[0;34m[1784654386.780] [4732:4734] [DMG] 			[0m
[0;34m[1784654386.780] [4732:4734] [DMG] 		},[0m
[0;34m[1784654386.780] [4732:4734] [DMG] 		[0m
[0;34m[1784654386.780] [4732:4734] [DMG] 	],[0m
[0;34m[1784654386.780] [4732:4734] [DMG] 	[0m
[0;34m[1784654386.780] [4732:4734] [DMG] 	InteractionModelRevision = 12[0m
[0;34m[1784654386.780] [4732:4734] [DMG] },[0m
[0;32m[1784654386.780] [4732:4734] [DMG] Received Command Response Data, Endpoint=0 Cluster=0x0000_0030 Command=0x0000_0001[0m
[0;32m[1784654386.780] [4732:4734] [TOO] Endpoint: 0 Cluster: 0x0000_0030 Command 0x0000_0001[0m
[0;32m[1784654386.781] [4732:4734] [TOO]   ArmFailSafeResponse: {[0m
[0;32m[1784654386.781] [4732:4734] [TOO]     errorCode: 0[0m
[0;32m[1784654386.781] [4732:4734] [TOO]     debugText: [0m
[0;32m[1784654386.781] [4732:4734] [TOO]    }[0m
[0;34m[1784654386.781] [4732:4734] [DMG] ICR moving to [AwaitingDe][0m
[0;32m[1784654386.781] [4732:4734] [EM] <<< [E:28031i S:53871 M:167433854 (Ack:263429300)] (S) Msg TX from 000000000001B669 to 1:0000000000000001 [83FD] [UDP:[fe80::bfe:a203:38f0:bce7%enp0s3]:5540] --- Type 0000:10 (SecureChannel:StandaloneAck) (B:34)[0m
[0;34m[1784654386.781] [4732:4734] [EM] Flushed pending ack for MessageCounter:263429300 on exchange 28031i[0m
[0;34m[1784654386.784] [4732:4732] [CTL] Shutting down the commissioner[0m
[0;32m[1784654386.784] [4732:4732] [PAF] WiFiPAF: Closing all WiFiPAF sessions to shutdown[0m
[0;34m[1784654386.784] [4732:4732] [CTL] Shutting down the controller[0m
[0;34m[1784654386.784] [4732:4732] [IN] Expiring all sessions for fabric 0x1!![0m
[0;34m[1784654386.785] [4732:4732] [IN] SecureSession[0x764cb8009cd0]: MarkForEviction Type:2 LSID:53871[0m
[0;32m[1784654386.785] [4732:4732] [SC] SecureSession[0x764cb8009cd0, LSID:53871]: State change 'kActive' --> 'kPendingEviction'[0m
[0;34m[1784654386.785] [4732:4732] [IN] SecureSession[0x764cb8009cd0]: Released - Type:2 LSID:53871[0m
[0;32m[1784654386.785] [4732:4732] [FP] Forgetting fabric 0x1[0m
[0;32m[1784654386.785] [4732:4732] [TS] Pending Last Known Good Time: 2023-10-14T01:16:48[0m
[0;32m[1784654386.785] [4732:4732] [TS] Previous Last Known Good Time: 2023-10-14T01:16:48[0m
[0;32m[1784654386.785] [4732:4732] [TS] Reverted Last Known Good Time to previous value[0m
[0;34m[1784654386.785] [4732:4732] [CTL] Shutting down the commissioner[0m
[0;32m[1784654386.785] [4732:4732] [PAF] WiFiPAF: Closing all WiFiPAF sessions to shutdown[0m
[0;34m[1784654386.785] [4732:4732] [CTL] Shutting down the controller[0m
[0;34m[1784654386.785] [4732:4732] [CTL] Shutting down the System State, this will teardown the CHIP Stack[0m
[0;34m[1784654386.785] [4732:4732] [DMG] All ReadHandler-s are clean, clear GlobalDirtySet[0m
[0;32m[1784654386.785] [4732:4732] [FP] Shutting down FabricTable[0m
[0;32m[1784654386.785] [4732:4732] [TS] Pending Last Known Good Time: 2023-10-14T01:16:48[0m
[0;32m[1784654386.785] [4732:4732] [TS] Previous Last Known Good Time: 2023-10-14T01:16:48[0m
[0;32m[1784654386.785] [4732:4732] [TS] Reverted Last Known Good Time to previous value[0m
[0;34m[1784654386.787] [4732:4732] [DL] Wrote settings to /tmp/chip_counters.ini[0m
[0;32m[1784654386.787] [4732:4732] [DL] NVS set: chip-counters/total-operational-hours = 0 (0x0)[0m
[0;32m[1784654386.787] [4732:4732] [DL] Inet Layer shutdown[0m
[0;32m[1784654386.787] [4732:4732] [DL] BLE Layer shutdown[0m
[0;32m[1784654386.787] [4732:4732] [DL] WiFi-PAF Layer shutdown[0m
[0;32m[1784654386.787] [4732:4732] [PAF] WiFiPAF: Closing all WiFiPAF sessions to shutdown[0m
[0;32m[1784654386.787] [4732:4732] [DL] System Layer shutdown[0m
