[0;34m[1784654386.845] [4740:4740] [DL] ChipLinuxStorage::Init: Using KVS config file: /tmp/chip_tool_kvs[0m
[1;31m[1784654386.847] [4740:4740] [DL] ChipLinuxStorage::Init: Attempt to re-initialize with KVS config file: /tmp/chip_kvs, IGNORING.[0m
[0;34m[1784654386.850] [4740:4740] [DL] ChipLinuxStorage::Init: Using KVS config file: /tmp/chip_factory.ini[0m
[0;34m[1784654386.850] [4740:4740] [DL] ChipLinuxStorage::Init: Using KVS config file: /tmp/chip_config.ini[0m
[0;34m[1784654386.850] [4740:4740] [DL] ChipLinuxStorage::Init: Using KVS config file: /tmp/chip_counters.ini[0m
[0;34m[1784654386.854] [4740:4740] [DL] Wrote settings to /tmp/chip_counters.ini[0m
[0;32m[1784654386.854] [4740:4740] [DL] NVS set: chip-counters/reboot-count = 4 (0x4)[0m
[0;32m[1784654386.854] [4740:4740] [DL] Got Ethernet interface: enp0s3[0m
[0;32m[1784654386.854] [4740:4740] [DL] Found the primary Ethernet interface:enp0s3[0m
[1;31m[1784654386.854] [4740:4740] [DL] Failed to get WiFi interface[0m
[1;31m[1784654386.854] [4740:4740] [DL] Failed to reset WiFi statistic counts[0m
[0;32m[1784654386.854] [4740:4740] [PAF] WiFiPAF: WiFiPAFLayer::Init()[0m
[0;34m[1784654386.854] [4740:4740] [IN] UDP::Init bind&listen port=0[0m
[0;34m[1784654386.854] [4740:4740] [IN] UDP::Init bound to port=42856[0m
[0;34m[1784654386.854] [4740:4740] [IN] UDP::Init bind&listen port=0[0m
[0;34m[1784654386.854] [4740:4740] [IN] UDP::Init bound to port=35982[0m
[0;34m[1784654386.854] [4740:4740] [IN] BLEBase::Init - setting/overriding transport[0m
[0;34m[1784654386.854] [4740:4740] [IN] WiFiPAFBase::Init - setting/overriding transport[0m
[0;34m[1784654386.854] [4740:4740] [IN] TransportMgr initialized[0m
[0;34m[1784654386.854] [4740:4740] [FP] Initializing FabricTable from persistent storage[0m
[0;32m[1784654386.854] [4740:4740] [TS] Last Known Good Time: 2023-10-14T01:16:48[0m
[0;32m[1784654386.855] [4740:4740] [FP] Fabric index 0x1 was retrieved from storage. Compressed FabricId 0x905166CAA37583FD, FabricId 0x0000000000000001, NodeId 0x000000000001B669, VendorId 0xFFF1[0m
[0;32m[1784654386.856] [4740:4740] [DMG] Ember attribute persistence requires setting up[0m
[0;32m[1784654386.856] [4740:4740] [ZCL] Using ZAP configuration...[0m
[0;34m[1784654386.856] [4740:4740] [CTL] System State Initialized...[0m
[0;32m[1784654386.856] [4740:4740] [CTL] Setting attestation nonce to random value[0m
[0;32m[1784654386.856] [4740:4740] [CTL] Setting CSR nonce to random value[0m
[0;34m[1784654386.857] [4740:4742] [DL] CHIP task running[0m
[0;32m[1784654386.857] [4740:4742] [CTL] Setting attestation nonce to random value[0m
[0;32m[1784654386.857] [4740:4742] [CTL] Setting CSR nonce to random value[0m
[0;32m[1784654386.857] [4740:4742] [CTL] Generating NOC[0m
[0;32m[1784654386.857] [4740:4742] [FP] Validating NOC chain[0m
[0;32m[1784654386.857] [4740:4742] [FP] NOC chain validation successful[0m
[0;32m[1784654386.857] [4740:4742] [FP] Updated fabric at index: 0x1, Node ID: 0x000000000001B669[0m
[0;32m[1784654386.857] [4740:4742] [TS] Last Known Good Time: 2023-10-14T01:16:48[0m
[0;32m[1784654386.857] [4740:4742] [TS] New proposed Last Known Good Time: 2021-01-01T00:00:00[0m
[0;32m[1784654386.857] [4740:4742] [TS] Retaining current Last Known Good Time[0m
[0;32m[1784654386.859] [4740:4742] [FP] Metadata for Fabric 0x1 persisted to storage.[0m
[0;32m[1784654386.860] [4740:4742] [TS] Committing Last Known Good Time to storage: 2023-10-14T01:16:48[0m
[0;32m[1784654386.861] [4740:4742] [CTL] Joined the fabric at index 1. Fabric ID is 0x0000000000000001 (Compressed Fabric ID: 905166CAA37583FD)[0m
[0;32m[1784654386.866] [4740:4742] [TOO] Sending command to node 0x1[0m
[0;34m[1784654386.866] [4740:4742] [CSM] FindOrEstablishSession: PeerId = [1:0000000000000001][0m
[0;34m[1784654386.866] [4740:4742] [CSM] FindOrEstablishSession: No existing OperationalSessionSetup instance found[0m
[0;34m[1784654386.866] [4740:4742] [DIS] OperationalSessionSetup[1:0000000000000001]: State change 1 --> 2[0m
[0;32m[1784654386.866] [4740:4742] [DIS] Lookup started for 905166CAA37583FD-0000000000000001[0m
[0;32m[1784654386.867] [4740:4742] [DIS] UDP:[fe80::bfe:a203:38f0:bce7%enp0s3]:5540: new best score: 7 (for 905166CAA37583FD-0000000000000001)[0m
[0;34m[1784654386.867] [4740:4742] [DIS] Lookup clearing interface for non LL address[0m
[0;32m[1784654386.867] [4740:4742] [DIS] UDP:10.0.2.15%enp0s3:5540: new best score: 2 (for 905166CAA37583FD-0000000000000001)[0m
[0;32m[1784654386.867] [4740:4742] [DIS] Checking node lookup status for 905166CAA37583FD-0000000000000001 after 1 ms[0m
[0;32m[1784654386.867] [4740:4742] [DIS] Keeping DNSSD lookup active[0m
[0;32m[1784654386.867] [4740:4742] [DIS] UDP:[fe80::bfe:a203:38f0:bce7%enp0s3]:5540: score has not improved: 7 (for 905166CAA37583FD-0000000000000001)[0m
[0;34m[1784654386.867] [4740:4742] [DIS] Lookup clearing interface for non LL address[0m
[0;32m[1784654386.867] [4740:4742] [DIS] UDP:10.0.2.15%enp0s3:5540: score has not improved: 2 (for 905166CAA37583FD-0000000000000001)[0m
[0;32m[1784654386.867] [4740:4742] [DIS] Checking node lookup status for 905166CAA37583FD-0000000000000001 after 1 ms[0m
[0;32m[1784654386.867] [4740:4742] [DIS] Keeping DNSSD lookup active[0m
[0;32m[1784654387.068] [4740:4742] [DIS] Checking node lookup status for 905166CAA37583FD-0000000000000001 after 203 ms[0m
[0;34m[1784654387.068] [4740:4742] [DIS] OperationalSessionSetup[1:0000000000000001]: Updating device address to UDP:[fe80::bfe:a203:38f0:bce7%enp0s3]:5540 while in state 2[0m
[0;34m[1784654387.068] [4740:4742] [DIS] OperationalSessionSetup[1:0000000000000001]: State change 2 --> 3[0m
[0;34m[1784654387.068] [4740:4742] [IN] SecureSession[0x7d93a8009cd0]: Allocated Type:2 LSID:2326[0m
[0;32m[1784654387.068] [4740:4742] [SC] Initiating session on local FabricIndex 1 from 0x000000000001B669 -> 0x0000000000000001[0m
[0;32m[1784654387.069] [4740:4742] [EM] <<< [E:19212i S:0 M:260979419] (U) Msg TX from D296653D97E67533 to 0:0000000000000000 [0000] [UDP:[fe80::bfe:a203:38f0:bce7%enp0s3]:5540] --- Type 0000:30 (SecureChannel:CASE_Sigma1) (B:196)[0m
[0;32m[1784654387.069] [4740:4742] [EM] ??1 [E:19212i S:0 M:260979419] (U) Msg Retransmission to 0:0000000000000000 scheduled for 616ms from now [State:Idle II:500 AI:300 AT:4000][0m
[0;32m[1784654387.069] [4740:4742] [SC] Sent Sigma1 msg to <0000000000000001, 1> [II:500ms AI:300ms AT:4000ms][0m
[0;34m[1784654387.069] [4740:4742] [DIS] OperationalSessionSetup[1:0000000000000001]: State change 3 --> 4[0m
[0;32m[1784654387.069] [4740:4742] [EM] >>> [E:19212i S:0 M:266315721 (Ack:260979419)] (U) Msg RX from 0:0000000000000000 [0000] to D296653D97E67533 --- Type 0000:31 (SecureChannel:CASE_Sigma2) (B:751)[0m
[0;34m[1784654387.069] [4740:4742] [EM] Found matching exchange: 19212i, Delegate: 0x7d93a800b8e8[0m
[0;34m[1784654387.069] [4740:4742] [EM] Rxd Ack; Removing MessageCounter:260979419 from Retrans Table on exchange 19212i[0m
[0;32m[1784654387.069] [4740:4742] [SC] Received Sigma2 msg[0m
[0;34m[1784654387.069] [4740:4742] [SC] Found MRP parameters in the message[0m
[0;34m[1784654387.070] [4740:4742] [SC] Peer <0000000000000001, 1> assigned session ID 21321[0m
[0;34m[1784654387.070] [4740:4742] [SC] Sending Sigma3[0m
[0;32m[1784654387.071] [4740:4742] [EM] <<< [E:19212i S:0 M:260979420 (Ack:266315721)] (U) Msg TX from D296653D97E67533 to 0:0000000000000000 [0000] [UDP:[fe80::bfe:a203:38f0:bce7%enp0s3]:5540] --- Type 0000:32 (SecureChannel:CASE_Sigma3) (B:598)[0m
[0;32m[1784654387.071] [4740:4742] [EM] ??1 [E:19212i S:0 M:260979420] (U) Msg Retransmission to 0:0000000000000000 scheduled for 380ms from now [State:Active II:500 AI:300 AT:4000][0m
[0;32m[1784654387.071] [4740:4742] [SC] Sent Sigma3 msg[0m
[0;32m[1784654387.084] [4740:4742] [EM] >>> [E:19212i S:0 M:266315722 (Ack:260979420)] (U) Msg RX from 0:0000000000000000 [0000] to D296653D97E67533 --- Type 0000:40 (SecureChannel:StatusReport) (B:34)[0m
[0;34m[1784654387.084] [4740:4742] [EM] Found matching exchange: 19212i, Delegate: 0x7d93a800b8e8[0m
[0;34m[1784654387.084] [4740:4742] [EM] Rxd Ack; Removing MessageCounter:260979420 from Retrans Table on exchange 19212i[0m
[0;32m[1784654387.084] [4740:4742] [SC] Success status report received. Session was established[0m
[0;32m[1784654387.086] [4740:4742] [SC] SecureSession[0x7d93a8009cd0, LSID:2326]: State change 'kEstablishing' --> 'kActive'[0m
[0;34m[1784654387.086] [4740:4742] [IN] SecureSession[0x7d93a8009cd0]: Activated - Type:2 LSID:2326[0m
[0;34m[1784654387.086] [4740:4742] [IN] New secure session activated for device <0000000000000001, 1>, LSID:2326 PSID:21321![0m
[0;34m[1784654387.086] [4740:4742] [DIS] OperationalSessionSetup[1:0000000000000001]: State change 4 --> 5[0m
[0;32m[1784654387.086] [4740:4742] [TOO] Sending cluster (0x0000003E) command (0x00000004) on endpoint 0[0m
[0;34m[1784654387.086] [4740:4742] [DMG] ICR moving to [AddingComm][0m
[0;34m[1784654387.086] [4740:4742] [DMG] ICR moving to [AddedComma][0m
[0;32m[1784654387.086] [4740:4742] [EM] <<< [E:19213i S:2326 M:261086220] (S) Msg TX from 000000000001B669 to 1:0000000000000001 [83FD] [UDP:[fe80::bfe:a203:38f0:bce7%enp0s3]:5540] --- Type 0001:08 (IM:InvokeCommandRequest) (B:96)[0m
[0;32m[1784654387.086] [4740:4742] [EM] ??1 [E:19213i S:2326 M:261086220] (S) Msg Retransmission to 1:0000000000000001 scheduled for 372ms from now [State:Active II:500 AI:300 AT:4000][0m
[0;34m[1784654387.086] [4740:4742] [DMG] ICR moving to [AwaitingRe][0m
[0;32m[1784654387.086] [4740:4742] [EM] <<< [E:19212i S:0 M:260979421 (Ack:266315722)] (U) Msg TX from D296653D97E67533 to 0:0000000000000000 [0000] [UDP:[fe80::bfe:a203:38f0:bce7%enp0s3]:5540] --- Type 0000:10 (SecureChannel:StandaloneAck) (B:26)[0m
[0;34m[1784654387.086] [4740:4742] [EM] Flushed pending ack for MessageCounter:266315722 on exchange 19212i[0m
[0;32m[1784654387.088] [4740:4742] [EM] >>> [E:19213i S:2326 M:146927728 (Ack:261086220)] (S) Msg RX from 1:0000000000000001 [83FD] to 000000000001B669 --- Type 0001:09 (IM:InvokeCommandResponse) (B:376)[0m
[0;34m[1784654387.088] [4740:4742] [EM] Found matching exchange: 19213i, Delegate: 0x7d93a800eef8[0m
[0;34m[1784654387.088] [4740:4742] [EM] Rxd Ack; Removing MessageCounter:261086220 from Retrans Table on exchange 19213i[0m
[0;34m[1784654387.088] [4740:4742] [DMG] ICR moving to [ResponseRe][0m
[0;34m[1784654387.088] [4740:4742] [DMG] InvokeResponseMessage =[0m
[0;34m[1784654387.088] [4740:4742] [DMG] {[0m
[0;34m[1784654387.088] [4740:4742] [DMG] 	suppressResponse = false, [0m
[0;34m[1784654387.088] [4740:4742] [DMG] 	InvokeResponseIBs =[0m
[0;34m[1784654387.088] [4740:4742] [DMG] 	[[0m
[0;34m[1784654387.088] [4740:4742] [DMG] 		InvokeResponseIB =[0m
[0;34m[1784654387.088] [4740:4742] [DMG] 		{[0m
[0;34m[1784654387.088] [4740:4742] [DMG] 			CommandDataIB =[0m
[0;34m[1784654387.088] [4740:4742] [DMG] 			{[0m
[0;34m[1784654387.088] [4740:4742] [DMG] 				CommandPathIB =[0m
[0;34m[1784654387.088] [4740:4742] [DMG] 				{[0m
[0;34m[1784654387.088] [4740:4742] [DMG] 					EndpointId = 0x0,[0m
[0;34m[1784654387.088] [4740:4742] [DMG] 					ClusterId = 0x3e,[0m
[0;34m[1784654387.088] [4740:4742] [DMG] 					CommandId = 0x5,[0m
[0;34m[1784654387.088] [4740:4742] [DMG] 				},[0m
[0;34m[1784654387.088] [4740:4742] [DMG] 				[0m
[0;34m[1784654387.088] [4740:4742] [DMG] 				CommandFields = [0m
[0;34m[1784654387.088] [4740:4742] [DMG] 				{[0m
[0;34m[1784654387.088] [4740:4742] [DMG] 					0x0 = [[0m
[0;34m[1784654387.088] [4740:4742] [DMG] 							0x15, 0x30, 0x01, 0xca, 0x30, 0x81, 0xc7, 0x30, 0x70, 0x02, 0x01, 0x00, 0x30, 0x0e, 0x31, 0x0c, 0x30, 0x0a, 0x06, 0x03, 0x55, 0x04, 0x0a, 0x0c, 0x03, 0x43, 0x53, 0x52, 0x30, 0x59, 0x30, 0x13, 0x06, 0x07, 0x2a, 0x86, 0x48, 0xce, 0x3d, 0x02, 0x01, 0x06, 0x08, 0x2a, 0x86, 0x48, 0xce, 0x3d, 0x03, 0x01, 0x07, 0x03, 0x42, 0x00, 0x04, 0x48, 0x98, 0x9b, 0x05, 0x2e, 0xf5, 0x04, 0x55, 0xf4, 0xcb, 0xcf, 0x49, 0x9c, 0x3e, 0x08, 0xd3, 0x01, 0x4b, 0xc3, 0x0b, 0xfa, 0xbe, 0xf4, 0xc7, 0xd5, 0x90, 0x8c, 0x79, 0xb3, 0x4f, 0x1e, 0xcd, 0xad, 0x2d, 0x36, 0xab, 0x65, 0x28, 0x84, 0xd3, 0x1c, 0x49, 0xdc, 0xde, 0x6d, 0x13, 0xa2, 0xd3, 0xb7, 0xed, 0x5f, 0x24, 0x73, 0x59, 0xe4, 0xe3, 0xd3, 0x44, 0x4f, 0x4f, 0x33, 0xbb, 0x4c, 0xd4, 0xa0, 0x00, 0x30, 0x0a, 0x06, 0x08, 0x2a, 0x86, 0x48, 0xce, 0x3d, 0x04, 0x03, 0x02, 0x03, 0x47, 0x00, 0x30, 0x44, 0x02, 0x20, 0x6d, 0xb8, 0x95, 0x75, 0xca, 0x05, 0xbc, 0x2c, 0x9f, 0x11, 0x9b, 0xc7, 0x51, 0x36, 0x14, 0x1b, 0xf2, 0x33, 0x40, 0x77, 0x81, 0x0e, 0x87, 0x50, 0x76, 0xc4, 0xf3, 0xc5, 0xe9, 0x3c, 0x68, 0x6a, 0x02, 0x20, 0x45, 0x41, 0x74, 0xa9, 0xa9, 0x37, 0xb8, 0x1b, 0x60, 0xe7, 0x96, 0x4f, 0xeb, 0x35, 0x7a, 0x3a, 0xfd, 0xdc, 0x52, 0xee, 0xeb, 0xc3, 0xea, 0xd8, 0xfd, 0x40, 0xdd, 0x94, 0x07, 0xc2, 0xa2, 0xa7, 0x30, 0x02, 0x20, 0xad, 0x97, 0xcd, 0xab, 0x09, 0x26, 0x59, 0x24, 0x84, 0xb4, 0x6b, 0x92, 0xdf, 0x18, 0x58, 0x5d, 0x9f, 0x53, 0xcd, 0x60, 0x9a, 0x57, 0x5d, 0x19, 0xf4, 0xd8, 0x69, 0x1c, 0xb5, 0x3b, 0xb0, 0x75, 0x18, [0m
[0;34m[1784654387.088] [4740:4742] [DMG] 					] (242 bytes)[0m
[0;34m[1784654387.088] [4740:4742] [DMG] 					0x1 = [[0m
[0;34m[1784654387.088] [4740:4742] [DMG] 							0x4e, 0x89, 0x6f, 0x09, 0x6d, 0x49, 0xbd, 0x80, 0x63, 0x61, 0xbc, 0xbd, 0xab, 0x9f, 0x9b, 0x4e, 0x77, 0x7d, 0x98, 0x1d, 0x25, 0xf9, 0x77, 0xaa, 0x06, 0x39, 0xf8, 0xfd, 0x34, 0xd8, 0xd6, 0x69, 0x22, 0x00, 0xbb, 0x2d, 0x8e, 0x2c, 0x9e, 0x44, 0xd7, 0x98, 0x9d, 0x51, 0xad, 0xac, 0xa4, 0x5e, 0xa3, 0x8c, 0xaa, 0x26, 0x3b, 0x5d, 0xa2, 0x11, 0x41, 0xef, 0x52, 0xde, 0x06, 0x12, 0x13, 0x17, [0m
[0;34m[1784654387.088] [4740:4742] [DMG] 					] (64 bytes)[0m
[0;34m[1784654387.088] [4740:4742] [DMG] 				},[0m
[0;34m[1784654387.088] [4740:4742] [DMG] 			},[0m
[0;34m[1784654387.088] [4740:4742] [DMG] 			[0m
[0;34m[1784654387.088] [4740:4742] [DMG] 		},[0m
[0;34m[1784654387.088] [4740:4742] [DMG] 		[0m
[0;34m[1784654387.088] [4740:4742] [DMG] 	],[0m
[0;34m[1784654387.088] [4740:4742] [DMG] 	[0m
[0;34m[1784654387.088] [4740:4742] [DMG] 	InteractionModelRevision = 12[0m
[0;34m[1784654387.088] [4740:4742] [DMG] },[0m
[0;32m[1784654387.088] [4740:4742] [DMG] Received Command Response Data, Endpoint=0 Cluster=0x0000_003E Command=0x0000_0005[0m
[0;32m[1784654387.088] [4740:4742] [TOO] Endpoint: 0 Cluster: 0x0000_003E Command 0x0000_0005[0m
[0;32m[1784654387.088] [4740:4742] [TOO]   CSRResponse: {[0m
[0;32m[1784654387.088] [4740:4742] [TOO]     NOCSRElements: 153001CA3081C73070020100300E310C300A060355040A0C034353523059301306072A8648CE3D020106082A8648CE3D0301070342000448989B052EF50455F4CBCF499C3E08D3014BC30BFABEF4C7D5908C79B34F1ECDAD2D36AB652884D31C49DCDE6D13A2D3B7ED5F247359E4E3D3444F4F33BB4CD4A000300A06082A8648CE3D040302034700304402206DB89575CA05BC2C9F119BC75136141BF2334077810E875076C4F3C5E93C686A0220454174A9A937B81B60E7964FEB357A3AFDDC52EEEBC3EAD8FD40DD9407C2A2A7300220AD97CDAB0926592484B46B92DF18585D9F53CD609A575D19F4D8691CB53BB07518[0m
[0;32m[1784654387.088] [4740:4742] [TOO]     attestationSignature: 4E896F096D49BD806361BCBDAB9F9B4E777D981D25F977AA0639F8FD34D8D6692200BB2D8E2C9E44D7989D51ADACA45EA38CAA263B5DA21141EF52DE06121317[0m
[0;32m[1784654387.088] [4740:4742] [TOO]    }[0m
[0;34m[1784654387.088] [4740:4742] [DMG] ICR moving to [AwaitingDe][0m
[0;32m[1784654387.088] [4740:4742] [EM] <<< [E:19213i S:2326 M:261086221 (Ack:146927728)] (S) Msg TX from 000000000001B669 to 1:0000000000000001 [83FD] [UDP:[fe80::bfe:a203:38f0:bce7%enp0s3]:5540] --- Type 0000:10 (SecureChannel:StandaloneAck) (B:34)[0m
[0;34m[1784654387.088] [4740:4742] [EM] Flushed pending ack for MessageCounter:146927728 on exchange 19213i[0m
[0;34m[1784654387.089] [4740:4740] [CTL] Shutting down the commissioner[0m
[0;32m[1784654387.089] [4740:4740] [PAF] WiFiPAF: Closing all WiFiPAF sessions to shutdown[0m
[0;34m[1784654387.089] [4740:4740] [CTL] Shutting down the controller[0m
[0;34m[1784654387.089] [4740:4740] [IN] Expiring all sessions for fabric 0x1!![0m
[0;34m[1784654387.089] [4740:4740] [IN] SecureSession[0x7d93a8009cd0]: MarkForEviction Type:2 LSID:2326[0m
[0;32m[1784654387.089] [4740:4740] [SC] SecureSession[0x7d93a8009cd0, LSID:2326]: State change 'kActive' --> 'kPendingEviction'[0m
[0;34m[1784654387.089] [4740:4740] [IN] SecureSession[0x7d93a8009cd0]: Released - Type:2 LSID:2326[0m
[0;32m[1784654387.089] [4740:4740] [FP] Forgetting fabric 0x1[0m
[0;32m[1784654387.089] [4740:4740] [TS] Pending Last Known Good Time: 2023-10-14T01:16:48[0m
[0;32m[1784654387.089] [4740:4740] [TS] Previous Last Known Good Time: 2023-10-14T01:16:48[0m
[0;32m[1784654387.089] [4740:4740] [TS] Reverted Last Known Good Time to previous value[0m
[0;34m[1784654387.089] [4740:4740] [CTL] Shutting down the commissioner[0m
[0;32m[1784654387.089] [4740:4740] [PAF] WiFiPAF: Closing all WiFiPAF sessions to shutdown[0m
[0;34m[1784654387.089] [4740:4740] [CTL] Shutting down the controller[0m
[0;34m[1784654387.089] [4740:4740] [CTL] Shutting down the System State, this will teardown the CHIP Stack[0m
[0;34m[1784654387.089] [4740:4740] [DMG] All ReadHandler-s are clean, clear GlobalDirtySet[0m
[0;32m[1784654387.089] [4740:4740] [FP] Shutting down FabricTable[0m
[0;32m[1784654387.089] [4740:4740] [TS] Pending Last Known Good Time: 2023-10-14T01:16:48[0m
[0;32m[1784654387.089] [4740:4740] [TS] Previous Last Known Good Time: 2023-10-14T01:16:48[0m
[0;32m[1784654387.089] [4740:4740] [TS] Reverted Last Known Good Time to previous value[0m
[0;34m[1784654387.093] [4740:4740] [DL] Wrote settings to /tmp/chip_counters.ini[0m
[0;32m[1784654387.093] [4740:4740] [DL] NVS set: chip-counters/total-operational-hours = 0 (0x0)[0m
[0;32m[1784654387.093] [4740:4740] [DL] Inet Layer shutdown[0m
[0;32m[1784654387.093] [4740:4740] [DL] BLE Layer shutdown[0m
[0;32m[1784654387.093] [4740:4740] [DL] WiFi-PAF Layer shutdown[0m
[0;32m[1784654387.093] [4740:4740] [PAF] WiFiPAF: Closing all WiFiPAF sessions to shutdown[0m
[0;32m[1784654387.093] [4740:4740] [DL] System Layer shutdown[0m
