[0;34m[1784655536.033] [8450:8450] [DL] ChipLinuxStorage::Init: Using KVS config file: /tmp/chip_tool_kvs[0m
[1;31m[1784655536.034] [8450:8450] [DL] ChipLinuxStorage::Init: Attempt to re-initialize with KVS config file: /tmp/chip_kvs, IGNORING.[0m
[0;34m[1784655536.035] [8450:8450] [DL] ChipLinuxStorage::Init: Using KVS config file: /tmp/chip_factory.ini[0m
[0;34m[1784655536.035] [8450:8450] [DL] ChipLinuxStorage::Init: Using KVS config file: /tmp/chip_config.ini[0m
[0;34m[1784655536.035] [8450:8450] [DL] ChipLinuxStorage::Init: Using KVS config file: /tmp/chip_counters.ini[0m
[0;34m[1784655536.037] [8450:8450] [DL] Wrote settings to /tmp/chip_counters.ini[0m
[0;32m[1784655536.037] [8450:8450] [DL] NVS set: chip-counters/reboot-count = 4 (0x4)[0m
[0;32m[1784655536.037] [8450:8450] [DL] Got Ethernet interface: enp0s3[0m
[0;32m[1784655536.037] [8450:8450] [DL] Found the primary Ethernet interface:enp0s3[0m
[1;31m[1784655536.037] [8450:8450] [DL] Failed to get WiFi interface[0m
[1;31m[1784655536.037] [8450:8450] [DL] Failed to reset WiFi statistic counts[0m
[0;32m[1784655536.037] [8450:8450] [PAF] WiFiPAF: WiFiPAFLayer::Init()[0m
[0;34m[1784655536.037] [8450:8450] [IN] UDP::Init bind&listen port=0[0m
[0;34m[1784655536.037] [8450:8450] [IN] UDP::Init bound to port=43927[0m
[0;34m[1784655536.037] [8450:8450] [IN] UDP::Init bind&listen port=0[0m
[0;34m[1784655536.037] [8450:8450] [IN] UDP::Init bound to port=42120[0m
[0;34m[1784655536.037] [8450:8450] [IN] BLEBase::Init - setting/overriding transport[0m
[0;34m[1784655536.037] [8450:8450] [IN] WiFiPAFBase::Init - setting/overriding transport[0m
[0;34m[1784655536.037] [8450:8450] [IN] TransportMgr initialized[0m
[0;34m[1784655536.037] [8450:8450] [FP] Initializing FabricTable from persistent storage[0m
[0;32m[1784655536.038] [8450:8450] [TS] Last Known Good Time: 2023-10-14T01:16:48[0m
[0;32m[1784655536.038] [8450:8450] [FP] Fabric index 0x1 was retrieved from storage. Compressed FabricId 0x064301ABD7080B99, FabricId 0x0000000000000001, NodeId 0x000000000001B669, VendorId 0xFFF1[0m
[0;32m[1784655536.038] [8450:8450] [DMG] Ember attribute persistence requires setting up[0m
[0;32m[1784655536.038] [8450:8450] [ZCL] Using ZAP configuration...[0m
[0;34m[1784655536.039] [8450:8450] [CTL] System State Initialized...[0m
[0;32m[1784655536.039] [8450:8450] [CTL] Setting attestation nonce to random value[0m
[0;32m[1784655536.039] [8450:8450] [CTL] Setting CSR nonce to random value[0m
[0;34m[1784655536.039] [8450:8452] [DL] CHIP task running[0m
[0;32m[1784655536.039] [8450:8452] [CTL] Setting attestation nonce to random value[0m
[0;32m[1784655536.039] [8450:8452] [CTL] Setting CSR nonce to random value[0m
[0;32m[1784655536.039] [8450:8452] [CTL] Generating NOC[0m
[0;32m[1784655536.039] [8450:8452] [FP] Validating NOC chain[0m
[0;32m[1784655536.039] [8450:8452] [FP] NOC chain validation successful[0m
[0;32m[1784655536.040] [8450:8452] [FP] Updated fabric at index: 0x1, Node ID: 0x000000000001B669[0m
[0;32m[1784655536.040] [8450:8452] [TS] Last Known Good Time: 2023-10-14T01:16:48[0m
[0;32m[1784655536.040] [8450:8452] [TS] New proposed Last Known Good Time: 2021-01-01T00:00:00[0m
[0;32m[1784655536.040] [8450:8452] [TS] Retaining current Last Known Good Time[0m
[0;32m[1784655536.042] [8450:8452] [FP] Metadata for Fabric 0x1 persisted to storage.[0m
[0;32m[1784655536.043] [8450:8452] [TS] Committing Last Known Good Time to storage: 2023-10-14T01:16:48[0m
[0;32m[1784655536.044] [8450:8452] [CTL] Joined the fabric at index 1. Fabric ID is 0x0000000000000001 (Compressed Fabric ID: 064301ABD7080B99)[0m
[0;32m[1784655536.049] [8450:8452] [TOO] Sending command to node 0x1[0m
[0;34m[1784655536.049] [8450:8452] [CSM] FindOrEstablishSession: PeerId = [1:0000000000000001][0m
[0;34m[1784655536.049] [8450:8452] [CSM] FindOrEstablishSession: No existing OperationalSessionSetup instance found[0m
[0;34m[1784655536.049] [8450:8452] [DIS] OperationalSessionSetup[1:0000000000000001]: State change 1 --> 2[0m
[0;32m[1784655536.050] [8450:8452] [DIS] Lookup started for 064301ABD7080B99-0000000000000001[0m
[0;32m[1784655536.054] [8450:8452] [DIS] UDP:[fe80::bfe:a203:38f0:bce7%enp0s3]:5540: new best score: 7 (for 064301ABD7080B99-0000000000000001)[0m
[0;34m[1784655536.054] [8450:8452] [DIS] Lookup clearing interface for non LL address[0m
[0;32m[1784655536.054] [8450:8452] [DIS] UDP:10.0.2.15%enp0s3:5540: new best score: 2 (for 064301ABD7080B99-0000000000000001)[0m
[0;32m[1784655536.054] [8450:8452] [DIS] Checking node lookup status for 064301ABD7080B99-0000000000000001 after 4 ms[0m
[0;32m[1784655536.054] [8450:8452] [DIS] Keeping DNSSD lookup active[0m
[0;32m[1784655536.054] [8450:8452] [DIS] UDP:[fe80::bfe:a203:38f0:bce7%enp0s3]:5540: score has not improved: 7 (for 064301ABD7080B99-0000000000000001)[0m
[0;34m[1784655536.054] [8450:8452] [DIS] Lookup clearing interface for non LL address[0m
[0;32m[1784655536.054] [8450:8452] [DIS] UDP:10.0.2.15%enp0s3:5540: score has not improved: 2 (for 064301ABD7080B99-0000000000000001)[0m
[0;32m[1784655536.054] [8450:8452] [DIS] Checking node lookup status for 064301ABD7080B99-0000000000000001 after 5 ms[0m
[0;32m[1784655536.054] [8450:8452] [DIS] Keeping DNSSD lookup active[0m
[0;32m[1784655536.252] [8450:8452] [DIS] Checking node lookup status for 064301ABD7080B99-0000000000000001 after 203 ms[0m
[0;34m[1784655536.252] [8450:8452] [DIS] OperationalSessionSetup[1:0000000000000001]: Updating device address to UDP:[fe80::bfe:a203:38f0:bce7%enp0s3]:5540 while in state 2[0m
[0;34m[1784655536.252] [8450:8452] [DIS] OperationalSessionSetup[1:0000000000000001]: State change 2 --> 3[0m
[0;34m[1784655536.252] [8450:8452] [IN] SecureSession[0x725c54009cd0]: Allocated Type:2 LSID:7075[0m
[0;32m[1784655536.252] [8450:8452] [SC] Initiating session on local FabricIndex 1 from 0x000000000001B669 -> 0x0000000000000001[0m
[0;32m[1784655536.253] [8450:8452] [EM] <<< [E:57292i S:0 M:197933632] (U) Msg TX from C1C7735B9CC72B63 to 0:0000000000000000 [0000] [UDP:[fe80::bfe:a203:38f0:bce7%enp0s3]:5540] --- Type 0000:30 (SecureChannel:CASE_Sigma1) (B:196)[0m
[0;32m[1784655536.254] [8450:8452] [EM] ??1 [E:57292i S:0 M:197933632] (U) Msg Retransmission to 0:0000000000000000 scheduled for 660ms from now [State:Idle II:500 AI:300 AT:4000][0m
[0;32m[1784655536.254] [8450:8452] [SC] Sent Sigma1 msg to <0000000000000001, 1> [II:500ms AI:300ms AT:4000ms][0m
[0;34m[1784655536.254] [8450:8452] [DIS] OperationalSessionSetup[1:0000000000000001]: State change 3 --> 4[0m
[0;32m[1784655536.254] [8450:8452] [EM] >>> [E:57292i S:0 M:257197605 (Ack:197933632)] (U) Msg RX from 0:0000000000000000 [0000] to C1C7735B9CC72B63 --- Type 0000:31 (SecureChannel:CASE_Sigma2) (B:751)[0m
[0;34m[1784655536.254] [8450:8452] [EM] Found matching exchange: 57292i, Delegate: 0x725c5400b8e8[0m
[0;34m[1784655536.254] [8450:8452] [EM] Rxd Ack; Removing MessageCounter:197933632 from Retrans Table on exchange 57292i[0m
[0;32m[1784655536.254] [8450:8452] [SC] Received Sigma2 msg[0m
[0;34m[1784655536.254] [8450:8452] [SC] Found MRP parameters in the message[0m
[0;34m[1784655536.255] [8450:8452] [SC] Peer <0000000000000001, 1> assigned session ID 26682[0m
[0;34m[1784655536.255] [8450:8452] [SC] Sending Sigma3[0m
[0;32m[1784655536.255] [8450:8452] [EM] <<< [E:57292i S:0 M:197933633 (Ack:257197605)] (U) Msg TX from C1C7735B9CC72B63 to 0:0000000000000000 [0000] [UDP:[fe80::bfe:a203:38f0:bce7%enp0s3]:5540] --- Type 0000:32 (SecureChannel:CASE_Sigma3) (B:598)[0m
[0;32m[1784655536.255] [8450:8452] [EM] ??1 [E:57292i S:0 M:197933633] (U) Msg Retransmission to 0:0000000000000000 scheduled for 333ms from now [State:Active II:500 AI:300 AT:4000][0m
[0;32m[1784655536.255] [8450:8452] [SC] Sent Sigma3 msg[0m
[0;32m[1784655536.264] [8450:8452] [EM] >>> [E:57292i S:0 M:257197606 (Ack:197933633)] (U) Msg RX from 0:0000000000000000 [0000] to C1C7735B9CC72B63 --- Type 0000:40 (SecureChannel:StatusReport) (B:34)[0m
[0;34m[1784655536.264] [8450:8452] [EM] Found matching exchange: 57292i, Delegate: 0x725c5400b8e8[0m
[0;34m[1784655536.264] [8450:8452] [EM] Rxd Ack; Removing MessageCounter:197933633 from Retrans Table on exchange 57292i[0m
[0;32m[1784655536.264] [8450:8452] [SC] Success status report received. Session was established[0m
[0;32m[1784655536.266] [8450:8452] [SC] SecureSession[0x725c54009cd0, LSID:7075]: State change 'kEstablishing' --> 'kActive'[0m
[0;34m[1784655536.266] [8450:8452] [IN] SecureSession[0x725c54009cd0]: Activated - Type:2 LSID:7075[0m
[0;34m[1784655536.266] [8450:8452] [IN] New secure session activated for device <0000000000000001, 1>, LSID:7075 PSID:26682![0m
[0;34m[1784655536.266] [8450:8452] [DIS] OperationalSessionSetup[1:0000000000000001]: State change 4 --> 5[0m
[0;32m[1784655536.266] [8450:8452] [TOO] Sending cluster (0x0000003E) command (0x00000004) on endpoint 0[0m
[0;34m[1784655536.266] [8450:8452] [DMG] ICR moving to [AddingComm][0m
[0;34m[1784655536.266] [8450:8452] [DMG] ICR moving to [AddedComma][0m
[0;32m[1784655536.266] [8450:8452] [EM] <<< [E:57293i S:7075 M:200698002] (S) Msg TX from 000000000001B669 to 1:0000000000000001 [0B99] [UDP:[fe80::bfe:a203:38f0:bce7%enp0s3]:5540] --- Type 0001:08 (IM:InvokeCommandRequest) (B:96)[0m
[0;32m[1784655536.266] [8450:8452] [EM] ??1 [E:57293i S:7075 M:200698002] (S) Msg Retransmission to 1:0000000000000001 scheduled for 352ms from now [State:Active II:500 AI:300 AT:4000][0m
[0;34m[1784655536.266] [8450:8452] [DMG] ICR moving to [AwaitingRe][0m
[0;32m[1784655536.266] [8450:8452] [EM] <<< [E:57292i S:0 M:197933634 (Ack:257197606)] (U) Msg TX from C1C7735B9CC72B63 to 0:0000000000000000 [0000] [UDP:[fe80::bfe:a203:38f0:bce7%enp0s3]:5540] --- Type 0000:10 (SecureChannel:StandaloneAck) (B:26)[0m
[0;34m[1784655536.266] [8450:8452] [EM] Flushed pending ack for MessageCounter:257197606 on exchange 57292i[0m
[0;32m[1784655536.267] [8450:8452] [EM] >>> [E:57293i S:7075 M:7606965 (Ack:200698002)] (S) Msg RX from 1:0000000000000001 [0B99] to 000000000001B669 --- Type 0001:09 (IM:InvokeCommandResponse) (B:376)[0m
[0;34m[1784655536.267] [8450:8452] [EM] Found matching exchange: 57293i, Delegate: 0x725c5400eef8[0m
[0;34m[1784655536.267] [8450:8452] [EM] Rxd Ack; Removing MessageCounter:200698002 from Retrans Table on exchange 57293i[0m
[0;34m[1784655536.267] [8450:8452] [DMG] ICR moving to [ResponseRe][0m
[0;34m[1784655536.267] [8450:8452] [DMG] InvokeResponseMessage =[0m
[0;34m[1784655536.267] [8450:8452] [DMG] {[0m
[0;34m[1784655536.267] [8450:8452] [DMG] 	suppressResponse = false, [0m
[0;34m[1784655536.267] [8450:8452] [DMG] 	InvokeResponseIBs =[0m
[0;34m[1784655536.267] [8450:8452] [DMG] 	[[0m
[0;34m[1784655536.267] [8450:8452] [DMG] 		InvokeResponseIB =[0m
[0;34m[1784655536.267] [8450:8452] [DMG] 		{[0m
[0;34m[1784655536.267] [8450:8452] [DMG] 			CommandDataIB =[0m
[0;34m[1784655536.267] [8450:8452] [DMG] 			{[0m
[0;34m[1784655536.267] [8450:8452] [DMG] 				CommandPathIB =[0m
[0;34m[1784655536.267] [8450:8452] [DMG] 				{[0m
[0;34m[1784655536.267] [8450:8452] [DMG] 					EndpointId = 0x0,[0m
[0;34m[1784655536.267] [8450:8452] [DMG] 					ClusterId = 0x3e,[0m
[0;34m[1784655536.267] [8450:8452] [DMG] 					CommandId = 0x5,[0m
[0;34m[1784655536.267] [8450:8452] [DMG] 				},[0m
[0;34m[1784655536.267] [8450:8452] [DMG] 				[0m
[0;34m[1784655536.267] [8450:8452] [DMG] 				CommandFields = [0m
[0;34m[1784655536.267] [8450:8452] [DMG] 				{[0m
[0;34m[1784655536.267] [8450:8452] [DMG] 					0x0 = [[0m
[0;34m[1784655536.267] [8450:8452] [DMG] 							0x15, 0x30, 0x01, 0xca, 0x30, 0x81, 0xc7, 0x30, 0x70, 0x02, 0x01, 0x00, 0x30, 0x0e, 0x31, 0x0c, 0x30, 0x0a, 0x06, 0x03, 0x55, 0x04, 0x0a, 0x0c, 0x03, 0x43, 0x53, 0x52, 0x30, 0x59, 0x30, 0x13, 0x06, 0x07, 0x2a, 0x86, 0x48, 0xce, 0x3d, 0x02, 0x01, 0x06, 0x08, 0x2a, 0x86, 0x48, 0xce, 0x3d, 0x03, 0x01, 0x07, 0x03, 0x42, 0x00, 0x04, 0xc8, 0x11, 0x00, 0xce, 0x7b, 0xef, 0x12, 0x7c, 0x4f, 0x98, 0x8f, 0x6f, 0xfe, 0xca, 0x15, 0x86, 0x36, 0xb9, 0x53, 0xb9, 0x74, 0x56, 0x27, 0xdd, 0x66, 0xfb, 0xf7, 0xe7, 0xe0, 0x60, 0x2b, 0x86, 0xbe, 0xa8, 0xa6, 0x75, 0x92, 0xc6, 0xed, 0x5b, 0x49, 0x62, 0xed, 0x59, 0x97, 0xea, 0x99, 0xfd, 0x47, 0x24, 0x8c, 0x4c, 0xd3, 0x67, 0xb1, 0x0d, 0xd6, 0x5e, 0xf3, 0xcb, 0x2e, 0x41, 0x78, 0x7d, 0xa0, 0x00, 0x30, 0x0a, 0x06, 0x08, 0x2a, 0x86, 0x48, 0xce, 0x3d, 0x04, 0x03, 0x02, 0x03, 0x47, 0x00, 0x30, 0x44, 0x02, 0x20, 0x32, 0xff, 0x9e, 0x3d, 0xa9, 0x05, 0x84, 0x9d, 0x95, 0x0d, 0xc8, 0x13, 0x7e, 0x5c, 0xf2, 0x0f, 0x18, 0x26, 0xda, 0x0d, 0x87, 0x45, 0x8d, 0xfd, 0x4e, 0x3b, 0x46, 0x08, 0x7e, 0xc7, 0x4f, 0x6a, 0x02, 0x20, 0x62, 0x6c, 0x9d, 0xc5, 0x14, 0xd2, 0x83, 0x46, 0xbc, 0xe1, 0x64, 0x4a, 0x53, 0x1a, 0x0e, 0xc5, 0xbd, 0x84, 0x63, 0x88, 0x62, 0xb6, 0xfb, 0x0a, 0x59, 0xd4, 0x23, 0x29, 0x30, 0xa9, 0x09, 0x13, 0x30, 0x02, 0x20, 0x7e, 0x06, 0x72, 0x26, 0x0c, 0x61, 0x9b, 0xd0, 0x58, 0xe8, 0x6c, 0x5d, 0x2f, 0xc7, 0xfa, 0x75, 0x03, 0x9b, 0x5a, 0x63, 0x8f, 0x2f, 0x41, 0xb3, 0xcd, 0x93, 0x3e, 0x27, 0xaf, 0x01, 0x16, 0x85, 0x18, [0m
[0;34m[1784655536.267] [8450:8452] [DMG] 					] (242 bytes)[0m
[0;34m[1784655536.267] [8450:8452] [DMG] 					0x1 = [[0m
[0;34m[1784655536.267] [8450:8452] [DMG] 							0xe7, 0xc1, 0x0b, 0xfd, 0x7a, 0x89, 0x8f, 0xa9, 0x01, 0x71, 0x3b, 0x85, 0x04, 0x27, 0x74, 0xf6, 0x3e, 0x86, 0x5b, 0x17, 0xdd, 0x2e, 0xb0, 0xf8, 0xef, 0xc6, 0xe6, 0x8f, 0xbb, 0x3b, 0x4f, 0x20, 0x58, 0x17, 0xa2, 0x3b, 0x01, 0x13, 0x15, 0x91, 0x32, 0x14, 0x16, 0x5b, 0x62, 0xa0, 0x97, 0x1c, 0xc7, 0x77, 0x9a, 0x13, 0x47, 0x94, 0x05, 0x51, 0xac, 0xea, 0x9a, 0x38, 0x80, 0x8b, 0x88, 0x84, [0m
[0;34m[1784655536.267] [8450:8452] [DMG] 					] (64 bytes)[0m
[0;34m[1784655536.267] [8450:8452] [DMG] 				},[0m
[0;34m[1784655536.267] [8450:8452] [DMG] 			},[0m
[0;34m[1784655536.267] [8450:8452] [DMG] 			[0m
[0;34m[1784655536.267] [8450:8452] [DMG] 		},[0m
[0;34m[1784655536.267] [8450:8452] [DMG] 		[0m
[0;34m[1784655536.267] [8450:8452] [DMG] 	],[0m
[0;34m[1784655536.267] [8450:8452] [DMG] 	[0m
[0;34m[1784655536.267] [8450:8452] [DMG] 	InteractionModelRevision = 12[0m
[0;34m[1784655536.267] [8450:8452] [DMG] },[0m
[0;32m[1784655536.267] [8450:8452] [DMG] Received Command Response Data, Endpoint=0 Cluster=0x0000_003E Command=0x0000_0005[0m
[0;32m[1784655536.267] [8450:8452] [TOO] Endpoint: 0 Cluster: 0x0000_003E Command 0x0000_0005[0m
[0;32m[1784655536.267] [8450:8452] [TOO]   CSRResponse: {[0m
[0;32m[1784655536.267] [8450:8452] [TOO]     NOCSRElements: 153001CA3081C73070020100300E310C300A060355040A0C034353523059301306072A8648CE3D020106082A8648CE3D03010703420004C81100CE7BEF127C4F988F6FFECA158636B953B9745627DD66FBF7E7E0602B86BEA8A67592C6ED5B4962ED5997EA99FD47248C4CD367B10DD65EF3CB2E41787DA000300A06082A8648CE3D0403020347003044022032FF9E3DA905849D950DC8137E5CF20F1826DA0D87458DFD4E3B46087EC74F6A0220626C9DC514D28346BCE1644A531A0EC5BD84638862B6FB0A59D4232930A909133002207E0672260C619BD058E86C5D2FC7FA75039B5A638F2F41B3CD933E27AF01168518[0m
[0;32m[1784655536.267] [8450:8452] [TOO]     attestationSignature: E7C10BFD7A898FA901713B85042774F63E865B17DD2EB0F8EFC6E68FBB3B4F205817A23B011315913214165B62A0971CC7779A1347940551ACEA9A38808B8884[0m
[0;32m[1784655536.267] [8450:8452] [TOO]    }[0m
[0;34m[1784655536.267] [8450:8452] [DMG] ICR moving to [AwaitingDe][0m
[0;32m[1784655536.267] [8450:8452] [EM] <<< [E:57293i S:7075 M:200698003 (Ack:7606965)] (S) Msg TX from 000000000001B669 to 1:0000000000000001 [0B99] [UDP:[fe80::bfe:a203:38f0:bce7%enp0s3]:5540] --- Type 0000:10 (SecureChannel:StandaloneAck) (B:34)[0m
[0;34m[1784655536.267] [8450:8452] [EM] Flushed pending ack for MessageCounter:7606965 on exchange 57293i[0m
[0;34m[1784655536.267] [8450:8450] [CTL] Shutting down the commissioner[0m
[0;32m[1784655536.267] [8450:8450] [PAF] WiFiPAF: Closing all WiFiPAF sessions to shutdown[0m
[0;34m[1784655536.267] [8450:8450] [CTL] Shutting down the controller[0m
[0;34m[1784655536.267] [8450:8450] [IN] Expiring all sessions for fabric 0x1!![0m
[0;34m[1784655536.267] [8450:8450] [IN] SecureSession[0x725c54009cd0]: MarkForEviction Type:2 LSID:7075[0m
[0;32m[1784655536.267] [8450:8450] [SC] SecureSession[0x725c54009cd0, LSID:7075]: State change 'kActive' --> 'kPendingEviction'[0m
[0;34m[1784655536.267] [8450:8450] [IN] SecureSession[0x725c54009cd0]: Released - Type:2 LSID:7075[0m
[0;32m[1784655536.267] [8450:8450] [FP] Forgetting fabric 0x1[0m
[0;32m[1784655536.267] [8450:8450] [TS] Pending Last Known Good Time: 2023-10-14T01:16:48[0m
[0;32m[1784655536.267] [8450:8450] [TS] Previous Last Known Good Time: 2023-10-14T01:16:48[0m
[0;32m[1784655536.267] [8450:8450] [TS] Reverted Last Known Good Time to previous value[0m
[0;34m[1784655536.267] [8450:8450] [CTL] Shutting down the commissioner[0m
[0;32m[1784655536.267] [8450:8450] [PAF] WiFiPAF: Closing all WiFiPAF sessions to shutdown[0m
[0;34m[1784655536.267] [8450:8450] [CTL] Shutting down the controller[0m
[0;34m[1784655536.267] [8450:8450] [CTL] Shutting down the System State, this will teardown the CHIP Stack[0m
[0;34m[1784655536.267] [8450:8450] [DMG] All ReadHandler-s are clean, clear GlobalDirtySet[0m
[0;32m[1784655536.267] [8450:8450] [FP] Shutting down FabricTable[0m
[0;32m[1784655536.267] [8450:8450] [TS] Pending Last Known Good Time: 2023-10-14T01:16:48[0m
[0;32m[1784655536.267] [8450:8450] [TS] Previous Last Known Good Time: 2023-10-14T01:16:48[0m
[0;32m[1784655536.267] [8450:8450] [TS] Reverted Last Known Good Time to previous value[0m
[0;34m[1784655536.269] [8450:8450] [DL] Wrote settings to /tmp/chip_counters.ini[0m
[0;32m[1784655536.269] [8450:8450] [DL] NVS set: chip-counters/total-operational-hours = 0 (0x0)[0m
[0;32m[1784655536.269] [8450:8450] [DL] Inet Layer shutdown[0m
[0;32m[1784655536.269] [8450:8450] [DL] BLE Layer shutdown[0m
[0;32m[1784655536.269] [8450:8450] [DL] WiFi-PAF Layer shutdown[0m
[0;32m[1784655536.269] [8450:8450] [PAF] WiFiPAF: Closing all WiFiPAF sessions to shutdown[0m
[0;32m[1784655536.269] [8450:8450] [DL] System Layer shutdown[0m
