[0;34m[1784655536.678] [8463:8463] [DL] ChipLinuxStorage::Init: Using KVS config file: /tmp/chip_tool_kvs[0m
[1;31m[1784655536.679] [8463:8463] [DL] ChipLinuxStorage::Init: Attempt to re-initialize with KVS config file: /tmp/chip_kvs, IGNORING.[0m
[0;34m[1784655536.680] [8463:8463] [DL] ChipLinuxStorage::Init: Using KVS config file: /tmp/chip_factory.ini[0m
[0;34m[1784655536.680] [8463:8463] [DL] ChipLinuxStorage::Init: Using KVS config file: /tmp/chip_config.ini[0m
[0;34m[1784655536.680] [8463:8463] [DL] ChipLinuxStorage::Init: Using KVS config file: /tmp/chip_counters.ini[0m
[0;34m[1784655536.684] [8463:8463] [DL] Wrote settings to /tmp/chip_counters.ini[0m
[0;32m[1784655536.684] [8463:8463] [DL] NVS set: chip-counters/reboot-count = 6 (0x6)[0m
[0;32m[1784655536.684] [8463:8463] [DL] Got Ethernet interface: enp0s3[0m
[0;32m[1784655536.684] [8463:8463] [DL] Found the primary Ethernet interface:enp0s3[0m
[1;31m[1784655536.684] [8463:8463] [DL] Failed to get WiFi interface[0m
[1;31m[1784655536.684] [8463:8463] [DL] Failed to reset WiFi statistic counts[0m
[0;32m[1784655536.684] [8463:8463] [PAF] WiFiPAF: WiFiPAFLayer::Init()[0m
[0;34m[1784655536.684] [8463:8463] [IN] UDP::Init bind&listen port=0[0m
[0;34m[1784655536.684] [8463:8463] [IN] UDP::Init bound to port=47589[0m
[0;34m[1784655536.684] [8463:8463] [IN] UDP::Init bind&listen port=0[0m
[0;34m[1784655536.684] [8463:8463] [IN] UDP::Init bound to port=41076[0m
[0;34m[1784655536.684] [8463:8463] [IN] BLEBase::Init - setting/overriding transport[0m
[0;34m[1784655536.684] [8463:8463] [IN] WiFiPAFBase::Init - setting/overriding transport[0m
[0;34m[1784655536.684] [8463:8463] [IN] TransportMgr initialized[0m
[0;34m[1784655536.684] [8463:8463] [FP] Initializing FabricTable from persistent storage[0m
[0;32m[1784655536.684] [8463:8463] [TS] Last Known Good Time: 2023-10-14T01:16:48[0m
[0;32m[1784655536.684] [8463:8463] [FP] Fabric index 0x1 was retrieved from storage. Compressed FabricId 0x064301ABD7080B99, FabricId 0x0000000000000001, NodeId 0x000000000001B669, VendorId 0xFFF1[0m
[0;32m[1784655536.685] [8463:8463] [DMG] Ember attribute persistence requires setting up[0m
[0;32m[1784655536.685] [8463:8463] [ZCL] Using ZAP configuration...[0m
[0;34m[1784655536.685] [8463:8463] [CTL] System State Initialized...[0m
[0;32m[1784655536.686] [8463:8463] [CTL] Setting attestation nonce to random value[0m
[0;32m[1784655536.686] [8463:8463] [CTL] Setting CSR nonce to random value[0m
[0;34m[1784655536.686] [8463:8465] [DL] CHIP task running[0m
[0;32m[1784655536.686] [8463:8465] [CTL] Setting attestation nonce to random value[0m
[0;32m[1784655536.686] [8463:8465] [CTL] Setting CSR nonce to random value[0m
[0;32m[1784655536.687] [8463:8465] [CTL] Generating NOC[0m
[0;32m[1784655536.687] [8463:8465] [FP] Validating NOC chain[0m
[0;32m[1784655536.687] [8463:8465] [FP] NOC chain validation successful[0m
[0;32m[1784655536.687] [8463:8465] [FP] Updated fabric at index: 0x1, Node ID: 0x000000000001B669[0m
[0;32m[1784655536.687] [8463:8465] [TS] Last Known Good Time: 2023-10-14T01:16:48[0m
[0;32m[1784655536.687] [8463:8465] [TS] New proposed Last Known Good Time: 2021-01-01T00:00:00[0m
[0;32m[1784655536.687] [8463:8465] [TS] Retaining current Last Known Good Time[0m
[0;32m[1784655536.689] [8463:8465] [FP] Metadata for Fabric 0x1 persisted to storage.[0m
[0;32m[1784655536.690] [8463:8465] [TS] Committing Last Known Good Time to storage: 2023-10-14T01:16:48[0m
[0;32m[1784655536.691] [8463:8465] [CTL] Joined the fabric at index 1. Fabric ID is 0x0000000000000001 (Compressed Fabric ID: 064301ABD7080B99)[0m
[0;32m[1784655536.696] [8463:8465] [TOO] Sending command to node 0x1[0m
[0;34m[1784655536.697] [8463:8465] [CSM] FindOrEstablishSession: PeerId = [1:0000000000000001][0m
[0;34m[1784655536.697] [8463:8465] [CSM] FindOrEstablishSession: No existing OperationalSessionSetup instance found[0m
[0;34m[1784655536.697] [8463:8465] [DIS] OperationalSessionSetup[1:0000000000000001]: State change 1 --> 2[0m
[0;32m[1784655536.697] [8463:8465] [DIS] Lookup started for 064301ABD7080B99-0000000000000001[0m
[0;32m[1784655536.697] [8463:8465] [DIS] UDP:[fe80::bfe:a203:38f0:bce7%enp0s3]:5540: new best score: 7 (for 064301ABD7080B99-0000000000000001)[0m
[0;34m[1784655536.697] [8463:8465] [DIS] Lookup clearing interface for non LL address[0m
[0;32m[1784655536.697] [8463:8465] [DIS] UDP:10.0.2.15%enp0s3:5540: new best score: 2 (for 064301ABD7080B99-0000000000000001)[0m
[0;32m[1784655536.697] [8463:8465] [DIS] Checking node lookup status for 064301ABD7080B99-0000000000000001 after 1 ms[0m
[0;32m[1784655536.697] [8463:8465] [DIS] Keeping DNSSD lookup active[0m
[0;32m[1784655536.698] [8463:8465] [DIS] UDP:[fe80::bfe:a203:38f0:bce7%enp0s3]:5540: score has not improved: 7 (for 064301ABD7080B99-0000000000000001)[0m
[0;34m[1784655536.698] [8463:8465] [DIS] Lookup clearing interface for non LL address[0m
[0;32m[1784655536.698] [8463:8465] [DIS] UDP:10.0.2.15%enp0s3:5540: score has not improved: 2 (for 064301ABD7080B99-0000000000000001)[0m
[0;32m[1784655536.698] [8463:8465] [DIS] Checking node lookup status for 064301ABD7080B99-0000000000000001 after 1 ms[0m
[0;32m[1784655536.698] [8463:8465] [DIS] Keeping DNSSD lookup active[0m
[0;32m[1784655536.899] [8463:8465] [DIS] Checking node lookup status for 064301ABD7080B99-0000000000000001 after 202 ms[0m
[0;34m[1784655536.899] [8463:8465] [DIS] OperationalSessionSetup[1:0000000000000001]: Updating device address to UDP:[fe80::bfe:a203:38f0:bce7%enp0s3]:5540 while in state 2[0m
[0;34m[1784655536.899] [8463:8465] [DIS] OperationalSessionSetup[1:0000000000000001]: State change 2 --> 3[0m
[0;34m[1784655536.899] [8463:8465] [IN] SecureSession[0x7e48e4009cd0]: Allocated Type:2 LSID:60866[0m
[0;32m[1784655536.899] [8463:8465] [SC] Initiating session on local FabricIndex 1 from 0x000000000001B669 -> 0x0000000000000001[0m
[0;32m[1784655536.899] [8463:8465] [EM] <<< [E:49004i S:0 M:11135411] (U) Msg TX from 46A396556ABD2C56 to 0:0000000000000000 [0000] [UDP:[fe80::bfe:a203:38f0:bce7%enp0s3]:5540] --- Type 0000:30 (SecureChannel:CASE_Sigma1) (B:196)[0m
[0;32m[1784655536.900] [8463:8465] [EM] ??1 [E:49004i S:0 M:11135411] (U) Msg Retransmission to 0:0000000000000000 scheduled for 679ms from now [State:Idle II:500 AI:300 AT:4000][0m
[0;32m[1784655536.900] [8463:8465] [SC] Sent Sigma1 msg to <0000000000000001, 1> [II:500ms AI:300ms AT:4000ms][0m
[0;34m[1784655536.900] [8463:8465] [DIS] OperationalSessionSetup[1:0000000000000001]: State change 3 --> 4[0m
[0;32m[1784655536.900] [8463:8465] [EM] >>> [E:49004i S:0 M:257197609 (Ack:11135411)] (U) Msg RX from 0:0000000000000000 [0000] to 46A396556ABD2C56 --- Type 0000:31 (SecureChannel:CASE_Sigma2) (B:751)[0m
[0;34m[1784655536.900] [8463:8465] [EM] Found matching exchange: 49004i, Delegate: 0x7e48e400b8e8[0m
[0;34m[1784655536.900] [8463:8465] [EM] Rxd Ack; Removing MessageCounter:11135411 from Retrans Table on exchange 49004i[0m
[0;32m[1784655536.900] [8463:8465] [SC] Received Sigma2 msg[0m
[0;34m[1784655536.900] [8463:8465] [SC] Found MRP parameters in the message[0m
[0;34m[1784655536.901] [8463:8465] [SC] Peer <0000000000000001, 1> assigned session ID 26684[0m
[0;34m[1784655536.901] [8463:8465] [SC] Sending Sigma3[0m
[0;32m[1784655536.901] [8463:8465] [EM] <<< [E:49004i S:0 M:11135412 (Ack:257197609)] (U) Msg TX from 46A396556ABD2C56 to 0:0000000000000000 [0000] [UDP:[fe80::bfe:a203:38f0:bce7%enp0s3]:5540] --- Type 0000:32 (SecureChannel:CASE_Sigma3) (B:598)[0m
[0;32m[1784655536.901] [8463:8465] [EM] ??1 [E:49004i S:0 M:11135412] (U) Msg Retransmission to 0:0000000000000000 scheduled for 412ms from now [State:Active II:500 AI:300 AT:4000][0m
[0;32m[1784655536.901] [8463:8465] [SC] Sent Sigma3 msg[0m
[0;32m[1784655536.911] [8463:8465] [EM] >>> [E:49004i S:0 M:257197610 (Ack:11135412)] (U) Msg RX from 0:0000000000000000 [0000] to 46A396556ABD2C56 --- Type 0000:40 (SecureChannel:StatusReport) (B:34)[0m
[0;34m[1784655536.911] [8463:8465] [EM] Found matching exchange: 49004i, Delegate: 0x7e48e400b8e8[0m
[0;34m[1784655536.911] [8463:8465] [EM] Rxd Ack; Removing MessageCounter:11135412 from Retrans Table on exchange 49004i[0m
[0;32m[1784655536.911] [8463:8465] [SC] Success status report received. Session was established[0m
[0;32m[1784655536.913] [8463:8465] [SC] SecureSession[0x7e48e4009cd0, LSID:60866]: State change 'kEstablishing' --> 'kActive'[0m
[0;34m[1784655536.913] [8463:8465] [IN] SecureSession[0x7e48e4009cd0]: Activated - Type:2 LSID:60866[0m
[0;34m[1784655536.913] [8463:8465] [IN] New secure session activated for device <0000000000000001, 1>, LSID:60866 PSID:26684![0m
[0;34m[1784655536.913] [8463:8465] [DIS] OperationalSessionSetup[1:0000000000000001]: State change 4 --> 5[0m
[0;32m[1784655536.913] [8463:8465] [TOO] Sending cluster (0x0000003E) command (0x00000007) on endpoint 0[0m
[0;34m[1784655536.913] [8463:8465] [DMG] ICR moving to [AddingComm][0m
[0;34m[1784655536.913] [8463:8465] [DMG] ICR moving to [AddedComma][0m
[0;32m[1784655536.913] [8463:8465] [EM] <<< [E:49005i S:60866 M:14492671] (S) Msg TX from 000000000001B669 to 1:0000000000000001 [0B99] [UDP:[fe80::bfe:a203:38f0:bce7%enp0s3]:5540] --- Type 0001:08 (IM:InvokeCommandRequest) (B:330)[0m
[0;32m[1784655536.913] [8463:8465] [EM] ??1 [E:49005i S:60866 M:14492671] (S) Msg Retransmission to 1:0000000000000001 scheduled for 330ms from now [State:Active II:500 AI:300 AT:4000][0m
[0;34m[1784655536.913] [8463:8465] [DMG] ICR moving to [AwaitingRe][0m
[0;32m[1784655536.913] [8463:8465] [EM] <<< [E:49004i S:0 M:11135413 (Ack:257197610)] (U) Msg TX from 46A396556ABD2C56 to 0:0000000000000000 [0000] [UDP:[fe80::bfe:a203:38f0:bce7%enp0s3]:5540] --- Type 0000:10 (SecureChannel:StandaloneAck) (B:26)[0m
[0;34m[1784655536.913] [8463:8465] [EM] Flushed pending ack for MessageCounter:257197610 on exchange 49004i[0m
[0;32m[1784655536.924] [8463:8465] [EM] >>> [E:49005i S:60866 M:146450034 (Ack:14492671)] (S) Msg RX from 1:0000000000000001 [0B99] to 000000000001B669 --- Type 0001:09 (IM:InvokeCommandResponse) (B:70)[0m
[0;34m[1784655536.924] [8463:8465] [EM] Found matching exchange: 49005i, Delegate: 0x7e48e400eef8[0m
[0;34m[1784655536.924] [8463:8465] [EM] Rxd Ack; Removing MessageCounter:14492671 from Retrans Table on exchange 49005i[0m
[0;34m[1784655536.924] [8463:8465] [DMG] ICR moving to [ResponseRe][0m
[0;34m[1784655536.924] [8463:8465] [DMG] InvokeResponseMessage =[0m
[0;34m[1784655536.924] [8463:8465] [DMG] {[0m
[0;34m[1784655536.924] [8463:8465] [DMG] 	suppressResponse = false, [0m
[0;34m[1784655536.924] [8463:8465] [DMG] 	InvokeResponseIBs =[0m
[0;34m[1784655536.924] [8463:8465] [DMG] 	[[0m
[0;34m[1784655536.924] [8463:8465] [DMG] 		InvokeResponseIB =[0m
[0;34m[1784655536.924] [8463:8465] [DMG] 		{[0m
[0;34m[1784655536.924] [8463:8465] [DMG] 			CommandDataIB =[0m
[0;34m[1784655536.924] [8463:8465] [DMG] 			{[0m
[0;34m[1784655536.924] [8463:8465] [DMG] 				CommandPathIB =[0m
[0;34m[1784655536.924] [8463:8465] [DMG] 				{[0m
[0;34m[1784655536.924] [8463:8465] [DMG] 					EndpointId = 0x0,[0m
[0;34m[1784655536.924] [8463:8465] [DMG] 					ClusterId = 0x3e,[0m
[0;34m[1784655536.924] [8463:8465] [DMG] 					CommandId = 0x8,[0m
[0;34m[1784655536.924] [8463:8465] [DMG] 				},[0m
[0;34m[1784655536.924] [8463:8465] [DMG] 				[0m
[0;34m[1784655536.924] [8463:8465] [DMG] 				CommandFields = [0m
[0;34m[1784655536.924] [8463:8465] [DMG] 				{[0m
[0;34m[1784655536.924] [8463:8465] [DMG] 					0x0 = 0 (unsigned), [0m
[0;34m[1784655536.924] [8463:8465] [DMG] 					0x1 = 1 (unsigned), [0m
[0;34m[1784655536.924] [8463:8465] [DMG] 				},[0m
[0;34m[1784655536.924] [8463:8465] [DMG] 			},[0m
[0;34m[1784655536.924] [8463:8465] [DMG] 			[0m
[0;34m[1784655536.924] [8463:8465] [DMG] 		},[0m
[0;34m[1784655536.924] [8463:8465] [DMG] 		[0m
[0;34m[1784655536.924] [8463:8465] [DMG] 	],[0m
[0;34m[1784655536.924] [8463:8465] [DMG] 	[0m
[0;34m[1784655536.924] [8463:8465] [DMG] 	InteractionModelRevision = 12[0m
[0;34m[1784655536.924] [8463:8465] [DMG] },[0m
[0;32m[1784655536.924] [8463:8465] [DMG] Received Command Response Data, Endpoint=0 Cluster=0x0000_003E Command=0x0000_0008[0m
[0;32m[1784655536.924] [8463:8465] [TOO] Endpoint: 0 Cluster: 0x0000_003E Command 0x0000_0008[0m
[0;32m[1784655536.924] [8463:8465] [TOO]   NOCResponse: {[0m
[0;32m[1784655536.924] [8463:8465] [TOO]     statusCode: 0[0m
[0;32m[1784655536.924] [8463:8465] [TOO]     fabricIndex: 1[0m
[0;32m[1784655536.924] [8463:8465] [TOO]    }[0m
[0;34m[1784655536.924] [8463:8465] [DMG] ICR moving to [AwaitingDe][0m
[0;32m[1784655536.925] [8463:8465] [EM] <<< [E:49005i S:60866 M:14492672 (Ack:146450034)] (S) Msg TX from 000000000001B669 to 1:0000000000000001 [0B99] [UDP:[fe80::bfe:a203:38f0:bce7%enp0s3]:5540] --- Type 0000:10 (SecureChannel:StandaloneAck) (B:34)[0m
[0;34m[1784655536.925] [8463:8465] [EM] Flushed pending ack for MessageCounter:146450034 on exchange 49005i[0m
[0;34m[1784655536.925] [8463:8463] [CTL] Shutting down the commissioner[0m
[0;32m[1784655536.925] [8463:8463] [PAF] WiFiPAF: Closing all WiFiPAF sessions to shutdown[0m
[0;34m[1784655536.925] [8463:8463] [CTL] Shutting down the controller[0m
[0;34m[1784655536.925] [8463:8463] [IN] Expiring all sessions for fabric 0x1!![0m
[0;34m[1784655536.925] [8463:8463] [IN] SecureSession[0x7e48e4009cd0]: MarkForEviction Type:2 LSID:60866[0m
[0;32m[1784655536.925] [8463:8463] [SC] SecureSession[0x7e48e4009cd0, LSID:60866]: State change 'kActive' --> 'kPendingEviction'[0m
[0;34m[1784655536.925] [8463:8463] [IN] SecureSession[0x7e48e4009cd0]: Released - Type:2 LSID:60866[0m
[0;32m[1784655536.925] [8463:8463] [FP] Forgetting fabric 0x1[0m
[0;32m[1784655536.925] [8463:8463] [TS] Pending Last Known Good Time: 2023-10-14T01:16:48[0m
[0;32m[1784655536.925] [8463:8463] [TS] Previous Last Known Good Time: 2023-10-14T01:16:48[0m
[0;32m[1784655536.925] [8463:8463] [TS] Reverted Last Known Good Time to previous value[0m
[0;34m[1784655536.925] [8463:8463] [CTL] Shutting down the commissioner[0m
[0;32m[1784655536.925] [8463:8463] [PAF] WiFiPAF: Closing all WiFiPAF sessions to shutdown[0m
[0;34m[1784655536.925] [8463:8463] [CTL] Shutting down the controller[0m
[0;34m[1784655536.925] [8463:8463] [CTL] Shutting down the System State, this will teardown the CHIP Stack[0m
[0;34m[1784655536.925] [8463:8463] [DMG] All ReadHandler-s are clean, clear GlobalDirtySet[0m
[0;32m[1784655536.925] [8463:8463] [FP] Shutting down FabricTable[0m
[0;32m[1784655536.925] [8463:8463] [TS] Pending Last Known Good Time: 2023-10-14T01:16:48[0m
[0;32m[1784655536.925] [8463:8463] [TS] Previous Last Known Good Time: 2023-10-14T01:16:48[0m
[0;32m[1784655536.925] [8463:8463] [TS] Reverted Last Known Good Time to previous value[0m
[0;34m[1784655536.927] [8463:8463] [DL] Wrote settings to /tmp/chip_counters.ini[0m
[0;32m[1784655536.927] [8463:8463] [DL] NVS set: chip-counters/total-operational-hours = 0 (0x0)[0m
[0;32m[1784655536.927] [8463:8463] [DL] Inet Layer shutdown[0m
[0;32m[1784655536.927] [8463:8463] [DL] BLE Layer shutdown[0m
[0;32m[1784655536.927] [8463:8463] [DL] WiFi-PAF Layer shutdown[0m
[0;32m[1784655536.927] [8463:8463] [PAF] WiFiPAF: Closing all WiFiPAF sessions to shutdown[0m
[0;32m[1784655536.927] [8463:8463] [DL] System Layer shutdown[0m
