[0;34m[1784654084.149] [3437:3437] [DL] ChipLinuxStorage::Init: Using KVS config file: /tmp/chip_tool_kvs[0m
[1;31m[1784654084.150] [3437:3437] [DL] ChipLinuxStorage::Init: Attempt to re-initialize with KVS config file: /tmp/chip_kvs, IGNORING.[0m
[0;34m[1784654084.152] [3437:3437] [DL] ChipLinuxStorage::Init: Using KVS config file: /tmp/chip_factory.ini[0m
[0;34m[1784654084.152] [3437:3437] [DL] ChipLinuxStorage::Init: Using KVS config file: /tmp/chip_config.ini[0m
[0;34m[1784654084.152] [3437:3437] [DL] ChipLinuxStorage::Init: Using KVS config file: /tmp/chip_counters.ini[0m
[0;34m[1784654084.155] [3437:3437] [DL] Wrote settings to /tmp/chip_counters.ini[0m
[0;32m[1784654084.155] [3437:3437] [DL] NVS set: chip-counters/reboot-count = 4 (0x4)[0m
[0;32m[1784654084.155] [3437:3437] [DL] Got Ethernet interface: enp0s3[0m
[0;32m[1784654084.155] [3437:3437] [DL] Found the primary Ethernet interface:enp0s3[0m
[1;31m[1784654084.155] [3437:3437] [DL] Failed to get WiFi interface[0m
[1;31m[1784654084.155] [3437:3437] [DL] Failed to reset WiFi statistic counts[0m
[0;32m[1784654084.155] [3437:3437] [PAF] WiFiPAF: WiFiPAFLayer::Init()[0m
[0;34m[1784654084.155] [3437:3437] [IN] UDP::Init bind&listen port=0[0m
[0;34m[1784654084.155] [3437:3437] [IN] UDP::Init bound to port=37359[0m
[0;34m[1784654084.155] [3437:3437] [IN] UDP::Init bind&listen port=0[0m
[0;34m[1784654084.155] [3437:3437] [IN] UDP::Init bound to port=45478[0m
[0;34m[1784654084.155] [3437:3437] [IN] BLEBase::Init - setting/overriding transport[0m
[0;34m[1784654084.155] [3437:3437] [IN] WiFiPAFBase::Init - setting/overriding transport[0m
[0;34m[1784654084.155] [3437:3437] [IN] TransportMgr initialized[0m
[0;34m[1784654084.155] [3437:3437] [FP] Initializing FabricTable from persistent storage[0m
[0;32m[1784654084.155] [3437:3437] [TS] Last Known Good Time: 2023-10-14T01:16:48[0m
[0;32m[1784654084.155] [3437:3437] [FP] Fabric index 0x1 was retrieved from storage. Compressed FabricId 0x0B52BF9DA5A26EA8, FabricId 0x0000000000000001, NodeId 0x000000000001B669, VendorId 0xFFF1[0m
[0;32m[1784654084.156] [3437:3437] [DMG] Ember attribute persistence requires setting up[0m
[0;32m[1784654084.156] [3437:3437] [ZCL] Using ZAP configuration...[0m
[0;34m[1784654084.156] [3437:3437] [CTL] System State Initialized...[0m
[0;32m[1784654084.156] [3437:3437] [CTL] Setting attestation nonce to random value[0m
[0;32m[1784654084.156] [3437:3437] [CTL] Setting CSR nonce to random value[0m
[0;34m[1784654084.157] [3437:3439] [DL] CHIP task running[0m
[0;32m[1784654084.157] [3437:3439] [CTL] Setting attestation nonce to random value[0m
[0;32m[1784654084.157] [3437:3439] [CTL] Setting CSR nonce to random value[0m
[0;32m[1784654084.157] [3437:3439] [CTL] Generating NOC[0m
[0;32m[1784654084.157] [3437:3439] [FP] Validating NOC chain[0m
[0;32m[1784654084.157] [3437:3439] [FP] NOC chain validation successful[0m
[0;32m[1784654084.157] [3437:3439] [FP] Updated fabric at index: 0x1, Node ID: 0x000000000001B669[0m
[0;32m[1784654084.157] [3437:3439] [TS] Last Known Good Time: 2023-10-14T01:16:48[0m
[0;32m[1784654084.157] [3437:3439] [TS] New proposed Last Known Good Time: 2021-01-01T00:00:00[0m
[0;32m[1784654084.157] [3437:3439] [TS] Retaining current Last Known Good Time[0m
[0;32m[1784654084.160] [3437:3439] [FP] Metadata for Fabric 0x1 persisted to storage.[0m
[0;32m[1784654084.161] [3437:3439] [TS] Committing Last Known Good Time to storage: 2023-10-14T01:16:48[0m
[0;32m[1784654084.162] [3437:3439] [CTL] Joined the fabric at index 1. Fabric ID is 0x0000000000000001 (Compressed Fabric ID: 0B52BF9DA5A26EA8)[0m
[0;32m[1784654084.169] [3437:3439] [TOO] Sending command to node 0x1[0m
[0;34m[1784654084.169] [3437:3439] [CSM] FindOrEstablishSession: PeerId = [1:0000000000000001][0m
[0;34m[1784654084.169] [3437:3439] [CSM] FindOrEstablishSession: No existing OperationalSessionSetup instance found[0m
[0;34m[1784654084.169] [3437:3439] [DIS] OperationalSessionSetup[1:0000000000000001]: State change 1 --> 2[0m
[0;32m[1784654084.170] [3437:3439] [DIS] Lookup started for 0B52BF9DA5A26EA8-0000000000000001[0m
[0;32m[1784654084.170] [3437:3439] [DIS] UDP:[fe80::bfe:a203:38f0:bce7%enp0s3]:5540: new best score: 7 (for 0B52BF9DA5A26EA8-0000000000000001)[0m
[0;34m[1784654084.170] [3437:3439] [DIS] Lookup clearing interface for non LL address[0m
[0;32m[1784654084.170] [3437:3439] [DIS] UDP:10.0.2.15%enp0s3:5540: new best score: 2 (for 0B52BF9DA5A26EA8-0000000000000001)[0m
[0;32m[1784654084.170] [3437:3439] [DIS] Checking node lookup status for 0B52BF9DA5A26EA8-0000000000000001 after 1 ms[0m
[0;32m[1784654084.170] [3437:3439] [DIS] Keeping DNSSD lookup active[0m
[0;32m[1784654084.170] [3437:3439] [DIS] UDP:[fe80::bfe:a203:38f0:bce7%enp0s3]:5540: score has not improved: 7 (for 0B52BF9DA5A26EA8-0000000000000001)[0m
[0;34m[1784654084.170] [3437:3439] [DIS] Lookup clearing interface for non LL address[0m
[0;32m[1784654084.170] [3437:3439] [DIS] UDP:10.0.2.15%enp0s3:5540: score has not improved: 2 (for 0B52BF9DA5A26EA8-0000000000000001)[0m
[0;32m[1784654084.170] [3437:3439] [DIS] Checking node lookup status for 0B52BF9DA5A26EA8-0000000000000001 after 1 ms[0m
[0;32m[1784654084.170] [3437:3439] [DIS] Keeping DNSSD lookup active[0m
[0;32m[1784654084.369] [3437:3439] [DIS] Checking node lookup status for 0B52BF9DA5A26EA8-0000000000000001 after 201 ms[0m
[0;34m[1784654084.369] [3437:3439] [DIS] OperationalSessionSetup[1:0000000000000001]: Updating device address to UDP:[fe80::bfe:a203:38f0:bce7%enp0s3]:5540 while in state 2[0m
[0;34m[1784654084.369] [3437:3439] [DIS] OperationalSessionSetup[1:0000000000000001]: State change 2 --> 3[0m
[0;34m[1784654084.369] [3437:3439] [IN] SecureSession[0x779760009cd0]: Allocated Type:2 LSID:40423[0m
[0;32m[1784654084.369] [3437:3439] [SC] Initiating session on local FabricIndex 1 from 0x000000000001B669 -> 0x0000000000000001[0m
[0;32m[1784654084.370] [3437:3439] [EM] <<< [E:28102i S:0 M:226976210] (U) Msg TX from 7A573789D1909A96 to 0:0000000000000000 [0000] [UDP:[fe80::bfe:a203:38f0:bce7%enp0s3]:5540] --- Type 0000:30 (SecureChannel:CASE_Sigma1) (B:196)[0m
[0;32m[1784654084.370] [3437:3439] [EM] ??1 [E:28102i S:0 M:226976210] (U) Msg Retransmission to 0:0000000000000000 scheduled for 661ms from now [State:Idle II:500 AI:300 AT:4000][0m
[0;32m[1784654084.370] [3437:3439] [SC] Sent Sigma1 msg to <0000000000000001, 1> [II:500ms AI:300ms AT:4000ms][0m
[0;34m[1784654084.370] [3437:3439] [DIS] OperationalSessionSetup[1:0000000000000001]: State change 3 --> 4[0m
[0;32m[1784654084.371] [3437:3439] [EM] >>> [E:28102i S:0 M:150223961 (Ack:226976210)] (U) Msg RX from 0:0000000000000000 [0000] to 7A573789D1909A96 --- Type 0000:31 (SecureChannel:CASE_Sigma2) (B:751)[0m
[0;34m[1784654084.371] [3437:3439] [EM] Found matching exchange: 28102i, Delegate: 0x77976000b8e8[0m
[0;34m[1784654084.371] [3437:3439] [EM] Rxd Ack; Removing MessageCounter:226976210 from Retrans Table on exchange 28102i[0m
[0;32m[1784654084.371] [3437:3439] [SC] Received Sigma2 msg[0m
[0;34m[1784654084.371] [3437:3439] [SC] Found MRP parameters in the message[0m
[0;34m[1784654084.371] [3437:3439] [SC] Peer <0000000000000001, 1> assigned session ID 26753[0m
[0;34m[1784654084.371] [3437:3439] [SC] Sending Sigma3[0m
[0;32m[1784654084.371] [3437:3439] [EM] <<< [E:28102i S:0 M:226976211 (Ack:150223961)] (U) Msg TX from 7A573789D1909A96 to 0:0000000000000000 [0000] [UDP:[fe80::bfe:a203:38f0:bce7%enp0s3]:5540] --- Type 0000:32 (SecureChannel:CASE_Sigma3) (B:598)[0m
[0;32m[1784654084.371] [3437:3439] [EM] ??1 [E:28102i S:0 M:226976211] (U) Msg Retransmission to 0:0000000000000000 scheduled for 369ms from now [State:Active II:500 AI:300 AT:4000][0m
[0;32m[1784654084.371] [3437:3439] [SC] Sent Sigma3 msg[0m
[0;32m[1784654084.380] [3437:3439] [EM] >>> [E:28102i S:0 M:150223962 (Ack:226976211)] (U) Msg RX from 0:0000000000000000 [0000] to 7A573789D1909A96 --- Type 0000:40 (SecureChannel:StatusReport) (B:34)[0m
[0;34m[1784654084.381] [3437:3439] [EM] Found matching exchange: 28102i, Delegate: 0x77976000b8e8[0m
[0;34m[1784654084.381] [3437:3439] [EM] Rxd Ack; Removing MessageCounter:226976211 from Retrans Table on exchange 28102i[0m
[0;32m[1784654084.381] [3437:3439] [SC] Success status report received. Session was established[0m
[0;32m[1784654084.383] [3437:3439] [SC] SecureSession[0x779760009cd0, LSID:40423]: State change 'kEstablishing' --> 'kActive'[0m
[0;34m[1784654084.383] [3437:3439] [IN] SecureSession[0x779760009cd0]: Activated - Type:2 LSID:40423[0m
[0;34m[1784654084.383] [3437:3439] [IN] New secure session activated for device <0000000000000001, 1>, LSID:40423 PSID:26753![0m
[0;34m[1784654084.383] [3437:3439] [DIS] OperationalSessionSetup[1:0000000000000001]: State change 4 --> 5[0m
[0;32m[1784654084.383] [3437:3439] [TOO] Sending cluster (0x0000003E) command (0x00000004) on endpoint 0[0m
[0;34m[1784654084.383] [3437:3439] [DMG] ICR moving to [AddingComm][0m
[0;34m[1784654084.383] [3437:3439] [DMG] ICR moving to [AddedComma][0m
[0;32m[1784654084.383] [3437:3439] [EM] <<< [E:28103i S:40423 M:155136005] (S) Msg TX from 000000000001B669 to 1:0000000000000001 [6EA8] [UDP:[fe80::bfe:a203:38f0:bce7%enp0s3]:5540] --- Type 0001:08 (IM:InvokeCommandRequest) (B:96)[0m
[0;32m[1784654084.383] [3437:3439] [EM] ??1 [E:28103i S:40423 M:155136005] (S) Msg Retransmission to 1:0000000000000001 scheduled for 361ms from now [State:Active II:500 AI:300 AT:4000][0m
[0;34m[1784654084.383] [3437:3439] [DMG] ICR moving to [AwaitingRe][0m
[0;32m[1784654084.383] [3437:3439] [EM] <<< [E:28102i S:0 M:226976212 (Ack:150223962)] (U) Msg TX from 7A573789D1909A96 to 0:0000000000000000 [0000] [UDP:[fe80::bfe:a203:38f0:bce7%enp0s3]:5540] --- Type 0000:10 (SecureChannel:StandaloneAck) (B:26)[0m
[0;34m[1784654084.383] [3437:3439] [EM] Flushed pending ack for MessageCounter:150223962 on exchange 28102i[0m
[0;32m[1784654084.384] [3437:3439] [EM] >>> [E:28103i S:40423 M:78668357 (Ack:155136005)] (S) Msg RX from 1:0000000000000001 [6EA8] to 000000000001B669 --- Type 0001:09 (IM:InvokeCommandResponse) (B:376)[0m
[0;34m[1784654084.384] [3437:3439] [EM] Found matching exchange: 28103i, Delegate: 0x77976000eef8[0m
[0;34m[1784654084.384] [3437:3439] [EM] Rxd Ack; Removing MessageCounter:155136005 from Retrans Table on exchange 28103i[0m
[0;34m[1784654084.384] [3437:3439] [DMG] ICR moving to [ResponseRe][0m
[0;34m[1784654084.384] [3437:3439] [DMG] InvokeResponseMessage =[0m
[0;34m[1784654084.384] [3437:3439] [DMG] {[0m
[0;34m[1784654084.384] [3437:3439] [DMG] 	suppressResponse = false, [0m
[0;34m[1784654084.384] [3437:3439] [DMG] 	InvokeResponseIBs =[0m
[0;34m[1784654084.384] [3437:3439] [DMG] 	[[0m
[0;34m[1784654084.384] [3437:3439] [DMG] 		InvokeResponseIB =[0m
[0;34m[1784654084.384] [3437:3439] [DMG] 		{[0m
[0;34m[1784654084.384] [3437:3439] [DMG] 			CommandDataIB =[0m
[0;34m[1784654084.384] [3437:3439] [DMG] 			{[0m
[0;34m[1784654084.384] [3437:3439] [DMG] 				CommandPathIB =[0m
[0;34m[1784654084.384] [3437:3439] [DMG] 				{[0m
[0;34m[1784654084.384] [3437:3439] [DMG] 					EndpointId = 0x0,[0m
[0;34m[1784654084.384] [3437:3439] [DMG] 					ClusterId = 0x3e,[0m
[0;34m[1784654084.384] [3437:3439] [DMG] 					CommandId = 0x5,[0m
[0;34m[1784654084.384] [3437:3439] [DMG] 				},[0m
[0;34m[1784654084.384] [3437:3439] [DMG] 				[0m
[0;34m[1784654084.384] [3437:3439] [DMG] 				CommandFields = [0m
[0;34m[1784654084.384] [3437:3439] [DMG] 				{[0m
[0;34m[1784654084.384] [3437:3439] [DMG] 					0x0 = [[0m
[0;34m[1784654084.384] [3437:3439] [DMG] 							0x15, 0x30, 0x01, 0xca, 0x30, 0x81, 0xc7, 0x30, 0x70, 0x02, 0x01, 0x00, 0x30, 0x0e, 0x31, 0x0c, 0x30, 0x0a, 0x06, 0x03, 0x55, 0x04, 0x0a, 0x0c, 0x03, 0x43, 0x53, 0x52, 0x30, 0x59, 0x30, 0x13, 0x06, 0x07, 0x2a, 0x86, 0x48, 0xce, 0x3d, 0x02, 0x01, 0x06, 0x08, 0x2a, 0x86, 0x48, 0xce, 0x3d, 0x03, 0x01, 0x07, 0x03, 0x42, 0x00, 0x04, 0xe6, 0x85, 0x68, 0x84, 0xdf, 0x68, 0x49, 0x26, 0x6c, 0x43, 0x04, 0x9b, 0x78, 0x64, 0x47, 0xad, 0x24, 0xc8, 0x40, 0x16, 0x76, 0x45, 0xe5, 0x43, 0x1c, 0xcb, 0x5a, 0xab, 0xe2, 0x0e, 0x72, 0x60, 0xc6, 0xda, 0x57, 0x15, 0xfc, 0x9a, 0xa4, 0xb6, 0x4e, 0xee, 0xcf, 0xda, 0xfc, 0xf4, 0x77, 0xc5, 0xf2, 0xb1, 0xa5, 0xb4, 0x96, 0x13, 0x60, 0xeb, 0x7e, 0x30, 0x27, 0x5c, 0xaa, 0x6f, 0x0d, 0x82, 0xa0, 0x00, 0x30, 0x0a, 0x06, 0x08, 0x2a, 0x86, 0x48, 0xce, 0x3d, 0x04, 0x03, 0x02, 0x03, 0x47, 0x00, 0x30, 0x44, 0x02, 0x20, 0x69, 0x9b, 0x78, 0x43, 0x65, 0x0d, 0xee, 0x3b, 0x5c, 0x6f, 0xc1, 0x93, 0x18, 0x5b, 0xd8, 0x28, 0xad, 0x25, 0x69, 0x01, 0x44, 0x55, 0xc1, 0xc9, 0xbd, 0xd8, 0x14, 0x25, 0x08, 0x94, 0x2b, 0x5c, 0x02, 0x20, 0x0e, 0x8a, 0x43, 0x7d, 0x34, 0x58, 0x40, 0x43, 0x25, 0xba, 0x43, 0x21, 0xd2, 0x11, 0xd0, 0x6d, 0x65, 0x68, 0x71, 0x43, 0x8e, 0x06, 0xaa, 0x5c, 0x42, 0x36, 0xb6, 0x69, 0x52, 0x34, 0xd5, 0x52, 0x30, 0x02, 0x20, 0x93, 0xbb, 0x78, 0x1e, 0x05, 0xc1, 0x00, 0x9a, 0xd0, 0xb0, 0xfe, 0xe2, 0x6d, 0xce, 0x4c, 0xe7, 0x80, 0x33, 0xef, 0x11, 0x3c, 0x3a, 0x8c, 0x73, 0xc5, 0x2e, 0xc9, 0x2b, 0x0e, 0xad, 0xe4, 0xe7, 0x18, [0m
[0;34m[1784654084.384] [3437:3439] [DMG] 					] (242 bytes)[0m
[0;34m[1784654084.384] [3437:3439] [DMG] 					0x1 = [[0m
[0;34m[1784654084.384] [3437:3439] [DMG] 							0x18, 0x7b, 0xff, 0xc8, 0x43, 0x3c, 0xe6, 0x01, 0x49, 0x5e, 0xc0, 0xd8, 0xe4, 0xf0, 0x47, 0x49, 0xd7, 0xe3, 0x22, 0x27, 0xf8, 0x96, 0x99, 0x98, 0xad, 0x98, 0x1c, 0x90, 0x68, 0x77, 0x55, 0x7c, 0xe3, 0xec, 0xc2, 0xce, 0x05, 0x24, 0x13, 0x5f, 0x87, 0x3b, 0x5c, 0x67, 0x12, 0xd6, 0x4a, 0x92, 0x64, 0x1b, 0x35, 0xdd, 0xf1, 0x3f, 0xa2, 0x34, 0x02, 0x38, 0xda, 0xa3, 0xab, 0x5b, 0x35, 0x4f, [0m
[0;34m[1784654084.384] [3437:3439] [DMG] 					] (64 bytes)[0m
[0;34m[1784654084.384] [3437:3439] [DMG] 				},[0m
[0;34m[1784654084.384] [3437:3439] [DMG] 			},[0m
[0;34m[1784654084.384] [3437:3439] [DMG] 			[0m
[0;34m[1784654084.384] [3437:3439] [DMG] 		},[0m
[0;34m[1784654084.384] [3437:3439] [DMG] 		[0m
[0;34m[1784654084.384] [3437:3439] [DMG] 	],[0m
[0;34m[1784654084.384] [3437:3439] [DMG] 	[0m
[0;34m[1784654084.384] [3437:3439] [DMG] 	InteractionModelRevision = 12[0m
[0;34m[1784654084.384] [3437:3439] [DMG] },[0m
[0;32m[1784654084.384] [3437:3439] [DMG] Received Command Response Data, Endpoint=0 Cluster=0x0000_003E Command=0x0000_0005[0m
[0;32m[1784654084.384] [3437:3439] [TOO] Endpoint: 0 Cluster: 0x0000_003E Command 0x0000_0005[0m
[0;32m[1784654084.384] [3437:3439] [TOO]   CSRResponse: {[0m
[0;32m[1784654084.384] [3437:3439] [TOO]     NOCSRElements: 153001CA3081C73070020100300E310C300A060355040A0C034353523059301306072A8648CE3D020106082A8648CE3D03010703420004E6856884DF6849266C43049B786447AD24C840167645E5431CCB5AABE20E7260C6DA5715FC9AA4B64EEECFDAFCF477C5F2B1A5B4961360EB7E30275CAA6F0D82A000300A06082A8648CE3D04030203470030440220699B7843650DEE3B5C6FC193185BD828AD2569014455C1C9BDD8142508942B5C02200E8A437D3458404325BA4321D211D06D656871438E06AA5C4236B6695234D55230022093BB781E05C1009AD0B0FEE26DCE4CE78033EF113C3A8C73C52EC92B0EADE4E718[0m
[0;32m[1784654084.384] [3437:3439] [TOO]     attestationSignature: 187BFFC8433CE601495EC0D8E4F04749D7E32227F8969998AD981C906877557CE3ECC2CE0524135F873B5C6712D64A92641B35DDF13FA2340238DAA3AB5B354F[0m
[0;32m[1784654084.384] [3437:3439] [TOO]    }[0m
[0;34m[1784654084.384] [3437:3439] [DMG] ICR moving to [AwaitingDe][0m
[0;32m[1784654084.384] [3437:3439] [EM] <<< [E:28103i S:40423 M:155136006 (Ack:78668357)] (S) Msg TX from 000000000001B669 to 1:0000000000000001 [6EA8] [UDP:[fe80::bfe:a203:38f0:bce7%enp0s3]:5540] --- Type 0000:10 (SecureChannel:StandaloneAck) (B:34)[0m
[0;34m[1784654084.384] [3437:3439] [EM] Flushed pending ack for MessageCounter:78668357 on exchange 28103i[0m
[0;34m[1784654084.385] [3437:3437] [CTL] Shutting down the commissioner[0m
[0;32m[1784654084.385] [3437:3437] [PAF] WiFiPAF: Closing all WiFiPAF sessions to shutdown[0m
[0;34m[1784654084.385] [3437:3437] [CTL] Shutting down the controller[0m
[0;34m[1784654084.385] [3437:3437] [IN] Expiring all sessions for fabric 0x1!![0m
[0;34m[1784654084.385] [3437:3437] [IN] SecureSession[0x779760009cd0]: MarkForEviction Type:2 LSID:40423[0m
[0;32m[1784654084.385] [3437:3437] [SC] SecureSession[0x779760009cd0, LSID:40423]: State change 'kActive' --> 'kPendingEviction'[0m
[0;34m[1784654084.385] [3437:3437] [IN] SecureSession[0x779760009cd0]: Released - Type:2 LSID:40423[0m
[0;32m[1784654084.385] [3437:3437] [FP] Forgetting fabric 0x1[0m
[0;32m[1784654084.385] [3437:3437] [TS] Pending Last Known Good Time: 2023-10-14T01:16:48[0m
[0;32m[1784654084.385] [3437:3437] [TS] Previous Last Known Good Time: 2023-10-14T01:16:48[0m
[0;32m[1784654084.385] [3437:3437] [TS] Reverted Last Known Good Time to previous value[0m
[0;34m[1784654084.385] [3437:3437] [CTL] Shutting down the commissioner[0m
[0;32m[1784654084.385] [3437:3437] [PAF] WiFiPAF: Closing all WiFiPAF sessions to shutdown[0m
[0;34m[1784654084.385] [3437:3437] [CTL] Shutting down the controller[0m
[0;34m[1784654084.385] [3437:3437] [CTL] Shutting down the System State, this will teardown the CHIP Stack[0m
[0;34m[1784654084.385] [3437:3437] [DMG] All ReadHandler-s are clean, clear GlobalDirtySet[0m
[0;32m[1784654084.385] [3437:3437] [FP] Shutting down FabricTable[0m
[0;32m[1784654084.385] [3437:3437] [TS] Pending Last Known Good Time: 2023-10-14T01:16:48[0m
[0;32m[1784654084.385] [3437:3437] [TS] Previous Last Known Good Time: 2023-10-14T01:16:48[0m
[0;32m[1784654084.385] [3437:3437] [TS] Reverted Last Known Good Time to previous value[0m
[0;34m[1784654084.388] [3437:3437] [DL] Wrote settings to /tmp/chip_counters.ini[0m
[0;32m[1784654084.388] [3437:3437] [DL] NVS set: chip-counters/total-operational-hours = 0 (0x0)[0m
[0;32m[1784654084.388] [3437:3437] [DL] Inet Layer shutdown[0m
[0;32m[1784654084.388] [3437:3437] [DL] BLE Layer shutdown[0m
[0;32m[1784654084.388] [3437:3437] [DL] WiFi-PAF Layer shutdown[0m
[0;32m[1784654084.388] [3437:3437] [PAF] WiFiPAF: Closing all WiFiPAF sessions to shutdown[0m
[0;32m[1784654084.388] [3437:3437] [DL] System Layer shutdown[0m
