[0;34m[1784654174.749] [3727:3727] [DL] ChipLinuxStorage::Init: Using KVS config file: /tmp/chip_tool_kvs[0m
[1;31m[1784654174.749] [3727:3727] [DL] ChipLinuxStorage::Init: Attempt to re-initialize with KVS config file: /tmp/chip_kvs, IGNORING.[0m
[0;34m[1784654174.750] [3727:3727] [DL] ChipLinuxStorage::Init: Using KVS config file: /tmp/chip_factory.ini[0m
[0;34m[1784654174.750] [3727:3727] [DL] ChipLinuxStorage::Init: Using KVS config file: /tmp/chip_config.ini[0m
[0;34m[1784654174.750] [3727:3727] [DL] ChipLinuxStorage::Init: Using KVS config file: /tmp/chip_counters.ini[0m
[0;34m[1784654174.753] [3727:3727] [DL] Wrote settings to /tmp/chip_counters.ini[0m
[0;32m[1784654174.753] [3727:3727] [DL] NVS set: chip-counters/reboot-count = 4 (0x4)[0m
[0;32m[1784654174.753] [3727:3727] [DL] Got Ethernet interface: enp0s3[0m
[0;32m[1784654174.753] [3727:3727] [DL] Found the primary Ethernet interface:enp0s3[0m
[1;31m[1784654174.754] [3727:3727] [DL] Failed to get WiFi interface[0m
[1;31m[1784654174.754] [3727:3727] [DL] Failed to reset WiFi statistic counts[0m
[0;32m[1784654174.754] [3727:3727] [PAF] WiFiPAF: WiFiPAFLayer::Init()[0m
[0;34m[1784654174.754] [3727:3727] [IN] UDP::Init bind&listen port=0[0m
[0;34m[1784654174.754] [3727:3727] [IN] UDP::Init bound to port=59643[0m
[0;34m[1784654174.754] [3727:3727] [IN] UDP::Init bind&listen port=0[0m
[0;34m[1784654174.754] [3727:3727] [IN] UDP::Init bound to port=60600[0m
[0;34m[1784654174.754] [3727:3727] [IN] BLEBase::Init - setting/overriding transport[0m
[0;34m[1784654174.754] [3727:3727] [IN] WiFiPAFBase::Init - setting/overriding transport[0m
[0;34m[1784654174.754] [3727:3727] [IN] TransportMgr initialized[0m
[0;34m[1784654174.754] [3727:3727] [FP] Initializing FabricTable from persistent storage[0m
[0;32m[1784654174.754] [3727:3727] [TS] Last Known Good Time: 2023-10-14T01:16:48[0m
[0;32m[1784654174.754] [3727:3727] [FP] Fabric index 0x1 was retrieved from storage. Compressed FabricId 0x7A9BBA42D31D12DB, FabricId 0x0000000000000001, NodeId 0x000000000001B669, VendorId 0xFFF1[0m
[0;32m[1784654174.756] [3727:3727] [DMG] Ember attribute persistence requires setting up[0m
[0;32m[1784654174.756] [3727:3727] [ZCL] Using ZAP configuration...[0m
[0;34m[1784654174.756] [3727:3727] [CTL] System State Initialized...[0m
[0;32m[1784654174.756] [3727:3727] [CTL] Setting attestation nonce to random value[0m
[0;32m[1784654174.756] [3727:3727] [CTL] Setting CSR nonce to random value[0m
[0;34m[1784654174.756] [3727:3729] [DL] CHIP task running[0m
[0;32m[1784654174.756] [3727:3729] [CTL] Setting attestation nonce to random value[0m
[0;32m[1784654174.756] [3727:3729] [CTL] Setting CSR nonce to random value[0m
[0;32m[1784654174.756] [3727:3729] [CTL] Generating NOC[0m
[0;32m[1784654174.757] [3727:3729] [FP] Validating NOC chain[0m
[0;32m[1784654174.757] [3727:3729] [FP] NOC chain validation successful[0m
[0;32m[1784654174.757] [3727:3729] [FP] Updated fabric at index: 0x1, Node ID: 0x000000000001B669[0m
[0;32m[1784654174.757] [3727:3729] [TS] Last Known Good Time: 2023-10-14T01:16:48[0m
[0;32m[1784654174.757] [3727:3729] [TS] New proposed Last Known Good Time: 2021-01-01T00:00:00[0m
[0;32m[1784654174.757] [3727:3729] [TS] Retaining current Last Known Good Time[0m
[0;32m[1784654174.758] [3727:3729] [FP] Metadata for Fabric 0x1 persisted to storage.[0m
[0;32m[1784654174.759] [3727:3729] [TS] Committing Last Known Good Time to storage: 2023-10-14T01:16:48[0m
[0;32m[1784654174.760] [3727:3729] [CTL] Joined the fabric at index 1. Fabric ID is 0x0000000000000001 (Compressed Fabric ID: 7A9BBA42D31D12DB)[0m
[0;32m[1784654174.763] [3727:3729] [TOO] Sending command to node 0x1[0m
[0;34m[1784654174.763] [3727:3729] [CSM] FindOrEstablishSession: PeerId = [1:0000000000000001][0m
[0;34m[1784654174.763] [3727:3729] [CSM] FindOrEstablishSession: No existing OperationalSessionSetup instance found[0m
[0;34m[1784654174.763] [3727:3729] [DIS] OperationalSessionSetup[1:0000000000000001]: State change 1 --> 2[0m
[0;32m[1784654174.763] [3727:3729] [DIS] Lookup started for 7A9BBA42D31D12DB-0000000000000001[0m
[0;32m[1784654174.764] [3727:3729] [DIS] UDP:[fe80::bfe:a203:38f0:bce7%enp0s3]:5540: new best score: 7 (for 7A9BBA42D31D12DB-0000000000000001)[0m
[0;34m[1784654174.764] [3727:3729] [DIS] Lookup clearing interface for non LL address[0m
[0;32m[1784654174.764] [3727:3729] [DIS] UDP:10.0.2.15%enp0s3:5540: new best score: 2 (for 7A9BBA42D31D12DB-0000000000000001)[0m
[0;32m[1784654174.764] [3727:3729] [DIS] Checking node lookup status for 7A9BBA42D31D12DB-0000000000000001 after 1 ms[0m
[0;32m[1784654174.764] [3727:3729] [DIS] Keeping DNSSD lookup active[0m
[0;32m[1784654174.764] [3727:3729] [DIS] UDP:[fe80::bfe:a203:38f0:bce7%enp0s3]:5540: score has not improved: 7 (for 7A9BBA42D31D12DB-0000000000000001)[0m
[0;34m[1784654174.764] [3727:3729] [DIS] Lookup clearing interface for non LL address[0m
[0;32m[1784654174.764] [3727:3729] [DIS] UDP:10.0.2.15%enp0s3:5540: score has not improved: 2 (for 7A9BBA42D31D12DB-0000000000000001)[0m
[0;32m[1784654174.764] [3727:3729] [DIS] Checking node lookup status for 7A9BBA42D31D12DB-0000000000000001 after 1 ms[0m
[0;32m[1784654174.764] [3727:3729] [DIS] Keeping DNSSD lookup active[0m
[0;32m[1784654174.972] [3727:3729] [DIS] Checking node lookup status for 7A9BBA42D31D12DB-0000000000000001 after 209 ms[0m
[0;34m[1784654174.972] [3727:3729] [DIS] OperationalSessionSetup[1:0000000000000001]: Updating device address to UDP:[fe80::bfe:a203:38f0:bce7%enp0s3]:5540 while in state 2[0m
[0;34m[1784654174.972] [3727:3729] [DIS] OperationalSessionSetup[1:0000000000000001]: State change 2 --> 3[0m
[0;34m[1784654174.972] [3727:3729] [IN] SecureSession[0x766c24009cd0]: Allocated Type:2 LSID:54976[0m
[0;32m[1784654174.972] [3727:3729] [SC] Initiating session on local FabricIndex 1 from 0x000000000001B669 -> 0x0000000000000001[0m
[0;32m[1784654174.973] [3727:3729] [EM] <<< [E:34783i S:0 M:154249182] (U) Msg TX from 20C26F1C237D8894 to 0:0000000000000000 [0000] [UDP:[fe80::bfe:a203:38f0:bce7%enp0s3]:5540] --- Type 0000:30 (SecureChannel:CASE_Sigma1) (B:196)[0m
[0;32m[1784654174.973] [3727:3729] [EM] ??1 [E:34783i S:0 M:154249182] (U) Msg Retransmission to 0:0000000000000000 scheduled for 597ms from now [State:Idle II:500 AI:300 AT:4000][0m
[0;32m[1784654174.973] [3727:3729] [SC] Sent Sigma1 msg to <0000000000000001, 1> [II:500ms AI:300ms AT:4000ms][0m
[0;34m[1784654174.973] [3727:3729] [DIS] OperationalSessionSetup[1:0000000000000001]: State change 3 --> 4[0m
[0;32m[1784654174.976] [3727:3729] [EM] >>> [E:34783i S:0 M:85535810 (Ack:154249182)] (U) Msg RX from 0:0000000000000000 [0000] to 20C26F1C237D8894 --- Type 0000:31 (SecureChannel:CASE_Sigma2) (B:751)[0m
[0;34m[1784654174.976] [3727:3729] [EM] Found matching exchange: 34783i, Delegate: 0x766c2400b8e8[0m
[0;34m[1784654174.976] [3727:3729] [EM] Rxd Ack; Removing MessageCounter:154249182 from Retrans Table on exchange 34783i[0m
[0;32m[1784654174.976] [3727:3729] [SC] Received Sigma2 msg[0m
[0;34m[1784654174.976] [3727:3729] [SC] Found MRP parameters in the message[0m
[0;34m[1784654174.977] [3727:3729] [SC] Peer <0000000000000001, 1> assigned session ID 33715[0m
[0;34m[1784654174.977] [3727:3729] [SC] Sending Sigma3[0m
[0;32m[1784654174.977] [3727:3729] [EM] <<< [E:34783i S:0 M:154249183 (Ack:85535810)] (U) Msg TX from 20C26F1C237D8894 to 0:0000000000000000 [0000] [UDP:[fe80::bfe:a203:38f0:bce7%enp0s3]:5540] --- Type 0000:32 (SecureChannel:CASE_Sigma3) (B:598)[0m
[0;32m[1784654174.977] [3727:3729] [EM] ??1 [E:34783i S:0 M:154249183] (U) Msg Retransmission to 0:0000000000000000 scheduled for 339ms from now [State:Active II:500 AI:300 AT:4000][0m
[0;32m[1784654174.977] [3727:3729] [SC] Sent Sigma3 msg[0m
[0;32m[1784654174.986] [3727:3729] [EM] >>> [E:34783i S:0 M:85535811 (Ack:154249183)] (U) Msg RX from 0:0000000000000000 [0000] to 20C26F1C237D8894 --- Type 0000:40 (SecureChannel:StatusReport) (B:34)[0m
[0;34m[1784654174.986] [3727:3729] [EM] Found matching exchange: 34783i, Delegate: 0x766c2400b8e8[0m
[0;34m[1784654174.986] [3727:3729] [EM] Rxd Ack; Removing MessageCounter:154249183 from Retrans Table on exchange 34783i[0m
[0;32m[1784654174.986] [3727:3729] [SC] Success status report received. Session was established[0m
[0;32m[1784654174.988] [3727:3729] [SC] SecureSession[0x766c24009cd0, LSID:54976]: State change 'kEstablishing' --> 'kActive'[0m
[0;34m[1784654174.988] [3727:3729] [IN] SecureSession[0x766c24009cd0]: Activated - Type:2 LSID:54976[0m
[0;34m[1784654174.988] [3727:3729] [IN] New secure session activated for device <0000000000000001, 1>, LSID:54976 PSID:33715![0m
[0;34m[1784654174.988] [3727:3729] [DIS] OperationalSessionSetup[1:0000000000000001]: State change 4 --> 5[0m
[0;32m[1784654174.988] [3727:3729] [TOO] Sending cluster (0x0000003E) command (0x00000004) on endpoint 0[0m
[0;34m[1784654174.988] [3727:3729] [DMG] ICR moving to [AddingComm][0m
[0;34m[1784654174.988] [3727:3729] [DMG] ICR moving to [AddedComma][0m
[0;32m[1784654174.988] [3727:3729] [EM] <<< [E:34784i S:54976 M:237216097] (S) Msg TX from 000000000001B669 to 1:0000000000000001 [12DB] [UDP:[fe80::bfe:a203:38f0:bce7%enp0s3]:5540] --- Type 0001:08 (IM:InvokeCommandRequest) (B:96)[0m
[0;32m[1784654174.988] [3727:3729] [EM] ??1 [E:34784i S:54976 M:237216097] (S) Msg Retransmission to 1:0000000000000001 scheduled for 403ms from now [State:Active II:500 AI:300 AT:4000][0m
[0;34m[1784654174.988] [3727:3729] [DMG] ICR moving to [AwaitingRe][0m
[0;32m[1784654174.988] [3727:3729] [EM] <<< [E:34783i S:0 M:154249184 (Ack:85535811)] (U) Msg TX from 20C26F1C237D8894 to 0:0000000000000000 [0000] [UDP:[fe80::bfe:a203:38f0:bce7%enp0s3]:5540] --- Type 0000:10 (SecureChannel:StandaloneAck) (B:26)[0m
[0;34m[1784654174.988] [3727:3729] [EM] Flushed pending ack for MessageCounter:85535811 on exchange 34783i[0m
[0;32m[1784654174.989] [3727:3729] [EM] >>> [E:34784i S:54976 M:123135926 (Ack:237216097)] (S) Msg RX from 1:0000000000000001 [12DB] to 000000000001B669 --- Type 0001:09 (IM:InvokeCommandResponse) (B:377)[0m
[0;34m[1784654174.989] [3727:3729] [EM] Found matching exchange: 34784i, Delegate: 0x766c2400eef8[0m
[0;34m[1784654174.989] [3727:3729] [EM] Rxd Ack; Removing MessageCounter:237216097 from Retrans Table on exchange 34784i[0m
[0;34m[1784654174.989] [3727:3729] [DMG] ICR moving to [ResponseRe][0m
[0;34m[1784654174.989] [3727:3729] [DMG] InvokeResponseMessage =[0m
[0;34m[1784654174.989] [3727:3729] [DMG] {[0m
[0;34m[1784654174.989] [3727:3729] [DMG] 	suppressResponse = false, [0m
[0;34m[1784654174.989] [3727:3729] [DMG] 	InvokeResponseIBs =[0m
[0;34m[1784654174.989] [3727:3729] [DMG] 	[[0m
[0;34m[1784654174.989] [3727:3729] [DMG] 		InvokeResponseIB =[0m
[0;34m[1784654174.989] [3727:3729] [DMG] 		{[0m
[0;34m[1784654174.989] [3727:3729] [DMG] 			CommandDataIB =[0m
[0;34m[1784654174.989] [3727:3729] [DMG] 			{[0m
[0;34m[1784654174.989] [3727:3729] [DMG] 				CommandPathIB =[0m
[0;34m[1784654174.989] [3727:3729] [DMG] 				{[0m
[0;34m[1784654174.989] [3727:3729] [DMG] 					EndpointId = 0x0,[0m
[0;34m[1784654174.989] [3727:3729] [DMG] 					ClusterId = 0x3e,[0m
[0;34m[1784654174.989] [3727:3729] [DMG] 					CommandId = 0x5,[0m
[0;34m[1784654174.989] [3727:3729] [DMG] 				},[0m
[0;34m[1784654174.989] [3727:3729] [DMG] 				[0m
[0;34m[1784654174.989] [3727:3729] [DMG] 				CommandFields = [0m
[0;34m[1784654174.989] [3727:3729] [DMG] 				{[0m
[0;34m[1784654174.989] [3727:3729] [DMG] 					0x0 = [[0m
[0;34m[1784654174.989] [3727:3729] [DMG] 							0x15, 0x30, 0x01, 0xcb, 0x30, 0x81, 0xc8, 0x30, 0x70, 0x02, 0x01, 0x00, 0x30, 0x0e, 0x31, 0x0c, 0x30, 0x0a, 0x06, 0x03, 0x55, 0x04, 0x0a, 0x0c, 0x03, 0x43, 0x53, 0x52, 0x30, 0x59, 0x30, 0x13, 0x06, 0x07, 0x2a, 0x86, 0x48, 0xce, 0x3d, 0x02, 0x01, 0x06, 0x08, 0x2a, 0x86, 0x48, 0xce, 0x3d, 0x03, 0x01, 0x07, 0x03, 0x42, 0x00, 0x04, 0x20, 0x7e, 0xdf, 0x1b, 0x13, 0xe6, 0xb0, 0xd9, 0xda, 0x63, 0x43, 0x2a, 0x36, 0x39, 0x84, 0x60, 0x9d, 0xe2, 0x64, 0x8f, 0xd2, 0x61, 0xfb, 0x93, 0xd7, 0x33, 0xd7, 0x82, 0xdc, 0x4b, 0x09, 0x95, 0x09, 0x57, 0x2c, 0x4f, 0x7d, 0xda, 0xbc, 0xf2, 0x76, 0xf8, 0x9c, 0xed, 0x25, 0x63, 0x7f, 0x91, 0xf9, 0x9b, 0xd0, 0x9f, 0x6c, 0x8d, 0xf3, 0x0d, 0xdb, 0x1e, 0x6c, 0x07, 0xc2, 0x9f, 0xa3, 0xd8, 0xa0, 0x00, 0x30, 0x0a, 0x06, 0x08, 0x2a, 0x86, 0x48, 0xce, 0x3d, 0x04, 0x03, 0x02, 0x03, 0x48, 0x00, 0x30, 0x45, 0x02, 0x21, 0x00, 0xdc, 0x79, 0x75, 0xb4, 0xf7, 0x14, 0xa5, 0xc7, 0x52, 0x9f, 0xdd, 0x5b, 0xf5, 0x88, 0xaf, 0x8f, 0x4b, 0xf9, 0xda, 0x0a, 0xcc, 0x8b, 0x8b, 0xcc, 0xf5, 0x02, 0xe6, 0xdc, 0x5b, 0xcc, 0xf8, 0x07, 0x02, 0x20, 0x18, 0x30, 0x87, 0x7a, 0x76, 0x5a, 0xa8, 0x3a, 0xef, 0x2b, 0x0e, 0xfe, 0xf1, 0xa7, 0x13, 0x58, 0x74, 0xb9, 0x19, 0x18, 0xfd, 0xb2, 0x4a, 0xda, 0x61, 0x78, 0xcd, 0xc9, 0xa2, 0xb5, 0xf1, 0x52, 0x30, 0x02, 0x20, 0xfd, 0x56, 0x1d, 0xa2, 0xb7, 0x0a, 0xcf, 0x24, 0x9f, 0x07, 0x19, 0xcf, 0x3c, 0x60, 0x17, 0xfa, 0xfa, 0x45, 0x6e, 0xb0, 0x16, 0xfb, 0x82, 0x4c, 0x3e, 0x74, 0x6c, 0xbf, 0x41, 0x8b, 0x98, 0x84, 0x18, [0m
[0;34m[1784654174.989] [3727:3729] [DMG] 					] (243 bytes)[0m
[0;34m[1784654174.989] [3727:3729] [DMG] 					0x1 = [[0m
[0;34m[1784654174.989] [3727:3729] [DMG] 							0xc6, 0x47, 0x2c, 0xb2, 0xd8, 0xe1, 0x54, 0xd9, 0x2a, 0xf6, 0xa0, 0x57, 0xc9, 0x81, 0xf1, 0xec, 0x92, 0xd8, 0x1e, 0x42, 0xad, 0x27, 0x01, 0x92, 0xc5, 0x14, 0x4a, 0xbf, 0x01, 0x1d, 0x70, 0x3f, 0xf0, 0x42, 0xa6, 0xbe, 0x43, 0x1f, 0x5b, 0x92, 0x06, 0x9a, 0xef, 0xbf, 0x32, 0x32, 0x67, 0x18, 0x41, 0x57, 0x84, 0x0f, 0x97, 0xe3, 0xd9, 0x24, 0x35, 0xb0, 0xb0, 0x94, 0x11, 0x9e, 0xe7, 0x7c, [0m
[0;34m[1784654174.989] [3727:3729] [DMG] 					] (64 bytes)[0m
[0;34m[1784654174.989] [3727:3729] [DMG] 				},[0m
[0;34m[1784654174.989] [3727:3729] [DMG] 			},[0m
[0;34m[1784654174.989] [3727:3729] [DMG] 			[0m
[0;34m[1784654174.989] [3727:3729] [DMG] 		},[0m
[0;34m[1784654174.989] [3727:3729] [DMG] 		[0m
[0;34m[1784654174.989] [3727:3729] [DMG] 	],[0m
[0;34m[1784654174.989] [3727:3729] [DMG] 	[0m
[0;34m[1784654174.989] [3727:3729] [DMG] 	InteractionModelRevision = 12[0m
[0;34m[1784654174.989] [3727:3729] [DMG] },[0m
[0;32m[1784654174.989] [3727:3729] [DMG] Received Command Response Data, Endpoint=0 Cluster=0x0000_003E Command=0x0000_0005[0m
[0;32m[1784654174.989] [3727:3729] [TOO] Endpoint: 0 Cluster: 0x0000_003E Command 0x0000_0005[0m
[0;32m[1784654174.989] [3727:3729] [TOO]   CSRResponse: {[0m
[0;32m[1784654174.989] [3727:3729] [TOO]     NOCSRElements: 153001CB3081C83070020100300E310C300A060355040A0C034353523059301306072A8648CE3D020106082A8648CE3D03010703420004207EDF1B13E6B0D9DA63432A363984609DE2648FD261FB93D733D782DC4B099509572C4F7DDABCF276F89CED25637F91F99BD09F6C8DF30DDB1E6C07C29FA3D8A000300A06082A8648CE3D0403020348003045022100DC7975B4F714A5C7529FDD5BF588AF8F4BF9DA0ACC8B8BCCF502E6DC5BCCF80702201830877A765AA83AEF2B0EFEF1A7135874B91918FDB24ADA6178CDC9A2B5F152300220FD561DA2B70ACF249F0719CF3C6017FAFA456EB016FB824C3E746CBF418B988418[0m
[0;32m[1784654174.989] [3727:3729] [TOO]     attestationSignature: C6472CB2D8E154D92AF6A057C981F1EC92D81E42AD270192C5144ABF011D703FF042A6BE431F5B92069AEFBF323267184157840F97E3D92435B0B094119EE77C[0m
[0;32m[1784654174.989] [3727:3729] [TOO]    }[0m
[0;34m[1784654174.989] [3727:3729] [DMG] ICR moving to [AwaitingDe][0m
[0;32m[1784654174.989] [3727:3729] [EM] <<< [E:34784i S:54976 M:237216098 (Ack:123135926)] (S) Msg TX from 000000000001B669 to 1:0000000000000001 [12DB] [UDP:[fe80::bfe:a203:38f0:bce7%enp0s3]:5540] --- Type 0000:10 (SecureChannel:StandaloneAck) (B:34)[0m
[0;34m[1784654174.989] [3727:3729] [EM] Flushed pending ack for MessageCounter:123135926 on exchange 34784i[0m
[0;34m[1784654174.989] [3727:3727] [CTL] Shutting down the commissioner[0m
[0;32m[1784654174.989] [3727:3727] [PAF] WiFiPAF: Closing all WiFiPAF sessions to shutdown[0m
[0;34m[1784654174.989] [3727:3727] [CTL] Shutting down the controller[0m
[0;34m[1784654174.989] [3727:3727] [IN] Expiring all sessions for fabric 0x1!![0m
[0;34m[1784654174.989] [3727:3727] [IN] SecureSession[0x766c24009cd0]: MarkForEviction Type:2 LSID:54976[0m
[0;32m[1784654174.989] [3727:3727] [SC] SecureSession[0x766c24009cd0, LSID:54976]: State change 'kActive' --> 'kPendingEviction'[0m
[0;34m[1784654174.989] [3727:3727] [IN] SecureSession[0x766c24009cd0]: Released - Type:2 LSID:54976[0m
[0;32m[1784654174.989] [3727:3727] [FP] Forgetting fabric 0x1[0m
[0;32m[1784654174.989] [3727:3727] [TS] Pending Last Known Good Time: 2023-10-14T01:16:48[0m
[0;32m[1784654174.989] [3727:3727] [TS] Previous Last Known Good Time: 2023-10-14T01:16:48[0m
[0;32m[1784654174.989] [3727:3727] [TS] Reverted Last Known Good Time to previous value[0m
[0;34m[1784654174.989] [3727:3727] [CTL] Shutting down the commissioner[0m
[0;32m[1784654174.989] [3727:3727] [PAF] WiFiPAF: Closing all WiFiPAF sessions to shutdown[0m
[0;34m[1784654174.989] [3727:3727] [CTL] Shutting down the controller[0m
[0;34m[1784654174.989] [3727:3727] [CTL] Shutting down the System State, this will teardown the CHIP Stack[0m
[0;34m[1784654174.989] [3727:3727] [DMG] All ReadHandler-s are clean, clear GlobalDirtySet[0m
[0;32m[1784654174.989] [3727:3727] [FP] Shutting down FabricTable[0m
[0;32m[1784654174.989] [3727:3727] [TS] Pending Last Known Good Time: 2023-10-14T01:16:48[0m
[0;32m[1784654174.989] [3727:3727] [TS] Previous Last Known Good Time: 2023-10-14T01:16:48[0m
[0;32m[1784654174.989] [3727:3727] [TS] Reverted Last Known Good Time to previous value[0m
[0;34m[1784654174.991] [3727:3727] [DL] Wrote settings to /tmp/chip_counters.ini[0m
[0;32m[1784654174.991] [3727:3727] [DL] NVS set: chip-counters/total-operational-hours = 0 (0x0)[0m
[0;32m[1784654174.991] [3727:3727] [DL] Inet Layer shutdown[0m
[0;32m[1784654174.991] [3727:3727] [DL] BLE Layer shutdown[0m
[0;32m[1784654174.991] [3727:3727] [DL] WiFi-PAF Layer shutdown[0m
[0;32m[1784654174.991] [3727:3727] [PAF] WiFiPAF: Closing all WiFiPAF sessions to shutdown[0m
[0;32m[1784654174.991] [3727:3727] [DL] System Layer shutdown[0m
