[0;34m[1784655113.099] [7127:7127] [DL] ChipLinuxStorage::Init: Using KVS config file: /tmp/chip_tool_kvs[0m
[1;31m[1784655113.099] [7127:7127] [DL] ChipLinuxStorage::Init: Attempt to re-initialize with KVS config file: /tmp/chip_kvs, IGNORING.[0m
[0;34m[1784655113.101] [7127:7127] [DL] ChipLinuxStorage::Init: Using KVS config file: /tmp/chip_factory.ini[0m
[0;34m[1784655113.101] [7127:7127] [DL] ChipLinuxStorage::Init: Using KVS config file: /tmp/chip_config.ini[0m
[0;34m[1784655113.101] [7127:7127] [DL] ChipLinuxStorage::Init: Using KVS config file: /tmp/chip_counters.ini[0m
[0;34m[1784655113.105] [7127:7127] [DL] Wrote settings to /tmp/chip_counters.ini[0m
[0;32m[1784655113.105] [7127:7127] [DL] NVS set: chip-counters/reboot-count = 6 (0x6)[0m
[0;32m[1784655113.105] [7127:7127] [DL] Got Ethernet interface: enp0s3[0m
[0;32m[1784655113.105] [7127:7127] [DL] Found the primary Ethernet interface:enp0s3[0m
[1;31m[1784655113.105] [7127:7127] [DL] Failed to get WiFi interface[0m
[1;31m[1784655113.105] [7127:7127] [DL] Failed to reset WiFi statistic counts[0m
[0;32m[1784655113.105] [7127:7127] [PAF] WiFiPAF: WiFiPAFLayer::Init()[0m
[0;34m[1784655113.105] [7127:7127] [IN] UDP::Init bind&listen port=0[0m
[0;34m[1784655113.105] [7127:7127] [IN] UDP::Init bound to port=43609[0m
[0;34m[1784655113.105] [7127:7127] [IN] UDP::Init bind&listen port=0[0m
[0;34m[1784655113.105] [7127:7127] [IN] UDP::Init bound to port=42660[0m
[0;34m[1784655113.105] [7127:7127] [IN] BLEBase::Init - setting/overriding transport[0m
[0;34m[1784655113.105] [7127:7127] [IN] WiFiPAFBase::Init - setting/overriding transport[0m
[0;34m[1784655113.105] [7127:7127] [IN] TransportMgr initialized[0m
[0;34m[1784655113.105] [7127:7127] [FP] Initializing FabricTable from persistent storage[0m
[0;32m[1784655113.105] [7127:7127] [TS] Last Known Good Time: 2023-10-14T01:16:48[0m
[0;32m[1784655113.105] [7127:7127] [FP] Fabric index 0x1 was retrieved from storage. Compressed FabricId 0x51538DC9A67575AD, FabricId 0x0000000000000001, NodeId 0x000000000001B669, VendorId 0xFFF1[0m
[0;32m[1784655113.107] [7127:7127] [DMG] Ember attribute persistence requires setting up[0m
[0;32m[1784655113.107] [7127:7127] [ZCL] Using ZAP configuration...[0m
[0;34m[1784655113.107] [7127:7127] [CTL] System State Initialized...[0m
[0;32m[1784655113.107] [7127:7127] [CTL] Setting attestation nonce to random value[0m
[0;32m[1784655113.107] [7127:7127] [CTL] Setting CSR nonce to random value[0m
[0;34m[1784655113.107] [7127:7129] [DL] CHIP task running[0m
[0;32m[1784655113.107] [7127:7129] [CTL] Setting attestation nonce to random value[0m
[0;32m[1784655113.107] [7127:7129] [CTL] Setting CSR nonce to random value[0m
[0;32m[1784655113.108] [7127:7129] [CTL] Generating NOC[0m
[0;32m[1784655113.108] [7127:7129] [FP] Validating NOC chain[0m
[0;32m[1784655113.108] [7127:7129] [FP] NOC chain validation successful[0m
[0;32m[1784655113.108] [7127:7129] [FP] Updated fabric at index: 0x1, Node ID: 0x000000000001B669[0m
[0;32m[1784655113.108] [7127:7129] [TS] Last Known Good Time: 2023-10-14T01:16:48[0m
[0;32m[1784655113.108] [7127:7129] [TS] New proposed Last Known Good Time: 2021-01-01T00:00:00[0m
[0;32m[1784655113.108] [7127:7129] [TS] Retaining current Last Known Good Time[0m
[0;32m[1784655113.110] [7127:7129] [FP] Metadata for Fabric 0x1 persisted to storage.[0m
[0;32m[1784655113.111] [7127:7129] [TS] Committing Last Known Good Time to storage: 2023-10-14T01:16:48[0m
[0;32m[1784655113.112] [7127:7129] [CTL] Joined the fabric at index 1. Fabric ID is 0x0000000000000001 (Compressed Fabric ID: 51538DC9A67575AD)[0m
[0;32m[1784655113.116] [7127:7129] [TOO] Sending command to node 0x1[0m
[0;34m[1784655113.117] [7127:7129] [CSM] FindOrEstablishSession: PeerId = [1:0000000000000001][0m
[0;34m[1784655113.117] [7127:7129] [CSM] FindOrEstablishSession: No existing OperationalSessionSetup instance found[0m
[0;34m[1784655113.117] [7127:7129] [DIS] OperationalSessionSetup[1:0000000000000001]: State change 1 --> 2[0m
[0;32m[1784655113.118] [7127:7129] [DIS] Lookup started for 51538DC9A67575AD-0000000000000001[0m
[0;32m[1784655113.118] [7127:7129] [DIS] UDP:[fe80::bfe:a203:38f0:bce7%enp0s3]:5540: new best score: 7 (for 51538DC9A67575AD-0000000000000001)[0m
[0;34m[1784655113.118] [7127:7129] [DIS] Lookup clearing interface for non LL address[0m
[0;32m[1784655113.118] [7127:7129] [DIS] UDP:10.0.2.15%enp0s3:5540: new best score: 2 (for 51538DC9A67575AD-0000000000000001)[0m
[0;32m[1784655113.118] [7127:7129] [DIS] Checking node lookup status for 51538DC9A67575AD-0000000000000001 after 1 ms[0m
[0;32m[1784655113.118] [7127:7129] [DIS] Keeping DNSSD lookup active[0m
[0;32m[1784655113.118] [7127:7129] [DIS] UDP:[fe80::bfe:a203:38f0:bce7%enp0s3]:5540: score has not improved: 7 (for 51538DC9A67575AD-0000000000000001)[0m
[0;34m[1784655113.118] [7127:7129] [DIS] Lookup clearing interface for non LL address[0m
[0;32m[1784655113.118] [7127:7129] [DIS] UDP:10.0.2.15%enp0s3:5540: score has not improved: 2 (for 51538DC9A67575AD-0000000000000001)[0m
[0;32m[1784655113.118] [7127:7129] [DIS] Checking node lookup status for 51538DC9A67575AD-0000000000000001 after 1 ms[0m
[0;32m[1784655113.118] [7127:7129] [DIS] Keeping DNSSD lookup active[0m
[0;32m[1784655113.317] [7127:7129] [DIS] Checking node lookup status for 51538DC9A67575AD-0000000000000001 after 201 ms[0m
[0;34m[1784655113.317] [7127:7129] [DIS] OperationalSessionSetup[1:0000000000000001]: Updating device address to UDP:[fe80::bfe:a203:38f0:bce7%enp0s3]:5540 while in state 2[0m
[0;34m[1784655113.317] [7127:7129] [DIS] OperationalSessionSetup[1:0000000000000001]: State change 2 --> 3[0m
[0;34m[1784655113.318] [7127:7129] [IN] SecureSession[0x73666c009cd0]: Allocated Type:2 LSID:48349[0m
[0;32m[1784655113.318] [7127:7129] [SC] Initiating session on local FabricIndex 1 from 0x000000000001B669 -> 0x0000000000000001[0m
[0;32m[1784655113.318] [7127:7129] [EM] <<< [E:62942i S:0 M:14762270] (U) Msg TX from 49A5AABEB2E1F4B1 to 0:0000000000000000 [0000] [UDP:[fe80::bfe:a203:38f0:bce7%enp0s3]:5540] --- Type 0000:30 (SecureChannel:CASE_Sigma1) (B:196)[0m
[0;32m[1784655113.318] [7127:7129] [EM] ??1 [E:62942i S:0 M:14762270] (U) Msg Retransmission to 0:0000000000000000 scheduled for 624ms from now [State:Idle II:500 AI:300 AT:4000][0m
[0;32m[1784655113.318] [7127:7129] [SC] Sent Sigma1 msg to <0000000000000001, 1> [II:500ms AI:300ms AT:4000ms][0m
[0;34m[1784655113.318] [7127:7129] [DIS] OperationalSessionSetup[1:0000000000000001]: State change 3 --> 4[0m
[0;32m[1784655113.319] [7127:7129] [EM] >>> [E:62942i S:0 M:72875608 (Ack:14762270)] (U) Msg RX from 0:0000000000000000 [0000] to 49A5AABEB2E1F4B1 --- Type 0000:31 (SecureChannel:CASE_Sigma2) (B:751)[0m
[0;34m[1784655113.319] [7127:7129] [EM] Found matching exchange: 62942i, Delegate: 0x73666c00b8e8[0m
[0;34m[1784655113.320] [7127:7129] [EM] Rxd Ack; Removing MessageCounter:14762270 from Retrans Table on exchange 62942i[0m
[0;32m[1784655113.320] [7127:7129] [SC] Received Sigma2 msg[0m
[0;34m[1784655113.320] [7127:7129] [SC] Found MRP parameters in the message[0m
[0;34m[1784655113.320] [7127:7129] [SC] Peer <0000000000000001, 1> assigned session ID 61581[0m
[0;34m[1784655113.320] [7127:7129] [SC] Sending Sigma3[0m
[0;32m[1784655113.320] [7127:7129] [EM] <<< [E:62942i S:0 M:14762271 (Ack:72875608)] (U) Msg TX from 49A5AABEB2E1F4B1 to 0:0000000000000000 [0000] [UDP:[fe80::bfe:a203:38f0:bce7%enp0s3]:5540] --- Type 0000:32 (SecureChannel:CASE_Sigma3) (B:598)[0m
[0;32m[1784655113.320] [7127:7129] [EM] ??1 [E:62942i S:0 M:14762271] (U) Msg Retransmission to 0:0000000000000000 scheduled for 405ms from now [State:Active II:500 AI:300 AT:4000][0m
[0;32m[1784655113.320] [7127:7129] [SC] Sent Sigma3 msg[0m
[0;32m[1784655113.331] [7127:7129] [EM] >>> [E:62942i S:0 M:72875609 (Ack:14762271)] (U) Msg RX from 0:0000000000000000 [0000] to 49A5AABEB2E1F4B1 --- Type 0000:40 (SecureChannel:StatusReport) (B:34)[0m
[0;34m[1784655113.331] [7127:7129] [EM] Found matching exchange: 62942i, Delegate: 0x73666c00b8e8[0m
[0;34m[1784655113.331] [7127:7129] [EM] Rxd Ack; Removing MessageCounter:14762271 from Retrans Table on exchange 62942i[0m
[0;32m[1784655113.331] [7127:7129] [SC] Success status report received. Session was established[0m
[0;32m[1784655113.332] [7127:7129] [SC] SecureSession[0x73666c009cd0, LSID:48349]: State change 'kEstablishing' --> 'kActive'[0m
[0;34m[1784655113.332] [7127:7129] [IN] SecureSession[0x73666c009cd0]: Activated - Type:2 LSID:48349[0m
[0;34m[1784655113.332] [7127:7129] [IN] New secure session activated for device <0000000000000001, 1>, LSID:48349 PSID:61581![0m
[0;34m[1784655113.332] [7127:7129] [DIS] OperationalSessionSetup[1:0000000000000001]: State change 4 --> 5[0m
[0;32m[1784655113.332] [7127:7129] [TOO] Sending cluster (0x0000003E) command (0x00000007) on endpoint 0[0m
[0;34m[1784655113.332] [7127:7129] [DMG] ICR moving to [AddingComm][0m
[0;34m[1784655113.332] [7127:7129] [DMG] ICR moving to [AddedComma][0m
[0;32m[1784655113.332] [7127:7129] [EM] <<< [E:62943i S:48349 M:172579105] (S) Msg TX from 000000000001B669 to 1:0000000000000001 [75AD] [UDP:[fe80::bfe:a203:38f0:bce7%enp0s3]:5540] --- Type 0001:08 (IM:InvokeCommandRequest) (B:330)[0m
[0;32m[1784655113.332] [7127:7129] [EM] ??1 [E:62943i S:48349 M:172579105] (S) Msg Retransmission to 1:0000000000000001 scheduled for 343ms from now [State:Active II:500 AI:300 AT:4000][0m
[0;34m[1784655113.332] [7127:7129] [DMG] ICR moving to [AwaitingRe][0m
[0;32m[1784655113.332] [7127:7129] [EM] <<< [E:62942i S:0 M:14762272 (Ack:72875609)] (U) Msg TX from 49A5AABEB2E1F4B1 to 0:0000000000000000 [0000] [UDP:[fe80::bfe:a203:38f0:bce7%enp0s3]:5540] --- Type 0000:10 (SecureChannel:StandaloneAck) (B:26)[0m
[0;34m[1784655113.333] [7127:7129] [EM] Flushed pending ack for MessageCounter:72875609 on exchange 62942i[0m
[0;32m[1784655113.342] [7127:7129] [EM] >>> [E:62943i S:48349 M:252156002 (Ack:172579105)] (S) Msg RX from 1:0000000000000001 [75AD] to 000000000001B669 --- Type 0001:09 (IM:InvokeCommandResponse) (B:70)[0m
[0;34m[1784655113.342] [7127:7129] [EM] Found matching exchange: 62943i, Delegate: 0x73666c00eef8[0m
[0;34m[1784655113.342] [7127:7129] [EM] Rxd Ack; Removing MessageCounter:172579105 from Retrans Table on exchange 62943i[0m
[0;34m[1784655113.342] [7127:7129] [DMG] ICR moving to [ResponseRe][0m
[0;34m[1784655113.342] [7127:7129] [DMG] InvokeResponseMessage =[0m
[0;34m[1784655113.342] [7127:7129] [DMG] {[0m
[0;34m[1784655113.342] [7127:7129] [DMG] 	suppressResponse = false, [0m
[0;34m[1784655113.342] [7127:7129] [DMG] 	InvokeResponseIBs =[0m
[0;34m[1784655113.342] [7127:7129] [DMG] 	[[0m
[0;34m[1784655113.342] [7127:7129] [DMG] 		InvokeResponseIB =[0m
[0;34m[1784655113.342] [7127:7129] [DMG] 		{[0m
[0;34m[1784655113.342] [7127:7129] [DMG] 			CommandDataIB =[0m
[0;34m[1784655113.342] [7127:7129] [DMG] 			{[0m
[0;34m[1784655113.342] [7127:7129] [DMG] 				CommandPathIB =[0m
[0;34m[1784655113.342] [7127:7129] [DMG] 				{[0m
[0;34m[1784655113.342] [7127:7129] [DMG] 					EndpointId = 0x0,[0m
[0;34m[1784655113.342] [7127:7129] [DMG] 					ClusterId = 0x3e,[0m
[0;34m[1784655113.342] [7127:7129] [DMG] 					CommandId = 0x8,[0m
[0;34m[1784655113.342] [7127:7129] [DMG] 				},[0m
[0;34m[1784655113.342] [7127:7129] [DMG] 				[0m
[0;34m[1784655113.342] [7127:7129] [DMG] 				CommandFields = [0m
[0;34m[1784655113.342] [7127:7129] [DMG] 				{[0m
[0;34m[1784655113.342] [7127:7129] [DMG] 					0x0 = 0 (unsigned), [0m
[0;34m[1784655113.342] [7127:7129] [DMG] 					0x1 = 1 (unsigned), [0m
[0;34m[1784655113.342] [7127:7129] [DMG] 				},[0m
[0;34m[1784655113.342] [7127:7129] [DMG] 			},[0m
[0;34m[1784655113.342] [7127:7129] [DMG] 			[0m
[0;34m[1784655113.342] [7127:7129] [DMG] 		},[0m
[0;34m[1784655113.342] [7127:7129] [DMG] 		[0m
[0;34m[1784655113.342] [7127:7129] [DMG] 	],[0m
[0;34m[1784655113.343] [7127:7129] [DMG] 	[0m
[0;34m[1784655113.343] [7127:7129] [DMG] 	InteractionModelRevision = 12[0m
[0;34m[1784655113.343] [7127:7129] [DMG] },[0m
[0;32m[1784655113.343] [7127:7129] [DMG] Received Command Response Data, Endpoint=0 Cluster=0x0000_003E Command=0x0000_0008[0m
[0;32m[1784655113.343] [7127:7129] [TOO] Endpoint: 0 Cluster: 0x0000_003E Command 0x0000_0008[0m
[0;32m[1784655113.343] [7127:7129] [TOO]   NOCResponse: {[0m
[0;32m[1784655113.343] [7127:7129] [TOO]     statusCode: 0[0m
[0;32m[1784655113.343] [7127:7129] [TOO]     fabricIndex: 1[0m
[0;32m[1784655113.343] [7127:7129] [TOO]    }[0m
[0;34m[1784655113.343] [7127:7129] [DMG] ICR moving to [AwaitingDe][0m
[0;32m[1784655113.343] [7127:7129] [EM] <<< [E:62943i S:48349 M:172579106 (Ack:252156002)] (S) Msg TX from 000000000001B669 to 1:0000000000000001 [75AD] [UDP:[fe80::bfe:a203:38f0:bce7%enp0s3]:5540] --- Type 0000:10 (SecureChannel:StandaloneAck) (B:34)[0m
[0;34m[1784655113.343] [7127:7129] [EM] Flushed pending ack for MessageCounter:252156002 on exchange 62943i[0m
[0;34m[1784655113.343] [7127:7127] [CTL] Shutting down the commissioner[0m
[0;32m[1784655113.343] [7127:7127] [PAF] WiFiPAF: Closing all WiFiPAF sessions to shutdown[0m
[0;34m[1784655113.343] [7127:7127] [CTL] Shutting down the controller[0m
[0;34m[1784655113.343] [7127:7127] [IN] Expiring all sessions for fabric 0x1!![0m
[0;34m[1784655113.343] [7127:7127] [IN] SecureSession[0x73666c009cd0]: MarkForEviction Type:2 LSID:48349[0m
[0;32m[1784655113.343] [7127:7127] [SC] SecureSession[0x73666c009cd0, LSID:48349]: State change 'kActive' --> 'kPendingEviction'[0m
[0;34m[1784655113.343] [7127:7127] [IN] SecureSession[0x73666c009cd0]: Released - Type:2 LSID:48349[0m
[0;32m[1784655113.343] [7127:7127] [FP] Forgetting fabric 0x1[0m
[0;32m[1784655113.343] [7127:7127] [TS] Pending Last Known Good Time: 2023-10-14T01:16:48[0m
[0;32m[1784655113.343] [7127:7127] [TS] Previous Last Known Good Time: 2023-10-14T01:16:48[0m
[0;32m[1784655113.343] [7127:7127] [TS] Reverted Last Known Good Time to previous value[0m
[0;34m[1784655113.343] [7127:7127] [CTL] Shutting down the commissioner[0m
[0;32m[1784655113.343] [7127:7127] [PAF] WiFiPAF: Closing all WiFiPAF sessions to shutdown[0m
[0;34m[1784655113.343] [7127:7127] [CTL] Shutting down the controller[0m
[0;34m[1784655113.343] [7127:7127] [CTL] Shutting down the System State, this will teardown the CHIP Stack[0m
[0;34m[1784655113.343] [7127:7127] [DMG] All ReadHandler-s are clean, clear GlobalDirtySet[0m
[0;32m[1784655113.343] [7127:7127] [FP] Shutting down FabricTable[0m
[0;32m[1784655113.343] [7127:7127] [TS] Pending Last Known Good Time: 2023-10-14T01:16:48[0m
[0;32m[1784655113.343] [7127:7127] [TS] Previous Last Known Good Time: 2023-10-14T01:16:48[0m
[0;32m[1784655113.343] [7127:7127] [TS] Reverted Last Known Good Time to previous value[0m
[0;34m[1784655113.346] [7127:7127] [DL] Wrote settings to /tmp/chip_counters.ini[0m
[0;32m[1784655113.346] [7127:7127] [DL] NVS set: chip-counters/total-operational-hours = 0 (0x0)[0m
[0;32m[1784655113.346] [7127:7127] [DL] Inet Layer shutdown[0m
[0;32m[1784655113.346] [7127:7127] [DL] BLE Layer shutdown[0m
[0;32m[1784655113.346] [7127:7127] [DL] WiFi-PAF Layer shutdown[0m
[0;32m[1784655113.346] [7127:7127] [PAF] WiFiPAF: Closing all WiFiPAF sessions to shutdown[0m
[0;32m[1784655113.346] [7127:7127] [DL] System Layer shutdown[0m
