[0;34m[1784838071.659] [22236:22236] [DL] ChipLinuxStorage::Init: Using KVS config file: /tmp/chip_tool_kvs[0m
[1;31m[1784838071.660] [22236:22236] [DL] ChipLinuxStorage::Init: Attempt to re-initialize with KVS config file: /tmp/chip_kvs, IGNORING.[0m
[0;34m[1784838071.661] [22236:22236] [DL] ChipLinuxStorage::Init: Using KVS config file: /tmp/chip_factory.ini[0m
[0;34m[1784838071.661] [22236:22236] [DL] ChipLinuxStorage::Init: Using KVS config file: /tmp/chip_config.ini[0m
[0;34m[1784838071.661] [22236:22236] [DL] ChipLinuxStorage::Init: Using KVS config file: /tmp/chip_counters.ini[0m
[0;34m[1784838071.664] [22236:22236] [DL] Wrote settings to /tmp/chip_counters.ini[0m
[0;32m[1784838071.664] [22236:22236] [DL] NVS set: chip-counters/reboot-count = 3 (0x3)[0m
[0;32m[1784838071.664] [22236:22236] [DL] Got Ethernet interface: enp0s3[0m
[0;32m[1784838071.664] [22236:22236] [DL] Found the primary Ethernet interface:enp0s3[0m
[1;31m[1784838071.664] [22236:22236] [DL] Failed to get WiFi interface[0m
[1;31m[1784838071.664] [22236:22236] [DL] Failed to reset WiFi statistic counts[0m
[0;32m[1784838071.664] [22236:22236] [PAF] WiFiPAF: WiFiPAFLayer::Init()[0m
[0;34m[1784838071.664] [22236:22236] [IN] UDP::Init bind&listen port=0[0m
[0;34m[1784838071.664] [22236:22236] [IN] UDP::Init bound to port=58119[0m
[0;34m[1784838071.664] [22236:22236] [IN] UDP::Init bind&listen port=0[0m
[0;34m[1784838071.664] [22236:22236] [IN] UDP::Init bound to port=42171[0m
[0;34m[1784838071.664] [22236:22236] [IN] BLEBase::Init - setting/overriding transport[0m
[0;34m[1784838071.664] [22236:22236] [IN] WiFiPAFBase::Init - setting/overriding transport[0m
[0;34m[1784838071.664] [22236:22236] [IN] TransportMgr initialized[0m
[0;34m[1784838071.664] [22236:22236] [FP] Initializing FabricTable from persistent storage[0m
[0;32m[1784838071.664] [22236:22236] [TS] Last Known Good Time: 2023-10-14T01:16:48[0m
[0;32m[1784838071.665] [22236:22236] [FP] Fabric index 0x1 was retrieved from storage. Compressed FabricId 0xCA5FFBAE8F80C4CF, FabricId 0x0000000000000001, NodeId 0x000000000001B669, VendorId 0xFFF1[0m
[0;32m[1784838071.665] [22236:22236] [DMG] Ember attribute persistence requires setting up[0m
[0;32m[1784838071.665] [22236:22236] [ZCL] Using ZAP configuration...[0m
[0;34m[1784838071.666] [22236:22236] [CTL] System State Initialized...[0m
[0;32m[1784838071.666] [22236:22236] [CTL] Setting attestation nonce to random value[0m
[0;32m[1784838071.666] [22236:22236] [CTL] Setting CSR nonce to random value[0m
[0;34m[1784838071.666] [22236:22238] [DL] CHIP task running[0m
[0;32m[1784838071.666] [22236:22238] [CTL] Setting attestation nonce to random value[0m
[0;32m[1784838071.666] [22236:22238] [CTL] Setting CSR nonce to random value[0m
[0;32m[1784838071.666] [22236:22238] [CTL] Generating NOC[0m
[0;32m[1784838071.666] [22236:22238] [FP] Validating NOC chain[0m
[0;32m[1784838071.667] [22236:22238] [FP] NOC chain validation successful[0m
[0;32m[1784838071.667] [22236:22238] [FP] Updated fabric at index: 0x1, Node ID: 0x000000000001B669[0m
[0;32m[1784838071.667] [22236:22238] [TS] Last Known Good Time: 2023-10-14T01:16:48[0m
[0;32m[1784838071.667] [22236:22238] [TS] New proposed Last Known Good Time: 2021-01-01T00:00:00[0m
[0;32m[1784838071.667] [22236:22238] [TS] Retaining current Last Known Good Time[0m
[0;32m[1784838071.669] [22236:22238] [FP] Metadata for Fabric 0x1 persisted to storage.[0m
[0;32m[1784838071.670] [22236:22238] [TS] Committing Last Known Good Time to storage: 2023-10-14T01:16:48[0m
[0;32m[1784838071.670] [22236:22238] [CTL] Joined the fabric at index 1. Fabric ID is 0x0000000000000001 (Compressed Fabric ID: CA5FFBAE8F80C4CF)[0m
[0;32m[1784838071.675] [22236:22238] [TOO] Sending command to node 0x1[0m
[0;34m[1784838071.675] [22236:22238] [CSM] FindOrEstablishSession: PeerId = [1:0000000000000001][0m
[0;34m[1784838071.675] [22236:22238] [CSM] FindOrEstablishSession: No existing OperationalSessionSetup instance found[0m
[0;34m[1784838071.675] [22236:22238] [DIS] OperationalSessionSetup[1:0000000000000001]: State change 1 --> 2[0m
[0;32m[1784838071.676] [22236:22238] [DIS] Lookup started for CA5FFBAE8F80C4CF-0000000000000001[0m
[0;32m[1784838071.676] [22236:22238] [DIS] UDP:[fe80::bfe:a203:38f0:bce7%enp0s3]:5540: new best score: 7 (for CA5FFBAE8F80C4CF-0000000000000001)[0m
[0;34m[1784838071.676] [22236:22238] [DIS] Lookup clearing interface for non LL address[0m
[0;32m[1784838071.676] [22236:22238] [DIS] UDP:10.0.2.15%enp0s3:5540: new best score: 2 (for CA5FFBAE8F80C4CF-0000000000000001)[0m
[0;32m[1784838071.676] [22236:22238] [DIS] Checking node lookup status for CA5FFBAE8F80C4CF-0000000000000001 after 1 ms[0m
[0;32m[1784838071.676] [22236:22238] [DIS] Keeping DNSSD lookup active[0m
[0;32m[1784838071.677] [22236:22238] [DIS] UDP:[fe80::bfe:a203:38f0:bce7%enp0s3]:5540: score has not improved: 7 (for CA5FFBAE8F80C4CF-0000000000000001)[0m
[0;34m[1784838071.677] [22236:22238] [DIS] Lookup clearing interface for non LL address[0m
[0;32m[1784838071.677] [22236:22238] [DIS] UDP:10.0.2.15%enp0s3:5540: score has not improved: 2 (for CA5FFBAE8F80C4CF-0000000000000001)[0m
[0;32m[1784838071.677] [22236:22238] [DIS] Checking node lookup status for CA5FFBAE8F80C4CF-0000000000000001 after 1 ms[0m
[0;32m[1784838071.677] [22236:22238] [DIS] Keeping DNSSD lookup active[0m
[0;32m[1784838071.876] [22236:22238] [DIS] Checking node lookup status for CA5FFBAE8F80C4CF-0000000000000001 after 201 ms[0m
[0;34m[1784838071.876] [22236:22238] [DIS] OperationalSessionSetup[1:0000000000000001]: Updating device address to UDP:[fe80::bfe:a203:38f0:bce7%enp0s3]:5540 while in state 2[0m
[0;34m[1784838071.876] [22236:22238] [DIS] OperationalSessionSetup[1:0000000000000001]: State change 2 --> 3[0m
[0;34m[1784838071.876] [22236:22238] [IN] SecureSession[0x70ae3c009cd0]: Allocated Type:2 LSID:40315[0m
[0;32m[1784838071.876] [22236:22238] [SC] Initiating session on local FabricIndex 1 from 0x000000000001B669 -> 0x0000000000000001[0m
[0;32m[1784838071.877] [22236:22238] [EM] <<< [E:48420i S:0 M:263778649] (U) Msg TX from 2827A0B21A8D9BC1 to 0:0000000000000000 [0000] [UDP:[fe80::bfe:a203:38f0:bce7%enp0s3]:5540] --- Type 0000:30 (SecureChannel:CASE_Sigma1) (B:196)[0m
[0;32m[1784838071.877] [22236:22238] [EM] ??1 [E:48420i S:0 M:263778649] (U) Msg Retransmission to 0:0000000000000000 scheduled for 655ms from now [State:Idle II:500 AI:300 AT:4000][0m
[0;32m[1784838071.877] [22236:22238] [SC] Sent Sigma1 msg to <0000000000000001, 1> [II:500ms AI:300ms AT:4000ms][0m
[0;34m[1784838071.877] [22236:22238] [DIS] OperationalSessionSetup[1:0000000000000001]: State change 3 --> 4[0m
[0;32m[1784838071.877] [22236:22238] [EM] >>> [E:48420i S:0 M:243812103 (Ack:263778649)] (U) Msg RX from 0:0000000000000000 [0000] to 2827A0B21A8D9BC1 --- Type 0000:31 (SecureChannel:CASE_Sigma2) (B:751)[0m
[0;34m[1784838071.877] [22236:22238] [EM] Found matching exchange: 48420i, Delegate: 0x70ae3c00b8e8[0m
[0;34m[1784838071.877] [22236:22238] [EM] Rxd Ack; Removing MessageCounter:263778649 from Retrans Table on exchange 48420i[0m
[0;32m[1784838071.877] [22236:22238] [SC] Received Sigma2 msg[0m
[0;34m[1784838071.877] [22236:22238] [SC] Found MRP parameters in the message[0m
[0;34m[1784838071.878] [22236:22238] [SC] Peer <0000000000000001, 1> assigned session ID 50911[0m
[0;34m[1784838071.878] [22236:22238] [SC] Sending Sigma3[0m
[0;32m[1784838071.878] [22236:22238] [EM] <<< [E:48420i S:0 M:263778650 (Ack:243812103)] (U) Msg TX from 2827A0B21A8D9BC1 to 0:0000000000000000 [0000] [UDP:[fe80::bfe:a203:38f0:bce7%enp0s3]:5540] --- Type 0000:32 (SecureChannel:CASE_Sigma3) (B:598)[0m
[0;32m[1784838071.878] [22236:22238] [EM] ??1 [E:48420i S:0 M:263778650] (U) Msg Retransmission to 0:0000000000000000 scheduled for 382ms from now [State:Active II:500 AI:300 AT:4000][0m
[0;32m[1784838071.878] [22236:22238] [SC] Sent Sigma3 msg[0m
[0;32m[1784838071.887] [22236:22238] [EM] >>> [E:48420i S:0 M:243812104 (Ack:263778650)] (U) Msg RX from 0:0000000000000000 [0000] to 2827A0B21A8D9BC1 --- Type 0000:40 (SecureChannel:StatusReport) (B:34)[0m
[0;34m[1784838071.887] [22236:22238] [EM] Found matching exchange: 48420i, Delegate: 0x70ae3c00b8e8[0m
[0;34m[1784838071.887] [22236:22238] [EM] Rxd Ack; Removing MessageCounter:263778650 from Retrans Table on exchange 48420i[0m
[0;32m[1784838071.887] [22236:22238] [SC] Success status report received. Session was established[0m
[0;32m[1784838071.887] [22236:22238] [SC] SecureSession[0x70ae3c009cd0, LSID:40315]: State change 'kEstablishing' --> 'kActive'[0m
[0;34m[1784838071.887] [22236:22238] [IN] SecureSession[0x70ae3c009cd0]: Activated - Type:2 LSID:40315[0m
[0;34m[1784838071.887] [22236:22238] [IN] New secure session activated for device <0000000000000001, 1>, LSID:40315 PSID:50911![0m
[0;34m[1784838071.888] [22236:22238] [DIS] OperationalSessionSetup[1:0000000000000001]: State change 4 --> 5[0m
[0;32m[1784838071.888] [22236:22238] [TOO] Sending ReadAttribute to:[0m
[0;32m[1784838071.888] [22236:22238] [TOO] 	cluster 0x0000_0038, attribute: 0x0000_0000, endpoint 0[0m
[0;34m[1784838071.888] [22236:22238] [DMG] SendReadRequest ReadClient[0x70ae3c00eef0]: Sending Read Request[0m
[0;32m[1784838071.888] [22236:22238] [DMG] 0 data version filters provided, 0 not relevant, 0 encoded, 0 skipped due to lack of space[0m
[0;32m[1784838071.888] [22236:22238] [EM] <<< [E:48421i S:40315 M:105330725] (S) Msg TX from 000000000001B669 to 1:0000000000000001 [C4CF] [UDP:[fe80::bfe:a203:38f0:bce7%enp0s3]:5540] --- Type 0001:02 (IM:ReadRequest) (B:51)[0m
[0;32m[1784838071.888] [22236:22238] [EM] ??1 [E:48421i S:40315 M:105330725] (S) Msg Retransmission to 1:0000000000000001 scheduled for 381ms from now [State:Active II:500 AI:300 AT:4000][0m
[0;34m[1784838071.888] [22236:22238] [DMG] MoveToState ReadClient[0x70ae3c00eef0]: Moving to [AwaitingIn][0m
[0;32m[1784838071.888] [22236:22238] [EM] <<< [E:48420i S:0 M:263778651 (Ack:243812104)] (U) Msg TX from 2827A0B21A8D9BC1 to 0:0000000000000000 [0000] [UDP:[fe80::bfe:a203:38f0:bce7%enp0s3]:5540] --- Type 0000:10 (SecureChannel:StandaloneAck) (B:26)[0m
[0;34m[1784838071.888] [22236:22238] [EM] Flushed pending ack for MessageCounter:243812104 on exchange 48420i[0m
[0;32m[1784838071.888] [22236:22238] [EM] >>> [E:48421i S:40315 M:245110655 (Ack:105330725)] (S) Msg RX from 1:0000000000000001 [C4CF] to 000000000001B669 --- Type 0001:05 (IM:ReportData) (B:77)[0m
[0;34m[1784838071.888] [22236:22238] [EM] Found matching exchange: 48421i, Delegate: 0x70ae3c00ef00[0m
[0;34m[1784838071.888] [22236:22238] [EM] Rxd Ack; Removing MessageCounter:105330725 from Retrans Table on exchange 48421i[0m
[0;34m[1784838071.888] [22236:22238] [DMG] ReportDataMessage =[0m
[0;34m[1784838071.888] [22236:22238] [DMG] {[0m
[0;34m[1784838071.888] [22236:22238] [DMG] 	AttributeReportIBs =[0m
[0;34m[1784838071.888] [22236:22238] [DMG] 	[[0m
[0;34m[1784838071.888] [22236:22238] [DMG] 		AttributeReportIB =[0m
[0;34m[1784838071.888] [22236:22238] [DMG] 		{[0m
[0;34m[1784838071.888] [22236:22238] [DMG] 			AttributeDataIB =[0m
[0;34m[1784838071.888] [22236:22238] [DMG] 			{[0m
[0;34m[1784838071.888] [22236:22238] [DMG] 				DataVersion = 0x4028ffb6,[0m
[0;34m[1784838071.888] [22236:22238] [DMG] 				AttributePathIB =[0m
[0;34m[1784838071.888] [22236:22238] [DMG] 				{[0m
[0;34m[1784838071.888] [22236:22238] [DMG] 					Endpoint = 0x0,[0m
[0;34m[1784838071.888] [22236:22238] [DMG] 					Cluster = 0x38,[0m
[0;34m[1784838071.888] [22236:22238] [DMG] 					Attribute = 0x0000_0000,[0m
[0;34m[1784838071.888] [22236:22238] [DMG] 				}[0m
[0;34m[1784838071.888] [22236:22238] [DMG] 					[0m
[0;34m[1784838071.888] [22236:22238] [DMG] 				Data = 838153271888511 (unsigned), [0m
[0;34m[1784838071.888] [22236:22238] [DMG] 			},[0m
[0;34m[1784838071.888] [22236:22238] [DMG] 			[0m
[0;34m[1784838071.888] [22236:22238] [DMG] 		},[0m
[0;34m[1784838071.888] [22236:22238] [DMG] 		[0m
[0;34m[1784838071.888] [22236:22238] [DMG] 	],[0m
[0;34m[1784838071.888] [22236:22238] [DMG] 	[0m
[0;34m[1784838071.888] [22236:22238] [DMG] 	SuppressResponse = true, [0m
[0;34m[1784838071.888] [22236:22238] [DMG] 	InteractionModelRevision = 12[0m
[0;34m[1784838071.888] [22236:22238] [DMG] }[0m
[0;32m[1784838071.888] [22236:22238] [TOO] Endpoint: 0 Cluster: 0x0000_0038 Attribute 0x0000_0000 DataVersion: 1076428726[0m
[0;32m[1784838071.888] [22236:22238] [TOO]   UTCTime: 838153271888511[0m
[0;32m[1784838071.888] [22236:22238] [EM] <<< [E:48421i S:40315 M:105330726 (Ack:245110655)] (S) Msg TX from 000000000001B669 to 1:0000000000000001 [C4CF] [UDP:[fe80::bfe:a203:38f0:bce7%enp0s3]:5540] --- Type 0000:10 (SecureChannel:StandaloneAck) (B:34)[0m
[0;34m[1784838071.888] [22236:22238] [EM] Flushed pending ack for MessageCounter:245110655 on exchange 48421i[0m
[0;34m[1784838071.889] [22236:22236] [CTL] Shutting down the commissioner[0m
[0;32m[1784838071.889] [22236:22236] [PAF] WiFiPAF: Closing all WiFiPAF sessions to shutdown[0m
[0;34m[1784838071.889] [22236:22236] [CTL] Shutting down the controller[0m
[0;34m[1784838071.889] [22236:22236] [IN] Expiring all sessions for fabric 0x1!![0m
[0;34m[1784838071.889] [22236:22236] [IN] SecureSession[0x70ae3c009cd0]: MarkForEviction Type:2 LSID:40315[0m
[0;32m[1784838071.889] [22236:22236] [SC] SecureSession[0x70ae3c009cd0, LSID:40315]: State change 'kActive' --> 'kPendingEviction'[0m
[0;34m[1784838071.889] [22236:22236] [IN] SecureSession[0x70ae3c009cd0]: Released - Type:2 LSID:40315[0m
[0;32m[1784838071.889] [22236:22236] [FP] Forgetting fabric 0x1[0m
[0;32m[1784838071.889] [22236:22236] [TS] Pending Last Known Good Time: 2023-10-14T01:16:48[0m
[0;32m[1784838071.889] [22236:22236] [TS] Previous Last Known Good Time: 2023-10-14T01:16:48[0m
[0;32m[1784838071.889] [22236:22236] [TS] Reverted Last Known Good Time to previous value[0m
[0;34m[1784838071.889] [22236:22236] [CTL] Shutting down the commissioner[0m
[0;32m[1784838071.889] [22236:22236] [PAF] WiFiPAF: Closing all WiFiPAF sessions to shutdown[0m
[0;34m[1784838071.889] [22236:22236] [CTL] Shutting down the controller[0m
[0;34m[1784838071.889] [22236:22236] [CTL] Shutting down the System State, this will teardown the CHIP Stack[0m
[0;34m[1784838071.889] [22236:22236] [DMG] All ReadHandler-s are clean, clear GlobalDirtySet[0m
[0;32m[1784838071.889] [22236:22236] [FP] Shutting down FabricTable[0m
[0;32m[1784838071.889] [22236:22236] [TS] Pending Last Known Good Time: 2023-10-14T01:16:48[0m
[0;32m[1784838071.889] [22236:22236] [TS] Previous Last Known Good Time: 2023-10-14T01:16:48[0m
[0;32m[1784838071.889] [22236:22236] [TS] Reverted Last Known Good Time to previous value[0m
[0;34m[1784838071.891] [22236:22236] [DL] Wrote settings to /tmp/chip_counters.ini[0m
[0;32m[1784838071.891] [22236:22236] [DL] NVS set: chip-counters/total-operational-hours = 0 (0x0)[0m
[0;32m[1784838071.891] [22236:22236] [DL] Inet Layer shutdown[0m
[0;32m[1784838071.891] [22236:22236] [DL] BLE Layer shutdown[0m
[0;32m[1784838071.891] [22236:22236] [DL] WiFi-PAF Layer shutdown[0m
[0;32m[1784838071.891] [22236:22236] [PAF] WiFiPAF: Closing all WiFiPAF sessions to shutdown[0m
[0;32m[1784838071.891] [22236:22236] [DL] System Layer shutdown[0m
