[0;34m[1784834130.740] [13051:13051] [DL] ChipLinuxStorage::Init: Using KVS config file: /tmp/chip_tool_kvs[0m
[1;31m[1784834130.740] [13051:13051] [DL] ChipLinuxStorage::Init: Attempt to re-initialize with KVS config file: /tmp/chip_kvs, IGNORING.[0m
[0;34m[1784834130.741] [13051:13051] [DL] ChipLinuxStorage::Init: Using KVS config file: /tmp/chip_factory.ini[0m
[0;34m[1784834130.741] [13051:13051] [DL] ChipLinuxStorage::Init: Using KVS config file: /tmp/chip_config.ini[0m
[0;34m[1784834130.741] [13051:13051] [DL] ChipLinuxStorage::Init: Using KVS config file: /tmp/chip_counters.ini[0m
[0;34m[1784834130.744] [13051:13051] [DL] Wrote settings to /tmp/chip_counters.ini[0m
[0;32m[1784834130.744] [13051:13051] [DL] NVS set: chip-counters/reboot-count = 3 (0x3)[0m
[0;32m[1784834130.745] [13051:13051] [DL] Got Ethernet interface: enp0s3[0m
[0;32m[1784834130.745] [13051:13051] [DL] Found the primary Ethernet interface:enp0s3[0m
[1;31m[1784834130.745] [13051:13051] [DL] Failed to get WiFi interface[0m
[1;31m[1784834130.745] [13051:13051] [DL] Failed to reset WiFi statistic counts[0m
[0;32m[1784834130.745] [13051:13051] [PAF] WiFiPAF: WiFiPAFLayer::Init()[0m
[0;34m[1784834130.745] [13051:13051] [IN] UDP::Init bind&listen port=0[0m
[0;34m[1784834130.745] [13051:13051] [IN] UDP::Init bound to port=42672[0m
[0;34m[1784834130.745] [13051:13051] [IN] UDP::Init bind&listen port=0[0m
[0;34m[1784834130.745] [13051:13051] [IN] UDP::Init bound to port=44135[0m
[0;34m[1784834130.745] [13051:13051] [IN] BLEBase::Init - setting/overriding transport[0m
[0;34m[1784834130.745] [13051:13051] [IN] WiFiPAFBase::Init - setting/overriding transport[0m
[0;34m[1784834130.745] [13051:13051] [IN] TransportMgr initialized[0m
[0;34m[1784834130.745] [13051:13051] [FP] Initializing FabricTable from persistent storage[0m
[0;32m[1784834130.745] [13051:13051] [TS] Last Known Good Time: 2023-10-14T01:16:48[0m
[0;32m[1784834130.745] [13051:13051] [FP] Fabric index 0x1 was retrieved from storage. Compressed FabricId 0xF1DD7145A47BFF77, FabricId 0x0000000000000001, NodeId 0x000000000001B669, VendorId 0xFFF1[0m
[0;32m[1784834130.748] [13051:13051] [DMG] Ember attribute persistence requires setting up[0m
[0;32m[1784834130.748] [13051:13051] [ZCL] Using ZAP configuration...[0m
[0;34m[1784834130.748] [13051:13051] [CTL] System State Initialized...[0m
[0;32m[1784834130.748] [13051:13051] [CTL] Setting attestation nonce to random value[0m
[0;32m[1784834130.748] [13051:13051] [CTL] Setting CSR nonce to random value[0m
[0;34m[1784834130.748] [13051:13053] [DL] CHIP task running[0m
[0;32m[1784834130.748] [13051:13053] [CTL] Setting attestation nonce to random value[0m
[0;32m[1784834130.748] [13051:13053] [CTL] Setting CSR nonce to random value[0m
[0;32m[1784834130.749] [13051:13053] [CTL] Generating NOC[0m
[0;32m[1784834130.749] [13051:13053] [FP] Validating NOC chain[0m
[0;32m[1784834130.749] [13051:13053] [FP] NOC chain validation successful[0m
[0;32m[1784834130.749] [13051:13053] [FP] Updated fabric at index: 0x1, Node ID: 0x000000000001B669[0m
[0;32m[1784834130.749] [13051:13053] [TS] Last Known Good Time: 2023-10-14T01:16:48[0m
[0;32m[1784834130.749] [13051:13053] [TS] New proposed Last Known Good Time: 2021-01-01T00:00:00[0m
[0;32m[1784834130.749] [13051:13053] [TS] Retaining current Last Known Good Time[0m
[0;32m[1784834130.752] [13051:13053] [FP] Metadata for Fabric 0x1 persisted to storage.[0m
[0;32m[1784834130.753] [13051:13053] [TS] Committing Last Known Good Time to storage: 2023-10-14T01:16:48[0m
[0;32m[1784834130.754] [13051:13053] [CTL] Joined the fabric at index 1. Fabric ID is 0x0000000000000001 (Compressed Fabric ID: F1DD7145A47BFF77)[0m
[0;32m[1784834130.760] [13051:13053] [TOO] Sending command to node 0x1[0m
[0;34m[1784834130.760] [13051:13053] [CSM] FindOrEstablishSession: PeerId = [1:0000000000000001][0m
[0;34m[1784834130.760] [13051:13053] [CSM] FindOrEstablishSession: No existing OperationalSessionSetup instance found[0m
[0;34m[1784834130.760] [13051:13053] [DIS] OperationalSessionSetup[1:0000000000000001]: State change 1 --> 2[0m
[0;32m[1784834130.760] [13051:13053] [DIS] Lookup started for F1DD7145A47BFF77-0000000000000001[0m
[0;32m[1784834130.760] [13051:13053] [DIS] UDP:[fe80::bfe:a203:38f0:bce7%enp0s3]:5540: new best score: 7 (for F1DD7145A47BFF77-0000000000000001)[0m
[0;34m[1784834130.760] [13051:13053] [DIS] Lookup clearing interface for non LL address[0m
[0;32m[1784834130.760] [13051:13053] [DIS] UDP:10.0.2.15%enp0s3:5540: new best score: 2 (for F1DD7145A47BFF77-0000000000000001)[0m
[0;32m[1784834130.760] [13051:13053] [DIS] Checking node lookup status for F1DD7145A47BFF77-0000000000000001 after 1 ms[0m
[0;32m[1784834130.760] [13051:13053] [DIS] Keeping DNSSD lookup active[0m
[0;32m[1784834130.760] [13051:13053] [DIS] UDP:[fe80::bfe:a203:38f0:bce7%enp0s3]:5540: score has not improved: 7 (for F1DD7145A47BFF77-0000000000000001)[0m
[0;34m[1784834130.760] [13051:13053] [DIS] Lookup clearing interface for non LL address[0m
[0;32m[1784834130.760] [13051:13053] [DIS] UDP:10.0.2.15%enp0s3:5540: score has not improved: 2 (for F1DD7145A47BFF77-0000000000000001)[0m
[0;32m[1784834130.760] [13051:13053] [DIS] Checking node lookup status for F1DD7145A47BFF77-0000000000000001 after 1 ms[0m
[0;32m[1784834130.760] [13051:13053] [DIS] Keeping DNSSD lookup active[0m
[0;32m[1784834130.966] [13051:13053] [DIS] Checking node lookup status for F1DD7145A47BFF77-0000000000000001 after 207 ms[0m
[0;34m[1784834130.966] [13051:13053] [DIS] OperationalSessionSetup[1:0000000000000001]: Updating device address to UDP:[fe80::bfe:a203:38f0:bce7%enp0s3]:5540 while in state 2[0m
[0;34m[1784834130.966] [13051:13053] [DIS] OperationalSessionSetup[1:0000000000000001]: State change 2 --> 3[0m
[0;34m[1784834130.966] [13051:13053] [IN] SecureSession[0x799ae0009cd0]: Allocated Type:2 LSID:48686[0m
[0;32m[1784834130.966] [13051:13053] [SC] Initiating session on local FabricIndex 1 from 0x000000000001B669 -> 0x0000000000000001[0m
[0;32m[1784834130.969] [13051:13053] [EM] <<< [E:58759i S:0 M:17503714] (U) Msg TX from F7762D0DCA7BDCBB to 0:0000000000000000 [0000] [UDP:[fe80::bfe:a203:38f0:bce7%enp0s3]:5540] --- Type 0000:30 (SecureChannel:CASE_Sigma1) (B:196)[0m
[0;32m[1784834130.970] [13051:13053] [EM] ??1 [E:58759i S:0 M:17503714] (U) Msg Retransmission to 0:0000000000000000 scheduled for 628ms from now [State:Idle II:500 AI:300 AT:4000][0m
[0;32m[1784834130.970] [13051:13053] [SC] Sent Sigma1 msg to <0000000000000001, 1> [II:500ms AI:300ms AT:4000ms][0m
[0;34m[1784834130.970] [13051:13053] [DIS] OperationalSessionSetup[1:0000000000000001]: State change 3 --> 4[0m
[0;32m[1784834130.973] [13051:13053] [EM] >>> [E:58759i S:0 M:227006979 (Ack:17503714)] (U) Msg RX from 0:0000000000000000 [0000] to F7762D0DCA7BDCBB --- Type 0000:31 (SecureChannel:CASE_Sigma2) (B:751)[0m
[0;34m[1784834130.973] [13051:13053] [EM] Found matching exchange: 58759i, Delegate: 0x799ae000b8e8[0m
[0;34m[1784834130.973] [13051:13053] [EM] Rxd Ack; Removing MessageCounter:17503714 from Retrans Table on exchange 58759i[0m
[0;32m[1784834130.973] [13051:13053] [SC] Received Sigma2 msg[0m
[0;34m[1784834130.973] [13051:13053] [SC] Found MRP parameters in the message[0m
[0;34m[1784834130.975] [13051:13053] [SC] Peer <0000000000000001, 1> assigned session ID 38022[0m
[0;34m[1784834130.975] [13051:13053] [SC] Sending Sigma3[0m
[0;32m[1784834130.975] [13051:13053] [EM] <<< [E:58759i S:0 M:17503715 (Ack:227006979)] (U) Msg TX from F7762D0DCA7BDCBB to 0:0000000000000000 [0000] [UDP:[fe80::bfe:a203:38f0:bce7%enp0s3]:5540] --- Type 0000:32 (SecureChannel:CASE_Sigma3) (B:598)[0m
[0;32m[1784834130.975] [13051:13053] [EM] ??1 [E:58759i S:0 M:17503715] (U) Msg Retransmission to 0:0000000000000000 scheduled for 388ms from now [State:Active II:500 AI:300 AT:4000][0m
[0;32m[1784834130.975] [13051:13053] [SC] Sent Sigma3 msg[0m
[0;32m[1784834130.985] [13051:13053] [EM] >>> [E:58759i S:0 M:227006980 (Ack:17503715)] (U) Msg RX from 0:0000000000000000 [0000] to F7762D0DCA7BDCBB --- Type 0000:40 (SecureChannel:StatusReport) (B:34)[0m
[0;34m[1784834130.985] [13051:13053] [EM] Found matching exchange: 58759i, Delegate: 0x799ae000b8e8[0m
[0;34m[1784834130.985] [13051:13053] [EM] Rxd Ack; Removing MessageCounter:17503715 from Retrans Table on exchange 58759i[0m
[0;32m[1784834130.985] [13051:13053] [SC] Success status report received. Session was established[0m
[0;32m[1784834130.987] [13051:13053] [SC] SecureSession[0x799ae0009cd0, LSID:48686]: State change 'kEstablishing' --> 'kActive'[0m
[0;34m[1784834130.987] [13051:13053] [IN] SecureSession[0x799ae0009cd0]: Activated - Type:2 LSID:48686[0m
[0;34m[1784834130.987] [13051:13053] [IN] New secure session activated for device <0000000000000001, 1>, LSID:48686 PSID:38022![0m
[0;34m[1784834130.987] [13051:13053] [DIS] OperationalSessionSetup[1:0000000000000001]: State change 4 --> 5[0m
[0;32m[1784834130.987] [13051:13053] [TOO] Sending cluster (0x00000038) command (0x00000000) on endpoint 0[0m
[0;34m[1784834130.987] [13051:13053] [DMG] ICR moving to [AddingComm][0m
[0;34m[1784834130.987] [13051:13053] [DMG] ICR moving to [AddedComma][0m
[0;32m[1784834130.987] [13051:13053] [EM] <<< [E:58760i S:48686 M:121583857] (S) Msg TX from 000000000001B669 to 1:0000000000000001 [FF77] [UDP:[fe80::bfe:a203:38f0:bce7%enp0s3]:5540] --- Type 0001:08 (IM:InvokeCommandRequest) (B:72)[0m
[0;32m[1784834130.987] [13051:13053] [EM] ??1 [E:58760i S:48686 M:121583857] (S) Msg Retransmission to 1:0000000000000001 scheduled for 350ms from now [State:Active II:500 AI:300 AT:4000][0m
[0;34m[1784834130.987] [13051:13053] [DMG] ICR moving to [AwaitingRe][0m
[0;32m[1784834130.987] [13051:13053] [EM] <<< [E:58759i S:0 M:17503716 (Ack:227006980)] (U) Msg TX from F7762D0DCA7BDCBB to 0:0000000000000000 [0000] [UDP:[fe80::bfe:a203:38f0:bce7%enp0s3]:5540] --- Type 0000:10 (SecureChannel:StandaloneAck) (B:26)[0m
[0;34m[1784834130.987] [13051:13053] [EM] Flushed pending ack for MessageCounter:227006980 on exchange 58759i[0m
[0;32m[2524608000.000] [13051:13053] [EM] >>> [E:58760i S:48686 M:129200113 (Ack:121583857)] (S) Msg RX from 1:0000000000000001 [FF77] to 000000000001B669 --- Type 0001:09 (IM:InvokeCommandResponse) (B:67)[0m
[0;34m[2524608000.000] [13051:13053] [EM] Found matching exchange: 58760i, Delegate: 0x799ae000eef8[0m
[0;34m[2524608000.000] [13051:13053] [EM] Rxd Ack; Removing MessageCounter:121583857 from Retrans Table on exchange 58760i[0m
[0;34m[2524608000.000] [13051:13053] [DMG] ICR moving to [ResponseRe][0m
[0;34m[2524608000.000] [13051:13053] [DMG] InvokeResponseMessage =[0m
[0;34m[2524608000.000] [13051:13053] [DMG] {[0m
[0;34m[2524608000.000] [13051:13053] [DMG] 	suppressResponse = false, [0m
[0;34m[2524608000.000] [13051:13053] [DMG] 	InvokeResponseIBs =[0m
[0;34m[2524608000.000] [13051:13053] [DMG] 	[[0m
[0;34m[2524608000.000] [13051:13053] [DMG] 		InvokeResponseIB =[0m
[0;34m[2524608000.000] [13051:13053] [DMG] 		{[0m
[0;34m[2524608000.000] [13051:13053] [DMG] 			CommandStatusIB =[0m
[0;34m[2524608000.000] [13051:13053] [DMG] 			{[0m
[0;34m[2524608000.000] [13051:13053] [DMG] 				CommandPathIB =[0m
[0;34m[2524608000.000] [13051:13053] [DMG] 				{[0m
[0;34m[2524608000.000] [13051:13053] [DMG] 					EndpointId = 0x0,[0m
[0;34m[2524608000.000] [13051:13053] [DMG] 					ClusterId = 0x38,[0m
[0;34m[2524608000.000] [13051:13053] [DMG] 					CommandId = 0x0,[0m
[0;34m[2524608000.000] [13051:13053] [DMG] 				},[0m
[0;34m[2524608000.000] [13051:13053] [DMG] 				[0m
[0;34m[2524608000.000] [13051:13053] [DMG] 				StatusIB =[0m
[0;34m[2524608000.000] [13051:13053] [DMG] 				{[0m
[0;34m[2524608000.000] [13051:13053] [DMG] 					status = 0x00 (SUCCESS),[0m
[0;34m[2524608000.000] [13051:13053] [DMG] 				},[0m
[0;34m[2524608000.000] [13051:13053] [DMG] 				[0m
[0;34m[2524608000.000] [13051:13053] [DMG] 			},[0m
[0;34m[2524608000.000] [13051:13053] [DMG] 			[0m
[0;34m[2524608000.000] [13051:13053] [DMG] 		},[0m
[0;34m[2524608000.000] [13051:13053] [DMG] 		[0m
[0;34m[2524608000.000] [13051:13053] [DMG] 	],[0m
[0;34m[2524608000.000] [13051:13053] [DMG] 	[0m
[0;34m[2524608000.000] [13051:13053] [DMG] 	InteractionModelRevision = 12[0m
[0;34m[2524608000.000] [13051:13053] [DMG] },[0m
[0;32m[2524608000.000] [13051:13053] [DMG] Received Command Response Status for Endpoint=0 Cluster=0x0000_0038 Command=0x0000_0000 Status=0x0[0m
[0;34m[2524608000.000] [13051:13053] [DMG] ICR moving to [AwaitingDe][0m
[0;32m[2524608000.000] [13051:13053] [EM] <<< [E:58760i S:48686 M:121583858 (Ack:129200113)] (S) Msg TX from 000000000001B669 to 1:0000000000000001 [FF77] [UDP:[fe80::bfe:a203:38f0:bce7%enp0s3]:5540] --- Type 0000:10 (SecureChannel:StandaloneAck) (B:34)[0m
[0;34m[2524608000.000] [13051:13053] [EM] Flushed pending ack for MessageCounter:129200113 on exchange 58760i[0m
[0;34m[2524608000.000] [13051:13051] [CTL] Shutting down the commissioner[0m
[0;32m[2524608000.000] [13051:13051] [PAF] WiFiPAF: Closing all WiFiPAF sessions to shutdown[0m
[0;34m[2524608000.000] [13051:13051] [CTL] Shutting down the controller[0m
[0;34m[2524608000.000] [13051:13051] [IN] Expiring all sessions for fabric 0x1!![0m
[0;34m[2524608000.000] [13051:13051] [IN] SecureSession[0x799ae0009cd0]: MarkForEviction Type:2 LSID:48686[0m
[0;32m[2524608000.000] [13051:13051] [SC] SecureSession[0x799ae0009cd0, LSID:48686]: State change 'kActive' --> 'kPendingEviction'[0m
[0;34m[2524608000.000] [13051:13051] [IN] SecureSession[0x799ae0009cd0]: Released - Type:2 LSID:48686[0m
[0;32m[2524608000.000] [13051:13051] [FP] Forgetting fabric 0x1[0m
[0;32m[2524608000.000] [13051:13051] [TS] Pending Last Known Good Time: 2023-10-14T01:16:48[0m
[0;32m[2524608000.000] [13051:13051] [TS] Previous Last Known Good Time: 2023-10-14T01:16:48[0m
[0;32m[2524608000.000] [13051:13051] [TS] Reverted Last Known Good Time to previous value[0m
[0;34m[2524608000.000] [13051:13051] [CTL] Shutting down the commissioner[0m
[0;32m[2524608000.000] [13051:13051] [PAF] WiFiPAF: Closing all WiFiPAF sessions to shutdown[0m
[0;34m[2524608000.000] [13051:13051] [CTL] Shutting down the controller[0m
[0;34m[2524608000.000] [13051:13051] [CTL] Shutting down the System State, this will teardown the CHIP Stack[0m
[0;34m[2524608000.000] [13051:13051] [DMG] All ReadHandler-s are clean, clear GlobalDirtySet[0m
[0;32m[2524608000.000] [13051:13051] [FP] Shutting down FabricTable[0m
[0;32m[2524608000.000] [13051:13051] [TS] Pending Last Known Good Time: 2023-10-14T01:16:48[0m
[0;32m[2524608000.001] [13051:13051] [TS] Previous Last Known Good Time: 2023-10-14T01:16:48[0m
[0;32m[2524608000.001] [13051:13051] [TS] Reverted Last Known Good Time to previous value[0m
[0;34m[2524608000.004] [13051:13051] [DL] Wrote settings to /tmp/chip_counters.ini[0m
[0;32m[2524608000.004] [13051:13051] [DL] NVS set: chip-counters/total-operational-hours = 0 (0x0)[0m
[0;32m[2524608000.004] [13051:13051] [DL] Inet Layer shutdown[0m
[0;32m[2524608000.004] [13051:13051] [DL] BLE Layer shutdown[0m
[0;32m[2524608000.004] [13051:13051] [DL] WiFi-PAF Layer shutdown[0m
[0;32m[2524608000.004] [13051:13051] [PAF] WiFiPAF: Closing all WiFiPAF sessions to shutdown[0m
[0;32m[2524608000.004] [13051:13051] [DL] System Layer shutdown[0m
