[0;34m[1784655686.845] [8928:8928] [DL] ChipLinuxStorage::Init: Using KVS config file: /tmp/chip_tool_kvs[0m
[1;31m[1784655686.846] [8928:8928] [DL] ChipLinuxStorage::Init: Attempt to re-initialize with KVS config file: /tmp/chip_kvs, IGNORING.[0m
[0;34m[1784655686.847] [8928:8928] [DL] ChipLinuxStorage::Init: Using KVS config file: /tmp/chip_factory.ini[0m
[0;34m[1784655686.847] [8928:8928] [DL] ChipLinuxStorage::Init: Using KVS config file: /tmp/chip_config.ini[0m
[0;34m[1784655686.847] [8928:8928] [DL] ChipLinuxStorage::Init: Using KVS config file: /tmp/chip_counters.ini[0m
[0;34m[1784655686.849] [8928:8928] [DL] Wrote settings to /tmp/chip_counters.ini[0m
[0;32m[1784655686.850] [8928:8928] [DL] NVS set: chip-counters/reboot-count = 4 (0x4)[0m
[0;32m[1784655686.850] [8928:8928] [DL] Got Ethernet interface: enp0s3[0m
[0;32m[1784655686.850] [8928:8928] [DL] Found the primary Ethernet interface:enp0s3[0m
[1;31m[1784655686.850] [8928:8928] [DL] Failed to get WiFi interface[0m
[1;31m[1784655686.850] [8928:8928] [DL] Failed to reset WiFi statistic counts[0m
[0;32m[1784655686.850] [8928:8928] [PAF] WiFiPAF: WiFiPAFLayer::Init()[0m
[0;34m[1784655686.850] [8928:8928] [IN] UDP::Init bind&listen port=0[0m
[0;34m[1784655686.850] [8928:8928] [IN] UDP::Init bound to port=52933[0m
[0;34m[1784655686.850] [8928:8928] [IN] UDP::Init bind&listen port=0[0m
[0;34m[1784655686.850] [8928:8928] [IN] UDP::Init bound to port=50539[0m
[0;34m[1784655686.850] [8928:8928] [IN] BLEBase::Init - setting/overriding transport[0m
[0;34m[1784655686.850] [8928:8928] [IN] WiFiPAFBase::Init - setting/overriding transport[0m
[0;34m[1784655686.850] [8928:8928] [IN] TransportMgr initialized[0m
[0;34m[1784655686.850] [8928:8928] [FP] Initializing FabricTable from persistent storage[0m
[0;32m[1784655686.850] [8928:8928] [TS] Last Known Good Time: 2023-10-14T01:16:48[0m
[0;32m[1784655686.851] [8928:8928] [FP] Fabric index 0x1 was retrieved from storage. Compressed FabricId 0x5C4D4303B11E0A28, FabricId 0x0000000000000001, NodeId 0x000000000001B669, VendorId 0xFFF1[0m
[0;32m[1784655686.851] [8928:8928] [DMG] Ember attribute persistence requires setting up[0m
[0;32m[1784655686.851] [8928:8928] [ZCL] Using ZAP configuration...[0m
[0;34m[1784655686.852] [8928:8928] [CTL] System State Initialized...[0m
[0;32m[1784655686.852] [8928:8928] [CTL] Setting attestation nonce to random value[0m
[0;32m[1784655686.852] [8928:8928] [CTL] Setting CSR nonce to random value[0m
[0;34m[1784655686.852] [8928:8930] [DL] CHIP task running[0m
[0;32m[1784655686.852] [8928:8930] [CTL] Setting attestation nonce to random value[0m
[0;32m[1784655686.852] [8928:8930] [CTL] Setting CSR nonce to random value[0m
[0;32m[1784655686.852] [8928:8930] [CTL] Generating NOC[0m
[0;32m[1784655686.852] [8928:8930] [FP] Validating NOC chain[0m
[0;32m[1784655686.853] [8928:8930] [FP] NOC chain validation successful[0m
[0;32m[1784655686.853] [8928:8930] [FP] Updated fabric at index: 0x1, Node ID: 0x000000000001B669[0m
[0;32m[1784655686.853] [8928:8930] [TS] Last Known Good Time: 2023-10-14T01:16:48[0m
[0;32m[1784655686.853] [8928:8930] [TS] New proposed Last Known Good Time: 2021-01-01T00:00:00[0m
[0;32m[1784655686.853] [8928:8930] [TS] Retaining current Last Known Good Time[0m
[0;32m[1784655686.855] [8928:8930] [FP] Metadata for Fabric 0x1 persisted to storage.[0m
[0;32m[1784655686.856] [8928:8930] [TS] Committing Last Known Good Time to storage: 2023-10-14T01:16:48[0m
[0;32m[1784655686.856] [8928:8930] [CTL] Joined the fabric at index 1. Fabric ID is 0x0000000000000001 (Compressed Fabric ID: 5C4D4303B11E0A28)[0m
[0;32m[1784655686.861] [8928:8930] [TOO] Sending command to node 0x1[0m
[0;34m[1784655686.862] [8928:8930] [CSM] FindOrEstablishSession: PeerId = [1:0000000000000001][0m
[0;34m[1784655686.862] [8928:8930] [CSM] FindOrEstablishSession: No existing OperationalSessionSetup instance found[0m
[0;34m[1784655686.862] [8928:8930] [DIS] OperationalSessionSetup[1:0000000000000001]: State change 1 --> 2[0m
[0;32m[1784655686.862] [8928:8930] [DIS] Lookup started for 5C4D4303B11E0A28-0000000000000001[0m
[0;32m[1784655686.862] [8928:8930] [DIS] UDP:[fe80::bfe:a203:38f0:bce7%enp0s3]:5540: new best score: 7 (for 5C4D4303B11E0A28-0000000000000001)[0m
[0;34m[1784655686.862] [8928:8930] [DIS] Lookup clearing interface for non LL address[0m
[0;32m[1784655686.862] [8928:8930] [DIS] UDP:10.0.2.15%enp0s3:5540: new best score: 2 (for 5C4D4303B11E0A28-0000000000000001)[0m
[0;32m[1784655686.862] [8928:8930] [DIS] Checking node lookup status for 5C4D4303B11E0A28-0000000000000001 after 0 ms[0m
[0;32m[1784655686.862] [8928:8930] [DIS] Keeping DNSSD lookup active[0m
[0;32m[1784655686.862] [8928:8930] [DIS] UDP:[fe80::bfe:a203:38f0:bce7%enp0s3]:5540: score has not improved: 7 (for 5C4D4303B11E0A28-0000000000000001)[0m
[0;34m[1784655686.862] [8928:8930] [DIS] Lookup clearing interface for non LL address[0m
[0;32m[1784655686.862] [8928:8930] [DIS] UDP:10.0.2.15%enp0s3:5540: score has not improved: 2 (for 5C4D4303B11E0A28-0000000000000001)[0m
[0;32m[1784655686.862] [8928:8930] [DIS] Checking node lookup status for 5C4D4303B11E0A28-0000000000000001 after 0 ms[0m
[0;32m[1784655686.862] [8928:8930] [DIS] Keeping DNSSD lookup active[0m
[0;32m[1784655687.063] [8928:8930] [DIS] Checking node lookup status for 5C4D4303B11E0A28-0000000000000001 after 201 ms[0m
[0;34m[1784655687.063] [8928:8930] [DIS] OperationalSessionSetup[1:0000000000000001]: Updating device address to UDP:[fe80::bfe:a203:38f0:bce7%enp0s3]:5540 while in state 2[0m
[0;34m[1784655687.063] [8928:8930] [DIS] OperationalSessionSetup[1:0000000000000001]: State change 2 --> 3[0m
[0;34m[1784655687.063] [8928:8930] [IN] SecureSession[0x77aca0009cd0]: Allocated Type:2 LSID:43835[0m
[0;32m[1784655687.063] [8928:8930] [SC] Initiating session on local FabricIndex 1 from 0x000000000001B669 -> 0x0000000000000001[0m
[0;32m[1784655687.063] [8928:8930] [EM] <<< [E:49281i S:0 M:108745747] (U) Msg TX from 64916778C2A2F0C9 to 0:0000000000000000 [0000] [UDP:[fe80::bfe:a203:38f0:bce7%enp0s3]:5540] --- Type 0000:30 (SecureChannel:CASE_Sigma1) (B:196)[0m
[0;32m[1784655687.063] [8928:8930] [EM] ??1 [E:49281i S:0 M:108745747] (U) Msg Retransmission to 0:0000000000000000 scheduled for 677ms from now [State:Idle II:500 AI:300 AT:4000][0m
[0;32m[1784655687.063] [8928:8930] [SC] Sent Sigma1 msg to <0000000000000001, 1> [II:500ms AI:300ms AT:4000ms][0m
[0;34m[1784655687.063] [8928:8930] [DIS] OperationalSessionSetup[1:0000000000000001]: State change 3 --> 4[0m
[0;32m[1784655687.065] [8928:8930] [EM] >>> [E:49281i S:0 M:46623812 (Ack:108745747)] (U) Msg RX from 0:0000000000000000 [0000] to 64916778C2A2F0C9 --- Type 0000:31 (SecureChannel:CASE_Sigma2) (B:751)[0m
[0;34m[1784655687.065] [8928:8930] [EM] Found matching exchange: 49281i, Delegate: 0x77aca000b8e8[0m
[0;34m[1784655687.065] [8928:8930] [EM] Rxd Ack; Removing MessageCounter:108745747 from Retrans Table on exchange 49281i[0m
[0;32m[1784655687.065] [8928:8930] [SC] Received Sigma2 msg[0m
[0;34m[1784655687.065] [8928:8930] [SC] Found MRP parameters in the message[0m
[0;34m[1784655687.065] [8928:8930] [SC] Peer <0000000000000001, 1> assigned session ID 30996[0m
[0;34m[1784655687.065] [8928:8930] [SC] Sending Sigma3[0m
[0;32m[1784655687.066] [8928:8930] [EM] <<< [E:49281i S:0 M:108745748 (Ack:46623812)] (U) Msg TX from 64916778C2A2F0C9 to 0:0000000000000000 [0000] [UDP:[fe80::bfe:a203:38f0:bce7%enp0s3]:5540] --- Type 0000:32 (SecureChannel:CASE_Sigma3) (B:598)[0m
[0;32m[1784655687.066] [8928:8930] [EM] ??1 [E:49281i S:0 M:108745748] (U) Msg Retransmission to 0:0000000000000000 scheduled for 397ms from now [State:Active II:500 AI:300 AT:4000][0m
[0;32m[1784655687.066] [8928:8930] [SC] Sent Sigma3 msg[0m
[0;32m[1784655687.077] [8928:8930] [EM] >>> [E:49281i S:0 M:46623813 (Ack:108745748)] (U) Msg RX from 0:0000000000000000 [0000] to 64916778C2A2F0C9 --- Type 0000:40 (SecureChannel:StatusReport) (B:34)[0m
[0;34m[1784655687.077] [8928:8930] [EM] Found matching exchange: 49281i, Delegate: 0x77aca000b8e8[0m
[0;34m[1784655687.077] [8928:8930] [EM] Rxd Ack; Removing MessageCounter:108745748 from Retrans Table on exchange 49281i[0m
[0;32m[1784655687.077] [8928:8930] [SC] Success status report received. Session was established[0m
[0;32m[1784655687.080] [8928:8930] [SC] SecureSession[0x77aca0009cd0, LSID:43835]: State change 'kEstablishing' --> 'kActive'[0m
[0;34m[1784655687.080] [8928:8930] [IN] SecureSession[0x77aca0009cd0]: Activated - Type:2 LSID:43835[0m
[0;34m[1784655687.080] [8928:8930] [IN] New secure session activated for device <0000000000000001, 1>, LSID:43835 PSID:30996![0m
[0;34m[1784655687.080] [8928:8930] [DIS] OperationalSessionSetup[1:0000000000000001]: State change 4 --> 5[0m
[0;32m[1784655687.080] [8928:8930] [TOO] Sending cluster (0x0000003E) command (0x00000004) on endpoint 0[0m
[0;34m[1784655687.080] [8928:8930] [DMG] ICR moving to [AddingComm][0m
[0;34m[1784655687.080] [8928:8930] [DMG] ICR moving to [AddedComma][0m
[0;32m[1784655687.081] [8928:8930] [EM] <<< [E:49282i S:43835 M:56923654] (S) Msg TX from 000000000001B669 to 1:0000000000000001 [0A28] [UDP:[fe80::bfe:a203:38f0:bce7%enp0s3]:5540] --- Type 0001:08 (IM:InvokeCommandRequest) (B:96)[0m
[0;32m[1784655687.081] [8928:8930] [EM] ??1 [E:49282i S:43835 M:56923654] (S) Msg Retransmission to 1:0000000000000001 scheduled for 358ms from now [State:Active II:500 AI:300 AT:4000][0m
[0;34m[1784655687.081] [8928:8930] [DMG] ICR moving to [AwaitingRe][0m
[0;32m[1784655687.081] [8928:8930] [EM] <<< [E:49281i S:0 M:108745749 (Ack:46623813)] (U) Msg TX from 64916778C2A2F0C9 to 0:0000000000000000 [0000] [UDP:[fe80::bfe:a203:38f0:bce7%enp0s3]:5540] --- Type 0000:10 (SecureChannel:StandaloneAck) (B:26)[0m
[0;34m[1784655687.081] [8928:8930] [EM] Flushed pending ack for MessageCounter:46623813 on exchange 49281i[0m
[0;32m[1784655687.083] [8928:8930] [EM] >>> [E:49282i S:43835 M:114949705 (Ack:56923654)] (S) Msg RX from 1:0000000000000001 [0A28] to 000000000001B669 --- Type 0001:09 (IM:InvokeCommandResponse) (B:377)[0m
[0;34m[1784655687.083] [8928:8930] [EM] Found matching exchange: 49282i, Delegate: 0x77aca000eef8[0m
[0;34m[1784655687.083] [8928:8930] [EM] Rxd Ack; Removing MessageCounter:56923654 from Retrans Table on exchange 49282i[0m
[0;34m[1784655687.083] [8928:8930] [DMG] ICR moving to [ResponseRe][0m
[0;34m[1784655687.083] [8928:8930] [DMG] InvokeResponseMessage =[0m
[0;34m[1784655687.083] [8928:8930] [DMG] {[0m
[0;34m[1784655687.083] [8928:8930] [DMG] 	suppressResponse = false, [0m
[0;34m[1784655687.083] [8928:8930] [DMG] 	InvokeResponseIBs =[0m
[0;34m[1784655687.083] [8928:8930] [DMG] 	[[0m
[0;34m[1784655687.083] [8928:8930] [DMG] 		InvokeResponseIB =[0m
[0;34m[1784655687.083] [8928:8930] [DMG] 		{[0m
[0;34m[1784655687.083] [8928:8930] [DMG] 			CommandDataIB =[0m
[0;34m[1784655687.083] [8928:8930] [DMG] 			{[0m
[0;34m[1784655687.083] [8928:8930] [DMG] 				CommandPathIB =[0m
[0;34m[1784655687.083] [8928:8930] [DMG] 				{[0m
[0;34m[1784655687.083] [8928:8930] [DMG] 					EndpointId = 0x0,[0m
[0;34m[1784655687.083] [8928:8930] [DMG] 					ClusterId = 0x3e,[0m
[0;34m[1784655687.083] [8928:8930] [DMG] 					CommandId = 0x5,[0m
[0;34m[1784655687.083] [8928:8930] [DMG] 				},[0m
[0;34m[1784655687.083] [8928:8930] [DMG] 				[0m
[0;34m[1784655687.083] [8928:8930] [DMG] 				CommandFields = [0m
[0;34m[1784655687.083] [8928:8930] [DMG] 				{[0m
[0;34m[1784655687.083] [8928:8930] [DMG] 					0x0 = [[0m
[0;34m[1784655687.083] [8928:8930] [DMG] 							0x15, 0x30, 0x01, 0xcb, 0x30, 0x81, 0xc8, 0x30, 0x70, 0x02, 0x01, 0x00, 0x30, 0x0e, 0x31, 0x0c, 0x30, 0x0a, 0x06, 0x03, 0x55, 0x04, 0x0a, 0x0c, 0x03, 0x43, 0x53, 0x52, 0x30, 0x59, 0x30, 0x13, 0x06, 0x07, 0x2a, 0x86, 0x48, 0xce, 0x3d, 0x02, 0x01, 0x06, 0x08, 0x2a, 0x86, 0x48, 0xce, 0x3d, 0x03, 0x01, 0x07, 0x03, 0x42, 0x00, 0x04, 0x76, 0x2e, 0xc8, 0x99, 0xc2, 0x4b, 0x57, 0xf2, 0xe0, 0xd5, 0x0a, 0x3b, 0x69, 0x93, 0x2a, 0x00, 0x76, 0x52, 0xd4, 0x20, 0x47, 0x21, 0x24, 0xd0, 0xfe, 0x30, 0xb2, 0x3b, 0xe2, 0xd8, 0xe6, 0x42, 0xe4, 0x0f, 0xdf, 0x9e, 0xe3, 0xf3, 0xd3, 0x35, 0x9f, 0xbc, 0x40, 0xc0, 0x24, 0x1e, 0x91, 0x5f, 0x51, 0x6c, 0x89, 0xac, 0x4a, 0x85, 0xa5, 0x25, 0x55, 0xbb, 0xd6, 0xa5, 0x6a, 0xd7, 0xcf, 0x04, 0xa0, 0x00, 0x30, 0x0a, 0x06, 0x08, 0x2a, 0x86, 0x48, 0xce, 0x3d, 0x04, 0x03, 0x02, 0x03, 0x48, 0x00, 0x30, 0x45, 0x02, 0x21, 0x00, 0xee, 0x45, 0x71, 0xe4, 0x0d, 0x4e, 0x17, 0xa9, 0xc1, 0x68, 0xfe, 0xe0, 0xc8, 0x3f, 0xc3, 0x90, 0x53, 0xbf, 0x50, 0xf6, 0x03, 0x5d, 0xae, 0xbe, 0x96, 0xe7, 0xa9, 0x2a, 0x4f, 0x7e, 0x64, 0xf0, 0x02, 0x20, 0x34, 0x85, 0xcc, 0xb3, 0x38, 0xfa, 0x8f, 0x8e, 0xee, 0x1e, 0x5e, 0x62, 0x59, 0xa2, 0x2d, 0xaa, 0x66, 0xf0, 0xdc, 0x32, 0x1e, 0x8d, 0xee, 0x00, 0xf6, 0xd5, 0xf7, 0x4c, 0x87, 0x5f, 0xe2, 0x99, 0x30, 0x02, 0x20, 0xc8, 0xec, 0x98, 0x62, 0xf5, 0xf9, 0x7b, 0x82, 0x64, 0x50, 0xdd, 0x05, 0xc8, 0x5f, 0x65, 0xe3, 0x96, 0x78, 0xbb, 0x7b, 0x3f, 0xe7, 0x87, 0xfb, 0x07, 0xf3, 0xb0, 0xd0, 0x9a, 0xd2, 0x63, 0xe3, 0x18, [0m
[0;34m[1784655687.083] [8928:8930] [DMG] 					] (243 bytes)[0m
[0;34m[1784655687.083] [8928:8930] [DMG] 					0x1 = [[0m
[0;34m[1784655687.083] [8928:8930] [DMG] 							0xc2, 0x19, 0x42, 0xc8, 0xe0, 0x95, 0x6e, 0x46, 0xcf, 0xc1, 0xa4, 0xd3, 0x2d, 0x1d, 0x07, 0x0d, 0x19, 0xf0, 0x1c, 0x05, 0xc2, 0x55, 0x3e, 0x0a, 0xa6, 0x97, 0x20, 0x04, 0x20, 0x27, 0xe2, 0x95, 0xa6, 0xbb, 0x4f, 0xb1, 0x58, 0x81, 0xf7, 0xec, 0x97, 0x60, 0x0e, 0xd6, 0xc2, 0x99, 0xaa, 0xf4, 0xc5, 0x3d, 0x84, 0xe0, 0x5d, 0x29, 0xdb, 0x20, 0xb9, 0x10, 0xd9, 0x1e, 0xc8, 0x5a, 0x4e, 0xfd, [0m
[0;34m[1784655687.083] [8928:8930] [DMG] 					] (64 bytes)[0m
[0;34m[1784655687.083] [8928:8930] [DMG] 				},[0m
[0;34m[1784655687.083] [8928:8930] [DMG] 			},[0m
[0;34m[1784655687.083] [8928:8930] [DMG] 			[0m
[0;34m[1784655687.083] [8928:8930] [DMG] 		},[0m
[0;34m[1784655687.083] [8928:8930] [DMG] 		[0m
[0;34m[1784655687.083] [8928:8930] [DMG] 	],[0m
[0;34m[1784655687.083] [8928:8930] [DMG] 	[0m
[0;34m[1784655687.083] [8928:8930] [DMG] 	InteractionModelRevision = 12[0m
[0;34m[1784655687.083] [8928:8930] [DMG] },[0m
[0;32m[1784655687.083] [8928:8930] [DMG] Received Command Response Data, Endpoint=0 Cluster=0x0000_003E Command=0x0000_0005[0m
[0;32m[1784655687.083] [8928:8930] [TOO] Endpoint: 0 Cluster: 0x0000_003E Command 0x0000_0005[0m
[0;32m[1784655687.083] [8928:8930] [TOO]   CSRResponse: {[0m
[0;32m[1784655687.083] [8928:8930] [TOO]     NOCSRElements: 153001CB3081C83070020100300E310C300A060355040A0C034353523059301306072A8648CE3D020106082A8648CE3D03010703420004762EC899C24B57F2E0D50A3B69932A007652D420472124D0FE30B23BE2D8E642E40FDF9EE3F3D3359FBC40C0241E915F516C89AC4A85A52555BBD6A56AD7CF04A000300A06082A8648CE3D0403020348003045022100EE4571E40D4E17A9C168FEE0C83FC39053BF50F6035DAEBE96E7A92A4F7E64F002203485CCB338FA8F8EEE1E5E6259A22DAA66F0DC321E8DEE00F6D5F74C875FE299300220C8EC9862F5F97B826450DD05C85F65E39678BB7B3FE787FB07F3B0D09AD263E318[0m
[0;32m[1784655687.083] [8928:8930] [TOO]     attestationSignature: C21942C8E0956E46CFC1A4D32D1D070D19F01C05C2553E0AA69720042027E295A6BB4FB15881F7EC97600ED6C299AAF4C53D84E05D29DB20B910D91EC85A4EFD[0m
[0;32m[1784655687.083] [8928:8930] [TOO]    }[0m
[0;34m[1784655687.083] [8928:8930] [DMG] ICR moving to [AwaitingDe][0m
[0;32m[1784655687.083] [8928:8930] [EM] <<< [E:49282i S:43835 M:56923655 (Ack:114949705)] (S) Msg TX from 000000000001B669 to 1:0000000000000001 [0A28] [UDP:[fe80::bfe:a203:38f0:bce7%enp0s3]:5540] --- Type 0000:10 (SecureChannel:StandaloneAck) (B:34)[0m
[0;34m[1784655687.083] [8928:8930] [EM] Flushed pending ack for MessageCounter:114949705 on exchange 49282i[0m
[0;34m[1784655687.083] [8928:8928] [CTL] Shutting down the commissioner[0m
[0;32m[1784655687.083] [8928:8928] [PAF] WiFiPAF: Closing all WiFiPAF sessions to shutdown[0m
[0;34m[1784655687.083] [8928:8928] [CTL] Shutting down the controller[0m
[0;34m[1784655687.083] [8928:8928] [IN] Expiring all sessions for fabric 0x1!![0m
[0;34m[1784655687.083] [8928:8928] [IN] SecureSession[0x77aca0009cd0]: MarkForEviction Type:2 LSID:43835[0m
[0;32m[1784655687.083] [8928:8928] [SC] SecureSession[0x77aca0009cd0, LSID:43835]: State change 'kActive' --> 'kPendingEviction'[0m
[0;34m[1784655687.083] [8928:8928] [IN] SecureSession[0x77aca0009cd0]: Released - Type:2 LSID:43835[0m
[0;32m[1784655687.083] [8928:8928] [FP] Forgetting fabric 0x1[0m
[0;32m[1784655687.083] [8928:8928] [TS] Pending Last Known Good Time: 2023-10-14T01:16:48[0m
[0;32m[1784655687.084] [8928:8928] [TS] Previous Last Known Good Time: 2023-10-14T01:16:48[0m
[0;32m[1784655687.084] [8928:8928] [TS] Reverted Last Known Good Time to previous value[0m
[0;34m[1784655687.084] [8928:8928] [CTL] Shutting down the commissioner[0m
[0;32m[1784655687.084] [8928:8928] [PAF] WiFiPAF: Closing all WiFiPAF sessions to shutdown[0m
[0;34m[1784655687.084] [8928:8928] [CTL] Shutting down the controller[0m
[0;34m[1784655687.084] [8928:8928] [CTL] Shutting down the System State, this will teardown the CHIP Stack[0m
[0;34m[1784655687.084] [8928:8928] [DMG] All ReadHandler-s are clean, clear GlobalDirtySet[0m
[0;32m[1784655687.084] [8928:8928] [FP] Shutting down FabricTable[0m
[0;32m[1784655687.084] [8928:8928] [TS] Pending Last Known Good Time: 2023-10-14T01:16:48[0m
[0;32m[1784655687.084] [8928:8928] [TS] Previous Last Known Good Time: 2023-10-14T01:16:48[0m
[0;32m[1784655687.084] [8928:8928] [TS] Reverted Last Known Good Time to previous value[0m
[0;34m[1784655687.087] [8928:8928] [DL] Wrote settings to /tmp/chip_counters.ini[0m
[0;32m[1784655687.087] [8928:8928] [DL] NVS set: chip-counters/total-operational-hours = 0 (0x0)[0m
[0;32m[1784655687.087] [8928:8928] [DL] Inet Layer shutdown[0m
[0;32m[1784655687.087] [8928:8928] [DL] BLE Layer shutdown[0m
[0;32m[1784655687.087] [8928:8928] [DL] WiFi-PAF Layer shutdown[0m
[0;32m[1784655687.087] [8928:8928] [PAF] WiFiPAF: Closing all WiFiPAF sessions to shutdown[0m
[0;32m[1784655687.087] [8928:8928] [DL] System Layer shutdown[0m
