[0;34m[1784655687.513] [8941:8941] [DL] ChipLinuxStorage::Init: Using KVS config file: /tmp/chip_tool_kvs[0m
[1;31m[1784655687.514] [8941:8941] [DL] ChipLinuxStorage::Init: Attempt to re-initialize with KVS config file: /tmp/chip_kvs, IGNORING.[0m
[0;34m[1784655687.515] [8941:8941] [DL] ChipLinuxStorage::Init: Using KVS config file: /tmp/chip_factory.ini[0m
[0;34m[1784655687.515] [8941:8941] [DL] ChipLinuxStorage::Init: Using KVS config file: /tmp/chip_config.ini[0m
[0;34m[1784655687.515] [8941:8941] [DL] ChipLinuxStorage::Init: Using KVS config file: /tmp/chip_counters.ini[0m
[0;34m[1784655687.517] [8941:8941] [DL] Wrote settings to /tmp/chip_counters.ini[0m
[0;32m[1784655687.517] [8941:8941] [DL] NVS set: chip-counters/reboot-count = 6 (0x6)[0m
[0;32m[1784655687.518] [8941:8941] [DL] Got Ethernet interface: enp0s3[0m
[0;32m[1784655687.518] [8941:8941] [DL] Found the primary Ethernet interface:enp0s3[0m
[1;31m[1784655687.518] [8941:8941] [DL] Failed to get WiFi interface[0m
[1;31m[1784655687.518] [8941:8941] [DL] Failed to reset WiFi statistic counts[0m
[0;32m[1784655687.518] [8941:8941] [PAF] WiFiPAF: WiFiPAFLayer::Init()[0m
[0;34m[1784655687.518] [8941:8941] [IN] UDP::Init bind&listen port=0[0m
[0;34m[1784655687.518] [8941:8941] [IN] UDP::Init bound to port=51810[0m
[0;34m[1784655687.518] [8941:8941] [IN] UDP::Init bind&listen port=0[0m
[0;34m[1784655687.518] [8941:8941] [IN] UDP::Init bound to port=54766[0m
[0;34m[1784655687.518] [8941:8941] [IN] BLEBase::Init - setting/overriding transport[0m
[0;34m[1784655687.518] [8941:8941] [IN] WiFiPAFBase::Init - setting/overriding transport[0m
[0;34m[1784655687.518] [8941:8941] [IN] TransportMgr initialized[0m
[0;34m[1784655687.518] [8941:8941] [FP] Initializing FabricTable from persistent storage[0m
[0;32m[1784655687.518] [8941:8941] [TS] Last Known Good Time: 2023-10-14T01:16:48[0m
[0;32m[1784655687.518] [8941:8941] [FP] Fabric index 0x1 was retrieved from storage. Compressed FabricId 0x5C4D4303B11E0A28, FabricId 0x0000000000000001, NodeId 0x000000000001B669, VendorId 0xFFF1[0m
[0;32m[1784655687.519] [8941:8941] [DMG] Ember attribute persistence requires setting up[0m
[0;32m[1784655687.519] [8941:8941] [ZCL] Using ZAP configuration...[0m
[0;34m[1784655687.519] [8941:8941] [CTL] System State Initialized...[0m
[0;32m[1784655687.519] [8941:8941] [CTL] Setting attestation nonce to random value[0m
[0;32m[1784655687.519] [8941:8941] [CTL] Setting CSR nonce to random value[0m
[0;34m[1784655687.519] [8941:8943] [DL] CHIP task running[0m
[0;32m[1784655687.519] [8941:8943] [CTL] Setting attestation nonce to random value[0m
[0;32m[1784655687.519] [8941:8943] [CTL] Setting CSR nonce to random value[0m
[0;32m[1784655687.520] [8941:8943] [CTL] Generating NOC[0m
[0;32m[1784655687.520] [8941:8943] [FP] Validating NOC chain[0m
[0;32m[1784655687.520] [8941:8943] [FP] NOC chain validation successful[0m
[0;32m[1784655687.520] [8941:8943] [FP] Updated fabric at index: 0x1, Node ID: 0x000000000001B669[0m
[0;32m[1784655687.520] [8941:8943] [TS] Last Known Good Time: 2023-10-14T01:16:48[0m
[0;32m[1784655687.520] [8941:8943] [TS] New proposed Last Known Good Time: 2021-01-01T00:00:00[0m
[0;32m[1784655687.520] [8941:8943] [TS] Retaining current Last Known Good Time[0m
[0;32m[1784655687.522] [8941:8943] [FP] Metadata for Fabric 0x1 persisted to storage.[0m
[0;32m[1784655687.522] [8941:8943] [TS] Committing Last Known Good Time to storage: 2023-10-14T01:16:48[0m
[0;32m[1784655687.523] [8941:8943] [CTL] Joined the fabric at index 1. Fabric ID is 0x0000000000000001 (Compressed Fabric ID: 5C4D4303B11E0A28)[0m
[0;32m[1784655687.527] [8941:8943] [TOO] Sending command to node 0x1[0m
[0;34m[1784655687.527] [8941:8943] [CSM] FindOrEstablishSession: PeerId = [1:0000000000000001][0m
[0;34m[1784655687.527] [8941:8943] [CSM] FindOrEstablishSession: No existing OperationalSessionSetup instance found[0m
[0;34m[1784655687.527] [8941:8943] [DIS] OperationalSessionSetup[1:0000000000000001]: State change 1 --> 2[0m
[0;32m[1784655687.527] [8941:8943] [DIS] Lookup started for 5C4D4303B11E0A28-0000000000000001[0m
[0;32m[1784655687.528] [8941:8943] [DIS] UDP:[fe80::bfe:a203:38f0:bce7%enp0s3]:5540: new best score: 7 (for 5C4D4303B11E0A28-0000000000000001)[0m
[0;34m[1784655687.528] [8941:8943] [DIS] Lookup clearing interface for non LL address[0m
[0;32m[1784655687.528] [8941:8943] [DIS] UDP:10.0.2.15%enp0s3:5540: new best score: 2 (for 5C4D4303B11E0A28-0000000000000001)[0m
[0;32m[1784655687.528] [8941:8943] [DIS] Checking node lookup status for 5C4D4303B11E0A28-0000000000000001 after 1 ms[0m
[0;32m[1784655687.528] [8941:8943] [DIS] Keeping DNSSD lookup active[0m
[0;32m[1784655687.528] [8941:8943] [DIS] UDP:[fe80::bfe:a203:38f0:bce7%enp0s3]:5540: score has not improved: 7 (for 5C4D4303B11E0A28-0000000000000001)[0m
[0;34m[1784655687.528] [8941:8943] [DIS] Lookup clearing interface for non LL address[0m
[0;32m[1784655687.528] [8941:8943] [DIS] UDP:10.0.2.15%enp0s3:5540: score has not improved: 2 (for 5C4D4303B11E0A28-0000000000000001)[0m
[0;32m[1784655687.528] [8941:8943] [DIS] Checking node lookup status for 5C4D4303B11E0A28-0000000000000001 after 1 ms[0m
[0;32m[1784655687.528] [8941:8943] [DIS] Keeping DNSSD lookup active[0m
[0;32m[1784655687.727] [8941:8943] [DIS] Checking node lookup status for 5C4D4303B11E0A28-0000000000000001 after 200 ms[0m
[0;34m[1784655687.727] [8941:8943] [DIS] OperationalSessionSetup[1:0000000000000001]: Updating device address to UDP:[fe80::bfe:a203:38f0:bce7%enp0s3]:5540 while in state 2[0m
[0;34m[1784655687.727] [8941:8943] [DIS] OperationalSessionSetup[1:0000000000000001]: State change 2 --> 3[0m
[0;34m[1784655687.727] [8941:8943] [IN] SecureSession[0x763acc009cd0]: Allocated Type:2 LSID:56500[0m
[0;32m[1784655687.727] [8941:8943] [SC] Initiating session on local FabricIndex 1 from 0x000000000001B669 -> 0x0000000000000001[0m
[0;32m[1784655687.728] [8941:8943] [EM] <<< [E:1800i S:0 M:84678903] (U) Msg TX from D6B2B885148D3DE1 to 0:0000000000000000 [0000] [UDP:[fe80::bfe:a203:38f0:bce7%enp0s3]:5540] --- Type 0000:30 (SecureChannel:CASE_Sigma1) (B:196)[0m
[0;32m[1784655687.731] [8941:8943] [EM] ??1 [E:1800i S:0 M:84678903] (U) Msg Retransmission to 0:0000000000000000 scheduled for 586ms from now [State:Idle II:500 AI:300 AT:4000][0m
[0;32m[1784655687.731] [8941:8943] [SC] Sent Sigma1 msg to <0000000000000001, 1> [II:500ms AI:300ms AT:4000ms][0m
[0;34m[1784655687.731] [8941:8943] [DIS] OperationalSessionSetup[1:0000000000000001]: State change 3 --> 4[0m
[0;32m[1784655687.731] [8941:8943] [EM] >>> [E:1800i S:0 M:46623816 (Ack:84678903)] (U) Msg RX from 0:0000000000000000 [0000] to D6B2B885148D3DE1 --- Type 0000:31 (SecureChannel:CASE_Sigma2) (B:751)[0m
[0;34m[1784655687.731] [8941:8943] [EM] Found matching exchange: 1800i, Delegate: 0x763acc00b8e8[0m
[0;34m[1784655687.731] [8941:8943] [EM] Rxd Ack; Removing MessageCounter:84678903 from Retrans Table on exchange 1800i[0m
[0;32m[1784655687.731] [8941:8943] [SC] Received Sigma2 msg[0m
[0;34m[1784655687.731] [8941:8943] [SC] Found MRP parameters in the message[0m
[0;34m[1784655687.732] [8941:8943] [SC] Peer <0000000000000001, 1> assigned session ID 30998[0m
[0;34m[1784655687.732] [8941:8943] [SC] Sending Sigma3[0m
[0;32m[1784655687.732] [8941:8943] [EM] <<< [E:1800i S:0 M:84678904 (Ack:46623816)] (U) Msg TX from D6B2B885148D3DE1 to 0:0000000000000000 [0000] [UDP:[fe80::bfe:a203:38f0:bce7%enp0s3]:5540] --- Type 0000:32 (SecureChannel:CASE_Sigma3) (B:598)[0m
[0;32m[1784655687.732] [8941:8943] [EM] ??1 [E:1800i S:0 M:84678904] (U) Msg Retransmission to 0:0000000000000000 scheduled for 351ms from now [State:Active II:500 AI:300 AT:4000][0m
[0;32m[1784655687.732] [8941:8943] [SC] Sent Sigma3 msg[0m
[0;32m[1784655687.742] [8941:8943] [EM] >>> [E:1800i S:0 M:46623817 (Ack:84678904)] (U) Msg RX from 0:0000000000000000 [0000] to D6B2B885148D3DE1 --- Type 0000:40 (SecureChannel:StatusReport) (B:34)[0m
[0;34m[1784655687.742] [8941:8943] [EM] Found matching exchange: 1800i, Delegate: 0x763acc00b8e8[0m
[0;34m[1784655687.742] [8941:8943] [EM] Rxd Ack; Removing MessageCounter:84678904 from Retrans Table on exchange 1800i[0m
[0;32m[1784655687.742] [8941:8943] [SC] Success status report received. Session was established[0m
[0;32m[1784655687.744] [8941:8943] [SC] SecureSession[0x763acc009cd0, LSID:56500]: State change 'kEstablishing' --> 'kActive'[0m
[0;34m[1784655687.744] [8941:8943] [IN] SecureSession[0x763acc009cd0]: Activated - Type:2 LSID:56500[0m
[0;34m[1784655687.744] [8941:8943] [IN] New secure session activated for device <0000000000000001, 1>, LSID:56500 PSID:30998![0m
[0;34m[1784655687.744] [8941:8943] [DIS] OperationalSessionSetup[1:0000000000000001]: State change 4 --> 5[0m
[0;32m[1784655687.744] [8941:8943] [TOO] Sending cluster (0x0000003E) command (0x00000007) on endpoint 0[0m
[0;34m[1784655687.744] [8941:8943] [DMG] ICR moving to [AddingComm][0m
[0;34m[1784655687.744] [8941:8943] [DMG] ICR moving to [AddedComma][0m
[0;32m[1784655687.744] [8941:8943] [EM] <<< [E:1801i S:56500 M:175765926] (S) Msg TX from 000000000001B669 to 1:0000000000000001 [0A28] [UDP:[fe80::bfe:a203:38f0:bce7%enp0s3]:5540] --- Type 0001:08 (IM:InvokeCommandRequest) (B:330)[0m
[0;32m[1784655687.744] [8941:8943] [EM] ??1 [E:1801i S:56500 M:175765926] (S) Msg Retransmission to 1:0000000000000001 scheduled for 398ms from now [State:Active II:500 AI:300 AT:4000][0m
[0;34m[1784655687.744] [8941:8943] [DMG] ICR moving to [AwaitingRe][0m
[0;32m[1784655687.744] [8941:8943] [EM] <<< [E:1800i S:0 M:84678905 (Ack:46623817)] (U) Msg TX from D6B2B885148D3DE1 to 0:0000000000000000 [0000] [UDP:[fe80::bfe:a203:38f0:bce7%enp0s3]:5540] --- Type 0000:10 (SecureChannel:StandaloneAck) (B:26)[0m
[0;34m[1784655687.744] [8941:8943] [EM] Flushed pending ack for MessageCounter:46623817 on exchange 1800i[0m
[0;32m[1784655687.754] [8941:8943] [EM] >>> [E:1801i S:56500 M:153283593 (Ack:175765926)] (S) Msg RX from 1:0000000000000001 [0A28] to 000000000001B669 --- Type 0001:09 (IM:InvokeCommandResponse) (B:70)[0m
[0;34m[1784655687.754] [8941:8943] [EM] Found matching exchange: 1801i, Delegate: 0x763acc00eef8[0m
[0;34m[1784655687.754] [8941:8943] [EM] Rxd Ack; Removing MessageCounter:175765926 from Retrans Table on exchange 1801i[0m
[0;34m[1784655687.754] [8941:8943] [DMG] ICR moving to [ResponseRe][0m
[0;34m[1784655687.754] [8941:8943] [DMG] InvokeResponseMessage =[0m
[0;34m[1784655687.754] [8941:8943] [DMG] {[0m
[0;34m[1784655687.754] [8941:8943] [DMG] 	suppressResponse = false, [0m
[0;34m[1784655687.754] [8941:8943] [DMG] 	InvokeResponseIBs =[0m
[0;34m[1784655687.754] [8941:8943] [DMG] 	[[0m
[0;34m[1784655687.754] [8941:8943] [DMG] 		InvokeResponseIB =[0m
[0;34m[1784655687.754] [8941:8943] [DMG] 		{[0m
[0;34m[1784655687.754] [8941:8943] [DMG] 			CommandDataIB =[0m
[0;34m[1784655687.754] [8941:8943] [DMG] 			{[0m
[0;34m[1784655687.754] [8941:8943] [DMG] 				CommandPathIB =[0m
[0;34m[1784655687.754] [8941:8943] [DMG] 				{[0m
[0;34m[1784655687.754] [8941:8943] [DMG] 					EndpointId = 0x0,[0m
[0;34m[1784655687.754] [8941:8943] [DMG] 					ClusterId = 0x3e,[0m
[0;34m[1784655687.754] [8941:8943] [DMG] 					CommandId = 0x8,[0m
[0;34m[1784655687.754] [8941:8943] [DMG] 				},[0m
[0;34m[1784655687.754] [8941:8943] [DMG] 				[0m
[0;34m[1784655687.754] [8941:8943] [DMG] 				CommandFields = [0m
[0;34m[1784655687.754] [8941:8943] [DMG] 				{[0m
[0;34m[1784655687.754] [8941:8943] [DMG] 					0x0 = 0 (unsigned), [0m
[0;34m[1784655687.754] [8941:8943] [DMG] 					0x1 = 1 (unsigned), [0m
[0;34m[1784655687.754] [8941:8943] [DMG] 				},[0m
[0;34m[1784655687.754] [8941:8943] [DMG] 			},[0m
[0;34m[1784655687.754] [8941:8943] [DMG] 			[0m
[0;34m[1784655687.754] [8941:8943] [DMG] 		},[0m
[0;34m[1784655687.754] [8941:8943] [DMG] 		[0m
[0;34m[1784655687.754] [8941:8943] [DMG] 	],[0m
[0;34m[1784655687.754] [8941:8943] [DMG] 	[0m
[0;34m[1784655687.754] [8941:8943] [DMG] 	InteractionModelRevision = 12[0m
[0;34m[1784655687.754] [8941:8943] [DMG] },[0m
[0;32m[1784655687.754] [8941:8943] [DMG] Received Command Response Data, Endpoint=0 Cluster=0x0000_003E Command=0x0000_0008[0m
[0;32m[1784655687.754] [8941:8943] [TOO] Endpoint: 0 Cluster: 0x0000_003E Command 0x0000_0008[0m
[0;32m[1784655687.754] [8941:8943] [TOO]   NOCResponse: {[0m
[0;32m[1784655687.754] [8941:8943] [TOO]     statusCode: 0[0m
[0;32m[1784655687.754] [8941:8943] [TOO]     fabricIndex: 1[0m
[0;32m[1784655687.754] [8941:8943] [TOO]    }[0m
[0;34m[1784655687.754] [8941:8943] [DMG] ICR moving to [AwaitingDe][0m
[0;32m[1784655687.754] [8941:8943] [EM] <<< [E:1801i S:56500 M:175765927 (Ack:153283593)] (S) Msg TX from 000000000001B669 to 1:0000000000000001 [0A28] [UDP:[fe80::bfe:a203:38f0:bce7%enp0s3]:5540] --- Type 0000:10 (SecureChannel:StandaloneAck) (B:34)[0m
[0;34m[1784655687.754] [8941:8943] [EM] Flushed pending ack for MessageCounter:153283593 on exchange 1801i[0m
[0;34m[1784655687.754] [8941:8941] [CTL] Shutting down the commissioner[0m
[0;32m[1784655687.754] [8941:8941] [PAF] WiFiPAF: Closing all WiFiPAF sessions to shutdown[0m
[0;34m[1784655687.754] [8941:8941] [CTL] Shutting down the controller[0m
[0;34m[1784655687.754] [8941:8941] [IN] Expiring all sessions for fabric 0x1!![0m
[0;34m[1784655687.754] [8941:8941] [IN] SecureSession[0x763acc009cd0]: MarkForEviction Type:2 LSID:56500[0m
[0;32m[1784655687.754] [8941:8941] [SC] SecureSession[0x763acc009cd0, LSID:56500]: State change 'kActive' --> 'kPendingEviction'[0m
[0;34m[1784655687.754] [8941:8941] [IN] SecureSession[0x763acc009cd0]: Released - Type:2 LSID:56500[0m
[0;32m[1784655687.754] [8941:8941] [FP] Forgetting fabric 0x1[0m
[0;32m[1784655687.754] [8941:8941] [TS] Pending Last Known Good Time: 2023-10-14T01:16:48[0m
[0;32m[1784655687.754] [8941:8941] [TS] Previous Last Known Good Time: 2023-10-14T01:16:48[0m
[0;32m[1784655687.754] [8941:8941] [TS] Reverted Last Known Good Time to previous value[0m
[0;34m[1784655687.754] [8941:8941] [CTL] Shutting down the commissioner[0m
[0;32m[1784655687.754] [8941:8941] [PAF] WiFiPAF: Closing all WiFiPAF sessions to shutdown[0m
[0;34m[1784655687.754] [8941:8941] [CTL] Shutting down the controller[0m
[0;34m[1784655687.754] [8941:8941] [CTL] Shutting down the System State, this will teardown the CHIP Stack[0m
[0;34m[1784655687.754] [8941:8941] [DMG] All ReadHandler-s are clean, clear GlobalDirtySet[0m
[0;32m[1784655687.754] [8941:8941] [FP] Shutting down FabricTable[0m
[0;32m[1784655687.754] [8941:8941] [TS] Pending Last Known Good Time: 2023-10-14T01:16:48[0m
[0;32m[1784655687.754] [8941:8941] [TS] Previous Last Known Good Time: 2023-10-14T01:16:48[0m
[0;32m[1784655687.754] [8941:8941] [TS] Reverted Last Known Good Time to previous value[0m
[0;34m[1784655687.756] [8941:8941] [DL] Wrote settings to /tmp/chip_counters.ini[0m
[0;32m[1784655687.756] [8941:8941] [DL] NVS set: chip-counters/total-operational-hours = 0 (0x0)[0m
[0;32m[1784655687.756] [8941:8941] [DL] Inet Layer shutdown[0m
[0;32m[1784655687.756] [8941:8941] [DL] BLE Layer shutdown[0m
[0;32m[1784655687.756] [8941:8941] [DL] WiFi-PAF Layer shutdown[0m
[0;32m[1784655687.756] [8941:8941] [PAF] WiFiPAF: Closing all WiFiPAF sessions to shutdown[0m
[0;32m[1784655687.756] [8941:8941] [DL] System Layer shutdown[0m
