[0;34m[1784837034.672] [20708:20708] [DL] ChipLinuxStorage::Init: Using KVS config file: /tmp/chip_tool_kvs[0m
[1;31m[1784837034.673] [20708:20708] [DL] ChipLinuxStorage::Init: Attempt to re-initialize with KVS config file: /tmp/chip_kvs, IGNORING.[0m
[0;34m[1784837034.674] [20708:20708] [DL] ChipLinuxStorage::Init: Using KVS config file: /tmp/chip_factory.ini[0m
[0;34m[1784837034.674] [20708:20708] [DL] ChipLinuxStorage::Init: Using KVS config file: /tmp/chip_config.ini[0m
[0;34m[1784837034.674] [20708:20708] [DL] ChipLinuxStorage::Init: Using KVS config file: /tmp/chip_counters.ini[0m
[0;34m[1784837034.677] [20708:20708] [DL] Wrote settings to /tmp/chip_counters.ini[0m
[0;32m[1784837034.677] [20708:20708] [DL] NVS set: chip-counters/reboot-count = 3 (0x3)[0m
[0;32m[1784837034.677] [20708:20708] [DL] Got Ethernet interface: enp0s3[0m
[0;32m[1784837034.677] [20708:20708] [DL] Found the primary Ethernet interface:enp0s3[0m
[1;31m[1784837034.678] [20708:20708] [DL] Failed to get WiFi interface[0m
[1;31m[1784837034.678] [20708:20708] [DL] Failed to reset WiFi statistic counts[0m
[0;32m[1784837034.678] [20708:20708] [PAF] WiFiPAF: WiFiPAFLayer::Init()[0m
[0;34m[1784837034.678] [20708:20708] [IN] UDP::Init bind&listen port=0[0m
[0;34m[1784837034.678] [20708:20708] [IN] UDP::Init bound to port=51579[0m
[0;34m[1784837034.678] [20708:20708] [IN] UDP::Init bind&listen port=0[0m
[0;34m[1784837034.678] [20708:20708] [IN] UDP::Init bound to port=60845[0m
[0;34m[1784837034.678] [20708:20708] [IN] BLEBase::Init - setting/overriding transport[0m
[0;34m[1784837034.678] [20708:20708] [IN] WiFiPAFBase::Init - setting/overriding transport[0m
[0;34m[1784837034.678] [20708:20708] [IN] TransportMgr initialized[0m
[0;34m[1784837034.678] [20708:20708] [FP] Initializing FabricTable from persistent storage[0m
[0;32m[1784837034.678] [20708:20708] [TS] Last Known Good Time: 2023-10-14T01:16:48[0m
[0;32m[1784837034.678] [20708:20708] [FP] Fabric index 0x1 was retrieved from storage. Compressed FabricId 0x5A9CD20BDDC47ADA, FabricId 0x0000000000000001, NodeId 0x000000000001B669, VendorId 0xFFF1[0m
[0;32m[1784837034.679] [20708:20708] [DMG] Ember attribute persistence requires setting up[0m
[0;32m[1784837034.679] [20708:20708] [ZCL] Using ZAP configuration...[0m
[0;34m[1784837034.679] [20708:20708] [CTL] System State Initialized...[0m
[0;32m[1784837034.679] [20708:20708] [CTL] Setting attestation nonce to random value[0m
[0;32m[1784837034.679] [20708:20708] [CTL] Setting CSR nonce to random value[0m
[0;34m[1784837034.679] [20708:20710] [DL] CHIP task running[0m
[0;32m[1784837034.679] [20708:20710] [CTL] Setting attestation nonce to random value[0m
[0;32m[1784837034.679] [20708:20710] [CTL] Setting CSR nonce to random value[0m
[0;32m[1784837034.680] [20708:20710] [CTL] Generating NOC[0m
[0;32m[1784837034.680] [20708:20710] [FP] Validating NOC chain[0m
[0;32m[1784837034.680] [20708:20710] [FP] NOC chain validation successful[0m
[0;32m[1784837034.680] [20708:20710] [FP] Updated fabric at index: 0x1, Node ID: 0x000000000001B669[0m
[0;32m[1784837034.680] [20708:20710] [TS] Last Known Good Time: 2023-10-14T01:16:48[0m
[0;32m[1784837034.680] [20708:20710] [TS] New proposed Last Known Good Time: 2021-01-01T00:00:00[0m
[0;32m[1784837034.680] [20708:20710] [TS] Retaining current Last Known Good Time[0m
[0;32m[1784837034.682] [20708:20710] [FP] Metadata for Fabric 0x1 persisted to storage.[0m
[0;32m[1784837034.683] [20708:20710] [TS] Committing Last Known Good Time to storage: 2023-10-14T01:16:48[0m
[0;32m[1784837034.684] [20708:20710] [CTL] Joined the fabric at index 1. Fabric ID is 0x0000000000000001 (Compressed Fabric ID: 5A9CD20BDDC47ADA)[0m
[0;32m[1784837034.688] [20708:20710] [TOO] Sending command to node 0x1[0m
[0;34m[1784837034.688] [20708:20710] [CSM] FindOrEstablishSession: PeerId = [1:0000000000000001][0m
[0;34m[1784837034.688] [20708:20710] [CSM] FindOrEstablishSession: No existing OperationalSessionSetup instance found[0m
[0;34m[1784837034.688] [20708:20710] [DIS] OperationalSessionSetup[1:0000000000000001]: State change 1 --> 2[0m
[0;32m[1784837034.689] [20708:20710] [DIS] Lookup started for 5A9CD20BDDC47ADA-0000000000000001[0m
[0;32m[1784837034.689] [20708:20710] [DIS] UDP:[fe80::bfe:a203:38f0:bce7%enp0s3]:5540: new best score: 7 (for 5A9CD20BDDC47ADA-0000000000000001)[0m
[0;34m[1784837034.689] [20708:20710] [DIS] Lookup clearing interface for non LL address[0m
[0;32m[1784837034.689] [20708:20710] [DIS] UDP:10.0.2.15%enp0s3:5540: new best score: 2 (for 5A9CD20BDDC47ADA-0000000000000001)[0m
[0;32m[1784837034.689] [20708:20710] [DIS] Checking node lookup status for 5A9CD20BDDC47ADA-0000000000000001 after 1 ms[0m
[0;32m[1784837034.689] [20708:20710] [DIS] Keeping DNSSD lookup active[0m
[0;32m[1784837034.689] [20708:20710] [DIS] UDP:[fe80::bfe:a203:38f0:bce7%enp0s3]:5540: score has not improved: 7 (for 5A9CD20BDDC47ADA-0000000000000001)[0m
[0;34m[1784837034.689] [20708:20710] [DIS] Lookup clearing interface for non LL address[0m
[0;32m[1784837034.689] [20708:20710] [DIS] UDP:10.0.2.15%enp0s3:5540: score has not improved: 2 (for 5A9CD20BDDC47ADA-0000000000000001)[0m
[0;32m[1784837034.689] [20708:20710] [DIS] Checking node lookup status for 5A9CD20BDDC47ADA-0000000000000001 after 1 ms[0m
[0;32m[1784837034.689] [20708:20710] [DIS] Keeping DNSSD lookup active[0m
[0;32m[1784837034.891] [20708:20710] [DIS] Checking node lookup status for 5A9CD20BDDC47ADA-0000000000000001 after 203 ms[0m
[0;34m[1784837034.891] [20708:20710] [DIS] OperationalSessionSetup[1:0000000000000001]: Updating device address to UDP:[fe80::bfe:a203:38f0:bce7%enp0s3]:5540 while in state 2[0m
[0;34m[1784837034.891] [20708:20710] [DIS] OperationalSessionSetup[1:0000000000000001]: State change 2 --> 3[0m
[0;34m[1784837034.891] [20708:20710] [IN] SecureSession[0x791054009cd0]: Allocated Type:2 LSID:47954[0m
[0;32m[1784837034.891] [20708:20710] [SC] Initiating session on local FabricIndex 1 from 0x000000000001B669 -> 0x0000000000000001[0m
[0;32m[1784837034.892] [20708:20710] [EM] <<< [E:51415i S:0 M:255849650] (U) Msg TX from 49E0B1038A54909D to 0:0000000000000000 [0000] [UDP:[fe80::bfe:a203:38f0:bce7%enp0s3]:5540] --- Type 0000:30 (SecureChannel:CASE_Sigma1) (B:196)[0m
[0;32m[1784837034.892] [20708:20710] [EM] ??1 [E:51415i S:0 M:255849650] (U) Msg Retransmission to 0:0000000000000000 scheduled for 575ms from now [State:Idle II:500 AI:300 AT:4000][0m
[0;32m[1784837034.892] [20708:20710] [SC] Sent Sigma1 msg to <0000000000000001, 1> [II:500ms AI:300ms AT:4000ms][0m
[0;34m[1784837034.892] [20708:20710] [DIS] OperationalSessionSetup[1:0000000000000001]: State change 3 --> 4[0m
[0;32m[1784837034.893] [20708:20710] [EM] >>> [E:51415i S:0 M:257968971 (Ack:255849650)] (U) Msg RX from 0:0000000000000000 [0000] to 49E0B1038A54909D --- Type 0000:31 (SecureChannel:CASE_Sigma2) (B:751)[0m
[0;34m[1784837034.893] [20708:20710] [EM] Found matching exchange: 51415i, Delegate: 0x79105400b8e8[0m
[0;34m[1784837034.893] [20708:20710] [EM] Rxd Ack; Removing MessageCounter:255849650 from Retrans Table on exchange 51415i[0m
[0;32m[1784837034.893] [20708:20710] [SC] Received Sigma2 msg[0m
[0;34m[1784837034.893] [20708:20710] [SC] Found MRP parameters in the message[0m
[0;34m[1784837034.894] [20708:20710] [SC] Peer <0000000000000001, 1> assigned session ID 26033[0m
[0;34m[1784837034.894] [20708:20710] [SC] Sending Sigma3[0m
[0;32m[1784837034.894] [20708:20710] [EM] <<< [E:51415i S:0 M:255849651 (Ack:257968971)] (U) Msg TX from 49E0B1038A54909D to 0:0000000000000000 [0000] [UDP:[fe80::bfe:a203:38f0:bce7%enp0s3]:5540] --- Type 0000:32 (SecureChannel:CASE_Sigma3) (B:598)[0m
[0;32m[1784837034.894] [20708:20710] [EM] ??1 [E:51415i S:0 M:255849651] (U) Msg Retransmission to 0:0000000000000000 scheduled for 351ms from now [State:Active II:500 AI:300 AT:4000][0m
[0;32m[1784837034.894] [20708:20710] [SC] Sent Sigma3 msg[0m
[0;32m[1784837034.905] [20708:20710] [EM] >>> [E:51415i S:0 M:257968972 (Ack:255849651)] (U) Msg RX from 0:0000000000000000 [0000] to 49E0B1038A54909D --- Type 0000:40 (SecureChannel:StatusReport) (B:34)[0m
[0;34m[1784837034.905] [20708:20710] [EM] Found matching exchange: 51415i, Delegate: 0x79105400b8e8[0m
[0;34m[1784837034.905] [20708:20710] [EM] Rxd Ack; Removing MessageCounter:255849651 from Retrans Table on exchange 51415i[0m
[0;32m[1784837034.905] [20708:20710] [SC] Success status report received. Session was established[0m
[0;32m[1784837034.907] [20708:20710] [SC] SecureSession[0x791054009cd0, LSID:47954]: State change 'kEstablishing' --> 'kActive'[0m
[0;34m[1784837034.907] [20708:20710] [IN] SecureSession[0x791054009cd0]: Activated - Type:2 LSID:47954[0m
[0;34m[1784837034.907] [20708:20710] [IN] New secure session activated for device <0000000000000001, 1>, LSID:47954 PSID:26033![0m
[0;34m[1784837034.907] [20708:20710] [DIS] OperationalSessionSetup[1:0000000000000001]: State change 4 --> 5[0m
[0;32m[1784837034.907] [20708:20710] [TOO] Sending ReadAttribute to:[0m
[0;32m[1784837034.907] [20708:20710] [TOO] 	cluster 0x0000_0038, attribute: 0x0000_0000, endpoint 0[0m
[0;34m[1784837034.907] [20708:20710] [DMG] SendReadRequest ReadClient[0x79105400eef0]: Sending Read Request[0m
[0;32m[1784837034.907] [20708:20710] [DMG] 0 data version filters provided, 0 not relevant, 0 encoded, 0 skipped due to lack of space[0m
[0;32m[1784837034.907] [20708:20710] [EM] <<< [E:51416i S:47954 M:102764748] (S) Msg TX from 000000000001B669 to 1:0000000000000001 [7ADA] [UDP:[fe80::bfe:a203:38f0:bce7%enp0s3]:5540] --- Type 0001:02 (IM:ReadRequest) (B:51)[0m
[0;32m[1784837034.907] [20708:20710] [EM] ??1 [E:51416i S:47954 M:102764748] (S) Msg Retransmission to 1:0000000000000001 scheduled for 363ms from now [State:Active II:500 AI:300 AT:4000][0m
[0;34m[1784837034.907] [20708:20710] [DMG] MoveToState ReadClient[0x79105400eef0]: Moving to [AwaitingIn][0m
[0;32m[1784837034.907] [20708:20710] [EM] <<< [E:51415i S:0 M:255849652 (Ack:257968972)] (U) Msg TX from 49E0B1038A54909D to 0:0000000000000000 [0000] [UDP:[fe80::bfe:a203:38f0:bce7%enp0s3]:5540] --- Type 0000:10 (SecureChannel:StandaloneAck) (B:26)[0m
[0;34m[1784837034.907] [20708:20710] [EM] Flushed pending ack for MessageCounter:257968972 on exchange 51415i[0m
[0;32m[1784837034.907] [20708:20710] [EM] >>> [E:51416i S:47954 M:174122392 (Ack:102764748)] (S) Msg RX from 1:0000000000000001 [7ADA] to 000000000001B669 --- Type 0001:05 (IM:ReportData) (B:77)[0m
[0;34m[1784837034.907] [20708:20710] [EM] Found matching exchange: 51416i, Delegate: 0x79105400ef00[0m
[0;34m[1784837034.907] [20708:20710] [EM] Rxd Ack; Removing MessageCounter:102764748 from Retrans Table on exchange 51416i[0m
[0;34m[1784837034.907] [20708:20710] [DMG] ReportDataMessage =[0m
[0;34m[1784837034.907] [20708:20710] [DMG] {[0m
[0;34m[1784837034.907] [20708:20710] [DMG] 	AttributeReportIBs =[0m
[0;34m[1784837034.907] [20708:20710] [DMG] 	[[0m
[0;34m[1784837034.907] [20708:20710] [DMG] 		AttributeReportIB =[0m
[0;34m[1784837034.907] [20708:20710] [DMG] 		{[0m
[0;34m[1784837034.907] [20708:20710] [DMG] 			AttributeDataIB =[0m
[0;34m[1784837034.907] [20708:20710] [DMG] 			{[0m
[0;34m[1784837034.907] [20708:20710] [DMG] 				DataVersion = 0x5e50ad,[0m
[0;34m[1784837034.907] [20708:20710] [DMG] 				AttributePathIB =[0m
[0;34m[1784837034.907] [20708:20710] [DMG] 				{[0m
[0;34m[1784837034.907] [20708:20710] [DMG] 					Endpoint = 0x0,[0m
[0;34m[1784837034.907] [20708:20710] [DMG] 					Cluster = 0x38,[0m
[0;34m[1784837034.907] [20708:20710] [DMG] 					Attribute = 0x0000_0000,[0m
[0;34m[1784837034.907] [20708:20710] [DMG] 				}[0m
[0;34m[1784837034.907] [20708:20710] [DMG] 					[0m
[0;34m[1784837034.907] [20708:20710] [DMG] 				Data = 838152234907431 (unsigned), [0m
[0;34m[1784837034.907] [20708:20710] [DMG] 			},[0m
[0;34m[1784837034.907] [20708:20710] [DMG] 			[0m
[0;34m[1784837034.907] [20708:20710] [DMG] 		},[0m
[0;34m[1784837034.907] [20708:20710] [DMG] 		[0m
[0;34m[1784837034.907] [20708:20710] [DMG] 	],[0m
[0;34m[1784837034.907] [20708:20710] [DMG] 	[0m
[0;34m[1784837034.907] [20708:20710] [DMG] 	SuppressResponse = true, [0m
[0;34m[1784837034.907] [20708:20710] [DMG] 	InteractionModelRevision = 12[0m
[0;34m[1784837034.907] [20708:20710] [DMG] }[0m
[0;32m[1784837034.907] [20708:20710] [TOO] Endpoint: 0 Cluster: 0x0000_0038 Attribute 0x0000_0000 DataVersion: 6181037[0m
[0;32m[1784837034.907] [20708:20710] [TOO]   UTCTime: 838152234907431[0m
[0;32m[1784837034.907] [20708:20710] [EM] <<< [E:51416i S:47954 M:102764749 (Ack:174122392)] (S) Msg TX from 000000000001B669 to 1:0000000000000001 [7ADA] [UDP:[fe80::bfe:a203:38f0:bce7%enp0s3]:5540] --- Type 0000:10 (SecureChannel:StandaloneAck) (B:34)[0m
[0;34m[1784837034.908] [20708:20710] [EM] Flushed pending ack for MessageCounter:174122392 on exchange 51416i[0m
[0;34m[1784837034.908] [20708:20708] [CTL] Shutting down the commissioner[0m
[0;32m[1784837034.908] [20708:20708] [PAF] WiFiPAF: Closing all WiFiPAF sessions to shutdown[0m
[0;34m[1784837034.908] [20708:20708] [CTL] Shutting down the controller[0m
[0;34m[1784837034.908] [20708:20708] [IN] Expiring all sessions for fabric 0x1!![0m
[0;34m[1784837034.908] [20708:20708] [IN] SecureSession[0x791054009cd0]: MarkForEviction Type:2 LSID:47954[0m
[0;32m[1784837034.908] [20708:20708] [SC] SecureSession[0x791054009cd0, LSID:47954]: State change 'kActive' --> 'kPendingEviction'[0m
[0;34m[1784837034.908] [20708:20708] [IN] SecureSession[0x791054009cd0]: Released - Type:2 LSID:47954[0m
[0;32m[1784837034.908] [20708:20708] [FP] Forgetting fabric 0x1[0m
[0;32m[1784837034.908] [20708:20708] [TS] Pending Last Known Good Time: 2023-10-14T01:16:48[0m
[0;32m[1784837034.908] [20708:20708] [TS] Previous Last Known Good Time: 2023-10-14T01:16:48[0m
[0;32m[1784837034.908] [20708:20708] [TS] Reverted Last Known Good Time to previous value[0m
[0;34m[1784837034.908] [20708:20708] [CTL] Shutting down the commissioner[0m
[0;32m[1784837034.908] [20708:20708] [PAF] WiFiPAF: Closing all WiFiPAF sessions to shutdown[0m
[0;34m[1784837034.908] [20708:20708] [CTL] Shutting down the controller[0m
[0;34m[1784837034.908] [20708:20708] [CTL] Shutting down the System State, this will teardown the CHIP Stack[0m
[0;34m[1784837034.908] [20708:20708] [DMG] All ReadHandler-s are clean, clear GlobalDirtySet[0m
[0;32m[1784837034.908] [20708:20708] [FP] Shutting down FabricTable[0m
[0;32m[1784837034.908] [20708:20708] [TS] Pending Last Known Good Time: 2023-10-14T01:16:48[0m
[0;32m[1784837034.908] [20708:20708] [TS] Previous Last Known Good Time: 2023-10-14T01:16:48[0m
[0;32m[1784837034.908] [20708:20708] [TS] Reverted Last Known Good Time to previous value[0m
[0;34m[1784837034.911] [20708:20708] [DL] Wrote settings to /tmp/chip_counters.ini[0m
[0;32m[1784837034.911] [20708:20708] [DL] NVS set: chip-counters/total-operational-hours = 0 (0x0)[0m
[0;32m[1784837034.911] [20708:20708] [DL] Inet Layer shutdown[0m
[0;32m[1784837034.911] [20708:20708] [DL] BLE Layer shutdown[0m
[0;32m[1784837034.911] [20708:20708] [DL] WiFi-PAF Layer shutdown[0m
[0;32m[1784837034.911] [20708:20708] [PAF] WiFiPAF: Closing all WiFiPAF sessions to shutdown[0m
[0;32m[1784837034.911] [20708:20708] [DL] System Layer shutdown[0m
