[0;34m[1784654295.707] [4120:4120] [DL] ChipLinuxStorage::Init: Using KVS config file: /tmp/chip_tool_kvs[0m
[1;31m[1784654295.709] [4120:4120] [DL] ChipLinuxStorage::Init: Attempt to re-initialize with KVS config file: /tmp/chip_kvs, IGNORING.[0m
[0;34m[1784654295.710] [4120:4120] [DL] ChipLinuxStorage::Init: Using KVS config file: /tmp/chip_factory.ini[0m
[0;34m[1784654295.710] [4120:4120] [DL] ChipLinuxStorage::Init: Using KVS config file: /tmp/chip_config.ini[0m
[0;34m[1784654295.710] [4120:4120] [DL] ChipLinuxStorage::Init: Using KVS config file: /tmp/chip_counters.ini[0m
[0;34m[1784654295.714] [4120:4120] [DL] Wrote settings to /tmp/chip_counters.ini[0m
[0;32m[1784654295.714] [4120:4120] [DL] NVS set: chip-counters/reboot-count = 4 (0x4)[0m
[0;32m[1784654295.714] [4120:4120] [DL] Got Ethernet interface: enp0s3[0m
[0;32m[1784654295.714] [4120:4120] [DL] Found the primary Ethernet interface:enp0s3[0m
[1;31m[1784654295.714] [4120:4120] [DL] Failed to get WiFi interface[0m
[1;31m[1784654295.714] [4120:4120] [DL] Failed to reset WiFi statistic counts[0m
[0;32m[1784654295.714] [4120:4120] [PAF] WiFiPAF: WiFiPAFLayer::Init()[0m
[0;34m[1784654295.714] [4120:4120] [IN] UDP::Init bind&listen port=0[0m
[0;34m[1784654295.714] [4120:4120] [IN] UDP::Init bound to port=35548[0m
[0;34m[1784654295.714] [4120:4120] [IN] UDP::Init bind&listen port=0[0m
[0;34m[1784654295.714] [4120:4120] [IN] UDP::Init bound to port=57860[0m
[0;34m[1784654295.714] [4120:4120] [IN] BLEBase::Init - setting/overriding transport[0m
[0;34m[1784654295.714] [4120:4120] [IN] WiFiPAFBase::Init - setting/overriding transport[0m
[0;34m[1784654295.714] [4120:4120] [IN] TransportMgr initialized[0m
[0;34m[1784654295.714] [4120:4120] [FP] Initializing FabricTable from persistent storage[0m
[0;32m[1784654295.714] [4120:4120] [TS] Last Known Good Time: 2023-10-14T01:16:48[0m
[0;32m[1784654295.714] [4120:4120] [FP] Fabric index 0x1 was retrieved from storage. Compressed FabricId 0xDC8CBA740494D987, FabricId 0x0000000000000001, NodeId 0x000000000001B669, VendorId 0xFFF1[0m
[0;32m[1784654295.715] [4120:4120] [DMG] Ember attribute persistence requires setting up[0m
[0;32m[1784654295.715] [4120:4120] [ZCL] Using ZAP configuration...[0m
[0;34m[1784654295.715] [4120:4120] [CTL] System State Initialized...[0m
[0;32m[1784654295.715] [4120:4120] [CTL] Setting attestation nonce to random value[0m
[0;32m[1784654295.715] [4120:4120] [CTL] Setting CSR nonce to random value[0m
[0;34m[1784654295.715] [4120:4122] [DL] CHIP task running[0m
[0;32m[1784654295.716] [4120:4122] [CTL] Setting attestation nonce to random value[0m
[0;32m[1784654295.716] [4120:4122] [CTL] Setting CSR nonce to random value[0m
[0;32m[1784654295.716] [4120:4122] [CTL] Generating NOC[0m
[0;32m[1784654295.716] [4120:4122] [FP] Validating NOC chain[0m
[0;32m[1784654295.716] [4120:4122] [FP] NOC chain validation successful[0m
[0;32m[1784654295.716] [4120:4122] [FP] Updated fabric at index: 0x1, Node ID: 0x000000000001B669[0m
[0;32m[1784654295.716] [4120:4122] [TS] Last Known Good Time: 2023-10-14T01:16:48[0m
[0;32m[1784654295.716] [4120:4122] [TS] New proposed Last Known Good Time: 2021-01-01T00:00:00[0m
[0;32m[1784654295.716] [4120:4122] [TS] Retaining current Last Known Good Time[0m
[0;32m[1784654295.718] [4120:4122] [FP] Metadata for Fabric 0x1 persisted to storage.[0m
[0;32m[1784654295.719] [4120:4122] [TS] Committing Last Known Good Time to storage: 2023-10-14T01:16:48[0m
[0;32m[1784654295.720] [4120:4122] [CTL] Joined the fabric at index 1. Fabric ID is 0x0000000000000001 (Compressed Fabric ID: DC8CBA740494D987)[0m
[0;32m[1784654295.726] [4120:4122] [TOO] Sending command to node 0x1[0m
[0;34m[1784654295.726] [4120:4122] [CSM] FindOrEstablishSession: PeerId = [1:0000000000000001][0m
[0;34m[1784654295.726] [4120:4122] [CSM] FindOrEstablishSession: No existing OperationalSessionSetup instance found[0m
[0;34m[1784654295.726] [4120:4122] [DIS] OperationalSessionSetup[1:0000000000000001]: State change 1 --> 2[0m
[0;32m[1784654295.726] [4120:4122] [DIS] Lookup started for DC8CBA740494D987-0000000000000001[0m
[0;32m[1784654295.727] [4120:4122] [DIS] UDP:[fe80::bfe:a203:38f0:bce7%enp0s3]:5540: new best score: 7 (for DC8CBA740494D987-0000000000000001)[0m
[0;34m[1784654295.727] [4120:4122] [DIS] Lookup clearing interface for non LL address[0m
[0;32m[1784654295.727] [4120:4122] [DIS] UDP:10.0.2.15%enp0s3:5540: new best score: 2 (for DC8CBA740494D987-0000000000000001)[0m
[0;32m[1784654295.727] [4120:4122] [DIS] Checking node lookup status for DC8CBA740494D987-0000000000000001 after 1 ms[0m
[0;32m[1784654295.727] [4120:4122] [DIS] Keeping DNSSD lookup active[0m
[0;32m[1784654295.727] [4120:4122] [DIS] UDP:[fe80::bfe:a203:38f0:bce7%enp0s3]:5540: score has not improved: 7 (for DC8CBA740494D987-0000000000000001)[0m
[0;34m[1784654295.727] [4120:4122] [DIS] Lookup clearing interface for non LL address[0m
[0;32m[1784654295.727] [4120:4122] [DIS] UDP:10.0.2.15%enp0s3:5540: score has not improved: 2 (for DC8CBA740494D987-0000000000000001)[0m
[0;32m[1784654295.727] [4120:4122] [DIS] Checking node lookup status for DC8CBA740494D987-0000000000000001 after 1 ms[0m
[0;32m[1784654295.727] [4120:4122] [DIS] Keeping DNSSD lookup active[0m
[0;32m[1784654295.928] [4120:4122] [DIS] Checking node lookup status for DC8CBA740494D987-0000000000000001 after 202 ms[0m
[0;34m[1784654295.928] [4120:4122] [DIS] OperationalSessionSetup[1:0000000000000001]: Updating device address to UDP:[fe80::bfe:a203:38f0:bce7%enp0s3]:5540 while in state 2[0m
[0;34m[1784654295.928] [4120:4122] [DIS] OperationalSessionSetup[1:0000000000000001]: State change 2 --> 3[0m
[0;34m[1784654295.928] [4120:4122] [IN] SecureSession[0x717d60009cd0]: Allocated Type:2 LSID:21668[0m
[0;32m[1784654295.928] [4120:4122] [SC] Initiating session on local FabricIndex 1 from 0x000000000001B669 -> 0x0000000000000001[0m
[0;32m[1784654295.929] [4120:4122] [EM] <<< [E:11131i S:0 M:169241250] (U) Msg TX from AAD85C599636FD00 to 0:0000000000000000 [0000] [UDP:[fe80::bfe:a203:38f0:bce7%enp0s3]:5540] --- Type 0000:30 (SecureChannel:CASE_Sigma1) (B:196)[0m
[0;32m[1784654295.929] [4120:4122] [EM] ??1 [E:11131i S:0 M:169241250] (U) Msg Retransmission to 0:0000000000000000 scheduled for 632ms from now [State:Idle II:500 AI:300 AT:4000][0m
[0;32m[1784654295.929] [4120:4122] [SC] Sent Sigma1 msg to <0000000000000001, 1> [II:500ms AI:300ms AT:4000ms][0m
[0;34m[1784654295.929] [4120:4122] [DIS] OperationalSessionSetup[1:0000000000000001]: State change 3 --> 4[0m
[0;32m[1784654295.930] [4120:4122] [EM] >>> [E:11131i S:0 M:244985568 (Ack:169241250)] (U) Msg RX from 0:0000000000000000 [0000] to AAD85C599636FD00 --- Type 0000:31 (SecureChannel:CASE_Sigma2) (B:751)[0m
[0;34m[1784654295.930] [4120:4122] [EM] Found matching exchange: 11131i, Delegate: 0x717d6000b8e8[0m
[0;34m[1784654295.930] [4120:4122] [EM] Rxd Ack; Removing MessageCounter:169241250 from Retrans Table on exchange 11131i[0m
[0;32m[1784654295.930] [4120:4122] [SC] Received Sigma2 msg[0m
[0;34m[1784654295.930] [4120:4122] [SC] Found MRP parameters in the message[0m
[0;34m[1784654295.932] [4120:4122] [SC] Peer <0000000000000001, 1> assigned session ID 29142[0m
[0;34m[1784654295.932] [4120:4122] [SC] Sending Sigma3[0m
[0;32m[1784654295.932] [4120:4122] [EM] <<< [E:11131i S:0 M:169241251 (Ack:244985568)] (U) Msg TX from AAD85C599636FD00 to 0:0000000000000000 [0000] [UDP:[fe80::bfe:a203:38f0:bce7%enp0s3]:5540] --- Type 0000:32 (SecureChannel:CASE_Sigma3) (B:598)[0m
[0;32m[1784654295.932] [4120:4122] [EM] ??1 [E:11131i S:0 M:169241251] (U) Msg Retransmission to 0:0000000000000000 scheduled for 400ms from now [State:Active II:500 AI:300 AT:4000][0m
[0;32m[1784654295.932] [4120:4122] [SC] Sent Sigma3 msg[0m
[0;32m[1784654295.942] [4120:4122] [EM] >>> [E:11131i S:0 M:244985569 (Ack:169241251)] (U) Msg RX from 0:0000000000000000 [0000] to AAD85C599636FD00 --- Type 0000:40 (SecureChannel:StatusReport) (B:34)[0m
[0;34m[1784654295.942] [4120:4122] [EM] Found matching exchange: 11131i, Delegate: 0x717d6000b8e8[0m
[0;34m[1784654295.942] [4120:4122] [EM] Rxd Ack; Removing MessageCounter:169241251 from Retrans Table on exchange 11131i[0m
[0;32m[1784654295.942] [4120:4122] [SC] Success status report received. Session was established[0m
[0;32m[1784654295.944] [4120:4122] [SC] SecureSession[0x717d60009cd0, LSID:21668]: State change 'kEstablishing' --> 'kActive'[0m
[0;34m[1784654295.944] [4120:4122] [IN] SecureSession[0x717d60009cd0]: Activated - Type:2 LSID:21668[0m
[0;34m[1784654295.944] [4120:4122] [IN] New secure session activated for device <0000000000000001, 1>, LSID:21668 PSID:29142![0m
[0;34m[1784654295.944] [4120:4122] [DIS] OperationalSessionSetup[1:0000000000000001]: State change 4 --> 5[0m
[0;32m[1784654295.944] [4120:4122] [TOO] Sending cluster (0x0000003E) command (0x00000004) on endpoint 0[0m
[0;34m[1784654295.944] [4120:4122] [DMG] ICR moving to [AddingComm][0m
[0;34m[1784654295.944] [4120:4122] [DMG] ICR moving to [AddedComma][0m
[0;32m[1784654295.944] [4120:4122] [EM] <<< [E:11132i S:21668 M:31801749] (S) Msg TX from 000000000001B669 to 1:0000000000000001 [D987] [UDP:[fe80::bfe:a203:38f0:bce7%enp0s3]:5540] --- Type 0001:08 (IM:InvokeCommandRequest) (B:96)[0m
[0;32m[1784654295.944] [4120:4122] [EM] ??1 [E:11132i S:21668 M:31801749] (S) Msg Retransmission to 1:0000000000000001 scheduled for 338ms from now [State:Active II:500 AI:300 AT:4000][0m
[0;34m[1784654295.944] [4120:4122] [DMG] ICR moving to [AwaitingRe][0m
[0;32m[1784654295.944] [4120:4122] [EM] <<< [E:11131i S:0 M:169241252 (Ack:244985569)] (U) Msg TX from AAD85C599636FD00 to 0:0000000000000000 [0000] [UDP:[fe80::bfe:a203:38f0:bce7%enp0s3]:5540] --- Type 0000:10 (SecureChannel:StandaloneAck) (B:26)[0m
[0;34m[1784654295.944] [4120:4122] [EM] Flushed pending ack for MessageCounter:244985569 on exchange 11131i[0m
[0;32m[1784654295.944] [4120:4122] [EM] >>> [E:11132i S:21668 M:192527597 (Ack:31801749)] (S) Msg RX from 1:0000000000000001 [D987] to 000000000001B669 --- Type 0001:09 (IM:InvokeCommandResponse) (B:377)[0m
[0;34m[1784654295.944] [4120:4122] [EM] Found matching exchange: 11132i, Delegate: 0x717d6000eef8[0m
[0;34m[1784654295.944] [4120:4122] [EM] Rxd Ack; Removing MessageCounter:31801749 from Retrans Table on exchange 11132i[0m
[0;34m[1784654295.944] [4120:4122] [DMG] ICR moving to [ResponseRe][0m
[0;34m[1784654295.944] [4120:4122] [DMG] InvokeResponseMessage =[0m
[0;34m[1784654295.944] [4120:4122] [DMG] {[0m
[0;34m[1784654295.944] [4120:4122] [DMG] 	suppressResponse = false, [0m
[0;34m[1784654295.944] [4120:4122] [DMG] 	InvokeResponseIBs =[0m
[0;34m[1784654295.944] [4120:4122] [DMG] 	[[0m
[0;34m[1784654295.944] [4120:4122] [DMG] 		InvokeResponseIB =[0m
[0;34m[1784654295.944] [4120:4122] [DMG] 		{[0m
[0;34m[1784654295.944] [4120:4122] [DMG] 			CommandDataIB =[0m
[0;34m[1784654295.944] [4120:4122] [DMG] 			{[0m
[0;34m[1784654295.944] [4120:4122] [DMG] 				CommandPathIB =[0m
[0;34m[1784654295.944] [4120:4122] [DMG] 				{[0m
[0;34m[1784654295.944] [4120:4122] [DMG] 					EndpointId = 0x0,[0m
[0;34m[1784654295.944] [4120:4122] [DMG] 					ClusterId = 0x3e,[0m
[0;34m[1784654295.944] [4120:4122] [DMG] 					CommandId = 0x5,[0m
[0;34m[1784654295.944] [4120:4122] [DMG] 				},[0m
[0;34m[1784654295.944] [4120:4122] [DMG] 				[0m
[0;34m[1784654295.944] [4120:4122] [DMG] 				CommandFields = [0m
[0;34m[1784654295.944] [4120:4122] [DMG] 				{[0m
[0;34m[1784654295.944] [4120:4122] [DMG] 					0x0 = [[0m
[0;34m[1784654295.944] [4120:4122] [DMG] 							0x15, 0x30, 0x01, 0xcb, 0x30, 0x81, 0xc8, 0x30, 0x70, 0x02, 0x01, 0x00, 0x30, 0x0e, 0x31, 0x0c, 0x30, 0x0a, 0x06, 0x03, 0x55, 0x04, 0x0a, 0x0c, 0x03, 0x43, 0x53, 0x52, 0x30, 0x59, 0x30, 0x13, 0x06, 0x07, 0x2a, 0x86, 0x48, 0xce, 0x3d, 0x02, 0x01, 0x06, 0x08, 0x2a, 0x86, 0x48, 0xce, 0x3d, 0x03, 0x01, 0x07, 0x03, 0x42, 0x00, 0x04, 0x1a, 0x2c, 0xd1, 0x8e, 0xe2, 0xc6, 0xd2, 0x13, 0x63, 0xa8, 0x5c, 0x16, 0x3b, 0x1e, 0xbe, 0x7a, 0x1c, 0xec, 0x90, 0x5f, 0x11, 0xb7, 0x90, 0x34, 0x30, 0x1f, 0x0f, 0x8e, 0x2a, 0x47, 0x62, 0x56, 0x51, 0xfe, 0x19, 0x7c, 0x17, 0x22, 0x64, 0xd3, 0xa1, 0xb9, 0x0d, 0xb7, 0xc0, 0x44, 0x63, 0x74, 0x80, 0x58, 0x36, 0x6a, 0xa6, 0xbe, 0x11, 0xf6, 0x40, 0xf7, 0x0d, 0xcd, 0x00, 0x68, 0xd8, 0x1b, 0xa0, 0x00, 0x30, 0x0a, 0x06, 0x08, 0x2a, 0x86, 0x48, 0xce, 0x3d, 0x04, 0x03, 0x02, 0x03, 0x48, 0x00, 0x30, 0x45, 0x02, 0x20, 0x2e, 0x05, 0xe4, 0xd5, 0xb2, 0x22, 0x4f, 0x97, 0xbf, 0x55, 0xef, 0xf1, 0x2e, 0x75, 0x56, 0xda, 0x45, 0x7d, 0x32, 0xce, 0xe6, 0x24, 0x15, 0x82, 0x0c, 0xc0, 0xca, 0xd1, 0x96, 0x54, 0xe9, 0xd8, 0x02, 0x21, 0x00, 0x83, 0x25, 0xd7, 0x6f, 0x06, 0xa4, 0x80, 0xd3, 0x0a, 0xb1, 0xdf, 0x98, 0x8d, 0x75, 0x47, 0x51, 0x2f, 0xee, 0xb7, 0xd2, 0x7f, 0x55, 0xc6, 0x10, 0xf9, 0x33, 0x3a, 0x82, 0x54, 0xe7, 0x12, 0x04, 0x30, 0x02, 0x20, 0x9c, 0x9a, 0xcd, 0x64, 0x8b, 0xf9, 0xc0, 0xeb, 0xa0, 0xc6, 0x86, 0x77, 0xd7, 0x4a, 0x33, 0xe1, 0x4a, 0xca, 0x9c, 0x6b, 0x9b, 0xc1, 0x4a, 0x96, 0xa9, 0xdd, 0xcd, 0x4f, 0x52, 0x52, 0xc3, 0x42, 0x18, [0m
[0;34m[1784654295.944] [4120:4122] [DMG] 					] (243 bytes)[0m
[0;34m[1784654295.944] [4120:4122] [DMG] 					0x1 = [[0m
[0;34m[1784654295.944] [4120:4122] [DMG] 							0x47, 0x04, 0xca, 0xd4, 0x2f, 0x48, 0x1c, 0x37, 0xac, 0xee, 0xbc, 0xd2, 0x71, 0x1e, 0xbb, 0xc1, 0x9b, 0xd7, 0x5d, 0x4c, 0x00, 0xfc, 0x32, 0xcd, 0xad, 0x4b, 0x33, 0xb5, 0xf8, 0x46, 0xd4, 0xd1, 0x4b, 0xef, 0x57, 0xbe, 0x90, 0xa3, 0xb0, 0xc8, 0x3d, 0xb2, 0xa5, 0x47, 0xfb, 0x6a, 0x23, 0x8f, 0x5f, 0xbe, 0xfd, 0x41, 0x7f, 0x1f, 0x1d, 0x30, 0x10, 0x53, 0x75, 0xb0, 0x6c, 0xcc, 0x79, 0x4b, [0m
[0;34m[1784654295.944] [4120:4122] [DMG] 					] (64 bytes)[0m
[0;34m[1784654295.944] [4120:4122] [DMG] 				},[0m
[0;34m[1784654295.944] [4120:4122] [DMG] 			},[0m
[0;34m[1784654295.944] [4120:4122] [DMG] 			[0m
[0;34m[1784654295.944] [4120:4122] [DMG] 		},[0m
[0;34m[1784654295.944] [4120:4122] [DMG] 		[0m
[0;34m[1784654295.944] [4120:4122] [DMG] 	],[0m
[0;34m[1784654295.944] [4120:4122] [DMG] 	[0m
[0;34m[1784654295.944] [4120:4122] [DMG] 	InteractionModelRevision = 12[0m
[0;34m[1784654295.944] [4120:4122] [DMG] },[0m
[0;32m[1784654295.945] [4120:4122] [DMG] Received Command Response Data, Endpoint=0 Cluster=0x0000_003E Command=0x0000_0005[0m
[0;32m[1784654295.945] [4120:4122] [TOO] Endpoint: 0 Cluster: 0x0000_003E Command 0x0000_0005[0m
[0;32m[1784654295.945] [4120:4122] [TOO]   CSRResponse: {[0m
[0;32m[1784654295.945] [4120:4122] [TOO]     NOCSRElements: 153001CB3081C83070020100300E310C300A060355040A0C034353523059301306072A8648CE3D020106082A8648CE3D030107034200041A2CD18EE2C6D21363A85C163B1EBE7A1CEC905F11B79034301F0F8E2A47625651FE197C172264D3A1B90DB7C04463748058366AA6BE11F640F70DCD0068D81BA000300A06082A8648CE3D040302034800304502202E05E4D5B2224F97BF55EFF12E7556DA457D32CEE62415820CC0CAD19654E9D80221008325D76F06A480D30AB1DF988D7547512FEEB7D27F55C610F9333A8254E712043002209C9ACD648BF9C0EBA0C68677D74A33E14ACA9C6B9BC14A96A9DDCD4F5252C34218[0m
[0;32m[1784654295.945] [4120:4122] [TOO]     attestationSignature: 4704CAD42F481C37ACEEBCD2711EBBC19BD75D4C00FC32CDAD4B33B5F846D4D14BEF57BE90A3B0C83DB2A547FB6A238F5FBEFD417F1F1D30105375B06CCC794B[0m
[0;32m[1784654295.945] [4120:4122] [TOO]    }[0m
[0;34m[1784654295.945] [4120:4122] [DMG] ICR moving to [AwaitingDe][0m
[0;32m[1784654295.945] [4120:4122] [EM] <<< [E:11132i S:21668 M:31801750 (Ack:192527597)] (S) Msg TX from 000000000001B669 to 1:0000000000000001 [D987] [UDP:[fe80::bfe:a203:38f0:bce7%enp0s3]:5540] --- Type 0000:10 (SecureChannel:StandaloneAck) (B:34)[0m
[0;34m[1784654295.945] [4120:4122] [EM] Flushed pending ack for MessageCounter:192527597 on exchange 11132i[0m
[0;34m[1784654295.945] [4120:4120] [CTL] Shutting down the commissioner[0m
[0;32m[1784654295.945] [4120:4120] [PAF] WiFiPAF: Closing all WiFiPAF sessions to shutdown[0m
[0;34m[1784654295.945] [4120:4120] [CTL] Shutting down the controller[0m
[0;34m[1784654295.945] [4120:4120] [IN] Expiring all sessions for fabric 0x1!![0m
[0;34m[1784654295.945] [4120:4120] [IN] SecureSession[0x717d60009cd0]: MarkForEviction Type:2 LSID:21668[0m
[0;32m[1784654295.945] [4120:4120] [SC] SecureSession[0x717d60009cd0, LSID:21668]: State change 'kActive' --> 'kPendingEviction'[0m
[0;34m[1784654295.945] [4120:4120] [IN] SecureSession[0x717d60009cd0]: Released - Type:2 LSID:21668[0m
[0;32m[1784654295.945] [4120:4120] [FP] Forgetting fabric 0x1[0m
[0;32m[1784654295.945] [4120:4120] [TS] Pending Last Known Good Time: 2023-10-14T01:16:48[0m
[0;32m[1784654295.945] [4120:4120] [TS] Previous Last Known Good Time: 2023-10-14T01:16:48[0m
[0;32m[1784654295.945] [4120:4120] [TS] Reverted Last Known Good Time to previous value[0m
[0;34m[1784654295.945] [4120:4120] [CTL] Shutting down the commissioner[0m
[0;32m[1784654295.945] [4120:4120] [PAF] WiFiPAF: Closing all WiFiPAF sessions to shutdown[0m
[0;34m[1784654295.945] [4120:4120] [CTL] Shutting down the controller[0m
[0;34m[1784654295.945] [4120:4120] [CTL] Shutting down the System State, this will teardown the CHIP Stack[0m
[0;34m[1784654295.945] [4120:4120] [DMG] All ReadHandler-s are clean, clear GlobalDirtySet[0m
[0;32m[1784654295.945] [4120:4120] [FP] Shutting down FabricTable[0m
[0;32m[1784654295.945] [4120:4120] [TS] Pending Last Known Good Time: 2023-10-14T01:16:48[0m
[0;32m[1784654295.945] [4120:4120] [TS] Previous Last Known Good Time: 2023-10-14T01:16:48[0m
[0;32m[1784654295.945] [4120:4120] [TS] Reverted Last Known Good Time to previous value[0m
[0;34m[1784654295.947] [4120:4120] [DL] Wrote settings to /tmp/chip_counters.ini[0m
[0;32m[1784654295.947] [4120:4120] [DL] NVS set: chip-counters/total-operational-hours = 0 (0x0)[0m
[0;32m[1784654295.947] [4120:4120] [DL] Inet Layer shutdown[0m
[0;32m[1784654295.947] [4120:4120] [DL] BLE Layer shutdown[0m
[0;32m[1784654295.947] [4120:4120] [DL] WiFi-PAF Layer shutdown[0m
[0;32m[1784654295.947] [4120:4120] [PAF] WiFiPAF: Closing all WiFiPAF sessions to shutdown[0m
[0;32m[1784654295.947] [4120:4120] [DL] System Layer shutdown[0m
