[0;34m[1784654296.358] [4133:4133] [DL] ChipLinuxStorage::Init: Using KVS config file: /tmp/chip_tool_kvs[0m
[1;31m[1784654296.361] [4133:4133] [DL] ChipLinuxStorage::Init: Attempt to re-initialize with KVS config file: /tmp/chip_kvs, IGNORING.[0m
[0;34m[1784654296.362] [4133:4133] [DL] ChipLinuxStorage::Init: Using KVS config file: /tmp/chip_factory.ini[0m
[0;34m[1784654296.362] [4133:4133] [DL] ChipLinuxStorage::Init: Using KVS config file: /tmp/chip_config.ini[0m
[0;34m[1784654296.362] [4133:4133] [DL] ChipLinuxStorage::Init: Using KVS config file: /tmp/chip_counters.ini[0m
[0;34m[1784654296.365] [4133:4133] [DL] Wrote settings to /tmp/chip_counters.ini[0m
[0;32m[1784654296.365] [4133:4133] [DL] NVS set: chip-counters/reboot-count = 6 (0x6)[0m
[0;32m[1784654296.365] [4133:4133] [DL] Got Ethernet interface: enp0s3[0m
[0;32m[1784654296.366] [4133:4133] [DL] Found the primary Ethernet interface:enp0s3[0m
[1;31m[1784654296.366] [4133:4133] [DL] Failed to get WiFi interface[0m
[1;31m[1784654296.366] [4133:4133] [DL] Failed to reset WiFi statistic counts[0m
[0;32m[1784654296.366] [4133:4133] [PAF] WiFiPAF: WiFiPAFLayer::Init()[0m
[0;34m[1784654296.366] [4133:4133] [IN] UDP::Init bind&listen port=0[0m
[0;34m[1784654296.366] [4133:4133] [IN] UDP::Init bound to port=45999[0m
[0;34m[1784654296.366] [4133:4133] [IN] UDP::Init bind&listen port=0[0m
[0;34m[1784654296.366] [4133:4133] [IN] UDP::Init bound to port=41328[0m
[0;34m[1784654296.366] [4133:4133] [IN] BLEBase::Init - setting/overriding transport[0m
[0;34m[1784654296.366] [4133:4133] [IN] WiFiPAFBase::Init - setting/overriding transport[0m
[0;34m[1784654296.366] [4133:4133] [IN] TransportMgr initialized[0m
[0;34m[1784654296.366] [4133:4133] [FP] Initializing FabricTable from persistent storage[0m
[0;32m[1784654296.366] [4133:4133] [TS] Last Known Good Time: 2023-10-14T01:16:48[0m
[0;32m[1784654296.366] [4133:4133] [FP] Fabric index 0x1 was retrieved from storage. Compressed FabricId 0xDC8CBA740494D987, FabricId 0x0000000000000001, NodeId 0x000000000001B669, VendorId 0xFFF1[0m
[0;32m[1784654296.367] [4133:4133] [DMG] Ember attribute persistence requires setting up[0m
[0;32m[1784654296.367] [4133:4133] [ZCL] Using ZAP configuration...[0m
[0;34m[1784654296.367] [4133:4133] [CTL] System State Initialized...[0m
[0;32m[1784654296.367] [4133:4133] [CTL] Setting attestation nonce to random value[0m
[0;32m[1784654296.367] [4133:4133] [CTL] Setting CSR nonce to random value[0m
[0;34m[1784654296.367] [4133:4135] [DL] CHIP task running[0m
[0;32m[1784654296.368] [4133:4135] [CTL] Setting attestation nonce to random value[0m
[0;32m[1784654296.368] [4133:4135] [CTL] Setting CSR nonce to random value[0m
[0;32m[1784654296.368] [4133:4135] [CTL] Generating NOC[0m
[0;32m[1784654296.368] [4133:4135] [FP] Validating NOC chain[0m
[0;32m[1784654296.368] [4133:4135] [FP] NOC chain validation successful[0m
[0;32m[1784654296.368] [4133:4135] [FP] Updated fabric at index: 0x1, Node ID: 0x000000000001B669[0m
[0;32m[1784654296.368] [4133:4135] [TS] Last Known Good Time: 2023-10-14T01:16:48[0m
[0;32m[1784654296.368] [4133:4135] [TS] New proposed Last Known Good Time: 2021-01-01T00:00:00[0m
[0;32m[1784654296.368] [4133:4135] [TS] Retaining current Last Known Good Time[0m
[0;32m[1784654296.369] [4133:4135] [FP] Metadata for Fabric 0x1 persisted to storage.[0m
[0;32m[1784654296.370] [4133:4135] [TS] Committing Last Known Good Time to storage: 2023-10-14T01:16:48[0m
[0;32m[1784654296.370] [4133:4135] [CTL] Joined the fabric at index 1. Fabric ID is 0x0000000000000001 (Compressed Fabric ID: DC8CBA740494D987)[0m
[0;32m[1784654296.374] [4133:4135] [TOO] Sending command to node 0x1[0m
[0;34m[1784654296.374] [4133:4135] [CSM] FindOrEstablishSession: PeerId = [1:0000000000000001][0m
[0;34m[1784654296.374] [4133:4135] [CSM] FindOrEstablishSession: No existing OperationalSessionSetup instance found[0m
[0;34m[1784654296.374] [4133:4135] [DIS] OperationalSessionSetup[1:0000000000000001]: State change 1 --> 2[0m
[0;32m[1784654296.374] [4133:4135] [DIS] Lookup started for DC8CBA740494D987-0000000000000001[0m
[0;32m[1784654296.375] [4133:4135] [DIS] UDP:[fe80::bfe:a203:38f0:bce7%enp0s3]:5540: new best score: 7 (for DC8CBA740494D987-0000000000000001)[0m
[0;34m[1784654296.375] [4133:4135] [DIS] Lookup clearing interface for non LL address[0m
[0;32m[1784654296.375] [4133:4135] [DIS] UDP:10.0.2.15%enp0s3:5540: new best score: 2 (for DC8CBA740494D987-0000000000000001)[0m
[0;32m[1784654296.375] [4133:4135] [DIS] Checking node lookup status for DC8CBA740494D987-0000000000000001 after 0 ms[0m
[0;32m[1784654296.375] [4133:4135] [DIS] Keeping DNSSD lookup active[0m
[0;32m[1784654296.375] [4133:4135] [DIS] UDP:[fe80::bfe:a203:38f0:bce7%enp0s3]:5540: score has not improved: 7 (for DC8CBA740494D987-0000000000000001)[0m
[0;34m[1784654296.375] [4133:4135] [DIS] Lookup clearing interface for non LL address[0m
[0;32m[1784654296.375] [4133:4135] [DIS] UDP:10.0.2.15%enp0s3:5540: score has not improved: 2 (for DC8CBA740494D987-0000000000000001)[0m
[0;32m[1784654296.375] [4133:4135] [DIS] Checking node lookup status for DC8CBA740494D987-0000000000000001 after 0 ms[0m
[0;32m[1784654296.375] [4133:4135] [DIS] Keeping DNSSD lookup active[0m
[0;32m[1784654296.576] [4133:4135] [DIS] Checking node lookup status for DC8CBA740494D987-0000000000000001 after 201 ms[0m
[0;34m[1784654296.576] [4133:4135] [DIS] OperationalSessionSetup[1:0000000000000001]: Updating device address to UDP:[fe80::bfe:a203:38f0:bce7%enp0s3]:5540 while in state 2[0m
[0;34m[1784654296.576] [4133:4135] [DIS] OperationalSessionSetup[1:0000000000000001]: State change 2 --> 3[0m
[0;34m[1784654296.576] [4133:4135] [IN] SecureSession[0x77f264009cd0]: Allocated Type:2 LSID:24651[0m
[0;32m[1784654296.576] [4133:4135] [SC] Initiating session on local FabricIndex 1 from 0x000000000001B669 -> 0x0000000000000001[0m
[0;32m[1784654296.577] [4133:4135] [EM] <<< [E:56775i S:0 M:233503708] (U) Msg TX from 202F2742F4CBC79B to 0:0000000000000000 [0000] [UDP:[fe80::bfe:a203:38f0:bce7%enp0s3]:5540] --- Type 0000:30 (SecureChannel:CASE_Sigma1) (B:196)[0m
[0;32m[1784654296.578] [4133:4135] [EM] ??1 [E:56775i S:0 M:233503708] (U) Msg Retransmission to 0:0000000000000000 scheduled for 656ms from now [State:Idle II:500 AI:300 AT:4000][0m
[0;32m[1784654296.578] [4133:4135] [SC] Sent Sigma1 msg to <0000000000000001, 1> [II:500ms AI:300ms AT:4000ms][0m
[0;34m[1784654296.578] [4133:4135] [DIS] OperationalSessionSetup[1:0000000000000001]: State change 3 --> 4[0m
[0;32m[1784654296.580] [4133:4135] [EM] >>> [E:56775i S:0 M:244985572 (Ack:233503708)] (U) Msg RX from 0:0000000000000000 [0000] to 202F2742F4CBC79B --- Type 0000:31 (SecureChannel:CASE_Sigma2) (B:751)[0m
[0;34m[1784654296.580] [4133:4135] [EM] Found matching exchange: 56775i, Delegate: 0x77f26400b8e8[0m
[0;34m[1784654296.580] [4133:4135] [EM] Rxd Ack; Removing MessageCounter:233503708 from Retrans Table on exchange 56775i[0m
[0;32m[1784654296.580] [4133:4135] [SC] Received Sigma2 msg[0m
[0;34m[1784654296.580] [4133:4135] [SC] Found MRP parameters in the message[0m
[0;34m[1784654296.581] [4133:4135] [SC] Peer <0000000000000001, 1> assigned session ID 29144[0m
[0;34m[1784654296.581] [4133:4135] [SC] Sending Sigma3[0m
[0;32m[1784654296.581] [4133:4135] [EM] <<< [E:56775i S:0 M:233503709 (Ack:244985572)] (U) Msg TX from 202F2742F4CBC79B to 0:0000000000000000 [0000] [UDP:[fe80::bfe:a203:38f0:bce7%enp0s3]:5540] --- Type 0000:32 (SecureChannel:CASE_Sigma3) (B:598)[0m
[0;32m[1784654296.582] [4133:4135] [EM] ??1 [E:56775i S:0 M:233503709] (U) Msg Retransmission to 0:0000000000000000 scheduled for 337ms from now [State:Active II:500 AI:300 AT:4000][0m
[0;32m[1784654296.582] [4133:4135] [SC] Sent Sigma3 msg[0m
[0;32m[1784654296.591] [4133:4135] [EM] >>> [E:56775i S:0 M:244985573 (Ack:233503709)] (U) Msg RX from 0:0000000000000000 [0000] to 202F2742F4CBC79B --- Type 0000:40 (SecureChannel:StatusReport) (B:34)[0m
[0;34m[1784654296.591] [4133:4135] [EM] Found matching exchange: 56775i, Delegate: 0x77f26400b8e8[0m
[0;34m[1784654296.591] [4133:4135] [EM] Rxd Ack; Removing MessageCounter:233503709 from Retrans Table on exchange 56775i[0m
[0;32m[1784654296.591] [4133:4135] [SC] Success status report received. Session was established[0m
[0;32m[1784654296.591] [4133:4135] [SC] SecureSession[0x77f264009cd0, LSID:24651]: State change 'kEstablishing' --> 'kActive'[0m
[0;34m[1784654296.591] [4133:4135] [IN] SecureSession[0x77f264009cd0]: Activated - Type:2 LSID:24651[0m
[0;34m[1784654296.591] [4133:4135] [IN] New secure session activated for device <0000000000000001, 1>, LSID:24651 PSID:29144![0m
[0;34m[1784654296.591] [4133:4135] [DIS] OperationalSessionSetup[1:0000000000000001]: State change 4 --> 5[0m
[0;32m[1784654296.591] [4133:4135] [TOO] Sending cluster (0x0000003E) command (0x00000007) on endpoint 0[0m
[0;34m[1784654296.591] [4133:4135] [DMG] ICR moving to [AddingComm][0m
[0;34m[1784654296.591] [4133:4135] [DMG] ICR moving to [AddedComma][0m
[0;32m[1784654296.592] [4133:4135] [EM] <<< [E:56776i S:24651 M:118068728] (S) Msg TX from 000000000001B669 to 1:0000000000000001 [D987] [UDP:[fe80::bfe:a203:38f0:bce7%enp0s3]:5540] --- Type 0001:08 (IM:InvokeCommandRequest) (B:330)[0m
[0;32m[1784654296.592] [4133:4135] [EM] ??1 [E:56776i S:24651 M:118068728] (S) Msg Retransmission to 1:0000000000000001 scheduled for 380ms from now [State:Active II:500 AI:300 AT:4000][0m
[0;34m[1784654296.592] [4133:4135] [DMG] ICR moving to [AwaitingRe][0m
[0;32m[1784654296.592] [4133:4135] [EM] <<< [E:56775i S:0 M:233503710 (Ack:244985573)] (U) Msg TX from 202F2742F4CBC79B to 0:0000000000000000 [0000] [UDP:[fe80::bfe:a203:38f0:bce7%enp0s3]:5540] --- Type 0000:10 (SecureChannel:StandaloneAck) (B:26)[0m
[0;34m[1784654296.592] [4133:4135] [EM] Flushed pending ack for MessageCounter:244985573 on exchange 56775i[0m
[0;32m[1784654296.602] [4133:4135] [EM] >>> [E:56776i S:24651 M:141893569 (Ack:118068728)] (S) Msg RX from 1:0000000000000001 [D987] to 000000000001B669 --- Type 0001:09 (IM:InvokeCommandResponse) (B:70)[0m
[0;34m[1784654296.602] [4133:4135] [EM] Found matching exchange: 56776i, Delegate: 0x77f26400eef8[0m
[0;34m[1784654296.602] [4133:4135] [EM] Rxd Ack; Removing MessageCounter:118068728 from Retrans Table on exchange 56776i[0m
[0;34m[1784654296.602] [4133:4135] [DMG] ICR moving to [ResponseRe][0m
[0;34m[1784654296.602] [4133:4135] [DMG] InvokeResponseMessage =[0m
[0;34m[1784654296.602] [4133:4135] [DMG] {[0m
[0;34m[1784654296.602] [4133:4135] [DMG] 	suppressResponse = false, [0m
[0;34m[1784654296.602] [4133:4135] [DMG] 	InvokeResponseIBs =[0m
[0;34m[1784654296.602] [4133:4135] [DMG] 	[[0m
[0;34m[1784654296.602] [4133:4135] [DMG] 		InvokeResponseIB =[0m
[0;34m[1784654296.602] [4133:4135] [DMG] 		{[0m
[0;34m[1784654296.602] [4133:4135] [DMG] 			CommandDataIB =[0m
[0;34m[1784654296.602] [4133:4135] [DMG] 			{[0m
[0;34m[1784654296.602] [4133:4135] [DMG] 				CommandPathIB =[0m
[0;34m[1784654296.602] [4133:4135] [DMG] 				{[0m
[0;34m[1784654296.602] [4133:4135] [DMG] 					EndpointId = 0x0,[0m
[0;34m[1784654296.602] [4133:4135] [DMG] 					ClusterId = 0x3e,[0m
[0;34m[1784654296.602] [4133:4135] [DMG] 					CommandId = 0x8,[0m
[0;34m[1784654296.602] [4133:4135] [DMG] 				},[0m
[0;34m[1784654296.602] [4133:4135] [DMG] 				[0m
[0;34m[1784654296.602] [4133:4135] [DMG] 				CommandFields = [0m
[0;34m[1784654296.602] [4133:4135] [DMG] 				{[0m
[0;34m[1784654296.602] [4133:4135] [DMG] 					0x0 = 0 (unsigned), [0m
[0;34m[1784654296.602] [4133:4135] [DMG] 					0x1 = 1 (unsigned), [0m
[0;34m[1784654296.602] [4133:4135] [DMG] 				},[0m
[0;34m[1784654296.602] [4133:4135] [DMG] 			},[0m
[0;34m[1784654296.602] [4133:4135] [DMG] 			[0m
[0;34m[1784654296.602] [4133:4135] [DMG] 		},[0m
[0;34m[1784654296.602] [4133:4135] [DMG] 		[0m
[0;34m[1784654296.602] [4133:4135] [DMG] 	],[0m
[0;34m[1784654296.602] [4133:4135] [DMG] 	[0m
[0;34m[1784654296.602] [4133:4135] [DMG] 	InteractionModelRevision = 12[0m
[0;34m[1784654296.602] [4133:4135] [DMG] },[0m
[0;32m[1784654296.602] [4133:4135] [DMG] Received Command Response Data, Endpoint=0 Cluster=0x0000_003E Command=0x0000_0008[0m
[0;32m[1784654296.602] [4133:4135] [TOO] Endpoint: 0 Cluster: 0x0000_003E Command 0x0000_0008[0m
[0;32m[1784654296.602] [4133:4135] [TOO]   NOCResponse: {[0m
[0;32m[1784654296.602] [4133:4135] [TOO]     statusCode: 0[0m
[0;32m[1784654296.602] [4133:4135] [TOO]     fabricIndex: 1[0m
[0;32m[1784654296.602] [4133:4135] [TOO]    }[0m
[0;34m[1784654296.602] [4133:4135] [DMG] ICR moving to [AwaitingDe][0m
[0;32m[1784654296.603] [4133:4135] [EM] <<< [E:56776i S:24651 M:118068729 (Ack:141893569)] (S) Msg TX from 000000000001B669 to 1:0000000000000001 [D987] [UDP:[fe80::bfe:a203:38f0:bce7%enp0s3]:5540] --- Type 0000:10 (SecureChannel:StandaloneAck) (B:34)[0m
[0;34m[1784654296.603] [4133:4135] [EM] Flushed pending ack for MessageCounter:141893569 on exchange 56776i[0m
[0;34m[1784654296.603] [4133:4133] [CTL] Shutting down the commissioner[0m
[0;32m[1784654296.603] [4133:4133] [PAF] WiFiPAF: Closing all WiFiPAF sessions to shutdown[0m
[0;34m[1784654296.603] [4133:4133] [CTL] Shutting down the controller[0m
[0;34m[1784654296.603] [4133:4133] [IN] Expiring all sessions for fabric 0x1!![0m
[0;34m[1784654296.603] [4133:4133] [IN] SecureSession[0x77f264009cd0]: MarkForEviction Type:2 LSID:24651[0m
[0;32m[1784654296.603] [4133:4133] [SC] SecureSession[0x77f264009cd0, LSID:24651]: State change 'kActive' --> 'kPendingEviction'[0m
[0;34m[1784654296.603] [4133:4133] [IN] SecureSession[0x77f264009cd0]: Released - Type:2 LSID:24651[0m
[0;32m[1784654296.603] [4133:4133] [FP] Forgetting fabric 0x1[0m
[0;32m[1784654296.603] [4133:4133] [TS] Pending Last Known Good Time: 2023-10-14T01:16:48[0m
[0;32m[1784654296.603] [4133:4133] [TS] Previous Last Known Good Time: 2023-10-14T01:16:48[0m
[0;32m[1784654296.603] [4133:4133] [TS] Reverted Last Known Good Time to previous value[0m
[0;34m[1784654296.603] [4133:4133] [CTL] Shutting down the commissioner[0m
[0;32m[1784654296.603] [4133:4133] [PAF] WiFiPAF: Closing all WiFiPAF sessions to shutdown[0m
[0;34m[1784654296.603] [4133:4133] [CTL] Shutting down the controller[0m
[0;34m[1784654296.603] [4133:4133] [CTL] Shutting down the System State, this will teardown the CHIP Stack[0m
[0;34m[1784654296.603] [4133:4133] [DMG] All ReadHandler-s are clean, clear GlobalDirtySet[0m
[0;32m[1784654296.603] [4133:4133] [FP] Shutting down FabricTable[0m
[0;32m[1784654296.603] [4133:4133] [TS] Pending Last Known Good Time: 2023-10-14T01:16:48[0m
[0;32m[1784654296.603] [4133:4133] [TS] Previous Last Known Good Time: 2023-10-14T01:16:48[0m
[0;32m[1784654296.603] [4133:4133] [TS] Reverted Last Known Good Time to previous value[0m
[0;34m[1784654296.605] [4133:4133] [DL] Wrote settings to /tmp/chip_counters.ini[0m
[0;32m[1784654296.606] [4133:4133] [DL] NVS set: chip-counters/total-operational-hours = 0 (0x0)[0m
[0;32m[1784654296.606] [4133:4133] [DL] Inet Layer shutdown[0m
[0;32m[1784654296.606] [4133:4133] [DL] BLE Layer shutdown[0m
[0;32m[1784654296.606] [4133:4133] [DL] WiFi-PAF Layer shutdown[0m
[0;32m[1784654296.606] [4133:4133] [PAF] WiFiPAF: Closing all WiFiPAF sessions to shutdown[0m
[0;32m[1784654296.606] [4133:4133] [DL] System Layer shutdown[0m
