[0;34m[1784837586.746] [21525:21525] [DL] ChipLinuxStorage::Init: Using KVS config file: /tmp/chip_tool_kvs[0m
[1;31m[1784837586.748] [21525:21525] [DL] ChipLinuxStorage::Init: Attempt to re-initialize with KVS config file: /tmp/chip_kvs, IGNORING.[0m
[0;34m[1784837586.751] [21525:21525] [DL] ChipLinuxStorage::Init: Using KVS config file: /tmp/chip_factory.ini[0m
[0;34m[1784837586.751] [21525:21525] [DL] ChipLinuxStorage::Init: Using KVS config file: /tmp/chip_config.ini[0m
[0;34m[1784837586.751] [21525:21525] [DL] ChipLinuxStorage::Init: Using KVS config file: /tmp/chip_counters.ini[0m
[0;34m[1784837586.753] [21525:21525] [DL] Wrote settings to /tmp/chip_counters.ini[0m
[0;32m[1784837586.753] [21525:21525] [DL] NVS set: chip-counters/reboot-count = 3 (0x3)[0m
[0;32m[1784837586.753] [21525:21525] [DL] Got Ethernet interface: enp0s3[0m
[0;32m[1784837586.753] [21525:21525] [DL] Found the primary Ethernet interface:enp0s3[0m
[1;31m[1784837586.754] [21525:21525] [DL] Failed to get WiFi interface[0m
[1;31m[1784837586.754] [21525:21525] [DL] Failed to reset WiFi statistic counts[0m
[0;32m[1784837586.754] [21525:21525] [PAF] WiFiPAF: WiFiPAFLayer::Init()[0m
[0;34m[1784837586.754] [21525:21525] [IN] UDP::Init bind&listen port=0[0m
[0;34m[1784837586.754] [21525:21525] [IN] UDP::Init bound to port=60773[0m
[0;34m[1784837586.754] [21525:21525] [IN] UDP::Init bind&listen port=0[0m
[0;34m[1784837586.754] [21525:21525] [IN] UDP::Init bound to port=50617[0m
[0;34m[1784837586.754] [21525:21525] [IN] BLEBase::Init - setting/overriding transport[0m
[0;34m[1784837586.754] [21525:21525] [IN] WiFiPAFBase::Init - setting/overriding transport[0m
[0;34m[1784837586.754] [21525:21525] [IN] TransportMgr initialized[0m
[0;34m[1784837586.754] [21525:21525] [FP] Initializing FabricTable from persistent storage[0m
[0;32m[1784837586.754] [21525:21525] [TS] Last Known Good Time: 2023-10-14T01:16:48[0m
[0;32m[1784837586.754] [21525:21525] [FP] Fabric index 0x1 was retrieved from storage. Compressed FabricId 0xE3853EAF39DE71D6, FabricId 0x0000000000000001, NodeId 0x000000000001B669, VendorId 0xFFF1[0m
[0;32m[1784837586.755] [21525:21525] [DMG] Ember attribute persistence requires setting up[0m
[0;32m[1784837586.755] [21525:21525] [ZCL] Using ZAP configuration...[0m
[0;34m[1784837586.755] [21525:21525] [CTL] System State Initialized...[0m
[0;32m[1784837586.755] [21525:21525] [CTL] Setting attestation nonce to random value[0m
[0;32m[1784837586.755] [21525:21525] [CTL] Setting CSR nonce to random value[0m
[0;34m[1784837586.755] [21525:21527] [DL] CHIP task running[0m
[0;32m[1784837586.755] [21525:21527] [CTL] Setting attestation nonce to random value[0m
[0;32m[1784837586.756] [21525:21527] [CTL] Setting CSR nonce to random value[0m
[0;32m[1784837586.756] [21525:21527] [CTL] Generating NOC[0m
[0;32m[1784837586.756] [21525:21527] [FP] Validating NOC chain[0m
[0;32m[1784837586.757] [21525:21527] [FP] NOC chain validation successful[0m
[0;32m[1784837586.757] [21525:21527] [FP] Updated fabric at index: 0x1, Node ID: 0x000000000001B669[0m
[0;32m[1784837586.757] [21525:21527] [TS] Last Known Good Time: 2023-10-14T01:16:48[0m
[0;32m[1784837586.757] [21525:21527] [TS] New proposed Last Known Good Time: 2021-01-01T00:00:00[0m
[0;32m[1784837586.757] [21525:21527] [TS] Retaining current Last Known Good Time[0m
[0;32m[1784837586.759] [21525:21527] [FP] Metadata for Fabric 0x1 persisted to storage.[0m
[0;32m[1784837586.760] [21525:21527] [TS] Committing Last Known Good Time to storage: 2023-10-14T01:16:48[0m
[0;32m[1784837586.760] [21525:21527] [CTL] Joined the fabric at index 1. Fabric ID is 0x0000000000000001 (Compressed Fabric ID: E3853EAF39DE71D6)[0m
[0;32m[1784837586.764] [21525:21527] [TOO] Sending command to node 0x1[0m
[0;34m[1784837586.764] [21525:21527] [CSM] FindOrEstablishSession: PeerId = [1:0000000000000001][0m
[0;34m[1784837586.764] [21525:21527] [CSM] FindOrEstablishSession: No existing OperationalSessionSetup instance found[0m
[0;34m[1784837586.764] [21525:21527] [DIS] OperationalSessionSetup[1:0000000000000001]: State change 1 --> 2[0m
[0;32m[1784837586.765] [21525:21527] [DIS] Lookup started for E3853EAF39DE71D6-0000000000000001[0m
[0;32m[1784837586.765] [21525:21527] [DIS] UDP:[fe80::bfe:a203:38f0:bce7%enp0s3]:5540: new best score: 7 (for E3853EAF39DE71D6-0000000000000001)[0m
[0;34m[1784837586.765] [21525:21527] [DIS] Lookup clearing interface for non LL address[0m
[0;32m[1784837586.765] [21525:21527] [DIS] UDP:10.0.2.15%enp0s3:5540: new best score: 2 (for E3853EAF39DE71D6-0000000000000001)[0m
[0;32m[1784837586.765] [21525:21527] [DIS] Checking node lookup status for E3853EAF39DE71D6-0000000000000001 after 0 ms[0m
[0;32m[1784837586.765] [21525:21527] [DIS] Keeping DNSSD lookup active[0m
[0;32m[1784837586.765] [21525:21527] [DIS] UDP:[fe80::bfe:a203:38f0:bce7%enp0s3]:5540: score has not improved: 7 (for E3853EAF39DE71D6-0000000000000001)[0m
[0;34m[1784837586.765] [21525:21527] [DIS] Lookup clearing interface for non LL address[0m
[0;32m[1784837586.765] [21525:21527] [DIS] UDP:10.0.2.15%enp0s3:5540: score has not improved: 2 (for E3853EAF39DE71D6-0000000000000001)[0m
[0;32m[1784837586.765] [21525:21527] [DIS] Checking node lookup status for E3853EAF39DE71D6-0000000000000001 after 0 ms[0m
[0;32m[1784837586.765] [21525:21527] [DIS] Keeping DNSSD lookup active[0m
[0;32m[1784837586.965] [21525:21527] [DIS] Checking node lookup status for E3853EAF39DE71D6-0000000000000001 after 201 ms[0m
[0;34m[1784837586.965] [21525:21527] [DIS] OperationalSessionSetup[1:0000000000000001]: Updating device address to UDP:[fe80::bfe:a203:38f0:bce7%enp0s3]:5540 while in state 2[0m
[0;34m[1784837586.965] [21525:21527] [DIS] OperationalSessionSetup[1:0000000000000001]: State change 2 --> 3[0m
[0;34m[1784837586.965] [21525:21527] [IN] SecureSession[0x774824009cd0]: Allocated Type:2 LSID:8579[0m
[0;32m[1784837586.966] [21525:21527] [SC] Initiating session on local FabricIndex 1 from 0x000000000001B669 -> 0x0000000000000001[0m
[0;32m[1784837586.966] [21525:21527] [EM] <<< [E:9947i S:0 M:179743295] (U) Msg TX from 6C46F5CD6A617567 to 0:0000000000000000 [0000] [UDP:[fe80::bfe:a203:38f0:bce7%enp0s3]:5540] --- Type 0000:30 (SecureChannel:CASE_Sigma1) (B:196)[0m
[0;32m[1784837586.967] [21525:21527] [EM] ??1 [E:9947i S:0 M:179743295] (U) Msg Retransmission to 0:0000000000000000 scheduled for 603ms from now [State:Idle II:500 AI:300 AT:4000][0m
[0;32m[1784837586.967] [21525:21527] [SC] Sent Sigma1 msg to <0000000000000001, 1> [II:500ms AI:300ms AT:4000ms][0m
[0;34m[1784837586.967] [21525:21527] [DIS] OperationalSessionSetup[1:0000000000000001]: State change 3 --> 4[0m
[0;32m[1784837586.969] [21525:21527] [EM] >>> [E:9947i S:0 M:166415750 (Ack:179743295)] (U) Msg RX from 0:0000000000000000 [0000] to 6C46F5CD6A617567 --- Type 0000:31 (SecureChannel:CASE_Sigma2) (B:751)[0m
[0;34m[1784837586.969] [21525:21527] [EM] Found matching exchange: 9947i, Delegate: 0x77482400b8e8[0m
[0;34m[1784837586.969] [21525:21527] [EM] Rxd Ack; Removing MessageCounter:179743295 from Retrans Table on exchange 9947i[0m
[0;32m[1784837586.969] [21525:21527] [SC] Received Sigma2 msg[0m
[0;34m[1784837586.969] [21525:21527] [SC] Found MRP parameters in the message[0m
[0;34m[1784837586.970] [21525:21527] [SC] Peer <0000000000000001, 1> assigned session ID 2769[0m
[0;34m[1784837586.970] [21525:21527] [SC] Sending Sigma3[0m
[0;32m[1784837586.970] [21525:21527] [EM] <<< [E:9947i S:0 M:179743296 (Ack:166415750)] (U) Msg TX from 6C46F5CD6A617567 to 0:0000000000000000 [0000] [UDP:[fe80::bfe:a203:38f0:bce7%enp0s3]:5540] --- Type 0000:32 (SecureChannel:CASE_Sigma3) (B:598)[0m
[0;32m[1784837586.970] [21525:21527] [EM] ??1 [E:9947i S:0 M:179743296] (U) Msg Retransmission to 0:0000000000000000 scheduled for 366ms from now [State:Active II:500 AI:300 AT:4000][0m
[0;32m[1784837586.970] [21525:21527] [SC] Sent Sigma3 msg[0m
[0;32m[1784837586.982] [21525:21527] [EM] >>> [E:9947i S:0 M:166415751 (Ack:179743296)] (U) Msg RX from 0:0000000000000000 [0000] to 6C46F5CD6A617567 --- Type 0000:40 (SecureChannel:StatusReport) (B:34)[0m
[0;34m[1784837586.982] [21525:21527] [EM] Found matching exchange: 9947i, Delegate: 0x77482400b8e8[0m
[0;34m[1784837586.982] [21525:21527] [EM] Rxd Ack; Removing MessageCounter:179743296 from Retrans Table on exchange 9947i[0m
[0;32m[1784837586.982] [21525:21527] [SC] Success status report received. Session was established[0m
[0;32m[1784837586.983] [21525:21527] [SC] SecureSession[0x774824009cd0, LSID:8579]: State change 'kEstablishing' --> 'kActive'[0m
[0;34m[1784837586.983] [21525:21527] [IN] SecureSession[0x774824009cd0]: Activated - Type:2 LSID:8579[0m
[0;34m[1784837586.983] [21525:21527] [IN] New secure session activated for device <0000000000000001, 1>, LSID:8579 PSID:2769![0m
[0;34m[1784837586.983] [21525:21527] [DIS] OperationalSessionSetup[1:0000000000000001]: State change 4 --> 5[0m
[0;32m[1784837586.983] [21525:21527] [TOO] Sending ReadAttribute to:[0m
[0;32m[1784837586.983] [21525:21527] [TOO] 	cluster 0x0000_0038, attribute: 0x0000_0000, endpoint 0[0m
[0;34m[1784837586.983] [21525:21527] [DMG] SendReadRequest ReadClient[0x77482400eef0]: Sending Read Request[0m
[0;32m[1784837586.983] [21525:21527] [DMG] 0 data version filters provided, 0 not relevant, 0 encoded, 0 skipped due to lack of space[0m
[0;32m[1784837586.983] [21525:21527] [EM] <<< [E:9948i S:8579 M:30995313] (S) Msg TX from 000000000001B669 to 1:0000000000000001 [71D6] [UDP:[fe80::bfe:a203:38f0:bce7%enp0s3]:5540] --- Type 0001:02 (IM:ReadRequest) (B:51)[0m
[0;32m[1784837586.983] [21525:21527] [EM] ??1 [E:9948i S:8579 M:30995313] (S) Msg Retransmission to 1:0000000000000001 scheduled for 333ms from now [State:Active II:500 AI:300 AT:4000][0m
[0;34m[1784837586.983] [21525:21527] [DMG] MoveToState ReadClient[0x77482400eef0]: Moving to [AwaitingIn][0m
[0;32m[1784837586.983] [21525:21527] [EM] <<< [E:9947i S:0 M:179743297 (Ack:166415751)] (U) Msg TX from 6C46F5CD6A617567 to 0:0000000000000000 [0000] [UDP:[fe80::bfe:a203:38f0:bce7%enp0s3]:5540] --- Type 0000:10 (SecureChannel:StandaloneAck) (B:26)[0m
[0;34m[1784837586.983] [21525:21527] [EM] Flushed pending ack for MessageCounter:166415751 on exchange 9947i[0m
[0;32m[1784837586.984] [21525:21527] [EM] >>> [E:9948i S:8579 M:209440087 (Ack:30995313)] (S) Msg RX from 1:0000000000000001 [71D6] to 000000000001B669 --- Type 0001:05 (IM:ReportData) (B:77)[0m
[0;34m[1784837586.984] [21525:21527] [EM] Found matching exchange: 9948i, Delegate: 0x77482400ef00[0m
[0;34m[1784837586.984] [21525:21527] [EM] Rxd Ack; Removing MessageCounter:30995313 from Retrans Table on exchange 9948i[0m
[0;34m[1784837586.984] [21525:21527] [DMG] ReportDataMessage =[0m
[0;34m[1784837586.984] [21525:21527] [DMG] {[0m
[0;34m[1784837586.984] [21525:21527] [DMG] 	AttributeReportIBs =[0m
[0;34m[1784837586.984] [21525:21527] [DMG] 	[[0m
[0;34m[1784837586.984] [21525:21527] [DMG] 		AttributeReportIB =[0m
[0;34m[1784837586.984] [21525:21527] [DMG] 		{[0m
[0;34m[1784837586.984] [21525:21527] [DMG] 			AttributeDataIB =[0m
[0;34m[1784837586.984] [21525:21527] [DMG] 			{[0m
[0;34m[1784837586.984] [21525:21527] [DMG] 				DataVersion = 0x846fd3d0,[0m
[0;34m[1784837586.984] [21525:21527] [DMG] 				AttributePathIB =[0m
[0;34m[1784837586.984] [21525:21527] [DMG] 				{[0m
[0;34m[1784837586.984] [21525:21527] [DMG] 					Endpoint = 0x0,[0m
[0;34m[1784837586.984] [21525:21527] [DMG] 					Cluster = 0x38,[0m
[0;34m[1784837586.984] [21525:21527] [DMG] 					Attribute = 0x0000_0000,[0m
[0;34m[1784837586.984] [21525:21527] [DMG] 				}[0m
[0;34m[1784837586.984] [21525:21527] [DMG] 					[0m
[0;34m[1784837586.984] [21525:21527] [DMG] 				Data = 838152786983883 (unsigned), [0m
[0;34m[1784837586.984] [21525:21527] [DMG] 			},[0m
[0;34m[1784837586.984] [21525:21527] [DMG] 			[0m
[0;34m[1784837586.984] [21525:21527] [DMG] 		},[0m
[0;34m[1784837586.984] [21525:21527] [DMG] 		[0m
[0;34m[1784837586.984] [21525:21527] [DMG] 	],[0m
[0;34m[1784837586.984] [21525:21527] [DMG] 	[0m
[0;34m[1784837586.984] [21525:21527] [DMG] 	SuppressResponse = true, [0m
[0;34m[1784837586.984] [21525:21527] [DMG] 	InteractionModelRevision = 12[0m
[0;34m[1784837586.984] [21525:21527] [DMG] }[0m
[0;32m[1784837586.984] [21525:21527] [TOO] Endpoint: 0 Cluster: 0x0000_0038 Attribute 0x0000_0000 DataVersion: 2221921232[0m
[0;32m[1784837586.984] [21525:21527] [TOO]   UTCTime: 838152786983883[0m
[0;32m[1784837586.984] [21525:21527] [EM] <<< [E:9948i S:8579 M:30995314 (Ack:209440087)] (S) Msg TX from 000000000001B669 to 1:0000000000000001 [71D6] [UDP:[fe80::bfe:a203:38f0:bce7%enp0s3]:5540] --- Type 0000:10 (SecureChannel:StandaloneAck) (B:34)[0m
[0;34m[1784837586.984] [21525:21527] [EM] Flushed pending ack for MessageCounter:209440087 on exchange 9948i[0m
[0;34m[1784837586.984] [21525:21525] [CTL] Shutting down the commissioner[0m
[0;32m[1784837586.984] [21525:21525] [PAF] WiFiPAF: Closing all WiFiPAF sessions to shutdown[0m
[0;34m[1784837586.984] [21525:21525] [CTL] Shutting down the controller[0m
[0;34m[1784837586.984] [21525:21525] [IN] Expiring all sessions for fabric 0x1!![0m
[0;34m[1784837586.984] [21525:21525] [IN] SecureSession[0x774824009cd0]: MarkForEviction Type:2 LSID:8579[0m
[0;32m[1784837586.984] [21525:21525] [SC] SecureSession[0x774824009cd0, LSID:8579]: State change 'kActive' --> 'kPendingEviction'[0m
[0;34m[1784837586.984] [21525:21525] [IN] SecureSession[0x774824009cd0]: Released - Type:2 LSID:8579[0m
[0;32m[1784837586.984] [21525:21525] [FP] Forgetting fabric 0x1[0m
[0;32m[1784837586.984] [21525:21525] [TS] Pending Last Known Good Time: 2023-10-14T01:16:48[0m
[0;32m[1784837586.984] [21525:21525] [TS] Previous Last Known Good Time: 2023-10-14T01:16:48[0m
[0;32m[1784837586.984] [21525:21525] [TS] Reverted Last Known Good Time to previous value[0m
[0;34m[1784837586.984] [21525:21525] [CTL] Shutting down the commissioner[0m
[0;32m[1784837586.984] [21525:21525] [PAF] WiFiPAF: Closing all WiFiPAF sessions to shutdown[0m
[0;34m[1784837586.984] [21525:21525] [CTL] Shutting down the controller[0m
[0;34m[1784837586.984] [21525:21525] [CTL] Shutting down the System State, this will teardown the CHIP Stack[0m
[0;34m[1784837586.984] [21525:21525] [DMG] All ReadHandler-s are clean, clear GlobalDirtySet[0m
[0;32m[1784837586.984] [21525:21525] [FP] Shutting down FabricTable[0m
[0;32m[1784837586.984] [21525:21525] [TS] Pending Last Known Good Time: 2023-10-14T01:16:48[0m
[0;32m[1784837586.984] [21525:21525] [TS] Previous Last Known Good Time: 2023-10-14T01:16:48[0m
[0;32m[1784837586.984] [21525:21525] [TS] Reverted Last Known Good Time to previous value[0m
[0;34m[1784837586.986] [21525:21525] [DL] Wrote settings to /tmp/chip_counters.ini[0m
[0;32m[1784837586.986] [21525:21525] [DL] NVS set: chip-counters/total-operational-hours = 0 (0x0)[0m
[0;32m[1784837586.986] [21525:21525] [DL] Inet Layer shutdown[0m
[0;32m[1784837586.986] [21525:21525] [DL] BLE Layer shutdown[0m
[0;32m[1784837586.986] [21525:21525] [DL] WiFi-PAF Layer shutdown[0m
[0;32m[1784837586.986] [21525:21525] [PAF] WiFiPAF: Closing all WiFiPAF sessions to shutdown[0m
[0;32m[1784837586.986] [21525:21525] [DL] System Layer shutdown[0m
