[0;34m[1784833848.707] [11878:11878] [DL] ChipLinuxStorage::Init: Using KVS config file: /tmp/chip_tool_kvs[0m
[1;31m[1784833848.710] [11878:11878] [DL] ChipLinuxStorage::Init: Attempt to re-initialize with KVS config file: /tmp/chip_kvs, IGNORING.[0m
[0;34m[1784833848.711] [11878:11878] [DL] ChipLinuxStorage::Init: Using KVS config file: /tmp/chip_factory.ini[0m
[0;34m[1784833848.711] [11878:11878] [DL] ChipLinuxStorage::Init: Using KVS config file: /tmp/chip_config.ini[0m
[0;34m[1784833848.711] [11878:11878] [DL] ChipLinuxStorage::Init: Using KVS config file: /tmp/chip_counters.ini[0m
[0;34m[1784833848.715] [11878:11878] [DL] Wrote settings to /tmp/chip_counters.ini[0m
[0;32m[1784833848.715] [11878:11878] [DL] NVS set: chip-counters/reboot-count = 3 (0x3)[0m
[0;32m[1784833848.715] [11878:11878] [DL] Got Ethernet interface: enp0s3[0m
[0;32m[1784833848.715] [11878:11878] [DL] Found the primary Ethernet interface:enp0s3[0m
[1;31m[1784833848.715] [11878:11878] [DL] Failed to get WiFi interface[0m
[1;31m[1784833848.715] [11878:11878] [DL] Failed to reset WiFi statistic counts[0m
[0;32m[1784833848.715] [11878:11878] [PAF] WiFiPAF: WiFiPAFLayer::Init()[0m
[0;34m[1784833848.715] [11878:11878] [IN] UDP::Init bind&listen port=0[0m
[0;34m[1784833848.715] [11878:11878] [IN] UDP::Init bound to port=56942[0m
[0;34m[1784833848.715] [11878:11878] [IN] UDP::Init bind&listen port=0[0m
[0;34m[1784833848.715] [11878:11878] [IN] UDP::Init bound to port=49392[0m
[0;34m[1784833848.715] [11878:11878] [IN] BLEBase::Init - setting/overriding transport[0m
[0;34m[1784833848.715] [11878:11878] [IN] WiFiPAFBase::Init - setting/overriding transport[0m
[0;34m[1784833848.715] [11878:11878] [IN] TransportMgr initialized[0m
[0;34m[1784833848.715] [11878:11878] [FP] Initializing FabricTable from persistent storage[0m
[0;32m[1784833848.715] [11878:11878] [TS] Last Known Good Time: 2023-10-14T01:16:48[0m
[0;32m[1784833848.715] [11878:11878] [FP] Fabric index 0x1 was retrieved from storage. Compressed FabricId 0x324106A565777610, FabricId 0x0000000000000001, NodeId 0x000000000001B669, VendorId 0xFFF1[0m
[0;32m[1784833848.716] [11878:11878] [DMG] Ember attribute persistence requires setting up[0m
[0;32m[1784833848.716] [11878:11878] [ZCL] Using ZAP configuration...[0m
[0;34m[1784833848.717] [11878:11878] [CTL] System State Initialized...[0m
[0;32m[1784833848.717] [11878:11878] [CTL] Setting attestation nonce to random value[0m
[0;32m[1784833848.717] [11878:11878] [CTL] Setting CSR nonce to random value[0m
[0;34m[1784833848.717] [11878:11880] [DL] CHIP task running[0m
[0;32m[1784833848.717] [11878:11880] [CTL] Setting attestation nonce to random value[0m
[0;32m[1784833848.717] [11878:11880] [CTL] Setting CSR nonce to random value[0m
[0;32m[1784833848.717] [11878:11880] [CTL] Generating NOC[0m
[0;32m[1784833848.717] [11878:11880] [FP] Validating NOC chain[0m
[0;32m[1784833848.718] [11878:11880] [FP] NOC chain validation successful[0m
[0;32m[1784833848.718] [11878:11880] [FP] Updated fabric at index: 0x1, Node ID: 0x000000000001B669[0m
[0;32m[1784833848.718] [11878:11880] [TS] Last Known Good Time: 2023-10-14T01:16:48[0m
[0;32m[1784833848.718] [11878:11880] [TS] New proposed Last Known Good Time: 2021-01-01T00:00:00[0m
[0;32m[1784833848.718] [11878:11880] [TS] Retaining current Last Known Good Time[0m
[0;32m[1784833848.724] [11878:11880] [FP] Metadata for Fabric 0x1 persisted to storage.[0m
[0;32m[1784833848.732] [11878:11880] [TS] Committing Last Known Good Time to storage: 2023-10-14T01:16:48[0m
[0;32m[1784833848.734] [11878:11880] [CTL] Joined the fabric at index 1. Fabric ID is 0x0000000000000001 (Compressed Fabric ID: 324106A565777610)[0m
[0;32m[1784833848.741] [11878:11880] [TOO] Sending command to node 0x1[0m
[0;34m[1784833848.741] [11878:11880] [CSM] FindOrEstablishSession: PeerId = [1:0000000000000001][0m
[0;34m[1784833848.741] [11878:11880] [CSM] FindOrEstablishSession: No existing OperationalSessionSetup instance found[0m
[0;34m[1784833848.741] [11878:11880] [DIS] OperationalSessionSetup[1:0000000000000001]: State change 1 --> 2[0m
[0;32m[1784833848.741] [11878:11880] [DIS] Lookup started for 324106A565777610-0000000000000001[0m
[0;32m[1784833848.741] [11878:11880] [DIS] UDP:[fe80::bfe:a203:38f0:bce7%enp0s3]:5540: new best score: 7 (for 324106A565777610-0000000000000001)[0m
[0;34m[1784833848.741] [11878:11880] [DIS] Lookup clearing interface for non LL address[0m
[0;32m[1784833848.741] [11878:11880] [DIS] UDP:10.0.2.15%enp0s3:5540: new best score: 2 (for 324106A565777610-0000000000000001)[0m
[0;32m[1784833848.741] [11878:11880] [DIS] Checking node lookup status for 324106A565777610-0000000000000001 after 0 ms[0m
[0;32m[1784833848.741] [11878:11880] [DIS] Keeping DNSSD lookup active[0m
[0;32m[1784833848.741] [11878:11880] [DIS] UDP:[fe80::bfe:a203:38f0:bce7%enp0s3]:5540: score has not improved: 7 (for 324106A565777610-0000000000000001)[0m
[0;34m[1784833848.741] [11878:11880] [DIS] Lookup clearing interface for non LL address[0m
[0;32m[1784833848.741] [11878:11880] [DIS] UDP:10.0.2.15%enp0s3:5540: score has not improved: 2 (for 324106A565777610-0000000000000001)[0m
[0;32m[1784833848.741] [11878:11880] [DIS] Checking node lookup status for 324106A565777610-0000000000000001 after 0 ms[0m
[0;32m[1784833848.741] [11878:11880] [DIS] Keeping DNSSD lookup active[0m
[0;32m[1784833848.942] [11878:11880] [DIS] Checking node lookup status for 324106A565777610-0000000000000001 after 201 ms[0m
[0;34m[1784833848.942] [11878:11880] [DIS] OperationalSessionSetup[1:0000000000000001]: Updating device address to UDP:[fe80::bfe:a203:38f0:bce7%enp0s3]:5540 while in state 2[0m
[0;34m[1784833848.942] [11878:11880] [DIS] OperationalSessionSetup[1:0000000000000001]: State change 2 --> 3[0m
[0;34m[1784833848.942] [11878:11880] [IN] SecureSession[0x7989d0009cd0]: Allocated Type:2 LSID:28723[0m
[0;32m[1784833848.942] [11878:11880] [SC] Initiating session on local FabricIndex 1 from 0x000000000001B669 -> 0x0000000000000001[0m
[0;32m[1784833848.943] [11878:11880] [EM] <<< [E:29973i S:0 M:19231923] (U) Msg TX from 5537EB971778C343 to 0:0000000000000000 [0000] [UDP:[fe80::bfe:a203:38f0:bce7%enp0s3]:5540] --- Type 0000:30 (SecureChannel:CASE_Sigma1) (B:196)[0m
[0;32m[1784833848.943] [11878:11880] [EM] ??1 [E:29973i S:0 M:19231923] (U) Msg Retransmission to 0:0000000000000000 scheduled for 609ms from now [State:Idle II:500 AI:300 AT:4000][0m
[0;32m[1784833848.943] [11878:11880] [SC] Sent Sigma1 msg to <0000000000000001, 1> [II:500ms AI:300ms AT:4000ms][0m
[0;34m[1784833848.943] [11878:11880] [DIS] OperationalSessionSetup[1:0000000000000001]: State change 3 --> 4[0m
[0;32m[1784833848.944] [11878:11880] [EM] >>> [E:29973i S:0 M:53649540 (Ack:19231923)] (U) Msg RX from 0:0000000000000000 [0000] to 5537EB971778C343 --- Type 0000:31 (SecureChannel:CASE_Sigma2) (B:751)[0m
[0;34m[1784833848.944] [11878:11880] [EM] Found matching exchange: 29973i, Delegate: 0x7989d000b8e8[0m
[0;34m[1784833848.944] [11878:11880] [EM] Rxd Ack; Removing MessageCounter:19231923 from Retrans Table on exchange 29973i[0m
[0;32m[1784833848.944] [11878:11880] [SC] Received Sigma2 msg[0m
[0;34m[1784833848.944] [11878:11880] [SC] Found MRP parameters in the message[0m
[0;34m[1784833848.945] [11878:11880] [SC] Peer <0000000000000001, 1> assigned session ID 52625[0m
[0;34m[1784833848.945] [11878:11880] [SC] Sending Sigma3[0m
[0;32m[1784833848.945] [11878:11880] [EM] <<< [E:29973i S:0 M:19231924 (Ack:53649540)] (U) Msg TX from 5537EB971778C343 to 0:0000000000000000 [0000] [UDP:[fe80::bfe:a203:38f0:bce7%enp0s3]:5540] --- Type 0000:32 (SecureChannel:CASE_Sigma3) (B:598)[0m
[0;32m[1784833848.945] [11878:11880] [EM] ??1 [E:29973i S:0 M:19231924] (U) Msg Retransmission to 0:0000000000000000 scheduled for 381ms from now [State:Active II:500 AI:300 AT:4000][0m
[0;32m[1784833848.945] [11878:11880] [SC] Sent Sigma3 msg[0m
[0;32m[1784833848.953] [11878:11880] [EM] >>> [E:29973i S:0 M:53649541 (Ack:19231924)] (U) Msg RX from 0:0000000000000000 [0000] to 5537EB971778C343 --- Type 0000:40 (SecureChannel:StatusReport) (B:34)[0m
[0;34m[1784833848.954] [11878:11880] [EM] Found matching exchange: 29973i, Delegate: 0x7989d000b8e8[0m
[0;34m[1784833848.954] [11878:11880] [EM] Rxd Ack; Removing MessageCounter:19231924 from Retrans Table on exchange 29973i[0m
[0;32m[1784833848.954] [11878:11880] [SC] Success status report received. Session was established[0m
[0;32m[1784833848.955] [11878:11880] [SC] SecureSession[0x7989d0009cd0, LSID:28723]: State change 'kEstablishing' --> 'kActive'[0m
[0;34m[1784833848.955] [11878:11880] [IN] SecureSession[0x7989d0009cd0]: Activated - Type:2 LSID:28723[0m
[0;34m[1784833848.955] [11878:11880] [IN] New secure session activated for device <0000000000000001, 1>, LSID:28723 PSID:52625![0m
[0;34m[1784833848.955] [11878:11880] [DIS] OperationalSessionSetup[1:0000000000000001]: State change 4 --> 5[0m
[0;32m[1784833848.955] [11878:11880] [TOO] Sending cluster (0x00000038) command (0x00000000) on endpoint 0[0m
[0;34m[1784833848.955] [11878:11880] [DMG] ICR moving to [AddingComm][0m
[0;34m[1784833848.955] [11878:11880] [DMG] ICR moving to [AddedComma][0m
[0;32m[1784833848.956] [11878:11880] [EM] <<< [E:29974i S:28723 M:36652859] (S) Msg TX from 000000000001B669 to 1:0000000000000001 [7610] [UDP:[fe80::bfe:a203:38f0:bce7%enp0s3]:5540] --- Type 0001:08 (IM:InvokeCommandRequest) (B:72)[0m
[0;32m[1784833848.956] [11878:11880] [EM] ??1 [E:29974i S:28723 M:36652859] (S) Msg Retransmission to 1:0000000000000001 scheduled for 375ms from now [State:Active II:500 AI:300 AT:4000][0m
[0;34m[1784833848.956] [11878:11880] [DMG] ICR moving to [AwaitingRe][0m
[0;32m[1784833848.956] [11878:11880] [EM] <<< [E:29973i S:0 M:19231925 (Ack:53649541)] (U) Msg TX from 5537EB971778C343 to 0:0000000000000000 [0000] [UDP:[fe80::bfe:a203:38f0:bce7%enp0s3]:5540] --- Type 0000:10 (SecureChannel:StandaloneAck) (B:26)[0m
[0;34m[1784833848.956] [11878:11880] [EM] Flushed pending ack for MessageCounter:53649541 on exchange 29973i[0m
[0;32m[2524608000.000] [11878:11880] [EM] >>> [E:29974i S:28723 M:60687778 (Ack:36652859)] (S) Msg RX from 1:0000000000000001 [7610] to 000000000001B669 --- Type 0001:09 (IM:InvokeCommandResponse) (B:67)[0m
[0;34m[2524608000.000] [11878:11880] [EM] Found matching exchange: 29974i, Delegate: 0x7989d000eef8[0m
[0;34m[2524608000.000] [11878:11880] [EM] Rxd Ack; Removing MessageCounter:36652859 from Retrans Table on exchange 29974i[0m
[0;34m[2524608000.000] [11878:11880] [DMG] ICR moving to [ResponseRe][0m
[0;34m[2524608000.000] [11878:11880] [DMG] InvokeResponseMessage =[0m
[0;34m[2524608000.000] [11878:11880] [DMG] {[0m
[0;34m[2524608000.000] [11878:11880] [DMG] 	suppressResponse = false, [0m
[0;34m[2524608000.000] [11878:11880] [DMG] 	InvokeResponseIBs =[0m
[0;34m[2524608000.000] [11878:11880] [DMG] 	[[0m
[0;34m[2524608000.000] [11878:11880] [DMG] 		InvokeResponseIB =[0m
[0;34m[2524608000.000] [11878:11880] [DMG] 		{[0m
[0;34m[2524608000.000] [11878:11880] [DMG] 			CommandStatusIB =[0m
[0;34m[2524608000.000] [11878:11880] [DMG] 			{[0m
[0;34m[2524608000.000] [11878:11880] [DMG] 				CommandPathIB =[0m
[0;34m[2524608000.000] [11878:11880] [DMG] 				{[0m
[0;34m[2524608000.000] [11878:11880] [DMG] 					EndpointId = 0x0,[0m
[0;34m[2524608000.000] [11878:11880] [DMG] 					ClusterId = 0x38,[0m
[0;34m[2524608000.000] [11878:11880] [DMG] 					CommandId = 0x0,[0m
[0;34m[2524608000.000] [11878:11880] [DMG] 				},[0m
[0;34m[2524608000.000] [11878:11880] [DMG] 				[0m
[0;34m[2524608000.000] [11878:11880] [DMG] 				StatusIB =[0m
[0;34m[2524608000.000] [11878:11880] [DMG] 				{[0m
[0;34m[2524608000.000] [11878:11880] [DMG] 					status = 0x00 (SUCCESS),[0m
[0;34m[2524608000.000] [11878:11880] [DMG] 				},[0m
[0;34m[2524608000.000] [11878:11880] [DMG] 				[0m
[0;34m[2524608000.000] [11878:11880] [DMG] 			},[0m
[0;34m[2524608000.000] [11878:11880] [DMG] 			[0m
[0;34m[2524608000.000] [11878:11880] [DMG] 		},[0m
[0;34m[2524608000.000] [11878:11880] [DMG] 		[0m
[0;34m[2524608000.000] [11878:11880] [DMG] 	],[0m
[0;34m[2524608000.000] [11878:11880] [DMG] 	[0m
[0;34m[2524608000.000] [11878:11880] [DMG] 	InteractionModelRevision = 12[0m
[0;34m[2524608000.000] [11878:11880] [DMG] },[0m
[0;32m[2524608000.000] [11878:11880] [DMG] Received Command Response Status for Endpoint=0 Cluster=0x0000_0038 Command=0x0000_0000 Status=0x0[0m
[0;34m[2524608000.000] [11878:11880] [DMG] ICR moving to [AwaitingDe][0m
[0;32m[2524608000.000] [11878:11880] [EM] <<< [E:29974i S:28723 M:36652860 (Ack:60687778)] (S) Msg TX from 000000000001B669 to 1:0000000000000001 [7610] [UDP:[fe80::bfe:a203:38f0:bce7%enp0s3]:5540] --- Type 0000:10 (SecureChannel:StandaloneAck) (B:34)[0m
[0;34m[2524608000.001] [11878:11880] [EM] Flushed pending ack for MessageCounter:60687778 on exchange 29974i[0m
[0;34m[2524608000.001] [11878:11878] [CTL] Shutting down the commissioner[0m
[0;32m[2524608000.001] [11878:11878] [PAF] WiFiPAF: Closing all WiFiPAF sessions to shutdown[0m
[0;34m[2524608000.001] [11878:11878] [CTL] Shutting down the controller[0m
[0;34m[2524608000.001] [11878:11878] [IN] Expiring all sessions for fabric 0x1!![0m
[0;34m[2524608000.001] [11878:11878] [IN] SecureSession[0x7989d0009cd0]: MarkForEviction Type:2 LSID:28723[0m
[0;32m[2524608000.001] [11878:11878] [SC] SecureSession[0x7989d0009cd0, LSID:28723]: State change 'kActive' --> 'kPendingEviction'[0m
[0;34m[2524608000.001] [11878:11878] [IN] SecureSession[0x7989d0009cd0]: Released - Type:2 LSID:28723[0m
[0;32m[2524608000.001] [11878:11878] [FP] Forgetting fabric 0x1[0m
[0;32m[2524608000.001] [11878:11878] [TS] Pending Last Known Good Time: 2023-10-14T01:16:48[0m
[0;32m[2524608000.001] [11878:11878] [TS] Previous Last Known Good Time: 2023-10-14T01:16:48[0m
[0;32m[2524608000.001] [11878:11878] [TS] Reverted Last Known Good Time to previous value[0m
[0;34m[2524608000.001] [11878:11878] [CTL] Shutting down the commissioner[0m
[0;32m[2524608000.001] [11878:11878] [PAF] WiFiPAF: Closing all WiFiPAF sessions to shutdown[0m
[0;34m[2524608000.001] [11878:11878] [CTL] Shutting down the controller[0m
[0;34m[2524608000.001] [11878:11878] [CTL] Shutting down the System State, this will teardown the CHIP Stack[0m
[0;34m[2524608000.001] [11878:11878] [DMG] All ReadHandler-s are clean, clear GlobalDirtySet[0m
[0;32m[2524608000.001] [11878:11878] [FP] Shutting down FabricTable[0m
[0;32m[2524608000.001] [11878:11878] [TS] Pending Last Known Good Time: 2023-10-14T01:16:48[0m
[0;32m[2524608000.001] [11878:11878] [TS] Previous Last Known Good Time: 2023-10-14T01:16:48[0m
[0;32m[2524608000.001] [11878:11878] [TS] Reverted Last Known Good Time to previous value[0m
[0;34m[2524608000.005] [11878:11878] [DL] Wrote settings to /tmp/chip_counters.ini[0m
[0;32m[2524608000.005] [11878:11878] [DL] NVS set: chip-counters/total-operational-hours = 0 (0x0)[0m
[0;32m[2524608000.005] [11878:11878] [DL] Inet Layer shutdown[0m
[0;32m[2524608000.005] [11878:11878] [DL] BLE Layer shutdown[0m
[0;32m[2524608000.005] [11878:11878] [DL] WiFi-PAF Layer shutdown[0m
[0;32m[2524608000.005] [11878:11878] [PAF] WiFiPAF: Closing all WiFiPAF sessions to shutdown[0m
[0;32m[2524608000.005] [11878:11878] [DL] System Layer shutdown[0m
