[0;34m[1784655445.016] [8161:8161] [DL] ChipLinuxStorage::Init: Using KVS config file: /tmp/chip_tool_kvs[0m
[1;31m[1784655445.017] [8161:8161] [DL] ChipLinuxStorage::Init: Attempt to re-initialize with KVS config file: /tmp/chip_kvs, IGNORING.[0m
[0;34m[1784655445.019] [8161:8161] [DL] ChipLinuxStorage::Init: Using KVS config file: /tmp/chip_factory.ini[0m
[0;34m[1784655445.019] [8161:8161] [DL] ChipLinuxStorage::Init: Using KVS config file: /tmp/chip_config.ini[0m
[0;34m[1784655445.019] [8161:8161] [DL] ChipLinuxStorage::Init: Using KVS config file: /tmp/chip_counters.ini[0m
[0;34m[1784655445.022] [8161:8161] [DL] Wrote settings to /tmp/chip_counters.ini[0m
[0;32m[1784655445.022] [8161:8161] [DL] NVS set: chip-counters/reboot-count = 3 (0x3)[0m
[0;32m[1784655445.022] [8161:8161] [DL] Got Ethernet interface: enp0s3[0m
[0;32m[1784655445.022] [8161:8161] [DL] Found the primary Ethernet interface:enp0s3[0m
[1;31m[1784655445.022] [8161:8161] [DL] Failed to get WiFi interface[0m
[1;31m[1784655445.022] [8161:8161] [DL] Failed to reset WiFi statistic counts[0m
[0;32m[1784655445.022] [8161:8161] [PAF] WiFiPAF: WiFiPAFLayer::Init()[0m
[0;34m[1784655445.022] [8161:8161] [IN] UDP::Init bind&listen port=0[0m
[0;34m[1784655445.023] [8161:8161] [IN] UDP::Init bound to port=32902[0m
[0;34m[1784655445.023] [8161:8161] [IN] UDP::Init bind&listen port=0[0m
[0;34m[1784655445.023] [8161:8161] [IN] UDP::Init bound to port=60609[0m
[0;34m[1784655445.023] [8161:8161] [IN] BLEBase::Init - setting/overriding transport[0m
[0;34m[1784655445.023] [8161:8161] [IN] WiFiPAFBase::Init - setting/overriding transport[0m
[0;34m[1784655445.023] [8161:8161] [IN] TransportMgr initialized[0m
[0;34m[1784655445.023] [8161:8161] [FP] Initializing FabricTable from persistent storage[0m
[0;32m[1784655445.023] [8161:8161] [TS] Last Known Good Time: 2023-10-14T01:16:48[0m
[0;32m[1784655445.023] [8161:8161] [FP] Fabric index 0x1 was retrieved from storage. Compressed FabricId 0xB1E2EB81A739EA25, FabricId 0x0000000000000001, NodeId 0x000000000001B669, VendorId 0xFFF1[0m
[0;32m[1784655445.024] [8161:8161] [DMG] Ember attribute persistence requires setting up[0m
[0;32m[1784655445.024] [8161:8161] [ZCL] Using ZAP configuration...[0m
[0;34m[1784655445.024] [8161:8161] [CTL] System State Initialized...[0m
[0;32m[1784655445.024] [8161:8161] [CTL] Setting attestation nonce to random value[0m
[0;32m[1784655445.024] [8161:8161] [CTL] Setting CSR nonce to random value[0m
[0;34m[1784655445.024] [8161:8163] [DL] CHIP task running[0m
[0;32m[1784655445.024] [8161:8163] [CTL] Setting attestation nonce to random value[0m
[0;32m[1784655445.024] [8161:8163] [CTL] Setting CSR nonce to random value[0m
[0;32m[1784655445.025] [8161:8163] [CTL] Generating NOC[0m
[0;32m[1784655445.025] [8161:8163] [FP] Validating NOC chain[0m
[0;32m[1784655445.025] [8161:8163] [FP] NOC chain validation successful[0m
[0;32m[1784655445.025] [8161:8163] [FP] Updated fabric at index: 0x1, Node ID: 0x000000000001B669[0m
[0;32m[1784655445.025] [8161:8163] [TS] Last Known Good Time: 2023-10-14T01:16:48[0m
[0;32m[1784655445.025] [8161:8163] [TS] New proposed Last Known Good Time: 2021-01-01T00:00:00[0m
[0;32m[1784655445.025] [8161:8163] [TS] Retaining current Last Known Good Time[0m
[0;32m[1784655445.027] [8161:8163] [FP] Metadata for Fabric 0x1 persisted to storage.[0m
[0;32m[1784655445.027] [8161:8163] [TS] Committing Last Known Good Time to storage: 2023-10-14T01:16:48[0m
[0;32m[1784655445.028] [8161:8163] [CTL] Joined the fabric at index 1. Fabric ID is 0x0000000000000001 (Compressed Fabric ID: B1E2EB81A739EA25)[0m
[0;32m[1784655445.032] [8161:8163] [TOO] Sending command to node 0x1[0m
[0;34m[1784655445.032] [8161:8163] [CSM] FindOrEstablishSession: PeerId = [1:0000000000000001][0m
[0;34m[1784655445.032] [8161:8163] [CSM] FindOrEstablishSession: No existing OperationalSessionSetup instance found[0m
[0;34m[1784655445.032] [8161:8163] [DIS] OperationalSessionSetup[1:0000000000000001]: State change 1 --> 2[0m
[0;32m[1784655445.032] [8161:8163] [DIS] Lookup started for B1E2EB81A739EA25-0000000000000001[0m
[0;32m[1784655445.033] [8161:8163] [DIS] UDP:[fe80::bfe:a203:38f0:bce7%enp0s3]:5540: new best score: 7 (for B1E2EB81A739EA25-0000000000000001)[0m
[0;34m[1784655445.033] [8161:8163] [DIS] Lookup clearing interface for non LL address[0m
[0;32m[1784655445.033] [8161:8163] [DIS] UDP:10.0.2.15%enp0s3:5540: new best score: 2 (for B1E2EB81A739EA25-0000000000000001)[0m
[0;32m[1784655445.033] [8161:8163] [DIS] Checking node lookup status for B1E2EB81A739EA25-0000000000000001 after 1 ms[0m
[0;32m[1784655445.033] [8161:8163] [DIS] Keeping DNSSD lookup active[0m
[0;32m[1784655445.033] [8161:8163] [DIS] UDP:[fe80::bfe:a203:38f0:bce7%enp0s3]:5540: score has not improved: 7 (for B1E2EB81A739EA25-0000000000000001)[0m
[0;34m[1784655445.033] [8161:8163] [DIS] Lookup clearing interface for non LL address[0m
[0;32m[1784655445.033] [8161:8163] [DIS] UDP:10.0.2.15%enp0s3:5540: score has not improved: 2 (for B1E2EB81A739EA25-0000000000000001)[0m
[0;32m[1784655445.033] [8161:8163] [DIS] Checking node lookup status for B1E2EB81A739EA25-0000000000000001 after 2 ms[0m
[0;32m[1784655445.033] [8161:8163] [DIS] Keeping DNSSD lookup active[0m
[0;32m[1784655445.232] [8161:8163] [DIS] Checking node lookup status for B1E2EB81A739EA25-0000000000000001 after 200 ms[0m
[0;34m[1784655445.232] [8161:8163] [DIS] OperationalSessionSetup[1:0000000000000001]: Updating device address to UDP:[fe80::bfe:a203:38f0:bce7%enp0s3]:5540 while in state 2[0m
[0;34m[1784655445.232] [8161:8163] [DIS] OperationalSessionSetup[1:0000000000000001]: State change 2 --> 3[0m
[0;34m[1784655445.232] [8161:8163] [IN] SecureSession[0x7ff0dc009cd0]: Allocated Type:2 LSID:10194[0m
[0;32m[1784655445.232] [8161:8163] [SC] Initiating session on local FabricIndex 1 from 0x000000000001B669 -> 0x0000000000000001[0m
[0;32m[1784655445.233] [8161:8163] [EM] <<< [E:1219i S:0 M:258492152] (U) Msg TX from D4E60DD23397FB98 to 0:0000000000000000 [0000] [UDP:[fe80::bfe:a203:38f0:bce7%enp0s3]:5540] --- Type 0000:30 (SecureChannel:CASE_Sigma1) (B:196)[0m
[0;32m[1784655445.233] [8161:8163] [EM] ??1 [E:1219i S:0 M:258492152] (U) Msg Retransmission to 0:0000000000000000 scheduled for 588ms from now [State:Idle II:500 AI:300 AT:4000][0m
[0;32m[1784655445.233] [8161:8163] [SC] Sent Sigma1 msg to <0000000000000001, 1> [II:500ms AI:300ms AT:4000ms][0m
[0;34m[1784655445.233] [8161:8163] [DIS] OperationalSessionSetup[1:0000000000000001]: State change 3 --> 4[0m
[0;32m[1784655445.234] [8161:8163] [EM] >>> [E:1219i S:0 M:10893453 (Ack:258492152)] (U) Msg RX from 0:0000000000000000 [0000] to D4E60DD23397FB98 --- Type 0000:31 (SecureChannel:CASE_Sigma2) (B:751)[0m
[0;34m[1784655445.234] [8161:8163] [EM] Found matching exchange: 1219i, Delegate: 0x7ff0dc00b8e8[0m
[0;34m[1784655445.234] [8161:8163] [EM] Rxd Ack; Removing MessageCounter:258492152 from Retrans Table on exchange 1219i[0m
[0;32m[1784655445.234] [8161:8163] [SC] Received Sigma2 msg[0m
[0;34m[1784655445.234] [8161:8163] [SC] Found MRP parameters in the message[0m
[0;34m[1784655445.235] [8161:8163] [SC] Peer <0000000000000001, 1> assigned session ID 23156[0m
[0;34m[1784655445.235] [8161:8163] [SC] Sending Sigma3[0m
[0;32m[1784655445.236] [8161:8163] [EM] <<< [E:1219i S:0 M:258492153 (Ack:10893453)] (U) Msg TX from D4E60DD23397FB98 to 0:0000000000000000 [0000] [UDP:[fe80::bfe:a203:38f0:bce7%enp0s3]:5540] --- Type 0000:32 (SecureChannel:CASE_Sigma3) (B:598)[0m
[0;32m[1784655445.236] [8161:8163] [EM] ??1 [E:1219i S:0 M:258492153] (U) Msg Retransmission to 0:0000000000000000 scheduled for 384ms from now [State:Active II:500 AI:300 AT:4000][0m
[0;32m[1784655445.236] [8161:8163] [SC] Sent Sigma3 msg[0m
[0;32m[1784655445.246] [8161:8163] [EM] >>> [E:1219i S:0 M:10893454 (Ack:258492153)] (U) Msg RX from 0:0000000000000000 [0000] to D4E60DD23397FB98 --- Type 0000:40 (SecureChannel:StatusReport) (B:34)[0m
[0;34m[1784655445.246] [8161:8163] [EM] Found matching exchange: 1219i, Delegate: 0x7ff0dc00b8e8[0m
[0;34m[1784655445.246] [8161:8163] [EM] Rxd Ack; Removing MessageCounter:258492153 from Retrans Table on exchange 1219i[0m
[0;32m[1784655445.246] [8161:8163] [SC] Success status report received. Session was established[0m
[0;32m[1784655445.247] [8161:8163] [SC] SecureSession[0x7ff0dc009cd0, LSID:10194]: State change 'kEstablishing' --> 'kActive'[0m
[0;34m[1784655445.247] [8161:8163] [IN] SecureSession[0x7ff0dc009cd0]: Activated - Type:2 LSID:10194[0m
[0;34m[1784655445.247] [8161:8163] [IN] New secure session activated for device <0000000000000001, 1>, LSID:10194 PSID:23156![0m
[0;34m[1784655445.247] [8161:8163] [DIS] OperationalSessionSetup[1:0000000000000001]: State change 4 --> 5[0m
[0;32m[1784655445.247] [8161:8163] [TOO] Sending cluster (0x00000030) command (0x00000000) on endpoint 0[0m
[0;34m[1784655445.247] [8161:8163] [DMG] ICR moving to [AddingComm][0m
[0;34m[1784655445.247] [8161:8163] [DMG] ICR moving to [AddedComma][0m
[0;32m[1784655445.247] [8161:8163] [EM] <<< [E:1220i S:10194 M:108890053] (S) Msg TX from 000000000001B669 to 1:0000000000000001 [EA25] [UDP:[fe80::bfe:a203:38f0:bce7%enp0s3]:5540] --- Type 0001:08 (IM:InvokeCommandRequest) (B:65)[0m
[0;32m[1784655445.247] [8161:8163] [EM] ??1 [E:1220i S:10194 M:108890053] (S) Msg Retransmission to 1:0000000000000001 scheduled for 405ms from now [State:Active II:500 AI:300 AT:4000][0m
[0;34m[1784655445.247] [8161:8163] [DMG] ICR moving to [AwaitingRe][0m
[0;32m[1784655445.247] [8161:8163] [EM] <<< [E:1219i S:0 M:258492154 (Ack:10893454)] (U) Msg TX from D4E60DD23397FB98 to 0:0000000000000000 [0000] [UDP:[fe80::bfe:a203:38f0:bce7%enp0s3]:5540] --- Type 0000:10 (SecureChannel:StandaloneAck) (B:26)[0m
[0;34m[1784655445.247] [8161:8163] [EM] Flushed pending ack for MessageCounter:10893454 on exchange 1219i[0m
[0;32m[1784655445.248] [8161:8163] [EM] >>> [E:1220i S:10194 M:240126117 (Ack:108890053)] (S) Msg RX from 1:0000000000000001 [EA25] to 000000000001B669 --- Type 0001:09 (IM:InvokeCommandResponse) (B:70)[0m
[0;34m[1784655445.248] [8161:8163] [EM] Found matching exchange: 1220i, Delegate: 0x7ff0dc00eef8[0m
[0;34m[1784655445.248] [8161:8163] [EM] Rxd Ack; Removing MessageCounter:108890053 from Retrans Table on exchange 1220i[0m
[0;34m[1784655445.248] [8161:8163] [DMG] ICR moving to [ResponseRe][0m
[0;34m[1784655445.248] [8161:8163] [DMG] InvokeResponseMessage =[0m
[0;34m[1784655445.248] [8161:8163] [DMG] {[0m
[0;34m[1784655445.248] [8161:8163] [DMG] 	suppressResponse = false, [0m
[0;34m[1784655445.248] [8161:8163] [DMG] 	InvokeResponseIBs =[0m
[0;34m[1784655445.248] [8161:8163] [DMG] 	[[0m
[0;34m[1784655445.248] [8161:8163] [DMG] 		InvokeResponseIB =[0m
[0;34m[1784655445.248] [8161:8163] [DMG] 		{[0m
[0;34m[1784655445.248] [8161:8163] [DMG] 			CommandDataIB =[0m
[0;34m[1784655445.248] [8161:8163] [DMG] 			{[0m
[0;34m[1784655445.248] [8161:8163] [DMG] 				CommandPathIB =[0m
[0;34m[1784655445.248] [8161:8163] [DMG] 				{[0m
[0;34m[1784655445.248] [8161:8163] [DMG] 					EndpointId = 0x0,[0m
[0;34m[1784655445.248] [8161:8163] [DMG] 					ClusterId = 0x30,[0m
[0;34m[1784655445.248] [8161:8163] [DMG] 					CommandId = 0x1,[0m
[0;34m[1784655445.248] [8161:8163] [DMG] 				},[0m
[0;34m[1784655445.248] [8161:8163] [DMG] 				[0m
[0;34m[1784655445.248] [8161:8163] [DMG] 				CommandFields = [0m
[0;34m[1784655445.248] [8161:8163] [DMG] 				{[0m
[0;34m[1784655445.248] [8161:8163] [DMG] 					0x0 = 0 (unsigned), [0m
[0;34m[1784655445.248] [8161:8163] [DMG] 					0x1 = "" (0 chars), [0m
[0;34m[1784655445.248] [8161:8163] [DMG] 				},[0m
[0;34m[1784655445.248] [8161:8163] [DMG] 			},[0m
[0;34m[1784655445.248] [8161:8163] [DMG] 			[0m
[0;34m[1784655445.248] [8161:8163] [DMG] 		},[0m
[0;34m[1784655445.248] [8161:8163] [DMG] 		[0m
[0;34m[1784655445.248] [8161:8163] [DMG] 	],[0m
[0;34m[1784655445.248] [8161:8163] [DMG] 	[0m
[0;34m[1784655445.248] [8161:8163] [DMG] 	InteractionModelRevision = 12[0m
[0;34m[1784655445.248] [8161:8163] [DMG] },[0m
[0;32m[1784655445.248] [8161:8163] [DMG] Received Command Response Data, Endpoint=0 Cluster=0x0000_0030 Command=0x0000_0001[0m
[0;32m[1784655445.248] [8161:8163] [TOO] Endpoint: 0 Cluster: 0x0000_0030 Command 0x0000_0001[0m
[0;32m[1784655445.248] [8161:8163] [TOO]   ArmFailSafeResponse: {[0m
[0;32m[1784655445.248] [8161:8163] [TOO]     errorCode: 0[0m
[0;32m[1784655445.248] [8161:8163] [TOO]     debugText: [0m
[0;32m[1784655445.248] [8161:8163] [TOO]    }[0m
[0;34m[1784655445.248] [8161:8163] [DMG] ICR moving to [AwaitingDe][0m
[0;32m[1784655445.248] [8161:8163] [EM] <<< [E:1220i S:10194 M:108890054 (Ack:240126117)] (S) Msg TX from 000000000001B669 to 1:0000000000000001 [EA25] [UDP:[fe80::bfe:a203:38f0:bce7%enp0s3]:5540] --- Type 0000:10 (SecureChannel:StandaloneAck) (B:34)[0m
[0;34m[1784655445.248] [8161:8163] [EM] Flushed pending ack for MessageCounter:240126117 on exchange 1220i[0m
[0;34m[1784655445.248] [8161:8161] [CTL] Shutting down the commissioner[0m
[0;32m[1784655445.248] [8161:8161] [PAF] WiFiPAF: Closing all WiFiPAF sessions to shutdown[0m
[0;34m[1784655445.248] [8161:8161] [CTL] Shutting down the controller[0m
[0;34m[1784655445.248] [8161:8161] [IN] Expiring all sessions for fabric 0x1!![0m
[0;34m[1784655445.248] [8161:8161] [IN] SecureSession[0x7ff0dc009cd0]: MarkForEviction Type:2 LSID:10194[0m
[0;32m[1784655445.248] [8161:8161] [SC] SecureSession[0x7ff0dc009cd0, LSID:10194]: State change 'kActive' --> 'kPendingEviction'[0m
[0;34m[1784655445.248] [8161:8161] [IN] SecureSession[0x7ff0dc009cd0]: Released - Type:2 LSID:10194[0m
[0;32m[1784655445.248] [8161:8161] [FP] Forgetting fabric 0x1[0m
[0;32m[1784655445.248] [8161:8161] [TS] Pending Last Known Good Time: 2023-10-14T01:16:48[0m
[0;32m[1784655445.248] [8161:8161] [TS] Previous Last Known Good Time: 2023-10-14T01:16:48[0m
[0;32m[1784655445.248] [8161:8161] [TS] Reverted Last Known Good Time to previous value[0m
[0;34m[1784655445.248] [8161:8161] [CTL] Shutting down the commissioner[0m
[0;32m[1784655445.248] [8161:8161] [PAF] WiFiPAF: Closing all WiFiPAF sessions to shutdown[0m
[0;34m[1784655445.248] [8161:8161] [CTL] Shutting down the controller[0m
[0;34m[1784655445.248] [8161:8161] [CTL] Shutting down the System State, this will teardown the CHIP Stack[0m
[0;34m[1784655445.248] [8161:8161] [DMG] All ReadHandler-s are clean, clear GlobalDirtySet[0m
[0;32m[1784655445.248] [8161:8161] [FP] Shutting down FabricTable[0m
[0;32m[1784655445.248] [8161:8161] [TS] Pending Last Known Good Time: 2023-10-14T01:16:48[0m
[0;32m[1784655445.248] [8161:8161] [TS] Previous Last Known Good Time: 2023-10-14T01:16:48[0m
[0;32m[1784655445.248] [8161:8161] [TS] Reverted Last Known Good Time to previous value[0m
[0;34m[1784655445.251] [8161:8161] [DL] Wrote settings to /tmp/chip_counters.ini[0m
[0;32m[1784655445.251] [8161:8161] [DL] NVS set: chip-counters/total-operational-hours = 0 (0x0)[0m
[0;32m[1784655445.251] [8161:8161] [DL] Inet Layer shutdown[0m
[0;32m[1784655445.251] [8161:8161] [DL] BLE Layer shutdown[0m
[0;32m[1784655445.251] [8161:8161] [DL] WiFi-PAF Layer shutdown[0m
[0;32m[1784655445.251] [8161:8161] [PAF] WiFiPAF: Closing all WiFiPAF sessions to shutdown[0m
[0;32m[1784655445.251] [8161:8161] [DL] System Layer shutdown[0m
