[0;34m[1784655746.902] [9114:9114] [DL] ChipLinuxStorage::Init: Using KVS config file: /tmp/chip_tool_kvs[0m
[1;31m[1784655746.904] [9114:9114] [DL] ChipLinuxStorage::Init: Attempt to re-initialize with KVS config file: /tmp/chip_kvs, IGNORING.[0m
[0;34m[1784655746.905] [9114:9114] [DL] ChipLinuxStorage::Init: Using KVS config file: /tmp/chip_factory.ini[0m
[0;34m[1784655746.905] [9114:9114] [DL] ChipLinuxStorage::Init: Using KVS config file: /tmp/chip_config.ini[0m
[0;34m[1784655746.905] [9114:9114] [DL] ChipLinuxStorage::Init: Using KVS config file: /tmp/chip_counters.ini[0m
[0;34m[1784655746.908] [9114:9114] [DL] Wrote settings to /tmp/chip_counters.ini[0m
[0;32m[1784655746.908] [9114:9114] [DL] NVS set: chip-counters/reboot-count = 3 (0x3)[0m
[0;32m[1784655746.909] [9114:9114] [DL] Got Ethernet interface: enp0s3[0m
[0;32m[1784655746.909] [9114:9114] [DL] Found the primary Ethernet interface:enp0s3[0m
[1;31m[1784655746.909] [9114:9114] [DL] Failed to get WiFi interface[0m
[1;31m[1784655746.909] [9114:9114] [DL] Failed to reset WiFi statistic counts[0m
[0;32m[1784655746.909] [9114:9114] [PAF] WiFiPAF: WiFiPAFLayer::Init()[0m
[0;34m[1784655746.909] [9114:9114] [IN] UDP::Init bind&listen port=0[0m
[0;34m[1784655746.909] [9114:9114] [IN] UDP::Init bound to port=47943[0m
[0;34m[1784655746.909] [9114:9114] [IN] UDP::Init bind&listen port=0[0m
[0;34m[1784655746.909] [9114:9114] [IN] UDP::Init bound to port=42091[0m
[0;34m[1784655746.909] [9114:9114] [IN] BLEBase::Init - setting/overriding transport[0m
[0;34m[1784655746.909] [9114:9114] [IN] WiFiPAFBase::Init - setting/overriding transport[0m
[0;34m[1784655746.909] [9114:9114] [IN] TransportMgr initialized[0m
[0;34m[1784655746.909] [9114:9114] [FP] Initializing FabricTable from persistent storage[0m
[0;32m[1784655746.909] [9114:9114] [TS] Last Known Good Time: 2023-10-14T01:16:48[0m
[0;32m[1784655746.909] [9114:9114] [FP] Fabric index 0x1 was retrieved from storage. Compressed FabricId 0x65980748CB122B7C, FabricId 0x0000000000000001, NodeId 0x000000000001B669, VendorId 0xFFF1[0m
[0;32m[1784655746.910] [9114:9114] [DMG] Ember attribute persistence requires setting up[0m
[0;32m[1784655746.910] [9114:9114] [ZCL] Using ZAP configuration...[0m
[0;34m[1784655746.911] [9114:9114] [CTL] System State Initialized...[0m
[0;32m[1784655746.911] [9114:9114] [CTL] Setting attestation nonce to random value[0m
[0;32m[1784655746.911] [9114:9114] [CTL] Setting CSR nonce to random value[0m
[0;34m[1784655746.911] [9114:9116] [DL] CHIP task running[0m
[0;32m[1784655746.911] [9114:9116] [CTL] Setting attestation nonce to random value[0m
[0;32m[1784655746.911] [9114:9116] [CTL] Setting CSR nonce to random value[0m
[0;32m[1784655746.911] [9114:9116] [CTL] Generating NOC[0m
[0;32m[1784655746.911] [9114:9116] [FP] Validating NOC chain[0m
[0;32m[1784655746.912] [9114:9116] [FP] NOC chain validation successful[0m
[0;32m[1784655746.912] [9114:9116] [FP] Updated fabric at index: 0x1, Node ID: 0x000000000001B669[0m
[0;32m[1784655746.912] [9114:9116] [TS] Last Known Good Time: 2023-10-14T01:16:48[0m
[0;32m[1784655746.912] [9114:9116] [TS] New proposed Last Known Good Time: 2021-01-01T00:00:00[0m
[0;32m[1784655746.912] [9114:9116] [TS] Retaining current Last Known Good Time[0m
[0;32m[1784655746.914] [9114:9116] [FP] Metadata for Fabric 0x1 persisted to storage.[0m
[0;32m[1784655746.915] [9114:9116] [TS] Committing Last Known Good Time to storage: 2023-10-14T01:16:48[0m
[0;32m[1784655746.915] [9114:9116] [CTL] Joined the fabric at index 1. Fabric ID is 0x0000000000000001 (Compressed Fabric ID: 65980748CB122B7C)[0m
[0;32m[1784655746.920] [9114:9116] [TOO] Sending command to node 0x1[0m
[0;34m[1784655746.920] [9114:9116] [CSM] FindOrEstablishSession: PeerId = [1:0000000000000001][0m
[0;34m[1784655746.920] [9114:9116] [CSM] FindOrEstablishSession: No existing OperationalSessionSetup instance found[0m
[0;34m[1784655746.920] [9114:9116] [DIS] OperationalSessionSetup[1:0000000000000001]: State change 1 --> 2[0m
[0;32m[1784655746.920] [9114:9116] [DIS] Lookup started for 65980748CB122B7C-0000000000000001[0m
[0;32m[1784655746.921] [9114:9116] [DIS] UDP:[fe80::bfe:a203:38f0:bce7%enp0s3]:5540: new best score: 7 (for 65980748CB122B7C-0000000000000001)[0m
[0;34m[1784655746.921] [9114:9116] [DIS] Lookup clearing interface for non LL address[0m
[0;32m[1784655746.921] [9114:9116] [DIS] UDP:10.0.2.15%enp0s3:5540: new best score: 2 (for 65980748CB122B7C-0000000000000001)[0m
[0;32m[1784655746.921] [9114:9116] [DIS] Checking node lookup status for 65980748CB122B7C-0000000000000001 after 1 ms[0m
[0;32m[1784655746.921] [9114:9116] [DIS] Keeping DNSSD lookup active[0m
[0;32m[1784655746.921] [9114:9116] [DIS] UDP:[fe80::bfe:a203:38f0:bce7%enp0s3]:5540: score has not improved: 7 (for 65980748CB122B7C-0000000000000001)[0m
[0;34m[1784655746.921] [9114:9116] [DIS] Lookup clearing interface for non LL address[0m
[0;32m[1784655746.921] [9114:9116] [DIS] UDP:10.0.2.15%enp0s3:5540: score has not improved: 2 (for 65980748CB122B7C-0000000000000001)[0m
[0;32m[1784655746.921] [9114:9116] [DIS] Checking node lookup status for 65980748CB122B7C-0000000000000001 after 1 ms[0m
[0;32m[1784655746.921] [9114:9116] [DIS] Keeping DNSSD lookup active[0m
[0;32m[1784655747.127] [9114:9116] [DIS] Checking node lookup status for 65980748CB122B7C-0000000000000001 after 207 ms[0m
[0;34m[1784655747.127] [9114:9116] [DIS] OperationalSessionSetup[1:0000000000000001]: Updating device address to UDP:[fe80::bfe:a203:38f0:bce7%enp0s3]:5540 while in state 2[0m
[0;34m[1784655747.127] [9114:9116] [DIS] OperationalSessionSetup[1:0000000000000001]: State change 2 --> 3[0m
[0;34m[1784655747.127] [9114:9116] [IN] SecureSession[0x7a37b8009cd0]: Allocated Type:2 LSID:44756[0m
[0;32m[1784655747.127] [9114:9116] [SC] Initiating session on local FabricIndex 1 from 0x000000000001B669 -> 0x0000000000000001[0m
[0;32m[1784655747.128] [9114:9116] [EM] <<< [E:25073i S:0 M:245110829] (U) Msg TX from F97AF4C1E5C6EA5D to 0:0000000000000000 [0000] [UDP:[fe80::bfe:a203:38f0:bce7%enp0s3]:5540] --- Type 0000:30 (SecureChannel:CASE_Sigma1) (B:196)[0m
[0;32m[1784655747.128] [9114:9116] [EM] ??1 [E:25073i S:0 M:245110829] (U) Msg Retransmission to 0:0000000000000000 scheduled for 611ms from now [State:Idle II:500 AI:300 AT:4000][0m
[0;32m[1784655747.128] [9114:9116] [SC] Sent Sigma1 msg to <0000000000000001, 1> [II:500ms AI:300ms AT:4000ms][0m
[0;34m[1784655747.128] [9114:9116] [DIS] OperationalSessionSetup[1:0000000000000001]: State change 3 --> 4[0m
[0;32m[1784655747.129] [9114:9116] [EM] >>> [E:25073i S:0 M:67566109 (Ack:245110829)] (U) Msg RX from 0:0000000000000000 [0000] to F97AF4C1E5C6EA5D --- Type 0000:31 (SecureChannel:CASE_Sigma2) (B:751)[0m
[0;34m[1784655747.129] [9114:9116] [EM] Found matching exchange: 25073i, Delegate: 0x7a37b800b8e8[0m
[0;34m[1784655747.129] [9114:9116] [EM] Rxd Ack; Removing MessageCounter:245110829 from Retrans Table on exchange 25073i[0m
[0;32m[1784655747.129] [9114:9116] [SC] Received Sigma2 msg[0m
[0;34m[1784655747.129] [9114:9116] [SC] Found MRP parameters in the message[0m
[0;34m[1784655747.131] [9114:9116] [SC] Peer <0000000000000001, 1> assigned session ID 9662[0m
[0;34m[1784655747.131] [9114:9116] [SC] Sending Sigma3[0m
[0;32m[1784655747.131] [9114:9116] [EM] <<< [E:25073i S:0 M:245110830 (Ack:67566109)] (U) Msg TX from F97AF4C1E5C6EA5D to 0:0000000000000000 [0000] [UDP:[fe80::bfe:a203:38f0:bce7%enp0s3]:5540] --- Type 0000:32 (SecureChannel:CASE_Sigma3) (B:598)[0m
[0;32m[1784655747.132] [9114:9116] [EM] ??1 [E:25073i S:0 M:245110830] (U) Msg Retransmission to 0:0000000000000000 scheduled for 402ms from now [State:Active II:500 AI:300 AT:4000][0m
[0;32m[1784655747.132] [9114:9116] [SC] Sent Sigma3 msg[0m
[0;32m[1784655747.141] [9114:9116] [EM] >>> [E:25073i S:0 M:67566110 (Ack:245110830)] (U) Msg RX from 0:0000000000000000 [0000] to F97AF4C1E5C6EA5D --- Type 0000:40 (SecureChannel:StatusReport) (B:34)[0m
[0;34m[1784655747.141] [9114:9116] [EM] Found matching exchange: 25073i, Delegate: 0x7a37b800b8e8[0m
[0;34m[1784655747.141] [9114:9116] [EM] Rxd Ack; Removing MessageCounter:245110830 from Retrans Table on exchange 25073i[0m
[0;32m[1784655747.141] [9114:9116] [SC] Success status report received. Session was established[0m
[0;32m[1784655747.142] [9114:9116] [SC] SecureSession[0x7a37b8009cd0, LSID:44756]: State change 'kEstablishing' --> 'kActive'[0m
[0;34m[1784655747.142] [9114:9116] [IN] SecureSession[0x7a37b8009cd0]: Activated - Type:2 LSID:44756[0m
[0;34m[1784655747.142] [9114:9116] [IN] New secure session activated for device <0000000000000001, 1>, LSID:44756 PSID:9662![0m
[0;34m[1784655747.142] [9114:9116] [DIS] OperationalSessionSetup[1:0000000000000001]: State change 4 --> 5[0m
[0;32m[1784655747.142] [9114:9116] [TOO] Sending cluster (0x00000030) command (0x00000000) on endpoint 0[0m
[0;34m[1784655747.142] [9114:9116] [DMG] ICR moving to [AddingComm][0m
[0;34m[1784655747.142] [9114:9116] [DMG] ICR moving to [AddedComma][0m
[0;32m[1784655747.142] [9114:9116] [EM] <<< [E:25074i S:44756 M:180179902] (S) Msg TX from 000000000001B669 to 1:0000000000000001 [2B7C] [UDP:[fe80::bfe:a203:38f0:bce7%enp0s3]:5540] --- Type 0001:08 (IM:InvokeCommandRequest) (B:65)[0m
[0;32m[1784655747.142] [9114:9116] [EM] ??1 [E:25074i S:44756 M:180179902] (S) Msg Retransmission to 1:0000000000000001 scheduled for 408ms from now [State:Active II:500 AI:300 AT:4000][0m
[0;34m[1784655747.142] [9114:9116] [DMG] ICR moving to [AwaitingRe][0m
[0;32m[1784655747.142] [9114:9116] [EM] <<< [E:25073i S:0 M:245110831 (Ack:67566110)] (U) Msg TX from F97AF4C1E5C6EA5D to 0:0000000000000000 [0000] [UDP:[fe80::bfe:a203:38f0:bce7%enp0s3]:5540] --- Type 0000:10 (SecureChannel:StandaloneAck) (B:26)[0m
[0;34m[1784655747.142] [9114:9116] [EM] Flushed pending ack for MessageCounter:67566110 on exchange 25073i[0m
[0;32m[1784655747.142] [9114:9116] [EM] >>> [E:25074i S:44756 M:230970404 (Ack:180179902)] (S) Msg RX from 1:0000000000000001 [2B7C] to 000000000001B669 --- Type 0001:09 (IM:InvokeCommandResponse) (B:70)[0m
[0;34m[1784655747.142] [9114:9116] [EM] Found matching exchange: 25074i, Delegate: 0x7a37b800eef8[0m
[0;34m[1784655747.142] [9114:9116] [EM] Rxd Ack; Removing MessageCounter:180179902 from Retrans Table on exchange 25074i[0m
[0;34m[1784655747.142] [9114:9116] [DMG] ICR moving to [ResponseRe][0m
[0;34m[1784655747.142] [9114:9116] [DMG] InvokeResponseMessage =[0m
[0;34m[1784655747.142] [9114:9116] [DMG] {[0m
[0;34m[1784655747.142] [9114:9116] [DMG] 	suppressResponse = false, [0m
[0;34m[1784655747.142] [9114:9116] [DMG] 	InvokeResponseIBs =[0m
[0;34m[1784655747.142] [9114:9116] [DMG] 	[[0m
[0;34m[1784655747.142] [9114:9116] [DMG] 		InvokeResponseIB =[0m
[0;34m[1784655747.142] [9114:9116] [DMG] 		{[0m
[0;34m[1784655747.142] [9114:9116] [DMG] 			CommandDataIB =[0m
[0;34m[1784655747.142] [9114:9116] [DMG] 			{[0m
[0;34m[1784655747.142] [9114:9116] [DMG] 				CommandPathIB =[0m
[0;34m[1784655747.142] [9114:9116] [DMG] 				{[0m
[0;34m[1784655747.142] [9114:9116] [DMG] 					EndpointId = 0x0,[0m
[0;34m[1784655747.142] [9114:9116] [DMG] 					ClusterId = 0x30,[0m
[0;34m[1784655747.142] [9114:9116] [DMG] 					CommandId = 0x1,[0m
[0;34m[1784655747.142] [9114:9116] [DMG] 				},[0m
[0;34m[1784655747.142] [9114:9116] [DMG] 				[0m
[0;34m[1784655747.142] [9114:9116] [DMG] 				CommandFields = [0m
[0;34m[1784655747.142] [9114:9116] [DMG] 				{[0m
[0;34m[1784655747.142] [9114:9116] [DMG] 					0x0 = 0 (unsigned), [0m
[0;34m[1784655747.142] [9114:9116] [DMG] 					0x1 = "" (0 chars), [0m
[0;34m[1784655747.142] [9114:9116] [DMG] 				},[0m
[0;34m[1784655747.142] [9114:9116] [DMG] 			},[0m
[0;34m[1784655747.142] [9114:9116] [DMG] 			[0m
[0;34m[1784655747.142] [9114:9116] [DMG] 		},[0m
[0;34m[1784655747.142] [9114:9116] [DMG] 		[0m
[0;34m[1784655747.142] [9114:9116] [DMG] 	],[0m
[0;34m[1784655747.142] [9114:9116] [DMG] 	[0m
[0;34m[1784655747.142] [9114:9116] [DMG] 	InteractionModelRevision = 12[0m
[0;34m[1784655747.142] [9114:9116] [DMG] },[0m
[0;32m[1784655747.142] [9114:9116] [DMG] Received Command Response Data, Endpoint=0 Cluster=0x0000_0030 Command=0x0000_0001[0m
[0;32m[1784655747.142] [9114:9116] [TOO] Endpoint: 0 Cluster: 0x0000_0030 Command 0x0000_0001[0m
[0;32m[1784655747.143] [9114:9116] [TOO]   ArmFailSafeResponse: {[0m
[0;32m[1784655747.143] [9114:9116] [TOO]     errorCode: 0[0m
[0;32m[1784655747.143] [9114:9116] [TOO]     debugText: [0m
[0;32m[1784655747.143] [9114:9116] [TOO]    }[0m
[0;34m[1784655747.143] [9114:9116] [DMG] ICR moving to [AwaitingDe][0m
[0;32m[1784655747.143] [9114:9116] [EM] <<< [E:25074i S:44756 M:180179903 (Ack:230970404)] (S) Msg TX from 000000000001B669 to 1:0000000000000001 [2B7C] [UDP:[fe80::bfe:a203:38f0:bce7%enp0s3]:5540] --- Type 0000:10 (SecureChannel:StandaloneAck) (B:34)[0m
[0;34m[1784655747.143] [9114:9116] [EM] Flushed pending ack for MessageCounter:230970404 on exchange 25074i[0m
[0;34m[1784655747.143] [9114:9114] [CTL] Shutting down the commissioner[0m
[0;32m[1784655747.143] [9114:9114] [PAF] WiFiPAF: Closing all WiFiPAF sessions to shutdown[0m
[0;34m[1784655747.143] [9114:9114] [CTL] Shutting down the controller[0m
[0;34m[1784655747.143] [9114:9114] [IN] Expiring all sessions for fabric 0x1!![0m
[0;34m[1784655747.143] [9114:9114] [IN] SecureSession[0x7a37b8009cd0]: MarkForEviction Type:2 LSID:44756[0m
[0;32m[1784655747.143] [9114:9114] [SC] SecureSession[0x7a37b8009cd0, LSID:44756]: State change 'kActive' --> 'kPendingEviction'[0m
[0;34m[1784655747.143] [9114:9114] [IN] SecureSession[0x7a37b8009cd0]: Released - Type:2 LSID:44756[0m
[0;32m[1784655747.143] [9114:9114] [FP] Forgetting fabric 0x1[0m
[0;32m[1784655747.143] [9114:9114] [TS] Pending Last Known Good Time: 2023-10-14T01:16:48[0m
[0;32m[1784655747.143] [9114:9114] [TS] Previous Last Known Good Time: 2023-10-14T01:16:48[0m
[0;32m[1784655747.143] [9114:9114] [TS] Reverted Last Known Good Time to previous value[0m
[0;34m[1784655747.143] [9114:9114] [CTL] Shutting down the commissioner[0m
[0;32m[1784655747.143] [9114:9114] [PAF] WiFiPAF: Closing all WiFiPAF sessions to shutdown[0m
[0;34m[1784655747.143] [9114:9114] [CTL] Shutting down the controller[0m
[0;34m[1784655747.143] [9114:9114] [CTL] Shutting down the System State, this will teardown the CHIP Stack[0m
[0;34m[1784655747.143] [9114:9114] [DMG] All ReadHandler-s are clean, clear GlobalDirtySet[0m
[0;32m[1784655747.143] [9114:9114] [FP] Shutting down FabricTable[0m
[0;32m[1784655747.143] [9114:9114] [TS] Pending Last Known Good Time: 2023-10-14T01:16:48[0m
[0;32m[1784655747.143] [9114:9114] [TS] Previous Last Known Good Time: 2023-10-14T01:16:48[0m
[0;32m[1784655747.143] [9114:9114] [TS] Reverted Last Known Good Time to previous value[0m
[0;34m[1784655747.145] [9114:9114] [DL] Wrote settings to /tmp/chip_counters.ini[0m
[0;32m[1784655747.145] [9114:9114] [DL] NVS set: chip-counters/total-operational-hours = 0 (0x0)[0m
[0;32m[1784655747.145] [9114:9114] [DL] Inet Layer shutdown[0m
[0;32m[1784655747.145] [9114:9114] [DL] BLE Layer shutdown[0m
[0;32m[1784655747.145] [9114:9114] [DL] WiFi-PAF Layer shutdown[0m
[0;32m[1784655747.145] [9114:9114] [PAF] WiFiPAF: Closing all WiFiPAF sessions to shutdown[0m
[0;32m[1784655747.145] [9114:9114] [DL] System Layer shutdown[0m
