[0;34m[1784655747.192] [9118:9118] [DL] ChipLinuxStorage::Init: Using KVS config file: /tmp/chip_tool_kvs[0m
[1;31m[1784655747.193] [9118:9118] [DL] ChipLinuxStorage::Init: Attempt to re-initialize with KVS config file: /tmp/chip_kvs, IGNORING.[0m
[0;34m[1784655747.195] [9118:9118] [DL] ChipLinuxStorage::Init: Using KVS config file: /tmp/chip_factory.ini[0m
[0;34m[1784655747.195] [9118:9118] [DL] ChipLinuxStorage::Init: Using KVS config file: /tmp/chip_config.ini[0m
[0;34m[1784655747.195] [9118:9118] [DL] ChipLinuxStorage::Init: Using KVS config file: /tmp/chip_counters.ini[0m
[0;34m[1784655747.198] [9118:9118] [DL] Wrote settings to /tmp/chip_counters.ini[0m
[0;32m[1784655747.198] [9118:9118] [DL] NVS set: chip-counters/reboot-count = 4 (0x4)[0m
[0;32m[1784655747.198] [9118:9118] [DL] Got Ethernet interface: enp0s3[0m
[0;32m[1784655747.198] [9118:9118] [DL] Found the primary Ethernet interface:enp0s3[0m
[1;31m[1784655747.198] [9118:9118] [DL] Failed to get WiFi interface[0m
[1;31m[1784655747.198] [9118:9118] [DL] Failed to reset WiFi statistic counts[0m
[0;32m[1784655747.198] [9118:9118] [PAF] WiFiPAF: WiFiPAFLayer::Init()[0m
[0;34m[1784655747.198] [9118:9118] [IN] UDP::Init bind&listen port=0[0m
[0;34m[1784655747.198] [9118:9118] [IN] UDP::Init bound to port=45499[0m
[0;34m[1784655747.198] [9118:9118] [IN] UDP::Init bind&listen port=0[0m
[0;34m[1784655747.198] [9118:9118] [IN] UDP::Init bound to port=51594[0m
[0;34m[1784655747.198] [9118:9118] [IN] BLEBase::Init - setting/overriding transport[0m
[0;34m[1784655747.198] [9118:9118] [IN] WiFiPAFBase::Init - setting/overriding transport[0m
[0;34m[1784655747.198] [9118:9118] [IN] TransportMgr initialized[0m
[0;34m[1784655747.198] [9118:9118] [FP] Initializing FabricTable from persistent storage[0m
[0;32m[1784655747.198] [9118:9118] [TS] Last Known Good Time: 2023-10-14T01:16:48[0m
[0;32m[1784655747.199] [9118:9118] [FP] Fabric index 0x1 was retrieved from storage. Compressed FabricId 0x65980748CB122B7C, FabricId 0x0000000000000001, NodeId 0x000000000001B669, VendorId 0xFFF1[0m
[0;32m[1784655747.200] [9118:9118] [DMG] Ember attribute persistence requires setting up[0m
[0;32m[1784655747.200] [9118:9118] [ZCL] Using ZAP configuration...[0m
[0;34m[1784655747.200] [9118:9118] [CTL] System State Initialized...[0m
[0;32m[1784655747.200] [9118:9118] [CTL] Setting attestation nonce to random value[0m
[0;32m[1784655747.200] [9118:9118] [CTL] Setting CSR nonce to random value[0m
[0;34m[1784655747.200] [9118:9120] [DL] CHIP task running[0m
[0;32m[1784655747.200] [9118:9120] [CTL] Setting attestation nonce to random value[0m
[0;32m[1784655747.200] [9118:9120] [CTL] Setting CSR nonce to random value[0m
[0;32m[1784655747.200] [9118:9120] [CTL] Generating NOC[0m
[0;32m[1784655747.200] [9118:9120] [FP] Validating NOC chain[0m
[0;32m[1784655747.201] [9118:9120] [FP] NOC chain validation successful[0m
[0;32m[1784655747.201] [9118:9120] [FP] Updated fabric at index: 0x1, Node ID: 0x000000000001B669[0m
[0;32m[1784655747.201] [9118:9120] [TS] Last Known Good Time: 2023-10-14T01:16:48[0m
[0;32m[1784655747.201] [9118:9120] [TS] New proposed Last Known Good Time: 2021-01-01T00:00:00[0m
[0;32m[1784655747.201] [9118:9120] [TS] Retaining current Last Known Good Time[0m
[0;32m[1784655747.203] [9118:9120] [FP] Metadata for Fabric 0x1 persisted to storage.[0m
[0;32m[1784655747.204] [9118:9120] [TS] Committing Last Known Good Time to storage: 2023-10-14T01:16:48[0m
[0;32m[1784655747.205] [9118:9120] [CTL] Joined the fabric at index 1. Fabric ID is 0x0000000000000001 (Compressed Fabric ID: 65980748CB122B7C)[0m
[0;32m[1784655747.209] [9118:9120] [TOO] Sending command to node 0x1[0m
[0;34m[1784655747.210] [9118:9120] [CSM] FindOrEstablishSession: PeerId = [1:0000000000000001][0m
[0;34m[1784655747.210] [9118:9120] [CSM] FindOrEstablishSession: No existing OperationalSessionSetup instance found[0m
[0;34m[1784655747.210] [9118:9120] [DIS] OperationalSessionSetup[1:0000000000000001]: State change 1 --> 2[0m
[0;32m[1784655747.210] [9118:9120] [DIS] Lookup started for 65980748CB122B7C-0000000000000001[0m
[0;32m[1784655747.210] [9118:9120] [DIS] UDP:[fe80::bfe:a203:38f0:bce7%enp0s3]:5540: new best score: 7 (for 65980748CB122B7C-0000000000000001)[0m
[0;34m[1784655747.210] [9118:9120] [DIS] Lookup clearing interface for non LL address[0m
[0;32m[1784655747.210] [9118:9120] [DIS] UDP:10.0.2.15%enp0s3:5540: new best score: 2 (for 65980748CB122B7C-0000000000000001)[0m
[0;32m[1784655747.210] [9118:9120] [DIS] Checking node lookup status for 65980748CB122B7C-0000000000000001 after 1 ms[0m
[0;32m[1784655747.210] [9118:9120] [DIS] Keeping DNSSD lookup active[0m
[0;32m[1784655747.210] [9118:9120] [DIS] UDP:[fe80::bfe:a203:38f0:bce7%enp0s3]:5540: score has not improved: 7 (for 65980748CB122B7C-0000000000000001)[0m
[0;34m[1784655747.210] [9118:9120] [DIS] Lookup clearing interface for non LL address[0m
[0;32m[1784655747.210] [9118:9120] [DIS] UDP:10.0.2.15%enp0s3:5540: score has not improved: 2 (for 65980748CB122B7C-0000000000000001)[0m
[0;32m[1784655747.210] [9118:9120] [DIS] Checking node lookup status for 65980748CB122B7C-0000000000000001 after 1 ms[0m
[0;32m[1784655747.210] [9118:9120] [DIS] Keeping DNSSD lookup active[0m
[0;32m[1784655747.412] [9118:9120] [DIS] Checking node lookup status for 65980748CB122B7C-0000000000000001 after 203 ms[0m
[0;34m[1784655747.412] [9118:9120] [DIS] OperationalSessionSetup[1:0000000000000001]: Updating device address to UDP:[fe80::bfe:a203:38f0:bce7%enp0s3]:5540 while in state 2[0m
[0;34m[1784655747.412] [9118:9120] [DIS] OperationalSessionSetup[1:0000000000000001]: State change 2 --> 3[0m
[0;34m[1784655747.413] [9118:9120] [IN] SecureSession[0x7969f0009cd0]: Allocated Type:2 LSID:55653[0m
[0;32m[1784655747.413] [9118:9120] [SC] Initiating session on local FabricIndex 1 from 0x000000000001B669 -> 0x0000000000000001[0m
[0;32m[1784655747.413] [9118:9120] [EM] <<< [E:20812i S:0 M:3152998] (U) Msg TX from B8C48F087AD6F3D7 to 0:0000000000000000 [0000] [UDP:[fe80::bfe:a203:38f0:bce7%enp0s3]:5540] --- Type 0000:30 (SecureChannel:CASE_Sigma1) (B:196)[0m
[0;32m[1784655747.415] [9118:9120] [EM] ??1 [E:20812i S:0 M:3152998] (U) Msg Retransmission to 0:0000000000000000 scheduled for 551ms from now [State:Idle II:500 AI:300 AT:4000][0m
[0;32m[1784655747.415] [9118:9120] [SC] Sent Sigma1 msg to <0000000000000001, 1> [II:500ms AI:300ms AT:4000ms][0m
[0;34m[1784655747.415] [9118:9120] [DIS] OperationalSessionSetup[1:0000000000000001]: State change 3 --> 4[0m
[0;32m[1784655747.415] [9118:9120] [EM] >>> [E:20812i S:0 M:67566111 (Ack:3152998)] (U) Msg RX from 0:0000000000000000 [0000] to B8C48F087AD6F3D7 --- Type 0000:31 (SecureChannel:CASE_Sigma2) (B:751)[0m
[0;34m[1784655747.415] [9118:9120] [EM] Found matching exchange: 20812i, Delegate: 0x7969f000b8e8[0m
[0;34m[1784655747.415] [9118:9120] [EM] Rxd Ack; Removing MessageCounter:3152998 from Retrans Table on exchange 20812i[0m
[0;32m[1784655747.415] [9118:9120] [SC] Received Sigma2 msg[0m
[0;34m[1784655747.415] [9118:9120] [SC] Found MRP parameters in the message[0m
[0;34m[1784655747.417] [9118:9120] [SC] Peer <0000000000000001, 1> assigned session ID 9663[0m
[0;34m[1784655747.417] [9118:9120] [SC] Sending Sigma3[0m
[0;32m[1784655747.417] [9118:9120] [EM] <<< [E:20812i S:0 M:3152999 (Ack:67566111)] (U) Msg TX from B8C48F087AD6F3D7 to 0:0000000000000000 [0000] [UDP:[fe80::bfe:a203:38f0:bce7%enp0s3]:5540] --- Type 0000:32 (SecureChannel:CASE_Sigma3) (B:598)[0m
[0;32m[1784655747.417] [9118:9120] [EM] ??1 [E:20812i S:0 M:3152999] (U) Msg Retransmission to 0:0000000000000000 scheduled for 368ms from now [State:Active II:500 AI:300 AT:4000][0m
[0;32m[1784655747.417] [9118:9120] [SC] Sent Sigma3 msg[0m
[0;32m[1784655747.426] [9118:9120] [EM] >>> [E:20812i S:0 M:67566112 (Ack:3152999)] (U) Msg RX from 0:0000000000000000 [0000] to B8C48F087AD6F3D7 --- Type 0000:40 (SecureChannel:StatusReport) (B:34)[0m
[0;34m[1784655747.426] [9118:9120] [EM] Found matching exchange: 20812i, Delegate: 0x7969f000b8e8[0m
[0;34m[1784655747.426] [9118:9120] [EM] Rxd Ack; Removing MessageCounter:3152999 from Retrans Table on exchange 20812i[0m
[0;32m[1784655747.426] [9118:9120] [SC] Success status report received. Session was established[0m
[0;32m[1784655747.427] [9118:9120] [SC] SecureSession[0x7969f0009cd0, LSID:55653]: State change 'kEstablishing' --> 'kActive'[0m
[0;34m[1784655747.427] [9118:9120] [IN] SecureSession[0x7969f0009cd0]: Activated - Type:2 LSID:55653[0m
[0;34m[1784655747.427] [9118:9120] [IN] New secure session activated for device <0000000000000001, 1>, LSID:55653 PSID:9663![0m
[0;34m[1784655747.427] [9118:9120] [DIS] OperationalSessionSetup[1:0000000000000001]: State change 4 --> 5[0m
[0;32m[1784655747.427] [9118:9120] [TOO] Sending cluster (0x0000003E) command (0x00000004) on endpoint 0[0m
[0;34m[1784655747.427] [9118:9120] [DMG] ICR moving to [AddingComm][0m
[0;34m[1784655747.427] [9118:9120] [DMG] ICR moving to [AddedComma][0m
[0;32m[1784655747.427] [9118:9120] [EM] <<< [E:20813i S:55653 M:147567480] (S) Msg TX from 000000000001B669 to 1:0000000000000001 [2B7C] [UDP:[fe80::bfe:a203:38f0:bce7%enp0s3]:5540] --- Type 0001:08 (IM:InvokeCommandRequest) (B:96)[0m
[0;32m[1784655747.427] [9118:9120] [EM] ??1 [E:20813i S:55653 M:147567480] (S) Msg Retransmission to 1:0000000000000001 scheduled for 384ms from now [State:Active II:500 AI:300 AT:4000][0m
[0;34m[1784655747.427] [9118:9120] [DMG] ICR moving to [AwaitingRe][0m
[0;32m[1784655747.427] [9118:9120] [EM] <<< [E:20812i S:0 M:3153000 (Ack:67566112)] (U) Msg TX from B8C48F087AD6F3D7 to 0:0000000000000000 [0000] [UDP:[fe80::bfe:a203:38f0:bce7%enp0s3]:5540] --- Type 0000:10 (SecureChannel:StandaloneAck) (B:26)[0m
[0;34m[1784655747.427] [9118:9120] [EM] Flushed pending ack for MessageCounter:67566112 on exchange 20812i[0m
[0;32m[1784655747.428] [9118:9120] [EM] >>> [E:20813i S:55653 M:60662113 (Ack:147567480)] (S) Msg RX from 1:0000000000000001 [2B7C] to 000000000001B669 --- Type 0001:09 (IM:InvokeCommandResponse) (B:376)[0m
[0;34m[1784655747.428] [9118:9120] [EM] Found matching exchange: 20813i, Delegate: 0x7969f000eef8[0m
[0;34m[1784655747.428] [9118:9120] [EM] Rxd Ack; Removing MessageCounter:147567480 from Retrans Table on exchange 20813i[0m
[0;34m[1784655747.428] [9118:9120] [DMG] ICR moving to [ResponseRe][0m
[0;34m[1784655747.428] [9118:9120] [DMG] InvokeResponseMessage =[0m
[0;34m[1784655747.428] [9118:9120] [DMG] {[0m
[0;34m[1784655747.428] [9118:9120] [DMG] 	suppressResponse = false, [0m
[0;34m[1784655747.428] [9118:9120] [DMG] 	InvokeResponseIBs =[0m
[0;34m[1784655747.428] [9118:9120] [DMG] 	[[0m
[0;34m[1784655747.428] [9118:9120] [DMG] 		InvokeResponseIB =[0m
[0;34m[1784655747.428] [9118:9120] [DMG] 		{[0m
[0;34m[1784655747.428] [9118:9120] [DMG] 			CommandDataIB =[0m
[0;34m[1784655747.428] [9118:9120] [DMG] 			{[0m
[0;34m[1784655747.428] [9118:9120] [DMG] 				CommandPathIB =[0m
[0;34m[1784655747.428] [9118:9120] [DMG] 				{[0m
[0;34m[1784655747.428] [9118:9120] [DMG] 					EndpointId = 0x0,[0m
[0;34m[1784655747.428] [9118:9120] [DMG] 					ClusterId = 0x3e,[0m
[0;34m[1784655747.428] [9118:9120] [DMG] 					CommandId = 0x5,[0m
[0;34m[1784655747.428] [9118:9120] [DMG] 				},[0m
[0;34m[1784655747.428] [9118:9120] [DMG] 				[0m
[0;34m[1784655747.428] [9118:9120] [DMG] 				CommandFields = [0m
[0;34m[1784655747.428] [9118:9120] [DMG] 				{[0m
[0;34m[1784655747.428] [9118:9120] [DMG] 					0x0 = [[0m
[0;34m[1784655747.428] [9118:9120] [DMG] 							0x15, 0x30, 0x01, 0xca, 0x30, 0x81, 0xc7, 0x30, 0x70, 0x02, 0x01, 0x00, 0x30, 0x0e, 0x31, 0x0c, 0x30, 0x0a, 0x06, 0x03, 0x55, 0x04, 0x0a, 0x0c, 0x03, 0x43, 0x53, 0x52, 0x30, 0x59, 0x30, 0x13, 0x06, 0x07, 0x2a, 0x86, 0x48, 0xce, 0x3d, 0x02, 0x01, 0x06, 0x08, 0x2a, 0x86, 0x48, 0xce, 0x3d, 0x03, 0x01, 0x07, 0x03, 0x42, 0x00, 0x04, 0x39, 0x8c, 0x8e, 0x07, 0xba, 0x06, 0x90, 0xda, 0x21, 0x58, 0xd0, 0x2b, 0xbc, 0xee, 0x15, 0x09, 0xc8, 0x01, 0xe8, 0xe9, 0xe4, 0x65, 0x8a, 0xaf, 0xf4, 0x2c, 0x44, 0x1c, 0x3f, 0x13, 0x2c, 0x4d, 0x92, 0x90, 0x07, 0x3d, 0x13, 0xed, 0x86, 0xb0, 0xe4, 0x57, 0x9f, 0x5b, 0xde, 0x79, 0x8f, 0x7b, 0x45, 0xac, 0x7c, 0xff, 0x02, 0x50, 0x5a, 0xa4, 0x02, 0x99, 0x35, 0xde, 0x0f, 0x45, 0xce, 0x18, 0xa0, 0x00, 0x30, 0x0a, 0x06, 0x08, 0x2a, 0x86, 0x48, 0xce, 0x3d, 0x04, 0x03, 0x02, 0x03, 0x47, 0x00, 0x30, 0x44, 0x02, 0x20, 0x33, 0xca, 0x89, 0x83, 0xf0, 0x66, 0x5f, 0x2a, 0x90, 0x04, 0x6d, 0xff, 0xad, 0xd5, 0x48, 0x37, 0xe6, 0xb2, 0x51, 0x0b, 0x31, 0x6d, 0x58, 0xb7, 0xb8, 0xbd, 0x65, 0xbc, 0xe7, 0xfd, 0x97, 0x22, 0x02, 0x20, 0x7b, 0x0f, 0xf7, 0x3b, 0x5e, 0x13, 0x16, 0x80, 0x00, 0x1b, 0x75, 0xf9, 0x86, 0x4e, 0xdd, 0xdc, 0xcd, 0x54, 0x02, 0x9f, 0x48, 0x5d, 0xba, 0x86, 0x2c, 0xe3, 0x33, 0x1b, 0x7d, 0xfd, 0x0a, 0xfe, 0x30, 0x02, 0x20, 0xd8, 0xc4, 0x32, 0x84, 0x73, 0x7a, 0x2b, 0xa7, 0x08, 0xb1, 0x68, 0xbc, 0xc3, 0xd6, 0xf1, 0xd8, 0xd5, 0x67, 0x88, 0x22, 0x87, 0xdc, 0xca, 0xef, 0x16, 0xb2, 0xba, 0x0b, 0x62, 0x55, 0x41, 0xe7, 0x18, [0m
[0;34m[1784655747.428] [9118:9120] [DMG] 					] (242 bytes)[0m
[0;34m[1784655747.428] [9118:9120] [DMG] 					0x1 = [[0m
[0;34m[1784655747.428] [9118:9120] [DMG] 							0x32, 0xa1, 0x6e, 0xcc, 0xda, 0x48, 0xab, 0x2c, 0xa4, 0xe9, 0xfa, 0x5f, 0x58, 0x9b, 0x5b, 0x1d, 0x6c, 0xd4, 0xe1, 0x70, 0xd3, 0x99, 0xe0, 0xd1, 0x39, 0x08, 0x76, 0xf2, 0xc2, 0x67, 0x37, 0x6c, 0x44, 0x91, 0x1f, 0x59, 0xef, 0xbb, 0x84, 0x02, 0x97, 0xc7, 0x7e, 0x0b, 0xed, 0x8f, 0x30, 0x7e, 0xfc, 0x23, 0x56, 0x30, 0x78, 0x09, 0x28, 0x3d, 0x10, 0x46, 0x82, 0x71, 0xf5, 0x67, 0x3e, 0x9c, [0m
[0;34m[1784655747.428] [9118:9120] [DMG] 					] (64 bytes)[0m
[0;34m[1784655747.428] [9118:9120] [DMG] 				},[0m
[0;34m[1784655747.428] [9118:9120] [DMG] 			},[0m
[0;34m[1784655747.428] [9118:9120] [DMG] 			[0m
[0;34m[1784655747.428] [9118:9120] [DMG] 		},[0m
[0;34m[1784655747.428] [9118:9120] [DMG] 		[0m
[0;34m[1784655747.428] [9118:9120] [DMG] 	],[0m
[0;34m[1784655747.428] [9118:9120] [DMG] 	[0m
[0;34m[1784655747.428] [9118:9120] [DMG] 	InteractionModelRevision = 12[0m
[0;34m[1784655747.428] [9118:9120] [DMG] },[0m
[0;32m[1784655747.428] [9118:9120] [DMG] Received Command Response Data, Endpoint=0 Cluster=0x0000_003E Command=0x0000_0005[0m
[0;32m[1784655747.428] [9118:9120] [TOO] Endpoint: 0 Cluster: 0x0000_003E Command 0x0000_0005[0m
[0;32m[1784655747.428] [9118:9120] [TOO]   CSRResponse: {[0m
[0;32m[1784655747.428] [9118:9120] [TOO]     NOCSRElements: 153001CA3081C73070020100300E310C300A060355040A0C034353523059301306072A8648CE3D020106082A8648CE3D03010703420004398C8E07BA0690DA2158D02BBCEE1509C801E8E9E4658AAFF42C441C3F132C4D9290073D13ED86B0E4579F5BDE798F7B45AC7CFF02505AA4029935DE0F45CE18A000300A06082A8648CE3D0403020347003044022033CA8983F0665F2A90046DFFADD54837E6B2510B316D58B7B8BD65BCE7FD972202207B0FF73B5E131680001B75F9864EDDDCCD54029F485DBA862CE3331B7DFD0AFE300220D8C43284737A2BA708B168BCC3D6F1D8D567882287DCCAEF16B2BA0B625541E718[0m
[0;32m[1784655747.428] [9118:9120] [TOO]     attestationSignature: 32A16ECCDA48AB2CA4E9FA5F589B5B1D6CD4E170D399E0D1390876F2C267376C44911F59EFBB840297C77E0BED8F307EFC2356307809283D10468271F5673E9C[0m
[0;32m[1784655747.428] [9118:9120] [TOO]    }[0m
[0;34m[1784655747.428] [9118:9120] [DMG] ICR moving to [AwaitingDe][0m
[0;32m[1784655747.428] [9118:9120] [EM] <<< [E:20813i S:55653 M:147567481 (Ack:60662113)] (S) Msg TX from 000000000001B669 to 1:0000000000000001 [2B7C] [UDP:[fe80::bfe:a203:38f0:bce7%enp0s3]:5540] --- Type 0000:10 (SecureChannel:StandaloneAck) (B:34)[0m
[0;34m[1784655747.428] [9118:9120] [EM] Flushed pending ack for MessageCounter:60662113 on exchange 20813i[0m
[0;34m[1784655747.428] [9118:9118] [CTL] Shutting down the commissioner[0m
[0;32m[1784655747.429] [9118:9118] [PAF] WiFiPAF: Closing all WiFiPAF sessions to shutdown[0m
[0;34m[1784655747.429] [9118:9118] [CTL] Shutting down the controller[0m
[0;34m[1784655747.429] [9118:9118] [IN] Expiring all sessions for fabric 0x1!![0m
[0;34m[1784655747.429] [9118:9118] [IN] SecureSession[0x7969f0009cd0]: MarkForEviction Type:2 LSID:55653[0m
[0;32m[1784655747.429] [9118:9118] [SC] SecureSession[0x7969f0009cd0, LSID:55653]: State change 'kActive' --> 'kPendingEviction'[0m
[0;34m[1784655747.429] [9118:9118] [IN] SecureSession[0x7969f0009cd0]: Released - Type:2 LSID:55653[0m
[0;32m[1784655747.429] [9118:9118] [FP] Forgetting fabric 0x1[0m
[0;32m[1784655747.429] [9118:9118] [TS] Pending Last Known Good Time: 2023-10-14T01:16:48[0m
[0;32m[1784655747.429] [9118:9118] [TS] Previous Last Known Good Time: 2023-10-14T01:16:48[0m
[0;32m[1784655747.429] [9118:9118] [TS] Reverted Last Known Good Time to previous value[0m
[0;34m[1784655747.429] [9118:9118] [CTL] Shutting down the commissioner[0m
[0;32m[1784655747.429] [9118:9118] [PAF] WiFiPAF: Closing all WiFiPAF sessions to shutdown[0m
[0;34m[1784655747.429] [9118:9118] [CTL] Shutting down the controller[0m
[0;34m[1784655747.429] [9118:9118] [CTL] Shutting down the System State, this will teardown the CHIP Stack[0m
[0;34m[1784655747.429] [9118:9118] [DMG] All ReadHandler-s are clean, clear GlobalDirtySet[0m
[0;32m[1784655747.429] [9118:9118] [FP] Shutting down FabricTable[0m
[0;32m[1784655747.429] [9118:9118] [TS] Pending Last Known Good Time: 2023-10-14T01:16:48[0m
[0;32m[1784655747.429] [9118:9118] [TS] Previous Last Known Good Time: 2023-10-14T01:16:48[0m
[0;32m[1784655747.429] [9118:9118] [TS] Reverted Last Known Good Time to previous value[0m
[0;34m[1784655747.431] [9118:9118] [DL] Wrote settings to /tmp/chip_counters.ini[0m
[0;32m[1784655747.431] [9118:9118] [DL] NVS set: chip-counters/total-operational-hours = 0 (0x0)[0m
[0;32m[1784655747.431] [9118:9118] [DL] Inet Layer shutdown[0m
[0;32m[1784655747.431] [9118:9118] [DL] BLE Layer shutdown[0m
[0;32m[1784655747.431] [9118:9118] [DL] WiFi-PAF Layer shutdown[0m
[0;32m[1784655747.431] [9118:9118] [PAF] WiFiPAF: Closing all WiFiPAF sessions to shutdown[0m
[0;32m[1784655747.431] [9118:9118] [DL] System Layer shutdown[0m
