[0;34m[1784655747.832] [9131:9131] [DL] ChipLinuxStorage::Init: Using KVS config file: /tmp/chip_tool_kvs[0m
[1;31m[1784655747.833] [9131:9131] [DL] ChipLinuxStorage::Init: Attempt to re-initialize with KVS config file: /tmp/chip_kvs, IGNORING.[0m
[0;34m[1784655747.835] [9131:9131] [DL] ChipLinuxStorage::Init: Using KVS config file: /tmp/chip_factory.ini[0m
[0;34m[1784655747.835] [9131:9131] [DL] ChipLinuxStorage::Init: Using KVS config file: /tmp/chip_config.ini[0m
[0;34m[1784655747.835] [9131:9131] [DL] ChipLinuxStorage::Init: Using KVS config file: /tmp/chip_counters.ini[0m
[0;34m[1784655747.838] [9131:9131] [DL] Wrote settings to /tmp/chip_counters.ini[0m
[0;32m[1784655747.838] [9131:9131] [DL] NVS set: chip-counters/reboot-count = 6 (0x6)[0m
[0;32m[1784655747.838] [9131:9131] [DL] Got Ethernet interface: enp0s3[0m
[0;32m[1784655747.838] [9131:9131] [DL] Found the primary Ethernet interface:enp0s3[0m
[1;31m[1784655747.838] [9131:9131] [DL] Failed to get WiFi interface[0m
[1;31m[1784655747.838] [9131:9131] [DL] Failed to reset WiFi statistic counts[0m
[0;32m[1784655747.838] [9131:9131] [PAF] WiFiPAF: WiFiPAFLayer::Init()[0m
[0;34m[1784655747.838] [9131:9131] [IN] UDP::Init bind&listen port=0[0m
[0;34m[1784655747.838] [9131:9131] [IN] UDP::Init bound to port=59059[0m
[0;34m[1784655747.838] [9131:9131] [IN] UDP::Init bind&listen port=0[0m
[0;34m[1784655747.838] [9131:9131] [IN] UDP::Init bound to port=47667[0m
[0;34m[1784655747.838] [9131:9131] [IN] BLEBase::Init - setting/overriding transport[0m
[0;34m[1784655747.838] [9131:9131] [IN] WiFiPAFBase::Init - setting/overriding transport[0m
[0;34m[1784655747.838] [9131:9131] [IN] TransportMgr initialized[0m
[0;34m[1784655747.838] [9131:9131] [FP] Initializing FabricTable from persistent storage[0m
[0;32m[1784655747.838] [9131:9131] [TS] Last Known Good Time: 2023-10-14T01:16:48[0m
[0;32m[1784655747.838] [9131:9131] [FP] Fabric index 0x1 was retrieved from storage. Compressed FabricId 0x65980748CB122B7C, FabricId 0x0000000000000001, NodeId 0x000000000001B669, VendorId 0xFFF1[0m
[0;32m[1784655747.840] [9131:9131] [DMG] Ember attribute persistence requires setting up[0m
[0;32m[1784655747.840] [9131:9131] [ZCL] Using ZAP configuration...[0m
[0;34m[1784655747.840] [9131:9131] [CTL] System State Initialized...[0m
[0;32m[1784655747.840] [9131:9131] [CTL] Setting attestation nonce to random value[0m
[0;32m[1784655747.840] [9131:9131] [CTL] Setting CSR nonce to random value[0m
[0;34m[1784655747.840] [9131:9133] [DL] CHIP task running[0m
[0;32m[1784655747.841] [9131:9133] [CTL] Setting attestation nonce to random value[0m
[0;32m[1784655747.841] [9131:9133] [CTL] Setting CSR nonce to random value[0m
[0;32m[1784655747.841] [9131:9133] [CTL] Generating NOC[0m
[0;32m[1784655747.841] [9131:9133] [FP] Validating NOC chain[0m
[0;32m[1784655747.841] [9131:9133] [FP] NOC chain validation successful[0m
[0;32m[1784655747.841] [9131:9133] [FP] Updated fabric at index: 0x1, Node ID: 0x000000000001B669[0m
[0;32m[1784655747.841] [9131:9133] [TS] Last Known Good Time: 2023-10-14T01:16:48[0m
[0;32m[1784655747.841] [9131:9133] [TS] New proposed Last Known Good Time: 2021-01-01T00:00:00[0m
[0;32m[1784655747.841] [9131:9133] [TS] Retaining current Last Known Good Time[0m
[0;32m[1784655747.843] [9131:9133] [FP] Metadata for Fabric 0x1 persisted to storage.[0m
[0;32m[1784655747.844] [9131:9133] [TS] Committing Last Known Good Time to storage: 2023-10-14T01:16:48[0m
[0;32m[1784655747.845] [9131:9133] [CTL] Joined the fabric at index 1. Fabric ID is 0x0000000000000001 (Compressed Fabric ID: 65980748CB122B7C)[0m
[0;32m[1784655747.849] [9131:9133] [TOO] Sending command to node 0x1[0m
[0;34m[1784655747.850] [9131:9133] [CSM] FindOrEstablishSession: PeerId = [1:0000000000000001][0m
[0;34m[1784655747.850] [9131:9133] [CSM] FindOrEstablishSession: No existing OperationalSessionSetup instance found[0m
[0;34m[1784655747.850] [9131:9133] [DIS] OperationalSessionSetup[1:0000000000000001]: State change 1 --> 2[0m
[0;32m[1784655747.850] [9131:9133] [DIS] Lookup started for 65980748CB122B7C-0000000000000001[0m
[0;32m[1784655747.850] [9131:9133] [DIS] UDP:[fe80::bfe:a203:38f0:bce7%enp0s3]:5540: new best score: 7 (for 65980748CB122B7C-0000000000000001)[0m
[0;34m[1784655747.850] [9131:9133] [DIS] Lookup clearing interface for non LL address[0m
[0;32m[1784655747.850] [9131:9133] [DIS] UDP:10.0.2.15%enp0s3:5540: new best score: 2 (for 65980748CB122B7C-0000000000000001)[0m
[0;32m[1784655747.850] [9131:9133] [DIS] Checking node lookup status for 65980748CB122B7C-0000000000000001 after 0 ms[0m
[0;32m[1784655747.850] [9131:9133] [DIS] Keeping DNSSD lookup active[0m
[0;32m[1784655747.850] [9131:9133] [DIS] UDP:[fe80::bfe:a203:38f0:bce7%enp0s3]:5540: score has not improved: 7 (for 65980748CB122B7C-0000000000000001)[0m
[0;34m[1784655747.850] [9131:9133] [DIS] Lookup clearing interface for non LL address[0m
[0;32m[1784655747.850] [9131:9133] [DIS] UDP:10.0.2.15%enp0s3:5540: score has not improved: 2 (for 65980748CB122B7C-0000000000000001)[0m
[0;32m[1784655747.850] [9131:9133] [DIS] Checking node lookup status for 65980748CB122B7C-0000000000000001 after 0 ms[0m
[0;32m[1784655747.850] [9131:9133] [DIS] Keeping DNSSD lookup active[0m
[0;32m[1784655748.056] [9131:9133] [DIS] Checking node lookup status for 65980748CB122B7C-0000000000000001 after 207 ms[0m
[0;34m[1784655748.056] [9131:9133] [DIS] OperationalSessionSetup[1:0000000000000001]: Updating device address to UDP:[fe80::bfe:a203:38f0:bce7%enp0s3]:5540 while in state 2[0m
[0;34m[1784655748.056] [9131:9133] [DIS] OperationalSessionSetup[1:0000000000000001]: State change 2 --> 3[0m
[0;34m[1784655748.057] [9131:9133] [IN] SecureSession[0x702c30009cd0]: Allocated Type:2 LSID:27301[0m
[0;32m[1784655748.057] [9131:9133] [SC] Initiating session on local FabricIndex 1 from 0x000000000001B669 -> 0x0000000000000001[0m
[0;32m[1784655748.057] [9131:9133] [EM] <<< [E:62830i S:0 M:229406776] (U) Msg TX from 89E79FC3F75286E3 to 0:0000000000000000 [0000] [UDP:[fe80::bfe:a203:38f0:bce7%enp0s3]:5540] --- Type 0000:30 (SecureChannel:CASE_Sigma1) (B:196)[0m
[0;32m[1784655748.057] [9131:9133] [EM] ??1 [E:62830i S:0 M:229406776] (U) Msg Retransmission to 0:0000000000000000 scheduled for 679ms from now [State:Idle II:500 AI:300 AT:4000][0m
[0;32m[1784655748.057] [9131:9133] [SC] Sent Sigma1 msg to <0000000000000001, 1> [II:500ms AI:300ms AT:4000ms][0m
[0;34m[1784655748.058] [9131:9133] [DIS] OperationalSessionSetup[1:0000000000000001]: State change 3 --> 4[0m
[0;32m[1784655748.059] [9131:9133] [EM] >>> [E:62830i S:0 M:67566115 (Ack:229406776)] (U) Msg RX from 0:0000000000000000 [0000] to 89E79FC3F75286E3 --- Type 0000:31 (SecureChannel:CASE_Sigma2) (B:751)[0m
[0;34m[1784655748.059] [9131:9133] [EM] Found matching exchange: 62830i, Delegate: 0x702c3000b8e8[0m
[0;34m[1784655748.059] [9131:9133] [EM] Rxd Ack; Removing MessageCounter:229406776 from Retrans Table on exchange 62830i[0m
[0;32m[1784655748.059] [9131:9133] [SC] Received Sigma2 msg[0m
[0;34m[1784655748.060] [9131:9133] [SC] Found MRP parameters in the message[0m
[0;34m[1784655748.062] [9131:9133] [SC] Peer <0000000000000001, 1> assigned session ID 9665[0m
[0;34m[1784655748.062] [9131:9133] [SC] Sending Sigma3[0m
[0;32m[1784655748.062] [9131:9133] [EM] <<< [E:62830i S:0 M:229406777 (Ack:67566115)] (U) Msg TX from 89E79FC3F75286E3 to 0:0000000000000000 [0000] [UDP:[fe80::bfe:a203:38f0:bce7%enp0s3]:5540] --- Type 0000:32 (SecureChannel:CASE_Sigma3) (B:598)[0m
[0;32m[1784655748.064] [9131:9133] [EM] ??1 [E:62830i S:0 M:229406777] (U) Msg Retransmission to 0:0000000000000000 scheduled for 397ms from now [State:Active II:500 AI:300 AT:4000][0m
[0;32m[1784655748.064] [9131:9133] [SC] Sent Sigma3 msg[0m
[0;32m[1784655748.073] [9131:9133] [EM] >>> [E:62830i S:0 M:67566116 (Ack:229406777)] (U) Msg RX from 0:0000000000000000 [0000] to 89E79FC3F75286E3 --- Type 0000:40 (SecureChannel:StatusReport) (B:34)[0m
[0;34m[1784655748.073] [9131:9133] [EM] Found matching exchange: 62830i, Delegate: 0x702c3000b8e8[0m
[0;34m[1784655748.073] [9131:9133] [EM] Rxd Ack; Removing MessageCounter:229406777 from Retrans Table on exchange 62830i[0m
[0;32m[1784655748.073] [9131:9133] [SC] Success status report received. Session was established[0m
[0;32m[1784655748.074] [9131:9133] [SC] SecureSession[0x702c30009cd0, LSID:27301]: State change 'kEstablishing' --> 'kActive'[0m
[0;34m[1784655748.074] [9131:9133] [IN] SecureSession[0x702c30009cd0]: Activated - Type:2 LSID:27301[0m
[0;34m[1784655748.074] [9131:9133] [IN] New secure session activated for device <0000000000000001, 1>, LSID:27301 PSID:9665![0m
[0;34m[1784655748.074] [9131:9133] [DIS] OperationalSessionSetup[1:0000000000000001]: State change 4 --> 5[0m
[0;32m[1784655748.074] [9131:9133] [TOO] Sending cluster (0x0000003E) command (0x00000007) on endpoint 0[0m
[0;34m[1784655748.074] [9131:9133] [DMG] ICR moving to [AddingComm][0m
[0;34m[1784655748.074] [9131:9133] [DMG] ICR moving to [AddedComma][0m
[0;32m[1784655748.074] [9131:9133] [EM] <<< [E:62831i S:27301 M:33326347] (S) Msg TX from 000000000001B669 to 1:0000000000000001 [2B7C] [UDP:[fe80::bfe:a203:38f0:bce7%enp0s3]:5540] --- Type 0001:08 (IM:InvokeCommandRequest) (B:330)[0m
[0;32m[1784655748.074] [9131:9133] [EM] ??1 [E:62831i S:27301 M:33326347] (S) Msg Retransmission to 1:0000000000000001 scheduled for 370ms from now [State:Active II:500 AI:300 AT:4000][0m
[0;34m[1784655748.074] [9131:9133] [DMG] ICR moving to [AwaitingRe][0m
[0;32m[1784655748.074] [9131:9133] [EM] <<< [E:62830i S:0 M:229406778 (Ack:67566116)] (U) Msg TX from 89E79FC3F75286E3 to 0:0000000000000000 [0000] [UDP:[fe80::bfe:a203:38f0:bce7%enp0s3]:5540] --- Type 0000:10 (SecureChannel:StandaloneAck) (B:26)[0m
[0;34m[1784655748.075] [9131:9133] [EM] Flushed pending ack for MessageCounter:67566116 on exchange 62830i[0m
[0;32m[1784655748.085] [9131:9133] [EM] >>> [E:62831i S:27301 M:235346069 (Ack:33326347)] (S) Msg RX from 1:0000000000000001 [2B7C] to 000000000001B669 --- Type 0001:09 (IM:InvokeCommandResponse) (B:70)[0m
[0;34m[1784655748.085] [9131:9133] [EM] Found matching exchange: 62831i, Delegate: 0x702c3000eef8[0m
[0;34m[1784655748.085] [9131:9133] [EM] Rxd Ack; Removing MessageCounter:33326347 from Retrans Table on exchange 62831i[0m
[0;34m[1784655748.085] [9131:9133] [DMG] ICR moving to [ResponseRe][0m
[0;34m[1784655748.085] [9131:9133] [DMG] InvokeResponseMessage =[0m
[0;34m[1784655748.085] [9131:9133] [DMG] {[0m
[0;34m[1784655748.085] [9131:9133] [DMG] 	suppressResponse = false, [0m
[0;34m[1784655748.085] [9131:9133] [DMG] 	InvokeResponseIBs =[0m
[0;34m[1784655748.085] [9131:9133] [DMG] 	[[0m
[0;34m[1784655748.085] [9131:9133] [DMG] 		InvokeResponseIB =[0m
[0;34m[1784655748.085] [9131:9133] [DMG] 		{[0m
[0;34m[1784655748.085] [9131:9133] [DMG] 			CommandDataIB =[0m
[0;34m[1784655748.085] [9131:9133] [DMG] 			{[0m
[0;34m[1784655748.085] [9131:9133] [DMG] 				CommandPathIB =[0m
[0;34m[1784655748.085] [9131:9133] [DMG] 				{[0m
[0;34m[1784655748.085] [9131:9133] [DMG] 					EndpointId = 0x0,[0m
[0;34m[1784655748.085] [9131:9133] [DMG] 					ClusterId = 0x3e,[0m
[0;34m[1784655748.085] [9131:9133] [DMG] 					CommandId = 0x8,[0m
[0;34m[1784655748.085] [9131:9133] [DMG] 				},[0m
[0;34m[1784655748.085] [9131:9133] [DMG] 				[0m
[0;34m[1784655748.085] [9131:9133] [DMG] 				CommandFields = [0m
[0;34m[1784655748.085] [9131:9133] [DMG] 				{[0m
[0;34m[1784655748.085] [9131:9133] [DMG] 					0x0 = 0 (unsigned), [0m
[0;34m[1784655748.085] [9131:9133] [DMG] 					0x1 = 1 (unsigned), [0m
[0;34m[1784655748.085] [9131:9133] [DMG] 				},[0m
[0;34m[1784655748.085] [9131:9133] [DMG] 			},[0m
[0;34m[1784655748.085] [9131:9133] [DMG] 			[0m
[0;34m[1784655748.085] [9131:9133] [DMG] 		},[0m
[0;34m[1784655748.085] [9131:9133] [DMG] 		[0m
[0;34m[1784655748.085] [9131:9133] [DMG] 	],[0m
[0;34m[1784655748.085] [9131:9133] [DMG] 	[0m
[0;34m[1784655748.085] [9131:9133] [DMG] 	InteractionModelRevision = 12[0m
[0;34m[1784655748.085] [9131:9133] [DMG] },[0m
[0;32m[1784655748.085] [9131:9133] [DMG] Received Command Response Data, Endpoint=0 Cluster=0x0000_003E Command=0x0000_0008[0m
[0;32m[1784655748.085] [9131:9133] [TOO] Endpoint: 0 Cluster: 0x0000_003E Command 0x0000_0008[0m
[0;32m[1784655748.085] [9131:9133] [TOO]   NOCResponse: {[0m
[0;32m[1784655748.085] [9131:9133] [TOO]     statusCode: 0[0m
[0;32m[1784655748.085] [9131:9133] [TOO]     fabricIndex: 1[0m
[0;32m[1784655748.085] [9131:9133] [TOO]    }[0m
[0;34m[1784655748.085] [9131:9133] [DMG] ICR moving to [AwaitingDe][0m
[0;32m[1784655748.085] [9131:9133] [EM] <<< [E:62831i S:27301 M:33326348 (Ack:235346069)] (S) Msg TX from 000000000001B669 to 1:0000000000000001 [2B7C] [UDP:[fe80::bfe:a203:38f0:bce7%enp0s3]:5540] --- Type 0000:10 (SecureChannel:StandaloneAck) (B:34)[0m
[0;34m[1784655748.085] [9131:9133] [EM] Flushed pending ack for MessageCounter:235346069 on exchange 62831i[0m
[0;34m[1784655748.085] [9131:9131] [CTL] Shutting down the commissioner[0m
[0;32m[1784655748.085] [9131:9131] [PAF] WiFiPAF: Closing all WiFiPAF sessions to shutdown[0m
[0;34m[1784655748.085] [9131:9131] [CTL] Shutting down the controller[0m
[0;34m[1784655748.085] [9131:9131] [IN] Expiring all sessions for fabric 0x1!![0m
[0;34m[1784655748.085] [9131:9131] [IN] SecureSession[0x702c30009cd0]: MarkForEviction Type:2 LSID:27301[0m
[0;32m[1784655748.085] [9131:9131] [SC] SecureSession[0x702c30009cd0, LSID:27301]: State change 'kActive' --> 'kPendingEviction'[0m
[0;34m[1784655748.085] [9131:9131] [IN] SecureSession[0x702c30009cd0]: Released - Type:2 LSID:27301[0m
[0;32m[1784655748.085] [9131:9131] [FP] Forgetting fabric 0x1[0m
[0;32m[1784655748.085] [9131:9131] [TS] Pending Last Known Good Time: 2023-10-14T01:16:48[0m
[0;32m[1784655748.085] [9131:9131] [TS] Previous Last Known Good Time: 2023-10-14T01:16:48[0m
[0;32m[1784655748.085] [9131:9131] [TS] Reverted Last Known Good Time to previous value[0m
[0;34m[1784655748.085] [9131:9131] [CTL] Shutting down the commissioner[0m
[0;32m[1784655748.085] [9131:9131] [PAF] WiFiPAF: Closing all WiFiPAF sessions to shutdown[0m
[0;34m[1784655748.085] [9131:9131] [CTL] Shutting down the controller[0m
[0;34m[1784655748.085] [9131:9131] [CTL] Shutting down the System State, this will teardown the CHIP Stack[0m
[0;34m[1784655748.085] [9131:9131] [DMG] All ReadHandler-s are clean, clear GlobalDirtySet[0m
[0;32m[1784655748.085] [9131:9131] [FP] Shutting down FabricTable[0m
[0;32m[1784655748.085] [9131:9131] [TS] Pending Last Known Good Time: 2023-10-14T01:16:48[0m
[0;32m[1784655748.085] [9131:9131] [TS] Previous Last Known Good Time: 2023-10-14T01:16:48[0m
[0;32m[1784655748.085] [9131:9131] [TS] Reverted Last Known Good Time to previous value[0m
[0;34m[1784655748.088] [9131:9131] [DL] Wrote settings to /tmp/chip_counters.ini[0m
[0;32m[1784655748.088] [9131:9131] [DL] NVS set: chip-counters/total-operational-hours = 0 (0x0)[0m
[0;32m[1784655748.088] [9131:9131] [DL] Inet Layer shutdown[0m
[0;32m[1784655748.088] [9131:9131] [DL] BLE Layer shutdown[0m
[0;32m[1784655748.088] [9131:9131] [DL] WiFi-PAF Layer shutdown[0m
[0;32m[1784655748.088] [9131:9131] [PAF] WiFiPAF: Closing all WiFiPAF sessions to shutdown[0m
[0;32m[1784655748.088] [9131:9131] [DL] System Layer shutdown[0m
