[0;34m[1784655052.535] [6939:6939] [DL] ChipLinuxStorage::Init: Using KVS config file: /tmp/chip_tool_kvs[0m
[1;31m[1784655052.536] [6939:6939] [DL] ChipLinuxStorage::Init: Attempt to re-initialize with KVS config file: /tmp/chip_kvs, IGNORING.[0m
[0;34m[1784655052.537] [6939:6939] [DL] ChipLinuxStorage::Init: Using KVS config file: /tmp/chip_factory.ini[0m
[0;34m[1784655052.537] [6939:6939] [DL] ChipLinuxStorage::Init: Using KVS config file: /tmp/chip_config.ini[0m
[0;34m[1784655052.537] [6939:6939] [DL] ChipLinuxStorage::Init: Using KVS config file: /tmp/chip_counters.ini[0m
[0;34m[1784655052.541] [6939:6939] [DL] Wrote settings to /tmp/chip_counters.ini[0m
[0;32m[1784655052.541] [6939:6939] [DL] NVS set: chip-counters/reboot-count = 6 (0x6)[0m
[0;32m[1784655052.541] [6939:6939] [DL] Got Ethernet interface: enp0s3[0m
[0;32m[1784655052.541] [6939:6939] [DL] Found the primary Ethernet interface:enp0s3[0m
[1;31m[1784655052.542] [6939:6939] [DL] Failed to get WiFi interface[0m
[1;31m[1784655052.542] [6939:6939] [DL] Failed to reset WiFi statistic counts[0m
[0;32m[1784655052.542] [6939:6939] [PAF] WiFiPAF: WiFiPAFLayer::Init()[0m
[0;34m[1784655052.542] [6939:6939] [IN] UDP::Init bind&listen port=0[0m
[0;34m[1784655052.542] [6939:6939] [IN] UDP::Init bound to port=39407[0m
[0;34m[1784655052.542] [6939:6939] [IN] UDP::Init bind&listen port=0[0m
[0;34m[1784655052.542] [6939:6939] [IN] UDP::Init bound to port=44055[0m
[0;34m[1784655052.542] [6939:6939] [IN] BLEBase::Init - setting/overriding transport[0m
[0;34m[1784655052.542] [6939:6939] [IN] WiFiPAFBase::Init - setting/overriding transport[0m
[0;34m[1784655052.542] [6939:6939] [IN] TransportMgr initialized[0m
[0;34m[1784655052.542] [6939:6939] [FP] Initializing FabricTable from persistent storage[0m
[0;32m[1784655052.542] [6939:6939] [TS] Last Known Good Time: 2023-10-14T01:16:48[0m
[0;32m[1784655052.542] [6939:6939] [FP] Fabric index 0x1 was retrieved from storage. Compressed FabricId 0x686F240BE4B5AFF4, FabricId 0x0000000000000001, NodeId 0x000000000001B669, VendorId 0xFFF1[0m
[0;32m[1784655052.543] [6939:6939] [DMG] Ember attribute persistence requires setting up[0m
[0;32m[1784655052.543] [6939:6939] [ZCL] Using ZAP configuration...[0m
[0;34m[1784655052.543] [6939:6939] [CTL] System State Initialized...[0m
[0;32m[1784655052.543] [6939:6939] [CTL] Setting attestation nonce to random value[0m
[0;32m[1784655052.543] [6939:6939] [CTL] Setting CSR nonce to random value[0m
[0;34m[1784655052.544] [6939:6941] [DL] CHIP task running[0m
[0;32m[1784655052.544] [6939:6941] [CTL] Setting attestation nonce to random value[0m
[0;32m[1784655052.544] [6939:6941] [CTL] Setting CSR nonce to random value[0m
[0;32m[1784655052.544] [6939:6941] [CTL] Generating NOC[0m
[0;32m[1784655052.544] [6939:6941] [FP] Validating NOC chain[0m
[0;32m[1784655052.544] [6939:6941] [FP] NOC chain validation successful[0m
[0;32m[1784655052.544] [6939:6941] [FP] Updated fabric at index: 0x1, Node ID: 0x000000000001B669[0m
[0;32m[1784655052.544] [6939:6941] [TS] Last Known Good Time: 2023-10-14T01:16:48[0m
[0;32m[1784655052.544] [6939:6941] [TS] New proposed Last Known Good Time: 2021-01-01T00:00:00[0m
[0;32m[1784655052.544] [6939:6941] [TS] Retaining current Last Known Good Time[0m
[0;32m[1784655052.547] [6939:6941] [FP] Metadata for Fabric 0x1 persisted to storage.[0m
[0;32m[1784655052.548] [6939:6941] [TS] Committing Last Known Good Time to storage: 2023-10-14T01:16:48[0m
[0;32m[1784655052.550] [6939:6941] [CTL] Joined the fabric at index 1. Fabric ID is 0x0000000000000001 (Compressed Fabric ID: 686F240BE4B5AFF4)[0m
[0;32m[1784655052.556] [6939:6941] [TOO] Sending command to node 0x1[0m
[0;34m[1784655052.556] [6939:6941] [CSM] FindOrEstablishSession: PeerId = [1:0000000000000001][0m
[0;34m[1784655052.556] [6939:6941] [CSM] FindOrEstablishSession: No existing OperationalSessionSetup instance found[0m
[0;34m[1784655052.556] [6939:6941] [DIS] OperationalSessionSetup[1:0000000000000001]: State change 1 --> 2[0m
[0;32m[1784655052.556] [6939:6941] [DIS] Lookup started for 686F240BE4B5AFF4-0000000000000001[0m
[0;32m[1784655052.557] [6939:6941] [DIS] UDP:[fe80::bfe:a203:38f0:bce7%enp0s3]:5540: new best score: 7 (for 686F240BE4B5AFF4-0000000000000001)[0m
[0;34m[1784655052.557] [6939:6941] [DIS] Lookup clearing interface for non LL address[0m
[0;32m[1784655052.557] [6939:6941] [DIS] UDP:10.0.2.15%enp0s3:5540: new best score: 2 (for 686F240BE4B5AFF4-0000000000000001)[0m
[0;32m[1784655052.557] [6939:6941] [DIS] Checking node lookup status for 686F240BE4B5AFF4-0000000000000001 after 1 ms[0m
[0;32m[1784655052.557] [6939:6941] [DIS] Keeping DNSSD lookup active[0m
[0;32m[1784655052.557] [6939:6941] [DIS] UDP:[fe80::bfe:a203:38f0:bce7%enp0s3]:5540: score has not improved: 7 (for 686F240BE4B5AFF4-0000000000000001)[0m
[0;34m[1784655052.557] [6939:6941] [DIS] Lookup clearing interface for non LL address[0m
[0;32m[1784655052.557] [6939:6941] [DIS] UDP:10.0.2.15%enp0s3:5540: score has not improved: 2 (for 686F240BE4B5AFF4-0000000000000001)[0m
[0;32m[1784655052.557] [6939:6941] [DIS] Checking node lookup status for 686F240BE4B5AFF4-0000000000000001 after 1 ms[0m
[0;32m[1784655052.557] [6939:6941] [DIS] Keeping DNSSD lookup active[0m
[0;32m[1784655052.759] [6939:6941] [DIS] Checking node lookup status for 686F240BE4B5AFF4-0000000000000001 after 204 ms[0m
[0;34m[1784655052.759] [6939:6941] [DIS] OperationalSessionSetup[1:0000000000000001]: Updating device address to UDP:[fe80::bfe:a203:38f0:bce7%enp0s3]:5540 while in state 2[0m
[0;34m[1784655052.759] [6939:6941] [DIS] OperationalSessionSetup[1:0000000000000001]: State change 2 --> 3[0m
[0;34m[1784655052.760] [6939:6941] [IN] SecureSession[0x78a310009cd0]: Allocated Type:2 LSID:58975[0m
[0;32m[1784655052.760] [6939:6941] [SC] Initiating session on local FabricIndex 1 from 0x000000000001B669 -> 0x0000000000000001[0m
[0;32m[1784655052.760] [6939:6941] [EM] <<< [E:37388i S:0 M:206362044] (U) Msg TX from 0D4CAA93CF82A060 to 0:0000000000000000 [0000] [UDP:[fe80::bfe:a203:38f0:bce7%enp0s3]:5540] --- Type 0000:30 (SecureChannel:CASE_Sigma1) (B:196)[0m
[0;32m[1784655052.760] [6939:6941] [EM] ??1 [E:37388i S:0 M:206362044] (U) Msg Retransmission to 0:0000000000000000 scheduled for 596ms from now [State:Idle II:500 AI:300 AT:4000][0m
[0;32m[1784655052.760] [6939:6941] [SC] Sent Sigma1 msg to <0000000000000001, 1> [II:500ms AI:300ms AT:4000ms][0m
[0;34m[1784655052.760] [6939:6941] [DIS] OperationalSessionSetup[1:0000000000000001]: State change 3 --> 4[0m
[0;32m[1784655052.762] [6939:6941] [EM] >>> [E:37388i S:0 M:160822555 (Ack:206362044)] (U) Msg RX from 0:0000000000000000 [0000] to 0D4CAA93CF82A060 --- Type 0000:31 (SecureChannel:CASE_Sigma2) (B:751)[0m
[0;34m[1784655052.762] [6939:6941] [EM] Found matching exchange: 37388i, Delegate: 0x78a31000b8e8[0m
[0;34m[1784655052.762] [6939:6941] [EM] Rxd Ack; Removing MessageCounter:206362044 from Retrans Table on exchange 37388i[0m
[0;32m[1784655052.762] [6939:6941] [SC] Received Sigma2 msg[0m
[0;34m[1784655052.762] [6939:6941] [SC] Found MRP parameters in the message[0m
[0;34m[1784655052.763] [6939:6941] [SC] Peer <0000000000000001, 1> assigned session ID 14343[0m
[0;34m[1784655052.763] [6939:6941] [SC] Sending Sigma3[0m
[0;32m[1784655052.763] [6939:6941] [EM] <<< [E:37388i S:0 M:206362045 (Ack:160822555)] (U) Msg TX from 0D4CAA93CF82A060 to 0:0000000000000000 [0000] [UDP:[fe80::bfe:a203:38f0:bce7%enp0s3]:5540] --- Type 0000:32 (SecureChannel:CASE_Sigma3) (B:598)[0m
[0;32m[1784655052.763] [6939:6941] [EM] ??1 [E:37388i S:0 M:206362045] (U) Msg Retransmission to 0:0000000000000000 scheduled for 358ms from now [State:Active II:500 AI:300 AT:4000][0m
[0;32m[1784655052.763] [6939:6941] [SC] Sent Sigma3 msg[0m
[0;32m[1784655052.774] [6939:6941] [EM] >>> [E:37388i S:0 M:160822556 (Ack:206362045)] (U) Msg RX from 0:0000000000000000 [0000] to 0D4CAA93CF82A060 --- Type 0000:40 (SecureChannel:StatusReport) (B:34)[0m
[0;34m[1784655052.774] [6939:6941] [EM] Found matching exchange: 37388i, Delegate: 0x78a31000b8e8[0m
[0;34m[1784655052.774] [6939:6941] [EM] Rxd Ack; Removing MessageCounter:206362045 from Retrans Table on exchange 37388i[0m
[0;32m[1784655052.774] [6939:6941] [SC] Success status report received. Session was established[0m
[0;32m[1784655052.776] [6939:6941] [SC] SecureSession[0x78a310009cd0, LSID:58975]: State change 'kEstablishing' --> 'kActive'[0m
[0;34m[1784655052.776] [6939:6941] [IN] SecureSession[0x78a310009cd0]: Activated - Type:2 LSID:58975[0m
[0;34m[1784655052.776] [6939:6941] [IN] New secure session activated for device <0000000000000001, 1>, LSID:58975 PSID:14343![0m
[0;34m[1784655052.776] [6939:6941] [DIS] OperationalSessionSetup[1:0000000000000001]: State change 4 --> 5[0m
[0;32m[1784655052.776] [6939:6941] [TOO] Sending cluster (0x0000003E) command (0x00000007) on endpoint 0[0m
[0;34m[1784655052.776] [6939:6941] [DMG] ICR moving to [AddingComm][0m
[0;34m[1784655052.776] [6939:6941] [DMG] ICR moving to [AddedComma][0m
[0;32m[1784655052.776] [6939:6941] [EM] <<< [E:37389i S:58975 M:112385148] (S) Msg TX from 000000000001B669 to 1:0000000000000001 [AFF4] [UDP:[fe80::bfe:a203:38f0:bce7%enp0s3]:5540] --- Type 0001:08 (IM:InvokeCommandRequest) (B:330)[0m
[0;32m[1784655052.776] [6939:6941] [EM] ??1 [E:37389i S:58975 M:112385148] (S) Msg Retransmission to 1:0000000000000001 scheduled for 400ms from now [State:Active II:500 AI:300 AT:4000][0m
[0;34m[1784655052.776] [6939:6941] [DMG] ICR moving to [AwaitingRe][0m
[0;32m[1784655052.776] [6939:6941] [EM] <<< [E:37388i S:0 M:206362046 (Ack:160822556)] (U) Msg TX from 0D4CAA93CF82A060 to 0:0000000000000000 [0000] [UDP:[fe80::bfe:a203:38f0:bce7%enp0s3]:5540] --- Type 0000:10 (SecureChannel:StandaloneAck) (B:26)[0m
[0;34m[1784655052.776] [6939:6941] [EM] Flushed pending ack for MessageCounter:160822556 on exchange 37388i[0m
[0;32m[1784655052.786] [6939:6941] [EM] >>> [E:37389i S:58975 M:86264708 (Ack:112385148)] (S) Msg RX from 1:0000000000000001 [AFF4] to 000000000001B669 --- Type 0001:09 (IM:InvokeCommandResponse) (B:70)[0m
[0;34m[1784655052.786] [6939:6941] [EM] Found matching exchange: 37389i, Delegate: 0x78a31000eef8[0m
[0;34m[1784655052.786] [6939:6941] [EM] Rxd Ack; Removing MessageCounter:112385148 from Retrans Table on exchange 37389i[0m
[0;34m[1784655052.786] [6939:6941] [DMG] ICR moving to [ResponseRe][0m
[0;34m[1784655052.786] [6939:6941] [DMG] InvokeResponseMessage =[0m
[0;34m[1784655052.786] [6939:6941] [DMG] {[0m
[0;34m[1784655052.786] [6939:6941] [DMG] 	suppressResponse = false, [0m
[0;34m[1784655052.786] [6939:6941] [DMG] 	InvokeResponseIBs =[0m
[0;34m[1784655052.786] [6939:6941] [DMG] 	[[0m
[0;34m[1784655052.786] [6939:6941] [DMG] 		InvokeResponseIB =[0m
[0;34m[1784655052.786] [6939:6941] [DMG] 		{[0m
[0;34m[1784655052.786] [6939:6941] [DMG] 			CommandDataIB =[0m
[0;34m[1784655052.786] [6939:6941] [DMG] 			{[0m
[0;34m[1784655052.786] [6939:6941] [DMG] 				CommandPathIB =[0m
[0;34m[1784655052.786] [6939:6941] [DMG] 				{[0m
[0;34m[1784655052.786] [6939:6941] [DMG] 					EndpointId = 0x0,[0m
[0;34m[1784655052.786] [6939:6941] [DMG] 					ClusterId = 0x3e,[0m
[0;34m[1784655052.786] [6939:6941] [DMG] 					CommandId = 0x8,[0m
[0;34m[1784655052.786] [6939:6941] [DMG] 				},[0m
[0;34m[1784655052.786] [6939:6941] [DMG] 				[0m
[0;34m[1784655052.786] [6939:6941] [DMG] 				CommandFields = [0m
[0;34m[1784655052.786] [6939:6941] [DMG] 				{[0m
[0;34m[1784655052.786] [6939:6941] [DMG] 					0x0 = 0 (unsigned), [0m
[0;34m[1784655052.786] [6939:6941] [DMG] 					0x1 = 1 (unsigned), [0m
[0;34m[1784655052.786] [6939:6941] [DMG] 				},[0m
[0;34m[1784655052.786] [6939:6941] [DMG] 			},[0m
[0;34m[1784655052.786] [6939:6941] [DMG] 			[0m
[0;34m[1784655052.786] [6939:6941] [DMG] 		},[0m
[0;34m[1784655052.786] [6939:6941] [DMG] 		[0m
[0;34m[1784655052.786] [6939:6941] [DMG] 	],[0m
[0;34m[1784655052.786] [6939:6941] [DMG] 	[0m
[0;34m[1784655052.786] [6939:6941] [DMG] 	InteractionModelRevision = 12[0m
[0;34m[1784655052.786] [6939:6941] [DMG] },[0m
[0;32m[1784655052.786] [6939:6941] [DMG] Received Command Response Data, Endpoint=0 Cluster=0x0000_003E Command=0x0000_0008[0m
[0;32m[1784655052.786] [6939:6941] [TOO] Endpoint: 0 Cluster: 0x0000_003E Command 0x0000_0008[0m
[0;32m[1784655052.786] [6939:6941] [TOO]   NOCResponse: {[0m
[0;32m[1784655052.786] [6939:6941] [TOO]     statusCode: 0[0m
[0;32m[1784655052.786] [6939:6941] [TOO]     fabricIndex: 1[0m
[0;32m[1784655052.786] [6939:6941] [TOO]    }[0m
[0;34m[1784655052.786] [6939:6941] [DMG] ICR moving to [AwaitingDe][0m
[0;32m[1784655052.786] [6939:6941] [EM] <<< [E:37389i S:58975 M:112385149 (Ack:86264708)] (S) Msg TX from 000000000001B669 to 1:0000000000000001 [AFF4] [UDP:[fe80::bfe:a203:38f0:bce7%enp0s3]:5540] --- Type 0000:10 (SecureChannel:StandaloneAck) (B:34)[0m
[0;34m[1784655052.786] [6939:6941] [EM] Flushed pending ack for MessageCounter:86264708 on exchange 37389i[0m
[0;34m[1784655052.787] [6939:6939] [CTL] Shutting down the commissioner[0m
[0;32m[1784655052.787] [6939:6939] [PAF] WiFiPAF: Closing all WiFiPAF sessions to shutdown[0m
[0;34m[1784655052.787] [6939:6939] [CTL] Shutting down the controller[0m
[0;34m[1784655052.787] [6939:6939] [IN] Expiring all sessions for fabric 0x1!![0m
[0;34m[1784655052.787] [6939:6939] [IN] SecureSession[0x78a310009cd0]: MarkForEviction Type:2 LSID:58975[0m
[0;32m[1784655052.787] [6939:6939] [SC] SecureSession[0x78a310009cd0, LSID:58975]: State change 'kActive' --> 'kPendingEviction'[0m
[0;34m[1784655052.787] [6939:6939] [IN] SecureSession[0x78a310009cd0]: Released - Type:2 LSID:58975[0m
[0;32m[1784655052.787] [6939:6939] [FP] Forgetting fabric 0x1[0m
[0;32m[1784655052.787] [6939:6939] [TS] Pending Last Known Good Time: 2023-10-14T01:16:48[0m
[0;32m[1784655052.787] [6939:6939] [TS] Previous Last Known Good Time: 2023-10-14T01:16:48[0m
[0;32m[1784655052.787] [6939:6939] [TS] Reverted Last Known Good Time to previous value[0m
[0;34m[1784655052.787] [6939:6939] [CTL] Shutting down the commissioner[0m
[0;32m[1784655052.787] [6939:6939] [PAF] WiFiPAF: Closing all WiFiPAF sessions to shutdown[0m
[0;34m[1784655052.787] [6939:6939] [CTL] Shutting down the controller[0m
[0;34m[1784655052.787] [6939:6939] [CTL] Shutting down the System State, this will teardown the CHIP Stack[0m
[0;34m[1784655052.787] [6939:6939] [DMG] All ReadHandler-s are clean, clear GlobalDirtySet[0m
[0;32m[1784655052.787] [6939:6939] [FP] Shutting down FabricTable[0m
[0;32m[1784655052.787] [6939:6939] [TS] Pending Last Known Good Time: 2023-10-14T01:16:48[0m
[0;32m[1784655052.787] [6939:6939] [TS] Previous Last Known Good Time: 2023-10-14T01:16:48[0m
[0;32m[1784655052.787] [6939:6939] [TS] Reverted Last Known Good Time to previous value[0m
[0;34m[1784655052.789] [6939:6939] [DL] Wrote settings to /tmp/chip_counters.ini[0m
[0;32m[1784655052.790] [6939:6939] [DL] NVS set: chip-counters/total-operational-hours = 0 (0x0)[0m
[0;32m[1784655052.790] [6939:6939] [DL] Inet Layer shutdown[0m
[0;32m[1784655052.790] [6939:6939] [DL] BLE Layer shutdown[0m
[0;32m[1784655052.790] [6939:6939] [DL] WiFi-PAF Layer shutdown[0m
[0;32m[1784655052.790] [6939:6939] [PAF] WiFiPAF: Closing all WiFiPAF sessions to shutdown[0m
[0;32m[1784655052.790] [6939:6939] [DL] System Layer shutdown[0m
