[0;34m[1784656683.655] [12161:12161] [DL] ChipLinuxStorage::Init: Using KVS config file: /tmp/chip_tool_kvs[0m
[1;31m[1784656683.658] [12161:12161] [DL] ChipLinuxStorage::Init: Attempt to re-initialize with KVS config file: /tmp/chip_kvs, IGNORING.[0m
[0;34m[1784656683.660] [12161:12161] [DL] ChipLinuxStorage::Init: Using KVS config file: /tmp/chip_factory.ini[0m
[0;34m[1784656683.660] [12161:12161] [DL] ChipLinuxStorage::Init: Using KVS config file: /tmp/chip_config.ini[0m
[0;34m[1784656683.660] [12161:12161] [DL] ChipLinuxStorage::Init: Using KVS config file: /tmp/chip_counters.ini[0m
[0;34m[1784656683.662] [12161:12161] [DL] Wrote settings to /tmp/chip_counters.ini[0m
[0;32m[1784656683.662] [12161:12161] [DL] NVS set: chip-counters/reboot-count = 3 (0x3)[0m
[0;32m[1784656683.663] [12161:12161] [DL] Got Ethernet interface: enp0s3[0m
[0;32m[1784656683.663] [12161:12161] [DL] Found the primary Ethernet interface:enp0s3[0m
[1;31m[1784656683.663] [12161:12161] [DL] Failed to get WiFi interface[0m
[1;31m[1784656683.663] [12161:12161] [DL] Failed to reset WiFi statistic counts[0m
[0;32m[1784656683.663] [12161:12161] [PAF] WiFiPAF: WiFiPAFLayer::Init()[0m
[0;34m[1784656683.663] [12161:12161] [IN] UDP::Init bind&listen port=0[0m
[0;34m[1784656683.663] [12161:12161] [IN] UDP::Init bound to port=60775[0m
[0;34m[1784656683.663] [12161:12161] [IN] UDP::Init bind&listen port=0[0m
[0;34m[1784656683.663] [12161:12161] [IN] UDP::Init bound to port=46771[0m
[0;34m[1784656683.663] [12161:12161] [IN] BLEBase::Init - setting/overriding transport[0m
[0;34m[1784656683.663] [12161:12161] [IN] WiFiPAFBase::Init - setting/overriding transport[0m
[0;34m[1784656683.663] [12161:12161] [IN] TransportMgr initialized[0m
[0;34m[1784656683.663] [12161:12161] [FP] Initializing FabricTable from persistent storage[0m
[0;32m[1784656683.663] [12161:12161] [TS] Last Known Good Time: 2023-10-14T01:16:48[0m
[0;32m[1784656683.663] [12161:12161] [FP] Fabric index 0x1 was retrieved from storage. Compressed FabricId 0xFCCADD5A2917261B, FabricId 0x0000000000000001, NodeId 0x000000000001B669, VendorId 0xFFF1[0m
[0;32m[1784656683.664] [12161:12161] [DMG] Ember attribute persistence requires setting up[0m
[0;32m[1784656683.664] [12161:12161] [ZCL] Using ZAP configuration...[0m
[0;34m[1784656683.664] [12161:12161] [CTL] System State Initialized...[0m
[0;32m[1784656683.664] [12161:12161] [CTL] Setting attestation nonce to random value[0m
[0;32m[1784656683.664] [12161:12161] [CTL] Setting CSR nonce to random value[0m
[0;34m[1784656683.664] [12161:12163] [DL] CHIP task running[0m
[0;32m[1784656683.664] [12161:12163] [CTL] Setting attestation nonce to random value[0m
[0;32m[1784656683.664] [12161:12163] [CTL] Setting CSR nonce to random value[0m
[0;32m[1784656683.665] [12161:12163] [CTL] Generating NOC[0m
[0;32m[1784656683.665] [12161:12163] [FP] Validating NOC chain[0m
[0;32m[1784656683.665] [12161:12163] [FP] NOC chain validation successful[0m
[0;32m[1784656683.665] [12161:12163] [FP] Updated fabric at index: 0x1, Node ID: 0x000000000001B669[0m
[0;32m[1784656683.665] [12161:12163] [TS] Last Known Good Time: 2023-10-14T01:16:48[0m
[0;32m[1784656683.665] [12161:12163] [TS] New proposed Last Known Good Time: 2021-01-01T00:00:00[0m
[0;32m[1784656683.665] [12161:12163] [TS] Retaining current Last Known Good Time[0m
[0;32m[1784656683.667] [12161:12163] [FP] Metadata for Fabric 0x1 persisted to storage.[0m
[0;32m[1784656683.668] [12161:12163] [TS] Committing Last Known Good Time to storage: 2023-10-14T01:16:48[0m
[0;32m[1784656683.668] [12161:12163] [CTL] Joined the fabric at index 1. Fabric ID is 0x0000000000000001 (Compressed Fabric ID: FCCADD5A2917261B)[0m
[0;32m[1784656683.672] [12161:12163] [TOO] Sending command to node 0x1[0m
[0;34m[1784656683.672] [12161:12163] [CSM] FindOrEstablishSession: PeerId = [1:0000000000000001][0m
[0;34m[1784656683.672] [12161:12163] [CSM] FindOrEstablishSession: No existing OperationalSessionSetup instance found[0m
[0;34m[1784656683.672] [12161:12163] [DIS] OperationalSessionSetup[1:0000000000000001]: State change 1 --> 2[0m
[0;32m[1784656683.672] [12161:12163] [DIS] Lookup started for FCCADD5A2917261B-0000000000000001[0m
[0;32m[1784656683.672] [12161:12163] [DIS] UDP:[fe80::bfe:a203:38f0:bce7%enp0s3]:5540: new best score: 7 (for FCCADD5A2917261B-0000000000000001)[0m
[0;34m[1784656683.672] [12161:12163] [DIS] Lookup clearing interface for non LL address[0m
[0;32m[1784656683.673] [12161:12163] [DIS] UDP:10.0.2.15%enp0s3:5540: new best score: 2 (for FCCADD5A2917261B-0000000000000001)[0m
[0;32m[1784656683.673] [12161:12163] [DIS] Checking node lookup status for FCCADD5A2917261B-0000000000000001 after 1 ms[0m
[0;32m[1784656683.673] [12161:12163] [DIS] Keeping DNSSD lookup active[0m
[0;32m[1784656683.673] [12161:12163] [DIS] UDP:[fe80::bfe:a203:38f0:bce7%enp0s3]:5540: score has not improved: 7 (for FCCADD5A2917261B-0000000000000001)[0m
[0;34m[1784656683.673] [12161:12163] [DIS] Lookup clearing interface for non LL address[0m
[0;32m[1784656683.673] [12161:12163] [DIS] UDP:10.0.2.15%enp0s3:5540: score has not improved: 2 (for FCCADD5A2917261B-0000000000000001)[0m
[0;32m[1784656683.673] [12161:12163] [DIS] Checking node lookup status for FCCADD5A2917261B-0000000000000001 after 1 ms[0m
[0;32m[1784656683.673] [12161:12163] [DIS] Keeping DNSSD lookup active[0m
[0;32m[1784656683.893] [12161:12163] [DIS] Checking node lookup status for FCCADD5A2917261B-0000000000000001 after 221 ms[0m
[0;34m[1784656683.893] [12161:12163] [DIS] OperationalSessionSetup[1:0000000000000001]: Updating device address to UDP:[fe80::bfe:a203:38f0:bce7%enp0s3]:5540 while in state 2[0m
[0;34m[1784656683.893] [12161:12163] [DIS] OperationalSessionSetup[1:0000000000000001]: State change 2 --> 3[0m
[0;34m[1784656683.893] [12161:12163] [IN] SecureSession[0x7065d0009cd0]: Allocated Type:2 LSID:28054[0m
[0;32m[1784656683.893] [12161:12163] [SC] Initiating session on local FabricIndex 1 from 0x000000000001B669 -> 0x0000000000000001[0m
[0;32m[1784656683.897] [12161:12163] [EM] <<< [E:16771i S:0 M:197235998] (U) Msg TX from 356381DD5D2A2B28 to 0:0000000000000000 [0000] [UDP:[fe80::bfe:a203:38f0:bce7%enp0s3]:5540] --- Type 0000:30 (SecureChannel:CASE_Sigma1) (B:196)[0m
[0;32m[1784656683.897] [12161:12163] [EM] ??1 [E:16771i S:0 M:197235998] (U) Msg Retransmission to 0:0000000000000000 scheduled for 555ms from now [State:Idle II:500 AI:300 AT:4000][0m
[0;32m[1784656683.897] [12161:12163] [SC] Sent Sigma1 msg to <0000000000000001, 1> [II:500ms AI:300ms AT:4000ms][0m
[0;34m[1784656683.897] [12161:12163] [DIS] OperationalSessionSetup[1:0000000000000001]: State change 3 --> 4[0m
[0;32m[1784656683.898] [12161:12163] [EM] >>> [E:16771i S:0 M:186247287 (Ack:197235998)] (U) Msg RX from 0:0000000000000000 [0000] to 356381DD5D2A2B28 --- Type 0000:31 (SecureChannel:CASE_Sigma2) (B:751)[0m
[0;34m[1784656683.898] [12161:12163] [EM] Found matching exchange: 16771i, Delegate: 0x7065d000b8e8[0m
[0;34m[1784656683.898] [12161:12163] [EM] Rxd Ack; Removing MessageCounter:197235998 from Retrans Table on exchange 16771i[0m
[0;32m[1784656683.898] [12161:12163] [SC] Received Sigma2 msg[0m
[0;34m[1784656683.898] [12161:12163] [SC] Found MRP parameters in the message[0m
[0;34m[1784656683.900] [12161:12163] [SC] Peer <0000000000000001, 1> assigned session ID 52457[0m
[0;34m[1784656683.900] [12161:12163] [SC] Sending Sigma3[0m
[0;32m[1784656683.900] [12161:12163] [EM] <<< [E:16771i S:0 M:197235999 (Ack:186247287)] (U) Msg TX from 356381DD5D2A2B28 to 0:0000000000000000 [0000] [UDP:[fe80::bfe:a203:38f0:bce7%enp0s3]:5540] --- Type 0000:32 (SecureChannel:CASE_Sigma3) (B:598)[0m
[0;32m[1784656683.900] [12161:12163] [EM] ??1 [E:16771i S:0 M:197235999] (U) Msg Retransmission to 0:0000000000000000 scheduled for 406ms from now [State:Active II:500 AI:300 AT:4000][0m
[0;32m[1784656683.900] [12161:12163] [SC] Sent Sigma3 msg[0m
[0;32m[1784656683.909] [12161:12163] [EM] >>> [E:16771i S:0 M:186247288 (Ack:197235999)] (U) Msg RX from 0:0000000000000000 [0000] to 356381DD5D2A2B28 --- Type 0000:40 (SecureChannel:StatusReport) (B:34)[0m
[0;34m[1784656683.909] [12161:12163] [EM] Found matching exchange: 16771i, Delegate: 0x7065d000b8e8[0m
[0;34m[1784656683.909] [12161:12163] [EM] Rxd Ack; Removing MessageCounter:197235999 from Retrans Table on exchange 16771i[0m
[0;32m[1784656683.909] [12161:12163] [SC] Success status report received. Session was established[0m
[0;32m[1784656683.910] [12161:12163] [SC] SecureSession[0x7065d0009cd0, LSID:28054]: State change 'kEstablishing' --> 'kActive'[0m
[0;34m[1784656683.910] [12161:12163] [IN] SecureSession[0x7065d0009cd0]: Activated - Type:2 LSID:28054[0m
[0;34m[1784656683.910] [12161:12163] [IN] New secure session activated for device <0000000000000001, 1>, LSID:28054 PSID:52457![0m
[0;34m[1784656683.910] [12161:12163] [DIS] OperationalSessionSetup[1:0000000000000001]: State change 4 --> 5[0m
[0;32m[1784656683.910] [12161:12163] [TOO] Sending cluster (0x00000030) command (0x00000000) on endpoint 0[0m
[0;34m[1784656683.910] [12161:12163] [DMG] ICR moving to [AddingComm][0m
[0;34m[1784656683.910] [12161:12163] [DMG] ICR moving to [AddedComma][0m
[0;32m[1784656683.910] [12161:12163] [EM] <<< [E:16772i S:28054 M:155166146] (S) Msg TX from 000000000001B669 to 1:0000000000000001 [261B] [UDP:[fe80::bfe:a203:38f0:bce7%enp0s3]:5540] --- Type 0001:08 (IM:InvokeCommandRequest) (B:65)[0m
[0;32m[1784656683.910] [12161:12163] [EM] ??1 [E:16772i S:28054 M:155166146] (S) Msg Retransmission to 1:0000000000000001 scheduled for 353ms from now [State:Active II:500 AI:300 AT:4000][0m
[0;34m[1784656683.910] [12161:12163] [DMG] ICR moving to [AwaitingRe][0m
[0;32m[1784656683.910] [12161:12163] [EM] <<< [E:16771i S:0 M:197236000 (Ack:186247288)] (U) Msg TX from 356381DD5D2A2B28 to 0:0000000000000000 [0000] [UDP:[fe80::bfe:a203:38f0:bce7%enp0s3]:5540] --- Type 0000:10 (SecureChannel:StandaloneAck) (B:26)[0m
[0;34m[1784656683.910] [12161:12163] [EM] Flushed pending ack for MessageCounter:186247288 on exchange 16771i[0m
[0;32m[1784656683.910] [12161:12163] [EM] >>> [E:16772i S:28054 M:41856894 (Ack:155166146)] (S) Msg RX from 1:0000000000000001 [261B] to 000000000001B669 --- Type 0001:09 (IM:InvokeCommandResponse) (B:70)[0m
[0;34m[1784656683.910] [12161:12163] [EM] Found matching exchange: 16772i, Delegate: 0x7065d000eef8[0m
[0;34m[1784656683.910] [12161:12163] [EM] Rxd Ack; Removing MessageCounter:155166146 from Retrans Table on exchange 16772i[0m
[0;34m[1784656683.910] [12161:12163] [DMG] ICR moving to [ResponseRe][0m
[0;34m[1784656683.910] [12161:12163] [DMG] InvokeResponseMessage =[0m
[0;34m[1784656683.910] [12161:12163] [DMG] {[0m
[0;34m[1784656683.910] [12161:12163] [DMG] 	suppressResponse = false, [0m
[0;34m[1784656683.910] [12161:12163] [DMG] 	InvokeResponseIBs =[0m
[0;34m[1784656683.910] [12161:12163] [DMG] 	[[0m
[0;34m[1784656683.910] [12161:12163] [DMG] 		InvokeResponseIB =[0m
[0;34m[1784656683.910] [12161:12163] [DMG] 		{[0m
[0;34m[1784656683.910] [12161:12163] [DMG] 			CommandDataIB =[0m
[0;34m[1784656683.910] [12161:12163] [DMG] 			{[0m
[0;34m[1784656683.910] [12161:12163] [DMG] 				CommandPathIB =[0m
[0;34m[1784656683.910] [12161:12163] [DMG] 				{[0m
[0;34m[1784656683.911] [12161:12163] [DMG] 					EndpointId = 0x0,[0m
[0;34m[1784656683.911] [12161:12163] [DMG] 					ClusterId = 0x30,[0m
[0;34m[1784656683.911] [12161:12163] [DMG] 					CommandId = 0x1,[0m
[0;34m[1784656683.911] [12161:12163] [DMG] 				},[0m
[0;34m[1784656683.911] [12161:12163] [DMG] 				[0m
[0;34m[1784656683.911] [12161:12163] [DMG] 				CommandFields = [0m
[0;34m[1784656683.911] [12161:12163] [DMG] 				{[0m
[0;34m[1784656683.911] [12161:12163] [DMG] 					0x0 = 0 (unsigned), [0m
[0;34m[1784656683.911] [12161:12163] [DMG] 					0x1 = "" (0 chars), [0m
[0;34m[1784656683.911] [12161:12163] [DMG] 				},[0m
[0;34m[1784656683.911] [12161:12163] [DMG] 			},[0m
[0;34m[1784656683.911] [12161:12163] [DMG] 			[0m
[0;34m[1784656683.911] [12161:12163] [DMG] 		},[0m
[0;34m[1784656683.911] [12161:12163] [DMG] 		[0m
[0;34m[1784656683.911] [12161:12163] [DMG] 	],[0m
[0;34m[1784656683.911] [12161:12163] [DMG] 	[0m
[0;34m[1784656683.911] [12161:12163] [DMG] 	InteractionModelRevision = 12[0m
[0;34m[1784656683.911] [12161:12163] [DMG] },[0m
[0;32m[1784656683.911] [12161:12163] [DMG] Received Command Response Data, Endpoint=0 Cluster=0x0000_0030 Command=0x0000_0001[0m
[0;32m[1784656683.911] [12161:12163] [TOO] Endpoint: 0 Cluster: 0x0000_0030 Command 0x0000_0001[0m
[0;32m[1784656683.911] [12161:12163] [TOO]   ArmFailSafeResponse: {[0m
[0;32m[1784656683.911] [12161:12163] [TOO]     errorCode: 0[0m
[0;32m[1784656683.911] [12161:12163] [TOO]     debugText: [0m
[0;32m[1784656683.911] [12161:12163] [TOO]    }[0m
[0;34m[1784656683.911] [12161:12163] [DMG] ICR moving to [AwaitingDe][0m
[0;32m[1784656683.911] [12161:12163] [EM] <<< [E:16772i S:28054 M:155166147 (Ack:41856894)] (S) Msg TX from 000000000001B669 to 1:0000000000000001 [261B] [UDP:[fe80::bfe:a203:38f0:bce7%enp0s3]:5540] --- Type 0000:10 (SecureChannel:StandaloneAck) (B:34)[0m
[0;34m[1784656683.911] [12161:12163] [EM] Flushed pending ack for MessageCounter:41856894 on exchange 16772i[0m
[0;34m[1784656683.911] [12161:12161] [CTL] Shutting down the commissioner[0m
[0;32m[1784656683.911] [12161:12161] [PAF] WiFiPAF: Closing all WiFiPAF sessions to shutdown[0m
[0;34m[1784656683.911] [12161:12161] [CTL] Shutting down the controller[0m
[0;34m[1784656683.911] [12161:12161] [IN] Expiring all sessions for fabric 0x1!![0m
[0;34m[1784656683.911] [12161:12161] [IN] SecureSession[0x7065d0009cd0]: MarkForEviction Type:2 LSID:28054[0m
[0;32m[1784656683.911] [12161:12161] [SC] SecureSession[0x7065d0009cd0, LSID:28054]: State change 'kActive' --> 'kPendingEviction'[0m
[0;34m[1784656683.911] [12161:12161] [IN] SecureSession[0x7065d0009cd0]: Released - Type:2 LSID:28054[0m
[0;32m[1784656683.911] [12161:12161] [FP] Forgetting fabric 0x1[0m
[0;32m[1784656683.911] [12161:12161] [TS] Pending Last Known Good Time: 2023-10-14T01:16:48[0m
[0;32m[1784656683.911] [12161:12161] [TS] Previous Last Known Good Time: 2023-10-14T01:16:48[0m
[0;32m[1784656683.911] [12161:12161] [TS] Reverted Last Known Good Time to previous value[0m
[0;34m[1784656683.911] [12161:12161] [CTL] Shutting down the commissioner[0m
[0;32m[1784656683.911] [12161:12161] [PAF] WiFiPAF: Closing all WiFiPAF sessions to shutdown[0m
[0;34m[1784656683.911] [12161:12161] [CTL] Shutting down the controller[0m
[0;34m[1784656683.911] [12161:12161] [CTL] Shutting down the System State, this will teardown the CHIP Stack[0m
[0;34m[1784656683.911] [12161:12161] [DMG] All ReadHandler-s are clean, clear GlobalDirtySet[0m
[0;32m[1784656683.911] [12161:12161] [FP] Shutting down FabricTable[0m
[0;32m[1784656683.911] [12161:12161] [TS] Pending Last Known Good Time: 2023-10-14T01:16:48[0m
[0;32m[1784656683.911] [12161:12161] [TS] Previous Last Known Good Time: 2023-10-14T01:16:48[0m
[0;32m[1784656683.911] [12161:12161] [TS] Reverted Last Known Good Time to previous value[0m
[0;34m[1784656683.913] [12161:12161] [DL] Wrote settings to /tmp/chip_counters.ini[0m
[0;32m[1784656683.914] [12161:12161] [DL] NVS set: chip-counters/total-operational-hours = 0 (0x0)[0m
[0;32m[1784656683.914] [12161:12161] [DL] Inet Layer shutdown[0m
[0;32m[1784656683.914] [12161:12161] [DL] BLE Layer shutdown[0m
[0;32m[1784656683.914] [12161:12161] [DL] WiFi-PAF Layer shutdown[0m
[0;32m[1784656683.914] [12161:12161] [PAF] WiFiPAF: Closing all WiFiPAF sessions to shutdown[0m
[0;32m[1784656683.914] [12161:12161] [DL] System Layer shutdown[0m
