[0;34m[1784656684.643] [12178:12178] [DL] ChipLinuxStorage::Init: Using KVS config file: /tmp/chip_tool_kvs[0m
[1;31m[1784656684.645] [12178:12178] [DL] ChipLinuxStorage::Init: Attempt to re-initialize with KVS config file: /tmp/chip_kvs, IGNORING.[0m
[0;34m[1784656684.647] [12178:12178] [DL] ChipLinuxStorage::Init: Using KVS config file: /tmp/chip_factory.ini[0m
[0;34m[1784656684.647] [12178:12178] [DL] ChipLinuxStorage::Init: Using KVS config file: /tmp/chip_config.ini[0m
[0;34m[1784656684.647] [12178:12178] [DL] ChipLinuxStorage::Init: Using KVS config file: /tmp/chip_counters.ini[0m
[0;34m[1784656684.650] [12178:12178] [DL] Wrote settings to /tmp/chip_counters.ini[0m
[0;32m[1784656684.651] [12178:12178] [DL] NVS set: chip-counters/reboot-count = 6 (0x6)[0m
[0;32m[1784656684.651] [12178:12178] [DL] Got Ethernet interface: enp0s3[0m
[0;32m[1784656684.651] [12178:12178] [DL] Found the primary Ethernet interface:enp0s3[0m
[1;31m[1784656684.651] [12178:12178] [DL] Failed to get WiFi interface[0m
[1;31m[1784656684.651] [12178:12178] [DL] Failed to reset WiFi statistic counts[0m
[0;32m[1784656684.651] [12178:12178] [PAF] WiFiPAF: WiFiPAFLayer::Init()[0m
[0;34m[1784656684.651] [12178:12178] [IN] UDP::Init bind&listen port=0[0m
[0;34m[1784656684.651] [12178:12178] [IN] UDP::Init bound to port=60577[0m
[0;34m[1784656684.651] [12178:12178] [IN] UDP::Init bind&listen port=0[0m
[0;34m[1784656684.651] [12178:12178] [IN] UDP::Init bound to port=41732[0m
[0;34m[1784656684.651] [12178:12178] [IN] BLEBase::Init - setting/overriding transport[0m
[0;34m[1784656684.651] [12178:12178] [IN] WiFiPAFBase::Init - setting/overriding transport[0m
[0;34m[1784656684.651] [12178:12178] [IN] TransportMgr initialized[0m
[0;34m[1784656684.651] [12178:12178] [FP] Initializing FabricTable from persistent storage[0m
[0;32m[1784656684.651] [12178:12178] [TS] Last Known Good Time: 2023-10-14T01:16:48[0m
[0;32m[1784656684.651] [12178:12178] [FP] Fabric index 0x1 was retrieved from storage. Compressed FabricId 0xFCCADD5A2917261B, FabricId 0x0000000000000001, NodeId 0x000000000001B669, VendorId 0xFFF1[0m
[0;32m[1784656684.652] [12178:12178] [DMG] Ember attribute persistence requires setting up[0m
[0;32m[1784656684.652] [12178:12178] [ZCL] Using ZAP configuration...[0m
[0;34m[1784656684.652] [12178:12178] [CTL] System State Initialized...[0m
[0;32m[1784656684.652] [12178:12178] [CTL] Setting attestation nonce to random value[0m
[0;32m[1784656684.652] [12178:12178] [CTL] Setting CSR nonce to random value[0m
[0;34m[1784656684.652] [12178:12180] [DL] CHIP task running[0m
[0;32m[1784656684.653] [12178:12180] [CTL] Setting attestation nonce to random value[0m
[0;32m[1784656684.653] [12178:12180] [CTL] Setting CSR nonce to random value[0m
[0;32m[1784656684.653] [12178:12180] [CTL] Generating NOC[0m
[0;32m[1784656684.653] [12178:12180] [FP] Validating NOC chain[0m
[0;32m[1784656684.653] [12178:12180] [FP] NOC chain validation successful[0m
[0;32m[1784656684.653] [12178:12180] [FP] Updated fabric at index: 0x1, Node ID: 0x000000000001B669[0m
[0;32m[1784656684.653] [12178:12180] [TS] Last Known Good Time: 2023-10-14T01:16:48[0m
[0;32m[1784656684.653] [12178:12180] [TS] New proposed Last Known Good Time: 2021-01-01T00:00:00[0m
[0;32m[1784656684.653] [12178:12180] [TS] Retaining current Last Known Good Time[0m
[0;32m[1784656684.656] [12178:12180] [FP] Metadata for Fabric 0x1 persisted to storage.[0m
[0;32m[1784656684.657] [12178:12180] [TS] Committing Last Known Good Time to storage: 2023-10-14T01:16:48[0m
[0;32m[1784656684.658] [12178:12180] [CTL] Joined the fabric at index 1. Fabric ID is 0x0000000000000001 (Compressed Fabric ID: FCCADD5A2917261B)[0m
[0;32m[1784656684.663] [12178:12180] [TOO] Sending command to node 0x1[0m
[0;34m[1784656684.664] [12178:12180] [CSM] FindOrEstablishSession: PeerId = [1:0000000000000001][0m
[0;34m[1784656684.664] [12178:12180] [CSM] FindOrEstablishSession: No existing OperationalSessionSetup instance found[0m
[0;34m[1784656684.664] [12178:12180] [DIS] OperationalSessionSetup[1:0000000000000001]: State change 1 --> 2[0m
[0;32m[1784656684.664] [12178:12180] [DIS] Lookup started for FCCADD5A2917261B-0000000000000001[0m
[0;32m[1784656684.664] [12178:12180] [DIS] UDP:[fe80::bfe:a203:38f0:bce7%enp0s3]:5540: new best score: 7 (for FCCADD5A2917261B-0000000000000001)[0m
[0;34m[1784656684.664] [12178:12180] [DIS] Lookup clearing interface for non LL address[0m
[0;32m[1784656684.664] [12178:12180] [DIS] UDP:10.0.2.15%enp0s3:5540: new best score: 2 (for FCCADD5A2917261B-0000000000000001)[0m
[0;32m[1784656684.664] [12178:12180] [DIS] Checking node lookup status for FCCADD5A2917261B-0000000000000001 after 0 ms[0m
[0;32m[1784656684.664] [12178:12180] [DIS] Keeping DNSSD lookup active[0m
[0;32m[1784656684.664] [12178:12180] [DIS] UDP:[fe80::bfe:a203:38f0:bce7%enp0s3]:5540: score has not improved: 7 (for FCCADD5A2917261B-0000000000000001)[0m
[0;34m[1784656684.664] [12178:12180] [DIS] Lookup clearing interface for non LL address[0m
[0;32m[1784656684.664] [12178:12180] [DIS] UDP:10.0.2.15%enp0s3:5540: score has not improved: 2 (for FCCADD5A2917261B-0000000000000001)[0m
[0;32m[1784656684.664] [12178:12180] [DIS] Checking node lookup status for FCCADD5A2917261B-0000000000000001 after 1 ms[0m
[0;32m[1784656684.664] [12178:12180] [DIS] Keeping DNSSD lookup active[0m
[0;32m[1784656684.865] [12178:12180] [DIS] Checking node lookup status for FCCADD5A2917261B-0000000000000001 after 201 ms[0m
[0;34m[1784656684.865] [12178:12180] [DIS] OperationalSessionSetup[1:0000000000000001]: Updating device address to UDP:[fe80::bfe:a203:38f0:bce7%enp0s3]:5540 while in state 2[0m
[0;34m[1784656684.865] [12178:12180] [DIS] OperationalSessionSetup[1:0000000000000001]: State change 2 --> 3[0m
[0;34m[1784656684.865] [12178:12180] [IN] SecureSession[0x726e80009cd0]: Allocated Type:2 LSID:26530[0m
[0;32m[1784656684.865] [12178:12180] [SC] Initiating session on local FabricIndex 1 from 0x000000000001B669 -> 0x0000000000000001[0m
[0;32m[1784656684.865] [12178:12180] [EM] <<< [E:10302i S:0 M:239758542] (U) Msg TX from 4DB36202E91BA4AB to 0:0000000000000000 [0000] [UDP:[fe80::bfe:a203:38f0:bce7%enp0s3]:5540] --- Type 0000:30 (SecureChannel:CASE_Sigma1) (B:196)[0m
[0;32m[1784656684.865] [12178:12180] [EM] ??1 [E:10302i S:0 M:239758542] (U) Msg Retransmission to 0:0000000000000000 scheduled for 581ms from now [State:Idle II:500 AI:300 AT:4000][0m
[0;32m[1784656684.865] [12178:12180] [SC] Sent Sigma1 msg to <0000000000000001, 1> [II:500ms AI:300ms AT:4000ms][0m
[0;34m[1784656684.865] [12178:12180] [DIS] OperationalSessionSetup[1:0000000000000001]: State change 3 --> 4[0m
[0;32m[1784656684.867] [12178:12180] [EM] >>> [E:10302i S:0 M:186247293 (Ack:239758542)] (U) Msg RX from 0:0000000000000000 [0000] to 4DB36202E91BA4AB --- Type 0000:31 (SecureChannel:CASE_Sigma2) (B:751)[0m
[0;34m[1784656684.867] [12178:12180] [EM] Found matching exchange: 10302i, Delegate: 0x726e8000b8e8[0m
[0;34m[1784656684.867] [12178:12180] [EM] Rxd Ack; Removing MessageCounter:239758542 from Retrans Table on exchange 10302i[0m
[0;32m[1784656684.867] [12178:12180] [SC] Received Sigma2 msg[0m
[0;34m[1784656684.867] [12178:12180] [SC] Found MRP parameters in the message[0m
[0;34m[1784656684.868] [12178:12180] [SC] Peer <0000000000000001, 1> assigned session ID 52460[0m
[0;34m[1784656684.868] [12178:12180] [SC] Sending Sigma3[0m
[0;32m[1784656684.868] [12178:12180] [EM] <<< [E:10302i S:0 M:239758543 (Ack:186247293)] (U) Msg TX from 4DB36202E91BA4AB to 0:0000000000000000 [0000] [UDP:[fe80::bfe:a203:38f0:bce7%enp0s3]:5540] --- Type 0000:32 (SecureChannel:CASE_Sigma3) (B:598)[0m
[0;32m[1784656684.868] [12178:12180] [EM] ??1 [E:10302i S:0 M:239758543] (U) Msg Retransmission to 0:0000000000000000 scheduled for 383ms from now [State:Active II:500 AI:300 AT:4000][0m
[0;32m[1784656684.868] [12178:12180] [SC] Sent Sigma3 msg[0m
[0;32m[1784656684.886] [12178:12180] [EM] >>> [E:10302i S:0 M:186247294 (Ack:239758543)] (U) Msg RX from 0:0000000000000000 [0000] to 4DB36202E91BA4AB --- Type 0000:40 (SecureChannel:StatusReport) (B:34)[0m
[0;34m[1784656684.886] [12178:12180] [EM] Found matching exchange: 10302i, Delegate: 0x726e8000b8e8[0m
[0;34m[1784656684.886] [12178:12180] [EM] Rxd Ack; Removing MessageCounter:239758543 from Retrans Table on exchange 10302i[0m
[0;32m[1784656684.886] [12178:12180] [SC] Success status report received. Session was established[0m
[0;32m[1784656684.888] [12178:12180] [SC] SecureSession[0x726e80009cd0, LSID:26530]: State change 'kEstablishing' --> 'kActive'[0m
[0;34m[1784656684.888] [12178:12180] [IN] SecureSession[0x726e80009cd0]: Activated - Type:2 LSID:26530[0m
[0;34m[1784656684.888] [12178:12180] [IN] New secure session activated for device <0000000000000001, 1>, LSID:26530 PSID:52460![0m
[0;34m[1784656684.888] [12178:12180] [DIS] OperationalSessionSetup[1:0000000000000001]: State change 4 --> 5[0m
[0;32m[1784656684.888] [12178:12180] [TOO] Sending cluster (0x0000003E) command (0x00000007) on endpoint 0[0m
[0;34m[1784656684.888] [12178:12180] [DMG] ICR moving to [AddingComm][0m
[0;34m[1784656684.888] [12178:12180] [DMG] ICR moving to [AddedComma][0m
[0;32m[1784656684.888] [12178:12180] [EM] <<< [E:10303i S:26530 M:231989525] (S) Msg TX from 000000000001B669 to 1:0000000000000001 [261B] [UDP:[fe80::bfe:a203:38f0:bce7%enp0s3]:5540] --- Type 0001:08 (IM:InvokeCommandRequest) (B:330)[0m
[0;32m[1784656684.888] [12178:12180] [EM] ??1 [E:10303i S:26530 M:231989525] (S) Msg Retransmission to 1:0000000000000001 scheduled for 388ms from now [State:Active II:500 AI:300 AT:4000][0m
[0;34m[1784656684.888] [12178:12180] [DMG] ICR moving to [AwaitingRe][0m
[0;32m[1784656684.888] [12178:12180] [EM] <<< [E:10302i S:0 M:239758544 (Ack:186247294)] (U) Msg TX from 4DB36202E91BA4AB to 0:0000000000000000 [0000] [UDP:[fe80::bfe:a203:38f0:bce7%enp0s3]:5540] --- Type 0000:10 (SecureChannel:StandaloneAck) (B:26)[0m
[0;34m[1784656684.888] [12178:12180] [EM] Flushed pending ack for MessageCounter:186247294 on exchange 10302i[0m
[0;32m[1784656684.897] [12178:12180] [EM] >>> [E:10303i S:26530 M:40738148 (Ack:231989525)] (S) Msg RX from 1:0000000000000001 [261B] to 000000000001B669 --- Type 0001:09 (IM:InvokeCommandResponse) (B:70)[0m
[0;34m[1784656684.897] [12178:12180] [EM] Found matching exchange: 10303i, Delegate: 0x726e8000eef8[0m
[0;34m[1784656684.897] [12178:12180] [EM] Rxd Ack; Removing MessageCounter:231989525 from Retrans Table on exchange 10303i[0m
[0;34m[1784656684.897] [12178:12180] [DMG] ICR moving to [ResponseRe][0m
[0;34m[1784656684.897] [12178:12180] [DMG] InvokeResponseMessage =[0m
[0;34m[1784656684.897] [12178:12180] [DMG] {[0m
[0;34m[1784656684.897] [12178:12180] [DMG] 	suppressResponse = false, [0m
[0;34m[1784656684.897] [12178:12180] [DMG] 	InvokeResponseIBs =[0m
[0;34m[1784656684.897] [12178:12180] [DMG] 	[[0m
[0;34m[1784656684.897] [12178:12180] [DMG] 		InvokeResponseIB =[0m
[0;34m[1784656684.897] [12178:12180] [DMG] 		{[0m
[0;34m[1784656684.897] [12178:12180] [DMG] 			CommandDataIB =[0m
[0;34m[1784656684.897] [12178:12180] [DMG] 			{[0m
[0;34m[1784656684.897] [12178:12180] [DMG] 				CommandPathIB =[0m
[0;34m[1784656684.897] [12178:12180] [DMG] 				{[0m
[0;34m[1784656684.897] [12178:12180] [DMG] 					EndpointId = 0x0,[0m
[0;34m[1784656684.897] [12178:12180] [DMG] 					ClusterId = 0x3e,[0m
[0;34m[1784656684.897] [12178:12180] [DMG] 					CommandId = 0x8,[0m
[0;34m[1784656684.897] [12178:12180] [DMG] 				},[0m
[0;34m[1784656684.897] [12178:12180] [DMG] 				[0m
[0;34m[1784656684.897] [12178:12180] [DMG] 				CommandFields = [0m
[0;34m[1784656684.897] [12178:12180] [DMG] 				{[0m
[0;34m[1784656684.897] [12178:12180] [DMG] 					0x0 = 0 (unsigned), [0m
[0;34m[1784656684.897] [12178:12180] [DMG] 					0x1 = 1 (unsigned), [0m
[0;34m[1784656684.897] [12178:12180] [DMG] 				},[0m
[0;34m[1784656684.897] [12178:12180] [DMG] 			},[0m
[0;34m[1784656684.897] [12178:12180] [DMG] 			[0m
[0;34m[1784656684.897] [12178:12180] [DMG] 		},[0m
[0;34m[1784656684.897] [12178:12180] [DMG] 		[0m
[0;34m[1784656684.897] [12178:12180] [DMG] 	],[0m
[0;34m[1784656684.897] [12178:12180] [DMG] 	[0m
[0;34m[1784656684.897] [12178:12180] [DMG] 	InteractionModelRevision = 12[0m
[0;34m[1784656684.897] [12178:12180] [DMG] },[0m
[0;32m[1784656684.897] [12178:12180] [DMG] Received Command Response Data, Endpoint=0 Cluster=0x0000_003E Command=0x0000_0008[0m
[0;32m[1784656684.897] [12178:12180] [TOO] Endpoint: 0 Cluster: 0x0000_003E Command 0x0000_0008[0m
[0;32m[1784656684.897] [12178:12180] [TOO]   NOCResponse: {[0m
[0;32m[1784656684.897] [12178:12180] [TOO]     statusCode: 0[0m
[0;32m[1784656684.897] [12178:12180] [TOO]     fabricIndex: 1[0m
[0;32m[1784656684.897] [12178:12180] [TOO]    }[0m
[0;34m[1784656684.897] [12178:12180] [DMG] ICR moving to [AwaitingDe][0m
[0;32m[1784656684.897] [12178:12180] [EM] <<< [E:10303i S:26530 M:231989526 (Ack:40738148)] (S) Msg TX from 000000000001B669 to 1:0000000000000001 [261B] [UDP:[fe80::bfe:a203:38f0:bce7%enp0s3]:5540] --- Type 0000:10 (SecureChannel:StandaloneAck) (B:34)[0m
[0;34m[1784656684.897] [12178:12180] [EM] Flushed pending ack for MessageCounter:40738148 on exchange 10303i[0m
[0;34m[1784656684.897] [12178:12178] [CTL] Shutting down the commissioner[0m
[0;32m[1784656684.897] [12178:12178] [PAF] WiFiPAF: Closing all WiFiPAF sessions to shutdown[0m
[0;34m[1784656684.897] [12178:12178] [CTL] Shutting down the controller[0m
[0;34m[1784656684.897] [12178:12178] [IN] Expiring all sessions for fabric 0x1!![0m
[0;34m[1784656684.897] [12178:12178] [IN] SecureSession[0x726e80009cd0]: MarkForEviction Type:2 LSID:26530[0m
[0;32m[1784656684.897] [12178:12178] [SC] SecureSession[0x726e80009cd0, LSID:26530]: State change 'kActive' --> 'kPendingEviction'[0m
[0;34m[1784656684.897] [12178:12178] [IN] SecureSession[0x726e80009cd0]: Released - Type:2 LSID:26530[0m
[0;32m[1784656684.897] [12178:12178] [FP] Forgetting fabric 0x1[0m
[0;32m[1784656684.897] [12178:12178] [TS] Pending Last Known Good Time: 2023-10-14T01:16:48[0m
[0;32m[1784656684.897] [12178:12178] [TS] Previous Last Known Good Time: 2023-10-14T01:16:48[0m
[0;32m[1784656684.897] [12178:12178] [TS] Reverted Last Known Good Time to previous value[0m
[0;34m[1784656684.897] [12178:12178] [CTL] Shutting down the commissioner[0m
[0;32m[1784656684.897] [12178:12178] [PAF] WiFiPAF: Closing all WiFiPAF sessions to shutdown[0m
[0;34m[1784656684.897] [12178:12178] [CTL] Shutting down the controller[0m
[0;34m[1784656684.897] [12178:12178] [CTL] Shutting down the System State, this will teardown the CHIP Stack[0m
[0;34m[1784656684.897] [12178:12178] [DMG] All ReadHandler-s are clean, clear GlobalDirtySet[0m
[0;32m[1784656684.897] [12178:12178] [FP] Shutting down FabricTable[0m
[0;32m[1784656684.897] [12178:12178] [TS] Pending Last Known Good Time: 2023-10-14T01:16:48[0m
[0;32m[1784656684.897] [12178:12178] [TS] Previous Last Known Good Time: 2023-10-14T01:16:48[0m
[0;32m[1784656684.897] [12178:12178] [TS] Reverted Last Known Good Time to previous value[0m
[0;34m[1784656684.900] [12178:12178] [DL] Wrote settings to /tmp/chip_counters.ini[0m
[0;32m[1784656684.900] [12178:12178] [DL] NVS set: chip-counters/total-operational-hours = 0 (0x0)[0m
[0;32m[1784656684.900] [12178:12178] [DL] Inet Layer shutdown[0m
[0;32m[1784656684.900] [12178:12178] [DL] BLE Layer shutdown[0m
[0;32m[1784656684.900] [12178:12178] [DL] WiFi-PAF Layer shutdown[0m
[0;32m[1784656684.900] [12178:12178] [PAF] WiFiPAF: Closing all WiFiPAF sessions to shutdown[0m
[0;32m[1784656684.900] [12178:12178] [DL] System Layer shutdown[0m
