[0;34m[1784655354.704] [7877:7877] [DL] ChipLinuxStorage::Init: Using KVS config file: /tmp/chip_tool_kvs[0m
[1;31m[1784655354.705] [7877:7877] [DL] ChipLinuxStorage::Init: Attempt to re-initialize with KVS config file: /tmp/chip_kvs, IGNORING.[0m
[0;34m[1784655354.706] [7877:7877] [DL] ChipLinuxStorage::Init: Using KVS config file: /tmp/chip_factory.ini[0m
[0;34m[1784655354.706] [7877:7877] [DL] ChipLinuxStorage::Init: Using KVS config file: /tmp/chip_config.ini[0m
[0;34m[1784655354.706] [7877:7877] [DL] ChipLinuxStorage::Init: Using KVS config file: /tmp/chip_counters.ini[0m
[0;34m[1784655354.710] [7877:7877] [DL] Wrote settings to /tmp/chip_counters.ini[0m
[0;32m[1784655354.710] [7877:7877] [DL] NVS set: chip-counters/reboot-count = 4 (0x4)[0m
[0;32m[1784655354.710] [7877:7877] [DL] Got Ethernet interface: enp0s3[0m
[0;32m[1784655354.711] [7877:7877] [DL] Found the primary Ethernet interface:enp0s3[0m
[1;31m[1784655354.711] [7877:7877] [DL] Failed to get WiFi interface[0m
[1;31m[1784655354.711] [7877:7877] [DL] Failed to reset WiFi statistic counts[0m
[0;32m[1784655354.711] [7877:7877] [PAF] WiFiPAF: WiFiPAFLayer::Init()[0m
[0;34m[1784655354.711] [7877:7877] [IN] UDP::Init bind&listen port=0[0m
[0;34m[1784655354.711] [7877:7877] [IN] UDP::Init bound to port=34727[0m
[0;34m[1784655354.711] [7877:7877] [IN] UDP::Init bind&listen port=0[0m
[0;34m[1784655354.711] [7877:7877] [IN] UDP::Init bound to port=37249[0m
[0;34m[1784655354.711] [7877:7877] [IN] BLEBase::Init - setting/overriding transport[0m
[0;34m[1784655354.711] [7877:7877] [IN] WiFiPAFBase::Init - setting/overriding transport[0m
[0;34m[1784655354.711] [7877:7877] [IN] TransportMgr initialized[0m
[0;34m[1784655354.711] [7877:7877] [FP] Initializing FabricTable from persistent storage[0m
[0;32m[1784655354.711] [7877:7877] [TS] Last Known Good Time: 2023-10-14T01:16:48[0m
[0;32m[1784655354.711] [7877:7877] [FP] Fabric index 0x1 was retrieved from storage. Compressed FabricId 0x7E6C890F74A29053, FabricId 0x0000000000000001, NodeId 0x000000000001B669, VendorId 0xFFF1[0m
[0;32m[1784655354.712] [7877:7877] [DMG] Ember attribute persistence requires setting up[0m
[0;32m[1784655354.712] [7877:7877] [ZCL] Using ZAP configuration...[0m
[0;34m[1784655354.712] [7877:7877] [CTL] System State Initialized...[0m
[0;32m[1784655354.712] [7877:7877] [CTL] Setting attestation nonce to random value[0m
[0;32m[1784655354.712] [7877:7877] [CTL] Setting CSR nonce to random value[0m
[0;34m[1784655354.712] [7877:7879] [DL] CHIP task running[0m
[0;32m[1784655354.712] [7877:7879] [CTL] Setting attestation nonce to random value[0m
[0;32m[1784655354.712] [7877:7879] [CTL] Setting CSR nonce to random value[0m
[0;32m[1784655354.713] [7877:7879] [CTL] Generating NOC[0m
[0;32m[1784655354.713] [7877:7879] [FP] Validating NOC chain[0m
[0;32m[1784655354.713] [7877:7879] [FP] NOC chain validation successful[0m
[0;32m[1784655354.713] [7877:7879] [FP] Updated fabric at index: 0x1, Node ID: 0x000000000001B669[0m
[0;32m[1784655354.713] [7877:7879] [TS] Last Known Good Time: 2023-10-14T01:16:48[0m
[0;32m[1784655354.713] [7877:7879] [TS] New proposed Last Known Good Time: 2021-01-01T00:00:00[0m
[0;32m[1784655354.713] [7877:7879] [TS] Retaining current Last Known Good Time[0m
[0;32m[1784655354.716] [7877:7879] [FP] Metadata for Fabric 0x1 persisted to storage.[0m
[0;32m[1784655354.716] [7877:7879] [TS] Committing Last Known Good Time to storage: 2023-10-14T01:16:48[0m
[0;32m[1784655354.717] [7877:7879] [CTL] Joined the fabric at index 1. Fabric ID is 0x0000000000000001 (Compressed Fabric ID: 7E6C890F74A29053)[0m
[0;32m[1784655354.723] [7877:7879] [TOO] Sending command to node 0x1[0m
[0;34m[1784655354.724] [7877:7879] [CSM] FindOrEstablishSession: PeerId = [1:0000000000000001][0m
[0;34m[1784655354.724] [7877:7879] [CSM] FindOrEstablishSession: No existing OperationalSessionSetup instance found[0m
[0;34m[1784655354.724] [7877:7879] [DIS] OperationalSessionSetup[1:0000000000000001]: State change 1 --> 2[0m
[0;32m[1784655354.724] [7877:7879] [DIS] Lookup started for 7E6C890F74A29053-0000000000000001[0m
[0;32m[1784655354.724] [7877:7879] [DIS] UDP:[fe80::bfe:a203:38f0:bce7%enp0s3]:5540: new best score: 7 (for 7E6C890F74A29053-0000000000000001)[0m
[0;34m[1784655354.724] [7877:7879] [DIS] Lookup clearing interface for non LL address[0m
[0;32m[1784655354.724] [7877:7879] [DIS] UDP:10.0.2.15%enp0s3:5540: new best score: 2 (for 7E6C890F74A29053-0000000000000001)[0m
[0;32m[1784655354.724] [7877:7879] [DIS] Checking node lookup status for 7E6C890F74A29053-0000000000000001 after 0 ms[0m
[0;32m[1784655354.724] [7877:7879] [DIS] Keeping DNSSD lookup active[0m
[0;32m[1784655354.724] [7877:7879] [DIS] UDP:[fe80::bfe:a203:38f0:bce7%enp0s3]:5540: score has not improved: 7 (for 7E6C890F74A29053-0000000000000001)[0m
[0;34m[1784655354.724] [7877:7879] [DIS] Lookup clearing interface for non LL address[0m
[0;32m[1784655354.724] [7877:7879] [DIS] UDP:10.0.2.15%enp0s3:5540: score has not improved: 2 (for 7E6C890F74A29053-0000000000000001)[0m
[0;32m[1784655354.724] [7877:7879] [DIS] Checking node lookup status for 7E6C890F74A29053-0000000000000001 after 1 ms[0m
[0;32m[1784655354.724] [7877:7879] [DIS] Keeping DNSSD lookup active[0m
[0;32m[1784655354.924] [7877:7879] [DIS] Checking node lookup status for 7E6C890F74A29053-0000000000000001 after 201 ms[0m
[0;34m[1784655354.924] [7877:7879] [DIS] OperationalSessionSetup[1:0000000000000001]: Updating device address to UDP:[fe80::bfe:a203:38f0:bce7%enp0s3]:5540 while in state 2[0m
[0;34m[1784655354.924] [7877:7879] [DIS] OperationalSessionSetup[1:0000000000000001]: State change 2 --> 3[0m
[0;34m[1784655354.925] [7877:7879] [IN] SecureSession[0x72ee58009cd0]: Allocated Type:2 LSID:44100[0m
[0;32m[1784655354.925] [7877:7879] [SC] Initiating session on local FabricIndex 1 from 0x000000000001B669 -> 0x0000000000000001[0m
[0;32m[1784655354.925] [7877:7879] [EM] <<< [E:25177i S:0 M:100714668] (U) Msg TX from 31B27F59E65E0B17 to 0:0000000000000000 [0000] [UDP:[fe80::bfe:a203:38f0:bce7%enp0s3]:5540] --- Type 0000:30 (SecureChannel:CASE_Sigma1) (B:196)[0m
[0;32m[1784655354.926] [7877:7879] [EM] ??1 [E:25177i S:0 M:100714668] (U) Msg Retransmission to 0:0000000000000000 scheduled for 571ms from now [State:Idle II:500 AI:300 AT:4000][0m
[0;32m[1784655354.926] [7877:7879] [SC] Sent Sigma1 msg to <0000000000000001, 1> [II:500ms AI:300ms AT:4000ms][0m
[0;34m[1784655354.926] [7877:7879] [DIS] OperationalSessionSetup[1:0000000000000001]: State change 3 --> 4[0m
[0;32m[1784655354.928] [7877:7879] [EM] >>> [E:25177i S:0 M:262387091 (Ack:100714668)] (U) Msg RX from 0:0000000000000000 [0000] to 31B27F59E65E0B17 --- Type 0000:31 (SecureChannel:CASE_Sigma2) (B:751)[0m
[0;34m[1784655354.928] [7877:7879] [EM] Found matching exchange: 25177i, Delegate: 0x72ee5800b8e8[0m
[0;34m[1784655354.928] [7877:7879] [EM] Rxd Ack; Removing MessageCounter:100714668 from Retrans Table on exchange 25177i[0m
[0;32m[1784655354.928] [7877:7879] [SC] Received Sigma2 msg[0m
[0;34m[1784655354.928] [7877:7879] [SC] Found MRP parameters in the message[0m
[0;34m[1784655354.929] [7877:7879] [SC] Peer <0000000000000001, 1> assigned session ID 40554[0m
[0;34m[1784655354.929] [7877:7879] [SC] Sending Sigma3[0m
[0;32m[1784655354.929] [7877:7879] [EM] <<< [E:25177i S:0 M:100714669 (Ack:262387091)] (U) Msg TX from 31B27F59E65E0B17 to 0:0000000000000000 [0000] [UDP:[fe80::bfe:a203:38f0:bce7%enp0s3]:5540] --- Type 0000:32 (SecureChannel:CASE_Sigma3) (B:598)[0m
[0;32m[1784655354.929] [7877:7879] [EM] ??1 [E:25177i S:0 M:100714669] (U) Msg Retransmission to 0:0000000000000000 scheduled for 382ms from now [State:Active II:500 AI:300 AT:4000][0m
[0;32m[1784655354.929] [7877:7879] [SC] Sent Sigma3 msg[0m
[0;32m[1784655354.939] [7877:7879] [EM] >>> [E:25177i S:0 M:262387092 (Ack:100714669)] (U) Msg RX from 0:0000000000000000 [0000] to 31B27F59E65E0B17 --- Type 0000:40 (SecureChannel:StatusReport) (B:34)[0m
[0;34m[1784655354.939] [7877:7879] [EM] Found matching exchange: 25177i, Delegate: 0x72ee5800b8e8[0m
[0;34m[1784655354.939] [7877:7879] [EM] Rxd Ack; Removing MessageCounter:100714669 from Retrans Table on exchange 25177i[0m
[0;32m[1784655354.939] [7877:7879] [SC] Success status report received. Session was established[0m
[0;32m[1784655354.941] [7877:7879] [SC] SecureSession[0x72ee58009cd0, LSID:44100]: State change 'kEstablishing' --> 'kActive'[0m
[0;34m[1784655354.941] [7877:7879] [IN] SecureSession[0x72ee58009cd0]: Activated - Type:2 LSID:44100[0m
[0;34m[1784655354.941] [7877:7879] [IN] New secure session activated for device <0000000000000001, 1>, LSID:44100 PSID:40554![0m
[0;34m[1784655354.941] [7877:7879] [DIS] OperationalSessionSetup[1:0000000000000001]: State change 4 --> 5[0m
[0;32m[1784655354.941] [7877:7879] [TOO] Sending cluster (0x0000003E) command (0x00000004) on endpoint 0[0m
[0;34m[1784655354.941] [7877:7879] [DMG] ICR moving to [AddingComm][0m
[0;34m[1784655354.941] [7877:7879] [DMG] ICR moving to [AddedComma][0m
[0;32m[1784655354.941] [7877:7879] [EM] <<< [E:25178i S:44100 M:32772759] (S) Msg TX from 000000000001B669 to 1:0000000000000001 [9053] [UDP:[fe80::bfe:a203:38f0:bce7%enp0s3]:5540] --- Type 0001:08 (IM:InvokeCommandRequest) (B:96)[0m
[0;32m[1784655354.941] [7877:7879] [EM] ??1 [E:25178i S:44100 M:32772759] (S) Msg Retransmission to 1:0000000000000001 scheduled for 409ms from now [State:Active II:500 AI:300 AT:4000][0m
[0;34m[1784655354.941] [7877:7879] [DMG] ICR moving to [AwaitingRe][0m
[0;32m[1784655354.941] [7877:7879] [EM] <<< [E:25177i S:0 M:100714670 (Ack:262387092)] (U) Msg TX from 31B27F59E65E0B17 to 0:0000000000000000 [0000] [UDP:[fe80::bfe:a203:38f0:bce7%enp0s3]:5540] --- Type 0000:10 (SecureChannel:StandaloneAck) (B:26)[0m
[0;34m[1784655354.941] [7877:7879] [EM] Flushed pending ack for MessageCounter:262387092 on exchange 25177i[0m
[0;32m[1784655354.942] [7877:7879] [EM] >>> [E:25178i S:44100 M:264825372 (Ack:32772759)] (S) Msg RX from 1:0000000000000001 [9053] to 000000000001B669 --- Type 0001:09 (IM:InvokeCommandResponse) (B:377)[0m
[0;34m[1784655354.942] [7877:7879] [EM] Found matching exchange: 25178i, Delegate: 0x72ee5800eef8[0m
[0;34m[1784655354.942] [7877:7879] [EM] Rxd Ack; Removing MessageCounter:32772759 from Retrans Table on exchange 25178i[0m
[0;34m[1784655354.942] [7877:7879] [DMG] ICR moving to [ResponseRe][0m
[0;34m[1784655354.942] [7877:7879] [DMG] InvokeResponseMessage =[0m
[0;34m[1784655354.942] [7877:7879] [DMG] {[0m
[0;34m[1784655354.942] [7877:7879] [DMG] 	suppressResponse = false, [0m
[0;34m[1784655354.942] [7877:7879] [DMG] 	InvokeResponseIBs =[0m
[0;34m[1784655354.942] [7877:7879] [DMG] 	[[0m
[0;34m[1784655354.942] [7877:7879] [DMG] 		InvokeResponseIB =[0m
[0;34m[1784655354.942] [7877:7879] [DMG] 		{[0m
[0;34m[1784655354.942] [7877:7879] [DMG] 			CommandDataIB =[0m
[0;34m[1784655354.942] [7877:7879] [DMG] 			{[0m
[0;34m[1784655354.942] [7877:7879] [DMG] 				CommandPathIB =[0m
[0;34m[1784655354.942] [7877:7879] [DMG] 				{[0m
[0;34m[1784655354.942] [7877:7879] [DMG] 					EndpointId = 0x0,[0m
[0;34m[1784655354.942] [7877:7879] [DMG] 					ClusterId = 0x3e,[0m
[0;34m[1784655354.942] [7877:7879] [DMG] 					CommandId = 0x5,[0m
[0;34m[1784655354.942] [7877:7879] [DMG] 				},[0m
[0;34m[1784655354.942] [7877:7879] [DMG] 				[0m
[0;34m[1784655354.942] [7877:7879] [DMG] 				CommandFields = [0m
[0;34m[1784655354.942] [7877:7879] [DMG] 				{[0m
[0;34m[1784655354.942] [7877:7879] [DMG] 					0x0 = [[0m
[0;34m[1784655354.942] [7877:7879] [DMG] 							0x15, 0x30, 0x01, 0xcb, 0x30, 0x81, 0xc8, 0x30, 0x70, 0x02, 0x01, 0x00, 0x30, 0x0e, 0x31, 0x0c, 0x30, 0x0a, 0x06, 0x03, 0x55, 0x04, 0x0a, 0x0c, 0x03, 0x43, 0x53, 0x52, 0x30, 0x59, 0x30, 0x13, 0x06, 0x07, 0x2a, 0x86, 0x48, 0xce, 0x3d, 0x02, 0x01, 0x06, 0x08, 0x2a, 0x86, 0x48, 0xce, 0x3d, 0x03, 0x01, 0x07, 0x03, 0x42, 0x00, 0x04, 0x20, 0xde, 0x35, 0x6b, 0x1a, 0x11, 0xb3, 0x03, 0xa3, 0x5b, 0xe9, 0xe6, 0x4e, 0x06, 0xae, 0x99, 0xbb, 0x4b, 0x53, 0xf9, 0xf7, 0xaa, 0x89, 0xc6, 0xc5, 0xd4, 0xc4, 0x51, 0xa5, 0x23, 0x05, 0xcb, 0x16, 0xf8, 0x05, 0x7f, 0x58, 0xb1, 0xe7, 0xd4, 0x50, 0x3d, 0x89, 0x14, 0x6a, 0x14, 0xe9, 0x5a, 0x6d, 0xd9, 0x21, 0x2d, 0x17, 0x3b, 0x25, 0xf5, 0x41, 0x38, 0x59, 0xf7, 0x52, 0x60, 0xdb, 0xad, 0xa0, 0x00, 0x30, 0x0a, 0x06, 0x08, 0x2a, 0x86, 0x48, 0xce, 0x3d, 0x04, 0x03, 0x02, 0x03, 0x48, 0x00, 0x30, 0x45, 0x02, 0x21, 0x00, 0xab, 0x59, 0x78, 0x10, 0x11, 0x99, 0xf7, 0x5f, 0xe5, 0x09, 0xec, 0x8f, 0x1f, 0x35, 0xbd, 0xf7, 0xcd, 0x52, 0xf9, 0x34, 0xcd, 0xa1, 0xa4, 0x19, 0x07, 0x1e, 0x49, 0x52, 0xde, 0x26, 0x6a, 0x7e, 0x02, 0x20, 0x77, 0x8e, 0xff, 0x9a, 0x02, 0x92, 0xe0, 0x48, 0x97, 0x3a, 0xe2, 0xe1, 0xb9, 0xd4, 0xaa, 0x4f, 0xca, 0xe3, 0x9d, 0x50, 0x81, 0xd2, 0xb1, 0x17, 0x2e, 0xa0, 0x30, 0x21, 0x67, 0xb8, 0x3b, 0x0b, 0x30, 0x02, 0x20, 0x14, 0x47, 0x72, 0xc3, 0x5c, 0x7f, 0x97, 0x42, 0x4c, 0x1a, 0x62, 0x8c, 0xc1, 0x7d, 0xd1, 0xc6, 0x06, 0x7a, 0xf6, 0xf0, 0xec, 0xc3, 0x68, 0x70, 0xdc, 0x48, 0xf7, 0xdf, 0x7b, 0x67, 0x82, 0x55, 0x18, [0m
[0;34m[1784655354.942] [7877:7879] [DMG] 					] (243 bytes)[0m
[0;34m[1784655354.942] [7877:7879] [DMG] 					0x1 = [[0m
[0;34m[1784655354.942] [7877:7879] [DMG] 							0x62, 0xee, 0x11, 0x79, 0x29, 0xa6, 0xa0, 0xc9, 0x4e, 0xdf, 0xfb, 0x56, 0xdd, 0xea, 0x02, 0x08, 0x26, 0xe9, 0xae, 0xc5, 0x4d, 0x2b, 0x6c, 0xce, 0xd6, 0x40, 0x77, 0x03, 0xf7, 0xe8, 0x47, 0xf3, 0x11, 0x22, 0x41, 0x6c, 0xea, 0x53, 0x79, 0x63, 0xc6, 0xe8, 0x3a, 0x39, 0x24, 0x51, 0x09, 0x43, 0xc8, 0xda, 0xe3, 0x38, 0x9c, 0x42, 0xe5, 0x17, 0x2e, 0x80, 0x6f, 0x55, 0xc6, 0xa0, 0xae, 0x6c, [0m
[0;34m[1784655354.942] [7877:7879] [DMG] 					] (64 bytes)[0m
[0;34m[1784655354.942] [7877:7879] [DMG] 				},[0m
[0;34m[1784655354.942] [7877:7879] [DMG] 			},[0m
[0;34m[1784655354.942] [7877:7879] [DMG] 			[0m
[0;34m[1784655354.942] [7877:7879] [DMG] 		},[0m
[0;34m[1784655354.942] [7877:7879] [DMG] 		[0m
[0;34m[1784655354.942] [7877:7879] [DMG] 	],[0m
[0;34m[1784655354.942] [7877:7879] [DMG] 	[0m
[0;34m[1784655354.942] [7877:7879] [DMG] 	InteractionModelRevision = 12[0m
[0;34m[1784655354.942] [7877:7879] [DMG] },[0m
[0;32m[1784655354.942] [7877:7879] [DMG] Received Command Response Data, Endpoint=0 Cluster=0x0000_003E Command=0x0000_0005[0m
[0;32m[1784655354.942] [7877:7879] [TOO] Endpoint: 0 Cluster: 0x0000_003E Command 0x0000_0005[0m
[0;32m[1784655354.942] [7877:7879] [TOO]   CSRResponse: {[0m
[0;32m[1784655354.942] [7877:7879] [TOO]     NOCSRElements: 153001CB3081C83070020100300E310C300A060355040A0C034353523059301306072A8648CE3D020106082A8648CE3D0301070342000420DE356B1A11B303A35BE9E64E06AE99BB4B53F9F7AA89C6C5D4C451A52305CB16F8057F58B1E7D4503D89146A14E95A6DD9212D173B25F5413859F75260DBADA000300A06082A8648CE3D0403020348003045022100AB5978101199F75FE509EC8F1F35BDF7CD52F934CDA1A419071E4952DE266A7E0220778EFF9A0292E048973AE2E1B9D4AA4FCAE39D5081D2B1172EA0302167B83B0B300220144772C35C7F97424C1A628CC17DD1C6067AF6F0ECC36870DC48F7DF7B67825518[0m
[0;32m[1784655354.942] [7877:7879] [TOO]     attestationSignature: 62EE117929A6A0C94EDFFB56DDEA020826E9AEC54D2B6CCED6407703F7E847F31122416CEA537963C6E83A3924510943C8DAE3389C42E5172E806F55C6A0AE6C[0m
[0;32m[1784655354.942] [7877:7879] [TOO]    }[0m
[0;34m[1784655354.942] [7877:7879] [DMG] ICR moving to [AwaitingDe][0m
[0;32m[1784655354.942] [7877:7879] [EM] <<< [E:25178i S:44100 M:32772760 (Ack:264825372)] (S) Msg TX from 000000000001B669 to 1:0000000000000001 [9053] [UDP:[fe80::bfe:a203:38f0:bce7%enp0s3]:5540] --- Type 0000:10 (SecureChannel:StandaloneAck) (B:34)[0m
[0;34m[1784655354.942] [7877:7879] [EM] Flushed pending ack for MessageCounter:264825372 on exchange 25178i[0m
[0;34m[1784655354.942] [7877:7877] [CTL] Shutting down the commissioner[0m
[0;32m[1784655354.942] [7877:7877] [PAF] WiFiPAF: Closing all WiFiPAF sessions to shutdown[0m
[0;34m[1784655354.942] [7877:7877] [CTL] Shutting down the controller[0m
[0;34m[1784655354.942] [7877:7877] [IN] Expiring all sessions for fabric 0x1!![0m
[0;34m[1784655354.942] [7877:7877] [IN] SecureSession[0x72ee58009cd0]: MarkForEviction Type:2 LSID:44100[0m
[0;32m[1784655354.942] [7877:7877] [SC] SecureSession[0x72ee58009cd0, LSID:44100]: State change 'kActive' --> 'kPendingEviction'[0m
[0;34m[1784655354.942] [7877:7877] [IN] SecureSession[0x72ee58009cd0]: Released - Type:2 LSID:44100[0m
[0;32m[1784655354.942] [7877:7877] [FP] Forgetting fabric 0x1[0m
[0;32m[1784655354.942] [7877:7877] [TS] Pending Last Known Good Time: 2023-10-14T01:16:48[0m
[0;32m[1784655354.942] [7877:7877] [TS] Previous Last Known Good Time: 2023-10-14T01:16:48[0m
[0;32m[1784655354.942] [7877:7877] [TS] Reverted Last Known Good Time to previous value[0m
[0;34m[1784655354.942] [7877:7877] [CTL] Shutting down the commissioner[0m
[0;32m[1784655354.942] [7877:7877] [PAF] WiFiPAF: Closing all WiFiPAF sessions to shutdown[0m
[0;34m[1784655354.943] [7877:7877] [CTL] Shutting down the controller[0m
[0;34m[1784655354.943] [7877:7877] [CTL] Shutting down the System State, this will teardown the CHIP Stack[0m
[0;34m[1784655354.943] [7877:7877] [DMG] All ReadHandler-s are clean, clear GlobalDirtySet[0m
[0;32m[1784655354.943] [7877:7877] [FP] Shutting down FabricTable[0m
[0;32m[1784655354.943] [7877:7877] [TS] Pending Last Known Good Time: 2023-10-14T01:16:48[0m
[0;32m[1784655354.943] [7877:7877] [TS] Previous Last Known Good Time: 2023-10-14T01:16:48[0m
[0;32m[1784655354.943] [7877:7877] [TS] Reverted Last Known Good Time to previous value[0m
[0;34m[1784655354.945] [7877:7877] [DL] Wrote settings to /tmp/chip_counters.ini[0m
[0;32m[1784655354.945] [7877:7877] [DL] NVS set: chip-counters/total-operational-hours = 0 (0x0)[0m
[0;32m[1784655354.945] [7877:7877] [DL] Inet Layer shutdown[0m
[0;32m[1784655354.945] [7877:7877] [DL] BLE Layer shutdown[0m
[0;32m[1784655354.945] [7877:7877] [DL] WiFi-PAF Layer shutdown[0m
[0;32m[1784655354.945] [7877:7877] [PAF] WiFiPAF: Closing all WiFiPAF sessions to shutdown[0m
[0;32m[1784655354.945] [7877:7877] [DL] System Layer shutdown[0m
