[0;34m[1784655355.347] [7890:7890] [DL] ChipLinuxStorage::Init: Using KVS config file: /tmp/chip_tool_kvs[0m
[1;31m[1784655355.348] [7890:7890] [DL] ChipLinuxStorage::Init: Attempt to re-initialize with KVS config file: /tmp/chip_kvs, IGNORING.[0m
[0;34m[1784655355.349] [7890:7890] [DL] ChipLinuxStorage::Init: Using KVS config file: /tmp/chip_factory.ini[0m
[0;34m[1784655355.349] [7890:7890] [DL] ChipLinuxStorage::Init: Using KVS config file: /tmp/chip_config.ini[0m
[0;34m[1784655355.349] [7890:7890] [DL] ChipLinuxStorage::Init: Using KVS config file: /tmp/chip_counters.ini[0m
[0;34m[1784655355.352] [7890:7890] [DL] Wrote settings to /tmp/chip_counters.ini[0m
[0;32m[1784655355.352] [7890:7890] [DL] NVS set: chip-counters/reboot-count = 6 (0x6)[0m
[0;32m[1784655355.352] [7890:7890] [DL] Got Ethernet interface: enp0s3[0m
[0;32m[1784655355.352] [7890:7890] [DL] Found the primary Ethernet interface:enp0s3[0m
[1;31m[1784655355.352] [7890:7890] [DL] Failed to get WiFi interface[0m
[1;31m[1784655355.352] [7890:7890] [DL] Failed to reset WiFi statistic counts[0m
[0;32m[1784655355.352] [7890:7890] [PAF] WiFiPAF: WiFiPAFLayer::Init()[0m
[0;34m[1784655355.352] [7890:7890] [IN] UDP::Init bind&listen port=0[0m
[0;34m[1784655355.352] [7890:7890] [IN] UDP::Init bound to port=40440[0m
[0;34m[1784655355.352] [7890:7890] [IN] UDP::Init bind&listen port=0[0m
[0;34m[1784655355.352] [7890:7890] [IN] UDP::Init bound to port=50971[0m
[0;34m[1784655355.352] [7890:7890] [IN] BLEBase::Init - setting/overriding transport[0m
[0;34m[1784655355.352] [7890:7890] [IN] WiFiPAFBase::Init - setting/overriding transport[0m
[0;34m[1784655355.352] [7890:7890] [IN] TransportMgr initialized[0m
[0;34m[1784655355.352] [7890:7890] [FP] Initializing FabricTable from persistent storage[0m
[0;32m[1784655355.352] [7890:7890] [TS] Last Known Good Time: 2023-10-14T01:16:48[0m
[0;32m[1784655355.352] [7890:7890] [FP] Fabric index 0x1 was retrieved from storage. Compressed FabricId 0x7E6C890F74A29053, FabricId 0x0000000000000001, NodeId 0x000000000001B669, VendorId 0xFFF1[0m
[0;32m[1784655355.353] [7890:7890] [DMG] Ember attribute persistence requires setting up[0m
[0;32m[1784655355.353] [7890:7890] [ZCL] Using ZAP configuration...[0m
[0;34m[1784655355.353] [7890:7890] [CTL] System State Initialized...[0m
[0;32m[1784655355.353] [7890:7890] [CTL] Setting attestation nonce to random value[0m
[0;32m[1784655355.353] [7890:7890] [CTL] Setting CSR nonce to random value[0m
[0;34m[1784655355.354] [7890:7892] [DL] CHIP task running[0m
[0;32m[1784655355.354] [7890:7892] [CTL] Setting attestation nonce to random value[0m
[0;32m[1784655355.354] [7890:7892] [CTL] Setting CSR nonce to random value[0m
[0;32m[1784655355.354] [7890:7892] [CTL] Generating NOC[0m
[0;32m[1784655355.354] [7890:7892] [FP] Validating NOC chain[0m
[0;32m[1784655355.355] [7890:7892] [FP] NOC chain validation successful[0m
[0;32m[1784655355.355] [7890:7892] [FP] Updated fabric at index: 0x1, Node ID: 0x000000000001B669[0m
[0;32m[1784655355.355] [7890:7892] [TS] Last Known Good Time: 2023-10-14T01:16:48[0m
[0;32m[1784655355.355] [7890:7892] [TS] New proposed Last Known Good Time: 2021-01-01T00:00:00[0m
[0;32m[1784655355.355] [7890:7892] [TS] Retaining current Last Known Good Time[0m
[0;32m[1784655355.358] [7890:7892] [FP] Metadata for Fabric 0x1 persisted to storage.[0m
[0;32m[1784655355.358] [7890:7892] [TS] Committing Last Known Good Time to storage: 2023-10-14T01:16:48[0m
[0;32m[1784655355.359] [7890:7892] [CTL] Joined the fabric at index 1. Fabric ID is 0x0000000000000001 (Compressed Fabric ID: 7E6C890F74A29053)[0m
[0;32m[1784655355.364] [7890:7892] [TOO] Sending command to node 0x1[0m
[0;34m[1784655355.364] [7890:7892] [CSM] FindOrEstablishSession: PeerId = [1:0000000000000001][0m
[0;34m[1784655355.364] [7890:7892] [CSM] FindOrEstablishSession: No existing OperationalSessionSetup instance found[0m
[0;34m[1784655355.364] [7890:7892] [DIS] OperationalSessionSetup[1:0000000000000001]: State change 1 --> 2[0m
[0;32m[1784655355.365] [7890:7892] [DIS] Lookup started for 7E6C890F74A29053-0000000000000001[0m
[0;32m[1784655355.365] [7890:7892] [DIS] UDP:[fe80::bfe:a203:38f0:bce7%enp0s3]:5540: new best score: 7 (for 7E6C890F74A29053-0000000000000001)[0m
[0;34m[1784655355.365] [7890:7892] [DIS] Lookup clearing interface for non LL address[0m
[0;32m[1784655355.365] [7890:7892] [DIS] UDP:10.0.2.15%enp0s3:5540: new best score: 2 (for 7E6C890F74A29053-0000000000000001)[0m
[0;32m[1784655355.365] [7890:7892] [DIS] Checking node lookup status for 7E6C890F74A29053-0000000000000001 after 1 ms[0m
[0;32m[1784655355.365] [7890:7892] [DIS] Keeping DNSSD lookup active[0m
[0;32m[1784655355.365] [7890:7892] [DIS] UDP:[fe80::bfe:a203:38f0:bce7%enp0s3]:5540: score has not improved: 7 (for 7E6C890F74A29053-0000000000000001)[0m
[0;34m[1784655355.365] [7890:7892] [DIS] Lookup clearing interface for non LL address[0m
[0;32m[1784655355.365] [7890:7892] [DIS] UDP:10.0.2.15%enp0s3:5540: score has not improved: 2 (for 7E6C890F74A29053-0000000000000001)[0m
[0;32m[1784655355.365] [7890:7892] [DIS] Checking node lookup status for 7E6C890F74A29053-0000000000000001 after 1 ms[0m
[0;32m[1784655355.365] [7890:7892] [DIS] Keeping DNSSD lookup active[0m
[0;32m[1784655355.565] [7890:7892] [DIS] Checking node lookup status for 7E6C890F74A29053-0000000000000001 after 202 ms[0m
[0;34m[1784655355.565] [7890:7892] [DIS] OperationalSessionSetup[1:0000000000000001]: Updating device address to UDP:[fe80::bfe:a203:38f0:bce7%enp0s3]:5540 while in state 2[0m
[0;34m[1784655355.565] [7890:7892] [DIS] OperationalSessionSetup[1:0000000000000001]: State change 2 --> 3[0m
[0;34m[1784655355.566] [7890:7892] [IN] SecureSession[0x7d1c90009cd0]: Allocated Type:2 LSID:41924[0m
[0;32m[1784655355.566] [7890:7892] [SC] Initiating session on local FabricIndex 1 from 0x000000000001B669 -> 0x0000000000000001[0m
[0;32m[1784655355.566] [7890:7892] [EM] <<< [E:6904i S:0 M:5389902] (U) Msg TX from E5896BACC9F0B1F2 to 0:0000000000000000 [0000] [UDP:[fe80::bfe:a203:38f0:bce7%enp0s3]:5540] --- Type 0000:30 (SecureChannel:CASE_Sigma1) (B:196)[0m
[0;32m[1784655355.567] [7890:7892] [EM] ??1 [E:6904i S:0 M:5389902] (U) Msg Retransmission to 0:0000000000000000 scheduled for 568ms from now [State:Idle II:500 AI:300 AT:4000][0m
[0;32m[1784655355.567] [7890:7892] [SC] Sent Sigma1 msg to <0000000000000001, 1> [II:500ms AI:300ms AT:4000ms][0m
[0;34m[1784655355.567] [7890:7892] [DIS] OperationalSessionSetup[1:0000000000000001]: State change 3 --> 4[0m
[0;32m[1784655355.568] [7890:7892] [EM] >>> [E:6904i S:0 M:262387095 (Ack:5389902)] (U) Msg RX from 0:0000000000000000 [0000] to E5896BACC9F0B1F2 --- Type 0000:31 (SecureChannel:CASE_Sigma2) (B:751)[0m
[0;34m[1784655355.568] [7890:7892] [EM] Found matching exchange: 6904i, Delegate: 0x7d1c9000b8e8[0m
[0;34m[1784655355.568] [7890:7892] [EM] Rxd Ack; Removing MessageCounter:5389902 from Retrans Table on exchange 6904i[0m
[0;32m[1784655355.568] [7890:7892] [SC] Received Sigma2 msg[0m
[0;34m[1784655355.568] [7890:7892] [SC] Found MRP parameters in the message[0m
[0;34m[1784655355.569] [7890:7892] [SC] Peer <0000000000000001, 1> assigned session ID 40556[0m
[0;34m[1784655355.569] [7890:7892] [SC] Sending Sigma3[0m
[0;32m[1784655355.569] [7890:7892] [EM] <<< [E:6904i S:0 M:5389903 (Ack:262387095)] (U) Msg TX from E5896BACC9F0B1F2 to 0:0000000000000000 [0000] [UDP:[fe80::bfe:a203:38f0:bce7%enp0s3]:5540] --- Type 0000:32 (SecureChannel:CASE_Sigma3) (B:598)[0m
[0;32m[1784655355.569] [7890:7892] [EM] ??1 [E:6904i S:0 M:5389903] (U) Msg Retransmission to 0:0000000000000000 scheduled for 350ms from now [State:Active II:500 AI:300 AT:4000][0m
[0;32m[1784655355.569] [7890:7892] [SC] Sent Sigma3 msg[0m
[0;32m[1784655355.579] [7890:7892] [EM] >>> [E:6904i S:0 M:262387096 (Ack:5389903)] (U) Msg RX from 0:0000000000000000 [0000] to E5896BACC9F0B1F2 --- Type 0000:40 (SecureChannel:StatusReport) (B:34)[0m
[0;34m[1784655355.579] [7890:7892] [EM] Found matching exchange: 6904i, Delegate: 0x7d1c9000b8e8[0m
[0;34m[1784655355.579] [7890:7892] [EM] Rxd Ack; Removing MessageCounter:5389903 from Retrans Table on exchange 6904i[0m
[0;32m[1784655355.579] [7890:7892] [SC] Success status report received. Session was established[0m
[0;32m[1784655355.580] [7890:7892] [SC] SecureSession[0x7d1c90009cd0, LSID:41924]: State change 'kEstablishing' --> 'kActive'[0m
[0;34m[1784655355.580] [7890:7892] [IN] SecureSession[0x7d1c90009cd0]: Activated - Type:2 LSID:41924[0m
[0;34m[1784655355.580] [7890:7892] [IN] New secure session activated for device <0000000000000001, 1>, LSID:41924 PSID:40556![0m
[0;34m[1784655355.580] [7890:7892] [DIS] OperationalSessionSetup[1:0000000000000001]: State change 4 --> 5[0m
[0;32m[1784655355.580] [7890:7892] [TOO] Sending cluster (0x0000003E) command (0x00000007) on endpoint 0[0m
[0;34m[1784655355.580] [7890:7892] [DMG] ICR moving to [AddingComm][0m
[0;34m[1784655355.580] [7890:7892] [DMG] ICR moving to [AddedComma][0m
[0;32m[1784655355.580] [7890:7892] [EM] <<< [E:6905i S:41924 M:77589123] (S) Msg TX from 000000000001B669 to 1:0000000000000001 [9053] [UDP:[fe80::bfe:a203:38f0:bce7%enp0s3]:5540] --- Type 0001:08 (IM:InvokeCommandRequest) (B:330)[0m
[0;32m[1784655355.580] [7890:7892] [EM] ??1 [E:6905i S:41924 M:77589123] (S) Msg Retransmission to 1:0000000000000001 scheduled for 385ms from now [State:Active II:500 AI:300 AT:4000][0m
[0;34m[1784655355.580] [7890:7892] [DMG] ICR moving to [AwaitingRe][0m
[0;32m[1784655355.580] [7890:7892] [EM] <<< [E:6904i S:0 M:5389904 (Ack:262387096)] (U) Msg TX from E5896BACC9F0B1F2 to 0:0000000000000000 [0000] [UDP:[fe80::bfe:a203:38f0:bce7%enp0s3]:5540] --- Type 0000:10 (SecureChannel:StandaloneAck) (B:26)[0m
[0;34m[1784655355.580] [7890:7892] [EM] Flushed pending ack for MessageCounter:262387096 on exchange 6904i[0m
[0;32m[1784655355.591] [7890:7892] [EM] >>> [E:6905i S:41924 M:165896928 (Ack:77589123)] (S) Msg RX from 1:0000000000000001 [9053] to 000000000001B669 --- Type 0001:09 (IM:InvokeCommandResponse) (B:70)[0m
[0;34m[1784655355.591] [7890:7892] [EM] Found matching exchange: 6905i, Delegate: 0x7d1c9000eef8[0m
[0;34m[1784655355.591] [7890:7892] [EM] Rxd Ack; Removing MessageCounter:77589123 from Retrans Table on exchange 6905i[0m
[0;34m[1784655355.591] [7890:7892] [DMG] ICR moving to [ResponseRe][0m
[0;34m[1784655355.591] [7890:7892] [DMG] InvokeResponseMessage =[0m
[0;34m[1784655355.591] [7890:7892] [DMG] {[0m
[0;34m[1784655355.591] [7890:7892] [DMG] 	suppressResponse = false, [0m
[0;34m[1784655355.591] [7890:7892] [DMG] 	InvokeResponseIBs =[0m
[0;34m[1784655355.591] [7890:7892] [DMG] 	[[0m
[0;34m[1784655355.591] [7890:7892] [DMG] 		InvokeResponseIB =[0m
[0;34m[1784655355.591] [7890:7892] [DMG] 		{[0m
[0;34m[1784655355.591] [7890:7892] [DMG] 			CommandDataIB =[0m
[0;34m[1784655355.591] [7890:7892] [DMG] 			{[0m
[0;34m[1784655355.591] [7890:7892] [DMG] 				CommandPathIB =[0m
[0;34m[1784655355.591] [7890:7892] [DMG] 				{[0m
[0;34m[1784655355.591] [7890:7892] [DMG] 					EndpointId = 0x0,[0m
[0;34m[1784655355.591] [7890:7892] [DMG] 					ClusterId = 0x3e,[0m
[0;34m[1784655355.591] [7890:7892] [DMG] 					CommandId = 0x8,[0m
[0;34m[1784655355.591] [7890:7892] [DMG] 				},[0m
[0;34m[1784655355.591] [7890:7892] [DMG] 				[0m
[0;34m[1784655355.591] [7890:7892] [DMG] 				CommandFields = [0m
[0;34m[1784655355.591] [7890:7892] [DMG] 				{[0m
[0;34m[1784655355.591] [7890:7892] [DMG] 					0x0 = 0 (unsigned), [0m
[0;34m[1784655355.591] [7890:7892] [DMG] 					0x1 = 1 (unsigned), [0m
[0;34m[1784655355.591] [7890:7892] [DMG] 				},[0m
[0;34m[1784655355.591] [7890:7892] [DMG] 			},[0m
[0;34m[1784655355.591] [7890:7892] [DMG] 			[0m
[0;34m[1784655355.591] [7890:7892] [DMG] 		},[0m
[0;34m[1784655355.591] [7890:7892] [DMG] 		[0m
[0;34m[1784655355.591] [7890:7892] [DMG] 	],[0m
[0;34m[1784655355.591] [7890:7892] [DMG] 	[0m
[0;34m[1784655355.591] [7890:7892] [DMG] 	InteractionModelRevision = 12[0m
[0;34m[1784655355.591] [7890:7892] [DMG] },[0m
[0;32m[1784655355.591] [7890:7892] [DMG] Received Command Response Data, Endpoint=0 Cluster=0x0000_003E Command=0x0000_0008[0m
[0;32m[1784655355.591] [7890:7892] [TOO] Endpoint: 0 Cluster: 0x0000_003E Command 0x0000_0008[0m
[0;32m[1784655355.591] [7890:7892] [TOO]   NOCResponse: {[0m
[0;32m[1784655355.591] [7890:7892] [TOO]     statusCode: 0[0m
[0;32m[1784655355.591] [7890:7892] [TOO]     fabricIndex: 1[0m
[0;32m[1784655355.591] [7890:7892] [TOO]    }[0m
[0;34m[1784655355.591] [7890:7892] [DMG] ICR moving to [AwaitingDe][0m
[0;32m[1784655355.591] [7890:7892] [EM] <<< [E:6905i S:41924 M:77589124 (Ack:165896928)] (S) Msg TX from 000000000001B669 to 1:0000000000000001 [9053] [UDP:[fe80::bfe:a203:38f0:bce7%enp0s3]:5540] --- Type 0000:10 (SecureChannel:StandaloneAck) (B:34)[0m
[0;34m[1784655355.591] [7890:7892] [EM] Flushed pending ack for MessageCounter:165896928 on exchange 6905i[0m
[0;34m[1784655355.591] [7890:7890] [CTL] Shutting down the commissioner[0m
[0;32m[1784655355.591] [7890:7890] [PAF] WiFiPAF: Closing all WiFiPAF sessions to shutdown[0m
[0;34m[1784655355.591] [7890:7890] [CTL] Shutting down the controller[0m
[0;34m[1784655355.591] [7890:7890] [IN] Expiring all sessions for fabric 0x1!![0m
[0;34m[1784655355.591] [7890:7890] [IN] SecureSession[0x7d1c90009cd0]: MarkForEviction Type:2 LSID:41924[0m
[0;32m[1784655355.591] [7890:7890] [SC] SecureSession[0x7d1c90009cd0, LSID:41924]: State change 'kActive' --> 'kPendingEviction'[0m
[0;34m[1784655355.591] [7890:7890] [IN] SecureSession[0x7d1c90009cd0]: Released - Type:2 LSID:41924[0m
[0;32m[1784655355.591] [7890:7890] [FP] Forgetting fabric 0x1[0m
[0;32m[1784655355.591] [7890:7890] [TS] Pending Last Known Good Time: 2023-10-14T01:16:48[0m
[0;32m[1784655355.591] [7890:7890] [TS] Previous Last Known Good Time: 2023-10-14T01:16:48[0m
[0;32m[1784655355.591] [7890:7890] [TS] Reverted Last Known Good Time to previous value[0m
[0;34m[1784655355.591] [7890:7890] [CTL] Shutting down the commissioner[0m
[0;32m[1784655355.591] [7890:7890] [PAF] WiFiPAF: Closing all WiFiPAF sessions to shutdown[0m
[0;34m[1784655355.591] [7890:7890] [CTL] Shutting down the controller[0m
[0;34m[1784655355.591] [7890:7890] [CTL] Shutting down the System State, this will teardown the CHIP Stack[0m
[0;34m[1784655355.591] [7890:7890] [DMG] All ReadHandler-s are clean, clear GlobalDirtySet[0m
[0;32m[1784655355.591] [7890:7890] [FP] Shutting down FabricTable[0m
[0;32m[1784655355.591] [7890:7890] [TS] Pending Last Known Good Time: 2023-10-14T01:16:48[0m
[0;32m[1784655355.591] [7890:7890] [TS] Previous Last Known Good Time: 2023-10-14T01:16:48[0m
[0;32m[1784655355.591] [7890:7890] [TS] Reverted Last Known Good Time to previous value[0m
[0;34m[1784655355.593] [7890:7890] [DL] Wrote settings to /tmp/chip_counters.ini[0m
[0;32m[1784655355.593] [7890:7890] [DL] NVS set: chip-counters/total-operational-hours = 0 (0x0)[0m
[0;32m[1784655355.593] [7890:7890] [DL] Inet Layer shutdown[0m
[0;32m[1784655355.593] [7890:7890] [DL] BLE Layer shutdown[0m
[0;32m[1784655355.593] [7890:7890] [DL] WiFi-PAF Layer shutdown[0m
[0;32m[1784655355.593] [7890:7890] [PAF] WiFiPAF: Closing all WiFiPAF sessions to shutdown[0m
[0;32m[1784655355.593] [7890:7890] [DL] System Layer shutdown[0m
