[0;34m[1784833812.713] [11737:11737] [DL] ChipLinuxStorage::Init: Using KVS config file: /tmp/chip_tool_kvs[0m
[1;31m[1784833812.714] [11737:11737] [DL] ChipLinuxStorage::Init: Attempt to re-initialize with KVS config file: /tmp/chip_kvs, IGNORING.[0m
[0;34m[1784833812.715] [11737:11737] [DL] ChipLinuxStorage::Init: Using KVS config file: /tmp/chip_factory.ini[0m
[0;34m[1784833812.715] [11737:11737] [DL] ChipLinuxStorage::Init: Using KVS config file: /tmp/chip_config.ini[0m
[0;34m[1784833812.715] [11737:11737] [DL] ChipLinuxStorage::Init: Using KVS config file: /tmp/chip_counters.ini[0m
[0;34m[1784833812.719] [11737:11737] [DL] Wrote settings to /tmp/chip_counters.ini[0m
[0;32m[1784833812.719] [11737:11737] [DL] NVS set: chip-counters/reboot-count = 3 (0x3)[0m
[0;32m[1784833812.719] [11737:11737] [DL] Got Ethernet interface: enp0s3[0m
[0;32m[1784833812.719] [11737:11737] [DL] Found the primary Ethernet interface:enp0s3[0m
[1;31m[1784833812.719] [11737:11737] [DL] Failed to get WiFi interface[0m
[1;31m[1784833812.719] [11737:11737] [DL] Failed to reset WiFi statistic counts[0m
[0;32m[1784833812.719] [11737:11737] [PAF] WiFiPAF: WiFiPAFLayer::Init()[0m
[0;34m[1784833812.719] [11737:11737] [IN] UDP::Init bind&listen port=0[0m
[0;34m[1784833812.719] [11737:11737] [IN] UDP::Init bound to port=32933[0m
[0;34m[1784833812.719] [11737:11737] [IN] UDP::Init bind&listen port=0[0m
[0;34m[1784833812.719] [11737:11737] [IN] UDP::Init bound to port=45011[0m
[0;34m[1784833812.719] [11737:11737] [IN] BLEBase::Init - setting/overriding transport[0m
[0;34m[1784833812.719] [11737:11737] [IN] WiFiPAFBase::Init - setting/overriding transport[0m
[0;34m[1784833812.719] [11737:11737] [IN] TransportMgr initialized[0m
[0;34m[1784833812.719] [11737:11737] [FP] Initializing FabricTable from persistent storage[0m
[0;32m[1784833812.719] [11737:11737] [TS] Last Known Good Time: 2023-10-14T01:16:48[0m
[0;32m[1784833812.720] [11737:11737] [FP] Fabric index 0x1 was retrieved from storage. Compressed FabricId 0x2D4D1D105C2AB966, FabricId 0x0000000000000001, NodeId 0x000000000001B669, VendorId 0xFFF1[0m
[0;32m[1784833812.721] [11737:11737] [DMG] Ember attribute persistence requires setting up[0m
[0;32m[1784833812.721] [11737:11737] [ZCL] Using ZAP configuration...[0m
[0;34m[1784833812.721] [11737:11737] [CTL] System State Initialized...[0m
[0;32m[1784833812.721] [11737:11737] [CTL] Setting attestation nonce to random value[0m
[0;32m[1784833812.721] [11737:11737] [CTL] Setting CSR nonce to random value[0m
[0;34m[1784833812.721] [11737:11739] [DL] CHIP task running[0m
[0;32m[1784833812.721] [11737:11739] [CTL] Setting attestation nonce to random value[0m
[0;32m[1784833812.721] [11737:11739] [CTL] Setting CSR nonce to random value[0m
[0;32m[1784833812.721] [11737:11739] [CTL] Generating NOC[0m
[0;32m[1784833812.721] [11737:11739] [FP] Validating NOC chain[0m
[0;32m[1784833812.722] [11737:11739] [FP] NOC chain validation successful[0m
[0;32m[1784833812.722] [11737:11739] [FP] Updated fabric at index: 0x1, Node ID: 0x000000000001B669[0m
[0;32m[1784833812.722] [11737:11739] [TS] Last Known Good Time: 2023-10-14T01:16:48[0m
[0;32m[1784833812.722] [11737:11739] [TS] New proposed Last Known Good Time: 2021-01-01T00:00:00[0m
[0;32m[1784833812.722] [11737:11739] [TS] Retaining current Last Known Good Time[0m
[0;32m[1784833812.723] [11737:11739] [FP] Metadata for Fabric 0x1 persisted to storage.[0m
[0;32m[1784833812.723] [11737:11739] [TS] Committing Last Known Good Time to storage: 2023-10-14T01:16:48[0m
[0;32m[1784833812.724] [11737:11739] [CTL] Joined the fabric at index 1. Fabric ID is 0x0000000000000001 (Compressed Fabric ID: 2D4D1D105C2AB966)[0m
[0;32m[1784833812.727] [11737:11739] [TOO] Sending command to node 0x1[0m
[0;34m[1784833812.727] [11737:11739] [CSM] FindOrEstablishSession: PeerId = [1:0000000000000001][0m
[0;34m[1784833812.727] [11737:11739] [CSM] FindOrEstablishSession: No existing OperationalSessionSetup instance found[0m
[0;34m[1784833812.727] [11737:11739] [DIS] OperationalSessionSetup[1:0000000000000001]: State change 1 --> 2[0m
[0;32m[1784833812.728] [11737:11739] [DIS] Lookup started for 2D4D1D105C2AB966-0000000000000001[0m
[0;32m[1784833812.728] [11737:11739] [DIS] UDP:[fe80::bfe:a203:38f0:bce7%enp0s3]:5540: new best score: 7 (for 2D4D1D105C2AB966-0000000000000001)[0m
[0;34m[1784833812.728] [11737:11739] [DIS] Lookup clearing interface for non LL address[0m
[0;32m[1784833812.728] [11737:11739] [DIS] UDP:10.0.2.15%enp0s3:5540: new best score: 2 (for 2D4D1D105C2AB966-0000000000000001)[0m
[0;32m[1784833812.728] [11737:11739] [DIS] Checking node lookup status for 2D4D1D105C2AB966-0000000000000001 after 1 ms[0m
[0;32m[1784833812.728] [11737:11739] [DIS] Keeping DNSSD lookup active[0m
[0;32m[1784833812.729] [11737:11739] [DIS] UDP:[fe80::bfe:a203:38f0:bce7%enp0s3]:5540: score has not improved: 7 (for 2D4D1D105C2AB966-0000000000000001)[0m
[0;34m[1784833812.729] [11737:11739] [DIS] Lookup clearing interface for non LL address[0m
[0;32m[1784833812.729] [11737:11739] [DIS] UDP:10.0.2.15%enp0s3:5540: score has not improved: 2 (for 2D4D1D105C2AB966-0000000000000001)[0m
[0;32m[1784833812.729] [11737:11739] [DIS] Checking node lookup status for 2D4D1D105C2AB966-0000000000000001 after 1 ms[0m
[0;32m[1784833812.729] [11737:11739] [DIS] Keeping DNSSD lookup active[0m
[0;32m[1784833812.931] [11737:11739] [DIS] Checking node lookup status for 2D4D1D105C2AB966-0000000000000001 after 203 ms[0m
[0;34m[1784833812.931] [11737:11739] [DIS] OperationalSessionSetup[1:0000000000000001]: Updating device address to UDP:[fe80::bfe:a203:38f0:bce7%enp0s3]:5540 while in state 2[0m
[0;34m[1784833812.931] [11737:11739] [DIS] OperationalSessionSetup[1:0000000000000001]: State change 2 --> 3[0m
[0;34m[1784833812.931] [11737:11739] [IN] SecureSession[0x7957b4009cd0]: Allocated Type:2 LSID:51601[0m
[0;32m[1784833812.931] [11737:11739] [SC] Initiating session on local FabricIndex 1 from 0x000000000001B669 -> 0x0000000000000001[0m
[0;32m[1784833812.931] [11737:11739] [EM] <<< [E:53998i S:0 M:22787790] (U) Msg TX from BC4B0488D5FAEAF5 to 0:0000000000000000 [0000] [UDP:[fe80::bfe:a203:38f0:bce7%enp0s3]:5540] --- Type 0000:30 (SecureChannel:CASE_Sigma1) (B:196)[0m
[0;32m[1784833812.932] [11737:11739] [EM] ??1 [E:53998i S:0 M:22787790] (U) Msg Retransmission to 0:0000000000000000 scheduled for 655ms from now [State:Idle II:500 AI:300 AT:4000][0m
[0;32m[1784833812.932] [11737:11739] [SC] Sent Sigma1 msg to <0000000000000001, 1> [II:500ms AI:300ms AT:4000ms][0m
[0;34m[1784833812.932] [11737:11739] [DIS] OperationalSessionSetup[1:0000000000000001]: State change 3 --> 4[0m
[0;32m[1784833812.934] [11737:11739] [EM] >>> [E:53998i S:0 M:550544 (Ack:22787790)] (U) Msg RX from 0:0000000000000000 [0000] to BC4B0488D5FAEAF5 --- Type 0000:31 (SecureChannel:CASE_Sigma2) (B:751)[0m
[0;34m[1784833812.934] [11737:11739] [EM] Found matching exchange: 53998i, Delegate: 0x7957b400b8e8[0m
[0;34m[1784833812.934] [11737:11739] [EM] Rxd Ack; Removing MessageCounter:22787790 from Retrans Table on exchange 53998i[0m
[0;32m[1784833812.934] [11737:11739] [SC] Received Sigma2 msg[0m
[0;34m[1784833812.934] [11737:11739] [SC] Found MRP parameters in the message[0m
[0;34m[1784833812.935] [11737:11739] [SC] Peer <0000000000000001, 1> assigned session ID 24137[0m
[0;34m[1784833812.935] [11737:11739] [SC] Sending Sigma3[0m
[0;32m[1784833812.935] [11737:11739] [EM] <<< [E:53998i S:0 M:22787791 (Ack:550544)] (U) Msg TX from BC4B0488D5FAEAF5 to 0:0000000000000000 [0000] [UDP:[fe80::bfe:a203:38f0:bce7%enp0s3]:5540] --- Type 0000:32 (SecureChannel:CASE_Sigma3) (B:598)[0m
[0;32m[1784833812.935] [11737:11739] [EM] ??1 [E:53998i S:0 M:22787791] (U) Msg Retransmission to 0:0000000000000000 scheduled for 348ms from now [State:Active II:500 AI:300 AT:4000][0m
[0;32m[1784833812.935] [11737:11739] [SC] Sent Sigma3 msg[0m
[0;32m[1784833812.943] [11737:11739] [EM] >>> [E:53998i S:0 M:550545 (Ack:22787791)] (U) Msg RX from 0:0000000000000000 [0000] to BC4B0488D5FAEAF5 --- Type 0000:40 (SecureChannel:StatusReport) (B:34)[0m
[0;34m[1784833812.943] [11737:11739] [EM] Found matching exchange: 53998i, Delegate: 0x7957b400b8e8[0m
[0;34m[1784833812.943] [11737:11739] [EM] Rxd Ack; Removing MessageCounter:22787791 from Retrans Table on exchange 53998i[0m
[0;32m[1784833812.943] [11737:11739] [SC] Success status report received. Session was established[0m
[0;32m[1784833812.945] [11737:11739] [SC] SecureSession[0x7957b4009cd0, LSID:51601]: State change 'kEstablishing' --> 'kActive'[0m
[0;34m[1784833812.945] [11737:11739] [IN] SecureSession[0x7957b4009cd0]: Activated - Type:2 LSID:51601[0m
[0;34m[1784833812.945] [11737:11739] [IN] New secure session activated for device <0000000000000001, 1>, LSID:51601 PSID:24137![0m
[0;34m[1784833812.945] [11737:11739] [DIS] OperationalSessionSetup[1:0000000000000001]: State change 4 --> 5[0m
[0;32m[1784833812.945] [11737:11739] [TOO] Sending cluster (0x00000038) command (0x00000000) on endpoint 0[0m
[0;34m[1784833812.945] [11737:11739] [DMG] ICR moving to [AddingComm][0m
[0;34m[1784833812.945] [11737:11739] [DMG] ICR moving to [AddedComma][0m
[0;32m[1784833812.945] [11737:11739] [EM] <<< [E:53999i S:51601 M:198631452] (S) Msg TX from 000000000001B669 to 1:0000000000000001 [B966] [UDP:[fe80::bfe:a203:38f0:bce7%enp0s3]:5540] --- Type 0001:08 (IM:InvokeCommandRequest) (B:72)[0m
[0;32m[1784833812.945] [11737:11739] [EM] ??1 [E:53999i S:51601 M:198631452] (S) Msg Retransmission to 1:0000000000000001 scheduled for 354ms from now [State:Active II:500 AI:300 AT:4000][0m
[0;34m[1784833812.945] [11737:11739] [DMG] ICR moving to [AwaitingRe][0m
[0;32m[1784833812.945] [11737:11739] [EM] <<< [E:53998i S:0 M:22787792 (Ack:550545)] (U) Msg TX from BC4B0488D5FAEAF5 to 0:0000000000000000 [0000] [UDP:[fe80::bfe:a203:38f0:bce7%enp0s3]:5540] --- Type 0000:10 (SecureChannel:StandaloneAck) (B:26)[0m
[0;34m[1784833812.945] [11737:11739] [EM] Flushed pending ack for MessageCounter:550545 on exchange 53998i[0m
[0;34m[2524608000.001] [11737:11737] [CTL] Shutting down the commissioner[0m
[0;32m[2524608000.001] [11737:11737] [PAF] WiFiPAF: Closing all WiFiPAF sessions to shutdown[0m
[0;34m[2524608000.001] [11737:11737] [CTL] Shutting down the controller[0m
[0;34m[2524608000.001] [11737:11737] [IN] Expiring all sessions for fabric 0x1!![0m
[0;34m[2524608000.001] [11737:11737] [IN] SecureSession[0x7957b4009cd0]: MarkForEviction Type:2 LSID:51601[0m
[0;32m[2524608000.001] [11737:11737] [SC] SecureSession[0x7957b4009cd0, LSID:51601]: State change 'kActive' --> 'kPendingEviction'[0m
[0;32m[2524608000.001] [11737:11737] [DMG] Time out! failed to receive invoke command response from Exchange: 53999i[0m
[0;32m[2524608000.001] [11737:11737] [TOO] Error: src/app/CommandSender.cpp:354: CHIP Error 0x00000032: Timeout[0m
[0;34m[2524608000.001] [11737:11737] [DMG] ICR moving to [AwaitingDe][0m
[0;34m[2524608000.001] [11737:11737] [IN] SecureSession[0x7957b4009cd0]: Released - Type:2 LSID:51601[0m
[0;32m[2524608000.001] [11737:11737] [FP] Forgetting fabric 0x1[0m
[0;32m[2524608000.001] [11737:11737] [TS] Pending Last Known Good Time: 2023-10-14T01:16:48[0m
[0;32m[2524608000.001] [11737:11737] [TS] Previous Last Known Good Time: 2023-10-14T01:16:48[0m
[0;32m[2524608000.001] [11737:11737] [TS] Reverted Last Known Good Time to previous value[0m
[0;34m[2524608000.001] [11737:11737] [CTL] Shutting down the commissioner[0m
[0;32m[2524608000.001] [11737:11737] [PAF] WiFiPAF: Closing all WiFiPAF sessions to shutdown[0m
[0;34m[2524608000.001] [11737:11737] [CTL] Shutting down the controller[0m
[0;34m[2524608000.001] [11737:11737] [CTL] Shutting down the System State, this will teardown the CHIP Stack[0m
[0;34m[2524608000.001] [11737:11737] [DMG] All ReadHandler-s are clean, clear GlobalDirtySet[0m
[0;32m[2524608000.001] [11737:11737] [FP] Shutting down FabricTable[0m
[0;32m[2524608000.001] [11737:11737] [TS] Pending Last Known Good Time: 2023-10-14T01:16:48[0m
[0;32m[2524608000.001] [11737:11737] [TS] Previous Last Known Good Time: 2023-10-14T01:16:48[0m
[0;32m[2524608000.001] [11737:11737] [TS] Reverted Last Known Good Time to previous value[0m
[0;34m[2524608000.013] [11737:11737] [DL] Wrote settings to /tmp/chip_counters.ini[0m
[0;32m[2524608000.013] [11737:11737] [DL] NVS set: chip-counters/total-operational-hours = 0 (0x0)[0m
[0;32m[2524608000.013] [11737:11737] [DL] Inet Layer shutdown[0m
[0;32m[2524608000.013] [11737:11737] [DL] BLE Layer shutdown[0m
[0;32m[2524608000.013] [11737:11737] [DL] WiFi-PAF Layer shutdown[0m
[0;32m[2524608000.013] [11737:11737] [PAF] WiFiPAF: Closing all WiFiPAF sessions to shutdown[0m
[0;32m[2524608000.013] [11737:11737] [DL] System Layer shutdown[0m
[1;31m[2524608000.016] [11737:11737] [TOO] Run command failure: examples/chip-tool/commands/common/CHIPCommand.cpp:650: CHIP Error 0x00000032: Timeout[0m
