[0;34m[1784653993.022] [3110:3110] [DL] ChipLinuxStorage::Init: Using KVS config file: /tmp/chip_tool_kvs[0m
[1;31m[1784653993.023] [3110:3110] [DL] ChipLinuxStorage::Init: Attempt to re-initialize with KVS config file: /tmp/chip_kvs, IGNORING.[0m
[0;34m[1784653993.024] [3110:3110] [DL] ChipLinuxStorage::Init: Using KVS config file: /tmp/chip_factory.ini[0m
[0;34m[1784653993.024] [3110:3110] [DL] ChipLinuxStorage::Init: Using KVS config file: /tmp/chip_config.ini[0m
[0;34m[1784653993.024] [3110:3110] [DL] ChipLinuxStorage::Init: Using KVS config file: /tmp/chip_counters.ini[0m
[0;34m[1784653993.027] [3110:3110] [DL] Wrote settings to /tmp/chip_counters.ini[0m
[0;32m[1784653993.027] [3110:3110] [DL] NVS set: chip-counters/reboot-count = 3 (0x3)[0m
[0;32m[1784653993.027] [3110:3110] [DL] Got Ethernet interface: enp0s3[0m
[0;32m[1784653993.027] [3110:3110] [DL] Found the primary Ethernet interface:enp0s3[0m
[1;31m[1784653993.028] [3110:3110] [DL] Failed to get WiFi interface[0m
[1;31m[1784653993.028] [3110:3110] [DL] Failed to reset WiFi statistic counts[0m
[0;32m[1784653993.028] [3110:3110] [PAF] WiFiPAF: WiFiPAFLayer::Init()[0m
[0;34m[1784653993.028] [3110:3110] [IN] UDP::Init bind&listen port=0[0m
[0;34m[1784653993.028] [3110:3110] [IN] UDP::Init bound to port=60154[0m
[0;34m[1784653993.028] [3110:3110] [IN] UDP::Init bind&listen port=0[0m
[0;34m[1784653993.028] [3110:3110] [IN] UDP::Init bound to port=51319[0m
[0;34m[1784653993.028] [3110:3110] [IN] BLEBase::Init - setting/overriding transport[0m
[0;34m[1784653993.028] [3110:3110] [IN] WiFiPAFBase::Init - setting/overriding transport[0m
[0;34m[1784653993.028] [3110:3110] [IN] TransportMgr initialized[0m
[0;34m[1784653993.028] [3110:3110] [FP] Initializing FabricTable from persistent storage[0m
[0;32m[1784653993.028] [3110:3110] [TS] Last Known Good Time: 2023-10-14T01:16:48[0m
[0;32m[1784653993.028] [3110:3110] [FP] Fabric index 0x1 was retrieved from storage. Compressed FabricId 0xBAE5E7BE72B68CBC, FabricId 0x0000000000000001, NodeId 0x000000000001B669, VendorId 0xFFF1[0m
[0;32m[1784653993.028] [3110:3110] [DMG] Ember attribute persistence requires setting up[0m
[0;32m[1784653993.028] [3110:3110] [ZCL] Using ZAP configuration...[0m
[0;34m[1784653993.029] [3110:3110] [CTL] System State Initialized...[0m
[0;32m[1784653993.029] [3110:3110] [CTL] Setting attestation nonce to random value[0m
[0;32m[1784653993.029] [3110:3110] [CTL] Setting CSR nonce to random value[0m
[0;34m[1784653993.029] [3110:3112] [DL] CHIP task running[0m
[0;32m[1784653993.029] [3110:3112] [CTL] Setting attestation nonce to random value[0m
[0;32m[1784653993.029] [3110:3112] [CTL] Setting CSR nonce to random value[0m
[0;32m[1784653993.029] [3110:3112] [CTL] Generating NOC[0m
[0;32m[1784653993.029] [3110:3112] [FP] Validating NOC chain[0m
[0;32m[1784653993.030] [3110:3112] [FP] NOC chain validation successful[0m
[0;32m[1784653993.030] [3110:3112] [FP] Updated fabric at index: 0x1, Node ID: 0x000000000001B669[0m
[0;32m[1784653993.030] [3110:3112] [TS] Last Known Good Time: 2023-10-14T01:16:48[0m
[0;32m[1784653993.030] [3110:3112] [TS] New proposed Last Known Good Time: 2021-01-01T00:00:00[0m
[0;32m[1784653993.030] [3110:3112] [TS] Retaining current Last Known Good Time[0m
[0;32m[1784653993.032] [3110:3112] [FP] Metadata for Fabric 0x1 persisted to storage.[0m
[0;32m[1784653993.033] [3110:3112] [TS] Committing Last Known Good Time to storage: 2023-10-14T01:16:48[0m
[0;32m[1784653993.034] [3110:3112] [CTL] Joined the fabric at index 1. Fabric ID is 0x0000000000000001 (Compressed Fabric ID: BAE5E7BE72B68CBC)[0m
[0;32m[1784653993.039] [3110:3112] [TOO] Sending command to node 0x1[0m
[0;34m[1784653993.039] [3110:3112] [CSM] FindOrEstablishSession: PeerId = [1:0000000000000001][0m
[0;34m[1784653993.039] [3110:3112] [CSM] FindOrEstablishSession: No existing OperationalSessionSetup instance found[0m
[0;34m[1784653993.039] [3110:3112] [DIS] OperationalSessionSetup[1:0000000000000001]: State change 1 --> 2[0m
[0;32m[1784653993.039] [3110:3112] [DIS] Lookup started for BAE5E7BE72B68CBC-0000000000000001[0m
[0;32m[1784653993.040] [3110:3112] [DIS] UDP:[fe80::bfe:a203:38f0:bce7%enp0s3]:5540: new best score: 7 (for BAE5E7BE72B68CBC-0000000000000001)[0m
[0;34m[1784653993.040] [3110:3112] [DIS] Lookup clearing interface for non LL address[0m
[0;32m[1784653993.040] [3110:3112] [DIS] UDP:10.0.2.15%enp0s3:5540: new best score: 2 (for BAE5E7BE72B68CBC-0000000000000001)[0m
[0;32m[1784653993.040] [3110:3112] [DIS] Checking node lookup status for BAE5E7BE72B68CBC-0000000000000001 after 1 ms[0m
[0;32m[1784653993.040] [3110:3112] [DIS] Keeping DNSSD lookup active[0m
[0;32m[1784653993.040] [3110:3112] [DIS] UDP:[fe80::bfe:a203:38f0:bce7%enp0s3]:5540: score has not improved: 7 (for BAE5E7BE72B68CBC-0000000000000001)[0m
[0;34m[1784653993.040] [3110:3112] [DIS] Lookup clearing interface for non LL address[0m
[0;32m[1784653993.040] [3110:3112] [DIS] UDP:10.0.2.15%enp0s3:5540: score has not improved: 2 (for BAE5E7BE72B68CBC-0000000000000001)[0m
[0;32m[1784653993.040] [3110:3112] [DIS] Checking node lookup status for BAE5E7BE72B68CBC-0000000000000001 after 1 ms[0m
[0;32m[1784653993.040] [3110:3112] [DIS] Keeping DNSSD lookup active[0m
[0;32m[1784653993.242] [3110:3112] [DIS] Checking node lookup status for BAE5E7BE72B68CBC-0000000000000001 after 203 ms[0m
[0;34m[1784653993.242] [3110:3112] [DIS] OperationalSessionSetup[1:0000000000000001]: Updating device address to UDP:[fe80::bfe:a203:38f0:bce7%enp0s3]:5540 while in state 2[0m
[0;34m[1784653993.242] [3110:3112] [DIS] OperationalSessionSetup[1:0000000000000001]: State change 2 --> 3[0m
[0;34m[1784653993.242] [3110:3112] [IN] SecureSession[0x776cd0009cd0]: Allocated Type:2 LSID:60038[0m
[0;32m[1784653993.242] [3110:3112] [SC] Initiating session on local FabricIndex 1 from 0x000000000001B669 -> 0x0000000000000001[0m
[0;32m[1784653993.242] [3110:3112] [EM] <<< [E:7567i S:0 M:259011908] (U) Msg TX from 6E87209D33C72954 to 0:0000000000000000 [0000] [UDP:[fe80::bfe:a203:38f0:bce7%enp0s3]:5540] --- Type 0000:30 (SecureChannel:CASE_Sigma1) (B:196)[0m
[0;32m[1784653993.242] [3110:3112] [EM] ??1 [E:7567i S:0 M:259011908] (U) Msg Retransmission to 0:0000000000000000 scheduled for 626ms from now [State:Idle II:500 AI:300 AT:4000][0m
[0;32m[1784653993.242] [3110:3112] [SC] Sent Sigma1 msg to <0000000000000001, 1> [II:500ms AI:300ms AT:4000ms][0m
[0;34m[1784653993.242] [3110:3112] [DIS] OperationalSessionSetup[1:0000000000000001]: State change 3 --> 4[0m
[0;32m[1784653993.244] [3110:3112] [EM] >>> [E:7567i S:0 M:57406635 (Ack:259011908)] (U) Msg RX from 0:0000000000000000 [0000] to 6E87209D33C72954 --- Type 0000:31 (SecureChannel:CASE_Sigma2) (B:751)[0m
[0;34m[1784653993.244] [3110:3112] [EM] Found matching exchange: 7567i, Delegate: 0x776cd000b8e8[0m
[0;34m[1784653993.244] [3110:3112] [EM] Rxd Ack; Removing MessageCounter:259011908 from Retrans Table on exchange 7567i[0m
[0;32m[1784653993.244] [3110:3112] [SC] Received Sigma2 msg[0m
[0;34m[1784653993.244] [3110:3112] [SC] Found MRP parameters in the message[0m
[0;34m[1784653993.245] [3110:3112] [SC] Peer <0000000000000001, 1> assigned session ID 45115[0m
[0;34m[1784653993.245] [3110:3112] [SC] Sending Sigma3[0m
[0;32m[1784653993.245] [3110:3112] [EM] <<< [E:7567i S:0 M:259011909 (Ack:57406635)] (U) Msg TX from 6E87209D33C72954 to 0:0000000000000000 [0000] [UDP:[fe80::bfe:a203:38f0:bce7%enp0s3]:5540] --- Type 0000:32 (SecureChannel:CASE_Sigma3) (B:598)[0m
[0;32m[1784653993.245] [3110:3112] [EM] ??1 [E:7567i S:0 M:259011909] (U) Msg Retransmission to 0:0000000000000000 scheduled for 395ms from now [State:Active II:500 AI:300 AT:4000][0m
[0;32m[1784653993.245] [3110:3112] [SC] Sent Sigma3 msg[0m
[0;32m[1784653993.256] [3110:3112] [EM] >>> [E:7567i S:0 M:57406636 (Ack:259011909)] (U) Msg RX from 0:0000000000000000 [0000] to 6E87209D33C72954 --- Type 0000:40 (SecureChannel:StatusReport) (B:34)[0m
[0;34m[1784653993.256] [3110:3112] [EM] Found matching exchange: 7567i, Delegate: 0x776cd000b8e8[0m
[0;34m[1784653993.256] [3110:3112] [EM] Rxd Ack; Removing MessageCounter:259011909 from Retrans Table on exchange 7567i[0m
[0;32m[1784653993.256] [3110:3112] [SC] Success status report received. Session was established[0m
[0;32m[1784653993.259] [3110:3112] [SC] SecureSession[0x776cd0009cd0, LSID:60038]: State change 'kEstablishing' --> 'kActive'[0m
[0;34m[1784653993.259] [3110:3112] [IN] SecureSession[0x776cd0009cd0]: Activated - Type:2 LSID:60038[0m
[0;34m[1784653993.259] [3110:3112] [IN] New secure session activated for device <0000000000000001, 1>, LSID:60038 PSID:45115![0m
[0;34m[1784653993.259] [3110:3112] [DIS] OperationalSessionSetup[1:0000000000000001]: State change 4 --> 5[0m
[0;32m[1784653993.259] [3110:3112] [TOO] Sending cluster (0x00000030) command (0x00000000) on endpoint 0[0m
[0;34m[1784653993.259] [3110:3112] [DMG] ICR moving to [AddingComm][0m
[0;34m[1784653993.259] [3110:3112] [DMG] ICR moving to [AddedComma][0m
[0;32m[1784653993.259] [3110:3112] [EM] <<< [E:7568i S:60038 M:35985505] (S) Msg TX from 000000000001B669 to 1:0000000000000001 [8CBC] [UDP:[fe80::bfe:a203:38f0:bce7%enp0s3]:5540] --- Type 0001:08 (IM:InvokeCommandRequest) (B:65)[0m
[0;32m[1784653993.259] [3110:3112] [EM] ??1 [E:7568i S:60038 M:35985505] (S) Msg Retransmission to 1:0000000000000001 scheduled for 367ms from now [State:Active II:500 AI:300 AT:4000][0m
[0;34m[1784653993.259] [3110:3112] [DMG] ICR moving to [AwaitingRe][0m
[0;32m[1784653993.259] [3110:3112] [EM] <<< [E:7567i S:0 M:259011910 (Ack:57406636)] (U) Msg TX from 6E87209D33C72954 to 0:0000000000000000 [0000] [UDP:[fe80::bfe:a203:38f0:bce7%enp0s3]:5540] --- Type 0000:10 (SecureChannel:StandaloneAck) (B:26)[0m
[0;34m[1784653993.259] [3110:3112] [EM] Flushed pending ack for MessageCounter:57406636 on exchange 7567i[0m
[0;32m[1784653993.260] [3110:3112] [EM] >>> [E:7568i S:60038 M:100061924 (Ack:35985505)] (S) Msg RX from 1:0000000000000001 [8CBC] to 000000000001B669 --- Type 0001:09 (IM:InvokeCommandResponse) (B:70)[0m
[0;34m[1784653993.260] [3110:3112] [EM] Found matching exchange: 7568i, Delegate: 0x776cd000eef8[0m
[0;34m[1784653993.260] [3110:3112] [EM] Rxd Ack; Removing MessageCounter:35985505 from Retrans Table on exchange 7568i[0m
[0;34m[1784653993.260] [3110:3112] [DMG] ICR moving to [ResponseRe][0m
[0;34m[1784653993.260] [3110:3112] [DMG] InvokeResponseMessage =[0m
[0;34m[1784653993.260] [3110:3112] [DMG] {[0m
[0;34m[1784653993.260] [3110:3112] [DMG] 	suppressResponse = false, [0m
[0;34m[1784653993.260] [3110:3112] [DMG] 	InvokeResponseIBs =[0m
[0;34m[1784653993.260] [3110:3112] [DMG] 	[[0m
[0;34m[1784653993.260] [3110:3112] [DMG] 		InvokeResponseIB =[0m
[0;34m[1784653993.260] [3110:3112] [DMG] 		{[0m
[0;34m[1784653993.260] [3110:3112] [DMG] 			CommandDataIB =[0m
[0;34m[1784653993.260] [3110:3112] [DMG] 			{[0m
[0;34m[1784653993.260] [3110:3112] [DMG] 				CommandPathIB =[0m
[0;34m[1784653993.260] [3110:3112] [DMG] 				{[0m
[0;34m[1784653993.260] [3110:3112] [DMG] 					EndpointId = 0x0,[0m
[0;34m[1784653993.260] [3110:3112] [DMG] 					ClusterId = 0x30,[0m
[0;34m[1784653993.260] [3110:3112] [DMG] 					CommandId = 0x1,[0m
[0;34m[1784653993.260] [3110:3112] [DMG] 				},[0m
[0;34m[1784653993.260] [3110:3112] [DMG] 				[0m
[0;34m[1784653993.260] [3110:3112] [DMG] 				CommandFields = [0m
[0;34m[1784653993.260] [3110:3112] [DMG] 				{[0m
[0;34m[1784653993.260] [3110:3112] [DMG] 					0x0 = 0 (unsigned), [0m
[0;34m[1784653993.260] [3110:3112] [DMG] 					0x1 = "" (0 chars), [0m
[0;34m[1784653993.260] [3110:3112] [DMG] 				},[0m
[0;34m[1784653993.260] [3110:3112] [DMG] 			},[0m
[0;34m[1784653993.260] [3110:3112] [DMG] 			[0m
[0;34m[1784653993.260] [3110:3112] [DMG] 		},[0m
[0;34m[1784653993.260] [3110:3112] [DMG] 		[0m
[0;34m[1784653993.260] [3110:3112] [DMG] 	],[0m
[0;34m[1784653993.260] [3110:3112] [DMG] 	[0m
[0;34m[1784653993.260] [3110:3112] [DMG] 	InteractionModelRevision = 12[0m
[0;34m[1784653993.260] [3110:3112] [DMG] },[0m
[0;32m[1784653993.260] [3110:3112] [DMG] Received Command Response Data, Endpoint=0 Cluster=0x0000_0030 Command=0x0000_0001[0m
[0;32m[1784653993.260] [3110:3112] [TOO] Endpoint: 0 Cluster: 0x0000_0030 Command 0x0000_0001[0m
[0;32m[1784653993.260] [3110:3112] [TOO]   ArmFailSafeResponse: {[0m
[0;32m[1784653993.260] [3110:3112] [TOO]     errorCode: 0[0m
[0;32m[1784653993.260] [3110:3112] [TOO]     debugText: [0m
[0;32m[1784653993.260] [3110:3112] [TOO]    }[0m
[0;34m[1784653993.260] [3110:3112] [DMG] ICR moving to [AwaitingDe][0m
[0;32m[1784653993.260] [3110:3112] [EM] <<< [E:7568i S:60038 M:35985506 (Ack:100061924)] (S) Msg TX from 000000000001B669 to 1:0000000000000001 [8CBC] [UDP:[fe80::bfe:a203:38f0:bce7%enp0s3]:5540] --- Type 0000:10 (SecureChannel:StandaloneAck) (B:34)[0m
[0;34m[1784653993.260] [3110:3112] [EM] Flushed pending ack for MessageCounter:100061924 on exchange 7568i[0m
[0;34m[1784653993.260] [3110:3110] [CTL] Shutting down the commissioner[0m
[0;32m[1784653993.260] [3110:3110] [PAF] WiFiPAF: Closing all WiFiPAF sessions to shutdown[0m
[0;34m[1784653993.260] [3110:3110] [CTL] Shutting down the controller[0m
[0;34m[1784653993.260] [3110:3110] [IN] Expiring all sessions for fabric 0x1!![0m
[0;34m[1784653993.260] [3110:3110] [IN] SecureSession[0x776cd0009cd0]: MarkForEviction Type:2 LSID:60038[0m
[0;32m[1784653993.260] [3110:3110] [SC] SecureSession[0x776cd0009cd0, LSID:60038]: State change 'kActive' --> 'kPendingEviction'[0m
[0;34m[1784653993.260] [3110:3110] [IN] SecureSession[0x776cd0009cd0]: Released - Type:2 LSID:60038[0m
[0;32m[1784653993.260] [3110:3110] [FP] Forgetting fabric 0x1[0m
[0;32m[1784653993.260] [3110:3110] [TS] Pending Last Known Good Time: 2023-10-14T01:16:48[0m
[0;32m[1784653993.260] [3110:3110] [TS] Previous Last Known Good Time: 2023-10-14T01:16:48[0m
[0;32m[1784653993.260] [3110:3110] [TS] Reverted Last Known Good Time to previous value[0m
[0;34m[1784653993.260] [3110:3110] [CTL] Shutting down the commissioner[0m
[0;32m[1784653993.260] [3110:3110] [PAF] WiFiPAF: Closing all WiFiPAF sessions to shutdown[0m
[0;34m[1784653993.260] [3110:3110] [CTL] Shutting down the controller[0m
[0;34m[1784653993.260] [3110:3110] [CTL] Shutting down the System State, this will teardown the CHIP Stack[0m
[0;34m[1784653993.260] [3110:3110] [DMG] All ReadHandler-s are clean, clear GlobalDirtySet[0m
[0;32m[1784653993.260] [3110:3110] [FP] Shutting down FabricTable[0m
[0;32m[1784653993.260] [3110:3110] [TS] Pending Last Known Good Time: 2023-10-14T01:16:48[0m
[0;32m[1784653993.260] [3110:3110] [TS] Previous Last Known Good Time: 2023-10-14T01:16:48[0m
[0;32m[1784653993.260] [3110:3110] [TS] Reverted Last Known Good Time to previous value[0m
[0;34m[1784653993.263] [3110:3110] [DL] Wrote settings to /tmp/chip_counters.ini[0m
[0;32m[1784653993.263] [3110:3110] [DL] NVS set: chip-counters/total-operational-hours = 0 (0x0)[0m
[0;32m[1784653993.263] [3110:3110] [DL] Inet Layer shutdown[0m
[0;32m[1784653993.263] [3110:3110] [DL] BLE Layer shutdown[0m
[0;32m[1784653993.263] [3110:3110] [DL] WiFi-PAF Layer shutdown[0m
[0;32m[1784653993.263] [3110:3110] [PAF] WiFiPAF: Closing all WiFiPAF sessions to shutdown[0m
[0;32m[1784653993.263] [3110:3110] [DL] System Layer shutdown[0m
