[0;34m[1784653993.313] [3114:3114] [DL] ChipLinuxStorage::Init: Using KVS config file: /tmp/chip_tool_kvs[0m
[1;31m[1784653993.315] [3114:3114] [DL] ChipLinuxStorage::Init: Attempt to re-initialize with KVS config file: /tmp/chip_kvs, IGNORING.[0m
[0;34m[1784653993.316] [3114:3114] [DL] ChipLinuxStorage::Init: Using KVS config file: /tmp/chip_factory.ini[0m
[0;34m[1784653993.316] [3114:3114] [DL] ChipLinuxStorage::Init: Using KVS config file: /tmp/chip_config.ini[0m
[0;34m[1784653993.316] [3114:3114] [DL] ChipLinuxStorage::Init: Using KVS config file: /tmp/chip_counters.ini[0m
[0;34m[1784653993.319] [3114:3114] [DL] Wrote settings to /tmp/chip_counters.ini[0m
[0;32m[1784653993.319] [3114:3114] [DL] NVS set: chip-counters/reboot-count = 4 (0x4)[0m
[0;32m[1784653993.319] [3114:3114] [DL] Got Ethernet interface: enp0s3[0m
[0;32m[1784653993.320] [3114:3114] [DL] Found the primary Ethernet interface:enp0s3[0m
[1;31m[1784653993.320] [3114:3114] [DL] Failed to get WiFi interface[0m
[1;31m[1784653993.320] [3114:3114] [DL] Failed to reset WiFi statistic counts[0m
[0;32m[1784653993.320] [3114:3114] [PAF] WiFiPAF: WiFiPAFLayer::Init()[0m
[0;34m[1784653993.320] [3114:3114] [IN] UDP::Init bind&listen port=0[0m
[0;34m[1784653993.320] [3114:3114] [IN] UDP::Init bound to port=44329[0m
[0;34m[1784653993.320] [3114:3114] [IN] UDP::Init bind&listen port=0[0m
[0;34m[1784653993.320] [3114:3114] [IN] UDP::Init bound to port=50753[0m
[0;34m[1784653993.320] [3114:3114] [IN] BLEBase::Init - setting/overriding transport[0m
[0;34m[1784653993.320] [3114:3114] [IN] WiFiPAFBase::Init - setting/overriding transport[0m
[0;34m[1784653993.320] [3114:3114] [IN] TransportMgr initialized[0m
[0;34m[1784653993.320] [3114:3114] [FP] Initializing FabricTable from persistent storage[0m
[0;32m[1784653993.320] [3114:3114] [TS] Last Known Good Time: 2023-10-14T01:16:48[0m
[0;32m[1784653993.320] [3114:3114] [FP] Fabric index 0x1 was retrieved from storage. Compressed FabricId 0xBAE5E7BE72B68CBC, FabricId 0x0000000000000001, NodeId 0x000000000001B669, VendorId 0xFFF1[0m
[0;32m[1784653993.321] [3114:3114] [DMG] Ember attribute persistence requires setting up[0m
[0;32m[1784653993.321] [3114:3114] [ZCL] Using ZAP configuration...[0m
[0;34m[1784653993.321] [3114:3114] [CTL] System State Initialized...[0m
[0;32m[1784653993.321] [3114:3114] [CTL] Setting attestation nonce to random value[0m
[0;32m[1784653993.321] [3114:3114] [CTL] Setting CSR nonce to random value[0m
[0;34m[1784653993.321] [3114:3116] [DL] CHIP task running[0m
[0;32m[1784653993.321] [3114:3116] [CTL] Setting attestation nonce to random value[0m
[0;32m[1784653993.321] [3114:3116] [CTL] Setting CSR nonce to random value[0m
[0;32m[1784653993.321] [3114:3116] [CTL] Generating NOC[0m
[0;32m[1784653993.322] [3114:3116] [FP] Validating NOC chain[0m
[0;32m[1784653993.322] [3114:3116] [FP] NOC chain validation successful[0m
[0;32m[1784653993.322] [3114:3116] [FP] Updated fabric at index: 0x1, Node ID: 0x000000000001B669[0m
[0;32m[1784653993.322] [3114:3116] [TS] Last Known Good Time: 2023-10-14T01:16:48[0m
[0;32m[1784653993.322] [3114:3116] [TS] New proposed Last Known Good Time: 2021-01-01T00:00:00[0m
[0;32m[1784653993.322] [3114:3116] [TS] Retaining current Last Known Good Time[0m
[0;32m[1784653993.323] [3114:3116] [FP] Metadata for Fabric 0x1 persisted to storage.[0m
[0;32m[1784653993.324] [3114:3116] [TS] Committing Last Known Good Time to storage: 2023-10-14T01:16:48[0m
[0;32m[1784653993.324] [3114:3116] [CTL] Joined the fabric at index 1. Fabric ID is 0x0000000000000001 (Compressed Fabric ID: BAE5E7BE72B68CBC)[0m
[0;32m[1784653993.328] [3114:3116] [TOO] Sending command to node 0x1[0m
[0;34m[1784653993.328] [3114:3116] [CSM] FindOrEstablishSession: PeerId = [1:0000000000000001][0m
[0;34m[1784653993.328] [3114:3116] [CSM] FindOrEstablishSession: No existing OperationalSessionSetup instance found[0m
[0;34m[1784653993.328] [3114:3116] [DIS] OperationalSessionSetup[1:0000000000000001]: State change 1 --> 2[0m
[0;32m[1784653993.328] [3114:3116] [DIS] Lookup started for BAE5E7BE72B68CBC-0000000000000001[0m
[0;32m[1784653993.328] [3114:3116] [DIS] UDP:[fe80::bfe:a203:38f0:bce7%enp0s3]:5540: new best score: 7 (for BAE5E7BE72B68CBC-0000000000000001)[0m
[0;34m[1784653993.328] [3114:3116] [DIS] Lookup clearing interface for non LL address[0m
[0;32m[1784653993.328] [3114:3116] [DIS] UDP:10.0.2.15%enp0s3:5540: new best score: 2 (for BAE5E7BE72B68CBC-0000000000000001)[0m
[0;32m[1784653993.328] [3114:3116] [DIS] Checking node lookup status for BAE5E7BE72B68CBC-0000000000000001 after 1 ms[0m
[0;32m[1784653993.328] [3114:3116] [DIS] Keeping DNSSD lookup active[0m
[0;32m[1784653993.328] [3114:3116] [DIS] UDP:[fe80::bfe:a203:38f0:bce7%enp0s3]:5540: score has not improved: 7 (for BAE5E7BE72B68CBC-0000000000000001)[0m
[0;34m[1784653993.328] [3114:3116] [DIS] Lookup clearing interface for non LL address[0m
[0;32m[1784653993.328] [3114:3116] [DIS] UDP:10.0.2.15%enp0s3:5540: score has not improved: 2 (for BAE5E7BE72B68CBC-0000000000000001)[0m
[0;32m[1784653993.328] [3114:3116] [DIS] Checking node lookup status for BAE5E7BE72B68CBC-0000000000000001 after 1 ms[0m
[0;32m[1784653993.328] [3114:3116] [DIS] Keeping DNSSD lookup active[0m
[0;32m[1784653993.529] [3114:3116] [DIS] Checking node lookup status for BAE5E7BE72B68CBC-0000000000000001 after 202 ms[0m
[0;34m[1784653993.529] [3114:3116] [DIS] OperationalSessionSetup[1:0000000000000001]: Updating device address to UDP:[fe80::bfe:a203:38f0:bce7%enp0s3]:5540 while in state 2[0m
[0;34m[1784653993.529] [3114:3116] [DIS] OperationalSessionSetup[1:0000000000000001]: State change 2 --> 3[0m
[0;34m[1784653993.530] [3114:3116] [IN] SecureSession[0x71a804009cd0]: Allocated Type:2 LSID:36032[0m
[0;32m[1784653993.530] [3114:3116] [SC] Initiating session on local FabricIndex 1 from 0x000000000001B669 -> 0x0000000000000001[0m
[0;32m[1784653993.530] [3114:3116] [EM] <<< [E:42210i S:0 M:178255922] (U) Msg TX from 587915C9EBB92545 to 0:0000000000000000 [0000] [UDP:[fe80::bfe:a203:38f0:bce7%enp0s3]:5540] --- Type 0000:30 (SecureChannel:CASE_Sigma1) (B:196)[0m
[0;32m[1784653993.530] [3114:3116] [EM] ??1 [E:42210i S:0 M:178255922] (U) Msg Retransmission to 0:0000000000000000 scheduled for 595ms from now [State:Idle II:500 AI:300 AT:4000][0m
[0;32m[1784653993.530] [3114:3116] [SC] Sent Sigma1 msg to <0000000000000001, 1> [II:500ms AI:300ms AT:4000ms][0m
[0;34m[1784653993.530] [3114:3116] [DIS] OperationalSessionSetup[1:0000000000000001]: State change 3 --> 4[0m
[0;32m[1784653993.531] [3114:3116] [EM] >>> [E:42210i S:0 M:57406637 (Ack:178255922)] (U) Msg RX from 0:0000000000000000 [0000] to 587915C9EBB92545 --- Type 0000:31 (SecureChannel:CASE_Sigma2) (B:751)[0m
[0;34m[1784653993.531] [3114:3116] [EM] Found matching exchange: 42210i, Delegate: 0x71a80400b8e8[0m
[0;34m[1784653993.531] [3114:3116] [EM] Rxd Ack; Removing MessageCounter:178255922 from Retrans Table on exchange 42210i[0m
[0;32m[1784653993.531] [3114:3116] [SC] Received Sigma2 msg[0m
[0;34m[1784653993.531] [3114:3116] [SC] Found MRP parameters in the message[0m
[0;34m[1784653993.532] [3114:3116] [SC] Peer <0000000000000001, 1> assigned session ID 45116[0m
[0;34m[1784653993.532] [3114:3116] [SC] Sending Sigma3[0m
[0;32m[1784653993.532] [3114:3116] [EM] <<< [E:42210i S:0 M:178255923 (Ack:57406637)] (U) Msg TX from 587915C9EBB92545 to 0:0000000000000000 [0000] [UDP:[fe80::bfe:a203:38f0:bce7%enp0s3]:5540] --- Type 0000:32 (SecureChannel:CASE_Sigma3) (B:598)[0m
[0;32m[1784653993.532] [3114:3116] [EM] ??1 [E:42210i S:0 M:178255923] (U) Msg Retransmission to 0:0000000000000000 scheduled for 333ms from now [State:Active II:500 AI:300 AT:4000][0m
[0;32m[1784653993.532] [3114:3116] [SC] Sent Sigma3 msg[0m
[0;32m[1784653993.539] [3114:3116] [EM] >>> [E:42210i S:0 M:57406638 (Ack:178255923)] (U) Msg RX from 0:0000000000000000 [0000] to 587915C9EBB92545 --- Type 0000:40 (SecureChannel:StatusReport) (B:34)[0m
[0;34m[1784653993.539] [3114:3116] [EM] Found matching exchange: 42210i, Delegate: 0x71a80400b8e8[0m
[0;34m[1784653993.539] [3114:3116] [EM] Rxd Ack; Removing MessageCounter:178255923 from Retrans Table on exchange 42210i[0m
[0;32m[1784653993.539] [3114:3116] [SC] Success status report received. Session was established[0m
[0;32m[1784653993.540] [3114:3116] [SC] SecureSession[0x71a804009cd0, LSID:36032]: State change 'kEstablishing' --> 'kActive'[0m
[0;34m[1784653993.540] [3114:3116] [IN] SecureSession[0x71a804009cd0]: Activated - Type:2 LSID:36032[0m
[0;34m[1784653993.540] [3114:3116] [IN] New secure session activated for device <0000000000000001, 1>, LSID:36032 PSID:45116![0m
[0;34m[1784653993.540] [3114:3116] [DIS] OperationalSessionSetup[1:0000000000000001]: State change 4 --> 5[0m
[0;32m[1784653993.540] [3114:3116] [TOO] Sending cluster (0x0000003E) command (0x00000004) on endpoint 0[0m
[0;34m[1784653993.540] [3114:3116] [DMG] ICR moving to [AddingComm][0m
[0;34m[1784653993.540] [3114:3116] [DMG] ICR moving to [AddedComma][0m
[0;32m[1784653993.540] [3114:3116] [EM] <<< [E:42211i S:36032 M:59801246] (S) Msg TX from 000000000001B669 to 1:0000000000000001 [8CBC] [UDP:[fe80::bfe:a203:38f0:bce7%enp0s3]:5540] --- Type 0001:08 (IM:InvokeCommandRequest) (B:96)[0m
[0;32m[1784653993.540] [3114:3116] [EM] ??1 [E:42211i S:36032 M:59801246] (S) Msg Retransmission to 1:0000000000000001 scheduled for 394ms from now [State:Active II:500 AI:300 AT:4000][0m
[0;34m[1784653993.540] [3114:3116] [DMG] ICR moving to [AwaitingRe][0m
[0;32m[1784653993.540] [3114:3116] [EM] <<< [E:42210i S:0 M:178255924 (Ack:57406638)] (U) Msg TX from 587915C9EBB92545 to 0:0000000000000000 [0000] [UDP:[fe80::bfe:a203:38f0:bce7%enp0s3]:5540] --- Type 0000:10 (SecureChannel:StandaloneAck) (B:26)[0m
[0;34m[1784653993.540] [3114:3116] [EM] Flushed pending ack for MessageCounter:57406638 on exchange 42210i[0m
[0;32m[1784653993.541] [3114:3116] [EM] >>> [E:42211i S:36032 M:152938646 (Ack:59801246)] (S) Msg RX from 1:0000000000000001 [8CBC] to 000000000001B669 --- Type 0001:09 (IM:InvokeCommandResponse) (B:377)[0m
[0;34m[1784653993.541] [3114:3116] [EM] Found matching exchange: 42211i, Delegate: 0x71a80400eef8[0m
[0;34m[1784653993.541] [3114:3116] [EM] Rxd Ack; Removing MessageCounter:59801246 from Retrans Table on exchange 42211i[0m
[0;34m[1784653993.541] [3114:3116] [DMG] ICR moving to [ResponseRe][0m
[0;34m[1784653993.541] [3114:3116] [DMG] InvokeResponseMessage =[0m
[0;34m[1784653993.541] [3114:3116] [DMG] {[0m
[0;34m[1784653993.541] [3114:3116] [DMG] 	suppressResponse = false, [0m
[0;34m[1784653993.541] [3114:3116] [DMG] 	InvokeResponseIBs =[0m
[0;34m[1784653993.541] [3114:3116] [DMG] 	[[0m
[0;34m[1784653993.541] [3114:3116] [DMG] 		InvokeResponseIB =[0m
[0;34m[1784653993.541] [3114:3116] [DMG] 		{[0m
[0;34m[1784653993.541] [3114:3116] [DMG] 			CommandDataIB =[0m
[0;34m[1784653993.541] [3114:3116] [DMG] 			{[0m
[0;34m[1784653993.541] [3114:3116] [DMG] 				CommandPathIB =[0m
[0;34m[1784653993.541] [3114:3116] [DMG] 				{[0m
[0;34m[1784653993.541] [3114:3116] [DMG] 					EndpointId = 0x0,[0m
[0;34m[1784653993.541] [3114:3116] [DMG] 					ClusterId = 0x3e,[0m
[0;34m[1784653993.541] [3114:3116] [DMG] 					CommandId = 0x5,[0m
[0;34m[1784653993.541] [3114:3116] [DMG] 				},[0m
[0;34m[1784653993.541] [3114:3116] [DMG] 				[0m
[0;34m[1784653993.541] [3114:3116] [DMG] 				CommandFields = [0m
[0;34m[1784653993.541] [3114:3116] [DMG] 				{[0m
[0;34m[1784653993.541] [3114:3116] [DMG] 					0x0 = [[0m
[0;34m[1784653993.541] [3114:3116] [DMG] 							0x15, 0x30, 0x01, 0xcb, 0x30, 0x81, 0xc8, 0x30, 0x70, 0x02, 0x01, 0x00, 0x30, 0x0e, 0x31, 0x0c, 0x30, 0x0a, 0x06, 0x03, 0x55, 0x04, 0x0a, 0x0c, 0x03, 0x43, 0x53, 0x52, 0x30, 0x59, 0x30, 0x13, 0x06, 0x07, 0x2a, 0x86, 0x48, 0xce, 0x3d, 0x02, 0x01, 0x06, 0x08, 0x2a, 0x86, 0x48, 0xce, 0x3d, 0x03, 0x01, 0x07, 0x03, 0x42, 0x00, 0x04, 0xae, 0x79, 0x67, 0xea, 0x7d, 0x9f, 0x56, 0x1a, 0x73, 0x79, 0x33, 0x36, 0x51, 0xdb, 0x3b, 0x66, 0x56, 0xb9, 0x14, 0x81, 0xe6, 0x79, 0x81, 0x37, 0x36, 0xfb, 0xfc, 0x70, 0xb2, 0x3f, 0x5b, 0x21, 0x1a, 0xc3, 0x34, 0x2d, 0xc8, 0xa8, 0x07, 0x9b, 0x60, 0x2b, 0x1d, 0x74, 0x44, 0xfe, 0xdc, 0x45, 0x85, 0x4b, 0x8e, 0x03, 0xa5, 0xef, 0x71, 0x41, 0x9b, 0x71, 0x07, 0x92, 0xd6, 0x0a, 0xd4, 0x0f, 0xa0, 0x00, 0x30, 0x0a, 0x06, 0x08, 0x2a, 0x86, 0x48, 0xce, 0x3d, 0x04, 0x03, 0x02, 0x03, 0x48, 0x00, 0x30, 0x45, 0x02, 0x20, 0x2a, 0xba, 0xd9, 0x65, 0x4c, 0x4b, 0xce, 0x9c, 0x6e, 0xaa, 0x99, 0x9a, 0x5a, 0x26, 0x8d, 0xd0, 0x2c, 0x64, 0x55, 0xa6, 0x96, 0x08, 0x81, 0x61, 0xbf, 0xac, 0xf6, 0x0b, 0x25, 0xad, 0x42, 0x4a, 0x02, 0x21, 0x00, 0x8d, 0x0d, 0x70, 0x9a, 0xf4, 0x7c, 0x28, 0xc9, 0x04, 0x22, 0x8d, 0x3a, 0x2b, 0x07, 0x6c, 0xde, 0x3b, 0x09, 0xb4, 0x54, 0x56, 0xf7, 0xac, 0xe8, 0x56, 0xac, 0x13, 0x44, 0xf0, 0xbf, 0x2d, 0x44, 0x30, 0x02, 0x20, 0x28, 0x76, 0x16, 0x1f, 0xc6, 0x9f, 0x09, 0xcb, 0x5d, 0xae, 0x3a, 0x30, 0xdf, 0x57, 0x38, 0x3a, 0xa3, 0xab, 0x01, 0xd6, 0x01, 0x0b, 0x4f, 0xc1, 0xf9, 0xd4, 0x17, 0x78, 0xba, 0x4a, 0x38, 0xc3, 0x18, [0m
[0;34m[1784653993.541] [3114:3116] [DMG] 					] (243 bytes)[0m
[0;34m[1784653993.541] [3114:3116] [DMG] 					0x1 = [[0m
[0;34m[1784653993.541] [3114:3116] [DMG] 							0xce, 0xb4, 0x44, 0x7d, 0x02, 0x0f, 0x40, 0x76, 0xf2, 0x87, 0xea, 0x85, 0xdf, 0xd1, 0x29, 0x9b, 0xa0, 0x36, 0xf2, 0x1f, 0x9a, 0x15, 0x96, 0x13, 0xd6, 0x2d, 0x82, 0x76, 0x54, 0xfa, 0x9c, 0xf6, 0x00, 0x4a, 0x85, 0x54, 0xe9, 0xed, 0xb8, 0xb1, 0x73, 0x75, 0x8b, 0xb7, 0x27, 0x2f, 0x73, 0x7b, 0x1f, 0x0d, 0x38, 0x86, 0xa4, 0x29, 0x56, 0xd3, 0x57, 0x01, 0x2d, 0xa8, 0x39, 0x7f, 0x6f, 0x7c, [0m
[0;34m[1784653993.541] [3114:3116] [DMG] 					] (64 bytes)[0m
[0;34m[1784653993.541] [3114:3116] [DMG] 				},[0m
[0;34m[1784653993.541] [3114:3116] [DMG] 			},[0m
[0;34m[1784653993.541] [3114:3116] [DMG] 			[0m
[0;34m[1784653993.541] [3114:3116] [DMG] 		},[0m
[0;34m[1784653993.541] [3114:3116] [DMG] 		[0m
[0;34m[1784653993.541] [3114:3116] [DMG] 	],[0m
[0;34m[1784653993.541] [3114:3116] [DMG] 	[0m
[0;34m[1784653993.541] [3114:3116] [DMG] 	InteractionModelRevision = 12[0m
[0;34m[1784653993.541] [3114:3116] [DMG] },[0m
[0;32m[1784653993.541] [3114:3116] [DMG] Received Command Response Data, Endpoint=0 Cluster=0x0000_003E Command=0x0000_0005[0m
[0;32m[1784653993.541] [3114:3116] [TOO] Endpoint: 0 Cluster: 0x0000_003E Command 0x0000_0005[0m
[0;32m[1784653993.541] [3114:3116] [TOO]   CSRResponse: {[0m
[0;32m[1784653993.541] [3114:3116] [TOO]     NOCSRElements: 153001CB3081C83070020100300E310C300A060355040A0C034353523059301306072A8648CE3D020106082A8648CE3D03010703420004AE7967EA7D9F561A7379333651DB3B6656B91481E679813736FBFC70B23F5B211AC3342DC8A8079B602B1D7444FEDC45854B8E03A5EF71419B710792D60AD40FA000300A06082A8648CE3D040302034800304502202ABAD9654C4BCE9C6EAA999A5A268DD02C6455A696088161BFACF60B25AD424A0221008D0D709AF47C28C904228D3A2B076CDE3B09B45456F7ACE856AC1344F0BF2D443002202876161FC69F09CB5DAE3A30DF57383AA3AB01D6010B4FC1F9D41778BA4A38C318[0m
[0;32m[1784653993.541] [3114:3116] [TOO]     attestationSignature: CEB4447D020F4076F287EA85DFD1299BA036F21F9A159613D62D827654FA9CF6004A8554E9EDB8B173758BB7272F737B1F0D3886A42956D357012DA8397F6F7C[0m
[0;32m[1784653993.541] [3114:3116] [TOO]    }[0m
[0;34m[1784653993.541] [3114:3116] [DMG] ICR moving to [AwaitingDe][0m
[0;32m[1784653993.541] [3114:3116] [EM] <<< [E:42211i S:36032 M:59801247 (Ack:152938646)] (S) Msg TX from 000000000001B669 to 1:0000000000000001 [8CBC] [UDP:[fe80::bfe:a203:38f0:bce7%enp0s3]:5540] --- Type 0000:10 (SecureChannel:StandaloneAck) (B:34)[0m
[0;34m[1784653993.541] [3114:3116] [EM] Flushed pending ack for MessageCounter:152938646 on exchange 42211i[0m
[0;34m[1784653993.541] [3114:3114] [CTL] Shutting down the commissioner[0m
[0;32m[1784653993.541] [3114:3114] [PAF] WiFiPAF: Closing all WiFiPAF sessions to shutdown[0m
[0;34m[1784653993.541] [3114:3114] [CTL] Shutting down the controller[0m
[0;34m[1784653993.542] [3114:3114] [IN] Expiring all sessions for fabric 0x1!![0m
[0;34m[1784653993.542] [3114:3114] [IN] SecureSession[0x71a804009cd0]: MarkForEviction Type:2 LSID:36032[0m
[0;32m[1784653993.542] [3114:3114] [SC] SecureSession[0x71a804009cd0, LSID:36032]: State change 'kActive' --> 'kPendingEviction'[0m
[0;34m[1784653993.542] [3114:3114] [IN] SecureSession[0x71a804009cd0]: Released - Type:2 LSID:36032[0m
[0;32m[1784653993.542] [3114:3114] [FP] Forgetting fabric 0x1[0m
[0;32m[1784653993.542] [3114:3114] [TS] Pending Last Known Good Time: 2023-10-14T01:16:48[0m
[0;32m[1784653993.542] [3114:3114] [TS] Previous Last Known Good Time: 2023-10-14T01:16:48[0m
[0;32m[1784653993.542] [3114:3114] [TS] Reverted Last Known Good Time to previous value[0m
[0;34m[1784653993.542] [3114:3114] [CTL] Shutting down the commissioner[0m
[0;32m[1784653993.542] [3114:3114] [PAF] WiFiPAF: Closing all WiFiPAF sessions to shutdown[0m
[0;34m[1784653993.542] [3114:3114] [CTL] Shutting down the controller[0m
[0;34m[1784653993.542] [3114:3114] [CTL] Shutting down the System State, this will teardown the CHIP Stack[0m
[0;34m[1784653993.542] [3114:3114] [DMG] All ReadHandler-s are clean, clear GlobalDirtySet[0m
[0;32m[1784653993.542] [3114:3114] [FP] Shutting down FabricTable[0m
[0;32m[1784653993.542] [3114:3114] [TS] Pending Last Known Good Time: 2023-10-14T01:16:48[0m
[0;32m[1784653993.542] [3114:3114] [TS] Previous Last Known Good Time: 2023-10-14T01:16:48[0m
[0;32m[1784653993.542] [3114:3114] [TS] Reverted Last Known Good Time to previous value[0m
[0;34m[1784653993.545] [3114:3114] [DL] Wrote settings to /tmp/chip_counters.ini[0m
[0;32m[1784653993.545] [3114:3114] [DL] NVS set: chip-counters/total-operational-hours = 0 (0x0)[0m
[0;32m[1784653993.545] [3114:3114] [DL] Inet Layer shutdown[0m
[0;32m[1784653993.545] [3114:3114] [DL] BLE Layer shutdown[0m
[0;32m[1784653993.545] [3114:3114] [DL] WiFi-PAF Layer shutdown[0m
[0;32m[1784653993.545] [3114:3114] [PAF] WiFiPAF: Closing all WiFiPAF sessions to shutdown[0m
[0;32m[1784653993.545] [3114:3114] [DL] System Layer shutdown[0m
