[0;34m[1784653993.951] [3127:3127] [DL] ChipLinuxStorage::Init: Using KVS config file: /tmp/chip_tool_kvs[0m
[1;31m[1784653993.952] [3127:3127] [DL] ChipLinuxStorage::Init: Attempt to re-initialize with KVS config file: /tmp/chip_kvs, IGNORING.[0m
[0;34m[1784653993.953] [3127:3127] [DL] ChipLinuxStorage::Init: Using KVS config file: /tmp/chip_factory.ini[0m
[0;34m[1784653993.953] [3127:3127] [DL] ChipLinuxStorage::Init: Using KVS config file: /tmp/chip_config.ini[0m
[0;34m[1784653993.953] [3127:3127] [DL] ChipLinuxStorage::Init: Using KVS config file: /tmp/chip_counters.ini[0m
[0;34m[1784653993.957] [3127:3127] [DL] Wrote settings to /tmp/chip_counters.ini[0m
[0;32m[1784653993.957] [3127:3127] [DL] NVS set: chip-counters/reboot-count = 6 (0x6)[0m
[0;32m[1784653993.957] [3127:3127] [DL] Got Ethernet interface: enp0s3[0m
[0;32m[1784653993.957] [3127:3127] [DL] Found the primary Ethernet interface:enp0s3[0m
[1;31m[1784653993.957] [3127:3127] [DL] Failed to get WiFi interface[0m
[1;31m[1784653993.957] [3127:3127] [DL] Failed to reset WiFi statistic counts[0m
[0;32m[1784653993.957] [3127:3127] [PAF] WiFiPAF: WiFiPAFLayer::Init()[0m
[0;34m[1784653993.957] [3127:3127] [IN] UDP::Init bind&listen port=0[0m
[0;34m[1784653993.957] [3127:3127] [IN] UDP::Init bound to port=47780[0m
[0;34m[1784653993.957] [3127:3127] [IN] UDP::Init bind&listen port=0[0m
[0;34m[1784653993.957] [3127:3127] [IN] UDP::Init bound to port=50537[0m
[0;34m[1784653993.957] [3127:3127] [IN] BLEBase::Init - setting/overriding transport[0m
[0;34m[1784653993.957] [3127:3127] [IN] WiFiPAFBase::Init - setting/overriding transport[0m
[0;34m[1784653993.957] [3127:3127] [IN] TransportMgr initialized[0m
[0;34m[1784653993.957] [3127:3127] [FP] Initializing FabricTable from persistent storage[0m
[0;32m[1784653993.957] [3127:3127] [TS] Last Known Good Time: 2023-10-14T01:16:48[0m
[0;32m[1784653993.957] [3127:3127] [FP] Fabric index 0x1 was retrieved from storage. Compressed FabricId 0xBAE5E7BE72B68CBC, FabricId 0x0000000000000001, NodeId 0x000000000001B669, VendorId 0xFFF1[0m
[0;32m[1784653993.958] [3127:3127] [DMG] Ember attribute persistence requires setting up[0m
[0;32m[1784653993.958] [3127:3127] [ZCL] Using ZAP configuration...[0m
[0;34m[1784653993.958] [3127:3127] [CTL] System State Initialized...[0m
[0;32m[1784653993.958] [3127:3127] [CTL] Setting attestation nonce to random value[0m
[0;32m[1784653993.958] [3127:3127] [CTL] Setting CSR nonce to random value[0m
[0;34m[1784653993.959] [3127:3129] [DL] CHIP task running[0m
[0;32m[1784653993.959] [3127:3129] [CTL] Setting attestation nonce to random value[0m
[0;32m[1784653993.959] [3127:3129] [CTL] Setting CSR nonce to random value[0m
[0;32m[1784653993.959] [3127:3129] [CTL] Generating NOC[0m
[0;32m[1784653993.959] [3127:3129] [FP] Validating NOC chain[0m
[0;32m[1784653993.959] [3127:3129] [FP] NOC chain validation successful[0m
[0;32m[1784653993.959] [3127:3129] [FP] Updated fabric at index: 0x1, Node ID: 0x000000000001B669[0m
[0;32m[1784653993.959] [3127:3129] [TS] Last Known Good Time: 2023-10-14T01:16:48[0m
[0;32m[1784653993.959] [3127:3129] [TS] New proposed Last Known Good Time: 2021-01-01T00:00:00[0m
[0;32m[1784653993.959] [3127:3129] [TS] Retaining current Last Known Good Time[0m
[0;32m[1784653993.962] [3127:3129] [FP] Metadata for Fabric 0x1 persisted to storage.[0m
[0;32m[1784653993.963] [3127:3129] [TS] Committing Last Known Good Time to storage: 2023-10-14T01:16:48[0m
[0;32m[1784653993.963] [3127:3129] [CTL] Joined the fabric at index 1. Fabric ID is 0x0000000000000001 (Compressed Fabric ID: BAE5E7BE72B68CBC)[0m
[0;32m[1784653993.968] [3127:3129] [TOO] Sending command to node 0x1[0m
[0;34m[1784653993.968] [3127:3129] [CSM] FindOrEstablishSession: PeerId = [1:0000000000000001][0m
[0;34m[1784653993.968] [3127:3129] [CSM] FindOrEstablishSession: No existing OperationalSessionSetup instance found[0m
[0;34m[1784653993.968] [3127:3129] [DIS] OperationalSessionSetup[1:0000000000000001]: State change 1 --> 2[0m
[0;32m[1784653993.969] [3127:3129] [DIS] Lookup started for BAE5E7BE72B68CBC-0000000000000001[0m
[0;32m[1784653993.969] [3127:3129] [DIS] UDP:[fe80::bfe:a203:38f0:bce7%enp0s3]:5540: new best score: 7 (for BAE5E7BE72B68CBC-0000000000000001)[0m
[0;34m[1784653993.969] [3127:3129] [DIS] Lookup clearing interface for non LL address[0m
[0;32m[1784653993.969] [3127:3129] [DIS] UDP:10.0.2.15%enp0s3:5540: new best score: 2 (for BAE5E7BE72B68CBC-0000000000000001)[0m
[0;32m[1784653993.969] [3127:3129] [DIS] Checking node lookup status for BAE5E7BE72B68CBC-0000000000000001 after 0 ms[0m
[0;32m[1784653993.969] [3127:3129] [DIS] Keeping DNSSD lookup active[0m
[0;32m[1784653993.969] [3127:3129] [DIS] UDP:[fe80::bfe:a203:38f0:bce7%enp0s3]:5540: score has not improved: 7 (for BAE5E7BE72B68CBC-0000000000000001)[0m
[0;34m[1784653993.969] [3127:3129] [DIS] Lookup clearing interface for non LL address[0m
[0;32m[1784653993.969] [3127:3129] [DIS] UDP:10.0.2.15%enp0s3:5540: score has not improved: 2 (for BAE5E7BE72B68CBC-0000000000000001)[0m
[0;32m[1784653993.969] [3127:3129] [DIS] Checking node lookup status for BAE5E7BE72B68CBC-0000000000000001 after 0 ms[0m
[0;32m[1784653993.969] [3127:3129] [DIS] Keeping DNSSD lookup active[0m
[0;32m[1784653994.170] [3127:3129] [DIS] Checking node lookup status for BAE5E7BE72B68CBC-0000000000000001 after 201 ms[0m
[0;34m[1784653994.170] [3127:3129] [DIS] OperationalSessionSetup[1:0000000000000001]: Updating device address to UDP:[fe80::bfe:a203:38f0:bce7%enp0s3]:5540 while in state 2[0m
[0;34m[1784653994.170] [3127:3129] [DIS] OperationalSessionSetup[1:0000000000000001]: State change 2 --> 3[0m
[0;34m[1784653994.170] [3127:3129] [IN] SecureSession[0x733c00009cd0]: Allocated Type:2 LSID:60570[0m
[0;32m[1784653994.170] [3127:3129] [SC] Initiating session on local FabricIndex 1 from 0x000000000001B669 -> 0x0000000000000001[0m
[0;32m[1784653994.170] [3127:3129] [EM] <<< [E:25788i S:0 M:113414634] (U) Msg TX from 19E9D501D6B2DFEB to 0:0000000000000000 [0000] [UDP:[fe80::bfe:a203:38f0:bce7%enp0s3]:5540] --- Type 0000:30 (SecureChannel:CASE_Sigma1) (B:196)[0m
[0;32m[1784653994.170] [3127:3129] [EM] ??1 [E:25788i S:0 M:113414634] (U) Msg Retransmission to 0:0000000000000000 scheduled for 659ms from now [State:Idle II:500 AI:300 AT:4000][0m
[0;32m[1784653994.170] [3127:3129] [SC] Sent Sigma1 msg to <0000000000000001, 1> [II:500ms AI:300ms AT:4000ms][0m
[0;34m[1784653994.170] [3127:3129] [DIS] OperationalSessionSetup[1:0000000000000001]: State change 3 --> 4[0m
[0;32m[1784653994.171] [3127:3129] [EM] >>> [E:25788i S:0 M:57406641 (Ack:113414634)] (U) Msg RX from 0:0000000000000000 [0000] to 19E9D501D6B2DFEB --- Type 0000:31 (SecureChannel:CASE_Sigma2) (B:751)[0m
[0;34m[1784653994.171] [3127:3129] [EM] Found matching exchange: 25788i, Delegate: 0x733c0000b8e8[0m
[0;34m[1784653994.171] [3127:3129] [EM] Rxd Ack; Removing MessageCounter:113414634 from Retrans Table on exchange 25788i[0m
[0;32m[1784653994.171] [3127:3129] [SC] Received Sigma2 msg[0m
[0;34m[1784653994.171] [3127:3129] [SC] Found MRP parameters in the message[0m
[0;34m[1784653994.172] [3127:3129] [SC] Peer <0000000000000001, 1> assigned session ID 45118[0m
[0;34m[1784653994.172] [3127:3129] [SC] Sending Sigma3[0m
[0;32m[1784653994.172] [3127:3129] [EM] <<< [E:25788i S:0 M:113414635 (Ack:57406641)] (U) Msg TX from 19E9D501D6B2DFEB to 0:0000000000000000 [0000] [UDP:[fe80::bfe:a203:38f0:bce7%enp0s3]:5540] --- Type 0000:32 (SecureChannel:CASE_Sigma3) (B:598)[0m
[0;32m[1784653994.172] [3127:3129] [EM] ??1 [E:25788i S:0 M:113414635] (U) Msg Retransmission to 0:0000000000000000 scheduled for 388ms from now [State:Active II:500 AI:300 AT:4000][0m
[0;32m[1784653994.172] [3127:3129] [SC] Sent Sigma3 msg[0m
[0;32m[1784653994.184] [3127:3129] [EM] >>> [E:25788i S:0 M:57406642 (Ack:113414635)] (U) Msg RX from 0:0000000000000000 [0000] to 19E9D501D6B2DFEB --- Type 0000:40 (SecureChannel:StatusReport) (B:34)[0m
[0;34m[1784653994.184] [3127:3129] [EM] Found matching exchange: 25788i, Delegate: 0x733c0000b8e8[0m
[0;34m[1784653994.184] [3127:3129] [EM] Rxd Ack; Removing MessageCounter:113414635 from Retrans Table on exchange 25788i[0m
[0;32m[1784653994.184] [3127:3129] [SC] Success status report received. Session was established[0m
[0;32m[1784653994.186] [3127:3129] [SC] SecureSession[0x733c00009cd0, LSID:60570]: State change 'kEstablishing' --> 'kActive'[0m
[0;34m[1784653994.186] [3127:3129] [IN] SecureSession[0x733c00009cd0]: Activated - Type:2 LSID:60570[0m
[0;34m[1784653994.186] [3127:3129] [IN] New secure session activated for device <0000000000000001, 1>, LSID:60570 PSID:45118![0m
[0;34m[1784653994.186] [3127:3129] [DIS] OperationalSessionSetup[1:0000000000000001]: State change 4 --> 5[0m
[0;32m[1784653994.186] [3127:3129] [TOO] Sending cluster (0x0000003E) command (0x00000007) on endpoint 0[0m
[0;34m[1784653994.186] [3127:3129] [DMG] ICR moving to [AddingComm][0m
[0;34m[1784653994.186] [3127:3129] [DMG] ICR moving to [AddedComma][0m
[0;32m[1784653994.186] [3127:3129] [EM] <<< [E:25789i S:60570 M:246625949] (S) Msg TX from 000000000001B669 to 1:0000000000000001 [8CBC] [UDP:[fe80::bfe:a203:38f0:bce7%enp0s3]:5540] --- Type 0001:08 (IM:InvokeCommandRequest) (B:330)[0m
[0;32m[1784653994.186] [3127:3129] [EM] ??1 [E:25789i S:60570 M:246625949] (S) Msg Retransmission to 1:0000000000000001 scheduled for 353ms from now [State:Active II:500 AI:300 AT:4000][0m
[0;34m[1784653994.186] [3127:3129] [DMG] ICR moving to [AwaitingRe][0m
[0;32m[1784653994.186] [3127:3129] [EM] <<< [E:25788i S:0 M:113414636 (Ack:57406642)] (U) Msg TX from 19E9D501D6B2DFEB to 0:0000000000000000 [0000] [UDP:[fe80::bfe:a203:38f0:bce7%enp0s3]:5540] --- Type 0000:10 (SecureChannel:StandaloneAck) (B:26)[0m
[0;34m[1784653994.186] [3127:3129] [EM] Flushed pending ack for MessageCounter:57406642 on exchange 25788i[0m
[0;32m[1784653994.196] [3127:3129] [EM] >>> [E:25789i S:60570 M:162635028 (Ack:246625949)] (S) Msg RX from 1:0000000000000001 [8CBC] to 000000000001B669 --- Type 0001:09 (IM:InvokeCommandResponse) (B:70)[0m
[0;34m[1784653994.196] [3127:3129] [EM] Found matching exchange: 25789i, Delegate: 0x733c0000eef8[0m
[0;34m[1784653994.196] [3127:3129] [EM] Rxd Ack; Removing MessageCounter:246625949 from Retrans Table on exchange 25789i[0m
[0;34m[1784653994.196] [3127:3129] [DMG] ICR moving to [ResponseRe][0m
[0;34m[1784653994.196] [3127:3129] [DMG] InvokeResponseMessage =[0m
[0;34m[1784653994.196] [3127:3129] [DMG] {[0m
[0;34m[1784653994.196] [3127:3129] [DMG] 	suppressResponse = false, [0m
[0;34m[1784653994.196] [3127:3129] [DMG] 	InvokeResponseIBs =[0m
[0;34m[1784653994.196] [3127:3129] [DMG] 	[[0m
[0;34m[1784653994.196] [3127:3129] [DMG] 		InvokeResponseIB =[0m
[0;34m[1784653994.196] [3127:3129] [DMG] 		{[0m
[0;34m[1784653994.196] [3127:3129] [DMG] 			CommandDataIB =[0m
[0;34m[1784653994.196] [3127:3129] [DMG] 			{[0m
[0;34m[1784653994.196] [3127:3129] [DMG] 				CommandPathIB =[0m
[0;34m[1784653994.196] [3127:3129] [DMG] 				{[0m
[0;34m[1784653994.196] [3127:3129] [DMG] 					EndpointId = 0x0,[0m
[0;34m[1784653994.196] [3127:3129] [DMG] 					ClusterId = 0x3e,[0m
[0;34m[1784653994.196] [3127:3129] [DMG] 					CommandId = 0x8,[0m
[0;34m[1784653994.196] [3127:3129] [DMG] 				},[0m
[0;34m[1784653994.196] [3127:3129] [DMG] 				[0m
[0;34m[1784653994.196] [3127:3129] [DMG] 				CommandFields = [0m
[0;34m[1784653994.196] [3127:3129] [DMG] 				{[0m
[0;34m[1784653994.196] [3127:3129] [DMG] 					0x0 = 0 (unsigned), [0m
[0;34m[1784653994.196] [3127:3129] [DMG] 					0x1 = 1 (unsigned), [0m
[0;34m[1784653994.196] [3127:3129] [DMG] 				},[0m
[0;34m[1784653994.196] [3127:3129] [DMG] 			},[0m
[0;34m[1784653994.196] [3127:3129] [DMG] 			[0m
[0;34m[1784653994.196] [3127:3129] [DMG] 		},[0m
[0;34m[1784653994.196] [3127:3129] [DMG] 		[0m
[0;34m[1784653994.196] [3127:3129] [DMG] 	],[0m
[0;34m[1784653994.196] [3127:3129] [DMG] 	[0m
[0;34m[1784653994.196] [3127:3129] [DMG] 	InteractionModelRevision = 12[0m
[0;34m[1784653994.196] [3127:3129] [DMG] },[0m
[0;32m[1784653994.196] [3127:3129] [DMG] Received Command Response Data, Endpoint=0 Cluster=0x0000_003E Command=0x0000_0008[0m
[0;32m[1784653994.196] [3127:3129] [TOO] Endpoint: 0 Cluster: 0x0000_003E Command 0x0000_0008[0m
[0;32m[1784653994.196] [3127:3129] [TOO]   NOCResponse: {[0m
[0;32m[1784653994.196] [3127:3129] [TOO]     statusCode: 0[0m
[0;32m[1784653994.196] [3127:3129] [TOO]     fabricIndex: 1[0m
[0;32m[1784653994.196] [3127:3129] [TOO]    }[0m
[0;34m[1784653994.196] [3127:3129] [DMG] ICR moving to [AwaitingDe][0m
[0;32m[1784653994.196] [3127:3129] [EM] <<< [E:25789i S:60570 M:246625950 (Ack:162635028)] (S) Msg TX from 000000000001B669 to 1:0000000000000001 [8CBC] [UDP:[fe80::bfe:a203:38f0:bce7%enp0s3]:5540] --- Type 0000:10 (SecureChannel:StandaloneAck) (B:34)[0m
[0;34m[1784653994.197] [3127:3129] [EM] Flushed pending ack for MessageCounter:162635028 on exchange 25789i[0m
[0;34m[1784653994.197] [3127:3127] [CTL] Shutting down the commissioner[0m
[0;32m[1784653994.197] [3127:3127] [PAF] WiFiPAF: Closing all WiFiPAF sessions to shutdown[0m
[0;34m[1784653994.197] [3127:3127] [CTL] Shutting down the controller[0m
[0;34m[1784653994.197] [3127:3127] [IN] Expiring all sessions for fabric 0x1!![0m
[0;34m[1784653994.197] [3127:3127] [IN] SecureSession[0x733c00009cd0]: MarkForEviction Type:2 LSID:60570[0m
[0;32m[1784653994.197] [3127:3127] [SC] SecureSession[0x733c00009cd0, LSID:60570]: State change 'kActive' --> 'kPendingEviction'[0m
[0;34m[1784653994.197] [3127:3127] [IN] SecureSession[0x733c00009cd0]: Released - Type:2 LSID:60570[0m
[0;32m[1784653994.197] [3127:3127] [FP] Forgetting fabric 0x1[0m
[0;32m[1784653994.197] [3127:3127] [TS] Pending Last Known Good Time: 2023-10-14T01:16:48[0m
[0;32m[1784653994.197] [3127:3127] [TS] Previous Last Known Good Time: 2023-10-14T01:16:48[0m
[0;32m[1784653994.197] [3127:3127] [TS] Reverted Last Known Good Time to previous value[0m
[0;34m[1784653994.197] [3127:3127] [CTL] Shutting down the commissioner[0m
[0;32m[1784653994.197] [3127:3127] [PAF] WiFiPAF: Closing all WiFiPAF sessions to shutdown[0m
[0;34m[1784653994.197] [3127:3127] [CTL] Shutting down the controller[0m
[0;34m[1784653994.197] [3127:3127] [CTL] Shutting down the System State, this will teardown the CHIP Stack[0m
[0;34m[1784653994.197] [3127:3127] [DMG] All ReadHandler-s are clean, clear GlobalDirtySet[0m
[0;32m[1784653994.197] [3127:3127] [FP] Shutting down FabricTable[0m
[0;32m[1784653994.197] [3127:3127] [TS] Pending Last Known Good Time: 2023-10-14T01:16:48[0m
[0;32m[1784653994.197] [3127:3127] [TS] Previous Last Known Good Time: 2023-10-14T01:16:48[0m
[0;32m[1784653994.197] [3127:3127] [TS] Reverted Last Known Good Time to previous value[0m
[0;34m[1784653994.200] [3127:3127] [DL] Wrote settings to /tmp/chip_counters.ini[0m
[0;32m[1784653994.200] [3127:3127] [DL] NVS set: chip-counters/total-operational-hours = 0 (0x0)[0m
[0;32m[1784653994.200] [3127:3127] [DL] Inet Layer shutdown[0m
[0;32m[1784653994.200] [3127:3127] [DL] BLE Layer shutdown[0m
[0;32m[1784653994.200] [3127:3127] [DL] WiFi-PAF Layer shutdown[0m
[0;32m[1784653994.200] [3127:3127] [PAF] WiFiPAF: Closing all WiFiPAF sessions to shutdown[0m
[0;32m[1784653994.200] [3127:3127] [DL] System Layer shutdown[0m
