[0;34m[1784656562.881] [11758:11758] [DL] ChipLinuxStorage::Init: Using KVS config file: /tmp/chip_tool_kvs[0m
[1;31m[1784656562.882] [11758:11758] [DL] ChipLinuxStorage::Init: Attempt to re-initialize with KVS config file: /tmp/chip_kvs, IGNORING.[0m
[0;34m[1784656562.883] [11758:11758] [DL] ChipLinuxStorage::Init: Using KVS config file: /tmp/chip_factory.ini[0m
[0;34m[1784656562.883] [11758:11758] [DL] ChipLinuxStorage::Init: Using KVS config file: /tmp/chip_config.ini[0m
[0;34m[1784656562.883] [11758:11758] [DL] ChipLinuxStorage::Init: Using KVS config file: /tmp/chip_counters.ini[0m
[0;34m[1784656562.887] [11758:11758] [DL] Wrote settings to /tmp/chip_counters.ini[0m
[0;32m[1784656562.887] [11758:11758] [DL] NVS set: chip-counters/reboot-count = 3 (0x3)[0m
[0;32m[1784656562.889] [11758:11758] [DL] Got Ethernet interface: enp0s3[0m
[0;32m[1784656562.889] [11758:11758] [DL] Found the primary Ethernet interface:enp0s3[0m
[1;31m[1784656562.889] [11758:11758] [DL] Failed to get WiFi interface[0m
[1;31m[1784656562.889] [11758:11758] [DL] Failed to reset WiFi statistic counts[0m
[0;32m[1784656562.889] [11758:11758] [PAF] WiFiPAF: WiFiPAFLayer::Init()[0m
[0;34m[1784656562.889] [11758:11758] [IN] UDP::Init bind&listen port=0[0m
[0;34m[1784656562.889] [11758:11758] [IN] UDP::Init bound to port=60031[0m
[0;34m[1784656562.889] [11758:11758] [IN] UDP::Init bind&listen port=0[0m
[0;34m[1784656562.889] [11758:11758] [IN] UDP::Init bound to port=46566[0m
[0;34m[1784656562.889] [11758:11758] [IN] BLEBase::Init - setting/overriding transport[0m
[0;34m[1784656562.889] [11758:11758] [IN] WiFiPAFBase::Init - setting/overriding transport[0m
[0;34m[1784656562.889] [11758:11758] [IN] TransportMgr initialized[0m
[0;34m[1784656562.889] [11758:11758] [FP] Initializing FabricTable from persistent storage[0m
[0;32m[1784656562.889] [11758:11758] [TS] Last Known Good Time: 2023-10-14T01:16:48[0m
[0;32m[1784656562.891] [11758:11758] [FP] Fabric index 0x1 was retrieved from storage. Compressed FabricId 0x8FF6E767BBA417B5, FabricId 0x0000000000000001, NodeId 0x000000000001B669, VendorId 0xFFF1[0m
[0;32m[1784656562.895] [11758:11758] [DMG] Ember attribute persistence requires setting up[0m
[0;32m[1784656562.895] [11758:11758] [ZCL] Using ZAP configuration...[0m
[0;34m[1784656562.896] [11758:11758] [CTL] System State Initialized...[0m
[0;32m[1784656562.896] [11758:11758] [CTL] Setting attestation nonce to random value[0m
[0;32m[1784656562.896] [11758:11758] [CTL] Setting CSR nonce to random value[0m
[0;34m[1784656562.900] [11758:11760] [DL] CHIP task running[0m
[0;32m[1784656562.900] [11758:11760] [CTL] Setting attestation nonce to random value[0m
[0;32m[1784656562.900] [11758:11760] [CTL] Setting CSR nonce to random value[0m
[0;32m[1784656562.900] [11758:11760] [CTL] Generating NOC[0m
[0;32m[1784656562.900] [11758:11760] [FP] Validating NOC chain[0m
[0;32m[1784656562.901] [11758:11760] [FP] NOC chain validation successful[0m
[0;32m[1784656562.901] [11758:11760] [FP] Updated fabric at index: 0x1, Node ID: 0x000000000001B669[0m
[0;32m[1784656562.901] [11758:11760] [TS] Last Known Good Time: 2023-10-14T01:16:48[0m
[0;32m[1784656562.901] [11758:11760] [TS] New proposed Last Known Good Time: 2021-01-01T00:00:00[0m
[0;32m[1784656562.901] [11758:11760] [TS] Retaining current Last Known Good Time[0m
[0;32m[1784656562.907] [11758:11760] [FP] Metadata for Fabric 0x1 persisted to storage.[0m
[0;32m[1784656562.908] [11758:11760] [TS] Committing Last Known Good Time to storage: 2023-10-14T01:16:48[0m
[0;32m[1784656562.909] [11758:11760] [CTL] Joined the fabric at index 1. Fabric ID is 0x0000000000000001 (Compressed Fabric ID: 8FF6E767BBA417B5)[0m
[0;32m[1784656562.915] [11758:11760] [TOO] Sending command to node 0x1[0m
[0;34m[1784656562.915] [11758:11760] [CSM] FindOrEstablishSession: PeerId = [1:0000000000000001][0m
[0;34m[1784656562.915] [11758:11760] [CSM] FindOrEstablishSession: No existing OperationalSessionSetup instance found[0m
[0;34m[1784656562.915] [11758:11760] [DIS] OperationalSessionSetup[1:0000000000000001]: State change 1 --> 2[0m
[0;32m[1784656562.916] [11758:11760] [DIS] Lookup started for 8FF6E767BBA417B5-0000000000000001[0m
[0;32m[1784656562.916] [11758:11760] [DIS] UDP:[fe80::bfe:a203:38f0:bce7%enp0s3]:5540: new best score: 7 (for 8FF6E767BBA417B5-0000000000000001)[0m
[0;34m[1784656562.916] [11758:11760] [DIS] Lookup clearing interface for non LL address[0m
[0;32m[1784656562.916] [11758:11760] [DIS] UDP:10.0.2.15%enp0s3:5540: new best score: 2 (for 8FF6E767BBA417B5-0000000000000001)[0m
[0;32m[1784656562.916] [11758:11760] [DIS] Checking node lookup status for 8FF6E767BBA417B5-0000000000000001 after 0 ms[0m
[0;32m[1784656562.916] [11758:11760] [DIS] Keeping DNSSD lookup active[0m
[0;32m[1784656562.916] [11758:11760] [DIS] UDP:[fe80::bfe:a203:38f0:bce7%enp0s3]:5540: score has not improved: 7 (for 8FF6E767BBA417B5-0000000000000001)[0m
[0;34m[1784656562.916] [11758:11760] [DIS] Lookup clearing interface for non LL address[0m
[0;32m[1784656562.916] [11758:11760] [DIS] UDP:10.0.2.15%enp0s3:5540: score has not improved: 2 (for 8FF6E767BBA417B5-0000000000000001)[0m
[0;32m[1784656562.916] [11758:11760] [DIS] Checking node lookup status for 8FF6E767BBA417B5-0000000000000001 after 0 ms[0m
[0;32m[1784656562.916] [11758:11760] [DIS] Keeping DNSSD lookup active[0m
[0;32m[1784656563.117] [11758:11760] [DIS] Checking node lookup status for 8FF6E767BBA417B5-0000000000000001 after 202 ms[0m
[0;34m[1784656563.117] [11758:11760] [DIS] OperationalSessionSetup[1:0000000000000001]: Updating device address to UDP:[fe80::bfe:a203:38f0:bce7%enp0s3]:5540 while in state 2[0m
[0;34m[1784656563.117] [11758:11760] [DIS] OperationalSessionSetup[1:0000000000000001]: State change 2 --> 3[0m
[0;34m[1784656563.118] [11758:11760] [IN] SecureSession[0x7d2df0009cd0]: Allocated Type:2 LSID:49116[0m
[0;32m[1784656563.118] [11758:11760] [SC] Initiating session on local FabricIndex 1 from 0x000000000001B669 -> 0x0000000000000001[0m
[0;32m[1784656563.119] [11758:11760] [EM] <<< [E:39708i S:0 M:12379403] (U) Msg TX from 7EEB8CD04A8BB0D4 to 0:0000000000000000 [0000] [UDP:[fe80::bfe:a203:38f0:bce7%enp0s3]:5540] --- Type 0000:30 (SecureChannel:CASE_Sigma1) (B:196)[0m
[0;32m[1784656563.119] [11758:11760] [EM] ??1 [E:39708i S:0 M:12379403] (U) Msg Retransmission to 0:0000000000000000 scheduled for 678ms from now [State:Idle II:500 AI:300 AT:4000][0m
[0;32m[1784656563.119] [11758:11760] [SC] Sent Sigma1 msg to <0000000000000001, 1> [II:500ms AI:300ms AT:4000ms][0m
[0;34m[1784656563.119] [11758:11760] [DIS] OperationalSessionSetup[1:0000000000000001]: State change 3 --> 4[0m
[0;32m[1784656563.122] [11758:11760] [EM] >>> [E:39708i S:0 M:10841631 (Ack:12379403)] (U) Msg RX from 0:0000000000000000 [0000] to 7EEB8CD04A8BB0D4 --- Type 0000:31 (SecureChannel:CASE_Sigma2) (B:751)[0m
[0;34m[1784656563.122] [11758:11760] [EM] Found matching exchange: 39708i, Delegate: 0x7d2df000b8e8[0m
[0;34m[1784656563.122] [11758:11760] [EM] Rxd Ack; Removing MessageCounter:12379403 from Retrans Table on exchange 39708i[0m
[0;32m[1784656563.122] [11758:11760] [SC] Received Sigma2 msg[0m
[0;34m[1784656563.122] [11758:11760] [SC] Found MRP parameters in the message[0m
[0;34m[1784656563.123] [11758:11760] [SC] Peer <0000000000000001, 1> assigned session ID 62860[0m
[0;34m[1784656563.123] [11758:11760] [SC] Sending Sigma3[0m
[0;32m[1784656563.123] [11758:11760] [EM] <<< [E:39708i S:0 M:12379404 (Ack:10841631)] (U) Msg TX from 7EEB8CD04A8BB0D4 to 0:0000000000000000 [0000] [UDP:[fe80::bfe:a203:38f0:bce7%enp0s3]:5540] --- Type 0000:32 (SecureChannel:CASE_Sigma3) (B:598)[0m
[0;32m[1784656563.123] [11758:11760] [EM] ??1 [E:39708i S:0 M:12379404] (U) Msg Retransmission to 0:0000000000000000 scheduled for 407ms from now [State:Active II:500 AI:300 AT:4000][0m
[0;32m[1784656563.123] [11758:11760] [SC] Sent Sigma3 msg[0m
[0;32m[1784656563.132] [11758:11760] [EM] >>> [E:39708i S:0 M:10841632 (Ack:12379404)] (U) Msg RX from 0:0000000000000000 [0000] to 7EEB8CD04A8BB0D4 --- Type 0000:40 (SecureChannel:StatusReport) (B:34)[0m
[0;34m[1784656563.132] [11758:11760] [EM] Found matching exchange: 39708i, Delegate: 0x7d2df000b8e8[0m
[0;34m[1784656563.132] [11758:11760] [EM] Rxd Ack; Removing MessageCounter:12379404 from Retrans Table on exchange 39708i[0m
[0;32m[1784656563.132] [11758:11760] [SC] Success status report received. Session was established[0m
[0;32m[1784656563.133] [11758:11760] [SC] SecureSession[0x7d2df0009cd0, LSID:49116]: State change 'kEstablishing' --> 'kActive'[0m
[0;34m[1784656563.134] [11758:11760] [IN] SecureSession[0x7d2df0009cd0]: Activated - Type:2 LSID:49116[0m
[0;34m[1784656563.134] [11758:11760] [IN] New secure session activated for device <0000000000000001, 1>, LSID:49116 PSID:62860![0m
[0;34m[1784656563.134] [11758:11760] [DIS] OperationalSessionSetup[1:0000000000000001]: State change 4 --> 5[0m
[0;32m[1784656563.134] [11758:11760] [TOO] Sending cluster (0x00000030) command (0x00000000) on endpoint 0[0m
[0;34m[1784656563.134] [11758:11760] [DMG] ICR moving to [AddingComm][0m
[0;34m[1784656563.134] [11758:11760] [DMG] ICR moving to [AddedComma][0m
[0;32m[1784656563.134] [11758:11760] [EM] <<< [E:39709i S:49116 M:81459433] (S) Msg TX from 000000000001B669 to 1:0000000000000001 [17B5] [UDP:[fe80::bfe:a203:38f0:bce7%enp0s3]:5540] --- Type 0001:08 (IM:InvokeCommandRequest) (B:65)[0m
[0;32m[1784656563.134] [11758:11760] [EM] ??1 [E:39709i S:49116 M:81459433] (S) Msg Retransmission to 1:0000000000000001 scheduled for 339ms from now [State:Active II:500 AI:300 AT:4000][0m
[0;34m[1784656563.134] [11758:11760] [DMG] ICR moving to [AwaitingRe][0m
[0;32m[1784656563.134] [11758:11760] [EM] <<< [E:39708i S:0 M:12379405 (Ack:10841632)] (U) Msg TX from 7EEB8CD04A8BB0D4 to 0:0000000000000000 [0000] [UDP:[fe80::bfe:a203:38f0:bce7%enp0s3]:5540] --- Type 0000:10 (SecureChannel:StandaloneAck) (B:26)[0m
[0;34m[1784656563.134] [11758:11760] [EM] Flushed pending ack for MessageCounter:10841632 on exchange 39708i[0m
[0;32m[1784656563.134] [11758:11760] [EM] >>> [E:39709i S:49116 M:180007363 (Ack:81459433)] (S) Msg RX from 1:0000000000000001 [17B5] to 000000000001B669 --- Type 0001:09 (IM:InvokeCommandResponse) (B:70)[0m
[0;34m[1784656563.134] [11758:11760] [EM] Found matching exchange: 39709i, Delegate: 0x7d2df000eef8[0m
[0;34m[1784656563.134] [11758:11760] [EM] Rxd Ack; Removing MessageCounter:81459433 from Retrans Table on exchange 39709i[0m
[0;34m[1784656563.134] [11758:11760] [DMG] ICR moving to [ResponseRe][0m
[0;34m[1784656563.134] [11758:11760] [DMG] InvokeResponseMessage =[0m
[0;34m[1784656563.134] [11758:11760] [DMG] {[0m
[0;34m[1784656563.134] [11758:11760] [DMG] 	suppressResponse = false, [0m
[0;34m[1784656563.134] [11758:11760] [DMG] 	InvokeResponseIBs =[0m
[0;34m[1784656563.134] [11758:11760] [DMG] 	[[0m
[0;34m[1784656563.134] [11758:11760] [DMG] 		InvokeResponseIB =[0m
[0;34m[1784656563.134] [11758:11760] [DMG] 		{[0m
[0;34m[1784656563.134] [11758:11760] [DMG] 			CommandDataIB =[0m
[0;34m[1784656563.134] [11758:11760] [DMG] 			{[0m
[0;34m[1784656563.134] [11758:11760] [DMG] 				CommandPathIB =[0m
[0;34m[1784656563.134] [11758:11760] [DMG] 				{[0m
[0;34m[1784656563.134] [11758:11760] [DMG] 					EndpointId = 0x0,[0m
[0;34m[1784656563.134] [11758:11760] [DMG] 					ClusterId = 0x30,[0m
[0;34m[1784656563.134] [11758:11760] [DMG] 					CommandId = 0x1,[0m
[0;34m[1784656563.134] [11758:11760] [DMG] 				},[0m
[0;34m[1784656563.134] [11758:11760] [DMG] 				[0m
[0;34m[1784656563.134] [11758:11760] [DMG] 				CommandFields = [0m
[0;34m[1784656563.134] [11758:11760] [DMG] 				{[0m
[0;34m[1784656563.134] [11758:11760] [DMG] 					0x0 = 0 (unsigned), [0m
[0;34m[1784656563.134] [11758:11760] [DMG] 					0x1 = "" (0 chars), [0m
[0;34m[1784656563.134] [11758:11760] [DMG] 				},[0m
[0;34m[1784656563.134] [11758:11760] [DMG] 			},[0m
[0;34m[1784656563.134] [11758:11760] [DMG] 			[0m
[0;34m[1784656563.134] [11758:11760] [DMG] 		},[0m
[0;34m[1784656563.134] [11758:11760] [DMG] 		[0m
[0;34m[1784656563.134] [11758:11760] [DMG] 	],[0m
[0;34m[1784656563.134] [11758:11760] [DMG] 	[0m
[0;34m[1784656563.134] [11758:11760] [DMG] 	InteractionModelRevision = 12[0m
[0;34m[1784656563.134] [11758:11760] [DMG] },[0m
[0;32m[1784656563.134] [11758:11760] [DMG] Received Command Response Data, Endpoint=0 Cluster=0x0000_0030 Command=0x0000_0001[0m
[0;32m[1784656563.134] [11758:11760] [TOO] Endpoint: 0 Cluster: 0x0000_0030 Command 0x0000_0001[0m
[0;32m[1784656563.134] [11758:11760] [TOO]   ArmFailSafeResponse: {[0m
[0;32m[1784656563.134] [11758:11760] [TOO]     errorCode: 0[0m
[0;32m[1784656563.134] [11758:11760] [TOO]     debugText: [0m
[0;32m[1784656563.134] [11758:11760] [TOO]    }[0m
[0;34m[1784656563.134] [11758:11760] [DMG] ICR moving to [AwaitingDe][0m
[0;32m[1784656563.134] [11758:11760] [EM] <<< [E:39709i S:49116 M:81459434 (Ack:180007363)] (S) Msg TX from 000000000001B669 to 1:0000000000000001 [17B5] [UDP:[fe80::bfe:a203:38f0:bce7%enp0s3]:5540] --- Type 0000:10 (SecureChannel:StandaloneAck) (B:34)[0m
[0;34m[1784656563.134] [11758:11760] [EM] Flushed pending ack for MessageCounter:180007363 on exchange 39709i[0m
[0;34m[1784656563.134] [11758:11758] [CTL] Shutting down the commissioner[0m
[0;32m[1784656563.134] [11758:11758] [PAF] WiFiPAF: Closing all WiFiPAF sessions to shutdown[0m
[0;34m[1784656563.134] [11758:11758] [CTL] Shutting down the controller[0m
[0;34m[1784656563.134] [11758:11758] [IN] Expiring all sessions for fabric 0x1!![0m
[0;34m[1784656563.134] [11758:11758] [IN] SecureSession[0x7d2df0009cd0]: MarkForEviction Type:2 LSID:49116[0m
[0;32m[1784656563.134] [11758:11758] [SC] SecureSession[0x7d2df0009cd0, LSID:49116]: State change 'kActive' --> 'kPendingEviction'[0m
[0;34m[1784656563.134] [11758:11758] [IN] SecureSession[0x7d2df0009cd0]: Released - Type:2 LSID:49116[0m
[0;32m[1784656563.134] [11758:11758] [FP] Forgetting fabric 0x1[0m
[0;32m[1784656563.134] [11758:11758] [TS] Pending Last Known Good Time: 2023-10-14T01:16:48[0m
[0;32m[1784656563.134] [11758:11758] [TS] Previous Last Known Good Time: 2023-10-14T01:16:48[0m
[0;32m[1784656563.134] [11758:11758] [TS] Reverted Last Known Good Time to previous value[0m
[0;34m[1784656563.134] [11758:11758] [CTL] Shutting down the commissioner[0m
[0;32m[1784656563.134] [11758:11758] [PAF] WiFiPAF: Closing all WiFiPAF sessions to shutdown[0m
[0;34m[1784656563.134] [11758:11758] [CTL] Shutting down the controller[0m
[0;34m[1784656563.134] [11758:11758] [CTL] Shutting down the System State, this will teardown the CHIP Stack[0m
[0;34m[1784656563.134] [11758:11758] [DMG] All ReadHandler-s are clean, clear GlobalDirtySet[0m
[0;32m[1784656563.134] [11758:11758] [FP] Shutting down FabricTable[0m
[0;32m[1784656563.134] [11758:11758] [TS] Pending Last Known Good Time: 2023-10-14T01:16:48[0m
[0;32m[1784656563.134] [11758:11758] [TS] Previous Last Known Good Time: 2023-10-14T01:16:48[0m
[0;32m[1784656563.134] [11758:11758] [TS] Reverted Last Known Good Time to previous value[0m
[0;34m[1784656563.137] [11758:11758] [DL] Wrote settings to /tmp/chip_counters.ini[0m
[0;32m[1784656563.137] [11758:11758] [DL] NVS set: chip-counters/total-operational-hours = 0 (0x0)[0m
[0;32m[1784656563.137] [11758:11758] [DL] Inet Layer shutdown[0m
[0;32m[1784656563.137] [11758:11758] [DL] BLE Layer shutdown[0m
[0;32m[1784656563.137] [11758:11758] [DL] WiFi-PAF Layer shutdown[0m
[0;32m[1784656563.137] [11758:11758] [PAF] WiFiPAF: Closing all WiFiPAF sessions to shutdown[0m
[0;32m[1784656563.137] [11758:11758] [DL] System Layer shutdown[0m
