[0;34m[1784656563.187] [11762:11762] [DL] ChipLinuxStorage::Init: Using KVS config file: /tmp/chip_tool_kvs[0m
[1;31m[1784656563.188] [11762:11762] [DL] ChipLinuxStorage::Init: Attempt to re-initialize with KVS config file: /tmp/chip_kvs, IGNORING.[0m
[0;34m[1784656563.189] [11762:11762] [DL] ChipLinuxStorage::Init: Using KVS config file: /tmp/chip_factory.ini[0m
[0;34m[1784656563.189] [11762:11762] [DL] ChipLinuxStorage::Init: Using KVS config file: /tmp/chip_config.ini[0m
[0;34m[1784656563.189] [11762:11762] [DL] ChipLinuxStorage::Init: Using KVS config file: /tmp/chip_counters.ini[0m
[0;34m[1784656563.192] [11762:11762] [DL] Wrote settings to /tmp/chip_counters.ini[0m
[0;32m[1784656563.192] [11762:11762] [DL] NVS set: chip-counters/reboot-count = 4 (0x4)[0m
[0;32m[1784656563.193] [11762:11762] [DL] Got Ethernet interface: enp0s3[0m
[0;32m[1784656563.193] [11762:11762] [DL] Found the primary Ethernet interface:enp0s3[0m
[1;31m[1784656563.193] [11762:11762] [DL] Failed to get WiFi interface[0m
[1;31m[1784656563.193] [11762:11762] [DL] Failed to reset WiFi statistic counts[0m
[0;32m[1784656563.193] [11762:11762] [PAF] WiFiPAF: WiFiPAFLayer::Init()[0m
[0;34m[1784656563.193] [11762:11762] [IN] UDP::Init bind&listen port=0[0m
[0;34m[1784656563.193] [11762:11762] [IN] UDP::Init bound to port=38938[0m
[0;34m[1784656563.193] [11762:11762] [IN] UDP::Init bind&listen port=0[0m
[0;34m[1784656563.193] [11762:11762] [IN] UDP::Init bound to port=33456[0m
[0;34m[1784656563.193] [11762:11762] [IN] BLEBase::Init - setting/overriding transport[0m
[0;34m[1784656563.193] [11762:11762] [IN] WiFiPAFBase::Init - setting/overriding transport[0m
[0;34m[1784656563.193] [11762:11762] [IN] TransportMgr initialized[0m
[0;34m[1784656563.193] [11762:11762] [FP] Initializing FabricTable from persistent storage[0m
[0;32m[1784656563.193] [11762:11762] [TS] Last Known Good Time: 2023-10-14T01:16:48[0m
[0;32m[1784656563.193] [11762:11762] [FP] Fabric index 0x1 was retrieved from storage. Compressed FabricId 0x8FF6E767BBA417B5, FabricId 0x0000000000000001, NodeId 0x000000000001B669, VendorId 0xFFF1[0m
[0;32m[1784656563.194] [11762:11762] [DMG] Ember attribute persistence requires setting up[0m
[0;32m[1784656563.194] [11762:11762] [ZCL] Using ZAP configuration...[0m
[0;34m[1784656563.195] [11762:11762] [CTL] System State Initialized...[0m
[0;32m[1784656563.195] [11762:11762] [CTL] Setting attestation nonce to random value[0m
[0;32m[1784656563.195] [11762:11762] [CTL] Setting CSR nonce to random value[0m
[0;34m[1784656563.195] [11762:11764] [DL] CHIP task running[0m
[0;32m[1784656563.195] [11762:11764] [CTL] Setting attestation nonce to random value[0m
[0;32m[1784656563.195] [11762:11764] [CTL] Setting CSR nonce to random value[0m
[0;32m[1784656563.195] [11762:11764] [CTL] Generating NOC[0m
[0;32m[1784656563.195] [11762:11764] [FP] Validating NOC chain[0m
[0;32m[1784656563.195] [11762:11764] [FP] NOC chain validation successful[0m
[0;32m[1784656563.195] [11762:11764] [FP] Updated fabric at index: 0x1, Node ID: 0x000000000001B669[0m
[0;32m[1784656563.195] [11762:11764] [TS] Last Known Good Time: 2023-10-14T01:16:48[0m
[0;32m[1784656563.195] [11762:11764] [TS] New proposed Last Known Good Time: 2021-01-01T00:00:00[0m
[0;32m[1784656563.195] [11762:11764] [TS] Retaining current Last Known Good Time[0m
[0;32m[1784656563.197] [11762:11764] [FP] Metadata for Fabric 0x1 persisted to storage.[0m
[0;32m[1784656563.198] [11762:11764] [TS] Committing Last Known Good Time to storage: 2023-10-14T01:16:48[0m
[0;32m[1784656563.199] [11762:11764] [CTL] Joined the fabric at index 1. Fabric ID is 0x0000000000000001 (Compressed Fabric ID: 8FF6E767BBA417B5)[0m
[0;32m[1784656563.203] [11762:11764] [TOO] Sending command to node 0x1[0m
[0;34m[1784656563.203] [11762:11764] [CSM] FindOrEstablishSession: PeerId = [1:0000000000000001][0m
[0;34m[1784656563.203] [11762:11764] [CSM] FindOrEstablishSession: No existing OperationalSessionSetup instance found[0m
[0;34m[1784656563.203] [11762:11764] [DIS] OperationalSessionSetup[1:0000000000000001]: State change 1 --> 2[0m
[0;32m[1784656563.204] [11762:11764] [DIS] Lookup started for 8FF6E767BBA417B5-0000000000000001[0m
[0;32m[1784656563.204] [11762:11764] [DIS] UDP:[fe80::bfe:a203:38f0:bce7%enp0s3]:5540: new best score: 7 (for 8FF6E767BBA417B5-0000000000000001)[0m
[0;34m[1784656563.204] [11762:11764] [DIS] Lookup clearing interface for non LL address[0m
[0;32m[1784656563.204] [11762:11764] [DIS] UDP:10.0.2.15%enp0s3:5540: new best score: 2 (for 8FF6E767BBA417B5-0000000000000001)[0m
[0;32m[1784656563.204] [11762:11764] [DIS] Checking node lookup status for 8FF6E767BBA417B5-0000000000000001 after 0 ms[0m
[0;32m[1784656563.204] [11762:11764] [DIS] Keeping DNSSD lookup active[0m
[0;32m[1784656563.204] [11762:11764] [DIS] UDP:[fe80::bfe:a203:38f0:bce7%enp0s3]:5540: score has not improved: 7 (for 8FF6E767BBA417B5-0000000000000001)[0m
[0;34m[1784656563.204] [11762:11764] [DIS] Lookup clearing interface for non LL address[0m
[0;32m[1784656563.204] [11762:11764] [DIS] UDP:10.0.2.15%enp0s3:5540: score has not improved: 2 (for 8FF6E767BBA417B5-0000000000000001)[0m
[0;32m[1784656563.204] [11762:11764] [DIS] Checking node lookup status for 8FF6E767BBA417B5-0000000000000001 after 0 ms[0m
[0;32m[1784656563.204] [11762:11764] [DIS] Keeping DNSSD lookup active[0m
[0;32m[1784656563.405] [11762:11764] [DIS] Checking node lookup status for 8FF6E767BBA417B5-0000000000000001 after 201 ms[0m
[0;34m[1784656563.405] [11762:11764] [DIS] OperationalSessionSetup[1:0000000000000001]: Updating device address to UDP:[fe80::bfe:a203:38f0:bce7%enp0s3]:5540 while in state 2[0m
[0;34m[1784656563.405] [11762:11764] [DIS] OperationalSessionSetup[1:0000000000000001]: State change 2 --> 3[0m
[0;34m[1784656563.405] [11762:11764] [IN] SecureSession[0x714ec4009cd0]: Allocated Type:2 LSID:57921[0m
[0;32m[1784656563.405] [11762:11764] [SC] Initiating session on local FabricIndex 1 from 0x000000000001B669 -> 0x0000000000000001[0m
[0;32m[1784656563.405] [11762:11764] [EM] <<< [E:46012i S:0 M:118907049] (U) Msg TX from 24C52E4D5D77A198 to 0:0000000000000000 [0000] [UDP:[fe80::bfe:a203:38f0:bce7%enp0s3]:5540] --- Type 0000:30 (SecureChannel:CASE_Sigma1) (B:196)[0m
[0;32m[1784656563.405] [11762:11764] [EM] ??1 [E:46012i S:0 M:118907049] (U) Msg Retransmission to 0:0000000000000000 scheduled for 630ms from now [State:Idle II:500 AI:300 AT:4000][0m
[0;32m[1784656563.405] [11762:11764] [SC] Sent Sigma1 msg to <0000000000000001, 1> [II:500ms AI:300ms AT:4000ms][0m
[0;34m[1784656563.405] [11762:11764] [DIS] OperationalSessionSetup[1:0000000000000001]: State change 3 --> 4[0m
[0;32m[1784656563.407] [11762:11764] [EM] >>> [E:46012i S:0 M:10841633 (Ack:118907049)] (U) Msg RX from 0:0000000000000000 [0000] to 24C52E4D5D77A198 --- Type 0000:31 (SecureChannel:CASE_Sigma2) (B:751)[0m
[0;34m[1784656563.407] [11762:11764] [EM] Found matching exchange: 46012i, Delegate: 0x714ec400b8e8[0m
[0;34m[1784656563.407] [11762:11764] [EM] Rxd Ack; Removing MessageCounter:118907049 from Retrans Table on exchange 46012i[0m
[0;32m[1784656563.407] [11762:11764] [SC] Received Sigma2 msg[0m
[0;34m[1784656563.407] [11762:11764] [SC] Found MRP parameters in the message[0m
[0;34m[1784656563.407] [11762:11764] [SC] Peer <0000000000000001, 1> assigned session ID 62861[0m
[0;34m[1784656563.407] [11762:11764] [SC] Sending Sigma3[0m
[0;32m[1784656563.408] [11762:11764] [EM] <<< [E:46012i S:0 M:118907050 (Ack:10841633)] (U) Msg TX from 24C52E4D5D77A198 to 0:0000000000000000 [0000] [UDP:[fe80::bfe:a203:38f0:bce7%enp0s3]:5540] --- Type 0000:32 (SecureChannel:CASE_Sigma3) (B:598)[0m
[0;32m[1784656563.408] [11762:11764] [EM] ??1 [E:46012i S:0 M:118907050] (U) Msg Retransmission to 0:0000000000000000 scheduled for 361ms from now [State:Active II:500 AI:300 AT:4000][0m
[0;32m[1784656563.408] [11762:11764] [SC] Sent Sigma3 msg[0m
[0;32m[1784656563.416] [11762:11764] [EM] >>> [E:46012i S:0 M:10841634 (Ack:118907050)] (U) Msg RX from 0:0000000000000000 [0000] to 24C52E4D5D77A198 --- Type 0000:40 (SecureChannel:StatusReport) (B:34)[0m
[0;34m[1784656563.416] [11762:11764] [EM] Found matching exchange: 46012i, Delegate: 0x714ec400b8e8[0m
[0;34m[1784656563.416] [11762:11764] [EM] Rxd Ack; Removing MessageCounter:118907050 from Retrans Table on exchange 46012i[0m
[0;32m[1784656563.416] [11762:11764] [SC] Success status report received. Session was established[0m
[0;32m[1784656563.417] [11762:11764] [SC] SecureSession[0x714ec4009cd0, LSID:57921]: State change 'kEstablishing' --> 'kActive'[0m
[0;34m[1784656563.417] [11762:11764] [IN] SecureSession[0x714ec4009cd0]: Activated - Type:2 LSID:57921[0m
[0;34m[1784656563.417] [11762:11764] [IN] New secure session activated for device <0000000000000001, 1>, LSID:57921 PSID:62861![0m
[0;34m[1784656563.417] [11762:11764] [DIS] OperationalSessionSetup[1:0000000000000001]: State change 4 --> 5[0m
[0;32m[1784656563.417] [11762:11764] [TOO] Sending cluster (0x0000003E) command (0x00000004) on endpoint 0[0m
[0;34m[1784656563.417] [11762:11764] [DMG] ICR moving to [AddingComm][0m
[0;34m[1784656563.417] [11762:11764] [DMG] ICR moving to [AddedComma][0m
[0;32m[1784656563.418] [11762:11764] [EM] <<< [E:46013i S:57921 M:3969449] (S) Msg TX from 000000000001B669 to 1:0000000000000001 [17B5] [UDP:[fe80::bfe:a203:38f0:bce7%enp0s3]:5540] --- Type 0001:08 (IM:InvokeCommandRequest) (B:96)[0m
[0;32m[1784656563.418] [11762:11764] [EM] ??1 [E:46013i S:57921 M:3969449] (S) Msg Retransmission to 1:0000000000000001 scheduled for 358ms from now [State:Active II:500 AI:300 AT:4000][0m
[0;34m[1784656563.418] [11762:11764] [DMG] ICR moving to [AwaitingRe][0m
[0;32m[1784656563.418] [11762:11764] [EM] <<< [E:46012i S:0 M:118907051 (Ack:10841634)] (U) Msg TX from 24C52E4D5D77A198 to 0:0000000000000000 [0000] [UDP:[fe80::bfe:a203:38f0:bce7%enp0s3]:5540] --- Type 0000:10 (SecureChannel:StandaloneAck) (B:26)[0m
[0;34m[1784656563.418] [11762:11764] [EM] Flushed pending ack for MessageCounter:10841634 on exchange 46012i[0m
[0;32m[1784656563.418] [11762:11764] [EM] >>> [E:46013i S:57921 M:126913742 (Ack:3969449)] (S) Msg RX from 1:0000000000000001 [17B5] to 000000000001B669 --- Type 0001:09 (IM:InvokeCommandResponse) (B:377)[0m
[0;34m[1784656563.418] [11762:11764] [EM] Found matching exchange: 46013i, Delegate: 0x714ec400eef8[0m
[0;34m[1784656563.418] [11762:11764] [EM] Rxd Ack; Removing MessageCounter:3969449 from Retrans Table on exchange 46013i[0m
[0;34m[1784656563.418] [11762:11764] [DMG] ICR moving to [ResponseRe][0m
[0;34m[1784656563.418] [11762:11764] [DMG] InvokeResponseMessage =[0m
[0;34m[1784656563.418] [11762:11764] [DMG] {[0m
[0;34m[1784656563.418] [11762:11764] [DMG] 	suppressResponse = false, [0m
[0;34m[1784656563.418] [11762:11764] [DMG] 	InvokeResponseIBs =[0m
[0;34m[1784656563.418] [11762:11764] [DMG] 	[[0m
[0;34m[1784656563.418] [11762:11764] [DMG] 		InvokeResponseIB =[0m
[0;34m[1784656563.418] [11762:11764] [DMG] 		{[0m
[0;34m[1784656563.418] [11762:11764] [DMG] 			CommandDataIB =[0m
[0;34m[1784656563.418] [11762:11764] [DMG] 			{[0m
[0;34m[1784656563.418] [11762:11764] [DMG] 				CommandPathIB =[0m
[0;34m[1784656563.418] [11762:11764] [DMG] 				{[0m
[0;34m[1784656563.418] [11762:11764] [DMG] 					EndpointId = 0x0,[0m
[0;34m[1784656563.418] [11762:11764] [DMG] 					ClusterId = 0x3e,[0m
[0;34m[1784656563.418] [11762:11764] [DMG] 					CommandId = 0x5,[0m
[0;34m[1784656563.418] [11762:11764] [DMG] 				},[0m
[0;34m[1784656563.418] [11762:11764] [DMG] 				[0m
[0;34m[1784656563.418] [11762:11764] [DMG] 				CommandFields = [0m
[0;34m[1784656563.418] [11762:11764] [DMG] 				{[0m
[0;34m[1784656563.418] [11762:11764] [DMG] 					0x0 = [[0m
[0;34m[1784656563.418] [11762:11764] [DMG] 							0x15, 0x30, 0x01, 0xcb, 0x30, 0x81, 0xc8, 0x30, 0x70, 0x02, 0x01, 0x00, 0x30, 0x0e, 0x31, 0x0c, 0x30, 0x0a, 0x06, 0x03, 0x55, 0x04, 0x0a, 0x0c, 0x03, 0x43, 0x53, 0x52, 0x30, 0x59, 0x30, 0x13, 0x06, 0x07, 0x2a, 0x86, 0x48, 0xce, 0x3d, 0x02, 0x01, 0x06, 0x08, 0x2a, 0x86, 0x48, 0xce, 0x3d, 0x03, 0x01, 0x07, 0x03, 0x42, 0x00, 0x04, 0x58, 0xd3, 0x52, 0xaa, 0xa2, 0x39, 0x38, 0xbf, 0x05, 0x82, 0xd8, 0x76, 0x7d, 0x38, 0xec, 0x8c, 0x6e, 0x36, 0x15, 0x0e, 0x83, 0x56, 0xcb, 0x49, 0x13, 0xff, 0x0b, 0x5c, 0x60, 0xe2, 0xe7, 0x22, 0x5f, 0x3f, 0x3e, 0xc9, 0x2f, 0x70, 0x8a, 0x14, 0x85, 0x5c, 0x68, 0xf1, 0x9b, 0xdf, 0xa0, 0x7b, 0x38, 0x86, 0x3a, 0x50, 0xc7, 0x0c, 0x1f, 0x22, 0xe1, 0xd3, 0x39, 0x79, 0xe3, 0x20, 0x75, 0xe4, 0xa0, 0x00, 0x30, 0x0a, 0x06, 0x08, 0x2a, 0x86, 0x48, 0xce, 0x3d, 0x04, 0x03, 0x02, 0x03, 0x48, 0x00, 0x30, 0x45, 0x02, 0x20, 0x26, 0x24, 0x19, 0x96, 0x01, 0xbf, 0x6b, 0x25, 0x6f, 0x66, 0xca, 0xc1, 0x1d, 0x33, 0xa9, 0xae, 0xbf, 0x6b, 0x66, 0xe4, 0x81, 0xf5, 0xe3, 0x9f, 0x1e, 0x25, 0x41, 0xe2, 0x8e, 0xec, 0xc8, 0x7b, 0x02, 0x21, 0x00, 0xfc, 0xbd, 0x14, 0x52, 0xc5, 0x91, 0x39, 0x10, 0x8b, 0x1d, 0xe7, 0x6d, 0x38, 0xba, 0xb0, 0x38, 0x34, 0x27, 0x50, 0x08, 0xed, 0x95, 0xe1, 0xfe, 0xca, 0x44, 0x33, 0x5f, 0x87, 0x70, 0x9b, 0x34, 0x30, 0x02, 0x20, 0x29, 0x78, 0xb3, 0x9b, 0x6d, 0x1b, 0x3a, 0x55, 0x24, 0x95, 0x7e, 0x83, 0x2a, 0x5b, 0x27, 0x81, 0x89, 0xb5, 0xfe, 0xe9, 0x49, 0xac, 0xdd, 0x31, 0x5f, 0xd8, 0xd6, 0x22, 0x07, 0x52, 0xbf, 0x02, 0x18, [0m
[0;34m[1784656563.418] [11762:11764] [DMG] 					] (243 bytes)[0m
[0;34m[1784656563.418] [11762:11764] [DMG] 					0x1 = [[0m
[0;34m[1784656563.418] [11762:11764] [DMG] 							0x4a, 0x2d, 0x9e, 0x0f, 0x74, 0x8e, 0xc6, 0xd6, 0xf4, 0xee, 0x99, 0x52, 0x19, 0x17, 0xec, 0xef, 0xd5, 0x23, 0x1f, 0x37, 0x67, 0x85, 0x23, 0x3a, 0x61, 0x54, 0x39, 0x56, 0xfc, 0xf7, 0xa5, 0xa4, 0xa7, 0xe1, 0x0e, 0x8d, 0xa2, 0x3a, 0x2a, 0x16, 0x23, 0x14, 0xde, 0x7f, 0x66, 0xa9, 0x60, 0x2b, 0x5e, 0x62, 0xc3, 0xad, 0xd3, 0x99, 0x12, 0xe6, 0x98, 0xcf, 0x50, 0x2b, 0xb6, 0x0b, 0x6b, 0xd5, [0m
[0;34m[1784656563.418] [11762:11764] [DMG] 					] (64 bytes)[0m
[0;34m[1784656563.418] [11762:11764] [DMG] 				},[0m
[0;34m[1784656563.418] [11762:11764] [DMG] 			},[0m
[0;34m[1784656563.418] [11762:11764] [DMG] 			[0m
[0;34m[1784656563.418] [11762:11764] [DMG] 		},[0m
[0;34m[1784656563.418] [11762:11764] [DMG] 		[0m
[0;34m[1784656563.418] [11762:11764] [DMG] 	],[0m
[0;34m[1784656563.418] [11762:11764] [DMG] 	[0m
[0;34m[1784656563.418] [11762:11764] [DMG] 	InteractionModelRevision = 12[0m
[0;34m[1784656563.418] [11762:11764] [DMG] },[0m
[0;32m[1784656563.418] [11762:11764] [DMG] Received Command Response Data, Endpoint=0 Cluster=0x0000_003E Command=0x0000_0005[0m
[0;32m[1784656563.418] [11762:11764] [TOO] Endpoint: 0 Cluster: 0x0000_003E Command 0x0000_0005[0m
[0;32m[1784656563.418] [11762:11764] [TOO]   CSRResponse: {[0m
[0;32m[1784656563.418] [11762:11764] [TOO]     NOCSRElements: 153001CB3081C83070020100300E310C300A060355040A0C034353523059301306072A8648CE3D020106082A8648CE3D0301070342000458D352AAA23938BF0582D8767D38EC8C6E36150E8356CB4913FF0B5C60E2E7225F3F3EC92F708A14855C68F19BDFA07B38863A50C70C1F22E1D33979E32075E4A000300A06082A8648CE3D040302034800304502202624199601BF6B256F66CAC11D33A9AEBF6B66E481F5E39F1E2541E28EECC87B022100FCBD1452C59139108B1DE76D38BAB03834275008ED95E1FECA44335F87709B343002202978B39B6D1B3A5524957E832A5B278189B5FEE949ACDD315FD8D6220752BF0218[0m
[0;32m[1784656563.418] [11762:11764] [TOO]     attestationSignature: 4A2D9E0F748EC6D6F4EE99521917ECEFD5231F376785233A61543956FCF7A5A4A7E10E8DA23A2A162314DE7F66A9602B5E62C3ADD39912E698CF502BB60B6BD5[0m
[0;32m[1784656563.418] [11762:11764] [TOO]    }[0m
[0;34m[1784656563.418] [11762:11764] [DMG] ICR moving to [AwaitingDe][0m
[0;32m[1784656563.418] [11762:11764] [EM] <<< [E:46013i S:57921 M:3969450 (Ack:126913742)] (S) Msg TX from 000000000001B669 to 1:0000000000000001 [17B5] [UDP:[fe80::bfe:a203:38f0:bce7%enp0s3]:5540] --- Type 0000:10 (SecureChannel:StandaloneAck) (B:34)[0m
[0;34m[1784656563.419] [11762:11764] [EM] Flushed pending ack for MessageCounter:126913742 on exchange 46013i[0m
[0;34m[1784656563.419] [11762:11762] [CTL] Shutting down the commissioner[0m
[0;32m[1784656563.419] [11762:11762] [PAF] WiFiPAF: Closing all WiFiPAF sessions to shutdown[0m
[0;34m[1784656563.419] [11762:11762] [CTL] Shutting down the controller[0m
[0;34m[1784656563.419] [11762:11762] [IN] Expiring all sessions for fabric 0x1!![0m
[0;34m[1784656563.419] [11762:11762] [IN] SecureSession[0x714ec4009cd0]: MarkForEviction Type:2 LSID:57921[0m
[0;32m[1784656563.419] [11762:11762] [SC] SecureSession[0x714ec4009cd0, LSID:57921]: State change 'kActive' --> 'kPendingEviction'[0m
[0;34m[1784656563.419] [11762:11762] [IN] SecureSession[0x714ec4009cd0]: Released - Type:2 LSID:57921[0m
[0;32m[1784656563.419] [11762:11762] [FP] Forgetting fabric 0x1[0m
[0;32m[1784656563.419] [11762:11762] [TS] Pending Last Known Good Time: 2023-10-14T01:16:48[0m
[0;32m[1784656563.419] [11762:11762] [TS] Previous Last Known Good Time: 2023-10-14T01:16:48[0m
[0;32m[1784656563.419] [11762:11762] [TS] Reverted Last Known Good Time to previous value[0m
[0;34m[1784656563.419] [11762:11762] [CTL] Shutting down the commissioner[0m
[0;32m[1784656563.419] [11762:11762] [PAF] WiFiPAF: Closing all WiFiPAF sessions to shutdown[0m
[0;34m[1784656563.419] [11762:11762] [CTL] Shutting down the controller[0m
[0;34m[1784656563.419] [11762:11762] [CTL] Shutting down the System State, this will teardown the CHIP Stack[0m
[0;34m[1784656563.419] [11762:11762] [DMG] All ReadHandler-s are clean, clear GlobalDirtySet[0m
[0;32m[1784656563.419] [11762:11762] [FP] Shutting down FabricTable[0m
[0;32m[1784656563.419] [11762:11762] [TS] Pending Last Known Good Time: 2023-10-14T01:16:48[0m
[0;32m[1784656563.419] [11762:11762] [TS] Previous Last Known Good Time: 2023-10-14T01:16:48[0m
[0;32m[1784656563.419] [11762:11762] [TS] Reverted Last Known Good Time to previous value[0m
[0;34m[1784656563.421] [11762:11762] [DL] Wrote settings to /tmp/chip_counters.ini[0m
[0;32m[1784656563.421] [11762:11762] [DL] NVS set: chip-counters/total-operational-hours = 0 (0x0)[0m
[0;32m[1784656563.421] [11762:11762] [DL] Inet Layer shutdown[0m
[0;32m[1784656563.421] [11762:11762] [DL] BLE Layer shutdown[0m
[0;32m[1784656563.421] [11762:11762] [DL] WiFi-PAF Layer shutdown[0m
[0;32m[1784656563.421] [11762:11762] [PAF] WiFiPAF: Closing all WiFiPAF sessions to shutdown[0m
[0;32m[1784656563.421] [11762:11762] [DL] System Layer shutdown[0m
