[0;34m[1784656623.290] [11954:11954] [DL] ChipLinuxStorage::Init: Using KVS config file: /tmp/chip_tool_kvs[0m
[1;31m[1784656623.292] [11954:11954] [DL] ChipLinuxStorage::Init: Attempt to re-initialize with KVS config file: /tmp/chip_kvs, IGNORING.[0m
[0;34m[1784656623.295] [11954:11954] [DL] ChipLinuxStorage::Init: Using KVS config file: /tmp/chip_factory.ini[0m
[0;34m[1784656623.295] [11954:11954] [DL] ChipLinuxStorage::Init: Using KVS config file: /tmp/chip_config.ini[0m
[0;34m[1784656623.295] [11954:11954] [DL] ChipLinuxStorage::Init: Using KVS config file: /tmp/chip_counters.ini[0m
[0;34m[1784656623.298] [11954:11954] [DL] Wrote settings to /tmp/chip_counters.ini[0m
[0;32m[1784656623.298] [11954:11954] [DL] NVS set: chip-counters/reboot-count = 3 (0x3)[0m
[0;32m[1784656623.298] [11954:11954] [DL] Got Ethernet interface: enp0s3[0m
[0;32m[1784656623.298] [11954:11954] [DL] Found the primary Ethernet interface:enp0s3[0m
[1;31m[1784656623.298] [11954:11954] [DL] Failed to get WiFi interface[0m
[1;31m[1784656623.298] [11954:11954] [DL] Failed to reset WiFi statistic counts[0m
[0;32m[1784656623.298] [11954:11954] [PAF] WiFiPAF: WiFiPAFLayer::Init()[0m
[0;34m[1784656623.298] [11954:11954] [IN] UDP::Init bind&listen port=0[0m
[0;34m[1784656623.298] [11954:11954] [IN] UDP::Init bound to port=42206[0m
[0;34m[1784656623.298] [11954:11954] [IN] UDP::Init bind&listen port=0[0m
[0;34m[1784656623.298] [11954:11954] [IN] UDP::Init bound to port=39923[0m
[0;34m[1784656623.298] [11954:11954] [IN] BLEBase::Init - setting/overriding transport[0m
[0;34m[1784656623.298] [11954:11954] [IN] WiFiPAFBase::Init - setting/overriding transport[0m
[0;34m[1784656623.299] [11954:11954] [IN] TransportMgr initialized[0m
[0;34m[1784656623.299] [11954:11954] [FP] Initializing FabricTable from persistent storage[0m
[0;32m[1784656623.299] [11954:11954] [TS] Last Known Good Time: 2023-10-14T01:16:48[0m
[0;32m[1784656623.299] [11954:11954] [FP] Fabric index 0x1 was retrieved from storage. Compressed FabricId 0x5B0808D008C467CF, FabricId 0x0000000000000001, NodeId 0x000000000001B669, VendorId 0xFFF1[0m
[0;32m[1784656623.300] [11954:11954] [DMG] Ember attribute persistence requires setting up[0m
[0;32m[1784656623.300] [11954:11954] [ZCL] Using ZAP configuration...[0m
[0;34m[1784656623.300] [11954:11954] [CTL] System State Initialized...[0m
[0;32m[1784656623.300] [11954:11954] [CTL] Setting attestation nonce to random value[0m
[0;32m[1784656623.300] [11954:11954] [CTL] Setting CSR nonce to random value[0m
[0;34m[1784656623.300] [11954:11956] [DL] CHIP task running[0m
[0;32m[1784656623.300] [11954:11956] [CTL] Setting attestation nonce to random value[0m
[0;32m[1784656623.300] [11954:11956] [CTL] Setting CSR nonce to random value[0m
[0;32m[1784656623.300] [11954:11956] [CTL] Generating NOC[0m
[0;32m[1784656623.300] [11954:11956] [FP] Validating NOC chain[0m
[0;32m[1784656623.301] [11954:11956] [FP] NOC chain validation successful[0m
[0;32m[1784656623.301] [11954:11956] [FP] Updated fabric at index: 0x1, Node ID: 0x000000000001B669[0m
[0;32m[1784656623.301] [11954:11956] [TS] Last Known Good Time: 2023-10-14T01:16:48[0m
[0;32m[1784656623.301] [11954:11956] [TS] New proposed Last Known Good Time: 2021-01-01T00:00:00[0m
[0;32m[1784656623.301] [11954:11956] [TS] Retaining current Last Known Good Time[0m
[0;32m[1784656623.303] [11954:11956] [FP] Metadata for Fabric 0x1 persisted to storage.[0m
[0;32m[1784656623.304] [11954:11956] [TS] Committing Last Known Good Time to storage: 2023-10-14T01:16:48[0m
[0;32m[1784656623.305] [11954:11956] [CTL] Joined the fabric at index 1. Fabric ID is 0x0000000000000001 (Compressed Fabric ID: 5B0808D008C467CF)[0m
[0;32m[1784656623.310] [11954:11956] [TOO] Sending command to node 0x1[0m
[0;34m[1784656623.310] [11954:11956] [CSM] FindOrEstablishSession: PeerId = [1:0000000000000001][0m
[0;34m[1784656623.310] [11954:11956] [CSM] FindOrEstablishSession: No existing OperationalSessionSetup instance found[0m
[0;34m[1784656623.310] [11954:11956] [DIS] OperationalSessionSetup[1:0000000000000001]: State change 1 --> 2[0m
[0;32m[1784656623.310] [11954:11956] [DIS] Lookup started for 5B0808D008C467CF-0000000000000001[0m
[0;32m[1784656623.310] [11954:11956] [DIS] UDP:[fe80::bfe:a203:38f0:bce7%enp0s3]:5540: new best score: 7 (for 5B0808D008C467CF-0000000000000001)[0m
[0;34m[1784656623.310] [11954:11956] [DIS] Lookup clearing interface for non LL address[0m
[0;32m[1784656623.310] [11954:11956] [DIS] UDP:10.0.2.15%enp0s3:5540: new best score: 2 (for 5B0808D008C467CF-0000000000000001)[0m
[0;32m[1784656623.310] [11954:11956] [DIS] Checking node lookup status for 5B0808D008C467CF-0000000000000001 after 1 ms[0m
[0;32m[1784656623.310] [11954:11956] [DIS] Keeping DNSSD lookup active[0m
[0;32m[1784656623.310] [11954:11956] [DIS] UDP:[fe80::bfe:a203:38f0:bce7%enp0s3]:5540: score has not improved: 7 (for 5B0808D008C467CF-0000000000000001)[0m
[0;34m[1784656623.310] [11954:11956] [DIS] Lookup clearing interface for non LL address[0m
[0;32m[1784656623.310] [11954:11956] [DIS] UDP:10.0.2.15%enp0s3:5540: score has not improved: 2 (for 5B0808D008C467CF-0000000000000001)[0m
[0;32m[1784656623.310] [11954:11956] [DIS] Checking node lookup status for 5B0808D008C467CF-0000000000000001 after 1 ms[0m
[0;32m[1784656623.310] [11954:11956] [DIS] Keeping DNSSD lookup active[0m
[0;32m[1784656623.512] [11954:11956] [DIS] Checking node lookup status for 5B0808D008C467CF-0000000000000001 after 202 ms[0m
[0;34m[1784656623.512] [11954:11956] [DIS] OperationalSessionSetup[1:0000000000000001]: Updating device address to UDP:[fe80::bfe:a203:38f0:bce7%enp0s3]:5540 while in state 2[0m
[0;34m[1784656623.512] [11954:11956] [DIS] OperationalSessionSetup[1:0000000000000001]: State change 2 --> 3[0m
[0;34m[1784656623.512] [11954:11956] [IN] SecureSession[0x76d700009cd0]: Allocated Type:2 LSID:15139[0m
[0;32m[1784656623.512] [11954:11956] [SC] Initiating session on local FabricIndex 1 from 0x000000000001B669 -> 0x0000000000000001[0m
[0;32m[1784656623.512] [11954:11956] [EM] <<< [E:11732i S:0 M:231210328] (U) Msg TX from 2BD7182F84AA32EF to 0:0000000000000000 [0000] [UDP:[fe80::bfe:a203:38f0:bce7%enp0s3]:5540] --- Type 0000:30 (SecureChannel:CASE_Sigma1) (B:196)[0m
[0;32m[1784656623.513] [11954:11956] [EM] ??1 [E:11732i S:0 M:231210328] (U) Msg Retransmission to 0:0000000000000000 scheduled for 655ms from now [State:Idle II:500 AI:300 AT:4000][0m
[0;32m[1784656623.513] [11954:11956] [SC] Sent Sigma1 msg to <0000000000000001, 1> [II:500ms AI:300ms AT:4000ms][0m
[0;34m[1784656623.513] [11954:11956] [DIS] OperationalSessionSetup[1:0000000000000001]: State change 3 --> 4[0m
[0;32m[1784656623.515] [11954:11956] [EM] >>> [E:11732i S:0 M:221205308 (Ack:231210328)] (U) Msg RX from 0:0000000000000000 [0000] to 2BD7182F84AA32EF --- Type 0000:31 (SecureChannel:CASE_Sigma2) (B:751)[0m
[0;34m[1784656623.515] [11954:11956] [EM] Found matching exchange: 11732i, Delegate: 0x76d70000b8e8[0m
[0;34m[1784656623.515] [11954:11956] [EM] Rxd Ack; Removing MessageCounter:231210328 from Retrans Table on exchange 11732i[0m
[0;32m[1784656623.515] [11954:11956] [SC] Received Sigma2 msg[0m
[0;34m[1784656623.515] [11954:11956] [SC] Found MRP parameters in the message[0m
[0;34m[1784656623.517] [11954:11956] [SC] Peer <0000000000000001, 1> assigned session ID 35678[0m
[0;34m[1784656623.517] [11954:11956] [SC] Sending Sigma3[0m
[0;32m[1784656623.517] [11954:11956] [EM] <<< [E:11732i S:0 M:231210329 (Ack:221205308)] (U) Msg TX from 2BD7182F84AA32EF to 0:0000000000000000 [0000] [UDP:[fe80::bfe:a203:38f0:bce7%enp0s3]:5540] --- Type 0000:32 (SecureChannel:CASE_Sigma3) (B:598)[0m
[0;32m[1784656623.517] [11954:11956] [EM] ??1 [E:11732i S:0 M:231210329] (U) Msg Retransmission to 0:0000000000000000 scheduled for 362ms from now [State:Active II:500 AI:300 AT:4000][0m
[0;32m[1784656623.517] [11954:11956] [SC] Sent Sigma3 msg[0m
[0;32m[1784656623.536] [11954:11956] [EM] >>> [E:11732i S:0 M:221205309 (Ack:231210329)] (U) Msg RX from 0:0000000000000000 [0000] to 2BD7182F84AA32EF --- Type 0000:40 (SecureChannel:StatusReport) (B:34)[0m
[0;34m[1784656623.536] [11954:11956] [EM] Found matching exchange: 11732i, Delegate: 0x76d70000b8e8[0m
[0;34m[1784656623.536] [11954:11956] [EM] Rxd Ack; Removing MessageCounter:231210329 from Retrans Table on exchange 11732i[0m
[0;32m[1784656623.536] [11954:11956] [SC] Success status report received. Session was established[0m
[0;32m[1784656623.538] [11954:11956] [SC] SecureSession[0x76d700009cd0, LSID:15139]: State change 'kEstablishing' --> 'kActive'[0m
[0;34m[1784656623.538] [11954:11956] [IN] SecureSession[0x76d700009cd0]: Activated - Type:2 LSID:15139[0m
[0;34m[1784656623.538] [11954:11956] [IN] New secure session activated for device <0000000000000001, 1>, LSID:15139 PSID:35678![0m
[0;34m[1784656623.538] [11954:11956] [DIS] OperationalSessionSetup[1:0000000000000001]: State change 4 --> 5[0m
[0;32m[1784656623.538] [11954:11956] [TOO] Sending cluster (0x00000030) command (0x00000000) on endpoint 0[0m
[0;34m[1784656623.538] [11954:11956] [DMG] ICR moving to [AddingComm][0m
[0;34m[1784656623.538] [11954:11956] [DMG] ICR moving to [AddedComma][0m
[0;32m[1784656623.538] [11954:11956] [EM] <<< [E:11733i S:15139 M:139500718] (S) Msg TX from 000000000001B669 to 1:0000000000000001 [67CF] [UDP:[fe80::bfe:a203:38f0:bce7%enp0s3]:5540] --- Type 0001:08 (IM:InvokeCommandRequest) (B:65)[0m
[0;32m[1784656623.538] [11954:11956] [EM] ??1 [E:11733i S:15139 M:139500718] (S) Msg Retransmission to 1:0000000000000001 scheduled for 366ms from now [State:Active II:500 AI:300 AT:4000][0m
[0;34m[1784656623.538] [11954:11956] [DMG] ICR moving to [AwaitingRe][0m
[0;32m[1784656623.538] [11954:11956] [EM] <<< [E:11732i S:0 M:231210330 (Ack:221205309)] (U) Msg TX from 2BD7182F84AA32EF to 0:0000000000000000 [0000] [UDP:[fe80::bfe:a203:38f0:bce7%enp0s3]:5540] --- Type 0000:10 (SecureChannel:StandaloneAck) (B:26)[0m
[0;34m[1784656623.538] [11954:11956] [EM] Flushed pending ack for MessageCounter:221205309 on exchange 11732i[0m
[0;32m[1784656623.538] [11954:11956] [EM] >>> [E:11733i S:15139 M:112191499 (Ack:139500718)] (S) Msg RX from 1:0000000000000001 [67CF] to 000000000001B669 --- Type 0001:09 (IM:InvokeCommandResponse) (B:70)[0m
[0;34m[1784656623.538] [11954:11956] [EM] Found matching exchange: 11733i, Delegate: 0x76d70000eef8[0m
[0;34m[1784656623.538] [11954:11956] [EM] Rxd Ack; Removing MessageCounter:139500718 from Retrans Table on exchange 11733i[0m
[0;34m[1784656623.538] [11954:11956] [DMG] ICR moving to [ResponseRe][0m
[0;34m[1784656623.538] [11954:11956] [DMG] InvokeResponseMessage =[0m
[0;34m[1784656623.538] [11954:11956] [DMG] {[0m
[0;34m[1784656623.538] [11954:11956] [DMG] 	suppressResponse = false, [0m
[0;34m[1784656623.538] [11954:11956] [DMG] 	InvokeResponseIBs =[0m
[0;34m[1784656623.538] [11954:11956] [DMG] 	[[0m
[0;34m[1784656623.538] [11954:11956] [DMG] 		InvokeResponseIB =[0m
[0;34m[1784656623.538] [11954:11956] [DMG] 		{[0m
[0;34m[1784656623.538] [11954:11956] [DMG] 			CommandDataIB =[0m
[0;34m[1784656623.538] [11954:11956] [DMG] 			{[0m
[0;34m[1784656623.538] [11954:11956] [DMG] 				CommandPathIB =[0m
[0;34m[1784656623.538] [11954:11956] [DMG] 				{[0m
[0;34m[1784656623.538] [11954:11956] [DMG] 					EndpointId = 0x0,[0m
[0;34m[1784656623.538] [11954:11956] [DMG] 					ClusterId = 0x30,[0m
[0;34m[1784656623.538] [11954:11956] [DMG] 					CommandId = 0x1,[0m
[0;34m[1784656623.538] [11954:11956] [DMG] 				},[0m
[0;34m[1784656623.538] [11954:11956] [DMG] 				[0m
[0;34m[1784656623.538] [11954:11956] [DMG] 				CommandFields = [0m
[0;34m[1784656623.538] [11954:11956] [DMG] 				{[0m
[0;34m[1784656623.538] [11954:11956] [DMG] 					0x0 = 0 (unsigned), [0m
[0;34m[1784656623.538] [11954:11956] [DMG] 					0x1 = "" (0 chars), [0m
[0;34m[1784656623.538] [11954:11956] [DMG] 				},[0m
[0;34m[1784656623.538] [11954:11956] [DMG] 			},[0m
[0;34m[1784656623.538] [11954:11956] [DMG] 			[0m
[0;34m[1784656623.538] [11954:11956] [DMG] 		},[0m
[0;34m[1784656623.538] [11954:11956] [DMG] 		[0m
[0;34m[1784656623.538] [11954:11956] [DMG] 	],[0m
[0;34m[1784656623.538] [11954:11956] [DMG] 	[0m
[0;34m[1784656623.538] [11954:11956] [DMG] 	InteractionModelRevision = 12[0m
[0;34m[1784656623.538] [11954:11956] [DMG] },[0m
[0;32m[1784656623.538] [11954:11956] [DMG] Received Command Response Data, Endpoint=0 Cluster=0x0000_0030 Command=0x0000_0001[0m
[0;32m[1784656623.538] [11954:11956] [TOO] Endpoint: 0 Cluster: 0x0000_0030 Command 0x0000_0001[0m
[0;32m[1784656623.538] [11954:11956] [TOO]   ArmFailSafeResponse: {[0m
[0;32m[1784656623.538] [11954:11956] [TOO]     errorCode: 0[0m
[0;32m[1784656623.538] [11954:11956] [TOO]     debugText: [0m
[0;32m[1784656623.538] [11954:11956] [TOO]    }[0m
[0;34m[1784656623.538] [11954:11956] [DMG] ICR moving to [AwaitingDe][0m
[0;32m[1784656623.538] [11954:11956] [EM] <<< [E:11733i S:15139 M:139500719 (Ack:112191499)] (S) Msg TX from 000000000001B669 to 1:0000000000000001 [67CF] [UDP:[fe80::bfe:a203:38f0:bce7%enp0s3]:5540] --- Type 0000:10 (SecureChannel:StandaloneAck) (B:34)[0m
[0;34m[1784656623.538] [11954:11956] [EM] Flushed pending ack for MessageCounter:112191499 on exchange 11733i[0m
[0;34m[1784656623.539] [11954:11954] [CTL] Shutting down the commissioner[0m
[0;32m[1784656623.539] [11954:11954] [PAF] WiFiPAF: Closing all WiFiPAF sessions to shutdown[0m
[0;34m[1784656623.539] [11954:11954] [CTL] Shutting down the controller[0m
[0;34m[1784656623.539] [11954:11954] [IN] Expiring all sessions for fabric 0x1!![0m
[0;34m[1784656623.539] [11954:11954] [IN] SecureSession[0x76d700009cd0]: MarkForEviction Type:2 LSID:15139[0m
[0;32m[1784656623.539] [11954:11954] [SC] SecureSession[0x76d700009cd0, LSID:15139]: State change 'kActive' --> 'kPendingEviction'[0m
[0;34m[1784656623.539] [11954:11954] [IN] SecureSession[0x76d700009cd0]: Released - Type:2 LSID:15139[0m
[0;32m[1784656623.539] [11954:11954] [FP] Forgetting fabric 0x1[0m
[0;32m[1784656623.539] [11954:11954] [TS] Pending Last Known Good Time: 2023-10-14T01:16:48[0m
[0;32m[1784656623.539] [11954:11954] [TS] Previous Last Known Good Time: 2023-10-14T01:16:48[0m
[0;32m[1784656623.539] [11954:11954] [TS] Reverted Last Known Good Time to previous value[0m
[0;34m[1784656623.539] [11954:11954] [CTL] Shutting down the commissioner[0m
[0;32m[1784656623.539] [11954:11954] [PAF] WiFiPAF: Closing all WiFiPAF sessions to shutdown[0m
[0;34m[1784656623.539] [11954:11954] [CTL] Shutting down the controller[0m
[0;34m[1784656623.539] [11954:11954] [CTL] Shutting down the System State, this will teardown the CHIP Stack[0m
[0;34m[1784656623.539] [11954:11954] [DMG] All ReadHandler-s are clean, clear GlobalDirtySet[0m
[0;32m[1784656623.539] [11954:11954] [FP] Shutting down FabricTable[0m
[0;32m[1784656623.539] [11954:11954] [TS] Pending Last Known Good Time: 2023-10-14T01:16:48[0m
[0;32m[1784656623.539] [11954:11954] [TS] Previous Last Known Good Time: 2023-10-14T01:16:48[0m
[0;32m[1784656623.539] [11954:11954] [TS] Reverted Last Known Good Time to previous value[0m
[0;34m[1784656623.541] [11954:11954] [DL] Wrote settings to /tmp/chip_counters.ini[0m
[0;32m[1784656623.541] [11954:11954] [DL] NVS set: chip-counters/total-operational-hours = 0 (0x0)[0m
[0;32m[1784656623.541] [11954:11954] [DL] Inet Layer shutdown[0m
[0;32m[1784656623.541] [11954:11954] [DL] BLE Layer shutdown[0m
[0;32m[1784656623.541] [11954:11954] [DL] WiFi-PAF Layer shutdown[0m
[0;32m[1784656623.541] [11954:11954] [PAF] WiFiPAF: Closing all WiFiPAF sessions to shutdown[0m
[0;32m[1784656623.541] [11954:11954] [DL] System Layer shutdown[0m
