[0;34m[1784656623.590] [11958:11958] [DL] ChipLinuxStorage::Init: Using KVS config file: /tmp/chip_tool_kvs[0m
[1;31m[1784656623.593] [11958:11958] [DL] ChipLinuxStorage::Init: Attempt to re-initialize with KVS config file: /tmp/chip_kvs, IGNORING.[0m
[0;34m[1784656623.594] [11958:11958] [DL] ChipLinuxStorage::Init: Using KVS config file: /tmp/chip_factory.ini[0m
[0;34m[1784656623.594] [11958:11958] [DL] ChipLinuxStorage::Init: Using KVS config file: /tmp/chip_config.ini[0m
[0;34m[1784656623.594] [11958:11958] [DL] ChipLinuxStorage::Init: Using KVS config file: /tmp/chip_counters.ini[0m
[0;34m[1784656623.598] [11958:11958] [DL] Wrote settings to /tmp/chip_counters.ini[0m
[0;32m[1784656623.598] [11958:11958] [DL] NVS set: chip-counters/reboot-count = 4 (0x4)[0m
[0;32m[1784656623.598] [11958:11958] [DL] Got Ethernet interface: enp0s3[0m
[0;32m[1784656623.598] [11958:11958] [DL] Found the primary Ethernet interface:enp0s3[0m
[1;31m[1784656623.598] [11958:11958] [DL] Failed to get WiFi interface[0m
[1;31m[1784656623.598] [11958:11958] [DL] Failed to reset WiFi statistic counts[0m
[0;32m[1784656623.598] [11958:11958] [PAF] WiFiPAF: WiFiPAFLayer::Init()[0m
[0;34m[1784656623.598] [11958:11958] [IN] UDP::Init bind&listen port=0[0m
[0;34m[1784656623.598] [11958:11958] [IN] UDP::Init bound to port=51975[0m
[0;34m[1784656623.598] [11958:11958] [IN] UDP::Init bind&listen port=0[0m
[0;34m[1784656623.598] [11958:11958] [IN] UDP::Init bound to port=57710[0m
[0;34m[1784656623.598] [11958:11958] [IN] BLEBase::Init - setting/overriding transport[0m
[0;34m[1784656623.598] [11958:11958] [IN] WiFiPAFBase::Init - setting/overriding transport[0m
[0;34m[1784656623.598] [11958:11958] [IN] TransportMgr initialized[0m
[0;34m[1784656623.598] [11958:11958] [FP] Initializing FabricTable from persistent storage[0m
[0;32m[1784656623.598] [11958:11958] [TS] Last Known Good Time: 2023-10-14T01:16:48[0m
[0;32m[1784656623.598] [11958:11958] [FP] Fabric index 0x1 was retrieved from storage. Compressed FabricId 0x5B0808D008C467CF, FabricId 0x0000000000000001, NodeId 0x000000000001B669, VendorId 0xFFF1[0m
[0;32m[1784656623.599] [11958:11958] [DMG] Ember attribute persistence requires setting up[0m
[0;32m[1784656623.599] [11958:11958] [ZCL] Using ZAP configuration...[0m
[0;34m[1784656623.600] [11958:11958] [CTL] System State Initialized...[0m
[0;32m[1784656623.600] [11958:11958] [CTL] Setting attestation nonce to random value[0m
[0;32m[1784656623.600] [11958:11958] [CTL] Setting CSR nonce to random value[0m
[0;34m[1784656623.600] [11958:11960] [DL] CHIP task running[0m
[0;32m[1784656623.600] [11958:11960] [CTL] Setting attestation nonce to random value[0m
[0;32m[1784656623.600] [11958:11960] [CTL] Setting CSR nonce to random value[0m
[0;32m[1784656623.600] [11958:11960] [CTL] Generating NOC[0m
[0;32m[1784656623.600] [11958:11960] [FP] Validating NOC chain[0m
[0;32m[1784656623.600] [11958:11960] [FP] NOC chain validation successful[0m
[0;32m[1784656623.600] [11958:11960] [FP] Updated fabric at index: 0x1, Node ID: 0x000000000001B669[0m
[0;32m[1784656623.600] [11958:11960] [TS] Last Known Good Time: 2023-10-14T01:16:48[0m
[0;32m[1784656623.600] [11958:11960] [TS] New proposed Last Known Good Time: 2021-01-01T00:00:00[0m
[0;32m[1784656623.600] [11958:11960] [TS] Retaining current Last Known Good Time[0m
[0;32m[1784656623.602] [11958:11960] [FP] Metadata for Fabric 0x1 persisted to storage.[0m
[0;32m[1784656623.603] [11958:11960] [TS] Committing Last Known Good Time to storage: 2023-10-14T01:16:48[0m
[0;32m[1784656623.604] [11958:11960] [CTL] Joined the fabric at index 1. Fabric ID is 0x0000000000000001 (Compressed Fabric ID: 5B0808D008C467CF)[0m
[0;32m[1784656623.609] [11958:11960] [TOO] Sending command to node 0x1[0m
[0;34m[1784656623.610] [11958:11960] [CSM] FindOrEstablishSession: PeerId = [1:0000000000000001][0m
[0;34m[1784656623.610] [11958:11960] [CSM] FindOrEstablishSession: No existing OperationalSessionSetup instance found[0m
[0;34m[1784656623.610] [11958:11960] [DIS] OperationalSessionSetup[1:0000000000000001]: State change 1 --> 2[0m
[0;32m[1784656623.610] [11958:11960] [DIS] Lookup started for 5B0808D008C467CF-0000000000000001[0m
[0;32m[1784656623.610] [11958:11960] [DIS] UDP:[fe80::bfe:a203:38f0:bce7%enp0s3]:5540: new best score: 7 (for 5B0808D008C467CF-0000000000000001)[0m
[0;34m[1784656623.610] [11958:11960] [DIS] Lookup clearing interface for non LL address[0m
[0;32m[1784656623.610] [11958:11960] [DIS] UDP:10.0.2.15%enp0s3:5540: new best score: 2 (for 5B0808D008C467CF-0000000000000001)[0m
[0;32m[1784656623.610] [11958:11960] [DIS] Checking node lookup status for 5B0808D008C467CF-0000000000000001 after 0 ms[0m
[0;32m[1784656623.610] [11958:11960] [DIS] Keeping DNSSD lookup active[0m
[0;32m[1784656623.610] [11958:11960] [DIS] UDP:[fe80::bfe:a203:38f0:bce7%enp0s3]:5540: score has not improved: 7 (for 5B0808D008C467CF-0000000000000001)[0m
[0;34m[1784656623.610] [11958:11960] [DIS] Lookup clearing interface for non LL address[0m
[0;32m[1784656623.610] [11958:11960] [DIS] UDP:10.0.2.15%enp0s3:5540: score has not improved: 2 (for 5B0808D008C467CF-0000000000000001)[0m
[0;32m[1784656623.610] [11958:11960] [DIS] Checking node lookup status for 5B0808D008C467CF-0000000000000001 after 0 ms[0m
[0;32m[1784656623.610] [11958:11960] [DIS] Keeping DNSSD lookup active[0m
[0;32m[1784656623.812] [11958:11960] [DIS] Checking node lookup status for 5B0808D008C467CF-0000000000000001 after 203 ms[0m
[0;34m[1784656623.812] [11958:11960] [DIS] OperationalSessionSetup[1:0000000000000001]: Updating device address to UDP:[fe80::bfe:a203:38f0:bce7%enp0s3]:5540 while in state 2[0m
[0;34m[1784656623.812] [11958:11960] [DIS] OperationalSessionSetup[1:0000000000000001]: State change 2 --> 3[0m
[0;34m[1784656623.812] [11958:11960] [IN] SecureSession[0x7a17b0009cd0]: Allocated Type:2 LSID:35354[0m
[0;32m[1784656623.812] [11958:11960] [SC] Initiating session on local FabricIndex 1 from 0x000000000001B669 -> 0x0000000000000001[0m
[0;32m[1784656623.813] [11958:11960] [EM] <<< [E:3963i S:0 M:135055713] (U) Msg TX from 36CF35F509F50D47 to 0:0000000000000000 [0000] [UDP:[fe80::bfe:a203:38f0:bce7%enp0s3]:5540] --- Type 0000:30 (SecureChannel:CASE_Sigma1) (B:196)[0m
[0;32m[1784656623.813] [11958:11960] [EM] ??1 [E:3963i S:0 M:135055713] (U) Msg Retransmission to 0:0000000000000000 scheduled for 616ms from now [State:Idle II:500 AI:300 AT:4000][0m
[0;32m[1784656623.813] [11958:11960] [SC] Sent Sigma1 msg to <0000000000000001, 1> [II:500ms AI:300ms AT:4000ms][0m
[0;34m[1784656623.813] [11958:11960] [DIS] OperationalSessionSetup[1:0000000000000001]: State change 3 --> 4[0m
[0;32m[1784656623.814] [11958:11960] [EM] >>> [E:3963i S:0 M:221205310 (Ack:135055713)] (U) Msg RX from 0:0000000000000000 [0000] to 36CF35F509F50D47 --- Type 0000:31 (SecureChannel:CASE_Sigma2) (B:751)[0m
[0;34m[1784656623.814] [11958:11960] [EM] Found matching exchange: 3963i, Delegate: 0x7a17b000b8e8[0m
[0;34m[1784656623.814] [11958:11960] [EM] Rxd Ack; Removing MessageCounter:135055713 from Retrans Table on exchange 3963i[0m
[0;32m[1784656623.814] [11958:11960] [SC] Received Sigma2 msg[0m
[0;34m[1784656623.814] [11958:11960] [SC] Found MRP parameters in the message[0m
[0;34m[1784656623.815] [11958:11960] [SC] Peer <0000000000000001, 1> assigned session ID 35679[0m
[0;34m[1784656623.815] [11958:11960] [SC] Sending Sigma3[0m
[0;32m[1784656623.815] [11958:11960] [EM] <<< [E:3963i S:0 M:135055714 (Ack:221205310)] (U) Msg TX from 36CF35F509F50D47 to 0:0000000000000000 [0000] [UDP:[fe80::bfe:a203:38f0:bce7%enp0s3]:5540] --- Type 0000:32 (SecureChannel:CASE_Sigma3) (B:598)[0m
[0;32m[1784656623.815] [11958:11960] [EM] ??1 [E:3963i S:0 M:135055714] (U) Msg Retransmission to 0:0000000000000000 scheduled for 351ms from now [State:Active II:500 AI:300 AT:4000][0m
[0;32m[1784656623.816] [11958:11960] [SC] Sent Sigma3 msg[0m
[0;32m[1784656623.824] [11958:11960] [EM] >>> [E:3963i S:0 M:221205311 (Ack:135055714)] (U) Msg RX from 0:0000000000000000 [0000] to 36CF35F509F50D47 --- Type 0000:40 (SecureChannel:StatusReport) (B:34)[0m
[0;34m[1784656623.824] [11958:11960] [EM] Found matching exchange: 3963i, Delegate: 0x7a17b000b8e8[0m
[0;34m[1784656623.824] [11958:11960] [EM] Rxd Ack; Removing MessageCounter:135055714 from Retrans Table on exchange 3963i[0m
[0;32m[1784656623.824] [11958:11960] [SC] Success status report received. Session was established[0m
[0;32m[1784656623.825] [11958:11960] [SC] SecureSession[0x7a17b0009cd0, LSID:35354]: State change 'kEstablishing' --> 'kActive'[0m
[0;34m[1784656623.825] [11958:11960] [IN] SecureSession[0x7a17b0009cd0]: Activated - Type:2 LSID:35354[0m
[0;34m[1784656623.825] [11958:11960] [IN] New secure session activated for device <0000000000000001, 1>, LSID:35354 PSID:35679![0m
[0;34m[1784656623.825] [11958:11960] [DIS] OperationalSessionSetup[1:0000000000000001]: State change 4 --> 5[0m
[0;32m[1784656623.825] [11958:11960] [TOO] Sending cluster (0x0000003E) command (0x00000004) on endpoint 0[0m
[0;34m[1784656623.825] [11958:11960] [DMG] ICR moving to [AddingComm][0m
[0;34m[1784656623.825] [11958:11960] [DMG] ICR moving to [AddedComma][0m
[0;32m[1784656623.825] [11958:11960] [EM] <<< [E:3964i S:35354 M:216866088] (S) Msg TX from 000000000001B669 to 1:0000000000000001 [67CF] [UDP:[fe80::bfe:a203:38f0:bce7%enp0s3]:5540] --- Type 0001:08 (IM:InvokeCommandRequest) (B:96)[0m
[0;32m[1784656623.825] [11958:11960] [EM] ??1 [E:3964i S:35354 M:216866088] (S) Msg Retransmission to 1:0000000000000001 scheduled for 337ms from now [State:Active II:500 AI:300 AT:4000][0m
[0;34m[1784656623.825] [11958:11960] [DMG] ICR moving to [AwaitingRe][0m
[0;32m[1784656623.825] [11958:11960] [EM] <<< [E:3963i S:0 M:135055715 (Ack:221205311)] (U) Msg TX from 36CF35F509F50D47 to 0:0000000000000000 [0000] [UDP:[fe80::bfe:a203:38f0:bce7%enp0s3]:5540] --- Type 0000:10 (SecureChannel:StandaloneAck) (B:26)[0m
[0;34m[1784656623.825] [11958:11960] [EM] Flushed pending ack for MessageCounter:221205311 on exchange 3963i[0m
[0;32m[1784656623.826] [11958:11960] [EM] >>> [E:3964i S:35354 M:180986307 (Ack:216866088)] (S) Msg RX from 1:0000000000000001 [67CF] to 000000000001B669 --- Type 0001:09 (IM:InvokeCommandResponse) (B:377)[0m
[0;34m[1784656623.826] [11958:11960] [EM] Found matching exchange: 3964i, Delegate: 0x7a17b000eef8[0m
[0;34m[1784656623.826] [11958:11960] [EM] Rxd Ack; Removing MessageCounter:216866088 from Retrans Table on exchange 3964i[0m
[0;34m[1784656623.826] [11958:11960] [DMG] ICR moving to [ResponseRe][0m
[0;34m[1784656623.826] [11958:11960] [DMG] InvokeResponseMessage =[0m
[0;34m[1784656623.826] [11958:11960] [DMG] {[0m
[0;34m[1784656623.826] [11958:11960] [DMG] 	suppressResponse = false, [0m
[0;34m[1784656623.826] [11958:11960] [DMG] 	InvokeResponseIBs =[0m
[0;34m[1784656623.826] [11958:11960] [DMG] 	[[0m
[0;34m[1784656623.826] [11958:11960] [DMG] 		InvokeResponseIB =[0m
[0;34m[1784656623.826] [11958:11960] [DMG] 		{[0m
[0;34m[1784656623.826] [11958:11960] [DMG] 			CommandDataIB =[0m
[0;34m[1784656623.826] [11958:11960] [DMG] 			{[0m
[0;34m[1784656623.826] [11958:11960] [DMG] 				CommandPathIB =[0m
[0;34m[1784656623.826] [11958:11960] [DMG] 				{[0m
[0;34m[1784656623.826] [11958:11960] [DMG] 					EndpointId = 0x0,[0m
[0;34m[1784656623.826] [11958:11960] [DMG] 					ClusterId = 0x3e,[0m
[0;34m[1784656623.826] [11958:11960] [DMG] 					CommandId = 0x5,[0m
[0;34m[1784656623.826] [11958:11960] [DMG] 				},[0m
[0;34m[1784656623.826] [11958:11960] [DMG] 				[0m
[0;34m[1784656623.826] [11958:11960] [DMG] 				CommandFields = [0m
[0;34m[1784656623.826] [11958:11960] [DMG] 				{[0m
[0;34m[1784656623.826] [11958:11960] [DMG] 					0x0 = [[0m
[0;34m[1784656623.826] [11958:11960] [DMG] 							0x15, 0x30, 0x01, 0xcb, 0x30, 0x81, 0xc8, 0x30, 0x70, 0x02, 0x01, 0x00, 0x30, 0x0e, 0x31, 0x0c, 0x30, 0x0a, 0x06, 0x03, 0x55, 0x04, 0x0a, 0x0c, 0x03, 0x43, 0x53, 0x52, 0x30, 0x59, 0x30, 0x13, 0x06, 0x07, 0x2a, 0x86, 0x48, 0xce, 0x3d, 0x02, 0x01, 0x06, 0x08, 0x2a, 0x86, 0x48, 0xce, 0x3d, 0x03, 0x01, 0x07, 0x03, 0x42, 0x00, 0x04, 0x21, 0xd8, 0x33, 0x40, 0xc4, 0x98, 0x01, 0xd8, 0x23, 0x1f, 0x5d, 0x49, 0x86, 0xba, 0x26, 0xb0, 0x2d, 0x2b, 0x4e, 0x50, 0xca, 0x18, 0x30, 0x61, 0x73, 0x6a, 0xef, 0xc8, 0x0f, 0x62, 0xfd, 0x46, 0xc1, 0x5d, 0xa0, 0x59, 0xc5, 0x9a, 0x16, 0x20, 0x55, 0x17, 0x69, 0xf5, 0xcc, 0x38, 0x3b, 0xcd, 0x63, 0x8f, 0xa0, 0x63, 0x2a, 0x06, 0x3e, 0x2d, 0xa0, 0x06, 0x58, 0x86, 0x7f, 0x66, 0xe7, 0xac, 0xa0, 0x00, 0x30, 0x0a, 0x06, 0x08, 0x2a, 0x86, 0x48, 0xce, 0x3d, 0x04, 0x03, 0x02, 0x03, 0x48, 0x00, 0x30, 0x45, 0x02, 0x21, 0x00, 0xf1, 0xc3, 0x91, 0x66, 0xd5, 0xce, 0xe2, 0xb7, 0x26, 0xad, 0x49, 0xe5, 0x71, 0xf3, 0x62, 0x83, 0x25, 0x01, 0xbb, 0xb1, 0xd5, 0x5f, 0x8d, 0x9e, 0x9a, 0x50, 0x5b, 0x5a, 0x08, 0xa5, 0x80, 0x9c, 0x02, 0x20, 0x7f, 0x9a, 0xf3, 0xfe, 0x0a, 0xb6, 0x81, 0x50, 0x32, 0xc5, 0xfd, 0x2a, 0xfd, 0xcd, 0x80, 0xeb, 0xd1, 0xe9, 0xf0, 0xce, 0xd4, 0x2b, 0x2b, 0x47, 0xd1, 0xd9, 0xcf, 0x91, 0xc2, 0x38, 0xa8, 0x51, 0x30, 0x02, 0x20, 0x87, 0x2f, 0x2a, 0xd7, 0xef, 0xba, 0x98, 0x9a, 0x3c, 0x23, 0x1d, 0x87, 0x1c, 0x02, 0x5e, 0x45, 0x4f, 0x38, 0x88, 0xb0, 0xce, 0xe5, 0xe6, 0x4b, 0x0a, 0x46, 0xa9, 0x75, 0x55, 0x1f, 0xaf, 0x25, 0x18, [0m
[0;34m[1784656623.826] [11958:11960] [DMG] 					] (243 bytes)[0m
[0;34m[1784656623.826] [11958:11960] [DMG] 					0x1 = [[0m
[0;34m[1784656623.826] [11958:11960] [DMG] 							0x1c, 0x9e, 0x2d, 0x62, 0xba, 0xa9, 0xc9, 0x7a, 0xfa, 0xee, 0xda, 0x71, 0xf3, 0xf2, 0xd2, 0xac, 0xab, 0x31, 0xd8, 0x4f, 0xb2, 0x32, 0x4e, 0xf8, 0x62, 0xce, 0xac, 0xa1, 0xd0, 0x9b, 0xb9, 0x16, 0x49, 0x01, 0x91, 0xd8, 0x26, 0xfd, 0x52, 0xc7, 0x3c, 0x44, 0x37, 0xf3, 0x15, 0x2c, 0xd4, 0x3d, 0xf2, 0xea, 0x36, 0xf9, 0xe5, 0xfe, 0x89, 0x40, 0x65, 0xd0, 0x7e, 0x4a, 0x01, 0xd8, 0x71, 0x75, [0m
[0;34m[1784656623.826] [11958:11960] [DMG] 					] (64 bytes)[0m
[0;34m[1784656623.826] [11958:11960] [DMG] 				},[0m
[0;34m[1784656623.826] [11958:11960] [DMG] 			},[0m
[0;34m[1784656623.826] [11958:11960] [DMG] 			[0m
[0;34m[1784656623.826] [11958:11960] [DMG] 		},[0m
[0;34m[1784656623.826] [11958:11960] [DMG] 		[0m
[0;34m[1784656623.826] [11958:11960] [DMG] 	],[0m
[0;34m[1784656623.826] [11958:11960] [DMG] 	[0m
[0;34m[1784656623.826] [11958:11960] [DMG] 	InteractionModelRevision = 12[0m
[0;34m[1784656623.826] [11958:11960] [DMG] },[0m
[0;32m[1784656623.826] [11958:11960] [DMG] Received Command Response Data, Endpoint=0 Cluster=0x0000_003E Command=0x0000_0005[0m
[0;32m[1784656623.826] [11958:11960] [TOO] Endpoint: 0 Cluster: 0x0000_003E Command 0x0000_0005[0m
[0;32m[1784656623.826] [11958:11960] [TOO]   CSRResponse: {[0m
[0;32m[1784656623.826] [11958:11960] [TOO]     NOCSRElements: 153001CB3081C83070020100300E310C300A060355040A0C034353523059301306072A8648CE3D020106082A8648CE3D0301070342000421D83340C49801D8231F5D4986BA26B02D2B4E50CA183061736AEFC80F62FD46C15DA059C59A1620551769F5CC383BCD638FA0632A063E2DA00658867F66E7ACA000300A06082A8648CE3D0403020348003045022100F1C39166D5CEE2B726AD49E571F362832501BBB1D55F8D9E9A505B5A08A5809C02207F9AF3FE0AB6815032C5FD2AFDCD80EBD1E9F0CED42B2B47D1D9CF91C238A851300220872F2AD7EFBA989A3C231D871C025E454F3888B0CEE5E64B0A46A975551FAF2518[0m
[0;32m[1784656623.826] [11958:11960] [TOO]     attestationSignature: 1C9E2D62BAA9C97AFAEEDA71F3F2D2ACAB31D84FB2324EF862CEACA1D09BB916490191D826FD52C73C4437F3152CD43DF2EA36F9E5FE894065D07E4A01D87175[0m
[0;32m[1784656623.826] [11958:11960] [TOO]    }[0m
[0;34m[1784656623.826] [11958:11960] [DMG] ICR moving to [AwaitingDe][0m
[0;32m[1784656623.826] [11958:11960] [EM] <<< [E:3964i S:35354 M:216866089 (Ack:180986307)] (S) Msg TX from 000000000001B669 to 1:0000000000000001 [67CF] [UDP:[fe80::bfe:a203:38f0:bce7%enp0s3]:5540] --- Type 0000:10 (SecureChannel:StandaloneAck) (B:34)[0m
[0;34m[1784656623.826] [11958:11960] [EM] Flushed pending ack for MessageCounter:180986307 on exchange 3964i[0m
[0;34m[1784656623.826] [11958:11958] [CTL] Shutting down the commissioner[0m
[0;32m[1784656623.826] [11958:11958] [PAF] WiFiPAF: Closing all WiFiPAF sessions to shutdown[0m
[0;34m[1784656623.826] [11958:11958] [CTL] Shutting down the controller[0m
[0;34m[1784656623.826] [11958:11958] [IN] Expiring all sessions for fabric 0x1!![0m
[0;34m[1784656623.826] [11958:11958] [IN] SecureSession[0x7a17b0009cd0]: MarkForEviction Type:2 LSID:35354[0m
[0;32m[1784656623.826] [11958:11958] [SC] SecureSession[0x7a17b0009cd0, LSID:35354]: State change 'kActive' --> 'kPendingEviction'[0m
[0;34m[1784656623.826] [11958:11958] [IN] SecureSession[0x7a17b0009cd0]: Released - Type:2 LSID:35354[0m
[0;32m[1784656623.826] [11958:11958] [FP] Forgetting fabric 0x1[0m
[0;32m[1784656623.827] [11958:11958] [TS] Pending Last Known Good Time: 2023-10-14T01:16:48[0m
[0;32m[1784656623.827] [11958:11958] [TS] Previous Last Known Good Time: 2023-10-14T01:16:48[0m
[0;32m[1784656623.827] [11958:11958] [TS] Reverted Last Known Good Time to previous value[0m
[0;34m[1784656623.827] [11958:11958] [CTL] Shutting down the commissioner[0m
[0;32m[1784656623.827] [11958:11958] [PAF] WiFiPAF: Closing all WiFiPAF sessions to shutdown[0m
[0;34m[1784656623.827] [11958:11958] [CTL] Shutting down the controller[0m
[0;34m[1784656623.827] [11958:11958] [CTL] Shutting down the System State, this will teardown the CHIP Stack[0m
[0;34m[1784656623.827] [11958:11958] [DMG] All ReadHandler-s are clean, clear GlobalDirtySet[0m
[0;32m[1784656623.827] [11958:11958] [FP] Shutting down FabricTable[0m
[0;32m[1784656623.827] [11958:11958] [TS] Pending Last Known Good Time: 2023-10-14T01:16:48[0m
[0;32m[1784656623.827] [11958:11958] [TS] Previous Last Known Good Time: 2023-10-14T01:16:48[0m
[0;32m[1784656623.827] [11958:11958] [TS] Reverted Last Known Good Time to previous value[0m
[0;34m[1784656623.830] [11958:11958] [DL] Wrote settings to /tmp/chip_counters.ini[0m
[0;32m[1784656623.830] [11958:11958] [DL] NVS set: chip-counters/total-operational-hours = 0 (0x0)[0m
[0;32m[1784656623.830] [11958:11958] [DL] Inet Layer shutdown[0m
[0;32m[1784656623.830] [11958:11958] [DL] BLE Layer shutdown[0m
[0;32m[1784656623.830] [11958:11958] [DL] WiFi-PAF Layer shutdown[0m
[0;32m[1784656623.830] [11958:11958] [PAF] WiFiPAF: Closing all WiFiPAF sessions to shutdown[0m
[0;32m[1784656623.830] [11958:11958] [DL] System Layer shutdown[0m
