[0;34m[1784656624.231] [11971:11971] [DL] ChipLinuxStorage::Init: Using KVS config file: /tmp/chip_tool_kvs[0m
[1;31m[1784656624.232] [11971:11971] [DL] ChipLinuxStorage::Init: Attempt to re-initialize with KVS config file: /tmp/chip_kvs, IGNORING.[0m
[0;34m[1784656624.233] [11971:11971] [DL] ChipLinuxStorage::Init: Using KVS config file: /tmp/chip_factory.ini[0m
[0;34m[1784656624.233] [11971:11971] [DL] ChipLinuxStorage::Init: Using KVS config file: /tmp/chip_config.ini[0m
[0;34m[1784656624.233] [11971:11971] [DL] ChipLinuxStorage::Init: Using KVS config file: /tmp/chip_counters.ini[0m
[0;34m[1784656624.236] [11971:11971] [DL] Wrote settings to /tmp/chip_counters.ini[0m
[0;32m[1784656624.236] [11971:11971] [DL] NVS set: chip-counters/reboot-count = 6 (0x6)[0m
[0;32m[1784656624.236] [11971:11971] [DL] Got Ethernet interface: enp0s3[0m
[0;32m[1784656624.236] [11971:11971] [DL] Found the primary Ethernet interface:enp0s3[0m
[1;31m[1784656624.237] [11971:11971] [DL] Failed to get WiFi interface[0m
[1;31m[1784656624.237] [11971:11971] [DL] Failed to reset WiFi statistic counts[0m
[0;32m[1784656624.237] [11971:11971] [PAF] WiFiPAF: WiFiPAFLayer::Init()[0m
[0;34m[1784656624.237] [11971:11971] [IN] UDP::Init bind&listen port=0[0m
[0;34m[1784656624.237] [11971:11971] [IN] UDP::Init bound to port=55767[0m
[0;34m[1784656624.237] [11971:11971] [IN] UDP::Init bind&listen port=0[0m
[0;34m[1784656624.237] [11971:11971] [IN] UDP::Init bound to port=58209[0m
[0;34m[1784656624.237] [11971:11971] [IN] BLEBase::Init - setting/overriding transport[0m
[0;34m[1784656624.237] [11971:11971] [IN] WiFiPAFBase::Init - setting/overriding transport[0m
[0;34m[1784656624.237] [11971:11971] [IN] TransportMgr initialized[0m
[0;34m[1784656624.237] [11971:11971] [FP] Initializing FabricTable from persistent storage[0m
[0;32m[1784656624.237] [11971:11971] [TS] Last Known Good Time: 2023-10-14T01:16:48[0m
[0;32m[1784656624.237] [11971:11971] [FP] Fabric index 0x1 was retrieved from storage. Compressed FabricId 0x5B0808D008C467CF, FabricId 0x0000000000000001, NodeId 0x000000000001B669, VendorId 0xFFF1[0m
[0;32m[1784656624.238] [11971:11971] [DMG] Ember attribute persistence requires setting up[0m
[0;32m[1784656624.238] [11971:11971] [ZCL] Using ZAP configuration...[0m
[0;34m[1784656624.238] [11971:11971] [CTL] System State Initialized...[0m
[0;32m[1784656624.238] [11971:11971] [CTL] Setting attestation nonce to random value[0m
[0;32m[1784656624.238] [11971:11971] [CTL] Setting CSR nonce to random value[0m
[0;34m[1784656624.239] [11971:11973] [DL] CHIP task running[0m
[0;32m[1784656624.239] [11971:11973] [CTL] Setting attestation nonce to random value[0m
[0;32m[1784656624.239] [11971:11973] [CTL] Setting CSR nonce to random value[0m
[0;32m[1784656624.239] [11971:11973] [CTL] Generating NOC[0m
[0;32m[1784656624.239] [11971:11973] [FP] Validating NOC chain[0m
[0;32m[1784656624.239] [11971:11973] [FP] NOC chain validation successful[0m
[0;32m[1784656624.239] [11971:11973] [FP] Updated fabric at index: 0x1, Node ID: 0x000000000001B669[0m
[0;32m[1784656624.239] [11971:11973] [TS] Last Known Good Time: 2023-10-14T01:16:48[0m
[0;32m[1784656624.239] [11971:11973] [TS] New proposed Last Known Good Time: 2021-01-01T00:00:00[0m
[0;32m[1784656624.239] [11971:11973] [TS] Retaining current Last Known Good Time[0m
[0;32m[1784656624.241] [11971:11973] [FP] Metadata for Fabric 0x1 persisted to storage.[0m
[0;32m[1784656624.241] [11971:11973] [TS] Committing Last Known Good Time to storage: 2023-10-14T01:16:48[0m
[0;32m[1784656624.242] [11971:11973] [CTL] Joined the fabric at index 1. Fabric ID is 0x0000000000000001 (Compressed Fabric ID: 5B0808D008C467CF)[0m
[0;32m[1784656624.245] [11971:11973] [TOO] Sending command to node 0x1[0m
[0;34m[1784656624.245] [11971:11973] [CSM] FindOrEstablishSession: PeerId = [1:0000000000000001][0m
[0;34m[1784656624.245] [11971:11973] [CSM] FindOrEstablishSession: No existing OperationalSessionSetup instance found[0m
[0;34m[1784656624.245] [11971:11973] [DIS] OperationalSessionSetup[1:0000000000000001]: State change 1 --> 2[0m
[0;32m[1784656624.246] [11971:11973] [DIS] Lookup started for 5B0808D008C467CF-0000000000000001[0m
[0;32m[1784656624.246] [11971:11973] [DIS] UDP:[fe80::bfe:a203:38f0:bce7%enp0s3]:5540: new best score: 7 (for 5B0808D008C467CF-0000000000000001)[0m
[0;34m[1784656624.246] [11971:11973] [DIS] Lookup clearing interface for non LL address[0m
[0;32m[1784656624.246] [11971:11973] [DIS] UDP:10.0.2.15%enp0s3:5540: new best score: 2 (for 5B0808D008C467CF-0000000000000001)[0m
[0;32m[1784656624.246] [11971:11973] [DIS] Checking node lookup status for 5B0808D008C467CF-0000000000000001 after 1 ms[0m
[0;32m[1784656624.246] [11971:11973] [DIS] Keeping DNSSD lookup active[0m
[0;32m[1784656624.246] [11971:11973] [DIS] UDP:[fe80::bfe:a203:38f0:bce7%enp0s3]:5540: score has not improved: 7 (for 5B0808D008C467CF-0000000000000001)[0m
[0;34m[1784656624.246] [11971:11973] [DIS] Lookup clearing interface for non LL address[0m
[0;32m[1784656624.246] [11971:11973] [DIS] UDP:10.0.2.15%enp0s3:5540: score has not improved: 2 (for 5B0808D008C467CF-0000000000000001)[0m
[0;32m[1784656624.246] [11971:11973] [DIS] Checking node lookup status for 5B0808D008C467CF-0000000000000001 after 1 ms[0m
[0;32m[1784656624.246] [11971:11973] [DIS] Keeping DNSSD lookup active[0m
[0;32m[1784656624.450] [11971:11973] [DIS] Checking node lookup status for 5B0808D008C467CF-0000000000000001 after 205 ms[0m
[0;34m[1784656624.450] [11971:11973] [DIS] OperationalSessionSetup[1:0000000000000001]: Updating device address to UDP:[fe80::bfe:a203:38f0:bce7%enp0s3]:5540 while in state 2[0m
[0;34m[1784656624.450] [11971:11973] [DIS] OperationalSessionSetup[1:0000000000000001]: State change 2 --> 3[0m
[0;34m[1784656624.450] [11971:11973] [IN] SecureSession[0x7413ec009cd0]: Allocated Type:2 LSID:37950[0m
[0;32m[1784656624.450] [11971:11973] [SC] Initiating session on local FabricIndex 1 from 0x000000000001B669 -> 0x0000000000000001[0m
[0;32m[1784656624.450] [11971:11973] [EM] <<< [E:17104i S:0 M:143137563] (U) Msg TX from AE350F69CEC49227 to 0:0000000000000000 [0000] [UDP:[fe80::bfe:a203:38f0:bce7%enp0s3]:5540] --- Type 0000:30 (SecureChannel:CASE_Sigma1) (B:196)[0m
[0;32m[1784656624.450] [11971:11973] [EM] ??1 [E:17104i S:0 M:143137563] (U) Msg Retransmission to 0:0000000000000000 scheduled for 628ms from now [State:Idle II:500 AI:300 AT:4000][0m
[0;32m[1784656624.450] [11971:11973] [SC] Sent Sigma1 msg to <0000000000000001, 1> [II:500ms AI:300ms AT:4000ms][0m
[0;34m[1784656624.450] [11971:11973] [DIS] OperationalSessionSetup[1:0000000000000001]: State change 3 --> 4[0m
[0;32m[1784656624.451] [11971:11973] [EM] >>> [E:17104i S:0 M:221205314 (Ack:143137563)] (U) Msg RX from 0:0000000000000000 [0000] to AE350F69CEC49227 --- Type 0000:31 (SecureChannel:CASE_Sigma2) (B:751)[0m
[0;34m[1784656624.451] [11971:11973] [EM] Found matching exchange: 17104i, Delegate: 0x7413ec00b8e8[0m
[0;34m[1784656624.451] [11971:11973] [EM] Rxd Ack; Removing MessageCounter:143137563 from Retrans Table on exchange 17104i[0m
[0;32m[1784656624.451] [11971:11973] [SC] Received Sigma2 msg[0m
[0;34m[1784656624.451] [11971:11973] [SC] Found MRP parameters in the message[0m
[0;34m[1784656624.452] [11971:11973] [SC] Peer <0000000000000001, 1> assigned session ID 35681[0m
[0;34m[1784656624.453] [11971:11973] [SC] Sending Sigma3[0m
[0;32m[1784656624.453] [11971:11973] [EM] <<< [E:17104i S:0 M:143137564 (Ack:221205314)] (U) Msg TX from AE350F69CEC49227 to 0:0000000000000000 [0000] [UDP:[fe80::bfe:a203:38f0:bce7%enp0s3]:5540] --- Type 0000:32 (SecureChannel:CASE_Sigma3) (B:598)[0m
[0;32m[1784656624.455] [11971:11973] [EM] ??1 [E:17104i S:0 M:143137564] (U) Msg Retransmission to 0:0000000000000000 scheduled for 386ms from now [State:Active II:500 AI:300 AT:4000][0m
[0;32m[1784656624.455] [11971:11973] [SC] Sent Sigma3 msg[0m
[0;32m[1784656624.464] [11971:11973] [EM] >>> [E:17104i S:0 M:221205315 (Ack:143137564)] (U) Msg RX from 0:0000000000000000 [0000] to AE350F69CEC49227 --- Type 0000:40 (SecureChannel:StatusReport) (B:34)[0m
[0;34m[1784656624.464] [11971:11973] [EM] Found matching exchange: 17104i, Delegate: 0x7413ec00b8e8[0m
[0;34m[1784656624.464] [11971:11973] [EM] Rxd Ack; Removing MessageCounter:143137564 from Retrans Table on exchange 17104i[0m
[0;32m[1784656624.464] [11971:11973] [SC] Success status report received. Session was established[0m
[0;32m[1784656624.465] [11971:11973] [SC] SecureSession[0x7413ec009cd0, LSID:37950]: State change 'kEstablishing' --> 'kActive'[0m
[0;34m[1784656624.465] [11971:11973] [IN] SecureSession[0x7413ec009cd0]: Activated - Type:2 LSID:37950[0m
[0;34m[1784656624.465] [11971:11973] [IN] New secure session activated for device <0000000000000001, 1>, LSID:37950 PSID:35681![0m
[0;34m[1784656624.465] [11971:11973] [DIS] OperationalSessionSetup[1:0000000000000001]: State change 4 --> 5[0m
[0;32m[1784656624.465] [11971:11973] [TOO] Sending cluster (0x0000003E) command (0x00000007) on endpoint 0[0m
[0;34m[1784656624.465] [11971:11973] [DMG] ICR moving to [AddingComm][0m
[0;34m[1784656624.465] [11971:11973] [DMG] ICR moving to [AddedComma][0m
[0;32m[1784656624.465] [11971:11973] [EM] <<< [E:17105i S:37950 M:258633600] (S) Msg TX from 000000000001B669 to 1:0000000000000001 [67CF] [UDP:[fe80::bfe:a203:38f0:bce7%enp0s3]:5540] --- Type 0001:08 (IM:InvokeCommandRequest) (B:330)[0m
[0;32m[1784656624.465] [11971:11973] [EM] ??1 [E:17105i S:37950 M:258633600] (S) Msg Retransmission to 1:0000000000000001 scheduled for 377ms from now [State:Active II:500 AI:300 AT:4000][0m
[0;34m[1784656624.465] [11971:11973] [DMG] ICR moving to [AwaitingRe][0m
[0;32m[1784656624.465] [11971:11973] [EM] <<< [E:17104i S:0 M:143137565 (Ack:221205315)] (U) Msg TX from AE350F69CEC49227 to 0:0000000000000000 [0000] [UDP:[fe80::bfe:a203:38f0:bce7%enp0s3]:5540] --- Type 0000:10 (SecureChannel:StandaloneAck) (B:26)[0m
[0;34m[1784656624.465] [11971:11973] [EM] Flushed pending ack for MessageCounter:221205315 on exchange 17104i[0m
[0;32m[1784656624.474] [11971:11973] [EM] >>> [E:17105i S:37950 M:88147265 (Ack:258633600)] (S) Msg RX from 1:0000000000000001 [67CF] to 000000000001B669 --- Type 0001:09 (IM:InvokeCommandResponse) (B:70)[0m
[0;34m[1784656624.474] [11971:11973] [EM] Found matching exchange: 17105i, Delegate: 0x7413ec00eef8[0m
[0;34m[1784656624.474] [11971:11973] [EM] Rxd Ack; Removing MessageCounter:258633600 from Retrans Table on exchange 17105i[0m
[0;34m[1784656624.474] [11971:11973] [DMG] ICR moving to [ResponseRe][0m
[0;34m[1784656624.474] [11971:11973] [DMG] InvokeResponseMessage =[0m
[0;34m[1784656624.474] [11971:11973] [DMG] {[0m
[0;34m[1784656624.474] [11971:11973] [DMG] 	suppressResponse = false, [0m
[0;34m[1784656624.474] [11971:11973] [DMG] 	InvokeResponseIBs =[0m
[0;34m[1784656624.474] [11971:11973] [DMG] 	[[0m
[0;34m[1784656624.474] [11971:11973] [DMG] 		InvokeResponseIB =[0m
[0;34m[1784656624.474] [11971:11973] [DMG] 		{[0m
[0;34m[1784656624.474] [11971:11973] [DMG] 			CommandDataIB =[0m
[0;34m[1784656624.474] [11971:11973] [DMG] 			{[0m
[0;34m[1784656624.474] [11971:11973] [DMG] 				CommandPathIB =[0m
[0;34m[1784656624.474] [11971:11973] [DMG] 				{[0m
[0;34m[1784656624.474] [11971:11973] [DMG] 					EndpointId = 0x0,[0m
[0;34m[1784656624.474] [11971:11973] [DMG] 					ClusterId = 0x3e,[0m
[0;34m[1784656624.474] [11971:11973] [DMG] 					CommandId = 0x8,[0m
[0;34m[1784656624.474] [11971:11973] [DMG] 				},[0m
[0;34m[1784656624.474] [11971:11973] [DMG] 				[0m
[0;34m[1784656624.474] [11971:11973] [DMG] 				CommandFields = [0m
[0;34m[1784656624.474] [11971:11973] [DMG] 				{[0m
[0;34m[1784656624.474] [11971:11973] [DMG] 					0x0 = 0 (unsigned), [0m
[0;34m[1784656624.474] [11971:11973] [DMG] 					0x1 = 1 (unsigned), [0m
[0;34m[1784656624.474] [11971:11973] [DMG] 				},[0m
[0;34m[1784656624.474] [11971:11973] [DMG] 			},[0m
[0;34m[1784656624.474] [11971:11973] [DMG] 			[0m
[0;34m[1784656624.474] [11971:11973] [DMG] 		},[0m
[0;34m[1784656624.474] [11971:11973] [DMG] 		[0m
[0;34m[1784656624.474] [11971:11973] [DMG] 	],[0m
[0;34m[1784656624.474] [11971:11973] [DMG] 	[0m
[0;34m[1784656624.474] [11971:11973] [DMG] 	InteractionModelRevision = 12[0m
[0;34m[1784656624.474] [11971:11973] [DMG] },[0m
[0;32m[1784656624.474] [11971:11973] [DMG] Received Command Response Data, Endpoint=0 Cluster=0x0000_003E Command=0x0000_0008[0m
[0;32m[1784656624.474] [11971:11973] [TOO] Endpoint: 0 Cluster: 0x0000_003E Command 0x0000_0008[0m
[0;32m[1784656624.474] [11971:11973] [TOO]   NOCResponse: {[0m
[0;32m[1784656624.474] [11971:11973] [TOO]     statusCode: 0[0m
[0;32m[1784656624.474] [11971:11973] [TOO]     fabricIndex: 1[0m
[0;32m[1784656624.474] [11971:11973] [TOO]    }[0m
[0;34m[1784656624.474] [11971:11973] [DMG] ICR moving to [AwaitingDe][0m
[0;32m[1784656624.474] [11971:11973] [EM] <<< [E:17105i S:37950 M:258633601 (Ack:88147265)] (S) Msg TX from 000000000001B669 to 1:0000000000000001 [67CF] [UDP:[fe80::bfe:a203:38f0:bce7%enp0s3]:5540] --- Type 0000:10 (SecureChannel:StandaloneAck) (B:34)[0m
[0;34m[1784656624.474] [11971:11973] [EM] Flushed pending ack for MessageCounter:88147265 on exchange 17105i[0m
[0;34m[1784656624.474] [11971:11971] [CTL] Shutting down the commissioner[0m
[0;32m[1784656624.474] [11971:11971] [PAF] WiFiPAF: Closing all WiFiPAF sessions to shutdown[0m
[0;34m[1784656624.474] [11971:11971] [CTL] Shutting down the controller[0m
[0;34m[1784656624.474] [11971:11971] [IN] Expiring all sessions for fabric 0x1!![0m
[0;34m[1784656624.474] [11971:11971] [IN] SecureSession[0x7413ec009cd0]: MarkForEviction Type:2 LSID:37950[0m
[0;32m[1784656624.474] [11971:11971] [SC] SecureSession[0x7413ec009cd0, LSID:37950]: State change 'kActive' --> 'kPendingEviction'[0m
[0;34m[1784656624.474] [11971:11971] [IN] SecureSession[0x7413ec009cd0]: Released - Type:2 LSID:37950[0m
[0;32m[1784656624.474] [11971:11971] [FP] Forgetting fabric 0x1[0m
[0;32m[1784656624.474] [11971:11971] [TS] Pending Last Known Good Time: 2023-10-14T01:16:48[0m
[0;32m[1784656624.475] [11971:11971] [TS] Previous Last Known Good Time: 2023-10-14T01:16:48[0m
[0;32m[1784656624.475] [11971:11971] [TS] Reverted Last Known Good Time to previous value[0m
[0;34m[1784656624.475] [11971:11971] [CTL] Shutting down the commissioner[0m
[0;32m[1784656624.475] [11971:11971] [PAF] WiFiPAF: Closing all WiFiPAF sessions to shutdown[0m
[0;34m[1784656624.475] [11971:11971] [CTL] Shutting down the controller[0m
[0;34m[1784656624.475] [11971:11971] [CTL] Shutting down the System State, this will teardown the CHIP Stack[0m
[0;34m[1784656624.475] [11971:11971] [DMG] All ReadHandler-s are clean, clear GlobalDirtySet[0m
[0;32m[1784656624.475] [11971:11971] [FP] Shutting down FabricTable[0m
[0;32m[1784656624.475] [11971:11971] [TS] Pending Last Known Good Time: 2023-10-14T01:16:48[0m
[0;32m[1784656624.475] [11971:11971] [TS] Previous Last Known Good Time: 2023-10-14T01:16:48[0m
[0;32m[1784656624.475] [11971:11971] [TS] Reverted Last Known Good Time to previous value[0m
[0;34m[1784656624.477] [11971:11971] [DL] Wrote settings to /tmp/chip_counters.ini[0m
[0;32m[1784656624.477] [11971:11971] [DL] NVS set: chip-counters/total-operational-hours = 0 (0x0)[0m
[0;32m[1784656624.477] [11971:11971] [DL] Inet Layer shutdown[0m
[0;32m[1784656624.477] [11971:11971] [DL] BLE Layer shutdown[0m
[0;32m[1784656624.477] [11971:11971] [DL] WiFi-PAF Layer shutdown[0m
[0;32m[1784656624.477] [11971:11971] [PAF] WiFiPAF: Closing all WiFiPAF sessions to shutdown[0m
[0;32m[1784656624.477] [11971:11971] [DL] System Layer shutdown[0m
