[0;34m[2524608000.635] [14482:14482] [DL] ChipLinuxStorage::Init: Using KVS config file: /tmp/chip_tool_kvs[0m
[1;31m[2524608000.636] [14482:14482] [DL] ChipLinuxStorage::Init: Attempt to re-initialize with KVS config file: /tmp/chip_kvs, IGNORING.[0m
[0;34m[2524608000.639] [14482:14482] [DL] ChipLinuxStorage::Init: Using KVS config file: /tmp/chip_factory.ini[0m
[0;34m[2524608000.639] [14482:14482] [DL] ChipLinuxStorage::Init: Using KVS config file: /tmp/chip_config.ini[0m
[0;34m[2524608000.639] [14482:14482] [DL] ChipLinuxStorage::Init: Using KVS config file: /tmp/chip_counters.ini[0m
[0;34m[2524608000.653] [14482:14482] [DL] Wrote settings to /tmp/chip_counters.ini[0m
[0;32m[2524608000.653] [14482:14482] [DL] NVS set: chip-counters/reboot-count = 5 (0x5)[0m
[0;32m[2524608000.653] [14482:14482] [DL] Got Ethernet interface: enp0s3[0m
[0;32m[2524608000.653] [14482:14482] [DL] Found the primary Ethernet interface:enp0s3[0m
[1;31m[2524608000.654] [14482:14482] [DL] Failed to get WiFi interface[0m
[1;31m[2524608000.654] [14482:14482] [DL] Failed to reset WiFi statistic counts[0m
[0;32m[2524608000.654] [14482:14482] [PAF] WiFiPAF: WiFiPAFLayer::Init()[0m
[0;34m[2524608000.654] [14482:14482] [IN] UDP::Init bind&listen port=0[0m
[0;34m[2524608000.654] [14482:14482] [IN] UDP::Init bound to port=38282[0m
[0;34m[2524608000.654] [14482:14482] [IN] UDP::Init bind&listen port=0[0m
[0;34m[2524608000.654] [14482:14482] [IN] UDP::Init bound to port=59221[0m
[0;34m[2524608000.654] [14482:14482] [IN] BLEBase::Init - setting/overriding transport[0m
[0;34m[2524608000.654] [14482:14482] [IN] WiFiPAFBase::Init - setting/overriding transport[0m
[0;34m[2524608000.654] [14482:14482] [IN] TransportMgr initialized[0m
[0;34m[2524608000.654] [14482:14482] [FP] Initializing FabricTable from persistent storage[0m
[0;32m[2524608000.654] [14482:14482] [TS] Last Known Good Time: 2023-10-14T01:16:48[0m
[0;32m[2524608000.654] [14482:14482] [FP] Fabric index 0x1 was retrieved from storage. Compressed FabricId 0x80405318DC216465, FabricId 0x0000000000000001, NodeId 0x000000000001B669, VendorId 0xFFF1[0m
[0;32m[2524608000.655] [14482:14482] [DMG] Ember attribute persistence requires setting up[0m
[0;32m[2524608000.655] [14482:14482] [ZCL] Using ZAP configuration...[0m
[0;34m[2524608000.655] [14482:14482] [CTL] System State Initialized...[0m
[0;32m[2524608000.656] [14482:14482] [CTL] Setting attestation nonce to random value[0m
[0;32m[2524608000.656] [14482:14482] [CTL] Setting CSR nonce to random value[0m
[0;34m[2524608000.656] [14482:14501] [DL] CHIP task running[0m
[0;32m[2524608000.656] [14482:14501] [CTL] Setting attestation nonce to random value[0m
[0;32m[2524608000.656] [14482:14501] [CTL] Setting CSR nonce to random value[0m
[0;32m[2524608000.656] [14482:14501] [CTL] Generating NOC[0m
[0;32m[2524608000.656] [14482:14501] [FP] Validating NOC chain[0m
[0;32m[2524608000.657] [14482:14501] [FP] NOC chain validation successful[0m
[0;32m[2524608000.657] [14482:14501] [FP] Updated fabric at index: 0x1, Node ID: 0x000000000001B669[0m
[0;32m[2524608000.657] [14482:14501] [TS] Last Known Good Time: 2023-10-14T01:16:48[0m
[0;32m[2524608000.657] [14482:14501] [TS] New proposed Last Known Good Time: 2021-01-01T00:00:00[0m
[0;32m[2524608000.657] [14482:14501] [TS] Retaining current Last Known Good Time[0m
[0;32m[2524608000.658] [14482:14501] [FP] Metadata for Fabric 0x1 persisted to storage.[0m
[0;32m[2524608000.658] [14482:14501] [TS] Committing Last Known Good Time to storage: 2023-10-14T01:16:48[0m
[0;32m[2524608000.659] [14482:14501] [CTL] Joined the fabric at index 1. Fabric ID is 0x0000000000000001 (Compressed Fabric ID: 80405318DC216465)[0m
[0;32m[2524608000.666] [14482:14501] [TOO] Sending command to node 0x1[0m
[0;34m[2524608000.667] [14482:14501] [CSM] FindOrEstablishSession: PeerId = [1:0000000000000001][0m
[0;34m[2524608000.667] [14482:14501] [CSM] FindOrEstablishSession: No existing OperationalSessionSetup instance found[0m
[0;34m[2524608000.667] [14482:14501] [DIS] OperationalSessionSetup[1:0000000000000001]: State change 1 --> 2[0m
[0;32m[2524608000.668] [14482:14501] [DIS] Lookup started for 80405318DC216465-0000000000000001[0m
[0;32m[2524608000.668] [14482:14501] [DIS] UDP:[fe80::bfe:a203:38f0:bce7%enp0s3]:5540: new best score: 7 (for 80405318DC216465-0000000000000001)[0m
[0;34m[2524608000.668] [14482:14501] [DIS] Lookup clearing interface for non LL address[0m
[0;32m[2524608000.668] [14482:14501] [DIS] UDP:10.0.2.15%enp0s3:5540: new best score: 2 (for 80405318DC216465-0000000000000001)[0m
[0;32m[2524608000.668] [14482:14501] [DIS] Checking node lookup status for 80405318DC216465-0000000000000001 after 1 ms[0m
[0;32m[2524608000.668] [14482:14501] [DIS] Keeping DNSSD lookup active[0m
[0;32m[2524608000.668] [14482:14501] [DIS] UDP:[fe80::bfe:a203:38f0:bce7%enp0s3]:5540: score has not improved: 7 (for 80405318DC216465-0000000000000001)[0m
[0;34m[2524608000.668] [14482:14501] [DIS] Lookup clearing interface for non LL address[0m
[0;32m[2524608000.668] [14482:14501] [DIS] UDP:10.0.2.15%enp0s3:5540: score has not improved: 2 (for 80405318DC216465-0000000000000001)[0m
[0;32m[2524608000.668] [14482:14501] [DIS] Checking node lookup status for 80405318DC216465-0000000000000001 after 1 ms[0m
[0;32m[2524608000.668] [14482:14501] [DIS] Keeping DNSSD lookup active[0m
[0;32m[2524608000.867] [14482:14501] [DIS] Checking node lookup status for 80405318DC216465-0000000000000001 after 200 ms[0m
[0;34m[2524608000.867] [14482:14501] [DIS] OperationalSessionSetup[1:0000000000000001]: Updating device address to UDP:[fe80::bfe:a203:38f0:bce7%enp0s3]:5540 while in state 2[0m
[0;34m[2524608000.867] [14482:14501] [DIS] OperationalSessionSetup[1:0000000000000001]: State change 2 --> 3[0m
[0;34m[2524608000.867] [14482:14501] [IN] SecureSession[0x75b15400c1f0]: Allocated Type:2 LSID:32867[0m
[0;32m[2524608000.867] [14482:14501] [SC] Initiating session on local FabricIndex 1 from 0x000000000001B669 -> 0x0000000000000001[0m
[0;32m[2524608000.867] [14482:14501] [EM] <<< [E:16793i S:0 M:119097715] (U) Msg TX from 9F44C18C378462F6 to 0:0000000000000000 [0000] [UDP:[fe80::bfe:a203:38f0:bce7%enp0s3]:5540] --- Type 0000:30 (SecureChannel:CASE_Sigma1) (B:196)[0m
[0;32m[2524608000.868] [14482:14501] [EM] ??1 [E:16793i S:0 M:119097715] (U) Msg Retransmission to 0:0000000000000000 scheduled for 578ms from now [State:Idle II:500 AI:300 AT:4000][0m
[0;32m[2524608000.868] [14482:14501] [SC] Sent Sigma1 msg to <0000000000000001, 1> [II:500ms AI:300ms AT:4000ms][0m
[0;34m[2524608000.868] [14482:14501] [DIS] OperationalSessionSetup[1:0000000000000001]: State change 3 --> 4[0m
[0;32m[2524608000.869] [14482:14501] [EM] >>> [E:16793i S:0 M:266405216 (Ack:119097715)] (U) Msg RX from 0:0000000000000000 [0000] to 9F44C18C378462F6 --- Type 0000:31 (SecureChannel:CASE_Sigma2) (B:751)[0m
[0;34m[2524608000.869] [14482:14501] [EM] Found matching exchange: 16793i, Delegate: 0x75b15400bf28[0m
[0;34m[2524608000.869] [14482:14501] [EM] Rxd Ack; Removing MessageCounter:119097715 from Retrans Table on exchange 16793i[0m
[0;32m[2524608000.869] [14482:14501] [SC] Received Sigma2 msg[0m
[0;34m[2524608000.869] [14482:14501] [SC] Found MRP parameters in the message[0m
[0;34m[2524608000.870] [14482:14501] [SC] Certificate's mNotAfterTime (978134400) is before current time (1577923200)[0m
[0;34m[2524608000.870] [14482:14501] [SC] Sending status report. Protocol code 2, exchange 16793[0m
[0;32m[2524608000.870] [14482:14501] [EM] <<< [E:16793i S:0 M:119097716 (Ack:266405216)] (U) Msg TX from 9F44C18C378462F6 to 0:0000000000000000 [0000] [UDP:[fe80::bfe:a203:38f0:bce7%enp0s3]:5540] --- Type 0000:40 (SecureChannel:StatusReport) (B:34)[0m
[0;32m[2524608000.870] [14482:14501] [EM] ??1 [E:16793i S:0 M:119097716] (U) Msg Retransmission to 0:0000000000000000 scheduled for 339ms from now [State:Active II:500 AI:300 AT:4000][0m
[0;34m[2524608000.870] [14482:14501] [IN] SecureSession[0x75b15400c1f0]: Released - Type:2 LSID:32867[0m
[1;31m[2524608000.870] [14482:14501] [-] src/credentials/CHIPCert.cpp:1481: CHIP Error 0x0000004E: Certificate expired at examples/chip-tool/commands/clusters/ModelCommand.cpp:67[0m
[0;32m[2524608000.870] [14482:14501] [EM] >>> [E:16793i S:0 M:266405217 (Ack:119097716)] (U) Msg RX from 0:0000000000000000 [0000] to 9F44C18C378462F6 --- Type 0000:10 (SecureChannel:StandaloneAck) (B:26)[0m
[0;34m[2524608000.870] [14482:14501] [EM] Found matching exchange: 16793i, Delegate: (nil)[0m
[0;34m[2524608000.870] [14482:14501] [EM] Rxd Ack; Removing MessageCounter:119097716 from Retrans Table on exchange 16793i[0m
[0;34m[2524608000.870] [14482:14482] [CTL] Shutting down the commissioner[0m
[0;32m[2524608000.870] [14482:14482] [PAF] WiFiPAF: Closing all WiFiPAF sessions to shutdown[0m
[0;34m[2524608000.870] [14482:14482] [CTL] Shutting down the controller[0m
[0;34m[2524608000.870] [14482:14482] [IN] Expiring all sessions for fabric 0x1!![0m
[0;32m[2524608000.870] [14482:14482] [FP] Forgetting fabric 0x1[0m
[0;32m[2524608000.870] [14482:14482] [TS] Pending Last Known Good Time: 2023-10-14T01:16:48[0m
[0;32m[2524608000.870] [14482:14482] [TS] Previous Last Known Good Time: 2023-10-14T01:16:48[0m
[0;32m[2524608000.870] [14482:14482] [TS] Reverted Last Known Good Time to previous value[0m
[0;34m[2524608000.870] [14482:14482] [CTL] Shutting down the commissioner[0m
[0;32m[2524608000.870] [14482:14482] [PAF] WiFiPAF: Closing all WiFiPAF sessions to shutdown[0m
[0;34m[2524608000.870] [14482:14482] [CTL] Shutting down the controller[0m
[0;34m[2524608000.870] [14482:14482] [CTL] Shutting down the System State, this will teardown the CHIP Stack[0m
[0;34m[2524608000.870] [14482:14482] [DMG] All ReadHandler-s are clean, clear GlobalDirtySet[0m
[0;32m[2524608000.870] [14482:14482] [FP] Shutting down FabricTable[0m
[0;32m[2524608000.870] [14482:14482] [TS] Pending Last Known Good Time: 2023-10-14T01:16:48[0m
[0;32m[2524608000.870] [14482:14482] [TS] Previous Last Known Good Time: 2023-10-14T01:16:48[0m
[0;32m[2524608000.870] [14482:14482] [TS] Reverted Last Known Good Time to previous value[0m
[0;34m[2524608000.881] [14482:14482] [DL] Wrote settings to /tmp/chip_counters.ini[0m
[0;32m[2524608000.881] [14482:14482] [DL] NVS set: chip-counters/total-operational-hours = 0 (0x0)[0m
[0;32m[2524608000.881] [14482:14482] [DL] Inet Layer shutdown[0m
[0;32m[2524608000.881] [14482:14482] [DL] BLE Layer shutdown[0m
[0;32m[2524608000.881] [14482:14482] [DL] WiFi-PAF Layer shutdown[0m
[0;32m[2524608000.881] [14482:14482] [PAF] WiFiPAF: Closing all WiFiPAF sessions to shutdown[0m
[0;32m[2524608000.881] [14482:14482] [DL] System Layer shutdown[0m
[1;31m[2524608000.881] [14482:14482] [TOO] Run command failure: src/credentials/CHIPCert.cpp:1481: CHIP Error 0x0000004E: Certificate expired[0m
