[0;34m[1784837864.691] [21934:21934] [DL] ChipLinuxStorage::Init: Using KVS config file: /tmp/chip_tool_kvs[0m
[1;31m[1784837864.692] [21934:21934] [DL] ChipLinuxStorage::Init: Attempt to re-initialize with KVS config file: /tmp/chip_kvs, IGNORING.[0m
[0;34m[1784837864.694] [21934:21934] [DL] ChipLinuxStorage::Init: Using KVS config file: /tmp/chip_factory.ini[0m
[0;34m[1784837864.694] [21934:21934] [DL] ChipLinuxStorage::Init: Using KVS config file: /tmp/chip_config.ini[0m
[0;34m[1784837864.694] [21934:21934] [DL] ChipLinuxStorage::Init: Using KVS config file: /tmp/chip_counters.ini[0m
[0;34m[1784837864.697] [21934:21934] [DL] Wrote settings to /tmp/chip_counters.ini[0m
[0;32m[1784837864.697] [21934:21934] [DL] NVS set: chip-counters/reboot-count = 3 (0x3)[0m
[0;32m[1784837864.697] [21934:21934] [DL] Got Ethernet interface: enp0s3[0m
[0;32m[1784837864.697] [21934:21934] [DL] Found the primary Ethernet interface:enp0s3[0m
[1;31m[1784837864.697] [21934:21934] [DL] Failed to get WiFi interface[0m
[1;31m[1784837864.697] [21934:21934] [DL] Failed to reset WiFi statistic counts[0m
[0;32m[1784837864.697] [21934:21934] [PAF] WiFiPAF: WiFiPAFLayer::Init()[0m
[0;34m[1784837864.697] [21934:21934] [IN] UDP::Init bind&listen port=0[0m
[0;34m[1784837864.697] [21934:21934] [IN] UDP::Init bound to port=56395[0m
[0;34m[1784837864.697] [21934:21934] [IN] UDP::Init bind&listen port=0[0m
[0;34m[1784837864.697] [21934:21934] [IN] UDP::Init bound to port=37033[0m
[0;34m[1784837864.697] [21934:21934] [IN] BLEBase::Init - setting/overriding transport[0m
[0;34m[1784837864.697] [21934:21934] [IN] WiFiPAFBase::Init - setting/overriding transport[0m
[0;34m[1784837864.697] [21934:21934] [IN] TransportMgr initialized[0m
[0;34m[1784837864.697] [21934:21934] [FP] Initializing FabricTable from persistent storage[0m
[0;32m[1784837864.697] [21934:21934] [TS] Last Known Good Time: 2023-10-14T01:16:48[0m
[0;32m[1784837864.698] [21934:21934] [FP] Fabric index 0x1 was retrieved from storage. Compressed FabricId 0xF2703AF75D4AF81D, FabricId 0x0000000000000001, NodeId 0x000000000001B669, VendorId 0xFFF1[0m
[0;32m[1784837864.698] [21934:21934] [DMG] Ember attribute persistence requires setting up[0m
[0;32m[1784837864.698] [21934:21934] [ZCL] Using ZAP configuration...[0m
[0;34m[1784837864.699] [21934:21934] [CTL] System State Initialized...[0m
[0;32m[1784837864.699] [21934:21934] [CTL] Setting attestation nonce to random value[0m
[0;32m[1784837864.699] [21934:21934] [CTL] Setting CSR nonce to random value[0m
[0;34m[1784837864.699] [21934:21936] [DL] CHIP task running[0m
[0;32m[1784837864.699] [21934:21936] [CTL] Setting attestation nonce to random value[0m
[0;32m[1784837864.699] [21934:21936] [CTL] Setting CSR nonce to random value[0m
[0;32m[1784837864.699] [21934:21936] [CTL] Generating NOC[0m
[0;32m[1784837864.699] [21934:21936] [FP] Validating NOC chain[0m
[0;32m[1784837864.700] [21934:21936] [FP] NOC chain validation successful[0m
[0;32m[1784837864.700] [21934:21936] [FP] Updated fabric at index: 0x1, Node ID: 0x000000000001B669[0m
[0;32m[1784837864.700] [21934:21936] [TS] Last Known Good Time: 2023-10-14T01:16:48[0m
[0;32m[1784837864.700] [21934:21936] [TS] New proposed Last Known Good Time: 2021-01-01T00:00:00[0m
[0;32m[1784837864.700] [21934:21936] [TS] Retaining current Last Known Good Time[0m
[0;32m[1784837864.701] [21934:21936] [FP] Metadata for Fabric 0x1 persisted to storage.[0m
[0;32m[1784837864.702] [21934:21936] [TS] Committing Last Known Good Time to storage: 2023-10-14T01:16:48[0m
[0;32m[1784837864.703] [21934:21936] [CTL] Joined the fabric at index 1. Fabric ID is 0x0000000000000001 (Compressed Fabric ID: F2703AF75D4AF81D)[0m
[0;32m[1784837864.707] [21934:21936] [TOO] Sending command to node 0x1[0m
[0;34m[1784837864.708] [21934:21936] [CSM] FindOrEstablishSession: PeerId = [1:0000000000000001][0m
[0;34m[1784837864.708] [21934:21936] [CSM] FindOrEstablishSession: No existing OperationalSessionSetup instance found[0m
[0;34m[1784837864.708] [21934:21936] [DIS] OperationalSessionSetup[1:0000000000000001]: State change 1 --> 2[0m
[0;32m[1784837864.708] [21934:21936] [DIS] Lookup started for F2703AF75D4AF81D-0000000000000001[0m
[0;32m[1784837864.708] [21934:21936] [DIS] UDP:[fe80::bfe:a203:38f0:bce7%enp0s3]:5540: new best score: 7 (for F2703AF75D4AF81D-0000000000000001)[0m
[0;34m[1784837864.708] [21934:21936] [DIS] Lookup clearing interface for non LL address[0m
[0;32m[1784837864.708] [21934:21936] [DIS] UDP:10.0.2.15%enp0s3:5540: new best score: 2 (for F2703AF75D4AF81D-0000000000000001)[0m
[0;32m[1784837864.708] [21934:21936] [DIS] Checking node lookup status for F2703AF75D4AF81D-0000000000000001 after 1 ms[0m
[0;32m[1784837864.708] [21934:21936] [DIS] Keeping DNSSD lookup active[0m
[0;32m[1784837864.708] [21934:21936] [DIS] UDP:[fe80::bfe:a203:38f0:bce7%enp0s3]:5540: score has not improved: 7 (for F2703AF75D4AF81D-0000000000000001)[0m
[0;34m[1784837864.708] [21934:21936] [DIS] Lookup clearing interface for non LL address[0m
[0;32m[1784837864.708] [21934:21936] [DIS] UDP:10.0.2.15%enp0s3:5540: score has not improved: 2 (for F2703AF75D4AF81D-0000000000000001)[0m
[0;32m[1784837864.708] [21934:21936] [DIS] Checking node lookup status for F2703AF75D4AF81D-0000000000000001 after 1 ms[0m
[0;32m[1784837864.708] [21934:21936] [DIS] Keeping DNSSD lookup active[0m
[0;32m[1784837864.909] [21934:21936] [DIS] Checking node lookup status for F2703AF75D4AF81D-0000000000000001 after 202 ms[0m
[0;34m[1784837864.909] [21934:21936] [DIS] OperationalSessionSetup[1:0000000000000001]: Updating device address to UDP:[fe80::bfe:a203:38f0:bce7%enp0s3]:5540 while in state 2[0m
[0;34m[1784837864.909] [21934:21936] [DIS] OperationalSessionSetup[1:0000000000000001]: State change 2 --> 3[0m
[0;34m[1784837864.909] [21934:21936] [IN] SecureSession[0x7998bc009cd0]: Allocated Type:2 LSID:12910[0m
[0;32m[1784837864.909] [21934:21936] [SC] Initiating session on local FabricIndex 1 from 0x000000000001B669 -> 0x0000000000000001[0m
[0;32m[1784837864.909] [21934:21936] [EM] <<< [E:58056i S:0 M:230150828] (U) Msg TX from 79F1D63F8E0FD93D to 0:0000000000000000 [0000] [UDP:[fe80::bfe:a203:38f0:bce7%enp0s3]:5540] --- Type 0000:30 (SecureChannel:CASE_Sigma1) (B:196)[0m
[0;32m[1784837864.909] [21934:21936] [EM] ??1 [E:58056i S:0 M:230150828] (U) Msg Retransmission to 0:0000000000000000 scheduled for 663ms from now [State:Idle II:500 AI:300 AT:4000][0m
[0;32m[1784837864.909] [21934:21936] [SC] Sent Sigma1 msg to <0000000000000001, 1> [II:500ms AI:300ms AT:4000ms][0m
[0;34m[1784837864.909] [21934:21936] [DIS] OperationalSessionSetup[1:0000000000000001]: State change 3 --> 4[0m
[0;32m[1784837864.910] [21934:21936] [EM] >>> [E:58056i S:0 M:99203534 (Ack:230150828)] (U) Msg RX from 0:0000000000000000 [0000] to 79F1D63F8E0FD93D --- Type 0000:31 (SecureChannel:CASE_Sigma2) (B:751)[0m
[0;34m[1784837864.910] [21934:21936] [EM] Found matching exchange: 58056i, Delegate: 0x7998bc00b8e8[0m
[0;34m[1784837864.910] [21934:21936] [EM] Rxd Ack; Removing MessageCounter:230150828 from Retrans Table on exchange 58056i[0m
[0;32m[1784837864.910] [21934:21936] [SC] Received Sigma2 msg[0m
[0;34m[1784837864.910] [21934:21936] [SC] Found MRP parameters in the message[0m
[0;34m[1784837864.911] [21934:21936] [SC] Peer <0000000000000001, 1> assigned session ID 53092[0m
[0;34m[1784837864.911] [21934:21936] [SC] Sending Sigma3[0m
[0;32m[1784837864.911] [21934:21936] [EM] <<< [E:58056i S:0 M:230150829 (Ack:99203534)] (U) Msg TX from 79F1D63F8E0FD93D to 0:0000000000000000 [0000] [UDP:[fe80::bfe:a203:38f0:bce7%enp0s3]:5540] --- Type 0000:32 (SecureChannel:CASE_Sigma3) (B:598)[0m
[0;32m[1784837864.911] [21934:21936] [EM] ??1 [E:58056i S:0 M:230150829] (U) Msg Retransmission to 0:0000000000000000 scheduled for 344ms from now [State:Active II:500 AI:300 AT:4000][0m
[0;32m[1784837864.911] [21934:21936] [SC] Sent Sigma3 msg[0m
[0;32m[1784837864.919] [21934:21936] [EM] >>> [E:58056i S:0 M:99203535 (Ack:230150829)] (U) Msg RX from 0:0000000000000000 [0000] to 79F1D63F8E0FD93D --- Type 0000:40 (SecureChannel:StatusReport) (B:34)[0m
[0;34m[1784837864.919] [21934:21936] [EM] Found matching exchange: 58056i, Delegate: 0x7998bc00b8e8[0m
[0;34m[1784837864.919] [21934:21936] [EM] Rxd Ack; Removing MessageCounter:230150829 from Retrans Table on exchange 58056i[0m
[0;32m[1784837864.919] [21934:21936] [SC] Success status report received. Session was established[0m
[0;32m[1784837864.921] [21934:21936] [SC] SecureSession[0x7998bc009cd0, LSID:12910]: State change 'kEstablishing' --> 'kActive'[0m
[0;34m[1784837864.921] [21934:21936] [IN] SecureSession[0x7998bc009cd0]: Activated - Type:2 LSID:12910[0m
[0;34m[1784837864.921] [21934:21936] [IN] New secure session activated for device <0000000000000001, 1>, LSID:12910 PSID:53092![0m
[0;34m[1784837864.921] [21934:21936] [DIS] OperationalSessionSetup[1:0000000000000001]: State change 4 --> 5[0m
[0;32m[1784837864.921] [21934:21936] [TOO] Sending ReadAttribute to:[0m
[0;32m[1784837864.921] [21934:21936] [TOO] 	cluster 0x0000_0038, attribute: 0x0000_0000, endpoint 0[0m
[0;34m[1784837864.921] [21934:21936] [DMG] SendReadRequest ReadClient[0x7998bc00eef0]: Sending Read Request[0m
[0;32m[1784837864.921] [21934:21936] [DMG] 0 data version filters provided, 0 not relevant, 0 encoded, 0 skipped due to lack of space[0m
[0;32m[1784837864.921] [21934:21936] [EM] <<< [E:58057i S:12910 M:11323979] (S) Msg TX from 000000000001B669 to 1:0000000000000001 [F81D] [UDP:[fe80::bfe:a203:38f0:bce7%enp0s3]:5540] --- Type 0001:02 (IM:ReadRequest) (B:51)[0m
[0;32m[1784837864.921] [21934:21936] [EM] ??1 [E:58057i S:12910 M:11323979] (S) Msg Retransmission to 1:0000000000000001 scheduled for 396ms from now [State:Active II:500 AI:300 AT:4000][0m
[0;34m[1784837864.921] [21934:21936] [DMG] MoveToState ReadClient[0x7998bc00eef0]: Moving to [AwaitingIn][0m
[0;32m[1784837864.921] [21934:21936] [EM] <<< [E:58056i S:0 M:230150830 (Ack:99203535)] (U) Msg TX from 79F1D63F8E0FD93D to 0:0000000000000000 [0000] [UDP:[fe80::bfe:a203:38f0:bce7%enp0s3]:5540] --- Type 0000:10 (SecureChannel:StandaloneAck) (B:26)[0m
[0;34m[1784837864.921] [21934:21936] [EM] Flushed pending ack for MessageCounter:99203535 on exchange 58056i[0m
[0;32m[1784837864.921] [21934:21936] [EM] >>> [E:58057i S:12910 M:138112408 (Ack:11323979)] (S) Msg RX from 1:0000000000000001 [F81D] to 000000000001B669 --- Type 0001:05 (IM:ReportData) (B:77)[0m
[0;34m[1784837864.922] [21934:21936] [EM] Found matching exchange: 58057i, Delegate: 0x7998bc00ef00[0m
[0;34m[1784837864.922] [21934:21936] [EM] Rxd Ack; Removing MessageCounter:11323979 from Retrans Table on exchange 58057i[0m
[0;34m[1784837864.922] [21934:21936] [DMG] ReportDataMessage =[0m
[0;34m[1784837864.922] [21934:21936] [DMG] {[0m
[0;34m[1784837864.922] [21934:21936] [DMG] 	AttributeReportIBs =[0m
[0;34m[1784837864.922] [21934:21936] [DMG] 	[[0m
[0;34m[1784837864.922] [21934:21936] [DMG] 		AttributeReportIB =[0m
[0;34m[1784837864.922] [21934:21936] [DMG] 		{[0m
[0;34m[1784837864.922] [21934:21936] [DMG] 			AttributeDataIB =[0m
[0;34m[1784837864.922] [21934:21936] [DMG] 			{[0m
[0;34m[1784837864.922] [21934:21936] [DMG] 				DataVersion = 0xf0279909,[0m
[0;34m[1784837864.922] [21934:21936] [DMG] 				AttributePathIB =[0m
[0;34m[1784837864.922] [21934:21936] [DMG] 				{[0m
[0;34m[1784837864.922] [21934:21936] [DMG] 					Endpoint = 0x0,[0m
[0;34m[1784837864.922] [21934:21936] [DMG] 					Cluster = 0x38,[0m
[0;34m[1784837864.922] [21934:21936] [DMG] 					Attribute = 0x0000_0000,[0m
[0;34m[1784837864.922] [21934:21936] [DMG] 				}[0m
[0;34m[1784837864.922] [21934:21936] [DMG] 					[0m
[0;34m[1784837864.922] [21934:21936] [DMG] 				Data = 838153064921861 (unsigned), [0m
[0;34m[1784837864.922] [21934:21936] [DMG] 			},[0m
[0;34m[1784837864.922] [21934:21936] [DMG] 			[0m
[0;34m[1784837864.922] [21934:21936] [DMG] 		},[0m
[0;34m[1784837864.922] [21934:21936] [DMG] 		[0m
[0;34m[1784837864.922] [21934:21936] [DMG] 	],[0m
[0;34m[1784837864.922] [21934:21936] [DMG] 	[0m
[0;34m[1784837864.922] [21934:21936] [DMG] 	SuppressResponse = true, [0m
[0;34m[1784837864.922] [21934:21936] [DMG] 	InteractionModelRevision = 12[0m
[0;34m[1784837864.922] [21934:21936] [DMG] }[0m
[0;32m[1784837864.922] [21934:21936] [TOO] Endpoint: 0 Cluster: 0x0000_0038 Attribute 0x0000_0000 DataVersion: 4029126921[0m
[0;32m[1784837864.922] [21934:21936] [TOO]   UTCTime: 838153064921861[0m
[0;32m[1784837864.922] [21934:21936] [EM] <<< [E:58057i S:12910 M:11323980 (Ack:138112408)] (S) Msg TX from 000000000001B669 to 1:0000000000000001 [F81D] [UDP:[fe80::bfe:a203:38f0:bce7%enp0s3]:5540] --- Type 0000:10 (SecureChannel:StandaloneAck) (B:34)[0m
[0;34m[1784837864.922] [21934:21936] [EM] Flushed pending ack for MessageCounter:138112408 on exchange 58057i[0m
[0;34m[1784837864.922] [21934:21934] [CTL] Shutting down the commissioner[0m
[0;32m[1784837864.922] [21934:21934] [PAF] WiFiPAF: Closing all WiFiPAF sessions to shutdown[0m
[0;34m[1784837864.922] [21934:21934] [CTL] Shutting down the controller[0m
[0;34m[1784837864.922] [21934:21934] [IN] Expiring all sessions for fabric 0x1!![0m
[0;34m[1784837864.922] [21934:21934] [IN] SecureSession[0x7998bc009cd0]: MarkForEviction Type:2 LSID:12910[0m
[0;32m[1784837864.922] [21934:21934] [SC] SecureSession[0x7998bc009cd0, LSID:12910]: State change 'kActive' --> 'kPendingEviction'[0m
[0;34m[1784837864.922] [21934:21934] [IN] SecureSession[0x7998bc009cd0]: Released - Type:2 LSID:12910[0m
[0;32m[1784837864.922] [21934:21934] [FP] Forgetting fabric 0x1[0m
[0;32m[1784837864.922] [21934:21934] [TS] Pending Last Known Good Time: 2023-10-14T01:16:48[0m
[0;32m[1784837864.922] [21934:21934] [TS] Previous Last Known Good Time: 2023-10-14T01:16:48[0m
[0;32m[1784837864.922] [21934:21934] [TS] Reverted Last Known Good Time to previous value[0m
[0;34m[1784837864.922] [21934:21934] [CTL] Shutting down the commissioner[0m
[0;32m[1784837864.922] [21934:21934] [PAF] WiFiPAF: Closing all WiFiPAF sessions to shutdown[0m
[0;34m[1784837864.922] [21934:21934] [CTL] Shutting down the controller[0m
[0;34m[1784837864.922] [21934:21934] [CTL] Shutting down the System State, this will teardown the CHIP Stack[0m
[0;34m[1784837864.922] [21934:21934] [DMG] All ReadHandler-s are clean, clear GlobalDirtySet[0m
[0;32m[1784837864.922] [21934:21934] [FP] Shutting down FabricTable[0m
[0;32m[1784837864.922] [21934:21934] [TS] Pending Last Known Good Time: 2023-10-14T01:16:48[0m
[0;32m[1784837864.922] [21934:21934] [TS] Previous Last Known Good Time: 2023-10-14T01:16:48[0m
[0;32m[1784837864.922] [21934:21934] [TS] Reverted Last Known Good Time to previous value[0m
[0;34m[1784837864.925] [21934:21934] [DL] Wrote settings to /tmp/chip_counters.ini[0m
[0;32m[1784837864.925] [21934:21934] [DL] NVS set: chip-counters/total-operational-hours = 0 (0x0)[0m
[0;32m[1784837864.925] [21934:21934] [DL] Inet Layer shutdown[0m
[0;32m[1784837864.925] [21934:21934] [DL] BLE Layer shutdown[0m
[0;32m[1784837864.925] [21934:21934] [DL] WiFi-PAF Layer shutdown[0m
[0;32m[1784837864.925] [21934:21934] [PAF] WiFiPAF: Closing all WiFiPAF sessions to shutdown[0m
[0;32m[1784837864.925] [21934:21934] [DL] System Layer shutdown[0m
