[0;34m[1784654598.015] [5423:5423] [DL] ChipLinuxStorage::Init: Using KVS config file: /tmp/chip_tool_kvs[0m
[1;31m[1784654598.017] [5423:5423] [DL] ChipLinuxStorage::Init: Attempt to re-initialize with KVS config file: /tmp/chip_kvs, IGNORING.[0m
[0;34m[1784654598.020] [5423:5423] [DL] ChipLinuxStorage::Init: Using KVS config file: /tmp/chip_factory.ini[0m
[0;34m[1784654598.020] [5423:5423] [DL] ChipLinuxStorage::Init: Using KVS config file: /tmp/chip_config.ini[0m
[0;34m[1784654598.020] [5423:5423] [DL] ChipLinuxStorage::Init: Using KVS config file: /tmp/chip_counters.ini[0m
[0;34m[1784654598.022] [5423:5423] [DL] Wrote settings to /tmp/chip_counters.ini[0m
[0;32m[1784654598.022] [5423:5423] [DL] NVS set: chip-counters/reboot-count = 3 (0x3)[0m
[0;32m[1784654598.023] [5423:5423] [DL] Got Ethernet interface: enp0s3[0m
[0;32m[1784654598.023] [5423:5423] [DL] Found the primary Ethernet interface:enp0s3[0m
[1;31m[1784654598.023] [5423:5423] [DL] Failed to get WiFi interface[0m
[1;31m[1784654598.023] [5423:5423] [DL] Failed to reset WiFi statistic counts[0m
[0;32m[1784654598.023] [5423:5423] [PAF] WiFiPAF: WiFiPAFLayer::Init()[0m
[0;34m[1784654598.023] [5423:5423] [IN] UDP::Init bind&listen port=0[0m
[0;34m[1784654598.023] [5423:5423] [IN] UDP::Init bound to port=41090[0m
[0;34m[1784654598.023] [5423:5423] [IN] UDP::Init bind&listen port=0[0m
[0;34m[1784654598.023] [5423:5423] [IN] UDP::Init bound to port=50466[0m
[0;34m[1784654598.023] [5423:5423] [IN] BLEBase::Init - setting/overriding transport[0m
[0;34m[1784654598.023] [5423:5423] [IN] WiFiPAFBase::Init - setting/overriding transport[0m
[0;34m[1784654598.023] [5423:5423] [IN] TransportMgr initialized[0m
[0;34m[1784654598.023] [5423:5423] [FP] Initializing FabricTable from persistent storage[0m
[0;32m[1784654598.023] [5423:5423] [TS] Last Known Good Time: 2023-10-14T01:16:48[0m
[0;32m[1784654598.023] [5423:5423] [FP] Fabric index 0x1 was retrieved from storage. Compressed FabricId 0xC4A253DDC420516E, FabricId 0x0000000000000001, NodeId 0x000000000001B669, VendorId 0xFFF1[0m
[0;32m[1784654598.024] [5423:5423] [DMG] Ember attribute persistence requires setting up[0m
[0;32m[1784654598.024] [5423:5423] [ZCL] Using ZAP configuration...[0m
[0;34m[1784654598.024] [5423:5423] [CTL] System State Initialized...[0m
[0;32m[1784654598.024] [5423:5423] [CTL] Setting attestation nonce to random value[0m
[0;32m[1784654598.024] [5423:5423] [CTL] Setting CSR nonce to random value[0m
[0;34m[1784654598.024] [5423:5425] [DL] CHIP task running[0m
[0;32m[1784654598.024] [5423:5425] [CTL] Setting attestation nonce to random value[0m
[0;32m[1784654598.024] [5423:5425] [CTL] Setting CSR nonce to random value[0m
[0;32m[1784654598.025] [5423:5425] [CTL] Generating NOC[0m
[0;32m[1784654598.025] [5423:5425] [FP] Validating NOC chain[0m
[0;32m[1784654598.025] [5423:5425] [FP] NOC chain validation successful[0m
[0;32m[1784654598.025] [5423:5425] [FP] Updated fabric at index: 0x1, Node ID: 0x000000000001B669[0m
[0;32m[1784654598.025] [5423:5425] [TS] Last Known Good Time: 2023-10-14T01:16:48[0m
[0;32m[1784654598.025] [5423:5425] [TS] New proposed Last Known Good Time: 2021-01-01T00:00:00[0m
[0;32m[1784654598.025] [5423:5425] [TS] Retaining current Last Known Good Time[0m
[0;32m[1784654598.028] [5423:5425] [FP] Metadata for Fabric 0x1 persisted to storage.[0m
[0;32m[1784654598.029] [5423:5425] [TS] Committing Last Known Good Time to storage: 2023-10-14T01:16:48[0m
[0;32m[1784654598.029] [5423:5425] [CTL] Joined the fabric at index 1. Fabric ID is 0x0000000000000001 (Compressed Fabric ID: C4A253DDC420516E)[0m
[0;32m[1784654598.035] [5423:5425] [TOO] Sending command to node 0x1[0m
[0;34m[1784654598.035] [5423:5425] [CSM] FindOrEstablishSession: PeerId = [1:0000000000000001][0m
[0;34m[1784654598.035] [5423:5425] [CSM] FindOrEstablishSession: No existing OperationalSessionSetup instance found[0m
[0;34m[1784654598.035] [5423:5425] [DIS] OperationalSessionSetup[1:0000000000000001]: State change 1 --> 2[0m
[0;32m[1784654598.035] [5423:5425] [DIS] Lookup started for C4A253DDC420516E-0000000000000001[0m
[0;32m[1784654598.035] [5423:5425] [DIS] UDP:[fe80::bfe:a203:38f0:bce7%enp0s3]:5540: new best score: 7 (for C4A253DDC420516E-0000000000000001)[0m
[0;34m[1784654598.035] [5423:5425] [DIS] Lookup clearing interface for non LL address[0m
[0;32m[1784654598.035] [5423:5425] [DIS] UDP:10.0.2.15%enp0s3:5540: new best score: 2 (for C4A253DDC420516E-0000000000000001)[0m
[0;32m[1784654598.035] [5423:5425] [DIS] Checking node lookup status for C4A253DDC420516E-0000000000000001 after 1 ms[0m
[0;32m[1784654598.035] [5423:5425] [DIS] Keeping DNSSD lookup active[0m
[0;32m[1784654598.035] [5423:5425] [DIS] UDP:[fe80::bfe:a203:38f0:bce7%enp0s3]:5540: score has not improved: 7 (for C4A253DDC420516E-0000000000000001)[0m
[0;34m[1784654598.035] [5423:5425] [DIS] Lookup clearing interface for non LL address[0m
[0;32m[1784654598.035] [5423:5425] [DIS] UDP:10.0.2.15%enp0s3:5540: score has not improved: 2 (for C4A253DDC420516E-0000000000000001)[0m
[0;32m[1784654598.035] [5423:5425] [DIS] Checking node lookup status for C4A253DDC420516E-0000000000000001 after 1 ms[0m
[0;32m[1784654598.035] [5423:5425] [DIS] Keeping DNSSD lookup active[0m
[0;32m[1784654598.247] [5423:5425] [DIS] Checking node lookup status for C4A253DDC420516E-0000000000000001 after 212 ms[0m
[0;34m[1784654598.247] [5423:5425] [DIS] OperationalSessionSetup[1:0000000000000001]: Updating device address to UDP:[fe80::bfe:a203:38f0:bce7%enp0s3]:5540 while in state 2[0m
[0;34m[1784654598.247] [5423:5425] [DIS] OperationalSessionSetup[1:0000000000000001]: State change 2 --> 3[0m
[0;34m[1784654598.247] [5423:5425] [IN] SecureSession[0x7090bc009cd0]: Allocated Type:2 LSID:11363[0m
[0;32m[1784654598.247] [5423:5425] [SC] Initiating session on local FabricIndex 1 from 0x000000000001B669 -> 0x0000000000000001[0m
[0;32m[1784654598.247] [5423:5425] [EM] <<< [E:35180i S:0 M:234128951] (U) Msg TX from E83548A4E7E56C5A to 0:0000000000000000 [0000] [UDP:[fe80::bfe:a203:38f0:bce7%enp0s3]:5540] --- Type 0000:30 (SecureChannel:CASE_Sigma1) (B:196)[0m
[0;32m[1784654598.247] [5423:5425] [EM] ??1 [E:35180i S:0 M:234128951] (U) Msg Retransmission to 0:0000000000000000 scheduled for 676ms from now [State:Idle II:500 AI:300 AT:4000][0m
[0;32m[1784654598.247] [5423:5425] [SC] Sent Sigma1 msg to <0000000000000001, 1> [II:500ms AI:300ms AT:4000ms][0m
[0;34m[1784654598.247] [5423:5425] [DIS] OperationalSessionSetup[1:0000000000000001]: State change 3 --> 4[0m
[0;32m[1784654598.248] [5423:5425] [EM] >>> [E:35180i S:0 M:190819246 (Ack:234128951)] (U) Msg RX from 0:0000000000000000 [0000] to E83548A4E7E56C5A --- Type 0000:31 (SecureChannel:CASE_Sigma2) (B:751)[0m
[0;34m[1784654598.248] [5423:5425] [EM] Found matching exchange: 35180i, Delegate: 0x7090bc00b8e8[0m
[0;34m[1784654598.248] [5423:5425] [EM] Rxd Ack; Removing MessageCounter:234128951 from Retrans Table on exchange 35180i[0m
[0;32m[1784654598.248] [5423:5425] [SC] Received Sigma2 msg[0m
[0;34m[1784654598.248] [5423:5425] [SC] Found MRP parameters in the message[0m
[0;34m[1784654598.249] [5423:5425] [SC] Peer <0000000000000001, 1> assigned session ID 15674[0m
[0;34m[1784654598.249] [5423:5425] [SC] Sending Sigma3[0m
[0;32m[1784654598.250] [5423:5425] [EM] <<< [E:35180i S:0 M:234128952 (Ack:190819246)] (U) Msg TX from E83548A4E7E56C5A to 0:0000000000000000 [0000] [UDP:[fe80::bfe:a203:38f0:bce7%enp0s3]:5540] --- Type 0000:32 (SecureChannel:CASE_Sigma3) (B:598)[0m
[0;32m[1784654598.250] [5423:5425] [EM] ??1 [E:35180i S:0 M:234128952] (U) Msg Retransmission to 0:0000000000000000 scheduled for 363ms from now [State:Active II:500 AI:300 AT:4000][0m
[0;32m[1784654598.250] [5423:5425] [SC] Sent Sigma3 msg[0m
[0;32m[1784654598.259] [5423:5425] [EM] >>> [E:35180i S:0 M:190819247 (Ack:234128952)] (U) Msg RX from 0:0000000000000000 [0000] to E83548A4E7E56C5A --- Type 0000:40 (SecureChannel:StatusReport) (B:34)[0m
[0;34m[1784654598.259] [5423:5425] [EM] Found matching exchange: 35180i, Delegate: 0x7090bc00b8e8[0m
[0;34m[1784654598.259] [5423:5425] [EM] Rxd Ack; Removing MessageCounter:234128952 from Retrans Table on exchange 35180i[0m
[0;32m[1784654598.259] [5423:5425] [SC] Success status report received. Session was established[0m
[0;32m[1784654598.261] [5423:5425] [SC] SecureSession[0x7090bc009cd0, LSID:11363]: State change 'kEstablishing' --> 'kActive'[0m
[0;34m[1784654598.261] [5423:5425] [IN] SecureSession[0x7090bc009cd0]: Activated - Type:2 LSID:11363[0m
[0;34m[1784654598.261] [5423:5425] [IN] New secure session activated for device <0000000000000001, 1>, LSID:11363 PSID:15674![0m
[0;34m[1784654598.261] [5423:5425] [DIS] OperationalSessionSetup[1:0000000000000001]: State change 4 --> 5[0m
[0;32m[1784654598.261] [5423:5425] [TOO] Sending cluster (0x00000030) command (0x00000000) on endpoint 0[0m
[0;34m[1784654598.261] [5423:5425] [DMG] ICR moving to [AddingComm][0m
[0;34m[1784654598.261] [5423:5425] [DMG] ICR moving to [AddedComma][0m
[0;32m[1784654598.261] [5423:5425] [EM] <<< [E:35181i S:11363 M:94099460] (S) Msg TX from 000000000001B669 to 1:0000000000000001 [516E] [UDP:[fe80::bfe:a203:38f0:bce7%enp0s3]:5540] --- Type 0001:08 (IM:InvokeCommandRequest) (B:65)[0m
[0;32m[1784654598.261] [5423:5425] [EM] ??1 [E:35181i S:11363 M:94099460] (S) Msg Retransmission to 1:0000000000000001 scheduled for 409ms from now [State:Active II:500 AI:300 AT:4000][0m
[0;34m[1784654598.261] [5423:5425] [DMG] ICR moving to [AwaitingRe][0m
[0;32m[1784654598.261] [5423:5425] [EM] <<< [E:35180i S:0 M:234128953 (Ack:190819247)] (U) Msg TX from E83548A4E7E56C5A to 0:0000000000000000 [0000] [UDP:[fe80::bfe:a203:38f0:bce7%enp0s3]:5540] --- Type 0000:10 (SecureChannel:StandaloneAck) (B:26)[0m
[0;34m[1784654598.261] [5423:5425] [EM] Flushed pending ack for MessageCounter:190819247 on exchange 35180i[0m
[0;32m[1784654598.261] [5423:5425] [EM] >>> [E:35181i S:11363 M:65563218 (Ack:94099460)] (S) Msg RX from 1:0000000000000001 [516E] to 000000000001B669 --- Type 0001:09 (IM:InvokeCommandResponse) (B:70)[0m
[0;34m[1784654598.261] [5423:5425] [EM] Found matching exchange: 35181i, Delegate: 0x7090bc00eef8[0m
[0;34m[1784654598.261] [5423:5425] [EM] Rxd Ack; Removing MessageCounter:94099460 from Retrans Table on exchange 35181i[0m
[0;34m[1784654598.261] [5423:5425] [DMG] ICR moving to [ResponseRe][0m
[0;34m[1784654598.261] [5423:5425] [DMG] InvokeResponseMessage =[0m
[0;34m[1784654598.261] [5423:5425] [DMG] {[0m
[0;34m[1784654598.261] [5423:5425] [DMG] 	suppressResponse = false, [0m
[0;34m[1784654598.261] [5423:5425] [DMG] 	InvokeResponseIBs =[0m
[0;34m[1784654598.261] [5423:5425] [DMG] 	[[0m
[0;34m[1784654598.261] [5423:5425] [DMG] 		InvokeResponseIB =[0m
[0;34m[1784654598.261] [5423:5425] [DMG] 		{[0m
[0;34m[1784654598.261] [5423:5425] [DMG] 			CommandDataIB =[0m
[0;34m[1784654598.261] [5423:5425] [DMG] 			{[0m
[0;34m[1784654598.261] [5423:5425] [DMG] 				CommandPathIB =[0m
[0;34m[1784654598.261] [5423:5425] [DMG] 				{[0m
[0;34m[1784654598.261] [5423:5425] [DMG] 					EndpointId = 0x0,[0m
[0;34m[1784654598.261] [5423:5425] [DMG] 					ClusterId = 0x30,[0m
[0;34m[1784654598.261] [5423:5425] [DMG] 					CommandId = 0x1,[0m
[0;34m[1784654598.261] [5423:5425] [DMG] 				},[0m
[0;34m[1784654598.261] [5423:5425] [DMG] 				[0m
[0;34m[1784654598.261] [5423:5425] [DMG] 				CommandFields = [0m
[0;34m[1784654598.261] [5423:5425] [DMG] 				{[0m
[0;34m[1784654598.261] [5423:5425] [DMG] 					0x0 = 0 (unsigned), [0m
[0;34m[1784654598.261] [5423:5425] [DMG] 					0x1 = "" (0 chars), [0m
[0;34m[1784654598.261] [5423:5425] [DMG] 				},[0m
[0;34m[1784654598.261] [5423:5425] [DMG] 			},[0m
[0;34m[1784654598.261] [5423:5425] [DMG] 			[0m
[0;34m[1784654598.261] [5423:5425] [DMG] 		},[0m
[0;34m[1784654598.261] [5423:5425] [DMG] 		[0m
[0;34m[1784654598.261] [5423:5425] [DMG] 	],[0m
[0;34m[1784654598.261] [5423:5425] [DMG] 	[0m
[0;34m[1784654598.261] [5423:5425] [DMG] 	InteractionModelRevision = 12[0m
[0;34m[1784654598.261] [5423:5425] [DMG] },[0m
[0;32m[1784654598.261] [5423:5425] [DMG] Received Command Response Data, Endpoint=0 Cluster=0x0000_0030 Command=0x0000_0001[0m
[0;32m[1784654598.261] [5423:5425] [TOO] Endpoint: 0 Cluster: 0x0000_0030 Command 0x0000_0001[0m
[0;32m[1784654598.261] [5423:5425] [TOO]   ArmFailSafeResponse: {[0m
[0;32m[1784654598.261] [5423:5425] [TOO]     errorCode: 0[0m
[0;32m[1784654598.261] [5423:5425] [TOO]     debugText: [0m
[0;32m[1784654598.261] [5423:5425] [TOO]    }[0m
[0;34m[1784654598.261] [5423:5425] [DMG] ICR moving to [AwaitingDe][0m
[0;32m[1784654598.262] [5423:5425] [EM] <<< [E:35181i S:11363 M:94099461 (Ack:65563218)] (S) Msg TX from 000000000001B669 to 1:0000000000000001 [516E] [UDP:[fe80::bfe:a203:38f0:bce7%enp0s3]:5540] --- Type 0000:10 (SecureChannel:StandaloneAck) (B:34)[0m
[0;34m[1784654598.262] [5423:5425] [EM] Flushed pending ack for MessageCounter:65563218 on exchange 35181i[0m
[0;34m[1784654598.262] [5423:5423] [CTL] Shutting down the commissioner[0m
[0;32m[1784654598.262] [5423:5423] [PAF] WiFiPAF: Closing all WiFiPAF sessions to shutdown[0m
[0;34m[1784654598.262] [5423:5423] [CTL] Shutting down the controller[0m
[0;34m[1784654598.262] [5423:5423] [IN] Expiring all sessions for fabric 0x1!![0m
[0;34m[1784654598.262] [5423:5423] [IN] SecureSession[0x7090bc009cd0]: MarkForEviction Type:2 LSID:11363[0m
[0;32m[1784654598.262] [5423:5423] [SC] SecureSession[0x7090bc009cd0, LSID:11363]: State change 'kActive' --> 'kPendingEviction'[0m
[0;34m[1784654598.262] [5423:5423] [IN] SecureSession[0x7090bc009cd0]: Released - Type:2 LSID:11363[0m
[0;32m[1784654598.262] [5423:5423] [FP] Forgetting fabric 0x1[0m
[0;32m[1784654598.262] [5423:5423] [TS] Pending Last Known Good Time: 2023-10-14T01:16:48[0m
[0;32m[1784654598.262] [5423:5423] [TS] Previous Last Known Good Time: 2023-10-14T01:16:48[0m
[0;32m[1784654598.262] [5423:5423] [TS] Reverted Last Known Good Time to previous value[0m
[0;34m[1784654598.262] [5423:5423] [CTL] Shutting down the commissioner[0m
[0;32m[1784654598.262] [5423:5423] [PAF] WiFiPAF: Closing all WiFiPAF sessions to shutdown[0m
[0;34m[1784654598.262] [5423:5423] [CTL] Shutting down the controller[0m
[0;34m[1784654598.262] [5423:5423] [CTL] Shutting down the System State, this will teardown the CHIP Stack[0m
[0;34m[1784654598.262] [5423:5423] [DMG] All ReadHandler-s are clean, clear GlobalDirtySet[0m
[0;32m[1784654598.262] [5423:5423] [FP] Shutting down FabricTable[0m
[0;32m[1784654598.262] [5423:5423] [TS] Pending Last Known Good Time: 2023-10-14T01:16:48[0m
[0;32m[1784654598.262] [5423:5423] [TS] Previous Last Known Good Time: 2023-10-14T01:16:48[0m
[0;32m[1784654598.262] [5423:5423] [TS] Reverted Last Known Good Time to previous value[0m
[0;34m[1784654598.264] [5423:5423] [DL] Wrote settings to /tmp/chip_counters.ini[0m
[0;32m[1784654598.264] [5423:5423] [DL] NVS set: chip-counters/total-operational-hours = 0 (0x0)[0m
[0;32m[1784654598.264] [5423:5423] [DL] Inet Layer shutdown[0m
[0;32m[1784654598.264] [5423:5423] [DL] BLE Layer shutdown[0m
[0;32m[1784654598.264] [5423:5423] [DL] WiFi-PAF Layer shutdown[0m
[0;32m[1784654598.264] [5423:5423] [PAF] WiFiPAF: Closing all WiFiPAF sessions to shutdown[0m
[0;32m[1784654598.264] [5423:5423] [DL] System Layer shutdown[0m
