[0;34m[1784654598.313] [5427:5427] [DL] ChipLinuxStorage::Init: Using KVS config file: /tmp/chip_tool_kvs[0m
[1;31m[1784654598.315] [5427:5427] [DL] ChipLinuxStorage::Init: Attempt to re-initialize with KVS config file: /tmp/chip_kvs, IGNORING.[0m
[0;34m[1784654598.316] [5427:5427] [DL] ChipLinuxStorage::Init: Using KVS config file: /tmp/chip_factory.ini[0m
[0;34m[1784654598.316] [5427:5427] [DL] ChipLinuxStorage::Init: Using KVS config file: /tmp/chip_config.ini[0m
[0;34m[1784654598.316] [5427:5427] [DL] ChipLinuxStorage::Init: Using KVS config file: /tmp/chip_counters.ini[0m
[0;34m[1784654598.319] [5427:5427] [DL] Wrote settings to /tmp/chip_counters.ini[0m
[0;32m[1784654598.320] [5427:5427] [DL] NVS set: chip-counters/reboot-count = 4 (0x4)[0m
[0;32m[1784654598.320] [5427:5427] [DL] Got Ethernet interface: enp0s3[0m
[0;32m[1784654598.320] [5427:5427] [DL] Found the primary Ethernet interface:enp0s3[0m
[1;31m[1784654598.320] [5427:5427] [DL] Failed to get WiFi interface[0m
[1;31m[1784654598.320] [5427:5427] [DL] Failed to reset WiFi statistic counts[0m
[0;32m[1784654598.320] [5427:5427] [PAF] WiFiPAF: WiFiPAFLayer::Init()[0m
[0;34m[1784654598.320] [5427:5427] [IN] UDP::Init bind&listen port=0[0m
[0;34m[1784654598.320] [5427:5427] [IN] UDP::Init bound to port=52003[0m
[0;34m[1784654598.320] [5427:5427] [IN] UDP::Init bind&listen port=0[0m
[0;34m[1784654598.320] [5427:5427] [IN] UDP::Init bound to port=33793[0m
[0;34m[1784654598.320] [5427:5427] [IN] BLEBase::Init - setting/overriding transport[0m
[0;34m[1784654598.320] [5427:5427] [IN] WiFiPAFBase::Init - setting/overriding transport[0m
[0;34m[1784654598.320] [5427:5427] [IN] TransportMgr initialized[0m
[0;34m[1784654598.320] [5427:5427] [FP] Initializing FabricTable from persistent storage[0m
[0;32m[1784654598.320] [5427:5427] [TS] Last Known Good Time: 2023-10-14T01:16:48[0m
[0;32m[1784654598.321] [5427:5427] [FP] Fabric index 0x1 was retrieved from storage. Compressed FabricId 0xC4A253DDC420516E, FabricId 0x0000000000000001, NodeId 0x000000000001B669, VendorId 0xFFF1[0m
[0;32m[1784654598.322] [5427:5427] [DMG] Ember attribute persistence requires setting up[0m
[0;32m[1784654598.322] [5427:5427] [ZCL] Using ZAP configuration...[0m
[0;34m[1784654598.323] [5427:5427] [CTL] System State Initialized...[0m
[0;32m[1784654598.323] [5427:5427] [CTL] Setting attestation nonce to random value[0m
[0;32m[1784654598.323] [5427:5427] [CTL] Setting CSR nonce to random value[0m
[0;34m[1784654598.323] [5427:5429] [DL] CHIP task running[0m
[0;32m[1784654598.323] [5427:5429] [CTL] Setting attestation nonce to random value[0m
[0;32m[1784654598.323] [5427:5429] [CTL] Setting CSR nonce to random value[0m
[0;32m[1784654598.323] [5427:5429] [CTL] Generating NOC[0m
[0;32m[1784654598.324] [5427:5429] [FP] Validating NOC chain[0m
[0;32m[1784654598.324] [5427:5429] [FP] NOC chain validation successful[0m
[0;32m[1784654598.324] [5427:5429] [FP] Updated fabric at index: 0x1, Node ID: 0x000000000001B669[0m
[0;32m[1784654598.324] [5427:5429] [TS] Last Known Good Time: 2023-10-14T01:16:48[0m
[0;32m[1784654598.324] [5427:5429] [TS] New proposed Last Known Good Time: 2021-01-01T00:00:00[0m
[0;32m[1784654598.324] [5427:5429] [TS] Retaining current Last Known Good Time[0m
[0;32m[1784654598.327] [5427:5429] [FP] Metadata for Fabric 0x1 persisted to storage.[0m
[0;32m[1784654598.327] [5427:5429] [TS] Committing Last Known Good Time to storage: 2023-10-14T01:16:48[0m
[0;32m[1784654598.328] [5427:5429] [CTL] Joined the fabric at index 1. Fabric ID is 0x0000000000000001 (Compressed Fabric ID: C4A253DDC420516E)[0m
[0;32m[1784654598.335] [5427:5429] [TOO] Sending command to node 0x1[0m
[0;34m[1784654598.335] [5427:5429] [CSM] FindOrEstablishSession: PeerId = [1:0000000000000001][0m
[0;34m[1784654598.335] [5427:5429] [CSM] FindOrEstablishSession: No existing OperationalSessionSetup instance found[0m
[0;34m[1784654598.335] [5427:5429] [DIS] OperationalSessionSetup[1:0000000000000001]: State change 1 --> 2[0m
[0;32m[1784654598.336] [5427:5429] [DIS] Lookup started for C4A253DDC420516E-0000000000000001[0m
[0;32m[1784654598.336] [5427:5429] [DIS] UDP:[fe80::bfe:a203:38f0:bce7%enp0s3]:5540: new best score: 7 (for C4A253DDC420516E-0000000000000001)[0m
[0;34m[1784654598.336] [5427:5429] [DIS] Lookup clearing interface for non LL address[0m
[0;32m[1784654598.336] [5427:5429] [DIS] UDP:10.0.2.15%enp0s3:5540: new best score: 2 (for C4A253DDC420516E-0000000000000001)[0m
[0;32m[1784654598.336] [5427:5429] [DIS] Checking node lookup status for C4A253DDC420516E-0000000000000001 after 0 ms[0m
[0;32m[1784654598.336] [5427:5429] [DIS] Keeping DNSSD lookup active[0m
[0;32m[1784654598.336] [5427:5429] [DIS] UDP:[fe80::bfe:a203:38f0:bce7%enp0s3]:5540: score has not improved: 7 (for C4A253DDC420516E-0000000000000001)[0m
[0;34m[1784654598.336] [5427:5429] [DIS] Lookup clearing interface for non LL address[0m
[0;32m[1784654598.336] [5427:5429] [DIS] UDP:10.0.2.15%enp0s3:5540: score has not improved: 2 (for C4A253DDC420516E-0000000000000001)[0m
[0;32m[1784654598.336] [5427:5429] [DIS] Checking node lookup status for C4A253DDC420516E-0000000000000001 after 0 ms[0m
[0;32m[1784654598.336] [5427:5429] [DIS] Keeping DNSSD lookup active[0m
[0;32m[1784654598.537] [5427:5429] [DIS] Checking node lookup status for C4A253DDC420516E-0000000000000001 after 201 ms[0m
[0;34m[1784654598.537] [5427:5429] [DIS] OperationalSessionSetup[1:0000000000000001]: Updating device address to UDP:[fe80::bfe:a203:38f0:bce7%enp0s3]:5540 while in state 2[0m
[0;34m[1784654598.537] [5427:5429] [DIS] OperationalSessionSetup[1:0000000000000001]: State change 2 --> 3[0m
[0;34m[1784654598.537] [5427:5429] [IN] SecureSession[0x707854009cd0]: Allocated Type:2 LSID:61795[0m
[0;32m[1784654598.537] [5427:5429] [SC] Initiating session on local FabricIndex 1 from 0x000000000001B669 -> 0x0000000000000001[0m
[0;32m[1784654598.537] [5427:5429] [EM] <<< [E:14749i S:0 M:51872801] (U) Msg TX from EC47ED73D0717C3A to 0:0000000000000000 [0000] [UDP:[fe80::bfe:a203:38f0:bce7%enp0s3]:5540] --- Type 0000:30 (SecureChannel:CASE_Sigma1) (B:196)[0m
[0;32m[1784654598.537] [5427:5429] [EM] ??1 [E:14749i S:0 M:51872801] (U) Msg Retransmission to 0:0000000000000000 scheduled for 579ms from now [State:Idle II:500 AI:300 AT:4000][0m
[0;32m[1784654598.537] [5427:5429] [SC] Sent Sigma1 msg to <0000000000000001, 1> [II:500ms AI:300ms AT:4000ms][0m
[0;34m[1784654598.537] [5427:5429] [DIS] OperationalSessionSetup[1:0000000000000001]: State change 3 --> 4[0m
[0;32m[1784654598.538] [5427:5429] [EM] >>> [E:14749i S:0 M:190819248 (Ack:51872801)] (U) Msg RX from 0:0000000000000000 [0000] to EC47ED73D0717C3A --- Type 0000:31 (SecureChannel:CASE_Sigma2) (B:751)[0m
[0;34m[1784654598.538] [5427:5429] [EM] Found matching exchange: 14749i, Delegate: 0x70785400b8e8[0m
[0;34m[1784654598.538] [5427:5429] [EM] Rxd Ack; Removing MessageCounter:51872801 from Retrans Table on exchange 14749i[0m
[0;32m[1784654598.538] [5427:5429] [SC] Received Sigma2 msg[0m
[0;34m[1784654598.538] [5427:5429] [SC] Found MRP parameters in the message[0m
[0;34m[1784654598.539] [5427:5429] [SC] Peer <0000000000000001, 1> assigned session ID 15675[0m
[0;34m[1784654598.539] [5427:5429] [SC] Sending Sigma3[0m
[0;32m[1784654598.539] [5427:5429] [EM] <<< [E:14749i S:0 M:51872802 (Ack:190819248)] (U) Msg TX from EC47ED73D0717C3A to 0:0000000000000000 [0000] [UDP:[fe80::bfe:a203:38f0:bce7%enp0s3]:5540] --- Type 0000:32 (SecureChannel:CASE_Sigma3) (B:598)[0m
[0;32m[1784654598.539] [5427:5429] [EM] ??1 [E:14749i S:0 M:51872802] (U) Msg Retransmission to 0:0000000000000000 scheduled for 393ms from now [State:Active II:500 AI:300 AT:4000][0m
[0;32m[1784654598.539] [5427:5429] [SC] Sent Sigma3 msg[0m
[0;32m[1784654598.547] [5427:5429] [EM] >>> [E:14749i S:0 M:190819249 (Ack:51872802)] (U) Msg RX from 0:0000000000000000 [0000] to EC47ED73D0717C3A --- Type 0000:40 (SecureChannel:StatusReport) (B:34)[0m
[0;34m[1784654598.547] [5427:5429] [EM] Found matching exchange: 14749i, Delegate: 0x70785400b8e8[0m
[0;34m[1784654598.547] [5427:5429] [EM] Rxd Ack; Removing MessageCounter:51872802 from Retrans Table on exchange 14749i[0m
[0;32m[1784654598.547] [5427:5429] [SC] Success status report received. Session was established[0m
[0;32m[1784654598.549] [5427:5429] [SC] SecureSession[0x707854009cd0, LSID:61795]: State change 'kEstablishing' --> 'kActive'[0m
[0;34m[1784654598.549] [5427:5429] [IN] SecureSession[0x707854009cd0]: Activated - Type:2 LSID:61795[0m
[0;34m[1784654598.549] [5427:5429] [IN] New secure session activated for device <0000000000000001, 1>, LSID:61795 PSID:15675![0m
[0;34m[1784654598.549] [5427:5429] [DIS] OperationalSessionSetup[1:0000000000000001]: State change 4 --> 5[0m
[0;32m[1784654598.549] [5427:5429] [TOO] Sending cluster (0x0000003E) command (0x00000004) on endpoint 0[0m
[0;34m[1784654598.549] [5427:5429] [DMG] ICR moving to [AddingComm][0m
[0;34m[1784654598.550] [5427:5429] [DMG] ICR moving to [AddedComma][0m
[0;32m[1784654598.550] [5427:5429] [EM] <<< [E:14750i S:61795 M:240428976] (S) Msg TX from 000000000001B669 to 1:0000000000000001 [516E] [UDP:[fe80::bfe:a203:38f0:bce7%enp0s3]:5540] --- Type 0001:08 (IM:InvokeCommandRequest) (B:96)[0m
[0;32m[1784654598.550] [5427:5429] [EM] ??1 [E:14750i S:61795 M:240428976] (S) Msg Retransmission to 1:0000000000000001 scheduled for 391ms from now [State:Active II:500 AI:300 AT:4000][0m
[0;34m[1784654598.550] [5427:5429] [DMG] ICR moving to [AwaitingRe][0m
[0;32m[1784654598.550] [5427:5429] [EM] <<< [E:14749i S:0 M:51872803 (Ack:190819249)] (U) Msg TX from EC47ED73D0717C3A to 0:0000000000000000 [0000] [UDP:[fe80::bfe:a203:38f0:bce7%enp0s3]:5540] --- Type 0000:10 (SecureChannel:StandaloneAck) (B:26)[0m
[0;34m[1784654598.550] [5427:5429] [EM] Flushed pending ack for MessageCounter:190819249 on exchange 14749i[0m
[0;32m[1784654598.550] [5427:5429] [EM] >>> [E:14750i S:61795 M:35218803 (Ack:240428976)] (S) Msg RX from 1:0000000000000001 [516E] to 000000000001B669 --- Type 0001:09 (IM:InvokeCommandResponse) (B:378)[0m
[0;34m[1784654598.550] [5427:5429] [EM] Found matching exchange: 14750i, Delegate: 0x70785400eef8[0m
[0;34m[1784654598.550] [5427:5429] [EM] Rxd Ack; Removing MessageCounter:240428976 from Retrans Table on exchange 14750i[0m
[0;34m[1784654598.550] [5427:5429] [DMG] ICR moving to [ResponseRe][0m
[0;34m[1784654598.550] [5427:5429] [DMG] InvokeResponseMessage =[0m
[0;34m[1784654598.550] [5427:5429] [DMG] {[0m
[0;34m[1784654598.550] [5427:5429] [DMG] 	suppressResponse = false, [0m
[0;34m[1784654598.550] [5427:5429] [DMG] 	InvokeResponseIBs =[0m
[0;34m[1784654598.550] [5427:5429] [DMG] 	[[0m
[0;34m[1784654598.550] [5427:5429] [DMG] 		InvokeResponseIB =[0m
[0;34m[1784654598.550] [5427:5429] [DMG] 		{[0m
[0;34m[1784654598.550] [5427:5429] [DMG] 			CommandDataIB =[0m
[0;34m[1784654598.550] [5427:5429] [DMG] 			{[0m
[0;34m[1784654598.550] [5427:5429] [DMG] 				CommandPathIB =[0m
[0;34m[1784654598.550] [5427:5429] [DMG] 				{[0m
[0;34m[1784654598.550] [5427:5429] [DMG] 					EndpointId = 0x0,[0m
[0;34m[1784654598.550] [5427:5429] [DMG] 					ClusterId = 0x3e,[0m
[0;34m[1784654598.550] [5427:5429] [DMG] 					CommandId = 0x5,[0m
[0;34m[1784654598.550] [5427:5429] [DMG] 				},[0m
[0;34m[1784654598.550] [5427:5429] [DMG] 				[0m
[0;34m[1784654598.550] [5427:5429] [DMG] 				CommandFields = [0m
[0;34m[1784654598.550] [5427:5429] [DMG] 				{[0m
[0;34m[1784654598.550] [5427:5429] [DMG] 					0x0 = [[0m
[0;34m[1784654598.550] [5427:5429] [DMG] 							0x15, 0x30, 0x01, 0xcc, 0x30, 0x81, 0xc9, 0x30, 0x70, 0x02, 0x01, 0x00, 0x30, 0x0e, 0x31, 0x0c, 0x30, 0x0a, 0x06, 0x03, 0x55, 0x04, 0x0a, 0x0c, 0x03, 0x43, 0x53, 0x52, 0x30, 0x59, 0x30, 0x13, 0x06, 0x07, 0x2a, 0x86, 0x48, 0xce, 0x3d, 0x02, 0x01, 0x06, 0x08, 0x2a, 0x86, 0x48, 0xce, 0x3d, 0x03, 0x01, 0x07, 0x03, 0x42, 0x00, 0x04, 0xbc, 0xed, 0x9f, 0xfd, 0xb7, 0x5f, 0x13, 0xa9, 0xa4, 0x64, 0x83, 0xda, 0x42, 0x3c, 0x81, 0xfd, 0x93, 0xc3, 0x45, 0xa9, 0x1b, 0xab, 0xdd, 0xbe, 0x16, 0xe1, 0x7c, 0x1e, 0x61, 0x0c, 0x46, 0xdf, 0xc0, 0xd5, 0xd4, 0xec, 0x70, 0x36, 0xd4, 0x99, 0x48, 0xdb, 0xf0, 0xf2, 0x4d, 0x80, 0xf6, 0x23, 0x97, 0x9f, 0x9f, 0x6d, 0x60, 0x67, 0xf4, 0x04, 0xa1, 0xa5, 0x9b, 0x57, 0x00, 0xaf, 0x5f, 0x41, 0xa0, 0x00, 0x30, 0x0a, 0x06, 0x08, 0x2a, 0x86, 0x48, 0xce, 0x3d, 0x04, 0x03, 0x02, 0x03, 0x49, 0x00, 0x30, 0x46, 0x02, 0x21, 0x00, 0xb8, 0x7e, 0x6d, 0x7e, 0x73, 0x41, 0x59, 0x7a, 0x31, 0x61, 0xdb, 0x97, 0xb3, 0x84, 0xed, 0x8f, 0x88, 0x7d, 0xb6, 0xc4, 0x19, 0x98, 0x8c, 0x3e, 0x79, 0x6b, 0xfc, 0x0f, 0x33, 0x3e, 0x63, 0x60, 0x02, 0x21, 0x00, 0xc2, 0xaf, 0x90, 0x43, 0x24, 0x63, 0x5a, 0x31, 0x3e, 0xd6, 0xb4, 0x44, 0x0d, 0xb9, 0xbc, 0x4b, 0x5d, 0x61, 0x3e, 0xcf, 0x7a, 0x5e, 0x7f, 0x6e, 0xd7, 0x41, 0x5b, 0xf1, 0xa7, 0x6e, 0xb9, 0x15, 0x30, 0x02, 0x20, 0x29, 0x35, 0x9c, 0x84, 0x70, 0x60, 0x67, 0xe5, 0xd0, 0x9b, 0xab, 0x5b, 0x4a, 0x03, 0x01, 0x22, 0xeb, 0x9f, 0x9a, 0xdf, 0xff, 0x95, 0xca, 0xfb, 0x72, 0x7a, 0xa7, 0x9a, 0x31, 0xcd, 0x78, 0xcb, 0x18, [0m
[0;34m[1784654598.550] [5427:5429] [DMG] 					] (244 bytes)[0m
[0;34m[1784654598.550] [5427:5429] [DMG] 					0x1 = [[0m
[0;34m[1784654598.550] [5427:5429] [DMG] 							0xf9, 0xb8, 0xc4, 0x20, 0xcf, 0x44, 0x78, 0x6c, 0xae, 0xc3, 0x2e, 0x9e, 0xcb, 0x03, 0x01, 0xd6, 0xfe, 0x1a, 0x45, 0xbe, 0x91, 0xaa, 0xf6, 0x95, 0xf7, 0xf8, 0x61, 0xa0, 0x56, 0xbe, 0x78, 0x03, 0x3f, 0x5e, 0x1d, 0x53, 0x9a, 0xe5, 0x2c, 0xfb, 0x42, 0xc8, 0xcd, 0x33, 0x53, 0x3c, 0x4f, 0xdd, 0x3d, 0x62, 0x95, 0xba, 0xc9, 0x7a, 0x44, 0x2a, 0x18, 0xa7, 0xd6, 0xac, 0xd9, 0xc7, 0xba, 0xbd, [0m
[0;34m[1784654598.550] [5427:5429] [DMG] 					] (64 bytes)[0m
[0;34m[1784654598.550] [5427:5429] [DMG] 				},[0m
[0;34m[1784654598.550] [5427:5429] [DMG] 			},[0m
[0;34m[1784654598.550] [5427:5429] [DMG] 			[0m
[0;34m[1784654598.550] [5427:5429] [DMG] 		},[0m
[0;34m[1784654598.550] [5427:5429] [DMG] 		[0m
[0;34m[1784654598.550] [5427:5429] [DMG] 	],[0m
[0;34m[1784654598.550] [5427:5429] [DMG] 	[0m
[0;34m[1784654598.550] [5427:5429] [DMG] 	InteractionModelRevision = 12[0m
[0;34m[1784654598.550] [5427:5429] [DMG] },[0m
[0;32m[1784654598.550] [5427:5429] [DMG] Received Command Response Data, Endpoint=0 Cluster=0x0000_003E Command=0x0000_0005[0m
[0;32m[1784654598.550] [5427:5429] [TOO] Endpoint: 0 Cluster: 0x0000_003E Command 0x0000_0005[0m
[0;32m[1784654598.550] [5427:5429] [TOO]   CSRResponse: {[0m
[0;32m[1784654598.550] [5427:5429] [TOO]     NOCSRElements: 153001CC3081C93070020100300E310C300A060355040A0C034353523059301306072A8648CE3D020106082A8648CE3D03010703420004BCED9FFDB75F13A9A46483DA423C81FD93C345A91BABDDBE16E17C1E610C46DFC0D5D4EC7036D49948DBF0F24D80F623979F9F6D6067F404A1A59B5700AF5F41A000300A06082A8648CE3D0403020349003046022100B87E6D7E7341597A3161DB97B384ED8F887DB6C419988C3E796BFC0F333E6360022100C2AF904324635A313ED6B4440DB9BC4B5D613ECF7A5E7F6ED7415BF1A76EB91530022029359C84706067E5D09BAB5B4A030122EB9F9ADFFF95CAFB727AA79A31CD78CB18[0m
[0;32m[1784654598.550] [5427:5429] [TOO]     attestationSignature: F9B8C420CF44786CAEC32E9ECB0301D6FE1A45BE91AAF695F7F861A056BE78033F5E1D539AE52CFB42C8CD33533C4FDD3D6295BAC97A442A18A7D6ACD9C7BABD[0m
[0;32m[1784654598.550] [5427:5429] [TOO]    }[0m
[0;34m[1784654598.550] [5427:5429] [DMG] ICR moving to [AwaitingDe][0m
[0;32m[1784654598.551] [5427:5429] [EM] <<< [E:14750i S:61795 M:240428977 (Ack:35218803)] (S) Msg TX from 000000000001B669 to 1:0000000000000001 [516E] [UDP:[fe80::bfe:a203:38f0:bce7%enp0s3]:5540] --- Type 0000:10 (SecureChannel:StandaloneAck) (B:34)[0m
[0;34m[1784654598.551] [5427:5429] [EM] Flushed pending ack for MessageCounter:35218803 on exchange 14750i[0m
[0;34m[1784654598.551] [5427:5427] [CTL] Shutting down the commissioner[0m
[0;32m[1784654598.551] [5427:5427] [PAF] WiFiPAF: Closing all WiFiPAF sessions to shutdown[0m
[0;34m[1784654598.551] [5427:5427] [CTL] Shutting down the controller[0m
[0;34m[1784654598.551] [5427:5427] [IN] Expiring all sessions for fabric 0x1!![0m
[0;34m[1784654598.551] [5427:5427] [IN] SecureSession[0x707854009cd0]: MarkForEviction Type:2 LSID:61795[0m
[0;32m[1784654598.551] [5427:5427] [SC] SecureSession[0x707854009cd0, LSID:61795]: State change 'kActive' --> 'kPendingEviction'[0m
[0;34m[1784654598.551] [5427:5427] [IN] SecureSession[0x707854009cd0]: Released - Type:2 LSID:61795[0m
[0;32m[1784654598.551] [5427:5427] [FP] Forgetting fabric 0x1[0m
[0;32m[1784654598.551] [5427:5427] [TS] Pending Last Known Good Time: 2023-10-14T01:16:48[0m
[0;32m[1784654598.551] [5427:5427] [TS] Previous Last Known Good Time: 2023-10-14T01:16:48[0m
[0;32m[1784654598.551] [5427:5427] [TS] Reverted Last Known Good Time to previous value[0m
[0;34m[1784654598.551] [5427:5427] [CTL] Shutting down the commissioner[0m
[0;32m[1784654598.551] [5427:5427] [PAF] WiFiPAF: Closing all WiFiPAF sessions to shutdown[0m
[0;34m[1784654598.551] [5427:5427] [CTL] Shutting down the controller[0m
[0;34m[1784654598.551] [5427:5427] [CTL] Shutting down the System State, this will teardown the CHIP Stack[0m
[0;34m[1784654598.551] [5427:5427] [DMG] All ReadHandler-s are clean, clear GlobalDirtySet[0m
[0;32m[1784654598.551] [5427:5427] [FP] Shutting down FabricTable[0m
[0;32m[1784654598.551] [5427:5427] [TS] Pending Last Known Good Time: 2023-10-14T01:16:48[0m
[0;32m[1784654598.551] [5427:5427] [TS] Previous Last Known Good Time: 2023-10-14T01:16:48[0m
[0;32m[1784654598.551] [5427:5427] [TS] Reverted Last Known Good Time to previous value[0m
[0;34m[1784654598.554] [5427:5427] [DL] Wrote settings to /tmp/chip_counters.ini[0m
[0;32m[1784654598.554] [5427:5427] [DL] NVS set: chip-counters/total-operational-hours = 0 (0x0)[0m
[0;32m[1784654598.554] [5427:5427] [DL] Inet Layer shutdown[0m
[0;32m[1784654598.554] [5427:5427] [DL] BLE Layer shutdown[0m
[0;32m[1784654598.554] [5427:5427] [DL] WiFi-PAF Layer shutdown[0m
[0;32m[1784654598.554] [5427:5427] [PAF] WiFiPAF: Closing all WiFiPAF sessions to shutdown[0m
[0;32m[1784654598.554] [5427:5427] [DL] System Layer shutdown[0m
