[0;34m[1784654598.971] [5440:5440] [DL] ChipLinuxStorage::Init: Using KVS config file: /tmp/chip_tool_kvs[0m
[1;31m[1784654598.972] [5440:5440] [DL] ChipLinuxStorage::Init: Attempt to re-initialize with KVS config file: /tmp/chip_kvs, IGNORING.[0m
[0;34m[1784654598.973] [5440:5440] [DL] ChipLinuxStorage::Init: Using KVS config file: /tmp/chip_factory.ini[0m
[0;34m[1784654598.973] [5440:5440] [DL] ChipLinuxStorage::Init: Using KVS config file: /tmp/chip_config.ini[0m
[0;34m[1784654598.973] [5440:5440] [DL] ChipLinuxStorage::Init: Using KVS config file: /tmp/chip_counters.ini[0m
[0;34m[1784654598.977] [5440:5440] [DL] Wrote settings to /tmp/chip_counters.ini[0m
[0;32m[1784654598.977] [5440:5440] [DL] NVS set: chip-counters/reboot-count = 6 (0x6)[0m
[0;32m[1784654598.977] [5440:5440] [DL] Got Ethernet interface: enp0s3[0m
[0;32m[1784654598.977] [5440:5440] [DL] Found the primary Ethernet interface:enp0s3[0m
[1;31m[1784654598.977] [5440:5440] [DL] Failed to get WiFi interface[0m
[1;31m[1784654598.977] [5440:5440] [DL] Failed to reset WiFi statistic counts[0m
[0;32m[1784654598.977] [5440:5440] [PAF] WiFiPAF: WiFiPAFLayer::Init()[0m
[0;34m[1784654598.977] [5440:5440] [IN] UDP::Init bind&listen port=0[0m
[0;34m[1784654598.977] [5440:5440] [IN] UDP::Init bound to port=57532[0m
[0;34m[1784654598.977] [5440:5440] [IN] UDP::Init bind&listen port=0[0m
[0;34m[1784654598.977] [5440:5440] [IN] UDP::Init bound to port=36334[0m
[0;34m[1784654598.977] [5440:5440] [IN] BLEBase::Init - setting/overriding transport[0m
[0;34m[1784654598.977] [5440:5440] [IN] WiFiPAFBase::Init - setting/overriding transport[0m
[0;34m[1784654598.977] [5440:5440] [IN] TransportMgr initialized[0m
[0;34m[1784654598.977] [5440:5440] [FP] Initializing FabricTable from persistent storage[0m
[0;32m[1784654598.977] [5440:5440] [TS] Last Known Good Time: 2023-10-14T01:16:48[0m
[0;32m[1784654598.978] [5440:5440] [FP] Fabric index 0x1 was retrieved from storage. Compressed FabricId 0xC4A253DDC420516E, FabricId 0x0000000000000001, NodeId 0x000000000001B669, VendorId 0xFFF1[0m
[0;32m[1784654598.978] [5440:5440] [DMG] Ember attribute persistence requires setting up[0m
[0;32m[1784654598.978] [5440:5440] [ZCL] Using ZAP configuration...[0m
[0;34m[1784654598.979] [5440:5440] [CTL] System State Initialized...[0m
[0;32m[1784654598.979] [5440:5440] [CTL] Setting attestation nonce to random value[0m
[0;32m[1784654598.979] [5440:5440] [CTL] Setting CSR nonce to random value[0m
[0;34m[1784654598.979] [5440:5442] [DL] CHIP task running[0m
[0;32m[1784654598.979] [5440:5442] [CTL] Setting attestation nonce to random value[0m
[0;32m[1784654598.979] [5440:5442] [CTL] Setting CSR nonce to random value[0m
[0;32m[1784654598.979] [5440:5442] [CTL] Generating NOC[0m
[0;32m[1784654598.979] [5440:5442] [FP] Validating NOC chain[0m
[0;32m[1784654598.980] [5440:5442] [FP] NOC chain validation successful[0m
[0;32m[1784654598.980] [5440:5442] [FP] Updated fabric at index: 0x1, Node ID: 0x000000000001B669[0m
[0;32m[1784654598.980] [5440:5442] [TS] Last Known Good Time: 2023-10-14T01:16:48[0m
[0;32m[1784654598.980] [5440:5442] [TS] New proposed Last Known Good Time: 2021-01-01T00:00:00[0m
[0;32m[1784654598.980] [5440:5442] [TS] Retaining current Last Known Good Time[0m
[0;32m[1784654598.982] [5440:5442] [FP] Metadata for Fabric 0x1 persisted to storage.[0m
[0;32m[1784654598.983] [5440:5442] [TS] Committing Last Known Good Time to storage: 2023-10-14T01:16:48[0m
[0;32m[1784654598.983] [5440:5442] [CTL] Joined the fabric at index 1. Fabric ID is 0x0000000000000001 (Compressed Fabric ID: C4A253DDC420516E)[0m
[0;32m[1784654598.989] [5440:5442] [TOO] Sending command to node 0x1[0m
[0;34m[1784654598.989] [5440:5442] [CSM] FindOrEstablishSession: PeerId = [1:0000000000000001][0m
[0;34m[1784654598.989] [5440:5442] [CSM] FindOrEstablishSession: No existing OperationalSessionSetup instance found[0m
[0;34m[1784654598.989] [5440:5442] [DIS] OperationalSessionSetup[1:0000000000000001]: State change 1 --> 2[0m
[0;32m[1784654598.990] [5440:5442] [DIS] Lookup started for C4A253DDC420516E-0000000000000001[0m
[0;32m[1784654598.990] [5440:5442] [DIS] UDP:[fe80::bfe:a203:38f0:bce7%enp0s3]:5540: new best score: 7 (for C4A253DDC420516E-0000000000000001)[0m
[0;34m[1784654598.990] [5440:5442] [DIS] Lookup clearing interface for non LL address[0m
[0;32m[1784654598.990] [5440:5442] [DIS] UDP:10.0.2.15%enp0s3:5540: new best score: 2 (for C4A253DDC420516E-0000000000000001)[0m
[0;32m[1784654598.990] [5440:5442] [DIS] Checking node lookup status for C4A253DDC420516E-0000000000000001 after 0 ms[0m
[0;32m[1784654598.990] [5440:5442] [DIS] Keeping DNSSD lookup active[0m
[0;32m[1784654598.990] [5440:5442] [DIS] UDP:[fe80::bfe:a203:38f0:bce7%enp0s3]:5540: score has not improved: 7 (for C4A253DDC420516E-0000000000000001)[0m
[0;34m[1784654598.990] [5440:5442] [DIS] Lookup clearing interface for non LL address[0m
[0;32m[1784654598.990] [5440:5442] [DIS] UDP:10.0.2.15%enp0s3:5540: score has not improved: 2 (for C4A253DDC420516E-0000000000000001)[0m
[0;32m[1784654598.990] [5440:5442] [DIS] Checking node lookup status for C4A253DDC420516E-0000000000000001 after 0 ms[0m
[0;32m[1784654598.990] [5440:5442] [DIS] Keeping DNSSD lookup active[0m
[0;32m[1784654599.190] [5440:5442] [DIS] Checking node lookup status for C4A253DDC420516E-0000000000000001 after 201 ms[0m
[0;34m[1784654599.190] [5440:5442] [DIS] OperationalSessionSetup[1:0000000000000001]: Updating device address to UDP:[fe80::bfe:a203:38f0:bce7%enp0s3]:5540 while in state 2[0m
[0;34m[1784654599.190] [5440:5442] [DIS] OperationalSessionSetup[1:0000000000000001]: State change 2 --> 3[0m
[0;34m[1784654599.190] [5440:5442] [IN] SecureSession[0x756bfc009cd0]: Allocated Type:2 LSID:21418[0m
[0;32m[1784654599.190] [5440:5442] [SC] Initiating session on local FabricIndex 1 from 0x000000000001B669 -> 0x0000000000000001[0m
[0;32m[1784654599.191] [5440:5442] [EM] <<< [E:53969i S:0 M:164436015] (U) Msg TX from E8695C59637E2D51 to 0:0000000000000000 [0000] [UDP:[fe80::bfe:a203:38f0:bce7%enp0s3]:5540] --- Type 0000:30 (SecureChannel:CASE_Sigma1) (B:196)[0m
[0;32m[1784654599.191] [5440:5442] [EM] ??1 [E:53969i S:0 M:164436015] (U) Msg Retransmission to 0:0000000000000000 scheduled for 684ms from now [State:Idle II:500 AI:300 AT:4000][0m
[0;32m[1784654599.191] [5440:5442] [SC] Sent Sigma1 msg to <0000000000000001, 1> [II:500ms AI:300ms AT:4000ms][0m
[0;34m[1784654599.191] [5440:5442] [DIS] OperationalSessionSetup[1:0000000000000001]: State change 3 --> 4[0m
[0;32m[1784654599.192] [5440:5442] [EM] >>> [E:53969i S:0 M:190819252 (Ack:164436015)] (U) Msg RX from 0:0000000000000000 [0000] to E8695C59637E2D51 --- Type 0000:31 (SecureChannel:CASE_Sigma2) (B:751)[0m
[0;34m[1784654599.192] [5440:5442] [EM] Found matching exchange: 53969i, Delegate: 0x756bfc00b8e8[0m
[0;34m[1784654599.192] [5440:5442] [EM] Rxd Ack; Removing MessageCounter:164436015 from Retrans Table on exchange 53969i[0m
[0;32m[1784654599.192] [5440:5442] [SC] Received Sigma2 msg[0m
[0;34m[1784654599.192] [5440:5442] [SC] Found MRP parameters in the message[0m
[0;34m[1784654599.193] [5440:5442] [SC] Peer <0000000000000001, 1> assigned session ID 15677[0m
[0;34m[1784654599.193] [5440:5442] [SC] Sending Sigma3[0m
[0;32m[1784654599.193] [5440:5442] [EM] <<< [E:53969i S:0 M:164436016 (Ack:190819252)] (U) Msg TX from E8695C59637E2D51 to 0:0000000000000000 [0000] [UDP:[fe80::bfe:a203:38f0:bce7%enp0s3]:5540] --- Type 0000:32 (SecureChannel:CASE_Sigma3) (B:598)[0m
[0;32m[1784654599.193] [5440:5442] [EM] ??1 [E:53969i S:0 M:164436016] (U) Msg Retransmission to 0:0000000000000000 scheduled for 407ms from now [State:Active II:500 AI:300 AT:4000][0m
[0;32m[1784654599.193] [5440:5442] [SC] Sent Sigma3 msg[0m
[0;32m[1784654599.204] [5440:5442] [EM] >>> [E:53969i S:0 M:190819253 (Ack:164436016)] (U) Msg RX from 0:0000000000000000 [0000] to E8695C59637E2D51 --- Type 0000:40 (SecureChannel:StatusReport) (B:34)[0m
[0;34m[1784654599.204] [5440:5442] [EM] Found matching exchange: 53969i, Delegate: 0x756bfc00b8e8[0m
[0;34m[1784654599.204] [5440:5442] [EM] Rxd Ack; Removing MessageCounter:164436016 from Retrans Table on exchange 53969i[0m
[0;32m[1784654599.204] [5440:5442] [SC] Success status report received. Session was established[0m
[0;32m[1784654599.206] [5440:5442] [SC] SecureSession[0x756bfc009cd0, LSID:21418]: State change 'kEstablishing' --> 'kActive'[0m
[0;34m[1784654599.206] [5440:5442] [IN] SecureSession[0x756bfc009cd0]: Activated - Type:2 LSID:21418[0m
[0;34m[1784654599.206] [5440:5442] [IN] New secure session activated for device <0000000000000001, 1>, LSID:21418 PSID:15677![0m
[0;34m[1784654599.206] [5440:5442] [DIS] OperationalSessionSetup[1:0000000000000001]: State change 4 --> 5[0m
[0;32m[1784654599.206] [5440:5442] [TOO] Sending cluster (0x0000003E) command (0x00000007) on endpoint 0[0m
[0;34m[1784654599.206] [5440:5442] [DMG] ICR moving to [AddingComm][0m
[0;34m[1784654599.206] [5440:5442] [DMG] ICR moving to [AddedComma][0m
[0;32m[1784654599.206] [5440:5442] [EM] <<< [E:53970i S:21418 M:266466795] (S) Msg TX from 000000000001B669 to 1:0000000000000001 [516E] [UDP:[fe80::bfe:a203:38f0:bce7%enp0s3]:5540] --- Type 0001:08 (IM:InvokeCommandRequest) (B:330)[0m
[0;32m[1784654599.206] [5440:5442] [EM] ??1 [E:53970i S:21418 M:266466795] (S) Msg Retransmission to 1:0000000000000001 scheduled for 336ms from now [State:Active II:500 AI:300 AT:4000][0m
[0;34m[1784654599.206] [5440:5442] [DMG] ICR moving to [AwaitingRe][0m
[0;32m[1784654599.206] [5440:5442] [EM] <<< [E:53969i S:0 M:164436017 (Ack:190819253)] (U) Msg TX from E8695C59637E2D51 to 0:0000000000000000 [0000] [UDP:[fe80::bfe:a203:38f0:bce7%enp0s3]:5540] --- Type 0000:10 (SecureChannel:StandaloneAck) (B:26)[0m
[0;34m[1784654599.206] [5440:5442] [EM] Flushed pending ack for MessageCounter:190819253 on exchange 53969i[0m
[0;32m[1784654599.216] [5440:5442] [EM] >>> [E:53970i S:21418 M:178790246 (Ack:266466795)] (S) Msg RX from 1:0000000000000001 [516E] to 000000000001B669 --- Type 0001:09 (IM:InvokeCommandResponse) (B:70)[0m
[0;34m[1784654599.216] [5440:5442] [EM] Found matching exchange: 53970i, Delegate: 0x756bfc00eef8[0m
[0;34m[1784654599.216] [5440:5442] [EM] Rxd Ack; Removing MessageCounter:266466795 from Retrans Table on exchange 53970i[0m
[0;34m[1784654599.216] [5440:5442] [DMG] ICR moving to [ResponseRe][0m
[0;34m[1784654599.216] [5440:5442] [DMG] InvokeResponseMessage =[0m
[0;34m[1784654599.216] [5440:5442] [DMG] {[0m
[0;34m[1784654599.216] [5440:5442] [DMG] 	suppressResponse = false, [0m
[0;34m[1784654599.216] [5440:5442] [DMG] 	InvokeResponseIBs =[0m
[0;34m[1784654599.216] [5440:5442] [DMG] 	[[0m
[0;34m[1784654599.216] [5440:5442] [DMG] 		InvokeResponseIB =[0m
[0;34m[1784654599.216] [5440:5442] [DMG] 		{[0m
[0;34m[1784654599.216] [5440:5442] [DMG] 			CommandDataIB =[0m
[0;34m[1784654599.216] [5440:5442] [DMG] 			{[0m
[0;34m[1784654599.216] [5440:5442] [DMG] 				CommandPathIB =[0m
[0;34m[1784654599.216] [5440:5442] [DMG] 				{[0m
[0;34m[1784654599.216] [5440:5442] [DMG] 					EndpointId = 0x0,[0m
[0;34m[1784654599.216] [5440:5442] [DMG] 					ClusterId = 0x3e,[0m
[0;34m[1784654599.216] [5440:5442] [DMG] 					CommandId = 0x8,[0m
[0;34m[1784654599.216] [5440:5442] [DMG] 				},[0m
[0;34m[1784654599.216] [5440:5442] [DMG] 				[0m
[0;34m[1784654599.216] [5440:5442] [DMG] 				CommandFields = [0m
[0;34m[1784654599.216] [5440:5442] [DMG] 				{[0m
[0;34m[1784654599.216] [5440:5442] [DMG] 					0x0 = 0 (unsigned), [0m
[0;34m[1784654599.216] [5440:5442] [DMG] 					0x1 = 1 (unsigned), [0m
[0;34m[1784654599.216] [5440:5442] [DMG] 				},[0m
[0;34m[1784654599.216] [5440:5442] [DMG] 			},[0m
[0;34m[1784654599.216] [5440:5442] [DMG] 			[0m
[0;34m[1784654599.216] [5440:5442] [DMG] 		},[0m
[0;34m[1784654599.216] [5440:5442] [DMG] 		[0m
[0;34m[1784654599.216] [5440:5442] [DMG] 	],[0m
[0;34m[1784654599.216] [5440:5442] [DMG] 	[0m
[0;34m[1784654599.216] [5440:5442] [DMG] 	InteractionModelRevision = 12[0m
[0;34m[1784654599.216] [5440:5442] [DMG] },[0m
[0;32m[1784654599.216] [5440:5442] [DMG] Received Command Response Data, Endpoint=0 Cluster=0x0000_003E Command=0x0000_0008[0m
[0;32m[1784654599.216] [5440:5442] [TOO] Endpoint: 0 Cluster: 0x0000_003E Command 0x0000_0008[0m
[0;32m[1784654599.216] [5440:5442] [TOO]   NOCResponse: {[0m
[0;32m[1784654599.216] [5440:5442] [TOO]     statusCode: 0[0m
[0;32m[1784654599.216] [5440:5442] [TOO]     fabricIndex: 1[0m
[0;32m[1784654599.216] [5440:5442] [TOO]    }[0m
[0;34m[1784654599.216] [5440:5442] [DMG] ICR moving to [AwaitingDe][0m
[0;32m[1784654599.216] [5440:5442] [EM] <<< [E:53970i S:21418 M:266466796 (Ack:178790246)] (S) Msg TX from 000000000001B669 to 1:0000000000000001 [516E] [UDP:[fe80::bfe:a203:38f0:bce7%enp0s3]:5540] --- Type 0000:10 (SecureChannel:StandaloneAck) (B:34)[0m
[0;34m[1784654599.217] [5440:5442] [EM] Flushed pending ack for MessageCounter:178790246 on exchange 53970i[0m
[0;34m[1784654599.217] [5440:5440] [CTL] Shutting down the commissioner[0m
[0;32m[1784654599.217] [5440:5440] [PAF] WiFiPAF: Closing all WiFiPAF sessions to shutdown[0m
[0;34m[1784654599.217] [5440:5440] [CTL] Shutting down the controller[0m
[0;34m[1784654599.217] [5440:5440] [IN] Expiring all sessions for fabric 0x1!![0m
[0;34m[1784654599.217] [5440:5440] [IN] SecureSession[0x756bfc009cd0]: MarkForEviction Type:2 LSID:21418[0m
[0;32m[1784654599.217] [5440:5440] [SC] SecureSession[0x756bfc009cd0, LSID:21418]: State change 'kActive' --> 'kPendingEviction'[0m
[0;34m[1784654599.217] [5440:5440] [IN] SecureSession[0x756bfc009cd0]: Released - Type:2 LSID:21418[0m
[0;32m[1784654599.217] [5440:5440] [FP] Forgetting fabric 0x1[0m
[0;32m[1784654599.217] [5440:5440] [TS] Pending Last Known Good Time: 2023-10-14T01:16:48[0m
[0;32m[1784654599.217] [5440:5440] [TS] Previous Last Known Good Time: 2023-10-14T01:16:48[0m
[0;32m[1784654599.217] [5440:5440] [TS] Reverted Last Known Good Time to previous value[0m
[0;34m[1784654599.217] [5440:5440] [CTL] Shutting down the commissioner[0m
[0;32m[1784654599.217] [5440:5440] [PAF] WiFiPAF: Closing all WiFiPAF sessions to shutdown[0m
[0;34m[1784654599.217] [5440:5440] [CTL] Shutting down the controller[0m
[0;34m[1784654599.217] [5440:5440] [CTL] Shutting down the System State, this will teardown the CHIP Stack[0m
[0;34m[1784654599.217] [5440:5440] [DMG] All ReadHandler-s are clean, clear GlobalDirtySet[0m
[0;32m[1784654599.217] [5440:5440] [FP] Shutting down FabricTable[0m
[0;32m[1784654599.217] [5440:5440] [TS] Pending Last Known Good Time: 2023-10-14T01:16:48[0m
[0;32m[1784654599.217] [5440:5440] [TS] Previous Last Known Good Time: 2023-10-14T01:16:48[0m
[0;32m[1784654599.217] [5440:5440] [TS] Reverted Last Known Good Time to previous value[0m
[0;34m[1784654599.219] [5440:5440] [DL] Wrote settings to /tmp/chip_counters.ini[0m
[0;32m[1784654599.219] [5440:5440] [DL] NVS set: chip-counters/total-operational-hours = 0 (0x0)[0m
[0;32m[1784654599.219] [5440:5440] [DL] Inet Layer shutdown[0m
[0;32m[1784654599.219] [5440:5440] [DL] BLE Layer shutdown[0m
[0;32m[1784654599.219] [5440:5440] [DL] WiFi-PAF Layer shutdown[0m
[0;32m[1784654599.219] [5440:5440] [PAF] WiFiPAF: Closing all WiFiPAF sessions to shutdown[0m
[0;32m[1784654599.219] [5440:5440] [DL] System Layer shutdown[0m
