[0;34m[1784656771.646] [13277:13277] [DL] ChipLinuxStorage::Init: Using KVS config file: /tmp/chip_tool_kvs[0m
[1;31m[1784656771.647] [13277:13277] [DL] ChipLinuxStorage::Init: Attempt to re-initialize with KVS config file: /tmp/chip_kvs, IGNORING.[0m
[0;34m[1784656771.649] [13277:13277] [DL] ChipLinuxStorage::Init: Using KVS config file: /tmp/chip_factory.ini[0m
[0;34m[1784656771.649] [13277:13277] [DL] ChipLinuxStorage::Init: Using KVS config file: /tmp/chip_config.ini[0m
[0;34m[1784656771.649] [13277:13277] [DL] ChipLinuxStorage::Init: Using KVS config file: /tmp/chip_counters.ini[0m
[0;34m[1784656771.651] [13277:13277] [DL] Wrote settings to /tmp/chip_counters.ini[0m
[0;32m[1784656771.651] [13277:13277] [DL] NVS set: chip-counters/reboot-count = 3 (0x3)[0m
[0;32m[1784656771.652] [13277:13277] [DL] Got Ethernet interface: enp0s3[0m
[0;32m[1784656771.652] [13277:13277] [DL] Found the primary Ethernet interface:enp0s3[0m
[1;31m[1784656771.652] [13277:13277] [DL] Failed to get WiFi interface[0m
[1;31m[1784656771.652] [13277:13277] [DL] Failed to reset WiFi statistic counts[0m
[0;32m[1784656771.652] [13277:13277] [PAF] WiFiPAF: WiFiPAFLayer::Init()[0m
[0;34m[1784656771.652] [13277:13277] [IN] UDP::Init bind&listen port=0[0m
[0;34m[1784656771.652] [13277:13277] [IN] UDP::Init bound to port=37560[0m
[0;34m[1784656771.652] [13277:13277] [IN] UDP::Init bind&listen port=0[0m
[0;34m[1784656771.652] [13277:13277] [IN] UDP::Init bound to port=58337[0m
[0;34m[1784656771.652] [13277:13277] [IN] BLEBase::Init - setting/overriding transport[0m
[0;34m[1784656771.652] [13277:13277] [IN] WiFiPAFBase::Init - setting/overriding transport[0m
[0;34m[1784656771.652] [13277:13277] [IN] TransportMgr initialized[0m
[0;34m[1784656771.652] [13277:13277] [FP] Initializing FabricTable from persistent storage[0m
[0;32m[1784656771.652] [13277:13277] [TS] Last Known Good Time: 2023-10-14T01:16:48[0m
[0;32m[1784656771.652] [13277:13277] [FP] Fabric index 0x1 was retrieved from storage. Compressed FabricId 0x95B942A93AE3B227, FabricId 0x0000000000000001, NodeId 0x000000000001B669, VendorId 0xFFF1[0m
[0;32m[1784656771.653] [13277:13277] [DMG] Ember attribute persistence requires setting up[0m
[0;32m[1784656771.653] [13277:13277] [ZCL] Using ZAP configuration...[0m
[0;34m[1784656771.653] [13277:13277] [CTL] System State Initialized...[0m
[0;32m[1784656771.653] [13277:13277] [CTL] Setting attestation nonce to random value[0m
[0;32m[1784656771.653] [13277:13277] [CTL] Setting CSR nonce to random value[0m
[0;34m[1784656771.654] [13277:13279] [DL] CHIP task running[0m
[0;32m[1784656771.654] [13277:13279] [CTL] Setting attestation nonce to random value[0m
[0;32m[1784656771.654] [13277:13279] [CTL] Setting CSR nonce to random value[0m
[0;32m[1784656771.654] [13277:13279] [CTL] Generating NOC[0m
[0;32m[1784656771.654] [13277:13279] [FP] Validating NOC chain[0m
[0;32m[1784656771.654] [13277:13279] [FP] NOC chain validation successful[0m
[0;32m[1784656771.654] [13277:13279] [FP] Updated fabric at index: 0x1, Node ID: 0x000000000001B669[0m
[0;32m[1784656771.654] [13277:13279] [TS] Last Known Good Time: 2023-10-14T01:16:48[0m
[0;32m[1784656771.654] [13277:13279] [TS] New proposed Last Known Good Time: 2021-01-01T00:00:00[0m
[0;32m[1784656771.654] [13277:13279] [TS] Retaining current Last Known Good Time[0m
[0;32m[1784656771.656] [13277:13279] [FP] Metadata for Fabric 0x1 persisted to storage.[0m
[0;32m[1784656771.661] [13277:13279] [TS] Committing Last Known Good Time to storage: 2023-10-14T01:16:48[0m
[0;32m[1784656771.676] [13277:13279] [CTL] Joined the fabric at index 1. Fabric ID is 0x0000000000000001 (Compressed Fabric ID: 95B942A93AE3B227)[0m
[0;32m[1784656771.702] [13277:13279] [TOO] Sending command to node 0x1[0m
[0;34m[1784656771.702] [13277:13279] [CSM] FindOrEstablishSession: PeerId = [1:0000000000000001][0m
[0;34m[1784656771.702] [13277:13279] [CSM] FindOrEstablishSession: No existing OperationalSessionSetup instance found[0m
[0;34m[1784656771.702] [13277:13279] [DIS] OperationalSessionSetup[1:0000000000000001]: State change 1 --> 2[0m
[0;32m[1784656771.703] [13277:13279] [DIS] Lookup started for 95B942A93AE3B227-0000000000000001[0m
[0;32m[1784656771.703] [13277:13279] [DIS] UDP:[fe80::bfe:a203:38f0:bce7%enp0s3]:5540: new best score: 7 (for 95B942A93AE3B227-0000000000000001)[0m
[0;34m[1784656771.703] [13277:13279] [DIS] Lookup clearing interface for non LL address[0m
[0;32m[1784656771.703] [13277:13279] [DIS] UDP:10.0.2.15%enp0s3:5540: new best score: 2 (for 95B942A93AE3B227-0000000000000001)[0m
[0;32m[1784656771.703] [13277:13279] [DIS] Checking node lookup status for 95B942A93AE3B227-0000000000000001 after 0 ms[0m
[0;32m[1784656771.703] [13277:13279] [DIS] Keeping DNSSD lookup active[0m
[0;32m[1784656771.703] [13277:13279] [DIS] UDP:[fe80::bfe:a203:38f0:bce7%enp0s3]:5540: score has not improved: 7 (for 95B942A93AE3B227-0000000000000001)[0m
[0;34m[1784656771.703] [13277:13279] [DIS] Lookup clearing interface for non LL address[0m
[0;32m[1784656771.703] [13277:13279] [DIS] UDP:10.0.2.15%enp0s3:5540: score has not improved: 2 (for 95B942A93AE3B227-0000000000000001)[0m
[0;32m[1784656771.703] [13277:13279] [DIS] Checking node lookup status for 95B942A93AE3B227-0000000000000001 after 0 ms[0m
[0;32m[1784656771.703] [13277:13279] [DIS] Keeping DNSSD lookup active[0m
[0;32m[1784656771.904] [13277:13279] [DIS] Checking node lookup status for 95B942A93AE3B227-0000000000000001 after 201 ms[0m
[0;34m[1784656771.904] [13277:13279] [DIS] OperationalSessionSetup[1:0000000000000001]: Updating device address to UDP:[fe80::bfe:a203:38f0:bce7%enp0s3]:5540 while in state 2[0m
[0;34m[1784656771.904] [13277:13279] [DIS] OperationalSessionSetup[1:0000000000000001]: State change 2 --> 3[0m
[0;34m[1784656771.904] [13277:13279] [IN] SecureSession[0x719420009cd0]: Allocated Type:2 LSID:53656[0m
[0;32m[1784656771.904] [13277:13279] [SC] Initiating session on local FabricIndex 1 from 0x000000000001B669 -> 0x0000000000000001[0m
[0;32m[1784656771.904] [13277:13279] [EM] <<< [E:46631i S:0 M:226648990] (U) Msg TX from BA0EC13ADFBD0F09 to 0:0000000000000000 [0000] [UDP:[fe80::bfe:a203:38f0:bce7%enp0s3]:5540] --- Type 0000:30 (SecureChannel:CASE_Sigma1) (B:196)[0m
[0;32m[1784656771.904] [13277:13279] [EM] ??1 [E:46631i S:0 M:226648990] (U) Msg Retransmission to 0:0000000000000000 scheduled for 606ms from now [State:Idle II:500 AI:300 AT:4000][0m
[0;32m[1784656771.904] [13277:13279] [SC] Sent Sigma1 msg to <0000000000000001, 1> [II:500ms AI:300ms AT:4000ms][0m
[0;34m[1784656771.904] [13277:13279] [DIS] OperationalSessionSetup[1:0000000000000001]: State change 3 --> 4[0m
[0;32m[1784656771.905] [13277:13279] [EM] >>> [E:46631i S:0 M:144853639 (Ack:226648990)] (U) Msg RX from 0:0000000000000000 [0000] to BA0EC13ADFBD0F09 --- Type 0000:31 (SecureChannel:CASE_Sigma2) (B:751)[0m
[0;34m[1784656771.905] [13277:13279] [EM] Found matching exchange: 46631i, Delegate: 0x71942000b8e8[0m
[0;34m[1784656771.905] [13277:13279] [EM] Rxd Ack; Removing MessageCounter:226648990 from Retrans Table on exchange 46631i[0m
[0;32m[1784656771.905] [13277:13279] [SC] Received Sigma2 msg[0m
[0;34m[1784656771.905] [13277:13279] [SC] Found MRP parameters in the message[0m
[0;34m[1784656771.906] [13277:13279] [SC] Peer <0000000000000001, 1> assigned session ID 39337[0m
[0;34m[1784656771.906] [13277:13279] [SC] Sending Sigma3[0m
[0;32m[1784656771.906] [13277:13279] [EM] <<< [E:46631i S:0 M:226648991 (Ack:144853639)] (U) Msg TX from BA0EC13ADFBD0F09 to 0:0000000000000000 [0000] [UDP:[fe80::bfe:a203:38f0:bce7%enp0s3]:5540] --- Type 0000:32 (SecureChannel:CASE_Sigma3) (B:598)[0m
[0;32m[1784656771.906] [13277:13279] [EM] ??1 [E:46631i S:0 M:226648991] (U) Msg Retransmission to 0:0000000000000000 scheduled for 381ms from now [State:Active II:500 AI:300 AT:4000][0m
[0;32m[1784656771.906] [13277:13279] [SC] Sent Sigma3 msg[0m
[0;32m[1784656771.915] [13277:13279] [EM] >>> [E:46631i S:0 M:144853640 (Ack:226648991)] (U) Msg RX from 0:0000000000000000 [0000] to BA0EC13ADFBD0F09 --- Type 0000:40 (SecureChannel:StatusReport) (B:34)[0m
[0;34m[1784656771.915] [13277:13279] [EM] Found matching exchange: 46631i, Delegate: 0x71942000b8e8[0m
[0;34m[1784656771.915] [13277:13279] [EM] Rxd Ack; Removing MessageCounter:226648991 from Retrans Table on exchange 46631i[0m
[0;32m[1784656771.915] [13277:13279] [SC] Success status report received. Session was established[0m
[0;32m[1784656771.917] [13277:13279] [SC] SecureSession[0x719420009cd0, LSID:53656]: State change 'kEstablishing' --> 'kActive'[0m
[0;34m[1784656771.917] [13277:13279] [IN] SecureSession[0x719420009cd0]: Activated - Type:2 LSID:53656[0m
[0;34m[1784656771.917] [13277:13279] [IN] New secure session activated for device <0000000000000001, 1>, LSID:53656 PSID:39337![0m
[0;34m[1784656771.917] [13277:13279] [DIS] OperationalSessionSetup[1:0000000000000001]: State change 4 --> 5[0m
[0;32m[1784656771.917] [13277:13279] [TOO] Sending cluster (0x00000030) command (0x00000000) on endpoint 0[0m
[0;34m[1784656771.917] [13277:13279] [DMG] ICR moving to [AddingComm][0m
[0;34m[1784656771.917] [13277:13279] [DMG] ICR moving to [AddedComma][0m
[0;32m[1784656771.917] [13277:13279] [EM] <<< [E:46632i S:53656 M:78634943] (S) Msg TX from 000000000001B669 to 1:0000000000000001 [B227] [UDP:[fe80::bfe:a203:38f0:bce7%enp0s3]:5540] --- Type 0001:08 (IM:InvokeCommandRequest) (B:65)[0m
[0;32m[1784656771.917] [13277:13279] [EM] ??1 [E:46632i S:53656 M:78634943] (S) Msg Retransmission to 1:0000000000000001 scheduled for 368ms from now [State:Active II:500 AI:300 AT:4000][0m
[0;34m[1784656771.917] [13277:13279] [DMG] ICR moving to [AwaitingRe][0m
[0;32m[1784656771.917] [13277:13279] [EM] <<< [E:46631i S:0 M:226648992 (Ack:144853640)] (U) Msg TX from BA0EC13ADFBD0F09 to 0:0000000000000000 [0000] [UDP:[fe80::bfe:a203:38f0:bce7%enp0s3]:5540] --- Type 0000:10 (SecureChannel:StandaloneAck) (B:26)[0m
[0;34m[1784656771.917] [13277:13279] [EM] Flushed pending ack for MessageCounter:144853640 on exchange 46631i[0m
[0;32m[1784656771.918] [13277:13279] [EM] >>> [E:46632i S:53656 M:16497340 (Ack:78634943)] (S) Msg RX from 1:0000000000000001 [B227] to 000000000001B669 --- Type 0001:09 (IM:InvokeCommandResponse) (B:70)[0m
[0;34m[1784656771.918] [13277:13279] [EM] Found matching exchange: 46632i, Delegate: 0x71942000eef8[0m
[0;34m[1784656771.918] [13277:13279] [EM] Rxd Ack; Removing MessageCounter:78634943 from Retrans Table on exchange 46632i[0m
[0;34m[1784656771.918] [13277:13279] [DMG] ICR moving to [ResponseRe][0m
[0;34m[1784656771.918] [13277:13279] [DMG] InvokeResponseMessage =[0m
[0;34m[1784656771.918] [13277:13279] [DMG] {[0m
[0;34m[1784656771.918] [13277:13279] [DMG] 	suppressResponse = false, [0m
[0;34m[1784656771.918] [13277:13279] [DMG] 	InvokeResponseIBs =[0m
[0;34m[1784656771.918] [13277:13279] [DMG] 	[[0m
[0;34m[1784656771.918] [13277:13279] [DMG] 		InvokeResponseIB =[0m
[0;34m[1784656771.918] [13277:13279] [DMG] 		{[0m
[0;34m[1784656771.918] [13277:13279] [DMG] 			CommandDataIB =[0m
[0;34m[1784656771.918] [13277:13279] [DMG] 			{[0m
[0;34m[1784656771.918] [13277:13279] [DMG] 				CommandPathIB =[0m
[0;34m[1784656771.918] [13277:13279] [DMG] 				{[0m
[0;34m[1784656771.918] [13277:13279] [DMG] 					EndpointId = 0x0,[0m
[0;34m[1784656771.918] [13277:13279] [DMG] 					ClusterId = 0x30,[0m
[0;34m[1784656771.918] [13277:13279] [DMG] 					CommandId = 0x1,[0m
[0;34m[1784656771.918] [13277:13279] [DMG] 				},[0m
[0;34m[1784656771.918] [13277:13279] [DMG] 				[0m
[0;34m[1784656771.918] [13277:13279] [DMG] 				CommandFields = [0m
[0;34m[1784656771.918] [13277:13279] [DMG] 				{[0m
[0;34m[1784656771.918] [13277:13279] [DMG] 					0x0 = 0 (unsigned), [0m
[0;34m[1784656771.918] [13277:13279] [DMG] 					0x1 = "" (0 chars), [0m
[0;34m[1784656771.918] [13277:13279] [DMG] 				},[0m
[0;34m[1784656771.918] [13277:13279] [DMG] 			},[0m
[0;34m[1784656771.918] [13277:13279] [DMG] 			[0m
[0;34m[1784656771.918] [13277:13279] [DMG] 		},[0m
[0;34m[1784656771.918] [13277:13279] [DMG] 		[0m
[0;34m[1784656771.918] [13277:13279] [DMG] 	],[0m
[0;34m[1784656771.918] [13277:13279] [DMG] 	[0m
[0;34m[1784656771.918] [13277:13279] [DMG] 	InteractionModelRevision = 12[0m
[0;34m[1784656771.918] [13277:13279] [DMG] },[0m
[0;32m[1784656771.918] [13277:13279] [DMG] Received Command Response Data, Endpoint=0 Cluster=0x0000_0030 Command=0x0000_0001[0m
[0;32m[1784656771.918] [13277:13279] [TOO] Endpoint: 0 Cluster: 0x0000_0030 Command 0x0000_0001[0m
[0;32m[1784656771.918] [13277:13279] [TOO]   ArmFailSafeResponse: {[0m
[0;32m[1784656771.918] [13277:13279] [TOO]     errorCode: 0[0m
[0;32m[1784656771.918] [13277:13279] [TOO]     debugText: [0m
[0;32m[1784656771.918] [13277:13279] [TOO]    }[0m
[0;34m[1784656771.918] [13277:13279] [DMG] ICR moving to [AwaitingDe][0m
[0;32m[1784656771.918] [13277:13279] [EM] <<< [E:46632i S:53656 M:78634944 (Ack:16497340)] (S) Msg TX from 000000000001B669 to 1:0000000000000001 [B227] [UDP:[fe80::bfe:a203:38f0:bce7%enp0s3]:5540] --- Type 0000:10 (SecureChannel:StandaloneAck) (B:34)[0m
[0;34m[1784656771.918] [13277:13279] [EM] Flushed pending ack for MessageCounter:16497340 on exchange 46632i[0m
[0;34m[1784656771.918] [13277:13277] [CTL] Shutting down the commissioner[0m
[0;32m[1784656771.918] [13277:13277] [PAF] WiFiPAF: Closing all WiFiPAF sessions to shutdown[0m
[0;34m[1784656771.918] [13277:13277] [CTL] Shutting down the controller[0m
[0;34m[1784656771.918] [13277:13277] [IN] Expiring all sessions for fabric 0x1!![0m
[0;34m[1784656771.918] [13277:13277] [IN] SecureSession[0x719420009cd0]: MarkForEviction Type:2 LSID:53656[0m
[0;32m[1784656771.918] [13277:13277] [SC] SecureSession[0x719420009cd0, LSID:53656]: State change 'kActive' --> 'kPendingEviction'[0m
[0;34m[1784656771.918] [13277:13277] [IN] SecureSession[0x719420009cd0]: Released - Type:2 LSID:53656[0m
[0;32m[1784656771.918] [13277:13277] [FP] Forgetting fabric 0x1[0m
[0;32m[1784656771.918] [13277:13277] [TS] Pending Last Known Good Time: 2023-10-14T01:16:48[0m
[0;32m[1784656771.918] [13277:13277] [TS] Previous Last Known Good Time: 2023-10-14T01:16:48[0m
[0;32m[1784656771.918] [13277:13277] [TS] Reverted Last Known Good Time to previous value[0m
[0;34m[1784656771.918] [13277:13277] [CTL] Shutting down the commissioner[0m
[0;32m[1784656771.918] [13277:13277] [PAF] WiFiPAF: Closing all WiFiPAF sessions to shutdown[0m
[0;34m[1784656771.918] [13277:13277] [CTL] Shutting down the controller[0m
[0;34m[1784656771.918] [13277:13277] [CTL] Shutting down the System State, this will teardown the CHIP Stack[0m
[0;34m[1784656771.918] [13277:13277] [DMG] All ReadHandler-s are clean, clear GlobalDirtySet[0m
[0;32m[1784656771.918] [13277:13277] [FP] Shutting down FabricTable[0m
[0;32m[1784656771.918] [13277:13277] [TS] Pending Last Known Good Time: 2023-10-14T01:16:48[0m
[0;32m[1784656771.918] [13277:13277] [TS] Previous Last Known Good Time: 2023-10-14T01:16:48[0m
[0;32m[1784656771.918] [13277:13277] [TS] Reverted Last Known Good Time to previous value[0m
[0;34m[1784656771.921] [13277:13277] [DL] Wrote settings to /tmp/chip_counters.ini[0m
[0;32m[1784656771.921] [13277:13277] [DL] NVS set: chip-counters/total-operational-hours = 0 (0x0)[0m
[0;32m[1784656771.921] [13277:13277] [DL] Inet Layer shutdown[0m
[0;32m[1784656771.921] [13277:13277] [DL] BLE Layer shutdown[0m
[0;32m[1784656771.921] [13277:13277] [DL] WiFi-PAF Layer shutdown[0m
[0;32m[1784656771.921] [13277:13277] [PAF] WiFiPAF: Closing all WiFiPAF sessions to shutdown[0m
[0;32m[1784656771.921] [13277:13277] [DL] System Layer shutdown[0m
