[0;34m[1784654930.834] [6467:6467] [DL] ChipLinuxStorage::Init: Using KVS config file: /tmp/chip_tool_kvs[0m
[1;31m[1784654930.836] [6467:6467] [DL] ChipLinuxStorage::Init: Attempt to re-initialize with KVS config file: /tmp/chip_kvs, IGNORING.[0m
[0;34m[1784654930.837] [6467:6467] [DL] ChipLinuxStorage::Init: Using KVS config file: /tmp/chip_factory.ini[0m
[0;34m[1784654930.837] [6467:6467] [DL] ChipLinuxStorage::Init: Using KVS config file: /tmp/chip_config.ini[0m
[0;34m[1784654930.837] [6467:6467] [DL] ChipLinuxStorage::Init: Using KVS config file: /tmp/chip_counters.ini[0m
[0;34m[1784654930.840] [6467:6467] [DL] Wrote settings to /tmp/chip_counters.ini[0m
[0;32m[1784654930.840] [6467:6467] [DL] NVS set: chip-counters/reboot-count = 4 (0x4)[0m
[0;32m[1784654930.840] [6467:6467] [DL] Got Ethernet interface: enp0s3[0m
[0;32m[1784654930.840] [6467:6467] [DL] Found the primary Ethernet interface:enp0s3[0m
[1;31m[1784654930.840] [6467:6467] [DL] Failed to get WiFi interface[0m
[1;31m[1784654930.840] [6467:6467] [DL] Failed to reset WiFi statistic counts[0m
[0;32m[1784654930.840] [6467:6467] [PAF] WiFiPAF: WiFiPAFLayer::Init()[0m
[0;34m[1784654930.840] [6467:6467] [IN] UDP::Init bind&listen port=0[0m
[0;34m[1784654930.840] [6467:6467] [IN] UDP::Init bound to port=57103[0m
[0;34m[1784654930.840] [6467:6467] [IN] UDP::Init bind&listen port=0[0m
[0;34m[1784654930.840] [6467:6467] [IN] UDP::Init bound to port=60319[0m
[0;34m[1784654930.840] [6467:6467] [IN] BLEBase::Init - setting/overriding transport[0m
[0;34m[1784654930.840] [6467:6467] [IN] WiFiPAFBase::Init - setting/overriding transport[0m
[0;34m[1784654930.840] [6467:6467] [IN] TransportMgr initialized[0m
[0;34m[1784654930.840] [6467:6467] [FP] Initializing FabricTable from persistent storage[0m
[0;32m[1784654930.840] [6467:6467] [TS] Last Known Good Time: 2023-10-14T01:16:48[0m
[0;32m[1784654930.841] [6467:6467] [FP] Fabric index 0x1 was retrieved from storage. Compressed FabricId 0x1F6F793D99E69DCD, FabricId 0x0000000000000001, NodeId 0x000000000001B669, VendorId 0xFFF1[0m
[0;32m[1784654930.841] [6467:6467] [DMG] Ember attribute persistence requires setting up[0m
[0;32m[1784654930.841] [6467:6467] [ZCL] Using ZAP configuration...[0m
[0;34m[1784654930.842] [6467:6467] [CTL] System State Initialized...[0m
[0;32m[1784654930.842] [6467:6467] [CTL] Setting attestation nonce to random value[0m
[0;32m[1784654930.842] [6467:6467] [CTL] Setting CSR nonce to random value[0m
[0;34m[1784654930.842] [6467:6469] [DL] CHIP task running[0m
[0;32m[1784654930.842] [6467:6469] [CTL] Setting attestation nonce to random value[0m
[0;32m[1784654930.842] [6467:6469] [CTL] Setting CSR nonce to random value[0m
[0;32m[1784654930.842] [6467:6469] [CTL] Generating NOC[0m
[0;32m[1784654930.842] [6467:6469] [FP] Validating NOC chain[0m
[0;32m[1784654930.842] [6467:6469] [FP] NOC chain validation successful[0m
[0;32m[1784654930.842] [6467:6469] [FP] Updated fabric at index: 0x1, Node ID: 0x000000000001B669[0m
[0;32m[1784654930.842] [6467:6469] [TS] Last Known Good Time: 2023-10-14T01:16:48[0m
[0;32m[1784654930.842] [6467:6469] [TS] New proposed Last Known Good Time: 2021-01-01T00:00:00[0m
[0;32m[1784654930.842] [6467:6469] [TS] Retaining current Last Known Good Time[0m
[0;32m[1784654930.844] [6467:6469] [FP] Metadata for Fabric 0x1 persisted to storage.[0m
[0;32m[1784654930.845] [6467:6469] [TS] Committing Last Known Good Time to storage: 2023-10-14T01:16:48[0m
[0;32m[1784654930.846] [6467:6469] [CTL] Joined the fabric at index 1. Fabric ID is 0x0000000000000001 (Compressed Fabric ID: 1F6F793D99E69DCD)[0m
[0;32m[1784654930.851] [6467:6469] [TOO] Sending command to node 0x1[0m
[0;34m[1784654930.851] [6467:6469] [CSM] FindOrEstablishSession: PeerId = [1:0000000000000001][0m
[0;34m[1784654930.851] [6467:6469] [CSM] FindOrEstablishSession: No existing OperationalSessionSetup instance found[0m
[0;34m[1784654930.851] [6467:6469] [DIS] OperationalSessionSetup[1:0000000000000001]: State change 1 --> 2[0m
[0;32m[1784654930.852] [6467:6469] [DIS] Lookup started for 1F6F793D99E69DCD-0000000000000001[0m
[0;32m[1784654930.852] [6467:6469] [DIS] UDP:[fe80::bfe:a203:38f0:bce7%enp0s3]:5540: new best score: 7 (for 1F6F793D99E69DCD-0000000000000001)[0m
[0;34m[1784654930.852] [6467:6469] [DIS] Lookup clearing interface for non LL address[0m
[0;32m[1784654930.852] [6467:6469] [DIS] UDP:10.0.2.15%enp0s3:5540: new best score: 2 (for 1F6F793D99E69DCD-0000000000000001)[0m
[0;32m[1784654930.852] [6467:6469] [DIS] Checking node lookup status for 1F6F793D99E69DCD-0000000000000001 after 0 ms[0m
[0;32m[1784654930.852] [6467:6469] [DIS] Keeping DNSSD lookup active[0m
[0;32m[1784654930.852] [6467:6469] [DIS] UDP:[fe80::bfe:a203:38f0:bce7%enp0s3]:5540: score has not improved: 7 (for 1F6F793D99E69DCD-0000000000000001)[0m
[0;34m[1784654930.852] [6467:6469] [DIS] Lookup clearing interface for non LL address[0m
[0;32m[1784654930.852] [6467:6469] [DIS] UDP:10.0.2.15%enp0s3:5540: score has not improved: 2 (for 1F6F793D99E69DCD-0000000000000001)[0m
[0;32m[1784654930.852] [6467:6469] [DIS] Checking node lookup status for 1F6F793D99E69DCD-0000000000000001 after 0 ms[0m
[0;32m[1784654930.852] [6467:6469] [DIS] Keeping DNSSD lookup active[0m
[0;32m[1784654931.053] [6467:6469] [DIS] Checking node lookup status for 1F6F793D99E69DCD-0000000000000001 after 202 ms[0m
[0;34m[1784654931.054] [6467:6469] [DIS] OperationalSessionSetup[1:0000000000000001]: Updating device address to UDP:[fe80::bfe:a203:38f0:bce7%enp0s3]:5540 while in state 2[0m
[0;34m[1784654931.054] [6467:6469] [DIS] OperationalSessionSetup[1:0000000000000001]: State change 2 --> 3[0m
[0;34m[1784654931.054] [6467:6469] [IN] SecureSession[0x7c83f4009cd0]: Allocated Type:2 LSID:1154[0m
[0;32m[1784654931.054] [6467:6469] [SC] Initiating session on local FabricIndex 1 from 0x000000000001B669 -> 0x0000000000000001[0m
[0;32m[1784654931.054] [6467:6469] [EM] <<< [E:24808i S:0 M:9548194] (U) Msg TX from A694890CD53D6CE2 to 0:0000000000000000 [0000] [UDP:[fe80::bfe:a203:38f0:bce7%enp0s3]:5540] --- Type 0000:30 (SecureChannel:CASE_Sigma1) (B:196)[0m
[0;32m[1784654931.054] [6467:6469] [EM] ??1 [E:24808i S:0 M:9548194] (U) Msg Retransmission to 0:0000000000000000 scheduled for 649ms from now [State:Idle II:500 AI:300 AT:4000][0m
[0;32m[1784654931.054] [6467:6469] [SC] Sent Sigma1 msg to <0000000000000001, 1> [II:500ms AI:300ms AT:4000ms][0m
[0;34m[1784654931.054] [6467:6469] [DIS] OperationalSessionSetup[1:0000000000000001]: State change 3 --> 4[0m
[0;32m[1784654931.055] [6467:6469] [EM] >>> [E:24808i S:0 M:88913518 (Ack:9548194)] (U) Msg RX from 0:0000000000000000 [0000] to A694890CD53D6CE2 --- Type 0000:31 (SecureChannel:CASE_Sigma2) (B:751)[0m
[0;34m[1784654931.055] [6467:6469] [EM] Found matching exchange: 24808i, Delegate: 0x7c83f400b8e8[0m
[0;34m[1784654931.055] [6467:6469] [EM] Rxd Ack; Removing MessageCounter:9548194 from Retrans Table on exchange 24808i[0m
[0;32m[1784654931.055] [6467:6469] [SC] Received Sigma2 msg[0m
[0;34m[1784654931.055] [6467:6469] [SC] Found MRP parameters in the message[0m
[0;34m[1784654931.056] [6467:6469] [SC] Peer <0000000000000001, 1> assigned session ID 1578[0m
[0;34m[1784654931.056] [6467:6469] [SC] Sending Sigma3[0m
[0;32m[1784654931.056] [6467:6469] [EM] <<< [E:24808i S:0 M:9548195 (Ack:88913518)] (U) Msg TX from A694890CD53D6CE2 to 0:0000000000000000 [0000] [UDP:[fe80::bfe:a203:38f0:bce7%enp0s3]:5540] --- Type 0000:32 (SecureChannel:CASE_Sigma3) (B:598)[0m
[0;32m[1784654931.056] [6467:6469] [EM] ??1 [E:24808i S:0 M:9548195] (U) Msg Retransmission to 0:0000000000000000 scheduled for 388ms from now [State:Active II:500 AI:300 AT:4000][0m
[0;32m[1784654931.056] [6467:6469] [SC] Sent Sigma3 msg[0m
[0;32m[1784654931.065] [6467:6469] [EM] >>> [E:24808i S:0 M:88913519 (Ack:9548195)] (U) Msg RX from 0:0000000000000000 [0000] to A694890CD53D6CE2 --- Type 0000:40 (SecureChannel:StatusReport) (B:34)[0m
[0;34m[1784654931.065] [6467:6469] [EM] Found matching exchange: 24808i, Delegate: 0x7c83f400b8e8[0m
[0;34m[1784654931.065] [6467:6469] [EM] Rxd Ack; Removing MessageCounter:9548195 from Retrans Table on exchange 24808i[0m
[0;32m[1784654931.065] [6467:6469] [SC] Success status report received. Session was established[0m
[0;32m[1784654931.067] [6467:6469] [SC] SecureSession[0x7c83f4009cd0, LSID:1154]: State change 'kEstablishing' --> 'kActive'[0m
[0;34m[1784654931.067] [6467:6469] [IN] SecureSession[0x7c83f4009cd0]: Activated - Type:2 LSID:1154[0m
[0;34m[1784654931.067] [6467:6469] [IN] New secure session activated for device <0000000000000001, 1>, LSID:1154 PSID:1578![0m
[0;34m[1784654931.067] [6467:6469] [DIS] OperationalSessionSetup[1:0000000000000001]: State change 4 --> 5[0m
[0;32m[1784654931.067] [6467:6469] [TOO] Sending cluster (0x0000003E) command (0x00000004) on endpoint 0[0m
[0;34m[1784654931.067] [6467:6469] [DMG] ICR moving to [AddingComm][0m
[0;34m[1784654931.067] [6467:6469] [DMG] ICR moving to [AddedComma][0m
[0;32m[1784654931.067] [6467:6469] [EM] <<< [E:24809i S:1154 M:204320473] (S) Msg TX from 000000000001B669 to 1:0000000000000001 [9DCD] [UDP:[fe80::bfe:a203:38f0:bce7%enp0s3]:5540] --- Type 0001:08 (IM:InvokeCommandRequest) (B:96)[0m
[0;32m[1784654931.067] [6467:6469] [EM] ??1 [E:24809i S:1154 M:204320473] (S) Msg Retransmission to 1:0000000000000001 scheduled for 368ms from now [State:Active II:500 AI:300 AT:4000][0m
[0;34m[1784654931.067] [6467:6469] [DMG] ICR moving to [AwaitingRe][0m
[0;32m[1784654931.067] [6467:6469] [EM] <<< [E:24808i S:0 M:9548196 (Ack:88913519)] (U) Msg TX from A694890CD53D6CE2 to 0:0000000000000000 [0000] [UDP:[fe80::bfe:a203:38f0:bce7%enp0s3]:5540] --- Type 0000:10 (SecureChannel:StandaloneAck) (B:26)[0m
[0;34m[1784654931.067] [6467:6469] [EM] Flushed pending ack for MessageCounter:88913519 on exchange 24808i[0m
[0;32m[1784654931.068] [6467:6469] [EM] >>> [E:24809i S:1154 M:19383387 (Ack:204320473)] (S) Msg RX from 1:0000000000000001 [9DCD] to 000000000001B669 --- Type 0001:09 (IM:InvokeCommandResponse) (B:377)[0m
[0;34m[1784654931.068] [6467:6469] [EM] Found matching exchange: 24809i, Delegate: 0x7c83f400eef8[0m
[0;34m[1784654931.068] [6467:6469] [EM] Rxd Ack; Removing MessageCounter:204320473 from Retrans Table on exchange 24809i[0m
[0;34m[1784654931.068] [6467:6469] [DMG] ICR moving to [ResponseRe][0m
[0;34m[1784654931.068] [6467:6469] [DMG] InvokeResponseMessage =[0m
[0;34m[1784654931.068] [6467:6469] [DMG] {[0m
[0;34m[1784654931.068] [6467:6469] [DMG] 	suppressResponse = false, [0m
[0;34m[1784654931.068] [6467:6469] [DMG] 	InvokeResponseIBs =[0m
[0;34m[1784654931.068] [6467:6469] [DMG] 	[[0m
[0;34m[1784654931.068] [6467:6469] [DMG] 		InvokeResponseIB =[0m
[0;34m[1784654931.068] [6467:6469] [DMG] 		{[0m
[0;34m[1784654931.068] [6467:6469] [DMG] 			CommandDataIB =[0m
[0;34m[1784654931.068] [6467:6469] [DMG] 			{[0m
[0;34m[1784654931.068] [6467:6469] [DMG] 				CommandPathIB =[0m
[0;34m[1784654931.068] [6467:6469] [DMG] 				{[0m
[0;34m[1784654931.068] [6467:6469] [DMG] 					EndpointId = 0x0,[0m
[0;34m[1784654931.068] [6467:6469] [DMG] 					ClusterId = 0x3e,[0m
[0;34m[1784654931.068] [6467:6469] [DMG] 					CommandId = 0x5,[0m
[0;34m[1784654931.068] [6467:6469] [DMG] 				},[0m
[0;34m[1784654931.068] [6467:6469] [DMG] 				[0m
[0;34m[1784654931.068] [6467:6469] [DMG] 				CommandFields = [0m
[0;34m[1784654931.068] [6467:6469] [DMG] 				{[0m
[0;34m[1784654931.068] [6467:6469] [DMG] 					0x0 = [[0m
[0;34m[1784654931.068] [6467:6469] [DMG] 							0x15, 0x30, 0x01, 0xcb, 0x30, 0x81, 0xc8, 0x30, 0x70, 0x02, 0x01, 0x00, 0x30, 0x0e, 0x31, 0x0c, 0x30, 0x0a, 0x06, 0x03, 0x55, 0x04, 0x0a, 0x0c, 0x03, 0x43, 0x53, 0x52, 0x30, 0x59, 0x30, 0x13, 0x06, 0x07, 0x2a, 0x86, 0x48, 0xce, 0x3d, 0x02, 0x01, 0x06, 0x08, 0x2a, 0x86, 0x48, 0xce, 0x3d, 0x03, 0x01, 0x07, 0x03, 0x42, 0x00, 0x04, 0xdc, 0x4b, 0x28, 0xdf, 0xc6, 0x49, 0x75, 0x1c, 0xbd, 0x3f, 0x2d, 0x2b, 0x8a, 0x8c, 0x20, 0x8a, 0x1b, 0x75, 0x7f, 0x20, 0xb9, 0x20, 0x8f, 0xad, 0xae, 0xfd, 0x72, 0x89, 0xb9, 0x82, 0xe5, 0x50, 0xf7, 0x17, 0x6e, 0x1c, 0x2b, 0x75, 0x0b, 0x0f, 0xe1, 0xaf, 0x60, 0x1f, 0xbe, 0xb4, 0x43, 0x7e, 0x3e, 0xf3, 0x70, 0xb4, 0x56, 0xf7, 0x5a, 0x75, 0x74, 0xc5, 0x48, 0x80, 0x31, 0xe0, 0x4e, 0x03, 0xa0, 0x00, 0x30, 0x0a, 0x06, 0x08, 0x2a, 0x86, 0x48, 0xce, 0x3d, 0x04, 0x03, 0x02, 0x03, 0x48, 0x00, 0x30, 0x45, 0x02, 0x20, 0x7d, 0x2f, 0xed, 0xc9, 0x9d, 0x20, 0x8d, 0xed, 0x02, 0x7e, 0x6e, 0x5f, 0xa4, 0xca, 0x0f, 0xf5, 0xe1, 0x90, 0x24, 0xcc, 0x72, 0xe8, 0x80, 0x9d, 0x6d, 0xc2, 0x8a, 0xf5, 0x7f, 0xbf, 0x2c, 0x78, 0x02, 0x21, 0x00, 0xe2, 0x69, 0x1b, 0x7a, 0x04, 0x74, 0xaa, 0x14, 0x93, 0xdb, 0xf5, 0xc2, 0xbb, 0x95, 0xe3, 0x71, 0x87, 0x51, 0x53, 0x89, 0xc2, 0x6e, 0xaf, 0x18, 0xa2, 0x13, 0x9a, 0x0f, 0xc2, 0x83, 0x00, 0xb3, 0x30, 0x02, 0x20, 0x04, 0x97, 0x4f, 0xe8, 0x54, 0xc4, 0x4c, 0x85, 0x6d, 0x28, 0x6a, 0xe8, 0x34, 0x56, 0x14, 0x0d, 0x0e, 0x72, 0x84, 0xc7, 0x6f, 0x5c, 0xca, 0x9c, 0xa6, 0xc6, 0x52, 0xab, 0x29, 0xbc, 0xf6, 0x2a, 0x18, [0m
[0;34m[1784654931.068] [6467:6469] [DMG] 					] (243 bytes)[0m
[0;34m[1784654931.068] [6467:6469] [DMG] 					0x1 = [[0m
[0;34m[1784654931.068] [6467:6469] [DMG] 							0x76, 0x9c, 0x6c, 0x81, 0xcd, 0x0c, 0x10, 0xd4, 0xf4, 0x3a, 0xcb, 0x3e, 0x39, 0xe2, 0x23, 0x7f, 0xe8, 0xbb, 0x07, 0x35, 0x5a, 0xa1, 0x84, 0xca, 0xa9, 0x43, 0x26, 0xca, 0xf8, 0xf4, 0x8e, 0xa1, 0xaa, 0xd1, 0x29, 0x0f, 0x48, 0x9a, 0x2e, 0x60, 0xc0, 0xb7, 0x44, 0xd3, 0x24, 0x0f, 0x9e, 0xa9, 0x5e, 0x54, 0x63, 0xc0, 0xfe, 0x09, 0x7a, 0x8b, 0xd3, 0xdd, 0xd6, 0x1d, 0x83, 0x2a, 0xbe, 0x14, [0m
[0;34m[1784654931.068] [6467:6469] [DMG] 					] (64 bytes)[0m
[0;34m[1784654931.068] [6467:6469] [DMG] 				},[0m
[0;34m[1784654931.068] [6467:6469] [DMG] 			},[0m
[0;34m[1784654931.068] [6467:6469] [DMG] 			[0m
[0;34m[1784654931.068] [6467:6469] [DMG] 		},[0m
[0;34m[1784654931.068] [6467:6469] [DMG] 		[0m
[0;34m[1784654931.068] [6467:6469] [DMG] 	],[0m
[0;34m[1784654931.068] [6467:6469] [DMG] 	[0m
[0;34m[1784654931.068] [6467:6469] [DMG] 	InteractionModelRevision = 12[0m
[0;34m[1784654931.068] [6467:6469] [DMG] },[0m
[0;32m[1784654931.068] [6467:6469] [DMG] Received Command Response Data, Endpoint=0 Cluster=0x0000_003E Command=0x0000_0005[0m
[0;32m[1784654931.068] [6467:6469] [TOO] Endpoint: 0 Cluster: 0x0000_003E Command 0x0000_0005[0m
[0;32m[1784654931.068] [6467:6469] [TOO]   CSRResponse: {[0m
[0;32m[1784654931.068] [6467:6469] [TOO]     NOCSRElements: 153001CB3081C83070020100300E310C300A060355040A0C034353523059301306072A8648CE3D020106082A8648CE3D03010703420004DC4B28DFC649751CBD3F2D2B8A8C208A1B757F20B9208FADAEFD7289B982E550F7176E1C2B750B0FE1AF601FBEB4437E3EF370B456F75A7574C5488031E04E03A000300A06082A8648CE3D040302034800304502207D2FEDC99D208DED027E6E5FA4CA0FF5E19024CC72E8809D6DC28AF57FBF2C78022100E2691B7A0474AA1493DBF5C2BB95E37187515389C26EAF18A2139A0FC28300B330022004974FE854C44C856D286AE83456140D0E7284C76F5CCA9CA6C652AB29BCF62A18[0m
[0;32m[1784654931.068] [6467:6469] [TOO]     attestationSignature: 769C6C81CD0C10D4F43ACB3E39E2237FE8BB07355AA184CAA94326CAF8F48EA1AAD1290F489A2E60C0B744D3240F9EA95E5463C0FE097A8BD3DDD61D832ABE14[0m
[0;32m[1784654931.068] [6467:6469] [TOO]    }[0m
[0;34m[1784654931.068] [6467:6469] [DMG] ICR moving to [AwaitingDe][0m
[0;32m[1784654931.068] [6467:6469] [EM] <<< [E:24809i S:1154 M:204320474 (Ack:19383387)] (S) Msg TX from 000000000001B669 to 1:0000000000000001 [9DCD] [UDP:[fe80::bfe:a203:38f0:bce7%enp0s3]:5540] --- Type 0000:10 (SecureChannel:StandaloneAck) (B:34)[0m
[0;34m[1784654931.068] [6467:6469] [EM] Flushed pending ack for MessageCounter:19383387 on exchange 24809i[0m
[0;34m[1784654931.068] [6467:6467] [CTL] Shutting down the commissioner[0m
[0;32m[1784654931.068] [6467:6467] [PAF] WiFiPAF: Closing all WiFiPAF sessions to shutdown[0m
[0;34m[1784654931.068] [6467:6467] [CTL] Shutting down the controller[0m
[0;34m[1784654931.068] [6467:6467] [IN] Expiring all sessions for fabric 0x1!![0m
[0;34m[1784654931.068] [6467:6467] [IN] SecureSession[0x7c83f4009cd0]: MarkForEviction Type:2 LSID:1154[0m
[0;32m[1784654931.068] [6467:6467] [SC] SecureSession[0x7c83f4009cd0, LSID:1154]: State change 'kActive' --> 'kPendingEviction'[0m
[0;34m[1784654931.068] [6467:6467] [IN] SecureSession[0x7c83f4009cd0]: Released - Type:2 LSID:1154[0m
[0;32m[1784654931.068] [6467:6467] [FP] Forgetting fabric 0x1[0m
[0;32m[1784654931.068] [6467:6467] [TS] Pending Last Known Good Time: 2023-10-14T01:16:48[0m
[0;32m[1784654931.068] [6467:6467] [TS] Previous Last Known Good Time: 2023-10-14T01:16:48[0m
[0;32m[1784654931.068] [6467:6467] [TS] Reverted Last Known Good Time to previous value[0m
[0;34m[1784654931.068] [6467:6467] [CTL] Shutting down the commissioner[0m
[0;32m[1784654931.068] [6467:6467] [PAF] WiFiPAF: Closing all WiFiPAF sessions to shutdown[0m
[0;34m[1784654931.068] [6467:6467] [CTL] Shutting down the controller[0m
[0;34m[1784654931.068] [6467:6467] [CTL] Shutting down the System State, this will teardown the CHIP Stack[0m
[0;34m[1784654931.068] [6467:6467] [DMG] All ReadHandler-s are clean, clear GlobalDirtySet[0m
[0;32m[1784654931.068] [6467:6467] [FP] Shutting down FabricTable[0m
[0;32m[1784654931.068] [6467:6467] [TS] Pending Last Known Good Time: 2023-10-14T01:16:48[0m
[0;32m[1784654931.068] [6467:6467] [TS] Previous Last Known Good Time: 2023-10-14T01:16:48[0m
[0;32m[1784654931.068] [6467:6467] [TS] Reverted Last Known Good Time to previous value[0m
[0;34m[1784654931.071] [6467:6467] [DL] Wrote settings to /tmp/chip_counters.ini[0m
[0;32m[1784654931.071] [6467:6467] [DL] NVS set: chip-counters/total-operational-hours = 0 (0x0)[0m
[0;32m[1784654931.071] [6467:6467] [DL] Inet Layer shutdown[0m
[0;32m[1784654931.071] [6467:6467] [DL] BLE Layer shutdown[0m
[0;32m[1784654931.071] [6467:6467] [DL] WiFi-PAF Layer shutdown[0m
[0;32m[1784654931.071] [6467:6467] [PAF] WiFiPAF: Closing all WiFiPAF sessions to shutdown[0m
[0;32m[1784654931.071] [6467:6467] [DL] System Layer shutdown[0m
