[0;34m[1784837655.837] [21627:21627] [DL] ChipLinuxStorage::Init: Using KVS config file: /tmp/chip_tool_kvs[0m
[1;31m[1784837655.837] [21627:21627] [DL] ChipLinuxStorage::Init: Attempt to re-initialize with KVS config file: /tmp/chip_kvs, IGNORING.[0m
[0;34m[1784837655.838] [21627:21627] [DL] ChipLinuxStorage::Init: Using KVS config file: /tmp/chip_factory.ini[0m
[0;34m[1784837655.838] [21627:21627] [DL] ChipLinuxStorage::Init: Using KVS config file: /tmp/chip_config.ini[0m
[0;34m[1784837655.838] [21627:21627] [DL] ChipLinuxStorage::Init: Using KVS config file: /tmp/chip_counters.ini[0m
[0;34m[1784837655.841] [21627:21627] [DL] Wrote settings to /tmp/chip_counters.ini[0m
[0;32m[1784837655.841] [21627:21627] [DL] NVS set: chip-counters/reboot-count = 3 (0x3)[0m
[0;32m[1784837655.841] [21627:21627] [DL] Got Ethernet interface: enp0s3[0m
[0;32m[1784837655.841] [21627:21627] [DL] Found the primary Ethernet interface:enp0s3[0m
[1;31m[1784837655.842] [21627:21627] [DL] Failed to get WiFi interface[0m
[1;31m[1784837655.842] [21627:21627] [DL] Failed to reset WiFi statistic counts[0m
[0;32m[1784837655.842] [21627:21627] [PAF] WiFiPAF: WiFiPAFLayer::Init()[0m
[0;34m[1784837655.842] [21627:21627] [IN] UDP::Init bind&listen port=0[0m
[0;34m[1784837655.842] [21627:21627] [IN] UDP::Init bound to port=43967[0m
[0;34m[1784837655.842] [21627:21627] [IN] UDP::Init bind&listen port=0[0m
[0;34m[1784837655.842] [21627:21627] [IN] UDP::Init bound to port=41471[0m
[0;34m[1784837655.842] [21627:21627] [IN] BLEBase::Init - setting/overriding transport[0m
[0;34m[1784837655.842] [21627:21627] [IN] WiFiPAFBase::Init - setting/overriding transport[0m
[0;34m[1784837655.842] [21627:21627] [IN] TransportMgr initialized[0m
[0;34m[1784837655.842] [21627:21627] [FP] Initializing FabricTable from persistent storage[0m
[0;32m[1784837655.842] [21627:21627] [TS] Last Known Good Time: 2023-10-14T01:16:48[0m
[0;32m[1784837655.842] [21627:21627] [FP] Fabric index 0x1 was retrieved from storage. Compressed FabricId 0xD66687E49332DC9A, FabricId 0x0000000000000001, NodeId 0x000000000001B669, VendorId 0xFFF1[0m
[0;32m[1784837655.844] [21627:21627] [DMG] Ember attribute persistence requires setting up[0m
[0;32m[1784837655.844] [21627:21627] [ZCL] Using ZAP configuration...[0m
[0;34m[1784837655.844] [21627:21627] [CTL] System State Initialized...[0m
[0;32m[1784837655.844] [21627:21627] [CTL] Setting attestation nonce to random value[0m
[0;32m[1784837655.844] [21627:21627] [CTL] Setting CSR nonce to random value[0m
[0;34m[1784837655.844] [21627:21629] [DL] CHIP task running[0m
[0;32m[1784837655.844] [21627:21629] [CTL] Setting attestation nonce to random value[0m
[0;32m[1784837655.844] [21627:21629] [CTL] Setting CSR nonce to random value[0m
[0;32m[1784837655.845] [21627:21629] [CTL] Generating NOC[0m
[0;32m[1784837655.845] [21627:21629] [FP] Validating NOC chain[0m
[0;32m[1784837655.845] [21627:21629] [FP] NOC chain validation successful[0m
[0;32m[1784837655.845] [21627:21629] [FP] Updated fabric at index: 0x1, Node ID: 0x000000000001B669[0m
[0;32m[1784837655.845] [21627:21629] [TS] Last Known Good Time: 2023-10-14T01:16:48[0m
[0;32m[1784837655.845] [21627:21629] [TS] New proposed Last Known Good Time: 2021-01-01T00:00:00[0m
[0;32m[1784837655.845] [21627:21629] [TS] Retaining current Last Known Good Time[0m
[0;32m[1784837655.847] [21627:21629] [FP] Metadata for Fabric 0x1 persisted to storage.[0m
[0;32m[1784837655.848] [21627:21629] [TS] Committing Last Known Good Time to storage: 2023-10-14T01:16:48[0m
[0;32m[1784837655.849] [21627:21629] [CTL] Joined the fabric at index 1. Fabric ID is 0x0000000000000001 (Compressed Fabric ID: D66687E49332DC9A)[0m
[0;32m[1784837655.853] [21627:21629] [TOO] Sending command to node 0x1[0m
[0;34m[1784837655.853] [21627:21629] [CSM] FindOrEstablishSession: PeerId = [1:0000000000000001][0m
[0;34m[1784837655.853] [21627:21629] [CSM] FindOrEstablishSession: No existing OperationalSessionSetup instance found[0m
[0;34m[1784837655.853] [21627:21629] [DIS] OperationalSessionSetup[1:0000000000000001]: State change 1 --> 2[0m
[0;32m[1784837655.853] [21627:21629] [DIS] Lookup started for D66687E49332DC9A-0000000000000001[0m
[0;32m[1784837655.854] [21627:21629] [DIS] UDP:[fe80::bfe:a203:38f0:bce7%enp0s3]:5540: new best score: 7 (for D66687E49332DC9A-0000000000000001)[0m
[0;34m[1784837655.854] [21627:21629] [DIS] Lookup clearing interface for non LL address[0m
[0;32m[1784837655.854] [21627:21629] [DIS] UDP:10.0.2.15%enp0s3:5540: new best score: 2 (for D66687E49332DC9A-0000000000000001)[0m
[0;32m[1784837655.854] [21627:21629] [DIS] Checking node lookup status for D66687E49332DC9A-0000000000000001 after 1 ms[0m
[0;32m[1784837655.854] [21627:21629] [DIS] Keeping DNSSD lookup active[0m
[0;32m[1784837655.854] [21627:21629] [DIS] UDP:[fe80::bfe:a203:38f0:bce7%enp0s3]:5540: score has not improved: 7 (for D66687E49332DC9A-0000000000000001)[0m
[0;34m[1784837655.854] [21627:21629] [DIS] Lookup clearing interface for non LL address[0m
[0;32m[1784837655.854] [21627:21629] [DIS] UDP:10.0.2.15%enp0s3:5540: score has not improved: 2 (for D66687E49332DC9A-0000000000000001)[0m
[0;32m[1784837655.854] [21627:21629] [DIS] Checking node lookup status for D66687E49332DC9A-0000000000000001 after 1 ms[0m
[0;32m[1784837655.854] [21627:21629] [DIS] Keeping DNSSD lookup active[0m
[0;32m[1784837656.054] [21627:21629] [DIS] Checking node lookup status for D66687E49332DC9A-0000000000000001 after 202 ms[0m
[0;34m[1784837656.054] [21627:21629] [DIS] OperationalSessionSetup[1:0000000000000001]: Updating device address to UDP:[fe80::bfe:a203:38f0:bce7%enp0s3]:5540 while in state 2[0m
[0;34m[1784837656.054] [21627:21629] [DIS] OperationalSessionSetup[1:0000000000000001]: State change 2 --> 3[0m
[0;34m[1784837656.054] [21627:21629] [IN] SecureSession[0x7b6ee8009cd0]: Allocated Type:2 LSID:57090[0m
[0;32m[1784837656.054] [21627:21629] [SC] Initiating session on local FabricIndex 1 from 0x000000000001B669 -> 0x0000000000000001[0m
[0;32m[1784837656.055] [21627:21629] [EM] <<< [E:20953i S:0 M:21296827] (U) Msg TX from 4DBA3341585BA5D4 to 0:0000000000000000 [0000] [UDP:[fe80::bfe:a203:38f0:bce7%enp0s3]:5540] --- Type 0000:30 (SecureChannel:CASE_Sigma1) (B:196)[0m
[0;32m[1784837656.055] [21627:21629] [EM] ??1 [E:20953i S:0 M:21296827] (U) Msg Retransmission to 0:0000000000000000 scheduled for 606ms from now [State:Idle II:500 AI:300 AT:4000][0m
[0;32m[1784837656.055] [21627:21629] [SC] Sent Sigma1 msg to <0000000000000001, 1> [II:500ms AI:300ms AT:4000ms][0m
[0;34m[1784837656.055] [21627:21629] [DIS] OperationalSessionSetup[1:0000000000000001]: State change 3 --> 4[0m
[0;32m[1784837656.056] [21627:21629] [EM] >>> [E:20953i S:0 M:212825634 (Ack:21296827)] (U) Msg RX from 0:0000000000000000 [0000] to 4DBA3341585BA5D4 --- Type 0000:31 (SecureChannel:CASE_Sigma2) (B:751)[0m
[0;34m[1784837656.056] [21627:21629] [EM] Found matching exchange: 20953i, Delegate: 0x7b6ee800b8e8[0m
[0;34m[1784837656.056] [21627:21629] [EM] Rxd Ack; Removing MessageCounter:21296827 from Retrans Table on exchange 20953i[0m
[0;32m[1784837656.056] [21627:21629] [SC] Received Sigma2 msg[0m
[0;34m[1784837656.056] [21627:21629] [SC] Found MRP parameters in the message[0m
[0;34m[1784837656.057] [21627:21629] [SC] Peer <0000000000000001, 1> assigned session ID 34280[0m
[0;34m[1784837656.057] [21627:21629] [SC] Sending Sigma3[0m
[0;32m[1784837656.058] [21627:21629] [EM] <<< [E:20953i S:0 M:21296828 (Ack:212825634)] (U) Msg TX from 4DBA3341585BA5D4 to 0:0000000000000000 [0000] [UDP:[fe80::bfe:a203:38f0:bce7%enp0s3]:5540] --- Type 0000:32 (SecureChannel:CASE_Sigma3) (B:598)[0m
[0;32m[1784837656.058] [21627:21629] [EM] ??1 [E:20953i S:0 M:21296828] (U) Msg Retransmission to 0:0000000000000000 scheduled for 344ms from now [State:Active II:500 AI:300 AT:4000][0m
[0;32m[1784837656.058] [21627:21629] [SC] Sent Sigma3 msg[0m
[0;32m[1784837656.068] [21627:21629] [EM] >>> [E:20953i S:0 M:212825635 (Ack:21296828)] (U) Msg RX from 0:0000000000000000 [0000] to 4DBA3341585BA5D4 --- Type 0000:40 (SecureChannel:StatusReport) (B:34)[0m
[0;34m[1784837656.068] [21627:21629] [EM] Found matching exchange: 20953i, Delegate: 0x7b6ee800b8e8[0m
[0;34m[1784837656.068] [21627:21629] [EM] Rxd Ack; Removing MessageCounter:21296828 from Retrans Table on exchange 20953i[0m
[0;32m[1784837656.068] [21627:21629] [SC] Success status report received. Session was established[0m
[0;32m[1784837656.069] [21627:21629] [SC] SecureSession[0x7b6ee8009cd0, LSID:57090]: State change 'kEstablishing' --> 'kActive'[0m
[0;34m[1784837656.069] [21627:21629] [IN] SecureSession[0x7b6ee8009cd0]: Activated - Type:2 LSID:57090[0m
[0;34m[1784837656.069] [21627:21629] [IN] New secure session activated for device <0000000000000001, 1>, LSID:57090 PSID:34280![0m
[0;34m[1784837656.069] [21627:21629] [DIS] OperationalSessionSetup[1:0000000000000001]: State change 4 --> 5[0m
[0;32m[1784837656.069] [21627:21629] [TOO] Sending ReadAttribute to:[0m
[0;32m[1784837656.069] [21627:21629] [TOO] 	cluster 0x0000_0038, attribute: 0x0000_0000, endpoint 0[0m
[0;34m[1784837656.069] [21627:21629] [DMG] SendReadRequest ReadClient[0x7b6ee800eef0]: Sending Read Request[0m
[0;32m[1784837656.069] [21627:21629] [DMG] 0 data version filters provided, 0 not relevant, 0 encoded, 0 skipped due to lack of space[0m
[0;32m[1784837656.069] [21627:21629] [EM] <<< [E:20954i S:57090 M:72947630] (S) Msg TX from 000000000001B669 to 1:0000000000000001 [DC9A] [UDP:[fe80::bfe:a203:38f0:bce7%enp0s3]:5540] --- Type 0001:02 (IM:ReadRequest) (B:51)[0m
[0;32m[1784837656.069] [21627:21629] [EM] ??1 [E:20954i S:57090 M:72947630] (S) Msg Retransmission to 1:0000000000000001 scheduled for 345ms from now [State:Active II:500 AI:300 AT:4000][0m
[0;34m[1784837656.069] [21627:21629] [DMG] MoveToState ReadClient[0x7b6ee800eef0]: Moving to [AwaitingIn][0m
[0;32m[1784837656.070] [21627:21629] [EM] <<< [E:20953i S:0 M:21296829 (Ack:212825635)] (U) Msg TX from 4DBA3341585BA5D4 to 0:0000000000000000 [0000] [UDP:[fe80::bfe:a203:38f0:bce7%enp0s3]:5540] --- Type 0000:10 (SecureChannel:StandaloneAck) (B:26)[0m
[0;34m[1784837656.070] [21627:21629] [EM] Flushed pending ack for MessageCounter:212825635 on exchange 20953i[0m
[0;32m[1784837656.070] [21627:21629] [EM] >>> [E:20954i S:57090 M:18430577 (Ack:72947630)] (S) Msg RX from 1:0000000000000001 [DC9A] to 000000000001B669 --- Type 0001:05 (IM:ReportData) (B:77)[0m
[0;34m[1784837656.070] [21627:21629] [EM] Found matching exchange: 20954i, Delegate: 0x7b6ee800ef00[0m
[0;34m[1784837656.070] [21627:21629] [EM] Rxd Ack; Removing MessageCounter:72947630 from Retrans Table on exchange 20954i[0m
[0;34m[1784837656.070] [21627:21629] [DMG] ReportDataMessage =[0m
[0;34m[1784837656.070] [21627:21629] [DMG] {[0m
[0;34m[1784837656.070] [21627:21629] [DMG] 	AttributeReportIBs =[0m
[0;34m[1784837656.070] [21627:21629] [DMG] 	[[0m
[0;34m[1784837656.070] [21627:21629] [DMG] 		AttributeReportIB =[0m
[0;34m[1784837656.070] [21627:21629] [DMG] 		{[0m
[0;34m[1784837656.070] [21627:21629] [DMG] 			AttributeDataIB =[0m
[0;34m[1784837656.070] [21627:21629] [DMG] 			{[0m
[0;34m[1784837656.070] [21627:21629] [DMG] 				DataVersion = 0x81bbc92b,[0m
[0;34m[1784837656.070] [21627:21629] [DMG] 				AttributePathIB =[0m
[0;34m[1784837656.070] [21627:21629] [DMG] 				{[0m
[0;34m[1784837656.070] [21627:21629] [DMG] 					Endpoint = 0x0,[0m
[0;34m[1784837656.070] [21627:21629] [DMG] 					Cluster = 0x38,[0m
[0;34m[1784837656.070] [21627:21629] [DMG] 					Attribute = 0x0000_0000,[0m
[0;34m[1784837656.070] [21627:21629] [DMG] 				}[0m
[0;34m[1784837656.070] [21627:21629] [DMG] 					[0m
[0;34m[1784837656.070] [21627:21629] [DMG] 				Data = 838152856070345 (unsigned), [0m
[0;34m[1784837656.070] [21627:21629] [DMG] 			},[0m
[0;34m[1784837656.070] [21627:21629] [DMG] 			[0m
[0;34m[1784837656.070] [21627:21629] [DMG] 		},[0m
[0;34m[1784837656.070] [21627:21629] [DMG] 		[0m
[0;34m[1784837656.070] [21627:21629] [DMG] 	],[0m
[0;34m[1784837656.070] [21627:21629] [DMG] 	[0m
[0;34m[1784837656.070] [21627:21629] [DMG] 	SuppressResponse = true, [0m
[0;34m[1784837656.070] [21627:21629] [DMG] 	InteractionModelRevision = 12[0m
[0;34m[1784837656.070] [21627:21629] [DMG] }[0m
[0;32m[1784837656.070] [21627:21629] [TOO] Endpoint: 0 Cluster: 0x0000_0038 Attribute 0x0000_0000 DataVersion: 2176567595[0m
[0;32m[1784837656.070] [21627:21629] [TOO]   UTCTime: 838152856070345[0m
[0;32m[1784837656.070] [21627:21629] [EM] <<< [E:20954i S:57090 M:72947631 (Ack:18430577)] (S) Msg TX from 000000000001B669 to 1:0000000000000001 [DC9A] [UDP:[fe80::bfe:a203:38f0:bce7%enp0s3]:5540] --- Type 0000:10 (SecureChannel:StandaloneAck) (B:34)[0m
[0;34m[1784837656.070] [21627:21629] [EM] Flushed pending ack for MessageCounter:18430577 on exchange 20954i[0m
[0;34m[1784837656.071] [21627:21627] [CTL] Shutting down the commissioner[0m
[0;32m[1784837656.071] [21627:21627] [PAF] WiFiPAF: Closing all WiFiPAF sessions to shutdown[0m
[0;34m[1784837656.071] [21627:21627] [CTL] Shutting down the controller[0m
[0;34m[1784837656.071] [21627:21627] [IN] Expiring all sessions for fabric 0x1!![0m
[0;34m[1784837656.071] [21627:21627] [IN] SecureSession[0x7b6ee8009cd0]: MarkForEviction Type:2 LSID:57090[0m
[0;32m[1784837656.071] [21627:21627] [SC] SecureSession[0x7b6ee8009cd0, LSID:57090]: State change 'kActive' --> 'kPendingEviction'[0m
[0;34m[1784837656.071] [21627:21627] [IN] SecureSession[0x7b6ee8009cd0]: Released - Type:2 LSID:57090[0m
[0;32m[1784837656.071] [21627:21627] [FP] Forgetting fabric 0x1[0m
[0;32m[1784837656.071] [21627:21627] [TS] Pending Last Known Good Time: 2023-10-14T01:16:48[0m
[0;32m[1784837656.071] [21627:21627] [TS] Previous Last Known Good Time: 2023-10-14T01:16:48[0m
[0;32m[1784837656.071] [21627:21627] [TS] Reverted Last Known Good Time to previous value[0m
[0;34m[1784837656.071] [21627:21627] [CTL] Shutting down the commissioner[0m
[0;32m[1784837656.071] [21627:21627] [PAF] WiFiPAF: Closing all WiFiPAF sessions to shutdown[0m
[0;34m[1784837656.071] [21627:21627] [CTL] Shutting down the controller[0m
[0;34m[1784837656.071] [21627:21627] [CTL] Shutting down the System State, this will teardown the CHIP Stack[0m
[0;34m[1784837656.071] [21627:21627] [DMG] All ReadHandler-s are clean, clear GlobalDirtySet[0m
[0;32m[1784837656.071] [21627:21627] [FP] Shutting down FabricTable[0m
[0;32m[1784837656.071] [21627:21627] [TS] Pending Last Known Good Time: 2023-10-14T01:16:48[0m
[0;32m[1784837656.071] [21627:21627] [TS] Previous Last Known Good Time: 2023-10-14T01:16:48[0m
[0;32m[1784837656.071] [21627:21627] [TS] Reverted Last Known Good Time to previous value[0m
[0;34m[1784837656.073] [21627:21627] [DL] Wrote settings to /tmp/chip_counters.ini[0m
[0;32m[1784837656.073] [21627:21627] [DL] NVS set: chip-counters/total-operational-hours = 0 (0x0)[0m
[0;32m[1784837656.073] [21627:21627] [DL] Inet Layer shutdown[0m
[0;32m[1784837656.073] [21627:21627] [DL] BLE Layer shutdown[0m
[0;32m[1784837656.073] [21627:21627] [DL] WiFi-PAF Layer shutdown[0m
[0;32m[1784837656.073] [21627:21627] [PAF] WiFiPAF: Closing all WiFiPAF sessions to shutdown[0m
[0;32m[1784837656.073] [21627:21627] [DL] System Layer shutdown[0m
