[0;34m[1784656532.665] [11663:11663] [DL] ChipLinuxStorage::Init: Using KVS config file: /tmp/chip_tool_kvs[0m
[1;31m[1784656532.667] [11663:11663] [DL] ChipLinuxStorage::Init: Attempt to re-initialize with KVS config file: /tmp/chip_kvs, IGNORING.[0m
[0;34m[1784656532.669] [11663:11663] [DL] ChipLinuxStorage::Init: Using KVS config file: /tmp/chip_factory.ini[0m
[0;34m[1784656532.669] [11663:11663] [DL] ChipLinuxStorage::Init: Using KVS config file: /tmp/chip_config.ini[0m
[0;34m[1784656532.669] [11663:11663] [DL] ChipLinuxStorage::Init: Using KVS config file: /tmp/chip_counters.ini[0m
[0;34m[1784656532.672] [11663:11663] [DL] Wrote settings to /tmp/chip_counters.ini[0m
[0;32m[1784656532.672] [11663:11663] [DL] NVS set: chip-counters/reboot-count = 3 (0x3)[0m
[0;32m[1784656532.672] [11663:11663] [DL] Got Ethernet interface: enp0s3[0m
[0;32m[1784656532.672] [11663:11663] [DL] Found the primary Ethernet interface:enp0s3[0m
[1;31m[1784656532.673] [11663:11663] [DL] Failed to get WiFi interface[0m
[1;31m[1784656532.673] [11663:11663] [DL] Failed to reset WiFi statistic counts[0m
[0;32m[1784656532.673] [11663:11663] [PAF] WiFiPAF: WiFiPAFLayer::Init()[0m
[0;34m[1784656532.673] [11663:11663] [IN] UDP::Init bind&listen port=0[0m
[0;34m[1784656532.673] [11663:11663] [IN] UDP::Init bound to port=58780[0m
[0;34m[1784656532.673] [11663:11663] [IN] UDP::Init bind&listen port=0[0m
[0;34m[1784656532.673] [11663:11663] [IN] UDP::Init bound to port=40877[0m
[0;34m[1784656532.673] [11663:11663] [IN] BLEBase::Init - setting/overriding transport[0m
[0;34m[1784656532.673] [11663:11663] [IN] WiFiPAFBase::Init - setting/overriding transport[0m
[0;34m[1784656532.673] [11663:11663] [IN] TransportMgr initialized[0m
[0;34m[1784656532.673] [11663:11663] [FP] Initializing FabricTable from persistent storage[0m
[0;32m[1784656532.673] [11663:11663] [TS] Last Known Good Time: 2023-10-14T01:16:48[0m
[0;32m[1784656532.673] [11663:11663] [FP] Fabric index 0x1 was retrieved from storage. Compressed FabricId 0xBC8ED8CC4D1CB011, FabricId 0x0000000000000001, NodeId 0x000000000001B669, VendorId 0xFFF1[0m
[0;32m[1784656532.674] [11663:11663] [DMG] Ember attribute persistence requires setting up[0m
[0;32m[1784656532.674] [11663:11663] [ZCL] Using ZAP configuration...[0m
[0;34m[1784656532.674] [11663:11663] [CTL] System State Initialized...[0m
[0;32m[1784656532.675] [11663:11663] [CTL] Setting attestation nonce to random value[0m
[0;32m[1784656532.675] [11663:11663] [CTL] Setting CSR nonce to random value[0m
[0;34m[1784656532.675] [11663:11665] [DL] CHIP task running[0m
[0;32m[1784656532.675] [11663:11665] [CTL] Setting attestation nonce to random value[0m
[0;32m[1784656532.675] [11663:11665] [CTL] Setting CSR nonce to random value[0m
[0;32m[1784656532.675] [11663:11665] [CTL] Generating NOC[0m
[0;32m[1784656532.675] [11663:11665] [FP] Validating NOC chain[0m
[0;32m[1784656532.676] [11663:11665] [FP] NOC chain validation successful[0m
[0;32m[1784656532.676] [11663:11665] [FP] Updated fabric at index: 0x1, Node ID: 0x000000000001B669[0m
[0;32m[1784656532.676] [11663:11665] [TS] Last Known Good Time: 2023-10-14T01:16:48[0m
[0;32m[1784656532.676] [11663:11665] [TS] New proposed Last Known Good Time: 2021-01-01T00:00:00[0m
[0;32m[1784656532.676] [11663:11665] [TS] Retaining current Last Known Good Time[0m
[0;32m[1784656532.677] [11663:11665] [FP] Metadata for Fabric 0x1 persisted to storage.[0m
[0;32m[1784656532.677] [11663:11665] [TS] Committing Last Known Good Time to storage: 2023-10-14T01:16:48[0m
[0;32m[1784656532.678] [11663:11665] [CTL] Joined the fabric at index 1. Fabric ID is 0x0000000000000001 (Compressed Fabric ID: BC8ED8CC4D1CB011)[0m
[0;32m[1784656532.681] [11663:11665] [TOO] Sending command to node 0x1[0m
[0;34m[1784656532.681] [11663:11665] [CSM] FindOrEstablishSession: PeerId = [1:0000000000000001][0m
[0;34m[1784656532.681] [11663:11665] [CSM] FindOrEstablishSession: No existing OperationalSessionSetup instance found[0m
[0;34m[1784656532.681] [11663:11665] [DIS] OperationalSessionSetup[1:0000000000000001]: State change 1 --> 2[0m
[0;32m[1784656532.681] [11663:11665] [DIS] Lookup started for BC8ED8CC4D1CB011-0000000000000001[0m
[0;32m[1784656532.682] [11663:11665] [DIS] UDP:[fe80::bfe:a203:38f0:bce7%enp0s3]:5540: new best score: 7 (for BC8ED8CC4D1CB011-0000000000000001)[0m
[0;34m[1784656532.682] [11663:11665] [DIS] Lookup clearing interface for non LL address[0m
[0;32m[1784656532.682] [11663:11665] [DIS] UDP:10.0.2.15%enp0s3:5540: new best score: 2 (for BC8ED8CC4D1CB011-0000000000000001)[0m
[0;32m[1784656532.682] [11663:11665] [DIS] Checking node lookup status for BC8ED8CC4D1CB011-0000000000000001 after 0 ms[0m
[0;32m[1784656532.682] [11663:11665] [DIS] Keeping DNSSD lookup active[0m
[0;32m[1784656532.682] [11663:11665] [DIS] UDP:[fe80::bfe:a203:38f0:bce7%enp0s3]:5540: score has not improved: 7 (for BC8ED8CC4D1CB011-0000000000000001)[0m
[0;34m[1784656532.682] [11663:11665] [DIS] Lookup clearing interface for non LL address[0m
[0;32m[1784656532.682] [11663:11665] [DIS] UDP:10.0.2.15%enp0s3:5540: score has not improved: 2 (for BC8ED8CC4D1CB011-0000000000000001)[0m
[0;32m[1784656532.682] [11663:11665] [DIS] Checking node lookup status for BC8ED8CC4D1CB011-0000000000000001 after 0 ms[0m
[0;32m[1784656532.682] [11663:11665] [DIS] Keeping DNSSD lookup active[0m
[0;32m[1784656532.890] [11663:11665] [DIS] Checking node lookup status for BC8ED8CC4D1CB011-0000000000000001 after 208 ms[0m
[0;34m[1784656532.890] [11663:11665] [DIS] OperationalSessionSetup[1:0000000000000001]: Updating device address to UDP:[fe80::bfe:a203:38f0:bce7%enp0s3]:5540 while in state 2[0m
[0;34m[1784656532.890] [11663:11665] [DIS] OperationalSessionSetup[1:0000000000000001]: State change 2 --> 3[0m
[0;34m[1784656532.890] [11663:11665] [IN] SecureSession[0x7a838c009cd0]: Allocated Type:2 LSID:18522[0m
[0;32m[1784656532.890] [11663:11665] [SC] Initiating session on local FabricIndex 1 from 0x000000000001B669 -> 0x0000000000000001[0m
[0;32m[1784656532.890] [11663:11665] [EM] <<< [E:52805i S:0 M:14573679] (U) Msg TX from 2C10A4274D9A561E to 0:0000000000000000 [0000] [UDP:[fe80::bfe:a203:38f0:bce7%enp0s3]:5540] --- Type 0000:30 (SecureChannel:CASE_Sigma1) (B:196)[0m
[0;32m[1784656532.891] [11663:11665] [EM] ??1 [E:52805i S:0 M:14573679] (U) Msg Retransmission to 0:0000000000000000 scheduled for 654ms from now [State:Idle II:500 AI:300 AT:4000][0m
[0;32m[1784656532.891] [11663:11665] [SC] Sent Sigma1 msg to <0000000000000001, 1> [II:500ms AI:300ms AT:4000ms][0m
[0;34m[1784656532.891] [11663:11665] [DIS] OperationalSessionSetup[1:0000000000000001]: State change 3 --> 4[0m
[0;32m[1784656532.892] [11663:11665] [EM] >>> [E:52805i S:0 M:236034498 (Ack:14573679)] (U) Msg RX from 0:0000000000000000 [0000] to 2C10A4274D9A561E --- Type 0000:31 (SecureChannel:CASE_Sigma2) (B:751)[0m
[0;34m[1784656532.892] [11663:11665] [EM] Found matching exchange: 52805i, Delegate: 0x7a838c00b8e8[0m
[0;34m[1784656532.892] [11663:11665] [EM] Rxd Ack; Removing MessageCounter:14573679 from Retrans Table on exchange 52805i[0m
[0;32m[1784656532.892] [11663:11665] [SC] Received Sigma2 msg[0m
[0;34m[1784656532.892] [11663:11665] [SC] Found MRP parameters in the message[0m
[0;34m[1784656532.893] [11663:11665] [SC] Peer <0000000000000001, 1> assigned session ID 5160[0m
[0;34m[1784656532.893] [11663:11665] [SC] Sending Sigma3[0m
[0;32m[1784656532.893] [11663:11665] [EM] <<< [E:52805i S:0 M:14573680 (Ack:236034498)] (U) Msg TX from 2C10A4274D9A561E to 0:0000000000000000 [0000] [UDP:[fe80::bfe:a203:38f0:bce7%enp0s3]:5540] --- Type 0000:32 (SecureChannel:CASE_Sigma3) (B:598)[0m
[0;32m[1784656532.893] [11663:11665] [EM] ??1 [E:52805i S:0 M:14573680] (U) Msg Retransmission to 0:0000000000000000 scheduled for 361ms from now [State:Active II:500 AI:300 AT:4000][0m
[0;32m[1784656532.893] [11663:11665] [SC] Sent Sigma3 msg[0m
[0;32m[1784656532.904] [11663:11665] [EM] >>> [E:52805i S:0 M:236034499 (Ack:14573680)] (U) Msg RX from 0:0000000000000000 [0000] to 2C10A4274D9A561E --- Type 0000:40 (SecureChannel:StatusReport) (B:34)[0m
[0;34m[1784656532.904] [11663:11665] [EM] Found matching exchange: 52805i, Delegate: 0x7a838c00b8e8[0m
[0;34m[1784656532.904] [11663:11665] [EM] Rxd Ack; Removing MessageCounter:14573680 from Retrans Table on exchange 52805i[0m
[0;32m[1784656532.904] [11663:11665] [SC] Success status report received. Session was established[0m
[0;32m[1784656532.905] [11663:11665] [SC] SecureSession[0x7a838c009cd0, LSID:18522]: State change 'kEstablishing' --> 'kActive'[0m
[0;34m[1784656532.905] [11663:11665] [IN] SecureSession[0x7a838c009cd0]: Activated - Type:2 LSID:18522[0m
[0;34m[1784656532.905] [11663:11665] [IN] New secure session activated for device <0000000000000001, 1>, LSID:18522 PSID:5160![0m
[0;34m[1784656532.905] [11663:11665] [DIS] OperationalSessionSetup[1:0000000000000001]: State change 4 --> 5[0m
[0;32m[1784656532.905] [11663:11665] [TOO] Sending cluster (0x00000030) command (0x00000000) on endpoint 0[0m
[0;34m[1784656532.905] [11663:11665] [DMG] ICR moving to [AddingComm][0m
[0;34m[1784656532.905] [11663:11665] [DMG] ICR moving to [AddedComma][0m
[0;32m[1784656532.905] [11663:11665] [EM] <<< [E:52806i S:18522 M:211721605] (S) Msg TX from 000000000001B669 to 1:0000000000000001 [B011] [UDP:[fe80::bfe:a203:38f0:bce7%enp0s3]:5540] --- Type 0001:08 (IM:InvokeCommandRequest) (B:65)[0m
[0;32m[1784656532.905] [11663:11665] [EM] ??1 [E:52806i S:18522 M:211721605] (S) Msg Retransmission to 1:0000000000000001 scheduled for 342ms from now [State:Active II:500 AI:300 AT:4000][0m
[0;34m[1784656532.905] [11663:11665] [DMG] ICR moving to [AwaitingRe][0m
[0;32m[1784656532.905] [11663:11665] [EM] <<< [E:52805i S:0 M:14573681 (Ack:236034499)] (U) Msg TX from 2C10A4274D9A561E to 0:0000000000000000 [0000] [UDP:[fe80::bfe:a203:38f0:bce7%enp0s3]:5540] --- Type 0000:10 (SecureChannel:StandaloneAck) (B:26)[0m
[0;34m[1784656532.905] [11663:11665] [EM] Flushed pending ack for MessageCounter:236034499 on exchange 52805i[0m
[0;32m[1784656532.906] [11663:11665] [EM] >>> [E:52806i S:18522 M:187699853 (Ack:211721605)] (S) Msg RX from 1:0000000000000001 [B011] to 000000000001B669 --- Type 0001:09 (IM:InvokeCommandResponse) (B:70)[0m
[0;34m[1784656532.906] [11663:11665] [EM] Found matching exchange: 52806i, Delegate: 0x7a838c00eef8[0m
[0;34m[1784656532.906] [11663:11665] [EM] Rxd Ack; Removing MessageCounter:211721605 from Retrans Table on exchange 52806i[0m
[0;34m[1784656532.906] [11663:11665] [DMG] ICR moving to [ResponseRe][0m
[0;34m[1784656532.906] [11663:11665] [DMG] InvokeResponseMessage =[0m
[0;34m[1784656532.906] [11663:11665] [DMG] {[0m
[0;34m[1784656532.906] [11663:11665] [DMG] 	suppressResponse = false, [0m
[0;34m[1784656532.906] [11663:11665] [DMG] 	InvokeResponseIBs =[0m
[0;34m[1784656532.906] [11663:11665] [DMG] 	[[0m
[0;34m[1784656532.906] [11663:11665] [DMG] 		InvokeResponseIB =[0m
[0;34m[1784656532.906] [11663:11665] [DMG] 		{[0m
[0;34m[1784656532.906] [11663:11665] [DMG] 			CommandDataIB =[0m
[0;34m[1784656532.906] [11663:11665] [DMG] 			{[0m
[0;34m[1784656532.906] [11663:11665] [DMG] 				CommandPathIB =[0m
[0;34m[1784656532.906] [11663:11665] [DMG] 				{[0m
[0;34m[1784656532.906] [11663:11665] [DMG] 					EndpointId = 0x0,[0m
[0;34m[1784656532.906] [11663:11665] [DMG] 					ClusterId = 0x30,[0m
[0;34m[1784656532.906] [11663:11665] [DMG] 					CommandId = 0x1,[0m
[0;34m[1784656532.906] [11663:11665] [DMG] 				},[0m
[0;34m[1784656532.906] [11663:11665] [DMG] 				[0m
[0;34m[1784656532.906] [11663:11665] [DMG] 				CommandFields = [0m
[0;34m[1784656532.906] [11663:11665] [DMG] 				{[0m
[0;34m[1784656532.906] [11663:11665] [DMG] 					0x0 = 0 (unsigned), [0m
[0;34m[1784656532.906] [11663:11665] [DMG] 					0x1 = "" (0 chars), [0m
[0;34m[1784656532.906] [11663:11665] [DMG] 				},[0m
[0;34m[1784656532.906] [11663:11665] [DMG] 			},[0m
[0;34m[1784656532.906] [11663:11665] [DMG] 			[0m
[0;34m[1784656532.906] [11663:11665] [DMG] 		},[0m
[0;34m[1784656532.906] [11663:11665] [DMG] 		[0m
[0;34m[1784656532.906] [11663:11665] [DMG] 	],[0m
[0;34m[1784656532.906] [11663:11665] [DMG] 	[0m
[0;34m[1784656532.906] [11663:11665] [DMG] 	InteractionModelRevision = 12[0m
[0;34m[1784656532.906] [11663:11665] [DMG] },[0m
[0;32m[1784656532.906] [11663:11665] [DMG] Received Command Response Data, Endpoint=0 Cluster=0x0000_0030 Command=0x0000_0001[0m
[0;32m[1784656532.906] [11663:11665] [TOO] Endpoint: 0 Cluster: 0x0000_0030 Command 0x0000_0001[0m
[0;32m[1784656532.906] [11663:11665] [TOO]   ArmFailSafeResponse: {[0m
[0;32m[1784656532.906] [11663:11665] [TOO]     errorCode: 0[0m
[0;32m[1784656532.906] [11663:11665] [TOO]     debugText: [0m
[0;32m[1784656532.906] [11663:11665] [TOO]    }[0m
[0;34m[1784656532.906] [11663:11665] [DMG] ICR moving to [AwaitingDe][0m
[0;32m[1784656532.906] [11663:11665] [EM] <<< [E:52806i S:18522 M:211721606 (Ack:187699853)] (S) Msg TX from 000000000001B669 to 1:0000000000000001 [B011] [UDP:[fe80::bfe:a203:38f0:bce7%enp0s3]:5540] --- Type 0000:10 (SecureChannel:StandaloneAck) (B:34)[0m
[0;34m[1784656532.907] [11663:11665] [EM] Flushed pending ack for MessageCounter:187699853 on exchange 52806i[0m
[0;34m[1784656532.907] [11663:11663] [CTL] Shutting down the commissioner[0m
[0;32m[1784656532.907] [11663:11663] [PAF] WiFiPAF: Closing all WiFiPAF sessions to shutdown[0m
[0;34m[1784656532.907] [11663:11663] [CTL] Shutting down the controller[0m
[0;34m[1784656532.907] [11663:11663] [IN] Expiring all sessions for fabric 0x1!![0m
[0;34m[1784656532.907] [11663:11663] [IN] SecureSession[0x7a838c009cd0]: MarkForEviction Type:2 LSID:18522[0m
[0;32m[1784656532.907] [11663:11663] [SC] SecureSession[0x7a838c009cd0, LSID:18522]: State change 'kActive' --> 'kPendingEviction'[0m
[0;34m[1784656532.907] [11663:11663] [IN] SecureSession[0x7a838c009cd0]: Released - Type:2 LSID:18522[0m
[0;32m[1784656532.907] [11663:11663] [FP] Forgetting fabric 0x1[0m
[0;32m[1784656532.907] [11663:11663] [TS] Pending Last Known Good Time: 2023-10-14T01:16:48[0m
[0;32m[1784656532.907] [11663:11663] [TS] Previous Last Known Good Time: 2023-10-14T01:16:48[0m
[0;32m[1784656532.907] [11663:11663] [TS] Reverted Last Known Good Time to previous value[0m
[0;34m[1784656532.907] [11663:11663] [CTL] Shutting down the commissioner[0m
[0;32m[1784656532.907] [11663:11663] [PAF] WiFiPAF: Closing all WiFiPAF sessions to shutdown[0m
[0;34m[1784656532.907] [11663:11663] [CTL] Shutting down the controller[0m
[0;34m[1784656532.907] [11663:11663] [CTL] Shutting down the System State, this will teardown the CHIP Stack[0m
[0;34m[1784656532.907] [11663:11663] [DMG] All ReadHandler-s are clean, clear GlobalDirtySet[0m
[0;32m[1784656532.907] [11663:11663] [FP] Shutting down FabricTable[0m
[0;32m[1784656532.907] [11663:11663] [TS] Pending Last Known Good Time: 2023-10-14T01:16:48[0m
[0;32m[1784656532.907] [11663:11663] [TS] Previous Last Known Good Time: 2023-10-14T01:16:48[0m
[0;32m[1784656532.907] [11663:11663] [TS] Reverted Last Known Good Time to previous value[0m
[0;34m[1784656532.910] [11663:11663] [DL] Wrote settings to /tmp/chip_counters.ini[0m
[0;32m[1784656532.910] [11663:11663] [DL] NVS set: chip-counters/total-operational-hours = 0 (0x0)[0m
[0;32m[1784656532.910] [11663:11663] [DL] Inet Layer shutdown[0m
[0;32m[1784656532.910] [11663:11663] [DL] BLE Layer shutdown[0m
[0;32m[1784656532.910] [11663:11663] [DL] WiFi-PAF Layer shutdown[0m
[0;32m[1784656532.910] [11663:11663] [PAF] WiFiPAF: Closing all WiFiPAF sessions to shutdown[0m
[0;32m[1784656532.910] [11663:11663] [DL] System Layer shutdown[0m
