[0;34m[1784656533.601] [11680:11680] [DL] ChipLinuxStorage::Init: Using KVS config file: /tmp/chip_tool_kvs[0m
[1;31m[1784656533.603] [11680:11680] [DL] ChipLinuxStorage::Init: Attempt to re-initialize with KVS config file: /tmp/chip_kvs, IGNORING.[0m
[0;34m[1784656533.604] [11680:11680] [DL] ChipLinuxStorage::Init: Using KVS config file: /tmp/chip_factory.ini[0m
[0;34m[1784656533.604] [11680:11680] [DL] ChipLinuxStorage::Init: Using KVS config file: /tmp/chip_config.ini[0m
[0;34m[1784656533.604] [11680:11680] [DL] ChipLinuxStorage::Init: Using KVS config file: /tmp/chip_counters.ini[0m
[0;34m[1784656533.608] [11680:11680] [DL] Wrote settings to /tmp/chip_counters.ini[0m
[0;32m[1784656533.608] [11680:11680] [DL] NVS set: chip-counters/reboot-count = 6 (0x6)[0m
[0;32m[1784656533.608] [11680:11680] [DL] Got Ethernet interface: enp0s3[0m
[0;32m[1784656533.609] [11680:11680] [DL] Found the primary Ethernet interface:enp0s3[0m
[1;31m[1784656533.609] [11680:11680] [DL] Failed to get WiFi interface[0m
[1;31m[1784656533.609] [11680:11680] [DL] Failed to reset WiFi statistic counts[0m
[0;32m[1784656533.609] [11680:11680] [PAF] WiFiPAF: WiFiPAFLayer::Init()[0m
[0;34m[1784656533.609] [11680:11680] [IN] UDP::Init bind&listen port=0[0m
[0;34m[1784656533.609] [11680:11680] [IN] UDP::Init bound to port=59705[0m
[0;34m[1784656533.609] [11680:11680] [IN] UDP::Init bind&listen port=0[0m
[0;34m[1784656533.609] [11680:11680] [IN] UDP::Init bound to port=36532[0m
[0;34m[1784656533.609] [11680:11680] [IN] BLEBase::Init - setting/overriding transport[0m
[0;34m[1784656533.609] [11680:11680] [IN] WiFiPAFBase::Init - setting/overriding transport[0m
[0;34m[1784656533.609] [11680:11680] [IN] TransportMgr initialized[0m
[0;34m[1784656533.609] [11680:11680] [FP] Initializing FabricTable from persistent storage[0m
[0;32m[1784656533.609] [11680:11680] [TS] Last Known Good Time: 2023-10-14T01:16:48[0m
[0;32m[1784656533.609] [11680:11680] [FP] Fabric index 0x1 was retrieved from storage. Compressed FabricId 0xBC8ED8CC4D1CB011, FabricId 0x0000000000000001, NodeId 0x000000000001B669, VendorId 0xFFF1[0m
[0;32m[1784656533.610] [11680:11680] [DMG] Ember attribute persistence requires setting up[0m
[0;32m[1784656533.610] [11680:11680] [ZCL] Using ZAP configuration...[0m
[0;34m[1784656533.610] [11680:11680] [CTL] System State Initialized...[0m
[0;32m[1784656533.610] [11680:11680] [CTL] Setting attestation nonce to random value[0m
[0;32m[1784656533.610] [11680:11680] [CTL] Setting CSR nonce to random value[0m
[0;34m[1784656533.610] [11680:11682] [DL] CHIP task running[0m
[0;32m[1784656533.610] [11680:11682] [CTL] Setting attestation nonce to random value[0m
[0;32m[1784656533.610] [11680:11682] [CTL] Setting CSR nonce to random value[0m
[0;32m[1784656533.611] [11680:11682] [CTL] Generating NOC[0m
[0;32m[1784656533.611] [11680:11682] [FP] Validating NOC chain[0m
[0;32m[1784656533.611] [11680:11682] [FP] NOC chain validation successful[0m
[0;32m[1784656533.611] [11680:11682] [FP] Updated fabric at index: 0x1, Node ID: 0x000000000001B669[0m
[0;32m[1784656533.611] [11680:11682] [TS] Last Known Good Time: 2023-10-14T01:16:48[0m
[0;32m[1784656533.611] [11680:11682] [TS] New proposed Last Known Good Time: 2021-01-01T00:00:00[0m
[0;32m[1784656533.611] [11680:11682] [TS] Retaining current Last Known Good Time[0m
[0;32m[1784656533.613] [11680:11682] [FP] Metadata for Fabric 0x1 persisted to storage.[0m
[0;32m[1784656533.613] [11680:11682] [TS] Committing Last Known Good Time to storage: 2023-10-14T01:16:48[0m
[0;32m[1784656533.614] [11680:11682] [CTL] Joined the fabric at index 1. Fabric ID is 0x0000000000000001 (Compressed Fabric ID: BC8ED8CC4D1CB011)[0m
[0;32m[1784656533.619] [11680:11682] [TOO] Sending command to node 0x1[0m
[0;34m[1784656533.619] [11680:11682] [CSM] FindOrEstablishSession: PeerId = [1:0000000000000001][0m
[0;34m[1784656533.619] [11680:11682] [CSM] FindOrEstablishSession: No existing OperationalSessionSetup instance found[0m
[0;34m[1784656533.619] [11680:11682] [DIS] OperationalSessionSetup[1:0000000000000001]: State change 1 --> 2[0m
[0;32m[1784656533.619] [11680:11682] [DIS] Lookup started for BC8ED8CC4D1CB011-0000000000000001[0m
[0;32m[1784656533.620] [11680:11682] [DIS] UDP:[fe80::bfe:a203:38f0:bce7%enp0s3]:5540: new best score: 7 (for BC8ED8CC4D1CB011-0000000000000001)[0m
[0;34m[1784656533.620] [11680:11682] [DIS] Lookup clearing interface for non LL address[0m
[0;32m[1784656533.620] [11680:11682] [DIS] UDP:10.0.2.15%enp0s3:5540: new best score: 2 (for BC8ED8CC4D1CB011-0000000000000001)[0m
[0;32m[1784656533.620] [11680:11682] [DIS] Checking node lookup status for BC8ED8CC4D1CB011-0000000000000001 after 1 ms[0m
[0;32m[1784656533.620] [11680:11682] [DIS] Keeping DNSSD lookup active[0m
[0;32m[1784656533.620] [11680:11682] [DIS] UDP:[fe80::bfe:a203:38f0:bce7%enp0s3]:5540: score has not improved: 7 (for BC8ED8CC4D1CB011-0000000000000001)[0m
[0;34m[1784656533.620] [11680:11682] [DIS] Lookup clearing interface for non LL address[0m
[0;32m[1784656533.620] [11680:11682] [DIS] UDP:10.0.2.15%enp0s3:5540: score has not improved: 2 (for BC8ED8CC4D1CB011-0000000000000001)[0m
[0;32m[1784656533.620] [11680:11682] [DIS] Checking node lookup status for BC8ED8CC4D1CB011-0000000000000001 after 1 ms[0m
[0;32m[1784656533.620] [11680:11682] [DIS] Keeping DNSSD lookup active[0m
[0;32m[1784656533.887] [11680:11682] [DIS] Checking node lookup status for BC8ED8CC4D1CB011-0000000000000001 after 268 ms[0m
[0;34m[1784656533.887] [11680:11682] [DIS] OperationalSessionSetup[1:0000000000000001]: Updating device address to UDP:[fe80::bfe:a203:38f0:bce7%enp0s3]:5540 while in state 2[0m
[0;34m[1784656533.887] [11680:11682] [DIS] OperationalSessionSetup[1:0000000000000001]: State change 2 --> 3[0m
[0;34m[1784656533.887] [11680:11682] [IN] SecureSession[0x719d94009cd0]: Allocated Type:2 LSID:9952[0m
[0;32m[1784656533.887] [11680:11682] [SC] Initiating session on local FabricIndex 1 from 0x000000000001B669 -> 0x0000000000000001[0m
[0;32m[1784656533.888] [11680:11682] [EM] <<< [E:26538i S:0 M:251774371] (U) Msg TX from 5DCC38894F672F3E to 0:0000000000000000 [0000] [UDP:[fe80::bfe:a203:38f0:bce7%enp0s3]:5540] --- Type 0000:30 (SecureChannel:CASE_Sigma1) (B:196)[0m
[0;32m[1784656533.888] [11680:11682] [EM] ??1 [E:26538i S:0 M:251774371] (U) Msg Retransmission to 0:0000000000000000 scheduled for 608ms from now [State:Idle II:500 AI:300 AT:4000][0m
[0;32m[1784656533.888] [11680:11682] [SC] Sent Sigma1 msg to <0000000000000001, 1> [II:500ms AI:300ms AT:4000ms][0m
[0;34m[1784656533.888] [11680:11682] [DIS] OperationalSessionSetup[1:0000000000000001]: State change 3 --> 4[0m
[0;32m[1784656533.891] [11680:11682] [EM] >>> [E:26538i S:0 M:236034504 (Ack:251774371)] (U) Msg RX from 0:0000000000000000 [0000] to 5DCC38894F672F3E --- Type 0000:31 (SecureChannel:CASE_Sigma2) (B:751)[0m
[0;34m[1784656533.891] [11680:11682] [EM] Found matching exchange: 26538i, Delegate: 0x719d9400b8e8[0m
[0;34m[1784656533.891] [11680:11682] [EM] Rxd Ack; Removing MessageCounter:251774371 from Retrans Table on exchange 26538i[0m
[0;32m[1784656533.891] [11680:11682] [SC] Received Sigma2 msg[0m
[0;34m[1784656533.891] [11680:11682] [SC] Found MRP parameters in the message[0m
[0;34m[1784656533.892] [11680:11682] [SC] Peer <0000000000000001, 1> assigned session ID 5163[0m
[0;34m[1784656533.892] [11680:11682] [SC] Sending Sigma3[0m
[0;32m[1784656533.893] [11680:11682] [EM] <<< [E:26538i S:0 M:251774372 (Ack:236034504)] (U) Msg TX from 5DCC38894F672F3E to 0:0000000000000000 [0000] [UDP:[fe80::bfe:a203:38f0:bce7%enp0s3]:5540] --- Type 0000:32 (SecureChannel:CASE_Sigma3) (B:598)[0m
[0;32m[1784656533.893] [11680:11682] [EM] ??1 [E:26538i S:0 M:251774372] (U) Msg Retransmission to 0:0000000000000000 scheduled for 392ms from now [State:Active II:500 AI:300 AT:4000][0m
[0;32m[1784656533.893] [11680:11682] [SC] Sent Sigma3 msg[0m
[0;32m[1784656533.903] [11680:11682] [EM] >>> [E:26538i S:0 M:236034505 (Ack:251774372)] (U) Msg RX from 0:0000000000000000 [0000] to 5DCC38894F672F3E --- Type 0000:40 (SecureChannel:StatusReport) (B:34)[0m
[0;34m[1784656533.903] [11680:11682] [EM] Found matching exchange: 26538i, Delegate: 0x719d9400b8e8[0m
[0;34m[1784656533.903] [11680:11682] [EM] Rxd Ack; Removing MessageCounter:251774372 from Retrans Table on exchange 26538i[0m
[0;32m[1784656533.903] [11680:11682] [SC] Success status report received. Session was established[0m
[0;32m[1784656533.904] [11680:11682] [SC] SecureSession[0x719d94009cd0, LSID:9952]: State change 'kEstablishing' --> 'kActive'[0m
[0;34m[1784656533.904] [11680:11682] [IN] SecureSession[0x719d94009cd0]: Activated - Type:2 LSID:9952[0m
[0;34m[1784656533.904] [11680:11682] [IN] New secure session activated for device <0000000000000001, 1>, LSID:9952 PSID:5163![0m
[0;34m[1784656533.904] [11680:11682] [DIS] OperationalSessionSetup[1:0000000000000001]: State change 4 --> 5[0m
[0;32m[1784656533.904] [11680:11682] [TOO] Sending cluster (0x0000003E) command (0x00000007) on endpoint 0[0m
[0;34m[1784656533.904] [11680:11682] [DMG] ICR moving to [AddingComm][0m
[0;34m[1784656533.904] [11680:11682] [DMG] ICR moving to [AddedComma][0m
[0;32m[1784656533.904] [11680:11682] [EM] <<< [E:26539i S:9952 M:177653066] (S) Msg TX from 000000000001B669 to 1:0000000000000001 [B011] [UDP:[fe80::bfe:a203:38f0:bce7%enp0s3]:5540] --- Type 0001:08 (IM:InvokeCommandRequest) (B:330)[0m
[0;32m[1784656533.904] [11680:11682] [EM] ??1 [E:26539i S:9952 M:177653066] (S) Msg Retransmission to 1:0000000000000001 scheduled for 342ms from now [State:Active II:500 AI:300 AT:4000][0m
[0;34m[1784656533.904] [11680:11682] [DMG] ICR moving to [AwaitingRe][0m
[0;32m[1784656533.904] [11680:11682] [EM] <<< [E:26538i S:0 M:251774373 (Ack:236034505)] (U) Msg TX from 5DCC38894F672F3E to 0:0000000000000000 [0000] [UDP:[fe80::bfe:a203:38f0:bce7%enp0s3]:5540] --- Type 0000:10 (SecureChannel:StandaloneAck) (B:26)[0m
[0;34m[1784656533.904] [11680:11682] [EM] Flushed pending ack for MessageCounter:236034505 on exchange 26538i[0m
[0;32m[1784656533.912] [11680:11682] [EM] >>> [E:26539i S:9952 M:163263626 (Ack:177653066)] (S) Msg RX from 1:0000000000000001 [B011] to 000000000001B669 --- Type 0001:09 (IM:InvokeCommandResponse) (B:70)[0m
[0;34m[1784656533.912] [11680:11682] [EM] Found matching exchange: 26539i, Delegate: 0x719d9400eef8[0m
[0;34m[1784656533.912] [11680:11682] [EM] Rxd Ack; Removing MessageCounter:177653066 from Retrans Table on exchange 26539i[0m
[0;34m[1784656533.912] [11680:11682] [DMG] ICR moving to [ResponseRe][0m
[0;34m[1784656533.912] [11680:11682] [DMG] InvokeResponseMessage =[0m
[0;34m[1784656533.912] [11680:11682] [DMG] {[0m
[0;34m[1784656533.912] [11680:11682] [DMG] 	suppressResponse = false, [0m
[0;34m[1784656533.912] [11680:11682] [DMG] 	InvokeResponseIBs =[0m
[0;34m[1784656533.912] [11680:11682] [DMG] 	[[0m
[0;34m[1784656533.912] [11680:11682] [DMG] 		InvokeResponseIB =[0m
[0;34m[1784656533.912] [11680:11682] [DMG] 		{[0m
[0;34m[1784656533.912] [11680:11682] [DMG] 			CommandDataIB =[0m
[0;34m[1784656533.912] [11680:11682] [DMG] 			{[0m
[0;34m[1784656533.912] [11680:11682] [DMG] 				CommandPathIB =[0m
[0;34m[1784656533.912] [11680:11682] [DMG] 				{[0m
[0;34m[1784656533.912] [11680:11682] [DMG] 					EndpointId = 0x0,[0m
[0;34m[1784656533.912] [11680:11682] [DMG] 					ClusterId = 0x3e,[0m
[0;34m[1784656533.912] [11680:11682] [DMG] 					CommandId = 0x8,[0m
[0;34m[1784656533.912] [11680:11682] [DMG] 				},[0m
[0;34m[1784656533.912] [11680:11682] [DMG] 				[0m
[0;34m[1784656533.912] [11680:11682] [DMG] 				CommandFields = [0m
[0;34m[1784656533.912] [11680:11682] [DMG] 				{[0m
[0;34m[1784656533.912] [11680:11682] [DMG] 					0x0 = 0 (unsigned), [0m
[0;34m[1784656533.912] [11680:11682] [DMG] 					0x1 = 1 (unsigned), [0m
[0;34m[1784656533.912] [11680:11682] [DMG] 				},[0m
[0;34m[1784656533.912] [11680:11682] [DMG] 			},[0m
[0;34m[1784656533.912] [11680:11682] [DMG] 			[0m
[0;34m[1784656533.912] [11680:11682] [DMG] 		},[0m
[0;34m[1784656533.912] [11680:11682] [DMG] 		[0m
[0;34m[1784656533.912] [11680:11682] [DMG] 	],[0m
[0;34m[1784656533.912] [11680:11682] [DMG] 	[0m
[0;34m[1784656533.912] [11680:11682] [DMG] 	InteractionModelRevision = 12[0m
[0;34m[1784656533.912] [11680:11682] [DMG] },[0m
[0;32m[1784656533.912] [11680:11682] [DMG] Received Command Response Data, Endpoint=0 Cluster=0x0000_003E Command=0x0000_0008[0m
[0;32m[1784656533.912] [11680:11682] [TOO] Endpoint: 0 Cluster: 0x0000_003E Command 0x0000_0008[0m
[0;32m[1784656533.912] [11680:11682] [TOO]   NOCResponse: {[0m
[0;32m[1784656533.912] [11680:11682] [TOO]     statusCode: 0[0m
[0;32m[1784656533.912] [11680:11682] [TOO]     fabricIndex: 1[0m
[0;32m[1784656533.912] [11680:11682] [TOO]    }[0m
[0;34m[1784656533.912] [11680:11682] [DMG] ICR moving to [AwaitingDe][0m
[0;32m[1784656533.913] [11680:11682] [EM] <<< [E:26539i S:9952 M:177653067 (Ack:163263626)] (S) Msg TX from 000000000001B669 to 1:0000000000000001 [B011] [UDP:[fe80::bfe:a203:38f0:bce7%enp0s3]:5540] --- Type 0000:10 (SecureChannel:StandaloneAck) (B:34)[0m
[0;34m[1784656533.913] [11680:11682] [EM] Flushed pending ack for MessageCounter:163263626 on exchange 26539i[0m
[0;34m[1784656533.913] [11680:11680] [CTL] Shutting down the commissioner[0m
[0;32m[1784656533.913] [11680:11680] [PAF] WiFiPAF: Closing all WiFiPAF sessions to shutdown[0m
[0;34m[1784656533.913] [11680:11680] [CTL] Shutting down the controller[0m
[0;34m[1784656533.913] [11680:11680] [IN] Expiring all sessions for fabric 0x1!![0m
[0;34m[1784656533.913] [11680:11680] [IN] SecureSession[0x719d94009cd0]: MarkForEviction Type:2 LSID:9952[0m
[0;32m[1784656533.913] [11680:11680] [SC] SecureSession[0x719d94009cd0, LSID:9952]: State change 'kActive' --> 'kPendingEviction'[0m
[0;34m[1784656533.913] [11680:11680] [IN] SecureSession[0x719d94009cd0]: Released - Type:2 LSID:9952[0m
[0;32m[1784656533.913] [11680:11680] [FP] Forgetting fabric 0x1[0m
[0;32m[1784656533.913] [11680:11680] [TS] Pending Last Known Good Time: 2023-10-14T01:16:48[0m
[0;32m[1784656533.913] [11680:11680] [TS] Previous Last Known Good Time: 2023-10-14T01:16:48[0m
[0;32m[1784656533.913] [11680:11680] [TS] Reverted Last Known Good Time to previous value[0m
[0;34m[1784656533.913] [11680:11680] [CTL] Shutting down the commissioner[0m
[0;32m[1784656533.913] [11680:11680] [PAF] WiFiPAF: Closing all WiFiPAF sessions to shutdown[0m
[0;34m[1784656533.913] [11680:11680] [CTL] Shutting down the controller[0m
[0;34m[1784656533.913] [11680:11680] [CTL] Shutting down the System State, this will teardown the CHIP Stack[0m
[0;34m[1784656533.913] [11680:11680] [DMG] All ReadHandler-s are clean, clear GlobalDirtySet[0m
[0;32m[1784656533.913] [11680:11680] [FP] Shutting down FabricTable[0m
[0;32m[1784656533.913] [11680:11680] [TS] Pending Last Known Good Time: 2023-10-14T01:16:48[0m
[0;32m[1784656533.913] [11680:11680] [TS] Previous Last Known Good Time: 2023-10-14T01:16:48[0m
[0;32m[1784656533.913] [11680:11680] [TS] Reverted Last Known Good Time to previous value[0m
[0;34m[1784656533.916] [11680:11680] [DL] Wrote settings to /tmp/chip_counters.ini[0m
[0;32m[1784656533.916] [11680:11680] [DL] NVS set: chip-counters/total-operational-hours = 0 (0x0)[0m
[0;32m[1784656533.916] [11680:11680] [DL] Inet Layer shutdown[0m
[0;32m[1784656533.916] [11680:11680] [DL] BLE Layer shutdown[0m
[0;32m[1784656533.916] [11680:11680] [DL] WiFi-PAF Layer shutdown[0m
[0;32m[1784656533.916] [11680:11680] [PAF] WiFiPAF: Closing all WiFiPAF sessions to shutdown[0m
[0;32m[1784656533.916] [11680:11680] [DL] System Layer shutdown[0m
