[0;34m[1784656170.397] [10452:10452] [DL] ChipLinuxStorage::Init: Using KVS config file: /tmp/chip_tool_kvs[0m
[1;31m[1784656170.398] [10452:10452] [DL] ChipLinuxStorage::Init: Attempt to re-initialize with KVS config file: /tmp/chip_kvs, IGNORING.[0m
[0;34m[1784656170.400] [10452:10452] [DL] ChipLinuxStorage::Init: Using KVS config file: /tmp/chip_factory.ini[0m
[0;34m[1784656170.400] [10452:10452] [DL] ChipLinuxStorage::Init: Using KVS config file: /tmp/chip_config.ini[0m
[0;34m[1784656170.400] [10452:10452] [DL] ChipLinuxStorage::Init: Using KVS config file: /tmp/chip_counters.ini[0m
[0;34m[1784656170.402] [10452:10452] [DL] Wrote settings to /tmp/chip_counters.ini[0m
[0;32m[1784656170.402] [10452:10452] [DL] NVS set: chip-counters/reboot-count = 4 (0x4)[0m
[0;32m[1784656170.402] [10452:10452] [DL] Got Ethernet interface: enp0s3[0m
[0;32m[1784656170.403] [10452:10452] [DL] Found the primary Ethernet interface:enp0s3[0m
[1;31m[1784656170.403] [10452:10452] [DL] Failed to get WiFi interface[0m
[1;31m[1784656170.403] [10452:10452] [DL] Failed to reset WiFi statistic counts[0m
[0;32m[1784656170.403] [10452:10452] [PAF] WiFiPAF: WiFiPAFLayer::Init()[0m
[0;34m[1784656170.403] [10452:10452] [IN] UDP::Init bind&listen port=0[0m
[0;34m[1784656170.403] [10452:10452] [IN] UDP::Init bound to port=52930[0m
[0;34m[1784656170.403] [10452:10452] [IN] UDP::Init bind&listen port=0[0m
[0;34m[1784656170.403] [10452:10452] [IN] UDP::Init bound to port=39639[0m
[0;34m[1784656170.403] [10452:10452] [IN] BLEBase::Init - setting/overriding transport[0m
[0;34m[1784656170.403] [10452:10452] [IN] WiFiPAFBase::Init - setting/overriding transport[0m
[0;34m[1784656170.403] [10452:10452] [IN] TransportMgr initialized[0m
[0;34m[1784656170.403] [10452:10452] [FP] Initializing FabricTable from persistent storage[0m
[0;32m[1784656170.403] [10452:10452] [TS] Last Known Good Time: 2023-10-14T01:16:48[0m
[0;32m[1784656170.403] [10452:10452] [FP] Fabric index 0x1 was retrieved from storage. Compressed FabricId 0xE1EDFCF020069776, FabricId 0x0000000000000001, NodeId 0x000000000001B669, VendorId 0xFFF1[0m
[0;32m[1784656170.404] [10452:10452] [DMG] Ember attribute persistence requires setting up[0m
[0;32m[1784656170.404] [10452:10452] [ZCL] Using ZAP configuration...[0m
[0;34m[1784656170.404] [10452:10452] [CTL] System State Initialized...[0m
[0;32m[1784656170.404] [10452:10452] [CTL] Setting attestation nonce to random value[0m
[0;32m[1784656170.404] [10452:10452] [CTL] Setting CSR nonce to random value[0m
[0;34m[1784656170.404] [10452:10454] [DL] CHIP task running[0m
[0;32m[1784656170.404] [10452:10454] [CTL] Setting attestation nonce to random value[0m
[0;32m[1784656170.404] [10452:10454] [CTL] Setting CSR nonce to random value[0m
[0;32m[1784656170.405] [10452:10454] [CTL] Generating NOC[0m
[0;32m[1784656170.405] [10452:10454] [FP] Validating NOC chain[0m
[0;32m[1784656170.405] [10452:10454] [FP] NOC chain validation successful[0m
[0;32m[1784656170.405] [10452:10454] [FP] Updated fabric at index: 0x1, Node ID: 0x000000000001B669[0m
[0;32m[1784656170.405] [10452:10454] [TS] Last Known Good Time: 2023-10-14T01:16:48[0m
[0;32m[1784656170.405] [10452:10454] [TS] New proposed Last Known Good Time: 2021-01-01T00:00:00[0m
[0;32m[1784656170.405] [10452:10454] [TS] Retaining current Last Known Good Time[0m
[0;32m[1784656170.409] [10452:10454] [FP] Metadata for Fabric 0x1 persisted to storage.[0m
[0;32m[1784656170.410] [10452:10454] [TS] Committing Last Known Good Time to storage: 2023-10-14T01:16:48[0m
[0;32m[1784656170.411] [10452:10454] [CTL] Joined the fabric at index 1. Fabric ID is 0x0000000000000001 (Compressed Fabric ID: E1EDFCF020069776)[0m
[0;32m[1784656170.416] [10452:10454] [TOO] Sending command to node 0x1[0m
[0;34m[1784656170.416] [10452:10454] [CSM] FindOrEstablishSession: PeerId = [1:0000000000000001][0m
[0;34m[1784656170.416] [10452:10454] [CSM] FindOrEstablishSession: No existing OperationalSessionSetup instance found[0m
[0;34m[1784656170.416] [10452:10454] [DIS] OperationalSessionSetup[1:0000000000000001]: State change 1 --> 2[0m
[0;32m[1784656170.417] [10452:10454] [DIS] Lookup started for E1EDFCF020069776-0000000000000001[0m
[0;32m[1784656170.417] [10452:10454] [DIS] UDP:[fe80::bfe:a203:38f0:bce7%enp0s3]:5540: new best score: 7 (for E1EDFCF020069776-0000000000000001)[0m
[0;34m[1784656170.417] [10452:10454] [DIS] Lookup clearing interface for non LL address[0m
[0;32m[1784656170.417] [10452:10454] [DIS] UDP:10.0.2.15%enp0s3:5540: new best score: 2 (for E1EDFCF020069776-0000000000000001)[0m
[0;32m[1784656170.417] [10452:10454] [DIS] Checking node lookup status for E1EDFCF020069776-0000000000000001 after 0 ms[0m
[0;32m[1784656170.417] [10452:10454] [DIS] Keeping DNSSD lookup active[0m
[0;32m[1784656170.417] [10452:10454] [DIS] UDP:[fe80::bfe:a203:38f0:bce7%enp0s3]:5540: score has not improved: 7 (for E1EDFCF020069776-0000000000000001)[0m
[0;34m[1784656170.417] [10452:10454] [DIS] Lookup clearing interface for non LL address[0m
[0;32m[1784656170.417] [10452:10454] [DIS] UDP:10.0.2.15%enp0s3:5540: score has not improved: 2 (for E1EDFCF020069776-0000000000000001)[0m
[0;32m[1784656170.417] [10452:10454] [DIS] Checking node lookup status for E1EDFCF020069776-0000000000000001 after 0 ms[0m
[0;32m[1784656170.417] [10452:10454] [DIS] Keeping DNSSD lookup active[0m
[0;32m[1784656170.619] [10452:10454] [DIS] Checking node lookup status for E1EDFCF020069776-0000000000000001 after 202 ms[0m
[0;34m[1784656170.619] [10452:10454] [DIS] OperationalSessionSetup[1:0000000000000001]: Updating device address to UDP:[fe80::bfe:a203:38f0:bce7%enp0s3]:5540 while in state 2[0m
[0;34m[1784656170.619] [10452:10454] [DIS] OperationalSessionSetup[1:0000000000000001]: State change 2 --> 3[0m
[0;34m[1784656170.619] [10452:10454] [IN] SecureSession[0x78e7ac009cd0]: Allocated Type:2 LSID:39564[0m
[0;32m[1784656170.619] [10452:10454] [SC] Initiating session on local FabricIndex 1 from 0x000000000001B669 -> 0x0000000000000001[0m
[0;32m[1784656170.620] [10452:10454] [EM] <<< [E:53796i S:0 M:181930406] (U) Msg TX from A6C784E53129F222 to 0:0000000000000000 [0000] [UDP:[fe80::bfe:a203:38f0:bce7%enp0s3]:5540] --- Type 0000:30 (SecureChannel:CASE_Sigma1) (B:196)[0m
[0;32m[1784656170.620] [10452:10454] [EM] ??1 [E:53796i S:0 M:181930406] (U) Msg Retransmission to 0:0000000000000000 scheduled for 655ms from now [State:Idle II:500 AI:300 AT:4000][0m
[0;32m[1784656170.620] [10452:10454] [SC] Sent Sigma1 msg to <0000000000000001, 1> [II:500ms AI:300ms AT:4000ms][0m
[0;34m[1784656170.620] [10452:10454] [DIS] OperationalSessionSetup[1:0000000000000001]: State change 3 --> 4[0m
[0;32m[1784656170.623] [10452:10454] [EM] >>> [E:53796i S:0 M:42624917 (Ack:181930406)] (U) Msg RX from 0:0000000000000000 [0000] to A6C784E53129F222 --- Type 0000:31 (SecureChannel:CASE_Sigma2) (B:751)[0m
[0;34m[1784656170.623] [10452:10454] [EM] Found matching exchange: 53796i, Delegate: 0x78e7ac00b8e8[0m
[0;34m[1784656170.623] [10452:10454] [EM] Rxd Ack; Removing MessageCounter:181930406 from Retrans Table on exchange 53796i[0m
[0;32m[1784656170.623] [10452:10454] [SC] Received Sigma2 msg[0m
[0;34m[1784656170.623] [10452:10454] [SC] Found MRP parameters in the message[0m
[0;34m[1784656170.623] [10452:10454] [SC] Peer <0000000000000001, 1> assigned session ID 1242[0m
[0;34m[1784656170.624] [10452:10454] [SC] Sending Sigma3[0m
[0;32m[1784656170.624] [10452:10454] [EM] <<< [E:53796i S:0 M:181930407 (Ack:42624917)] (U) Msg TX from A6C784E53129F222 to 0:0000000000000000 [0000] [UDP:[fe80::bfe:a203:38f0:bce7%enp0s3]:5540] --- Type 0000:32 (SecureChannel:CASE_Sigma3) (B:598)[0m
[0;32m[1784656170.624] [10452:10454] [EM] ??1 [E:53796i S:0 M:181930407] (U) Msg Retransmission to 0:0000000000000000 scheduled for 359ms from now [State:Active II:500 AI:300 AT:4000][0m
[0;32m[1784656170.624] [10452:10454] [SC] Sent Sigma3 msg[0m
[0;32m[1784656170.631] [10452:10454] [EM] >>> [E:53796i S:0 M:42624918 (Ack:181930407)] (U) Msg RX from 0:0000000000000000 [0000] to A6C784E53129F222 --- Type 0000:40 (SecureChannel:StatusReport) (B:34)[0m
[0;34m[1784656170.631] [10452:10454] [EM] Found matching exchange: 53796i, Delegate: 0x78e7ac00b8e8[0m
[0;34m[1784656170.631] [10452:10454] [EM] Rxd Ack; Removing MessageCounter:181930407 from Retrans Table on exchange 53796i[0m
[0;32m[1784656170.631] [10452:10454] [SC] Success status report received. Session was established[0m
[0;32m[1784656170.631] [10452:10454] [SC] SecureSession[0x78e7ac009cd0, LSID:39564]: State change 'kEstablishing' --> 'kActive'[0m
[0;34m[1784656170.631] [10452:10454] [IN] SecureSession[0x78e7ac009cd0]: Activated - Type:2 LSID:39564[0m
[0;34m[1784656170.631] [10452:10454] [IN] New secure session activated for device <0000000000000001, 1>, LSID:39564 PSID:1242![0m
[0;34m[1784656170.631] [10452:10454] [DIS] OperationalSessionSetup[1:0000000000000001]: State change 4 --> 5[0m
[0;32m[1784656170.631] [10452:10454] [TOO] Sending cluster (0x0000003E) command (0x00000004) on endpoint 0[0m
[0;34m[1784656170.632] [10452:10454] [DMG] ICR moving to [AddingComm][0m
[0;34m[1784656170.632] [10452:10454] [DMG] ICR moving to [AddedComma][0m
[0;32m[1784656170.632] [10452:10454] [EM] <<< [E:53797i S:39564 M:2858404] (S) Msg TX from 000000000001B669 to 1:0000000000000001 [9776] [UDP:[fe80::bfe:a203:38f0:bce7%enp0s3]:5540] --- Type 0001:08 (IM:InvokeCommandRequest) (B:96)[0m
[0;32m[1784656170.632] [10452:10454] [EM] ??1 [E:53797i S:39564 M:2858404] (S) Msg Retransmission to 1:0000000000000001 scheduled for 379ms from now [State:Active II:500 AI:300 AT:4000][0m
[0;34m[1784656170.632] [10452:10454] [DMG] ICR moving to [AwaitingRe][0m
[0;32m[1784656170.632] [10452:10454] [EM] <<< [E:53796i S:0 M:181930408 (Ack:42624918)] (U) Msg TX from A6C784E53129F222 to 0:0000000000000000 [0000] [UDP:[fe80::bfe:a203:38f0:bce7%enp0s3]:5540] --- Type 0000:10 (SecureChannel:StandaloneAck) (B:26)[0m
[0;34m[1784656170.632] [10452:10454] [EM] Flushed pending ack for MessageCounter:42624918 on exchange 53796i[0m
[0;32m[1784656170.632] [10452:10454] [EM] >>> [E:53797i S:39564 M:222211090 (Ack:2858404)] (S) Msg RX from 1:0000000000000001 [9776] to 000000000001B669 --- Type 0001:09 (IM:InvokeCommandResponse) (B:377)[0m
[0;34m[1784656170.632] [10452:10454] [EM] Found matching exchange: 53797i, Delegate: 0x78e7ac00eef8[0m
[0;34m[1784656170.632] [10452:10454] [EM] Rxd Ack; Removing MessageCounter:2858404 from Retrans Table on exchange 53797i[0m
[0;34m[1784656170.632] [10452:10454] [DMG] ICR moving to [ResponseRe][0m
[0;34m[1784656170.632] [10452:10454] [DMG] InvokeResponseMessage =[0m
[0;34m[1784656170.632] [10452:10454] [DMG] {[0m
[0;34m[1784656170.632] [10452:10454] [DMG] 	suppressResponse = false, [0m
[0;34m[1784656170.632] [10452:10454] [DMG] 	InvokeResponseIBs =[0m
[0;34m[1784656170.632] [10452:10454] [DMG] 	[[0m
[0;34m[1784656170.632] [10452:10454] [DMG] 		InvokeResponseIB =[0m
[0;34m[1784656170.632] [10452:10454] [DMG] 		{[0m
[0;34m[1784656170.632] [10452:10454] [DMG] 			CommandDataIB =[0m
[0;34m[1784656170.632] [10452:10454] [DMG] 			{[0m
[0;34m[1784656170.632] [10452:10454] [DMG] 				CommandPathIB =[0m
[0;34m[1784656170.632] [10452:10454] [DMG] 				{[0m
[0;34m[1784656170.632] [10452:10454] [DMG] 					EndpointId = 0x0,[0m
[0;34m[1784656170.632] [10452:10454] [DMG] 					ClusterId = 0x3e,[0m
[0;34m[1784656170.632] [10452:10454] [DMG] 					CommandId = 0x5,[0m
[0;34m[1784656170.632] [10452:10454] [DMG] 				},[0m
[0;34m[1784656170.632] [10452:10454] [DMG] 				[0m
[0;34m[1784656170.632] [10452:10454] [DMG] 				CommandFields = [0m
[0;34m[1784656170.632] [10452:10454] [DMG] 				{[0m
[0;34m[1784656170.632] [10452:10454] [DMG] 					0x0 = [[0m
[0;34m[1784656170.632] [10452:10454] [DMG] 							0x15, 0x30, 0x01, 0xcb, 0x30, 0x81, 0xc8, 0x30, 0x70, 0x02, 0x01, 0x00, 0x30, 0x0e, 0x31, 0x0c, 0x30, 0x0a, 0x06, 0x03, 0x55, 0x04, 0x0a, 0x0c, 0x03, 0x43, 0x53, 0x52, 0x30, 0x59, 0x30, 0x13, 0x06, 0x07, 0x2a, 0x86, 0x48, 0xce, 0x3d, 0x02, 0x01, 0x06, 0x08, 0x2a, 0x86, 0x48, 0xce, 0x3d, 0x03, 0x01, 0x07, 0x03, 0x42, 0x00, 0x04, 0x96, 0x2b, 0x69, 0x5a, 0xe6, 0x28, 0xc6, 0x8c, 0xb0, 0xeb, 0x6e, 0xeb, 0xf8, 0x4f, 0x4d, 0xd4, 0x8a, 0xba, 0x9c, 0xe7, 0xb7, 0xc6, 0x94, 0xa2, 0x66, 0x2a, 0xc3, 0xcc, 0xa3, 0x50, 0xdf, 0x8f, 0x82, 0x60, 0x00, 0x50, 0x87, 0x4e, 0x21, 0x1d, 0x7b, 0xfa, 0x20, 0x7e, 0x5e, 0x17, 0x1c, 0x11, 0x32, 0x42, 0x29, 0xa0, 0x99, 0xd1, 0x44, 0xc3, 0x7f, 0x0a, 0xeb, 0xa7, 0x79, 0x4d, 0xce, 0x64, 0xa0, 0x00, 0x30, 0x0a, 0x06, 0x08, 0x2a, 0x86, 0x48, 0xce, 0x3d, 0x04, 0x03, 0x02, 0x03, 0x48, 0x00, 0x30, 0x45, 0x02, 0x20, 0x40, 0x19, 0x76, 0xca, 0x01, 0x20, 0x2f, 0x11, 0x08, 0x16, 0x7f, 0x0f, 0x80, 0xa0, 0x05, 0xb3, 0x89, 0xcd, 0x5b, 0x74, 0x28, 0xc6, 0x91, 0xab, 0x48, 0x93, 0x83, 0x86, 0xc7, 0xea, 0x23, 0xca, 0x02, 0x21, 0x00, 0x88, 0x86, 0x65, 0xa9, 0xc2, 0x34, 0x26, 0xad, 0x13, 0x58, 0xc6, 0xde, 0x74, 0x5d, 0xd8, 0x35, 0x77, 0x90, 0x90, 0x46, 0x8c, 0x97, 0xd7, 0x5e, 0x8c, 0x9a, 0x1d, 0xae, 0xe4, 0x40, 0xdf, 0x7d, 0x30, 0x02, 0x20, 0x8a, 0x7e, 0xc4, 0x51, 0x92, 0xcf, 0x13, 0x74, 0x4e, 0x0c, 0xbf, 0xe8, 0x14, 0x0a, 0x02, 0x5c, 0x73, 0xd7, 0xfe, 0x29, 0x2e, 0x8f, 0x6e, 0x03, 0x7a, 0xbc, 0x36, 0x78, 0x37, 0x8f, 0xcd, 0x16, 0x18, [0m
[0;34m[1784656170.632] [10452:10454] [DMG] 					] (243 bytes)[0m
[0;34m[1784656170.632] [10452:10454] [DMG] 					0x1 = [[0m
[0;34m[1784656170.632] [10452:10454] [DMG] 							0xff, 0xb7, 0xe2, 0xed, 0x3f, 0x4b, 0x10, 0x04, 0x57, 0x17, 0xd2, 0x28, 0xff, 0x4f, 0xbf, 0xd8, 0x8c, 0xbd, 0x1f, 0x1d, 0x88, 0x2c, 0xfe, 0x25, 0x6b, 0xa0, 0x2b, 0x9e, 0xc1, 0x45, 0x71, 0xf6, 0xd6, 0x40, 0x93, 0x69, 0x84, 0x73, 0x50, 0x93, 0x07, 0xff, 0x75, 0x56, 0x03, 0x4a, 0x57, 0x65, 0x8a, 0x99, 0xc1, 0xf1, 0x04, 0xe2, 0xd6, 0x91, 0x79, 0xdd, 0xa4, 0x38, 0x6f, 0xc6, 0x8a, 0xf8, [0m
[0;34m[1784656170.632] [10452:10454] [DMG] 					] (64 bytes)[0m
[0;34m[1784656170.632] [10452:10454] [DMG] 				},[0m
[0;34m[1784656170.632] [10452:10454] [DMG] 			},[0m
[0;34m[1784656170.632] [10452:10454] [DMG] 			[0m
[0;34m[1784656170.632] [10452:10454] [DMG] 		},[0m
[0;34m[1784656170.632] [10452:10454] [DMG] 		[0m
[0;34m[1784656170.632] [10452:10454] [DMG] 	],[0m
[0;34m[1784656170.632] [10452:10454] [DMG] 	[0m
[0;34m[1784656170.632] [10452:10454] [DMG] 	InteractionModelRevision = 12[0m
[0;34m[1784656170.632] [10452:10454] [DMG] },[0m
[0;32m[1784656170.632] [10452:10454] [DMG] Received Command Response Data, Endpoint=0 Cluster=0x0000_003E Command=0x0000_0005[0m
[0;32m[1784656170.632] [10452:10454] [TOO] Endpoint: 0 Cluster: 0x0000_003E Command 0x0000_0005[0m
[0;32m[1784656170.632] [10452:10454] [TOO]   CSRResponse: {[0m
[0;32m[1784656170.632] [10452:10454] [TOO]     NOCSRElements: 153001CB3081C83070020100300E310C300A060355040A0C034353523059301306072A8648CE3D020106082A8648CE3D03010703420004962B695AE628C68CB0EB6EEBF84F4DD48ABA9CE7B7C694A2662AC3CCA350DF8F82600050874E211D7BFA207E5E171C11324229A099D144C37F0AEBA7794DCE64A000300A06082A8648CE3D04030203480030450220401976CA01202F1108167F0F80A005B389CD5B7428C691AB48938386C7EA23CA022100888665A9C23426AD1358C6DE745DD835779090468C97D75E8C9A1DAEE440DF7D3002208A7EC45192CF13744E0CBFE8140A025C73D7FE292E8F6E037ABC3678378FCD1618[0m
[0;32m[1784656170.632] [10452:10454] [TOO]     attestationSignature: FFB7E2ED3F4B10045717D228FF4FBFD88CBD1F1D882CFE256BA02B9EC14571F6D64093698473509307FF7556034A57658A99C1F104E2D69179DDA4386FC68AF8[0m
[0;32m[1784656170.632] [10452:10454] [TOO]    }[0m
[0;34m[1784656170.632] [10452:10454] [DMG] ICR moving to [AwaitingDe][0m
[0;32m[1784656170.632] [10452:10454] [EM] <<< [E:53797i S:39564 M:2858405 (Ack:222211090)] (S) Msg TX from 000000000001B669 to 1:0000000000000001 [9776] [UDP:[fe80::bfe:a203:38f0:bce7%enp0s3]:5540] --- Type 0000:10 (SecureChannel:StandaloneAck) (B:34)[0m
[0;34m[1784656170.633] [10452:10454] [EM] Flushed pending ack for MessageCounter:222211090 on exchange 53797i[0m
[0;34m[1784656170.633] [10452:10452] [CTL] Shutting down the commissioner[0m
[0;32m[1784656170.633] [10452:10452] [PAF] WiFiPAF: Closing all WiFiPAF sessions to shutdown[0m
[0;34m[1784656170.633] [10452:10452] [CTL] Shutting down the controller[0m
[0;34m[1784656170.633] [10452:10452] [IN] Expiring all sessions for fabric 0x1!![0m
[0;34m[1784656170.633] [10452:10452] [IN] SecureSession[0x78e7ac009cd0]: MarkForEviction Type:2 LSID:39564[0m
[0;32m[1784656170.633] [10452:10452] [SC] SecureSession[0x78e7ac009cd0, LSID:39564]: State change 'kActive' --> 'kPendingEviction'[0m
[0;34m[1784656170.633] [10452:10452] [IN] SecureSession[0x78e7ac009cd0]: Released - Type:2 LSID:39564[0m
[0;32m[1784656170.633] [10452:10452] [FP] Forgetting fabric 0x1[0m
[0;32m[1784656170.633] [10452:10452] [TS] Pending Last Known Good Time: 2023-10-14T01:16:48[0m
[0;32m[1784656170.633] [10452:10452] [TS] Previous Last Known Good Time: 2023-10-14T01:16:48[0m
[0;32m[1784656170.633] [10452:10452] [TS] Reverted Last Known Good Time to previous value[0m
[0;34m[1784656170.633] [10452:10452] [CTL] Shutting down the commissioner[0m
[0;32m[1784656170.633] [10452:10452] [PAF] WiFiPAF: Closing all WiFiPAF sessions to shutdown[0m
[0;34m[1784656170.633] [10452:10452] [CTL] Shutting down the controller[0m
[0;34m[1784656170.633] [10452:10452] [CTL] Shutting down the System State, this will teardown the CHIP Stack[0m
[0;34m[1784656170.633] [10452:10452] [DMG] All ReadHandler-s are clean, clear GlobalDirtySet[0m
[0;32m[1784656170.633] [10452:10452] [FP] Shutting down FabricTable[0m
[0;32m[1784656170.633] [10452:10452] [TS] Pending Last Known Good Time: 2023-10-14T01:16:48[0m
[0;32m[1784656170.633] [10452:10452] [TS] Previous Last Known Good Time: 2023-10-14T01:16:48[0m
[0;32m[1784656170.633] [10452:10452] [TS] Reverted Last Known Good Time to previous value[0m
[0;34m[1784656170.635] [10452:10452] [DL] Wrote settings to /tmp/chip_counters.ini[0m
[0;32m[1784656170.635] [10452:10452] [DL] NVS set: chip-counters/total-operational-hours = 0 (0x0)[0m
[0;32m[1784656170.635] [10452:10452] [DL] Inet Layer shutdown[0m
[0;32m[1784656170.635] [10452:10452] [DL] BLE Layer shutdown[0m
[0;32m[1784656170.635] [10452:10452] [DL] WiFi-PAF Layer shutdown[0m
[0;32m[1784656170.635] [10452:10452] [PAF] WiFiPAF: Closing all WiFiPAF sessions to shutdown[0m
[0;32m[1784656170.635] [10452:10452] [DL] System Layer shutdown[0m
