[0;34m[1784656171.039] [10465:10465] [DL] ChipLinuxStorage::Init: Using KVS config file: /tmp/chip_tool_kvs[0m
[1;31m[1784656171.040] [10465:10465] [DL] ChipLinuxStorage::Init: Attempt to re-initialize with KVS config file: /tmp/chip_kvs, IGNORING.[0m
[0;34m[1784656171.041] [10465:10465] [DL] ChipLinuxStorage::Init: Using KVS config file: /tmp/chip_factory.ini[0m
[0;34m[1784656171.041] [10465:10465] [DL] ChipLinuxStorage::Init: Using KVS config file: /tmp/chip_config.ini[0m
[0;34m[1784656171.041] [10465:10465] [DL] ChipLinuxStorage::Init: Using KVS config file: /tmp/chip_counters.ini[0m
[0;34m[1784656171.044] [10465:10465] [DL] Wrote settings to /tmp/chip_counters.ini[0m
[0;32m[1784656171.044] [10465:10465] [DL] NVS set: chip-counters/reboot-count = 6 (0x6)[0m
[0;32m[1784656171.044] [10465:10465] [DL] Got Ethernet interface: enp0s3[0m
[0;32m[1784656171.044] [10465:10465] [DL] Found the primary Ethernet interface:enp0s3[0m
[1;31m[1784656171.044] [10465:10465] [DL] Failed to get WiFi interface[0m
[1;31m[1784656171.044] [10465:10465] [DL] Failed to reset WiFi statistic counts[0m
[0;32m[1784656171.044] [10465:10465] [PAF] WiFiPAF: WiFiPAFLayer::Init()[0m
[0;34m[1784656171.044] [10465:10465] [IN] UDP::Init bind&listen port=0[0m
[0;34m[1784656171.044] [10465:10465] [IN] UDP::Init bound to port=50915[0m
[0;34m[1784656171.044] [10465:10465] [IN] UDP::Init bind&listen port=0[0m
[0;34m[1784656171.044] [10465:10465] [IN] UDP::Init bound to port=41268[0m
[0;34m[1784656171.044] [10465:10465] [IN] BLEBase::Init - setting/overriding transport[0m
[0;34m[1784656171.044] [10465:10465] [IN] WiFiPAFBase::Init - setting/overriding transport[0m
[0;34m[1784656171.044] [10465:10465] [IN] TransportMgr initialized[0m
[0;34m[1784656171.044] [10465:10465] [FP] Initializing FabricTable from persistent storage[0m
[0;32m[1784656171.044] [10465:10465] [TS] Last Known Good Time: 2023-10-14T01:16:48[0m
[0;32m[1784656171.045] [10465:10465] [FP] Fabric index 0x1 was retrieved from storage. Compressed FabricId 0xE1EDFCF020069776, FabricId 0x0000000000000001, NodeId 0x000000000001B669, VendorId 0xFFF1[0m
[0;32m[1784656171.046] [10465:10465] [DMG] Ember attribute persistence requires setting up[0m
[0;32m[1784656171.046] [10465:10465] [ZCL] Using ZAP configuration...[0m
[0;34m[1784656171.046] [10465:10465] [CTL] System State Initialized...[0m
[0;32m[1784656171.046] [10465:10465] [CTL] Setting attestation nonce to random value[0m
[0;32m[1784656171.046] [10465:10465] [CTL] Setting CSR nonce to random value[0m
[0;34m[1784656171.046] [10465:10467] [DL] CHIP task running[0m
[0;32m[1784656171.046] [10465:10467] [CTL] Setting attestation nonce to random value[0m
[0;32m[1784656171.046] [10465:10467] [CTL] Setting CSR nonce to random value[0m
[0;32m[1784656171.046] [10465:10467] [CTL] Generating NOC[0m
[0;32m[1784656171.047] [10465:10467] [FP] Validating NOC chain[0m
[0;32m[1784656171.047] [10465:10467] [FP] NOC chain validation successful[0m
[0;32m[1784656171.047] [10465:10467] [FP] Updated fabric at index: 0x1, Node ID: 0x000000000001B669[0m
[0;32m[1784656171.047] [10465:10467] [TS] Last Known Good Time: 2023-10-14T01:16:48[0m
[0;32m[1784656171.047] [10465:10467] [TS] New proposed Last Known Good Time: 2021-01-01T00:00:00[0m
[0;32m[1784656171.047] [10465:10467] [TS] Retaining current Last Known Good Time[0m
[0;32m[1784656171.049] [10465:10467] [FP] Metadata for Fabric 0x1 persisted to storage.[0m
[0;32m[1784656171.050] [10465:10467] [TS] Committing Last Known Good Time to storage: 2023-10-14T01:16:48[0m
[0;32m[1784656171.050] [10465:10467] [CTL] Joined the fabric at index 1. Fabric ID is 0x0000000000000001 (Compressed Fabric ID: E1EDFCF020069776)[0m
[0;32m[1784656171.055] [10465:10467] [TOO] Sending command to node 0x1[0m
[0;34m[1784656171.055] [10465:10467] [CSM] FindOrEstablishSession: PeerId = [1:0000000000000001][0m
[0;34m[1784656171.055] [10465:10467] [CSM] FindOrEstablishSession: No existing OperationalSessionSetup instance found[0m
[0;34m[1784656171.055] [10465:10467] [DIS] OperationalSessionSetup[1:0000000000000001]: State change 1 --> 2[0m
[0;32m[1784656171.055] [10465:10467] [DIS] Lookup started for E1EDFCF020069776-0000000000000001[0m
[0;32m[1784656171.056] [10465:10467] [DIS] UDP:[fe80::bfe:a203:38f0:bce7%enp0s3]:5540: new best score: 7 (for E1EDFCF020069776-0000000000000001)[0m
[0;34m[1784656171.056] [10465:10467] [DIS] Lookup clearing interface for non LL address[0m
[0;32m[1784656171.056] [10465:10467] [DIS] UDP:10.0.2.15%enp0s3:5540: new best score: 2 (for E1EDFCF020069776-0000000000000001)[0m
[0;32m[1784656171.056] [10465:10467] [DIS] Checking node lookup status for E1EDFCF020069776-0000000000000001 after 1 ms[0m
[0;32m[1784656171.056] [10465:10467] [DIS] Keeping DNSSD lookup active[0m
[0;32m[1784656171.056] [10465:10467] [DIS] UDP:[fe80::bfe:a203:38f0:bce7%enp0s3]:5540: score has not improved: 7 (for E1EDFCF020069776-0000000000000001)[0m
[0;34m[1784656171.056] [10465:10467] [DIS] Lookup clearing interface for non LL address[0m
[0;32m[1784656171.056] [10465:10467] [DIS] UDP:10.0.2.15%enp0s3:5540: score has not improved: 2 (for E1EDFCF020069776-0000000000000001)[0m
[0;32m[1784656171.056] [10465:10467] [DIS] Checking node lookup status for E1EDFCF020069776-0000000000000001 after 1 ms[0m
[0;32m[1784656171.056] [10465:10467] [DIS] Keeping DNSSD lookup active[0m
[0;32m[1784656171.275] [10465:10467] [DIS] Checking node lookup status for E1EDFCF020069776-0000000000000001 after 220 ms[0m
[0;34m[1784656171.275] [10465:10467] [DIS] OperationalSessionSetup[1:0000000000000001]: Updating device address to UDP:[fe80::bfe:a203:38f0:bce7%enp0s3]:5540 while in state 2[0m
[0;34m[1784656171.275] [10465:10467] [DIS] OperationalSessionSetup[1:0000000000000001]: State change 2 --> 3[0m
[0;34m[1784656171.276] [10465:10467] [IN] SecureSession[0x73a8f8009cd0]: Allocated Type:2 LSID:41557[0m
[0;32m[1784656171.276] [10465:10467] [SC] Initiating session on local FabricIndex 1 from 0x000000000001B669 -> 0x0000000000000001[0m
[0;32m[1784656171.277] [10465:10467] [EM] <<< [E:53131i S:0 M:125341647] (U) Msg TX from 3FA5B370E57B9E2D to 0:0000000000000000 [0000] [UDP:[fe80::bfe:a203:38f0:bce7%enp0s3]:5540] --- Type 0000:30 (SecureChannel:CASE_Sigma1) (B:196)[0m
[0;32m[1784656171.277] [10465:10467] [EM] ??1 [E:53131i S:0 M:125341647] (U) Msg Retransmission to 0:0000000000000000 scheduled for 636ms from now [State:Idle II:500 AI:300 AT:4000][0m
[0;32m[1784656171.277] [10465:10467] [SC] Sent Sigma1 msg to <0000000000000001, 1> [II:500ms AI:300ms AT:4000ms][0m
[0;34m[1784656171.277] [10465:10467] [DIS] OperationalSessionSetup[1:0000000000000001]: State change 3 --> 4[0m
[0;32m[1784656171.281] [10465:10467] [EM] >>> [E:53131i S:0 M:42624921 (Ack:125341647)] (U) Msg RX from 0:0000000000000000 [0000] to 3FA5B370E57B9E2D --- Type 0000:31 (SecureChannel:CASE_Sigma2) (B:751)[0m
[0;34m[1784656171.281] [10465:10467] [EM] Found matching exchange: 53131i, Delegate: 0x73a8f800b8e8[0m
[0;34m[1784656171.281] [10465:10467] [EM] Rxd Ack; Removing MessageCounter:125341647 from Retrans Table on exchange 53131i[0m
[0;32m[1784656171.281] [10465:10467] [SC] Received Sigma2 msg[0m
[0;34m[1784656171.281] [10465:10467] [SC] Found MRP parameters in the message[0m
[0;34m[1784656171.281] [10465:10467] [SC] Peer <0000000000000001, 1> assigned session ID 1244[0m
[0;34m[1784656171.281] [10465:10467] [SC] Sending Sigma3[0m
[0;32m[1784656171.281] [10465:10467] [EM] <<< [E:53131i S:0 M:125341648 (Ack:42624921)] (U) Msg TX from 3FA5B370E57B9E2D to 0:0000000000000000 [0000] [UDP:[fe80::bfe:a203:38f0:bce7%enp0s3]:5540] --- Type 0000:32 (SecureChannel:CASE_Sigma3) (B:598)[0m
[0;32m[1784656171.282] [10465:10467] [EM] ??1 [E:53131i S:0 M:125341648] (U) Msg Retransmission to 0:0000000000000000 scheduled for 378ms from now [State:Active II:500 AI:300 AT:4000][0m
[0;32m[1784656171.282] [10465:10467] [SC] Sent Sigma3 msg[0m
[0;32m[1784656171.291] [10465:10467] [EM] >>> [E:53131i S:0 M:42624922 (Ack:125341648)] (U) Msg RX from 0:0000000000000000 [0000] to 3FA5B370E57B9E2D --- Type 0000:40 (SecureChannel:StatusReport) (B:34)[0m
[0;34m[1784656171.291] [10465:10467] [EM] Found matching exchange: 53131i, Delegate: 0x73a8f800b8e8[0m
[0;34m[1784656171.291] [10465:10467] [EM] Rxd Ack; Removing MessageCounter:125341648 from Retrans Table on exchange 53131i[0m
[0;32m[1784656171.291] [10465:10467] [SC] Success status report received. Session was established[0m
[0;32m[1784656171.292] [10465:10467] [SC] SecureSession[0x73a8f8009cd0, LSID:41557]: State change 'kEstablishing' --> 'kActive'[0m
[0;34m[1784656171.292] [10465:10467] [IN] SecureSession[0x73a8f8009cd0]: Activated - Type:2 LSID:41557[0m
[0;34m[1784656171.292] [10465:10467] [IN] New secure session activated for device <0000000000000001, 1>, LSID:41557 PSID:1244![0m
[0;34m[1784656171.292] [10465:10467] [DIS] OperationalSessionSetup[1:0000000000000001]: State change 4 --> 5[0m
[0;32m[1784656171.292] [10465:10467] [TOO] Sending cluster (0x0000003E) command (0x00000007) on endpoint 0[0m
[0;34m[1784656171.292] [10465:10467] [DMG] ICR moving to [AddingComm][0m
[0;34m[1784656171.292] [10465:10467] [DMG] ICR moving to [AddedComma][0m
[0;32m[1784656171.292] [10465:10467] [EM] <<< [E:53132i S:41557 M:170985279] (S) Msg TX from 000000000001B669 to 1:0000000000000001 [9776] [UDP:[fe80::bfe:a203:38f0:bce7%enp0s3]:5540] --- Type 0001:08 (IM:InvokeCommandRequest) (B:330)[0m
[0;32m[1784656171.292] [10465:10467] [EM] ??1 [E:53132i S:41557 M:170985279] (S) Msg Retransmission to 1:0000000000000001 scheduled for 334ms from now [State:Active II:500 AI:300 AT:4000][0m
[0;34m[1784656171.292] [10465:10467] [DMG] ICR moving to [AwaitingRe][0m
[0;32m[1784656171.292] [10465:10467] [EM] <<< [E:53131i S:0 M:125341649 (Ack:42624922)] (U) Msg TX from 3FA5B370E57B9E2D to 0:0000000000000000 [0000] [UDP:[fe80::bfe:a203:38f0:bce7%enp0s3]:5540] --- Type 0000:10 (SecureChannel:StandaloneAck) (B:26)[0m
[0;34m[1784656171.292] [10465:10467] [EM] Flushed pending ack for MessageCounter:42624922 on exchange 53131i[0m
[0;32m[1784656171.303] [10465:10467] [EM] >>> [E:53132i S:41557 M:66329304 (Ack:170985279)] (S) Msg RX from 1:0000000000000001 [9776] to 000000000001B669 --- Type 0001:09 (IM:InvokeCommandResponse) (B:70)[0m
[0;34m[1784656171.303] [10465:10467] [EM] Found matching exchange: 53132i, Delegate: 0x73a8f800eef8[0m
[0;34m[1784656171.303] [10465:10467] [EM] Rxd Ack; Removing MessageCounter:170985279 from Retrans Table on exchange 53132i[0m
[0;34m[1784656171.303] [10465:10467] [DMG] ICR moving to [ResponseRe][0m
[0;34m[1784656171.303] [10465:10467] [DMG] InvokeResponseMessage =[0m
[0;34m[1784656171.303] [10465:10467] [DMG] {[0m
[0;34m[1784656171.303] [10465:10467] [DMG] 	suppressResponse = false, [0m
[0;34m[1784656171.303] [10465:10467] [DMG] 	InvokeResponseIBs =[0m
[0;34m[1784656171.303] [10465:10467] [DMG] 	[[0m
[0;34m[1784656171.303] [10465:10467] [DMG] 		InvokeResponseIB =[0m
[0;34m[1784656171.303] [10465:10467] [DMG] 		{[0m
[0;34m[1784656171.303] [10465:10467] [DMG] 			CommandDataIB =[0m
[0;34m[1784656171.303] [10465:10467] [DMG] 			{[0m
[0;34m[1784656171.303] [10465:10467] [DMG] 				CommandPathIB =[0m
[0;34m[1784656171.303] [10465:10467] [DMG] 				{[0m
[0;34m[1784656171.303] [10465:10467] [DMG] 					EndpointId = 0x0,[0m
[0;34m[1784656171.303] [10465:10467] [DMG] 					ClusterId = 0x3e,[0m
[0;34m[1784656171.303] [10465:10467] [DMG] 					CommandId = 0x8,[0m
[0;34m[1784656171.303] [10465:10467] [DMG] 				},[0m
[0;34m[1784656171.303] [10465:10467] [DMG] 				[0m
[0;34m[1784656171.303] [10465:10467] [DMG] 				CommandFields = [0m
[0;34m[1784656171.303] [10465:10467] [DMG] 				{[0m
[0;34m[1784656171.303] [10465:10467] [DMG] 					0x0 = 0 (unsigned), [0m
[0;34m[1784656171.303] [10465:10467] [DMG] 					0x1 = 1 (unsigned), [0m
[0;34m[1784656171.303] [10465:10467] [DMG] 				},[0m
[0;34m[1784656171.303] [10465:10467] [DMG] 			},[0m
[0;34m[1784656171.303] [10465:10467] [DMG] 			[0m
[0;34m[1784656171.303] [10465:10467] [DMG] 		},[0m
[0;34m[1784656171.303] [10465:10467] [DMG] 		[0m
[0;34m[1784656171.303] [10465:10467] [DMG] 	],[0m
[0;34m[1784656171.303] [10465:10467] [DMG] 	[0m
[0;34m[1784656171.303] [10465:10467] [DMG] 	InteractionModelRevision = 12[0m
[0;34m[1784656171.303] [10465:10467] [DMG] },[0m
[0;32m[1784656171.303] [10465:10467] [DMG] Received Command Response Data, Endpoint=0 Cluster=0x0000_003E Command=0x0000_0008[0m
[0;32m[1784656171.303] [10465:10467] [TOO] Endpoint: 0 Cluster: 0x0000_003E Command 0x0000_0008[0m
[0;32m[1784656171.303] [10465:10467] [TOO]   NOCResponse: {[0m
[0;32m[1784656171.303] [10465:10467] [TOO]     statusCode: 0[0m
[0;32m[1784656171.303] [10465:10467] [TOO]     fabricIndex: 1[0m
[0;32m[1784656171.303] [10465:10467] [TOO]    }[0m
[0;34m[1784656171.303] [10465:10467] [DMG] ICR moving to [AwaitingDe][0m
[0;32m[1784656171.303] [10465:10467] [EM] <<< [E:53132i S:41557 M:170985280 (Ack:66329304)] (S) Msg TX from 000000000001B669 to 1:0000000000000001 [9776] [UDP:[fe80::bfe:a203:38f0:bce7%enp0s3]:5540] --- Type 0000:10 (SecureChannel:StandaloneAck) (B:34)[0m
[0;34m[1784656171.303] [10465:10467] [EM] Flushed pending ack for MessageCounter:66329304 on exchange 53132i[0m
[0;34m[1784656171.304] [10465:10465] [CTL] Shutting down the commissioner[0m
[0;32m[1784656171.304] [10465:10465] [PAF] WiFiPAF: Closing all WiFiPAF sessions to shutdown[0m
[0;34m[1784656171.304] [10465:10465] [CTL] Shutting down the controller[0m
[0;34m[1784656171.304] [10465:10465] [IN] Expiring all sessions for fabric 0x1!![0m
[0;34m[1784656171.304] [10465:10465] [IN] SecureSession[0x73a8f8009cd0]: MarkForEviction Type:2 LSID:41557[0m
[0;32m[1784656171.304] [10465:10465] [SC] SecureSession[0x73a8f8009cd0, LSID:41557]: State change 'kActive' --> 'kPendingEviction'[0m
[0;34m[1784656171.304] [10465:10465] [IN] SecureSession[0x73a8f8009cd0]: Released - Type:2 LSID:41557[0m
[0;32m[1784656171.304] [10465:10465] [FP] Forgetting fabric 0x1[0m
[0;32m[1784656171.304] [10465:10465] [TS] Pending Last Known Good Time: 2023-10-14T01:16:48[0m
[0;32m[1784656171.304] [10465:10465] [TS] Previous Last Known Good Time: 2023-10-14T01:16:48[0m
[0;32m[1784656171.304] [10465:10465] [TS] Reverted Last Known Good Time to previous value[0m
[0;34m[1784656171.304] [10465:10465] [CTL] Shutting down the commissioner[0m
[0;32m[1784656171.304] [10465:10465] [PAF] WiFiPAF: Closing all WiFiPAF sessions to shutdown[0m
[0;34m[1784656171.304] [10465:10465] [CTL] Shutting down the controller[0m
[0;34m[1784656171.304] [10465:10465] [CTL] Shutting down the System State, this will teardown the CHIP Stack[0m
[0;34m[1784656171.304] [10465:10465] [DMG] All ReadHandler-s are clean, clear GlobalDirtySet[0m
[0;32m[1784656171.304] [10465:10465] [FP] Shutting down FabricTable[0m
[0;32m[1784656171.304] [10465:10465] [TS] Pending Last Known Good Time: 2023-10-14T01:16:48[0m
[0;32m[1784656171.304] [10465:10465] [TS] Previous Last Known Good Time: 2023-10-14T01:16:48[0m
[0;32m[1784656171.304] [10465:10465] [TS] Reverted Last Known Good Time to previous value[0m
[0;34m[1784656171.306] [10465:10465] [DL] Wrote settings to /tmp/chip_counters.ini[0m
[0;32m[1784656171.306] [10465:10465] [DL] NVS set: chip-counters/total-operational-hours = 0 (0x0)[0m
[0;32m[1784656171.306] [10465:10465] [DL] Inet Layer shutdown[0m
[0;32m[1784656171.306] [10465:10465] [DL] BLE Layer shutdown[0m
[0;32m[1784656171.306] [10465:10465] [DL] WiFi-PAF Layer shutdown[0m
[0;32m[1784656171.306] [10465:10465] [PAF] WiFiPAF: Closing all WiFiPAF sessions to shutdown[0m
[0;32m[1784656171.306] [10465:10465] [DL] System Layer shutdown[0m
