[0;34m[1784655324.352] [7782:7782] [DL] ChipLinuxStorage::Init: Using KVS config file: /tmp/chip_tool_kvs[0m
[1;31m[1784655324.353] [7782:7782] [DL] ChipLinuxStorage::Init: Attempt to re-initialize with KVS config file: /tmp/chip_kvs, IGNORING.[0m
[0;34m[1784655324.354] [7782:7782] [DL] ChipLinuxStorage::Init: Using KVS config file: /tmp/chip_factory.ini[0m
[0;34m[1784655324.354] [7782:7782] [DL] ChipLinuxStorage::Init: Using KVS config file: /tmp/chip_config.ini[0m
[0;34m[1784655324.354] [7782:7782] [DL] ChipLinuxStorage::Init: Using KVS config file: /tmp/chip_counters.ini[0m
[0;34m[1784655324.360] [7782:7782] [DL] Wrote settings to /tmp/chip_counters.ini[0m
[0;32m[1784655324.360] [7782:7782] [DL] NVS set: chip-counters/reboot-count = 4 (0x4)[0m
[0;32m[1784655324.360] [7782:7782] [DL] Got Ethernet interface: enp0s3[0m
[0;32m[1784655324.360] [7782:7782] [DL] Found the primary Ethernet interface:enp0s3[0m
[1;31m[1784655324.360] [7782:7782] [DL] Failed to get WiFi interface[0m
[1;31m[1784655324.360] [7782:7782] [DL] Failed to reset WiFi statistic counts[0m
[0;32m[1784655324.360] [7782:7782] [PAF] WiFiPAF: WiFiPAFLayer::Init()[0m
[0;34m[1784655324.360] [7782:7782] [IN] UDP::Init bind&listen port=0[0m
[0;34m[1784655324.360] [7782:7782] [IN] UDP::Init bound to port=44658[0m
[0;34m[1784655324.360] [7782:7782] [IN] UDP::Init bind&listen port=0[0m
[0;34m[1784655324.360] [7782:7782] [IN] UDP::Init bound to port=43882[0m
[0;34m[1784655324.360] [7782:7782] [IN] BLEBase::Init - setting/overriding transport[0m
[0;34m[1784655324.360] [7782:7782] [IN] WiFiPAFBase::Init - setting/overriding transport[0m
[0;34m[1784655324.360] [7782:7782] [IN] TransportMgr initialized[0m
[0;34m[1784655324.360] [7782:7782] [FP] Initializing FabricTable from persistent storage[0m
[0;32m[1784655324.360] [7782:7782] [TS] Last Known Good Time: 2023-10-14T01:16:48[0m
[0;32m[1784655324.360] [7782:7782] [FP] Fabric index 0x1 was retrieved from storage. Compressed FabricId 0x9CC23C8B68AA0D05, FabricId 0x0000000000000001, NodeId 0x000000000001B669, VendorId 0xFFF1[0m
[0;32m[1784655324.361] [7782:7782] [DMG] Ember attribute persistence requires setting up[0m
[0;32m[1784655324.361] [7782:7782] [ZCL] Using ZAP configuration...[0m
[0;34m[1784655324.361] [7782:7782] [CTL] System State Initialized...[0m
[0;32m[1784655324.361] [7782:7782] [CTL] Setting attestation nonce to random value[0m
[0;32m[1784655324.362] [7782:7782] [CTL] Setting CSR nonce to random value[0m
[0;34m[1784655324.362] [7782:7784] [DL] CHIP task running[0m
[0;32m[1784655324.362] [7782:7784] [CTL] Setting attestation nonce to random value[0m
[0;32m[1784655324.362] [7782:7784] [CTL] Setting CSR nonce to random value[0m
[0;32m[1784655324.362] [7782:7784] [CTL] Generating NOC[0m
[0;32m[1784655324.362] [7782:7784] [FP] Validating NOC chain[0m
[0;32m[1784655324.362] [7782:7784] [FP] NOC chain validation successful[0m
[0;32m[1784655324.362] [7782:7784] [FP] Updated fabric at index: 0x1, Node ID: 0x000000000001B669[0m
[0;32m[1784655324.362] [7782:7784] [TS] Last Known Good Time: 2023-10-14T01:16:48[0m
[0;32m[1784655324.362] [7782:7784] [TS] New proposed Last Known Good Time: 2021-01-01T00:00:00[0m
[0;32m[1784655324.362] [7782:7784] [TS] Retaining current Last Known Good Time[0m
[0;32m[1784655324.365] [7782:7784] [FP] Metadata for Fabric 0x1 persisted to storage.[0m
[0;32m[1784655324.366] [7782:7784] [TS] Committing Last Known Good Time to storage: 2023-10-14T01:16:48[0m
[0;32m[1784655324.367] [7782:7784] [CTL] Joined the fabric at index 1. Fabric ID is 0x0000000000000001 (Compressed Fabric ID: 9CC23C8B68AA0D05)[0m
[0;32m[1784655324.373] [7782:7784] [TOO] Sending command to node 0x1[0m
[0;34m[1784655324.373] [7782:7784] [CSM] FindOrEstablishSession: PeerId = [1:0000000000000001][0m
[0;34m[1784655324.373] [7782:7784] [CSM] FindOrEstablishSession: No existing OperationalSessionSetup instance found[0m
[0;34m[1784655324.373] [7782:7784] [DIS] OperationalSessionSetup[1:0000000000000001]: State change 1 --> 2[0m
[0;32m[1784655324.374] [7782:7784] [DIS] Lookup started for 9CC23C8B68AA0D05-0000000000000001[0m
[0;32m[1784655324.374] [7782:7784] [DIS] UDP:[fe80::bfe:a203:38f0:bce7%enp0s3]:5540: new best score: 7 (for 9CC23C8B68AA0D05-0000000000000001)[0m
[0;34m[1784655324.374] [7782:7784] [DIS] Lookup clearing interface for non LL address[0m
[0;32m[1784655324.374] [7782:7784] [DIS] UDP:10.0.2.15%enp0s3:5540: new best score: 2 (for 9CC23C8B68AA0D05-0000000000000001)[0m
[0;32m[1784655324.374] [7782:7784] [DIS] Checking node lookup status for 9CC23C8B68AA0D05-0000000000000001 after 1 ms[0m
[0;32m[1784655324.374] [7782:7784] [DIS] Keeping DNSSD lookup active[0m
[0;32m[1784655324.375] [7782:7784] [DIS] UDP:[fe80::bfe:a203:38f0:bce7%enp0s3]:5540: score has not improved: 7 (for 9CC23C8B68AA0D05-0000000000000001)[0m
[0;34m[1784655324.375] [7782:7784] [DIS] Lookup clearing interface for non LL address[0m
[0;32m[1784655324.375] [7782:7784] [DIS] UDP:10.0.2.15%enp0s3:5540: score has not improved: 2 (for 9CC23C8B68AA0D05-0000000000000001)[0m
[0;32m[1784655324.375] [7782:7784] [DIS] Checking node lookup status for 9CC23C8B68AA0D05-0000000000000001 after 1 ms[0m
[0;32m[1784655324.375] [7782:7784] [DIS] Keeping DNSSD lookup active[0m
[0;32m[1784655324.578] [7782:7784] [DIS] Checking node lookup status for 9CC23C8B68AA0D05-0000000000000001 after 205 ms[0m
[0;34m[1784655324.579] [7782:7784] [DIS] OperationalSessionSetup[1:0000000000000001]: Updating device address to UDP:[fe80::bfe:a203:38f0:bce7%enp0s3]:5540 while in state 2[0m
[0;34m[1784655324.579] [7782:7784] [DIS] OperationalSessionSetup[1:0000000000000001]: State change 2 --> 3[0m
[0;34m[1784655324.579] [7782:7784] [IN] SecureSession[0x791f7c009cd0]: Allocated Type:2 LSID:5283[0m
[0;32m[1784655324.579] [7782:7784] [SC] Initiating session on local FabricIndex 1 from 0x000000000001B669 -> 0x0000000000000001[0m
[0;32m[1784655324.579] [7782:7784] [EM] <<< [E:45234i S:0 M:43111264] (U) Msg TX from A5058EA2B7424487 to 0:0000000000000000 [0000] [UDP:[fe80::bfe:a203:38f0:bce7%enp0s3]:5540] --- Type 0000:30 (SecureChannel:CASE_Sigma1) (B:196)[0m
[0;32m[1784655324.579] [7782:7784] [EM] ??1 [E:45234i S:0 M:43111264] (U) Msg Retransmission to 0:0000000000000000 scheduled for 617ms from now [State:Idle II:500 AI:300 AT:4000][0m
[0;32m[1784655324.579] [7782:7784] [SC] Sent Sigma1 msg to <0000000000000001, 1> [II:500ms AI:300ms AT:4000ms][0m
[0;34m[1784655324.579] [7782:7784] [DIS] OperationalSessionSetup[1:0000000000000001]: State change 3 --> 4[0m
[0;32m[1784655324.581] [7782:7784] [EM] >>> [E:45234i S:0 M:223292591 (Ack:43111264)] (U) Msg RX from 0:0000000000000000 [0000] to A5058EA2B7424487 --- Type 0000:31 (SecureChannel:CASE_Sigma2) (B:751)[0m
[0;34m[1784655324.581] [7782:7784] [EM] Found matching exchange: 45234i, Delegate: 0x791f7c00b8e8[0m
[0;34m[1784655324.581] [7782:7784] [EM] Rxd Ack; Removing MessageCounter:43111264 from Retrans Table on exchange 45234i[0m
[0;32m[1784655324.581] [7782:7784] [SC] Received Sigma2 msg[0m
[0;34m[1784655324.581] [7782:7784] [SC] Found MRP parameters in the message[0m
[0;34m[1784655324.582] [7782:7784] [SC] Peer <0000000000000001, 1> assigned session ID 14130[0m
[0;34m[1784655324.582] [7782:7784] [SC] Sending Sigma3[0m
[0;32m[1784655324.582] [7782:7784] [EM] <<< [E:45234i S:0 M:43111265 (Ack:223292591)] (U) Msg TX from A5058EA2B7424487 to 0:0000000000000000 [0000] [UDP:[fe80::bfe:a203:38f0:bce7%enp0s3]:5540] --- Type 0000:32 (SecureChannel:CASE_Sigma3) (B:598)[0m
[0;32m[1784655324.582] [7782:7784] [EM] ??1 [E:45234i S:0 M:43111265] (U) Msg Retransmission to 0:0000000000000000 scheduled for 400ms from now [State:Active II:500 AI:300 AT:4000][0m
[0;32m[1784655324.582] [7782:7784] [SC] Sent Sigma3 msg[0m
[0;32m[1784655324.591] [7782:7784] [EM] >>> [E:45234i S:0 M:223292592 (Ack:43111265)] (U) Msg RX from 0:0000000000000000 [0000] to A5058EA2B7424487 --- Type 0000:40 (SecureChannel:StatusReport) (B:34)[0m
[0;34m[1784655324.591] [7782:7784] [EM] Found matching exchange: 45234i, Delegate: 0x791f7c00b8e8[0m
[0;34m[1784655324.591] [7782:7784] [EM] Rxd Ack; Removing MessageCounter:43111265 from Retrans Table on exchange 45234i[0m
[0;32m[1784655324.592] [7782:7784] [SC] Success status report received. Session was established[0m
[0;32m[1784655324.593] [7782:7784] [SC] SecureSession[0x791f7c009cd0, LSID:5283]: State change 'kEstablishing' --> 'kActive'[0m
[0;34m[1784655324.593] [7782:7784] [IN] SecureSession[0x791f7c009cd0]: Activated - Type:2 LSID:5283[0m
[0;34m[1784655324.593] [7782:7784] [IN] New secure session activated for device <0000000000000001, 1>, LSID:5283 PSID:14130![0m
[0;34m[1784655324.593] [7782:7784] [DIS] OperationalSessionSetup[1:0000000000000001]: State change 4 --> 5[0m
[0;32m[1784655324.593] [7782:7784] [TOO] Sending cluster (0x0000003E) command (0x00000004) on endpoint 0[0m
[0;34m[1784655324.593] [7782:7784] [DMG] ICR moving to [AddingComm][0m
[0;34m[1784655324.593] [7782:7784] [DMG] ICR moving to [AddedComma][0m
[0;32m[1784655324.593] [7782:7784] [EM] <<< [E:45235i S:5283 M:189669615] (S) Msg TX from 000000000001B669 to 1:0000000000000001 [0D05] [UDP:[fe80::bfe:a203:38f0:bce7%enp0s3]:5540] --- Type 0001:08 (IM:InvokeCommandRequest) (B:96)[0m
[0;32m[1784655324.593] [7782:7784] [EM] ??1 [E:45235i S:5283 M:189669615] (S) Msg Retransmission to 1:0000000000000001 scheduled for 369ms from now [State:Active II:500 AI:300 AT:4000][0m
[0;34m[1784655324.593] [7782:7784] [DMG] ICR moving to [AwaitingRe][0m
[0;32m[1784655324.594] [7782:7784] [EM] <<< [E:45234i S:0 M:43111266 (Ack:223292592)] (U) Msg TX from A5058EA2B7424487 to 0:0000000000000000 [0000] [UDP:[fe80::bfe:a203:38f0:bce7%enp0s3]:5540] --- Type 0000:10 (SecureChannel:StandaloneAck) (B:26)[0m
[0;34m[1784655324.594] [7782:7784] [EM] Flushed pending ack for MessageCounter:223292592 on exchange 45234i[0m
[0;32m[1784655324.594] [7782:7784] [EM] >>> [E:45235i S:5283 M:217081066 (Ack:189669615)] (S) Msg RX from 1:0000000000000001 [0D05] to 000000000001B669 --- Type 0001:09 (IM:InvokeCommandResponse) (B:377)[0m
[0;34m[1784655324.594] [7782:7784] [EM] Found matching exchange: 45235i, Delegate: 0x791f7c00eef8[0m
[0;34m[1784655324.594] [7782:7784] [EM] Rxd Ack; Removing MessageCounter:189669615 from Retrans Table on exchange 45235i[0m
[0;34m[1784655324.594] [7782:7784] [DMG] ICR moving to [ResponseRe][0m
[0;34m[1784655324.594] [7782:7784] [DMG] InvokeResponseMessage =[0m
[0;34m[1784655324.594] [7782:7784] [DMG] {[0m
[0;34m[1784655324.594] [7782:7784] [DMG] 	suppressResponse = false, [0m
[0;34m[1784655324.594] [7782:7784] [DMG] 	InvokeResponseIBs =[0m
[0;34m[1784655324.594] [7782:7784] [DMG] 	[[0m
[0;34m[1784655324.594] [7782:7784] [DMG] 		InvokeResponseIB =[0m
[0;34m[1784655324.594] [7782:7784] [DMG] 		{[0m
[0;34m[1784655324.594] [7782:7784] [DMG] 			CommandDataIB =[0m
[0;34m[1784655324.594] [7782:7784] [DMG] 			{[0m
[0;34m[1784655324.594] [7782:7784] [DMG] 				CommandPathIB =[0m
[0;34m[1784655324.594] [7782:7784] [DMG] 				{[0m
[0;34m[1784655324.594] [7782:7784] [DMG] 					EndpointId = 0x0,[0m
[0;34m[1784655324.594] [7782:7784] [DMG] 					ClusterId = 0x3e,[0m
[0;34m[1784655324.594] [7782:7784] [DMG] 					CommandId = 0x5,[0m
[0;34m[1784655324.594] [7782:7784] [DMG] 				},[0m
[0;34m[1784655324.594] [7782:7784] [DMG] 				[0m
[0;34m[1784655324.594] [7782:7784] [DMG] 				CommandFields = [0m
[0;34m[1784655324.594] [7782:7784] [DMG] 				{[0m
[0;34m[1784655324.594] [7782:7784] [DMG] 					0x0 = [[0m
[0;34m[1784655324.594] [7782:7784] [DMG] 							0x15, 0x30, 0x01, 0xcb, 0x30, 0x81, 0xc8, 0x30, 0x70, 0x02, 0x01, 0x00, 0x30, 0x0e, 0x31, 0x0c, 0x30, 0x0a, 0x06, 0x03, 0x55, 0x04, 0x0a, 0x0c, 0x03, 0x43, 0x53, 0x52, 0x30, 0x59, 0x30, 0x13, 0x06, 0x07, 0x2a, 0x86, 0x48, 0xce, 0x3d, 0x02, 0x01, 0x06, 0x08, 0x2a, 0x86, 0x48, 0xce, 0x3d, 0x03, 0x01, 0x07, 0x03, 0x42, 0x00, 0x04, 0xa1, 0x50, 0x42, 0xdb, 0xc8, 0xe5, 0x2d, 0x8a, 0xda, 0xce, 0x64, 0xa1, 0x9e, 0x35, 0xf7, 0xd7, 0xf3, 0x6a, 0x50, 0x6d, 0x74, 0x93, 0x03, 0xb6, 0x1c, 0x2a, 0x12, 0x73, 0x7a, 0x15, 0x84, 0xac, 0x7e, 0x0f, 0xea, 0x53, 0xcf, 0xea, 0x20, 0xb5, 0x94, 0x19, 0xa3, 0xa8, 0x4a, 0xc6, 0x38, 0x3a, 0xe5, 0x14, 0x8b, 0x5f, 0xc5, 0x96, 0xc0, 0x9e, 0xfb, 0x89, 0xf5, 0x03, 0x8c, 0x37, 0x27, 0x3f, 0xa0, 0x00, 0x30, 0x0a, 0x06, 0x08, 0x2a, 0x86, 0x48, 0xce, 0x3d, 0x04, 0x03, 0x02, 0x03, 0x48, 0x00, 0x30, 0x45, 0x02, 0x21, 0x00, 0xe6, 0x3e, 0x8a, 0xc2, 0xf6, 0x52, 0x91, 0x1b, 0x0d, 0xf4, 0xf1, 0x35, 0xce, 0x71, 0x03, 0x87, 0x8b, 0xcc, 0x82, 0xd5, 0x68, 0x92, 0xa9, 0x1f, 0x16, 0xd9, 0x89, 0x12, 0x16, 0x4d, 0xe9, 0x05, 0x02, 0x20, 0x17, 0x05, 0xfe, 0xa1, 0xe4, 0x69, 0x27, 0x45, 0x75, 0x9b, 0x91, 0x13, 0x45, 0xfc, 0xa5, 0x13, 0x65, 0x33, 0xd6, 0xa2, 0x32, 0x8a, 0x8d, 0x02, 0xd2, 0x28, 0xe9, 0x24, 0xed, 0xb7, 0x2f, 0xbe, 0x30, 0x02, 0x20, 0xc3, 0x70, 0xd1, 0xf6, 0xa8, 0x0d, 0xad, 0x36, 0xb1, 0x5a, 0x7f, 0xc3, 0x17, 0x66, 0xbb, 0xeb, 0x3f, 0xfb, 0xb5, 0xbf, 0x2c, 0x4a, 0x59, 0x34, 0x7d, 0x39, 0xa7, 0xdd, 0xf0, 0xff, 0x3b, 0xb1, 0x18, [0m
[0;34m[1784655324.594] [7782:7784] [DMG] 					] (243 bytes)[0m
[0;34m[1784655324.594] [7782:7784] [DMG] 					0x1 = [[0m
[0;34m[1784655324.594] [7782:7784] [DMG] 							0x50, 0x30, 0x97, 0x3f, 0x1a, 0xbd, 0x9b, 0xc7, 0x6a, 0x26, 0xb5, 0xf0, 0x21, 0xb6, 0xce, 0x1f, 0xe9, 0x6d, 0x29, 0x2d, 0x27, 0xaa, 0xb9, 0x09, 0x32, 0xca, 0xb6, 0xd0, 0x6b, 0xdb, 0xa3, 0x09, 0xb0, 0x00, 0x8d, 0xae, 0x87, 0xc2, 0x04, 0xd7, 0x6e, 0xdc, 0x72, 0xfa, 0x98, 0x65, 0xa3, 0xb7, 0x67, 0xc1, 0x21, 0x04, 0x52, 0x6e, 0x4b, 0x74, 0x27, 0x9a, 0xa3, 0x70, 0x0f, 0x8c, 0xe9, 0xcf, [0m
[0;34m[1784655324.594] [7782:7784] [DMG] 					] (64 bytes)[0m
[0;34m[1784655324.594] [7782:7784] [DMG] 				},[0m
[0;34m[1784655324.594] [7782:7784] [DMG] 			},[0m
[0;34m[1784655324.594] [7782:7784] [DMG] 			[0m
[0;34m[1784655324.594] [7782:7784] [DMG] 		},[0m
[0;34m[1784655324.594] [7782:7784] [DMG] 		[0m
[0;34m[1784655324.594] [7782:7784] [DMG] 	],[0m
[0;34m[1784655324.594] [7782:7784] [DMG] 	[0m
[0;34m[1784655324.594] [7782:7784] [DMG] 	InteractionModelRevision = 12[0m
[0;34m[1784655324.594] [7782:7784] [DMG] },[0m
[0;32m[1784655324.594] [7782:7784] [DMG] Received Command Response Data, Endpoint=0 Cluster=0x0000_003E Command=0x0000_0005[0m
[0;32m[1784655324.594] [7782:7784] [TOO] Endpoint: 0 Cluster: 0x0000_003E Command 0x0000_0005[0m
[0;32m[1784655324.594] [7782:7784] [TOO]   CSRResponse: {[0m
[0;32m[1784655324.594] [7782:7784] [TOO]     NOCSRElements: 153001CB3081C83070020100300E310C300A060355040A0C034353523059301306072A8648CE3D020106082A8648CE3D03010703420004A15042DBC8E52D8ADACE64A19E35F7D7F36A506D749303B61C2A12737A1584AC7E0FEA53CFEA20B59419A3A84AC6383AE5148B5FC596C09EFB89F5038C37273FA000300A06082A8648CE3D0403020348003045022100E63E8AC2F652911B0DF4F135CE7103878BCC82D56892A91F16D98912164DE90502201705FEA1E4692745759B911345FCA5136533D6A2328A8D02D228E924EDB72FBE300220C370D1F6A80DAD36B15A7FC31766BBEB3FFBB5BF2C4A59347D39A7DDF0FF3BB118[0m
[0;32m[1784655324.594] [7782:7784] [TOO]     attestationSignature: 5030973F1ABD9BC76A26B5F021B6CE1FE96D292D27AAB90932CAB6D06BDBA309B0008DAE87C204D76EDC72FA9865A3B767C12104526E4B74279AA3700F8CE9CF[0m
[0;32m[1784655324.594] [7782:7784] [TOO]    }[0m
[0;34m[1784655324.594] [7782:7784] [DMG] ICR moving to [AwaitingDe][0m
[0;32m[1784655324.594] [7782:7784] [EM] <<< [E:45235i S:5283 M:189669616 (Ack:217081066)] (S) Msg TX from 000000000001B669 to 1:0000000000000001 [0D05] [UDP:[fe80::bfe:a203:38f0:bce7%enp0s3]:5540] --- Type 0000:10 (SecureChannel:StandaloneAck) (B:34)[0m
[0;34m[1784655324.594] [7782:7784] [EM] Flushed pending ack for MessageCounter:217081066 on exchange 45235i[0m
[0;34m[1784655324.595] [7782:7782] [CTL] Shutting down the commissioner[0m
[0;32m[1784655324.595] [7782:7782] [PAF] WiFiPAF: Closing all WiFiPAF sessions to shutdown[0m
[0;34m[1784655324.595] [7782:7782] [CTL] Shutting down the controller[0m
[0;34m[1784655324.595] [7782:7782] [IN] Expiring all sessions for fabric 0x1!![0m
[0;34m[1784655324.595] [7782:7782] [IN] SecureSession[0x791f7c009cd0]: MarkForEviction Type:2 LSID:5283[0m
[0;32m[1784655324.595] [7782:7782] [SC] SecureSession[0x791f7c009cd0, LSID:5283]: State change 'kActive' --> 'kPendingEviction'[0m
[0;34m[1784655324.595] [7782:7782] [IN] SecureSession[0x791f7c009cd0]: Released - Type:2 LSID:5283[0m
[0;32m[1784655324.595] [7782:7782] [FP] Forgetting fabric 0x1[0m
[0;32m[1784655324.595] [7782:7782] [TS] Pending Last Known Good Time: 2023-10-14T01:16:48[0m
[0;32m[1784655324.595] [7782:7782] [TS] Previous Last Known Good Time: 2023-10-14T01:16:48[0m
[0;32m[1784655324.595] [7782:7782] [TS] Reverted Last Known Good Time to previous value[0m
[0;34m[1784655324.595] [7782:7782] [CTL] Shutting down the commissioner[0m
[0;32m[1784655324.595] [7782:7782] [PAF] WiFiPAF: Closing all WiFiPAF sessions to shutdown[0m
[0;34m[1784655324.595] [7782:7782] [CTL] Shutting down the controller[0m
[0;34m[1784655324.595] [7782:7782] [CTL] Shutting down the System State, this will teardown the CHIP Stack[0m
[0;34m[1784655324.595] [7782:7782] [DMG] All ReadHandler-s are clean, clear GlobalDirtySet[0m
[0;32m[1784655324.595] [7782:7782] [FP] Shutting down FabricTable[0m
[0;32m[1784655324.595] [7782:7782] [TS] Pending Last Known Good Time: 2023-10-14T01:16:48[0m
[0;32m[1784655324.595] [7782:7782] [TS] Previous Last Known Good Time: 2023-10-14T01:16:48[0m
[0;32m[1784655324.595] [7782:7782] [TS] Reverted Last Known Good Time to previous value[0m
[0;34m[1784655324.597] [7782:7782] [DL] Wrote settings to /tmp/chip_counters.ini[0m
[0;32m[1784655324.597] [7782:7782] [DL] NVS set: chip-counters/total-operational-hours = 0 (0x0)[0m
[0;32m[1784655324.597] [7782:7782] [DL] Inet Layer shutdown[0m
[0;32m[1784655324.597] [7782:7782] [DL] BLE Layer shutdown[0m
[0;32m[1784655324.597] [7782:7782] [DL] WiFi-PAF Layer shutdown[0m
[0;32m[1784655324.597] [7782:7782] [PAF] WiFiPAF: Closing all WiFiPAF sessions to shutdown[0m
[0;32m[1784655324.597] [7782:7782] [DL] System Layer shutdown[0m
