[0;34m[1784655324.999] [7795:7795] [DL] ChipLinuxStorage::Init: Using KVS config file: /tmp/chip_tool_kvs[0m
[1;31m[1784655325.000] [7795:7795] [DL] ChipLinuxStorage::Init: Attempt to re-initialize with KVS config file: /tmp/chip_kvs, IGNORING.[0m
[0;34m[1784655325.003] [7795:7795] [DL] ChipLinuxStorage::Init: Using KVS config file: /tmp/chip_factory.ini[0m
[0;34m[1784655325.003] [7795:7795] [DL] ChipLinuxStorage::Init: Using KVS config file: /tmp/chip_config.ini[0m
[0;34m[1784655325.003] [7795:7795] [DL] ChipLinuxStorage::Init: Using KVS config file: /tmp/chip_counters.ini[0m
[0;34m[1784655325.005] [7795:7795] [DL] Wrote settings to /tmp/chip_counters.ini[0m
[0;32m[1784655325.005] [7795:7795] [DL] NVS set: chip-counters/reboot-count = 6 (0x6)[0m
[0;32m[1784655325.006] [7795:7795] [DL] Got Ethernet interface: enp0s3[0m
[0;32m[1784655325.006] [7795:7795] [DL] Found the primary Ethernet interface:enp0s3[0m
[1;31m[1784655325.006] [7795:7795] [DL] Failed to get WiFi interface[0m
[1;31m[1784655325.006] [7795:7795] [DL] Failed to reset WiFi statistic counts[0m
[0;32m[1784655325.006] [7795:7795] [PAF] WiFiPAF: WiFiPAFLayer::Init()[0m
[0;34m[1784655325.006] [7795:7795] [IN] UDP::Init bind&listen port=0[0m
[0;34m[1784655325.006] [7795:7795] [IN] UDP::Init bound to port=54229[0m
[0;34m[1784655325.006] [7795:7795] [IN] UDP::Init bind&listen port=0[0m
[0;34m[1784655325.006] [7795:7795] [IN] UDP::Init bound to port=44689[0m
[0;34m[1784655325.006] [7795:7795] [IN] BLEBase::Init - setting/overriding transport[0m
[0;34m[1784655325.006] [7795:7795] [IN] WiFiPAFBase::Init - setting/overriding transport[0m
[0;34m[1784655325.006] [7795:7795] [IN] TransportMgr initialized[0m
[0;34m[1784655325.006] [7795:7795] [FP] Initializing FabricTable from persistent storage[0m
[0;32m[1784655325.006] [7795:7795] [TS] Last Known Good Time: 2023-10-14T01:16:48[0m
[0;32m[1784655325.006] [7795:7795] [FP] Fabric index 0x1 was retrieved from storage. Compressed FabricId 0x9CC23C8B68AA0D05, FabricId 0x0000000000000001, NodeId 0x000000000001B669, VendorId 0xFFF1[0m
[0;32m[1784655325.007] [7795:7795] [DMG] Ember attribute persistence requires setting up[0m
[0;32m[1784655325.007] [7795:7795] [ZCL] Using ZAP configuration...[0m
[0;34m[1784655325.008] [7795:7795] [CTL] System State Initialized...[0m
[0;32m[1784655325.008] [7795:7795] [CTL] Setting attestation nonce to random value[0m
[0;32m[1784655325.008] [7795:7795] [CTL] Setting CSR nonce to random value[0m
[0;34m[1784655325.008] [7795:7797] [DL] CHIP task running[0m
[0;32m[1784655325.008] [7795:7797] [CTL] Setting attestation nonce to random value[0m
[0;32m[1784655325.008] [7795:7797] [CTL] Setting CSR nonce to random value[0m
[0;32m[1784655325.008] [7795:7797] [CTL] Generating NOC[0m
[0;32m[1784655325.008] [7795:7797] [FP] Validating NOC chain[0m
[0;32m[1784655325.009] [7795:7797] [FP] NOC chain validation successful[0m
[0;32m[1784655325.009] [7795:7797] [FP] Updated fabric at index: 0x1, Node ID: 0x000000000001B669[0m
[0;32m[1784655325.009] [7795:7797] [TS] Last Known Good Time: 2023-10-14T01:16:48[0m
[0;32m[1784655325.009] [7795:7797] [TS] New proposed Last Known Good Time: 2021-01-01T00:00:00[0m
[0;32m[1784655325.009] [7795:7797] [TS] Retaining current Last Known Good Time[0m
[0;32m[1784655325.011] [7795:7797] [FP] Metadata for Fabric 0x1 persisted to storage.[0m
[0;32m[1784655325.011] [7795:7797] [TS] Committing Last Known Good Time to storage: 2023-10-14T01:16:48[0m
[0;32m[1784655325.012] [7795:7797] [CTL] Joined the fabric at index 1. Fabric ID is 0x0000000000000001 (Compressed Fabric ID: 9CC23C8B68AA0D05)[0m
[0;32m[1784655325.017] [7795:7797] [TOO] Sending command to node 0x1[0m
[0;34m[1784655325.017] [7795:7797] [CSM] FindOrEstablishSession: PeerId = [1:0000000000000001][0m
[0;34m[1784655325.017] [7795:7797] [CSM] FindOrEstablishSession: No existing OperationalSessionSetup instance found[0m
[0;34m[1784655325.017] [7795:7797] [DIS] OperationalSessionSetup[1:0000000000000001]: State change 1 --> 2[0m
[0;32m[1784655325.018] [7795:7797] [DIS] Lookup started for 9CC23C8B68AA0D05-0000000000000001[0m
[0;32m[1784655325.018] [7795:7797] [DIS] UDP:[fe80::bfe:a203:38f0:bce7%enp0s3]:5540: new best score: 7 (for 9CC23C8B68AA0D05-0000000000000001)[0m
[0;34m[1784655325.018] [7795:7797] [DIS] Lookup clearing interface for non LL address[0m
[0;32m[1784655325.018] [7795:7797] [DIS] UDP:10.0.2.15%enp0s3:5540: new best score: 2 (for 9CC23C8B68AA0D05-0000000000000001)[0m
[0;32m[1784655325.018] [7795:7797] [DIS] Checking node lookup status for 9CC23C8B68AA0D05-0000000000000001 after 0 ms[0m
[0;32m[1784655325.018] [7795:7797] [DIS] Keeping DNSSD lookup active[0m
[0;32m[1784655325.018] [7795:7797] [DIS] UDP:[fe80::bfe:a203:38f0:bce7%enp0s3]:5540: score has not improved: 7 (for 9CC23C8B68AA0D05-0000000000000001)[0m
[0;34m[1784655325.018] [7795:7797] [DIS] Lookup clearing interface for non LL address[0m
[0;32m[1784655325.018] [7795:7797] [DIS] UDP:10.0.2.15%enp0s3:5540: score has not improved: 2 (for 9CC23C8B68AA0D05-0000000000000001)[0m
[0;32m[1784655325.018] [7795:7797] [DIS] Checking node lookup status for 9CC23C8B68AA0D05-0000000000000001 after 0 ms[0m
[0;32m[1784655325.018] [7795:7797] [DIS] Keeping DNSSD lookup active[0m
[0;32m[1784655325.225] [7795:7797] [DIS] Checking node lookup status for 9CC23C8B68AA0D05-0000000000000001 after 207 ms[0m
[0;34m[1784655325.225] [7795:7797] [DIS] OperationalSessionSetup[1:0000000000000001]: Updating device address to UDP:[fe80::bfe:a203:38f0:bce7%enp0s3]:5540 while in state 2[0m
[0;34m[1784655325.225] [7795:7797] [DIS] OperationalSessionSetup[1:0000000000000001]: State change 2 --> 3[0m
[0;34m[1784655325.225] [7795:7797] [IN] SecureSession[0x778004009cd0]: Allocated Type:2 LSID:49135[0m
[0;32m[1784655325.225] [7795:7797] [SC] Initiating session on local FabricIndex 1 from 0x000000000001B669 -> 0x0000000000000001[0m
[0;32m[1784655325.226] [7795:7797] [EM] <<< [E:166i S:0 M:220394902] (U) Msg TX from 027CAB8BAA552739 to 0:0000000000000000 [0000] [UDP:[fe80::bfe:a203:38f0:bce7%enp0s3]:5540] --- Type 0000:30 (SecureChannel:CASE_Sigma1) (B:196)[0m
[0;32m[1784655325.226] [7795:7797] [EM] ??1 [E:166i S:0 M:220394902] (U) Msg Retransmission to 0:0000000000000000 scheduled for 604ms from now [State:Idle II:500 AI:300 AT:4000][0m
[0;32m[1784655325.226] [7795:7797] [SC] Sent Sigma1 msg to <0000000000000001, 1> [II:500ms AI:300ms AT:4000ms][0m
[0;34m[1784655325.226] [7795:7797] [DIS] OperationalSessionSetup[1:0000000000000001]: State change 3 --> 4[0m
[0;32m[1784655325.227] [7795:7797] [EM] >>> [E:166i S:0 M:223292595 (Ack:220394902)] (U) Msg RX from 0:0000000000000000 [0000] to 027CAB8BAA552739 --- Type 0000:31 (SecureChannel:CASE_Sigma2) (B:751)[0m
[0;34m[1784655325.227] [7795:7797] [EM] Found matching exchange: 166i, Delegate: 0x77800400b8e8[0m
[0;34m[1784655325.227] [7795:7797] [EM] Rxd Ack; Removing MessageCounter:220394902 from Retrans Table on exchange 166i[0m
[0;32m[1784655325.227] [7795:7797] [SC] Received Sigma2 msg[0m
[0;34m[1784655325.227] [7795:7797] [SC] Found MRP parameters in the message[0m
[0;34m[1784655325.228] [7795:7797] [SC] Peer <0000000000000001, 1> assigned session ID 14132[0m
[0;34m[1784655325.228] [7795:7797] [SC] Sending Sigma3[0m
[0;32m[1784655325.228] [7795:7797] [EM] <<< [E:166i S:0 M:220394903 (Ack:223292595)] (U) Msg TX from 027CAB8BAA552739 to 0:0000000000000000 [0000] [UDP:[fe80::bfe:a203:38f0:bce7%enp0s3]:5540] --- Type 0000:32 (SecureChannel:CASE_Sigma3) (B:598)[0m
[0;32m[1784655325.228] [7795:7797] [EM] ??1 [E:166i S:0 M:220394903] (U) Msg Retransmission to 0:0000000000000000 scheduled for 359ms from now [State:Active II:500 AI:300 AT:4000][0m
[0;32m[1784655325.228] [7795:7797] [SC] Sent Sigma3 msg[0m
[0;32m[1784655325.236] [7795:7797] [EM] >>> [E:166i S:0 M:223292596 (Ack:220394903)] (U) Msg RX from 0:0000000000000000 [0000] to 027CAB8BAA552739 --- Type 0000:40 (SecureChannel:StatusReport) (B:34)[0m
[0;34m[1784655325.236] [7795:7797] [EM] Found matching exchange: 166i, Delegate: 0x77800400b8e8[0m
[0;34m[1784655325.236] [7795:7797] [EM] Rxd Ack; Removing MessageCounter:220394903 from Retrans Table on exchange 166i[0m
[0;32m[1784655325.236] [7795:7797] [SC] Success status report received. Session was established[0m
[0;32m[1784655325.237] [7795:7797] [SC] SecureSession[0x778004009cd0, LSID:49135]: State change 'kEstablishing' --> 'kActive'[0m
[0;34m[1784655325.237] [7795:7797] [IN] SecureSession[0x778004009cd0]: Activated - Type:2 LSID:49135[0m
[0;34m[1784655325.237] [7795:7797] [IN] New secure session activated for device <0000000000000001, 1>, LSID:49135 PSID:14132![0m
[0;34m[1784655325.237] [7795:7797] [DIS] OperationalSessionSetup[1:0000000000000001]: State change 4 --> 5[0m
[0;32m[1784655325.237] [7795:7797] [TOO] Sending cluster (0x0000003E) command (0x00000007) on endpoint 0[0m
[0;34m[1784655325.237] [7795:7797] [DMG] ICR moving to [AddingComm][0m
[0;34m[1784655325.237] [7795:7797] [DMG] ICR moving to [AddedComma][0m
[0;32m[1784655325.237] [7795:7797] [EM] <<< [E:167i S:49135 M:63556023] (S) Msg TX from 000000000001B669 to 1:0000000000000001 [0D05] [UDP:[fe80::bfe:a203:38f0:bce7%enp0s3]:5540] --- Type 0001:08 (IM:InvokeCommandRequest) (B:330)[0m
[0;32m[1784655325.237] [7795:7797] [EM] ??1 [E:167i S:49135 M:63556023] (S) Msg Retransmission to 1:0000000000000001 scheduled for 383ms from now [State:Active II:500 AI:300 AT:4000][0m
[0;34m[1784655325.237] [7795:7797] [DMG] ICR moving to [AwaitingRe][0m
[0;32m[1784655325.237] [7795:7797] [EM] <<< [E:166i S:0 M:220394904 (Ack:223292596)] (U) Msg TX from 027CAB8BAA552739 to 0:0000000000000000 [0000] [UDP:[fe80::bfe:a203:38f0:bce7%enp0s3]:5540] --- Type 0000:10 (SecureChannel:StandaloneAck) (B:26)[0m
[0;34m[1784655325.237] [7795:7797] [EM] Flushed pending ack for MessageCounter:223292596 on exchange 166i[0m
[0;32m[1784655325.248] [7795:7797] [EM] >>> [E:167i S:49135 M:13861961 (Ack:63556023)] (S) Msg RX from 1:0000000000000001 [0D05] to 000000000001B669 --- Type 0001:09 (IM:InvokeCommandResponse) (B:70)[0m
[0;34m[1784655325.248] [7795:7797] [EM] Found matching exchange: 167i, Delegate: 0x77800400eef8[0m
[0;34m[1784655325.248] [7795:7797] [EM] Rxd Ack; Removing MessageCounter:63556023 from Retrans Table on exchange 167i[0m
[0;34m[1784655325.248] [7795:7797] [DMG] ICR moving to [ResponseRe][0m
[0;34m[1784655325.248] [7795:7797] [DMG] InvokeResponseMessage =[0m
[0;34m[1784655325.248] [7795:7797] [DMG] {[0m
[0;34m[1784655325.248] [7795:7797] [DMG] 	suppressResponse = false, [0m
[0;34m[1784655325.248] [7795:7797] [DMG] 	InvokeResponseIBs =[0m
[0;34m[1784655325.248] [7795:7797] [DMG] 	[[0m
[0;34m[1784655325.248] [7795:7797] [DMG] 		InvokeResponseIB =[0m
[0;34m[1784655325.248] [7795:7797] [DMG] 		{[0m
[0;34m[1784655325.248] [7795:7797] [DMG] 			CommandDataIB =[0m
[0;34m[1784655325.248] [7795:7797] [DMG] 			{[0m
[0;34m[1784655325.248] [7795:7797] [DMG] 				CommandPathIB =[0m
[0;34m[1784655325.248] [7795:7797] [DMG] 				{[0m
[0;34m[1784655325.248] [7795:7797] [DMG] 					EndpointId = 0x0,[0m
[0;34m[1784655325.248] [7795:7797] [DMG] 					ClusterId = 0x3e,[0m
[0;34m[1784655325.248] [7795:7797] [DMG] 					CommandId = 0x8,[0m
[0;34m[1784655325.248] [7795:7797] [DMG] 				},[0m
[0;34m[1784655325.248] [7795:7797] [DMG] 				[0m
[0;34m[1784655325.248] [7795:7797] [DMG] 				CommandFields = [0m
[0;34m[1784655325.248] [7795:7797] [DMG] 				{[0m
[0;34m[1784655325.248] [7795:7797] [DMG] 					0x0 = 0 (unsigned), [0m
[0;34m[1784655325.248] [7795:7797] [DMG] 					0x1 = 1 (unsigned), [0m
[0;34m[1784655325.248] [7795:7797] [DMG] 				},[0m
[0;34m[1784655325.248] [7795:7797] [DMG] 			},[0m
[0;34m[1784655325.248] [7795:7797] [DMG] 			[0m
[0;34m[1784655325.248] [7795:7797] [DMG] 		},[0m
[0;34m[1784655325.248] [7795:7797] [DMG] 		[0m
[0;34m[1784655325.248] [7795:7797] [DMG] 	],[0m
[0;34m[1784655325.248] [7795:7797] [DMG] 	[0m
[0;34m[1784655325.248] [7795:7797] [DMG] 	InteractionModelRevision = 12[0m
[0;34m[1784655325.248] [7795:7797] [DMG] },[0m
[0;32m[1784655325.248] [7795:7797] [DMG] Received Command Response Data, Endpoint=0 Cluster=0x0000_003E Command=0x0000_0008[0m
[0;32m[1784655325.248] [7795:7797] [TOO] Endpoint: 0 Cluster: 0x0000_003E Command 0x0000_0008[0m
[0;32m[1784655325.248] [7795:7797] [TOO]   NOCResponse: {[0m
[0;32m[1784655325.248] [7795:7797] [TOO]     statusCode: 0[0m
[0;32m[1784655325.248] [7795:7797] [TOO]     fabricIndex: 1[0m
[0;32m[1784655325.248] [7795:7797] [TOO]    }[0m
[0;34m[1784655325.248] [7795:7797] [DMG] ICR moving to [AwaitingDe][0m
[0;32m[1784655325.248] [7795:7797] [EM] <<< [E:167i S:49135 M:63556024 (Ack:13861961)] (S) Msg TX from 000000000001B669 to 1:0000000000000001 [0D05] [UDP:[fe80::bfe:a203:38f0:bce7%enp0s3]:5540] --- Type 0000:10 (SecureChannel:StandaloneAck) (B:34)[0m
[0;34m[1784655325.248] [7795:7797] [EM] Flushed pending ack for MessageCounter:13861961 on exchange 167i[0m
[0;34m[1784655325.248] [7795:7795] [CTL] Shutting down the commissioner[0m
[0;32m[1784655325.248] [7795:7795] [PAF] WiFiPAF: Closing all WiFiPAF sessions to shutdown[0m
[0;34m[1784655325.248] [7795:7795] [CTL] Shutting down the controller[0m
[0;34m[1784655325.248] [7795:7795] [IN] Expiring all sessions for fabric 0x1!![0m
[0;34m[1784655325.248] [7795:7795] [IN] SecureSession[0x778004009cd0]: MarkForEviction Type:2 LSID:49135[0m
[0;32m[1784655325.248] [7795:7795] [SC] SecureSession[0x778004009cd0, LSID:49135]: State change 'kActive' --> 'kPendingEviction'[0m
[0;34m[1784655325.248] [7795:7795] [IN] SecureSession[0x778004009cd0]: Released - Type:2 LSID:49135[0m
[0;32m[1784655325.248] [7795:7795] [FP] Forgetting fabric 0x1[0m
[0;32m[1784655325.248] [7795:7795] [TS] Pending Last Known Good Time: 2023-10-14T01:16:48[0m
[0;32m[1784655325.248] [7795:7795] [TS] Previous Last Known Good Time: 2023-10-14T01:16:48[0m
[0;32m[1784655325.248] [7795:7795] [TS] Reverted Last Known Good Time to previous value[0m
[0;34m[1784655325.248] [7795:7795] [CTL] Shutting down the commissioner[0m
[0;32m[1784655325.248] [7795:7795] [PAF] WiFiPAF: Closing all WiFiPAF sessions to shutdown[0m
[0;34m[1784655325.248] [7795:7795] [CTL] Shutting down the controller[0m
[0;34m[1784655325.248] [7795:7795] [CTL] Shutting down the System State, this will teardown the CHIP Stack[0m
[0;34m[1784655325.248] [7795:7795] [DMG] All ReadHandler-s are clean, clear GlobalDirtySet[0m
[0;32m[1784655325.248] [7795:7795] [FP] Shutting down FabricTable[0m
[0;32m[1784655325.248] [7795:7795] [TS] Pending Last Known Good Time: 2023-10-14T01:16:48[0m
[0;32m[1784655325.248] [7795:7795] [TS] Previous Last Known Good Time: 2023-10-14T01:16:48[0m
[0;32m[1784655325.248] [7795:7795] [TS] Reverted Last Known Good Time to previous value[0m
[0;34m[1784655325.250] [7795:7795] [DL] Wrote settings to /tmp/chip_counters.ini[0m
[0;32m[1784655325.250] [7795:7795] [DL] NVS set: chip-counters/total-operational-hours = 0 (0x0)[0m
[0;32m[1784655325.250] [7795:7795] [DL] Inet Layer shutdown[0m
[0;32m[1784655325.250] [7795:7795] [DL] BLE Layer shutdown[0m
[0;32m[1784655325.250] [7795:7795] [DL] WiFi-PAF Layer shutdown[0m
[0;32m[1784655325.250] [7795:7795] [PAF] WiFiPAF: Closing all WiFiPAF sessions to shutdown[0m
[0;32m[1784655325.250] [7795:7795] [DL] System Layer shutdown[0m
