[0;34m[1784838278.645] [22539:22539] [DL] ChipLinuxStorage::Init: Using KVS config file: /tmp/chip_tool_kvs[0m
[1;31m[1784838278.645] [22539:22539] [DL] ChipLinuxStorage::Init: Attempt to re-initialize with KVS config file: /tmp/chip_kvs, IGNORING.[0m
[0;34m[1784838278.647] [22539:22539] [DL] ChipLinuxStorage::Init: Using KVS config file: /tmp/chip_factory.ini[0m
[0;34m[1784838278.647] [22539:22539] [DL] ChipLinuxStorage::Init: Using KVS config file: /tmp/chip_config.ini[0m
[0;34m[1784838278.647] [22539:22539] [DL] ChipLinuxStorage::Init: Using KVS config file: /tmp/chip_counters.ini[0m
[0;34m[1784838278.649] [22539:22539] [DL] Wrote settings to /tmp/chip_counters.ini[0m
[0;32m[1784838278.649] [22539:22539] [DL] NVS set: chip-counters/reboot-count = 3 (0x3)[0m
[0;32m[1784838278.649] [22539:22539] [DL] Got Ethernet interface: enp0s3[0m
[0;32m[1784838278.649] [22539:22539] [DL] Found the primary Ethernet interface:enp0s3[0m
[1;31m[1784838278.650] [22539:22539] [DL] Failed to get WiFi interface[0m
[1;31m[1784838278.650] [22539:22539] [DL] Failed to reset WiFi statistic counts[0m
[0;32m[1784838278.650] [22539:22539] [PAF] WiFiPAF: WiFiPAFLayer::Init()[0m
[0;34m[1784838278.650] [22539:22539] [IN] UDP::Init bind&listen port=0[0m
[0;34m[1784838278.650] [22539:22539] [IN] UDP::Init bound to port=55070[0m
[0;34m[1784838278.650] [22539:22539] [IN] UDP::Init bind&listen port=0[0m
[0;34m[1784838278.650] [22539:22539] [IN] UDP::Init bound to port=43018[0m
[0;34m[1784838278.650] [22539:22539] [IN] BLEBase::Init - setting/overriding transport[0m
[0;34m[1784838278.650] [22539:22539] [IN] WiFiPAFBase::Init - setting/overriding transport[0m
[0;34m[1784838278.650] [22539:22539] [IN] TransportMgr initialized[0m
[0;34m[1784838278.650] [22539:22539] [FP] Initializing FabricTable from persistent storage[0m
[0;32m[1784838278.650] [22539:22539] [TS] Last Known Good Time: 2023-10-14T01:16:48[0m
[0;32m[1784838278.650] [22539:22539] [FP] Fabric index 0x1 was retrieved from storage. Compressed FabricId 0xCEC34D655389CA36, FabricId 0x0000000000000001, NodeId 0x000000000001B669, VendorId 0xFFF1[0m
[0;32m[1784838278.651] [22539:22539] [DMG] Ember attribute persistence requires setting up[0m
[0;32m[1784838278.651] [22539:22539] [ZCL] Using ZAP configuration...[0m
[0;34m[1784838278.651] [22539:22539] [CTL] System State Initialized...[0m
[0;32m[1784838278.652] [22539:22539] [CTL] Setting attestation nonce to random value[0m
[0;32m[1784838278.652] [22539:22539] [CTL] Setting CSR nonce to random value[0m
[0;34m[1784838278.652] [22539:22541] [DL] CHIP task running[0m
[0;32m[1784838278.652] [22539:22541] [CTL] Setting attestation nonce to random value[0m
[0;32m[1784838278.652] [22539:22541] [CTL] Setting CSR nonce to random value[0m
[0;32m[1784838278.652] [22539:22541] [CTL] Generating NOC[0m
[0;32m[1784838278.652] [22539:22541] [FP] Validating NOC chain[0m
[0;32m[1784838278.653] [22539:22541] [FP] NOC chain validation successful[0m
[0;32m[1784838278.653] [22539:22541] [FP] Updated fabric at index: 0x1, Node ID: 0x000000000001B669[0m
[0;32m[1784838278.653] [22539:22541] [TS] Last Known Good Time: 2023-10-14T01:16:48[0m
[0;32m[1784838278.653] [22539:22541] [TS] New proposed Last Known Good Time: 2021-01-01T00:00:00[0m
[0;32m[1784838278.653] [22539:22541] [TS] Retaining current Last Known Good Time[0m
[0;32m[1784838278.654] [22539:22541] [FP] Metadata for Fabric 0x1 persisted to storage.[0m
[0;32m[1784838278.655] [22539:22541] [TS] Committing Last Known Good Time to storage: 2023-10-14T01:16:48[0m
[0;32m[1784838278.656] [22539:22541] [CTL] Joined the fabric at index 1. Fabric ID is 0x0000000000000001 (Compressed Fabric ID: CEC34D655389CA36)[0m
[0;32m[1784838278.661] [22539:22541] [TOO] Sending command to node 0x1[0m
[0;34m[1784838278.661] [22539:22541] [CSM] FindOrEstablishSession: PeerId = [1:0000000000000001][0m
[0;34m[1784838278.661] [22539:22541] [CSM] FindOrEstablishSession: No existing OperationalSessionSetup instance found[0m
[0;34m[1784838278.661] [22539:22541] [DIS] OperationalSessionSetup[1:0000000000000001]: State change 1 --> 2[0m
[0;32m[1784838278.661] [22539:22541] [DIS] Lookup started for CEC34D655389CA36-0000000000000001[0m
[0;32m[1784838278.662] [22539:22541] [DIS] UDP:[fe80::bfe:a203:38f0:bce7%enp0s3]:5540: new best score: 7 (for CEC34D655389CA36-0000000000000001)[0m
[0;34m[1784838278.662] [22539:22541] [DIS] Lookup clearing interface for non LL address[0m
[0;32m[1784838278.662] [22539:22541] [DIS] UDP:10.0.2.15%enp0s3:5540: new best score: 2 (for CEC34D655389CA36-0000000000000001)[0m
[0;32m[1784838278.662] [22539:22541] [DIS] Checking node lookup status for CEC34D655389CA36-0000000000000001 after 0 ms[0m
[0;32m[1784838278.662] [22539:22541] [DIS] Keeping DNSSD lookup active[0m
[0;32m[1784838278.662] [22539:22541] [DIS] UDP:[fe80::bfe:a203:38f0:bce7%enp0s3]:5540: score has not improved: 7 (for CEC34D655389CA36-0000000000000001)[0m
[0;34m[1784838278.662] [22539:22541] [DIS] Lookup clearing interface for non LL address[0m
[0;32m[1784838278.662] [22539:22541] [DIS] UDP:10.0.2.15%enp0s3:5540: score has not improved: 2 (for CEC34D655389CA36-0000000000000001)[0m
[0;32m[1784838278.662] [22539:22541] [DIS] Checking node lookup status for CEC34D655389CA36-0000000000000001 after 1 ms[0m
[0;32m[1784838278.662] [22539:22541] [DIS] Keeping DNSSD lookup active[0m
[0;32m[1784838278.903] [22539:22541] [DIS] Checking node lookup status for CEC34D655389CA36-0000000000000001 after 242 ms[0m
[0;34m[1784838278.903] [22539:22541] [DIS] OperationalSessionSetup[1:0000000000000001]: Updating device address to UDP:[fe80::bfe:a203:38f0:bce7%enp0s3]:5540 while in state 2[0m
[0;34m[1784838278.903] [22539:22541] [DIS] OperationalSessionSetup[1:0000000000000001]: State change 2 --> 3[0m
[0;34m[1784838278.903] [22539:22541] [IN] SecureSession[0x783364009cd0]: Allocated Type:2 LSID:54176[0m
[0;32m[1784838278.903] [22539:22541] [SC] Initiating session on local FabricIndex 1 from 0x000000000001B669 -> 0x0000000000000001[0m
[0;32m[1784838278.904] [22539:22541] [EM] <<< [E:29441i S:0 M:40065497] (U) Msg TX from 9FC79B5745141250 to 0:0000000000000000 [0000] [UDP:[fe80::bfe:a203:38f0:bce7%enp0s3]:5540] --- Type 0000:30 (SecureChannel:CASE_Sigma1) (B:196)[0m
[0;32m[1784838278.904] [22539:22541] [EM] ??1 [E:29441i S:0 M:40065497] (U) Msg Retransmission to 0:0000000000000000 scheduled for 588ms from now [State:Idle II:500 AI:300 AT:4000][0m
[0;32m[1784838278.904] [22539:22541] [SC] Sent Sigma1 msg to <0000000000000001, 1> [II:500ms AI:300ms AT:4000ms][0m
[0;34m[1784838278.904] [22539:22541] [DIS] OperationalSessionSetup[1:0000000000000001]: State change 3 --> 4[0m
[0;32m[1784838278.909] [22539:22541] [EM] >>> [E:29441i S:0 M:99506330 (Ack:40065497)] (U) Msg RX from 0:0000000000000000 [0000] to 9FC79B5745141250 --- Type 0000:31 (SecureChannel:CASE_Sigma2) (B:751)[0m
[0;34m[1784838278.909] [22539:22541] [EM] Found matching exchange: 29441i, Delegate: 0x78336400b8e8[0m
[0;34m[1784838278.909] [22539:22541] [EM] Rxd Ack; Removing MessageCounter:40065497 from Retrans Table on exchange 29441i[0m
[0;32m[1784838278.909] [22539:22541] [SC] Received Sigma2 msg[0m
[0;34m[1784838278.909] [22539:22541] [SC] Found MRP parameters in the message[0m
[0;34m[1784838278.911] [22539:22541] [SC] Peer <0000000000000001, 1> assigned session ID 43805[0m
[0;34m[1784838278.911] [22539:22541] [SC] Sending Sigma3[0m
[0;32m[1784838278.911] [22539:22541] [EM] <<< [E:29441i S:0 M:40065498 (Ack:99506330)] (U) Msg TX from 9FC79B5745141250 to 0:0000000000000000 [0000] [UDP:[fe80::bfe:a203:38f0:bce7%enp0s3]:5540] --- Type 0000:32 (SecureChannel:CASE_Sigma3) (B:598)[0m
[0;32m[1784838278.911] [22539:22541] [EM] ??1 [E:29441i S:0 M:40065498] (U) Msg Retransmission to 0:0000000000000000 scheduled for 408ms from now [State:Active II:500 AI:300 AT:4000][0m
[0;32m[1784838278.911] [22539:22541] [SC] Sent Sigma3 msg[0m
[0;32m[1784838278.918] [22539:22541] [EM] >>> [E:29441i S:0 M:99506331 (Ack:40065498)] (U) Msg RX from 0:0000000000000000 [0000] to 9FC79B5745141250 --- Type 0000:40 (SecureChannel:StatusReport) (B:34)[0m
[0;34m[1784838278.918] [22539:22541] [EM] Found matching exchange: 29441i, Delegate: 0x78336400b8e8[0m
[0;34m[1784838278.918] [22539:22541] [EM] Rxd Ack; Removing MessageCounter:40065498 from Retrans Table on exchange 29441i[0m
[0;32m[1784838278.918] [22539:22541] [SC] Success status report received. Session was established[0m
[0;32m[1784838278.919] [22539:22541] [SC] SecureSession[0x783364009cd0, LSID:54176]: State change 'kEstablishing' --> 'kActive'[0m
[0;34m[1784838278.919] [22539:22541] [IN] SecureSession[0x783364009cd0]: Activated - Type:2 LSID:54176[0m
[0;34m[1784838278.919] [22539:22541] [IN] New secure session activated for device <0000000000000001, 1>, LSID:54176 PSID:43805![0m
[0;34m[1784838278.919] [22539:22541] [DIS] OperationalSessionSetup[1:0000000000000001]: State change 4 --> 5[0m
[0;32m[1784838278.919] [22539:22541] [TOO] Sending ReadAttribute to:[0m
[0;32m[1784838278.919] [22539:22541] [TOO] 	cluster 0x0000_0038, attribute: 0x0000_0000, endpoint 0[0m
[0;34m[1784838278.919] [22539:22541] [DMG] SendReadRequest ReadClient[0x78336400eef0]: Sending Read Request[0m
[0;32m[1784838278.919] [22539:22541] [DMG] 0 data version filters provided, 0 not relevant, 0 encoded, 0 skipped due to lack of space[0m
[0;32m[1784838278.919] [22539:22541] [EM] <<< [E:29442i S:54176 M:85590449] (S) Msg TX from 000000000001B669 to 1:0000000000000001 [CA36] [UDP:[fe80::bfe:a203:38f0:bce7%enp0s3]:5540] --- Type 0001:02 (IM:ReadRequest) (B:51)[0m
[0;32m[1784838278.919] [22539:22541] [EM] ??1 [E:29442i S:54176 M:85590449] (S) Msg Retransmission to 1:0000000000000001 scheduled for 403ms from now [State:Active II:500 AI:300 AT:4000][0m
[0;34m[1784838278.919] [22539:22541] [DMG] MoveToState ReadClient[0x78336400eef0]: Moving to [AwaitingIn][0m
[0;32m[1784838278.919] [22539:22541] [EM] <<< [E:29441i S:0 M:40065499 (Ack:99506331)] (U) Msg TX from 9FC79B5745141250 to 0:0000000000000000 [0000] [UDP:[fe80::bfe:a203:38f0:bce7%enp0s3]:5540] --- Type 0000:10 (SecureChannel:StandaloneAck) (B:26)[0m
[0;34m[1784838278.920] [22539:22541] [EM] Flushed pending ack for MessageCounter:99506331 on exchange 29441i[0m
[0;32m[1784838278.920] [22539:22541] [EM] >>> [E:29442i S:54176 M:129037223 (Ack:85590449)] (S) Msg RX from 1:0000000000000001 [CA36] to 000000000001B669 --- Type 0001:05 (IM:ReportData) (B:77)[0m
[0;34m[1784838278.920] [22539:22541] [EM] Found matching exchange: 29442i, Delegate: 0x78336400ef00[0m
[0;34m[1784838278.920] [22539:22541] [EM] Rxd Ack; Removing MessageCounter:85590449 from Retrans Table on exchange 29442i[0m
[0;34m[1784838278.920] [22539:22541] [DMG] ReportDataMessage =[0m
[0;34m[1784838278.920] [22539:22541] [DMG] {[0m
[0;34m[1784838278.920] [22539:22541] [DMG] 	AttributeReportIBs =[0m
[0;34m[1784838278.920] [22539:22541] [DMG] 	[[0m
[0;34m[1784838278.920] [22539:22541] [DMG] 		AttributeReportIB =[0m
[0;34m[1784838278.920] [22539:22541] [DMG] 		{[0m
[0;34m[1784838278.920] [22539:22541] [DMG] 			AttributeDataIB =[0m
[0;34m[1784838278.920] [22539:22541] [DMG] 			{[0m
[0;34m[1784838278.920] [22539:22541] [DMG] 				DataVersion = 0x436a44d9,[0m
[0;34m[1784838278.920] [22539:22541] [DMG] 				AttributePathIB =[0m
[0;34m[1784838278.920] [22539:22541] [DMG] 				{[0m
[0;34m[1784838278.920] [22539:22541] [DMG] 					Endpoint = 0x0,[0m
[0;34m[1784838278.920] [22539:22541] [DMG] 					Cluster = 0x38,[0m
[0;34m[1784838278.920] [22539:22541] [DMG] 					Attribute = 0x0000_0000,[0m
[0;34m[1784838278.920] [22539:22541] [DMG] 				}[0m
[0;34m[1784838278.920] [22539:22541] [DMG] 					[0m
[0;34m[1784838278.920] [22539:22541] [DMG] 				Data = 838153478920103 (unsigned), [0m
[0;34m[1784838278.920] [22539:22541] [DMG] 			},[0m
[0;34m[1784838278.920] [22539:22541] [DMG] 			[0m
[0;34m[1784838278.920] [22539:22541] [DMG] 		},[0m
[0;34m[1784838278.920] [22539:22541] [DMG] 		[0m
[0;34m[1784838278.920] [22539:22541] [DMG] 	],[0m
[0;34m[1784838278.920] [22539:22541] [DMG] 	[0m
[0;34m[1784838278.920] [22539:22541] [DMG] 	SuppressResponse = true, [0m
[0;34m[1784838278.920] [22539:22541] [DMG] 	InteractionModelRevision = 12[0m
[0;34m[1784838278.920] [22539:22541] [DMG] }[0m
[0;32m[1784838278.920] [22539:22541] [TOO] Endpoint: 0 Cluster: 0x0000_0038 Attribute 0x0000_0000 DataVersion: 1131037913[0m
[0;32m[1784838278.920] [22539:22541] [TOO]   UTCTime: 838153478920103[0m
[0;32m[1784838278.920] [22539:22541] [EM] <<< [E:29442i S:54176 M:85590450 (Ack:129037223)] (S) Msg TX from 000000000001B669 to 1:0000000000000001 [CA36] [UDP:[fe80::bfe:a203:38f0:bce7%enp0s3]:5540] --- Type 0000:10 (SecureChannel:StandaloneAck) (B:34)[0m
[0;34m[1784838278.920] [22539:22541] [EM] Flushed pending ack for MessageCounter:129037223 on exchange 29442i[0m
[0;34m[1784838278.920] [22539:22539] [CTL] Shutting down the commissioner[0m
[0;32m[1784838278.920] [22539:22539] [PAF] WiFiPAF: Closing all WiFiPAF sessions to shutdown[0m
[0;34m[1784838278.920] [22539:22539] [CTL] Shutting down the controller[0m
[0;34m[1784838278.920] [22539:22539] [IN] Expiring all sessions for fabric 0x1!![0m
[0;34m[1784838278.920] [22539:22539] [IN] SecureSession[0x783364009cd0]: MarkForEviction Type:2 LSID:54176[0m
[0;32m[1784838278.920] [22539:22539] [SC] SecureSession[0x783364009cd0, LSID:54176]: State change 'kActive' --> 'kPendingEviction'[0m
[0;34m[1784838278.920] [22539:22539] [IN] SecureSession[0x783364009cd0]: Released - Type:2 LSID:54176[0m
[0;32m[1784838278.920] [22539:22539] [FP] Forgetting fabric 0x1[0m
[0;32m[1784838278.920] [22539:22539] [TS] Pending Last Known Good Time: 2023-10-14T01:16:48[0m
[0;32m[1784838278.920] [22539:22539] [TS] Previous Last Known Good Time: 2023-10-14T01:16:48[0m
[0;32m[1784838278.920] [22539:22539] [TS] Reverted Last Known Good Time to previous value[0m
[0;34m[1784838278.920] [22539:22539] [CTL] Shutting down the commissioner[0m
[0;32m[1784838278.920] [22539:22539] [PAF] WiFiPAF: Closing all WiFiPAF sessions to shutdown[0m
[0;34m[1784838278.920] [22539:22539] [CTL] Shutting down the controller[0m
[0;34m[1784838278.920] [22539:22539] [CTL] Shutting down the System State, this will teardown the CHIP Stack[0m
[0;34m[1784838278.920] [22539:22539] [DMG] All ReadHandler-s are clean, clear GlobalDirtySet[0m
[0;32m[1784838278.920] [22539:22539] [FP] Shutting down FabricTable[0m
[0;32m[1784838278.920] [22539:22539] [TS] Pending Last Known Good Time: 2023-10-14T01:16:48[0m
[0;32m[1784838278.920] [22539:22539] [TS] Previous Last Known Good Time: 2023-10-14T01:16:48[0m
[0;32m[1784838278.920] [22539:22539] [TS] Reverted Last Known Good Time to previous value[0m
[0;34m[1784838278.922] [22539:22539] [DL] Wrote settings to /tmp/chip_counters.ini[0m
[0;32m[1784838278.922] [22539:22539] [DL] NVS set: chip-counters/total-operational-hours = 0 (0x0)[0m
[0;32m[1784838278.922] [22539:22539] [DL] Inet Layer shutdown[0m
[0;32m[1784838278.922] [22539:22539] [DL] BLE Layer shutdown[0m
[0;32m[1784838278.922] [22539:22539] [DL] WiFi-PAF Layer shutdown[0m
[0;32m[1784838278.922] [22539:22539] [PAF] WiFiPAF: Closing all WiFiPAF sessions to shutdown[0m
[0;32m[1784838278.922] [22539:22539] [DL] System Layer shutdown[0m
