[0;34m[1784835195.664] [19051:19051] [DL] ChipLinuxStorage::Init: Using KVS config file: /tmp/chip_tool_kvs[0m
[1;31m[1784835195.666] [19051:19051] [DL] ChipLinuxStorage::Init: Attempt to re-initialize with KVS config file: /tmp/chip_kvs, IGNORING.[0m
[0;34m[1784835195.667] [19051:19051] [DL] ChipLinuxStorage::Init: Using KVS config file: /tmp/chip_factory.ini[0m
[0;34m[1784835195.667] [19051:19051] [DL] ChipLinuxStorage::Init: Using KVS config file: /tmp/chip_config.ini[0m
[0;34m[1784835195.667] [19051:19051] [DL] ChipLinuxStorage::Init: Using KVS config file: /tmp/chip_counters.ini[0m
[0;34m[1784835195.670] [19051:19051] [DL] Wrote settings to /tmp/chip_counters.ini[0m
[0;32m[1784835195.670] [19051:19051] [DL] NVS set: chip-counters/reboot-count = 3 (0x3)[0m
[0;32m[1784835195.670] [19051:19051] [DL] Got Ethernet interface: enp0s3[0m
[0;32m[1784835195.670] [19051:19051] [DL] Found the primary Ethernet interface:enp0s3[0m
[1;31m[1784835195.670] [19051:19051] [DL] Failed to get WiFi interface[0m
[1;31m[1784835195.670] [19051:19051] [DL] Failed to reset WiFi statistic counts[0m
[0;32m[1784835195.670] [19051:19051] [PAF] WiFiPAF: WiFiPAFLayer::Init()[0m
[0;34m[1784835195.670] [19051:19051] [IN] UDP::Init bind&listen port=0[0m
[0;34m[1784835195.670] [19051:19051] [IN] UDP::Init bound to port=42743[0m
[0;34m[1784835195.670] [19051:19051] [IN] UDP::Init bind&listen port=0[0m
[0;34m[1784835195.670] [19051:19051] [IN] UDP::Init bound to port=48600[0m
[0;34m[1784835195.670] [19051:19051] [IN] BLEBase::Init - setting/overriding transport[0m
[0;34m[1784835195.670] [19051:19051] [IN] WiFiPAFBase::Init - setting/overriding transport[0m
[0;34m[1784835195.670] [19051:19051] [IN] TransportMgr initialized[0m
[0;34m[1784835195.670] [19051:19051] [FP] Initializing FabricTable from persistent storage[0m
[0;32m[1784835195.670] [19051:19051] [TS] Last Known Good Time: 2023-10-14T01:16:48[0m
[0;32m[1784835195.671] [19051:19051] [FP] Fabric index 0x1 was retrieved from storage. Compressed FabricId 0xAFA2424C9A11AA8B, FabricId 0x0000000000000001, NodeId 0x000000000001B669, VendorId 0xFFF1[0m
[0;32m[1784835195.672] [19051:19051] [DMG] Ember attribute persistence requires setting up[0m
[0;32m[1784835195.672] [19051:19051] [ZCL] Using ZAP configuration...[0m
[0;34m[1784835195.673] [19051:19051] [CTL] System State Initialized...[0m
[0;32m[1784835195.673] [19051:19051] [CTL] Setting attestation nonce to random value[0m
[0;32m[1784835195.673] [19051:19051] [CTL] Setting CSR nonce to random value[0m
[0;34m[1784835195.673] [19051:19053] [DL] CHIP task running[0m
[0;32m[1784835195.673] [19051:19053] [CTL] Setting attestation nonce to random value[0m
[0;32m[1784835195.673] [19051:19053] [CTL] Setting CSR nonce to random value[0m
[0;32m[1784835195.673] [19051:19053] [CTL] Generating NOC[0m
[0;32m[1784835195.673] [19051:19053] [FP] Validating NOC chain[0m
[0;32m[1784835195.674] [19051:19053] [FP] NOC chain validation successful[0m
[0;32m[1784835195.674] [19051:19053] [FP] Updated fabric at index: 0x1, Node ID: 0x000000000001B669[0m
[0;32m[1784835195.674] [19051:19053] [TS] Last Known Good Time: 2023-10-14T01:16:48[0m
[0;32m[1784835195.674] [19051:19053] [TS] New proposed Last Known Good Time: 2021-01-01T00:00:00[0m
[0;32m[1784835195.674] [19051:19053] [TS] Retaining current Last Known Good Time[0m
[0;32m[1784835195.675] [19051:19053] [FP] Metadata for Fabric 0x1 persisted to storage.[0m
[0;32m[1784835195.676] [19051:19053] [TS] Committing Last Known Good Time to storage: 2023-10-14T01:16:48[0m
[0;32m[1784835195.677] [19051:19053] [CTL] Joined the fabric at index 1. Fabric ID is 0x0000000000000001 (Compressed Fabric ID: AFA2424C9A11AA8B)[0m
[0;32m[1784835195.680] [19051:19053] [TOO] Sending command to node 0x1[0m
[0;34m[1784835195.681] [19051:19053] [CSM] FindOrEstablishSession: PeerId = [1:0000000000000001][0m
[0;34m[1784835195.681] [19051:19053] [CSM] FindOrEstablishSession: No existing OperationalSessionSetup instance found[0m
[0;34m[1784835195.681] [19051:19053] [DIS] OperationalSessionSetup[1:0000000000000001]: State change 1 --> 2[0m
[0;32m[1784835195.682] [19051:19053] [DIS] Lookup started for AFA2424C9A11AA8B-0000000000000001[0m
[0;32m[1784835195.682] [19051:19053] [DIS] UDP:[fe80::bfe:a203:38f0:bce7%enp0s3]:5540: new best score: 7 (for AFA2424C9A11AA8B-0000000000000001)[0m
[0;34m[1784835195.682] [19051:19053] [DIS] Lookup clearing interface for non LL address[0m
[0;32m[1784835195.682] [19051:19053] [DIS] UDP:10.0.2.15%enp0s3:5540: new best score: 2 (for AFA2424C9A11AA8B-0000000000000001)[0m
[0;32m[1784835195.682] [19051:19053] [DIS] Checking node lookup status for AFA2424C9A11AA8B-0000000000000001 after 2 ms[0m
[0;32m[1784835195.682] [19051:19053] [DIS] Keeping DNSSD lookup active[0m
[0;32m[1784835195.682] [19051:19053] [DIS] UDP:[fe80::bfe:a203:38f0:bce7%enp0s3]:5540: score has not improved: 7 (for AFA2424C9A11AA8B-0000000000000001)[0m
[0;34m[1784835195.682] [19051:19053] [DIS] Lookup clearing interface for non LL address[0m
[0;32m[1784835195.683] [19051:19053] [DIS] UDP:10.0.2.15%enp0s3:5540: score has not improved: 2 (for AFA2424C9A11AA8B-0000000000000001)[0m
[0;32m[1784835195.683] [19051:19053] [DIS] Checking node lookup status for AFA2424C9A11AA8B-0000000000000001 after 2 ms[0m
[0;32m[1784835195.683] [19051:19053] [DIS] Keeping DNSSD lookup active[0m
[0;32m[1784835195.887] [19051:19053] [DIS] Checking node lookup status for AFA2424C9A11AA8B-0000000000000001 after 206 ms[0m
[0;34m[1784835195.887] [19051:19053] [DIS] OperationalSessionSetup[1:0000000000000001]: Updating device address to UDP:[fe80::bfe:a203:38f0:bce7%enp0s3]:5540 while in state 2[0m
[0;34m[1784835195.887] [19051:19053] [DIS] OperationalSessionSetup[1:0000000000000001]: State change 2 --> 3[0m
[0;34m[1784835195.887] [19051:19053] [IN] SecureSession[0x76c604009cd0]: Allocated Type:2 LSID:61836[0m
[0;32m[1784835195.887] [19051:19053] [SC] Initiating session on local FabricIndex 1 from 0x000000000001B669 -> 0x0000000000000001[0m
[0;32m[1784835195.888] [19051:19053] [EM] <<< [E:29112i S:0 M:247462885] (U) Msg TX from 1AC6DFB810DD20DC to 0:0000000000000000 [0000] [UDP:[fe80::bfe:a203:38f0:bce7%enp0s3]:5540] --- Type 0000:30 (SecureChannel:CASE_Sigma1) (B:196)[0m
[0;32m[1784835195.888] [19051:19053] [EM] ??1 [E:29112i S:0 M:247462885] (U) Msg Retransmission to 0:0000000000000000 scheduled for 579ms from now [State:Idle II:500 AI:300 AT:4000][0m
[0;32m[1784835195.888] [19051:19053] [SC] Sent Sigma1 msg to <0000000000000001, 1> [II:500ms AI:300ms AT:4000ms][0m
[0;34m[1784835195.888] [19051:19053] [DIS] OperationalSessionSetup[1:0000000000000001]: State change 3 --> 4[0m
[0;32m[1784835195.890] [19051:19053] [EM] >>> [E:29112i S:0 M:169958807 (Ack:247462885)] (U) Msg RX from 0:0000000000000000 [0000] to 1AC6DFB810DD20DC --- Type 0000:31 (SecureChannel:CASE_Sigma2) (B:751)[0m
[0;34m[1784835195.890] [19051:19053] [EM] Found matching exchange: 29112i, Delegate: 0x76c60400b8e8[0m
[0;34m[1784835195.890] [19051:19053] [EM] Rxd Ack; Removing MessageCounter:247462885 from Retrans Table on exchange 29112i[0m
[0;32m[1784835195.890] [19051:19053] [SC] Received Sigma2 msg[0m
[0;34m[1784835195.890] [19051:19053] [SC] Found MRP parameters in the message[0m
[0;34m[1784835195.891] [19051:19053] [SC] Peer <0000000000000001, 1> assigned session ID 39359[0m
[0;34m[1784835195.891] [19051:19053] [SC] Sending Sigma3[0m
[0;32m[1784835195.891] [19051:19053] [EM] <<< [E:29112i S:0 M:247462886 (Ack:169958807)] (U) Msg TX from 1AC6DFB810DD20DC to 0:0000000000000000 [0000] [UDP:[fe80::bfe:a203:38f0:bce7%enp0s3]:5540] --- Type 0000:32 (SecureChannel:CASE_Sigma3) (B:598)[0m
[0;32m[1784835195.891] [19051:19053] [EM] ??1 [E:29112i S:0 M:247462886] (U) Msg Retransmission to 0:0000000000000000 scheduled for 368ms from now [State:Active II:500 AI:300 AT:4000][0m
[0;32m[1784835195.891] [19051:19053] [SC] Sent Sigma3 msg[0m
[0;32m[1784835195.901] [19051:19053] [EM] >>> [E:29112i S:0 M:169958808 (Ack:247462886)] (U) Msg RX from 0:0000000000000000 [0000] to 1AC6DFB810DD20DC --- Type 0000:40 (SecureChannel:StatusReport) (B:34)[0m
[0;34m[1784835195.901] [19051:19053] [EM] Found matching exchange: 29112i, Delegate: 0x76c60400b8e8[0m
[0;34m[1784835195.901] [19051:19053] [EM] Rxd Ack; Removing MessageCounter:247462886 from Retrans Table on exchange 29112i[0m
[0;32m[1784835195.901] [19051:19053] [SC] Success status report received. Session was established[0m
[0;32m[1784835195.902] [19051:19053] [SC] SecureSession[0x76c604009cd0, LSID:61836]: State change 'kEstablishing' --> 'kActive'[0m
[0;34m[1784835195.902] [19051:19053] [IN] SecureSession[0x76c604009cd0]: Activated - Type:2 LSID:61836[0m
[0;34m[1784835195.902] [19051:19053] [IN] New secure session activated for device <0000000000000001, 1>, LSID:61836 PSID:39359![0m
[0;34m[1784835195.902] [19051:19053] [DIS] OperationalSessionSetup[1:0000000000000001]: State change 4 --> 5[0m
[0;32m[1784835195.902] [19051:19053] [TOO] Sending cluster (0x00000038) command (0x00000000) on endpoint 0[0m
[0;34m[1784835195.902] [19051:19053] [DMG] ICR moving to [AddingComm][0m
[0;34m[1784835195.902] [19051:19053] [DMG] ICR moving to [AddedComma][0m
[0;32m[1784835195.902] [19051:19053] [EM] <<< [E:29113i S:61836 M:53143233] (S) Msg TX from 000000000001B669 to 1:0000000000000001 [AA8B] [UDP:[fe80::bfe:a203:38f0:bce7%enp0s3]:5540] --- Type 0001:08 (IM:InvokeCommandRequest) (B:72)[0m
[0;32m[1784835195.902] [19051:19053] [EM] ??1 [E:29113i S:61836 M:53143233] (S) Msg Retransmission to 1:0000000000000001 scheduled for 399ms from now [State:Active II:500 AI:300 AT:4000][0m
[0;34m[1784835195.902] [19051:19053] [DMG] ICR moving to [AwaitingRe][0m
[0;32m[1784835195.902] [19051:19053] [EM] <<< [E:29112i S:0 M:247462887 (Ack:169958808)] (U) Msg TX from 1AC6DFB810DD20DC to 0:0000000000000000 [0000] [UDP:[fe80::bfe:a203:38f0:bce7%enp0s3]:5540] --- Type 0000:10 (SecureChannel:StandaloneAck) (B:26)[0m
[0;34m[1784835195.902] [19051:19053] [EM] Flushed pending ack for MessageCounter:169958808 on exchange 29112i[0m
[0;32m[2524608000.000] [19051:19053] [EM] >>> [E:29113i S:61836 M:95712673 (Ack:53143233)] (S) Msg RX from 1:0000000000000001 [AA8B] to 000000000001B669 --- Type 0001:09 (IM:InvokeCommandResponse) (B:67)[0m
[0;34m[2524608000.000] [19051:19053] [EM] Found matching exchange: 29113i, Delegate: 0x76c60400eef8[0m
[0;34m[2524608000.001] [19051:19053] [EM] Rxd Ack; Removing MessageCounter:53143233 from Retrans Table on exchange 29113i[0m
[0;34m[2524608000.001] [19051:19053] [DMG] ICR moving to [ResponseRe][0m
[0;34m[2524608000.001] [19051:19053] [DMG] InvokeResponseMessage =[0m
[0;34m[2524608000.001] [19051:19053] [DMG] {[0m
[0;34m[2524608000.001] [19051:19053] [DMG] 	suppressResponse = false, [0m
[0;34m[2524608000.001] [19051:19053] [DMG] 	InvokeResponseIBs =[0m
[0;34m[2524608000.001] [19051:19053] [DMG] 	[[0m
[0;34m[2524608000.001] [19051:19053] [DMG] 		InvokeResponseIB =[0m
[0;34m[2524608000.001] [19051:19053] [DMG] 		{[0m
[0;34m[2524608000.001] [19051:19053] [DMG] 			CommandStatusIB =[0m
[0;34m[2524608000.001] [19051:19053] [DMG] 			{[0m
[0;34m[2524608000.001] [19051:19053] [DMG] 				CommandPathIB =[0m
[0;34m[2524608000.001] [19051:19053] [DMG] 				{[0m
[0;34m[2524608000.001] [19051:19053] [DMG] 					EndpointId = 0x0,[0m
[0;34m[2524608000.001] [19051:19053] [DMG] 					ClusterId = 0x38,[0m
[0;34m[2524608000.001] [19051:19053] [DMG] 					CommandId = 0x0,[0m
[0;34m[2524608000.001] [19051:19053] [DMG] 				},[0m
[0;34m[2524608000.001] [19051:19053] [DMG] 				[0m
[0;34m[2524608000.001] [19051:19053] [DMG] 				StatusIB =[0m
[0;34m[2524608000.001] [19051:19053] [DMG] 				{[0m
[0;34m[2524608000.001] [19051:19053] [DMG] 					status = 0x00 (SUCCESS),[0m
[0;34m[2524608000.001] [19051:19053] [DMG] 				},[0m
[0;34m[2524608000.001] [19051:19053] [DMG] 				[0m
[0;34m[2524608000.001] [19051:19053] [DMG] 			},[0m
[0;34m[2524608000.001] [19051:19053] [DMG] 			[0m
[0;34m[2524608000.001] [19051:19053] [DMG] 		},[0m
[0;34m[2524608000.001] [19051:19053] [DMG] 		[0m
[0;34m[2524608000.001] [19051:19053] [DMG] 	],[0m
[0;34m[2524608000.001] [19051:19053] [DMG] 	[0m
[0;34m[2524608000.001] [19051:19053] [DMG] 	InteractionModelRevision = 12[0m
[0;34m[2524608000.001] [19051:19053] [DMG] },[0m
[0;32m[2524608000.001] [19051:19053] [DMG] Received Command Response Status for Endpoint=0 Cluster=0x0000_0038 Command=0x0000_0000 Status=0x0[0m
[0;34m[2524608000.001] [19051:19053] [DMG] ICR moving to [AwaitingDe][0m
[0;32m[2524608000.001] [19051:19053] [EM] <<< [E:29113i S:61836 M:53143234 (Ack:95712673)] (S) Msg TX from 000000000001B669 to 1:0000000000000001 [AA8B] [UDP:[fe80::bfe:a203:38f0:bce7%enp0s3]:5540] --- Type 0000:10 (SecureChannel:StandaloneAck) (B:34)[0m
[0;34m[2524608000.001] [19051:19053] [EM] Flushed pending ack for MessageCounter:95712673 on exchange 29113i[0m
[0;34m[2524608000.006] [19051:19051] [CTL] Shutting down the commissioner[0m
[0;32m[2524608000.006] [19051:19051] [PAF] WiFiPAF: Closing all WiFiPAF sessions to shutdown[0m
[0;34m[2524608000.006] [19051:19051] [CTL] Shutting down the controller[0m
[0;34m[2524608000.006] [19051:19051] [IN] Expiring all sessions for fabric 0x1!![0m
[0;34m[2524608000.006] [19051:19051] [IN] SecureSession[0x76c604009cd0]: MarkForEviction Type:2 LSID:61836[0m
[0;32m[2524608000.006] [19051:19051] [SC] SecureSession[0x76c604009cd0, LSID:61836]: State change 'kActive' --> 'kPendingEviction'[0m
[0;34m[2524608000.006] [19051:19051] [IN] SecureSession[0x76c604009cd0]: Released - Type:2 LSID:61836[0m
[0;32m[2524608000.006] [19051:19051] [FP] Forgetting fabric 0x1[0m
[0;32m[2524608000.006] [19051:19051] [TS] Pending Last Known Good Time: 2023-10-14T01:16:48[0m
[0;32m[2524608000.007] [19051:19051] [TS] Previous Last Known Good Time: 2023-10-14T01:16:48[0m
[0;32m[2524608000.007] [19051:19051] [TS] Reverted Last Known Good Time to previous value[0m
[0;34m[2524608000.007] [19051:19051] [CTL] Shutting down the commissioner[0m
[0;32m[2524608000.007] [19051:19051] [PAF] WiFiPAF: Closing all WiFiPAF sessions to shutdown[0m
[0;34m[2524608000.007] [19051:19051] [CTL] Shutting down the controller[0m
[0;34m[2524608000.007] [19051:19051] [CTL] Shutting down the System State, this will teardown the CHIP Stack[0m
[0;34m[2524608000.007] [19051:19051] [DMG] All ReadHandler-s are clean, clear GlobalDirtySet[0m
[0;32m[2524608000.007] [19051:19051] [FP] Shutting down FabricTable[0m
[0;32m[2524608000.007] [19051:19051] [TS] Pending Last Known Good Time: 2023-10-14T01:16:48[0m
[0;32m[2524608000.007] [19051:19051] [TS] Previous Last Known Good Time: 2023-10-14T01:16:48[0m
[0;32m[2524608000.007] [19051:19051] [TS] Reverted Last Known Good Time to previous value[0m
[0;34m[2524608000.010] [19051:19051] [DL] Wrote settings to /tmp/chip_counters.ini[0m
[0;32m[2524608000.010] [19051:19051] [DL] NVS set: chip-counters/total-operational-hours = 0 (0x0)[0m
[0;32m[2524608000.010] [19051:19051] [DL] Inet Layer shutdown[0m
[0;32m[2524608000.010] [19051:19051] [DL] BLE Layer shutdown[0m
[0;32m[2524608000.010] [19051:19051] [DL] WiFi-PAF Layer shutdown[0m
[0;32m[2524608000.010] [19051:19051] [PAF] WiFiPAF: Closing all WiFiPAF sessions to shutdown[0m
[0;32m[2524608000.010] [19051:19051] [DL] System Layer shutdown[0m
