[0;34m[1784655142.397] [7204:7204] [DL] ChipLinuxStorage::Init: Using KVS config file: /tmp/chip_tool_kvs[0m
[1;31m[1784655142.399] [7204:7204] [DL] ChipLinuxStorage::Init: Attempt to re-initialize with KVS config file: /tmp/chip_kvs, IGNORING.[0m
[0;34m[1784655142.400] [7204:7204] [DL] ChipLinuxStorage::Init: Using KVS config file: /tmp/chip_factory.ini[0m
[0;34m[1784655142.400] [7204:7204] [DL] ChipLinuxStorage::Init: Using KVS config file: /tmp/chip_config.ini[0m
[0;34m[1784655142.400] [7204:7204] [DL] ChipLinuxStorage::Init: Using KVS config file: /tmp/chip_counters.ini[0m
[0;34m[1784655142.403] [7204:7204] [DL] Wrote settings to /tmp/chip_counters.ini[0m
[0;32m[1784655142.403] [7204:7204] [DL] NVS set: chip-counters/reboot-count = 3 (0x3)[0m
[0;32m[1784655142.404] [7204:7204] [DL] Got Ethernet interface: enp0s3[0m
[0;32m[1784655142.404] [7204:7204] [DL] Found the primary Ethernet interface:enp0s3[0m
[1;31m[1784655142.404] [7204:7204] [DL] Failed to get WiFi interface[0m
[1;31m[1784655142.404] [7204:7204] [DL] Failed to reset WiFi statistic counts[0m
[0;32m[1784655142.404] [7204:7204] [PAF] WiFiPAF: WiFiPAFLayer::Init()[0m
[0;34m[1784655142.404] [7204:7204] [IN] UDP::Init bind&listen port=0[0m
[0;34m[1784655142.404] [7204:7204] [IN] UDP::Init bound to port=56200[0m
[0;34m[1784655142.404] [7204:7204] [IN] UDP::Init bind&listen port=0[0m
[0;34m[1784655142.404] [7204:7204] [IN] UDP::Init bound to port=38604[0m
[0;34m[1784655142.404] [7204:7204] [IN] BLEBase::Init - setting/overriding transport[0m
[0;34m[1784655142.404] [7204:7204] [IN] WiFiPAFBase::Init - setting/overriding transport[0m
[0;34m[1784655142.404] [7204:7204] [IN] TransportMgr initialized[0m
[0;34m[1784655142.404] [7204:7204] [FP] Initializing FabricTable from persistent storage[0m
[0;32m[1784655142.404] [7204:7204] [TS] Last Known Good Time: 2023-10-14T01:16:48[0m
[0;32m[1784655142.404] [7204:7204] [FP] Fabric index 0x1 was retrieved from storage. Compressed FabricId 0xFE3A51080F12EB71, FabricId 0x0000000000000001, NodeId 0x000000000001B669, VendorId 0xFFF1[0m
[0;32m[1784655142.405] [7204:7204] [DMG] Ember attribute persistence requires setting up[0m
[0;32m[1784655142.405] [7204:7204] [ZCL] Using ZAP configuration...[0m
[0;34m[1784655142.405] [7204:7204] [CTL] System State Initialized...[0m
[0;32m[1784655142.405] [7204:7204] [CTL] Setting attestation nonce to random value[0m
[0;32m[1784655142.405] [7204:7204] [CTL] Setting CSR nonce to random value[0m
[0;34m[1784655142.405] [7204:7206] [DL] CHIP task running[0m
[0;32m[1784655142.405] [7204:7206] [CTL] Setting attestation nonce to random value[0m
[0;32m[1784655142.405] [7204:7206] [CTL] Setting CSR nonce to random value[0m
[0;32m[1784655142.405] [7204:7206] [CTL] Generating NOC[0m
[0;32m[1784655142.406] [7204:7206] [FP] Validating NOC chain[0m
[0;32m[1784655142.406] [7204:7206] [FP] NOC chain validation successful[0m
[0;32m[1784655142.406] [7204:7206] [FP] Updated fabric at index: 0x1, Node ID: 0x000000000001B669[0m
[0;32m[1784655142.406] [7204:7206] [TS] Last Known Good Time: 2023-10-14T01:16:48[0m
[0;32m[1784655142.406] [7204:7206] [TS] New proposed Last Known Good Time: 2021-01-01T00:00:00[0m
[0;32m[1784655142.406] [7204:7206] [TS] Retaining current Last Known Good Time[0m
[0;32m[1784655142.408] [7204:7206] [FP] Metadata for Fabric 0x1 persisted to storage.[0m
[0;32m[1784655142.409] [7204:7206] [TS] Committing Last Known Good Time to storage: 2023-10-14T01:16:48[0m
[0;32m[1784655142.410] [7204:7206] [CTL] Joined the fabric at index 1. Fabric ID is 0x0000000000000001 (Compressed Fabric ID: FE3A51080F12EB71)[0m
[0;32m[1784655142.414] [7204:7206] [TOO] Sending command to node 0x1[0m
[0;34m[1784655142.415] [7204:7206] [CSM] FindOrEstablishSession: PeerId = [1:0000000000000001][0m
[0;34m[1784655142.415] [7204:7206] [CSM] FindOrEstablishSession: No existing OperationalSessionSetup instance found[0m
[0;34m[1784655142.415] [7204:7206] [DIS] OperationalSessionSetup[1:0000000000000001]: State change 1 --> 2[0m
[0;32m[1784655142.415] [7204:7206] [DIS] Lookup started for FE3A51080F12EB71-0000000000000001[0m
[0;32m[1784655142.415] [7204:7206] [DIS] UDP:[fe80::bfe:a203:38f0:bce7%enp0s3]:5540: new best score: 7 (for FE3A51080F12EB71-0000000000000001)[0m
[0;34m[1784655142.415] [7204:7206] [DIS] Lookup clearing interface for non LL address[0m
[0;32m[1784655142.415] [7204:7206] [DIS] UDP:10.0.2.15%enp0s3:5540: new best score: 2 (for FE3A51080F12EB71-0000000000000001)[0m
[0;32m[1784655142.415] [7204:7206] [DIS] Checking node lookup status for FE3A51080F12EB71-0000000000000001 after 0 ms[0m
[0;32m[1784655142.415] [7204:7206] [DIS] Keeping DNSSD lookup active[0m
[0;32m[1784655142.415] [7204:7206] [DIS] UDP:[fe80::bfe:a203:38f0:bce7%enp0s3]:5540: score has not improved: 7 (for FE3A51080F12EB71-0000000000000001)[0m
[0;34m[1784655142.415] [7204:7206] [DIS] Lookup clearing interface for non LL address[0m
[0;32m[1784655142.415] [7204:7206] [DIS] UDP:10.0.2.15%enp0s3:5540: score has not improved: 2 (for FE3A51080F12EB71-0000000000000001)[0m
[0;32m[1784655142.415] [7204:7206] [DIS] Checking node lookup status for FE3A51080F12EB71-0000000000000001 after 0 ms[0m
[0;32m[1784655142.415] [7204:7206] [DIS] Keeping DNSSD lookup active[0m
[0;32m[1784655142.624] [7204:7206] [DIS] Checking node lookup status for FE3A51080F12EB71-0000000000000001 after 209 ms[0m
[0;34m[1784655142.624] [7204:7206] [DIS] OperationalSessionSetup[1:0000000000000001]: Updating device address to UDP:[fe80::bfe:a203:38f0:bce7%enp0s3]:5540 while in state 2[0m
[0;34m[1784655142.624] [7204:7206] [DIS] OperationalSessionSetup[1:0000000000000001]: State change 2 --> 3[0m
[0;34m[1784655142.624] [7204:7206] [IN] SecureSession[0x7b77fc009cd0]: Allocated Type:2 LSID:25036[0m
[0;32m[1784655142.624] [7204:7206] [SC] Initiating session on local FabricIndex 1 from 0x000000000001B669 -> 0x0000000000000001[0m
[0;32m[1784655142.625] [7204:7206] [EM] <<< [E:55890i S:0 M:109018874] (U) Msg TX from BEC6280AC85D61AA to 0:0000000000000000 [0000] [UDP:[fe80::bfe:a203:38f0:bce7%enp0s3]:5540] --- Type 0000:30 (SecureChannel:CASE_Sigma1) (B:196)[0m
[0;32m[1784655142.625] [7204:7206] [EM] ??1 [E:55890i S:0 M:109018874] (U) Msg Retransmission to 0:0000000000000000 scheduled for 594ms from now [State:Idle II:500 AI:300 AT:4000][0m
[0;32m[1784655142.625] [7204:7206] [SC] Sent Sigma1 msg to <0000000000000001, 1> [II:500ms AI:300ms AT:4000ms][0m
[0;34m[1784655142.625] [7204:7206] [DIS] OperationalSessionSetup[1:0000000000000001]: State change 3 --> 4[0m
[0;32m[1784655142.628] [7204:7206] [EM] >>> [E:55890i S:0 M:36548239 (Ack:109018874)] (U) Msg RX from 0:0000000000000000 [0000] to BEC6280AC85D61AA --- Type 0000:31 (SecureChannel:CASE_Sigma2) (B:751)[0m
[0;34m[1784655142.628] [7204:7206] [EM] Found matching exchange: 55890i, Delegate: 0x7b77fc00b8e8[0m
[0;34m[1784655142.628] [7204:7206] [EM] Rxd Ack; Removing MessageCounter:109018874 from Retrans Table on exchange 55890i[0m
[0;32m[1784655142.628] [7204:7206] [SC] Received Sigma2 msg[0m
[0;34m[1784655142.628] [7204:7206] [SC] Found MRP parameters in the message[0m
[0;34m[1784655142.629] [7204:7206] [SC] Peer <0000000000000001, 1> assigned session ID 32927[0m
[0;34m[1784655142.629] [7204:7206] [SC] Sending Sigma3[0m
[0;32m[1784655142.629] [7204:7206] [EM] <<< [E:55890i S:0 M:109018875 (Ack:36548239)] (U) Msg TX from BEC6280AC85D61AA to 0:0000000000000000 [0000] [UDP:[fe80::bfe:a203:38f0:bce7%enp0s3]:5540] --- Type 0000:32 (SecureChannel:CASE_Sigma3) (B:598)[0m
[0;32m[1784655142.629] [7204:7206] [EM] ??1 [E:55890i S:0 M:109018875] (U) Msg Retransmission to 0:0000000000000000 scheduled for 339ms from now [State:Active II:500 AI:300 AT:4000][0m
[0;32m[1784655142.629] [7204:7206] [SC] Sent Sigma3 msg[0m
[0;32m[1784655142.638] [7204:7206] [EM] >>> [E:55890i S:0 M:36548240 (Ack:109018875)] (U) Msg RX from 0:0000000000000000 [0000] to BEC6280AC85D61AA --- Type 0000:40 (SecureChannel:StatusReport) (B:34)[0m
[0;34m[1784655142.638] [7204:7206] [EM] Found matching exchange: 55890i, Delegate: 0x7b77fc00b8e8[0m
[0;34m[1784655142.638] [7204:7206] [EM] Rxd Ack; Removing MessageCounter:109018875 from Retrans Table on exchange 55890i[0m
[0;32m[1784655142.638] [7204:7206] [SC] Success status report received. Session was established[0m
[0;32m[1784655142.640] [7204:7206] [SC] SecureSession[0x7b77fc009cd0, LSID:25036]: State change 'kEstablishing' --> 'kActive'[0m
[0;34m[1784655142.640] [7204:7206] [IN] SecureSession[0x7b77fc009cd0]: Activated - Type:2 LSID:25036[0m
[0;34m[1784655142.640] [7204:7206] [IN] New secure session activated for device <0000000000000001, 1>, LSID:25036 PSID:32927![0m
[0;34m[1784655142.640] [7204:7206] [DIS] OperationalSessionSetup[1:0000000000000001]: State change 4 --> 5[0m
[0;32m[1784655142.640] [7204:7206] [TOO] Sending cluster (0x00000030) command (0x00000000) on endpoint 0[0m
[0;34m[1784655142.640] [7204:7206] [DMG] ICR moving to [AddingComm][0m
[0;34m[1784655142.640] [7204:7206] [DMG] ICR moving to [AddedComma][0m
[0;32m[1784655142.640] [7204:7206] [EM] <<< [E:55891i S:25036 M:105170649] (S) Msg TX from 000000000001B669 to 1:0000000000000001 [EB71] [UDP:[fe80::bfe:a203:38f0:bce7%enp0s3]:5540] --- Type 0001:08 (IM:InvokeCommandRequest) (B:65)[0m
[0;32m[1784655142.640] [7204:7206] [EM] ??1 [E:55891i S:25036 M:105170649] (S) Msg Retransmission to 1:0000000000000001 scheduled for 350ms from now [State:Active II:500 AI:300 AT:4000][0m
[0;34m[1784655142.640] [7204:7206] [DMG] ICR moving to [AwaitingRe][0m
[0;32m[1784655142.640] [7204:7206] [EM] <<< [E:55890i S:0 M:109018876 (Ack:36548240)] (U) Msg TX from BEC6280AC85D61AA to 0:0000000000000000 [0000] [UDP:[fe80::bfe:a203:38f0:bce7%enp0s3]:5540] --- Type 0000:10 (SecureChannel:StandaloneAck) (B:26)[0m
[0;34m[1784655142.640] [7204:7206] [EM] Flushed pending ack for MessageCounter:36548240 on exchange 55890i[0m
[0;32m[1784655142.641] [7204:7206] [EM] >>> [E:55891i S:25036 M:206018527 (Ack:105170649)] (S) Msg RX from 1:0000000000000001 [EB71] to 000000000001B669 --- Type 0001:09 (IM:InvokeCommandResponse) (B:70)[0m
[0;34m[1784655142.641] [7204:7206] [EM] Found matching exchange: 55891i, Delegate: 0x7b77fc00eef8[0m
[0;34m[1784655142.641] [7204:7206] [EM] Rxd Ack; Removing MessageCounter:105170649 from Retrans Table on exchange 55891i[0m
[0;34m[1784655142.641] [7204:7206] [DMG] ICR moving to [ResponseRe][0m
[0;34m[1784655142.641] [7204:7206] [DMG] InvokeResponseMessage =[0m
[0;34m[1784655142.641] [7204:7206] [DMG] {[0m
[0;34m[1784655142.641] [7204:7206] [DMG] 	suppressResponse = false, [0m
[0;34m[1784655142.641] [7204:7206] [DMG] 	InvokeResponseIBs =[0m
[0;34m[1784655142.641] [7204:7206] [DMG] 	[[0m
[0;34m[1784655142.641] [7204:7206] [DMG] 		InvokeResponseIB =[0m
[0;34m[1784655142.641] [7204:7206] [DMG] 		{[0m
[0;34m[1784655142.641] [7204:7206] [DMG] 			CommandDataIB =[0m
[0;34m[1784655142.641] [7204:7206] [DMG] 			{[0m
[0;34m[1784655142.641] [7204:7206] [DMG] 				CommandPathIB =[0m
[0;34m[1784655142.641] [7204:7206] [DMG] 				{[0m
[0;34m[1784655142.641] [7204:7206] [DMG] 					EndpointId = 0x0,[0m
[0;34m[1784655142.641] [7204:7206] [DMG] 					ClusterId = 0x30,[0m
[0;34m[1784655142.641] [7204:7206] [DMG] 					CommandId = 0x1,[0m
[0;34m[1784655142.641] [7204:7206] [DMG] 				},[0m
[0;34m[1784655142.641] [7204:7206] [DMG] 				[0m
[0;34m[1784655142.641] [7204:7206] [DMG] 				CommandFields = [0m
[0;34m[1784655142.641] [7204:7206] [DMG] 				{[0m
[0;34m[1784655142.641] [7204:7206] [DMG] 					0x0 = 0 (unsigned), [0m
[0;34m[1784655142.641] [7204:7206] [DMG] 					0x1 = "" (0 chars), [0m
[0;34m[1784655142.641] [7204:7206] [DMG] 				},[0m
[0;34m[1784655142.641] [7204:7206] [DMG] 			},[0m
[0;34m[1784655142.641] [7204:7206] [DMG] 			[0m
[0;34m[1784655142.641] [7204:7206] [DMG] 		},[0m
[0;34m[1784655142.641] [7204:7206] [DMG] 		[0m
[0;34m[1784655142.641] [7204:7206] [DMG] 	],[0m
[0;34m[1784655142.641] [7204:7206] [DMG] 	[0m
[0;34m[1784655142.641] [7204:7206] [DMG] 	InteractionModelRevision = 12[0m
[0;34m[1784655142.641] [7204:7206] [DMG] },[0m
[0;32m[1784655142.641] [7204:7206] [DMG] Received Command Response Data, Endpoint=0 Cluster=0x0000_0030 Command=0x0000_0001[0m
[0;32m[1784655142.641] [7204:7206] [TOO] Endpoint: 0 Cluster: 0x0000_0030 Command 0x0000_0001[0m
[0;32m[1784655142.641] [7204:7206] [TOO]   ArmFailSafeResponse: {[0m
[0;32m[1784655142.641] [7204:7206] [TOO]     errorCode: 0[0m
[0;32m[1784655142.641] [7204:7206] [TOO]     debugText: [0m
[0;32m[1784655142.641] [7204:7206] [TOO]    }[0m
[0;34m[1784655142.641] [7204:7206] [DMG] ICR moving to [AwaitingDe][0m
[0;32m[1784655142.641] [7204:7206] [EM] <<< [E:55891i S:25036 M:105170650 (Ack:206018527)] (S) Msg TX from 000000000001B669 to 1:0000000000000001 [EB71] [UDP:[fe80::bfe:a203:38f0:bce7%enp0s3]:5540] --- Type 0000:10 (SecureChannel:StandaloneAck) (B:34)[0m
[0;34m[1784655142.641] [7204:7206] [EM] Flushed pending ack for MessageCounter:206018527 on exchange 55891i[0m
[0;34m[1784655142.641] [7204:7204] [CTL] Shutting down the commissioner[0m
[0;32m[1784655142.641] [7204:7204] [PAF] WiFiPAF: Closing all WiFiPAF sessions to shutdown[0m
[0;34m[1784655142.641] [7204:7204] [CTL] Shutting down the controller[0m
[0;34m[1784655142.641] [7204:7204] [IN] Expiring all sessions for fabric 0x1!![0m
[0;34m[1784655142.641] [7204:7204] [IN] SecureSession[0x7b77fc009cd0]: MarkForEviction Type:2 LSID:25036[0m
[0;32m[1784655142.641] [7204:7204] [SC] SecureSession[0x7b77fc009cd0, LSID:25036]: State change 'kActive' --> 'kPendingEviction'[0m
[0;34m[1784655142.641] [7204:7204] [IN] SecureSession[0x7b77fc009cd0]: Released - Type:2 LSID:25036[0m
[0;32m[1784655142.641] [7204:7204] [FP] Forgetting fabric 0x1[0m
[0;32m[1784655142.641] [7204:7204] [TS] Pending Last Known Good Time: 2023-10-14T01:16:48[0m
[0;32m[1784655142.641] [7204:7204] [TS] Previous Last Known Good Time: 2023-10-14T01:16:48[0m
[0;32m[1784655142.641] [7204:7204] [TS] Reverted Last Known Good Time to previous value[0m
[0;34m[1784655142.641] [7204:7204] [CTL] Shutting down the commissioner[0m
[0;32m[1784655142.641] [7204:7204] [PAF] WiFiPAF: Closing all WiFiPAF sessions to shutdown[0m
[0;34m[1784655142.641] [7204:7204] [CTL] Shutting down the controller[0m
[0;34m[1784655142.641] [7204:7204] [CTL] Shutting down the System State, this will teardown the CHIP Stack[0m
[0;34m[1784655142.641] [7204:7204] [DMG] All ReadHandler-s are clean, clear GlobalDirtySet[0m
[0;32m[1784655142.641] [7204:7204] [FP] Shutting down FabricTable[0m
[0;32m[1784655142.641] [7204:7204] [TS] Pending Last Known Good Time: 2023-10-14T01:16:48[0m
[0;32m[1784655142.641] [7204:7204] [TS] Previous Last Known Good Time: 2023-10-14T01:16:48[0m
[0;32m[1784655142.641] [7204:7204] [TS] Reverted Last Known Good Time to previous value[0m
[0;34m[1784655142.643] [7204:7204] [DL] Wrote settings to /tmp/chip_counters.ini[0m
[0;32m[1784655142.643] [7204:7204] [DL] NVS set: chip-counters/total-operational-hours = 0 (0x0)[0m
[0;32m[1784655142.643] [7204:7204] [DL] Inet Layer shutdown[0m
[0;32m[1784655142.643] [7204:7204] [DL] BLE Layer shutdown[0m
[0;32m[1784655142.643] [7204:7204] [DL] WiFi-PAF Layer shutdown[0m
[0;32m[1784655142.643] [7204:7204] [PAF] WiFiPAF: Closing all WiFiPAF sessions to shutdown[0m
[0;32m[1784655142.643] [7204:7204] [DL] System Layer shutdown[0m
