[0;34m[1784655143.340] [7221:7221] [DL] ChipLinuxStorage::Init: Using KVS config file: /tmp/chip_tool_kvs[0m
[1;31m[1784655143.341] [7221:7221] [DL] ChipLinuxStorage::Init: Attempt to re-initialize with KVS config file: /tmp/chip_kvs, IGNORING.[0m
[0;34m[1784655143.343] [7221:7221] [DL] ChipLinuxStorage::Init: Using KVS config file: /tmp/chip_factory.ini[0m
[0;34m[1784655143.343] [7221:7221] [DL] ChipLinuxStorage::Init: Using KVS config file: /tmp/chip_config.ini[0m
[0;34m[1784655143.343] [7221:7221] [DL] ChipLinuxStorage::Init: Using KVS config file: /tmp/chip_counters.ini[0m
[0;34m[1784655143.346] [7221:7221] [DL] Wrote settings to /tmp/chip_counters.ini[0m
[0;32m[1784655143.346] [7221:7221] [DL] NVS set: chip-counters/reboot-count = 6 (0x6)[0m
[0;32m[1784655143.346] [7221:7221] [DL] Got Ethernet interface: enp0s3[0m
[0;32m[1784655143.346] [7221:7221] [DL] Found the primary Ethernet interface:enp0s3[0m
[1;31m[1784655143.346] [7221:7221] [DL] Failed to get WiFi interface[0m
[1;31m[1784655143.346] [7221:7221] [DL] Failed to reset WiFi statistic counts[0m
[0;32m[1784655143.346] [7221:7221] [PAF] WiFiPAF: WiFiPAFLayer::Init()[0m
[0;34m[1784655143.346] [7221:7221] [IN] UDP::Init bind&listen port=0[0m
[0;34m[1784655143.346] [7221:7221] [IN] UDP::Init bound to port=45498[0m
[0;34m[1784655143.346] [7221:7221] [IN] UDP::Init bind&listen port=0[0m
[0;34m[1784655143.346] [7221:7221] [IN] UDP::Init bound to port=49405[0m
[0;34m[1784655143.346] [7221:7221] [IN] BLEBase::Init - setting/overriding transport[0m
[0;34m[1784655143.346] [7221:7221] [IN] WiFiPAFBase::Init - setting/overriding transport[0m
[0;34m[1784655143.346] [7221:7221] [IN] TransportMgr initialized[0m
[0;34m[1784655143.346] [7221:7221] [FP] Initializing FabricTable from persistent storage[0m
[0;32m[1784655143.346] [7221:7221] [TS] Last Known Good Time: 2023-10-14T01:16:48[0m
[0;32m[1784655143.347] [7221:7221] [FP] Fabric index 0x1 was retrieved from storage. Compressed FabricId 0xFE3A51080F12EB71, FabricId 0x0000000000000001, NodeId 0x000000000001B669, VendorId 0xFFF1[0m
[0;32m[1784655143.348] [7221:7221] [DMG] Ember attribute persistence requires setting up[0m
[0;32m[1784655143.348] [7221:7221] [ZCL] Using ZAP configuration...[0m
[0;34m[1784655143.348] [7221:7221] [CTL] System State Initialized...[0m
[0;32m[1784655143.348] [7221:7221] [CTL] Setting attestation nonce to random value[0m
[0;32m[1784655143.348] [7221:7221] [CTL] Setting CSR nonce to random value[0m
[0;34m[1784655143.348] [7221:7223] [DL] CHIP task running[0m
[0;32m[1784655143.348] [7221:7223] [CTL] Setting attestation nonce to random value[0m
[0;32m[1784655143.348] [7221:7223] [CTL] Setting CSR nonce to random value[0m
[0;32m[1784655143.348] [7221:7223] [CTL] Generating NOC[0m
[0;32m[1784655143.349] [7221:7223] [FP] Validating NOC chain[0m
[0;32m[1784655143.349] [7221:7223] [FP] NOC chain validation successful[0m
[0;32m[1784655143.349] [7221:7223] [FP] Updated fabric at index: 0x1, Node ID: 0x000000000001B669[0m
[0;32m[1784655143.349] [7221:7223] [TS] Last Known Good Time: 2023-10-14T01:16:48[0m
[0;32m[1784655143.349] [7221:7223] [TS] New proposed Last Known Good Time: 2021-01-01T00:00:00[0m
[0;32m[1784655143.349] [7221:7223] [TS] Retaining current Last Known Good Time[0m
[0;32m[1784655143.351] [7221:7223] [FP] Metadata for Fabric 0x1 persisted to storage.[0m
[0;32m[1784655143.352] [7221:7223] [TS] Committing Last Known Good Time to storage: 2023-10-14T01:16:48[0m
[0;32m[1784655143.352] [7221:7223] [CTL] Joined the fabric at index 1. Fabric ID is 0x0000000000000001 (Compressed Fabric ID: FE3A51080F12EB71)[0m
[0;32m[1784655143.358] [7221:7223] [TOO] Sending command to node 0x1[0m
[0;34m[1784655143.358] [7221:7223] [CSM] FindOrEstablishSession: PeerId = [1:0000000000000001][0m
[0;34m[1784655143.358] [7221:7223] [CSM] FindOrEstablishSession: No existing OperationalSessionSetup instance found[0m
[0;34m[1784655143.358] [7221:7223] [DIS] OperationalSessionSetup[1:0000000000000001]: State change 1 --> 2[0m
[0;32m[1784655143.358] [7221:7223] [DIS] Lookup started for FE3A51080F12EB71-0000000000000001[0m
[0;32m[1784655143.359] [7221:7223] [DIS] UDP:[fe80::bfe:a203:38f0:bce7%enp0s3]:5540: new best score: 7 (for FE3A51080F12EB71-0000000000000001)[0m
[0;34m[1784655143.359] [7221:7223] [DIS] Lookup clearing interface for non LL address[0m
[0;32m[1784655143.359] [7221:7223] [DIS] UDP:10.0.2.15%enp0s3:5540: new best score: 2 (for FE3A51080F12EB71-0000000000000001)[0m
[0;32m[1784655143.359] [7221:7223] [DIS] Checking node lookup status for FE3A51080F12EB71-0000000000000001 after 1 ms[0m
[0;32m[1784655143.359] [7221:7223] [DIS] Keeping DNSSD lookup active[0m
[0;32m[1784655143.359] [7221:7223] [DIS] UDP:[fe80::bfe:a203:38f0:bce7%enp0s3]:5540: score has not improved: 7 (for FE3A51080F12EB71-0000000000000001)[0m
[0;34m[1784655143.359] [7221:7223] [DIS] Lookup clearing interface for non LL address[0m
[0;32m[1784655143.359] [7221:7223] [DIS] UDP:10.0.2.15%enp0s3:5540: score has not improved: 2 (for FE3A51080F12EB71-0000000000000001)[0m
[0;32m[1784655143.359] [7221:7223] [DIS] Checking node lookup status for FE3A51080F12EB71-0000000000000001 after 1 ms[0m
[0;32m[1784655143.359] [7221:7223] [DIS] Keeping DNSSD lookup active[0m
[0;32m[1784655143.567] [7221:7223] [DIS] Checking node lookup status for FE3A51080F12EB71-0000000000000001 after 209 ms[0m
[0;34m[1784655143.567] [7221:7223] [DIS] OperationalSessionSetup[1:0000000000000001]: Updating device address to UDP:[fe80::bfe:a203:38f0:bce7%enp0s3]:5540 while in state 2[0m
[0;34m[1784655143.567] [7221:7223] [DIS] OperationalSessionSetup[1:0000000000000001]: State change 2 --> 3[0m
[0;34m[1784655143.567] [7221:7223] [IN] SecureSession[0x7c0868009cd0]: Allocated Type:2 LSID:22732[0m
[0;32m[1784655143.567] [7221:7223] [SC] Initiating session on local FabricIndex 1 from 0x000000000001B669 -> 0x0000000000000001[0m
[0;32m[1784655143.568] [7221:7223] [EM] <<< [E:866i S:0 M:255763240] (U) Msg TX from E277E187D18F04BA to 0:0000000000000000 [0000] [UDP:[fe80::bfe:a203:38f0:bce7%enp0s3]:5540] --- Type 0000:30 (SecureChannel:CASE_Sigma1) (B:196)[0m
[0;32m[1784655143.568] [7221:7223] [EM] ??1 [E:866i S:0 M:255763240] (U) Msg Retransmission to 0:0000000000000000 scheduled for 619ms from now [State:Idle II:500 AI:300 AT:4000][0m
[0;32m[1784655143.568] [7221:7223] [SC] Sent Sigma1 msg to <0000000000000001, 1> [II:500ms AI:300ms AT:4000ms][0m
[0;34m[1784655143.568] [7221:7223] [DIS] OperationalSessionSetup[1:0000000000000001]: State change 3 --> 4[0m
[0;32m[1784655143.573] [7221:7223] [EM] >>> [E:866i S:0 M:36548245 (Ack:255763240)] (U) Msg RX from 0:0000000000000000 [0000] to E277E187D18F04BA --- Type 0000:31 (SecureChannel:CASE_Sigma2) (B:751)[0m
[0;34m[1784655143.573] [7221:7223] [EM] Found matching exchange: 866i, Delegate: 0x7c086800b8e8[0m
[0;34m[1784655143.573] [7221:7223] [EM] Rxd Ack; Removing MessageCounter:255763240 from Retrans Table on exchange 866i[0m
[0;32m[1784655143.573] [7221:7223] [SC] Received Sigma2 msg[0m
[0;34m[1784655143.573] [7221:7223] [SC] Found MRP parameters in the message[0m
[0;34m[1784655143.575] [7221:7223] [SC] Peer <0000000000000001, 1> assigned session ID 32930[0m
[0;34m[1784655143.575] [7221:7223] [SC] Sending Sigma3[0m
[0;32m[1784655143.575] [7221:7223] [EM] <<< [E:866i S:0 M:255763241 (Ack:36548245)] (U) Msg TX from E277E187D18F04BA to 0:0000000000000000 [0000] [UDP:[fe80::bfe:a203:38f0:bce7%enp0s3]:5540] --- Type 0000:32 (SecureChannel:CASE_Sigma3) (B:598)[0m
[0;32m[1784655143.575] [7221:7223] [EM] ??1 [E:866i S:0 M:255763241] (U) Msg Retransmission to 0:0000000000000000 scheduled for 360ms from now [State:Active II:500 AI:300 AT:4000][0m
[0;32m[1784655143.575] [7221:7223] [SC] Sent Sigma3 msg[0m
[0;32m[1784655143.585] [7221:7223] [EM] >>> [E:866i S:0 M:36548246 (Ack:255763241)] (U) Msg RX from 0:0000000000000000 [0000] to E277E187D18F04BA --- Type 0000:40 (SecureChannel:StatusReport) (B:34)[0m
[0;34m[1784655143.585] [7221:7223] [EM] Found matching exchange: 866i, Delegate: 0x7c086800b8e8[0m
[0;34m[1784655143.585] [7221:7223] [EM] Rxd Ack; Removing MessageCounter:255763241 from Retrans Table on exchange 866i[0m
[0;32m[1784655143.585] [7221:7223] [SC] Success status report received. Session was established[0m
[0;32m[1784655143.587] [7221:7223] [SC] SecureSession[0x7c0868009cd0, LSID:22732]: State change 'kEstablishing' --> 'kActive'[0m
[0;34m[1784655143.587] [7221:7223] [IN] SecureSession[0x7c0868009cd0]: Activated - Type:2 LSID:22732[0m
[0;34m[1784655143.587] [7221:7223] [IN] New secure session activated for device <0000000000000001, 1>, LSID:22732 PSID:32930![0m
[0;34m[1784655143.587] [7221:7223] [DIS] OperationalSessionSetup[1:0000000000000001]: State change 4 --> 5[0m
[0;32m[1784655143.587] [7221:7223] [TOO] Sending cluster (0x0000003E) command (0x00000007) on endpoint 0[0m
[0;34m[1784655143.587] [7221:7223] [DMG] ICR moving to [AddingComm][0m
[0;34m[1784655143.587] [7221:7223] [DMG] ICR moving to [AddedComma][0m
[0;32m[1784655143.587] [7221:7223] [EM] <<< [E:867i S:22732 M:141586308] (S) Msg TX from 000000000001B669 to 1:0000000000000001 [EB71] [UDP:[fe80::bfe:a203:38f0:bce7%enp0s3]:5540] --- Type 0001:08 (IM:InvokeCommandRequest) (B:330)[0m
[0;32m[1784655143.587] [7221:7223] [EM] ??1 [E:867i S:22732 M:141586308] (S) Msg Retransmission to 1:0000000000000001 scheduled for 397ms from now [State:Active II:500 AI:300 AT:4000][0m
[0;34m[1784655143.587] [7221:7223] [DMG] ICR moving to [AwaitingRe][0m
[0;32m[1784655143.587] [7221:7223] [EM] <<< [E:866i S:0 M:255763242 (Ack:36548246)] (U) Msg TX from E277E187D18F04BA to 0:0000000000000000 [0000] [UDP:[fe80::bfe:a203:38f0:bce7%enp0s3]:5540] --- Type 0000:10 (SecureChannel:StandaloneAck) (B:26)[0m
[0;34m[1784655143.587] [7221:7223] [EM] Flushed pending ack for MessageCounter:36548246 on exchange 866i[0m
[0;32m[1784655143.596] [7221:7223] [EM] >>> [E:867i S:22732 M:203516528 (Ack:141586308)] (S) Msg RX from 1:0000000000000001 [EB71] to 000000000001B669 --- Type 0001:09 (IM:InvokeCommandResponse) (B:70)[0m
[0;34m[1784655143.596] [7221:7223] [EM] Found matching exchange: 867i, Delegate: 0x7c086800eef8[0m
[0;34m[1784655143.596] [7221:7223] [EM] Rxd Ack; Removing MessageCounter:141586308 from Retrans Table on exchange 867i[0m
[0;34m[1784655143.596] [7221:7223] [DMG] ICR moving to [ResponseRe][0m
[0;34m[1784655143.596] [7221:7223] [DMG] InvokeResponseMessage =[0m
[0;34m[1784655143.596] [7221:7223] [DMG] {[0m
[0;34m[1784655143.596] [7221:7223] [DMG] 	suppressResponse = false, [0m
[0;34m[1784655143.596] [7221:7223] [DMG] 	InvokeResponseIBs =[0m
[0;34m[1784655143.596] [7221:7223] [DMG] 	[[0m
[0;34m[1784655143.596] [7221:7223] [DMG] 		InvokeResponseIB =[0m
[0;34m[1784655143.596] [7221:7223] [DMG] 		{[0m
[0;34m[1784655143.596] [7221:7223] [DMG] 			CommandDataIB =[0m
[0;34m[1784655143.596] [7221:7223] [DMG] 			{[0m
[0;34m[1784655143.596] [7221:7223] [DMG] 				CommandPathIB =[0m
[0;34m[1784655143.596] [7221:7223] [DMG] 				{[0m
[0;34m[1784655143.596] [7221:7223] [DMG] 					EndpointId = 0x0,[0m
[0;34m[1784655143.596] [7221:7223] [DMG] 					ClusterId = 0x3e,[0m
[0;34m[1784655143.596] [7221:7223] [DMG] 					CommandId = 0x8,[0m
[0;34m[1784655143.596] [7221:7223] [DMG] 				},[0m
[0;34m[1784655143.596] [7221:7223] [DMG] 				[0m
[0;34m[1784655143.596] [7221:7223] [DMG] 				CommandFields = [0m
[0;34m[1784655143.596] [7221:7223] [DMG] 				{[0m
[0;34m[1784655143.596] [7221:7223] [DMG] 					0x0 = 0 (unsigned), [0m
[0;34m[1784655143.596] [7221:7223] [DMG] 					0x1 = 1 (unsigned), [0m
[0;34m[1784655143.596] [7221:7223] [DMG] 				},[0m
[0;34m[1784655143.596] [7221:7223] [DMG] 			},[0m
[0;34m[1784655143.596] [7221:7223] [DMG] 			[0m
[0;34m[1784655143.596] [7221:7223] [DMG] 		},[0m
[0;34m[1784655143.596] [7221:7223] [DMG] 		[0m
[0;34m[1784655143.596] [7221:7223] [DMG] 	],[0m
[0;34m[1784655143.596] [7221:7223] [DMG] 	[0m
[0;34m[1784655143.596] [7221:7223] [DMG] 	InteractionModelRevision = 12[0m
[0;34m[1784655143.596] [7221:7223] [DMG] },[0m
[0;32m[1784655143.596] [7221:7223] [DMG] Received Command Response Data, Endpoint=0 Cluster=0x0000_003E Command=0x0000_0008[0m
[0;32m[1784655143.596] [7221:7223] [TOO] Endpoint: 0 Cluster: 0x0000_003E Command 0x0000_0008[0m
[0;32m[1784655143.596] [7221:7223] [TOO]   NOCResponse: {[0m
[0;32m[1784655143.596] [7221:7223] [TOO]     statusCode: 0[0m
[0;32m[1784655143.596] [7221:7223] [TOO]     fabricIndex: 1[0m
[0;32m[1784655143.596] [7221:7223] [TOO]    }[0m
[0;34m[1784655143.596] [7221:7223] [DMG] ICR moving to [AwaitingDe][0m
[0;32m[1784655143.596] [7221:7223] [EM] <<< [E:867i S:22732 M:141586309 (Ack:203516528)] (S) Msg TX from 000000000001B669 to 1:0000000000000001 [EB71] [UDP:[fe80::bfe:a203:38f0:bce7%enp0s3]:5540] --- Type 0000:10 (SecureChannel:StandaloneAck) (B:34)[0m
[0;34m[1784655143.596] [7221:7223] [EM] Flushed pending ack for MessageCounter:203516528 on exchange 867i[0m
[0;34m[1784655143.596] [7221:7221] [CTL] Shutting down the commissioner[0m
[0;32m[1784655143.596] [7221:7221] [PAF] WiFiPAF: Closing all WiFiPAF sessions to shutdown[0m
[0;34m[1784655143.596] [7221:7221] [CTL] Shutting down the controller[0m
[0;34m[1784655143.596] [7221:7221] [IN] Expiring all sessions for fabric 0x1!![0m
[0;34m[1784655143.596] [7221:7221] [IN] SecureSession[0x7c0868009cd0]: MarkForEviction Type:2 LSID:22732[0m
[0;32m[1784655143.596] [7221:7221] [SC] SecureSession[0x7c0868009cd0, LSID:22732]: State change 'kActive' --> 'kPendingEviction'[0m
[0;34m[1784655143.596] [7221:7221] [IN] SecureSession[0x7c0868009cd0]: Released - Type:2 LSID:22732[0m
[0;32m[1784655143.596] [7221:7221] [FP] Forgetting fabric 0x1[0m
[0;32m[1784655143.596] [7221:7221] [TS] Pending Last Known Good Time: 2023-10-14T01:16:48[0m
[0;32m[1784655143.596] [7221:7221] [TS] Previous Last Known Good Time: 2023-10-14T01:16:48[0m
[0;32m[1784655143.596] [7221:7221] [TS] Reverted Last Known Good Time to previous value[0m
[0;34m[1784655143.596] [7221:7221] [CTL] Shutting down the commissioner[0m
[0;32m[1784655143.596] [7221:7221] [PAF] WiFiPAF: Closing all WiFiPAF sessions to shutdown[0m
[0;34m[1784655143.596] [7221:7221] [CTL] Shutting down the controller[0m
[0;34m[1784655143.596] [7221:7221] [CTL] Shutting down the System State, this will teardown the CHIP Stack[0m
[0;34m[1784655143.596] [7221:7221] [DMG] All ReadHandler-s are clean, clear GlobalDirtySet[0m
[0;32m[1784655143.596] [7221:7221] [FP] Shutting down FabricTable[0m
[0;32m[1784655143.596] [7221:7221] [TS] Pending Last Known Good Time: 2023-10-14T01:16:48[0m
[0;32m[1784655143.596] [7221:7221] [TS] Previous Last Known Good Time: 2023-10-14T01:16:48[0m
[0;32m[1784655143.596] [7221:7221] [TS] Reverted Last Known Good Time to previous value[0m
[0;34m[1784655143.598] [7221:7221] [DL] Wrote settings to /tmp/chip_counters.ini[0m
[0;32m[1784655143.598] [7221:7221] [DL] NVS set: chip-counters/total-operational-hours = 0 (0x0)[0m
[0;32m[1784655143.598] [7221:7221] [DL] Inet Layer shutdown[0m
[0;32m[1784655143.598] [7221:7221] [DL] BLE Layer shutdown[0m
[0;32m[1784655143.598] [7221:7221] [DL] WiFi-PAF Layer shutdown[0m
[0;32m[1784655143.598] [7221:7221] [PAF] WiFiPAF: Closing all WiFiPAF sessions to shutdown[0m
[0;32m[1784655143.598] [7221:7221] [DL] System Layer shutdown[0m
