[0;34m[1784654144.238] [3629:3629] [DL] ChipLinuxStorage::Init: Using KVS config file: /tmp/chip_tool_kvs[0m
[1;31m[1784654144.238] [3629:3629] [DL] ChipLinuxStorage::Init: Attempt to re-initialize with KVS config file: /tmp/chip_kvs, IGNORING.[0m
[0;34m[1784654144.240] [3629:3629] [DL] ChipLinuxStorage::Init: Using KVS config file: /tmp/chip_factory.ini[0m
[0;34m[1784654144.240] [3629:3629] [DL] ChipLinuxStorage::Init: Using KVS config file: /tmp/chip_config.ini[0m
[0;34m[1784654144.240] [3629:3629] [DL] ChipLinuxStorage::Init: Using KVS config file: /tmp/chip_counters.ini[0m
[0;34m[1784654144.242] [3629:3629] [DL] Wrote settings to /tmp/chip_counters.ini[0m
[0;32m[1784654144.242] [3629:3629] [DL] NVS set: chip-counters/reboot-count = 3 (0x3)[0m
[0;32m[1784654144.242] [3629:3629] [DL] Got Ethernet interface: enp0s3[0m
[0;32m[1784654144.242] [3629:3629] [DL] Found the primary Ethernet interface:enp0s3[0m
[1;31m[1784654144.242] [3629:3629] [DL] Failed to get WiFi interface[0m
[1;31m[1784654144.242] [3629:3629] [DL] Failed to reset WiFi statistic counts[0m
[0;32m[1784654144.242] [3629:3629] [PAF] WiFiPAF: WiFiPAFLayer::Init()[0m
[0;34m[1784654144.242] [3629:3629] [IN] UDP::Init bind&listen port=0[0m
[0;34m[1784654144.242] [3629:3629] [IN] UDP::Init bound to port=53787[0m
[0;34m[1784654144.242] [3629:3629] [IN] UDP::Init bind&listen port=0[0m
[0;34m[1784654144.242] [3629:3629] [IN] UDP::Init bound to port=54772[0m
[0;34m[1784654144.242] [3629:3629] [IN] BLEBase::Init - setting/overriding transport[0m
[0;34m[1784654144.242] [3629:3629] [IN] WiFiPAFBase::Init - setting/overriding transport[0m
[0;34m[1784654144.242] [3629:3629] [IN] TransportMgr initialized[0m
[0;34m[1784654144.242] [3629:3629] [FP] Initializing FabricTable from persistent storage[0m
[0;32m[1784654144.243] [3629:3629] [TS] Last Known Good Time: 2023-10-14T01:16:48[0m
[0;32m[1784654144.243] [3629:3629] [FP] Fabric index 0x1 was retrieved from storage. Compressed FabricId 0x215CC571DEF15FFF, FabricId 0x0000000000000001, NodeId 0x000000000001B669, VendorId 0xFFF1[0m
[0;32m[1784654144.244] [3629:3629] [DMG] Ember attribute persistence requires setting up[0m
[0;32m[1784654144.244] [3629:3629] [ZCL] Using ZAP configuration...[0m
[0;34m[1784654144.244] [3629:3629] [CTL] System State Initialized...[0m
[0;32m[1784654144.244] [3629:3629] [CTL] Setting attestation nonce to random value[0m
[0;32m[1784654144.244] [3629:3629] [CTL] Setting CSR nonce to random value[0m
[0;34m[1784654144.244] [3629:3631] [DL] CHIP task running[0m
[0;32m[1784654144.244] [3629:3631] [CTL] Setting attestation nonce to random value[0m
[0;32m[1784654144.244] [3629:3631] [CTL] Setting CSR nonce to random value[0m
[0;32m[1784654144.244] [3629:3631] [CTL] Generating NOC[0m
[0;32m[1784654144.245] [3629:3631] [FP] Validating NOC chain[0m
[0;32m[1784654144.245] [3629:3631] [FP] NOC chain validation successful[0m
[0;32m[1784654144.245] [3629:3631] [FP] Updated fabric at index: 0x1, Node ID: 0x000000000001B669[0m
[0;32m[1784654144.245] [3629:3631] [TS] Last Known Good Time: 2023-10-14T01:16:48[0m
[0;32m[1784654144.245] [3629:3631] [TS] New proposed Last Known Good Time: 2021-01-01T00:00:00[0m
[0;32m[1784654144.245] [3629:3631] [TS] Retaining current Last Known Good Time[0m
[0;32m[1784654144.247] [3629:3631] [FP] Metadata for Fabric 0x1 persisted to storage.[0m
[0;32m[1784654144.248] [3629:3631] [TS] Committing Last Known Good Time to storage: 2023-10-14T01:16:48[0m
[0;32m[1784654144.249] [3629:3631] [CTL] Joined the fabric at index 1. Fabric ID is 0x0000000000000001 (Compressed Fabric ID: 215CC571DEF15FFF)[0m
[0;32m[1784654144.254] [3629:3631] [TOO] Sending command to node 0x1[0m
[0;34m[1784654144.254] [3629:3631] [CSM] FindOrEstablishSession: PeerId = [1:0000000000000001][0m
[0;34m[1784654144.254] [3629:3631] [CSM] FindOrEstablishSession: No existing OperationalSessionSetup instance found[0m
[0;34m[1784654144.254] [3629:3631] [DIS] OperationalSessionSetup[1:0000000000000001]: State change 1 --> 2[0m
[0;32m[1784654144.254] [3629:3631] [DIS] Lookup started for 215CC571DEF15FFF-0000000000000001[0m
[0;32m[1784654144.255] [3629:3631] [DIS] UDP:[fe80::bfe:a203:38f0:bce7%enp0s3]:5540: new best score: 7 (for 215CC571DEF15FFF-0000000000000001)[0m
[0;34m[1784654144.255] [3629:3631] [DIS] Lookup clearing interface for non LL address[0m
[0;32m[1784654144.255] [3629:3631] [DIS] UDP:10.0.2.15%enp0s3:5540: new best score: 2 (for 215CC571DEF15FFF-0000000000000001)[0m
[0;32m[1784654144.255] [3629:3631] [DIS] Checking node lookup status for 215CC571DEF15FFF-0000000000000001 after 1 ms[0m
[0;32m[1784654144.255] [3629:3631] [DIS] Keeping DNSSD lookup active[0m
[0;32m[1784654144.255] [3629:3631] [DIS] UDP:[fe80::bfe:a203:38f0:bce7%enp0s3]:5540: score has not improved: 7 (for 215CC571DEF15FFF-0000000000000001)[0m
[0;34m[1784654144.255] [3629:3631] [DIS] Lookup clearing interface for non LL address[0m
[0;32m[1784654144.255] [3629:3631] [DIS] UDP:10.0.2.15%enp0s3:5540: score has not improved: 2 (for 215CC571DEF15FFF-0000000000000001)[0m
[0;32m[1784654144.255] [3629:3631] [DIS] Checking node lookup status for 215CC571DEF15FFF-0000000000000001 after 1 ms[0m
[0;32m[1784654144.255] [3629:3631] [DIS] Keeping DNSSD lookup active[0m
[0;32m[1784654144.455] [3629:3631] [DIS] Checking node lookup status for 215CC571DEF15FFF-0000000000000001 after 202 ms[0m
[0;34m[1784654144.455] [3629:3631] [DIS] OperationalSessionSetup[1:0000000000000001]: Updating device address to UDP:[fe80::bfe:a203:38f0:bce7%enp0s3]:5540 while in state 2[0m
[0;34m[1784654144.455] [3629:3631] [DIS] OperationalSessionSetup[1:0000000000000001]: State change 2 --> 3[0m
[0;34m[1784654144.456] [3629:3631] [IN] SecureSession[0x785b70009cd0]: Allocated Type:2 LSID:32302[0m
[0;32m[1784654144.456] [3629:3631] [SC] Initiating session on local FabricIndex 1 from 0x000000000001B669 -> 0x0000000000000001[0m
[0;32m[1784654144.456] [3629:3631] [EM] <<< [E:33325i S:0 M:65477260] (U) Msg TX from 40E512AC45A7464A to 0:0000000000000000 [0000] [UDP:[fe80::bfe:a203:38f0:bce7%enp0s3]:5540] --- Type 0000:30 (SecureChannel:CASE_Sigma1) (B:196)[0m
[0;32m[1784654144.457] [3629:3631] [EM] ??1 [E:33325i S:0 M:65477260] (U) Msg Retransmission to 0:0000000000000000 scheduled for 685ms from now [State:Idle II:500 AI:300 AT:4000][0m
[0;32m[1784654144.457] [3629:3631] [SC] Sent Sigma1 msg to <0000000000000001, 1> [II:500ms AI:300ms AT:4000ms][0m
[0;34m[1784654144.457] [3629:3631] [DIS] OperationalSessionSetup[1:0000000000000001]: State change 3 --> 4[0m
[0;32m[1784654144.458] [3629:3631] [EM] >>> [E:33325i S:0 M:132076094 (Ack:65477260)] (U) Msg RX from 0:0000000000000000 [0000] to 40E512AC45A7464A --- Type 0000:31 (SecureChannel:CASE_Sigma2) (B:751)[0m
[0;34m[1784654144.458] [3629:3631] [EM] Found matching exchange: 33325i, Delegate: 0x785b7000b8e8[0m
[0;34m[1784654144.458] [3629:3631] [EM] Rxd Ack; Removing MessageCounter:65477260 from Retrans Table on exchange 33325i[0m
[0;32m[1784654144.458] [3629:3631] [SC] Received Sigma2 msg[0m
[0;34m[1784654144.459] [3629:3631] [SC] Found MRP parameters in the message[0m
[0;34m[1784654144.459] [3629:3631] [SC] Peer <0000000000000001, 1> assigned session ID 58743[0m
[0;34m[1784654144.459] [3629:3631] [SC] Sending Sigma3[0m
[0;32m[1784654144.460] [3629:3631] [EM] <<< [E:33325i S:0 M:65477261 (Ack:132076094)] (U) Msg TX from 40E512AC45A7464A to 0:0000000000000000 [0000] [UDP:[fe80::bfe:a203:38f0:bce7%enp0s3]:5540] --- Type 0000:32 (SecureChannel:CASE_Sigma3) (B:598)[0m
[0;32m[1784654144.460] [3629:3631] [EM] ??1 [E:33325i S:0 M:65477261] (U) Msg Retransmission to 0:0000000000000000 scheduled for 359ms from now [State:Active II:500 AI:300 AT:4000][0m
[0;32m[1784654144.460] [3629:3631] [SC] Sent Sigma3 msg[0m
[0;32m[1784654144.469] [3629:3631] [EM] >>> [E:33325i S:0 M:132076095 (Ack:65477261)] (U) Msg RX from 0:0000000000000000 [0000] to 40E512AC45A7464A --- Type 0000:40 (SecureChannel:StatusReport) (B:34)[0m
[0;34m[1784654144.469] [3629:3631] [EM] Found matching exchange: 33325i, Delegate: 0x785b7000b8e8[0m
[0;34m[1784654144.469] [3629:3631] [EM] Rxd Ack; Removing MessageCounter:65477261 from Retrans Table on exchange 33325i[0m
[0;32m[1784654144.469] [3629:3631] [SC] Success status report received. Session was established[0m
[0;32m[1784654144.471] [3629:3631] [SC] SecureSession[0x785b70009cd0, LSID:32302]: State change 'kEstablishing' --> 'kActive'[0m
[0;34m[1784654144.471] [3629:3631] [IN] SecureSession[0x785b70009cd0]: Activated - Type:2 LSID:32302[0m
[0;34m[1784654144.471] [3629:3631] [IN] New secure session activated for device <0000000000000001, 1>, LSID:32302 PSID:58743![0m
[0;34m[1784654144.471] [3629:3631] [DIS] OperationalSessionSetup[1:0000000000000001]: State change 4 --> 5[0m
[0;32m[1784654144.471] [3629:3631] [TOO] Sending cluster (0x00000030) command (0x00000000) on endpoint 0[0m
[0;34m[1784654144.471] [3629:3631] [DMG] ICR moving to [AddingComm][0m
[0;34m[1784654144.471] [3629:3631] [DMG] ICR moving to [AddedComma][0m
[0;32m[1784654144.471] [3629:3631] [EM] <<< [E:33326i S:32302 M:9812295] (S) Msg TX from 000000000001B669 to 1:0000000000000001 [5FFF] [UDP:[fe80::bfe:a203:38f0:bce7%enp0s3]:5540] --- Type 0001:08 (IM:InvokeCommandRequest) (B:65)[0m
[0;32m[1784654144.471] [3629:3631] [EM] ??1 [E:33326i S:32302 M:9812295] (S) Msg Retransmission to 1:0000000000000001 scheduled for 359ms from now [State:Active II:500 AI:300 AT:4000][0m
[0;34m[1784654144.471] [3629:3631] [DMG] ICR moving to [AwaitingRe][0m
[0;32m[1784654144.471] [3629:3631] [EM] <<< [E:33325i S:0 M:65477262 (Ack:132076095)] (U) Msg TX from 40E512AC45A7464A to 0:0000000000000000 [0000] [UDP:[fe80::bfe:a203:38f0:bce7%enp0s3]:5540] --- Type 0000:10 (SecureChannel:StandaloneAck) (B:26)[0m
[0;34m[1784654144.471] [3629:3631] [EM] Flushed pending ack for MessageCounter:132076095 on exchange 33325i[0m
[0;32m[1784654144.471] [3629:3631] [EM] >>> [E:33326i S:32302 M:43305940 (Ack:9812295)] (S) Msg RX from 1:0000000000000001 [5FFF] to 000000000001B669 --- Type 0001:09 (IM:InvokeCommandResponse) (B:70)[0m
[0;34m[1784654144.471] [3629:3631] [EM] Found matching exchange: 33326i, Delegate: 0x785b7000eef8[0m
[0;34m[1784654144.471] [3629:3631] [EM] Rxd Ack; Removing MessageCounter:9812295 from Retrans Table on exchange 33326i[0m
[0;34m[1784654144.471] [3629:3631] [DMG] ICR moving to [ResponseRe][0m
[0;34m[1784654144.471] [3629:3631] [DMG] InvokeResponseMessage =[0m
[0;34m[1784654144.471] [3629:3631] [DMG] {[0m
[0;34m[1784654144.471] [3629:3631] [DMG] 	suppressResponse = false, [0m
[0;34m[1784654144.471] [3629:3631] [DMG] 	InvokeResponseIBs =[0m
[0;34m[1784654144.471] [3629:3631] [DMG] 	[[0m
[0;34m[1784654144.471] [3629:3631] [DMG] 		InvokeResponseIB =[0m
[0;34m[1784654144.471] [3629:3631] [DMG] 		{[0m
[0;34m[1784654144.471] [3629:3631] [DMG] 			CommandDataIB =[0m
[0;34m[1784654144.471] [3629:3631] [DMG] 			{[0m
[0;34m[1784654144.471] [3629:3631] [DMG] 				CommandPathIB =[0m
[0;34m[1784654144.471] [3629:3631] [DMG] 				{[0m
[0;34m[1784654144.471] [3629:3631] [DMG] 					EndpointId = 0x0,[0m
[0;34m[1784654144.471] [3629:3631] [DMG] 					ClusterId = 0x30,[0m
[0;34m[1784654144.471] [3629:3631] [DMG] 					CommandId = 0x1,[0m
[0;34m[1784654144.471] [3629:3631] [DMG] 				},[0m
[0;34m[1784654144.471] [3629:3631] [DMG] 				[0m
[0;34m[1784654144.471] [3629:3631] [DMG] 				CommandFields = [0m
[0;34m[1784654144.471] [3629:3631] [DMG] 				{[0m
[0;34m[1784654144.471] [3629:3631] [DMG] 					0x0 = 0 (unsigned), [0m
[0;34m[1784654144.471] [3629:3631] [DMG] 					0x1 = "" (0 chars), [0m
[0;34m[1784654144.471] [3629:3631] [DMG] 				},[0m
[0;34m[1784654144.471] [3629:3631] [DMG] 			},[0m
[0;34m[1784654144.471] [3629:3631] [DMG] 			[0m
[0;34m[1784654144.471] [3629:3631] [DMG] 		},[0m
[0;34m[1784654144.471] [3629:3631] [DMG] 		[0m
[0;34m[1784654144.471] [3629:3631] [DMG] 	],[0m
[0;34m[1784654144.471] [3629:3631] [DMG] 	[0m
[0;34m[1784654144.471] [3629:3631] [DMG] 	InteractionModelRevision = 12[0m
[0;34m[1784654144.471] [3629:3631] [DMG] },[0m
[0;32m[1784654144.471] [3629:3631] [DMG] Received Command Response Data, Endpoint=0 Cluster=0x0000_0030 Command=0x0000_0001[0m
[0;32m[1784654144.471] [3629:3631] [TOO] Endpoint: 0 Cluster: 0x0000_0030 Command 0x0000_0001[0m
[0;32m[1784654144.471] [3629:3631] [TOO]   ArmFailSafeResponse: {[0m
[0;32m[1784654144.471] [3629:3631] [TOO]     errorCode: 0[0m
[0;32m[1784654144.471] [3629:3631] [TOO]     debugText: [0m
[0;32m[1784654144.471] [3629:3631] [TOO]    }[0m
[0;34m[1784654144.471] [3629:3631] [DMG] ICR moving to [AwaitingDe][0m
[0;32m[1784654144.471] [3629:3631] [EM] <<< [E:33326i S:32302 M:9812296 (Ack:43305940)] (S) Msg TX from 000000000001B669 to 1:0000000000000001 [5FFF] [UDP:[fe80::bfe:a203:38f0:bce7%enp0s3]:5540] --- Type 0000:10 (SecureChannel:StandaloneAck) (B:34)[0m
[0;34m[1784654144.471] [3629:3631] [EM] Flushed pending ack for MessageCounter:43305940 on exchange 33326i[0m
[0;34m[1784654144.471] [3629:3629] [CTL] Shutting down the commissioner[0m
[0;32m[1784654144.471] [3629:3629] [PAF] WiFiPAF: Closing all WiFiPAF sessions to shutdown[0m
[0;34m[1784654144.471] [3629:3629] [CTL] Shutting down the controller[0m
[0;34m[1784654144.471] [3629:3629] [IN] Expiring all sessions for fabric 0x1!![0m
[0;34m[1784654144.471] [3629:3629] [IN] SecureSession[0x785b70009cd0]: MarkForEviction Type:2 LSID:32302[0m
[0;32m[1784654144.471] [3629:3629] [SC] SecureSession[0x785b70009cd0, LSID:32302]: State change 'kActive' --> 'kPendingEviction'[0m
[0;34m[1784654144.471] [3629:3629] [IN] SecureSession[0x785b70009cd0]: Released - Type:2 LSID:32302[0m
[0;32m[1784654144.471] [3629:3629] [FP] Forgetting fabric 0x1[0m
[0;32m[1784654144.472] [3629:3629] [TS] Pending Last Known Good Time: 2023-10-14T01:16:48[0m
[0;32m[1784654144.472] [3629:3629] [TS] Previous Last Known Good Time: 2023-10-14T01:16:48[0m
[0;32m[1784654144.472] [3629:3629] [TS] Reverted Last Known Good Time to previous value[0m
[0;34m[1784654144.472] [3629:3629] [CTL] Shutting down the commissioner[0m
[0;32m[1784654144.472] [3629:3629] [PAF] WiFiPAF: Closing all WiFiPAF sessions to shutdown[0m
[0;34m[1784654144.472] [3629:3629] [CTL] Shutting down the controller[0m
[0;34m[1784654144.472] [3629:3629] [CTL] Shutting down the System State, this will teardown the CHIP Stack[0m
[0;34m[1784654144.472] [3629:3629] [DMG] All ReadHandler-s are clean, clear GlobalDirtySet[0m
[0;32m[1784654144.472] [3629:3629] [FP] Shutting down FabricTable[0m
[0;32m[1784654144.472] [3629:3629] [TS] Pending Last Known Good Time: 2023-10-14T01:16:48[0m
[0;32m[1784654144.472] [3629:3629] [TS] Previous Last Known Good Time: 2023-10-14T01:16:48[0m
[0;32m[1784654144.472] [3629:3629] [TS] Reverted Last Known Good Time to previous value[0m
[0;34m[1784654144.474] [3629:3629] [DL] Wrote settings to /tmp/chip_counters.ini[0m
[0;32m[1784654144.474] [3629:3629] [DL] NVS set: chip-counters/total-operational-hours = 0 (0x0)[0m
[0;32m[1784654144.474] [3629:3629] [DL] Inet Layer shutdown[0m
[0;32m[1784654144.474] [3629:3629] [DL] BLE Layer shutdown[0m
[0;32m[1784654144.474] [3629:3629] [DL] WiFi-PAF Layer shutdown[0m
[0;32m[1784654144.474] [3629:3629] [PAF] WiFiPAF: Closing all WiFiPAF sessions to shutdown[0m
[0;32m[1784654144.474] [3629:3629] [DL] System Layer shutdown[0m
