[0;34m[1784654144.520] [3633:3633] [DL] ChipLinuxStorage::Init: Using KVS config file: /tmp/chip_tool_kvs[0m
[1;31m[1784654144.521] [3633:3633] [DL] ChipLinuxStorage::Init: Attempt to re-initialize with KVS config file: /tmp/chip_kvs, IGNORING.[0m
[0;34m[1784654144.522] [3633:3633] [DL] ChipLinuxStorage::Init: Using KVS config file: /tmp/chip_factory.ini[0m
[0;34m[1784654144.522] [3633:3633] [DL] ChipLinuxStorage::Init: Using KVS config file: /tmp/chip_config.ini[0m
[0;34m[1784654144.522] [3633:3633] [DL] ChipLinuxStorage::Init: Using KVS config file: /tmp/chip_counters.ini[0m
[0;34m[1784654144.524] [3633:3633] [DL] Wrote settings to /tmp/chip_counters.ini[0m
[0;32m[1784654144.524] [3633:3633] [DL] NVS set: chip-counters/reboot-count = 4 (0x4)[0m
[0;32m[1784654144.525] [3633:3633] [DL] Got Ethernet interface: enp0s3[0m
[0;32m[1784654144.525] [3633:3633] [DL] Found the primary Ethernet interface:enp0s3[0m
[1;31m[1784654144.525] [3633:3633] [DL] Failed to get WiFi interface[0m
[1;31m[1784654144.525] [3633:3633] [DL] Failed to reset WiFi statistic counts[0m
[0;32m[1784654144.525] [3633:3633] [PAF] WiFiPAF: WiFiPAFLayer::Init()[0m
[0;34m[1784654144.525] [3633:3633] [IN] UDP::Init bind&listen port=0[0m
[0;34m[1784654144.525] [3633:3633] [IN] UDP::Init bound to port=51323[0m
[0;34m[1784654144.525] [3633:3633] [IN] UDP::Init bind&listen port=0[0m
[0;34m[1784654144.525] [3633:3633] [IN] UDP::Init bound to port=56838[0m
[0;34m[1784654144.525] [3633:3633] [IN] BLEBase::Init - setting/overriding transport[0m
[0;34m[1784654144.525] [3633:3633] [IN] WiFiPAFBase::Init - setting/overriding transport[0m
[0;34m[1784654144.525] [3633:3633] [IN] TransportMgr initialized[0m
[0;34m[1784654144.525] [3633:3633] [FP] Initializing FabricTable from persistent storage[0m
[0;32m[1784654144.525] [3633:3633] [TS] Last Known Good Time: 2023-10-14T01:16:48[0m
[0;32m[1784654144.525] [3633:3633] [FP] Fabric index 0x1 was retrieved from storage. Compressed FabricId 0x215CC571DEF15FFF, FabricId 0x0000000000000001, NodeId 0x000000000001B669, VendorId 0xFFF1[0m
[0;32m[1784654144.526] [3633:3633] [DMG] Ember attribute persistence requires setting up[0m
[0;32m[1784654144.526] [3633:3633] [ZCL] Using ZAP configuration...[0m
[0;34m[1784654144.526] [3633:3633] [CTL] System State Initialized...[0m
[0;32m[1784654144.526] [3633:3633] [CTL] Setting attestation nonce to random value[0m
[0;32m[1784654144.526] [3633:3633] [CTL] Setting CSR nonce to random value[0m
[0;34m[1784654144.526] [3633:3635] [DL] CHIP task running[0m
[0;32m[1784654144.526] [3633:3635] [CTL] Setting attestation nonce to random value[0m
[0;32m[1784654144.526] [3633:3635] [CTL] Setting CSR nonce to random value[0m
[0;32m[1784654144.526] [3633:3635] [CTL] Generating NOC[0m
[0;32m[1784654144.527] [3633:3635] [FP] Validating NOC chain[0m
[0;32m[1784654144.527] [3633:3635] [FP] NOC chain validation successful[0m
[0;32m[1784654144.527] [3633:3635] [FP] Updated fabric at index: 0x1, Node ID: 0x000000000001B669[0m
[0;32m[1784654144.527] [3633:3635] [TS] Last Known Good Time: 2023-10-14T01:16:48[0m
[0;32m[1784654144.527] [3633:3635] [TS] New proposed Last Known Good Time: 2021-01-01T00:00:00[0m
[0;32m[1784654144.527] [3633:3635] [TS] Retaining current Last Known Good Time[0m
[0;32m[1784654144.529] [3633:3635] [FP] Metadata for Fabric 0x1 persisted to storage.[0m
[0;32m[1784654144.529] [3633:3635] [TS] Committing Last Known Good Time to storage: 2023-10-14T01:16:48[0m
[0;32m[1784654144.530] [3633:3635] [CTL] Joined the fabric at index 1. Fabric ID is 0x0000000000000001 (Compressed Fabric ID: 215CC571DEF15FFF)[0m
[0;32m[1784654144.534] [3633:3635] [TOO] Sending command to node 0x1[0m
[0;34m[1784654144.535] [3633:3635] [CSM] FindOrEstablishSession: PeerId = [1:0000000000000001][0m
[0;34m[1784654144.535] [3633:3635] [CSM] FindOrEstablishSession: No existing OperationalSessionSetup instance found[0m
[0;34m[1784654144.535] [3633:3635] [DIS] OperationalSessionSetup[1:0000000000000001]: State change 1 --> 2[0m
[0;32m[1784654144.536] [3633:3635] [DIS] Lookup started for 215CC571DEF15FFF-0000000000000001[0m
[0;32m[1784654144.539] [3633:3635] [DIS] UDP:[fe80::bfe:a203:38f0:bce7%enp0s3]:5540: new best score: 7 (for 215CC571DEF15FFF-0000000000000001)[0m
[0;34m[1784654144.539] [3633:3635] [DIS] Lookup clearing interface for non LL address[0m
[0;32m[1784654144.539] [3633:3635] [DIS] UDP:10.0.2.15%enp0s3:5540: new best score: 2 (for 215CC571DEF15FFF-0000000000000001)[0m
[0;32m[1784654144.539] [3633:3635] [DIS] Checking node lookup status for 215CC571DEF15FFF-0000000000000001 after 4 ms[0m
[0;32m[1784654144.539] [3633:3635] [DIS] Keeping DNSSD lookup active[0m
[0;32m[1784654144.539] [3633:3635] [DIS] UDP:[fe80::bfe:a203:38f0:bce7%enp0s3]:5540: score has not improved: 7 (for 215CC571DEF15FFF-0000000000000001)[0m
[0;34m[1784654144.539] [3633:3635] [DIS] Lookup clearing interface for non LL address[0m
[0;32m[1784654144.539] [3633:3635] [DIS] UDP:10.0.2.15%enp0s3:5540: score has not improved: 2 (for 215CC571DEF15FFF-0000000000000001)[0m
[0;32m[1784654144.539] [3633:3635] [DIS] Checking node lookup status for 215CC571DEF15FFF-0000000000000001 after 4 ms[0m
[0;32m[1784654144.539] [3633:3635] [DIS] Keeping DNSSD lookup active[0m
[0;32m[1784654144.736] [3633:3635] [DIS] Checking node lookup status for 215CC571DEF15FFF-0000000000000001 after 201 ms[0m
[0;34m[1784654144.736] [3633:3635] [DIS] OperationalSessionSetup[1:0000000000000001]: Updating device address to UDP:[fe80::bfe:a203:38f0:bce7%enp0s3]:5540 while in state 2[0m
[0;34m[1784654144.736] [3633:3635] [DIS] OperationalSessionSetup[1:0000000000000001]: State change 2 --> 3[0m
[0;34m[1784654144.736] [3633:3635] [IN] SecureSession[0x71c784009cd0]: Allocated Type:2 LSID:16407[0m
[0;32m[1784654144.736] [3633:3635] [SC] Initiating session on local FabricIndex 1 from 0x000000000001B669 -> 0x0000000000000001[0m
[0;32m[1784654144.737] [3633:3635] [EM] <<< [E:61866i S:0 M:23600780] (U) Msg TX from 2EE5068BA1BC4625 to 0:0000000000000000 [0000] [UDP:[fe80::bfe:a203:38f0:bce7%enp0s3]:5540] --- Type 0000:30 (SecureChannel:CASE_Sigma1) (B:196)[0m
[0;32m[1784654144.737] [3633:3635] [EM] ??1 [E:61866i S:0 M:23600780] (U) Msg Retransmission to 0:0000000000000000 scheduled for 629ms from now [State:Idle II:500 AI:300 AT:4000][0m
[0;32m[1784654144.737] [3633:3635] [SC] Sent Sigma1 msg to <0000000000000001, 1> [II:500ms AI:300ms AT:4000ms][0m
[0;34m[1784654144.737] [3633:3635] [DIS] OperationalSessionSetup[1:0000000000000001]: State change 3 --> 4[0m
[0;32m[1784654144.740] [3633:3635] [EM] >>> [E:61866i S:0 M:132076096 (Ack:23600780)] (U) Msg RX from 0:0000000000000000 [0000] to 2EE5068BA1BC4625 --- Type 0000:31 (SecureChannel:CASE_Sigma2) (B:751)[0m
[0;34m[1784654144.740] [3633:3635] [EM] Found matching exchange: 61866i, Delegate: 0x71c78400b8e8[0m
[0;34m[1784654144.740] [3633:3635] [EM] Rxd Ack; Removing MessageCounter:23600780 from Retrans Table on exchange 61866i[0m
[0;32m[1784654144.740] [3633:3635] [SC] Received Sigma2 msg[0m
[0;34m[1784654144.740] [3633:3635] [SC] Found MRP parameters in the message[0m
[0;34m[1784654144.741] [3633:3635] [SC] Peer <0000000000000001, 1> assigned session ID 58744[0m
[0;34m[1784654144.741] [3633:3635] [SC] Sending Sigma3[0m
[0;32m[1784654144.741] [3633:3635] [EM] <<< [E:61866i S:0 M:23600781 (Ack:132076096)] (U) Msg TX from 2EE5068BA1BC4625 to 0:0000000000000000 [0000] [UDP:[fe80::bfe:a203:38f0:bce7%enp0s3]:5540] --- Type 0000:32 (SecureChannel:CASE_Sigma3) (B:598)[0m
[0;32m[1784654144.741] [3633:3635] [EM] ??1 [E:61866i S:0 M:23600781] (U) Msg Retransmission to 0:0000000000000000 scheduled for 401ms from now [State:Active II:500 AI:300 AT:4000][0m
[0;32m[1784654144.741] [3633:3635] [SC] Sent Sigma3 msg[0m
[0;32m[1784654144.750] [3633:3635] [EM] >>> [E:61866i S:0 M:132076097 (Ack:23600781)] (U) Msg RX from 0:0000000000000000 [0000] to 2EE5068BA1BC4625 --- Type 0000:40 (SecureChannel:StatusReport) (B:34)[0m
[0;34m[1784654144.750] [3633:3635] [EM] Found matching exchange: 61866i, Delegate: 0x71c78400b8e8[0m
[0;34m[1784654144.750] [3633:3635] [EM] Rxd Ack; Removing MessageCounter:23600781 from Retrans Table on exchange 61866i[0m
[0;32m[1784654144.750] [3633:3635] [SC] Success status report received. Session was established[0m
[0;32m[1784654144.752] [3633:3635] [SC] SecureSession[0x71c784009cd0, LSID:16407]: State change 'kEstablishing' --> 'kActive'[0m
[0;34m[1784654144.752] [3633:3635] [IN] SecureSession[0x71c784009cd0]: Activated - Type:2 LSID:16407[0m
[0;34m[1784654144.752] [3633:3635] [IN] New secure session activated for device <0000000000000001, 1>, LSID:16407 PSID:58744![0m
[0;34m[1784654144.752] [3633:3635] [DIS] OperationalSessionSetup[1:0000000000000001]: State change 4 --> 5[0m
[0;32m[1784654144.752] [3633:3635] [TOO] Sending cluster (0x0000003E) command (0x00000004) on endpoint 0[0m
[0;34m[1784654144.752] [3633:3635] [DMG] ICR moving to [AddingComm][0m
[0;34m[1784654144.752] [3633:3635] [DMG] ICR moving to [AddedComma][0m
[0;32m[1784654144.752] [3633:3635] [EM] <<< [E:61867i S:16407 M:161279166] (S) Msg TX from 000000000001B669 to 1:0000000000000001 [5FFF] [UDP:[fe80::bfe:a203:38f0:bce7%enp0s3]:5540] --- Type 0001:08 (IM:InvokeCommandRequest) (B:96)[0m
[0;32m[1784654144.752] [3633:3635] [EM] ??1 [E:61867i S:16407 M:161279166] (S) Msg Retransmission to 1:0000000000000001 scheduled for 368ms from now [State:Active II:500 AI:300 AT:4000][0m
[0;34m[1784654144.752] [3633:3635] [DMG] ICR moving to [AwaitingRe][0m
[0;32m[1784654144.752] [3633:3635] [EM] <<< [E:61866i S:0 M:23600782 (Ack:132076097)] (U) Msg TX from 2EE5068BA1BC4625 to 0:0000000000000000 [0000] [UDP:[fe80::bfe:a203:38f0:bce7%enp0s3]:5540] --- Type 0000:10 (SecureChannel:StandaloneAck) (B:26)[0m
[0;34m[1784654144.752] [3633:3635] [EM] Flushed pending ack for MessageCounter:132076097 on exchange 61866i[0m
[0;32m[1784654144.752] [3633:3635] [EM] >>> [E:61867i S:16407 M:220419839 (Ack:161279166)] (S) Msg RX from 1:0000000000000001 [5FFF] to 000000000001B669 --- Type 0001:09 (IM:InvokeCommandResponse) (B:377)[0m
[0;34m[1784654144.752] [3633:3635] [EM] Found matching exchange: 61867i, Delegate: 0x71c78400eef8[0m
[0;34m[1784654144.752] [3633:3635] [EM] Rxd Ack; Removing MessageCounter:161279166 from Retrans Table on exchange 61867i[0m
[0;34m[1784654144.752] [3633:3635] [DMG] ICR moving to [ResponseRe][0m
[0;34m[1784654144.752] [3633:3635] [DMG] InvokeResponseMessage =[0m
[0;34m[1784654144.752] [3633:3635] [DMG] {[0m
[0;34m[1784654144.752] [3633:3635] [DMG] 	suppressResponse = false, [0m
[0;34m[1784654144.752] [3633:3635] [DMG] 	InvokeResponseIBs =[0m
[0;34m[1784654144.752] [3633:3635] [DMG] 	[[0m
[0;34m[1784654144.752] [3633:3635] [DMG] 		InvokeResponseIB =[0m
[0;34m[1784654144.752] [3633:3635] [DMG] 		{[0m
[0;34m[1784654144.752] [3633:3635] [DMG] 			CommandDataIB =[0m
[0;34m[1784654144.752] [3633:3635] [DMG] 			{[0m
[0;34m[1784654144.752] [3633:3635] [DMG] 				CommandPathIB =[0m
[0;34m[1784654144.752] [3633:3635] [DMG] 				{[0m
[0;34m[1784654144.752] [3633:3635] [DMG] 					EndpointId = 0x0,[0m
[0;34m[1784654144.752] [3633:3635] [DMG] 					ClusterId = 0x3e,[0m
[0;34m[1784654144.752] [3633:3635] [DMG] 					CommandId = 0x5,[0m
[0;34m[1784654144.752] [3633:3635] [DMG] 				},[0m
[0;34m[1784654144.752] [3633:3635] [DMG] 				[0m
[0;34m[1784654144.752] [3633:3635] [DMG] 				CommandFields = [0m
[0;34m[1784654144.752] [3633:3635] [DMG] 				{[0m
[0;34m[1784654144.752] [3633:3635] [DMG] 					0x0 = [[0m
[0;34m[1784654144.752] [3633:3635] [DMG] 							0x15, 0x30, 0x01, 0xcb, 0x30, 0x81, 0xc8, 0x30, 0x70, 0x02, 0x01, 0x00, 0x30, 0x0e, 0x31, 0x0c, 0x30, 0x0a, 0x06, 0x03, 0x55, 0x04, 0x0a, 0x0c, 0x03, 0x43, 0x53, 0x52, 0x30, 0x59, 0x30, 0x13, 0x06, 0x07, 0x2a, 0x86, 0x48, 0xce, 0x3d, 0x02, 0x01, 0x06, 0x08, 0x2a, 0x86, 0x48, 0xce, 0x3d, 0x03, 0x01, 0x07, 0x03, 0x42, 0x00, 0x04, 0x04, 0x9b, 0xcd, 0x54, 0xdc, 0xf8, 0xe0, 0xbb, 0xbd, 0xc9, 0x66, 0xe1, 0x63, 0x13, 0xaf, 0x38, 0x3c, 0xd2, 0xee, 0x5a, 0x5c, 0x5e, 0x05, 0x67, 0x77, 0xfc, 0xb6, 0xb3, 0xf4, 0xcd, 0x8a, 0x20, 0xd4, 0xeb, 0xa5, 0xef, 0xb6, 0xc3, 0xbb, 0x23, 0xc0, 0x2c, 0x58, 0xf9, 0x53, 0x76, 0x42, 0xc0, 0x1b, 0xf8, 0x72, 0xfd, 0xb3, 0x41, 0x01, 0xce, 0x4f, 0xd5, 0xef, 0xa6, 0x2d, 0x30, 0xad, 0x4a, 0xa0, 0x00, 0x30, 0x0a, 0x06, 0x08, 0x2a, 0x86, 0x48, 0xce, 0x3d, 0x04, 0x03, 0x02, 0x03, 0x48, 0x00, 0x30, 0x45, 0x02, 0x20, 0x3a, 0x1c, 0x76, 0x14, 0x6e, 0x82, 0xd3, 0x5f, 0x21, 0x7d, 0xbe, 0x95, 0x76, 0xb9, 0x7b, 0x56, 0x65, 0x3c, 0x36, 0x0a, 0x1a, 0x46, 0x01, 0x3a, 0xb4, 0xf0, 0x1c, 0xb0, 0x19, 0x54, 0x1f, 0x26, 0x02, 0x21, 0x00, 0x9b, 0x68, 0xd5, 0x77, 0x42, 0xde, 0x45, 0xf3, 0xa3, 0x07, 0xe3, 0xf5, 0xe4, 0xdd, 0x6a, 0x26, 0x84, 0x71, 0x15, 0x52, 0xd9, 0x5c, 0xd1, 0x3d, 0x55, 0x51, 0xa8, 0xbf, 0x27, 0x60, 0x4a, 0xfb, 0x30, 0x02, 0x20, 0x52, 0xf8, 0x31, 0xe6, 0x7b, 0xb9, 0xb7, 0xe2, 0x58, 0x2f, 0xd7, 0x0c, 0x2f, 0x52, 0x0d, 0x05, 0xa8, 0xd6, 0xcb, 0xb6, 0xb9, 0xd2, 0xa4, 0x9d, 0xb3, 0x90, 0x35, 0x80, 0xd4, 0x86, 0xfd, 0x9d, 0x18, [0m
[0;34m[1784654144.752] [3633:3635] [DMG] 					] (243 bytes)[0m
[0;34m[1784654144.752] [3633:3635] [DMG] 					0x1 = [[0m
[0;34m[1784654144.752] [3633:3635] [DMG] 							0x91, 0xb0, 0xed, 0x81, 0x0b, 0x7c, 0x18, 0xc0, 0xb9, 0xb0, 0xf6, 0x24, 0x20, 0x2f, 0x05, 0xc9, 0x65, 0x6b, 0x57, 0x9a, 0x8a, 0x5a, 0x20, 0xe6, 0x21, 0x06, 0x6b, 0x62, 0x98, 0xa7, 0x74, 0xdd, 0x96, 0xc5, 0x61, 0x13, 0x01, 0x43, 0x4b, 0xc8, 0x69, 0x23, 0x9d, 0x41, 0x75, 0x8b, 0x6a, 0xca, 0xc1, 0xac, 0xe8, 0x0d, 0xe6, 0x72, 0xae, 0xe0, 0x7a, 0xfd, 0x1a, 0xb5, 0xb2, 0x61, 0x2f, 0x67, [0m
[0;34m[1784654144.752] [3633:3635] [DMG] 					] (64 bytes)[0m
[0;34m[1784654144.752] [3633:3635] [DMG] 				},[0m
[0;34m[1784654144.752] [3633:3635] [DMG] 			},[0m
[0;34m[1784654144.752] [3633:3635] [DMG] 			[0m
[0;34m[1784654144.752] [3633:3635] [DMG] 		},[0m
[0;34m[1784654144.752] [3633:3635] [DMG] 		[0m
[0;34m[1784654144.752] [3633:3635] [DMG] 	],[0m
[0;34m[1784654144.752] [3633:3635] [DMG] 	[0m
[0;34m[1784654144.752] [3633:3635] [DMG] 	InteractionModelRevision = 12[0m
[0;34m[1784654144.752] [3633:3635] [DMG] },[0m
[0;32m[1784654144.752] [3633:3635] [DMG] Received Command Response Data, Endpoint=0 Cluster=0x0000_003E Command=0x0000_0005[0m
[0;32m[1784654144.752] [3633:3635] [TOO] Endpoint: 0 Cluster: 0x0000_003E Command 0x0000_0005[0m
[0;32m[1784654144.752] [3633:3635] [TOO]   CSRResponse: {[0m
[0;32m[1784654144.752] [3633:3635] [TOO]     NOCSRElements: 153001CB3081C83070020100300E310C300A060355040A0C034353523059301306072A8648CE3D020106082A8648CE3D03010703420004049BCD54DCF8E0BBBDC966E16313AF383CD2EE5A5C5E056777FCB6B3F4CD8A20D4EBA5EFB6C3BB23C02C58F9537642C01BF872FDB34101CE4FD5EFA62D30AD4AA000300A06082A8648CE3D040302034800304502203A1C76146E82D35F217DBE9576B97B56653C360A1A46013AB4F01CB019541F260221009B68D57742DE45F3A307E3F5E4DD6A2684711552D95CD13D5551A8BF27604AFB30022052F831E67BB9B7E2582FD70C2F520D05A8D6CBB6B9D2A49DB3903580D486FD9D18[0m
[0;32m[1784654144.752] [3633:3635] [TOO]     attestationSignature: 91B0ED810B7C18C0B9B0F624202F05C9656B579A8A5A20E621066B6298A774DD96C5611301434BC869239D41758B6ACAC1ACE80DE672AEE07AFD1AB5B2612F67[0m
[0;32m[1784654144.752] [3633:3635] [TOO]    }[0m
[0;34m[1784654144.752] [3633:3635] [DMG] ICR moving to [AwaitingDe][0m
[0;32m[1784654144.752] [3633:3635] [EM] <<< [E:61867i S:16407 M:161279167 (Ack:220419839)] (S) Msg TX from 000000000001B669 to 1:0000000000000001 [5FFF] [UDP:[fe80::bfe:a203:38f0:bce7%enp0s3]:5540] --- Type 0000:10 (SecureChannel:StandaloneAck) (B:34)[0m
[0;34m[1784654144.753] [3633:3635] [EM] Flushed pending ack for MessageCounter:220419839 on exchange 61867i[0m
[0;34m[1784654144.753] [3633:3633] [CTL] Shutting down the commissioner[0m
[0;32m[1784654144.753] [3633:3633] [PAF] WiFiPAF: Closing all WiFiPAF sessions to shutdown[0m
[0;34m[1784654144.753] [3633:3633] [CTL] Shutting down the controller[0m
[0;34m[1784654144.753] [3633:3633] [IN] Expiring all sessions for fabric 0x1!![0m
[0;34m[1784654144.753] [3633:3633] [IN] SecureSession[0x71c784009cd0]: MarkForEviction Type:2 LSID:16407[0m
[0;32m[1784654144.753] [3633:3633] [SC] SecureSession[0x71c784009cd0, LSID:16407]: State change 'kActive' --> 'kPendingEviction'[0m
[0;34m[1784654144.753] [3633:3633] [IN] SecureSession[0x71c784009cd0]: Released - Type:2 LSID:16407[0m
[0;32m[1784654144.753] [3633:3633] [FP] Forgetting fabric 0x1[0m
[0;32m[1784654144.753] [3633:3633] [TS] Pending Last Known Good Time: 2023-10-14T01:16:48[0m
[0;32m[1784654144.753] [3633:3633] [TS] Previous Last Known Good Time: 2023-10-14T01:16:48[0m
[0;32m[1784654144.753] [3633:3633] [TS] Reverted Last Known Good Time to previous value[0m
[0;34m[1784654144.753] [3633:3633] [CTL] Shutting down the commissioner[0m
[0;32m[1784654144.753] [3633:3633] [PAF] WiFiPAF: Closing all WiFiPAF sessions to shutdown[0m
[0;34m[1784654144.753] [3633:3633] [CTL] Shutting down the controller[0m
[0;34m[1784654144.753] [3633:3633] [CTL] Shutting down the System State, this will teardown the CHIP Stack[0m
[0;34m[1784654144.753] [3633:3633] [DMG] All ReadHandler-s are clean, clear GlobalDirtySet[0m
[0;32m[1784654144.753] [3633:3633] [FP] Shutting down FabricTable[0m
[0;32m[1784654144.753] [3633:3633] [TS] Pending Last Known Good Time: 2023-10-14T01:16:48[0m
[0;32m[1784654144.753] [3633:3633] [TS] Previous Last Known Good Time: 2023-10-14T01:16:48[0m
[0;32m[1784654144.753] [3633:3633] [TS] Reverted Last Known Good Time to previous value[0m
[0;34m[1784654144.755] [3633:3633] [DL] Wrote settings to /tmp/chip_counters.ini[0m
[0;32m[1784654144.755] [3633:3633] [DL] NVS set: chip-counters/total-operational-hours = 0 (0x0)[0m
[0;32m[1784654144.755] [3633:3633] [DL] Inet Layer shutdown[0m
[0;32m[1784654144.755] [3633:3633] [DL] BLE Layer shutdown[0m
[0;32m[1784654144.755] [3633:3633] [DL] WiFi-PAF Layer shutdown[0m
[0;32m[1784654144.755] [3633:3633] [PAF] WiFiPAF: Closing all WiFiPAF sessions to shutdown[0m
[0;32m[1784654144.755] [3633:3633] [DL] System Layer shutdown[0m
