[0;34m[1784654508.389] [5158:5158] [DL] ChipLinuxStorage::Init: Using KVS config file: /tmp/chip_tool_kvs[0m
[1;31m[1784654508.390] [5158:5158] [DL] ChipLinuxStorage::Init: Attempt to re-initialize with KVS config file: /tmp/chip_kvs, IGNORING.[0m
[0;34m[1784654508.391] [5158:5158] [DL] ChipLinuxStorage::Init: Using KVS config file: /tmp/chip_factory.ini[0m
[0;34m[1784654508.391] [5158:5158] [DL] ChipLinuxStorage::Init: Using KVS config file: /tmp/chip_config.ini[0m
[0;34m[1784654508.391] [5158:5158] [DL] ChipLinuxStorage::Init: Using KVS config file: /tmp/chip_counters.ini[0m
[0;34m[1784654508.394] [5158:5158] [DL] Wrote settings to /tmp/chip_counters.ini[0m
[0;32m[1784654508.394] [5158:5158] [DL] NVS set: chip-counters/reboot-count = 6 (0x6)[0m
[0;32m[1784654508.395] [5158:5158] [DL] Got Ethernet interface: enp0s3[0m
[0;32m[1784654508.395] [5158:5158] [DL] Found the primary Ethernet interface:enp0s3[0m
[1;31m[1784654508.395] [5158:5158] [DL] Failed to get WiFi interface[0m
[1;31m[1784654508.395] [5158:5158] [DL] Failed to reset WiFi statistic counts[0m
[0;32m[1784654508.395] [5158:5158] [PAF] WiFiPAF: WiFiPAFLayer::Init()[0m
[0;34m[1784654508.395] [5158:5158] [IN] UDP::Init bind&listen port=0[0m
[0;34m[1784654508.395] [5158:5158] [IN] UDP::Init bound to port=57433[0m
[0;34m[1784654508.395] [5158:5158] [IN] UDP::Init bind&listen port=0[0m
[0;34m[1784654508.395] [5158:5158] [IN] UDP::Init bound to port=50385[0m
[0;34m[1784654508.395] [5158:5158] [IN] BLEBase::Init - setting/overriding transport[0m
[0;34m[1784654508.395] [5158:5158] [IN] WiFiPAFBase::Init - setting/overriding transport[0m
[0;34m[1784654508.395] [5158:5158] [IN] TransportMgr initialized[0m
[0;34m[1784654508.395] [5158:5158] [FP] Initializing FabricTable from persistent storage[0m
[0;32m[1784654508.395] [5158:5158] [TS] Last Known Good Time: 2023-10-14T01:16:48[0m
[0;32m[1784654508.395] [5158:5158] [FP] Fabric index 0x1 was retrieved from storage. Compressed FabricId 0x98760EE571BBA0DC, FabricId 0x0000000000000001, NodeId 0x000000000001B669, VendorId 0xFFF1[0m
[0;32m[1784654508.396] [5158:5158] [DMG] Ember attribute persistence requires setting up[0m
[0;32m[1784654508.396] [5158:5158] [ZCL] Using ZAP configuration...[0m
[0;34m[1784654508.396] [5158:5158] [CTL] System State Initialized...[0m
[0;32m[1784654508.396] [5158:5158] [CTL] Setting attestation nonce to random value[0m
[0;32m[1784654508.396] [5158:5158] [CTL] Setting CSR nonce to random value[0m
[0;34m[1784654508.396] [5158:5160] [DL] CHIP task running[0m
[0;32m[1784654508.397] [5158:5160] [CTL] Setting attestation nonce to random value[0m
[0;32m[1784654508.397] [5158:5160] [CTL] Setting CSR nonce to random value[0m
[0;32m[1784654508.397] [5158:5160] [CTL] Generating NOC[0m
[0;32m[1784654508.397] [5158:5160] [FP] Validating NOC chain[0m
[0;32m[1784654508.397] [5158:5160] [FP] NOC chain validation successful[0m
[0;32m[1784654508.397] [5158:5160] [FP] Updated fabric at index: 0x1, Node ID: 0x000000000001B669[0m
[0;32m[1784654508.397] [5158:5160] [TS] Last Known Good Time: 2023-10-14T01:16:48[0m
[0;32m[1784654508.397] [5158:5160] [TS] New proposed Last Known Good Time: 2021-01-01T00:00:00[0m
[0;32m[1784654508.397] [5158:5160] [TS] Retaining current Last Known Good Time[0m
[0;32m[1784654508.400] [5158:5160] [FP] Metadata for Fabric 0x1 persisted to storage.[0m
[0;32m[1784654508.401] [5158:5160] [TS] Committing Last Known Good Time to storage: 2023-10-14T01:16:48[0m
[0;32m[1784654508.402] [5158:5160] [CTL] Joined the fabric at index 1. Fabric ID is 0x0000000000000001 (Compressed Fabric ID: 98760EE571BBA0DC)[0m
[0;32m[1784654508.408] [5158:5160] [TOO] Sending command to node 0x1[0m
[0;34m[1784654508.408] [5158:5160] [CSM] FindOrEstablishSession: PeerId = [1:0000000000000001][0m
[0;34m[1784654508.408] [5158:5160] [CSM] FindOrEstablishSession: No existing OperationalSessionSetup instance found[0m
[0;34m[1784654508.408] [5158:5160] [DIS] OperationalSessionSetup[1:0000000000000001]: State change 1 --> 2[0m
[0;32m[1784654508.408] [5158:5160] [DIS] Lookup started for 98760EE571BBA0DC-0000000000000001[0m
[0;32m[1784654508.408] [5158:5160] [DIS] UDP:[fe80::bfe:a203:38f0:bce7%enp0s3]:5540: new best score: 7 (for 98760EE571BBA0DC-0000000000000001)[0m
[0;34m[1784654508.408] [5158:5160] [DIS] Lookup clearing interface for non LL address[0m
[0;32m[1784654508.408] [5158:5160] [DIS] UDP:10.0.2.15%enp0s3:5540: new best score: 2 (for 98760EE571BBA0DC-0000000000000001)[0m
[0;32m[1784654508.408] [5158:5160] [DIS] Checking node lookup status for 98760EE571BBA0DC-0000000000000001 after 1 ms[0m
[0;32m[1784654508.408] [5158:5160] [DIS] Keeping DNSSD lookup active[0m
[0;32m[1784654508.409] [5158:5160] [DIS] UDP:[fe80::bfe:a203:38f0:bce7%enp0s3]:5540: score has not improved: 7 (for 98760EE571BBA0DC-0000000000000001)[0m
[0;34m[1784654508.409] [5158:5160] [DIS] Lookup clearing interface for non LL address[0m
[0;32m[1784654508.409] [5158:5160] [DIS] UDP:10.0.2.15%enp0s3:5540: score has not improved: 2 (for 98760EE571BBA0DC-0000000000000001)[0m
[0;32m[1784654508.409] [5158:5160] [DIS] Checking node lookup status for 98760EE571BBA0DC-0000000000000001 after 1 ms[0m
[0;32m[1784654508.409] [5158:5160] [DIS] Keeping DNSSD lookup active[0m
[0;32m[1784654508.616] [5158:5160] [DIS] Checking node lookup status for 98760EE571BBA0DC-0000000000000001 after 208 ms[0m
[0;34m[1784654508.616] [5158:5160] [DIS] OperationalSessionSetup[1:0000000000000001]: Updating device address to UDP:[fe80::bfe:a203:38f0:bce7%enp0s3]:5540 while in state 2[0m
[0;34m[1784654508.616] [5158:5160] [DIS] OperationalSessionSetup[1:0000000000000001]: State change 2 --> 3[0m
[0;34m[1784654508.616] [5158:5160] [IN] SecureSession[0x7bf618009cd0]: Allocated Type:2 LSID:10187[0m
[0;32m[1784654508.616] [5158:5160] [SC] Initiating session on local FabricIndex 1 from 0x000000000001B669 -> 0x0000000000000001[0m
[0;32m[1784654508.617] [5158:5160] [EM] <<< [E:52839i S:0 M:237651760] (U) Msg TX from 8F9E94C00688C512 to 0:0000000000000000 [0000] [UDP:[fe80::bfe:a203:38f0:bce7%enp0s3]:5540] --- Type 0000:30 (SecureChannel:CASE_Sigma1) (B:196)[0m
[0;32m[1784654508.617] [5158:5160] [EM] ??1 [E:52839i S:0 M:237651760] (U) Msg Retransmission to 0:0000000000000000 scheduled for 596ms from now [State:Idle II:500 AI:300 AT:4000][0m
[0;32m[1784654508.617] [5158:5160] [SC] Sent Sigma1 msg to <0000000000000001, 1> [II:500ms AI:300ms AT:4000ms][0m
[0;34m[1784654508.617] [5158:5160] [DIS] OperationalSessionSetup[1:0000000000000001]: State change 3 --> 4[0m
[0;32m[1784654508.620] [5158:5160] [EM] >>> [E:52839i S:0 M:93556196 (Ack:237651760)] (U) Msg RX from 0:0000000000000000 [0000] to 8F9E94C00688C512 --- Type 0000:31 (SecureChannel:CASE_Sigma2) (B:751)[0m
[0;34m[1784654508.620] [5158:5160] [EM] Found matching exchange: 52839i, Delegate: 0x7bf61800b8e8[0m
[0;34m[1784654508.620] [5158:5160] [EM] Rxd Ack; Removing MessageCounter:237651760 from Retrans Table on exchange 52839i[0m
[0;32m[1784654508.620] [5158:5160] [SC] Received Sigma2 msg[0m
[0;34m[1784654508.620] [5158:5160] [SC] Found MRP parameters in the message[0m
[0;34m[1784654508.621] [5158:5160] [SC] Peer <0000000000000001, 1> assigned session ID 50793[0m
[0;34m[1784654508.621] [5158:5160] [SC] Sending Sigma3[0m
[0;32m[1784654508.622] [5158:5160] [EM] <<< [E:52839i S:0 M:237651761 (Ack:93556196)] (U) Msg TX from 8F9E94C00688C512 to 0:0000000000000000 [0000] [UDP:[fe80::bfe:a203:38f0:bce7%enp0s3]:5540] --- Type 0000:32 (SecureChannel:CASE_Sigma3) (B:598)[0m
[0;32m[1784654508.622] [5158:5160] [EM] ??1 [E:52839i S:0 M:237651761] (U) Msg Retransmission to 0:0000000000000000 scheduled for 344ms from now [State:Active II:500 AI:300 AT:4000][0m
[0;32m[1784654508.622] [5158:5160] [SC] Sent Sigma3 msg[0m
[0;32m[1784654508.632] [5158:5160] [EM] >>> [E:52839i S:0 M:93556197 (Ack:237651761)] (U) Msg RX from 0:0000000000000000 [0000] to 8F9E94C00688C512 --- Type 0000:40 (SecureChannel:StatusReport) (B:34)[0m
[0;34m[1784654508.632] [5158:5160] [EM] Found matching exchange: 52839i, Delegate: 0x7bf61800b8e8[0m
[0;34m[1784654508.632] [5158:5160] [EM] Rxd Ack; Removing MessageCounter:237651761 from Retrans Table on exchange 52839i[0m
[0;32m[1784654508.632] [5158:5160] [SC] Success status report received. Session was established[0m
[0;32m[1784654508.633] [5158:5160] [SC] SecureSession[0x7bf618009cd0, LSID:10187]: State change 'kEstablishing' --> 'kActive'[0m
[0;34m[1784654508.633] [5158:5160] [IN] SecureSession[0x7bf618009cd0]: Activated - Type:2 LSID:10187[0m
[0;34m[1784654508.633] [5158:5160] [IN] New secure session activated for device <0000000000000001, 1>, LSID:10187 PSID:50793![0m
[0;34m[1784654508.633] [5158:5160] [DIS] OperationalSessionSetup[1:0000000000000001]: State change 4 --> 5[0m
[0;32m[1784654508.633] [5158:5160] [TOO] Sending cluster (0x0000003E) command (0x00000007) on endpoint 0[0m
[0;34m[1784654508.633] [5158:5160] [DMG] ICR moving to [AddingComm][0m
[0;34m[1784654508.633] [5158:5160] [DMG] ICR moving to [AddedComma][0m
[0;32m[1784654508.633] [5158:5160] [EM] <<< [E:52840i S:10187 M:183437585] (S) Msg TX from 000000000001B669 to 1:0000000000000001 [A0DC] [UDP:[fe80::bfe:a203:38f0:bce7%enp0s3]:5540] --- Type 0001:08 (IM:InvokeCommandRequest) (B:330)[0m
[0;32m[1784654508.634] [5158:5160] [EM] ??1 [E:52840i S:10187 M:183437585] (S) Msg Retransmission to 1:0000000000000001 scheduled for 364ms from now [State:Active II:500 AI:300 AT:4000][0m
[0;34m[1784654508.634] [5158:5160] [DMG] ICR moving to [AwaitingRe][0m
[0;32m[1784654508.634] [5158:5160] [EM] <<< [E:52839i S:0 M:237651762 (Ack:93556197)] (U) Msg TX from 8F9E94C00688C512 to 0:0000000000000000 [0000] [UDP:[fe80::bfe:a203:38f0:bce7%enp0s3]:5540] --- Type 0000:10 (SecureChannel:StandaloneAck) (B:26)[0m
[0;34m[1784654508.634] [5158:5160] [EM] Flushed pending ack for MessageCounter:93556197 on exchange 52839i[0m
[0;32m[1784654508.643] [5158:5160] [EM] >>> [E:52840i S:10187 M:183019100 (Ack:183437585)] (S) Msg RX from 1:0000000000000001 [A0DC] to 000000000001B669 --- Type 0001:09 (IM:InvokeCommandResponse) (B:70)[0m
[0;34m[1784654508.643] [5158:5160] [EM] Found matching exchange: 52840i, Delegate: 0x7bf61800eef8[0m
[0;34m[1784654508.643] [5158:5160] [EM] Rxd Ack; Removing MessageCounter:183437585 from Retrans Table on exchange 52840i[0m
[0;34m[1784654508.643] [5158:5160] [DMG] ICR moving to [ResponseRe][0m
[0;34m[1784654508.643] [5158:5160] [DMG] InvokeResponseMessage =[0m
[0;34m[1784654508.643] [5158:5160] [DMG] {[0m
[0;34m[1784654508.643] [5158:5160] [DMG] 	suppressResponse = false, [0m
[0;34m[1784654508.643] [5158:5160] [DMG] 	InvokeResponseIBs =[0m
[0;34m[1784654508.643] [5158:5160] [DMG] 	[[0m
[0;34m[1784654508.643] [5158:5160] [DMG] 		InvokeResponseIB =[0m
[0;34m[1784654508.643] [5158:5160] [DMG] 		{[0m
[0;34m[1784654508.643] [5158:5160] [DMG] 			CommandDataIB =[0m
[0;34m[1784654508.643] [5158:5160] [DMG] 			{[0m
[0;34m[1784654508.643] [5158:5160] [DMG] 				CommandPathIB =[0m
[0;34m[1784654508.643] [5158:5160] [DMG] 				{[0m
[0;34m[1784654508.643] [5158:5160] [DMG] 					EndpointId = 0x0,[0m
[0;34m[1784654508.643] [5158:5160] [DMG] 					ClusterId = 0x3e,[0m
[0;34m[1784654508.643] [5158:5160] [DMG] 					CommandId = 0x8,[0m
[0;34m[1784654508.643] [5158:5160] [DMG] 				},[0m
[0;34m[1784654508.643] [5158:5160] [DMG] 				[0m
[0;34m[1784654508.643] [5158:5160] [DMG] 				CommandFields = [0m
[0;34m[1784654508.643] [5158:5160] [DMG] 				{[0m
[0;34m[1784654508.643] [5158:5160] [DMG] 					0x0 = 0 (unsigned), [0m
[0;34m[1784654508.643] [5158:5160] [DMG] 					0x1 = 1 (unsigned), [0m
[0;34m[1784654508.643] [5158:5160] [DMG] 				},[0m
[0;34m[1784654508.643] [5158:5160] [DMG] 			},[0m
[0;34m[1784654508.643] [5158:5160] [DMG] 			[0m
[0;34m[1784654508.643] [5158:5160] [DMG] 		},[0m
[0;34m[1784654508.643] [5158:5160] [DMG] 		[0m
[0;34m[1784654508.643] [5158:5160] [DMG] 	],[0m
[0;34m[1784654508.643] [5158:5160] [DMG] 	[0m
[0;34m[1784654508.643] [5158:5160] [DMG] 	InteractionModelRevision = 12[0m
[0;34m[1784654508.643] [5158:5160] [DMG] },[0m
[0;32m[1784654508.643] [5158:5160] [DMG] Received Command Response Data, Endpoint=0 Cluster=0x0000_003E Command=0x0000_0008[0m
[0;32m[1784654508.643] [5158:5160] [TOO] Endpoint: 0 Cluster: 0x0000_003E Command 0x0000_0008[0m
[0;32m[1784654508.643] [5158:5160] [TOO]   NOCResponse: {[0m
[0;32m[1784654508.643] [5158:5160] [TOO]     statusCode: 0[0m
[0;32m[1784654508.643] [5158:5160] [TOO]     fabricIndex: 1[0m
[0;32m[1784654508.643] [5158:5160] [TOO]    }[0m
[0;34m[1784654508.643] [5158:5160] [DMG] ICR moving to [AwaitingDe][0m
[0;32m[1784654508.643] [5158:5160] [EM] <<< [E:52840i S:10187 M:183437586 (Ack:183019100)] (S) Msg TX from 000000000001B669 to 1:0000000000000001 [A0DC] [UDP:[fe80::bfe:a203:38f0:bce7%enp0s3]:5540] --- Type 0000:10 (SecureChannel:StandaloneAck) (B:34)[0m
[0;34m[1784654508.643] [5158:5160] [EM] Flushed pending ack for MessageCounter:183019100 on exchange 52840i[0m
[0;34m[1784654508.643] [5158:5158] [CTL] Shutting down the commissioner[0m
[0;32m[1784654508.643] [5158:5158] [PAF] WiFiPAF: Closing all WiFiPAF sessions to shutdown[0m
[0;34m[1784654508.643] [5158:5158] [CTL] Shutting down the controller[0m
[0;34m[1784654508.643] [5158:5158] [IN] Expiring all sessions for fabric 0x1!![0m
[0;34m[1784654508.643] [5158:5158] [IN] SecureSession[0x7bf618009cd0]: MarkForEviction Type:2 LSID:10187[0m
[0;32m[1784654508.643] [5158:5158] [SC] SecureSession[0x7bf618009cd0, LSID:10187]: State change 'kActive' --> 'kPendingEviction'[0m
[0;34m[1784654508.643] [5158:5158] [IN] SecureSession[0x7bf618009cd0]: Released - Type:2 LSID:10187[0m
[0;32m[1784654508.643] [5158:5158] [FP] Forgetting fabric 0x1[0m
[0;32m[1784654508.643] [5158:5158] [TS] Pending Last Known Good Time: 2023-10-14T01:16:48[0m
[0;32m[1784654508.643] [5158:5158] [TS] Previous Last Known Good Time: 2023-10-14T01:16:48[0m
[0;32m[1784654508.643] [5158:5158] [TS] Reverted Last Known Good Time to previous value[0m
[0;34m[1784654508.643] [5158:5158] [CTL] Shutting down the commissioner[0m
[0;32m[1784654508.643] [5158:5158] [PAF] WiFiPAF: Closing all WiFiPAF sessions to shutdown[0m
[0;34m[1784654508.643] [5158:5158] [CTL] Shutting down the controller[0m
[0;34m[1784654508.643] [5158:5158] [CTL] Shutting down the System State, this will teardown the CHIP Stack[0m
[0;34m[1784654508.643] [5158:5158] [DMG] All ReadHandler-s are clean, clear GlobalDirtySet[0m
[0;32m[1784654508.643] [5158:5158] [FP] Shutting down FabricTable[0m
[0;32m[1784654508.643] [5158:5158] [TS] Pending Last Known Good Time: 2023-10-14T01:16:48[0m
[0;32m[1784654508.643] [5158:5158] [TS] Previous Last Known Good Time: 2023-10-14T01:16:48[0m
[0;32m[1784654508.643] [5158:5158] [TS] Reverted Last Known Good Time to previous value[0m
[0;34m[1784654508.646] [5158:5158] [DL] Wrote settings to /tmp/chip_counters.ini[0m
[0;32m[1784654508.646] [5158:5158] [DL] NVS set: chip-counters/total-operational-hours = 0 (0x0)[0m
[0;32m[1784654508.646] [5158:5158] [DL] Inet Layer shutdown[0m
[0;32m[1784654508.646] [5158:5158] [DL] BLE Layer shutdown[0m
[0;32m[1784654508.646] [5158:5158] [DL] WiFi-PAF Layer shutdown[0m
[0;32m[1784654508.646] [5158:5158] [PAF] WiFiPAF: Closing all WiFiPAF sessions to shutdown[0m
[0;32m[1784654508.646] [5158:5158] [DL] System Layer shutdown[0m
