[0;34m[1784834519.683] [15645:15645] [DL] ChipLinuxStorage::Init: Using KVS config file: /tmp/chip_tool_kvs[0m
[1;31m[1784834519.684] [15645:15645] [DL] ChipLinuxStorage::Init: Attempt to re-initialize with KVS config file: /tmp/chip_kvs, IGNORING.[0m
[0;34m[1784834519.685] [15645:15645] [DL] ChipLinuxStorage::Init: Using KVS config file: /tmp/chip_factory.ini[0m
[0;34m[1784834519.685] [15645:15645] [DL] ChipLinuxStorage::Init: Using KVS config file: /tmp/chip_config.ini[0m
[0;34m[1784834519.685] [15645:15645] [DL] ChipLinuxStorage::Init: Using KVS config file: /tmp/chip_counters.ini[0m
[0;34m[1784834519.690] [15645:15645] [DL] Wrote settings to /tmp/chip_counters.ini[0m
[0;32m[1784834519.690] [15645:15645] [DL] NVS set: chip-counters/reboot-count = 3 (0x3)[0m
[0;32m[1784834519.690] [15645:15645] [DL] Got Ethernet interface: enp0s3[0m
[0;32m[1784834519.690] [15645:15645] [DL] Found the primary Ethernet interface:enp0s3[0m
[1;31m[1784834519.690] [15645:15645] [DL] Failed to get WiFi interface[0m
[1;31m[1784834519.690] [15645:15645] [DL] Failed to reset WiFi statistic counts[0m
[0;32m[1784834519.690] [15645:15645] [PAF] WiFiPAF: WiFiPAFLayer::Init()[0m
[0;34m[1784834519.690] [15645:15645] [IN] UDP::Init bind&listen port=0[0m
[0;34m[1784834519.690] [15645:15645] [IN] UDP::Init bound to port=52664[0m
[0;34m[1784834519.690] [15645:15645] [IN] UDP::Init bind&listen port=0[0m
[0;34m[1784834519.690] [15645:15645] [IN] UDP::Init bound to port=36184[0m
[0;34m[1784834519.690] [15645:15645] [IN] BLEBase::Init - setting/overriding transport[0m
[0;34m[1784834519.690] [15645:15645] [IN] WiFiPAFBase::Init - setting/overriding transport[0m
[0;34m[1784834519.690] [15645:15645] [IN] TransportMgr initialized[0m
[0;34m[1784834519.690] [15645:15645] [FP] Initializing FabricTable from persistent storage[0m
[0;32m[1784834519.690] [15645:15645] [TS] Last Known Good Time: 2023-10-14T01:16:48[0m
[0;32m[1784834519.691] [15645:15645] [FP] Fabric index 0x1 was retrieved from storage. Compressed FabricId 0x4476EB366A91AA18, FabricId 0x0000000000000001, NodeId 0x000000000001B669, VendorId 0xFFF1[0m
[0;32m[1784834519.691] [15645:15645] [DMG] Ember attribute persistence requires setting up[0m
[0;32m[1784834519.691] [15645:15645] [ZCL] Using ZAP configuration...[0m
[0;34m[1784834519.692] [15645:15645] [CTL] System State Initialized...[0m
[0;32m[1784834519.692] [15645:15645] [CTL] Setting attestation nonce to random value[0m
[0;32m[1784834519.692] [15645:15645] [CTL] Setting CSR nonce to random value[0m
[0;34m[1784834519.692] [15645:15647] [DL] CHIP task running[0m
[0;32m[1784834519.692] [15645:15647] [CTL] Setting attestation nonce to random value[0m
[0;32m[1784834519.692] [15645:15647] [CTL] Setting CSR nonce to random value[0m
[0;32m[1784834519.692] [15645:15647] [CTL] Generating NOC[0m
[0;32m[1784834519.692] [15645:15647] [FP] Validating NOC chain[0m
[0;32m[1784834519.693] [15645:15647] [FP] NOC chain validation successful[0m
[0;32m[1784834519.693] [15645:15647] [FP] Updated fabric at index: 0x1, Node ID: 0x000000000001B669[0m
[0;32m[1784834519.693] [15645:15647] [TS] Last Known Good Time: 2023-10-14T01:16:48[0m
[0;32m[1784834519.693] [15645:15647] [TS] New proposed Last Known Good Time: 2021-01-01T00:00:00[0m
[0;32m[1784834519.693] [15645:15647] [TS] Retaining current Last Known Good Time[0m
[0;32m[1784834519.695] [15645:15647] [FP] Metadata for Fabric 0x1 persisted to storage.[0m
[0;32m[1784834519.696] [15645:15647] [TS] Committing Last Known Good Time to storage: 2023-10-14T01:16:48[0m
[0;32m[1784834519.697] [15645:15647] [CTL] Joined the fabric at index 1. Fabric ID is 0x0000000000000001 (Compressed Fabric ID: 4476EB366A91AA18)[0m
[0;32m[1784834519.702] [15645:15647] [TOO] Sending command to node 0x1[0m
[0;34m[1784834519.702] [15645:15647] [CSM] FindOrEstablishSession: PeerId = [1:0000000000000001][0m
[0;34m[1784834519.702] [15645:15647] [CSM] FindOrEstablishSession: No existing OperationalSessionSetup instance found[0m
[0;34m[1784834519.702] [15645:15647] [DIS] OperationalSessionSetup[1:0000000000000001]: State change 1 --> 2[0m
[0;32m[1784834519.702] [15645:15647] [DIS] Lookup started for 4476EB366A91AA18-0000000000000001[0m
[0;32m[1784834519.702] [15645:15647] [DIS] UDP:[fe80::bfe:a203:38f0:bce7%enp0s3]:5540: new best score: 7 (for 4476EB366A91AA18-0000000000000001)[0m
[0;34m[1784834519.702] [15645:15647] [DIS] Lookup clearing interface for non LL address[0m
[0;32m[1784834519.702] [15645:15647] [DIS] UDP:10.0.2.15%enp0s3:5540: new best score: 2 (for 4476EB366A91AA18-0000000000000001)[0m
[0;32m[1784834519.702] [15645:15647] [DIS] Checking node lookup status for 4476EB366A91AA18-0000000000000001 after 1 ms[0m
[0;32m[1784834519.702] [15645:15647] [DIS] Keeping DNSSD lookup active[0m
[0;32m[1784834519.702] [15645:15647] [DIS] UDP:[fe80::bfe:a203:38f0:bce7%enp0s3]:5540: score has not improved: 7 (for 4476EB366A91AA18-0000000000000001)[0m
[0;34m[1784834519.702] [15645:15647] [DIS] Lookup clearing interface for non LL address[0m
[0;32m[1784834519.702] [15645:15647] [DIS] UDP:10.0.2.15%enp0s3:5540: score has not improved: 2 (for 4476EB366A91AA18-0000000000000001)[0m
[0;32m[1784834519.702] [15645:15647] [DIS] Checking node lookup status for 4476EB366A91AA18-0000000000000001 after 1 ms[0m
[0;32m[1784834519.702] [15645:15647] [DIS] Keeping DNSSD lookup active[0m
[0;32m[1784834519.903] [15645:15647] [DIS] Checking node lookup status for 4476EB366A91AA18-0000000000000001 after 201 ms[0m
[0;34m[1784834519.903] [15645:15647] [DIS] OperationalSessionSetup[1:0000000000000001]: Updating device address to UDP:[fe80::bfe:a203:38f0:bce7%enp0s3]:5540 while in state 2[0m
[0;34m[1784834519.903] [15645:15647] [DIS] OperationalSessionSetup[1:0000000000000001]: State change 2 --> 3[0m
[0;34m[1784834519.903] [15645:15647] [IN] SecureSession[0x7225f8009cd0]: Allocated Type:2 LSID:13731[0m
[0;32m[1784834519.903] [15645:15647] [SC] Initiating session on local FabricIndex 1 from 0x000000000001B669 -> 0x0000000000000001[0m
[0;32m[1784834519.903] [15645:15647] [EM] <<< [E:54783i S:0 M:172058591] (U) Msg TX from 61DBB0C83B4B57FC to 0:0000000000000000 [0000] [UDP:[fe80::bfe:a203:38f0:bce7%enp0s3]:5540] --- Type 0000:30 (SecureChannel:CASE_Sigma1) (B:196)[0m
[0;32m[1784834519.904] [15645:15647] [EM] ??1 [E:54783i S:0 M:172058591] (U) Msg Retransmission to 0:0000000000000000 scheduled for 648ms from now [State:Idle II:500 AI:300 AT:4000][0m
[0;32m[1784834519.904] [15645:15647] [SC] Sent Sigma1 msg to <0000000000000001, 1> [II:500ms AI:300ms AT:4000ms][0m
[0;34m[1784834519.904] [15645:15647] [DIS] OperationalSessionSetup[1:0000000000000001]: State change 3 --> 4[0m
[0;32m[1784834519.907] [15645:15647] [EM] >>> [E:54783i S:0 M:146095695 (Ack:172058591)] (U) Msg RX from 0:0000000000000000 [0000] to 61DBB0C83B4B57FC --- Type 0000:31 (SecureChannel:CASE_Sigma2) (B:751)[0m
[0;34m[1784834519.907] [15645:15647] [EM] Found matching exchange: 54783i, Delegate: 0x7225f800b8e8[0m
[0;34m[1784834519.907] [15645:15647] [EM] Rxd Ack; Removing MessageCounter:172058591 from Retrans Table on exchange 54783i[0m
[0;32m[1784834519.907] [15645:15647] [SC] Received Sigma2 msg[0m
[0;34m[1784834519.907] [15645:15647] [SC] Found MRP parameters in the message[0m
[0;34m[1784834519.908] [15645:15647] [SC] Peer <0000000000000001, 1> assigned session ID 30269[0m
[0;34m[1784834519.908] [15645:15647] [SC] Sending Sigma3[0m
[0;32m[1784834519.908] [15645:15647] [EM] <<< [E:54783i S:0 M:172058592 (Ack:146095695)] (U) Msg TX from 61DBB0C83B4B57FC to 0:0000000000000000 [0000] [UDP:[fe80::bfe:a203:38f0:bce7%enp0s3]:5540] --- Type 0000:32 (SecureChannel:CASE_Sigma3) (B:598)[0m
[0;32m[1784834519.908] [15645:15647] [EM] ??1 [E:54783i S:0 M:172058592] (U) Msg Retransmission to 0:0000000000000000 scheduled for 370ms from now [State:Active II:500 AI:300 AT:4000][0m
[0;32m[1784834519.908] [15645:15647] [SC] Sent Sigma3 msg[0m
[0;32m[1784834519.922] [15645:15647] [EM] >>> [E:54783i S:0 M:146095696 (Ack:172058592)] (U) Msg RX from 0:0000000000000000 [0000] to 61DBB0C83B4B57FC --- Type 0000:40 (SecureChannel:StatusReport) (B:34)[0m
[0;34m[1784834519.922] [15645:15647] [EM] Found matching exchange: 54783i, Delegate: 0x7225f800b8e8[0m
[0;34m[1784834519.922] [15645:15647] [EM] Rxd Ack; Removing MessageCounter:172058592 from Retrans Table on exchange 54783i[0m
[0;32m[1784834519.922] [15645:15647] [SC] Success status report received. Session was established[0m
[0;32m[1784834519.923] [15645:15647] [SC] SecureSession[0x7225f8009cd0, LSID:13731]: State change 'kEstablishing' --> 'kActive'[0m
[0;34m[1784834519.923] [15645:15647] [IN] SecureSession[0x7225f8009cd0]: Activated - Type:2 LSID:13731[0m
[0;34m[1784834519.923] [15645:15647] [IN] New secure session activated for device <0000000000000001, 1>, LSID:13731 PSID:30269![0m
[0;34m[1784834519.923] [15645:15647] [DIS] OperationalSessionSetup[1:0000000000000001]: State change 4 --> 5[0m
[0;32m[1784834519.923] [15645:15647] [TOO] Sending cluster (0x00000038) command (0x00000000) on endpoint 0[0m
[0;34m[1784834519.923] [15645:15647] [DMG] ICR moving to [AddingComm][0m
[0;34m[1784834519.924] [15645:15647] [DMG] ICR moving to [AddedComma][0m
[0;32m[1784834519.924] [15645:15647] [EM] <<< [E:54784i S:13731 M:34875823] (S) Msg TX from 000000000001B669 to 1:0000000000000001 [AA18] [UDP:[fe80::bfe:a203:38f0:bce7%enp0s3]:5540] --- Type 0001:08 (IM:InvokeCommandRequest) (B:72)[0m
[0;32m[1784834519.924] [15645:15647] [EM] ??1 [E:54784i S:13731 M:34875823] (S) Msg Retransmission to 1:0000000000000001 scheduled for 411ms from now [State:Active II:500 AI:300 AT:4000][0m
[0;34m[1784834519.924] [15645:15647] [DMG] ICR moving to [AwaitingRe][0m
[0;32m[1784834519.924] [15645:15647] [EM] <<< [E:54783i S:0 M:172058593 (Ack:146095696)] (U) Msg TX from 61DBB0C83B4B57FC to 0:0000000000000000 [0000] [UDP:[fe80::bfe:a203:38f0:bce7%enp0s3]:5540] --- Type 0000:10 (SecureChannel:StandaloneAck) (B:26)[0m
[0;34m[1784834519.924] [15645:15647] [EM] Flushed pending ack for MessageCounter:146095696 on exchange 54783i[0m
[0;32m[2524608000.001] [15645:15647] [EM] >>> [E:54784i S:13731 M:216895672 (Ack:34875823)] (S) Msg RX from 1:0000000000000001 [AA18] to 000000000001B669 --- Type 0001:09 (IM:InvokeCommandResponse) (B:67)[0m
[0;34m[2524608000.001] [15645:15647] [EM] Found matching exchange: 54784i, Delegate: 0x7225f800eef8[0m
[0;34m[2524608000.001] [15645:15647] [EM] Rxd Ack; Removing MessageCounter:34875823 from Retrans Table on exchange 54784i[0m
[0;34m[2524608000.001] [15645:15647] [DMG] ICR moving to [ResponseRe][0m
[0;34m[2524608000.001] [15645:15647] [DMG] InvokeResponseMessage =[0m
[0;34m[2524608000.001] [15645:15647] [DMG] {[0m
[0;34m[2524608000.001] [15645:15647] [DMG] 	suppressResponse = false, [0m
[0;34m[2524608000.001] [15645:15647] [DMG] 	InvokeResponseIBs =[0m
[0;34m[2524608000.001] [15645:15647] [DMG] 	[[0m
[0;34m[2524608000.001] [15645:15647] [DMG] 		InvokeResponseIB =[0m
[0;34m[2524608000.001] [15645:15647] [DMG] 		{[0m
[0;34m[2524608000.001] [15645:15647] [DMG] 			CommandStatusIB =[0m
[0;34m[2524608000.001] [15645:15647] [DMG] 			{[0m
[0;34m[2524608000.001] [15645:15647] [DMG] 				CommandPathIB =[0m
[0;34m[2524608000.001] [15645:15647] [DMG] 				{[0m
[0;34m[2524608000.001] [15645:15647] [DMG] 					EndpointId = 0x0,[0m
[0;34m[2524608000.001] [15645:15647] [DMG] 					ClusterId = 0x38,[0m
[0;34m[2524608000.001] [15645:15647] [DMG] 					CommandId = 0x0,[0m
[0;34m[2524608000.001] [15645:15647] [DMG] 				},[0m
[0;34m[2524608000.001] [15645:15647] [DMG] 				[0m
[0;34m[2524608000.001] [15645:15647] [DMG] 				StatusIB =[0m
[0;34m[2524608000.001] [15645:15647] [DMG] 				{[0m
[0;34m[2524608000.001] [15645:15647] [DMG] 					status = 0x00 (SUCCESS),[0m
[0;34m[2524608000.001] [15645:15647] [DMG] 				},[0m
[0;34m[2524608000.001] [15645:15647] [DMG] 				[0m
[0;34m[2524608000.001] [15645:15647] [DMG] 			},[0m
[0;34m[2524608000.001] [15645:15647] [DMG] 			[0m
[0;34m[2524608000.001] [15645:15647] [DMG] 		},[0m
[0;34m[2524608000.001] [15645:15647] [DMG] 		[0m
[0;34m[2524608000.001] [15645:15647] [DMG] 	],[0m
[0;34m[2524608000.001] [15645:15647] [DMG] 	[0m
[0;34m[2524608000.001] [15645:15647] [DMG] 	InteractionModelRevision = 12[0m
[0;34m[2524608000.001] [15645:15647] [DMG] },[0m
[0;32m[2524608000.001] [15645:15647] [DMG] Received Command Response Status for Endpoint=0 Cluster=0x0000_0038 Command=0x0000_0000 Status=0x0[0m
[0;34m[2524608000.001] [15645:15647] [DMG] ICR moving to [AwaitingDe][0m
[0;32m[2524608000.001] [15645:15647] [EM] <<< [E:54784i S:13731 M:34875824 (Ack:216895672)] (S) Msg TX from 000000000001B669 to 1:0000000000000001 [AA18] [UDP:[fe80::bfe:a203:38f0:bce7%enp0s3]:5540] --- Type 0000:10 (SecureChannel:StandaloneAck) (B:34)[0m
[0;34m[2524608000.002] [15645:15647] [EM] Flushed pending ack for MessageCounter:216895672 on exchange 54784i[0m
[0;34m[2524608000.002] [15645:15645] [CTL] Shutting down the commissioner[0m
[0;32m[2524608000.002] [15645:15645] [PAF] WiFiPAF: Closing all WiFiPAF sessions to shutdown[0m
[0;34m[2524608000.002] [15645:15645] [CTL] Shutting down the controller[0m
[0;34m[2524608000.002] [15645:15645] [IN] Expiring all sessions for fabric 0x1!![0m
[0;34m[2524608000.002] [15645:15645] [IN] SecureSession[0x7225f8009cd0]: MarkForEviction Type:2 LSID:13731[0m
[0;32m[2524608000.002] [15645:15645] [SC] SecureSession[0x7225f8009cd0, LSID:13731]: State change 'kActive' --> 'kPendingEviction'[0m
[0;34m[2524608000.002] [15645:15645] [IN] SecureSession[0x7225f8009cd0]: Released - Type:2 LSID:13731[0m
[0;32m[2524608000.002] [15645:15645] [FP] Forgetting fabric 0x1[0m
[0;32m[2524608000.002] [15645:15645] [TS] Pending Last Known Good Time: 2023-10-14T01:16:48[0m
[0;32m[2524608000.002] [15645:15645] [TS] Previous Last Known Good Time: 2023-10-14T01:16:48[0m
[0;32m[2524608000.002] [15645:15645] [TS] Reverted Last Known Good Time to previous value[0m
[0;34m[2524608000.002] [15645:15645] [CTL] Shutting down the commissioner[0m
[0;32m[2524608000.002] [15645:15645] [PAF] WiFiPAF: Closing all WiFiPAF sessions to shutdown[0m
[0;34m[2524608000.002] [15645:15645] [CTL] Shutting down the controller[0m
[0;34m[2524608000.002] [15645:15645] [CTL] Shutting down the System State, this will teardown the CHIP Stack[0m
[0;34m[2524608000.002] [15645:15645] [DMG] All ReadHandler-s are clean, clear GlobalDirtySet[0m
[0;32m[2524608000.002] [15645:15645] [FP] Shutting down FabricTable[0m
[0;32m[2524608000.002] [15645:15645] [TS] Pending Last Known Good Time: 2023-10-14T01:16:48[0m
[0;32m[2524608000.002] [15645:15645] [TS] Previous Last Known Good Time: 2023-10-14T01:16:48[0m
[0;32m[2524608000.002] [15645:15645] [TS] Reverted Last Known Good Time to previous value[0m
[0;34m[2524608000.008] [15645:15645] [DL] Wrote settings to /tmp/chip_counters.ini[0m
[0;32m[2524608000.008] [15645:15645] [DL] NVS set: chip-counters/total-operational-hours = 0 (0x0)[0m
[0;32m[2524608000.008] [15645:15645] [DL] Inet Layer shutdown[0m
[0;32m[2524608000.008] [15645:15645] [DL] BLE Layer shutdown[0m
[0;32m[2524608000.008] [15645:15645] [DL] WiFi-PAF Layer shutdown[0m
[0;32m[2524608000.008] [15645:15645] [PAF] WiFiPAF: Closing all WiFiPAF sessions to shutdown[0m
[0;32m[2524608000.008] [15645:15645] [DL] System Layer shutdown[0m
